[00:16:41] 🚀 BMS DAILY TRACKER STARTED (enhanced anti‑detection)
[00:16:41] [1/445] TGMR
[00:16:42] 🧠 New identity created
[00:16:42] [2/445] CXKR
[00:16:43] [3/445] SROP
[00:16:44] [4/445] GTSV
[00:16:45] [5/445] SNTY
[00:16:46] [6/445] SMYY
[00:16:46] [7/445] CNCS
[00:16:47] [8/445] CSTM
[00:16:48] [9/445] NUCD
[00:16:49] [10/445] SHCZ
[00:16:50] 🔄 Identity reset
[00:16:50] 🔄 Identity rotated (every 10 requests)
[00:16:50] [11/445] NJCT
[00:16:52] [12/445] COPC
[00:16:53] [13/445] STVV
[00:16:54] [14/445] SKRN
[00:16:54] [15/445] APPZ
[00:16:55] [16/445] YMGN
[00:16:56] [17/445] SVTU
[00:16:57] [18/445] GTAD
[00:16:58] [19/445] PSUS
[00:16:59] [20/445] SMCD
[00:17:00] 🔄 Identity reset
[00:17:00] 🔄 Identity rotated (every 10 requests)
[00:17:00] [21/445] CMCM
[00:17:01] [22/445] SYCT
[00:17:02] [23/445] STLY
[00:17:03] [24/445] CMHU
[00:17:04] [25/445] CMSA
[00:17:05] [26/445] CLCU
[00:17:06] [27/445] PPNT
[00:17:06] [28/445] JTAB
[00:17:08] [29/445] BUUC
[00:17:08] [30/445] BSVK
[00:17:09] 🔄 Identity reset
[00:17:09] 🔄 Identity rotated (every 10 requests)
[00:17:09] [31/445] VVVQ
[00:17:10] [32/445] TKMU
[00:17:11] [33/445] ESYL
[00:17:12] [34/445] ACHP
[00:17:13] [35/445] BTKD
[00:17:14] [36/445] DESA
[00:17:15] [37/445] GBCT
[00:17:15] [38/445] BLLD
[00:17:16] [39/445] SKNT
[00:17:18] [40/445] SSTE
[00:17:18] 🔄 Identity reset
[00:17:18] 🔄 Identity rotated (every 10 requests)
[00:17:19] [41/445] VJMR
[00:17:19] [42/445] NTPU
[00:17:20] [43/445] RDKN
[00:17:21] [44/445] ADGC
[00:17:22] [45/445] VRBP
[00:17:23] [46/445] NMNA
[00:17:24] [47/445] CMMX
[00:17:25] [48/445] PTKO
[00:17:25] [49/445] RBML
[00:17:26] [50/445] SAIC
[00:17:27] 🔄 Identity reset
[00:17:27] 🔄 Identity rotated (every 10 requests)
[00:17:27] [51/445] SVTJ
[00:17:28] [52/445] MRTE
[00:17:29] [53/445] RBTP
[00:17:30] [54/445] NLPS
[00:17:31] [55/445] GTNA
[00:17:32] [56/445] DGGC
[00:17:33] [57/445] SMCR
[00:17:34] [58/445] SCGD
[00:17:35] [59/445] SRRJ
[00:17:36] [60/445] CNRY
[00:17:36] 🔄 Identity reset
[00:17:36] 🔄 Identity rotated (every 10 requests)
[00:17:36] [61/445] KTDI
[00:17:37] [62/445] SNJL
[00:17:38] [63/445] RKMD
[00:17:39] [64/445] SMDC
[00:17:40] [65/445] TADG
[00:17:42] [66/445] MCGS
[00:17:42] [67/445] PETK
[00:17:43] [68/445] CHAG
[00:17:44] [69/445] KSTL
[00:17:44] [70/445] AADS
[00:17:45] 🔄 Identity reset
[00:17:45] 🔄 Identity rotated (every 10 requests)
[00:17:45] [71/445] NTHZ
[00:17:46] [72/445] HCKI
[00:17:47] [73/445] SSEF
[00:17:48] [74/445] MCGX
[00:17:49] [75/445] ERRA
[00:17:49] [76/445] SDTW
[00:17:50] [77/445] RMPK
[00:17:51] [78/445] PTHK
[00:17:52] [79/445] PXCS
[00:17:52] [80/445] SVLU
[00:17:53] 🔄 Identity reset
[00:17:53] 🔄 Identity rotated (every 10 requests)
[00:17:53] [81/445] STAH
[00:17:54] [82/445] JRGF
[00:17:55] [83/445] CDOK
[00:17:56] [84/445] CMSG
[00:17:56] [85/445] APTD
[00:17:57] [86/445] KMPG
[00:17:58] [87/445] MUTJ
[00:18:00] [88/445] VCCI
[00:18:00] [89/445] URBE
[00:18:01] [90/445] TCTS
[00:18:02] 🔄 Identity reset
[00:18:02] 🔄 Identity rotated (every 10 requests)
[00:18:02] [91/445] STSN
[00:18:03] [92/445] AKCH
[00:18:04] [93/445] APSC
[00:18:06] [94/445] VLTB
[00:18:06] [95/445] SANU
[00:18:08] [96/445] AXAM
[00:18:09] [97/445] MGMG
[00:18:10] [98/445] HTBY
[00:18:10] [99/445] MMZS
[00:18:11] [100/445] SUDR
[00:18:12] 🔄 Identity reset
[00:18:12] 🔄 Identity rotated (every 10 requests)
[00:18:12] [101/445] CCAD
[00:18:13] [102/445] SKKC
[00:18:14] [103/445] RMCD
[00:18:14] [104/445] SBCQ
[00:18:15] [105/445] DCCT
[00:18:16] [106/445] VTKP
[00:18:17] [107/445] MLAM
[00:18:18] [108/445] SAVT
[00:18:19] [109/445] GEPL
[00:18:19] [110/445] AMCD
[00:18:20] 🔄 Identity reset
[00:18:20] 🔄 Identity rotated (every 10 requests)
[00:18:22] [111/445] CCXR
[00:18:23] [112/445] GRNG
[00:18:24] [113/445] EBCA
[00:18:24] [114/445] CNVG
[00:18:25] [115/445] MWSS
[00:18:26] [116/445] VBOR
[00:18:27] [117/445] NEEB
[00:18:28] [118/445] SUTH
[00:18:29] [119/445] ANDB
[00:18:30] [120/445] MMXS
[00:18:31] 🔄 Identity reset
[00:18:31] 🔄 Identity rotated (every 10 requests)
[00:18:31] [121/445] CNPD
[00:18:32] [122/445] SDCE
[00:18:33] [123/445] DHCB
[00:18:34] [124/445] ODEN
[00:18:34] [125/445] TNTC
[00:18:35] [126/445] VBKM
[00:18:36] [127/445] RZYM
[00:18:37] [128/445] JEMC
[00:18:38] [129/445] CMAU
[00:18:39] [130/445] SIVP
[00:18:40] 🔄 Identity reset
[00:18:40] 🔄 Identity rotated (every 10 requests)
[00:18:40] [131/445] ATAG
[00:18:41] [132/445] CHTM
[00:18:42] [133/445] AAEE
[00:18:42] [134/445] IWPM
[00:18:43] [135/445] KCMW
[00:18:44] [136/445] MCTD
[00:18:45] [137/445] SPWR
[00:18:46] [138/445] SDPO
[00:18:47] [139/445] PCSK
[00:18:48] [140/445] ACHV
[00:18:48] 🔄 Identity reset
[00:18:48] 🔄 Identity rotated (every 10 requests)
[00:18:48] [141/445] SVLA
[00:18:49] [142/445] PICT
[00:18:50] [143/445] BXDR
[00:18:51] [144/445] SPWA
[00:18:52] [145/445] MCKO
[00:18:53] [146/445] RTHK
[00:18:54] [147/445] CCMF
[00:18:55] [148/445] MRGB
[00:18:56] [149/445] CPLC
[00:18:57] [150/445] RACD
[00:18:58] 🔄 Identity reset
[00:18:58] 🔄 Identity rotated (every 10 requests)
[00:18:58] [151/445] ATKT
[00:18:59] [152/445] SARN
[00:19:00] [153/445] KKUI
[00:19:01] [154/445] RGCM
[00:19:02] [155/445] BRVP
[00:19:03] [156/445] HRSR
[00:19:03] [157/445] GKGM
[00:19:04] [158/445] TTCD
[00:19:04] [159/445] PTTI
[00:19:05] [160/445] MPTT
[00:19:06] 🔄 Identity reset
[00:19:06] 🔄 Identity rotated (every 10 requests)
[00:19:06] [161/445] CVTT
[00:19:07] [162/445] PCXD
[00:19:08] [163/445] GCDC
[00:19:08] [164/445] CCCF
[00:19:09] [165/445] MRAD
[00:19:10] [166/445] CPLK
[00:19:11] [167/445] SATB
[00:19:12] [168/445] SNVG
[00:19:12] [169/445] JMBA
[00:19:13] [170/445] TEJA
[00:19:14] 🔄 Identity reset
[00:19:14] 🔄 Identity rotated (every 10 requests)
[00:19:14] [171/445] STYO
[00:19:15] [172/445] JTBP
[00:19:16] [173/445] KRGD
[00:19:17] [174/445] SLJJ
[00:19:18] [175/445] SPTJ
[00:19:18] [176/445] SWJG
[00:19:19] [177/445] LKRT
[00:19:20] [178/445] KCKA
[00:19:22] [179/445] SNCR
[00:19:22] [180/445] SMKL
[00:19:23] 🔄 Identity reset
[00:19:23] 🔄 Identity rotated (every 10 requests)
[00:19:23] [181/445] GCFA
[00:19:24] [182/445] DDCK
[00:19:25] [183/445] NCHJ
[00:19:27] [184/445] RDMA
[00:19:27] [185/445] SVSV
[00:19:28] [186/445] SCJG
[00:19:29] [187/445] VKLP
[00:19:30] [188/445] NWCC
[00:19:30] [189/445] VKNS
[00:19:31] [190/445] SDDP
[00:19:31] 🔄 Identity reset
[00:19:31] 🔄 Identity rotated (every 10 requests)
[00:19:32] [191/445] ACSI
[00:19:32] [192/445] SATG
[00:19:33] [193/445] SCMW
[00:19:34] [194/445] LKTK
[00:19:34] [195/445] VCKV
[00:19:36] [196/445] KKPE
[00:19:36] [197/445] KIGH
[00:19:38] [198/445] SRPM
[00:19:38] [199/445] SCAH
[00:19:39] [200/445] MUTA
[00:19:40] 🔄 Identity reset
[00:19:40] 🔄 Identity rotated (every 10 requests)
[00:19:40] [201/445] SEPU
[00:19:42] [202/445] INOA
[00:19:42] [203/445] BASK
[00:19:43] [204/445] NECB
[00:19:44] [205/445] GTTG
[00:19:45] [206/445] ASSA
[00:19:46] [207/445] ANCL
[00:19:47] [208/445] GCTI
[00:19:47] [209/445] RCTS
[00:19:48] [210/445] ACNL
[00:19:49] 🔄 Identity reset
[00:19:49] 🔄 Identity rotated (every 10 requests)
[00:19:49] [211/445] MYCT
[00:19:50] [212/445] NMHT
[00:19:51] [213/445] MDIT
[00:19:51] [214/445] LATG
[00:19:52] [215/445] SMTY
[00:19:53] [216/445] CVCT
[00:19:54] [217/445] RAMB
[00:19:54] [218/445] TGMS
[00:19:55] [219/445] BHEL
[00:19:56] [220/445] SHCT
[00:19:56] 🔄 Identity reset
[00:19:56] 🔄 Identity rotated (every 10 requests)
[00:19:57] [221/445] SVCT
[00:19:57] [222/445] MRIY
[00:19:58] [223/445] SARO
[00:19:59] [224/445] STCT
[00:19:59] [225/445] JKKC
[00:20:00] [226/445] PLTT
[00:20:01] [227/445] SRNT
[00:20:01] [228/445] YAST
[00:20:03] [229/445] PERL
[00:20:04] [230/445] CICM
[00:20:04] 🔄 Identity reset
[00:20:04] 🔄 Identity rotated (every 10 requests)
[00:20:04] [231/445] MMTR
[00:20:05] [232/445] ABTK
[00:20:06] [233/445] ATYY
[00:20:07] [234/445] ASTK
[00:20:08] [235/445] VVCK
[00:20:08] [236/445] ATKY
[00:20:09] [237/445] GWEK
[00:20:10] [238/445] SVFH
[00:20:12] [239/445] SLTA
[00:20:12] [240/445] AASH
[00:20:13] 🔄 Identity reset
[00:20:13] 🔄 Identity rotated (every 10 requests)
[00:20:13] 🔄 Retry 1/5 for AASH in 2.6s
[00:20:13] 🔄 Identity reset
[00:20:15] 🧠 New identity created
[00:20:16] [241/445] ACXB
[00:20:16] [242/445] SMTX
[00:20:17] [243/445] AZDH
[00:20:18] [244/445] CMMH
[00:20:18] [245/445] SCSZ
[00:20:19] [246/445] SCKP
[00:20:20] [247/445] NXTM
[00:20:21] [248/445] NWCS
[00:20:22] [249/445] CXMH
[00:20:23] 🔄 Identity reset
[00:20:23] 🔄 Identity rotated (every 10 requests)
[00:20:23] [250/445] PCMA
[00:20:24] [251/445] SGCM
[00:20:25] [252/445] SDTU
[00:20:25] [253/445] MMVI
[00:20:26] [254/445] JKCM
[00:20:27] [255/445] VCMM
[00:20:28] [256/445] SYEE
[00:20:29] [257/445] VASD
[00:20:30] [258/445] BDRB
[00:20:31] [259/445] LASM
[00:20:31] 🔄 Identity reset
[00:20:31] 🔄 Identity rotated (every 10 requests)
[00:20:31] [260/445] DCRL
[00:20:32] [261/445] DVPM
[00:20:33] [262/445] SBMJ
[00:20:33] [263/445] CBMU
[00:20:34] [264/445] IUBS
[00:20:35] [265/445] INAP
[00:20:36] [266/445] SRRC
[00:20:36] [267/445] SAGR
[00:20:37] [268/445] CPMJ
[00:20:38] [269/445] ATJL
[00:20:39] 🔄 Identity reset
[00:20:39] 🔄 Identity rotated (every 10 requests)
[00:20:39] [270/445] NNTD
[00:20:40] [271/445] JHCJ
[00:20:41] [272/445] CMMP
[00:20:41] [273/445] RSDR
[00:20:42] [274/445] AMTI
[00:20:43] [275/445] NYSG
[00:20:44] [276/445] AVSG
[00:20:44] [277/445] SYTP
[00:20:45] [278/445] LARC
[00:20:46] [279/445] RJTP
[00:20:46] 🔄 Identity reset
[00:20:46] 🔄 Identity rotated (every 10 requests)
[00:20:47] [280/445] LAKC
[00:20:47] [281/445] MCXE
[00:20:48] [282/445] CCZC
[00:20:50] [283/445] AVCH
[00:20:50] [284/445] CMBE
[00:20:51] [285/445] MRRC
[00:20:52] [286/445] PCPY
[00:20:52] [287/445] SRMH
[00:20:53] [288/445] SVGS
[00:20:54] [289/445] PCSE
[00:20:54] 🔄 Identity reset
[00:20:54] 🔄 Identity rotated (every 10 requests)
[00:20:55] [290/445] SVFT
[00:20:56] [291/445] TNZP
[00:20:56] [292/445] ICTP
[00:20:57] [293/445] ACTZ
[00:20:58] [294/445] GTUR
[00:20:59] [295/445] MAFC
[00:21:00] [296/445] MINL
[00:21:00] [297/445] MRCL
[00:21:01] [298/445] RCRP
[00:21:02] [299/445] RFFG
[00:21:02] 🔄 Identity reset
[00:21:02] 🔄 Identity rotated (every 10 requests)
[00:21:03] [300/445] RMAS
[00:21:04] [301/445] INVR
[00:21:04] [302/445] RMAR
[00:21:05] [303/445] CNIS
[00:21:06] [304/445] RHRJ
[00:21:07] [305/445] INXR
[00:21:07] [306/445] VALT
[00:21:08] [307/445] LCSH
[00:21:09] [308/445] CMVS
[00:21:10] [309/445] CNMS
[00:21:11] 🔄 Identity reset
[00:21:11] 🔄 Identity rotated (every 10 requests)
[00:21:11] [310/445] ROOG
[00:21:12] [311/445] ISRM
[00:21:13] [312/445] RCRM
[00:21:14] [313/445] ACJA
[00:21:15] [314/445] RCVS
[00:21:16] [315/445] CPUS
[00:21:16] [316/445] TGCS
[00:21:17] [317/445] RKCJ
[00:21:18] [318/445] MKSB
[00:21:18] [319/445] TCSJ
[00:21:19] 🔄 Identity reset
[00:21:19] 🔄 Identity rotated (every 10 requests)
[00:21:19] [320/445] RMGP
[00:21:20] [321/445] CLLP
[00:21:21] [322/445] RCMV
[00:21:22] [323/445] CCKS
[00:21:22] [324/445] RSRP
[00:21:23] [325/445] APLP
[00:21:24] [326/445] CNVS
[00:21:25] [327/445] RMVY
[00:21:26] [328/445] PGBD
[00:21:27] [329/445] KLMS
[00:21:27] 🔄 Identity reset
[00:21:27] 🔄 Identity rotated (every 10 requests)
[00:21:27] [330/445] RUST
[00:21:28] [331/445] MASM
[00:21:29] [332/445] BACS
[00:21:30] [333/445] BWST
[00:21:30] [334/445] RRFH
[00:21:31] [335/445] SJTM
[00:21:31] [336/445] BEMR
[00:21:32] [337/445] MCGR
[00:21:33] [338/445] SDSK
[00:21:34] [339/445] VBOL
[00:21:34] 🔄 Identity reset
[00:21:34] 🔄 Identity rotated (every 10 requests)
[00:21:34] [340/445] RMGM
[00:21:35] [341/445] NOPL
[00:21:36] [342/445] MKJK
[00:21:38] [343/445] CVRN
[00:21:39] [344/445] MMEN
[00:21:39] [345/445] AMNG
[00:21:40] [346/445] INTM
[00:21:41] [347/445] SLCZ
[00:21:43] [348/445] AMJN
[00:21:44] [349/445] ACJN
[00:21:45] 🔄 Identity reset
[00:21:45] 🔄 Identity rotated (every 10 requests)
[00:21:45] [350/445] AMKN
[00:21:46] [351/445] BTCN
[00:21:47] [352/445] AMBT
[00:21:48] [353/445] PACN
[00:21:49] [354/445] LCNS
[00:21:50] [355/445] PPKC
[00:21:50] [356/445] JYYN
[00:21:51] [357/445] JTNR
[00:21:51] [358/445] GTEE
[00:21:52] [359/445] SRNM
[00:21:53] 🔄 Identity reset
[00:21:53] 🔄 Identity rotated (every 10 requests)
[00:21:53] [360/445] SDTC
[00:21:54] [361/445] VPCA
[00:21:55] [362/445] VLRA
[00:21:56] [363/445] SHKR
[00:21:56] [364/445] SBKD
[00:21:57] [365/445] SAAD
[00:21:58] [366/445] JTGN
[00:21:58] [367/445] SLAM
[00:21:59] [368/445] VTPM
[00:22:00] [369/445] ANPT
[00:22:01] 🔄 Identity reset
[00:22:01] 🔄 Identity rotated (every 10 requests)
[00:22:01] [370/445] PUNB
[00:22:02] [371/445] CPKT
[00:22:02] [372/445] CNWE
[00:22:03] [373/445] ECPP
[00:22:04] [374/445] CPAR
[00:22:05] [375/445] ESBW
[00:22:05] [376/445] PKPU
[00:22:06] [377/445] CPRP
[00:22:07] [378/445] RAHU
[00:22:07] [379/445] RHMN
[00:22:08] 🔄 Identity reset
[00:22:08] 🔄 Identity rotated (every 10 requests)
[00:22:08] [380/445] FMJP
[00:22:09] [381/445] CTMP
[00:22:10] [382/445] INPN
[00:22:10] [383/445] STTG
[00:22:11] [384/445] CTRD
[00:22:12] [385/445] PUVB
[00:22:13] [386/445] ESVP
[00:22:14] [387/445] CPFT
[00:22:14] [388/445] LCPC
[00:22:15] [389/445] VBCT
[00:22:16] 🔄 Identity reset
[00:22:16] 🔄 Identity rotated (every 10 requests)
[00:22:16] [390/445] FSCW
[00:22:17] [391/445] VCMP
[00:22:17] [392/445] ASHC
[00:22:18] [393/445] VLCX
[00:22:19] [394/445] SHEV
[00:22:20] [395/445] APCO
[00:22:21] [396/445] SILC
[00:22:22] [397/445] SNMR
[00:22:22] [398/445] KYBO
[00:22:23] [399/445] SATK
[00:22:24] 🔄 Identity reset
[00:22:24] 🔄 Identity rotated (every 10 requests)
[00:22:24] [400/445] SSCS
[00:22:25] [401/445] CLSB
[00:22:25] [402/445] KMJR
[00:22:26] [403/445] FSCK
[00:22:27] [404/445] NNKA
[00:22:27] [405/445] CLMK
[00:22:28] [406/445] DMPZ
[00:22:29] [407/445] INQM
[00:22:30] [408/445] CAML
[00:22:30] [409/445] INRK
[00:22:31] 🔄 Identity reset
[00:22:31] 🔄 Identity rotated (every 10 requests)
[00:22:31] [410/445] IMKN
[00:22:32] [411/445] SVNR
[00:22:34] [412/445] INSL
[00:22:35] [413/445] MSMA
[00:22:35] [414/445] MCKK
[00:22:36] [415/445] FCHP
[00:22:37] [416/445] SFCR
[00:22:38] [417/445] NACK
[00:22:39] [418/445] PVAK
[00:22:39] [419/445] INER
[00:22:40] 🔄 Identity reset
[00:22:40] 🔄 Identity rotated (every 10 requests)
[00:22:40] [420/445] RDBK
[00:22:41] [421/445] SVFN
[00:22:41] [422/445] IFRM
[00:22:42] [423/445] ATCK
[00:22:43] [424/445] ASKO
[00:22:44] [425/445] STKT
[00:22:44] [426/445] SVFB
[00:22:45] [427/445] INKS
[00:22:46] [428/445] PCRA
[00:22:47] [429/445] ATJA
[00:22:47] 🔄 Identity reset
[00:22:47] 🔄 Identity rotated (every 10 requests)
[00:22:48] [430/445] IMJN
[00:22:48] [431/445] INHD
[00:22:49] [432/445] BARA
[00:22:50] [433/445] MCSL
[00:22:50] [434/445] RTOY
[00:22:51] [435/445] MENO
[00:22:52] [436/445] PUDM
[00:22:53] [437/445] PRCN
[00:22:54] [438/445] JMJR
[00:22:55] [439/445] SSGK
[00:22:55] 🔄 Identity reset
[00:22:55] 🔄 Identity rotated (every 10 requests)
[00:22:56] [440/445] SSRL
[00:22:57] [441/445] JYKL
[00:22:58] [442/445] ACNB
[00:22:59] [443/445] SONP
[00:23:00] [444/445] EMCI
[00:23:01] [445/445] MRJH
[00:23:02] ✅ DONE | Shows=0 | Movies=0
[01:16:51] 🚀 BMS DAILY TRACKER STARTED (enhanced anti‑detection)
[01:16:51] [1/445] TGMR
[01:16:52] 🧠 New identity created
[01:16:52] [2/445] CXKR
[01:16:53] [3/445] SROP
[01:16:54] [4/445] GTSV
[01:16:55] [5/445] SNTY
[01:16:56] [6/445] SMYY
[01:16:57] [7/445] CNCS
[01:16:57] [8/445] CSTM
[01:16:58] [9/445] NUCD
[01:16:59] [10/445] SHCZ
[01:17:00] 🔄 Identity reset
[01:17:00] 🔄 Identity rotated (every 10 requests)
[01:17:00] [11/445] NJCT
[01:17:01] [12/445] COPC
[01:17:02] [13/445] STVV
[01:17:03] [14/445] SKRN
[01:17:04] [15/445] APPZ
[01:17:06] [16/445] YMGN
[01:17:07] [17/445] SVTU
[01:17:07] [18/445] GTAD
[01:17:09] [19/445] PSUS
[01:17:10] [20/445] SMCD
[01:17:10] 🔄 Identity reset
[01:17:10] 🔄 Identity rotated (every 10 requests)
[01:17:11] [21/445] CMCM
[01:17:12] [22/445] SYCT
[01:17:12] [23/445] STLY
[01:17:13] [24/445] CMHU
[01:17:14] [25/445] CMSA
[01:17:15] [26/445] CLCU
[01:17:15] [27/445] PPNT
[01:17:16] [28/445] JTAB
[01:17:17] [29/445] BUUC
[01:17:18] [30/445] BSVK
[01:17:19] 🔄 Identity reset
[01:17:19] 🔄 Identity rotated (every 10 requests)
[01:17:19] [31/445] VVVQ
[01:17:20] [32/445] TKMU
[01:17:21] [33/445] ESYL
[01:17:22] [34/445] ACHP
[01:17:23] [35/445] BTKD
[01:17:24] [36/445] DESA
[01:17:24] [37/445] GBCT
[01:17:26] [38/445] BLLD
[01:17:27] [39/445] SKNT
[01:17:28] [40/445] SSTE
[01:17:28] 🔄 Identity reset
[01:17:28] 🔄 Identity rotated (every 10 requests)
[01:17:29] [41/445] VJMR
[01:17:29] [42/445] NTPU
[01:17:31] [43/445] RDKN
[01:17:32] [44/445] ADGC
[01:17:33] [45/445] VRBP
[01:17:34] [46/445] NMNA
[01:17:34] [47/445] CMMX
[01:17:35] [48/445] PTKO
[01:17:37] [49/445] RBML
[01:17:38] [50/445] SAIC
[01:17:38] 🔄 Identity reset
[01:17:38] 🔄 Identity rotated (every 10 requests)
[01:17:38] [51/445] SVTJ
[01:17:39] [52/445] MRTE
[01:17:40] [53/445] RBTP
[01:17:41] [54/445] NLPS
[01:17:42] [55/445] GTNA
[01:17:43] [56/445] DGGC
[01:17:44] [57/445] SMCR
[01:17:45] [58/445] SCGD
[01:17:45] [59/445] SRRJ
[01:17:46] [60/445] CNRY
[01:17:47] 🔄 Identity reset
[01:17:47] 🔄 Identity rotated (every 10 requests)
[01:17:47] [61/445] KTDI
[01:17:48] [62/445] SNJL
[01:17:49] [63/445] RKMD
[01:17:50] [64/445] SMDC
[01:17:51] [65/445] TADG
[01:17:52] [66/445] MCGS
[01:17:53] [67/445] PETK
[01:17:53] [68/445] CHAG
[01:17:54] [69/445] KSTL
[01:17:55] [70/445] AADS
[01:17:56] 🔄 Identity reset
[01:17:56] 🔄 Identity rotated (every 10 requests)
[01:17:56] [71/445] NTHZ
[01:17:58] [72/445] HCKI
[01:17:58] [73/445] SSEF
[01:17:59] [74/445] MCGX
[01:18:01] [75/445] ERRA
[01:18:02] [76/445] SDTW
[01:18:03] [77/445] RMPK
[01:18:04] [78/445] PTHK
[01:18:04] [79/445] PXCS
[01:18:05] [80/445] SVLU
[01:18:06] 🔄 Identity reset
[01:18:06] 🔄 Identity rotated (every 10 requests)
[01:18:06] [81/445] STAH
[01:18:07] [82/445] JRGF
[01:18:08] [83/445] CDOK
[01:18:09] [84/445] CMSG
[01:18:10] [85/445] APTD
[01:18:10] [86/445] KMPG
[01:18:11] [87/445] MUTJ
[01:18:12] [88/445] VCCI
[01:18:13] [89/445] URBE
[01:18:15] [90/445] TCTS
[01:18:15] 🔄 Identity reset
[01:18:15] 🔄 Identity rotated (every 10 requests)
[01:18:15] [91/445] STSN
[01:18:16] [92/445] AKCH
[01:18:17] [93/445] APSC
[01:18:18] [94/445] VLTB
[01:18:19] [95/445] SANU
[01:18:20] [96/445] AXAM
[01:18:21] [97/445] MGMG
[01:18:22] [98/445] HTBY
[01:18:22] [99/445] MMZS
[01:18:23] [100/445] SUDR
[01:18:24] 🔄 Identity reset
[01:18:24] 🔄 Identity rotated (every 10 requests)
[01:18:24] [101/445] CCAD
[01:18:25] [102/445] SKKC
[01:18:26] [103/445] RMCD
[01:18:26] [104/445] SBCQ
[01:18:28] [105/445] DCCT
[01:18:29] [106/445] VTKP
[01:18:30] [107/445] MLAM
[01:18:31] [108/445] SAVT
[01:18:31] [109/445] GEPL
[01:18:33] [110/445] AMCD
[01:18:33] 🔄 Identity reset
[01:18:33] 🔄 Identity rotated (every 10 requests)
[01:18:34] [111/445] CCXR
[01:18:34] [112/445] GRNG
[01:18:35] [113/445] EBCA
[01:18:36] [114/445] CNVG
[01:18:38] [115/445] MWSS
[01:18:39] [116/445] VBOR
[01:18:40] [117/445] NEEB
[01:18:41] [118/445] SUTH
[01:18:42] [119/445] ANDB
[01:18:43] [120/445] MMXS
[01:18:44] 🔄 Identity reset
[01:18:44] 🔄 Identity rotated (every 10 requests)
[01:18:44] [121/445] CNPD
[01:18:45] [122/445] SDCE
[01:18:46] [123/445] DHCB
[01:18:47] [124/445] ODEN
[01:18:48] [125/445] TNTC
[01:18:49] [126/445] VBKM
[01:18:50] [127/445] RZYM
[01:18:51] [128/445] JEMC
[01:18:52] [129/445] CMAU
[01:18:53] [130/445] SIVP
[01:18:54] 🔄 Identity reset
[01:18:54] 🔄 Identity rotated (every 10 requests)
[01:18:54] [131/445] ATAG
[01:18:55] [132/445] CHTM
[01:18:56] [133/445] AAEE
[01:18:57] [134/445] IWPM
[01:18:58] [135/445] KCMW
[01:18:59] [136/445] MCTD
[01:19:00] [137/445] SPWR
[01:19:01] [138/445] SDPO
[01:19:03] [139/445] PCSK
[01:19:04] [140/445] ACHV
[01:19:04] 🔄 Identity reset
[01:19:04] 🔄 Identity rotated (every 10 requests)
[01:19:05] [141/445] SVLA
[01:19:06] [142/445] PICT
[01:19:07] [143/445] BXDR
[01:19:08] [144/445] SPWA
[01:19:09] [145/445] MCKO
[01:19:10] [146/445] RTHK
[01:19:10] [147/445] CCMF
[01:19:11] [148/445] MRGB
[01:19:12] [149/445] CPLC
[01:19:13] [150/445] RACD
[01:19:14] 🔄 Identity reset
[01:19:14] 🔄 Identity rotated (every 10 requests)
[01:19:14] [151/445] ATKT
[01:19:15] [152/445] SARN
[01:19:16] [153/445] KKUI
[01:19:16] [154/445] RGCM
[01:19:17] [155/445] BRVP
[01:19:18] [156/445] HRSR
[01:19:19] [157/445] GKGM
[01:19:20] [158/445] TTCD
[01:19:21] [159/445] PTTI
[01:19:21] [160/445] MPTT
[01:19:22] 🔄 Identity reset
[01:19:22] 🔄 Identity rotated (every 10 requests)
[01:19:22] [161/445] CVTT
[01:19:24] [162/445] PCXD
[01:19:24] [163/445] GCDC
[01:19:25] [164/445] CCCF
[01:19:26] [165/445] MRAD
[01:19:27] [166/445] CPLK
[01:19:28] [167/445] SATB
[01:19:29] [168/445] SNVG
[01:19:30] [169/445] JMBA
[01:19:30] [170/445] TEJA
[01:19:31] 🔄 Identity reset
[01:19:31] 🔄 Identity rotated (every 10 requests)
[01:19:32] [171/445] STYO
[01:19:33] [172/445] JTBP
[01:19:34] [173/445] KRGD
[01:19:34] [174/445] SLJJ
[01:19:35] [175/445] SPTJ
[01:19:37] [176/445] SWJG
[01:19:38] [177/445] LKRT
[01:19:39] [178/445] KCKA
[01:19:40] [179/445] SNCR
[01:19:41] [180/445] SMKL
[01:19:41] 🔄 Identity reset
[01:19:41] 🔄 Identity rotated (every 10 requests)
[01:19:41] [181/445] GCFA
[01:19:42] [182/445] DDCK
[01:19:44] [183/445] NCHJ
[01:19:45] [184/445] RDMA
[01:19:46] [185/445] SVSV
[01:19:48] [186/445] SCJG
[01:19:48] [187/445] VKLP
[01:19:49] [188/445] NWCC
[01:19:50] [189/445] VKNS
[01:19:51] [190/445] SDDP
[01:19:52] 🔄 Identity reset
[01:19:52] 🔄 Identity rotated (every 10 requests)
[01:19:52] [191/445] ACSI
[01:19:53] [192/445] SATG
[01:19:54] [193/445] SCMW
[01:19:55] [194/445] LKTK
[01:19:56] [195/445] VCKV
[01:19:56] [196/445] KKPE
[01:19:57] [197/445] KIGH
[01:19:58] [198/445] SRPM
[01:19:59] [199/445] SCAH
[01:20:00] [200/445] MUTA
[01:20:00] 🔄 Identity reset
[01:20:00] 🔄 Identity rotated (every 10 requests)
[01:20:01] [201/445] SEPU
[01:20:02] [202/445] INOA
[01:20:03] [203/445] BASK
[01:20:04] [204/445] NECB
[01:20:05] [205/445] GTTG
[01:20:06] [206/445] ASSA
[01:20:07] [207/445] ANCL
[01:20:07] [208/445] GCTI
[01:20:08] [209/445] RCTS
[01:20:09] [210/445] ACNL
[01:20:10] 🔄 Identity reset
[01:20:10] 🔄 Identity rotated (every 10 requests)
[01:20:10] [211/445] MYCT
[01:20:11] [212/445] NMHT
[01:20:12] [213/445] MDIT
[01:20:12] [214/445] LATG
[01:20:13] [215/445] SMTY
[01:20:14] [216/445] CVCT
[01:20:15] [217/445] RAMB
[01:20:16] [218/445] TGMS
[01:20:17] [219/445] BHEL
[01:20:18] [220/445] SHCT
[01:20:18] 🔄 Identity reset
[01:20:18] 🔄 Identity rotated (every 10 requests)
[01:20:18] [221/445] SVCT
[01:20:19] [222/445] MRIY
[01:20:20] [223/445] SARO
[01:20:21] [224/445] STCT
[01:20:22] [225/445] JKKC
[01:20:23] [226/445] PLTT
[01:20:24] [227/445] SRNT
[01:20:25] [228/445] YAST
[01:20:26] [229/445] PERL
[01:20:28] [230/445] CICM
[01:20:28] 🔄 Identity reset
[01:20:28] 🔄 Identity rotated (every 10 requests)
[01:20:28] [231/445] MMTR
[01:20:30] [232/445] ABTK
[01:20:31] [233/445] ATYY
[01:20:32] [234/445] ASTK
[01:20:33] [235/445] VVCK
[01:20:34] [236/445] ATKY
[01:20:34] [237/445] GWEK
[01:20:35] [238/445] SVFH
[01:20:36] [239/445] SLTA
[01:20:37] [240/445] AASH
[01:20:38] 🔄 Identity reset
[01:20:38] 🔄 Identity rotated (every 10 requests)
[01:20:38] [241/445] ACXB
[01:20:39] [242/445] SMTX
[01:20:40] [243/445] AZDH
[01:20:41] [244/445] CMMH
[01:20:42] [245/445] SCSZ
[01:20:42] [246/445] SCKP
[01:20:43] [247/445] NXTM
[01:20:44] [248/445] NWCS
[01:20:45] [249/445] CXMH
[01:20:46] [250/445] PCMA
[01:20:46] 🔄 Identity reset
[01:20:46] 🔄 Identity rotated (every 10 requests)
[01:20:47] [251/445] SGCM
[01:20:48] [252/445] SDTU
[01:20:48] [253/445] MMVI
[01:20:50] [254/445] JKCM
[01:20:51] [255/445] VCMM
[01:20:52] [256/445] SYEE
[01:20:53] [257/445] VASD
[01:20:53] [258/445] BDRB
[01:20:54] [259/445] LASM
[01:20:55] [260/445] DCRL
[01:20:56] 🔄 Identity reset
[01:20:56] 🔄 Identity rotated (every 10 requests)
[01:20:56] [261/445] DVPM
[01:20:57] [262/445] SBMJ
[01:20:58] [263/445] CBMU
[01:20:59] [264/445] IUBS
[01:21:00] [265/445] INAP
[01:21:00] [266/445] SRRC
[01:21:01] [267/445] SAGR
[01:21:02] [268/445] CPMJ
[01:21:03] [269/445] ATJL
[01:21:04] [270/445] NNTD
[01:21:04] 🔄 Identity reset
[01:21:04] 🔄 Identity rotated (every 10 requests)
[01:21:05] [271/445] JHCJ
[01:21:06] [272/445] CMMP
[01:21:06] [273/445] RSDR
[01:21:07] [274/445] AMTI
[01:21:08] [275/445] NYSG
[01:21:09] [276/445] AVSG
[01:21:10] [277/445] SYTP
[01:21:11] [278/445] LARC
[01:21:11] [279/445] RJTP
[01:21:12] [280/445] LAKC
[01:21:13] 🔄 Identity reset
[01:21:13] 🔄 Identity rotated (every 10 requests)
[01:21:13] [281/445] MCXE
[01:21:14] [282/445] CCZC
[01:21:15] [283/445] AVCH
[01:21:16] [284/445] CMBE
[01:21:17] [285/445] MRRC
[01:21:18] [286/445] PCPY
[01:21:19] [287/445] SRMH
[01:21:20] [288/445] SVGS
[01:21:31] [289/445] PCSE
[01:21:32] [290/445] SVFT
[01:21:33] 🔄 Identity reset
[01:21:33] 🔄 Identity rotated (every 10 requests)
[01:21:33] [291/445] TNZP
[01:21:34] [292/445] ICTP
[01:21:35] [293/445] ACTZ
[01:21:36] [294/445] GTUR
[01:21:38] [295/445] MAFC
[01:21:39] [296/445] MINL
[01:21:40] [297/445] MRCL
[01:21:40] [298/445] RCRP
[01:21:41] [299/445] RFFG
[01:21:42] [300/445] RMAS
[01:21:42] 🔄 Identity reset
[01:21:42] 🔄 Identity rotated (every 10 requests)
[01:21:43] [301/445] INVR
[01:21:44] [302/445] RMAR
[01:21:45] [303/445] CNIS
[01:21:46] [304/445] RHRJ
[01:21:47] [305/445] INXR
[01:21:48] [306/445] VALT
[01:21:50] [307/445] LCSH
[01:21:50] [308/445] CMVS
[01:21:51] [309/445] CNMS
[01:21:52] [310/445] ROOG
[01:21:53] 🔄 Identity reset
[01:21:53] 🔄 Identity rotated (every 10 requests)
[01:21:53] [311/445] ISRM
[01:21:54] [312/445] RCRM
[01:21:55] [313/445] ACJA
[01:21:56] [314/445] RCVS
[01:21:57] [315/445] CPUS
[01:21:58] [316/445] TGCS
[01:21:59] [317/445] RKCJ
[01:21:59] [318/445] MKSB
[01:22:00] [319/445] TCSJ
[01:22:01] [320/445] RMGP
[01:22:02] 🔄 Identity reset
[01:22:02] 🔄 Identity rotated (every 10 requests)
[01:22:02] [321/445] CLLP
[01:22:03] [322/445] RCMV
[01:22:04] [323/445] CCKS
[01:22:05] [324/445] RSRP
[01:22:06] [325/445] APLP
[01:22:07] [326/445] CNVS
[01:22:08] [327/445] RMVY
[01:22:09] [328/445] PGBD
[01:22:09] [329/445] KLMS
[01:22:10] [330/445] RUST
[01:22:11] 🔄 Identity reset
[01:22:11] 🔄 Identity rotated (every 10 requests)
[01:22:11] [331/445] MASM
[01:22:12] [332/445] BACS
[01:22:13] [333/445] BWST
[01:22:14] [334/445] RRFH
[01:22:15] [335/445] SJTM
[01:22:15] [336/445] BEMR
[01:22:16] [337/445] MCGR
[01:22:17] [338/445] SDSK
[01:22:18] [339/445] VBOL
[01:22:19] [340/445] RMGM
[01:22:19] 🔄 Identity reset
[01:22:19] 🔄 Identity rotated (every 10 requests)
[01:22:20] [341/445] NOPL
[01:22:21] [342/445] MKJK
[01:22:22] [343/445] CVRN
[01:22:22] [344/445] MMEN
[01:22:23] [345/445] AMNG
[01:22:24] [346/445] INTM
[01:22:25] [347/445] SLCZ
[01:22:26] [348/445] AMJN
[01:22:28] [349/445] ACJN
[01:22:29] [350/445] AMKN
[01:22:29] 🔄 Identity reset
[01:22:29] 🔄 Identity rotated (every 10 requests)
[01:22:30] [351/445] BTCN
[01:22:31] [352/445] AMBT
[01:22:32] [353/445] PACN
[01:22:33] [354/445] LCNS
[01:22:34] [355/445] PPKC
[01:22:35] [356/445] JYYN
[01:22:36] [357/445] JTNR
[01:22:36] [358/445] GTEE
[01:22:37] [359/445] SRNM
[01:22:38] [360/445] SDTC
[01:22:39] 🔄 Identity reset
[01:22:39] 🔄 Identity rotated (every 10 requests)
[01:22:39] [361/445] VPCA
[01:22:40] [362/445] VLRA
[01:22:41] [363/445] SHKR
[01:22:42] [364/445] SBKD
[01:22:43] [365/445] SAAD
[01:22:43] [366/445] JTGN
[01:22:44] [367/445] SLAM
[01:22:45] [368/445] VTPM
[01:22:46] [369/445] ANPT
[01:22:47] [370/445] PUNB
[01:22:48] 🔄 Identity reset
[01:22:48] 🔄 Identity rotated (every 10 requests)
[01:22:48] [371/445] CPKT
[01:22:49] [372/445] CNWE
[01:22:50] [373/445] ECPP
[01:22:51] [374/445] CPAR
[01:22:52] [375/445] ESBW
[01:22:53] [376/445] PKPU
[01:22:54] [377/445] CPRP
[01:22:55] [378/445] RAHU
[01:22:56] [379/445] RHMN
[01:22:56] [380/445] FMJP
[01:22:57] 🔄 Identity reset
[01:22:57] 🔄 Identity rotated (every 10 requests)
[01:22:57] [381/445] CTMP
[01:22:58] [382/445] INPN
[01:23:00] [383/445] STTG
[01:23:01] [384/445] CTRD
[01:23:01] [385/445] PUVB
[01:23:02] [386/445] ESVP
[01:23:03] [387/445] CPFT
[01:23:04] [388/445] LCPC
[01:23:05] [389/445] VBCT
[01:23:06] [390/445] FSCW
[01:23:06] 🔄 Identity reset
[01:23:06] 🔄 Identity rotated (every 10 requests)
[01:23:07] [391/445] VCMP
[01:23:07] [392/445] ASHC
[01:23:08] [393/445] VLCX
[01:23:09] [394/445] SHEV
[01:23:10] [395/445] APCO
[01:23:11] [396/445] SILC
[01:23:12] [397/445] SNMR
[01:23:13] [398/445] KYBO
[01:23:14] [399/445] SATK
[01:23:15] [400/445] SSCS
[01:23:15] 🔄 Identity reset
[01:23:15] 🔄 Identity rotated (every 10 requests)
[01:23:15] [401/445] CLSB
[01:23:16] [402/445] KMJR
[01:23:17] [403/445] FSCK
[01:23:18] [404/445] NNKA
[01:23:19] [405/445] CLMK
[01:23:19] [406/445] DMPZ
[01:23:21] [407/445] INQM
[01:23:22] [408/445] CAML
[01:23:23] [409/445] INRK
[01:23:24] [410/445] IMKN
[01:23:24] 🔄 Identity reset
[01:23:24] 🔄 Identity rotated (every 10 requests)
[01:23:25] [411/445] SVNR
[01:23:26] [412/445] INSL
[01:23:27] [413/445] MSMA
[01:23:28] [414/445] MCKK
[01:23:29] [415/445] FCHP
[01:23:30] [416/445] SFCR
[01:23:30] [417/445] NACK
[01:23:31] [418/445] PVAK
[01:23:32] [419/445] INER
[01:23:33] [420/445] RDBK
[01:23:34] 🔄 Identity reset
[01:23:34] 🔄 Identity rotated (every 10 requests)
[01:23:34] [421/445] SVFN
[01:23:35] [422/445] IFRM
[01:23:36] [423/445] ATCK
[01:23:36] [424/445] ASKO
[01:23:38] [425/445] STKT
[01:23:39] [426/445] SVFB
[01:23:40] [427/445] INKS
[01:23:41] [428/445] PCRA
[01:23:42] [429/445] ATJA
[01:23:44] [430/445] IMJN
[01:23:44] 🔄 Identity reset
[01:23:44] 🔄 Identity rotated (every 10 requests)
[01:23:45] [431/445] INHD
[01:23:45] [432/445] BARA
[01:23:46] [433/445] MCSL
[01:23:47] [434/445] RTOY
[01:23:48] [435/445] MENO
[01:23:49] [436/445] PUDM
[01:23:50] [437/445] PRCN
[01:23:51] [438/445] JMJR
[01:23:52] [439/445] SSGK
[01:23:53] [440/445] SSRL
[01:23:53] 🔄 Identity reset
[01:23:53] 🔄 Identity rotated (every 10 requests)
[01:23:54] [441/445] JYKL
[01:23:54] [442/445] ACNB
[01:23:55] [443/445] SONP
[01:23:56] [444/445] EMCI
[01:23:57] [445/445] MRJH
[01:23:58] ✅ DONE | Shows=0 | Movies=0
