[00:16:51] 🚀 BMS DAILY TRACKER STARTED (enhanced anti‑detection)
[00:16:51] [1/326] BSAT
[00:16:52] 🧠 New identity created
[00:16:52] [2/326] RSSM
[00:16:53] [3/326] GCTA
[00:16:54] [4/326] TOPN
[00:16:55] [5/326] MCUS
[00:16:55] [6/326] SHRL
[00:16:56] [7/326] UPTP
[00:16:58] [8/326] TMMP
[00:16:58] [9/326] DNRP
[00:16:59] [10/326] SRLT
[00:17:00] 🔄 Identity reset
[00:17:00] 🔄 Identity rotated (every 10 requests)
[00:17:00] [11/326] RCNS
[00:17:01] [12/326] DCBH
[00:17:02] [13/326] NAGJ
[00:17:03] [14/326] JVRC
[00:17:04] [15/326] KRJG
[00:17:05] [16/326] SRTJ
[00:17:06] [17/326] CMXM
[00:17:07] [18/326] STMI
[00:17:08] [19/326] SLST
[00:17:09] [20/326] DTCN
[00:17:09] 🔄 Identity reset
[00:17:09] 🔄 Identity rotated (every 10 requests)
[00:17:10] [21/326] STYN
[00:17:10] [22/326] SZVR
[00:17:11] [23/326] SRKO
[00:17:12] [24/326] JTGT
[00:17:13] [25/326] SVFD
[00:17:14] [26/326] SISD
[00:17:15] [27/326] ABDD
[00:17:15] [28/326] DRCA
[00:17:16] [29/326] AVCS
[00:17:17] [30/326] MVKH
[00:17:18] 🔄 Identity reset
[00:17:18] 🔄 Identity rotated (every 10 requests)
[00:17:18] [31/326] ACPR
[00:17:19] [32/326] STIP
[00:17:20] [33/326] MTRA
[00:17:21] [34/326] RMKH
[00:17:22] [35/326] NKRL
[00:17:23] [36/326] PCWN
[00:17:23] [37/326] BLMT
[00:17:24] [38/326] GDPG
[00:17:25] [39/326] SRMX
[00:17:25] [40/326] JACP
[00:17:26] 🔄 Identity reset
[00:17:26] 🔄 Identity rotated (every 10 requests)
[00:17:26] [41/326] CPSH
[00:17:27] [42/326] MCCD
[00:17:28] [43/326] ECGH
[00:17:28] [44/326] MKCK
[00:17:29] [45/326] SRMM
[00:17:30] [46/326] SKYR
[00:17:31] [47/326] PCKC
[00:17:32] [48/326] JCMA
[00:17:32] [49/326] BSMP
[00:17:33] [50/326] VSPA
[00:17:34] 🔄 Identity reset
[00:17:34] 🔄 Identity rotated (every 10 requests)
[00:17:34] [51/326] DJYA
[00:17:35] [52/326] DIMP
[00:17:36] [53/326] FXDR
[00:17:37] [54/326] SSRC
[00:17:38] [55/326] STHP
[00:17:38] [56/326] CPPD
[00:17:39] [57/326] FCLK
[00:17:40] [58/326] SCPP
[00:17:41] [59/326] DCMJ
[00:17:42] [60/326] RCCR
[00:17:43] 🔄 Identity reset
[00:17:43] 🔄 Identity rotated (every 10 requests)
[00:17:43] [61/326] INMT
[00:17:44] [62/326] LXTK
[00:17:45] [63/326] SRYK
[00:17:45] [64/326] SGDK
[00:17:46] [65/326] PPKA
[00:17:47] [66/326] SPKA
[00:17:48] [67/326] CGHH
[00:17:49] [68/326] DCJN
[00:17:50] [69/326] SRKV
[00:17:51] [70/326] SAJC
[00:17:52] 🔄 Identity reset
[00:17:52] 🔄 Identity rotated (every 10 requests)
[00:17:52] [71/326] SUSR
[00:17:53] [72/326] STYG
[00:17:54] [73/326] NTKP
[00:17:55] [74/326] AKTG
[00:17:55] [75/326] CGCM
[00:17:56] [76/326] TULC
[00:17:57] [77/326] NYYZ
[00:17:58] [78/326] NYBW
[00:17:58] [79/326] MACB
[00:18:00] [80/326] SLVT
[00:18:01] 🔄 Identity reset
[00:18:01] 🔄 Identity rotated (every 10 requests)
[00:18:01] [81/326] SANA
[00:18:01] [82/326] ACMR
[00:18:02] [83/326] CPKN
[00:18:03] [84/326] DLGK
[00:18:04] [85/326] CWCK
[00:18:04] [86/326] FDDH
[00:18:05] [87/326] MMMD
[00:18:06] [88/326] CMEH
[00:18:07] [89/326] GGGV
[00:18:08] [90/326] SPJL
[00:18:09] 🔄 Identity reset
[00:18:09] 🔄 Identity rotated (every 10 requests)
[00:18:09] [91/326] RCCD
[00:18:10] [92/326] STTZ
[00:18:11] [93/326] BTCF
[00:18:12] [94/326] TSTZ
[00:18:12] [95/326] IPMM
[00:18:13] [96/326] PMPW
[00:18:14] [97/326] PCMZ
[00:18:15] [98/326] ESEM
[00:18:16] [99/326] PIPO
[00:18:16] [100/326] MATK
[00:18:17] 🔄 Identity reset
[00:18:17] 🔄 Identity rotated (every 10 requests)
[00:18:17] [101/326] PGHM
[00:18:18] [102/326] CTSR
[00:18:20] [103/326] CYKR
[00:18:21] [104/326] MSCM
[00:18:22] [105/326] RFNP
[00:18:22] [106/326] PDCP
[00:18:23] [107/326] NPSE
[00:18:24] [108/326] MKML
[00:18:25] [109/326] FTDP
[00:18:25] [110/326] MMXA
[00:18:26] 🔄 Identity reset
[00:18:26] 🔄 Identity rotated (every 10 requests)
[00:18:26] [111/326] CEPO
[00:18:27] [112/326] CMVP
[00:18:28] [113/326] SGTH
[00:18:29] [114/326] SAYN
[00:18:30] [115/326] URVS
[00:18:30] [116/326] VJTN
[00:18:31] [117/326] BBYK
[00:18:32] [118/326] SHBO
[00:18:33] [119/326] VCMR
[00:18:33] [120/326] MACT
[00:18:34] 🔄 Identity reset
[00:18:34] 🔄 Identity rotated (every 10 requests)
[00:18:34] [121/326] JMNP
[00:18:35] [122/326] VICS
[00:18:36] [123/326] VCDA
[00:18:37] [124/326] GCMM
[00:18:38] [125/326] INVS
[00:18:39] [126/326] SCGM
[00:18:40] [127/326] PCDA
[00:18:40] [128/326] KDCT
[00:18:41] [129/326] JACS
[00:18:42] [130/326] GMMC
[00:18:42] 🔄 Identity reset
[00:18:42] 🔄 Identity rotated (every 10 requests)
[00:18:43] [131/326] AICM
[00:18:43] [132/326] TJCM
[00:18:44] [133/326] RMTI
[00:18:45] [134/326] SHAC
[00:18:46] [135/326] APJC
[00:18:47] [136/326] GCTG
[00:18:48] [137/326] SSMC
[00:18:48] [138/326] THRM
[00:18:49] [139/326] RBCT
[00:18:50] [140/326] DIKT
[00:18:50] 🔄 Identity reset
[00:18:50] 🔄 Identity rotated (every 10 requests)
[00:18:50] [141/326] MIDL
[00:18:51] [142/326] VCSN
[00:18:52] [143/326] SKTG
[00:18:53] [144/326] SMWC
[00:18:54] [145/326] MNKH
[00:18:54] [146/326] PIAT
[00:18:55] [147/326] LTTP
[00:18:56] [148/326] PTPU
[00:18:57] [149/326] ACMG
[00:18:58] [150/326] SHMM
[00:18:59] 🔄 Identity reset
[00:18:59] 🔄 Identity rotated (every 10 requests)
[00:18:59] [151/326] MCMN
[00:19:00] [152/326] GLDC
[00:19:01] [153/326] HOUT
[00:19:02] [154/326] SVRP
[00:19:03] [155/326] PVDN
[00:19:04] [156/326] SCPY
[00:19:04] [157/326] DTPY
[00:19:05] [158/326] GKCS
[00:19:06] [159/326] NCAM
[00:19:07] [160/326] BSRM
[00:19:07] 🔄 Identity reset
[00:19:07] 🔄 Identity rotated (every 10 requests)
[00:19:08] [161/326] RCLC
[00:19:08] [162/326] SKKD
[00:19:10] [163/326] ACHU
[00:19:10] [164/326] RSCF
[00:19:11] [165/326] IMSH
[00:19:12] [166/326] MACX
[00:19:12] [167/326] HMMW
[00:19:13] [168/326] JTCP
[00:19:14] [169/326] SREN
[00:19:15] [170/326] PJRR
[00:19:16] 🔄 Identity reset
[00:19:16] 🔄 Identity rotated (every 10 requests)
[00:19:16] [171/326] INAC
[00:19:17] [172/326] BMCA
[00:19:18] [173/326] SHCB
[00:19:19] [174/326] GABA
[00:19:19] [175/326] SBCT
[00:19:20] [176/326] GCMA
[00:19:21] [177/326] MYTK
[00:19:22] [178/326] INZS
[00:19:23] [179/326] RMIK
[00:19:23] [180/326] NYCH
[00:19:24] 🔄 Identity reset
[00:19:24] 🔄 Identity rotated (every 10 requests)
[00:19:24] [181/326] RAVE
[00:19:25] [182/326] PSXM
[00:19:26] [183/326] MCGP
[00:19:27] [184/326] PDDK
[00:19:27] [185/326] SPCK
[00:19:28] [186/326] MCRL
[00:19:29] [187/326] MHKT
[00:19:30] [188/326] ANRR
[00:19:31] [189/326] SAPK
[00:19:32] [190/326] NCUK
[00:19:33] 🔄 Identity reset
[00:19:33] 🔄 Identity rotated (every 10 requests)
[00:19:33] [191/326] JUGA
[00:19:34] [192/326] DBSC
[00:19:34] [193/326] LALK
[00:19:35] [194/326] GUCK
[00:19:36] [195/326] STSG
[00:19:37] [196/326] PPPZ
[00:19:38] [197/326] CNCY
[00:19:39] [198/326] MTAR
[00:19:39] [199/326] VNKD
[00:19:40] [200/326] KMAJ
[00:19:41] 🔄 Identity reset
[00:19:41] 🔄 Identity rotated (every 10 requests)
[00:19:42] [201/326] ACXK
[00:19:42] [202/326] UTKC
[00:19:43] [203/326] PBLK
[00:19:44] [204/326] ACBX
[00:19:45] [205/326] PTGM
[00:19:46] [206/326] BTDA
[00:19:47] [207/326] PJMB
[00:19:48] [208/326] TPDA
[00:19:48] [209/326] AMOE
[00:19:49] [210/326] PRHT
[00:19:50] 🔄 Identity reset
[00:19:50] 🔄 Identity rotated (every 10 requests)
[00:19:50] [211/326] PRTA
[00:19:51] [212/326] STAM
[00:19:52] [213/326] MSAA
[00:19:52] [214/326] SDLU
[00:19:53] [215/326] RCHH
[00:19:54] [216/326] KANT
[00:19:56] [217/326] FCRT
[00:19:56] [218/326] DNKM
[00:19:57] [219/326] RYCP
[00:19:58] [220/326] MYRP
[00:19:59] 🔄 Identity reset
[00:19:59] 🔄 Identity rotated (every 10 requests)
[00:20:00] [221/326] PPAK
[00:20:00] [222/326] NVPK
[00:20:01] [223/326] PRMC
[00:20:02] [224/326] JBCS
[00:20:03] [225/326] GXCK
[00:20:03] [226/326] USKO
[00:20:04] [227/326] GTEM
[00:20:05] [228/326] SMBU
[00:20:06] [229/326] VETC
[00:20:07] [230/326] LCDA
[00:20:07] 🔄 Identity reset
[00:20:07] 🔄 Identity rotated (every 10 requests)
[00:20:08] [231/326] MTVT
[00:20:09] [232/326] PYCP
[00:20:09] [233/326] PNSC
[00:20:10] [234/326] PPCC
[00:20:11] [235/326] TGRT
[00:20:12] [236/326] JYOT
[00:20:13] [237/326] SRCZ
[00:20:14] [238/326] SJTE
[00:20:15] [239/326] DESC
[00:20:16] [240/326] JHVN
[00:20:16] 🔄 Identity reset
[00:20:16] 🔄 Identity rotated (every 10 requests)
[00:20:16] [241/326] IPSG
[00:20:17] [242/326] IPCM
[00:20:18] [243/326] PDRS
[00:20:18] [244/326] ANCV
[00:20:19] [245/326] CMVV
[00:20:20] [246/326] SHYP
[00:20:21] [247/326] DNCS
[00:20:22] [248/326] GAJK
[00:20:22] [249/326] AKTN
[00:20:23] [250/326] KAYA
[00:20:24] 🔄 Identity reset
[00:20:24] 🔄 Identity rotated (every 10 requests)
[00:20:24] [251/326] SBRC
[00:20:25] [252/326] CHTP
[00:20:25] [253/326] SHRT
[00:20:26] [254/326] BCKU
[00:20:27] [255/326] FCPS
[00:20:28] [256/326] ARDD
[00:20:28] [257/326] CPCM
[00:20:29] [258/326] CGSM
[00:20:30] [259/326] PSMP
[00:20:31] [260/326] SDAL
[00:20:31] 🔄 Identity reset
[00:20:31] 🔄 Identity rotated (every 10 requests)
[00:20:32] [261/326] RTNB
[00:20:33] [262/326] LMCR
[00:20:33] [263/326] CIMA
[00:20:34] [264/326] RNAS
[00:20:35] [265/326] LITH
[00:20:36] [266/326] PBOX
[00:20:37] [267/326] FRTS
[00:20:37] [268/326] RKIC
[00:20:38] [269/326] PTAI
[00:20:39] [270/326] GCIC
[00:20:39] 🔄 Identity reset
[00:20:39] 🔄 Identity rotated (every 10 requests)
[00:20:40] [271/326] FNAS
[00:20:41] [272/326] SCAR
[00:20:41] [273/326] MTCA
[00:20:42] [274/326] SCTS
[00:20:44] [275/326] SYCS
[00:20:45] [276/326] RDMS
[00:20:46] [277/326] KAMP
[00:20:46] [278/326] ERSD
[00:20:47] [279/326] MJMJ
[00:20:48] [280/326] SRCJ
[00:20:48] 🔄 Identity reset
[00:20:48] 🔄 Identity rotated (every 10 requests)
[00:20:48] [281/326] SCXE
[00:20:49] [282/326] SVFR
[00:20:50] [283/326] BHCS
[00:20:51] [284/326] IMCC
[00:20:51] [285/326] PCBO
[00:20:52] [286/326] PRVN
[00:20:53] [287/326] AUPM
[00:20:54] [288/326] INBW
[00:20:55] [289/326] SVCW
[00:20:55] [290/326] RKCF
[00:20:56] 🔄 Identity reset
[00:20:56] 🔄 Identity rotated (every 10 requests)
[00:20:56] [291/326] UVBH
[00:20:57] [292/326] DNCY
[00:20:58] [293/326] ABCN
[00:20:59] [294/326] PRUR
[00:21:00] [295/326] PFMR
[00:21:01] [296/326] RKCN
[00:21:02] [297/326] CFEA
[00:21:03] [298/326] SDBG
[00:21:03] [299/326] SNAR
[00:21:04] [300/326] YISI
[00:21:05] 🔄 Identity reset
[00:21:05] 🔄 Identity rotated (every 10 requests)
[00:21:05] [301/326] JCFF
[00:21:06] [302/326] VTRK
[00:21:06] [303/326] PCLZ
[00:21:07] [304/326] DIMY
[00:21:08] [305/326] BBTS
[00:21:09] [306/326] GATH
[00:21:10] [307/326] GTMN
[00:21:11] [308/326] VTMH
[00:21:12] [309/326] CCKP
[00:21:13] [310/326] GPKA
[00:21:14] 🔄 Identity reset
[00:21:14] 🔄 Identity rotated (every 10 requests)
[00:21:14] [311/326] MHCL
[00:21:15] [312/326] ATCL
[00:21:16] [313/326] SBCK
[00:21:16] [314/326] AMMR
[00:21:17] [315/326] MADC
[00:21:18] [316/326] TMMA
[00:21:19] [317/326] CACC
[00:21:20] [318/326] CHAL
[00:21:20] [319/326] DURG
[00:21:21] [320/326] GMKU
[00:21:21] 🔄 Identity reset
[00:21:21] 🔄 Identity rotated (every 10 requests)
[00:21:22] [321/326] GECA
[00:21:22] [322/326] KYRR
[00:21:23] [323/326] KSDE
[00:21:24] [324/326] LMCI
[00:21:25] [325/326] NKCP
[00:21:25] [326/326] BGTC
[00:21:26] ✅ DONE | Shows=0 | Movies=0
[01:17:00] 🚀 BMS DAILY TRACKER STARTED (enhanced anti‑detection)
[01:17:00] [1/326] BSAT
[01:17:00] 🧠 New identity created
[01:17:02] [2/326] RSSM
[01:17:03] [3/326] GCTA
[01:17:04] [4/326] TOPN
[01:17:05] [5/326] MCUS
[01:17:06] [6/326] SHRL
[01:17:06] [7/326] UPTP
[01:17:07] [8/326] TMMP
[01:17:08] [9/326] DNRP
[01:17:09] [10/326] SRLT
[01:17:10] 🔄 Identity reset
[01:17:10] 🔄 Identity rotated (every 10 requests)
[01:17:10] [11/326] RCNS
[01:17:11] [12/326] DCBH
[01:17:12] [13/326] NAGJ
[01:17:13] [14/326] JVRC
[01:17:14] [15/326] KRJG
[01:17:15] [16/326] SRTJ
[01:17:16] [17/326] CMXM
[01:17:18] [18/326] STMI
[01:17:19] [19/326] SLST
[01:17:20] [20/326] DTCN
[01:17:20] 🔄 Identity reset
[01:17:20] 🔄 Identity rotated (every 10 requests)
[01:17:20] [21/326] STYN
[01:17:21] [22/326] SZVR
[01:17:22] [23/326] SRKO
[01:17:23] [24/326] JTGT
[01:17:24] [25/326] SVFD
[01:17:25] [26/326] SISD
[01:17:26] [27/326] ABDD
[01:17:27] [28/326] DRCA
[01:17:28] [29/326] AVCS
[01:17:28] [30/326] MVKH
[01:17:29] 🔄 Identity reset
[01:17:29] 🔄 Identity rotated (every 10 requests)
[01:17:29] [31/326] ACPR
[01:17:30] [32/326] STIP
[01:17:32] [33/326] MTRA
[01:17:33] [34/326] RMKH
[01:17:34] [35/326] NKRL
[01:17:35] [36/326] PCWN
[01:17:36] [37/326] BLMT
[01:17:37] [38/326] GDPG
[01:17:38] [39/326] SRMX
[01:17:38] [40/326] JACP
[01:17:39] 🔄 Identity reset
[01:17:39] 🔄 Identity rotated (every 10 requests)
[01:17:39] [41/326] CPSH
[01:17:40] [42/326] MCCD
[01:17:41] [43/326] ECGH
[01:17:42] [44/326] MKCK
[01:17:43] [45/326] SRMM
[01:17:44] [46/326] SKYR
[01:17:44] [47/326] PCKC
[01:17:46] [48/326] JCMA
[01:17:47] [49/326] BSMP
[01:17:48] [50/326] VSPA
[01:17:48] 🔄 Identity reset
[01:17:48] 🔄 Identity rotated (every 10 requests)
[01:17:49] [51/326] DJYA
[01:17:49] [52/326] DIMP
[01:17:50] [53/326] FXDR
[01:17:51] [54/326] SSRC
[01:17:52] [55/326] STHP
[01:17:53] [56/326] CPPD
[01:17:54] [57/326] FCLK
[01:17:55] [58/326] SCPP
[01:17:56] [59/326] DCMJ
[01:17:56] [60/326] RCCR
[01:17:57] 🔄 Identity reset
[01:17:57] 🔄 Identity rotated (every 10 requests)
[01:17:58] [61/326] INMT
[01:17:59] [62/326] LXTK
[01:18:00] [63/326] SRYK
[01:18:01] [64/326] SGDK
[01:18:01] [65/326] PPKA
[01:18:03] [66/326] SPKA
[01:18:04] [67/326] CGHH
[01:18:05] [68/326] DCJN
[01:18:06] [69/326] SRKV
[01:18:07] [70/326] SAJC
[01:18:07] 🔄 Identity reset
[01:18:07] 🔄 Identity rotated (every 10 requests)
[01:18:08] [71/326] SUSR
[01:18:09] [72/326] STYG
[01:18:10] [73/326] NTKP
[01:18:10] [74/326] AKTG
[01:18:11] [75/326] CGCM
[01:18:12] [76/326] TULC
[01:18:13] [77/326] NYYZ
[01:18:14] [78/326] NYBW
[01:18:15] [79/326] MACB
[01:18:16] [80/326] SLVT
[01:18:16] 🔄 Identity reset
[01:18:16] 🔄 Identity rotated (every 10 requests)
[01:18:17] [81/326] SANA
[01:18:18] [82/326] ACMR
[01:18:19] [83/326] CPKN
[01:18:19] [84/326] DLGK
[01:18:20] [85/326] CWCK
[01:18:21] [86/326] FDDH
[01:18:22] [87/326] MMMD
[01:18:23] [88/326] CMEH
[01:18:24] [89/326] GGGV
[01:18:25] [90/326] SPJL
[01:18:25] 🔄 Identity reset
[01:18:25] 🔄 Identity rotated (every 10 requests)
[01:18:26] [91/326] RCCD
[01:18:27] [92/326] STTZ
[01:18:27] [93/326] BTCF
[01:18:28] [94/326] TSTZ
[01:18:29] [95/326] IPMM
[01:18:30] [96/326] PMPW
[01:18:31] [97/326] PCMZ
[01:18:32] [98/326] ESEM
[01:18:33] [99/326] PIPO
[01:18:34] [100/326] MATK
[01:18:34] 🔄 Identity reset
[01:18:34] 🔄 Identity rotated (every 10 requests)
[01:18:35] [101/326] PGHM
[01:18:36] [102/326] CTSR
[01:18:37] [103/326] CYKR
[01:18:38] [104/326] MSCM
[01:18:38] [105/326] RFNP
[01:18:39] [106/326] PDCP
[01:18:40] [107/326] NPSE
[01:18:41] [108/326] MKML
[01:18:42] [109/326] FTDP
[01:18:43] [110/326] MMXA
[01:18:43] 🔄 Identity reset
[01:18:43] 🔄 Identity rotated (every 10 requests)
[01:18:44] [111/326] CEPO
[01:18:45] [112/326] CMVP
[01:18:46] [113/326] SGTH
[01:18:47] [114/326] SAYN
[01:18:48] [115/326] URVS
[01:18:48] [116/326] VJTN
[01:18:49] [117/326] BBYK
[01:18:50] [118/326] SHBO
[01:18:51] [119/326] VCMR
[01:18:52] [120/326] MACT
[01:18:53] 🔄 Identity reset
[01:18:53] 🔄 Identity rotated (every 10 requests)
[01:18:54] [121/326] JMNP
[01:18:55] [122/326] VICS
[01:18:55] [123/326] VCDA
[01:18:56] [124/326] GCMM
[01:18:57] [125/326] INVS
[01:18:58] [126/326] SCGM
[01:18:59] [127/326] PCDA
[01:19:00] [128/326] KDCT
[01:19:02] [129/326] JACS
[01:19:03] [130/326] GMMC
[01:19:03] 🔄 Identity reset
[01:19:03] 🔄 Identity rotated (every 10 requests)
[01:19:04] [131/326] AICM
[01:19:05] [132/326] TJCM
[01:19:06] [133/326] RMTI
[01:19:07] [134/326] SHAC
[01:19:08] [135/326] APJC
[01:19:08] [136/326] GCTG
[01:19:10] [137/326] SSMC
[01:19:11] [138/326] THRM
[01:19:12] [139/326] RBCT
[01:19:13] [140/326] DIKT
[01:19:14] 🔄 Identity reset
[01:19:14] 🔄 Identity rotated (every 10 requests)
[01:19:14] [141/326] MIDL
[01:19:15] [142/326] VCSN
[01:19:15] [143/326] SKTG
[01:19:16] [144/326] SMWC
[01:19:17] [145/326] MNKH
[01:19:18] [146/326] PIAT
[01:19:19] [147/326] LTTP
[01:19:20] [148/326] PTPU
[01:19:21] [149/326] ACMG
[01:19:22] [150/326] SHMM
[01:19:23] 🔄 Identity reset
[01:19:23] 🔄 Identity rotated (every 10 requests)
[01:19:23] [151/326] MCMN
[01:19:24] [152/326] GLDC
[01:19:25] [153/326] HOUT
[01:19:26] [154/326] SVRP
[01:19:27] [155/326] PVDN
[01:19:28] [156/326] SCPY
[01:19:29] [157/326] DTPY
[01:19:30] [158/326] GKCS
[01:19:32] [159/326] NCAM
[01:19:33] [160/326] BSRM
[01:19:33] 🔄 Identity reset
[01:19:33] 🔄 Identity rotated (every 10 requests)
[01:19:34] [161/326] RCLC
[01:19:35] [162/326] SKKD
[01:19:35] [163/326] ACHU
[01:19:36] [164/326] RSCF
[01:19:38] [165/326] IMSH
[01:19:39] [166/326] MACX
[01:19:40] [167/326] HMMW
[01:19:41] [168/326] JTCP
[01:19:42] [169/326] SREN
[01:19:42] [170/326] PJRR
[01:19:43] 🔄 Identity reset
[01:19:43] 🔄 Identity rotated (every 10 requests)
[01:19:43] [171/326] INAC
[01:19:44] [172/326] BMCA
[01:19:45] [173/326] SHCB
[01:19:47] [174/326] GABA
[01:19:48] [175/326] SBCT
[01:19:49] [176/326] GCMA
[01:19:50] [177/326] MYTK
[01:19:51] [178/326] INZS
[01:19:52] [179/326] RMIK
[01:19:52] [180/326] NYCH
[01:19:53] 🔄 Identity reset
[01:19:53] 🔄 Identity rotated (every 10 requests)
[01:19:53] [181/326] RAVE
[01:19:54] [182/326] PSXM
[01:19:55] [183/326] MCGP
[01:19:56] [184/326] PDDK
[01:19:57] [185/326] SPCK
[01:19:58] [186/326] MCRL
[01:19:59] [187/326] MHKT
[01:20:00] [188/326] ANRR
[01:20:01] [189/326] SAPK
[01:20:02] [190/326] NCUK
[01:20:03] 🔄 Identity reset
[01:20:03] 🔄 Identity rotated (every 10 requests)
[01:20:03] [191/326] JUGA
[01:20:04] [192/326] DBSC
[01:20:05] [193/326] LALK
[01:20:06] [194/326] GUCK
[01:20:06] [195/326] STSG
[01:20:07] [196/326] PPPZ
[01:20:08] [197/326] CNCY
[01:20:09] [198/326] MTAR
[01:20:10] [199/326] VNKD
[01:20:11] [200/326] KMAJ
[01:20:11] 🔄 Identity reset
[01:20:11] 🔄 Identity rotated (every 10 requests)
[01:20:12] [201/326] ACXK
[01:20:13] [202/326] UTKC
[01:20:14] [203/326] PBLK
[01:20:15] [204/326] ACBX
[01:20:16] [205/326] PTGM
[01:20:17] [206/326] BTDA
[01:20:18] [207/326] PJMB
[01:20:19] [208/326] TPDA
[01:20:19] [209/326] AMOE
[01:20:20] [210/326] PRHT
[01:20:21] 🔄 Identity reset
[01:20:21] 🔄 Identity rotated (every 10 requests)
[01:20:22] [211/326] PRTA
[01:20:22] [212/326] STAM
[01:20:23] [213/326] MSAA
[01:20:24] [214/326] SDLU
[01:20:25] [215/326] RCHH
[01:20:27] [216/326] KANT
[01:20:28] [217/326] FCRT
[01:20:29] [218/326] DNKM
[01:20:30] [219/326] RYCP
[01:20:31] [220/326] MYRP
[01:20:31] 🔄 Identity reset
[01:20:31] 🔄 Identity rotated (every 10 requests)
[01:20:32] [221/326] PPAK
[01:20:33] [222/326] NVPK
[01:20:34] [223/326] PRMC
[01:20:35] [224/326] JBCS
[01:20:36] [225/326] GXCK
[01:20:37] [226/326] USKO
[01:20:38] [227/326] GTEM
[01:20:39] [228/326] SMBU
[01:20:40] [229/326] VETC
[01:20:41] [230/326] LCDA
[01:20:41] 🔄 Identity reset
[01:20:41] 🔄 Identity rotated (every 10 requests)
[01:20:42] [231/326] MTVT
[01:20:42] [232/326] PYCP
[01:20:43] [233/326] PNSC
[01:20:44] [234/326] PPCC
[01:20:45] [235/326] TGRT
[01:20:46] [236/326] JYOT
[01:20:47] [237/326] SRCZ
[01:20:48] [238/326] SJTE
[01:20:49] [239/326] DESC
[01:20:50] [240/326] JHVN
[01:20:50] 🔄 Identity reset
[01:20:50] 🔄 Identity rotated (every 10 requests)
[01:20:50] [241/326] IPSG
[01:20:51] [242/326] IPCM
[01:20:52] [243/326] PDRS
[01:20:53] [244/326] ANCV
[01:20:54] [245/326] CMVV
[01:20:55] [246/326] SHYP
[01:20:56] [247/326] DNCS
[01:20:58] [248/326] GAJK
[01:20:58] [249/326] AKTN
[01:20:59] [250/326] KAYA
[01:21:00] 🔄 Identity reset
[01:21:00] 🔄 Identity rotated (every 10 requests)
[01:21:00] [251/326] SBRC
[01:21:01] [252/326] CHTP
[01:21:02] [253/326] SHRT
[01:21:03] [254/326] BCKU
[01:21:04] [255/326] FCPS
[01:21:04] [256/326] ARDD
[01:21:05] [257/326] CPCM
[01:21:06] [258/326] CGSM
[01:21:07] [259/326] PSMP
[01:21:08] [260/326] SDAL
[01:21:09] 🔄 Identity reset
[01:21:09] 🔄 Identity rotated (every 10 requests)
[01:21:09] [261/326] RTNB
[01:21:10] [262/326] LMCR
[01:21:11] [263/326] CIMA
[01:21:12] [264/326] RNAS
[01:21:13] [265/326] LITH
[01:21:14] [266/326] PBOX
[01:21:15] [267/326] FRTS
[01:21:16] [268/326] RKIC
[01:21:17] [269/326] PTAI
[01:21:18] [270/326] GCIC
[01:21:18] 🔄 Identity reset
[01:21:18] 🔄 Identity rotated (every 10 requests)
[01:21:19] [271/326] FNAS
[01:21:20] [272/326] SCAR
[01:21:21] [273/326] MTCA
[01:21:22] [274/326] SCTS
[01:21:23] [275/326] SYCS
[01:21:24] [276/326] RDMS
[01:21:24] [277/326] KAMP
[01:21:26] [278/326] ERSD
[01:21:27] [279/326] MJMJ
[01:21:28] [280/326] SRCJ
[01:21:29] 🔄 Identity reset
[01:21:29] 🔄 Identity rotated (every 10 requests)
[01:21:29] [281/326] SCXE
[01:21:30] [282/326] SVFR
[01:21:31] [283/326] BHCS
[01:21:32] [284/326] IMCC
[01:21:33] [285/326] PCBO
[01:21:34] [286/326] PRVN
[01:21:35] [287/326] AUPM
[01:21:36] [288/326] INBW
[01:21:37] [289/326] SVCW
[01:21:38] [290/326] RKCF
[01:21:38] 🔄 Identity reset
[01:21:38] 🔄 Identity rotated (every 10 requests)
[01:21:39] [291/326] UVBH
[01:21:40] [292/326] DNCY
[01:21:41] [293/326] ABCN
[01:21:42] [294/326] PRUR
[01:21:43] [295/326] PFMR
[01:21:44] [296/326] RKCN
[01:21:45] [297/326] CFEA
[01:21:46] [298/326] SDBG
[01:21:46] [299/326] SNAR
[01:21:48] [300/326] YISI
[01:21:49] 🔄 Identity reset
[01:21:49] 🔄 Identity rotated (every 10 requests)
[01:21:49] [301/326] JCFF
[01:21:50] [302/326] VTRK
[01:21:51] [303/326] PCLZ
[01:21:52] [304/326] DIMY
[01:21:52] [305/326] BBTS
[01:21:53] [306/326] GATH
[01:21:54] [307/326] GTMN
[01:21:55] [308/326] VTMH
[01:21:56] [309/326] CCKP
[01:21:57] [310/326] GPKA
[01:21:58] 🔄 Identity reset
[01:21:58] 🔄 Identity rotated (every 10 requests)
[01:21:58] [311/326] MHCL
[01:21:59] [312/326] ATCL
[01:22:00] [313/326] SBCK
[01:22:01] [314/326] AMMR
[01:22:02] [315/326] MADC
[01:22:03] [316/326] TMMA
[01:22:04] [317/326] CACC
[01:22:05] [318/326] CHAL
[01:22:06] [319/326] DURG
[01:22:08] [320/326] GMKU
[01:22:08] 🔄 Identity reset
[01:22:08] 🔄 Identity rotated (every 10 requests)
[01:22:09] [321/326] GECA
[01:22:09] [322/326] KYRR
[01:22:10] [323/326] KSDE
[01:22:11] [324/326] LMCI
[01:22:12] [325/326] NKCP
[01:22:13] [326/326] BGTC
[01:22:14] ✅ DONE | Shows=0 | Movies=0
