[19:11:19] 🚀 SCRIPT STARTED (enhanced anti‑detection)
[19:11:19] [1/458] MBDC
[19:11:20] 🧠 New identity created
[19:11:20] [2/458] CHKM
[19:11:21] [3/458] JTKZ
[19:11:22] [4/458] CMCT
[19:11:23] [5/458] ASHO
[19:11:23] [6/458] ECDG
[19:11:24] [7/458] SPAT
[19:11:25] [8/458] HILC
[19:11:26] [9/458] SPPH
[19:11:27] [10/458] SBHN
[19:11:28] 🔄 Identity reset
[19:11:28] 🔄 Identity rotated (every 10 requests)
[19:11:28] [11/458] RRCA
[19:11:29] [12/458] APAA
[19:11:30] [13/458] RAME
[19:11:30] [14/458] TMMS
[19:11:31] [15/458] BATK
[19:11:32] [16/458] LKOP
[19:11:33] [17/458] AMTT
[19:11:34] [18/458] PTGK
[19:11:35] [19/458] ANRS
[19:11:35] [20/458] VWBW
[19:11:36] 🔄 Identity reset
[19:11:36] 🔄 Identity rotated (every 10 requests)
[19:11:37] [21/458] SVFG
[19:11:38] [22/458] STAT
[19:11:39] [23/458] GDCV
[19:11:40] [24/458] VEBI
[19:11:40] [25/458] VDSS
[19:11:42] [26/458] NTHV
[19:11:42] [27/458] AOCH
[19:11:44] [28/458] KASR
[19:11:44] [29/458] AYCS
[19:11:45] [30/458] SHAI
[19:11:46] 🔄 Identity reset
[19:11:46] 🔄 Identity rotated (every 10 requests)
[19:11:46] 🔄 Retry 1/5 for SHAI in 2.5s
[19:11:46] 🔄 Identity reset
[19:11:49] 🧠 New identity created
[19:11:49] 🔄 Retry 2/5 for SHAI in 4.6s
[19:11:49] 🔄 Identity reset
[19:11:53] 🧠 New identity created
[19:11:54] [31/458] SKPE
[19:11:54] [32/458] SBTA
[19:11:55] [33/458] RTTD
[19:11:57] [34/458] CCJD
[19:11:57] [35/458] RSJJ
[19:11:58] [36/458] RKND
[19:12:00] [37/458] SVTX
[19:12:01] [38/458] BAKM
[19:12:01] 🔄 Identity reset
[19:12:01] 🔄 Identity rotated (every 10 requests)
[19:12:01] 🔄 Retry 1/5 for BAKM in 2.1s
[19:12:01] 🔄 Identity reset
[19:12:03] 🧠 New identity created
[19:12:04] [39/458] SVDC
[19:12:05] [40/458] MNCV
[19:12:06] [41/458] SJGC
[19:12:06] [42/458] MTPK
[19:12:07] [43/458] GATP
[19:12:08] [44/458] ABTS
[19:12:09] [45/458] ABDE
[19:12:10] [46/458] RCNM
[19:12:10] [47/458] KTHV
[19:12:11] 🔄 Identity reset
[19:12:11] 🔄 Identity rotated (every 10 requests)
[19:12:11] 🔄 Retry 1/5 for KTHV in 2.1s
[19:12:11] 🔄 Identity reset
[19:12:13] 🧠 New identity created
[19:12:14] [48/458] MDGJ
[19:12:14] [49/458] SMLM
[19:12:15] [50/458] JTMA
[19:12:16] [51/458] ACKP
[19:12:17] [52/458] SRTA
[19:12:18] [53/458] STAY
[19:12:18] [54/458] MAVO
[19:12:19] [55/458] APTS
[19:12:20] [56/458] OMEA
[19:12:21] 🔄 Identity reset
[19:12:21] 🔄 Identity rotated (every 10 requests)
[19:12:21] 🔄 Retry 1/5 for OMEA in 2.5s
[19:12:21] 🔄 Identity reset
[19:12:23] 🧠 New identity created
[19:12:24] [57/458] TTFD
[19:12:24] [58/458] MJCU
[19:12:25] [59/458] CXTE
[19:12:26] [60/458] CTPX
[19:12:27] [61/458] ASSL
[19:12:28] [62/458] CMVB
[19:12:28] [63/458] VPUR
[19:12:29] [64/458] JJDA
[19:12:30] [65/458] INBL
[19:12:31] 🔄 Identity reset
[19:12:31] 🔄 Identity rotated (every 10 requests)
[19:12:31] 🔄 Retry 1/5 for INBL in 2.7s
[19:12:31] 🔄 Identity reset
[19:12:34] 🧠 New identity created
[19:12:34] [66/458] BIKB
[19:12:35] [67/458] NTBB
[19:12:36] [68/458] GLOB
[19:12:37] [69/458] SNTB
[19:12:37] [70/458] CHGV
[19:12:38] [71/458] SSBZ
[19:12:39] [72/458] PRDB
[19:12:40] [73/458] ISMT
[19:12:41] [74/458] MCSD
[19:12:42] 🔄 Identity reset
[19:12:42] 🔄 Identity rotated (every 10 requests)
[19:12:42] [75/458] JBTT
[19:12:43] [76/458] GEKR
[19:12:44] [77/458] PVUN
[19:12:44] [78/458] NRTB
[19:12:45] [79/458] PRAA
[19:12:46] [80/458] PCBL
[19:12:47] [81/458] PTCM
[19:12:48] [82/458] KHNN
[19:12:49] [83/458] OMJE
[19:12:50] [84/458] STGN
[19:12:50] 🔄 Identity reset
[19:12:50] 🔄 Identity rotated (every 10 requests)
[19:12:51] [85/458] RPMS
[19:12:52] [86/458] NWAD
[19:12:53] [87/458] BLCK
[19:12:54] [88/458] SVAA
[19:12:54] [89/458] URVM
[19:12:55] [90/458] ANTM
[19:12:56] [91/458] VJYM
[19:12:57] [92/458] MAZZ
[19:12:58] [93/458] CSHM
[19:12:59] [94/458] WGMH
[19:12:59] 🔄 Identity reset
[19:13:00] 🔄 Identity rotated (every 10 requests)
[19:13:00] 🔄 Retry 1/5 for WGMH in 2.1s
[19:13:00] 🔄 Identity reset
[19:13:02] 🧠 New identity created
[19:13:03] [95/458] SALN
[19:13:04] [96/458] BRTP
[19:13:05] [97/458] SVTA
[19:13:06] [98/458] SBTP
[19:13:07] [99/458] VLSS
[19:13:08] [100/458] SRJA
[19:13:10] [101/458] ANCG
[19:13:11] [102/458] CGGC
[19:13:11] [103/458] CRJA
[19:13:12] 🔄 Identity reset
[19:13:12] 🔄 Identity rotated (every 10 requests)
[19:13:12] [104/458] USCR
[19:13:14] [105/458] MMEF
[19:13:15] [106/458] JCRJ
[19:13:16] [107/458] ADCM
[19:13:17] [108/458] BMYK
[19:13:18] [109/458] KICS
[19:13:19] [110/458] MBBT
[19:13:19] [111/458] MACK
[19:13:20] [112/458] CLDR
[19:13:21] [113/458] JYCR
[19:13:22] 🔄 Identity reset
[19:13:22] 🔄 Identity rotated (every 10 requests)
[19:13:22] 🔄 Retry 1/5 for JYCR in 2.2s
[19:13:22] 🔄 Identity reset
[19:13:24] 🧠 New identity created
[19:13:24] [114/458] DCRP
[19:13:25] [115/458] RAHT
[19:13:26] [116/458] CSSM
[19:13:27] [117/458] ATPK
[19:13:28] [118/458] KLRT
[19:13:29] [119/458] SRDD
[19:13:29] [120/458] CKMC
[19:13:30] [121/458] KRVM
[19:13:31] [122/458] AKCP
[19:13:32] 🔄 Identity reset
[19:13:32] 🔄 Identity rotated (every 10 requests)
[19:13:32] [123/458] CNCV
[19:13:33] [124/458] PACT
[19:13:34] [125/458] NATP
[19:13:34] [126/458] PCPK
[19:13:35] [127/458] SMHO
[19:13:36] [128/458] CWTK
[19:13:38] [129/458] RVKZ
[19:13:39] [130/458] ASPD
[19:13:39] [131/458] VTKZ
[19:13:41] [132/458] LCSO
[19:13:42] 🔄 Identity reset
[19:13:42] 🔄 Identity rotated (every 10 requests)
[19:13:42] 🔄 Retry 1/5 for LCSO in 2.4s
[19:13:42] 🔄 Identity reset
[19:13:44] 🧠 New identity created
[19:13:44] [133/458] PRDY
[19:13:45] [134/458] RCAP
[19:13:46] [135/458] RGAR
[19:13:47] [136/458] RCAC
[19:13:48] [137/458] PMOD
[19:13:49] [138/458] PVCN
[19:13:51] [139/458] SCRZ
[19:13:52] [140/458] PVPC
[19:13:52] [141/458] STID
[19:13:53] 🔄 Identity reset
[19:13:53] 🔄 Identity rotated (every 10 requests)
[19:13:53] [142/458] NEDD
[19:13:54] [143/458] BNBA
[19:13:55] [144/458] NTCD
[19:13:56] [145/458] OCDE
[19:13:57] [146/458] CCDU
[19:13:57] [147/458] CRXH
[19:13:58] [148/458] VLVT
[19:13:59] [149/458] CICI
[19:14:00] [150/458] SUCB
[19:14:01] [151/458] TCBP
[19:14:01] 🔄 Identity reset
[19:14:01] 🔄 Identity rotated (every 10 requests)
[19:14:01] [152/458] SCCY
[19:14:02] [153/458] LXCY
[19:14:03] [154/458] NCMD
[19:14:04] [155/458] PHCS
[19:14:05] [156/458] DUXR
[19:14:06] [157/458] VNKS
[19:14:06] [158/458] SEDP
[19:14:07] [159/458] SVEN
[19:14:08] [160/458] SRKM
[19:14:09] [161/458] JTLT
[19:14:10] 🔄 Identity reset
[19:14:10] 🔄 Identity rotated (every 10 requests)
[19:14:10] [162/458] SVSS
[19:14:11] [163/458] AMDE
[19:14:12] [164/458] WVRN
[19:14:13] [165/458] ISMG
[19:14:14] [166/458] WVKS
[19:14:15] [167/458] USCG
[19:14:16] [168/458] IOTG
[19:14:17] [169/458] RRJM
[19:14:19] [170/458] EDMP
[19:14:19] [171/458] SCGZ
[19:14:20] 🔄 Identity reset
[19:14:20] 🔄 Identity rotated (every 10 requests)
[19:14:20] 🔄 Retry 1/5 for SCGZ in 2.2s
[19:14:20] 🔄 Identity reset
[19:14:23] 🧠 New identity created
[19:14:23] [172/458] GMGX
[19:14:24] [173/458] OMTP
[19:14:25] [174/458] MITD
[19:14:25] [175/458] SMMD
[19:14:26] [176/458] STML
[19:14:28] [177/458] MCFS
[19:14:28] [178/458] FPKA
[19:14:29] [179/458] OMLR
[19:14:30] [180/458] KKSC
[19:14:31] 🔄 Identity reset
[19:14:31] 🔄 Identity rotated (every 10 requests)
[19:14:31] [181/458] RVMA
[19:14:32] [182/458] SCLL
[19:14:33] [183/458] SCDK
[19:14:33] [184/458] SXMI
[19:14:34] [185/458] SHDN
[19:14:35] [186/458] PAAD
[19:14:36] [187/458] UUCB
[19:14:37] [188/458] JHOL
[19:14:38] [189/458] SGWT
[19:14:39] [190/458] SRII
[19:14:39] 🔄 Identity reset
[19:14:39] 🔄 Identity rotated (every 10 requests)
[19:14:40] [191/458] SGCK
[19:14:40] [192/458] SVVB
[19:14:41] [193/458] DMHA
[19:14:42] [194/458] PPNL
[19:14:43] [195/458] CPNL
[19:14:44] [196/458] WVLD
[19:14:45] [197/458] PSLV
[19:14:45] [198/458] VTTL
[19:14:46] [199/458] NPAD
[19:14:47] [200/458] PVCS
[19:14:48] 🔄 Identity reset
[19:14:48] 🔄 Identity rotated (every 10 requests)
[19:14:49] [201/458] MCHL
[19:14:50] [202/458] PPLL
[19:14:51] [203/458] MALO
[19:14:52] [204/458] SWBH
[19:14:53] [205/458] PUGB
[19:14:54] [206/458] INBB
[19:14:55] [207/458] INNS
[19:14:55] [208/458] MCPT
[19:14:56] [209/458] SCMI
[19:14:57] [210/458] OCON
[19:14:58] 🔄 Identity reset
[19:14:58] 🔄 Identity rotated (every 10 requests)
[19:14:58] [211/458] SCSM
[19:14:59] [212/458] RJVN
[19:15:00] [213/458] AMDK
[19:15:01] [214/458] ISMR
[19:15:01] [215/458] SMTD
[19:15:02] [216/458] VTDD
[19:15:03] [217/458] PDDZ
[19:15:04] [218/458] PCCK
[19:15:05] [219/458] INAM
[19:15:07] [220/458] FNKT
[19:15:08] 🔄 Identity reset
[19:15:08] 🔄 Identity rotated (every 10 requests)
[19:15:08] 🔄 Retry 1/5 for FNKT in 2.4s
[19:15:08] 🔄 Identity reset
[19:15:11] 🧠 New identity created
[19:15:11] [221/458] GDKA
[19:15:12] [222/458] MAYU
[19:15:13] [223/458] TCGU
[19:15:13] [224/458] KDCA
[19:15:14] [225/458] DOMY
[19:15:15] [226/458] PDDD
[19:15:16] [227/458] BJTS
[19:15:17] [228/458] VTCA
[19:15:17] [229/458] SBTM
[19:15:18] 🔄 Identity reset
[19:15:18] 🔄 Identity rotated (every 10 requests)
[19:15:18] [230/458] SEET
[19:15:19] [231/458] SSTJ
[19:15:20] [232/458] SVNT
[19:15:21] [233/458] PPPR
[19:15:22] [234/458] PVYS
[19:15:23] [235/458] IOSE
[19:15:24] [236/458] ACTV
[19:15:24] [237/458] APVE
[19:15:25] [238/458] TCCL
[19:15:27] [239/458] SCMO
[19:15:27] 🔄 Identity reset
[19:15:27] 🔄 Identity rotated (every 10 requests)
[19:15:27] 🔄 Retry 1/5 for SCMO in 2.7s
[19:15:27] 🔄 Identity reset
[19:15:30] 🧠 New identity created
[19:15:30] [240/458] SAUM
[19:15:31] [241/458] KCJS
[19:15:32] [242/458] NJCJ
[19:15:33] [243/458] NECF
[19:15:34] [244/458] CCGW
[19:15:35] [245/458] CCMG
[19:15:36] [246/458] NYRG
[19:15:36] [247/458] NCSQ
[19:15:37] [248/458] GRCG
[19:15:38] 🔄 Identity reset
[19:15:38] 🔄 Identity rotated (every 10 requests)
[19:15:38] [249/458] CCBT
[19:15:40] [250/458] ACGA
[19:15:41] [251/458] INAG
[19:15:42] [252/458] FUCG
[19:15:43] [253/458] AICF
[19:15:44] [254/458] GRGA
[19:15:45] [255/458] GDCN
[19:15:46] [256/458] RRCG
[19:15:47] [257/458] SDCH
[19:15:48] [258/458] WVJM
[19:15:49] 🔄 Identity reset
[19:15:49] 🔄 Identity rotated (every 10 requests)
[19:15:49] [259/458] JCCZ
[19:15:50] [260/458] CNCL
[19:15:51] [261/458] TMLV
[19:15:51] [262/458] MEMB
[19:15:52] [263/458] SGTD
[19:15:53] [264/458] CONX
[19:15:54] [265/458] CCMH
[19:15:55] [266/458] ACMC
[19:15:56] [267/458] DTPD
[19:15:56] [268/458] POJA
[19:15:57] 🔄 Identity reset
[19:15:57] 🔄 Identity rotated (every 10 requests)
[19:15:58] [269/458] FNBH
[19:15:59] [270/458] CGCB
[19:16:00] [271/458] RACN
[19:16:00] [272/458] JTSM
[19:16:01] [273/458] SCDN
[19:16:02] [274/458] AACK
[19:16:03] [275/458] RMCE
[19:16:04] [276/458] BSGB
[19:16:05] [277/458] MRCB
[19:16:06] [278/458] SRVR
[19:16:06] 🔄 Identity reset
[19:16:06] 🔄 Identity rotated (every 10 requests)
[19:16:06] [279/458] VTKK
[19:16:07] [280/458] AMST
[19:16:08] [281/458] APCY
[19:16:09] [282/458] LMHO
[19:16:10] [283/458] MTZH
[19:16:11] [284/458] AMZB
[19:16:12] [285/458] SUVT
[19:16:12] [286/458] RCIP
[19:16:13] [287/458] KESR
[19:16:14] [288/458] SNKC
[19:16:15] 🔄 Identity reset
[19:16:15] 🔄 Identity rotated (every 10 requests)
[19:16:15] [289/458] SCED
[19:16:16] [290/458] DVCA
[19:16:17] [291/458] VCDT
[19:16:18] [292/458] RRDI
[19:16:19] [293/458] DFCH
[19:16:20] [294/458] INSC
[19:16:21] [295/458] RGTR
[19:16:21] [296/458] FMOT
[19:16:22] [297/458] SCPM
[19:16:23] [298/458] GCDT
[19:16:24] 🔄 Identity reset
[19:16:24] 🔄 Identity rotated (every 10 requests)
[19:16:24] [299/458] BRKT
[19:16:25] [300/458] DEMP
[19:16:26] [301/458] SRLC
[19:16:27] [302/458] KSTT
[19:16:27] [303/458] SMMT
[19:16:28] [304/458] SILM
[19:16:29] [305/458] JCVM
[19:16:30] [306/458] KCSV
[19:16:31] [307/458] MHLK
[19:16:32] [308/458] SLVL
[19:16:33] 🔄 Identity reset
[19:16:33] 🔄 Identity rotated (every 10 requests)
[19:16:33] [309/458] RJKP
[19:16:34] [310/458] BBPC
[19:16:35] [311/458] MXCB
[19:16:36] [312/458] TCPK
[19:16:36] [313/458] RTBR
[19:16:37] [314/458] GAUT
[19:16:38] [315/458] DVCF
[19:16:39] [316/458] JTSB
[19:16:40] [317/458] SBLS
[19:16:41] [318/458] UDAY
[19:16:41] 🔄 Identity reset
[19:16:41] 🔄 Identity rotated (every 10 requests)
[19:16:42] [319/458] PTNP
[19:16:43] [320/458] DMKT
[19:16:45] [321/458] NTDT
[19:16:46] [322/458] SHDJ
[19:16:46] [323/458] OTNC
[19:16:47] [324/458] RNTW
[19:16:49] [325/458] GCMI
[19:16:49] [326/458] CRCM
[19:16:50] [327/458] NNCZ
[19:16:51] [328/458] OEMO
[19:16:52] 🔄 Identity reset
[19:16:52] 🔄 Identity rotated (every 10 requests)
[19:16:53] [329/458] PVJM
[19:16:54] [330/458] CPJI
[19:16:55] [331/458] RMCJ
[19:16:55] [332/458] CNWJ
[19:16:56] [333/458] EPJM
[19:16:57] [334/458] FNJJ
[19:16:58] [335/458] GCMJ
[19:16:59] [336/458] INPS
[19:17:00] [337/458] BICJ
[19:17:01] [338/458] ISTJ
[19:17:01] 🔄 Identity reset
[19:17:01] 🔄 Identity rotated (every 10 requests)
[19:17:01] [339/458] INJC
[19:17:03] [340/458] GLXJ
[19:17:04] [341/458] INEM
[19:17:05] [342/458] JTMN
[19:17:06] [343/458] FRCJ
[19:17:06] [344/458] DDJP
[19:17:08] [345/458] INJV
[19:17:09] [346/458] GOLC
[19:17:10] [347/458] KOCI
[19:17:11] [348/458] FSTD
[19:17:11] 🔄 Identity reset
[19:17:11] 🔄 Identity rotated (every 10 requests)
[19:17:12] 🔄 Retry 1/5 for FSTD in 2.3s
[19:17:12] 🔄 Identity reset
[19:17:14] 🧠 New identity created
[19:17:14] [349/458] PACJ
[19:17:16] [350/458] GMCN
[19:17:17] [351/458] MMDJ
[19:17:18] [352/458] GODH
[19:17:19] [353/458] SKYN
[19:17:20] [354/458] NCTH
[19:17:21] [355/458] SKVZ
[19:17:22] [356/458] SVML
[19:17:23] [357/458] ACVZ
[19:17:23] 🔄 Identity reset
[19:17:23] 🔄 Identity rotated (every 10 requests)
[19:17:24] [358/458] SURA
[19:17:24] [359/458] RTRB
[19:17:25] [360/458] LLCT
[19:17:26] [361/458] ATTS
[19:17:27] [362/458] JYCM
[19:17:28] [363/458] CTKR
[19:17:29] [364/458] LCKR
[19:17:30] [365/458] NYCV
[19:17:31] [366/458] NYOH
[19:17:32] [367/458] NOVX
[19:17:33] 🔄 Identity reset
[19:17:33] 🔄 Identity rotated (every 10 requests)
[19:17:33] [368/458] MRGK
[19:17:34] [369/458] MOON
[19:17:35] [370/458] SBUC
[19:17:35] [371/458] GSVA
[19:17:36] [372/458] VIAK
[19:17:37] [373/458] SMVZ
[19:17:38] [374/458] MATE
[19:17:39] [375/458] RDCN
[19:17:39] [376/458] ASBL
[19:17:42] [377/458] ASVS
[19:17:42] 🔄 Identity reset
[19:17:42] 🔄 Identity rotated (every 10 requests)
[19:17:43] [378/458] ASSR
[19:17:43] [379/458] SSKN
[19:17:44] [380/458] DRPV
[19:17:45] [381/458] MRHT
[19:17:46] [382/458] BSCN
[19:17:47] [383/458] RKNX
[19:17:48] [384/458] MSMC
[19:17:49] [385/458] MSCJ
[19:17:50] [386/458] BTBJ
[19:17:52] [387/458] MJCC
[19:17:52] 🔄 Identity reset
[19:17:52] 🔄 Identity rotated (every 10 requests)
[19:17:53] [388/458] IOMM
[19:17:54] [389/458] ADGR
[19:17:55] [390/458] MYCP
[19:17:56] [391/458] IGCM
[19:17:57] [392/458] PGRK
[19:17:58] [393/458] VPGO
[19:17:59] [394/458] KOMS
[19:18:00] [395/458] URGG
[19:18:01] [396/458] GOST
[19:18:02] [397/458] LACT
[19:18:03] 🔄 Identity reset
[19:18:03] 🔄 Identity rotated (every 10 requests)
[19:18:03] [398/458] BWCM
[19:18:04] [399/458] NCCW
[19:18:05] [400/458] SKYC
[19:18:06] [401/458] CCPM
[19:18:06] [402/458] VCBT
[19:18:07] [403/458] SDKR
[19:18:09] [404/458] CTYB
[19:18:09] [405/458] SHCX
[19:18:10] [406/458] RCUN
[19:18:11] [407/458] CNRA
[19:18:12] 🔄 Identity reset
[19:18:12] 🔄 Identity rotated (every 10 requests)
[19:18:12] [408/458] RFCA
[19:18:14] [409/458] RDCU
[19:18:14] [410/458] SARK
[19:18:16] [411/458] SPPP
[19:18:17] [412/458] ADMB
[19:18:17] [413/458] JYOE
[19:18:18] [414/458] SRMD
[19:18:19] [415/458] RJDH
[19:18:20] [416/458] SSTD
[19:18:21] [417/458] AACV
[19:18:21] 🔄 Identity reset
[19:18:21] 🔄 Identity rotated (every 10 requests)
[19:18:21] [418/458] PPVD
[19:18:22] [419/458] STCP
[19:18:23] [420/458] ANLS
[19:18:24] [421/458] BIJO
[19:18:25] [422/458] AVAB
[19:18:26] [423/458] SPMD
[19:18:27] [424/458] SVJL
[19:18:27] [425/458] SDDJ
[19:18:28] [426/458] SLTU
[19:18:29] [427/458] SAKA
[19:18:30] 🔄 Identity reset
[19:18:30] 🔄 Identity rotated (every 10 requests)
[19:18:30] [428/458] PMAM
[19:18:31] [429/458] FNAM
[19:18:32] [430/458] ACAM
[19:18:33] [431/458] SCMM
[19:18:34] [432/458] PMAK
[19:18:37] [433/458] NYSA
[19:18:37] [434/458] FCPA
[19:18:38] [435/458] GDAN
[19:18:39] [436/458] RSCA
[19:18:40] [437/458] DMAN
[19:18:41] 🔄 Identity reset
[19:18:41] 🔄 Identity rotated (every 10 requests)
[19:18:41] [438/458] DZCM
[19:18:42] [439/458] NSGL
[19:18:43] [440/458] CCPP
[19:18:43] [441/458] PSMG
[19:18:44] [442/458] GSER
[19:18:45] [443/458] FCCT
[19:18:46] [444/458] FCTB
[19:18:48] [445/458] LCNK
[19:18:48] [446/458] SKTY
[19:18:49] [447/458] INAA
[19:18:50] 🔄 Identity reset
[19:18:50] 🔄 Identity rotated (every 10 requests)
[19:18:50] [448/458] RCWN
[19:18:51] [449/458] VAIS
[19:18:53] [450/458] CVMN
[19:18:54] [451/458] INTS
[19:18:55] [452/458] FRGS
[19:18:56] [453/458] DTCK
[19:18:56] [454/458] MCMH
[19:18:57] [455/458] ECRR
[19:18:58] [456/458] RLLP
[19:18:59] [457/458] CCSN
[19:19:00] 🔄 Identity reset
[19:19:00] 🔄 Identity rotated (every 10 requests)
[19:19:00] [458/458] CCBA
[19:19:01] 🧹 Deduping shows
[19:19:01] ✅ DONE | Shows=47 | Movies=9
