[00:16:38] 🚀 BMS DAILY TRACKER STARTED (enhanced anti‑detection)
[00:16:38] [1/459] NECA
[00:16:39] 🧠 New identity created
[00:16:40] [2/459] BJLC
[00:16:41] [3/459] BASU
[00:16:42] [4/459] RUPI
[00:16:42] [5/459] LCBK
[00:16:43] [6/459] PMAC
[00:16:44] [7/459] AMLC
[00:16:45] [8/459] LICL
[00:16:47] [9/459] UDMM
[00:16:47] [10/459] STBZ
[00:16:48] 🔄 Identity reset
[00:16:48] 🔄 Identity rotated (every 10 requests)
[00:16:48] 🔄 Retry 1/5 for STBZ in 2.8s
[00:16:48] 🔄 Identity reset
[00:16:51] 🧠 New identity created
[00:16:51] [11/459] UUBT
[00:16:53] [12/459] SJKC
[00:16:54] [13/459] TUAL
[00:16:55] [14/459] MRSE
[00:16:56] [15/459] RMRK
[00:16:57] [16/459] TTKP
[00:16:58] [17/459] KTKO
[00:16:59] [18/459] SDBK
[00:17:00] [19/459] MCPR
[00:17:01] 🔄 Identity reset
[00:17:01] 🔄 Identity rotated (every 10 requests)
[00:17:01] [20/459] CHTI
[00:17:02] [21/459] GCCP
[00:17:02] [22/459] SRMY
[00:17:03] [23/459] NYST
[00:17:04] [24/459] NYAG
[00:17:06] [25/459] SBMT
[00:17:07] [26/459] INGA
[00:17:08] [27/459] WSIC
[00:17:09] [28/459] SCSS
[00:17:10] [29/459] COPG
[00:17:10] 🔄 Identity reset
[00:17:10] 🔄 Identity rotated (every 10 requests)
[00:17:10] [30/459] RCGR
[00:17:11] [31/459] TCZA
[00:17:13] [32/459] CNLP
[00:17:13] [33/459] CLKN
[00:17:14] [34/459] LHDF
[00:17:15] [35/459] ELKC
[00:17:15] [36/459] VCEM
[00:17:16] [37/459] SSZA
[00:17:17] [38/459] KRMT
[00:17:18] [39/459] LCMV
[00:17:19] 🔄 Identity reset
[00:17:19] 🔄 Identity rotated (every 10 requests)
[00:17:19] [40/459] AYCZ
[00:17:20] [41/459] CUMS
[00:17:21] [42/459] BOCK
[00:17:22] [43/459] PNMR
[00:17:22] [44/459] PJCP
[00:17:23] [45/459] JDDD
[00:17:24] [46/459] STMS
[00:17:26] [47/459] FLMB
[00:17:26] [48/459] PKCM
[00:17:27] [49/459] SPPR
[00:17:28] 🔄 Identity reset
[00:17:28] 🔄 Identity rotated (every 10 requests)
[00:17:28] [50/459] EYLH
[00:17:29] [51/459] RJCC
[00:17:30] [52/459] MMPS
[00:17:31] [53/459] SHMX
[00:17:31] [54/459] CCNL
[00:17:32] [55/459] RCNV
[00:17:33] [56/459] MAAG
[00:17:34] [57/459] LXCM
[00:17:35] [58/459] RCNI
[00:17:36] [59/459] SNNI
[00:17:36] 🔄 Identity reset
[00:17:36] 🔄 Identity rotated (every 10 requests)
[00:17:37] [60/459] LALC
[00:17:37] [61/459] SOCN
[00:17:38] [62/459] JHTP
[00:17:39] [63/459] PITP
[00:17:40] [64/459] CCKW
[00:17:40] [65/459] MCMC
[00:17:42] [66/459] DEES
[00:17:42] [67/459] SABT
[00:17:43] [68/459] VSPP
[00:17:44] [69/459] ABCT
[00:17:44] 🔄 Identity reset
[00:17:44] 🔄 Identity rotated (every 10 requests)
[00:17:45] [70/459] JVTB
[00:17:45] [71/459] VCBD
[00:17:46] [72/459] RMGG
[00:17:47] [73/459] RNMH
[00:17:48] [74/459] SPGL
[00:17:49] [75/459] JTTR
[00:17:50] [76/459] SICS
[00:17:50] [77/459] SRMI
[00:17:52] [78/459] SSIJ
[00:17:53] [79/459] KFMT
[00:17:54] 🔄 Identity reset
[00:17:54] 🔄 Identity rotated (every 10 requests)
[00:17:55] [80/459] VBIT
[00:17:56] [81/459] JKCT
[00:17:56] [82/459] GCGP
[00:17:57] [83/459] GDCS
[00:17:58] [84/459] TRBA
[00:17:59] [85/459] QUST
[00:18:01] [86/459] VSHM
[00:18:02] [87/459] SDCP
[00:18:03] [88/459] SNVS
[00:18:03] [89/459] NYTO
[00:18:04] 🔄 Identity reset
[00:18:04] 🔄 Identity rotated (every 10 requests)
[00:18:04] [90/459] URWC
[00:18:05] [91/459] GTWH
[00:18:06] [92/459] PFCM
[00:18:08] [93/459] KRTA
[00:18:08] [94/459] AXMC
[00:18:09] [95/459] EVMC
[00:18:10] [96/459] HGSM
[00:18:10] [97/459] ACVM
[00:18:11] [98/459] PSKL
[00:18:12] [99/459] RDMP
[00:18:12] 🔄 Identity reset
[00:18:12] 🔄 Identity rotated (every 10 requests)
[00:18:12] 🔄 Retry 1/5 for RDMP in 2.3s
[00:18:12] 🔄 Identity reset
[00:18:15] 🧠 New identity created
[00:18:15] [100/459] RHGH
[00:18:16] [101/459] OMCM
[00:18:17] [102/459] DCCP
[00:18:18] [103/459] MCPB
[00:18:18] [104/459] ALCI
[00:18:19] [105/459] BLMX
[00:18:20] [106/459] BTMV
[00:18:22] [107/459] FVPN
[00:18:23] [108/459] CMAR
[00:18:23] 🔄 Identity reset
[00:18:23] 🔄 Identity rotated (every 10 requests)
[00:18:23] [109/459] CEIM
[00:18:24] [110/459] CMVA
[00:18:24] [111/459] CPIV
[00:18:25] [112/459] CNPE
[00:18:26] [113/459] COLV
[00:18:27] [114/459] DNNV
[00:18:27] [115/459] HCAD
[00:18:28] [116/459] TAKA
[00:18:29] [117/459] INVD
[00:18:30] [118/459] IRMM
[00:18:30] 🔄 Identity reset
[00:18:30] 🔄 Identity rotated (every 10 requests)
[00:18:30] [119/459] INSE
[00:18:31] [120/459] MRSW
[00:18:32] [121/459] MCVD
[00:18:33] [122/459] MCSO
[00:18:33] [123/459] PEVM
[00:18:34] [124/459] PVNL
[00:18:35] [125/459] PTCV
[00:18:36] [126/459] PRTC
[00:18:37] [127/459] RCVA
[00:18:37] [128/459] MTBN
[00:18:38] 🔄 Identity reset
[00:18:38] 🔄 Identity rotated (every 10 requests)
[00:18:38] [129/459] LUCP
[00:18:39] [130/459] FMPT
[00:18:40] [131/459] JLSL
[00:18:41] [132/459] SBHA
[00:18:42] [133/459] SHRC
[00:18:43] [134/459] AVPS
[00:18:44] [135/459] STPM
[00:18:45] [136/459] ATRD
[00:18:46] [137/459] VTED
[00:18:46] [138/459] ACAI
[00:18:47] 🔄 Identity reset
[00:18:47] 🔄 Identity rotated (every 10 requests)
[00:18:47] [139/459] SMAE
[00:18:48] [140/459] VMAT
[00:18:49] [141/459] LKCT
[00:18:50] [142/459] JTVK
[00:18:50] [143/459] PRTY
[00:18:51] [144/459] GETT
[00:18:52] [145/459] ESAP
[00:18:53] [146/459] NCPM
[00:18:53] [147/459] PCPA
[00:18:54] [148/459] MMOM
[00:18:55] 🔄 Identity reset
[00:18:55] 🔄 Identity rotated (every 10 requests)
[00:18:55] [149/459] PHUP
[00:18:55] [150/459] CCPI
[00:18:56] [151/459] CNTD
[00:18:57] [152/459] NLJR
[00:18:58] [153/459] SRNG
[00:18:59] [154/459] MHAL
[00:18:59] [155/459] PNSM
[00:19:00] [156/459] DRMY
[00:19:01] [157/459] CCMU
[00:19:01] [158/459] SCMY
[00:19:02] 🔄 Identity reset
[00:19:02] 🔄 Identity rotated (every 10 requests)
[00:19:02] [159/459] PVSY
[00:19:03] [160/459] SDLM
[00:19:03] [161/459] ICCM
[00:19:04] [162/459] PYSU
[00:19:05] [163/459] GATM
[00:19:05] [164/459] WOTM
[00:19:06] [165/459] RKTS
[00:19:07] [166/459] PMTY
[00:19:08] [167/459] LYMS
[00:19:08] [168/459] TGCA
[00:19:09] 🔄 Identity reset
[00:19:09] 🔄 Identity rotated (every 10 requests)
[00:19:10] [169/459] DSTA
[00:19:11] [170/459] CNGE
[00:19:12] [171/459] VSTG
[00:19:13] [172/459] GTCK
[00:19:13] [173/459] TGNT
[00:19:15] [174/459] ASLC
[00:19:16] [175/459] SSST
[00:19:16] [176/459] KBTT
[00:19:17] [177/459] HKCP
[00:19:18] [178/459] SWLC
[00:19:18] 🔄 Identity reset
[00:19:18] 🔄 Identity rotated (every 10 requests)
[00:19:19] [179/459] RTND
[00:19:19] [180/459] PKKT
[00:19:20] [181/459] HSTK
[00:19:21] [182/459] SPTT
[00:19:22] [183/459] IMPM
[00:19:23] [184/459] SCMV
[00:19:23] [185/459] SPCT
[00:19:24] [186/459] JBCA
[00:19:25] [187/459] ATTR
[00:19:26] [188/459] SPMT
[00:19:26] 🔄 Identity reset
[00:19:26] 🔄 Identity rotated (every 10 requests)
[00:19:27] [189/459] LCTM
[00:19:27] [190/459] SCVL
[00:19:29] [191/459] SCVT
[00:19:30] [192/459] KRIC
[00:19:31] [193/459] CTMG
[00:19:31] [194/459] ACNC
[00:19:33] [195/459] DMCK
[00:19:33] [196/459] KMTV
[00:19:34] [197/459] PFCJ
[00:19:36] [198/459] VNMD
[00:19:37] 🔄 Identity reset
[00:19:37] 🔄 Identity rotated (every 10 requests)
[00:19:37] [199/459] VPCZ
[00:19:38] [200/459] SRYR
[00:19:39] [201/459] SYTR
[00:19:39] [202/459] GATR
[00:19:40] [203/459] URTR
[00:19:41] [204/459] MKSM
[00:19:42] [205/459] VSMH
[00:19:43] [206/459] SKRJ
[00:19:44] [207/459] SSJR
[00:19:44] [208/459] SVSM
[00:19:45] 🔄 Identity reset
[00:19:45] 🔄 Identity rotated (every 10 requests)
[00:19:45] [209/459] RUCM
[00:19:46] [210/459] PRKN
[00:19:47] [211/459] RROH
[00:19:47] [212/459] SCTN
[00:19:48] [213/459] RTDM
[00:19:49] [214/459] ASRM
[00:19:49] [215/459] SKMD
[00:19:50] [216/459] SUTD
[00:19:51] [217/459] SADM
[00:19:52] [218/459] WCNR
[00:19:53] 🔄 Identity reset
[00:19:53] 🔄 Identity rotated (every 10 requests)
[00:19:53] [219/459] CNED
[00:19:54] [220/459] MPDB
[00:19:55] [221/459] KTBH
[00:19:56] [222/459] IDRM
[00:19:57] [223/459] PJJT
[00:19:58] [224/459] PFCV
[00:19:58] [225/459] AACT
[00:19:59] [226/459] AAAD
[00:20:00] [227/459] ANES
[00:20:01] [228/459] MNCA
[00:20:01] 🔄 Identity reset
[00:20:01] 🔄 Identity rotated (every 10 requests)
[00:20:01] 🔄 Retry 1/5 for MNCA in 2.8s
[00:20:01] 🔄 Identity reset
[00:20:04] 🧠 New identity created
[00:20:04] [229/459] RMGU
[00:20:05] [230/459] DLCN
[00:20:06] [231/459] LJWT
[00:20:07] [232/459] MCBG
[00:20:07] [233/459] MYBG
[00:20:08] [234/459] GCCA
[00:20:09] [235/459] GCGA
[00:20:10] [236/459] ECGN
[00:20:11] [237/459] PRAB
[00:20:11] 🔄 Identity reset
[00:20:11] 🔄 Identity rotated (every 10 requests)
[00:20:11] [238/459] PNMP
[00:20:12] [239/459] GCPT
[00:20:13] [240/459] ROYN
[00:20:13] [241/459] VATM
[00:20:14] [242/459] KSNT
[00:20:15] [243/459] ACTC
[00:20:16] [244/459] PLTD
[00:20:17] [245/459] SKMK
[00:20:18] [246/459] CMTT
[00:20:19] [247/459] SMXP
[00:20:19] 🔄 Identity reset
[00:20:19] 🔄 Identity rotated (every 10 requests)
[00:20:19] [248/459] SCMX
[00:20:20] [249/459] ACXN
[00:20:21] [250/459] ASWT
[00:20:21] [251/459] VVVL
[00:20:22] [252/459] NAGO
[00:20:23] [253/459] SNCN
[00:20:24] [254/459] MCKP
[00:20:25] [255/459] SAMO
[00:20:25] [256/459] JBTV
[00:20:26] [257/459] DCVV
[00:20:27] 🔄 Identity reset
[00:20:27] 🔄 Identity rotated (every 10 requests)
[00:20:27] [258/459] KMSV
[00:20:28] [259/459] KDCN
[00:20:29] [260/459] CNCP
[00:20:30] [261/459] HAMC
[00:20:31] [262/459] CCVZ
[00:20:32] [263/459] NCCK
[00:20:32] [264/459] MCHR
[00:20:33] [265/459] SCHT
[00:20:34] [266/459] ESSH
[00:20:35] [267/459] CUJC
[00:20:36] 🔄 Identity reset
[00:20:36] 🔄 Identity rotated (every 10 requests)
[00:20:36] [268/459] PECP
[00:20:37] [269/459] PMMI
[00:20:38] [270/459] PCCH
[00:20:38] [271/459] PRPM
[00:20:39] [272/459] PVKL
[00:20:40] [273/459] CBSM
[00:20:41] [274/459] PVCZ
[00:20:41] [275/459] PCVV
[00:20:42] [276/459] CTMJ
[00:20:43] [277/459] RCPS
[00:20:43] 🔄 Identity reset
[00:20:43] 🔄 Identity rotated (every 10 requests)
[00:20:43] [278/459] PCIT
[00:20:44] [279/459] FNCH
[00:20:44] [280/459] INZD
[00:20:45] [281/459] INPC
[00:20:46] [282/459] LCZP
[00:20:47] [283/459] SMCB
[00:20:48] [284/459] PTSB
[00:20:48] [285/459] TPSI
[00:20:49] [286/459] KHMJ
[00:20:50] [287/459] RCCJ
[00:20:51] 🔄 Identity reset
[00:20:51] 🔄 Identity rotated (every 10 requests)
[00:20:51] [288/459] NCJA
[00:20:52] [289/459] NCJN
[00:20:52] [290/459] BTDP
[00:20:54] [291/459] PADY
[00:20:54] [292/459] NYBH
[00:20:55] [293/459] MTBR
[00:20:56] [294/459] KRBC
[00:20:57] [295/459] DKTI
[00:20:57] [296/459] ANAN
[00:20:58] [297/459] INBP
[00:20:59] 🔄 Identity reset
[00:20:59] 🔄 Identity rotated (every 10 requests)
[00:20:59] [298/459] PATB
[00:20:59] [299/459] RGNT
[00:21:00] [300/459] CGPM
[00:21:01] [301/459] INTN
[00:21:01] [302/459] MCMP
[00:21:02] [303/459] ASRG
[00:21:03] [304/459] CXJD
[00:21:04] [305/459] SPCP
[00:21:05] [306/459] CSTP
[00:21:06] [307/459] PKVC
[00:21:06] 🔄 Identity reset
[00:21:06] 🔄 Identity rotated (every 10 requests)
[00:21:07] [308/459] ESCP
[00:21:07] [309/459] CAEP
[00:21:08] [310/459] CCSP
[00:21:09] [311/459] KTPC
[00:21:10] [312/459] DACA
[00:21:10] [313/459] NVKY
[00:21:11] [314/459] PTIN
[00:21:12] [315/459] SCIN
[00:21:13] [316/459] MCTY
[00:21:13] [317/459] PCMX
[00:21:14] 🔄 Identity reset
[00:21:14] 🔄 Identity rotated (every 10 requests)
[00:21:14] [318/459] INIC
[00:21:15] [319/459] MMZM
[00:21:16] [320/459] SSLP
[00:21:17] [321/459] DTDT
[00:21:17] [322/459] FFCX
[00:21:18] [323/459] RCMM
[00:21:19] [324/459] KYID
[00:21:20] [325/459] CSCI
[00:21:21] [326/459] FCMC
[00:21:22] [327/459] MMXI
[00:21:22] 🔄 Identity reset
[00:21:22] 🔄 Identity rotated (every 10 requests)
[00:21:23] [328/459] ASTC
[00:21:24] [329/459] CMRA
[00:21:25] [330/459] DICI
[00:21:26] [331/459] KDIN
[00:21:27] [332/459] PRFI
[00:21:28] [333/459] SVFC
[00:21:28] [334/459] UCPL
[00:21:29] [335/459] COOC
[00:21:30] [336/459] SCAL
[00:21:31] [337/459] SVFF
[00:21:31] 🔄 Identity reset
[00:21:31] 🔄 Identity rotated (every 10 requests)
[00:21:32] [338/459] VCMG
[00:21:32] [339/459] UUCT
[00:21:33] [340/459] GCSE
[00:21:35] [341/459] SUSC
[00:21:35] [342/459] MISC
[00:21:36] [343/459] RMBL
[00:21:36] [344/459] CMXN
[00:21:37] [345/459] PVBK
[00:21:38] [346/459] HHCG
[00:21:38] [347/459] SCAG
[00:21:39] 🔄 Identity reset
[00:21:39] 🔄 Identity rotated (every 10 requests)
[00:21:39] 🔄 Retry 1/5 for SCAG in 2.7s
[00:21:39] 🔄 Identity reset
[00:21:42] 🧠 New identity created
[00:21:42] [348/459] CNPR
[00:21:43] [349/459] CSER
[00:21:44] [350/459] HLWD
[00:21:44] [351/459] BOLY
[00:21:46] [352/459] SSPG
[00:21:46] [353/459] MUPX
[00:21:47] [354/459] HAMR
[00:21:48] [355/459] SDNC
[00:21:49] [356/459] RTEN
[00:21:49] 🔄 Identity reset
[00:21:49] 🔄 Identity rotated (every 10 requests)
[00:21:49] [357/459] SDTD
[00:21:50] [358/459] KAWS
[00:21:51] [359/459] CMZX
[00:21:51] [360/459] DCDD
[00:21:52] [361/459] ALSN
[00:21:53] [362/459] IMXS
[00:21:54] [363/459] PVFF
[00:21:54] [364/459] PVOO
[00:21:55] [365/459] CFBS
[00:21:56] [366/459] PVER
[00:21:57] 🔄 Identity reset
[00:21:57] 🔄 Identity rotated (every 10 requests)
[00:21:57] [367/459] PPNX
[00:21:58] [368/459] CNRM
[00:21:59] [369/459] PVWW
[00:21:59] [370/459] INMB
[00:22:00] [371/459] CPJR
[00:22:01] [372/459] INRZ
[00:22:01] [373/459] PMSR
[00:22:02] [374/459] GPGM
[00:22:03] [375/459] PGWB
[00:22:04] [376/459] PMBR
[00:22:05] 🔄 Identity reset
[00:22:05] 🔄 Identity rotated (every 10 requests)
[00:22:05] [377/459] GPAM
[00:22:06] [378/459] INBC
[00:22:07] [379/459] PZVK
[00:22:08] [380/459] CPEB
[00:22:09] [381/459] FMLB
[00:22:09] [382/459] INBG
[00:22:10] [383/459] GPBR
[00:22:11] [384/459] PAAS
[00:22:12] [385/459] VTBR
[00:22:13] [386/459] GPMY
[00:22:13] 🔄 Identity reset
[00:22:13] 🔄 Identity rotated (every 10 requests)
[00:22:14] [387/459] GYBU
[00:22:16] [388/459] INBJ
[00:22:17] [389/459] LKTH
[00:22:17] [390/459] NSBR
[00:22:18] [391/459] PDRD
[00:22:19] [392/459] VRBL
[00:22:19] [393/459] VTGB
[00:22:20] [394/459] VTSK
[00:22:21] [395/459] BKDV
[00:22:21] [396/459] SVTB
[00:22:22] 🔄 Identity reset
[00:22:22] 🔄 Identity rotated (every 10 requests)
[00:22:22] [397/459] MLDT
[00:22:23] [398/459] NRBL
[00:22:23] [399/459] SLTR
[00:22:24] [400/459] VNKA
[00:22:25] [401/459] TDCA
[00:22:26] [402/459] INBM
[00:22:26] [403/459] SSNR
[00:22:27] [404/459] BHAC
[00:22:29] [405/459] SDSD
[00:22:30] [406/459] SAMP
[00:22:31] 🔄 Identity reset
[00:22:31] 🔄 Identity rotated (every 10 requests)
[00:22:31] [407/459] RATK
[00:22:31] [408/459] KCBI
[00:22:32] [409/459] URBL
[00:22:32] [410/459] MKBG
[00:22:33] [411/459] ASTB
[00:22:34] [412/459] VBWT
[00:22:35] [413/459] GPSM
[00:22:36] [414/459] ROON
[00:22:37] [415/459] CHTH
[00:22:38] [416/459] SSPA
[00:22:38] 🔄 Identity reset
[00:22:38] 🔄 Identity rotated (every 10 requests)
[00:22:38] [417/459] ANBL
[00:22:40] [418/459] VTBE
[00:22:40] [419/459] SVKT
[00:22:42] [420/459] SVYK
[00:22:43] [421/459] PTBK
[00:22:43] [422/459] RKTB
[00:22:44] [423/459] BALT
[00:22:45] [424/459] STSV
[00:22:46] [425/459] VCCB
[00:22:46] [426/459] SLTB
[00:22:47] 🔄 Identity reset
[00:22:47] 🔄 Identity rotated (every 10 requests)
[00:22:47] [427/459] SBCR
[00:22:48] [428/459] VDCS
[00:22:48] [429/459] MDKI
[00:22:49] [430/459] SMRN
[00:22:50] [431/459] PTBC
[00:22:51] [432/459] RADI
[00:22:51] [433/459] ADCR
[00:22:53] [434/459] SDCS
[00:22:54] [435/459] SRPJ
[00:22:54] [436/459] ARTS
[00:22:55] 🔄 Identity reset
[00:22:55] 🔄 Identity rotated (every 10 requests)
[00:22:55] [437/459] SRHK
[00:22:56] [438/459] SPAY
[00:22:57] [439/459] GPTB
[00:22:58] [440/459] SNNN
[00:22:59] [441/459] BALJ
[00:23:00] [442/459] TRIG
[00:23:01] [443/459] GTYT
[00:23:02] [444/459] ATGN
[00:23:02] [445/459] ANTE
[00:23:03] [446/459] BDCG
[00:23:04] 🔄 Identity reset
[00:23:04] 🔄 Identity rotated (every 10 requests)
[00:23:05] [447/459] VECI
[00:23:05] [448/459] SCPR
[00:23:06] [449/459] RTEA
[00:23:07] [450/459] JSAI
[00:23:08] [451/459] VJTP
[00:23:08] [452/459] GNDS
[00:23:09] [453/459] PAXA
[00:23:10] [454/459] CGGM
[00:23:10] [455/459] ACKZ
[00:23:11] [456/459] EMCC
[00:23:12] 🔄 Identity reset
[00:23:12] 🔄 Identity rotated (every 10 requests)
[00:23:12] [457/459] KLSK
[00:23:13] [458/459] AVCK
[00:23:15] [459/459] JTCK
[00:23:15] ✅ DONE | Shows=0 | Movies=0
[01:16:28] 🚀 BMS DAILY TRACKER STARTED (enhanced anti‑detection)
[01:16:28] [1/459] NECA
[01:16:29] 🧠 New identity created
[01:16:29] [2/459] BJLC
[01:16:31] [3/459] BASU
[01:16:31] [4/459] RUPI
[01:16:32] [5/459] LCBK
[01:16:33] [6/459] PMAC
[01:16:34] [7/459] AMLC
[01:16:35] [8/459] LICL
[01:16:36] [9/459] UDMM
[01:16:37] [10/459] STBZ
[01:16:37] 🔄 Identity reset
[01:16:38] 🔄 Identity rotated (every 10 requests)
[01:16:38] [11/459] UUBT
[01:16:39] [12/459] SJKC
[01:16:40] [13/459] TUAL
[01:16:41] [14/459] MRSE
[01:16:41] [15/459] RMRK
[01:16:42] [16/459] TTKP
[01:16:43] [17/459] KTKO
[01:16:44] [18/459] SDBK
[01:16:45] [19/459] MCPR
[01:16:46] [20/459] CHTI
[01:16:46] 🔄 Identity reset
[01:16:46] 🔄 Identity rotated (every 10 requests)
[01:16:47] [21/459] GCCP
[01:16:48] [22/459] SRMY
[01:16:49] [23/459] NYST
[01:16:49] [24/459] NYAG
[01:16:50] [25/459] SBMT
[01:16:51] [26/459] INGA
[01:16:52] [27/459] WSIC
[01:16:53] [28/459] SCSS
[01:16:55] [29/459] COPG
[01:16:56] [30/459] RCGR
[01:16:57] 🔄 Identity reset
[01:16:57] 🔄 Identity rotated (every 10 requests)
[01:16:57] [31/459] TCZA
[01:16:59] [32/459] CNLP
[01:17:00] [33/459] CLKN
[01:17:01] [34/459] LHDF
[01:17:02] [35/459] ELKC
[01:17:04] [36/459] VCEM
[01:17:04] [37/459] SSZA
[01:17:05] [38/459] KRMT
[01:17:06] [39/459] LCMV
[01:17:07] [40/459] AYCZ
[01:17:08] 🔄 Identity reset
[01:17:08] 🔄 Identity rotated (every 10 requests)
[01:17:08] [41/459] CUMS
[01:17:09] [42/459] BOCK
[01:17:10] [43/459] PNMR
[01:17:11] [44/459] PJCP
[01:17:13] [45/459] JDDD
[01:17:14] [46/459] STMS
[01:17:14] [47/459] FLMB
[01:17:15] [48/459] PKCM
[01:17:16] [49/459] SPPR
[01:17:17] [50/459] EYLH
[01:17:18] 🔄 Identity reset
[01:17:18] 🔄 Identity rotated (every 10 requests)
[01:17:18] [51/459] RJCC
[01:17:19] [52/459] MMPS
[01:17:20] [53/459] SHMX
[01:17:21] [54/459] CCNL
[01:17:22] [55/459] RCNV
[01:17:23] [56/459] MAAG
[01:17:24] [57/459] LXCM
[01:17:25] [58/459] RCNI
[01:17:26] [59/459] SNNI
[01:17:27] [60/459] LALC
[01:17:28] 🔄 Identity reset
[01:17:28] 🔄 Identity rotated (every 10 requests)
[01:17:28] [61/459] SOCN
[01:17:29] [62/459] JHTP
[01:17:30] [63/459] PITP
[01:17:31] [64/459] CCKW
[01:17:32] [65/459] MCMC
[01:17:33] [66/459] DEES
[01:17:34] [67/459] SABT
[01:17:34] [68/459] VSPP
[01:17:35] [69/459] ABCT
[01:17:36] [70/459] JVTB
[01:17:37] 🔄 Identity reset
[01:17:37] 🔄 Identity rotated (every 10 requests)
[01:17:37] [71/459] VCBD
[01:17:38] [72/459] RMGG
[01:17:39] [73/459] RNMH
[01:17:40] [74/459] SPGL
[01:17:41] [75/459] JTTR
[01:17:42] [76/459] SICS
[01:17:43] [77/459] SRMI
[01:17:44] [78/459] SSIJ
[01:17:45] [79/459] KFMT
[01:17:45] [80/459] VBIT
[01:17:46] 🔄 Identity reset
[01:17:46] 🔄 Identity rotated (every 10 requests)
[01:17:46] [81/459] JKCT
[01:17:48] [82/459] GCGP
[01:17:49] [83/459] GDCS
[01:17:50] [84/459] TRBA
[01:17:51] [85/459] QUST
[01:17:51] [86/459] VSHM
[01:17:52] [87/459] SDCP
[01:17:53] [88/459] SNVS
[01:17:54] [89/459] NYTO
[01:17:55] [90/459] URWC
[01:17:55] 🔄 Identity reset
[01:17:55] 🔄 Identity rotated (every 10 requests)
[01:17:56] [91/459] GTWH
[01:17:56] [92/459] PFCM
[01:17:57] [93/459] KRTA
[01:17:58] [94/459] AXMC
[01:17:59] [95/459] EVMC
[01:18:00] [96/459] HGSM
[01:18:01] [97/459] ACVM
[01:18:02] [98/459] PSKL
[01:18:03] [99/459] RDMP
[01:18:04] [100/459] RHGH
[01:18:05] 🔄 Identity reset
[01:18:05] 🔄 Identity rotated (every 10 requests)
[01:18:05] [101/459] OMCM
[01:18:06] [102/459] DCCP
[01:18:07] [103/459] MCPB
[01:18:08] [104/459] ALCI
[01:18:09] [105/459] BLMX
[01:18:10] [106/459] BTMV
[01:18:10] [107/459] FVPN
[01:18:11] [108/459] CMAR
[01:18:12] [109/459] CEIM
[01:18:13] [110/459] CMVA
[01:18:14] 🔄 Identity reset
[01:18:14] 🔄 Identity rotated (every 10 requests)
[01:18:14] 🔄 Retry 1/5 for CMVA in 2.5s
[01:18:14] 🔄 Identity reset
[01:18:16] 🧠 New identity created
[01:18:17] [111/459] CPIV
[01:18:17] [112/459] CNPE
[01:18:18] [113/459] COLV
[01:18:19] [114/459] DNNV
[01:18:20] [115/459] HCAD
[01:18:21] [116/459] TAKA
[01:18:22] [117/459] INVD
[01:18:23] [118/459] IRMM
[01:18:24] [119/459] INSE
[01:18:24] 🔄 Identity reset
[01:18:24] 🔄 Identity rotated (every 10 requests)
[01:18:24] 🔄 Retry 1/5 for INSE in 2.1s
[01:18:24] 🔄 Identity reset
[01:18:26] 🧠 New identity created
[01:18:27] [120/459] MRSW
[01:18:28] [121/459] MCVD
[01:18:29] [122/459] MCSO
[01:18:30] [123/459] PEVM
[01:18:30] [124/459] PVNL
[01:18:31] [125/459] PTCV
[01:18:32] [126/459] PRTC
[01:18:33] [127/459] RCVA
[01:18:34] [128/459] MTBN
[01:18:35] 🔄 Identity reset
[01:18:35] 🔄 Identity rotated (every 10 requests)
[01:18:35] [129/459] LUCP
[01:18:36] [130/459] FMPT
[01:18:37] [131/459] JLSL
[01:18:38] [132/459] SBHA
[01:18:38] [133/459] SHRC
[01:18:39] [134/459] AVPS
[01:18:40] [135/459] STPM
[01:18:41] [136/459] ATRD
[01:18:42] [137/459] VTED
[01:18:43] [138/459] ACAI
[01:18:44] 🔄 Identity reset
[01:18:44] 🔄 Identity rotated (every 10 requests)
[01:18:44] [139/459] SMAE
[01:18:45] [140/459] VMAT
[01:18:46] [141/459] LKCT
[01:18:46] [142/459] JTVK
[01:18:47] [143/459] PRTY
[01:18:48] [144/459] GETT
[01:18:49] [145/459] ESAP
[01:18:50] [146/459] NCPM
[01:18:51] [147/459] PCPA
[01:18:52] [148/459] MMOM
[01:18:53] 🔄 Identity reset
[01:18:53] 🔄 Identity rotated (every 10 requests)
[01:18:53] [149/459] PHUP
[01:18:54] [150/459] CCPI
[01:18:56] [151/459] CNTD
[01:18:57] [152/459] NLJR
[01:18:57] [153/459] SRNG
[01:18:59] [154/459] MHAL
[01:18:59] [155/459] PNSM
[01:19:00] [156/459] DRMY
[01:19:01] [157/459] CCMU
[01:19:02] [158/459] SCMY
[01:19:02] 🔄 Identity reset
[01:19:02] 🔄 Identity rotated (every 10 requests)
[01:19:03] [159/459] PVSY
[01:19:04] [160/459] SDLM
[01:19:05] [161/459] ICCM
[01:19:06] [162/459] PYSU
[01:19:06] [163/459] GATM
[01:19:07] [164/459] WOTM
[01:19:08] [165/459] RKTS
[01:19:09] [166/459] PMTY
[01:19:10] [167/459] LYMS
[01:19:11] [168/459] TGCA
[01:19:11] 🔄 Identity reset
[01:19:11] 🔄 Identity rotated (every 10 requests)
[01:19:11] 🔄 Retry 1/5 for TGCA in 2.6s
[01:19:11] 🔄 Identity reset
[01:19:14] 🧠 New identity created
[01:19:14] [169/459] DSTA
[01:19:15] [170/459] CNGE
[01:19:16] [171/459] VSTG
[01:19:17] [172/459] GTCK
[01:19:18] [173/459] TGNT
[01:19:19] [174/459] ASLC
[01:19:20] [175/459] SSST
[01:19:21] [176/459] KBTT
[01:19:22] [177/459] HKCP
[01:19:23] 🔄 Identity reset
[01:19:23] 🔄 Identity rotated (every 10 requests)
[01:19:23] [178/459] SWLC
[01:19:24] [179/459] RTND
[01:19:25] [180/459] PKKT
[01:19:26] [181/459] HSTK
[01:19:27] [182/459] SPTT
[01:19:27] [183/459] IMPM
[01:19:28] [184/459] SCMV
[01:19:29] [185/459] SPCT
[01:19:30] [186/459] JBCA
[01:19:31] [187/459] ATTR
[01:19:32] 🔄 Identity reset
[01:19:32] 🔄 Identity rotated (every 10 requests)
[01:19:32] [188/459] SPMT
[01:19:33] [189/459] LCTM
[01:19:34] [190/459] SCVL
[01:19:35] [191/459] SCVT
[01:19:36] [192/459] KRIC
[01:19:37] [193/459] CTMG
[01:19:38] [194/459] ACNC
[01:19:39] [195/459] DMCK
[01:19:40] [196/459] KMTV
[01:19:42] [197/459] PFCJ
[01:19:43] 🔄 Identity reset
[01:19:43] 🔄 Identity rotated (every 10 requests)
[01:19:43] [198/459] VNMD
[01:19:44] [199/459] VPCZ
[01:19:45] [200/459] SRYR
[01:19:46] [201/459] SYTR
[01:19:47] [202/459] GATR
[01:19:48] [203/459] URTR
[01:19:48] [204/459] MKSM
[01:19:49] [205/459] VSMH
[01:19:50] [206/459] SKRJ
[01:19:51] [207/459] SSJR
[01:19:52] 🔄 Identity reset
[01:19:52] 🔄 Identity rotated (every 10 requests)
[01:19:52] 🔄 Retry 1/5 for SSJR in 3.0s
[01:19:52] 🔄 Identity reset
[01:19:55] 🧠 New identity created
[01:19:55] [208/459] SVSM
[01:19:56] [209/459] RUCM
[01:19:57] [210/459] PRKN
[01:19:58] [211/459] RROH
[01:19:59] [212/459] SCTN
[01:20:00] [213/459] RTDM
[01:20:01] [214/459] ASRM
[01:20:02] [215/459] SKMD
[01:20:02] [216/459] SUTD
[01:20:03] 🔄 Identity reset
[01:20:03] 🔄 Identity rotated (every 10 requests)
[01:20:04] [217/459] SADM
[01:20:04] [218/459] WCNR
[01:20:05] [219/459] CNED
[01:20:07] [220/459] MPDB
[01:20:07] [221/459] KTBH
[01:20:08] [222/459] IDRM
[01:20:09] [223/459] PJJT
[01:20:10] [224/459] PFCV
[01:20:11] [225/459] AACT
[01:20:12] [226/459] AAAD
[01:20:12] 🔄 Identity reset
[01:20:12] 🔄 Identity rotated (every 10 requests)
[01:20:13] [227/459] ANES
[01:20:14] [228/459] MNCA
[01:20:15] [229/459] RMGU
[01:20:15] [230/459] DLCN
[01:20:16] [231/459] LJWT
[01:20:17] [232/459] MCBG
[01:20:18] [233/459] MYBG
[01:20:19] [234/459] GCCA
[01:20:20] [235/459] GCGA
[01:20:21] [236/459] ECGN
[01:20:22] 🔄 Identity reset
[01:20:22] 🔄 Identity rotated (every 10 requests)
[01:20:22] [237/459] PRAB
[01:20:23] [238/459] PNMP
[01:20:24] [239/459] GCPT
[01:20:25] [240/459] ROYN
[01:20:26] [241/459] VATM
[01:20:27] [242/459] KSNT
[01:20:27] [243/459] ACTC
[01:20:28] [244/459] PLTD
[01:20:29] [245/459] SKMK
[01:20:30] [246/459] CMTT
[01:20:31] 🔄 Identity reset
[01:20:31] 🔄 Identity rotated (every 10 requests)
[01:20:31] [247/459] SMXP
[01:20:32] [248/459] SCMX
[01:20:33] [249/459] ACXN
[01:20:34] [250/459] ASWT
[01:20:35] [251/459] VVVL
[01:20:35] [252/459] NAGO
[01:20:36] [253/459] SNCN
[01:20:37] [254/459] MCKP
[01:20:38] [255/459] SAMO
[01:20:39] [256/459] JBTV
[01:20:40] 🔄 Identity reset
[01:20:40] 🔄 Identity rotated (every 10 requests)
[01:20:40] [257/459] DCVV
[01:20:41] [258/459] KMSV
[01:20:42] [259/459] KDCN
[01:20:43] [260/459] CNCP
[01:20:44] [261/459] HAMC
[01:20:45] [262/459] CCVZ
[01:20:46] [263/459] NCCK
[01:20:47] [264/459] MCHR
[01:20:48] [265/459] SCHT
[01:20:49] [266/459] ESSH
[01:20:50] 🔄 Identity reset
[01:20:50] 🔄 Identity rotated (every 10 requests)
[01:20:50] [267/459] CUJC
[01:20:51] [268/459] PECP
[01:20:52] [269/459] PMMI
[01:20:52] [270/459] PCCH
[01:20:53] [271/459] PRPM
[01:20:55] [272/459] PVKL
[01:20:56] [273/459] CBSM
[01:20:57] [274/459] PVCZ
[01:20:58] [275/459] PCVV
[01:20:59] [276/459] CTMJ
[01:20:59] 🔄 Identity reset
[01:20:59] 🔄 Identity rotated (every 10 requests)
[01:21:00] [277/459] RCPS
[01:21:00] [278/459] PCIT
[01:21:01] [279/459] FNCH
[01:21:02] [280/459] INZD
[01:21:03] [281/459] INPC
[01:21:04] [282/459] LCZP
[01:21:05] [283/459] SMCB
[01:21:06] [284/459] PTSB
[01:21:06] [285/459] TPSI
[01:21:07] [286/459] KHMJ
[01:21:08] 🔄 Identity reset
[01:21:08] 🔄 Identity rotated (every 10 requests)
[01:21:08] [287/459] RCCJ
[01:21:09] [288/459] NCJA
[01:21:10] [289/459] NCJN
[01:21:11] [290/459] BTDP
[01:21:12] [291/459] PADY
[01:21:12] [292/459] NYBH
[01:21:13] [293/459] MTBR
[01:21:14] [294/459] KRBC
[01:21:15] [295/459] DKTI
[01:21:16] [296/459] ANAN
[01:21:17] 🔄 Identity reset
[01:21:17] 🔄 Identity rotated (every 10 requests)
[01:21:17] [297/459] INBP
[01:21:19] [298/459] PATB
[01:21:19] [299/459] RGNT
[01:21:20] [300/459] CGPM
[01:21:21] [301/459] INTN
[01:21:22] [302/459] MCMP
[01:21:23] [303/459] ASRG
[01:21:24] [304/459] CXJD
[01:21:25] [305/459] SPCP
[01:21:26] [306/459] CSTP
[01:21:27] 🔄 Identity reset
[01:21:27] 🔄 Identity rotated (every 10 requests)
[01:21:27] 🔄 Retry 1/5 for CSTP in 2.9s
[01:21:27] 🔄 Identity reset
[01:21:30] 🧠 New identity created
[01:21:30] [307/459] PKVC
[01:21:31] [308/459] ESCP
[01:21:33] [309/459] CAEP
[01:21:34] [310/459] CCSP
[01:21:35] [311/459] KTPC
[01:21:36] [312/459] DACA
[01:21:37] [313/459] NVKY
[01:21:38] [314/459] PTIN
[01:21:39] [315/459] SCIN
[01:21:39] 🔄 Identity reset
[01:21:39] 🔄 Identity rotated (every 10 requests)
[01:21:40] [316/459] MCTY
[01:21:41] [317/459] PCMX
[01:21:42] [318/459] INIC
[01:21:43] [319/459] MMZM
[01:21:43] [320/459] SSLP
[01:21:45] [321/459] DTDT
[01:21:46] [322/459] FFCX
[01:21:47] [323/459] RCMM
[01:21:48] [324/459] KYID
[01:21:49] [325/459] CSCI
[01:21:50] 🔄 Identity reset
[01:21:50] 🔄 Identity rotated (every 10 requests)
[01:21:50] [326/459] FCMC
[01:21:51] [327/459] MMXI
[01:21:52] [328/459] ASTC
[01:21:53] [329/459] CMRA
[01:21:54] [330/459] DICI
[01:21:55] [331/459] KDIN
[01:21:56] [332/459] PRFI
[01:21:57] [333/459] SVFC
[01:21:58] [334/459] UCPL
[01:21:59] [335/459] COOC
[01:22:00] 🔄 Identity reset
[01:22:00] 🔄 Identity rotated (every 10 requests)
[01:22:00] [336/459] SCAL
[01:22:01] [337/459] SVFF
[01:22:03] [338/459] VCMG
[01:22:04] [339/459] UUCT
[01:22:05] [340/459] GCSE
[01:22:06] [341/459] SUSC
[01:22:06] [342/459] MISC
[01:22:08] [343/459] RMBL
[01:22:09] [344/459] CMXN
[01:22:10] [345/459] PVBK
[01:22:10] 🔄 Identity reset
[01:22:10] 🔄 Identity rotated (every 10 requests)
[01:22:11] [346/459] HHCG
[01:22:12] [347/459] SCAG
[01:22:13] [348/459] CNPR
[01:22:14] [349/459] CSER
[01:22:15] [350/459] HLWD
[01:22:16] [351/459] BOLY
[01:22:17] [352/459] SSPG
[01:22:17] [353/459] MUPX
[01:22:18] [354/459] HAMR
[01:22:19] [355/459] SDNC
[01:22:20] 🔄 Identity reset
[01:22:20] 🔄 Identity rotated (every 10 requests)
[01:22:20] [356/459] RTEN
[01:22:21] [357/459] SDTD
[01:22:22] [358/459] KAWS
[01:22:24] [359/459] CMZX
[01:22:25] [360/459] DCDD
[01:22:26] [361/459] ALSN
[01:22:26] [362/459] IMXS
[01:22:27] [363/459] PVFF
[01:22:28] [364/459] PVOO
[01:22:29] [365/459] CFBS
[01:22:30] 🔄 Identity reset
[01:22:30] 🔄 Identity rotated (every 10 requests)
[01:22:30] [366/459] PVER
[01:22:31] [367/459] PPNX
[01:22:32] [368/459] CNRM
[01:22:33] [369/459] PVWW
[01:22:34] [370/459] INMB
[01:22:35] [371/459] CPJR
[01:22:36] [372/459] INRZ
[01:22:37] [373/459] PMSR
[01:22:38] [374/459] GPGM
[01:22:39] [375/459] PGWB
[01:22:40] 🔄 Identity reset
[01:22:40] 🔄 Identity rotated (every 10 requests)
[01:22:40] [376/459] PMBR
[01:22:41] [377/459] GPAM
[01:22:42] [378/459] INBC
[01:22:43] [379/459] PZVK
[01:22:45] [380/459] CPEB
[01:22:46] [381/459] FMLB
[01:22:47] [382/459] INBG
[01:22:48] [383/459] GPBR
[01:22:49] [384/459] PAAS
[01:22:49] [385/459] VTBR
[01:22:50] 🔄 Identity reset
[01:22:50] 🔄 Identity rotated (every 10 requests)
[01:22:50] [386/459] GPMY
[01:22:52] [387/459] GYBU
[01:22:53] [388/459] INBJ
[01:22:54] [389/459] LKTH
[01:22:55] [390/459] NSBR
[01:22:56] [391/459] PDRD
[01:22:57] [392/459] VRBL
[01:22:58] [393/459] VTGB
[01:22:59] [394/459] VTSK
[01:23:00] [395/459] BKDV
[01:23:01] 🔄 Identity reset
[01:23:01] 🔄 Identity rotated (every 10 requests)
[01:23:01] [396/459] SVTB
[01:23:02] [397/459] MLDT
[01:23:03] [398/459] NRBL
[01:23:05] [399/459] SLTR
[01:23:06] [400/459] VNKA
[01:23:07] [401/459] TDCA
[01:23:07] [402/459] INBM
[01:23:08] [403/459] SSNR
[01:23:10] [404/459] BHAC
[01:23:11] [405/459] SDSD
[01:23:11] 🔄 Identity reset
[01:23:11] 🔄 Identity rotated (every 10 requests)
[01:23:12] [406/459] SAMP
[01:23:13] [407/459] RATK
[01:23:13] [408/459] KCBI
[01:23:14] [409/459] URBL
[01:23:15] [410/459] MKBG
[01:23:16] [411/459] ASTB
[01:23:17] [412/459] VBWT
[01:23:18] [413/459] GPSM
[01:23:19] [414/459] ROON
[01:23:21] [415/459] CHTH
[01:23:22] 🔄 Identity reset
[01:23:22] 🔄 Identity rotated (every 10 requests)
[01:23:22] [416/459] SSPA
[01:23:23] [417/459] ANBL
[01:23:24] [418/459] VTBE
[01:23:25] [419/459] SVKT
[01:23:26] [420/459] SVYK
[01:23:27] [421/459] PTBK
[01:23:28] [422/459] RKTB
[01:23:29] [423/459] BALT
[01:23:30] [424/459] STSV
[01:23:31] [425/459] VCCB
[01:23:31] 🔄 Identity reset
[01:23:31] 🔄 Identity rotated (every 10 requests)
[01:23:32] [426/459] SLTB
[01:23:33] [427/459] SBCR
[01:23:34] [428/459] VDCS
[01:23:35] [429/459] MDKI
[01:23:36] [430/459] SMRN
[01:23:37] [431/459] PTBC
[01:23:37] [432/459] RADI
[01:23:38] [433/459] ADCR
[01:23:39] [434/459] SDCS
[01:23:40] [435/459] SRPJ
[01:23:41] 🔄 Identity reset
[01:23:41] 🔄 Identity rotated (every 10 requests)
[01:23:41] [436/459] ARTS
[01:23:42] [437/459] SRHK
[01:23:43] [438/459] SPAY
[01:23:44] [439/459] GPTB
[01:23:45] [440/459] SNNN
[01:23:47] [441/459] BALJ
[01:23:48] [442/459] TRIG
[01:23:49] [443/459] GTYT
[01:23:50] [444/459] ATGN
[01:23:51] [445/459] ANTE
[01:23:52] 🔄 Identity reset
[01:23:52] 🔄 Identity rotated (every 10 requests)
[01:23:52] [446/459] BDCG
[01:23:53] [447/459] VECI
[01:23:54] [448/459] SCPR
[01:23:55] [449/459] RTEA
[01:23:56] [450/459] JSAI
[01:23:56] [451/459] VJTP
[01:23:57] [452/459] GNDS
[01:23:58] [453/459] PAXA
[01:23:59] [454/459] CGGM
[01:24:01] [455/459] ACKZ
[01:24:02] 🔄 Identity reset
[01:24:02] 🔄 Identity rotated (every 10 requests)
[01:24:03] [456/459] EMCC
[01:24:05] [457/459] KLSK
[01:24:05] [458/459] AVCK
[01:24:06] [459/459] JTCK
[01:24:07] ✅ DONE | Shows=0 | Movies=0
