[10:02:43] 🚀 SCRIPT STARTED (enhanced anti‑detection)
[10:02:43] [1/326] VCHA
[10:02:44] 🧠 New identity created
[10:02:45] [2/326] SCKO
[10:02:47] [3/326] VKTK
[10:02:48] [4/326] DXEC
[10:02:49] [5/326] CDCA
[10:02:50] [6/326] VBCZ
[10:02:51] [7/326] MSDR
[10:02:52] [8/326] ACPV
[10:02:54] [9/326] PVHB
[10:02:55] [10/326] RCNH
[10:02:56] 🔄 Identity reset
[10:02:56] 🔄 Identity rotated (every 10 requests)
[10:02:56] [11/326] IOMH
[10:02:57] [12/326] ILKS
[10:02:58] [13/326] AMSN
[10:03:00] [14/326] ANTP
[10:03:00] [15/326] SSEK
[10:03:01] [16/326] PICP
[10:03:02] [17/326] SICO
[10:03:03] [18/326] SISP
[10:03:04] [19/326] SCPI
[10:03:05] [20/326] CRPR
[10:03:05] 🔄 Identity reset
[10:03:05] 🔄 Identity rotated (every 10 requests)
[10:03:06] [21/326] DCTW
[10:03:07] [22/326] DCSP
[10:03:08] [23/326] KRPM
[10:03:09] [24/326] THKK
[10:03:10] [25/326] SNMY
[10:03:11] [26/326] AKCC
[10:03:12] [27/326] PCAT
[10:03:13] [28/326] RFGO
[10:03:14] [29/326] GGCS
[10:03:15] [30/326] ACKR
[10:03:15] 🔄 Identity reset
[10:03:15] 🔄 Identity rotated (every 10 requests)
[10:03:15] [31/326] STDO
[10:03:16] [32/326] ACKB
[10:03:17] [33/326] ALUC
[10:03:18] [34/326] MNSR
[10:03:20] [35/326] CSSL
[10:03:21] [36/326] BGGM
[10:03:22] [37/326] MANT
[10:03:23] [38/326] SOOY
[10:03:24] [39/326] VPPK
[10:03:25] [40/326] MYHJ
[10:03:26] 🔄 Identity reset
[10:03:26] 🔄 Identity rotated (every 10 requests)
[10:03:26] [41/326] KSCK
[10:03:27] [42/326] KATK
[10:03:28] [43/326] RTRT
[10:03:29] [44/326] SSTT
[10:03:30] [45/326] SSTV
[10:03:31] [46/326] LACM
[10:03:32] [47/326] SGMG
[10:03:33] [48/326] KACX
[10:03:34] [49/326] GVCP
[10:03:35] [50/326] CSNC
[10:03:35] 🔄 Identity reset
[10:03:35] 🔄 Identity rotated (every 10 requests)
[10:03:36] [51/326] SXCB
[10:03:36] [52/326] BAHS
[10:03:37] [53/326] PCBI
[10:03:38] [54/326] PSSM
[10:03:39] [55/326] RCOK
[10:03:40] [56/326] SCPF
[10:03:41] [57/326] SSAS
[10:03:42] [58/326] EVMM
[10:03:43] [59/326] SYCB
[10:03:44] [60/326] GCKI
[10:03:44] 🔄 Identity reset
[10:03:44] 🔄 Identity rotated (every 10 requests)
[10:03:45] [61/326] IAET
[10:03:46] [62/326] DDTD
[10:03:47] [63/326] GMDH
[10:03:48] [64/326] STLE
[10:03:49] [65/326] JTRA
[10:03:50] [66/326] RPPA
[10:03:51] [67/326] ARUT
[10:03:52] [68/326] JTVM
[10:03:53] [69/326] SWRH
[10:03:54] [70/326] DCPC
[10:03:54] 🔄 Identity reset
[10:03:54] 🔄 Identity rotated (every 10 requests)
[10:03:55] [71/326] RAPR
[10:03:56] [72/326] GCRT
[10:03:56] [73/326] ATUN
[10:03:57] [74/326] LTRM
[10:03:58] [75/326] TASR
[10:04:00] [76/326] RLLC
[10:04:02] [77/326] MABI
[10:04:03] [78/326] SVHB
[10:04:04] [79/326] NVTB
[10:04:05] [80/326] KCKG
[10:04:06] 🔄 Identity reset
[10:04:06] 🔄 Identity rotated (every 10 requests)
[10:04:06] 🔄 Retry 1/5 for KCKG in 2.6s
[10:04:06] 🔄 Identity reset
[10:04:09] 🧠 New identity created
[10:04:09] 🔄 Retry 2/5 for KCKG in 4.2s
[10:04:09] 🔄 Identity reset
[10:04:13] 🧠 New identity created
[10:04:13] [81/326] SSRN
[10:04:14] [82/326] VDDC
[10:04:15] [83/326] GKTK
[10:04:16] [84/326] YFSN
[10:04:17] [85/326] GCSG
[10:04:18] [86/326] ESSM
[10:04:19] [87/326] KRIH
[10:04:20] [88/326] GCDS
[10:04:20] 🔄 Identity reset
[10:04:20] 🔄 Identity rotated (every 10 requests)
[10:04:21] [89/326] CCSH
[10:04:21] [90/326] ACSK
[10:04:22] [91/326] APRK
[10:04:23] [92/326] ADKM
[10:04:24] [93/326] SRDM
[10:04:25] [94/326] SJMY
[10:04:25] [95/326] PGGC
[10:04:26] [96/326] INGM
[10:04:27] [97/326] LSCB
[10:04:29] [98/326] STAD
[10:04:29] 🔄 Identity reset
[10:04:29] 🔄 Identity rotated (every 10 requests)
[10:04:30] [99/326] MCCR
[10:04:31] [100/326] ABCC
[10:04:32] [101/326] RKCC
[10:04:32] [102/326] RTCR
[10:04:33] [103/326] GGBC
[10:04:34] [104/326] GCSD
[10:04:35] [105/326] LPTY
[10:04:36] [106/326] MCFD
[10:04:37] [107/326] HENN
[10:04:38] [108/326] SMKU
[10:04:39] 🔄 Identity reset
[10:04:39] 🔄 Identity rotated (every 10 requests)
[10:04:39] [109/326] TNZC
[10:04:40] [110/326] DRCD
[10:04:41] [111/326] DLCD
[10:04:42] [112/326] RCDA
[10:04:42] [113/326] COSM
[10:04:43] [114/326] MCMJ
[10:04:44] [115/326] CSTR
[10:04:45] [116/326] CVDK
[10:04:46] [117/326] INRR
[10:04:47] [118/326] RJRT
[10:04:47] 🔄 Identity reset
[10:04:47] 🔄 Identity rotated (every 10 requests)
[10:04:48] [119/326] IRMR
[10:04:49] [120/326] SRCF
[10:04:50] [121/326] GRCR
[10:04:50] [122/326] SURC
[10:04:51] [123/326] NMNH
[10:04:52] [124/326] SVBL
[10:04:53] [125/326] KACI
[10:04:54] [126/326] TDGO
[10:04:55] [127/326] KTBR
[10:04:56] [128/326] PMAD
[10:04:56] 🔄 Identity reset
[10:04:56] 🔄 Identity rotated (every 10 requests)
[10:04:56] 🔄 Retry 1/5 for PMAD in 2.5s
[10:04:56] 🔄 Identity reset
[10:04:59] 🧠 New identity created
[10:04:59] 🔄 Retry 2/5 for PMAD in 4.3s
[10:04:59] 🔄 Identity reset
[10:05:03] 🧠 New identity created
[10:05:03] [129/326] CCPN
[10:05:04] [130/326] SBTK
[10:05:05] [131/326] LMDK
[10:05:06] [132/326] PGDA
[10:05:07] [133/326] SRML
[10:05:08] [134/326] EVCK
[10:05:09] [135/326] RTTK
[10:05:10] [136/326] SRTU
[10:05:10] 🔄 Identity reset
[10:05:10] 🔄 Identity rotated (every 10 requests)
[10:05:11] [137/326] VRSA
[10:05:12] [138/326] VARS
[10:05:13] [139/326] DSCZ
[10:05:14] [140/326] GAGA
[10:05:15] [141/326] SARV
[10:05:16] [142/326] SEEG
[10:05:17] [143/326] GLCA
[10:05:18] [144/326] APAS
[10:05:19] [145/326] VCIA
[10:05:20] [146/326] SJTA
[10:05:20] 🔄 Identity reset
[10:05:20] 🔄 Identity rotated (every 10 requests)
[10:05:20] [147/326] SABM
[10:05:21] [148/326] PPAG
[10:05:22] [149/326] RVCA
[10:05:23] [150/326] CCIA
[10:05:24] [151/326] HTAG
[10:05:25] [152/326] SMBI
[10:05:26] [153/326] MCJR
[10:05:27] [154/326] CCJR
[10:05:28] [155/326] SINF
[10:05:29] [156/326] CPLX
[10:05:30] 🔄 Identity reset
[10:05:30] 🔄 Identity rotated (every 10 requests)
[10:05:30] [157/326] KKTJ
[10:05:31] [158/326] GDBW
[10:05:33] [159/326] CSUB
[10:05:34] [160/326] DABA
[10:05:34] [161/326] TITR
[10:05:35] [162/326] NYCR
[10:05:36] [163/326] RTRY
[10:05:37] [164/326] JTJL
[10:05:38] [165/326] SJCP
[10:05:40] [166/326] KCCA
[10:05:40] 🔄 Identity reset
[10:05:40] 🔄 Identity rotated (every 10 requests)
[10:05:41] [167/326] MLPG
[10:05:42] [168/326] VRCK
[10:05:42] [169/326] SRIN
[10:05:43] [170/326] CXMK
[10:05:44] [171/326] SKAD
[10:05:45] [172/326] AVTR
[10:05:46] [173/326] PTAJ
[10:05:47] [174/326] SCNK
[10:05:48] [175/326] STTI
[10:05:48] [176/326] KACR
[10:05:49] 🔄 Identity reset
[10:05:49] 🔄 Identity rotated (every 10 requests)
[10:05:50] [177/326] SSDX
[10:05:51] [178/326] VRTJ
[10:05:51] [179/326] RAJD
[10:05:52] [180/326] SCIP
[10:05:53] [181/326] RJSL
[10:05:54] [182/326] ARRS
[10:05:55] [183/326] ASMS
[10:05:56] [184/326] RDTS
[10:05:56] [185/326] DVMY
[10:05:57] [186/326] RASA
[10:05:58] 🔄 Identity reset
[10:05:58] 🔄 Identity rotated (every 10 requests)
[10:05:58] 🔄 Retry 1/5 for RASA in 2.9s
[10:05:58] 🔄 Identity reset
[10:06:01] 🧠 New identity created
[10:06:01] [187/326] INOM
[10:06:02] [188/326] SPRS
[10:06:04] [189/326] SGCS
[10:06:05] [190/326] SALM
[10:06:06] [191/326] PKHC
[10:06:06] [192/326] RCSV
[10:06:07] [193/326] CPKC
[10:06:08] [194/326] AACD
[10:06:09] [195/326] GGCV
[10:06:10] 🔄 Identity reset
[10:06:10] 🔄 Identity rotated (every 10 requests)
[10:06:10] [196/326] SMKD
[10:06:11] [197/326] NBCH
[10:06:13] [198/326] AMCB
[10:06:14] [199/326] OPCN
[10:06:15] [200/326] DCIN
[10:06:16] [201/326] INGW
[10:06:17] [202/326] PKKW
[10:06:18] [203/326] FNGW
[10:06:20] [204/326] GCGD
[10:06:21] [205/326] MSTW
[10:06:22] 🔄 Identity reset
[10:06:22] 🔄 Identity rotated (every 10 requests)
[10:06:23] [206/326] KCCG
[10:06:24] [207/326] MRSS
[10:06:25] [208/326] CLCF
[10:06:26] [209/326] EETS
[10:06:27] [210/326] AATR
[10:06:28] [211/326] CMMN
[10:06:29] [212/326] SCCJ
[10:06:30] [213/326] CDTK
[10:06:31] [214/326] AICP
[10:06:32] [215/326] FNBP
[10:06:33] 🔄 Identity reset
[10:06:33] 🔄 Identity rotated (every 10 requests)
[10:06:34] [216/326] CBPB
[10:06:35] [217/326] CPAS
[10:06:36] [218/326] MAPM
[10:06:37] [219/326] PASD
[10:06:38] [220/326] JCMN
[10:06:39] [221/326] MALB
[10:06:40] [222/326] SACG
[10:06:41] [223/326] DDRX
[10:06:42] [224/326] DDXB
[10:06:43] [225/326] RAMC
[10:06:43] 🔄 Identity reset
[10:06:43] 🔄 Identity rotated (every 10 requests)
[10:06:44] [226/326] SANC
[10:06:45] [227/326] BCBP
[10:06:45] [228/326] ALPC
[10:06:46] [229/326] RBAC
[10:06:47] [230/326] RAJL
[10:06:48] [231/326] MPDX
[10:06:50] [232/326] MUSC
[10:06:51] [233/326] VKMK
[10:06:52] [234/326] SKCG
[10:06:53] [235/326] ANCN
[10:06:53] 🔄 Identity reset
[10:06:53] 🔄 Identity rotated (every 10 requests)
[10:06:54] [236/326] MMCJ
[10:06:55] [237/326] DCAK
[10:06:55] [238/326] SCKG
[10:06:57] [239/326] LMCK
[10:06:59] [240/326] CKKX
[10:07:00] [241/326] ANKU
[10:07:01] [242/326] CSMD
[10:07:01] [243/326] MKMP
[10:07:02] [244/326] SVBG
[10:07:03] [245/326] ROOP
[10:07:04] 🔄 Identity reset
[10:07:04] 🔄 Identity rotated (every 10 requests)
[10:07:05] [246/326] GDMT
[10:07:06] [247/326] FPPF
[10:07:07] [248/326] SFUU
[10:07:08] [249/326] ANCB
[10:07:09] [250/326] SMMC
[10:07:10] [251/326] UGKT
[10:07:11] [252/326] JVRM
[10:07:11] [253/326] BATG
[10:07:12] [254/326] RATE
[10:07:13] [255/326] SKME
[10:07:14] 🔄 Identity reset
[10:07:14] 🔄 Identity rotated (every 10 requests)
[10:07:14] [256/326] LMTP
[10:07:15] [257/326] TCBD
[10:07:16] [258/326] ESBD
[10:07:17] [259/326] GDCU
[10:07:18] [260/326] SNKT
[10:07:19] [261/326] SRNK
[10:07:20] [262/326] SMED
[10:07:21] [263/326] CSQS
[10:07:22] [264/326] ALCS
[10:07:23] [265/326] KCKN
[10:07:23] 🔄 Identity reset
[10:07:23] 🔄 Identity rotated (every 10 requests)
[10:07:24] [266/326] VCCL
[10:07:25] [267/326] MCDA
[10:07:26] [268/326] SHMI
[10:07:27] [269/326] SKHA
[10:07:28] [270/326] SVFK
[10:07:29] [271/326] INVB
[10:07:30] [272/326] MELD
[10:07:31] [273/326] JTYS
[10:07:32] [274/326] INCM
[10:07:33] [275/326] MCDV
[10:07:34] 🔄 Identity reset
[10:07:34] 🔄 Identity rotated (every 10 requests)
[10:07:34] [276/326] KSGK
[10:07:36] [277/326] ICMG
[10:07:37] [278/326] CSCV
[10:07:38] [279/326] STMD
[10:07:39] [280/326] STTR
[10:07:40] [281/326] INVC
[10:07:40] [282/326] JTBL
[10:07:41] [283/326] SRVV
[10:07:42] [284/326] MAVC
[10:07:43] [285/326] SRPP
[10:07:44] 🔄 Identity reset
[10:07:44] 🔄 Identity rotated (every 10 requests)
[10:07:44] [286/326] JGDM
[10:07:45] [287/326] MBSJ
[10:07:46] [288/326] SSLL
[10:07:47] [289/326] SLKP
[10:07:49] [290/326] NSRV
[10:07:50] [291/326] UTDV
[10:07:51] [292/326] KICM
[10:07:52] [293/326] KCMD
[10:07:53] [294/326] TTPP
[10:07:53] [295/326] KMPV
[10:07:54] 🔄 Identity reset
[10:07:54] 🔄 Identity rotated (every 10 requests)
[10:07:54] [296/326] SKTV
[10:07:55] [297/326] STCV
[10:07:56] [298/326] SRDA
[10:07:58] [299/326] JTSX
[10:07:59] [300/326] STBV
[10:07:59] [301/326] APVZ
[10:08:00] [302/326] GSTV
[10:08:01] [303/326] NMVS
[10:08:02] [304/326] SKRT
[10:08:03] [305/326] RMDV
[10:08:04] 🔄 Identity reset
[10:08:04] 🔄 Identity rotated (every 10 requests)
[10:08:04] [306/326] RATG
[10:08:05] [307/326] SJYV
[10:08:06] [308/326] NDGP
[10:08:07] [309/326] SNDG
[10:08:08] [310/326] INSR
[10:08:09] [311/326] INSO
[10:08:10] [312/326] CCSI
[10:08:11] [313/326] RASM
[10:08:12] [314/326] NEWC
[10:08:12] [315/326] VSHL
[10:08:13] 🔄 Identity reset
[10:08:13] 🔄 Identity rotated (every 10 requests)
[10:08:13] [316/326] BISW
[10:08:14] [317/326] GCNG
[10:08:15] [318/326] CWSC
[10:08:16] [319/326] SKAN
[10:08:17] [320/326] CCOA
[10:08:18] [321/326] MCAJ
[10:08:20] [322/326] ACDE
[10:08:21] [323/326] AACM
[10:08:22] [324/326] JJCK
[10:08:23] [325/326] RCMO
[10:08:23] 🔄 Identity reset
[10:08:23] 🔄 Identity rotated (every 10 requests)
[10:08:24] [326/326] GDAW
[10:08:24] 🧹 Deduping shows
[10:08:24] ✅ DONE | Shows=8 | Movies=2
[05:20:10] 🚀 SCRIPT STARTED (enhanced anti‑detection)
[05:20:10] [1/326] VCHA
[05:20:11] 🧠 New identity created
[05:20:11] 🔄 Retry 1/5 for VCHA in 2.2s
[05:20:11] 🔄 Identity reset
[05:20:13] 🧠 New identity created
[05:20:13] [2/326] SCKO
[05:20:14] [3/326] VKTK
[05:20:15] [4/326] DXEC
[05:20:16] [5/326] CDCA
[05:20:17] [6/326] VBCZ
[05:20:18] [7/326] MSDR
[05:20:19] [8/326] ACPV
[05:20:20] [9/326] PVHB
[05:20:21] 🔄 Identity reset
[05:20:21] 🔄 Identity rotated (every 10 requests)
[05:20:22] [10/326] RCNH
[05:20:23] [11/326] IOMH
[05:20:24] [12/326] ILKS
[05:20:24] [13/326] AMSN
[05:20:25] [14/326] ANTP
[05:20:26] [15/326] SSEK
[05:20:27] [16/326] PICP
[05:20:28] [17/326] SICO
[05:20:29] [18/326] SISP
[05:20:30] [19/326] SCPI
[05:20:30] 🔄 Identity reset
[05:20:30] 🔄 Identity rotated (every 10 requests)
[05:20:31] [20/326] CRPR
[05:20:32] [21/326] DCTW
[05:20:33] [22/326] DCSP
[05:20:34] [23/326] KRPM
[05:20:35] [24/326] THKK
[05:20:36] [25/326] SNMY
[05:20:37] [26/326] AKCC
[05:20:37] [27/326] PCAT
[05:20:38] [28/326] RFGO
[05:20:39] [29/326] GGCS
[05:20:40] 🔄 Identity reset
[05:20:40] 🔄 Identity rotated (every 10 requests)
[05:20:41] [30/326] ACKR
[05:20:41] [31/326] STDO
[05:20:42] [32/326] ACKB
[05:20:43] [33/326] ALUC
[05:20:44] [34/326] MNSR
[05:20:45] [35/326] CSSL
[05:20:46] [36/326] BGGM
[05:20:47] [37/326] MANT
[05:20:48] [38/326] SOOY
[05:20:49] [39/326] VPPK
[05:20:50] 🔄 Identity reset
[05:20:50] 🔄 Identity rotated (every 10 requests)
[05:20:50] [40/326] MYHJ
[05:20:51] [41/326] KSCK
[05:20:52] [42/326] KATK
[05:20:53] [43/326] RTRT
[05:20:54] [44/326] SSTT
[05:20:55] [45/326] SSTV
[05:20:56] [46/326] LACM
[05:20:57] [47/326] SGMG
[05:20:58] [48/326] KACX
[05:20:58] [49/326] GVCP
[05:20:59] 🔄 Identity reset
[05:20:59] 🔄 Identity rotated (every 10 requests)
[05:21:00] [50/326] CSNC
[05:21:00] [51/326] SXCB
[05:21:01] [52/326] BAHS
[05:21:02] [53/326] PCBI
[05:21:03] [54/326] PSSM
[05:21:04] [55/326] RCOK
[05:21:05] [56/326] SCPF
[05:21:06] [57/326] SSAS
[05:21:07] [58/326] EVMM
[05:21:08] [59/326] SYCB
[05:21:09] 🔄 Identity reset
[05:21:09] 🔄 Identity rotated (every 10 requests)
[05:21:09] [60/326] GCKI
[05:21:10] [61/326] IAET
[05:21:12] [62/326] DDTD
[05:21:13] [63/326] GMDH
[05:21:14] [64/326] STLE
[05:21:15] [65/326] JTRA
[05:21:16] [66/326] RPPA
[05:21:17] [67/326] ARUT
[05:21:18] [68/326] JTVM
[05:21:19] [69/326] SWRH
[05:21:19] 🔄 Identity reset
[05:21:19] 🔄 Identity rotated (every 10 requests)
[05:21:20] [70/326] DCPC
[05:21:21] [71/326] RAPR
[05:21:21] [72/326] GCRT
[05:21:23] [73/326] ATUN
[05:21:24] [74/326] LTRM
[05:21:25] [75/326] TASR
[05:21:26] [76/326] RLLC
[05:21:27] [77/326] MABI
[05:21:28] [78/326] SVHB
[05:21:29] [79/326] NVTB
[05:21:30] 🔄 Identity reset
[05:21:30] 🔄 Identity rotated (every 10 requests)
[05:21:30] [80/326] KCKG
[05:21:31] [81/326] SSRN
[05:21:32] [82/326] VDDC
[05:21:33] [83/326] GKTK
[05:21:34] [84/326] YFSN
[05:21:35] [85/326] GCSG
[05:21:36] [86/326] ESSM
[05:21:37] [87/326] KRIH
[05:21:38] [88/326] GCDS
[05:21:39] [89/326] CCSH
[05:21:39] 🔄 Identity reset
[05:21:40] 🔄 Identity rotated (every 10 requests)
[05:21:40] [90/326] ACSK
[05:21:41] [91/326] APRK
[05:21:41] [92/326] ADKM
[05:21:42] [93/326] SRDM
[05:21:43] [94/326] SJMY
[05:21:44] [95/326] PGGC
[05:21:45] [96/326] INGM
[05:21:46] [97/326] LSCB
[05:21:47] [98/326] STAD
[05:21:48] [99/326] MCCR
[05:21:48] 🔄 Identity reset
[05:21:48] 🔄 Identity rotated (every 10 requests)
[05:21:49] [100/326] ABCC
[05:21:50] [101/326] RKCC
[05:21:51] [102/326] RTCR
[05:21:52] [103/326] GGBC
[05:21:53] [104/326] GCSD
[05:21:54] [105/326] LPTY
[05:21:55] [106/326] MCFD
[05:21:56] [107/326] HENN
[05:21:57] [108/326] SMKU
[05:21:58] [109/326] TNZC
[05:21:59] 🔄 Identity reset
[05:21:59] 🔄 Identity rotated (every 10 requests)
[05:21:59] [110/326] DRCD
[05:22:00] [111/326] DLCD
[05:22:02] [112/326] RCDA
[05:22:02] [113/326] COSM
[05:22:03] [114/326] MCMJ
[05:22:04] [115/326] CSTR
[05:22:05] [116/326] CVDK
[05:22:06] [117/326] INRR
[05:22:07] [118/326] RJRT
[05:22:07] [119/326] IRMR
[05:22:08] 🔄 Identity reset
[05:22:08] 🔄 Identity rotated (every 10 requests)
[05:22:08] [120/326] SRCF
[05:22:09] [121/326] GRCR
[05:22:10] [122/326] SURC
[05:22:11] [123/326] NMNH
[05:22:13] [124/326] SVBL
[05:22:14] [125/326] KACI
[05:22:15] [126/326] TDGO
[05:22:16] [127/326] KTBR
[05:22:17] [128/326] PMAD
[05:22:18] [129/326] CCPN
[05:22:18] 🔄 Identity reset
[05:22:18] 🔄 Identity rotated (every 10 requests)
[05:22:19] [130/326] SBTK
[05:22:19] [131/326] LMDK
[05:22:20] [132/326] PGDA
[05:22:22] [133/326] SRML
[05:22:23] [134/326] EVCK
[05:22:24] [135/326] RTTK
[05:22:25] [136/326] SRTU
[05:22:26] [137/326] VRSA
[05:22:27] [138/326] VARS
[05:22:28] [139/326] DSCZ
[05:22:29] 🔄 Identity reset
[05:22:29] 🔄 Identity rotated (every 10 requests)
[05:22:29] [140/326] GAGA
[05:22:30] [141/326] SARV
[05:22:31] [142/326] SEEG
[05:22:32] [143/326] GLCA
[05:22:33] [144/326] APAS
[05:22:34] [145/326] VCIA
[05:22:35] [146/326] SJTA
[05:22:36] [147/326] SABM
[05:22:37] [148/326] PPAG
[05:22:38] [149/326] RVCA
[05:22:38] 🔄 Identity reset
[05:22:38] 🔄 Identity rotated (every 10 requests)
[05:22:39] [150/326] CCIA
[05:22:40] [151/326] HTAG
[05:22:41] [152/326] SMBI
[05:22:42] [153/326] MCJR
[05:22:43] [154/326] CCJR
[05:22:44] [155/326] SINF
[05:22:45] [156/326] CPLX
[05:22:46] [157/326] KKTJ
[05:22:47] [158/326] GDBW
[05:22:49] [159/326] CSUB
[05:22:49] 🔄 Identity reset
[05:22:49] 🔄 Identity rotated (every 10 requests)
[05:22:50] [160/326] DABA
[05:22:51] [161/326] TITR
[05:22:52] [162/326] NYCR
[05:22:53] [163/326] RTRY
[05:22:54] [164/326] JTJL
[05:22:55] [165/326] SJCP
[05:22:56] [166/326] KCCA
[05:22:57] [167/326] MLPG
[05:22:58] [168/326] VRCK
[05:22:58] [169/326] SRIN
[05:22:59] 🔄 Identity reset
[05:22:59] 🔄 Identity rotated (every 10 requests)
[05:22:59] [170/326] CXMK
[05:23:00] [171/326] SKAD
[05:23:01] [172/326] AVTR
[05:23:03] [173/326] PTAJ
[05:23:04] [174/326] SCNK
[05:23:05] [175/326] STTI
[05:23:06] [176/326] KACR
[05:23:08] [177/326] SSDX
[05:23:09] [178/326] VRTJ
[05:23:09] [179/326] RAJD
[05:23:10] 🔄 Identity reset
[05:23:10] 🔄 Identity rotated (every 10 requests)
[05:23:10] 🔄 Retry 1/5 for RAJD in 2.7s
[05:23:10] 🔄 Identity reset
[05:23:13] 🧠 New identity created
[05:23:13] [180/326] SCIP
[05:23:14] [181/326] RJSL
[05:23:15] [182/326] ARRS
[05:23:16] [183/326] ASMS
[05:23:17] [184/326] RDTS
[05:23:18] [185/326] DVMY
[05:23:19] [186/326] RASA
[05:23:19] [187/326] INOM
[05:23:20] [188/326] SPRS
[05:23:21] 🔄 Identity reset
[05:23:21] 🔄 Identity rotated (every 10 requests)
[05:23:21] [189/326] SGCS
[05:23:23] [190/326] SALM
[05:23:24] [191/326] PKHC
[05:23:25] [192/326] RCSV
[05:23:25] [193/326] CPKC
[05:23:26] [194/326] AACD
[05:23:27] [195/326] GGCV
[05:23:28] [196/326] SMKD
[05:23:29] [197/326] NBCH
[05:23:30] [198/326] AMCB
[05:23:31] 🔄 Identity reset
[05:23:31] 🔄 Identity rotated (every 10 requests)
[05:23:31] [199/326] OPCN
[05:23:32] [200/326] DCIN
[05:23:33] [201/326] INGW
[05:23:34] [202/326] PKKW
[05:23:36] [203/326] FNGW
[05:23:37] [204/326] GCGD
[05:23:37] [205/326] MSTW
[05:23:38] [206/326] KCCG
[05:23:39] [207/326] MRSS
[05:23:40] [208/326] CLCF
[05:23:41] 🔄 Identity reset
[05:23:41] 🔄 Identity rotated (every 10 requests)
[05:23:41] [209/326] EETS
[05:23:42] [210/326] AATR
[05:23:43] [211/326] CMMN
[05:23:44] [212/326] SCCJ
[05:23:45] [213/326] CDTK
[05:23:45] [214/326] AICP
[05:23:46] [215/326] FNBP
[05:23:47] [216/326] CBPB
[05:23:48] [217/326] CPAS
[05:23:49] [218/326] MAPM
[05:23:49] 🔄 Identity reset
[05:23:49] 🔄 Identity rotated (every 10 requests)
[05:23:50] [219/326] PASD
[05:23:51] [220/326] JCMN
[05:23:51] [221/326] MALB
[05:23:52] [222/326] SACG
[05:23:53] [223/326] DDRX
[05:23:54] [224/326] DDXB
[05:23:55] [225/326] RAMC
[05:23:56] [226/326] SANC
[05:23:57] [227/326] BCBP
[05:23:58] [228/326] ALPC
[05:23:58] 🔄 Identity reset
[05:23:58] 🔄 Identity rotated (every 10 requests)
[05:23:59] [229/326] RBAC
[05:23:59] [230/326] RAJL
[05:24:00] [231/326] MPDX
[05:24:01] [232/326] MUSC
[05:24:02] [233/326] VKMK
[05:24:03] [234/326] SKCG
[05:24:03] [235/326] ANCN
[05:24:04] [236/326] MMCJ
[05:24:05] [237/326] DCAK
[05:24:06] [238/326] SCKG
[05:24:07] 🔄 Identity reset
[05:24:07] 🔄 Identity rotated (every 10 requests)
[05:24:07] [239/326] LMCK
[05:24:07] [240/326] CKKX
[05:24:08] [241/326] ANKU
[05:24:09] [242/326] CSMD
[05:24:10] [243/326] MKMP
[05:24:11] [244/326] SVBG
[05:24:11] [245/326] ROOP
[05:24:12] [246/326] GDMT
[05:24:13] [247/326] FPPF
[05:24:14] [248/326] SFUU
[05:24:15] 🔄 Identity reset
[05:24:15] 🔄 Identity rotated (every 10 requests)
[05:24:15] [249/326] ANCB
[05:24:16] [250/326] SMMC
[05:24:16] [251/326] UGKT
[05:24:17] [252/326] JVRM
[05:24:18] [253/326] BATG
[05:24:19] [254/326] RATE
[05:24:20] [255/326] SKME
[05:24:20] [256/326] LMTP
[05:24:21] [257/326] TCBD
[05:24:22] [258/326] ESBD
[05:24:23] 🔄 Identity reset
[05:24:23] 🔄 Identity rotated (every 10 requests)
[05:24:23] [259/326] GDCU
[05:24:24] [260/326] SNKT
[05:24:24] [261/326] SRNK
[05:24:26] [262/326] SMED
[05:24:27] [263/326] CSQS
[05:24:28] [264/326] ALCS
[05:24:28] [265/326] KCKN
[05:24:30] [266/326] VCCL
[05:24:31] [267/326] MCDA
[05:24:31] [268/326] SHMI
[05:24:32] 🔄 Identity reset
[05:24:32] 🔄 Identity rotated (every 10 requests)
[05:24:32] [269/326] SKHA
[05:24:33] [270/326] SVFK
[05:24:34] [271/326] INVB
[05:24:35] [272/326] MELD
[05:24:35] [273/326] JTYS
[05:24:36] [274/326] INCM
[05:24:37] [275/326] MCDV
[05:24:38] [276/326] KSGK
[05:24:39] [277/326] ICMG
[05:24:40] [278/326] CSCV
[05:24:41] 🔄 Identity reset
[05:24:41] 🔄 Identity rotated (every 10 requests)
[05:24:41] [279/326] STMD
[05:24:42] [280/326] STTR
[05:24:42] [281/326] INVC
[05:24:44] [282/326] JTBL
[05:24:45] [283/326] SRVV
[05:24:46] [284/326] MAVC
[05:24:47] [285/326] SRPP
[05:24:47] [286/326] JGDM
[05:24:48] [287/326] MBSJ
[05:24:49] [288/326] SSLL
[05:24:50] 🔄 Identity reset
[05:24:50] 🔄 Identity rotated (every 10 requests)
[05:24:50] [289/326] SLKP
[05:24:51] [290/326] NSRV
[05:24:52] [291/326] UTDV
[05:24:53] [292/326] KICM
[05:24:54] [293/326] KCMD
[05:24:55] [294/326] TTPP
[05:24:56] [295/326] KMPV
[05:24:57] [296/326] SKTV
[05:24:58] [297/326] STCV
[05:24:59] [298/326] SRDA
[05:24:59] 🔄 Identity reset
[05:24:59] 🔄 Identity rotated (every 10 requests)
[05:24:59] [299/326] JTSX
[05:25:00] [300/326] STBV
[05:25:01] [301/326] APVZ
[05:25:02] [302/326] GSTV
[05:25:03] [303/326] NMVS
[05:25:04] [304/326] SKRT
[05:25:04] [305/326] RMDV
[05:25:05] [306/326] RATG
[05:25:06] [307/326] SJYV
[05:25:07] [308/326] NDGP
[05:25:07] 🔄 Identity reset
[05:25:07] 🔄 Identity rotated (every 10 requests)
[05:25:07] [309/326] SNDG
[05:25:08] [310/326] INSR
[05:25:09] [311/326] INSO
[05:25:10] [312/326] CCSI
[05:25:11] [313/326] RASM
[05:25:12] [314/326] NEWC
[05:25:12] [315/326] VSHL
[05:25:13] [316/326] BISW
[05:25:14] [317/326] GCNG
[05:25:15] [318/326] CWSC
[05:25:15] 🔄 Identity reset
[05:25:15] 🔄 Identity rotated (every 10 requests)
[05:25:15] 🔄 Retry 1/5 for CWSC in 2.6s
[05:25:15] 🔄 Identity reset
[05:25:18] 🧠 New identity created
[05:25:18] [319/326] SKAN
[05:25:19] [320/326] CCOA
[05:25:19] [321/326] MCAJ
[05:25:20] [322/326] ACDE
[05:25:21] [323/326] AACM
[05:25:22] [324/326] JJCK
[05:25:22] [325/326] RCMO
[05:25:23] [326/326] GDAW
[05:25:24] 🧹 Deduping shows
[05:25:24] ✅ DONE | Shows=29 | Movies=4
[22:16:14] 🚀 SCRIPT STARTED (enhanced anti‑detection)
[22:16:14] [1/326] VCHA
[22:16:15] 🧠 New identity created
[22:16:15] [2/326] SCKO
[22:16:16] [3/326] VKTK
[22:16:17] [4/326] DXEC
[22:16:18] [5/326] CDCA
[22:16:19] [6/326] VBCZ
[22:16:19] [7/326] MSDR
[22:16:20] [8/326] ACPV
[22:16:21] [9/326] PVHB
[22:16:22] [10/326] RCNH
[22:16:23] 🔄 Identity reset
[22:16:23] 🔄 Identity rotated (every 10 requests)
[22:16:23] [11/326] IOMH
[22:16:24] [12/326] ILKS
[22:16:25] [13/326] AMSN
[22:16:26] [14/326] ANTP
[22:16:27] [15/326] SSEK
[22:16:28] [16/326] PICP
[22:16:29] [17/326] SICO
[22:16:30] [18/326] SISP
[22:16:31] [19/326] SCPI
[22:16:31] [20/326] CRPR
[22:16:32] 🔄 Identity reset
[22:16:32] 🔄 Identity rotated (every 10 requests)
[22:16:32] [21/326] DCTW
[22:16:34] [22/326] DCSP
[22:16:35] [23/326] KRPM
[22:16:36] [24/326] THKK
[22:16:37] [25/326] SNMY
[22:16:38] [26/326] AKCC
[22:16:39] [27/326] PCAT
[22:16:41] [28/326] RFGO
[22:16:42] [29/326] GGCS
[22:16:42] [30/326] ACKR
[22:16:43] 🔄 Identity reset
[22:16:43] 🔄 Identity rotated (every 10 requests)
[22:16:43] [31/326] STDO
[22:16:45] [32/326] ACKB
[22:16:46] [33/326] ALUC
[22:16:47] [34/326] MNSR
[22:16:48] [35/326] CSSL
[22:16:49] [36/326] BGGM
[22:16:49] [37/326] MANT
[22:16:50] [38/326] SOOY
[22:16:51] [39/326] VPPK
[22:16:53] [40/326] MYHJ
[22:16:53] 🔄 Identity reset
[22:16:53] 🔄 Identity rotated (every 10 requests)
[22:16:54] [41/326] KSCK
[22:16:54] [42/326] KATK
[22:16:55] [43/326] RTRT
[22:16:56] [44/326] SSTT
[22:16:57] [45/326] SSTV
[22:16:58] [46/326] LACM
[22:17:00] [47/326] SGMG
[22:17:00] [48/326] KACX
[22:17:01] [49/326] GVCP
[22:17:02] [50/326] CSNC
[22:17:03] 🔄 Identity reset
[22:17:03] 🔄 Identity rotated (every 10 requests)
[22:17:03] [51/326] SXCB
[22:17:04] [52/326] BAHS
[22:17:06] [53/326] PCBI
[22:17:08] [54/326] PSSM
[22:17:08] [55/326] RCOK
[22:17:09] [56/326] SCPF
[22:17:10] [57/326] SSAS
[22:17:11] [58/326] EVMM
[22:17:12] [59/326] SYCB
[22:17:13] [60/326] GCKI
[22:17:14] 🔄 Identity reset
[22:17:14] 🔄 Identity rotated (every 10 requests)
[22:17:14] [61/326] IAET
[22:17:15] [62/326] DDTD
[22:17:16] [63/326] GMDH
[22:17:17] [64/326] STLE
[22:17:18] [65/326] JTRA
[22:17:19] [66/326] RPPA
[22:17:20] [67/326] ARUT
[22:17:21] [68/326] JTVM
[22:17:22] [69/326] SWRH
[22:17:22] [70/326] DCPC
[22:17:23] 🔄 Identity reset
[22:17:23] 🔄 Identity rotated (every 10 requests)
[22:17:23] 🔄 Retry 1/5 for DCPC in 2.8s
[22:17:23] 🔄 Identity reset
[22:17:26] 🧠 New identity created
[22:17:26] [71/326] RAPR
[22:17:27] [72/326] GCRT
[22:17:28] [73/326] ATUN
[22:17:29] [74/326] LTRM
[22:17:30] [75/326] TASR
[22:17:31] [76/326] RLLC
[22:17:32] [77/326] MABI
[22:17:32] [78/326] SVHB
[22:17:33] [79/326] NVTB
[22:17:34] 🔄 Identity reset
[22:17:34] 🔄 Identity rotated (every 10 requests)
[22:17:34] 🔄 Retry 1/5 for NVTB in 2.3s
[22:17:34] 🔄 Identity reset
[22:17:36] 🧠 New identity created
[22:17:37] [80/326] KCKG
[22:17:38] [81/326] SSRN
[22:17:39] [82/326] VDDC
[22:17:39] [83/326] GKTK
[22:17:41] [84/326] YFSN
[22:17:42] [85/326] GCSG
[22:17:42] [86/326] ESSM
[22:17:43] [87/326] KRIH
[22:17:44] [88/326] GCDS
[22:17:45] 🔄 Identity reset
[22:17:45] 🔄 Identity rotated (every 10 requests)
[22:17:46] [89/326] CCSH
[22:17:47] [90/326] ACSK
[22:17:48] [91/326] APRK
[22:17:49] [92/326] ADKM
[22:17:50] [93/326] SRDM
[22:17:51] [94/326] SJMY
[22:17:52] [95/326] PGGC
[22:17:53] [96/326] INGM
[22:17:54] [97/326] LSCB
[22:17:55] [98/326] STAD
[22:17:55] 🔄 Identity reset
[22:17:55] 🔄 Identity rotated (every 10 requests)
[22:17:55] [99/326] MCCR
[22:17:56] [100/326] ABCC
[22:17:57] [101/326] RKCC
[22:17:58] [102/326] RTCR
[22:17:59] [103/326] GGBC
[22:18:00] [104/326] GCSD
[22:18:02] [105/326] LPTY
[22:18:02] [106/326] MCFD
[22:18:03] [107/326] HENN
[22:18:04] [108/326] SMKU
[22:18:05] 🔄 Identity reset
[22:18:05] 🔄 Identity rotated (every 10 requests)
[22:18:05] [109/326] TNZC
[22:18:06] [110/326] DRCD
[22:18:07] [111/326] DLCD
[22:18:08] [112/326] RCDA
[22:18:09] [113/326] COSM
[22:18:10] [114/326] MCMJ
[22:18:11] [115/326] CSTR
[22:18:12] [116/326] CVDK
[22:18:13] [117/326] INRR
[22:18:14] [118/326] RJRT
[22:18:14] 🔄 Identity reset
[22:18:14] 🔄 Identity rotated (every 10 requests)
[22:18:15] [119/326] IRMR
[22:18:16] [120/326] SRCF
[22:18:17] [121/326] GRCR
[22:18:18] [122/326] SURC
[22:18:19] [123/326] NMNH
[22:18:19] [124/326] SVBL
[22:18:20] [125/326] KACI
[22:18:21] [126/326] TDGO
[22:18:22] [127/326] KTBR
[22:18:23] [128/326] PMAD
[22:18:24] 🔄 Identity reset
[22:18:24] 🔄 Identity rotated (every 10 requests)
[22:18:24] [129/326] CCPN
[22:18:25] [130/326] SBTK
[22:18:27] [131/326] LMDK
[22:18:28] [132/326] PGDA
[22:18:28] [133/326] SRML
[22:18:29] [134/326] EVCK
[22:18:30] [135/326] RTTK
[22:18:31] [136/326] SRTU
[22:18:32] [137/326] VRSA
[22:18:33] [138/326] VARS
[22:18:34] 🔄 Identity reset
[22:18:34] 🔄 Identity rotated (every 10 requests)
[22:18:34] [139/326] DSCZ
[22:18:35] [140/326] GAGA
[22:18:36] [141/326] SARV
[22:18:37] [142/326] SEEG
[22:18:37] [143/326] GLCA
[22:18:39] [144/326] APAS
[22:18:40] [145/326] VCIA
[22:18:41] [146/326] SJTA
[22:18:42] [147/326] SABM
[22:18:43] [148/326] PPAG
[22:18:43] 🔄 Identity reset
[22:18:43] 🔄 Identity rotated (every 10 requests)
[22:18:44] [149/326] RVCA
[22:18:45] [150/326] CCIA
[22:18:45] [151/326] HTAG
[22:18:46] [152/326] SMBI
[22:18:47] [153/326] MCJR
[22:18:48] [154/326] CCJR
[22:18:49] [155/326] SINF
[22:18:50] [156/326] CPLX
[22:18:51] [157/326] KKTJ
[22:18:52] [158/326] GDBW
[22:18:52] 🔄 Identity reset
[22:18:52] 🔄 Identity rotated (every 10 requests)
[22:18:52] 🔄 Retry 1/5 for GDBW in 2.2s
[22:18:52] 🔄 Identity reset
[22:18:55] 🧠 New identity created
[22:18:56] [159/326] CSUB
[22:18:57] [160/326] DABA
[22:18:58] [161/326] TITR
[22:18:59] [162/326] NYCR
[22:19:00] [163/326] RTRY
[22:19:00] [164/326] JTJL
[22:19:01] [165/326] SJCP
[22:19:02] [166/326] KCCA
[22:19:03] [167/326] MLPG
[22:19:04] 🔄 Identity reset
[22:19:04] 🔄 Identity rotated (every 10 requests)
[22:19:04] [168/326] VRCK
[22:19:05] [169/326] SRIN
[22:19:06] [170/326] CXMK
[22:19:08] [171/326] SKAD
[22:19:09] [172/326] AVTR
[22:19:10] [173/326] PTAJ
[22:19:10] [174/326] SCNK
[22:19:11] [175/326] STTI
[22:19:12] [176/326] KACR
[22:19:13] [177/326] SSDX
[22:19:14] 🔄 Identity reset
[22:19:14] 🔄 Identity rotated (every 10 requests)
[22:19:14] [178/326] VRTJ
[22:19:16] [179/326] RAJD
[22:19:16] [180/326] SCIP
[22:19:17] [181/326] RJSL
[22:19:18] [182/326] ARRS
[22:19:19] [183/326] ASMS
[22:19:20] [184/326] RDTS
[22:19:21] [185/326] DVMY
[22:19:22] [186/326] RASA
[22:19:23] [187/326] INOM
[22:19:24] 🔄 Identity reset
[22:19:24] 🔄 Identity rotated (every 10 requests)
[22:19:25] [188/326] SPRS
[22:19:26] [189/326] SGCS
[22:19:27] [190/326] SALM
[22:19:28] [191/326] PKHC
[22:19:29] [192/326] RCSV
[22:19:30] [193/326] CPKC
[22:19:31] [194/326] AACD
[22:19:32] [195/326] GGCV
[22:19:32] [196/326] SMKD
[22:19:33] [197/326] NBCH
[22:19:34] 🔄 Identity reset
[22:19:34] 🔄 Identity rotated (every 10 requests)
[22:19:34] [198/326] AMCB
[22:19:35] [199/326] OPCN
[22:19:36] [200/326] DCIN
[22:19:37] [201/326] INGW
[22:19:38] [202/326] PKKW
[22:19:39] [203/326] FNGW
[22:19:39] [204/326] GCGD
[22:19:40] [205/326] MSTW
[22:19:41] [206/326] KCCG
[22:19:42] [207/326] MRSS
[22:19:43] 🔄 Identity reset
[22:19:43] 🔄 Identity rotated (every 10 requests)
[22:19:43] [208/326] CLCF
[22:19:44] [209/326] EETS
[22:19:45] [210/326] AATR
[22:19:47] [211/326] CMMN
[22:19:47] [212/326] SCCJ
[22:19:48] [213/326] CDTK
[22:19:49] [214/326] AICP
[22:19:50] [215/326] FNBP
[22:19:51] [216/326] CBPB
[22:19:52] [217/326] CPAS
[22:19:52] 🔄 Identity reset
[22:19:52] 🔄 Identity rotated (every 10 requests)
[22:19:53] [218/326] MAPM
[22:19:54] [219/326] PASD
[22:19:54] [220/326] JCMN
[22:19:55] [221/326] MALB
[22:19:56] [222/326] SACG
[22:19:57] [223/326] DDRX
[22:19:58] [224/326] DDXB
[22:19:59] [225/326] RAMC
[22:20:00] [226/326] SANC
[22:20:01] [227/326] BCBP
[22:20:01] 🔄 Identity reset
[22:20:01] 🔄 Identity rotated (every 10 requests)
[22:20:02] [228/326] ALPC
[22:20:03] [229/326] RBAC
[22:20:03] [230/326] RAJL
[22:20:04] [231/326] MPDX
[22:20:05] [232/326] MUSC
[22:20:06] [233/326] VKMK
[22:20:07] [234/326] SKCG
[22:20:08] [235/326] ANCN
[22:20:09] [236/326] MMCJ
[22:20:10] [237/326] DCAK
[22:20:11] 🔄 Identity reset
[22:20:11] 🔄 Identity rotated (every 10 requests)
[22:20:11] [238/326] SCKG
[22:20:12] [239/326] LMCK
[22:20:13] [240/326] CKKX
[22:20:14] [241/326] ANKU
[22:20:14] [242/326] CSMD
[22:20:16] [243/326] MKMP
[22:20:17] [244/326] SVBG
[22:20:18] [245/326] ROOP
[22:20:19] [246/326] GDMT
[22:20:20] [247/326] FPPF
[22:20:20] 🔄 Identity reset
[22:20:20] 🔄 Identity rotated (every 10 requests)
[22:20:21] [248/326] SFUU
[22:20:21] [249/326] ANCB
[22:20:23] [250/326] SMMC
[22:20:24] [251/326] UGKT
[22:20:25] [252/326] JVRM
[22:20:26] [253/326] BATG
[22:20:27] [254/326] RATE
[22:20:28] [255/326] SKME
[22:20:28] [256/326] LMTP
[22:20:29] [257/326] TCBD
[22:20:30] 🔄 Identity reset
[22:20:30] 🔄 Identity rotated (every 10 requests)
[22:20:30] 🔄 Retry 1/5 for TCBD in 2.1s
[22:20:30] 🔄 Identity reset
[22:20:32] 🧠 New identity created
[22:20:32] [258/326] ESBD
[22:20:33] [259/326] GDCU
[22:20:34] [260/326] SNKT
[22:20:35] [261/326] SRNK
[22:20:36] [262/326] SMED
[22:20:37] [263/326] CSQS
[22:20:37] [264/326] ALCS
[22:20:38] [265/326] KCKN
[22:20:39] [266/326] VCCL
[22:20:40] 🔄 Identity reset
[22:20:40] 🔄 Identity rotated (every 10 requests)
[22:20:40] [267/326] MCDA
[22:20:41] [268/326] SHMI
[22:20:42] [269/326] SKHA
[22:20:43] [270/326] SVFK
[22:20:44] [271/326] INVB
[22:20:45] [272/326] MELD
[22:20:46] [273/326] JTYS
[22:20:47] [274/326] INCM
[22:20:47] [275/326] MCDV
[22:20:48] [276/326] KSGK
[22:20:49] 🔄 Identity reset
[22:20:49] 🔄 Identity rotated (every 10 requests)
[22:20:49] 🔄 Retry 1/5 for KSGK in 2.5s
[22:20:49] 🔄 Identity reset
[22:20:51] 🧠 New identity created
[22:20:52] [277/326] ICMG
[22:20:53] [278/326] CSCV
[22:20:54] [279/326] STMD
[22:20:55] [280/326] STTR
[22:20:56] [281/326] INVC
[22:20:57] [282/326] JTBL
[22:20:58] [283/326] SRVV
[22:20:59] [284/326] MAVC
[22:21:00] [285/326] SRPP
[22:21:01] 🔄 Identity reset
[22:21:01] 🔄 Identity rotated (every 10 requests)
[22:21:01] [286/326] JGDM
[22:21:02] [287/326] MBSJ
[22:21:03] [288/326] SSLL
[22:21:04] [289/326] SLKP
[22:21:05] [290/326] NSRV
[22:21:06] [291/326] UTDV
[22:21:07] [292/326] KICM
[22:21:08] [293/326] KCMD
[22:21:09] [294/326] TTPP
[22:21:10] [295/326] KMPV
[22:21:10] 🔄 Identity reset
[22:21:10] 🔄 Identity rotated (every 10 requests)
[22:21:10] 🔄 Retry 1/5 for KMPV in 2.7s
[22:21:10] 🔄 Identity reset
[22:21:13] 🧠 New identity created
[22:21:13] [296/326] SKTV
[22:21:14] [297/326] STCV
[22:21:15] [298/326] SRDA
[22:21:16] [299/326] JTSX
[22:21:17] [300/326] STBV
[22:21:18] [301/326] APVZ
[22:21:19] [302/326] GSTV
[22:21:20] [303/326] NMVS
[22:21:21] [304/326] SKRT
[22:21:22] 🔄 Identity reset
[22:21:22] 🔄 Identity rotated (every 10 requests)
[22:21:22] [305/326] RMDV
[22:21:23] [306/326] RATG
[22:21:24] [307/326] SJYV
[22:21:24] [308/326] NDGP
[22:21:25] [309/326] SNDG
[22:21:26] [310/326] INSR
[22:21:27] [311/326] INSO
[22:21:28] [312/326] CCSI
[22:21:29] [313/326] RASM
[22:21:30] [314/326] NEWC
[22:21:31] 🔄 Identity reset
[22:21:31] 🔄 Identity rotated (every 10 requests)
[22:21:32] [315/326] VSHL
[22:21:32] [316/326] BISW
[22:21:34] [317/326] GCNG
[22:21:35] [318/326] CWSC
[22:21:35] [319/326] SKAN
[22:21:36] [320/326] CCOA
[22:21:37] [321/326] MCAJ
[22:21:38] [322/326] ACDE
[22:21:39] [323/326] AACM
[22:21:40] [324/326] JJCK
[22:21:41] 🔄 Identity reset
[22:21:41] 🔄 Identity rotated (every 10 requests)
[22:21:42] [325/326] RCMO
[22:21:43] [326/326] GDAW
[22:21:44] 🧹 Deduping shows
[22:21:44] ✅ DONE | Shows=48 | Movies=7
[10:31:35] 🚀 SCRIPT STARTED
[10:31:35] [1/326] VCHA
[10:31:35] 🧠 New identity created
[10:31:36] [2/326] SCKO
[10:31:38] [3/326] VKTK
[10:31:38] [4/326] DXEC
[10:31:39] [5/326] CDCA
[10:31:40] [6/326] VBCZ
[10:31:41] [7/326] MSDR
[10:31:42] [8/326] ACPV
[10:31:43] [9/326] PVHB
[10:31:45] [10/326] RCNH
[10:31:45] 🔄 Identity reset
[10:31:45] 🔄 Identity rotated (every 10 requests)
[10:31:47] [11/326] IOMH
[10:31:48] [12/326] ILKS
[10:31:48] [13/326] AMSN
[10:31:50] [14/326] ANTP
[10:31:51] [15/326] SSEK
[10:31:52] [16/326] PICP
[10:31:53] [17/326] SICO
[10:31:54] [18/326] SISP
[10:31:55] [19/326] SCPI
[10:31:56] [20/326] CRPR
[10:31:56] 🔄 Identity reset
[10:31:56] 🔄 Identity rotated (every 10 requests)
[10:31:57] [21/326] DCTW
[10:31:58] [22/326] DCSP
[10:31:59] [23/326] KRPM
[10:32:00] [24/326] THKK
[10:32:01] [25/326] SNMY
[10:32:02] [26/326] AKCC
[10:32:03] [27/326] PCAT
[10:32:04] [28/326] RFGO
[10:32:04] [29/326] GGCS
[10:32:05] [30/326] ACKR
[10:32:05] 🔄 Identity reset
[10:32:05] 🔄 Identity rotated (every 10 requests)
[10:32:06] [31/326] STDO
[10:32:07] [32/326] ACKB
[10:32:09] [33/326] ALUC
[10:32:10] [34/326] MNSR
[10:32:11] [35/326] CSSL
[10:32:12] [36/326] BGGM
[10:32:13] [37/326] MANT
[10:32:14] [38/326] SOOY
[10:32:14] [39/326] VPPK
[10:32:15] [40/326] MYHJ
[10:32:15] 🔄 Identity reset
[10:32:15] 🔄 Identity rotated (every 10 requests)
[10:32:16] [41/326] KSCK
[10:32:17] [42/326] KATK
[10:32:18] [43/326] RTRT
[10:32:20] [44/326] SSTT
[10:32:21] [45/326] SSTV
[10:32:22] [46/326] LACM
[10:32:23] [47/326] SGMG
[10:32:24] [48/326] KACX
[10:32:25] [49/326] GVCP
[10:32:26] [50/326] CSNC
[10:32:26] 🔄 Identity reset
[10:32:26] 🔄 Identity rotated (every 10 requests)
[10:32:27] [51/326] SXCB
[10:32:28] [52/326] BAHS
[10:32:29] [53/326] PCBI
[10:32:30] [54/326] PSSM
[10:32:31] [55/326] RCOK
[10:32:31] [56/326] SCPF
[10:32:32] [57/326] SSAS
[10:32:33] [58/326] EVMM
[10:32:34] [59/326] SYCB
[10:32:35] [60/326] GCKI
[10:32:35] 🔄 Identity reset
[10:32:35] 🔄 Identity rotated (every 10 requests)
[10:32:36] [61/326] IAET
[10:32:37] [62/326] DDTD
[10:32:38] [63/326] GMDH
[10:32:39] [64/326] STLE
[10:32:40] [65/326] JTRA
[10:32:42] [66/326] RPPA
[10:32:43] [67/326] ARUT
[10:32:44] [68/326] JTVM
[10:32:45] [69/326] SWRH
[10:32:46] [70/326] DCPC
[10:32:46] 🔄 Identity reset
[10:32:46] 🔄 Identity rotated (every 10 requests)
[10:32:47] [71/326] RAPR
[10:32:47] [72/326] GCRT
[10:32:49] [73/326] ATUN
[10:32:50] [74/326] LTRM
[10:32:50] [75/326] TASR
[10:32:51] [76/326] RLLC
[10:32:52] [77/326] MABI
[10:32:53] [78/326] SVHB
[10:32:55] [79/326] NVTB
[10:32:56] [80/326] KCKG
[10:32:56] 🔄 Identity reset
[10:32:56] 🔄 Identity rotated (every 10 requests)
[10:32:57] [81/326] SSRN
[10:32:58] [82/326] VDDC
[10:32:59] [83/326] GKTK
[10:32:59] [84/326] YFSN
[10:33:00] [85/326] GCSG
[10:33:01] [86/326] ESSM
[10:33:02] [87/326] KRIH
[10:33:03] [88/326] GCDS
[10:33:04] [89/326] CCSH
[10:33:05] [90/326] ACSK
[10:33:05] 🔄 Identity reset
[10:33:05] 🔄 Identity rotated (every 10 requests)
[10:33:05] [91/326] APRK
[10:33:07] [92/326] ADKM
[10:33:08] [93/326] SRDM
[10:33:09] [94/326] SJMY
[10:33:10] [95/326] PGGC
[10:33:11] [96/326] INGM
[10:33:12] [97/326] LSCB
[10:33:12] [98/326] STAD
[10:33:13] [99/326] MCCR
[10:33:14] [100/326] ABCC
[10:33:14] 🔄 Identity reset
[10:33:14] 🔄 Identity rotated (every 10 requests)
[10:33:16] [101/326] RKCC
[10:33:17] [102/326] RTCR
[10:33:18] [103/326] GGBC
[10:33:19] [104/326] GCSD
[10:33:20] [105/326] LPTY
[10:33:21] [106/326] MCFD
[10:33:22] [107/326] HENN
[10:33:23] [108/326] SMKU
[10:33:24] [109/326] TNZC
[10:33:25] [110/326] DRCD
[10:33:25] 🔄 Identity reset
[10:33:25] 🔄 Identity rotated (every 10 requests)
[10:33:25] [111/326] DLCD
[10:33:26] [112/326] RCDA
[10:33:27] [113/326] COSM
[10:33:28] [114/326] MCMJ
[10:33:29] [115/326] CSTR
[10:33:30] [116/326] CVDK
[10:33:31] [117/326] INRR
[10:33:32] [118/326] RJRT
[10:33:33] [119/326] IRMR
[10:33:35] [120/326] SRCF
[10:33:35] 🔄 Identity reset
[10:33:35] 🔄 Identity rotated (every 10 requests)
[10:33:35] 🔄 Retry 1/5 for SRCF in 2.8s
[10:33:35] 🔄 Identity reset
[10:33:38] 🧠 New identity created
[10:33:39] [121/326] GRCR
[10:33:40] [122/326] SURC
[10:33:41] [123/326] NMNH
[10:33:42] [124/326] SVBL
[10:33:43] [125/326] KACI
[10:33:44] [126/326] TDGO
[10:33:45] [127/326] KTBR
[10:33:46] [128/326] PMAD
[10:33:47] [129/326] CCPN
[10:33:47] 🔄 Identity reset
[10:33:47] 🔄 Identity rotated (every 10 requests)
[10:33:48] [130/326] SBTK
[10:33:49] [131/326] LMDK
[10:33:50] [132/326] PGDA
[10:33:51] [133/326] SRML
[10:33:52] [134/326] EVCK
[10:33:53] [135/326] RTTK
[10:33:53] [136/326] SRTU
[10:33:54] [137/326] VRSA
[10:33:55] [138/326] VARS
[10:33:56] [139/326] DSCZ
[10:33:56] 🔄 Identity reset
[10:33:56] 🔄 Identity rotated (every 10 requests)
[10:33:57] [140/326] GAGA
[10:33:57] [141/326] SARV
[10:33:58] [142/326] SEEG
[10:33:59] [143/326] GLCA
[10:34:00] [144/326] APAS
[10:34:01] [145/326] VCIA
[10:34:03] [146/326] SJTA
[10:34:04] [147/326] SABM
[10:34:05] [148/326] PPAG
[10:34:06] [149/326] RVCA
[10:34:06] 🔄 Identity reset
[10:34:06] 🔄 Identity rotated (every 10 requests)
[10:34:07] [150/326] CCIA
[10:34:09] [151/326] HTAG
[10:34:10] [152/326] SMBI
[10:34:11] [153/326] MCJR
[10:34:13] [154/326] CCJR
[10:34:14] [155/326] SINF
[10:34:14] [156/326] CPLX
[10:34:15] [157/326] KKTJ
[10:34:16] [158/326] GDBW
[10:34:17] [159/326] CSUB
[10:34:17] 🔄 Identity reset
[10:34:17] 🔄 Identity rotated (every 10 requests)
[10:34:18] [160/326] DABA
[10:34:19] [161/326] TITR
[10:34:20] [162/326] NYCR
[10:34:21] [163/326] RTRY
[10:34:22] [164/326] JTJL
[10:34:23] [165/326] SJCP
[10:34:24] [166/326] KCCA
[10:34:25] [167/326] MLPG
[10:34:26] [168/326] VRCK
[10:34:27] [169/326] SRIN
[10:34:27] 🔄 Identity reset
[10:34:27] 🔄 Identity rotated (every 10 requests)
[10:34:28] [170/326] CXMK
[10:34:29] [171/326] SKAD
[10:34:30] [172/326] AVTR
[10:34:31] [173/326] PTAJ
[10:34:32] [174/326] SCNK
[10:34:34] [175/326] STTI
[10:34:35] [176/326] KACR
[10:34:36] [177/326] SSDX
[10:34:37] [178/326] VRTJ
[10:34:38] [179/326] RAJD
[10:34:38] 🔄 Identity reset
[10:34:38] 🔄 Identity rotated (every 10 requests)
[10:34:39] [180/326] SCIP
[10:34:40] [181/326] RJSL
[10:34:41] [182/326] ARRS
[10:34:42] [183/326] ASMS
[10:34:43] [184/326] RDTS
[10:34:44] [185/326] DVMY
[10:34:45] [186/326] RASA
[10:34:46] [187/326] INOM
[10:34:47] [188/326] SPRS
[10:34:48] [189/326] SGCS
[10:34:48] 🔄 Identity reset
[10:34:48] 🔄 Identity rotated (every 10 requests)
[10:34:49] [190/326] SALM
[10:34:50] [191/326] PKHC
[10:34:50] [192/326] RCSV
[10:34:52] [193/326] CPKC
[10:34:53] [194/326] AACD
[10:34:54] [195/326] GGCV
[10:34:55] [196/326] SMKD
[10:34:56] [197/326] NBCH
[10:34:57] [198/326] AMCB
[10:34:58] [199/326] OPCN
[10:34:58] 🔄 Identity reset
[10:34:58] 🔄 Identity rotated (every 10 requests)
[10:34:59] [200/326] DCIN
[10:35:00] [201/326] INGW
[10:35:01] [202/326] PKKW
[10:35:02] [203/326] FNGW
[10:35:03] [204/326] GCGD
[10:35:04] [205/326] MSTW
[10:35:05] [206/326] KCCG
[10:35:06] [207/326] MRSS
[10:35:07] [208/326] CLCF
[10:35:07] [209/326] EETS
[10:35:07] 🔄 Identity reset
[10:35:07] 🔄 Identity rotated (every 10 requests)
[10:35:09] [210/326] AATR
[10:35:09] [211/326] CMMN
[10:35:10] [212/326] SCCJ
[10:35:11] [213/326] CDTK
[10:35:12] [214/326] AICP
[10:35:13] [215/326] FNBP
[10:35:14] [216/326] CBPB
[10:35:15] [217/326] CPAS
[10:35:16] [218/326] MAPM
[10:35:17] [219/326] PASD
[10:35:17] 🔄 Identity reset
[10:35:17] 🔄 Identity rotated (every 10 requests)
[10:35:18] [220/326] JCMN
[10:35:19] [221/326] MALB
[10:35:20] [222/326] SACG
[10:35:21] [223/326] DDRX
[10:35:22] [224/326] DDXB
[10:35:23] [225/326] RAMC
[10:35:23] [226/326] SANC
[10:35:24] [227/326] BCBP
[10:35:25] [228/326] ALPC
[10:35:26] [229/326] RBAC
[10:35:26] 🔄 Identity reset
[10:35:26] 🔄 Identity rotated (every 10 requests)
[10:35:27] [230/326] RAJL
[10:35:28] [231/326] MPDX
[10:35:29] [232/326] MUSC
[10:35:30] [233/326] VKMK
[10:35:31] [234/326] SKCG
[10:35:32] [235/326] ANCN
[10:35:33] [236/326] MMCJ
[10:35:34] [237/326] DCAK
[10:35:35] [238/326] SCKG
[10:35:36] [239/326] LMCK
[10:35:36] 🔄 Identity reset
[10:35:36] 🔄 Identity rotated (every 10 requests)
[10:35:37] [240/326] CKKX
[10:35:38] [241/326] ANKU
[10:35:39] [242/326] CSMD
[10:35:40] [243/326] MKMP
[10:35:41] [244/326] SVBG
[10:35:42] [245/326] ROOP
[10:35:43] [246/326] GDMT
[10:35:44] [247/326] FPPF
[10:35:45] [248/326] SFUU
[10:35:47] [249/326] ANCB
[10:35:47] 🔄 Identity reset
[10:35:47] 🔄 Identity rotated (every 10 requests)
[10:35:48] [250/326] SMMC
[10:35:49] [251/326] UGKT
[10:35:50] [252/326] JVRM
[10:35:51] [253/326] BATG
[10:35:52] [254/326] RATE
[10:35:52] [255/326] SKME
[10:35:53] [256/326] LMTP
[10:35:54] [257/326] TCBD
[10:35:55] [258/326] ESBD
[10:35:56] [259/326] GDCU
[10:35:56] 🔄 Identity reset
[10:35:56] 🔄 Identity rotated (every 10 requests)
[10:35:57] [260/326] SNKT
[10:35:58] [261/326] SRNK
[10:36:00] [262/326] SMED
[10:36:01] [263/326] CSQS
[10:36:02] [264/326] ALCS
[10:36:02] [265/326] KCKN
[10:36:03] [266/326] VCCL
[10:36:04] [267/326] MCDA
[10:36:05] [268/326] SHMI
[10:36:06] [269/326] SKHA
[10:36:06] 🔄 Identity reset
[10:36:06] 🔄 Identity rotated (every 10 requests)
[10:36:07] [270/326] SVFK
[10:36:08] [271/326] INVB
[10:36:09] [272/326] MELD
[10:36:10] [273/326] JTYS
[10:36:11] [274/326] INCM
[10:36:12] [275/326] MCDV
[10:36:13] [276/326] KSGK
[10:36:14] [277/326] ICMG
[10:36:14] [278/326] CSCV
[10:36:15] [279/326] STMD
[10:36:15] 🔄 Identity reset
[10:36:15] 🔄 Identity rotated (every 10 requests)
[10:36:16] [280/326] STTR
[10:36:17] [281/326] INVC
[10:36:18] [282/326] JTBL
[10:36:19] [283/326] SRVV
[10:36:20] [284/326] MAVC
[10:36:21] [285/326] SRPP
[10:36:22] [286/326] JGDM
[10:36:22] [287/326] MBSJ
[10:36:23] [288/326] SSLL
[10:36:25] [289/326] SLKP
[10:36:25] 🔄 Identity reset
[10:36:25] 🔄 Identity rotated (every 10 requests)
[10:36:26] [290/326] NSRV
[10:36:28] [291/326] UTDV
[10:36:28] [292/326] KICM
[10:36:29] [293/326] KCMD
[10:36:30] [294/326] TTPP
[10:36:31] [295/326] KMPV
[10:36:32] [296/326] SKTV
[10:36:33] [297/326] STCV
[10:36:34] [298/326] SRDA
[10:36:35] [299/326] JTSX
[10:36:35] 🔄 Identity reset
[10:36:35] 🔄 Identity rotated (every 10 requests)
[10:36:35] [300/326] STBV
[10:36:36] [301/326] APVZ
[10:36:37] [302/326] GSTV
[10:36:38] [303/326] NMVS
[10:36:39] [304/326] SKRT
[10:36:40] [305/326] RMDV
[10:36:41] [306/326] RATG
[10:36:42] [307/326] SJYV
[10:36:43] [308/326] NDGP
[10:36:43] [309/326] SNDG
[10:36:43] 🔄 Identity reset
[10:36:43] 🔄 Identity rotated (every 10 requests)
[10:36:44] [310/326] INSR
[10:36:45] [311/326] INSO
[10:36:46] [312/326] CCSI
[10:36:47] [313/326] RASM
[10:36:48] [314/326] NEWC
[10:36:49] [315/326] VSHL
[10:36:50] [316/326] BISW
[10:36:51] [317/326] GCNG
[10:36:52] [318/326] CWSC
[10:36:54] [319/326] SKAN
[10:36:54] 🔄 Identity reset
[10:36:54] 🔄 Identity rotated (every 10 requests)
[10:36:54] [320/326] CCOA
[10:36:56] [321/326] MCAJ
[10:36:57] [322/326] ACDE
[10:36:58] [323/326] AACM
[10:36:59] [324/326] JJCK
[10:36:59] [325/326] RCMO
[10:37:00] [326/326] GDAW
[10:37:01] 🧹 Deduping shows
[10:37:01] ✅ DONE | Shows=1919 | Movies=90
[17:09:29] 🚀 SCRIPT STARTED
[17:09:29] [1/326] VCHA
[17:09:29] 🧠 New identity created
[17:09:30] [2/326] SCKO
[17:09:30] [3/326] VKTK
[17:09:31] [4/326] DXEC
[17:09:32] [5/326] CDCA
[17:09:33] [6/326] VBCZ
[17:09:34] [7/326] MSDR
[17:09:35] [8/326] ACPV
[17:09:36] [9/326] PVHB
[17:09:37] [10/326] RCNH
[17:09:37] 🔄 Identity reset
[17:09:37] 🔄 Identity rotated (every 10 requests)
[17:09:38] [11/326] IOMH
[17:09:39] [12/326] ILKS
[17:09:40] [13/326] AMSN
[17:09:41] [14/326] ANTP
[17:09:42] [15/326] SSEK
[17:09:43] [16/326] PICP
[17:09:44] [17/326] SICO
[17:09:46] [18/326] SISP
[17:09:46] [19/326] SCPI
[17:09:47] [20/326] CRPR
[17:09:47] 🔄 Identity reset
[17:09:47] 🔄 Identity rotated (every 10 requests)
[17:09:49] [21/326] DCTW
[17:09:49] [22/326] DCSP
[17:09:50] [23/326] KRPM
[17:09:52] [24/326] THKK
[17:09:53] [25/326] SNMY
[17:09:54] [26/326] AKCC
[17:09:55] [27/326] PCAT
[17:09:56] [28/326] RFGO
[17:09:57] [29/326] GGCS
[17:09:58] [30/326] ACKR
[17:09:58] 🔄 Identity reset
[17:09:58] 🔄 Identity rotated (every 10 requests)
[17:10:00] [31/326] STDO
[17:10:01] [32/326] ACKB
[17:10:02] [33/326] ALUC
[17:10:03] [34/326] MNSR
[17:10:04] [35/326] CSSL
[17:10:05] [36/326] BGGM
[17:10:05] [37/326] MANT
[17:10:07] [38/326] SOOY
[17:10:07] [39/326] VPPK
[17:10:08] [40/326] MYHJ
[17:10:08] 🔄 Identity reset
[17:10:08] 🔄 Identity rotated (every 10 requests)
[17:10:10] [41/326] KSCK
[17:10:11] [42/326] KATK
[17:10:11] [43/326] RTRT
[17:10:12] [44/326] SSTT
[17:10:13] [45/326] SSTV
[17:10:14] [46/326] LACM
[17:10:15] [47/326] SGMG
[17:10:16] [48/326] KACX
[17:10:17] [49/326] GVCP
[17:10:18] [50/326] CSNC
[17:10:18] 🔄 Identity reset
[17:10:18] 🔄 Identity rotated (every 10 requests)
[17:10:19] [51/326] SXCB
[17:10:19] [52/326] BAHS
[17:10:21] [53/326] PCBI
[17:10:22] [54/326] PSSM
[17:10:22] [55/326] RCOK
[17:10:23] [56/326] SCPF
[17:10:24] [57/326] SSAS
[17:10:25] [58/326] EVMM
[17:10:26] [59/326] SYCB
[17:10:27] [60/326] GCKI
[17:10:27] 🔄 Identity reset
[17:10:27] 🔄 Identity rotated (every 10 requests)
[17:10:28] [61/326] IAET
[17:10:29] [62/326] DDTD
[17:10:30] [63/326] GMDH
[17:10:30] [64/326] STLE
[17:10:31] [65/326] JTRA
[17:10:32] [66/326] RPPA
[17:10:33] [67/326] ARUT
[17:10:34] [68/326] JTVM
[17:10:35] [69/326] SWRH
[17:10:36] [70/326] DCPC
[17:10:36] 🔄 Identity reset
[17:10:36] 🔄 Identity rotated (every 10 requests)
[17:10:37] [71/326] RAPR
[17:10:38] [72/326] GCRT
[17:10:39] [73/326] ATUN
[17:10:40] [74/326] LTRM
[17:10:41] [75/326] TASR
[17:10:42] [76/326] RLLC
[17:10:43] [77/326] MABI
[17:10:43] [78/326] SVHB
[17:10:44] [79/326] NVTB
[17:10:45] [80/326] KCKG
[17:10:45] 🔄 Identity reset
[17:10:45] 🔄 Identity rotated (every 10 requests)
[17:10:46] [81/326] SSRN
[17:10:47] [82/326] VDDC
[17:10:48] [83/326] GKTK
[17:10:48] [84/326] YFSN
[17:10:49] [85/326] GCSG
[17:10:50] [86/326] ESSM
[17:10:51] [87/326] KRIH
[17:10:52] [88/326] GCDS
[17:10:53] [89/326] CCSH
[17:10:54] [90/326] ACSK
[17:10:54] 🔄 Identity reset
[17:10:54] 🔄 Identity rotated (every 10 requests)
[17:10:55] [91/326] APRK
[17:10:56] [92/326] ADKM
[17:10:57] [93/326] SRDM
[17:10:58] [94/326] SJMY
[17:10:59] [95/326] PGGC
[17:11:00] [96/326] INGM
[17:11:01] [97/326] LSCB
[17:11:02] [98/326] STAD
[17:11:03] [99/326] MCCR
[17:11:04] [100/326] ABCC
[17:11:04] 🔄 Identity reset
[17:11:04] 🔄 Identity rotated (every 10 requests)
[17:11:04] [101/326] RKCC
[17:11:05] [102/326] RTCR
[17:11:06] [103/326] GGBC
[17:11:07] [104/326] GCSD
[17:11:08] [105/326] LPTY
[17:11:09] [106/326] MCFD
[17:11:10] [107/326] HENN
[17:11:11] [108/326] SMKU
[17:11:12] [109/326] TNZC
[17:11:13] [110/326] DRCD
[17:11:13] 🔄 Identity reset
[17:11:13] 🔄 Identity rotated (every 10 requests)
[17:11:13] [111/326] DLCD
[17:11:14] [112/326] RCDA
[17:11:15] [113/326] COSM
[17:11:16] [114/326] MCMJ
[17:11:17] [115/326] CSTR
[17:11:18] [116/326] CVDK
[17:11:19] [117/326] INRR
[17:11:20] [118/326] RJRT
[17:11:21] [119/326] IRMR
[17:11:22] [120/326] SRCF
[17:11:22] 🔄 Identity reset
[17:11:22] 🔄 Identity rotated (every 10 requests)
[17:11:23] [121/326] GRCR
[17:11:24] [122/326] SURC
[17:11:25] [123/326] NMNH
[17:11:25] [124/326] SVBL
[17:11:26] [125/326] KACI
[17:11:27] [126/326] TDGO
[17:11:28] [127/326] KTBR
[17:11:29] [128/326] PMAD
[17:11:30] [129/326] CCPN
[17:11:31] [130/326] SBTK
[17:11:31] 🔄 Identity reset
[17:11:31] 🔄 Identity rotated (every 10 requests)
[17:11:32] [131/326] LMDK
[17:11:33] [132/326] PGDA
[17:11:35] [133/326] SRML
[17:11:35] [134/326] EVCK
[17:11:36] [135/326] RTTK
[17:11:37] [136/326] SRTU
[17:11:38] [137/326] VRSA
[17:11:39] [138/326] VARS
[17:11:40] [139/326] DSCZ
[17:11:41] [140/326] GAGA
[17:11:41] 🔄 Identity reset
[17:11:41] 🔄 Identity rotated (every 10 requests)
[17:11:42] [141/326] SARV
[17:11:43] [142/326] SEEG
[17:11:44] [143/326] GLCA
[17:11:45] [144/326] APAS
[17:11:45] [145/326] VCIA
[17:11:46] [146/326] SJTA
[17:11:47] [147/326] SABM
[17:11:48] [148/326] PPAG
[17:11:49] [149/326] RVCA
[17:11:50] [150/326] CCIA
[17:11:50] 🔄 Identity reset
[17:11:50] 🔄 Identity rotated (every 10 requests)
[17:11:51] [151/326] HTAG
[17:11:52] [152/326] SMBI
[17:11:53] [153/326] MCJR
[17:11:54] [154/326] CCJR
[17:11:55] [155/326] SINF
[17:11:56] [156/326] CPLX
[17:11:57] [157/326] KKTJ
[17:11:58] [158/326] GDBW
[17:12:00] [159/326] CSUB
[17:12:01] [160/326] DABA
[17:12:01] 🔄 Identity reset
[17:12:01] 🔄 Identity rotated (every 10 requests)
[17:12:02] [161/326] TITR
[17:12:02] [162/326] NYCR
[17:12:04] [163/326] RTRY
[17:12:05] [164/326] JTJL
[17:12:06] [165/326] SJCP
[17:12:07] [166/326] KCCA
[17:12:08] [167/326] MLPG
[17:12:09] [168/326] VRCK
[17:12:10] [169/326] SRIN
[17:12:11] [170/326] CXMK
[17:12:11] 🔄 Identity reset
[17:12:11] 🔄 Identity rotated (every 10 requests)
[17:12:12] [171/326] SKAD
[17:12:13] [172/326] AVTR
[17:12:13] [173/326] PTAJ
[17:12:14] [174/326] SCNK
[17:12:15] [175/326] STTI
[17:12:16] [176/326] KACR
[17:12:17] [177/326] SSDX
[17:12:18] [178/326] VRTJ
[17:12:19] [179/326] RAJD
[17:12:20] [180/326] SCIP
[17:12:20] 🔄 Identity reset
[17:12:20] 🔄 Identity rotated (every 10 requests)
[17:12:21] [181/326] RJSL
[17:12:21] [182/326] ARRS
[17:12:22] [183/326] ASMS
[17:12:24] [184/326] RDTS
[17:12:25] [185/326] DVMY
[17:12:25] [186/326] RASA
[17:12:26] [187/326] INOM
[17:12:27] [188/326] SPRS
[17:12:28] [189/326] SGCS
[17:12:29] [190/326] SALM
[17:12:29] 🔄 Identity reset
[17:12:29] 🔄 Identity rotated (every 10 requests)
[17:12:30] [191/326] PKHC
[17:12:31] [192/326] RCSV
[17:12:31] [193/326] CPKC
[17:12:33] [194/326] AACD
[17:12:33] [195/326] GGCV
[17:12:34] [196/326] SMKD
[17:12:35] [197/326] NBCH
[17:12:36] [198/326] AMCB
[17:12:37] [199/326] OPCN
[17:12:38] [200/326] DCIN
[17:12:38] 🔄 Identity reset
[17:12:38] 🔄 Identity rotated (every 10 requests)
[17:12:39] [201/326] INGW
[17:12:40] [202/326] PKKW
[17:12:41] [203/326] FNGW
[17:12:43] [204/326] GCGD
[17:12:44] [205/326] MSTW
[17:12:45] [206/326] KCCG
[17:12:46] [207/326] MRSS
[17:12:47] [208/326] CLCF
[17:12:48] [209/326] EETS
[17:12:49] [210/326] AATR
[17:12:49] 🔄 Identity reset
[17:12:49] 🔄 Identity rotated (every 10 requests)
[17:12:49] [211/326] CMMN
[17:12:50] [212/326] SCCJ
[17:12:51] [213/326] CDTK
[17:12:52] [214/326] AICP
[17:12:53] [215/326] FNBP
[17:12:54] [216/326] CBPB
[17:12:54] [217/326] CPAS
[17:12:56] [218/326] MAPM
[17:12:56] [219/326] PASD
[17:12:57] [220/326] JCMN
[17:12:57] 🔄 Identity reset
[17:12:57] 🔄 Identity rotated (every 10 requests)
[17:12:58] [221/326] MALB
[17:12:59] [222/326] SACG
[17:13:00] [223/326] DDRX
[17:13:01] [224/326] DDXB
[17:13:02] [225/326] RAMC
[17:13:03] [226/326] SANC
[17:13:04] [227/326] BCBP
[17:13:05] [228/326] ALPC
[17:13:06] [229/326] RBAC
[17:13:07] [230/326] RAJL
[17:13:07] 🔄 Identity reset
[17:13:07] 🔄 Identity rotated (every 10 requests)
[17:13:08] [231/326] MPDX
[17:13:09] [232/326] MUSC
[17:13:10] [233/326] VKMK
[17:13:11] [234/326] SKCG
[17:13:12] [235/326] ANCN
[17:13:13] [236/326] MMCJ
[17:13:14] [237/326] DCAK
[17:13:15] [238/326] SCKG
[17:13:15] [239/326] LMCK
[17:13:16] [240/326] CKKX
[17:13:16] 🔄 Identity reset
[17:13:16] 🔄 Identity rotated (every 10 requests)
[17:13:17] [241/326] ANKU
[17:13:18] [242/326] CSMD
[17:13:19] [243/326] MKMP
[17:13:20] [244/326] SVBG
[17:13:22] [245/326] ROOP
[17:13:23] [246/326] GDMT
[17:13:24] [247/326] FPPF
[17:13:24] [248/326] SFUU
[17:13:25] [249/326] ANCB
[17:13:26] [250/326] SMMC
[17:13:26] 🔄 Identity reset
[17:13:26] 🔄 Identity rotated (every 10 requests)
[17:13:27] [251/326] UGKT
[17:13:28] [252/326] JVRM
[17:13:29] [253/326] BATG
[17:13:30] [254/326] RATE
[17:13:31] [255/326] SKME
[17:13:32] [256/326] LMTP
[17:13:33] [257/326] TCBD
[17:13:34] [258/326] ESBD
[17:13:35] [259/326] GDCU
[17:13:36] [260/326] SNKT
[17:13:36] 🔄 Identity reset
[17:13:36] 🔄 Identity rotated (every 10 requests)
[17:13:37] [261/326] SRNK
[17:13:38] [262/326] SMED
[17:13:38] [263/326] CSQS
[17:13:39] [264/326] ALCS
[17:13:40] [265/326] KCKN
[17:13:41] [266/326] VCCL
[17:13:42] [267/326] MCDA
[17:13:43] [268/326] SHMI
[17:13:44] [269/326] SKHA
[17:13:44] [270/326] SVFK
[17:13:44] 🔄 Identity reset
[17:13:44] 🔄 Identity rotated (every 10 requests)
[17:13:45] [271/326] INVB
[17:13:46] [272/326] MELD
[17:13:47] [273/326] JTYS
[17:13:48] [274/326] INCM
[17:13:49] [275/326] MCDV
[17:13:50] [276/326] KSGK
[17:13:52] [277/326] ICMG
[17:13:53] [278/326] CSCV
[17:13:53] [279/326] STMD
[17:13:54] [280/326] STTR
[17:13:54] 🔄 Identity reset
[17:13:54] 🔄 Identity rotated (every 10 requests)
[17:13:55] [281/326] INVC
[17:13:56] [282/326] JTBL
[17:13:57] [283/326] SRVV
[17:13:57] [284/326] MAVC
[17:13:59] [285/326] SRPP
[17:13:59] [286/326] JGDM
[17:14:00] [287/326] MBSJ
[17:14:01] [288/326] SSLL
[17:14:02] [289/326] SLKP
[17:14:03] [290/326] NSRV
[17:14:03] 🔄 Identity reset
[17:14:03] 🔄 Identity rotated (every 10 requests)
[17:14:04] [291/326] UTDV
[17:14:05] [292/326] KICM
[17:14:06] [293/326] KCMD
[17:14:07] [294/326] TTPP
[17:14:08] [295/326] KMPV
[17:14:09] [296/326] SKTV
[17:14:10] [297/326] STCV
[17:14:11] [298/326] SRDA
[17:14:11] [299/326] JTSX
[17:14:12] [300/326] STBV
[17:14:12] 🔄 Identity reset
[17:14:12] 🔄 Identity rotated (every 10 requests)
[17:14:13] [301/326] APVZ
[17:14:14] [302/326] GSTV
[17:14:15] [303/326] NMVS
[17:14:16] [304/326] SKRT
[17:14:17] [305/326] RMDV
[17:14:18] [306/326] RATG
[17:14:19] [307/326] SJYV
[17:14:20] [308/326] NDGP
[17:14:21] [309/326] SNDG
[17:14:22] [310/326] INSR
[17:14:22] 🔄 Identity reset
[17:14:22] 🔄 Identity rotated (every 10 requests)
[17:14:23] [311/326] INSO
[17:14:24] [312/326] CCSI
[17:14:24] [313/326] RASM
[17:14:25] [314/326] NEWC
[17:14:27] [315/326] VSHL
[17:14:27] [316/326] BISW
[17:14:28] [317/326] GCNG
[17:14:29] [318/326] CWSC
[17:14:31] [319/326] SKAN
[17:14:32] [320/326] CCOA
[17:14:32] 🔄 Identity reset
[17:14:32] 🔄 Identity rotated (every 10 requests)
[17:14:33] [321/326] MCAJ
[17:14:34] [322/326] ACDE
[17:14:35] [323/326] AACM
[17:14:36] [324/326] JJCK
[17:14:37] [325/326] RCMO
[17:14:38] [326/326] GDAW
[17:14:39] 🧹 Deduping shows
[17:14:39] ✅ DONE | Shows=2367 | Movies=93
[22:08:59] 🚀 SCRIPT STARTED
[22:08:59] [1/326] VCHA
[22:08:59] 🧠 New identity created
[22:09:00] [2/326] SCKO
[22:09:01] [3/326] VKTK
[22:09:02] [4/326] DXEC
[22:09:03] [5/326] CDCA
[22:09:04] [6/326] VBCZ
[22:09:05] [7/326] MSDR
[22:09:06] [8/326] ACPV
[22:09:06] [9/326] PVHB
[22:09:07] [10/326] RCNH
[22:09:07] 🔄 Identity reset
[22:09:07] 🔄 Identity rotated (every 10 requests)
[22:09:07] 🔄 Retry 1/5 for RCNH in 2.5s
[22:09:07] 🔄 Identity reset
[22:09:10] 🧠 New identity created
[22:09:11] [11/326] IOMH
[22:09:12] [12/326] ILKS
[22:09:13] [13/326] AMSN
[22:09:14] [14/326] ANTP
[22:09:15] [15/326] SSEK
[22:09:16] [16/326] PICP
[22:09:16] [17/326] SICO
[22:09:17] [18/326] SISP
[22:09:18] [19/326] SCPI
[22:09:18] 🔄 Identity reset
[22:09:18] 🔄 Identity rotated (every 10 requests)
[22:09:19] [20/326] CRPR
[22:09:20] [21/326] DCTW
[22:09:21] [22/326] DCSP
[22:09:22] [23/326] KRPM
[22:09:23] [24/326] THKK
[22:09:24] [25/326] SNMY
[22:09:25] [26/326] AKCC
[22:09:26] [27/326] PCAT
[22:09:27] [28/326] RFGO
[22:09:28] [29/326] GGCS
[22:09:28] 🔄 Identity reset
[22:09:28] 🔄 Identity rotated (every 10 requests)
[22:09:29] [30/326] ACKR
[22:09:30] [31/326] STDO
[22:09:30] [32/326] ACKB
[22:09:32] [33/326] ALUC
[22:09:32] [34/326] MNSR
[22:09:33] [35/326] CSSL
[22:09:34] [36/326] BGGM
[22:09:35] [37/326] MANT
[22:09:36] [38/326] SOOY
[22:09:37] [39/326] VPPK
[22:09:37] 🔄 Identity reset
[22:09:37] 🔄 Identity rotated (every 10 requests)
[22:09:37] 🔄 Retry 1/5 for VPPK in 2.3s
[22:09:37] 🔄 Identity reset
[22:09:40] 🧠 New identity created
[22:09:41] [40/326] MYHJ
[22:09:41] [41/326] KSCK
[22:09:42] [42/326] KATK
[22:09:44] [43/326] RTRT
[22:09:45] [44/326] SSTT
[22:09:46] [45/326] SSTV
[22:09:47] [46/326] LACM
[22:09:48] [47/326] SGMG
[22:09:49] [48/326] KACX
[22:09:49] 🔄 Identity reset
[22:09:49] 🔄 Identity rotated (every 10 requests)
[22:09:49] 🔄 Retry 1/5 for KACX in 2.5s
[22:09:49] 🔄 Identity reset
[22:09:52] 🧠 New identity created
[22:09:52] [49/326] GVCP
[22:09:53] [50/326] CSNC
[22:09:54] [51/326] SXCB
[22:09:55] [52/326] BAHS
[22:09:56] [53/326] PCBI
[22:09:57] [54/326] PSSM
[22:09:58] [55/326] RCOK
[22:09:59] [56/326] SCPF
[22:09:59] [57/326] SSAS
[22:09:59] 🔄 Identity reset
[22:09:59] 🔄 Identity rotated (every 10 requests)
[22:10:00] [58/326] EVMM
[22:10:01] [59/326] SYCB
[22:10:02] [60/326] GCKI
[22:10:04] [61/326] IAET
[22:10:05] [62/326] DDTD
[22:10:06] [63/326] GMDH
[22:10:07] [64/326] STLE
[22:10:08] [65/326] JTRA
[22:10:09] [66/326] RPPA
[22:10:09] [67/326] ARUT
[22:10:09] 🔄 Identity reset
[22:10:09] 🔄 Identity rotated (every 10 requests)
[22:10:11] [68/326] JTVM
[22:10:11] [69/326] SWRH
[22:10:12] [70/326] DCPC
[22:10:13] [71/326] RAPR
[22:10:14] [72/326] GCRT
[22:10:15] [73/326] ATUN
[22:10:16] [74/326] LTRM
[22:10:18] [75/326] TASR
[22:10:19] [76/326] RLLC
[22:10:20] [77/326] MABI
[22:10:20] 🔄 Identity reset
[22:10:20] 🔄 Identity rotated (every 10 requests)
[22:10:21] [78/326] SVHB
[22:10:22] [79/326] NVTB
[22:10:23] [80/326] KCKG
[22:10:24] [81/326] SSRN
[22:10:25] [82/326] VDDC
[22:10:26] [83/326] GKTK
[22:10:27] [84/326] YFSN
[22:10:28] [85/326] GCSG
[22:10:29] [86/326] ESSM
[22:10:30] [87/326] KRIH
[22:10:30] 🔄 Identity reset
[22:10:30] 🔄 Identity rotated (every 10 requests)
[22:10:30] [88/326] GCDS
[22:10:31] [89/326] CCSH
[22:10:32] [90/326] ACSK
[22:10:33] [91/326] APRK
[22:10:34] [92/326] ADKM
[22:10:35] [93/326] SRDM
[22:10:36] [94/326] SJMY
[22:10:37] [95/326] PGGC
[22:10:38] [96/326] INGM
[22:10:39] [97/326] LSCB
[22:10:39] 🔄 Identity reset
[22:10:39] 🔄 Identity rotated (every 10 requests)
[22:10:40] [98/326] STAD
[22:10:41] [99/326] MCCR
[22:10:41] [100/326] ABCC
[22:10:42] [101/326] RKCC
[22:10:43] [102/326] RTCR
[22:10:44] [103/326] GGBC
[22:10:45] [104/326] GCSD
[22:10:46] [105/326] LPTY
[22:10:46] [106/326] MCFD
[22:10:47] [107/326] HENN
[22:10:47] 🔄 Identity reset
[22:10:47] 🔄 Identity rotated (every 10 requests)
[22:10:49] [108/326] SMKU
[22:10:50] [109/326] TNZC
[22:10:50] [110/326] DRCD
[22:10:51] [111/326] DLCD
[22:10:52] [112/326] RCDA
[22:10:53] [113/326] COSM
[22:10:55] [114/326] MCMJ
[22:10:56] [115/326] CSTR
[22:10:57] [116/326] CVDK
[22:10:58] [117/326] INRR
[22:10:58] 🔄 Identity reset
[22:10:58] 🔄 Identity rotated (every 10 requests)
[22:10:59] [118/326] RJRT
[22:11:00] [119/326] IRMR
[22:11:01] [120/326] SRCF
[22:11:02] [121/326] GRCR
[22:11:03] [122/326] SURC
[22:11:04] [123/326] NMNH
[22:11:05] [124/326] SVBL
[22:11:06] [125/326] KACI
[22:11:07] [126/326] TDGO
[22:11:08] [127/326] KTBR
[22:11:08] 🔄 Identity reset
[22:11:08] 🔄 Identity rotated (every 10 requests)
[22:11:08] [128/326] PMAD
[22:11:09] [129/326] CCPN
[22:11:10] [130/326] SBTK
[22:11:10] [131/326] LMDK
[22:11:11] [132/326] PGDA
[22:11:12] [133/326] SRML
[22:11:13] [134/326] EVCK
[22:11:14] [135/326] RTTK
[22:11:15] [136/326] SRTU
[22:11:16] [137/326] VRSA
[22:11:16] 🔄 Identity reset
[22:11:16] 🔄 Identity rotated (every 10 requests)
[22:11:17] [138/326] VARS
[22:11:18] [139/326] DSCZ
[22:11:19] [140/326] GAGA
[22:11:20] [141/326] SARV
[22:11:22] [142/326] SEEG
[22:11:22] [143/326] GLCA
[22:11:23] [144/326] APAS
[22:11:24] [145/326] VCIA
[22:11:25] [146/326] SJTA
[22:11:27] [147/326] SABM
[22:11:27] 🔄 Identity reset
[22:11:27] 🔄 Identity rotated (every 10 requests)
[22:11:28] [148/326] PPAG
[22:11:28] [149/326] RVCA
[22:11:29] [150/326] CCIA
[22:11:30] [151/326] HTAG
[22:11:31] [152/326] SMBI
[22:11:32] [153/326] MCJR
[22:11:33] [154/326] CCJR
[22:11:33] [155/326] SINF
[22:11:34] [156/326] CPLX
[22:11:35] [157/326] KKTJ
[22:11:35] 🔄 Identity reset
[22:11:35] 🔄 Identity rotated (every 10 requests)
[22:11:36] [158/326] GDBW
[22:11:37] [159/326] CSUB
[22:11:38] [160/326] DABA
[22:11:39] [161/326] TITR
[22:11:40] [162/326] NYCR
[22:11:40] [163/326] RTRY
[22:11:41] [164/326] JTJL
[22:11:42] [165/326] SJCP
[22:11:43] [166/326] KCCA
[22:11:44] [167/326] MLPG
[22:11:44] 🔄 Identity reset
[22:11:44] 🔄 Identity rotated (every 10 requests)
[22:11:45] [168/326] VRCK
[22:11:47] [169/326] SRIN
[22:11:47] [170/326] CXMK
[22:11:48] [171/326] SKAD
[22:11:49] [172/326] AVTR
[22:11:51] [173/326] PTAJ
[22:11:52] [174/326] SCNK
[22:11:53] [175/326] STTI
[22:11:54] [176/326] KACR
[22:11:55] [177/326] SSDX
[22:11:55] 🔄 Identity reset
[22:11:55] 🔄 Identity rotated (every 10 requests)
[22:11:56] [178/326] VRTJ
[22:11:57] [179/326] RAJD
[22:11:58] [180/326] SCIP
[22:11:59] [181/326] RJSL
[22:12:00] [182/326] ARRS
[22:12:01] [183/326] ASMS
[22:12:02] [184/326] RDTS
[22:12:02] [185/326] DVMY
[22:12:03] [186/326] RASA
[22:12:04] [187/326] INOM
[22:12:04] 🔄 Identity reset
[22:12:04] 🔄 Identity rotated (every 10 requests)
[22:12:04] 🔄 Retry 1/5 for INOM in 2.0s
[22:12:04] 🔄 Identity reset
[22:12:06] 🧠 New identity created
[22:12:07] [188/326] SPRS
[22:12:08] [189/326] SGCS
[22:12:09] [190/326] SALM
[22:12:10] [191/326] PKHC
[22:12:10] [192/326] RCSV
[22:12:11] [193/326] CPKC
[22:12:12] [194/326] AACD
[22:12:14] [195/326] GGCV
[22:12:15] [196/326] SMKD
[22:12:15] 🔄 Identity reset
[22:12:15] 🔄 Identity rotated (every 10 requests)
[22:12:16] [197/326] NBCH
[22:12:17] [198/326] AMCB
[22:12:17] [199/326] OPCN
[22:12:18] [200/326] DCIN
[22:12:19] [201/326] INGW
[22:12:20] [202/326] PKKW
[22:12:21] [203/326] FNGW
[22:12:22] [204/326] GCGD
[22:12:23] [205/326] MSTW
[22:12:24] [206/326] KCCG
[22:12:24] 🔄 Identity reset
[22:12:24] 🔄 Identity rotated (every 10 requests)
[22:12:24] [207/326] MRSS
[22:12:26] [208/326] CLCF
[22:12:27] [209/326] EETS
[22:12:28] [210/326] AATR
[22:12:29] [211/326] CMMN
[22:12:30] [212/326] SCCJ
[22:12:31] [213/326] CDTK
[22:12:32] [214/326] AICP
[22:12:33] [215/326] FNBP
[22:12:34] [216/326] CBPB
[22:12:34] 🔄 Identity reset
[22:12:34] 🔄 Identity rotated (every 10 requests)
[22:12:35] [217/326] CPAS
[22:12:36] [218/326] MAPM
[22:12:37] [219/326] PASD
[22:12:37] [220/326] JCMN
[22:12:38] [221/326] MALB
[22:12:39] [222/326] SACG
[22:12:39] [223/326] DDRX
[22:12:40] [224/326] DDXB
[22:12:41] [225/326] RAMC
[22:12:42] [226/326] SANC
[22:12:42] 🔄 Identity reset
[22:12:42] 🔄 Identity rotated (every 10 requests)
[22:12:43] [227/326] BCBP
[22:12:44] [228/326] ALPC
[22:12:44] [229/326] RBAC
[22:12:45] [230/326] RAJL
[22:12:46] [231/326] MPDX
[22:12:47] [232/326] MUSC
[22:12:48] [233/326] VKMK
[22:12:49] [234/326] SKCG
[22:12:50] [235/326] ANCN
[22:12:51] [236/326] MMCJ
[22:12:51] 🔄 Identity reset
[22:12:51] 🔄 Identity rotated (every 10 requests)
[22:12:52] [237/326] DCAK
[22:12:53] [238/326] SCKG
[22:12:54] [239/326] LMCK
[22:12:56] [240/326] CKKX
[22:12:57] [241/326] ANKU
[22:12:58] [242/326] CSMD
[22:12:59] [243/326] MKMP
[22:13:00] [244/326] SVBG
[22:13:00] [245/326] ROOP
[22:13:01] [246/326] GDMT
[22:13:01] 🔄 Identity reset
[22:13:01] 🔄 Identity rotated (every 10 requests)
[22:13:02] [247/326] FPPF
[22:13:03] [248/326] SFUU
[22:13:04] [249/326] ANCB
[22:13:05] [250/326] SMMC
[22:13:06] [251/326] UGKT
[22:13:07] [252/326] JVRM
[22:13:08] [253/326] BATG
[22:13:09] [254/326] RATE
[22:13:09] [255/326] SKME
[22:13:10] [256/326] LMTP
[22:13:10] 🔄 Identity reset
[22:13:10] 🔄 Identity rotated (every 10 requests)
[22:13:11] [257/326] TCBD
[22:13:12] [258/326] ESBD
[22:13:13] [259/326] GDCU
[22:13:14] [260/326] SNKT
[22:13:15] [261/326] SRNK
[22:13:16] [262/326] SMED
[22:13:17] [263/326] CSQS
[22:13:18] [264/326] ALCS
[22:13:19] [265/326] KCKN
[22:13:19] [266/326] VCCL
[22:13:19] 🔄 Identity reset
[22:13:19] 🔄 Identity rotated (every 10 requests)
[22:13:20] [267/326] MCDA
[22:13:21] [268/326] SHMI
[22:13:22] [269/326] SKHA
[22:13:23] [270/326] SVFK
[22:13:24] [271/326] INVB
[22:13:25] [272/326] MELD
[22:13:25] [273/326] JTYS
[22:13:26] [274/326] INCM
[22:13:27] [275/326] MCDV
[22:13:29] [276/326] KSGK
[22:13:29] 🔄 Identity reset
[22:13:29] 🔄 Identity rotated (every 10 requests)
[22:13:31] [277/326] ICMG
[22:13:32] [278/326] CSCV
[22:13:33] [279/326] STMD
[22:13:34] [280/326] STTR
[22:13:35] [281/326] INVC
[22:13:36] [282/326] JTBL
[22:13:37] [283/326] SRVV
[22:13:38] [284/326] MAVC
[22:13:39] [285/326] SRPP
[22:13:40] [286/326] JGDM
[22:13:40] 🔄 Identity reset
[22:13:40] 🔄 Identity rotated (every 10 requests)
[22:13:41] [287/326] MBSJ
[22:13:42] [288/326] SSLL
[22:13:43] [289/326] SLKP
[22:13:44] [290/326] NSRV
[22:13:45] [291/326] UTDV
[22:13:46] [292/326] KICM
[22:13:47] [293/326] KCMD
[22:13:48] [294/326] TTPP
[22:13:49] [295/326] KMPV
[22:13:50] [296/326] SKTV
[22:13:50] 🔄 Identity reset
[22:13:50] 🔄 Identity rotated (every 10 requests)
[22:13:51] [297/326] STCV
[22:13:52] [298/326] SRDA
[22:13:53] [299/326] JTSX
[22:13:55] [300/326] STBV
[22:13:55] [301/326] APVZ
[22:13:56] [302/326] GSTV
[22:13:57] [303/326] NMVS
[22:13:58] [304/326] SKRT
[22:13:59] [305/326] RMDV
[22:14:00] [306/326] RATG
[22:14:00] 🔄 Identity reset
[22:14:00] 🔄 Identity rotated (every 10 requests)
[22:14:01] [307/326] SJYV
[22:14:02] [308/326] NDGP
[22:14:03] [309/326] SNDG
[22:14:04] [310/326] INSR
[22:14:06] [311/326] INSO
[22:14:06] [312/326] CCSI
[22:14:07] [313/326] RASM
[22:14:08] [314/326] NEWC
[22:14:09] [315/326] VSHL
[22:14:10] [316/326] BISW
[22:14:10] 🔄 Identity reset
[22:14:10] 🔄 Identity rotated (every 10 requests)
[22:14:11] [317/326] GCNG
[22:14:12] [318/326] CWSC
[22:14:13] [319/326] SKAN
[22:14:14] [320/326] CCOA
[22:14:15] [321/326] MCAJ
[22:14:16] [322/326] ACDE
[22:14:17] [323/326] AACM
[22:14:18] [324/326] JJCK
[22:14:19] [325/326] RCMO
[22:14:20] [326/326] GDAW
[22:14:20] 🔄 Identity reset
[22:14:20] 🔄 Identity rotated (every 10 requests)
[22:14:21] 🧹 Deduping shows
[22:14:21] ✅ DONE | Shows=2602 | Movies=99
