[10:02:52] 🚀 SCRIPT STARTED (enhanced anti‑detection)
[10:02:52] [1/326] BSAT
[10:02:53] 🧠 New identity created
[10:02:53] 🔄 Retry 1/5 for BSAT in 2.6s
[10:02:53] 🔄 Identity reset
[10:02:55] 🧠 New identity created
[10:02:56] [2/326] RSSM
[10:02:57] [3/326] GCTA
[10:02:58] [4/326] TOPN
[10:02:59] [5/326] MCUS
[10:03:00] [6/326] SHRL
[10:03:01] [7/326] UPTP
[10:03:01] [8/326] TMMP
[10:03:02] [9/326] DNRP
[10:03:03] 🔄 Identity reset
[10:03:03] 🔄 Identity rotated (every 10 requests)
[10:03:03] [10/326] SRLT
[10:03:04] [11/326] RCNS
[10:03:05] [12/326] DCBH
[10:03:06] [13/326] NAGJ
[10:03:06] [14/326] JVRC
[10:03:07] [15/326] KRJG
[10:03:08] [16/326] SRTJ
[10:03:09] [17/326] CMXM
[10:03:10] [18/326] STMI
[10:03:11] [19/326] SLST
[10:03:11] 🔄 Identity reset
[10:03:11] 🔄 Identity rotated (every 10 requests)
[10:03:12] [20/326] DTCN
[10:03:13] [21/326] STYN
[10:03:14] [22/326] SZVR
[10:03:15] [23/326] SRKO
[10:03:16] [24/326] JTGT
[10:03:17] [25/326] SVFD
[10:03:18] [26/326] SISD
[10:03:19] [27/326] ABDD
[10:03:20] [28/326] DRCA
[10:03:20] [29/326] AVCS
[10:03:21] 🔄 Identity reset
[10:03:21] 🔄 Identity rotated (every 10 requests)
[10:03:21] [30/326] MVKH
[10:03:22] [31/326] ACPR
[10:03:23] [32/326] STIP
[10:03:24] [33/326] MTRA
[10:03:25] [34/326] RMKH
[10:03:26] [35/326] NKRL
[10:03:27] [36/326] PCWN
[10:03:27] [37/326] BLMT
[10:03:28] [38/326] GDPG
[10:03:29] [39/326] SRMX
[10:03:30] 🔄 Identity reset
[10:03:30] 🔄 Identity rotated (every 10 requests)
[10:03:30] [40/326] JACP
[10:03:31] [41/326] CPSH
[10:03:32] [42/326] MCCD
[10:03:33] [43/326] ECGH
[10:03:34] [44/326] MKCK
[10:03:34] [45/326] SRMM
[10:03:35] [46/326] SKYR
[10:03:36] [47/326] PCKC
[10:03:37] [48/326] JCMA
[10:03:38] [49/326] BSMP
[10:03:38] 🔄 Identity reset
[10:03:39] 🔄 Identity rotated (every 10 requests)
[10:03:39] [50/326] VSPA
[10:03:40] [51/326] DJYA
[10:03:41] [52/326] DIMP
[10:03:41] [53/326] FXDR
[10:03:42] [54/326] SSRC
[10:03:43] [55/326] STHP
[10:03:44] [56/326] CPPD
[10:03:45] [57/326] FCLK
[10:03:46] [58/326] SCPP
[10:03:47] [59/326] DCMJ
[10:03:48] 🔄 Identity reset
[10:03:48] 🔄 Identity rotated (every 10 requests)
[10:03:48] [60/326] RCCR
[10:03:49] [61/326] INMT
[10:03:50] [62/326] LXTK
[10:03:51] [63/326] SRYK
[10:03:52] [64/326] SGDK
[10:03:53] [65/326] PPKA
[10:03:54] [66/326] SPKA
[10:03:55] [67/326] CGHH
[10:03:56] [68/326] DCJN
[10:03:57] [69/326] SRKV
[10:03:57] 🔄 Identity reset
[10:03:57] 🔄 Identity rotated (every 10 requests)
[10:03:58] [70/326] SAJC
[10:03:59] [71/326] SUSR
[10:04:00] [72/326] STYG
[10:04:01] [73/326] NTKP
[10:04:02] [74/326] AKTG
[10:04:03] [75/326] CGCM
[10:04:04] [76/326] TULC
[10:04:04] [77/326] NYYZ
[10:04:06] [78/326] NYBW
[10:04:07] [79/326] MACB
[10:04:07] 🔄 Identity reset
[10:04:07] 🔄 Identity rotated (every 10 requests)
[10:04:08] [80/326] SLVT
[10:04:08] [81/326] SANA
[10:04:09] [82/326] ACMR
[10:04:10] [83/326] CPKN
[10:04:11] [84/326] DLGK
[10:04:12] [85/326] CWCK
[10:04:13] [86/326] FDDH
[10:04:14] [87/326] MMMD
[10:04:15] [88/326] CMEH
[10:04:16] [89/326] GGGV
[10:04:17] 🔄 Identity reset
[10:04:17] 🔄 Identity rotated (every 10 requests)
[10:04:17] [90/326] SPJL
[10:04:18] [91/326] RCCD
[10:04:19] [92/326] STTZ
[10:04:19] [93/326] BTCF
[10:04:20] [94/326] TSTZ
[10:04:21] [95/326] IPMM
[10:04:22] [96/326] PMPW
[10:04:23] [97/326] PCMZ
[10:04:24] [98/326] ESEM
[10:04:25] [99/326] PIPO
[10:04:25] 🔄 Identity reset
[10:04:25] 🔄 Identity rotated (every 10 requests)
[10:04:26] 🔄 Retry 1/5 for PIPO in 2.9s
[10:04:26] 🔄 Identity reset
[10:04:28] 🧠 New identity created
[10:04:29] [100/326] MATK
[10:04:30] [101/326] PGHM
[10:04:31] [102/326] CTSR
[10:04:32] [103/326] CYKR
[10:04:32] [104/326] MSCM
[10:04:33] [105/326] RFNP
[10:04:34] [106/326] PDCP
[10:04:36] [107/326] NPSE
[10:04:37] [108/326] MKML
[10:04:38] 🔄 Identity reset
[10:04:38] 🔄 Identity rotated (every 10 requests)
[10:04:38] [109/326] FTDP
[10:04:39] [110/326] MMXA
[10:04:40] [111/326] CEPO
[10:04:40] [112/326] CMVP
[10:04:41] [113/326] SGTH
[10:04:42] [114/326] SAYN
[10:04:43] [115/326] URVS
[10:04:44] [116/326] VJTN
[10:04:45] [117/326] BBYK
[10:04:46] [118/326] SHBO
[10:04:47] 🔄 Identity reset
[10:04:47] 🔄 Identity rotated (every 10 requests)
[10:04:47] [119/326] VCMR
[10:04:49] [120/326] MACT
[10:04:50] [121/326] JMNP
[10:04:51] [122/326] VICS
[10:04:51] [123/326] VCDA
[10:04:52] [124/326] GCMM
[10:04:53] [125/326] INVS
[10:04:54] [126/326] SCGM
[10:04:55] [127/326] PCDA
[10:04:56] [128/326] KDCT
[10:04:57] 🔄 Identity reset
[10:04:57] 🔄 Identity rotated (every 10 requests)
[10:04:57] [129/326] JACS
[10:04:58] [130/326] GMMC
[10:04:59] [131/326] AICM
[10:05:00] [132/326] TJCM
[10:05:01] [133/326] RMTI
[10:05:02] [134/326] SHAC
[10:05:03] [135/326] APJC
[10:05:03] [136/326] GCTG
[10:05:04] [137/326] SSMC
[10:05:05] [138/326] THRM
[10:05:05] 🔄 Identity reset
[10:05:05] 🔄 Identity rotated (every 10 requests)
[10:05:06] 🔄 Retry 1/5 for THRM in 2.8s
[10:05:06] 🔄 Identity reset
[10:05:08] 🧠 New identity created
[10:05:09] [139/326] RBCT
[10:05:10] [140/326] DIKT
[10:05:11] [141/326] MIDL
[10:05:11] [142/326] VCSN
[10:05:12] [143/326] SKTG
[10:05:13] [144/326] SMWC
[10:05:14] [145/326] MNKH
[10:05:15] [146/326] PIAT
[10:05:16] [147/326] LTTP
[10:05:16] 🔄 Identity reset
[10:05:16] 🔄 Identity rotated (every 10 requests)
[10:05:17] [148/326] PTPU
[10:05:17] [149/326] ACMG
[10:05:18] [150/326] SHMM
[10:05:19] [151/326] MCMN
[10:05:20] [152/326] GLDC
[10:05:21] [153/326] HOUT
[10:05:22] [154/326] SVRP
[10:05:23] [155/326] PVDN
[10:05:24] [156/326] SCPY
[10:05:25] [157/326] DTPY
[10:05:25] 🔄 Identity reset
[10:05:25] 🔄 Identity rotated (every 10 requests)
[10:05:26] [158/326] GKCS
[10:05:26] [159/326] NCAM
[10:05:27] [160/326] BSRM
[10:05:28] [161/326] RCLC
[10:05:30] [162/326] SKKD
[10:05:31] [163/326] ACHU
[10:05:32] [164/326] RSCF
[10:05:34] [165/326] IMSH
[10:05:35] [166/326] MACX
[10:05:36] [167/326] HMMW
[10:05:37] 🔄 Identity reset
[10:05:37] 🔄 Identity rotated (every 10 requests)
[10:05:37] 🔄 Retry 1/5 for HMMW in 2.9s
[10:05:37] 🔄 Identity reset
[10:05:40] 🧠 New identity created
[10:05:40] [168/326] JTCP
[10:05:41] [169/326] SREN
[10:05:41] [170/326] PJRR
[10:05:43] [171/326] INAC
[10:05:44] [172/326] BMCA
[10:05:45] [173/326] SHCB
[10:05:46] [174/326] GABA
[10:05:47] [175/326] SBCT
[10:05:48] [176/326] GCMA
[10:05:48] 🔄 Identity reset
[10:05:48] 🔄 Identity rotated (every 10 requests)
[10:05:48] [177/326] MYTK
[10:05:49] [178/326] INZS
[10:05:50] [179/326] RMIK
[10:05:51] [180/326] NYCH
[10:05:52] [181/326] RAVE
[10:05:53] [182/326] PSXM
[10:05:54] [183/326] MCGP
[10:05:55] [184/326] PDDK
[10:05:56] [185/326] SPCK
[10:05:57] [186/326] MCRL
[10:05:57] 🔄 Identity reset
[10:05:57] 🔄 Identity rotated (every 10 requests)
[10:05:58] [187/326] MHKT
[10:05:59] [188/326] ANRR
[10:06:01] [189/326] SAPK
[10:06:02] [190/326] NCUK
[10:06:02] [191/326] JUGA
[10:06:03] [192/326] DBSC
[10:06:04] [193/326] LALK
[10:06:05] [194/326] GUCK
[10:06:06] [195/326] STSG
[10:06:07] [196/326] PPPZ
[10:06:07] 🔄 Identity reset
[10:06:07] 🔄 Identity rotated (every 10 requests)
[10:06:08] [197/326] CNCY
[10:06:09] [198/326] MTAR
[10:06:10] [199/326] VNKD
[10:06:11] [200/326] KMAJ
[10:06:12] [201/326] ACXK
[10:06:13] [202/326] UTKC
[10:06:14] [203/326] PBLK
[10:06:15] [204/326] ACBX
[10:06:16] [205/326] PTGM
[10:06:16] [206/326] BTDA
[10:06:17] 🔄 Identity reset
[10:06:17] 🔄 Identity rotated (every 10 requests)
[10:06:17] [207/326] PJMB
[10:06:18] [208/326] TPDA
[10:06:19] [209/326] AMOE
[10:06:20] [210/326] PRHT
[10:06:21] [211/326] PRTA
[10:06:22] [212/326] STAM
[10:06:23] [213/326] MSAA
[10:06:24] [214/326] SDLU
[10:06:25] [215/326] RCHH
[10:06:26] [216/326] KANT
[10:06:27] 🔄 Identity reset
[10:06:27] 🔄 Identity rotated (every 10 requests)
[10:06:27] [217/326] FCRT
[10:06:28] [218/326] DNKM
[10:06:29] [219/326] RYCP
[10:06:30] [220/326] MYRP
[10:06:31] [221/326] PPAK
[10:06:32] [222/326] NVPK
[10:06:32] [223/326] PRMC
[10:06:33] [224/326] JBCS
[10:06:35] [225/326] GXCK
[10:06:36] [226/326] USKO
[10:06:36] 🔄 Identity reset
[10:06:36] 🔄 Identity rotated (every 10 requests)
[10:06:36] [227/326] GTEM
[10:06:37] [228/326] SMBU
[10:06:38] [229/326] VETC
[10:06:39] [230/326] LCDA
[10:06:40] [231/326] MTVT
[10:06:41] [232/326] PYCP
[10:06:42] [233/326] PNSC
[10:06:43] [234/326] PPCC
[10:06:43] [235/326] TGRT
[10:06:44] [236/326] JYOT
[10:06:45] 🔄 Identity reset
[10:06:45] 🔄 Identity rotated (every 10 requests)
[10:06:45] [237/326] SRCZ
[10:06:46] [238/326] SJTE
[10:06:47] [239/326] DESC
[10:06:48] [240/326] JHVN
[10:06:48] [241/326] IPSG
[10:06:49] [242/326] IPCM
[10:06:50] [243/326] PDRS
[10:06:52] [244/326] ANCV
[10:06:53] [245/326] CMVV
[10:06:54] [246/326] SHYP
[10:06:54] 🔄 Identity reset
[10:06:54] 🔄 Identity rotated (every 10 requests)
[10:06:55] [247/326] DNCS
[10:06:55] [248/326] GAJK
[10:06:56] [249/326] AKTN
[10:06:57] [250/326] KAYA
[10:06:58] [251/326] SBRC
[10:06:59] [252/326] CHTP
[10:07:00] [253/326] SHRT
[10:07:01] [254/326] BCKU
[10:07:02] [255/326] FCPS
[10:07:03] [256/326] ARDD
[10:07:04] 🔄 Identity reset
[10:07:04] 🔄 Identity rotated (every 10 requests)
[10:07:04] [257/326] CPCM
[10:07:05] [258/326] CGSM
[10:07:06] [259/326] PSMP
[10:07:07] [260/326] SDAL
[10:07:07] [261/326] RTNB
[10:07:08] [262/326] LMCR
[10:07:09] [263/326] CIMA
[10:07:10] [264/326] RNAS
[10:07:11] [265/326] LITH
[10:07:12] [266/326] PBOX
[10:07:13] 🔄 Identity reset
[10:07:13] 🔄 Identity rotated (every 10 requests)
[10:07:14] [267/326] FRTS
[10:07:15] [268/326] RKIC
[10:07:16] [269/326] PTAI
[10:07:17] [270/326] GCIC
[10:07:17] [271/326] FNAS
[10:07:18] [272/326] SCAR
[10:07:19] [273/326] MTCA
[10:07:20] [274/326] SCTS
[10:07:21] [275/326] SYCS
[10:07:22] [276/326] RDMS
[10:07:22] 🔄 Identity reset
[10:07:22] 🔄 Identity rotated (every 10 requests)
[10:07:23] [277/326] KAMP
[10:07:24] [278/326] ERSD
[10:07:25] [279/326] MJMJ
[10:07:25] [280/326] SRCJ
[10:07:26] [281/326] SCXE
[10:07:27] [282/326] SVFR
[10:07:28] [283/326] BHCS
[10:07:29] [284/326] IMCC
[10:07:30] [285/326] PCBO
[10:07:31] [286/326] PRVN
[10:07:32] 🔄 Identity reset
[10:07:32] 🔄 Identity rotated (every 10 requests)
[10:07:32] [287/326] AUPM
[10:07:34] [288/326] INBW
[10:07:35] [289/326] SVCW
[10:07:35] [290/326] RKCF
[10:07:36] [291/326] UVBH
[10:07:37] [292/326] DNCY
[10:07:38] [293/326] ABCN
[10:07:39] [294/326] PRUR
[10:07:41] [295/326] PFMR
[10:07:41] [296/326] RKCN
[10:07:42] 🔄 Identity reset
[10:07:42] 🔄 Identity rotated (every 10 requests)
[10:07:43] [297/326] CFEA
[10:07:44] [298/326] SDBG
[10:07:45] [299/326] SNAR
[10:07:45] [300/326] YISI
[10:07:47] [301/326] JCFF
[10:07:48] [302/326] VTRK
[10:07:49] [303/326] PCLZ
[10:07:50] [304/326] DIMY
[10:07:50] [305/326] BBTS
[10:07:51] [306/326] GATH
[10:07:52] 🔄 Identity reset
[10:07:52] 🔄 Identity rotated (every 10 requests)
[10:07:52] [307/326] GTMN
[10:07:53] [308/326] VTMH
[10:07:54] [309/326] CCKP
[10:07:56] [310/326] GPKA
[10:07:56] [311/326] MHCL
[10:07:57] [312/326] ATCL
[10:07:58] [313/326] SBCK
[10:07:59] [314/326] AMMR
[10:08:00] [315/326] MADC
[10:08:01] [316/326] TMMA
[10:08:01] 🔄 Identity reset
[10:08:01] 🔄 Identity rotated (every 10 requests)
[10:08:02] [317/326] CACC
[10:08:03] [318/326] CHAL
[10:08:03] [319/326] DURG
[10:08:05] [320/326] GMKU
[10:08:06] [321/326] GECA
[10:08:07] [322/326] KYRR
[10:08:08] [323/326] KSDE
[10:08:09] [324/326] LMCI
[10:08:10] [325/326] NKCP
[10:08:11] [326/326] BGTC
[10:08:11] 🔄 Identity reset
[10:08:11] 🔄 Identity rotated (every 10 requests)
[10:08:11] 🔄 Retry 1/5 for BGTC in 2.2s
[10:08:11] 🔄 Identity reset
[10:08:14] 🧠 New identity created
[10:08:14] 🔄 Retry 2/5 for BGTC in 4.1s
[10:08:14] 🔄 Identity reset
[10:08:18] 🧠 New identity created
[10:08:18] 🧹 Deduping shows
[10:08:18] ✅ DONE | Shows=8 | Movies=1
[05:18:58] 🚀 SCRIPT STARTED (enhanced anti‑detection)
[05:18:58] [1/326] BSAT
[05:18:59] 🧠 New identity created
[05:18:59] [2/326] RSSM
[05:19:00] [3/326] GCTA
[05:19:02] [4/326] TOPN
[05:19:03] [5/326] MCUS
[05:19:04] [6/326] SHRL
[05:19:04] [7/326] UPTP
[05:19:06] [8/326] TMMP
[05:19:07] [9/326] DNRP
[05:19:08] [10/326] SRLT
[05:19:08] 🔄 Identity reset
[05:19:08] 🔄 Identity rotated (every 10 requests)
[05:19:08] 🔄 Retry 1/5 for SRLT in 2.8s
[05:19:08] 🔄 Identity reset
[05:19:11] 🧠 New identity created
[05:19:12] [11/326] RCNS
[05:19:12] [12/326] DCBH
[05:19:13] [13/326] NAGJ
[05:19:14] [14/326] JVRC
[05:19:15] [15/326] KRJG
[05:19:16] [16/326] SRTJ
[05:19:17] [17/326] CMXM
[05:19:18] [18/326] STMI
[05:19:19] [19/326] SLST
[05:19:20] 🔄 Identity reset
[05:19:20] 🔄 Identity rotated (every 10 requests)
[05:19:20] 🔄 Retry 1/5 for SLST in 2.8s
[05:19:20] 🔄 Identity reset
[05:19:23] 🧠 New identity created
[05:19:23] [20/326] DTCN
[05:19:24] [21/326] STYN
[05:19:26] [22/326] SZVR
[05:19:27] [23/326] SRKO
[05:19:28] [24/326] JTGT
[05:19:29] [25/326] SVFD
[05:19:30] [26/326] SISD
[05:19:31] [27/326] ABDD
[05:19:32] [28/326] DRCA
[05:19:32] 🔄 Identity reset
[05:19:32] 🔄 Identity rotated (every 10 requests)
[05:19:33] [29/326] AVCS
[05:19:34] [30/326] MVKH
[05:19:34] [31/326] ACPR
[05:19:35] [32/326] STIP
[05:19:36] [33/326] MTRA
[05:19:37] [34/326] RMKH
[05:19:38] [35/326] NKRL
[05:19:39] [36/326] PCWN
[05:19:40] [37/326] BLMT
[05:19:41] [38/326] GDPG
[05:19:41] 🔄 Identity reset
[05:19:41] 🔄 Identity rotated (every 10 requests)
[05:19:41] 🔄 Retry 1/5 for GDPG in 2.2s
[05:19:41] 🔄 Identity reset
[05:19:44] 🧠 New identity created
[05:19:44] 🔄 Retry 2/5 for GDPG in 4.6s
[05:19:44] 🔄 Identity reset
[05:19:48] 🧠 New identity created
[05:19:50] [39/326] SRMX
[05:19:51] [40/326] JACP
[05:19:51] [41/326] CPSH
[05:19:52] [42/326] MCCD
[05:19:53] [43/326] ECGH
[05:19:54] [44/326] MKCK
[05:19:55] [45/326] SRMM
[05:19:56] [46/326] SKYR
[05:19:57] 🔄 Identity reset
[05:19:57] 🔄 Identity rotated (every 10 requests)
[05:19:57] [47/326] PCKC
[05:19:58] [48/326] JCMA
[05:19:59] [49/326] BSMP
[05:19:59] [50/326] VSPA
[05:20:00] [51/326] DJYA
[05:20:01] [52/326] DIMP
[05:20:02] [53/326] FXDR
[05:20:03] [54/326] SSRC
[05:20:04] [55/326] STHP
[05:20:05] [56/326] CPPD
[05:20:05] 🔄 Identity reset
[05:20:05] 🔄 Identity rotated (every 10 requests)
[05:20:06] [57/326] FCLK
[05:20:07] [58/326] SCPP
[05:20:08] [59/326] DCMJ
[05:20:08] [60/326] RCCR
[05:20:09] [61/326] INMT
[05:20:10] [62/326] LXTK
[05:20:11] [63/326] SRYK
[05:20:13] [64/326] SGDK
[05:20:14] [65/326] PPKA
[05:20:15] [66/326] SPKA
[05:20:15] 🔄 Identity reset
[05:20:15] 🔄 Identity rotated (every 10 requests)
[05:20:16] [67/326] CGHH
[05:20:17] [68/326] DCJN
[05:20:18] [69/326] SRKV
[05:20:19] [70/326] SAJC
[05:20:20] [71/326] SUSR
[05:20:21] [72/326] STYG
[05:20:22] [73/326] NTKP
[05:20:23] [74/326] AKTG
[05:20:24] [75/326] CGCM
[05:20:25] [76/326] TULC
[05:20:26] 🔄 Identity reset
[05:20:26] 🔄 Identity rotated (every 10 requests)
[05:20:26] [77/326] NYYZ
[05:20:27] [78/326] NYBW
[05:20:29] [79/326] MACB
[05:20:30] [80/326] SLVT
[05:20:31] [81/326] SANA
[05:20:32] [82/326] ACMR
[05:20:33] [83/326] CPKN
[05:20:34] [84/326] DLGK
[05:20:35] [85/326] CWCK
[05:20:36] [86/326] FDDH
[05:20:37] 🔄 Identity reset
[05:20:37] 🔄 Identity rotated (every 10 requests)
[05:20:37] [87/326] MMMD
[05:20:38] [88/326] CMEH
[05:20:39] [89/326] GGGV
[05:20:40] [90/326] SPJL
[05:20:41] [91/326] RCCD
[05:20:42] [92/326] STTZ
[05:20:43] [93/326] BTCF
[05:20:44] [94/326] TSTZ
[05:20:45] [95/326] IPMM
[05:20:46] [96/326] PMPW
[05:20:47] 🔄 Identity reset
[05:20:47] 🔄 Identity rotated (every 10 requests)
[05:20:47] 🔄 Retry 1/5 for PMPW in 2.8s
[05:20:47] 🔄 Identity reset
[05:20:49] 🧠 New identity created
[05:20:50] [97/326] PCMZ
[05:20:51] [98/326] ESEM
[05:20:52] [99/326] PIPO
[05:20:53] [100/326] MATK
[05:20:53] [101/326] PGHM
[05:20:54] [102/326] CTSR
[05:20:55] [103/326] CYKR
[05:20:56] [104/326] MSCM
[05:20:57] [105/326] RFNP
[05:20:58] 🔄 Identity reset
[05:20:58] 🔄 Identity rotated (every 10 requests)
[05:20:59] [106/326] PDCP
[05:21:00] [107/326] NPSE
[05:21:01] [108/326] MKML
[05:21:01] [109/326] FTDP
[05:21:02] [110/326] MMXA
[05:21:03] [111/326] CEPO
[05:21:04] [112/326] CMVP
[05:21:05] [113/326] SGTH
[05:21:06] [114/326] SAYN
[05:21:07] [115/326] URVS
[05:21:07] 🔄 Identity reset
[05:21:07] 🔄 Identity rotated (every 10 requests)
[05:21:07] 🔄 Retry 1/5 for URVS in 2.8s
[05:21:07] 🔄 Identity reset
[05:21:10] 🧠 New identity created
[05:21:11] [116/326] VJTN
[05:21:12] [117/326] BBYK
[05:21:14] [118/326] SHBO
[05:21:15] [119/326] VCMR
[05:21:16] [120/326] MACT
[05:21:17] [121/326] JMNP
[05:21:18] [122/326] VICS
[05:21:19] [123/326] VCDA
[05:21:20] [124/326] GCMM
[05:21:20] 🔄 Identity reset
[05:21:20] 🔄 Identity rotated (every 10 requests)
[05:21:20] 🔄 Retry 1/5 for GCMM in 2.8s
[05:21:20] 🔄 Identity reset
[05:21:23] 🧠 New identity created
[05:21:23] [125/326] INVS
[05:21:24] [126/326] SCGM
[05:21:25] [127/326] PCDA
[05:21:26] [128/326] KDCT
[05:21:27] [129/326] JACS
[05:21:28] [130/326] GMMC
[05:21:29] [131/326] AICM
[05:21:30] [132/326] TJCM
[05:21:32] [133/326] RMTI
[05:21:32] 🔄 Identity reset
[05:21:32] 🔄 Identity rotated (every 10 requests)
[05:21:33] [134/326] SHAC
[05:21:34] [135/326] APJC
[05:21:35] [136/326] GCTG
[05:21:36] [137/326] SSMC
[05:21:38] [138/326] THRM
[05:21:39] [139/326] RBCT
[05:21:40] [140/326] DIKT
[05:21:41] [141/326] MIDL
[05:21:41] [142/326] VCSN
[05:21:43] [143/326] SKTG
[05:21:44] 🔄 Identity reset
[05:21:44] 🔄 Identity rotated (every 10 requests)
[05:21:44] [144/326] SMWC
[05:21:45] [145/326] MNKH
[05:21:46] [146/326] PIAT
[05:21:47] [147/326] LTTP
[05:21:48] [148/326] PTPU
[05:21:49] [149/326] ACMG
[05:21:49] [150/326] SHMM
[05:21:50] [151/326] MCMN
[05:21:51] [152/326] GLDC
[05:21:52] [153/326] HOUT
[05:21:53] 🔄 Identity reset
[05:21:53] 🔄 Identity rotated (every 10 requests)
[05:21:53] [154/326] SVRP
[05:21:54] [155/326] PVDN
[05:21:55] [156/326] SCPY
[05:21:56] [157/326] DTPY
[05:21:57] [158/326] GKCS
[05:21:58] [159/326] NCAM
[05:21:59] [160/326] BSRM
[05:22:00] [161/326] RCLC
[05:22:01] [162/326] SKKD
[05:22:02] [163/326] ACHU
[05:22:02] 🔄 Identity reset
[05:22:02] 🔄 Identity rotated (every 10 requests)
[05:22:03] [164/326] RSCF
[05:22:04] [165/326] IMSH
[05:22:05] [166/326] MACX
[05:22:06] [167/326] HMMW
[05:22:07] [168/326] JTCP
[05:22:08] [169/326] SREN
[05:22:09] [170/326] PJRR
[05:22:09] [171/326] INAC
[05:22:10] [172/326] BMCA
[05:22:11] [173/326] SHCB
[05:22:12] 🔄 Identity reset
[05:22:12] 🔄 Identity rotated (every 10 requests)
[05:22:12] [174/326] GABA
[05:22:13] [175/326] SBCT
[05:22:14] [176/326] GCMA
[05:22:15] [177/326] MYTK
[05:22:16] [178/326] INZS
[05:22:17] [179/326] RMIK
[05:22:18] [180/326] NYCH
[05:22:19] [181/326] RAVE
[05:22:20] [182/326] PSXM
[05:22:21] [183/326] MCGP
[05:22:21] 🔄 Identity reset
[05:22:21] 🔄 Identity rotated (every 10 requests)
[05:22:22] [184/326] PDDK
[05:22:23] [185/326] SPCK
[05:22:24] [186/326] MCRL
[05:22:26] [187/326] MHKT
[05:22:27] [188/326] ANRR
[05:22:28] [189/326] SAPK
[05:22:29] [190/326] NCUK
[05:22:30] [191/326] JUGA
[05:22:31] [192/326] DBSC
[05:22:32] [193/326] LALK
[05:22:33] 🔄 Identity reset
[05:22:33] 🔄 Identity rotated (every 10 requests)
[05:22:33] [194/326] GUCK
[05:22:34] [195/326] STSG
[05:22:35] [196/326] PPPZ
[05:22:36] [197/326] CNCY
[05:22:37] [198/326] MTAR
[05:22:38] [199/326] VNKD
[05:22:39] [200/326] KMAJ
[05:22:40] [201/326] ACXK
[05:22:40] [202/326] UTKC
[05:22:41] [203/326] PBLK
[05:22:42] 🔄 Identity reset
[05:22:42] 🔄 Identity rotated (every 10 requests)
[05:22:42] [204/326] ACBX
[05:22:43] [205/326] PTGM
[05:22:44] [206/326] BTDA
[05:22:45] [207/326] PJMB
[05:22:46] [208/326] TPDA
[05:22:46] [209/326] AMOE
[05:22:47] [210/326] PRHT
[05:22:48] [211/326] PRTA
[05:22:49] [212/326] STAM
[05:22:50] [213/326] MSAA
[05:22:51] 🔄 Identity reset
[05:22:51] 🔄 Identity rotated (every 10 requests)
[05:22:51] [214/326] SDLU
[05:22:52] [215/326] RCHH
[05:22:53] [216/326] KANT
[05:22:54] [217/326] FCRT
[05:22:55] [218/326] DNKM
[05:22:56] [219/326] RYCP
[05:22:57] [220/326] MYRP
[05:22:58] [221/326] PPAK
[05:22:59] [222/326] NVPK
[05:23:00] [223/326] PRMC
[05:23:00] 🔄 Identity reset
[05:23:00] 🔄 Identity rotated (every 10 requests)
[05:23:01] [224/326] JBCS
[05:23:01] [225/326] GXCK
[05:23:02] [226/326] USKO
[05:23:03] [227/326] GTEM
[05:23:04] [228/326] SMBU
[05:23:05] [229/326] VETC
[05:23:06] [230/326] LCDA
[05:23:07] [231/326] MTVT
[05:23:08] [232/326] PYCP
[05:23:09] [233/326] PNSC
[05:23:10] 🔄 Identity reset
[05:23:10] 🔄 Identity rotated (every 10 requests)
[05:23:10] [234/326] PPCC
[05:23:11] [235/326] TGRT
[05:23:12] [236/326] JYOT
[05:23:13] [237/326] SRCZ
[05:23:14] [238/326] SJTE
[05:23:15] [239/326] DESC
[05:23:16] [240/326] JHVN
[05:23:17] [241/326] IPSG
[05:23:18] [242/326] IPCM
[05:23:19] [243/326] PDRS
[05:23:20] 🔄 Identity reset
[05:23:20] 🔄 Identity rotated (every 10 requests)
[05:23:20] [244/326] ANCV
[05:23:21] [245/326] CMVV
[05:23:22] [246/326] SHYP
[05:23:23] [247/326] DNCS
[05:23:24] [248/326] GAJK
[05:23:25] [249/326] AKTN
[05:23:26] [250/326] KAYA
[05:23:26] [251/326] SBRC
[05:23:28] [252/326] CHTP
[05:23:30] [253/326] SHRT
[05:23:30] 🔄 Identity reset
[05:23:30] 🔄 Identity rotated (every 10 requests)
[05:23:30] 🔄 Retry 1/5 for SHRT in 2.7s
[05:23:30] 🔄 Identity reset
[05:23:33] 🧠 New identity created
[05:23:34] [254/326] BCKU
[05:23:35] [255/326] FCPS
[05:23:36] [256/326] ARDD
[05:23:37] [257/326] CPCM
[05:23:37] [258/326] CGSM
[05:23:38] [259/326] PSMP
[05:23:39] [260/326] SDAL
[05:23:40] [261/326] RTNB
[05:23:41] [262/326] LMCR
[05:23:42] 🔄 Identity reset
[05:23:42] 🔄 Identity rotated (every 10 requests)
[05:23:42] 🔄 Retry 1/5 for LMCR in 2.2s
[05:23:42] 🔄 Identity reset
[05:23:44] 🧠 New identity created
[05:23:44] [263/326] CIMA
[05:23:45] [264/326] RNAS
[05:23:46] [265/326] LITH
[05:23:47] [266/326] PBOX
[05:23:48] [267/326] FRTS
[05:23:49] [268/326] RKIC
[05:23:50] [269/326] PTAI
[05:23:51] [270/326] GCIC
[05:23:52] [271/326] FNAS
[05:23:52] 🔄 Identity reset
[05:23:52] 🔄 Identity rotated (every 10 requests)
[05:23:53] [272/326] SCAR
[05:23:54] [273/326] MTCA
[05:23:55] [274/326] SCTS
[05:23:55] [275/326] SYCS
[05:23:56] [276/326] RDMS
[05:23:57] [277/326] KAMP
[05:23:58] [278/326] ERSD
[05:23:59] [279/326] MJMJ
[05:24:00] [280/326] SRCJ
[05:24:01] [281/326] SCXE
[05:24:01] 🔄 Identity reset
[05:24:01] 🔄 Identity rotated (every 10 requests)
[05:24:02] [282/326] SVFR
[05:24:03] [283/326] BHCS
[05:24:04] [284/326] IMCC
[05:24:05] [285/326] PCBO
[05:24:06] [286/326] PRVN
[05:24:07] [287/326] AUPM
[05:24:08] [288/326] INBW
[05:24:09] [289/326] SVCW
[05:24:10] [290/326] RKCF
[05:24:11] [291/326] UVBH
[05:24:12] 🔄 Identity reset
[05:24:12] 🔄 Identity rotated (every 10 requests)
[05:24:12] [292/326] DNCY
[05:24:13] [293/326] ABCN
[05:24:14] [294/326] PRUR
[05:24:14] [295/326] PFMR
[05:24:15] [296/326] RKCN
[05:24:16] [297/326] CFEA
[05:24:17] [298/326] SDBG
[05:24:18] [299/326] SNAR
[05:24:19] [300/326] YISI
[05:24:19] [301/326] JCFF
[05:24:20] 🔄 Identity reset
[05:24:20] 🔄 Identity rotated (every 10 requests)
[05:24:21] [302/326] VTRK
[05:24:21] [303/326] PCLZ
[05:24:22] [304/326] DIMY
[05:24:23] [305/326] BBTS
[05:24:24] [306/326] GATH
[05:24:25] [307/326] GTMN
[05:24:26] [308/326] VTMH
[05:24:27] [309/326] CCKP
[05:24:27] [310/326] GPKA
[05:24:28] [311/326] MHCL
[05:24:29] 🔄 Identity reset
[05:24:29] 🔄 Identity rotated (every 10 requests)
[05:24:30] [312/326] ATCL
[05:24:30] [313/326] SBCK
[05:24:31] [314/326] AMMR
[05:24:32] [315/326] MADC
[05:24:33] [316/326] TMMA
[05:24:35] [317/326] CACC
[05:24:36] [318/326] CHAL
[05:24:37] [319/326] DURG
[05:24:38] [320/326] GMKU
[05:24:39] [321/326] GECA
[05:24:39] 🔄 Identity reset
[05:24:39] 🔄 Identity rotated (every 10 requests)
[05:24:40] [322/326] KYRR
[05:24:40] [323/326] KSDE
[05:24:42] [324/326] LMCI
[05:24:43] [325/326] NKCP
[05:24:44] [326/326] BGTC
[05:24:44] 🧹 Deduping shows
[05:24:44] ✅ DONE | Shows=16 | Movies=3
[22:16:08] 🚀 SCRIPT STARTED (enhanced anti‑detection)
[22:16:08] [1/326] BSAT
[22:16:09] 🧠 New identity created
[22:16:10] [2/326] RSSM
[22:16:11] [3/326] GCTA
[22:16:12] [4/326] TOPN
[22:16:13] [5/326] MCUS
[22:16:14] [6/326] SHRL
[22:16:15] [7/326] UPTP
[22:16:16] [8/326] TMMP
[22:16:16] [9/326] DNRP
[22:16:17] [10/326] SRLT
[22:16:18] 🔄 Identity reset
[22:16:18] 🔄 Identity rotated (every 10 requests)
[22:16:18] [11/326] RCNS
[22:16:19] [12/326] DCBH
[22:16:21] [13/326] NAGJ
[22:16:22] [14/326] JVRC
[22:16:23] [15/326] KRJG
[22:16:24] [16/326] SRTJ
[22:16:25] [17/326] CMXM
[22:16:26] [18/326] STMI
[22:16:27] [19/326] SLST
[22:16:28] [20/326] DTCN
[22:16:28] 🔄 Identity reset
[22:16:28] 🔄 Identity rotated (every 10 requests)
[22:16:29] [21/326] STYN
[22:16:30] [22/326] SZVR
[22:16:31] [23/326] SRKO
[22:16:32] [24/326] JTGT
[22:16:33] [25/326] SVFD
[22:16:35] [26/326] SISD
[22:16:35] [27/326] ABDD
[22:16:36] [28/326] DRCA
[22:16:37] [29/326] AVCS
[22:16:38] [30/326] MVKH
[22:16:39] 🔄 Identity reset
[22:16:39] 🔄 Identity rotated (every 10 requests)
[22:16:39] [31/326] ACPR
[22:16:40] [32/326] STIP
[22:16:41] [33/326] MTRA
[22:16:43] [34/326] RMKH
[22:16:44] [35/326] NKRL
[22:16:45] [36/326] PCWN
[22:16:46] [37/326] BLMT
[22:16:47] [38/326] GDPG
[22:16:48] [39/326] SRMX
[22:16:49] [40/326] JACP
[22:16:49] 🔄 Identity reset
[22:16:49] 🔄 Identity rotated (every 10 requests)
[22:16:50] [41/326] CPSH
[22:16:50] [42/326] MCCD
[22:16:52] [43/326] ECGH
[22:16:53] [44/326] MKCK
[22:16:55] [45/326] SRMM
[22:16:56] [46/326] SKYR
[22:16:57] [47/326] PCKC
[22:16:58] [48/326] JCMA
[22:16:59] [49/326] BSMP
[22:17:00] [50/326] VSPA
[22:17:00] 🔄 Identity reset
[22:17:00] 🔄 Identity rotated (every 10 requests)
[22:17:01] [51/326] DJYA
[22:17:02] [52/326] DIMP
[22:17:03] [53/326] FXDR
[22:17:03] [54/326] SSRC
[22:17:05] [55/326] STHP
[22:17:06] [56/326] CPPD
[22:17:06] [57/326] FCLK
[22:17:07] [58/326] SCPP
[22:17:08] [59/326] DCMJ
[22:17:09] [60/326] RCCR
[22:17:10] 🔄 Identity reset
[22:17:10] 🔄 Identity rotated (every 10 requests)
[22:17:10] [61/326] INMT
[22:17:11] [62/326] LXTK
[22:17:12] [63/326] SRYK
[22:17:13] [64/326] SGDK
[22:17:14] [65/326] PPKA
[22:17:15] [66/326] SPKA
[22:17:16] [67/326] CGHH
[22:17:16] [68/326] DCJN
[22:17:17] [69/326] SRKV
[22:17:18] [70/326] SAJC
[22:17:19] 🔄 Identity reset
[22:17:19] 🔄 Identity rotated (every 10 requests)
[22:17:19] [71/326] SUSR
[22:17:20] [72/326] STYG
[22:17:22] [73/326] NTKP
[22:17:23] [74/326] AKTG
[22:17:24] [75/326] CGCM
[22:17:25] [76/326] TULC
[22:17:26] [77/326] NYYZ
[22:17:27] [78/326] NYBW
[22:17:28] [79/326] MACB
[22:17:29] [80/326] SLVT
[22:17:30] 🔄 Identity reset
[22:17:30] 🔄 Identity rotated (every 10 requests)
[22:17:30] [81/326] SANA
[22:17:31] [82/326] ACMR
[22:17:32] [83/326] CPKN
[22:17:32] [84/326] DLGK
[22:17:33] [85/326] CWCK
[22:17:34] [86/326] FDDH
[22:17:35] [87/326] MMMD
[22:17:36] [88/326] CMEH
[22:17:37] [89/326] GGGV
[22:17:38] [90/326] SPJL
[22:17:38] 🔄 Identity reset
[22:17:38] 🔄 Identity rotated (every 10 requests)
[22:17:39] [91/326] RCCD
[22:17:40] [92/326] STTZ
[22:17:41] [93/326] BTCF
[22:17:42] [94/326] TSTZ
[22:17:43] [95/326] IPMM
[22:17:43] [96/326] PMPW
[22:17:44] [97/326] PCMZ
[22:17:46] [98/326] ESEM
[22:17:47] [99/326] PIPO
[22:17:48] [100/326] MATK
[22:17:49] 🔄 Identity reset
[22:17:49] 🔄 Identity rotated (every 10 requests)
[22:17:49] [101/326] PGHM
[22:17:50] [102/326] CTSR
[22:17:52] [103/326] CYKR
[22:17:53] [104/326] MSCM
[22:17:54] [105/326] RFNP
[22:17:54] [106/326] PDCP
[22:17:56] [107/326] NPSE
[22:17:57] [108/326] MKML
[22:17:58] [109/326] FTDP
[22:17:59] [110/326] MMXA
[22:17:59] 🔄 Identity reset
[22:17:59] 🔄 Identity rotated (every 10 requests)
[22:18:00] [111/326] CEPO
[22:18:01] [112/326] CMVP
[22:18:02] [113/326] SGTH
[22:18:04] [114/326] SAYN
[22:18:04] [115/326] URVS
[22:18:05] [116/326] VJTN
[22:18:06] [117/326] BBYK
[22:18:07] [118/326] SHBO
[22:18:08] [119/326] VCMR
[22:18:09] [120/326] MACT
[22:18:10] 🔄 Identity reset
[22:18:10] 🔄 Identity rotated (every 10 requests)
[22:18:10] [121/326] JMNP
[22:18:11] [122/326] VICS
[22:18:12] [123/326] VCDA
[22:18:13] [124/326] GCMM
[22:18:14] [125/326] INVS
[22:18:15] [126/326] SCGM
[22:18:15] [127/326] PCDA
[22:18:17] [128/326] KDCT
[22:18:18] [129/326] JACS
[22:18:19] [130/326] GMMC
[22:18:20] 🔄 Identity reset
[22:18:20] 🔄 Identity rotated (every 10 requests)
[22:18:20] [131/326] AICM
[22:18:21] [132/326] TJCM
[22:18:23] [133/326] RMTI
[22:18:25] [134/326] SHAC
[22:18:26] [135/326] APJC
[22:18:28] [136/326] GCTG
[22:18:29] [137/326] SSMC
[22:18:30] [138/326] THRM
[22:18:32] [139/326] RBCT
[22:18:33] [140/326] DIKT
[22:18:34] 🔄 Identity reset
[22:18:34] 🔄 Identity rotated (every 10 requests)
[22:18:34] [141/326] MIDL
[22:18:35] [142/326] VCSN
[22:18:36] [143/326] SKTG
[22:18:37] [144/326] SMWC
[22:18:38] [145/326] MNKH
[22:18:38] [146/326] PIAT
[22:18:39] [147/326] LTTP
[22:18:40] [148/326] PTPU
[22:18:41] [149/326] ACMG
[22:18:42] [150/326] SHMM
[22:18:43] 🔄 Identity reset
[22:18:43] 🔄 Identity rotated (every 10 requests)
[22:18:44] [151/326] MCMN
[22:18:45] [152/326] GLDC
[22:18:46] [153/326] HOUT
[22:18:47] [154/326] SVRP
[22:18:48] [155/326] PVDN
[22:18:49] [156/326] SCPY
[22:18:49] [157/326] DTPY
[22:18:50] [158/326] GKCS
[22:18:51] [159/326] NCAM
[22:18:52] [160/326] BSRM
[22:18:53] 🔄 Identity reset
[22:18:53] 🔄 Identity rotated (every 10 requests)
[22:18:53] [161/326] RCLC
[22:18:54] [162/326] SKKD
[22:18:55] [163/326] ACHU
[22:18:56] [164/326] RSCF
[22:18:57] [165/326] IMSH
[22:18:58] [166/326] MACX
[22:19:00] [167/326] HMMW
[22:19:01] [168/326] JTCP
[22:19:02] [169/326] SREN
[22:19:03] [170/326] PJRR
[22:19:03] 🔄 Identity reset
[22:19:03] 🔄 Identity rotated (every 10 requests)
[22:19:04] [171/326] INAC
[22:19:05] [172/326] BMCA
[22:19:06] [173/326] SHCB
[22:19:07] [174/326] GABA
[22:19:08] [175/326] SBCT
[22:19:09] [176/326] GCMA
[22:19:10] [177/326] MYTK
[22:19:11] [178/326] INZS
[22:19:12] [179/326] RMIK
[22:19:13] [180/326] NYCH
[22:19:14] 🔄 Identity reset
[22:19:14] 🔄 Identity rotated (every 10 requests)
[22:19:14] [181/326] RAVE
[22:19:15] [182/326] PSXM
[22:19:16] [183/326] MCGP
[22:19:16] [184/326] PDDK
[22:19:17] [185/326] SPCK
[22:19:19] [186/326] MCRL
[22:19:20] [187/326] MHKT
[22:19:21] [188/326] ANRR
[22:19:22] [189/326] SAPK
[22:19:23] [190/326] NCUK
[22:19:23] 🔄 Identity reset
[22:19:23] 🔄 Identity rotated (every 10 requests)
[22:19:24] [191/326] JUGA
[22:19:24] [192/326] DBSC
[22:19:26] [193/326] LALK
[22:19:28] [194/326] GUCK
[22:19:29] [195/326] STSG
[22:19:30] [196/326] PPPZ
[22:19:31] [197/326] CNCY
[22:19:32] [198/326] MTAR
[22:19:32] [199/326] VNKD
[22:19:33] [200/326] KMAJ
[22:19:34] 🔄 Identity reset
[22:19:34] 🔄 Identity rotated (every 10 requests)
[22:19:34] [201/326] ACXK
[22:19:35] [202/326] UTKC
[22:19:36] [203/326] PBLK
[22:19:38] [204/326] ACBX
[22:19:39] [205/326] PTGM
[22:19:40] [206/326] BTDA
[22:19:41] [207/326] PJMB
[22:19:42] [208/326] TPDA
[22:19:43] [209/326] AMOE
[22:19:44] [210/326] PRHT
[22:19:44] 🔄 Identity reset
[22:19:44] 🔄 Identity rotated (every 10 requests)
[22:19:44] 🔄 Retry 1/5 for PRHT in 2.9s
[22:19:44] 🔄 Identity reset
[22:19:47] 🧠 New identity created
[22:19:48] [211/326] PRTA
[22:19:49] [212/326] STAM
[22:19:50] [213/326] MSAA
[22:19:51] [214/326] SDLU
[22:19:52] [215/326] RCHH
[22:19:53] [216/326] KANT
[22:19:54] [217/326] FCRT
[22:19:56] [218/326] DNKM
[22:19:56] [219/326] RYCP
[22:19:57] 🔄 Identity reset
[22:19:57] 🔄 Identity rotated (every 10 requests)
[22:19:58] [220/326] MYRP
[22:19:58] [221/326] PPAK
[22:19:59] [222/326] NVPK
[22:20:00] [223/326] PRMC
[22:20:01] [224/326] JBCS
[22:20:02] [225/326] GXCK
[22:20:03] [226/326] USKO
[22:20:04] [227/326] GTEM
[22:20:05] [228/326] SMBU
[22:20:06] [229/326] VETC
[22:20:06] 🔄 Identity reset
[22:20:06] 🔄 Identity rotated (every 10 requests)
[22:20:07] [230/326] LCDA
[22:20:08] [231/326] MTVT
[22:20:09] [232/326] PYCP
[22:20:10] [233/326] PNSC
[22:20:10] [234/326] PPCC
[22:20:11] [235/326] TGRT
[22:20:12] [236/326] JYOT
[22:20:13] [237/326] SRCZ
[22:20:14] [238/326] SJTE
[22:20:15] [239/326] DESC
[22:20:15] 🔄 Identity reset
[22:20:15] 🔄 Identity rotated (every 10 requests)
[22:20:15] [240/326] JHVN
[22:20:16] [241/326] IPSG
[22:20:18] [242/326] IPCM
[22:20:19] [243/326] PDRS
[22:20:20] [244/326] ANCV
[22:20:21] [245/326] CMVV
[22:20:22] [246/326] SHYP
[22:20:23] [247/326] DNCS
[22:20:24] [248/326] GAJK
[22:20:25] [249/326] AKTN
[22:20:26] 🔄 Identity reset
[22:20:26] 🔄 Identity rotated (every 10 requests)
[22:20:27] [250/326] KAYA
[22:20:28] [251/326] SBRC
[22:20:29] [252/326] CHTP
[22:20:29] [253/326] SHRT
[22:20:31] [254/326] BCKU
[22:20:32] [255/326] FCPS
[22:20:33] [256/326] ARDD
[22:20:34] [257/326] CPCM
[22:20:35] [258/326] CGSM
[22:20:36] [259/326] PSMP
[22:20:37] 🔄 Identity reset
[22:20:37] 🔄 Identity rotated (every 10 requests)
[22:20:37] [260/326] SDAL
[22:20:38] [261/326] RTNB
[22:20:39] [262/326] LMCR
[22:20:40] [263/326] CIMA
[22:20:41] [264/326] RNAS
[22:20:42] [265/326] LITH
[22:20:43] [266/326] PBOX
[22:20:44] [267/326] FRTS
[22:20:44] [268/326] RKIC
[22:20:45] [269/326] PTAI
[22:20:46] 🔄 Identity reset
[22:20:46] 🔄 Identity rotated (every 10 requests)
[22:20:46] [270/326] GCIC
[22:20:47] [271/326] FNAS
[22:20:48] [272/326] SCAR
[22:20:49] [273/326] MTCA
[22:20:50] [274/326] SCTS
[22:20:51] [275/326] SYCS
[22:20:52] [276/326] RDMS
[22:20:53] [277/326] KAMP
[22:20:55] [278/326] ERSD
[22:20:56] [279/326] MJMJ
[22:20:56] 🔄 Identity reset
[22:20:56] 🔄 Identity rotated (every 10 requests)
[22:20:57] [280/326] SRCJ
[22:20:57] [281/326] SCXE
[22:20:58] [282/326] SVFR
[22:21:00] [283/326] BHCS
[22:21:00] [284/326] IMCC
[22:21:01] [285/326] PCBO
[22:21:02] [286/326] PRVN
[22:21:03] [287/326] AUPM
[22:21:04] [288/326] INBW
[22:21:05] [289/326] SVCW
[22:21:06] 🔄 Identity reset
[22:21:06] 🔄 Identity rotated (every 10 requests)
[22:21:06] [290/326] RKCF
[22:21:07] [291/326] UVBH
[22:21:08] [292/326] DNCY
[22:21:09] [293/326] ABCN
[22:21:10] [294/326] PRUR
[22:21:12] [295/326] PFMR
[22:21:13] [296/326] RKCN
[22:21:14] [297/326] CFEA
[22:21:15] [298/326] SDBG
[22:21:17] [299/326] SNAR
[22:21:17] 🔄 Identity reset
[22:21:17] 🔄 Identity rotated (every 10 requests)
[22:21:18] [300/326] YISI
[22:21:19] [301/326] JCFF
[22:21:20] [302/326] VTRK
[22:21:21] [303/326] PCLZ
[22:21:23] [304/326] DIMY
[22:21:24] [305/326] BBTS
[22:21:25] [306/326] GATH
[22:21:26] [307/326] GTMN
[22:21:26] [308/326] VTMH
[22:21:27] [309/326] CCKP
[22:21:28] 🔄 Identity reset
[22:21:28] 🔄 Identity rotated (every 10 requests)
[22:21:28] [310/326] GPKA
[22:21:29] [311/326] MHCL
[22:21:30] [312/326] ATCL
[22:21:31] [313/326] SBCK
[22:21:33] [314/326] AMMR
[22:21:34] [315/326] MADC
[22:21:35] [316/326] TMMA
[22:21:36] [317/326] CACC
[22:21:37] [318/326] CHAL
[22:21:38] [319/326] DURG
[22:21:38] 🔄 Identity reset
[22:21:38] 🔄 Identity rotated (every 10 requests)
[22:21:38] [320/326] GMKU
[22:21:39] [321/326] GECA
[22:21:40] [322/326] KYRR
[22:21:41] [323/326] KSDE
[22:21:43] [324/326] LMCI
[22:21:44] [325/326] NKCP
[22:21:45] [326/326] BGTC
[22:21:45] 🧹 Deduping shows
[22:21:45] ✅ DONE | Shows=48 | Movies=6
[10:31:39] 🚀 SCRIPT STARTED
[10:31:39] [1/326] BSAT
[10:31:39] 🧠 New identity created
[10:31:41] [2/326] RSSM
[10:31:42] [3/326] GCTA
[10:31:43] [4/326] TOPN
[10:31:44] [5/326] MCUS
[10:31:45] [6/326] SHRL
[10:31:46] [7/326] UPTP
[10:31:48] [8/326] TMMP
[10:31:48] [9/326] DNRP
[10:31:49] [10/326] SRLT
[10:31:49] 🔄 Identity reset
[10:31:49] 🔄 Identity rotated (every 10 requests)
[10:31:50] [11/326] RCNS
[10:31:51] [12/326] DCBH
[10:31:52] [13/326] NAGJ
[10:31:53] [14/326] JVRC
[10:31:54] [15/326] KRJG
[10:31:56] [16/326] SRTJ
[10:31:56] [17/326] CMXM
[10:31:57] [18/326] STMI
[10:31:58] [19/326] SLST
[10:31:59] [20/326] DTCN
[10:31:59] 🔄 Identity reset
[10:31:59] 🔄 Identity rotated (every 10 requests)
[10:32:00] [21/326] STYN
[10:32:01] [22/326] SZVR
[10:32:02] [23/326] SRKO
[10:32:03] [24/326] JTGT
[10:32:04] [25/326] SVFD
[10:32:06] [26/326] SISD
[10:32:07] [27/326] ABDD
[10:32:07] [28/326] DRCA
[10:32:09] [29/326] AVCS
[10:32:10] [30/326] MVKH
[10:32:10] 🔄 Identity reset
[10:32:10] 🔄 Identity rotated (every 10 requests)
[10:32:11] [31/326] ACPR
[10:32:12] [32/326] STIP
[10:32:13] [33/326] MTRA
[10:32:14] [34/326] RMKH
[10:32:15] [35/326] NKRL
[10:32:16] [36/326] PCWN
[10:32:17] [37/326] BLMT
[10:32:18] [38/326] GDPG
[10:32:19] [39/326] SRMX
[10:32:20] [40/326] JACP
[10:32:20] 🔄 Identity reset
[10:32:20] 🔄 Identity rotated (every 10 requests)
[10:32:21] [41/326] CPSH
[10:32:21] [42/326] MCCD
[10:32:22] [43/326] ECGH
[10:32:23] [44/326] MKCK
[10:32:24] [45/326] SRMM
[10:32:25] [46/326] SKYR
[10:32:26] [47/326] PCKC
[10:32:27] [48/326] JCMA
[10:32:27] [49/326] BSMP
[10:32:28] [50/326] VSPA
[10:32:28] 🔄 Identity reset
[10:32:28] 🔄 Identity rotated (every 10 requests)
[10:32:29] [51/326] DJYA
[10:32:30] [52/326] DIMP
[10:32:31] [53/326] FXDR
[10:32:32] [54/326] SSRC
[10:32:33] [55/326] STHP
[10:32:34] [56/326] CPPD
[10:32:36] [57/326] FCLK
[10:32:37] [58/326] SCPP
[10:32:38] [59/326] DCMJ
[10:32:39] [60/326] RCCR
[10:32:39] 🔄 Identity reset
[10:32:39] 🔄 Identity rotated (every 10 requests)
[10:32:40] [61/326] INMT
[10:32:41] [62/326] LXTK
[10:32:42] [63/326] SRYK
[10:32:43] [64/326] SGDK
[10:32:44] [65/326] PPKA
[10:32:45] [66/326] SPKA
[10:32:46] [67/326] CGHH
[10:32:47] [68/326] DCJN
[10:32:48] [69/326] SRKV
[10:32:49] [70/326] SAJC
[10:32:49] 🔄 Identity reset
[10:32:49] 🔄 Identity rotated (every 10 requests)
[10:32:50] [71/326] SUSR
[10:32:51] [72/326] STYG
[10:32:52] [73/326] NTKP
[10:32:53] [74/326] AKTG
[10:32:54] [75/326] CGCM
[10:32:55] [76/326] TULC
[10:32:56] [77/326] NYYZ
[10:32:57] [78/326] NYBW
[10:32:58] [79/326] MACB
[10:32:59] [80/326] SLVT
[10:32:59] 🔄 Identity reset
[10:32:59] 🔄 Identity rotated (every 10 requests)
[10:33:00] [81/326] SANA
[10:33:01] [82/326] ACMR
[10:33:02] [83/326] CPKN
[10:33:03] [84/326] DLGK
[10:33:04] [85/326] CWCK
[10:33:05] [86/326] FDDH
[10:33:06] [87/326] MMMD
[10:33:07] [88/326] CMEH
[10:33:08] [89/326] GGGV
[10:33:09] [90/326] SPJL
[10:33:09] 🔄 Identity reset
[10:33:09] 🔄 Identity rotated (every 10 requests)
[10:33:10] [91/326] RCCD
[10:33:11] [92/326] STTZ
[10:33:12] [93/326] BTCF
[10:33:13] [94/326] TSTZ
[10:33:14] [95/326] IPMM
[10:33:15] [96/326] PMPW
[10:33:16] [97/326] PCMZ
[10:33:17] [98/326] ESEM
[10:33:18] [99/326] PIPO
[10:33:19] [100/326] MATK
[10:33:19] 🔄 Identity reset
[10:33:19] 🔄 Identity rotated (every 10 requests)
[10:33:20] [101/326] PGHM
[10:33:21] [102/326] CTSR
[10:33:22] [103/326] CYKR
[10:33:23] [104/326] MSCM
[10:33:25] [105/326] RFNP
[10:33:26] [106/326] PDCP
[10:33:27] [107/326] NPSE
[10:33:28] [108/326] MKML
[10:33:28] [109/326] FTDP
[10:33:29] [110/326] MMXA
[10:33:29] 🔄 Identity reset
[10:33:29] 🔄 Identity rotated (every 10 requests)
[10:33:30] [111/326] CEPO
[10:33:31] [112/326] CMVP
[10:33:32] [113/326] SGTH
[10:33:33] [114/326] SAYN
[10:33:35] [115/326] URVS
[10:33:35] [116/326] VJTN
[10:33:36] [117/326] BBYK
[10:33:37] [118/326] SHBO
[10:33:38] [119/326] VCMR
[10:33:39] [120/326] MACT
[10:33:39] 🔄 Identity reset
[10:33:39] 🔄 Identity rotated (every 10 requests)
[10:33:40] [121/326] JMNP
[10:33:41] [122/326] VICS
[10:33:42] [123/326] VCDA
[10:33:43] [124/326] GCMM
[10:33:44] [125/326] INVS
[10:33:45] [126/326] SCGM
[10:33:46] [127/326] PCDA
[10:33:47] [128/326] KDCT
[10:33:48] [129/326] JACS
[10:33:49] [130/326] GMMC
[10:33:49] 🔄 Identity reset
[10:33:49] 🔄 Identity rotated (every 10 requests)
[10:33:49] [131/326] AICM
[10:33:51] [132/326] TJCM
[10:33:51] [133/326] RMTI
[10:33:52] [134/326] SHAC
[10:33:53] [135/326] APJC
[10:33:54] [136/326] GCTG
[10:33:55] [137/326] SSMC
[10:33:56] [138/326] THRM
[10:33:57] [139/326] RBCT
[10:33:58] [140/326] DIKT
[10:33:58] 🔄 Identity reset
[10:33:58] 🔄 Identity rotated (every 10 requests)
[10:33:59] [141/326] MIDL
[10:34:00] [142/326] VCSN
[10:34:01] [143/326] SKTG
[10:34:02] [144/326] SMWC
[10:34:02] [145/326] MNKH
[10:34:03] [146/326] PIAT
[10:34:04] [147/326] LTTP
[10:34:05] [148/326] PTPU
[10:34:06] [149/326] ACMG
[10:34:07] [150/326] SHMM
[10:34:07] 🔄 Identity reset
[10:34:07] 🔄 Identity rotated (every 10 requests)
[10:34:09] [151/326] MCMN
[10:34:10] [152/326] GLDC
[10:34:10] [153/326] HOUT
[10:34:11] [154/326] SVRP
[10:34:13] [155/326] PVDN
[10:34:14] [156/326] SCPY
[10:34:15] [157/326] DTPY
[10:34:16] [158/326] GKCS
[10:34:17] [159/326] NCAM
[10:34:18] [160/326] BSRM
[10:34:18] 🔄 Identity reset
[10:34:18] 🔄 Identity rotated (every 10 requests)
[10:34:19] [161/326] RCLC
[10:34:20] [162/326] SKKD
[10:34:20] [163/326] ACHU
[10:34:21] [164/326] RSCF
[10:34:23] [165/326] IMSH
[10:34:24] [166/326] MACX
[10:34:25] [167/326] HMMW
[10:34:26] [168/326] JTCP
[10:34:27] [169/326] SREN
[10:34:28] [170/326] PJRR
[10:34:28] 🔄 Identity reset
[10:34:28] 🔄 Identity rotated (every 10 requests)
[10:34:29] [171/326] INAC
[10:34:30] [172/326] BMCA
[10:34:31] [173/326] SHCB
[10:34:32] [174/326] GABA
[10:34:33] [175/326] SBCT
[10:34:33] [176/326] GCMA
[10:34:34] [177/326] MYTK
[10:34:35] [178/326] INZS
[10:34:37] [179/326] RMIK
[10:34:38] [180/326] NYCH
[10:34:38] 🔄 Identity reset
[10:34:38] 🔄 Identity rotated (every 10 requests)
[10:34:39] [181/326] RAVE
[10:34:40] [182/326] PSXM
[10:34:41] [183/326] MCGP
[10:34:42] [184/326] PDDK
[10:34:43] [185/326] SPCK
[10:34:45] [186/326] MCRL
[10:34:46] [187/326] MHKT
[10:34:47] [188/326] ANRR
[10:34:48] [189/326] SAPK
[10:34:50] [190/326] NCUK
[10:34:50] 🔄 Identity reset
[10:34:50] 🔄 Identity rotated (every 10 requests)
[10:34:51] [191/326] JUGA
[10:34:52] [192/326] DBSC
[10:34:54] [193/326] LALK
[10:34:55] [194/326] GUCK
[10:34:55] [195/326] STSG
[10:34:56] [196/326] PPPZ
[10:34:58] [197/326] CNCY
[10:34:59] [198/326] MTAR
[10:35:00] [199/326] VNKD
[10:35:01] [200/326] KMAJ
[10:35:01] 🔄 Identity reset
[10:35:01] 🔄 Identity rotated (every 10 requests)
[10:35:02] [201/326] ACXK
[10:35:03] [202/326] UTKC
[10:35:04] [203/326] PBLK
[10:35:05] [204/326] ACBX
[10:35:06] [205/326] PTGM
[10:35:07] [206/326] BTDA
[10:35:08] [207/326] PJMB
[10:35:09] [208/326] TPDA
[10:35:10] [209/326] AMOE
[10:35:11] [210/326] PRHT
[10:35:11] 🔄 Identity reset
[10:35:11] 🔄 Identity rotated (every 10 requests)
[10:35:12] [211/326] PRTA
[10:35:13] [212/326] STAM
[10:35:14] [213/326] MSAA
[10:35:15] [214/326] SDLU
[10:35:15] [215/326] RCHH
[10:35:16] [216/326] KANT
[10:35:17] [217/326] FCRT
[10:35:19] [218/326] DNKM
[10:35:20] [219/326] RYCP
[10:35:22] [220/326] MYRP
[10:35:22] 🔄 Identity reset
[10:35:22] 🔄 Identity rotated (every 10 requests)
[10:35:23] [221/326] PPAK
[10:35:24] [222/326] NVPK
[10:35:25] [223/326] PRMC
[10:35:25] [224/326] JBCS
[10:35:26] [225/326] GXCK
[10:35:27] [226/326] USKO
[10:35:28] [227/326] GTEM
[10:35:29] [228/326] SMBU
[10:35:30] [229/326] VETC
[10:35:31] [230/326] LCDA
[10:35:31] 🔄 Identity reset
[10:35:31] 🔄 Identity rotated (every 10 requests)
[10:35:32] [231/326] MTVT
[10:35:33] [232/326] PYCP
[10:35:35] [233/326] PNSC
[10:35:36] [234/326] PPCC
[10:35:37] [235/326] TGRT
[10:35:39] [236/326] JYOT
[10:35:40] [237/326] SRCZ
[10:35:41] [238/326] SJTE
[10:35:41] [239/326] DESC
[10:35:42] [240/326] JHVN
[10:35:42] 🔄 Identity reset
[10:35:42] 🔄 Identity rotated (every 10 requests)
[10:35:43] [241/326] IPSG
[10:35:44] [242/326] IPCM
[10:35:45] [243/326] PDRS
[10:35:46] [244/326] ANCV
[10:35:47] [245/326] CMVV
[10:35:48] [246/326] SHYP
[10:35:49] [247/326] DNCS
[10:35:50] [248/326] GAJK
[10:35:51] [249/326] AKTN
[10:35:52] [250/326] KAYA
[10:35:52] 🔄 Identity reset
[10:35:52] 🔄 Identity rotated (every 10 requests)
[10:35:53] [251/326] SBRC
[10:35:54] [252/326] CHTP
[10:35:55] [253/326] SHRT
[10:35:56] [254/326] BCKU
[10:35:56] [255/326] FCPS
[10:35:57] [256/326] ARDD
[10:35:58] [257/326] CPCM
[10:35:59] [258/326] CGSM
[10:36:00] [259/326] PSMP
[10:36:01] [260/326] SDAL
[10:36:01] 🔄 Identity reset
[10:36:01] 🔄 Identity rotated (every 10 requests)
[10:36:02] [261/326] RTNB
[10:36:03] [262/326] LMCR
[10:36:04] [263/326] CIMA
[10:36:05] [264/326] RNAS
[10:36:06] [265/326] LITH
[10:36:07] [266/326] PBOX
[10:36:08] [267/326] FRTS
[10:36:09] [268/326] RKIC
[10:36:09] [269/326] PTAI
[10:36:10] [270/326] GCIC
[10:36:10] 🔄 Identity reset
[10:36:10] 🔄 Identity rotated (every 10 requests)
[10:36:12] [271/326] FNAS
[10:36:14] [272/326] SCAR
[10:36:15] [273/326] MTCA
[10:36:16] [274/326] SCTS
[10:36:17] [275/326] SYCS
[10:36:17] [276/326] RDMS
[10:36:18] [277/326] KAMP
[10:36:19] [278/326] ERSD
[10:36:20] [279/326] MJMJ
[10:36:21] [280/326] SRCJ
[10:36:21] 🔄 Identity reset
[10:36:21] 🔄 Identity rotated (every 10 requests)
[10:36:22] [281/326] SCXE
[10:36:23] [282/326] SVFR
[10:36:24] [283/326] BHCS
[10:36:25] [284/326] IMCC
[10:36:26] [285/326] PCBO
[10:36:27] [286/326] PRVN
[10:36:27] [287/326] AUPM
[10:36:28] [288/326] INBW
[10:36:29] [289/326] SVCW
[10:36:30] [290/326] RKCF
[10:36:30] 🔄 Identity reset
[10:36:30] 🔄 Identity rotated (every 10 requests)
[10:36:31] [291/326] UVBH
[10:36:33] [292/326] DNCY
[10:36:34] [293/326] ABCN
[10:36:35] [294/326] PRUR
[10:36:36] [295/326] PFMR
[10:36:37] [296/326] RKCN
[10:36:39] [297/326] CFEA
[10:36:40] [298/326] SDBG
[10:36:41] [299/326] SNAR
[10:36:43] [300/326] YISI
[10:36:43] 🔄 Identity reset
[10:36:43] 🔄 Identity rotated (every 10 requests)
[10:36:44] [301/326] JCFF
[10:36:45] [302/326] VTRK
[10:36:46] [303/326] PCLZ
[10:36:47] [304/326] DIMY
[10:36:47] [305/326] BBTS
[10:36:48] [306/326] GATH
[10:36:50] [307/326] GTMN
[10:36:51] [308/326] VTMH
[10:36:52] [309/326] CCKP
[10:36:53] [310/326] GPKA
[10:36:53] 🔄 Identity reset
[10:36:53] 🔄 Identity rotated (every 10 requests)
[10:36:54] [311/326] MHCL
[10:36:55] [312/326] ATCL
[10:36:56] [313/326] SBCK
[10:36:57] [314/326] AMMR
[10:36:58] [315/326] MADC
[10:36:59] [316/326] TMMA
[10:37:00] [317/326] CACC
[10:37:01] [318/326] CHAL
[10:37:02] [319/326] DURG
[10:37:03] [320/326] GMKU
[10:37:03] 🔄 Identity reset
[10:37:03] 🔄 Identity rotated (every 10 requests)
[10:37:04] [321/326] GECA
[10:37:05] [322/326] KYRR
[10:37:06] [323/326] KSDE
[10:37:07] [324/326] LMCI
[10:37:08] [325/326] NKCP
[10:37:09] [326/326] BGTC
[10:37:10] 🧹 Deduping shows
[10:37:10] ✅ DONE | Shows=1995 | Movies=88
[17:09:36] 🚀 SCRIPT STARTED
[17:09:36] [1/326] BSAT
[17:09:36] 🧠 New identity created
[17:09:37] [2/326] RSSM
[17:09:38] [3/326] GCTA
[17:09:39] [4/326] TOPN
[17:09:40] [5/326] MCUS
[17:09:41] [6/326] SHRL
[17:09:42] [7/326] UPTP
[17:09:43] [8/326] TMMP
[17:09:44] [9/326] DNRP
[17:09:45] [10/326] SRLT
[17:09:45] 🔄 Identity reset
[17:09:45] 🔄 Identity rotated (every 10 requests)
[17:09:46] [11/326] RCNS
[17:09:46] [12/326] DCBH
[17:09:47] [13/326] NAGJ
[17:09:48] [14/326] JVRC
[17:09:49] [15/326] KRJG
[17:09:50] [16/326] SRTJ
[17:09:51] [17/326] CMXM
[17:09:52] [18/326] STMI
[17:09:52] [19/326] SLST
[17:09:53] [20/326] DTCN
[17:09:53] 🔄 Identity reset
[17:09:53] 🔄 Identity rotated (every 10 requests)
[17:09:54] [21/326] STYN
[17:09:55] [22/326] SZVR
[17:09:56] [23/326] SRKO
[17:09:57] [24/326] JTGT
[17:09:57] [25/326] SVFD
[17:09:58] [26/326] SISD
[17:09:59] [27/326] ABDD
[17:10:00] [28/326] DRCA
[17:10:01] [29/326] AVCS
[17:10:02] [30/326] MVKH
[17:10:02] 🔄 Identity reset
[17:10:02] 🔄 Identity rotated (every 10 requests)
[17:10:03] [31/326] ACPR
[17:10:05] [32/326] STIP
[17:10:06] [33/326] MTRA
[17:10:07] [34/326] RMKH
[17:10:08] [35/326] NKRL
[17:10:08] [36/326] PCWN
[17:10:09] [37/326] BLMT
[17:10:10] [38/326] GDPG
[17:10:11] [39/326] SRMX
[17:10:11] [40/326] JACP
[17:10:11] 🔄 Identity reset
[17:10:11] 🔄 Identity rotated (every 10 requests)
[17:10:11] 🔄 Retry 1/5 for JACP in 2.4s
[17:10:11] 🔄 Identity reset
[17:10:14] 🧠 New identity created
[17:10:15] [41/326] CPSH
[17:10:16] [42/326] MCCD
[17:10:17] [43/326] ECGH
[17:10:18] [44/326] MKCK
[17:10:19] [45/326] SRMM
[17:10:19] [46/326] SKYR
[17:10:20] [47/326] PCKC
[17:10:21] [48/326] JCMA
[17:10:23] [49/326] BSMP
[17:10:23] 🔄 Identity reset
[17:10:23] 🔄 Identity rotated (every 10 requests)
[17:10:23] [50/326] VSPA
[17:10:24] [51/326] DJYA
[17:10:25] [52/326] DIMP
[17:10:26] [53/326] FXDR
[17:10:26] [54/326] SSRC
[17:10:27] [55/326] STHP
[17:10:28] [56/326] CPPD
[17:10:29] [57/326] FCLK
[17:10:30] [58/326] SCPP
[17:10:30] [59/326] DCMJ
[17:10:30] 🔄 Identity reset
[17:10:30] 🔄 Identity rotated (every 10 requests)
[17:10:31] [60/326] RCCR
[17:10:33] [61/326] INMT
[17:10:33] [62/326] LXTK
[17:10:34] [63/326] SRYK
[17:10:35] [64/326] SGDK
[17:10:36] [65/326] PPKA
[17:10:37] [66/326] SPKA
[17:10:38] [67/326] CGHH
[17:10:39] [68/326] DCJN
[17:10:41] [69/326] SRKV
[17:10:41] 🔄 Identity reset
[17:10:41] 🔄 Identity rotated (every 10 requests)
[17:10:41] [70/326] SAJC
[17:10:42] [71/326] SUSR
[17:10:43] [72/326] STYG
[17:10:45] [73/326] NTKP
[17:10:46] [74/326] AKTG
[17:10:47] [75/326] CGCM
[17:10:48] [76/326] TULC
[17:10:48] [77/326] NYYZ
[17:10:49] [78/326] NYBW
[17:10:50] [79/326] MACB
[17:10:50] 🔄 Identity reset
[17:10:50] 🔄 Identity rotated (every 10 requests)
[17:10:51] [80/326] SLVT
[17:10:52] [81/326] SANA
[17:10:53] [82/326] ACMR
[17:10:54] [83/326] CPKN
[17:10:54] [84/326] DLGK
[17:10:55] [85/326] CWCK
[17:10:56] [86/326] FDDH
[17:10:57] [87/326] MMMD
[17:10:57] [88/326] CMEH
[17:10:59] [89/326] GGGV
[17:10:59] 🔄 Identity reset
[17:10:59] 🔄 Identity rotated (every 10 requests)
[17:10:59] [90/326] SPJL
[17:11:00] [91/326] RCCD
[17:11:01] [92/326] STTZ
[17:11:02] [93/326] BTCF
[17:11:03] [94/326] TSTZ
[17:11:04] [95/326] IPMM
[17:11:05] [96/326] PMPW
[17:11:06] [97/326] PCMZ
[17:11:07] [98/326] ESEM
[17:11:08] [99/326] PIPO
[17:11:08] 🔄 Identity reset
[17:11:08] 🔄 Identity rotated (every 10 requests)
[17:11:08] 🔄 Retry 1/5 for PIPO in 2.2s
[17:11:08] 🔄 Identity reset
[17:11:10] 🧠 New identity created
[17:11:11] [100/326] MATK
[17:11:12] [101/326] PGHM
[17:11:13] [102/326] CTSR
[17:11:13] [103/326] CYKR
[17:11:14] [104/326] MSCM
[17:11:15] [105/326] RFNP
[17:11:16] [106/326] PDCP
[17:11:17] [107/326] NPSE
[17:11:17] [108/326] MKML
[17:11:17] 🔄 Identity reset
[17:11:17] 🔄 Identity rotated (every 10 requests)
[17:11:18] [109/326] FTDP
[17:11:19] [110/326] MMXA
[17:11:20] [111/326] CEPO
[17:11:21] [112/326] CMVP
[17:11:21] [113/326] SGTH
[17:11:22] [114/326] SAYN
[17:11:23] [115/326] URVS
[17:11:24] [116/326] VJTN
[17:11:25] [117/326] BBYK
[17:11:26] [118/326] SHBO
[17:11:26] 🔄 Identity reset
[17:11:26] 🔄 Identity rotated (every 10 requests)
[17:11:27] [119/326] VCMR
[17:11:28] [120/326] MACT
[17:11:28] [121/326] JMNP
[17:11:29] [122/326] VICS
[17:11:30] [123/326] VCDA
[17:11:31] [124/326] GCMM
[17:11:32] [125/326] INVS
[17:11:33] [126/326] SCGM
[17:11:33] [127/326] PCDA
[17:11:35] [128/326] KDCT
[17:11:35] 🔄 Identity reset
[17:11:35] 🔄 Identity rotated (every 10 requests)
[17:11:36] [129/326] JACS
[17:11:37] [130/326] GMMC
[17:11:37] [131/326] AICM
[17:11:38] [132/326] TJCM
[17:11:39] [133/326] RMTI
[17:11:40] [134/326] SHAC
[17:11:41] [135/326] APJC
[17:11:41] [136/326] GCTG
[17:11:42] [137/326] SSMC
[17:11:43] [138/326] THRM
[17:11:43] 🔄 Identity reset
[17:11:43] 🔄 Identity rotated (every 10 requests)
[17:11:44] [139/326] RBCT
[17:11:45] [140/326] DIKT
[17:11:45] [141/326] MIDL
[17:11:46] [142/326] VCSN
[17:11:47] [143/326] SKTG
[17:11:48] [144/326] SMWC
[17:11:49] [145/326] MNKH
[17:11:50] [146/326] PIAT
[17:11:50] [147/326] LTTP
[17:11:51] [148/326] PTPU
[17:11:51] 🔄 Identity reset
[17:11:51] 🔄 Identity rotated (every 10 requests)
[17:11:52] [149/326] ACMG
[17:11:53] [150/326] SHMM
[17:11:53] [151/326] MCMN
[17:11:54] [152/326] GLDC
[17:11:55] [153/326] HOUT
[17:11:56] [154/326] SVRP
[17:11:57] [155/326] PVDN
[17:11:57] [156/326] SCPY
[17:11:58] [157/326] DTPY
[17:11:59] [158/326] GKCS
[17:11:59] 🔄 Identity reset
[17:11:59] 🔄 Identity rotated (every 10 requests)
[17:12:00] [159/326] NCAM
[17:12:01] [160/326] BSRM
[17:12:02] [161/326] RCLC
[17:12:03] [162/326] SKKD
[17:12:05] [163/326] ACHU
[17:12:06] [164/326] RSCF
[17:12:07] [165/326] IMSH
[17:12:08] [166/326] MACX
[17:12:08] [167/326] HMMW
[17:12:10] [168/326] JTCP
[17:12:10] 🔄 Identity reset
[17:12:10] 🔄 Identity rotated (every 10 requests)
[17:12:11] [169/326] SREN
[17:12:12] [170/326] PJRR
[17:12:12] [171/326] INAC
[17:12:14] [172/326] BMCA
[17:12:15] [173/326] SHCB
[17:12:16] [174/326] GABA
[17:12:17] [175/326] SBCT
[17:12:17] [176/326] GCMA
[17:12:18] [177/326] MYTK
[17:12:19] [178/326] INZS
[17:12:19] 🔄 Identity reset
[17:12:19] 🔄 Identity rotated (every 10 requests)
[17:12:20] [179/326] RMIK
[17:12:21] [180/326] NYCH
[17:12:22] [181/326] RAVE
[17:12:23] [182/326] PSXM
[17:12:23] [183/326] MCGP
[17:12:24] [184/326] PDDK
[17:12:25] [185/326] SPCK
[17:12:26] [186/326] MCRL
[17:12:27] [187/326] MHKT
[17:12:28] [188/326] ANRR
[17:12:28] 🔄 Identity reset
[17:12:28] 🔄 Identity rotated (every 10 requests)
[17:12:29] [189/326] SAPK
[17:12:29] [190/326] NCUK
[17:12:30] [191/326] JUGA
[17:12:31] [192/326] DBSC
[17:12:32] [193/326] LALK
[17:12:32] [194/326] GUCK
[17:12:34] [195/326] STSG
[17:12:35] [196/326] PPPZ
[17:12:36] [197/326] CNCY
[17:12:36] [198/326] MTAR
[17:12:36] 🔄 Identity reset
[17:12:36] 🔄 Identity rotated (every 10 requests)
[17:12:37] [199/326] VNKD
[17:12:38] [200/326] KMAJ
[17:12:39] [201/326] ACXK
[17:12:39] [202/326] UTKC
[17:12:41] [203/326] PBLK
[17:12:42] [204/326] ACBX
[17:12:42] [205/326] PTGM
[17:12:43] [206/326] BTDA
[17:12:44] [207/326] PJMB
[17:12:44] [208/326] TPDA
[17:12:44] 🔄 Identity reset
[17:12:45] 🔄 Identity rotated (every 10 requests)
[17:12:45] [209/326] AMOE
[17:12:46] [210/326] PRHT
[17:12:47] [211/326] PRTA
[17:12:47] [212/326] STAM
[17:12:48] [213/326] MSAA
[17:12:49] [214/326] SDLU
[17:12:50] [215/326] RCHH
[17:12:51] [216/326] KANT
[17:12:51] [217/326] FCRT
[17:12:52] [218/326] DNKM
[17:12:52] 🔄 Identity reset
[17:12:52] 🔄 Identity rotated (every 10 requests)
[17:12:52] 🔄 Retry 1/5 for DNKM in 2.9s
[17:12:52] 🔄 Identity reset
[17:12:55] 🧠 New identity created
[17:12:56] [219/326] RYCP
[17:12:57] [220/326] MYRP
[17:12:58] [221/326] PPAK
[17:12:59] [222/326] NVPK
[17:13:00] [223/326] PRMC
[17:13:01] [224/326] JBCS
[17:13:01] [225/326] GXCK
[17:13:02] [226/326] USKO
[17:13:03] [227/326] GTEM
[17:13:03] 🔄 Identity reset
[17:13:03] 🔄 Identity rotated (every 10 requests)
[17:13:04] [228/326] SMBU
[17:13:05] [229/326] VETC
[17:13:06] [230/326] LCDA
[17:13:07] [231/326] MTVT
[17:13:08] [232/326] PYCP
[17:13:09] [233/326] PNSC
[17:13:09] [234/326] PPCC
[17:13:10] [235/326] TGRT
[17:13:11] [236/326] JYOT
[17:13:13] [237/326] SRCZ
[17:13:13] 🔄 Identity reset
[17:13:13] 🔄 Identity rotated (every 10 requests)
[17:13:14] [238/326] SJTE
[17:13:14] [239/326] DESC
[17:13:15] [240/326] JHVN
[17:13:16] [241/326] IPSG
[17:13:17] [242/326] IPCM
[17:13:18] [243/326] PDRS
[17:13:19] [244/326] ANCV
[17:13:20] [245/326] CMVV
[17:13:21] [246/326] SHYP
[17:13:23] [247/326] DNCS
[17:13:23] 🔄 Identity reset
[17:13:23] 🔄 Identity rotated (every 10 requests)
[17:13:23] [248/326] GAJK
[17:13:24] [249/326] AKTN
[17:13:25] [250/326] KAYA
[17:13:26] [251/326] SBRC
[17:13:27] [252/326] CHTP
[17:13:28] [253/326] SHRT
[17:13:28] [254/326] BCKU
[17:13:30] [255/326] FCPS
[17:13:32] [256/326] ARDD
[17:13:32] [257/326] CPCM
[17:13:32] 🔄 Identity reset
[17:13:32] 🔄 Identity rotated (every 10 requests)
[17:13:32] 🔄 Retry 1/5 for CPCM in 2.6s
[17:13:32] 🔄 Identity reset
[17:13:35] 🧠 New identity created
[17:13:36] [258/326] CGSM
[17:13:36] [259/326] PSMP
[17:13:37] [260/326] SDAL
[17:13:38] [261/326] RTNB
[17:13:39] [262/326] LMCR
[17:13:39] [263/326] CIMA
[17:13:40] [264/326] RNAS
[17:13:41] [265/326] LITH
[17:13:42] [266/326] PBOX
[17:13:42] 🔄 Identity reset
[17:13:42] 🔄 Identity rotated (every 10 requests)
[17:13:43] [267/326] FRTS
[17:13:44] [268/326] RKIC
[17:13:44] [269/326] PTAI
[17:13:45] [270/326] GCIC
[17:13:46] [271/326] FNAS
[17:13:47] [272/326] SCAR
[17:13:48] [273/326] MTCA
[17:13:48] [274/326] SCTS
[17:13:49] [275/326] SYCS
[17:13:50] [276/326] RDMS
[17:13:50] 🔄 Identity reset
[17:13:50] 🔄 Identity rotated (every 10 requests)
[17:13:51] [277/326] KAMP
[17:13:52] [278/326] ERSD
[17:13:52] [279/326] MJMJ
[17:13:53] [280/326] SRCJ
[17:13:54] [281/326] SCXE
[17:13:55] [282/326] SVFR
[17:13:56] [283/326] BHCS
[17:13:57] [284/326] IMCC
[17:13:58] [285/326] PCBO
[17:13:59] [286/326] PRVN
[17:13:59] 🔄 Identity reset
[17:13:59] 🔄 Identity rotated (every 10 requests)
[17:14:00] [287/326] AUPM
[17:14:01] [288/326] INBW
[17:14:01] [289/326] SVCW
[17:14:02] [290/326] RKCF
[17:14:03] [291/326] UVBH
[17:14:04] [292/326] DNCY
[17:14:05] [293/326] ABCN
[17:14:06] [294/326] PRUR
[17:14:06] [295/326] PFMR
[17:14:07] [296/326] RKCN
[17:14:07] 🔄 Identity reset
[17:14:07] 🔄 Identity rotated (every 10 requests)
[17:14:08] [297/326] CFEA
[17:14:09] [298/326] SDBG
[17:14:09] [299/326] SNAR
[17:14:10] [300/326] YISI
[17:14:11] [301/326] JCFF
[17:14:12] [302/326] VTRK
[17:14:13] [303/326] PCLZ
[17:14:14] [304/326] DIMY
[17:14:15] [305/326] BBTS
[17:14:16] [306/326] GATH
[17:14:16] 🔄 Identity reset
[17:14:16] 🔄 Identity rotated (every 10 requests)
[17:14:17] [307/326] GTMN
[17:14:18] [308/326] VTMH
[17:14:19] [309/326] CCKP
[17:14:20] [310/326] GPKA
[17:14:21] [311/326] MHCL
[17:14:22] [312/326] ATCL
[17:14:23] [313/326] SBCK
[17:14:23] [314/326] AMMR
[17:14:24] [315/326] MADC
[17:14:25] [316/326] TMMA
[17:14:25] 🔄 Identity reset
[17:14:25] 🔄 Identity rotated (every 10 requests)
[17:14:26] [317/326] CACC
[17:14:27] [318/326] CHAL
[17:14:28] [319/326] DURG
[17:14:29] [320/326] GMKU
[17:14:30] [321/326] GECA
[17:14:31] [322/326] KYRR
[17:14:32] [323/326] KSDE
[17:14:32] [324/326] LMCI
[17:14:33] [325/326] NKCP
[17:14:34] [326/326] BGTC
[17:14:34] 🔄 Identity reset
[17:14:34] 🔄 Identity rotated (every 10 requests)
[17:14:35] 🧹 Deduping shows
[17:14:36] ✅ DONE | Shows=2385 | Movies=102
