[17:17:28] 🚀 SCRIPT STARTED (enhanced anti‑detection)
[17:17:28] [1/459] NECA
[17:17:29] 🧠 New identity created
[17:17:30] [2/459] BJLC
[17:17:31] [3/459] BASU
[17:17:32] [4/459] RUPI
[17:17:33] [5/459] LCBK
[17:17:33] [6/459] PMAC
[17:17:34] [7/459] AMLC
[17:17:35] [8/459] LICL
[17:17:36] [9/459] UDMM
[17:17:37] [10/459] STBZ
[17:17:38] 🔄 Identity reset
[17:17:38] 🔄 Identity rotated (every 10 requests)
[17:17:38] [11/459] UUBT
[17:17:39] [12/459] SJKC
[17:17:40] [13/459] TUAL
[17:17:41] [14/459] MRSE
[17:17:42] [15/459] RMRK
[17:17:43] [16/459] TTKP
[17:17:44] [17/459] KTKO
[17:17:45] [18/459] SDBK
[17:17:46] [19/459] MCPR
[17:17:47] [20/459] CHTI
[17:17:47] 🔄 Identity reset
[17:17:47] 🔄 Identity rotated (every 10 requests)
[17:17:48] [21/459] GCCP
[17:17:49] [22/459] SRMY
[17:17:50] [23/459] NYST
[17:17:51] [24/459] NYAG
[17:17:52] [25/459] SBMT
[17:17:52] [26/459] INGA
[17:17:53] [27/459] WSIC
[17:17:54] [28/459] SCSS
[17:17:55] [29/459] COPG
[17:17:57] [30/459] RCGR
[17:17:57] 🔄 Identity reset
[17:17:58] 🔄 Identity rotated (every 10 requests)
[17:17:58] [31/459] TCZA
[17:17:59] [32/459] CNLP
[17:18:00] [33/459] CLKN
[17:18:01] [34/459] LHDF
[17:18:02] [35/459] ELKC
[17:18:03] [36/459] VCEM
[17:18:04] [37/459] SSZA
[17:18:04] [38/459] KRMT
[17:18:06] [39/459] LCMV
[17:18:07] [40/459] AYCZ
[17:18:07] 🔄 Identity reset
[17:18:07] 🔄 Identity rotated (every 10 requests)
[17:18:08] [41/459] CUMS
[17:18:09] [42/459] BOCK
[17:18:09] [43/459] PNMR
[17:18:10] [44/459] PJCP
[17:18:12] [45/459] JDDD
[17:18:14] [46/459] STMS
[17:18:15] [47/459] FLMB
[17:18:16] [48/459] PKCM
[17:18:17] [49/459] SPPR
[17:18:17] [50/459] EYLH
[17:18:18] 🔄 Identity reset
[17:18:18] 🔄 Identity rotated (every 10 requests)
[17:18:18] 🔄 Retry 1/5 for EYLH in 2.2s
[17:18:18] 🔄 Identity reset
[17:18:21] 🧠 New identity created
[17:18:21] [51/459] RJCC
[17:18:22] [52/459] MMPS
[17:18:23] [53/459] SHMX
[17:18:24] [54/459] CCNL
[17:18:25] [55/459] RCNV
[17:18:26] [56/459] MAAG
[17:18:27] [57/459] LXCM
[17:18:28] [58/459] RCNI
[17:18:29] [59/459] SNNI
[17:18:29] 🔄 Identity reset
[17:18:29] 🔄 Identity rotated (every 10 requests)
[17:18:29] [60/459] LALC
[17:18:30] [61/459] SOCN
[17:18:31] [62/459] JHTP
[17:18:32] [63/459] PITP
[17:18:33] [64/459] CCKW
[17:18:35] [65/459] MCMC
[17:18:35] [66/459] DEES
[17:18:36] [67/459] SABT
[17:18:37] [68/459] VSPP
[17:18:38] [69/459] ABCT
[17:18:38] 🔄 Identity reset
[17:18:38] 🔄 Identity rotated (every 10 requests)
[17:18:38] 🔄 Retry 1/5 for ABCT in 2.7s
[17:18:38] 🔄 Identity reset
[17:18:41] 🧠 New identity created
[17:18:42] [70/459] JVTB
[17:18:42] [71/459] VCBD
[17:18:43] [72/459] RMGG
[17:18:44] [73/459] RNMH
[17:18:45] [74/459] SPGL
[17:18:46] [75/459] JTTR
[17:18:48] [76/459] SICS
[17:18:49] [77/459] SRMI
[17:18:49] [78/459] SSIJ
[17:18:50] 🔄 Identity reset
[17:18:50] 🔄 Identity rotated (every 10 requests)
[17:18:50] [79/459] KFMT
[17:18:51] [80/459] VBIT
[17:18:52] [81/459] JKCT
[17:18:53] [82/459] GCGP
[17:18:54] [83/459] GDCS
[17:18:56] [84/459] TRBA
[17:18:57] [85/459] QUST
[17:18:58] [86/459] VSHM
[17:18:58] [87/459] SDCP
[17:18:59] [88/459] SNVS
[17:19:00] 🔄 Identity reset
[17:19:00] 🔄 Identity rotated (every 10 requests)
[17:19:00] [89/459] NYTO
[17:19:02] [90/459] URWC
[17:19:03] [91/459] GTWH
[17:19:04] [92/459] PFCM
[17:19:05] [93/459] KRTA
[17:19:06] [94/459] AXMC
[17:19:07] [95/459] EVMC
[17:19:08] [96/459] HGSM
[17:19:09] [97/459] ACVM
[17:19:09] [98/459] PSKL
[17:19:10] 🔄 Identity reset
[17:19:10] 🔄 Identity rotated (every 10 requests)
[17:19:10] [99/459] RDMP
[17:19:11] [100/459] RHGH
[17:19:12] [101/459] OMCM
[17:19:13] [102/459] DCCP
[17:19:14] [103/459] MCPB
[17:19:15] [104/459] ALCI
[17:19:17] [105/459] BLMX
[17:19:18] [106/459] BTMV
[17:19:20] [107/459] FVPN
[17:19:20] [108/459] CMAR
[17:19:21] 🔄 Identity reset
[17:19:21] 🔄 Identity rotated (every 10 requests)
[17:19:22] [109/459] CEIM
[17:19:23] [110/459] CMVA
[17:19:23] [111/459] CPIV
[17:19:24] [112/459] CNPE
[17:19:26] [113/459] COLV
[17:19:28] [114/459] DNNV
[17:19:30] [115/459] HCAD
[17:19:31] [116/459] TAKA
[17:19:32] [117/459] INVD
[17:19:33] [118/459] IRMM
[17:19:33] 🔄 Identity reset
[17:19:33] 🔄 Identity rotated (every 10 requests)
[17:19:34] [119/459] INSE
[17:19:35] [120/459] MRSW
[17:19:36] [121/459] MCVD
[17:19:36] [122/459] MCSO
[17:19:37] [123/459] PEVM
[17:19:39] [124/459] PVNL
[17:19:40] [125/459] PTCV
[17:19:41] [126/459] PRTC
[17:19:43] [127/459] RCVA
[17:19:45] [128/459] MTBN
[17:19:45] 🔄 Identity reset
[17:19:45] 🔄 Identity rotated (every 10 requests)
[17:19:45] 🔄 Retry 1/5 for MTBN in 2.1s
[17:19:45] 🔄 Identity reset
[17:19:48] 🧠 New identity created
[17:19:48] 🔄 Retry 2/5 for MTBN in 4.3s
[17:19:48] 🔄 Identity reset
[17:19:52] 🧠 New identity created
[17:19:52] [129/459] LUCP
[17:19:53] [130/459] FMPT
[17:19:54] [131/459] JLSL
[17:19:55] [132/459] SBHA
[17:19:56] [133/459] SHRC
[17:19:57] [134/459] AVPS
[17:19:57] [135/459] STPM
[17:19:59] [136/459] ATRD
[17:19:59] 🔄 Identity reset
[17:20:00] 🔄 Identity rotated (every 10 requests)
[17:20:00] [137/459] VTED
[17:20:01] [138/459] ACAI
[17:20:02] [139/459] SMAE
[17:20:03] [140/459] VMAT
[17:20:04] [141/459] LKCT
[17:20:05] [142/459] JTVK
[17:20:06] [143/459] PRTY
[17:20:07] [144/459] GETT
[17:20:08] [145/459] ESAP
[17:20:09] [146/459] NCPM
[17:20:10] 🔄 Identity reset
[17:20:10] 🔄 Identity rotated (every 10 requests)
[17:20:10] [147/459] PCPA
[17:20:11] [148/459] MMOM
[17:20:12] [149/459] PHUP
[17:20:13] [150/459] CCPI
[17:20:14] [151/459] CNTD
[17:20:14] [152/459] NLJR
[17:20:15] [153/459] SRNG
[17:20:16] [154/459] MHAL
[17:20:17] [155/459] PNSM
[17:20:18] [156/459] DRMY
[17:20:19] 🔄 Identity reset
[17:20:19] 🔄 Identity rotated (every 10 requests)
[17:20:19] 🔄 Retry 1/5 for DRMY in 2.8s
[17:20:19] 🔄 Identity reset
[17:20:22] 🧠 New identity created
[17:20:22] [157/459] CCMU
[17:20:23] [158/459] SCMY
[17:20:25] [159/459] PVSY
[17:20:26] [160/459] SDLM
[17:20:27] [161/459] ICCM
[17:20:27] [162/459] PYSU
[17:20:29] [163/459] GATM
[17:20:30] [164/459] WOTM
[17:20:31] [165/459] RKTS
[17:20:31] 🔄 Identity reset
[17:20:31] 🔄 Identity rotated (every 10 requests)
[17:20:31] 🔄 Retry 1/5 for RKTS in 2.9s
[17:20:31] 🔄 Identity reset
[17:20:34] 🧠 New identity created
[17:20:35] [166/459] PMTY
[17:20:36] [167/459] LYMS
[17:20:37] [168/459] TGCA
[17:20:38] [169/459] DSTA
[17:20:39] [170/459] CNGE
[17:20:39] [171/459] VSTG
[17:20:40] [172/459] GTCK
[17:20:41] [173/459] TGNT
[17:20:42] [174/459] ASLC
[17:20:43] 🔄 Identity reset
[17:20:43] 🔄 Identity rotated (every 10 requests)
[17:20:43] [175/459] SSST
[17:20:44] [176/459] KBTT
[17:20:45] [177/459] HKCP
[17:20:46] [178/459] SWLC
[17:20:47] [179/459] RTND
[17:20:48] [180/459] PKKT
[17:20:49] [181/459] HSTK
[17:20:50] [182/459] SPTT
[17:20:50] [183/459] IMPM
[17:20:51] [184/459] SCMV
[17:20:52] 🔄 Identity reset
[17:20:52] 🔄 Identity rotated (every 10 requests)
[17:20:52] [185/459] SPCT
[17:20:53] [186/459] JBCA
[17:20:54] [187/459] ATTR
[17:20:55] [188/459] SPMT
[17:20:56] [189/459] LCTM
[17:20:57] [190/459] SCVL
[17:20:58] [191/459] SCVT
[17:20:59] [192/459] KRIC
[17:20:59] [193/459] CTMG
[17:21:00] [194/459] ACNC
[17:21:01] 🔄 Identity reset
[17:21:01] 🔄 Identity rotated (every 10 requests)
[17:21:01] [195/459] DMCK
[17:21:03] [196/459] KMTV
[17:21:04] [197/459] PFCJ
[17:21:06] [198/459] VNMD
[17:21:07] [199/459] VPCZ
[17:21:07] [200/459] SRYR
[17:21:08] [201/459] SYTR
[17:21:09] [202/459] GATR
[17:21:11] [203/459] URTR
[17:21:12] [204/459] MKSM
[17:21:12] 🔄 Identity reset
[17:21:12] 🔄 Identity rotated (every 10 requests)
[17:21:13] [205/459] VSMH
[17:21:13] [206/459] SKRJ
[17:21:14] [207/459] SSJR
[17:21:15] [208/459] SVSM
[17:21:16] [209/459] RUCM
[17:21:17] [210/459] PRKN
[17:21:18] [211/459] RROH
[17:21:18] [212/459] SCTN
[17:21:19] [213/459] RTDM
[17:21:20] [214/459] ASRM
[17:21:21] 🔄 Identity reset
[17:21:21] 🔄 Identity rotated (every 10 requests)
[17:21:21] [215/459] SKMD
[17:21:22] [216/459] SUTD
[17:21:23] [217/459] SADM
[17:21:23] [218/459] WCNR
[17:21:24] [219/459] CNED
[17:21:26] [220/459] MPDB
[17:21:27] [221/459] KTBH
[17:21:28] [222/459] IDRM
[17:21:29] [223/459] PJJT
[17:21:30] [224/459] PFCV
[17:21:31] 🔄 Identity reset
[17:21:31] 🔄 Identity rotated (every 10 requests)
[17:21:31] [225/459] AACT
[17:21:32] [226/459] AAAD
[17:21:33] [227/459] ANES
[17:21:34] [228/459] MNCA
[17:21:35] [229/459] RMGU
[17:21:36] [230/459] DLCN
[17:21:37] [231/459] LJWT
[17:21:38] [232/459] MCBG
[17:21:39] [233/459] MYBG
[17:21:40] [234/459] GCCA
[17:21:41] 🔄 Identity reset
[17:21:41] 🔄 Identity rotated (every 10 requests)
[17:21:41] 🔄 Retry 1/5 for GCCA in 3.0s
[17:21:41] 🔄 Identity reset
[17:21:44] 🧠 New identity created
[17:21:44] 🔄 Retry 2/5 for GCCA in 4.3s
[17:21:44] 🔄 Identity reset
[17:21:48] 🧠 New identity created
[17:21:48] 🔄 Retry 3/5 for GCCA in 8.4s
[17:21:48] 🔄 Identity reset
[17:21:57] 🧠 New identity created
[17:21:57] 🔄 Retry 4/5 for GCCA in 16.2s
[17:21:57] 🔄 Identity reset
[17:22:13] 🧠 New identity created
[17:22:13] ❌ GCCA failed after 5 attempts
[17:22:13] 🔄 Identity reset
[17:22:13] ❌ GCCA final failure | RuntimeError | HTTP 403
[17:22:13] [235/459] GCGA
[17:22:14] 🧠 New identity created
[17:22:14] [236/459] ECGN
[17:22:15] [237/459] PRAB
[17:22:16] [238/459] PNMP
[17:22:17] [239/459] GCPT
[17:22:17] [240/459] ROYN
[17:22:18] 🔄 Identity reset
[17:22:18] 🔄 Identity rotated (every 10 requests)
[17:22:18] [241/459] VATM
[17:22:19] [242/459] KSNT
[17:22:20] [243/459] ACTC
[17:22:21] [244/459] PLTD
[17:22:22] [245/459] SKMK
[17:22:23] [246/459] CMTT
[17:22:24] [247/459] SMXP
[17:22:25] [248/459] SCMX
[17:22:26] [249/459] ACXN
[17:22:27] [250/459] ASWT
[17:22:27] 🔄 Identity reset
[17:22:27] 🔄 Identity rotated (every 10 requests)
[17:22:28] 🔄 Retry 1/5 for ASWT in 2.9s
[17:22:28] 🔄 Identity reset
[17:22:30] 🧠 New identity created
[17:22:31] [251/459] VVVL
[17:22:32] [252/459] NAGO
[17:22:33] [253/459] SNCN
[17:22:34] [254/459] MCKP
[17:22:35] [255/459] SAMO
[17:22:36] [256/459] JBTV
[17:22:37] [257/459] DCVV
[17:22:38] [258/459] KMSV
[17:22:39] [259/459] KDCN
[17:22:40] 🔄 Identity reset
[17:22:40] 🔄 Identity rotated (every 10 requests)
[17:22:40] [260/459] CNCP
[17:22:41] [261/459] HAMC
[17:22:42] [262/459] CCVZ
[17:22:43] [263/459] NCCK
[17:22:44] [264/459] MCHR
[17:22:45] [265/459] SCHT
[17:22:45] [266/459] ESSH
[17:22:46] [267/459] CUJC
[17:22:47] [268/459] PECP
[17:22:48] [269/459] PMMI
[17:22:49] 🔄 Identity reset
[17:22:49] 🔄 Identity rotated (every 10 requests)
[17:22:49] [270/459] PCCH
[17:22:50] [271/459] PRPM
[17:22:52] [272/459] PVKL
[17:22:53] [273/459] CBSM
[17:22:54] [274/459] PVCZ
[17:22:55] [275/459] PCVV
[17:22:56] [276/459] CTMJ
[17:22:57] [277/459] RCPS
[17:22:58] [278/459] PCIT
[17:22:59] [279/459] FNCH
[17:23:00] 🔄 Identity reset
[17:23:00] 🔄 Identity rotated (every 10 requests)
[17:23:00] 🔄 Retry 1/5 for FNCH in 2.8s
[17:23:00] 🔄 Identity reset
[17:23:03] 🧠 New identity created
[17:23:03] [280/459] INZD
[17:23:04] [281/459] INPC
[17:23:05] [282/459] LCZP
[17:23:05] [283/459] SMCB
[17:23:07] [284/459] PTSB
[17:23:07] [285/459] TPSI
[17:23:08] [286/459] KHMJ
[17:23:09] [287/459] RCCJ
[17:23:10] [288/459] NCJA
[17:23:11] 🔄 Identity reset
[17:23:11] 🔄 Identity rotated (every 10 requests)
[17:23:11] [289/459] NCJN
[17:23:13] [290/459] BTDP
[17:23:14] [291/459] PADY
[17:23:15] [292/459] NYBH
[17:23:15] [293/459] MTBR
[17:23:16] [294/459] KRBC
[17:23:17] [295/459] DKTI
[17:23:18] [296/459] ANAN
[17:23:19] [297/459] INBP
[17:23:20] [298/459] PATB
[17:23:21] 🔄 Identity reset
[17:23:21] 🔄 Identity rotated (every 10 requests)
[17:23:21] 🔄 Retry 1/5 for PATB in 2.9s
[17:23:21] 🔄 Identity reset
[17:23:24] 🧠 New identity created
[17:23:24] 🔄 Retry 2/5 for PATB in 4.8s
[17:23:24] 🔄 Identity reset
[17:23:28] 🧠 New identity created
[17:23:29] [299/459] RGNT
[17:23:30] [300/459] CGPM
[17:23:32] [301/459] INTN
[17:23:33] [302/459] MCMP
[17:23:34] [303/459] ASRG
[17:23:35] [304/459] CXJD
[17:23:36] [305/459] SPCP
[17:23:37] [306/459] CSTP
[17:23:38] 🔄 Identity reset
[17:23:38] 🔄 Identity rotated (every 10 requests)
[17:23:38] [307/459] PKVC
[17:23:39] [308/459] ESCP
[17:23:40] [309/459] CAEP
[17:23:41] [310/459] CCSP
[17:23:42] [311/459] KTPC
[17:23:43] [312/459] DACA
[17:23:44] [313/459] NVKY
[17:23:45] [314/459] PTIN
[17:23:45] [315/459] SCIN
[17:23:46] [316/459] MCTY
[17:23:47] 🔄 Identity reset
[17:23:47] 🔄 Identity rotated (every 10 requests)
[17:23:48] [317/459] PCMX
[17:23:49] [318/459] INIC
[17:23:50] [319/459] MMZM
[17:23:51] [320/459] SSLP
[17:23:51] [321/459] DTDT
[17:23:52] [322/459] FFCX
[17:23:53] [323/459] RCMM
[17:23:55] [324/459] KYID
[17:23:57] [325/459] CSCI
[17:23:58] [326/459] FCMC
[17:23:58] 🔄 Identity reset
[17:23:58] 🔄 Identity rotated (every 10 requests)
[17:23:59] [327/459] MMXI
[17:24:00] [328/459] ASTC
[17:24:00] [329/459] CMRA
[17:24:01] [330/459] DICI
[17:24:02] [331/459] KDIN
[17:24:03] [332/459] PRFI
[17:24:04] [333/459] SVFC
[17:24:05] [334/459] UCPL
[17:24:06] [335/459] COOC
[17:24:07] [336/459] SCAL
[17:24:07] 🔄 Identity reset
[17:24:07] 🔄 Identity rotated (every 10 requests)
[17:24:08] [337/459] SVFF
[17:24:09] [338/459] VCMG
[17:24:10] [339/459] UUCT
[17:24:12] [340/459] GCSE
[17:24:13] [341/459] SUSC
[17:24:14] [342/459] MISC
[17:24:15] [343/459] RMBL
[17:24:16] [344/459] CMXN
[17:24:17] [345/459] PVBK
[17:24:17] [346/459] HHCG
[17:24:18] 🔄 Identity reset
[17:24:18] 🔄 Identity rotated (every 10 requests)
[17:24:18] [347/459] SCAG
[17:24:19] [348/459] CNPR
[17:24:20] [349/459] CSER
[17:24:21] [350/459] HLWD
[17:24:22] [351/459] BOLY
[17:24:23] [352/459] SSPG
[17:24:24] [353/459] MUPX
[17:24:25] [354/459] HAMR
[17:24:26] [355/459] SDNC
[17:24:26] [356/459] RTEN
[17:24:27] 🔄 Identity reset
[17:24:27] 🔄 Identity rotated (every 10 requests)
[17:24:27] [357/459] SDTD
[17:24:28] [358/459] KAWS
[17:24:29] [359/459] CMZX
[17:24:30] [360/459] DCDD
[17:24:31] [361/459] ALSN
[17:24:32] [362/459] IMXS
[17:24:33] [363/459] PVFF
[17:24:34] [364/459] PVOO
[17:24:35] [365/459] CFBS
[17:24:35] [366/459] PVER
[17:24:36] 🔄 Identity reset
[17:24:36] 🔄 Identity rotated (every 10 requests)
[17:24:37] [367/459] PPNX
[17:24:38] [368/459] CNRM
[17:24:39] [369/459] PVWW
[17:24:39] [370/459] INMB
[17:24:40] [371/459] CPJR
[17:24:41] [372/459] INRZ
[17:24:42] [373/459] PMSR
[17:24:43] [374/459] GPGM
[17:24:44] [375/459] PGWB
[17:24:45] [376/459] PMBR
[17:24:45] 🔄 Identity reset
[17:24:45] 🔄 Identity rotated (every 10 requests)
[17:24:46] [377/459] GPAM
[17:24:47] [378/459] INBC
[17:24:48] [379/459] PZVK
[17:24:49] [380/459] CPEB
[17:24:49] [381/459] FMLB
[17:24:50] [382/459] INBG
[17:24:51] [383/459] GPBR
[17:24:52] [384/459] PAAS
[17:24:53] [385/459] VTBR
[17:24:54] [386/459] GPMY
[17:24:54] 🔄 Identity reset
[17:24:54] 🔄 Identity rotated (every 10 requests)
[17:24:55] [387/459] GYBU
[17:24:56] [388/459] INBJ
[17:24:56] [389/459] LKTH
[17:24:57] [390/459] NSBR
[17:24:58] [391/459] PDRD
[17:24:59] [392/459] VRBL
[17:25:00] [393/459] VTGB
[17:25:02] [394/459] VTSK
[17:25:03] [395/459] BKDV
[17:25:04] [396/459] SVTB
[17:25:05] 🔄 Identity reset
[17:25:05] 🔄 Identity rotated (every 10 requests)
[17:25:05] [397/459] MLDT
[17:25:06] [398/459] NRBL
[17:25:08] [399/459] SLTR
[17:25:09] [400/459] VNKA
[17:25:10] [401/459] TDCA
[17:25:11] [402/459] INBM
[17:25:11] [403/459] SSNR
[17:25:12] [404/459] BHAC
[17:25:13] [405/459] SDSD
[17:25:14] [406/459] SAMP
[17:25:14] 🔄 Identity reset
[17:25:14] 🔄 Identity rotated (every 10 requests)
[17:25:15] [407/459] RATK
[17:25:16] [408/459] KCBI
[17:25:17] [409/459] URBL
[17:25:18] [410/459] MKBG
[17:25:19] [411/459] ASTB
[17:25:21] [412/459] VBWT
[17:25:23] [413/459] GPSM
[17:25:24] [414/459] ROON
[17:25:25] [415/459] CHTH
[17:25:26] [416/459] SSPA
[17:25:26] 🔄 Identity reset
[17:25:26] 🔄 Identity rotated (every 10 requests)
[17:25:27] [417/459] ANBL
[17:25:28] [418/459] VTBE
[17:25:29] [419/459] SVKT
[17:25:30] [420/459] SVYK
[17:25:32] [421/459] PTBK
[17:25:32] [422/459] RKTB
[17:25:33] [423/459] BALT
[17:25:34] [424/459] STSV
[17:25:35] [425/459] VCCB
[17:25:36] [426/459] SLTB
[17:25:37] 🔄 Identity reset
[17:25:37] 🔄 Identity rotated (every 10 requests)
[17:25:37] [427/459] SBCR
[17:25:38] [428/459] VDCS
[17:25:39] [429/459] MDKI
[17:25:40] [430/459] SMRN
[17:25:41] [431/459] PTBC
[17:25:42] [432/459] RADI
[17:25:43] [433/459] ADCR
[17:25:45] [434/459] SDCS
[17:25:46] [435/459] SRPJ
[17:25:47] [436/459] ARTS
[17:25:48] 🔄 Identity reset
[17:25:48] 🔄 Identity rotated (every 10 requests)
[17:25:48] [437/459] SRHK
[17:25:49] [438/459] SPAY
[17:25:50] [439/459] GPTB
[17:25:52] [440/459] SNNN
[17:25:53] [441/459] BALJ
[17:25:54] [442/459] TRIG
[17:25:55] [443/459] GTYT
[17:25:56] [444/459] ATGN
[17:25:57] [445/459] ANTE
[17:25:57] [446/459] BDCG
[17:25:58] 🔄 Identity reset
[17:25:58] 🔄 Identity rotated (every 10 requests)
[17:25:58] [447/459] VECI
[17:25:59] [448/459] SCPR
[17:26:00] [449/459] RTEA
[17:26:01] [450/459] JSAI
[17:26:02] [451/459] VJTP
[17:26:03] [452/459] GNDS
[17:26:04] [453/459] PAXA
[17:26:05] [454/459] CGGM
[17:26:06] [455/459] ACKZ
[17:26:06] [456/459] EMCC
[17:26:07] 🔄 Identity reset
[17:26:07] 🔄 Identity rotated (every 10 requests)
[17:26:07] [457/459] KLSK
[17:26:09] [458/459] AVCK
[17:26:10] [459/459] JTCK
[17:26:11] 🔁 RETRY ROUND 1 | Remaining: 1
[17:26:11] [RETRY-1] GCCA
[17:26:14] 🧹 Deduping shows
[17:26:14] ✅ DONE | Shows=572 | Movies=33
[23:35:57] 🚀 SCRIPT STARTED (enhanced anti‑detection)
[23:35:57] [1/459] NECA
[23:35:58] 🧠 New identity created
[23:35:58] [2/459] BJLC
[23:35:59] [3/459] BASU
[23:36:00] [4/459] RUPI
[23:36:01] [5/459] LCBK
[23:36:02] [6/459] PMAC
[23:36:03] [7/459] AMLC
[23:36:05] [8/459] LICL
[23:36:06] [9/459] UDMM
[23:36:07] [10/459] STBZ
[23:36:07] 🔄 Identity reset
[23:36:07] 🔄 Identity rotated (every 10 requests)
[23:36:08] [11/459] UUBT
[23:36:09] [12/459] SJKC
[23:36:10] [13/459] TUAL
[23:36:10] [14/459] MRSE
[23:36:11] [15/459] RMRK
[23:36:12] [16/459] TTKP
[23:36:13] [17/459] KTKO
[23:36:14] [18/459] SDBK
[23:36:15] [19/459] MCPR
[23:36:16] [20/459] CHTI
[23:36:17] 🔄 Identity reset
[23:36:17] 🔄 Identity rotated (every 10 requests)
[23:36:17] [21/459] GCCP
[23:36:18] [22/459] SRMY
[23:36:19] [23/459] NYST
[23:36:21] [24/459] NYAG
[23:36:22] [25/459] SBMT
[23:36:23] [26/459] INGA
[23:36:24] [27/459] WSIC
[23:36:25] [28/459] SCSS
[23:36:26] [29/459] COPG
[23:36:27] [30/459] RCGR
[23:36:28] 🔄 Identity reset
[23:36:28] 🔄 Identity rotated (every 10 requests)
[23:36:28] [31/459] TCZA
[23:36:29] [32/459] CNLP
[23:36:31] [33/459] CLKN
[23:36:32] [34/459] LHDF
[23:36:34] [35/459] ELKC
[23:36:35] [36/459] VCEM
[23:36:36] [37/459] SSZA
[23:36:37] [38/459] KRMT
[23:36:38] [39/459] LCMV
[23:36:39] [40/459] AYCZ
[23:36:39] 🔄 Identity reset
[23:36:39] 🔄 Identity rotated (every 10 requests)
[23:36:40] [41/459] CUMS
[23:36:41] [42/459] BOCK
[23:36:41] [43/459] PNMR
[23:36:42] [44/459] PJCP
[23:36:43] [45/459] JDDD
[23:36:44] [46/459] STMS
[23:36:46] [47/459] FLMB
[23:36:46] [48/459] PKCM
[23:36:47] [49/459] SPPR
[23:36:48] [50/459] EYLH
[23:36:49] 🔄 Identity reset
[23:36:49] 🔄 Identity rotated (every 10 requests)
[23:36:49] [51/459] RJCC
[23:36:50] [52/459] MMPS
[23:36:51] [53/459] SHMX
[23:36:52] [54/459] CCNL
[23:36:53] [55/459] RCNV
[23:36:54] [56/459] MAAG
[23:36:55] [57/459] LXCM
[23:36:56] [58/459] RCNI
[23:36:57] [59/459] SNNI
[23:36:58] [60/459] LALC
[23:36:59] 🔄 Identity reset
[23:36:59] 🔄 Identity rotated (every 10 requests)
[23:36:59] [61/459] SOCN
[23:37:00] [62/459] JHTP
[23:37:01] [63/459] PITP
[23:37:02] [64/459] CCKW
[23:37:03] [65/459] MCMC
[23:37:04] [66/459] DEES
[23:37:05] [67/459] SABT
[23:37:06] [68/459] VSPP
[23:37:07] [69/459] ABCT
[23:37:08] [70/459] JVTB
[23:37:08] 🔄 Identity reset
[23:37:08] 🔄 Identity rotated (every 10 requests)
[23:37:08] [71/459] VCBD
[23:37:09] [72/459] RMGG
[23:37:10] [73/459] RNMH
[23:37:11] [74/459] SPGL
[23:37:12] [75/459] JTTR
[23:37:14] [76/459] SICS
[23:37:15] [77/459] SRMI
[23:37:15] [78/459] SSIJ
[23:37:17] [79/459] KFMT
[23:37:19] [80/459] VBIT
[23:37:19] 🔄 Identity reset
[23:37:19] 🔄 Identity rotated (every 10 requests)
[23:37:20] [81/459] JKCT
[23:37:21] [82/459] GCGP
[23:37:22] [83/459] GDCS
[23:37:23] [84/459] TRBA
[23:37:24] [85/459] QUST
[23:37:25] [86/459] VSHM
[23:37:26] [87/459] SDCP
[23:37:26] [88/459] SNVS
[23:37:27] [89/459] NYTO
[23:37:28] [90/459] URWC
[23:37:29] 🔄 Identity reset
[23:37:29] 🔄 Identity rotated (every 10 requests)
[23:37:29] [91/459] GTWH
[23:37:30] [92/459] PFCM
[23:37:32] [93/459] KRTA
[23:37:32] [94/459] AXMC
[23:37:34] [95/459] EVMC
[23:37:35] [96/459] HGSM
[23:37:36] [97/459] ACVM
[23:37:37] [98/459] PSKL
[23:37:38] [99/459] RDMP
[23:37:39] [100/459] RHGH
[23:37:40] 🔄 Identity reset
[23:37:40] 🔄 Identity rotated (every 10 requests)
[23:37:41] [101/459] OMCM
[23:37:42] [102/459] DCCP
[23:37:43] [103/459] MCPB
[23:37:44] [104/459] ALCI
[23:37:45] [105/459] BLMX
[23:37:46] [106/459] BTMV
[23:37:47] [107/459] FVPN
[23:37:48] [108/459] CMAR
[23:37:49] [109/459] CEIM
[23:37:50] [110/459] CMVA
[23:37:51] 🔄 Identity reset
[23:37:51] 🔄 Identity rotated (every 10 requests)
[23:37:51] [111/459] CPIV
[23:37:52] [112/459] CNPE
[23:37:53] [113/459] COLV
[23:37:55] [114/459] DNNV
[23:37:56] [115/459] HCAD
[23:37:57] [116/459] TAKA
[23:37:58] [117/459] INVD
[23:37:58] [118/459] IRMM
[23:38:00] [119/459] INSE
[23:38:02] [120/459] MRSW
[23:38:02] 🔄 Identity reset
[23:38:02] 🔄 Identity rotated (every 10 requests)
[23:38:02] [121/459] MCVD
[23:38:03] [122/459] MCSO
[23:38:04] [123/459] PEVM
[23:38:05] [124/459] PVNL
[23:38:06] [125/459] PTCV
[23:38:07] [126/459] PRTC
[23:38:08] [127/459] RCVA
[23:38:09] [128/459] MTBN
[23:38:10] [129/459] LUCP
[23:38:11] [130/459] FMPT
[23:38:11] 🔄 Identity reset
[23:38:11] 🔄 Identity rotated (every 10 requests)
[23:38:12] [131/459] JLSL
[23:38:12] [132/459] SBHA
[23:38:13] [133/459] SHRC
[23:38:14] [134/459] AVPS
[23:38:15] [135/459] STPM
[23:38:16] [136/459] ATRD
[23:38:17] [137/459] VTED
[23:38:19] [138/459] ACAI
[23:38:20] [139/459] SMAE
[23:38:21] [140/459] VMAT
[23:38:22] 🔄 Identity reset
[23:38:22] 🔄 Identity rotated (every 10 requests)
[23:38:22] [141/459] LKCT
[23:38:23] [142/459] JTVK
[23:38:24] [143/459] PRTY
[23:38:25] [144/459] GETT
[23:38:26] [145/459] ESAP
[23:38:27] [146/459] NCPM
[23:38:28] [147/459] PCPA
[23:38:29] [148/459] MMOM
[23:38:30] [149/459] PHUP
[23:38:31] [150/459] CCPI
[23:38:32] 🔄 Identity reset
[23:38:32] 🔄 Identity rotated (every 10 requests)
[23:38:32] [151/459] CNTD
[23:38:33] [152/459] NLJR
[23:38:35] [153/459] SRNG
[23:38:36] [154/459] MHAL
[23:38:37] [155/459] PNSM
[23:38:38] [156/459] DRMY
[23:38:39] [157/459] CCMU
[23:38:41] [158/459] SCMY
[23:38:42] [159/459] PVSY
[23:38:43] [160/459] SDLM
[23:38:43] 🔄 Identity reset
[23:38:43] 🔄 Identity rotated (every 10 requests)
[23:38:43] [161/459] ICCM
[23:38:44] [162/459] PYSU
[23:38:45] [163/459] GATM
[23:38:46] [164/459] WOTM
[23:38:47] [165/459] RKTS
[23:38:48] [166/459] PMTY
[23:38:49] [167/459] LYMS
[23:38:50] [168/459] TGCA
[23:38:51] [169/459] DSTA
[23:38:52] [170/459] CNGE
[23:38:53] 🔄 Identity reset
[23:38:53] 🔄 Identity rotated (every 10 requests)
[23:38:54] [171/459] VSTG
[23:38:55] [172/459] GTCK
[23:38:56] [173/459] TGNT
[23:38:57] [174/459] ASLC
[23:38:58] [175/459] SSST
[23:39:00] [176/459] KBTT
[23:39:01] [177/459] HKCP
[23:39:02] [178/459] SWLC
[23:39:03] [179/459] RTND
[23:39:04] [180/459] PKKT
[23:39:05] 🔄 Identity reset
[23:39:05] 🔄 Identity rotated (every 10 requests)
[23:39:05] [181/459] HSTK
[23:39:06] [182/459] SPTT
[23:39:07] [183/459] IMPM
[23:39:08] [184/459] SCMV
[23:39:09] [185/459] SPCT
[23:39:10] [186/459] JBCA
[23:39:11] [187/459] ATTR
[23:39:12] [188/459] SPMT
[23:39:13] [189/459] LCTM
[23:39:14] [190/459] SCVL
[23:39:14] 🔄 Identity reset
[23:39:14] 🔄 Identity rotated (every 10 requests)
[23:39:15] [191/459] SCVT
[23:39:15] [192/459] KRIC
[23:39:17] [193/459] CTMG
[23:39:18] [194/459] ACNC
[23:39:19] [195/459] DMCK
[23:39:20] [196/459] KMTV
[23:39:21] [197/459] PFCJ
[23:39:22] [198/459] VNMD
[23:39:23] [199/459] VPCZ
[23:39:24] [200/459] SRYR
[23:39:24] 🔄 Identity reset
[23:39:25] 🔄 Identity rotated (every 10 requests)
[23:39:25] [201/459] SYTR
[23:39:27] [202/459] GATR
[23:39:28] [203/459] URTR
[23:39:28] [204/459] MKSM
[23:39:29] [205/459] VSMH
[23:39:30] [206/459] SKRJ
[23:39:31] [207/459] SSJR
[23:39:32] [208/459] SVSM
[23:39:33] [209/459] RUCM
[23:39:34] [210/459] PRKN
[23:39:35] 🔄 Identity reset
[23:39:35] 🔄 Identity rotated (every 10 requests)
[23:39:35] [211/459] RROH
[23:39:36] [212/459] SCTN
[23:39:37] [213/459] RTDM
[23:39:38] [214/459] ASRM
[23:39:38] [215/459] SKMD
[23:39:39] [216/459] SUTD
[23:39:40] [217/459] SADM
[23:39:42] [218/459] WCNR
[23:39:43] [219/459] CNED
[23:39:44] [220/459] MPDB
[23:39:44] 🔄 Identity reset
[23:39:44] 🔄 Identity rotated (every 10 requests)
[23:39:45] [221/459] KTBH
[23:39:45] [222/459] IDRM
[23:39:46] [223/459] PJJT
[23:39:47] [224/459] PFCV
[23:39:48] [225/459] AACT
[23:39:49] [226/459] AAAD
[23:39:50] [227/459] ANES
[23:39:51] [228/459] MNCA
[23:39:52] [229/459] RMGU
[23:39:53] [230/459] DLCN
[23:39:53] 🔄 Identity reset
[23:39:53] 🔄 Identity rotated (every 10 requests)
[23:39:54] [231/459] LJWT
[23:39:55] [232/459] MCBG
[23:39:56] [233/459] MYBG
[23:39:57] [234/459] GCCA
[23:39:58] [235/459] GCGA
[23:39:59] [236/459] ECGN
[23:40:00] [237/459] PRAB
[23:40:01] [238/459] PNMP
[23:40:02] [239/459] GCPT
[23:40:02] [240/459] ROYN
[23:40:03] 🔄 Identity reset
[23:40:03] 🔄 Identity rotated (every 10 requests)
[23:40:03] [241/459] VATM
[23:40:04] [242/459] KSNT
[23:40:05] [243/459] ACTC
[23:40:06] [244/459] PLTD
[23:40:07] [245/459] SKMK
[23:40:08] [246/459] CMTT
[23:40:10] [247/459] SMXP
[23:40:11] [248/459] SCMX
[23:40:12] [249/459] ACXN
[23:40:13] [250/459] ASWT
[23:40:13] 🔄 Identity reset
[23:40:13] 🔄 Identity rotated (every 10 requests)
[23:40:14] [251/459] VVVL
[23:40:15] [252/459] NAGO
[23:40:16] [253/459] SNCN
[23:40:17] [254/459] MCKP
[23:40:18] [255/459] SAMO
[23:40:18] [256/459] JBTV
[23:40:19] [257/459] DCVV
[23:40:20] [258/459] KMSV
[23:40:21] [259/459] KDCN
[23:40:22] [260/459] CNCP
[23:40:23] 🔄 Identity reset
[23:40:23] 🔄 Identity rotated (every 10 requests)
[23:40:23] [261/459] HAMC
[23:40:24] [262/459] CCVZ
[23:40:25] [263/459] NCCK
[23:40:26] [264/459] MCHR
[23:40:27] [265/459] SCHT
[23:40:28] [266/459] ESSH
[23:40:29] [267/459] CUJC
[23:40:31] [268/459] PECP
[23:40:31] [269/459] PMMI
[23:40:32] [270/459] PCCH
[23:40:33] 🔄 Identity reset
[23:40:33] 🔄 Identity rotated (every 10 requests)
[23:40:33] [271/459] PRPM
[23:40:34] [272/459] PVKL
[23:40:35] [273/459] CBSM
[23:40:36] [274/459] PVCZ
[23:40:37] [275/459] PCVV
[23:40:37] [276/459] CTMJ
[23:40:38] [277/459] RCPS
[23:40:39] [278/459] PCIT
[23:40:40] [279/459] FNCH
[23:40:41] [280/459] INZD
[23:40:41] 🔄 Identity reset
[23:40:41] 🔄 Identity rotated (every 10 requests)
[23:40:42] [281/459] INPC
[23:40:43] [282/459] LCZP
[23:40:44] [283/459] SMCB
[23:40:45] [284/459] PTSB
[23:40:46] [285/459] TPSI
[23:40:46] [286/459] KHMJ
[23:40:47] [287/459] RCCJ
[23:40:49] [288/459] NCJA
[23:40:50] [289/459] NCJN
[23:40:51] [290/459] BTDP
[23:40:52] 🔄 Identity reset
[23:40:52] 🔄 Identity rotated (every 10 requests)
[23:40:53] [291/459] PADY
[23:40:55] [292/459] NYBH
[23:40:56] [293/459] MTBR
[23:40:57] [294/459] KRBC
[23:40:58] [295/459] DKTI
[23:40:59] [296/459] ANAN
[23:41:00] [297/459] INBP
[23:41:01] [298/459] PATB
[23:41:02] [299/459] RGNT
[23:41:03] [300/459] CGPM
[23:41:04] 🔄 Identity reset
[23:41:04] 🔄 Identity rotated (every 10 requests)
[23:41:04] [301/459] INTN
[23:41:05] [302/459] MCMP
[23:41:06] [303/459] ASRG
[23:41:07] [304/459] CXJD
[23:41:08] [305/459] SPCP
[23:41:09] [306/459] CSTP
[23:41:10] [307/459] PKVC
[23:41:11] [308/459] ESCP
[23:41:12] [309/459] CAEP
[23:41:13] [310/459] CCSP
[23:41:13] 🔄 Identity reset
[23:41:13] 🔄 Identity rotated (every 10 requests)
[23:41:14] [311/459] KTPC
[23:41:15] [312/459] DACA
[23:41:16] [313/459] NVKY
[23:41:17] [314/459] PTIN
[23:41:17] [315/459] SCIN
[23:41:18] [316/459] MCTY
[23:41:19] [317/459] PCMX
[23:41:20] [318/459] INIC
[23:41:21] [319/459] MMZM
[23:41:22] [320/459] SSLP
[23:41:22] 🔄 Identity reset
[23:41:23] 🔄 Identity rotated (every 10 requests)
[23:41:23] [321/459] DTDT
[23:41:24] [322/459] FFCX
[23:41:25] [323/459] RCMM
[23:41:26] [324/459] KYID
[23:41:27] [325/459] CSCI
[23:41:28] [326/459] FCMC
[23:41:29] [327/459] MMXI
[23:41:30] [328/459] ASTC
[23:41:31] [329/459] CMRA
[23:41:32] [330/459] DICI
[23:41:33] 🔄 Identity reset
[23:41:33] 🔄 Identity rotated (every 10 requests)
[23:41:34] [331/459] KDIN
[23:41:35] [332/459] PRFI
[23:41:36] [333/459] SVFC
[23:41:36] [334/459] UCPL
[23:41:38] [335/459] COOC
[23:41:40] [336/459] SCAL
[23:41:40] [337/459] SVFF
[23:41:41] [338/459] VCMG
[23:41:42] [339/459] UUCT
[23:41:43] [340/459] GCSE
[23:41:44] 🔄 Identity reset
[23:41:44] 🔄 Identity rotated (every 10 requests)
[23:41:44] [341/459] SUSC
[23:41:45] [342/459] MISC
[23:41:46] [343/459] RMBL
[23:41:47] [344/459] CMXN
[23:41:48] [345/459] PVBK
[23:41:49] [346/459] HHCG
[23:41:50] [347/459] SCAG
[23:41:51] [348/459] CNPR
[23:41:52] [349/459] CSER
[23:41:53] [350/459] HLWD
[23:41:53] 🔄 Identity reset
[23:41:53] 🔄 Identity rotated (every 10 requests)
[23:41:54] [351/459] BOLY
[23:41:55] [352/459] SSPG
[23:41:56] [353/459] MUPX
[23:41:57] [354/459] HAMR
[23:41:58] [355/459] SDNC
[23:41:59] [356/459] RTEN
[23:42:00] [357/459] SDTD
[23:42:01] [358/459] KAWS
[23:42:02] [359/459] CMZX
[23:42:03] [360/459] DCDD
[23:42:04] 🔄 Identity reset
[23:42:04] 🔄 Identity rotated (every 10 requests)
[23:42:04] [361/459] ALSN
[23:42:05] [362/459] IMXS
[23:42:06] [363/459] PVFF
[23:42:07] [364/459] PVOO
[23:42:08] [365/459] CFBS
[23:42:09] [366/459] PVER
[23:42:10] [367/459] PPNX
[23:42:11] [368/459] CNRM
[23:42:12] [369/459] PVWW
[23:42:13] [370/459] INMB
[23:42:13] 🔄 Identity reset
[23:42:13] 🔄 Identity rotated (every 10 requests)
[23:42:14] [371/459] CPJR
[23:42:15] [372/459] INRZ
[23:42:16] [373/459] PMSR
[23:42:17] [374/459] GPGM
[23:42:17] [375/459] PGWB
[23:42:18] [376/459] PMBR
[23:42:19] [377/459] GPAM
[23:42:21] [378/459] INBC
[23:42:22] [379/459] PZVK
[23:42:23] [380/459] CPEB
[23:42:23] 🔄 Identity reset
[23:42:23] 🔄 Identity rotated (every 10 requests)
[23:42:23] [381/459] FMLB
[23:42:25] [382/459] INBG
[23:42:26] [383/459] GPBR
[23:42:27] [384/459] PAAS
[23:42:28] [385/459] VTBR
[23:42:29] [386/459] GPMY
[23:42:30] [387/459] GYBU
[23:42:31] [388/459] INBJ
[23:42:32] [389/459] LKTH
[23:42:33] [390/459] NSBR
[23:42:33] 🔄 Identity reset
[23:42:33] 🔄 Identity rotated (every 10 requests)
[23:42:34] [391/459] PDRD
[23:42:35] [392/459] VRBL
[23:42:36] [393/459] VTGB
[23:42:37] [394/459] VTSK
[23:42:38] [395/459] BKDV
[23:42:39] [396/459] SVTB
[23:42:40] [397/459] MLDT
[23:42:41] [398/459] NRBL
[23:42:42] [399/459] SLTR
[23:42:43] [400/459] VNKA
[23:42:44] 🔄 Identity reset
[23:42:44] 🔄 Identity rotated (every 10 requests)
[23:42:44] [401/459] TDCA
[23:42:45] [402/459] INBM
[23:42:46] [403/459] SSNR
[23:42:47] [404/459] BHAC
[23:42:48] [405/459] SDSD
[23:42:49] [406/459] SAMP
[23:42:50] [407/459] RATK
[23:42:52] [408/459] KCBI
[23:42:52] [409/459] URBL
[23:42:54] [410/459] MKBG
[23:42:55] 🔄 Identity reset
[23:42:55] 🔄 Identity rotated (every 10 requests)
[23:42:55] [411/459] ASTB
[23:42:56] [412/459] VBWT
[23:42:57] [413/459] GPSM
[23:42:58] [414/459] ROON
[23:43:00] [415/459] CHTH
[23:43:01] [416/459] SSPA
[23:43:02] [417/459] ANBL
[23:43:03] [418/459] VTBE
[23:43:04] [419/459] SVKT
[23:43:05] [420/459] SVYK
[23:43:05] 🔄 Identity reset
[23:43:05] 🔄 Identity rotated (every 10 requests)
[23:43:06] [421/459] PTBK
[23:43:07] [422/459] RKTB
[23:43:08] [423/459] BALT
[23:43:09] [424/459] STSV
[23:43:10] [425/459] VCCB
[23:43:10] [426/459] SLTB
[23:43:11] [427/459] SBCR
[23:43:12] [428/459] VDCS
[23:43:13] [429/459] MDKI
[23:43:14] [430/459] SMRN
[23:43:15] 🔄 Identity reset
[23:43:15] 🔄 Identity rotated (every 10 requests)
[23:43:16] [431/459] PTBC
[23:43:17] [432/459] RADI
[23:43:18] [433/459] ADCR
[23:43:19] [434/459] SDCS
[23:43:20] [435/459] SRPJ
[23:43:21] [436/459] ARTS
[23:43:23] [437/459] SRHK
[23:43:24] [438/459] SPAY
[23:43:25] [439/459] GPTB
[23:43:26] [440/459] SNNN
[23:43:27] 🔄 Identity reset
[23:43:27] 🔄 Identity rotated (every 10 requests)
[23:43:27] [441/459] BALJ
[23:43:28] [442/459] TRIG
[23:43:29] [443/459] GTYT
[23:43:31] [444/459] ATGN
[23:43:32] [445/459] ANTE
[23:43:32] [446/459] BDCG
[23:43:33] [447/459] VECI
[23:43:35] [448/459] SCPR
[23:43:36] [449/459] RTEA
[23:43:37] [450/459] JSAI
[23:43:37] 🔄 Identity reset
[23:43:37] 🔄 Identity rotated (every 10 requests)
[23:43:38] [451/459] VJTP
[23:43:39] [452/459] GNDS
[23:43:40] [453/459] PAXA
[23:43:41] [454/459] CGGM
[23:43:42] [455/459] ACKZ
[23:43:43] [456/459] EMCC
[23:43:44] [457/459] KLSK
[23:43:45] [458/459] AVCK
[23:43:46] [459/459] JTCK
[23:43:46] 🧹 Deduping shows
[23:43:46] ✅ DONE | Shows=629 | Movies=35
[22:21:55] 🚀 SCRIPT STARTED (enhanced anti‑detection)
[22:21:55] [1/459] NECA
[22:21:55] 🧠 New identity created
[22:21:56] [2/459] BJLC
[22:21:57] [3/459] BASU
[22:21:57] [4/459] RUPI
[22:21:58] [5/459] LCBK
[22:21:59] [6/459] PMAC
[22:22:00] [7/459] AMLC
[22:22:01] [8/459] LICL
[22:22:02] [9/459] UDMM
[22:22:03] [10/459] STBZ
[22:22:03] 🔄 Identity reset
[22:22:04] 🔄 Identity rotated (every 10 requests)
[22:22:04] [11/459] UUBT
[22:22:05] [12/459] SJKC
[22:22:05] [13/459] TUAL
[22:22:06] [14/459] MRSE
[22:22:07] [15/459] RMRK
[22:22:08] [16/459] TTKP
[22:22:10] [17/459] KTKO
[22:22:10] [18/459] SDBK
[22:22:11] [19/459] MCPR
[22:22:12] [20/459] CHTI
[22:22:13] 🔄 Identity reset
[22:22:13] 🔄 Identity rotated (every 10 requests)
[22:22:13] [21/459] GCCP
[22:22:14] [22/459] SRMY
[22:22:15] [23/459] NYST
[22:22:16] [24/459] NYAG
[22:22:17] [25/459] SBMT
[22:22:18] [26/459] INGA
[22:22:19] [27/459] WSIC
[22:22:20] [28/459] SCSS
[22:22:21] [29/459] COPG
[22:22:22] [30/459] RCGR
[22:22:22] 🔄 Identity reset
[22:22:22] 🔄 Identity rotated (every 10 requests)
[22:22:23] [31/459] TCZA
[22:22:24] [32/459] CNLP
[22:22:24] [33/459] CLKN
[22:22:26] [34/459] LHDF
[22:22:26] [35/459] ELKC
[22:22:27] [36/459] VCEM
[22:22:28] [37/459] SSZA
[22:22:29] [38/459] KRMT
[22:22:30] [39/459] LCMV
[22:22:31] [40/459] AYCZ
[22:22:31] 🔄 Identity reset
[22:22:31] 🔄 Identity rotated (every 10 requests)
[22:22:31] 🔄 Retry 1/5 for AYCZ in 2.2s
[22:22:31] 🔄 Identity reset
[22:22:34] 🧠 New identity created
[22:22:34] [41/459] CUMS
[22:22:35] [42/459] BOCK
[22:22:36] [43/459] PNMR
[22:22:37] [44/459] PJCP
[22:22:38] [45/459] JDDD
[22:22:39] [46/459] STMS
[22:22:40] [47/459] FLMB
[22:22:41] [48/459] PKCM
[22:22:42] [49/459] SPPR
[22:22:42] 🔄 Identity reset
[22:22:42] 🔄 Identity rotated (every 10 requests)
[22:22:42] [50/459] EYLH
[22:22:44] [51/459] RJCC
[22:22:45] [52/459] MMPS
[22:22:46] [53/459] SHMX
[22:22:47] [54/459] CCNL
[22:22:47] [55/459] RCNV
[22:22:48] [56/459] MAAG
[22:22:49] [57/459] LXCM
[22:22:50] [58/459] RCNI
[22:22:51] [59/459] SNNI
[22:22:51] 🔄 Identity reset
[22:22:51] 🔄 Identity rotated (every 10 requests)
[22:22:52] [60/459] LALC
[22:22:53] [61/459] SOCN
[22:22:53] [62/459] JHTP
[22:22:54] [63/459] PITP
[22:22:55] [64/459] CCKW
[22:22:56] [65/459] MCMC
[22:22:57] [66/459] DEES
[22:22:58] [67/459] SABT
[22:22:59] [68/459] VSPP
[22:23:00] [69/459] ABCT
[22:23:00] 🔄 Identity reset
[22:23:00] 🔄 Identity rotated (every 10 requests)
[22:23:01] [70/459] JVTB
[22:23:01] [71/459] VCBD
[22:23:02] [72/459] RMGG
[22:23:03] [73/459] RNMH
[22:23:04] [74/459] SPGL
[22:23:05] [75/459] JTTR
[22:23:06] [76/459] SICS
[22:23:07] [77/459] SRMI
[22:23:07] [78/459] SSIJ
[22:23:08] [79/459] KFMT
[22:23:09] 🔄 Identity reset
[22:23:09] 🔄 Identity rotated (every 10 requests)
[22:23:09] [80/459] VBIT
[22:23:10] [81/459] JKCT
[22:23:11] [82/459] GCGP
[22:23:12] [83/459] GDCS
[22:23:13] [84/459] TRBA
[22:23:14] [85/459] QUST
[22:23:15] [86/459] VSHM
[22:23:17] [87/459] SDCP
[22:23:18] [88/459] SNVS
[22:23:19] [89/459] NYTO
[22:23:20] 🔄 Identity reset
[22:23:20] 🔄 Identity rotated (every 10 requests)
[22:23:20] [90/459] URWC
[22:23:21] [91/459] GTWH
[22:23:22] [92/459] PFCM
[22:23:23] [93/459] KRTA
[22:23:23] [94/459] AXMC
[22:23:24] [95/459] EVMC
[22:23:25] [96/459] HGSM
[22:23:26] [97/459] ACVM
[22:23:27] [98/459] PSKL
[22:23:28] [99/459] RDMP
[22:23:29] 🔄 Identity reset
[22:23:29] 🔄 Identity rotated (every 10 requests)
[22:23:29] [100/459] RHGH
[22:23:30] [101/459] OMCM
[22:23:31] [102/459] DCCP
[22:23:32] [103/459] MCPB
[22:23:33] [104/459] ALCI
[22:23:34] [105/459] BLMX
[22:23:35] [106/459] BTMV
[22:23:36] [107/459] FVPN
[22:23:37] [108/459] CMAR
[22:23:41] [109/459] CEIM
[22:23:41] 🔄 Identity reset
[22:23:41] 🔄 Identity rotated (every 10 requests)
[22:23:42] [110/459] CMVA
[22:23:43] [111/459] CPIV
[22:23:44] [112/459] CNPE
[22:23:45] [113/459] COLV
[22:23:46] [114/459] DNNV
[22:23:47] [115/459] HCAD
[22:23:48] [116/459] TAKA
[22:23:49] [117/459] INVD
[22:23:49] [118/459] IRMM
[22:23:50] [119/459] INSE
[22:23:51] 🔄 Identity reset
[22:23:51] 🔄 Identity rotated (every 10 requests)
[22:23:51] [120/459] MRSW
[22:23:52] [121/459] MCVD
[22:23:53] [122/459] MCSO
[22:23:54] [123/459] PEVM
[22:23:55] [124/459] PVNL
[22:23:56] [125/459] PTCV
[22:23:56] [126/459] PRTC
[22:23:57] [127/459] RCVA
[22:23:58] [128/459] MTBN
[22:23:59] [129/459] LUCP
[22:23:59] 🔄 Identity reset
[22:23:59] 🔄 Identity rotated (every 10 requests)
[22:24:00] [130/459] FMPT
[22:24:01] [131/459] JLSL
[22:24:01] [132/459] SBHA
[22:24:03] [133/459] SHRC
[22:24:04] [134/459] AVPS
[22:24:05] [135/459] STPM
[22:24:06] [136/459] ATRD
[22:24:07] [137/459] VTED
[22:24:07] [138/459] ACAI
[22:24:08] [139/459] SMAE
[22:24:09] 🔄 Identity reset
[22:24:09] 🔄 Identity rotated (every 10 requests)
[22:24:09] [140/459] VMAT
[22:24:11] [141/459] LKCT
[22:24:12] [142/459] JTVK
[22:24:12] [143/459] PRTY
[22:24:13] [144/459] GETT
[22:24:14] [145/459] ESAP
[22:24:15] [146/459] NCPM
[22:24:16] [147/459] PCPA
[22:24:17] [148/459] MMOM
[22:24:18] [149/459] PHUP
[22:24:19] 🔄 Identity reset
[22:24:19] 🔄 Identity rotated (every 10 requests)
[22:24:19] [150/459] CCPI
[22:24:20] [151/459] CNTD
[22:24:21] [152/459] NLJR
[22:24:21] [153/459] SRNG
[22:24:23] [154/459] MHAL
[22:24:24] [155/459] PNSM
[22:24:26] [156/459] DRMY
[22:24:27] [157/459] CCMU
[22:24:27] [158/459] SCMY
[22:24:28] [159/459] PVSY
[22:24:29] 🔄 Identity reset
[22:24:29] 🔄 Identity rotated (every 10 requests)
[22:24:29] [160/459] SDLM
[22:24:31] [161/459] ICCM
[22:24:32] [162/459] PYSU
[22:24:34] [163/459] GATM
[22:24:35] [164/459] WOTM
[22:24:35] [165/459] RKTS
[22:24:36] [166/459] PMTY
[22:24:38] [167/459] LYMS
[22:24:39] [168/459] TGCA
[22:24:39] [169/459] DSTA
[22:24:40] 🔄 Identity reset
[22:24:40] 🔄 Identity rotated (every 10 requests)
[22:24:40] [170/459] CNGE
[22:24:41] [171/459] VSTG
[22:24:42] [172/459] GTCK
[22:24:43] [173/459] TGNT
[22:24:44] [174/459] ASLC
[22:24:45] [175/459] SSST
[22:24:46] [176/459] KBTT
[22:24:47] [177/459] HKCP
[22:24:47] [178/459] SWLC
[22:24:48] [179/459] RTND
[22:24:49] 🔄 Identity reset
[22:24:49] 🔄 Identity rotated (every 10 requests)
[22:24:49] [180/459] PKKT
[22:24:50] [181/459] HSTK
[22:24:51] [182/459] SPTT
[22:24:52] [183/459] IMPM
[22:24:53] [184/459] SCMV
[22:24:54] [185/459] SPCT
[22:24:55] [186/459] JBCA
[22:24:56] [187/459] ATTR
[22:24:57] [188/459] SPMT
[22:24:58] [189/459] LCTM
[22:24:59] 🔄 Identity reset
[22:24:59] 🔄 Identity rotated (every 10 requests)
[22:24:59] [190/459] SCVL
[22:25:00] [191/459] SCVT
[22:25:01] [192/459] KRIC
[22:25:01] [193/459] CTMG
[22:25:02] [194/459] ACNC
[22:25:03] [195/459] DMCK
[22:25:04] [196/459] KMTV
[22:25:05] [197/459] PFCJ
[22:25:06] [198/459] VNMD
[22:25:07] [199/459] VPCZ
[22:25:08] 🔄 Identity reset
[22:25:08] 🔄 Identity rotated (every 10 requests)
[22:25:08] [200/459] SRYR
[22:25:09] [201/459] SYTR
[22:25:10] [202/459] GATR
[22:25:11] [203/459] URTR
[22:25:12] [204/459] MKSM
[22:25:13] [205/459] VSMH
[22:25:14] [206/459] SKRJ
[22:25:14] [207/459] SSJR
[22:25:15] [208/459] SVSM
[22:25:16] [209/459] RUCM
[22:25:17] 🔄 Identity reset
[22:25:17] 🔄 Identity rotated (every 10 requests)
[22:25:18] [210/459] PRKN
[22:25:19] [211/459] RROH
[22:25:19] [212/459] SCTN
[22:25:20] [213/459] RTDM
[22:25:21] [214/459] ASRM
[22:25:22] [215/459] SKMD
[22:25:23] [216/459] SUTD
[22:25:24] [217/459] SADM
[22:25:25] [218/459] WCNR
[22:25:26] [219/459] CNED
[22:25:26] 🔄 Identity reset
[22:25:26] 🔄 Identity rotated (every 10 requests)
[22:25:27] [220/459] MPDB
[22:25:28] [221/459] KTBH
[22:25:29] [222/459] IDRM
[22:25:30] [223/459] PJJT
[22:25:31] [224/459] PFCV
[22:25:32] [225/459] AACT
[22:25:33] [226/459] AAAD
[22:25:34] [227/459] ANES
[22:25:35] [228/459] MNCA
[22:25:36] [229/459] RMGU
[22:25:36] 🔄 Identity reset
[22:25:36] 🔄 Identity rotated (every 10 requests)
[22:25:37] [230/459] DLCN
[22:25:38] [231/459] LJWT
[22:25:39] [232/459] MCBG
[22:25:40] [233/459] MYBG
[22:25:41] [234/459] GCCA
[22:25:42] [235/459] GCGA
[22:25:44] [236/459] ECGN
[22:25:45] [237/459] PRAB
[22:25:46] [238/459] PNMP
[22:25:46] [239/459] GCPT
[22:25:47] 🔄 Identity reset
[22:25:47] 🔄 Identity rotated (every 10 requests)
[22:25:47] [240/459] ROYN
[22:25:48] [241/459] VATM
[22:25:49] [242/459] KSNT
[22:25:50] [243/459] ACTC
[22:25:51] [244/459] PLTD
[22:25:52] [245/459] SKMK
[22:25:54] [246/459] CMTT
[22:25:55] [247/459] SMXP
[22:25:56] [248/459] SCMX
[22:25:57] [249/459] ACXN
[22:25:57] 🔄 Identity reset
[22:25:57] 🔄 Identity rotated (every 10 requests)
[22:25:57] [250/459] ASWT
[22:25:59] [251/459] VVVL
[22:26:00] [252/459] NAGO
[22:26:01] [253/459] SNCN
[22:26:02] [254/459] MCKP
[22:26:03] [255/459] SAMO
[22:26:04] [256/459] JBTV
[22:26:05] [257/459] DCVV
[22:26:05] [258/459] KMSV
[22:26:06] [259/459] KDCN
[22:26:07] 🔄 Identity reset
[22:26:07] 🔄 Identity rotated (every 10 requests)
[22:26:07] 🔄 Retry 1/5 for KDCN in 2.2s
[22:26:07] 🔄 Identity reset
[22:26:09] 🧠 New identity created
[22:26:09] [260/459] CNCP
[22:26:10] [261/459] HAMC
[22:26:12] [262/459] CCVZ
[22:26:13] [263/459] NCCK
[22:26:14] [264/459] MCHR
[22:26:15] [265/459] SCHT
[22:26:16] [266/459] ESSH
[22:26:18] [267/459] CUJC
[22:26:18] [268/459] PECP
[22:26:19] 🔄 Identity reset
[22:26:19] 🔄 Identity rotated (every 10 requests)
[22:26:19] [269/459] PMMI
[22:26:20] [270/459] PCCH
[22:26:21] [271/459] PRPM
[22:26:22] [272/459] PVKL
[22:26:23] [273/459] CBSM
[22:26:24] [274/459] PVCZ
[22:26:25] [275/459] PCVV
[22:26:26] [276/459] CTMJ
[22:26:27] [277/459] RCPS
[22:26:28] [278/459] PCIT
[22:26:28] 🔄 Identity reset
[22:26:28] 🔄 Identity rotated (every 10 requests)
[22:26:29] [279/459] FNCH
[22:26:29] [280/459] INZD
[22:26:31] [281/459] INPC
[22:26:31] [282/459] LCZP
[22:26:32] [283/459] SMCB
[22:26:33] [284/459] PTSB
[22:26:34] [285/459] TPSI
[22:26:35] [286/459] KHMJ
[22:26:36] [287/459] RCCJ
[22:26:37] [288/459] NCJA
[22:26:37] 🔄 Identity reset
[22:26:37] 🔄 Identity rotated (every 10 requests)
[22:26:37] 🔄 Retry 1/5 for NCJA in 2.8s
[22:26:37] 🔄 Identity reset
[22:26:40] 🧠 New identity created
[22:26:41] [289/459] NCJN
[22:26:41] [290/459] BTDP
[22:26:43] [291/459] PADY
[22:26:43] [292/459] NYBH
[22:26:44] [293/459] MTBR
[22:26:45] [294/459] KRBC
[22:26:46] [295/459] DKTI
[22:26:47] [296/459] ANAN
[22:26:48] [297/459] INBP
[22:26:49] 🔄 Identity reset
[22:26:49] 🔄 Identity rotated (every 10 requests)
[22:26:49] [298/459] PATB
[22:26:50] [299/459] RGNT
[22:26:51] [300/459] CGPM
[22:26:52] [301/459] INTN
[22:26:53] [302/459] MCMP
[22:26:54] [303/459] ASRG
[22:26:55] [304/459] CXJD
[22:26:57] [305/459] SPCP
[22:26:58] [306/459] CSTP
[22:26:59] [307/459] PKVC
[22:26:59] 🔄 Identity reset
[22:26:59] 🔄 Identity rotated (every 10 requests)
[22:26:59] 🔄 Retry 1/5 for PKVC in 2.3s
[22:26:59] 🔄 Identity reset
[22:27:02] 🧠 New identity created
[22:27:02] [308/459] ESCP
[22:27:03] [309/459] CAEP
[22:27:04] [310/459] CCSP
[22:27:05] [311/459] KTPC
[22:27:06] [312/459] DACA
[22:27:07] [313/459] NVKY
[22:27:08] [314/459] PTIN
[22:27:09] [315/459] SCIN
[22:27:10] [316/459] MCTY
[22:27:11] 🔄 Identity reset
[22:27:11] 🔄 Identity rotated (every 10 requests)
[22:27:12] [317/459] PCMX
[22:27:12] [318/459] INIC
[22:27:13] [319/459] MMZM
[22:27:14] [320/459] SSLP
[22:27:15] [321/459] DTDT
[22:27:16] [322/459] FFCX
[22:27:17] [323/459] RCMM
[22:27:17] [324/459] KYID
[22:27:18] [325/459] CSCI
[22:27:19] [326/459] FCMC
[22:27:20] 🔄 Identity reset
[22:27:20] 🔄 Identity rotated (every 10 requests)
[22:27:20] [327/459] MMXI
[22:27:21] [328/459] ASTC
[22:27:22] [329/459] CMRA
[22:27:23] [330/459] DICI
[22:27:24] [331/459] KDIN
[22:27:25] [332/459] PRFI
[22:27:26] [333/459] SVFC
[22:27:27] [334/459] UCPL
[22:27:28] [335/459] COOC
[22:27:29] [336/459] SCAL
[22:27:29] 🔄 Identity reset
[22:27:29] 🔄 Identity rotated (every 10 requests)
[22:27:30] [337/459] SVFF
[22:27:31] [338/459] VCMG
[22:27:32] [339/459] UUCT
[22:27:33] [340/459] GCSE
[22:27:33] [341/459] SUSC
[22:27:34] [342/459] MISC
[22:27:35] [343/459] RMBL
[22:27:36] [344/459] CMXN
[22:27:37] [345/459] PVBK
[22:27:38] [346/459] HHCG
[22:27:38] 🔄 Identity reset
[22:27:38] 🔄 Identity rotated (every 10 requests)
[22:27:39] [347/459] SCAG
[22:27:40] [348/459] CNPR
[22:27:41] [349/459] CSER
[22:27:42] [350/459] HLWD
[22:27:43] [351/459] BOLY
[22:27:44] [352/459] SSPG
[22:27:45] [353/459] MUPX
[22:27:46] [354/459] HAMR
[22:27:48] [355/459] SDNC
[22:27:48] [356/459] RTEN
[22:27:49] 🔄 Identity reset
[22:27:49] 🔄 Identity rotated (every 10 requests)
[22:27:49] [357/459] SDTD
[22:27:50] [358/459] KAWS
[22:27:51] [359/459] CMZX
[22:27:52] [360/459] DCDD
[22:27:53] [361/459] ALSN
[22:27:55] [362/459] IMXS
[22:27:55] [363/459] PVFF
[22:27:56] [364/459] PVOO
[22:27:57] [365/459] CFBS
[22:27:58] [366/459] PVER
[22:27:59] 🔄 Identity reset
[22:27:59] 🔄 Identity rotated (every 10 requests)
[22:27:59] [367/459] PPNX
[22:28:00] [368/459] CNRM
[22:28:01] [369/459] PVWW
[22:28:02] [370/459] INMB
[22:28:03] [371/459] CPJR
[22:28:03] [372/459] INRZ
[22:28:04] [373/459] PMSR
[22:28:05] [374/459] GPGM
[22:28:06] [375/459] PGWB
[22:28:08] [376/459] PMBR
[22:28:08] 🔄 Identity reset
[22:28:08] 🔄 Identity rotated (every 10 requests)
[22:28:08] [377/459] GPAM
[22:28:09] [378/459] INBC
[22:28:10] [379/459] PZVK
[22:28:11] [380/459] CPEB
[22:28:12] [381/459] FMLB
[22:28:13] [382/459] INBG
[22:28:14] [383/459] GPBR
[22:28:14] [384/459] PAAS
[22:28:15] [385/459] VTBR
[22:28:16] [386/459] GPMY
[22:28:17] 🔄 Identity reset
[22:28:17] 🔄 Identity rotated (every 10 requests)
[22:28:17] [387/459] GYBU
[22:28:18] [388/459] INBJ
[22:28:19] [389/459] LKTH
[22:28:20] [390/459] NSBR
[22:28:21] [391/459] PDRD
[22:28:22] [392/459] VRBL
[22:28:23] [393/459] VTGB
[22:28:24] [394/459] VTSK
[22:28:25] [395/459] BKDV
[22:28:26] [396/459] SVTB
[22:28:26] 🔄 Identity reset
[22:28:26] 🔄 Identity rotated (every 10 requests)
[22:28:27] [397/459] MLDT
[22:28:28] [398/459] NRBL
[22:28:28] [399/459] SLTR
[22:28:29] [400/459] VNKA
[22:28:30] [401/459] TDCA
[22:28:31] [402/459] INBM
[22:28:32] [403/459] SSNR
[22:28:34] [404/459] BHAC
[22:28:35] [405/459] SDSD
[22:28:36] [406/459] SAMP
[22:28:37] 🔄 Identity reset
[22:28:37] 🔄 Identity rotated (every 10 requests)
[22:28:37] [407/459] RATK
[22:28:38] [408/459] KCBI
[22:28:39] [409/459] URBL
[22:28:40] [410/459] MKBG
[22:28:41] [411/459] ASTB
[22:28:42] [412/459] VBWT
[22:28:43] [413/459] GPSM
[22:28:44] [414/459] ROON
[22:28:45] [415/459] CHTH
[22:28:46] [416/459] SSPA
[22:28:46] 🔄 Identity reset
[22:28:46] 🔄 Identity rotated (every 10 requests)
[22:28:46] [417/459] ANBL
[22:28:47] [418/459] VTBE
[22:28:48] [419/459] SVKT
[22:28:49] [420/459] SVYK
[22:28:50] [421/459] PTBK
[22:28:51] [422/459] RKTB
[22:28:52] [423/459] BALT
[22:28:54] [424/459] STSV
[22:28:54] [425/459] VCCB
[22:28:55] [426/459] SLTB
[22:28:56] 🔄 Identity reset
[22:28:56] 🔄 Identity rotated (every 10 requests)
[22:28:57] [427/459] SBCR
[22:28:58] [428/459] VDCS
[22:28:58] [429/459] MDKI
[22:29:00] [430/459] SMRN
[22:29:01] [431/459] PTBC
[22:29:02] [432/459] RADI
[22:29:03] [433/459] ADCR
[22:29:04] [434/459] SDCS
[22:29:05] [435/459] SRPJ
[22:29:06] [436/459] ARTS
[22:29:07] 🔄 Identity reset
[22:29:07] 🔄 Identity rotated (every 10 requests)
[22:29:07] [437/459] SRHK
[22:29:08] [438/459] SPAY
[22:29:09] [439/459] GPTB
[22:29:10] [440/459] SNNN
[22:29:11] [441/459] BALJ
[22:29:11] [442/459] TRIG
[22:29:12] [443/459] GTYT
[22:29:13] [444/459] ATGN
[22:29:14] [445/459] ANTE
[22:29:15] [446/459] BDCG
[22:29:15] 🔄 Identity reset
[22:29:15] 🔄 Identity rotated (every 10 requests)
[22:29:16] [447/459] VECI
[22:29:17] [448/459] SCPR
[22:29:18] [449/459] RTEA
[22:29:19] [450/459] JSAI
[22:29:20] [451/459] VJTP
[22:29:21] [452/459] GNDS
[22:29:22] [453/459] PAXA
[22:29:23] [454/459] CGGM
[22:29:24] [455/459] ACKZ
[22:29:25] [456/459] EMCC
[22:29:25] 🔄 Identity reset
[22:29:25] 🔄 Identity rotated (every 10 requests)
[22:29:25] [457/459] KLSK
[22:29:27] [458/459] AVCK
[22:29:28] [459/459] JTCK
[22:29:29] 🧹 Deduping shows
[22:29:29] ✅ DONE | Shows=1126 | Movies=41
[04:21:56] 🚀 SCRIPT STARTED (enhanced anti‑detection)
[04:21:56] [1/459] NECA
[04:21:57] 🧠 New identity created
[04:21:57] [2/459] BJLC
[04:21:58] [3/459] BASU
[04:21:59] [4/459] RUPI
[04:22:00] [5/459] LCBK
[04:22:01] [6/459] PMAC
[04:22:01] [7/459] AMLC
[04:22:02] [8/459] LICL
[04:22:03] [9/459] UDMM
[04:22:04] [10/459] STBZ
[04:22:04] 🔄 Identity reset
[04:22:04] 🔄 Identity rotated (every 10 requests)
[04:22:04] [11/459] UUBT
[04:22:05] [12/459] SJKC
[04:22:06] [13/459] TUAL
[04:22:06] [14/459] MRSE
[04:22:07] [15/459] RMRK
[04:22:08] [16/459] TTKP
[04:22:09] [17/459] KTKO
[04:22:09] [18/459] SDBK
[04:22:10] [19/459] MCPR
[04:22:11] [20/459] CHTI
[04:22:12] 🔄 Identity reset
[04:22:12] 🔄 Identity rotated (every 10 requests)
[04:22:12] [21/459] GCCP
[04:22:13] [22/459] SRMY
[04:22:14] [23/459] NYST
[04:22:15] [24/459] NYAG
[04:22:15] [25/459] SBMT
[04:22:16] [26/459] INGA
[04:22:17] [27/459] WSIC
[04:22:18] [28/459] SCSS
[04:22:19] [29/459] COPG
[04:22:20] [30/459] RCGR
[04:22:20] 🔄 Identity reset
[04:22:20] 🔄 Identity rotated (every 10 requests)
[04:22:20] 🔄 Retry 1/5 for RCGR in 2.2s
[04:22:20] 🔄 Identity reset
[04:22:23] 🧠 New identity created
[04:22:23] [31/459] TCZA
[04:22:24] [32/459] CNLP
[04:22:25] [33/459] CLKN
[04:22:25] [34/459] LHDF
[04:22:26] [35/459] ELKC
[04:22:27] [36/459] VCEM
[04:22:27] [37/459] SSZA
[04:22:28] [38/459] KRMT
[04:22:29] [39/459] LCMV
[04:22:30] 🔄 Identity reset
[04:22:30] 🔄 Identity rotated (every 10 requests)
[04:22:30] [40/459] AYCZ
[04:22:32] [41/459] CUMS
[04:22:32] [42/459] BOCK
[04:22:33] [43/459] PNMR
[04:22:34] [44/459] PJCP
[04:22:34] [45/459] JDDD
[04:22:35] [46/459] STMS
[04:22:36] [47/459] FLMB
[04:22:37] [48/459] PKCM
[04:22:37] [49/459] SPPR
[04:22:38] 🔄 Identity reset
[04:22:38] 🔄 Identity rotated (every 10 requests)
[04:22:38] [50/459] EYLH
[04:22:39] [51/459] RJCC
[04:22:40] [52/459] MMPS
[04:22:41] [53/459] SHMX
[04:22:41] [54/459] CCNL
[04:22:42] [55/459] RCNV
[04:22:43] [56/459] MAAG
[04:22:44] [57/459] LXCM
[04:22:45] [58/459] RCNI
[04:22:45] [59/459] SNNI
[04:22:46] 🔄 Identity reset
[04:22:46] 🔄 Identity rotated (every 10 requests)
[04:22:46] 🔄 Retry 1/5 for SNNI in 2.4s
[04:22:46] 🔄 Identity reset
[04:22:48] 🧠 New identity created
[04:22:48] [60/459] LALC
[04:22:49] [61/459] SOCN
[04:22:50] [62/459] JHTP
[04:22:51] [63/459] PITP
[04:22:52] [64/459] CCKW
[04:22:53] [65/459] MCMC
[04:22:54] [66/459] DEES
[04:22:54] [67/459] SABT
[04:22:55] [68/459] VSPP
[04:22:56] 🔄 Identity reset
[04:22:56] 🔄 Identity rotated (every 10 requests)
[04:22:56] 🔄 Retry 1/5 for VSPP in 2.7s
[04:22:56] 🔄 Identity reset
[04:22:59] 🧠 New identity created
[04:22:59] 🔄 Retry 2/5 for VSPP in 4.8s
[04:22:59] 🔄 Identity reset
[04:23:04] 🧠 New identity created
[04:23:04] 🔄 Retry 3/5 for VSPP in 8.4s
[04:23:04] 🔄 Identity reset
[04:23:12] 🧠 New identity created
[04:23:12] [69/459] ABCT
[04:23:13] [70/459] JVTB
[04:23:14] [71/459] VCBD
[04:23:14] [72/459] RMGG
[04:23:15] [73/459] RNMH
[04:23:16] [74/459] SPGL
[04:23:17] [75/459] JTTR
[04:23:18] 🔄 Identity reset
[04:23:18] 🔄 Identity rotated (every 10 requests)
[04:23:18] 🔄 Retry 1/5 for JTTR in 2.1s
[04:23:18] 🔄 Identity reset
[04:23:20] 🧠 New identity created
[04:23:20] [76/459] SICS
[04:23:21] [77/459] SRMI
[04:23:22] [78/459] SSIJ
[04:23:22] [79/459] KFMT
[04:23:23] [80/459] VBIT
[04:23:24] [81/459] JKCT
[04:23:25] [82/459] GCGP
[04:23:26] [83/459] GDCS
[04:23:27] [84/459] TRBA
[04:23:27] 🔄 Identity reset
[04:23:27] 🔄 Identity rotated (every 10 requests)
[04:23:27] [85/459] QUST
[04:23:28] [86/459] VSHM
[04:23:29] [87/459] SDCP
[04:23:30] [88/459] SNVS
[04:23:31] [89/459] NYTO
[04:23:31] [90/459] URWC
[04:23:32] [91/459] GTWH
[04:23:33] [92/459] PFCM
[04:23:33] [93/459] KRTA
[04:23:34] [94/459] AXMC
[04:23:35] 🔄 Identity reset
[04:23:35] 🔄 Identity rotated (every 10 requests)
[04:23:35] [95/459] EVMC
[04:23:35] [96/459] HGSM
[04:23:36] [97/459] ACVM
[04:23:37] [98/459] PSKL
[04:23:38] [99/459] RDMP
[04:23:38] [100/459] RHGH
[04:23:39] [101/459] OMCM
[04:23:41] [102/459] DCCP
[04:23:42] [103/459] MCPB
[04:23:42] [104/459] ALCI
[04:23:43] 🔄 Identity reset
[04:23:43] 🔄 Identity rotated (every 10 requests)
[04:23:43] [105/459] BLMX
[04:23:44] [106/459] BTMV
[04:23:45] [107/459] FVPN
[04:23:45] [108/459] CMAR
[04:23:46] [109/459] CEIM
[04:23:47] [110/459] CMVA
[04:23:48] [111/459] CPIV
[04:23:49] [112/459] CNPE
[04:23:50] [113/459] COLV
[04:23:50] [114/459] DNNV
[04:23:51] 🔄 Identity reset
[04:23:51] 🔄 Identity rotated (every 10 requests)
[04:23:51] [115/459] HCAD
[04:23:52] [116/459] TAKA
[04:23:54] [117/459] INVD
[04:23:54] [118/459] IRMM
[04:23:55] [119/459] INSE
[04:23:56] [120/459] MRSW
[04:23:57] [121/459] MCVD
[04:23:58] [122/459] MCSO
[04:23:58] [123/459] PEVM
[04:23:59] [124/459] PVNL
[04:24:00] 🔄 Identity reset
[04:24:00] 🔄 Identity rotated (every 10 requests)
[04:24:00] [125/459] PTCV
[04:24:01] [126/459] PRTC
[04:24:02] [127/459] RCVA
[04:24:02] [128/459] MTBN
[04:24:04] [129/459] LUCP
[04:24:05] [130/459] FMPT
[04:24:06] [131/459] JLSL
[04:24:06] [132/459] SBHA
[04:24:07] [133/459] SHRC
[04:24:08] [134/459] AVPS
[04:24:08] 🔄 Identity reset
[04:24:08] 🔄 Identity rotated (every 10 requests)
[04:24:09] [135/459] STPM
[04:24:09] [136/459] ATRD
[04:24:10] [137/459] VTED
[04:24:10] [138/459] ACAI
[04:24:11] [139/459] SMAE
[04:24:12] [140/459] VMAT
[04:24:13] [141/459] LKCT
[04:24:14] [142/459] JTVK
[04:24:14] [143/459] PRTY
[04:24:15] [144/459] GETT
[04:24:16] 🔄 Identity reset
[04:24:16] 🔄 Identity rotated (every 10 requests)
[04:24:16] [145/459] ESAP
[04:24:17] [146/459] NCPM
[04:24:18] [147/459] PCPA
[04:24:19] [148/459] MMOM
[04:24:19] [149/459] PHUP
[04:24:20] [150/459] CCPI
[04:24:21] [151/459] CNTD
[04:24:23] [152/459] NLJR
[04:24:24] [153/459] SRNG
[04:24:24] [154/459] MHAL
[04:24:25] 🔄 Identity reset
[04:24:25] 🔄 Identity rotated (every 10 requests)
[04:24:25] [155/459] PNSM
[04:24:26] [156/459] DRMY
[04:24:27] [157/459] CCMU
[04:24:27] [158/459] SCMY
[04:24:28] [159/459] PVSY
[04:24:29] [160/459] SDLM
[04:24:29] [161/459] ICCM
[04:24:30] [162/459] PYSU
[04:24:31] [163/459] GATM
[04:24:32] [164/459] WOTM
[04:24:32] 🔄 Identity reset
[04:24:32] 🔄 Identity rotated (every 10 requests)
[04:24:33] [165/459] RKTS
[04:24:34] [166/459] PMTY
[04:24:35] [167/459] LYMS
[04:24:36] [168/459] TGCA
[04:24:37] [169/459] DSTA
[04:24:38] [170/459] CNGE
[04:24:38] [171/459] VSTG
[04:24:39] [172/459] GTCK
[04:24:40] [173/459] TGNT
[04:24:41] [174/459] ASLC
[04:24:41] 🔄 Identity reset
[04:24:41] 🔄 Identity rotated (every 10 requests)
[04:24:42] [175/459] SSST
[04:24:43] [176/459] KBTT
[04:24:43] [177/459] HKCP
[04:24:44] [178/459] SWLC
[04:24:45] [179/459] RTND
[04:24:46] [180/459] PKKT
[04:24:47] [181/459] HSTK
[04:24:48] [182/459] SPTT
[04:24:49] [183/459] IMPM
[04:24:49] [184/459] SCMV
[04:24:50] 🔄 Identity reset
[04:24:50] 🔄 Identity rotated (every 10 requests)
[04:24:50] 🔄 Retry 1/5 for SCMV in 2.5s
[04:24:50] 🔄 Identity reset
[04:24:53] 🧠 New identity created
[04:24:53] 🔄 Retry 2/5 for SCMV in 4.7s
[04:24:53] 🔄 Identity reset
[04:24:58] 🧠 New identity created
[04:24:58] [185/459] SPCT
[04:24:58] [186/459] JBCA
[04:25:00] [187/459] ATTR
[04:25:00] [188/459] SPMT
[04:25:01] [189/459] LCTM
[04:25:02] [190/459] SCVL
[04:25:03] [191/459] SCVT
[04:25:04] [192/459] KRIC
[04:25:04] 🔄 Identity reset
[04:25:04] 🔄 Identity rotated (every 10 requests)
[04:25:04] 🔄 Retry 1/5 for KRIC in 2.9s
[04:25:04] 🔄 Identity reset
[04:25:07] 🧠 New identity created
[04:25:08] [193/459] CTMG
[04:25:08] [194/459] ACNC
[04:25:09] [195/459] DMCK
[04:25:10] [196/459] KMTV
[04:25:10] [197/459] PFCJ
[04:25:11] [198/459] VNMD
[04:25:12] [199/459] VPCZ
[04:25:13] [200/459] SRYR
[04:25:14] [201/459] SYTR
[04:25:14] 🔄 Identity reset
[04:25:14] 🔄 Identity rotated (every 10 requests)
[04:25:14] 🔄 Retry 1/5 for SYTR in 2.7s
[04:25:14] 🔄 Identity reset
[04:25:17] 🧠 New identity created
[04:25:17] [202/459] GATR
[04:25:18] [203/459] URTR
[04:25:18] [204/459] MKSM
[04:25:19] [205/459] VSMH
[04:25:20] [206/459] SKRJ
[04:25:21] [207/459] SSJR
[04:25:21] [208/459] SVSM
[04:25:22] [209/459] RUCM
[04:25:23] [210/459] PRKN
[04:25:23] 🔄 Identity reset
[04:25:23] 🔄 Identity rotated (every 10 requests)
[04:25:23] [211/459] RROH
[04:25:24] [212/459] SCTN
[04:25:24] [213/459] RTDM
[04:25:25] [214/459] ASRM
[04:25:26] [215/459] SKMD
[04:25:27] [216/459] SUTD
[04:25:27] [217/459] SADM
[04:25:28] [218/459] WCNR
[04:25:29] [219/459] CNED
[04:25:29] [220/459] MPDB
[04:25:30] 🔄 Identity reset
[04:25:30] 🔄 Identity rotated (every 10 requests)
[04:25:30] [221/459] KTBH
[04:25:31] [222/459] IDRM
[04:25:31] [223/459] PJJT
[04:25:32] [224/459] PFCV
[04:25:33] [225/459] AACT
[04:25:34] [226/459] AAAD
[04:25:34] [227/459] ANES
[04:25:35] [228/459] MNCA
[04:25:35] [229/459] RMGU
[04:25:36] [230/459] DLCN
[04:25:37] 🔄 Identity reset
[04:25:37] 🔄 Identity rotated (every 10 requests)
[04:25:37] [231/459] LJWT
[04:25:37] [232/459] MCBG
[04:25:38] [233/459] MYBG
[04:25:39] [234/459] GCCA
[04:25:39] [235/459] GCGA
[04:25:40] [236/459] ECGN
[04:25:41] [237/459] PRAB
[04:25:41] [238/459] PNMP
[04:25:42] [239/459] GCPT
[04:25:43] [240/459] ROYN
[04:25:43] 🔄 Identity reset
[04:25:43] 🔄 Identity rotated (every 10 requests)
[04:25:43] [241/459] VATM
[04:25:44] [242/459] KSNT
[04:25:45] [243/459] ACTC
[04:25:46] [244/459] PLTD
[04:25:47] [245/459] SKMK
[04:25:47] [246/459] CMTT
[04:25:48] [247/459] SMXP
[04:25:48] [248/459] SCMX
[04:25:49] [249/459] ACXN
[04:25:50] [250/459] ASWT
[04:25:50] 🔄 Identity reset
[04:25:50] 🔄 Identity rotated (every 10 requests)
[04:25:50] [251/459] VVVL
[04:25:51] [252/459] NAGO
[04:25:52] [253/459] SNCN
[04:25:52] [254/459] MCKP
[04:25:53] [255/459] SAMO
[04:25:54] [256/459] JBTV
[04:25:54] [257/459] DCVV
[04:25:55] [258/459] KMSV
[04:25:56] [259/459] KDCN
[04:25:56] [260/459] CNCP
[04:25:57] 🔄 Identity reset
[04:25:57] 🔄 Identity rotated (every 10 requests)
[04:25:57] [261/459] HAMC
[04:25:58] [262/459] CCVZ
[04:25:59] [263/459] NCCK
[04:25:59] [264/459] MCHR
[04:26:00] [265/459] SCHT
[04:26:01] [266/459] ESSH
[04:26:02] [267/459] CUJC
[04:26:03] [268/459] PECP
[04:26:04] [269/459] PMMI
[04:26:04] [270/459] PCCH
[04:26:05] 🔄 Identity reset
[04:26:05] 🔄 Identity rotated (every 10 requests)
[04:26:05] 🔄 Retry 1/5 for PCCH in 2.0s
[04:26:05] 🔄 Identity reset
[04:26:07] 🧠 New identity created
[04:26:07] [271/459] PRPM
[04:26:07] [272/459] PVKL
[04:26:08] [273/459] CBSM
[04:26:09] [274/459] PVCZ
[04:26:09] [275/459] PCVV
[04:26:10] [276/459] CTMJ
[04:26:11] [277/459] RCPS
[04:26:11] [278/459] PCIT
[04:26:12] [279/459] FNCH
[04:26:13] 🔄 Identity reset
[04:26:13] 🔄 Identity rotated (every 10 requests)
[04:26:13] [280/459] INZD
[04:26:13] [281/459] INPC
[04:26:14] [282/459] LCZP
[04:26:15] [283/459] SMCB
[04:26:15] [284/459] PTSB
[04:26:16] [285/459] TPSI
[04:26:17] [286/459] KHMJ
[04:26:17] [287/459] RCCJ
[04:26:18] [288/459] NCJA
[04:26:19] [289/459] NCJN
[04:26:19] 🔄 Identity reset
[04:26:19] 🔄 Identity rotated (every 10 requests)
[04:26:20] [290/459] BTDP
[04:26:20] [291/459] PADY
[04:26:21] [292/459] NYBH
[04:26:21] [293/459] MTBR
[04:26:22] [294/459] KRBC
[04:26:23] [295/459] DKTI
[04:26:23] [296/459] ANAN
[04:26:25] [297/459] INBP
[04:26:26] [298/459] PATB
[04:26:26] [299/459] RGNT
[04:26:27] 🔄 Identity reset
[04:26:27] 🔄 Identity rotated (every 10 requests)
[04:26:27] 🔄 Retry 1/5 for RGNT in 2.4s
[04:26:27] 🔄 Identity reset
[04:26:29] 🧠 New identity created
[04:26:30] [300/459] CGPM
[04:26:30] [301/459] INTN
[04:26:31] [302/459] MCMP
[04:26:32] [303/459] ASRG
[04:26:32] [304/459] CXJD
[04:26:33] [305/459] SPCP
[04:26:34] [306/459] CSTP
[04:26:34] [307/459] PKVC
[04:26:35] [308/459] ESCP
[04:26:36] 🔄 Identity reset
[04:26:36] 🔄 Identity rotated (every 10 requests)
[04:26:36] 🔄 Retry 1/5 for ESCP in 2.3s
[04:26:36] 🔄 Identity reset
[04:26:38] 🧠 New identity created
[04:26:38] [309/459] CAEP
[04:26:39] [310/459] CCSP
[04:26:39] [311/459] KTPC
[04:26:40] [312/459] DACA
[04:26:41] [313/459] NVKY
[04:26:41] [314/459] PTIN
[04:26:42] [315/459] SCIN
[04:26:43] [316/459] MCTY
[04:26:43] [317/459] PCMX
[04:26:44] 🔄 Identity reset
[04:26:44] 🔄 Identity rotated (every 10 requests)
[04:26:44] [318/459] INIC
[04:26:45] [319/459] MMZM
[04:26:45] [320/459] SSLP
[04:26:46] [321/459] DTDT
[04:26:47] [322/459] FFCX
[04:26:47] [323/459] RCMM
[04:26:48] [324/459] KYID
[04:26:49] [325/459] CSCI
[04:26:49] [326/459] FCMC
[04:26:50] [327/459] MMXI
[04:26:50] 🔄 Identity reset
[04:26:50] 🔄 Identity rotated (every 10 requests)
[04:26:51] [328/459] ASTC
[04:26:51] [329/459] CMRA
[04:26:52] [330/459] DICI
[04:26:52] [331/459] KDIN
[04:26:53] [332/459] PRFI
[04:26:53] [333/459] SVFC
[04:26:54] [334/459] UCPL
[04:26:55] [335/459] COOC
[04:26:56] [336/459] SCAL
[04:26:56] [337/459] SVFF
[04:26:57] 🔄 Identity reset
[04:26:57] 🔄 Identity rotated (every 10 requests)
[04:26:57] [338/459] VCMG
[04:26:58] [339/459] UUCT
[04:26:59] [340/459] GCSE
[04:26:59] [341/459] SUSC
[04:27:00] [342/459] MISC
[04:27:01] [343/459] RMBL
[04:27:01] [344/459] CMXN
[04:27:02] [345/459] PVBK
[04:27:03] [346/459] HHCG
[04:27:04] [347/459] SCAG
[04:27:04] 🔄 Identity reset
[04:27:04] 🔄 Identity rotated (every 10 requests)
[04:27:05] 🔄 Retry 1/5 for SCAG in 2.4s
[04:27:05] 🔄 Identity reset
[04:27:07] 🧠 New identity created
[04:27:07] 🔄 Retry 2/5 for SCAG in 4.2s
[04:27:07] 🔄 Identity reset
[04:27:11] 🧠 New identity created
[04:27:11] 🔄 Retry 3/5 for SCAG in 8.0s
[04:27:11] 🔄 Identity reset
[04:27:19] 🧠 New identity created
[04:27:19] 🔄 Retry 4/5 for SCAG in 16.7s
[04:27:19] 🔄 Identity reset
[04:27:36] 🧠 New identity created
[04:27:36] [348/459] CNPR
[04:27:37] [349/459] CSER
[04:27:37] [350/459] HLWD
[04:27:38] [351/459] BOLY
[04:27:39] [352/459] SSPG
[04:27:40] [353/459] MUPX
[04:27:40] 🔄 Identity reset
[04:27:40] 🔄 Identity rotated (every 10 requests)
[04:27:41] [354/459] HAMR
[04:27:41] [355/459] SDNC
[04:27:42] [356/459] RTEN
[04:27:43] [357/459] SDTD
[04:27:43] [358/459] KAWS
[04:27:44] [359/459] CMZX
[04:27:45] [360/459] DCDD
[04:27:46] [361/459] ALSN
[04:27:46] [362/459] IMXS
[04:27:47] [363/459] PVFF
[04:27:48] 🔄 Identity reset
[04:27:48] 🔄 Identity rotated (every 10 requests)
[04:27:48] 🔄 Retry 1/5 for PVFF in 2.7s
[04:27:48] 🔄 Identity reset
[04:27:51] 🧠 New identity created
[04:27:51] [364/459] PVOO
[04:27:51] [365/459] CFBS
[04:27:52] [366/459] PVER
[04:27:53] [367/459] PPNX
[04:27:54] [368/459] CNRM
[04:27:54] [369/459] PVWW
[04:27:55] [370/459] INMB
[04:27:56] [371/459] CPJR
[04:27:56] [372/459] INRZ
[04:27:57] 🔄 Identity reset
[04:27:57] 🔄 Identity rotated (every 10 requests)
[04:27:57] [373/459] PMSR
[04:27:58] [374/459] GPGM
[04:27:58] [375/459] PGWB
[04:27:59] [376/459] PMBR
[04:28:00] [377/459] GPAM
[04:28:00] [378/459] INBC
[04:28:01] [379/459] PZVK
[04:28:02] [380/459] CPEB
[04:28:02] [381/459] FMLB
[04:28:03] [382/459] INBG
[04:28:04] 🔄 Identity reset
[04:28:04] 🔄 Identity rotated (every 10 requests)
[04:28:04] [383/459] GPBR
[04:28:04] [384/459] PAAS
[04:28:05] [385/459] VTBR
[04:28:06] [386/459] GPMY
[04:28:06] [387/459] GYBU
[04:28:07] [388/459] INBJ
[04:28:08] [389/459] LKTH
[04:28:08] [390/459] NSBR
[04:28:09] [391/459] PDRD
[04:28:10] [392/459] VRBL
[04:28:10] 🔄 Identity reset
[04:28:10] 🔄 Identity rotated (every 10 requests)
[04:28:10] [393/459] VTGB
[04:28:11] [394/459] VTSK
[04:28:12] [395/459] BKDV
[04:28:12] [396/459] SVTB
[04:28:13] [397/459] MLDT
[04:28:13] [398/459] NRBL
[04:28:14] [399/459] SLTR
[04:28:15] [400/459] VNKA
[04:28:16] [401/459] TDCA
[04:28:16] [402/459] INBM
[04:28:17] 🔄 Identity reset
[04:28:17] 🔄 Identity rotated (every 10 requests)
[04:28:17] [403/459] SSNR
[04:28:18] [404/459] BHAC
[04:28:18] [405/459] SDSD
[04:28:19] [406/459] SAMP
[04:28:19] [407/459] RATK
[04:28:20] [408/459] KCBI
[04:28:21] [409/459] URBL
[04:28:21] [410/459] MKBG
[04:28:22] [411/459] ASTB
[04:28:23] [412/459] VBWT
[04:28:23] 🔄 Identity reset
[04:28:23] 🔄 Identity rotated (every 10 requests)
[04:28:24] [413/459] GPSM
[04:28:24] [414/459] ROON
[04:28:25] [415/459] CHTH
[04:28:25] [416/459] SSPA
[04:28:26] [417/459] ANBL
[04:28:27] [418/459] VTBE
[04:28:27] [419/459] SVKT
[04:28:28] [420/459] SVYK
[04:28:29] [421/459] PTBK
[04:28:29] [422/459] RKTB
[04:28:30] 🔄 Identity reset
[04:28:30] 🔄 Identity rotated (every 10 requests)
[04:28:30] [423/459] BALT
[04:28:31] [424/459] STSV
[04:28:32] [425/459] VCCB
[04:28:32] [426/459] SLTB
[04:28:33] [427/459] SBCR
[04:28:33] [428/459] VDCS
[04:28:34] [429/459] MDKI
[04:28:35] [430/459] SMRN
[04:28:35] [431/459] PTBC
[04:28:36] [432/459] RADI
[04:28:36] 🔄 Identity reset
[04:28:36] 🔄 Identity rotated (every 10 requests)
[04:28:37] [433/459] ADCR
[04:28:37] [434/459] SDCS
[04:28:38] [435/459] SRPJ
[04:28:38] [436/459] ARTS
[04:28:39] [437/459] SRHK
[04:28:40] [438/459] SPAY
[04:28:40] [439/459] GPTB
[04:28:41] [440/459] SNNN
[04:28:41] [441/459] BALJ
[04:28:42] [442/459] TRIG
[04:28:43] 🔄 Identity reset
[04:28:43] 🔄 Identity rotated (every 10 requests)
[04:28:43] [443/459] GTYT
[04:28:43] [444/459] ATGN
[04:28:44] [445/459] ANTE
[04:28:45] [446/459] BDCG
[04:28:45] [447/459] VECI
[04:28:46] [448/459] SCPR
[04:28:47] [449/459] RTEA
[04:28:47] [450/459] JSAI
[04:28:48] [451/459] VJTP
[04:28:48] [452/459] GNDS
[04:28:49] 🔄 Identity reset
[04:28:49] 🔄 Identity rotated (every 10 requests)
[04:28:49] [453/459] PAXA
[04:28:50] [454/459] CGGM
[04:28:50] [455/459] ACKZ
[04:28:51] [456/459] EMCC
[04:28:52] [457/459] KLSK
[04:28:52] [458/459] AVCK
[04:28:53] [459/459] JTCK
[04:28:53] 🧹 Deduping shows
[04:28:53] ✅ DONE | Shows=1154 | Movies=41
