[17:17:22] 🚀 SCRIPT STARTED (enhanced anti‑detection)
[17:17:22] [1/326] VCHA
[17:17:23] 🧠 New identity created
[17:17:24] [2/326] SCKO
[17:17:24] [3/326] VKTK
[17:17:25] [4/326] DXEC
[17:17:26] [5/326] CDCA
[17:17:27] [6/326] VBCZ
[17:17:28] [7/326] MSDR
[17:17:29] [8/326] ACPV
[17:17:30] [9/326] PVHB
[17:17:30] [10/326] RCNH
[17:17:31] 🔄 Identity reset
[17:17:31] 🔄 Identity rotated (every 10 requests)
[17:17:31] [11/326] IOMH
[17:17:32] [12/326] ILKS
[17:17:33] [13/326] AMSN
[17:17:34] [14/326] ANTP
[17:17:35] [15/326] SSEK
[17:17:35] [16/326] PICP
[17:17:36] [17/326] SICO
[17:17:37] [18/326] SISP
[17:17:38] [19/326] SCPI
[17:17:40] [20/326] CRPR
[17:17:40] 🔄 Identity reset
[17:17:40] 🔄 Identity rotated (every 10 requests)
[17:17:41] [21/326] DCTW
[17:17:42] [22/326] DCSP
[17:17:43] [23/326] KRPM
[17:17:44] [24/326] THKK
[17:17:45] [25/326] SNMY
[17:17:46] [26/326] AKCC
[17:17:48] [27/326] PCAT
[17:17:49] [28/326] RFGO
[17:17:49] [29/326] GGCS
[17:17:50] [30/326] ACKR
[17:17:51] 🔄 Identity reset
[17:17:51] 🔄 Identity rotated (every 10 requests)
[17:17:51] [31/326] STDO
[17:17:53] [32/326] ACKB
[17:17:53] [33/326] ALUC
[17:17:54] [34/326] MNSR
[17:17:55] [35/326] CSSL
[17:17:56] [36/326] BGGM
[17:17:56] [37/326] MANT
[17:17:57] [38/326] SOOY
[17:17:58] [39/326] VPPK
[17:17:59] [40/326] MYHJ
[17:18:00] 🔄 Identity reset
[17:18:00] 🔄 Identity rotated (every 10 requests)
[17:18:00] [41/326] KSCK
[17:18:01] [42/326] KATK
[17:18:02] [43/326] RTRT
[17:18:03] [44/326] SSTT
[17:18:04] [45/326] SSTV
[17:18:05] [46/326] LACM
[17:18:06] [47/326] SGMG
[17:18:07] [48/326] KACX
[17:18:08] [49/326] GVCP
[17:18:09] [50/326] CSNC
[17:18:10] 🔄 Identity reset
[17:18:10] 🔄 Identity rotated (every 10 requests)
[17:18:10] [51/326] SXCB
[17:18:11] [52/326] BAHS
[17:18:12] [53/326] PCBI
[17:18:13] [54/326] PSSM
[17:18:14] [55/326] RCOK
[17:18:15] [56/326] SCPF
[17:18:15] [57/326] SSAS
[17:18:17] [58/326] EVMM
[17:18:18] [59/326] SYCB
[17:18:18] [60/326] GCKI
[17:18:19] 🔄 Identity reset
[17:18:19] 🔄 Identity rotated (every 10 requests)
[17:18:20] [61/326] IAET
[17:18:21] [62/326] DDTD
[17:18:22] [63/326] GMDH
[17:18:23] [64/326] STLE
[17:18:23] [65/326] JTRA
[17:18:24] [66/326] RPPA
[17:18:25] [67/326] ARUT
[17:18:26] [68/326] JTVM
[17:18:28] [69/326] SWRH
[17:18:28] [70/326] DCPC
[17:18:29] 🔄 Identity reset
[17:18:29] 🔄 Identity rotated (every 10 requests)
[17:18:29] [71/326] RAPR
[17:18:30] [72/326] GCRT
[17:18:31] [73/326] ATUN
[17:18:32] [74/326] LTRM
[17:18:34] [75/326] TASR
[17:18:34] [76/326] RLLC
[17:18:36] [77/326] MABI
[17:18:37] [78/326] SVHB
[17:18:37] [79/326] NVTB
[17:18:39] [80/326] KCKG
[17:18:40] 🔄 Identity reset
[17:18:40] 🔄 Identity rotated (every 10 requests)
[17:18:40] [81/326] SSRN
[17:18:41] [82/326] VDDC
[17:18:42] [83/326] GKTK
[17:18:43] [84/326] YFSN
[17:18:43] [85/326] GCSG
[17:18:44] [86/326] ESSM
[17:18:45] [87/326] KRIH
[17:18:46] [88/326] GCDS
[17:18:47] [89/326] CCSH
[17:18:48] [90/326] ACSK
[17:18:48] 🔄 Identity reset
[17:18:48] 🔄 Identity rotated (every 10 requests)
[17:18:49] [91/326] APRK
[17:18:50] [92/326] ADKM
[17:18:50] [93/326] SRDM
[17:18:52] [94/326] SJMY
[17:18:53] [95/326] PGGC
[17:18:54] [96/326] INGM
[17:18:54] [97/326] LSCB
[17:18:55] [98/326] STAD
[17:18:57] [99/326] MCCR
[17:18:58] [100/326] ABCC
[17:18:58] 🔄 Identity reset
[17:18:58] 🔄 Identity rotated (every 10 requests)
[17:18:58] 🔄 Retry 1/5 for ABCC in 2.4s
[17:18:58] 🔄 Identity reset
[17:19:01] 🧠 New identity created
[17:19:01] [101/326] RKCC
[17:19:02] [102/326] RTCR
[17:19:03] [103/326] GGBC
[17:19:04] [104/326] GCSD
[17:19:04] [105/326] LPTY
[17:19:06] [106/326] MCFD
[17:19:07] [107/326] HENN
[17:19:08] [108/326] SMKU
[17:19:08] [109/326] TNZC
[17:19:09] 🔄 Identity reset
[17:19:09] 🔄 Identity rotated (every 10 requests)
[17:19:09] [110/326] DRCD
[17:19:10] [111/326] DLCD
[17:19:11] [112/326] RCDA
[17:19:12] [113/326] COSM
[17:19:13] [114/326] MCMJ
[17:19:14] [115/326] CSTR
[17:19:15] [116/326] CVDK
[17:19:16] [117/326] INRR
[17:19:17] [118/326] RJRT
[17:19:18] [119/326] IRMR
[17:19:19] 🔄 Identity reset
[17:19:19] 🔄 Identity rotated (every 10 requests)
[17:19:19] [120/326] SRCF
[17:19:20] [121/326] GRCR
[17:19:21] [122/326] SURC
[17:19:22] [123/326] NMNH
[17:19:23] [124/326] SVBL
[17:19:25] [125/326] KACI
[17:19:26] [126/326] TDGO
[17:19:27] [127/326] KTBR
[17:19:27] [128/326] PMAD
[17:19:28] [129/326] CCPN
[17:19:29] 🔄 Identity reset
[17:19:29] 🔄 Identity rotated (every 10 requests)
[17:19:29] [130/326] SBTK
[17:19:30] [131/326] LMDK
[17:19:31] [132/326] PGDA
[17:19:32] [133/326] SRML
[17:19:33] [134/326] EVCK
[17:19:34] [135/326] RTTK
[17:19:35] [136/326] SRTU
[17:19:36] [137/326] VRSA
[17:19:38] [138/326] VARS
[17:19:39] [139/326] DSCZ
[17:19:39] 🔄 Identity reset
[17:19:39] 🔄 Identity rotated (every 10 requests)
[17:19:40] [140/326] GAGA
[17:19:42] [141/326] SARV
[17:19:42] [142/326] SEEG
[17:19:44] [143/326] GLCA
[17:19:45] [144/326] APAS
[17:19:46] [145/326] VCIA
[17:19:47] [146/326] SJTA
[17:19:47] [147/326] SABM
[17:19:48] [148/326] PPAG
[17:19:50] [149/326] RVCA
[17:19:50] 🔄 Identity reset
[17:19:50] 🔄 Identity rotated (every 10 requests)
[17:19:51] [150/326] CCIA
[17:19:52] [151/326] HTAG
[17:19:53] [152/326] SMBI
[17:19:55] [153/326] MCJR
[17:19:56] [154/326] CCJR
[17:19:57] [155/326] SINF
[17:19:58] [156/326] CPLX
[17:19:59] [157/326] KKTJ
[17:20:00] [158/326] GDBW
[17:20:02] [159/326] CSUB
[17:20:03] 🔄 Identity reset
[17:20:03] 🔄 Identity rotated (every 10 requests)
[17:20:03] [160/326] DABA
[17:20:04] [161/326] TITR
[17:20:05] [162/326] NYCR
[17:20:05] [163/326] RTRY
[17:20:06] [164/326] JTJL
[17:20:07] [165/326] SJCP
[17:20:09] [166/326] KCCA
[17:20:10] [167/326] MLPG
[17:20:11] [168/326] VRCK
[17:20:12] [169/326] SRIN
[17:20:13] 🔄 Identity reset
[17:20:13] 🔄 Identity rotated (every 10 requests)
[17:20:13] [170/326] CXMK
[17:20:14] [171/326] SKAD
[17:20:16] [172/326] AVTR
[17:20:17] [173/326] PTAJ
[17:20:19] [174/326] SCNK
[17:20:20] [175/326] STTI
[17:20:22] [176/326] KACR
[17:20:23] [177/326] SSDX
[17:20:24] [178/326] VRTJ
[17:20:25] [179/326] RAJD
[17:20:26] 🔄 Identity reset
[17:20:26] 🔄 Identity rotated (every 10 requests)
[17:20:27] [180/326] SCIP
[17:20:28] [181/326] RJSL
[17:20:29] [182/326] ARRS
[17:20:29] [183/326] ASMS
[17:20:30] [184/326] RDTS
[17:20:31] [185/326] DVMY
[17:20:32] [186/326] RASA
[17:20:33] [187/326] INOM
[17:20:35] [188/326] SPRS
[17:20:36] [189/326] SGCS
[17:20:36] 🔄 Identity reset
[17:20:36] 🔄 Identity rotated (every 10 requests)
[17:20:36] 🔄 Retry 1/5 for SGCS in 2.2s
[17:20:36] 🔄 Identity reset
[17:20:38] 🧠 New identity created
[17:20:39] [190/326] SALM
[17:20:40] [191/326] PKHC
[17:20:41] [192/326] RCSV
[17:20:41] [193/326] CPKC
[17:20:42] [194/326] AACD
[17:20:43] [195/326] GGCV
[17:20:44] [196/326] SMKD
[17:20:45] [197/326] NBCH
[17:20:46] [198/326] AMCB
[17:20:47] 🔄 Identity reset
[17:20:47] 🔄 Identity rotated (every 10 requests)
[17:20:47] [199/326] OPCN
[17:20:48] [200/326] DCIN
[17:20:49] [201/326] INGW
[17:20:50] [202/326] PKKW
[17:20:50] [203/326] FNGW
[17:20:51] [204/326] GCGD
[17:20:52] [205/326] MSTW
[17:20:53] [206/326] KCCG
[17:20:54] [207/326] MRSS
[17:20:55] [208/326] CLCF
[17:20:55] 🔄 Identity reset
[17:20:55] 🔄 Identity rotated (every 10 requests)
[17:20:56] [209/326] EETS
[17:20:57] [210/326] AATR
[17:20:58] [211/326] CMMN
[17:21:00] [212/326] SCCJ
[17:21:01] [213/326] CDTK
[17:21:02] [214/326] AICP
[17:21:03] [215/326] FNBP
[17:21:04] [216/326] CBPB
[17:21:05] [217/326] CPAS
[17:21:06] [218/326] MAPM
[17:21:06] 🔄 Identity reset
[17:21:06] 🔄 Identity rotated (every 10 requests)
[17:21:07] [219/326] PASD
[17:21:09] [220/326] JCMN
[17:21:09] [221/326] MALB
[17:21:11] [222/326] SACG
[17:21:13] [223/326] DDRX
[17:21:13] [224/326] DDXB
[17:21:14] [225/326] RAMC
[17:21:15] [226/326] SANC
[17:21:16] [227/326] BCBP
[17:21:17] [228/326] ALPC
[17:21:18] 🔄 Identity reset
[17:21:18] 🔄 Identity rotated (every 10 requests)
[17:21:18] [229/326] RBAC
[17:21:19] [230/326] RAJL
[17:21:20] [231/326] MPDX
[17:21:21] [232/326] MUSC
[17:21:23] [233/326] VKMK
[17:21:24] [234/326] SKCG
[17:21:25] [235/326] ANCN
[17:21:26] [236/326] MMCJ
[17:21:27] [237/326] DCAK
[17:21:28] [238/326] SCKG
[17:21:28] 🔄 Identity reset
[17:21:28] 🔄 Identity rotated (every 10 requests)
[17:21:29] [239/326] LMCK
[17:21:30] [240/326] CKKX
[17:21:31] [241/326] ANKU
[17:21:33] [242/326] CSMD
[17:21:33] [243/326] MKMP
[17:21:34] [244/326] SVBG
[17:21:36] [245/326] ROOP
[17:21:37] [246/326] GDMT
[17:21:38] [247/326] FPPF
[17:21:39] [248/326] SFUU
[17:21:39] 🔄 Identity reset
[17:21:39] 🔄 Identity rotated (every 10 requests)
[17:21:40] [249/326] ANCB
[17:21:41] [250/326] SMMC
[17:21:42] [251/326] UGKT
[17:21:43] [252/326] JVRM
[17:21:43] [253/326] BATG
[17:21:44] [254/326] RATE
[17:21:45] [255/326] SKME
[17:21:46] [256/326] LMTP
[17:21:48] [257/326] TCBD
[17:21:50] [258/326] ESBD
[17:21:50] 🔄 Identity reset
[17:21:50] 🔄 Identity rotated (every 10 requests)
[17:21:51] [259/326] GDCU
[17:21:52] [260/326] SNKT
[17:21:53] [261/326] SRNK
[17:21:54] [262/326] SMED
[17:21:55] [263/326] CSQS
[17:21:56] [264/326] ALCS
[17:21:57] [265/326] KCKN
[17:21:58] [266/326] VCCL
[17:21:59] [267/326] MCDA
[17:22:00] [268/326] SHMI
[17:22:01] 🔄 Identity reset
[17:22:01] 🔄 Identity rotated (every 10 requests)
[17:22:01] 🔄 Retry 1/5 for SHMI in 2.8s
[17:22:01] 🔄 Identity reset
[17:22:03] 🧠 New identity created
[17:22:03] 🔄 Retry 2/5 for SHMI in 4.8s
[17:22:03] 🔄 Identity reset
[17:22:08] 🧠 New identity created
[17:22:09] [269/326] SKHA
[17:22:09] [270/326] SVFK
[17:22:10] [271/326] INVB
[17:22:12] [272/326] MELD
[17:22:13] [273/326] JTYS
[17:22:15] [274/326] INCM
[17:22:16] [275/326] MCDV
[17:22:16] [276/326] KSGK
[17:22:17] 🔄 Identity reset
[17:22:17] 🔄 Identity rotated (every 10 requests)
[17:22:17] 🔄 Retry 1/5 for KSGK in 2.7s
[17:22:17] 🔄 Identity reset
[17:22:20] 🧠 New identity created
[17:22:21] [277/326] ICMG
[17:22:22] [278/326] CSCV
[17:22:23] [279/326] STMD
[17:22:24] [280/326] STTR
[17:22:25] [281/326] INVC
[17:22:26] [282/326] JTBL
[17:22:28] [283/326] SRVV
[17:22:29] [284/326] MAVC
[17:22:29] [285/326] SRPP
[17:22:30] 🔄 Identity reset
[17:22:30] 🔄 Identity rotated (every 10 requests)
[17:22:30] [286/326] JGDM
[17:22:31] [287/326] MBSJ
[17:22:32] [288/326] SSLL
[17:22:33] [289/326] SLKP
[17:22:34] [290/326] NSRV
[17:22:35] [291/326] UTDV
[17:22:36] [292/326] KICM
[17:22:37] [293/326] KCMD
[17:22:37] [294/326] TTPP
[17:22:39] [295/326] KMPV
[17:22:39] 🔄 Identity reset
[17:22:39] 🔄 Identity rotated (every 10 requests)
[17:22:40] [296/326] SKTV
[17:22:41] [297/326] STCV
[17:22:42] [298/326] SRDA
[17:22:43] [299/326] JTSX
[17:22:44] [300/326] STBV
[17:22:45] [301/326] APVZ
[17:22:46] [302/326] GSTV
[17:22:46] [303/326] NMVS
[17:22:48] [304/326] SKRT
[17:22:49] [305/326] RMDV
[17:22:50] 🔄 Identity reset
[17:22:50] 🔄 Identity rotated (every 10 requests)
[17:22:50] [306/326] RATG
[17:22:51] [307/326] SJYV
[17:22:52] [308/326] NDGP
[17:22:53] [309/326] SNDG
[17:22:54] [310/326] INSR
[17:22:55] [311/326] INSO
[17:22:56] [312/326] CCSI
[17:22:56] [313/326] RASM
[17:22:57] [314/326] NEWC
[17:22:58] [315/326] VSHL
[17:22:59] 🔄 Identity reset
[17:22:59] 🔄 Identity rotated (every 10 requests)
[17:22:59] 🔄 Retry 1/5 for VSHL in 2.5s
[17:22:59] 🔄 Identity reset
[17:23:01] 🧠 New identity created
[17:23:01] [316/326] BISW
[17:23:02] [317/326] GCNG
[17:23:03] [318/326] CWSC
[17:23:04] [319/326] SKAN
[17:23:06] [320/326] CCOA
[17:23:07] [321/326] MCAJ
[17:23:07] [322/326] ACDE
[17:23:09] [323/326] AACM
[17:23:10] [324/326] JJCK
[17:23:10] 🔄 Identity reset
[17:23:10] 🔄 Identity rotated (every 10 requests)
[17:23:11] [325/326] RCMO
[17:23:13] [326/326] GDAW
[17:23:13] 🧹 Deduping shows
[17:23:13] ✅ DONE | Shows=399 | Movies=23
[23:35:55] 🚀 SCRIPT STARTED (enhanced anti‑detection)
[23:35:55] [1/326] VCHA
[23:35:56] 🧠 New identity created
[23:35:57] [2/326] SCKO
[23:35:58] [3/326] VKTK
[23:35:59] [4/326] DXEC
[23:35:59] [5/326] CDCA
[23:36:01] [6/326] VBCZ
[23:36:02] [7/326] MSDR
[23:36:03] [8/326] ACPV
[23:36:04] [9/326] PVHB
[23:36:05] [10/326] RCNH
[23:36:05] 🔄 Identity reset
[23:36:05] 🔄 Identity rotated (every 10 requests)
[23:36:06] [11/326] IOMH
[23:36:07] [12/326] ILKS
[23:36:08] [13/326] AMSN
[23:36:09] [14/326] ANTP
[23:36:10] [15/326] SSEK
[23:36:11] [16/326] PICP
[23:36:12] [17/326] SICO
[23:36:13] [18/326] SISP
[23:36:14] [19/326] SCPI
[23:36:14] [20/326] CRPR
[23:36:15] 🔄 Identity reset
[23:36:15] 🔄 Identity rotated (every 10 requests)
[23:36:15] [21/326] DCTW
[23:36:16] [22/326] DCSP
[23:36:17] [23/326] KRPM
[23:36:18] [24/326] THKK
[23:36:19] [25/326] SNMY
[23:36:19] [26/326] AKCC
[23:36:20] [27/326] PCAT
[23:36:21] [28/326] RFGO
[23:36:22] [29/326] GGCS
[23:36:23] [30/326] ACKR
[23:36:23] 🔄 Identity reset
[23:36:23] 🔄 Identity rotated (every 10 requests)
[23:36:24] [31/326] STDO
[23:36:24] [32/326] ACKB
[23:36:26] [33/326] ALUC
[23:36:28] [34/326] MNSR
[23:36:28] [35/326] CSSL
[23:36:29] [36/326] BGGM
[23:36:30] [37/326] MANT
[23:36:31] [38/326] SOOY
[23:36:33] [39/326] VPPK
[23:36:34] [40/326] MYHJ
[23:36:34] 🔄 Identity reset
[23:36:34] 🔄 Identity rotated (every 10 requests)
[23:36:36] [41/326] KSCK
[23:36:37] [42/326] KATK
[23:36:37] [43/326] RTRT
[23:36:38] [44/326] SSTT
[23:36:39] [45/326] SSTV
[23:36:40] [46/326] LACM
[23:36:41] [47/326] SGMG
[23:36:42] [48/326] KACX
[23:36:43] [49/326] GVCP
[23:36:44] [50/326] CSNC
[23:36:44] 🔄 Identity reset
[23:36:44] 🔄 Identity rotated (every 10 requests)
[23:36:45] [51/326] SXCB
[23:36:46] [52/326] BAHS
[23:36:46] [53/326] PCBI
[23:36:47] [54/326] PSSM
[23:36:48] [55/326] RCOK
[23:36:49] [56/326] SCPF
[23:36:50] [57/326] SSAS
[23:36:50] [58/326] EVMM
[23:36:51] [59/326] SYCB
[23:36:52] [60/326] GCKI
[23:36:53] 🔄 Identity reset
[23:36:53] 🔄 Identity rotated (every 10 requests)
[23:36:54] [61/326] IAET
[23:36:55] [62/326] DDTD
[23:36:56] [63/326] GMDH
[23:36:57] [64/326] STLE
[23:36:58] [65/326] JTRA
[23:36:59] [66/326] RPPA
[23:36:59] [67/326] ARUT
[23:37:00] [68/326] JTVM
[23:37:01] [69/326] SWRH
[23:37:02] [70/326] DCPC
[23:37:03] 🔄 Identity reset
[23:37:03] 🔄 Identity rotated (every 10 requests)
[23:37:03] [71/326] RAPR
[23:37:05] [72/326] GCRT
[23:37:05] [73/326] ATUN
[23:37:07] [74/326] LTRM
[23:37:08] [75/326] TASR
[23:37:09] [76/326] RLLC
[23:37:10] [77/326] MABI
[23:37:10] [78/326] SVHB
[23:37:11] [79/326] NVTB
[23:37:13] [80/326] KCKG
[23:37:14] 🔄 Identity reset
[23:37:14] 🔄 Identity rotated (every 10 requests)
[23:37:14] [81/326] SSRN
[23:37:15] [82/326] VDDC
[23:37:16] [83/326] GKTK
[23:37:17] [84/326] YFSN
[23:37:18] [85/326] GCSG
[23:37:19] [86/326] ESSM
[23:37:20] [87/326] KRIH
[23:37:21] [88/326] GCDS
[23:37:22] [89/326] CCSH
[23:37:23] [90/326] ACSK
[23:37:24] 🔄 Identity reset
[23:37:24] 🔄 Identity rotated (every 10 requests)
[23:37:24] [91/326] APRK
[23:37:25] [92/326] ADKM
[23:37:26] [93/326] SRDM
[23:37:27] [94/326] SJMY
[23:37:28] [95/326] PGGC
[23:37:29] [96/326] INGM
[23:37:30] [97/326] LSCB
[23:37:31] [98/326] STAD
[23:37:32] [99/326] MCCR
[23:37:33] [100/326] ABCC
[23:37:33] 🔄 Identity reset
[23:37:33] 🔄 Identity rotated (every 10 requests)
[23:37:34] [101/326] RKCC
[23:37:35] [102/326] RTCR
[23:37:35] [103/326] GGBC
[23:37:36] [104/326] GCSD
[23:37:37] [105/326] LPTY
[23:37:38] [106/326] MCFD
[23:37:39] [107/326] HENN
[23:37:40] [108/326] SMKU
[23:37:41] [109/326] TNZC
[23:37:42] [110/326] DRCD
[23:37:42] 🔄 Identity reset
[23:37:42] 🔄 Identity rotated (every 10 requests)
[23:37:42] [111/326] DLCD
[23:37:43] [112/326] RCDA
[23:37:44] [113/326] COSM
[23:37:45] [114/326] MCMJ
[23:37:46] [115/326] CSTR
[23:37:47] [116/326] CVDK
[23:37:48] [117/326] INRR
[23:37:48] [118/326] RJRT
[23:37:49] [119/326] IRMR
[23:37:50] [120/326] SRCF
[23:37:51] 🔄 Identity reset
[23:37:51] 🔄 Identity rotated (every 10 requests)
[23:37:51] [121/326] GRCR
[23:37:52] [122/326] SURC
[23:37:53] [123/326] NMNH
[23:37:54] [124/326] SVBL
[23:37:54] [125/326] KACI
[23:37:56] [126/326] TDGO
[23:37:57] [127/326] KTBR
[23:37:58] [128/326] PMAD
[23:37:58] [129/326] CCPN
[23:37:59] [130/326] SBTK
[23:38:00] 🔄 Identity reset
[23:38:00] 🔄 Identity rotated (every 10 requests)
[23:38:01] [131/326] LMDK
[23:38:02] [132/326] PGDA
[23:38:02] [133/326] SRML
[23:38:03] [134/326] EVCK
[23:38:05] [135/326] RTTK
[23:38:05] [136/326] SRTU
[23:38:06] [137/326] VRSA
[23:38:07] [138/326] VARS
[23:38:08] [139/326] DSCZ
[23:38:09] [140/326] GAGA
[23:38:10] 🔄 Identity reset
[23:38:10] 🔄 Identity rotated (every 10 requests)
[23:38:10] [141/326] SARV
[23:38:11] [142/326] SEEG
[23:38:13] [143/326] GLCA
[23:38:14] [144/326] APAS
[23:38:15] [145/326] VCIA
[23:38:16] [146/326] SJTA
[23:38:17] [147/326] SABM
[23:38:18] [148/326] PPAG
[23:38:18] [149/326] RVCA
[23:38:19] [150/326] CCIA
[23:38:20] 🔄 Identity reset
[23:38:20] 🔄 Identity rotated (every 10 requests)
[23:38:20] [151/326] HTAG
[23:38:22] [152/326] SMBI
[23:38:23] [153/326] MCJR
[23:38:24] [154/326] CCJR
[23:38:25] [155/326] SINF
[23:38:26] [156/326] CPLX
[23:38:26] [157/326] KKTJ
[23:38:27] [158/326] GDBW
[23:38:29] [159/326] CSUB
[23:38:30] [160/326] DABA
[23:38:30] 🔄 Identity reset
[23:38:30] 🔄 Identity rotated (every 10 requests)
[23:38:31] [161/326] TITR
[23:38:31] [162/326] NYCR
[23:38:32] [163/326] RTRY
[23:38:33] [164/326] JTJL
[23:38:34] [165/326] SJCP
[23:38:35] [166/326] KCCA
[23:38:36] [167/326] MLPG
[23:38:37] [168/326] VRCK
[23:38:38] [169/326] SRIN
[23:38:39] [170/326] CXMK
[23:38:39] 🔄 Identity reset
[23:38:39] 🔄 Identity rotated (every 10 requests)
[23:38:40] [171/326] SKAD
[23:38:40] [172/326] AVTR
[23:38:41] [173/326] PTAJ
[23:38:42] [174/326] SCNK
[23:38:43] [175/326] STTI
[23:38:44] [176/326] KACR
[23:38:45] [177/326] SSDX
[23:38:46] [178/326] VRTJ
[23:38:47] [179/326] RAJD
[23:38:48] [180/326] SCIP
[23:38:49] 🔄 Identity reset
[23:38:49] 🔄 Identity rotated (every 10 requests)
[23:38:49] [181/326] RJSL
[23:38:51] [182/326] ARRS
[23:38:52] [183/326] ASMS
[23:38:53] [184/326] RDTS
[23:38:55] [185/326] DVMY
[23:38:55] [186/326] RASA
[23:38:56] [187/326] INOM
[23:38:57] [188/326] SPRS
[23:38:58] [189/326] SGCS
[23:39:00] [190/326] SALM
[23:39:00] 🔄 Identity reset
[23:39:00] 🔄 Identity rotated (every 10 requests)
[23:39:01] [191/326] PKHC
[23:39:02] [192/326] RCSV
[23:39:03] [193/326] CPKC
[23:39:04] [194/326] AACD
[23:39:05] [195/326] GGCV
[23:39:06] [196/326] SMKD
[23:39:07] [197/326] NBCH
[23:39:08] [198/326] AMCB
[23:39:08] [199/326] OPCN
[23:39:09] [200/326] DCIN
[23:39:10] 🔄 Identity reset
[23:39:10] 🔄 Identity rotated (every 10 requests)
[23:39:10] [201/326] INGW
[23:39:11] [202/326] PKKW
[23:39:12] [203/326] FNGW
[23:39:13] [204/326] GCGD
[23:39:13] [205/326] MSTW
[23:39:14] [206/326] KCCG
[23:39:15] [207/326] MRSS
[23:39:16] [208/326] CLCF
[23:39:17] [209/326] EETS
[23:39:17] [210/326] AATR
[23:39:18] 🔄 Identity reset
[23:39:18] 🔄 Identity rotated (every 10 requests)
[23:39:18] [211/326] CMMN
[23:39:19] [212/326] SCCJ
[23:39:20] [213/326] CDTK
[23:39:21] [214/326] AICP
[23:39:22] [215/326] FNBP
[23:39:22] [216/326] CBPB
[23:39:23] [217/326] CPAS
[23:39:24] [218/326] MAPM
[23:39:25] [219/326] PASD
[23:39:26] [220/326] JCMN
[23:39:27] 🔄 Identity reset
[23:39:27] 🔄 Identity rotated (every 10 requests)
[23:39:27] [221/326] MALB
[23:39:28] [222/326] SACG
[23:39:29] [223/326] DDRX
[23:39:30] [224/326] DDXB
[23:39:31] [225/326] RAMC
[23:39:32] [226/326] SANC
[23:39:32] [227/326] BCBP
[23:39:33] [228/326] ALPC
[23:39:34] [229/326] RBAC
[23:39:35] [230/326] RAJL
[23:39:36] 🔄 Identity reset
[23:39:36] 🔄 Identity rotated (every 10 requests)
[23:39:36] [231/326] MPDX
[23:39:37] [232/326] MUSC
[23:39:38] [233/326] VKMK
[23:39:39] [234/326] SKCG
[23:39:40] [235/326] ANCN
[23:39:41] [236/326] MMCJ
[23:39:42] [237/326] DCAK
[23:39:42] [238/326] SCKG
[23:39:43] [239/326] LMCK
[23:39:44] [240/326] CKKX
[23:39:45] 🔄 Identity reset
[23:39:45] 🔄 Identity rotated (every 10 requests)
[23:39:45] [241/326] ANKU
[23:39:47] [242/326] CSMD
[23:39:48] [243/326] MKMP
[23:39:49] [244/326] SVBG
[23:39:50] [245/326] ROOP
[23:39:51] [246/326] GDMT
[23:39:52] [247/326] FPPF
[23:39:53] [248/326] SFUU
[23:39:55] [249/326] ANCB
[23:39:56] [250/326] SMMC
[23:39:56] 🔄 Identity reset
[23:39:56] 🔄 Identity rotated (every 10 requests)
[23:39:57] [251/326] UGKT
[23:39:57] [252/326] JVRM
[23:39:58] [253/326] BATG
[23:39:59] [254/326] RATE
[23:40:00] [255/326] SKME
[23:40:02] [256/326] LMTP
[23:40:02] [257/326] TCBD
[23:40:03] [258/326] ESBD
[23:40:04] [259/326] GDCU
[23:40:05] [260/326] SNKT
[23:40:06] 🔄 Identity reset
[23:40:06] 🔄 Identity rotated (every 10 requests)
[23:40:06] [261/326] SRNK
[23:40:07] [262/326] SMED
[23:40:08] [263/326] CSQS
[23:40:09] [264/326] ALCS
[23:40:10] [265/326] KCKN
[23:40:11] [266/326] VCCL
[23:40:13] [267/326] MCDA
[23:40:14] [268/326] SHMI
[23:40:15] [269/326] SKHA
[23:40:16] [270/326] SVFK
[23:40:16] 🔄 Identity reset
[23:40:16] 🔄 Identity rotated (every 10 requests)
[23:40:17] [271/326] INVB
[23:40:18] [272/326] MELD
[23:40:18] [273/326] JTYS
[23:40:19] [274/326] INCM
[23:40:20] [275/326] MCDV
[23:40:21] [276/326] KSGK
[23:40:22] [277/326] ICMG
[23:40:23] [278/326] CSCV
[23:40:24] [279/326] STMD
[23:40:24] [280/326] STTR
[23:40:25] 🔄 Identity reset
[23:40:25] 🔄 Identity rotated (every 10 requests)
[23:40:25] [281/326] INVC
[23:40:26] [282/326] JTBL
[23:40:27] [283/326] SRVV
[23:40:28] [284/326] MAVC
[23:40:29] [285/326] SRPP
[23:40:30] [286/326] JGDM
[23:40:31] [287/326] MBSJ
[23:40:32] [288/326] SSLL
[23:40:33] [289/326] SLKP
[23:40:34] [290/326] NSRV
[23:40:34] 🔄 Identity reset
[23:40:34] 🔄 Identity rotated (every 10 requests)
[23:40:34] [291/326] UTDV
[23:40:35] [292/326] KICM
[23:40:37] [293/326] KCMD
[23:40:38] [294/326] TTPP
[23:40:39] [295/326] KMPV
[23:40:40] [296/326] SKTV
[23:40:41] [297/326] STCV
[23:40:42] [298/326] SRDA
[23:40:43] [299/326] JTSX
[23:40:44] [300/326] STBV
[23:40:44] 🔄 Identity reset
[23:40:44] 🔄 Identity rotated (every 10 requests)
[23:40:44] [301/326] APVZ
[23:40:45] [302/326] GSTV
[23:40:46] [303/326] NMVS
[23:40:47] [304/326] SKRT
[23:40:48] [305/326] RMDV
[23:40:48] [306/326] RATG
[23:40:49] [307/326] SJYV
[23:40:51] [308/326] NDGP
[23:40:52] [309/326] SNDG
[23:40:54] [310/326] INSR
[23:40:54] 🔄 Identity reset
[23:40:54] 🔄 Identity rotated (every 10 requests)
[23:40:55] [311/326] INSO
[23:40:55] [312/326] CCSI
[23:40:56] [313/326] RASM
[23:40:57] [314/326] NEWC
[23:40:59] [315/326] VSHL
[23:40:59] [316/326] BISW
[23:41:00] [317/326] GCNG
[23:41:01] [318/326] CWSC
[23:41:02] [319/326] SKAN
[23:41:03] [320/326] CCOA
[23:41:03] 🔄 Identity reset
[23:41:03] 🔄 Identity rotated (every 10 requests)
[23:41:04] [321/326] MCAJ
[23:41:05] [322/326] ACDE
[23:41:06] [323/326] AACM
[23:41:07] [324/326] JJCK
[23:41:08] [325/326] RCMO
[23:41:09] [326/326] GDAW
[23:41:09] 🧹 Deduping shows
[23:41:09] ✅ DONE | Shows=515 | Movies=26
[22:22:09] 🚀 SCRIPT STARTED (enhanced anti‑detection)
[22:22:09] [1/326] VCHA
[22:22:09] 🧠 New identity created
[22:22:10] [2/326] SCKO
[22:22:10] [3/326] VKTK
[22:22:11] [4/326] DXEC
[22:22:12] [5/326] CDCA
[22:22:13] [6/326] VBCZ
[22:22:14] [7/326] MSDR
[22:22:15] [8/326] ACPV
[22:22:16] [9/326] PVHB
[22:22:16] [10/326] RCNH
[22:22:17] 🔄 Identity reset
[22:22:17] 🔄 Identity rotated (every 10 requests)
[22:22:17] [11/326] IOMH
[22:22:18] [12/326] ILKS
[22:22:20] [13/326] AMSN
[22:22:21] [14/326] ANTP
[22:22:21] [15/326] SSEK
[22:22:22] [16/326] PICP
[22:22:23] [17/326] SICO
[22:22:24] [18/326] SISP
[22:22:25] [19/326] SCPI
[22:22:26] [20/326] CRPR
[22:22:26] 🔄 Identity reset
[22:22:26] 🔄 Identity rotated (every 10 requests)
[22:22:27] [21/326] DCTW
[22:22:28] [22/326] DCSP
[22:22:29] [23/326] KRPM
[22:22:30] [24/326] THKK
[22:22:31] [25/326] SNMY
[22:22:31] [26/326] AKCC
[22:22:32] [27/326] PCAT
[22:22:34] [28/326] RFGO
[22:22:35] [29/326] GGCS
[22:22:36] [30/326] ACKR
[22:22:36] 🔄 Identity reset
[22:22:36] 🔄 Identity rotated (every 10 requests)
[22:22:36] [31/326] STDO
[22:22:37] [32/326] ACKB
[22:22:38] [33/326] ALUC
[22:22:39] [34/326] MNSR
[22:22:41] [35/326] CSSL
[22:22:41] [36/326] BGGM
[22:22:42] [37/326] MANT
[22:22:43] [38/326] SOOY
[22:22:44] [39/326] VPPK
[22:22:45] [40/326] MYHJ
[22:22:45] 🔄 Identity reset
[22:22:45] 🔄 Identity rotated (every 10 requests)
[22:22:45] [41/326] KSCK
[22:22:46] [42/326] KATK
[22:22:47] [43/326] RTRT
[22:22:48] [44/326] SSTT
[22:22:49] [45/326] SSTV
[22:22:50] [46/326] LACM
[22:22:51] [47/326] SGMG
[22:22:51] [48/326] KACX
[22:22:52] [49/326] GVCP
[22:22:53] [50/326] CSNC
[22:22:54] 🔄 Identity reset
[22:22:54] 🔄 Identity rotated (every 10 requests)
[22:22:54] [51/326] SXCB
[22:22:55] [52/326] BAHS
[22:22:56] [53/326] PCBI
[22:22:57] [54/326] PSSM
[22:22:58] [55/326] RCOK
[22:22:59] [56/326] SCPF
[22:23:00] [57/326] SSAS
[22:23:01] [58/326] EVMM
[22:23:02] [59/326] SYCB
[22:23:02] [60/326] GCKI
[22:23:03] 🔄 Identity reset
[22:23:03] 🔄 Identity rotated (every 10 requests)
[22:23:03] 🔄 Retry 1/5 for GCKI in 2.3s
[22:23:03] 🔄 Identity reset
[22:23:05] 🧠 New identity created
[22:23:06] [61/326] IAET
[22:23:06] [62/326] DDTD
[22:23:07] [63/326] GMDH
[22:23:08] [64/326] STLE
[22:23:09] [65/326] JTRA
[22:23:10] [66/326] RPPA
[22:23:11] [67/326] ARUT
[22:23:12] [68/326] JTVM
[22:23:12] [69/326] SWRH
[22:23:13] 🔄 Identity reset
[22:23:13] 🔄 Identity rotated (every 10 requests)
[22:23:13] 🔄 Retry 1/5 for SWRH in 3.0s
[22:23:13] 🔄 Identity reset
[22:23:16] 🧠 New identity created
[22:23:16] [70/326] DCPC
[22:23:17] [71/326] RAPR
[22:23:18] [72/326] GCRT
[22:23:19] [73/326] ATUN
[22:23:20] [74/326] LTRM
[22:23:21] [75/326] TASR
[22:23:21] [76/326] RLLC
[22:23:22] [77/326] MABI
[22:23:23] [78/326] SVHB
[22:23:24] 🔄 Identity reset
[22:23:24] 🔄 Identity rotated (every 10 requests)
[22:23:24] [79/326] NVTB
[22:23:25] [80/326] KCKG
[22:23:26] [81/326] SSRN
[22:23:27] [82/326] VDDC
[22:23:28] [83/326] GKTK
[22:23:28] [84/326] YFSN
[22:23:29] [85/326] GCSG
[22:23:30] [86/326] ESSM
[22:23:31] [87/326] KRIH
[22:23:32] [88/326] GCDS
[22:23:33] 🔄 Identity reset
[22:23:33] 🔄 Identity rotated (every 10 requests)
[22:23:33] [89/326] CCSH
[22:23:34] [90/326] ACSK
[22:23:35] [91/326] APRK
[22:23:36] [92/326] ADKM
[22:23:37] [93/326] SRDM
[22:23:40] [94/326] SJMY
[22:23:42] [95/326] PGGC
[22:23:43] [96/326] INGM
[22:23:44] [97/326] LSCB
[22:23:45] [98/326] STAD
[22:23:46] 🔄 Identity reset
[22:23:46] 🔄 Identity rotated (every 10 requests)
[22:23:46] [99/326] MCCR
[22:23:47] [100/326] ABCC
[22:23:48] [101/326] RKCC
[22:23:49] [102/326] RTCR
[22:23:49] [103/326] GGBC
[22:23:50] [104/326] GCSD
[22:23:52] [105/326] LPTY
[22:23:53] [106/326] MCFD
[22:23:54] [107/326] HENN
[22:23:55] [108/326] SMKU
[22:23:56] 🔄 Identity reset
[22:23:56] 🔄 Identity rotated (every 10 requests)
[22:23:56] [109/326] TNZC
[22:23:57] [110/326] DRCD
[22:23:58] [111/326] DLCD
[22:23:59] [112/326] RCDA
[22:24:00] [113/326] COSM
[22:24:01] [114/326] MCMJ
[22:24:02] [115/326] CSTR
[22:24:03] [116/326] CVDK
[22:24:03] [117/326] INRR
[22:24:04] [118/326] RJRT
[22:24:05] 🔄 Identity reset
[22:24:05] 🔄 Identity rotated (every 10 requests)
[22:24:06] [119/326] IRMR
[22:24:07] [120/326] SRCF
[22:24:09] [121/326] GRCR
[22:24:10] [122/326] SURC
[22:24:10] [123/326] NMNH
[22:24:11] [124/326] SVBL
[22:24:12] [125/326] KACI
[22:24:13] [126/326] TDGO
[22:24:14] [127/326] KTBR
[22:24:15] [128/326] PMAD
[22:24:15] 🔄 Identity reset
[22:24:15] 🔄 Identity rotated (every 10 requests)
[22:24:15] [129/326] CCPN
[22:24:16] [130/326] SBTK
[22:24:17] [131/326] LMDK
[22:24:18] [132/326] PGDA
[22:24:19] [133/326] SRML
[22:24:20] [134/326] EVCK
[22:24:21] [135/326] RTTK
[22:24:21] [136/326] SRTU
[22:24:23] [137/326] VRSA
[22:24:24] [138/326] VARS
[22:24:25] 🔄 Identity reset
[22:24:25] 🔄 Identity rotated (every 10 requests)
[22:24:25] [139/326] DSCZ
[22:24:26] [140/326] GAGA
[22:24:26] [141/326] SARV
[22:24:27] [142/326] SEEG
[22:24:29] [143/326] GLCA
[22:24:30] [144/326] APAS
[22:24:30] [145/326] VCIA
[22:24:31] [146/326] SJTA
[22:24:32] [147/326] SABM
[22:24:33] [148/326] PPAG
[22:24:34] 🔄 Identity reset
[22:24:34] 🔄 Identity rotated (every 10 requests)
[22:24:34] [149/326] RVCA
[22:24:35] [150/326] CCIA
[22:24:35] [151/326] HTAG
[22:24:36] [152/326] SMBI
[22:24:37] [153/326] MCJR
[22:24:38] [154/326] CCJR
[22:24:39] [155/326] SINF
[22:24:40] [156/326] CPLX
[22:24:41] [157/326] KKTJ
[22:24:41] [158/326] GDBW
[22:24:42] 🔄 Identity reset
[22:24:42] 🔄 Identity rotated (every 10 requests)
[22:24:42] [159/326] CSUB
[22:24:43] [160/326] DABA
[22:24:44] [161/326] TITR
[22:24:45] [162/326] NYCR
[22:24:46] [163/326] RTRY
[22:24:47] [164/326] JTJL
[22:24:48] [165/326] SJCP
[22:24:49] [166/326] KCCA
[22:24:50] [167/326] MLPG
[22:24:50] [168/326] VRCK
[22:24:51] 🔄 Identity reset
[22:24:51] 🔄 Identity rotated (every 10 requests)
[22:24:51] [169/326] SRIN
[22:24:52] [170/326] CXMK
[22:24:53] [171/326] SKAD
[22:24:54] [172/326] AVTR
[22:24:55] [173/326] PTAJ
[22:24:56] [174/326] SCNK
[22:24:57] [175/326] STTI
[22:24:58] [176/326] KACR
[22:24:59] [177/326] SSDX
[22:25:00] [178/326] VRTJ
[22:25:00] 🔄 Identity reset
[22:25:00] 🔄 Identity rotated (every 10 requests)
[22:25:01] [179/326] RAJD
[22:25:02] [180/326] SCIP
[22:25:03] [181/326] RJSL
[22:25:04] [182/326] ARRS
[22:25:04] [183/326] ASMS
[22:25:05] [184/326] RDTS
[22:25:06] [185/326] DVMY
[22:25:07] [186/326] RASA
[22:25:08] [187/326] INOM
[22:25:09] [188/326] SPRS
[22:25:09] 🔄 Identity reset
[22:25:09] 🔄 Identity rotated (every 10 requests)
[22:25:09] 🔄 Retry 1/5 for SPRS in 2.2s
[22:25:09] 🔄 Identity reset
[22:25:12] 🧠 New identity created
[22:25:12] [189/326] SGCS
[22:25:13] [190/326] SALM
[22:25:14] [191/326] PKHC
[22:25:14] [192/326] RCSV
[22:25:15] [193/326] CPKC
[22:25:16] [194/326] AACD
[22:25:17] [195/326] GGCV
[22:25:18] [196/326] SMKD
[22:25:19] [197/326] NBCH
[22:25:20] 🔄 Identity reset
[22:25:20] 🔄 Identity rotated (every 10 requests)
[22:25:20] [198/326] AMCB
[22:25:21] [199/326] OPCN
[22:25:22] [200/326] DCIN
[22:25:23] [201/326] INGW
[22:25:23] [202/326] PKKW
[22:25:24] [203/326] FNGW
[22:25:25] [204/326] GCGD
[22:25:26] [205/326] MSTW
[22:25:27] [206/326] KCCG
[22:25:28] [207/326] MRSS
[22:25:29] 🔄 Identity reset
[22:25:29] 🔄 Identity rotated (every 10 requests)
[22:25:29] [208/326] CLCF
[22:25:30] [209/326] EETS
[22:25:31] [210/326] AATR
[22:25:32] [211/326] CMMN
[22:25:33] [212/326] SCCJ
[22:25:33] [213/326] CDTK
[22:25:34] [214/326] AICP
[22:25:35] [215/326] FNBP
[22:25:36] [216/326] CBPB
[22:25:37] [217/326] CPAS
[22:25:38] 🔄 Identity reset
[22:25:38] 🔄 Identity rotated (every 10 requests)
[22:25:39] [218/326] MAPM
[22:25:40] [219/326] PASD
[22:25:40] [220/326] JCMN
[22:25:41] [221/326] MALB
[22:25:42] [222/326] SACG
[22:25:43] [223/326] DDRX
[22:25:44] [224/326] DDXB
[22:25:45] [225/326] RAMC
[22:25:45] [226/326] SANC
[22:25:46] [227/326] BCBP
[22:25:47] 🔄 Identity reset
[22:25:47] 🔄 Identity rotated (every 10 requests)
[22:25:47] [228/326] ALPC
[22:25:48] [229/326] RBAC
[22:25:49] [230/326] RAJL
[22:25:50] [231/326] MPDX
[22:25:51] [232/326] MUSC
[22:25:52] [233/326] VKMK
[22:25:52] [234/326] SKCG
[22:25:53] [235/326] ANCN
[22:25:54] [236/326] MMCJ
[22:25:56] [237/326] DCAK
[22:25:56] 🔄 Identity reset
[22:25:56] 🔄 Identity rotated (every 10 requests)
[22:25:57] [238/326] SCKG
[22:25:57] [239/326] LMCK
[22:25:58] [240/326] CKKX
[22:25:59] [241/326] ANKU
[22:26:00] [242/326] CSMD
[22:26:01] [243/326] MKMP
[22:26:02] [244/326] SVBG
[22:26:03] [245/326] ROOP
[22:26:03] [246/326] GDMT
[22:26:04] [247/326] FPPF
[22:26:05] 🔄 Identity reset
[22:26:05] 🔄 Identity rotated (every 10 requests)
[22:26:06] [248/326] SFUU
[22:26:06] [249/326] ANCB
[22:26:07] [250/326] SMMC
[22:26:09] [251/326] UGKT
[22:26:10] [252/326] JVRM
[22:26:11] [253/326] BATG
[22:26:12] [254/326] RATE
[22:26:12] [255/326] SKME
[22:26:13] [256/326] LMTP
[22:26:14] [257/326] TCBD
[22:26:15] 🔄 Identity reset
[22:26:15] 🔄 Identity rotated (every 10 requests)
[22:26:15] 🔄 Retry 1/5 for TCBD in 2.2s
[22:26:15] 🔄 Identity reset
[22:26:17] 🧠 New identity created
[22:26:17] 🔄 Retry 2/5 for TCBD in 4.2s
[22:26:17] 🔄 Identity reset
[22:26:21] 🧠 New identity created
[22:26:21] 🔄 Retry 3/5 for TCBD in 8.1s
[22:26:21] 🔄 Identity reset
[22:26:29] 🧠 New identity created
[22:26:30] [258/326] ESBD
[22:26:31] [259/326] GDCU
[22:26:32] [260/326] SNKT
[22:26:33] [261/326] SRNK
[22:26:33] [262/326] SMED
[22:26:34] [263/326] CSQS
[22:26:35] [264/326] ALCS
[22:26:36] 🔄 Identity reset
[22:26:36] 🔄 Identity rotated (every 10 requests)
[22:26:36] [265/326] KCKN
[22:26:37] [266/326] VCCL
[22:26:38] [267/326] MCDA
[22:26:38] [268/326] SHMI
[22:26:39] [269/326] SKHA
[22:26:40] [270/326] SVFK
[22:26:41] [271/326] INVB
[22:26:42] [272/326] MELD
[22:26:43] [273/326] JTYS
[22:26:44] [274/326] INCM
[22:26:44] 🔄 Identity reset
[22:26:44] 🔄 Identity rotated (every 10 requests)
[22:26:44] [275/326] MCDV
[22:26:45] [276/326] KSGK
[22:26:46] [277/326] ICMG
[22:26:47] [278/326] CSCV
[22:26:48] [279/326] STMD
[22:26:49] [280/326] STTR
[22:26:50] [281/326] INVC
[22:26:51] [282/326] JTBL
[22:26:52] [283/326] SRVV
[22:26:53] [284/326] MAVC
[22:26:53] 🔄 Identity reset
[22:26:53] 🔄 Identity rotated (every 10 requests)
[22:26:54] [285/326] SRPP
[22:26:54] [286/326] JGDM
[22:26:55] [287/326] MBSJ
[22:26:56] [288/326] SSLL
[22:26:57] [289/326] SLKP
[22:26:58] [290/326] NSRV
[22:26:59] [291/326] UTDV
[22:27:01] [292/326] KICM
[22:27:02] [293/326] KCMD
[22:27:03] [294/326] TTPP
[22:27:03] 🔄 Identity reset
[22:27:03] 🔄 Identity rotated (every 10 requests)
[22:27:03] [295/326] KMPV
[22:27:04] [296/326] SKTV
[22:27:06] [297/326] STCV
[22:27:06] [298/326] SRDA
[22:27:07] [299/326] JTSX
[22:27:08] [300/326] STBV
[22:27:09] [301/326] APVZ
[22:27:10] [302/326] GSTV
[22:27:11] [303/326] NMVS
[22:27:12] [304/326] SKRT
[22:27:13] 🔄 Identity reset
[22:27:13] 🔄 Identity rotated (every 10 requests)
[22:27:14] [305/326] RMDV
[22:27:14] [306/326] RATG
[22:27:15] [307/326] SJYV
[22:27:16] [308/326] NDGP
[22:27:17] [309/326] SNDG
[22:27:18] [310/326] INSR
[22:27:18] [311/326] INSO
[22:27:19] [312/326] CCSI
[22:27:21] [313/326] RASM
[22:27:22] [314/326] NEWC
[22:27:22] 🔄 Identity reset
[22:27:22] 🔄 Identity rotated (every 10 requests)
[22:27:23] [315/326] VSHL
[22:27:24] [316/326] BISW
[22:27:24] [317/326] GCNG
[22:27:25] [318/326] CWSC
[22:27:26] [319/326] SKAN
[22:27:27] [320/326] CCOA
[22:27:28] [321/326] MCAJ
[22:27:29] [322/326] ACDE
[22:27:31] [323/326] AACM
[22:27:31] [324/326] JJCK
[22:27:32] 🔄 Identity reset
[22:27:32] 🔄 Identity rotated (every 10 requests)
[22:27:32] 🔄 Retry 1/5 for JJCK in 2.7s
[22:27:32] 🔄 Identity reset
[22:27:35] 🧠 New identity created
[22:27:36] [325/326] RCMO
[22:27:36] [326/326] GDAW
[22:27:37] 🧹 Deduping shows
[22:27:37] ✅ DONE | Shows=797 | Movies=34
[04:22:16] 🚀 SCRIPT STARTED (enhanced anti‑detection)
[04:22:16] [1/326] VCHA
[04:22:16] 🧠 New identity created
[04:22:17] [2/326] SCKO
[04:22:17] [3/326] VKTK
[04:22:18] [4/326] DXEC
[04:22:19] [5/326] CDCA
[04:22:20] [6/326] VBCZ
[04:22:21] [7/326] MSDR
[04:22:21] [8/326] ACPV
[04:22:22] [9/326] PVHB
[04:22:23] [10/326] RCNH
[04:22:23] 🔄 Identity reset
[04:22:23] 🔄 Identity rotated (every 10 requests)
[04:22:23] 🔄 Retry 1/5 for RCNH in 2.6s
[04:22:23] 🔄 Identity reset
[04:22:26] 🧠 New identity created
[04:22:26] 🔄 Retry 2/5 for RCNH in 4.6s
[04:22:26] 🔄 Identity reset
[04:22:31] 🧠 New identity created
[04:22:31] [11/326] IOMH
[04:22:32] [12/326] ILKS
[04:22:32] [13/326] AMSN
[04:22:33] [14/326] ANTP
[04:22:34] [15/326] SSEK
[04:22:35] [16/326] PICP
[04:22:35] [17/326] SICO
[04:22:36] [18/326] SISP
[04:22:37] 🔄 Identity reset
[04:22:37] 🔄 Identity rotated (every 10 requests)
[04:22:37] [19/326] SCPI
[04:22:38] [20/326] CRPR
[04:22:39] [21/326] DCTW
[04:22:39] [22/326] DCSP
[04:22:40] [23/326] KRPM
[04:22:41] [24/326] THKK
[04:22:42] [25/326] SNMY
[04:22:43] [26/326] AKCC
[04:22:44] [27/326] PCAT
[04:22:44] [28/326] RFGO
[04:22:45] 🔄 Identity reset
[04:22:45] 🔄 Identity rotated (every 10 requests)
[04:22:45] 🔄 Retry 1/5 for RFGO in 3.0s
[04:22:45] 🔄 Identity reset
[04:22:48] 🧠 New identity created
[04:22:48] [29/326] GGCS
[04:22:49] [30/326] ACKR
[04:22:50] [31/326] STDO
[04:22:51] [32/326] ACKB
[04:22:51] [33/326] ALUC
[04:22:52] [34/326] MNSR
[04:22:53] [35/326] CSSL
[04:22:53] [36/326] BGGM
[04:22:54] [37/326] MANT
[04:22:55] 🔄 Identity reset
[04:22:55] 🔄 Identity rotated (every 10 requests)
[04:22:55] [38/326] SOOY
[04:22:56] [39/326] VPPK
[04:22:56] [40/326] MYHJ
[04:22:57] [41/326] KSCK
[04:22:58] [42/326] KATK
[04:22:59] [43/326] RTRT
[04:22:59] [44/326] SSTT
[04:23:01] [45/326] SSTV
[04:23:01] [46/326] LACM
[04:23:02] [47/326] SGMG
[04:23:03] 🔄 Identity reset
[04:23:03] 🔄 Identity rotated (every 10 requests)
[04:23:03] [48/326] KACX
[04:23:04] [49/326] GVCP
[04:23:04] [50/326] CSNC
[04:23:05] [51/326] SXCB
[04:23:05] [52/326] BAHS
[04:23:06] [53/326] PCBI
[04:23:07] [54/326] PSSM
[04:23:08] [55/326] RCOK
[04:23:09] [56/326] SCPF
[04:23:10] [57/326] SSAS
[04:23:10] 🔄 Identity reset
[04:23:10] 🔄 Identity rotated (every 10 requests)
[04:23:10] [58/326] EVMM
[04:23:11] [59/326] SYCB
[04:23:12] [60/326] GCKI
[04:23:12] [61/326] IAET
[04:23:13] [62/326] DDTD
[04:23:14] [63/326] GMDH
[04:23:15] [64/326] STLE
[04:23:16] [65/326] JTRA
[04:23:17] [66/326] RPPA
[04:23:17] [67/326] ARUT
[04:23:18] 🔄 Identity reset
[04:23:18] 🔄 Identity rotated (every 10 requests)
[04:23:18] [68/326] JTVM
[04:23:19] [69/326] SWRH
[04:23:19] [70/326] DCPC
[04:23:20] [71/326] RAPR
[04:23:21] [72/326] GCRT
[04:23:22] [73/326] ATUN
[04:23:22] [74/326] LTRM
[04:23:23] [75/326] TASR
[04:23:24] [76/326] RLLC
[04:23:24] [77/326] MABI
[04:23:25] 🔄 Identity reset
[04:23:25] 🔄 Identity rotated (every 10 requests)
[04:23:25] [78/326] SVHB
[04:23:26] [79/326] NVTB
[04:23:27] [80/326] KCKG
[04:23:27] [81/326] SSRN
[04:23:28] [82/326] VDDC
[04:23:29] [83/326] GKTK
[04:23:31] [84/326] YFSN
[04:23:31] [85/326] GCSG
[04:23:32] [86/326] ESSM
[04:23:33] [87/326] KRIH
[04:23:34] 🔄 Identity reset
[04:23:34] 🔄 Identity rotated (every 10 requests)
[04:23:34] [88/326] GCDS
[04:23:35] [89/326] CCSH
[04:23:36] [90/326] ACSK
[04:23:36] [91/326] APRK
[04:23:37] [92/326] ADKM
[04:23:38] [93/326] SRDM
[04:23:39] [94/326] SJMY
[04:23:39] [95/326] PGGC
[04:23:40] [96/326] INGM
[04:23:41] [97/326] LSCB
[04:23:41] 🔄 Identity reset
[04:23:41] 🔄 Identity rotated (every 10 requests)
[04:23:42] [98/326] STAD
[04:23:43] [99/326] MCCR
[04:23:44] [100/326] ABCC
[04:23:44] [101/326] RKCC
[04:23:45] [102/326] RTCR
[04:23:45] [103/326] GGBC
[04:23:46] [104/326] GCSD
[04:23:47] [105/326] LPTY
[04:23:48] [106/326] MCFD
[04:23:49] [107/326] HENN
[04:23:49] 🔄 Identity reset
[04:23:49] 🔄 Identity rotated (every 10 requests)
[04:23:50] [108/326] SMKU
[04:23:51] [109/326] TNZC
[04:23:52] [110/326] DRCD
[04:23:52] [111/326] DLCD
[04:23:53] [112/326] RCDA
[04:23:54] [113/326] COSM
[04:23:55] [114/326] MCMJ
[04:23:56] [115/326] CSTR
[04:23:57] [116/326] CVDK
[04:23:58] [117/326] INRR
[04:23:59] 🔄 Identity reset
[04:23:59] 🔄 Identity rotated (every 10 requests)
[04:23:59] [118/326] RJRT
[04:24:00] [119/326] IRMR
[04:24:00] [120/326] SRCF
[04:24:02] [121/326] GRCR
[04:24:03] [122/326] SURC
[04:24:04] [123/326] NMNH
[04:24:04] [124/326] SVBL
[04:24:05] [125/326] KACI
[04:24:06] [126/326] TDGO
[04:24:07] [127/326] KTBR
[04:24:07] 🔄 Identity reset
[04:24:07] 🔄 Identity rotated (every 10 requests)
[04:24:07] [128/326] PMAD
[04:24:08] [129/326] CCPN
[04:24:09] [130/326] SBTK
[04:24:10] [131/326] LMDK
[04:24:11] [132/326] PGDA
[04:24:12] [133/326] SRML
[04:24:12] [134/326] EVCK
[04:24:13] [135/326] RTTK
[04:24:14] [136/326] SRTU
[04:24:15] [137/326] VRSA
[04:24:15] 🔄 Identity reset
[04:24:15] 🔄 Identity rotated (every 10 requests)
[04:24:16] [138/326] VARS
[04:24:17] [139/326] DSCZ
[04:24:18] [140/326] GAGA
[04:24:19] [141/326] SARV
[04:24:20] [142/326] SEEG
[04:24:21] [143/326] GLCA
[04:24:22] [144/326] APAS
[04:24:22] [145/326] VCIA
[04:24:23] [146/326] SJTA
[04:24:24] [147/326] SABM
[04:24:25] 🔄 Identity reset
[04:24:25] 🔄 Identity rotated (every 10 requests)
[04:24:25] 🔄 Retry 1/5 for SABM in 2.1s
[04:24:25] 🔄 Identity reset
[04:24:27] 🧠 New identity created
[04:24:27] [148/326] PPAG
[04:24:28] [149/326] RVCA
[04:24:29] [150/326] CCIA
[04:24:29] [151/326] HTAG
[04:24:30] [152/326] SMBI
[04:24:31] [153/326] MCJR
[04:24:31] [154/326] CCJR
[04:24:32] [155/326] SINF
[04:24:33] [156/326] CPLX
[04:24:34] 🔄 Identity reset
[04:24:34] 🔄 Identity rotated (every 10 requests)
[04:24:34] [157/326] KKTJ
[04:24:35] [158/326] GDBW
[04:24:36] [159/326] CSUB
[04:24:37] [160/326] DABA
[04:24:38] [161/326] TITR
[04:24:39] [162/326] NYCR
[04:24:39] [163/326] RTRY
[04:24:40] [164/326] JTJL
[04:24:41] [165/326] SJCP
[04:24:42] [166/326] KCCA
[04:24:42] 🔄 Identity reset
[04:24:42] 🔄 Identity rotated (every 10 requests)
[04:24:42] [167/326] MLPG
[04:24:43] [168/326] VRCK
[04:24:44] [169/326] SRIN
[04:24:45] [170/326] CXMK
[04:24:46] [171/326] SKAD
[04:24:46] [172/326] AVTR
[04:24:47] [173/326] PTAJ
[04:24:49] [174/326] SCNK
[04:24:50] [175/326] STTI
[04:24:51] [176/326] KACR
[04:24:51] 🔄 Identity reset
[04:24:51] 🔄 Identity rotated (every 10 requests)
[04:24:52] [177/326] SSDX
[04:24:52] [178/326] VRTJ
[04:24:53] [179/326] RAJD
[04:24:54] [180/326] SCIP
[04:24:54] [181/326] RJSL
[04:24:55] [182/326] ARRS
[04:24:56] [183/326] ASMS
[04:24:57] [184/326] RDTS
[04:24:58] [185/326] DVMY
[04:24:58] [186/326] RASA
[04:24:59] 🔄 Identity reset
[04:24:59] 🔄 Identity rotated (every 10 requests)
[04:24:59] [187/326] INOM
[04:25:00] [188/326] SPRS
[04:25:01] [189/326] SGCS
[04:25:01] [190/326] SALM
[04:25:02] [191/326] PKHC
[04:25:03] [192/326] RCSV
[04:25:04] [193/326] CPKC
[04:25:04] [194/326] AACD
[04:25:05] [195/326] GGCV
[04:25:06] [196/326] SMKD
[04:25:07] 🔄 Identity reset
[04:25:07] 🔄 Identity rotated (every 10 requests)
[04:25:07] [197/326] NBCH
[04:25:08] [198/326] AMCB
[04:25:08] [199/326] OPCN
[04:25:09] [200/326] DCIN
[04:25:10] [201/326] INGW
[04:25:11] [202/326] PKKW
[04:25:12] [203/326] FNGW
[04:25:12] [204/326] GCGD
[04:25:13] [205/326] MSTW
[04:25:14] [206/326] KCCG
[04:25:14] 🔄 Identity reset
[04:25:14] 🔄 Identity rotated (every 10 requests)
[04:25:15] [207/326] MRSS
[04:25:15] [208/326] CLCF
[04:25:16] [209/326] EETS
[04:25:17] [210/326] AATR
[04:25:18] [211/326] CMMN
[04:25:19] [212/326] SCCJ
[04:25:20] [213/326] CDTK
[04:25:20] [214/326] AICP
[04:25:21] [215/326] FNBP
[04:25:22] [216/326] CBPB
[04:25:22] 🔄 Identity reset
[04:25:22] 🔄 Identity rotated (every 10 requests)
[04:25:22] [217/326] CPAS
[04:25:23] [218/326] MAPM
[04:25:24] [219/326] PASD
[04:25:25] [220/326] JCMN
[04:25:25] [221/326] MALB
[04:25:26] [222/326] SACG
[04:25:27] [223/326] DDRX
[04:25:28] [224/326] DDXB
[04:25:29] [225/326] RAMC
[04:25:30] [226/326] SANC
[04:25:30] 🔄 Identity reset
[04:25:30] 🔄 Identity rotated (every 10 requests)
[04:25:31] [227/326] BCBP
[04:25:31] [228/326] ALPC
[04:25:32] [229/326] RBAC
[04:25:33] [230/326] RAJL
[04:25:33] [231/326] MPDX
[04:25:34] [232/326] MUSC
[04:25:35] [233/326] VKMK
[04:25:36] [234/326] SKCG
[04:25:36] [235/326] ANCN
[04:25:37] [236/326] MMCJ
[04:25:38] 🔄 Identity reset
[04:25:38] 🔄 Identity rotated (every 10 requests)
[04:25:38] [237/326] DCAK
[04:25:38] [238/326] SCKG
[04:25:39] [239/326] LMCK
[04:25:41] [240/326] CKKX
[04:25:43] [241/326] ANKU
[04:25:43] [242/326] CSMD
[04:25:44] [243/326] MKMP
[04:25:44] [244/326] SVBG
[04:25:45] [245/326] ROOP
[04:25:47] [246/326] GDMT
[04:25:48] 🔄 Identity reset
[04:25:48] 🔄 Identity rotated (every 10 requests)
[04:25:48] [247/326] FPPF
[04:25:49] [248/326] SFUU
[04:25:50] [249/326] ANCB
[04:25:50] [250/326] SMMC
[04:25:51] [251/326] UGKT
[04:25:51] [252/326] JVRM
[04:25:52] [253/326] BATG
[04:25:53] [254/326] RATE
[04:25:54] [255/326] SKME
[04:25:55] [256/326] LMTP
[04:25:55] 🔄 Identity reset
[04:25:55] 🔄 Identity rotated (every 10 requests)
[04:25:56] [257/326] TCBD
[04:25:56] [258/326] ESBD
[04:25:57] [259/326] GDCU
[04:25:57] [260/326] SNKT
[04:25:58] [261/326] SRNK
[04:25:59] [262/326] SMED
[04:26:00] [263/326] CSQS
[04:26:01] [264/326] ALCS
[04:26:01] [265/326] KCKN
[04:26:02] [266/326] VCCL
[04:26:03] 🔄 Identity reset
[04:26:03] 🔄 Identity rotated (every 10 requests)
[04:26:03] [267/326] MCDA
[04:26:04] [268/326] SHMI
[04:26:05] [269/326] SKHA
[04:26:05] [270/326] SVFK
[04:26:07] [271/326] INVB
[04:26:08] [272/326] MELD
[04:26:08] [273/326] JTYS
[04:26:09] [274/326] INCM
[04:26:10] [275/326] MCDV
[04:26:10] [276/326] KSGK
[04:26:11] 🔄 Identity reset
[04:26:11] 🔄 Identity rotated (every 10 requests)
[04:26:11] [277/326] ICMG
[04:26:12] [278/326] CSCV
[04:26:13] [279/326] STMD
[04:26:13] [280/326] STTR
[04:26:14] [281/326] INVC
[04:26:15] [282/326] JTBL
[04:26:15] [283/326] SRVV
[04:26:16] [284/326] MAVC
[04:26:17] [285/326] SRPP
[04:26:18] [286/326] JGDM
[04:26:18] 🔄 Identity reset
[04:26:18] 🔄 Identity rotated (every 10 requests)
[04:26:18] 🔄 Retry 1/5 for JGDM in 2.1s
[04:26:18] 🔄 Identity reset
[04:26:20] 🧠 New identity created
[04:26:21] [287/326] MBSJ
[04:26:22] [288/326] SSLL
[04:26:23] [289/326] SLKP
[04:26:23] [290/326] NSRV
[04:26:24] [291/326] UTDV
[04:26:25] [292/326] KICM
[04:26:25] [293/326] KCMD
[04:26:26] [294/326] TTPP
[04:26:27] [295/326] KMPV
[04:26:27] 🔄 Identity reset
[04:26:27] 🔄 Identity rotated (every 10 requests)
[04:26:28] [296/326] SKTV
[04:26:29] [297/326] STCV
[04:26:29] [298/326] SRDA
[04:26:30] [299/326] JTSX
[04:26:31] [300/326] STBV
[04:26:32] [301/326] APVZ
[04:26:33] [302/326] GSTV
[04:26:34] [303/326] NMVS
[04:26:34] [304/326] SKRT
[04:26:35] [305/326] RMDV
[04:26:36] 🔄 Identity reset
[04:26:36] 🔄 Identity rotated (every 10 requests)
[04:26:36] [306/326] RATG
[04:26:37] [307/326] SJYV
[04:26:37] [308/326] NDGP
[04:26:38] [309/326] SNDG
[04:26:39] [310/326] INSR
[04:26:39] [311/326] INSO
[04:26:40] [312/326] CCSI
[04:26:41] [313/326] RASM
[04:26:42] [314/326] NEWC
[04:26:42] [315/326] VSHL
[04:26:43] 🔄 Identity reset
[04:26:43] 🔄 Identity rotated (every 10 requests)
[04:26:43] [316/326] BISW
[04:26:44] [317/326] GCNG
[04:26:45] [318/326] CWSC
[04:26:46] [319/326] SKAN
[04:26:46] [320/326] CCOA
[04:26:47] [321/326] MCAJ
[04:26:48] [322/326] ACDE
[04:26:50] [323/326] AACM
[04:26:50] [324/326] JJCK
[04:26:51] [325/326] RCMO
[04:26:52] 🔄 Identity reset
[04:26:52] 🔄 Identity rotated (every 10 requests)
[04:26:52] [326/326] GDAW
[04:26:53] 🧹 Deduping shows
[04:26:53] ✅ DONE | Shows=798 | Movies=34
