[17:17:25] 🚀 SCRIPT STARTED (enhanced anti‑detection)
[17:17:25] [1/326] BSAT
[17:17:25] 🧠 New identity created
[17:17:26] [2/326] RSSM
[17:17:27] [3/326] GCTA
[17:17:27] [4/326] TOPN
[17:17:28] [5/326] MCUS
[17:17:29] [6/326] SHRL
[17:17:30] [7/326] UPTP
[17:17:31] [8/326] TMMP
[17:17:32] [9/326] DNRP
[17:17:33] [10/326] SRLT
[17:17:33] 🔄 Identity reset
[17:17:34] 🔄 Identity rotated (every 10 requests)
[17:17:34] [11/326] RCNS
[17:17:35] [12/326] DCBH
[17:17:36] [13/326] NAGJ
[17:17:37] [14/326] JVRC
[17:17:38] [15/326] KRJG
[17:17:39] [16/326] SRTJ
[17:17:40] [17/326] CMXM
[17:17:41] [18/326] STMI
[17:17:42] [19/326] SLST
[17:17:42] [20/326] DTCN
[17:17:43] 🔄 Identity reset
[17:17:43] 🔄 Identity rotated (every 10 requests)
[17:17:44] [21/326] STYN
[17:17:45] [22/326] SZVR
[17:17:46] [23/326] SRKO
[17:17:47] [24/326] JTGT
[17:17:48] [25/326] SVFD
[17:17:49] [26/326] SISD
[17:17:50] [27/326] ABDD
[17:17:51] [28/326] DRCA
[17:17:52] [29/326] AVCS
[17:17:53] [30/326] MVKH
[17:17:54] 🔄 Identity reset
[17:17:54] 🔄 Identity rotated (every 10 requests)
[17:17:54] 🔄 Retry 1/5 for MVKH in 2.9s
[17:17:54] 🔄 Identity reset
[17:17:57] 🧠 New identity created
[17:17:57] 🔄 Retry 2/5 for MVKH in 4.3s
[17:17:57] 🔄 Identity reset
[17:18:01] 🧠 New identity created
[17:18:02] [31/326] ACPR
[17:18:03] [32/326] STIP
[17:18:04] [33/326] MTRA
[17:18:05] [34/326] RMKH
[17:18:06] [35/326] NKRL
[17:18:07] [36/326] PCWN
[17:18:08] [37/326] BLMT
[17:18:09] [38/326] GDPG
[17:18:10] 🔄 Identity reset
[17:18:10] 🔄 Identity rotated (every 10 requests)
[17:18:10] [39/326] SRMX
[17:18:11] [40/326] JACP
[17:18:12] [41/326] CPSH
[17:18:12] [42/326] MCCD
[17:18:13] [43/326] ECGH
[17:18:15] [44/326] MKCK
[17:18:16] [45/326] SRMM
[17:18:17] [46/326] SKYR
[17:18:18] [47/326] PCKC
[17:18:18] [48/326] JCMA
[17:18:19] 🔄 Identity reset
[17:18:19] 🔄 Identity rotated (every 10 requests)
[17:18:19] [49/326] BSMP
[17:18:21] [50/326] VSPA
[17:18:22] [51/326] DJYA
[17:18:23] [52/326] DIMP
[17:18:24] [53/326] FXDR
[17:18:25] [54/326] SSRC
[17:18:26] [55/326] STHP
[17:18:27] [56/326] CPPD
[17:18:28] [57/326] FCLK
[17:18:29] [58/326] SCPP
[17:18:29] 🔄 Identity reset
[17:18:30] 🔄 Identity rotated (every 10 requests)
[17:18:30] 🔄 Retry 1/5 for SCPP in 2.0s
[17:18:30] 🔄 Identity reset
[17:18:32] 🧠 New identity created
[17:18:32] [59/326] DCMJ
[17:18:33] [60/326] RCCR
[17:18:34] [61/326] INMT
[17:18:34] [62/326] LXTK
[17:18:35] [63/326] SRYK
[17:18:36] [64/326] SGDK
[17:18:37] [65/326] PPKA
[17:18:38] [66/326] SPKA
[17:18:39] [67/326] CGHH
[17:18:40] 🔄 Identity reset
[17:18:40] 🔄 Identity rotated (every 10 requests)
[17:18:40] [68/326] DCJN
[17:18:42] [69/326] SRKV
[17:18:43] [70/326] SAJC
[17:18:43] [71/326] SUSR
[17:18:44] [72/326] STYG
[17:18:45] [73/326] NTKP
[17:18:46] [74/326] AKTG
[17:18:47] [75/326] CGCM
[17:18:48] [76/326] TULC
[17:18:48] [77/326] NYYZ
[17:18:49] 🔄 Identity reset
[17:18:49] 🔄 Identity rotated (every 10 requests)
[17:18:49] [78/326] NYBW
[17:18:50] [79/326] MACB
[17:18:51] [80/326] SLVT
[17:18:52] [81/326] SANA
[17:18:53] [82/326] ACMR
[17:18:55] [83/326] CPKN
[17:18:55] [84/326] DLGK
[17:18:57] [85/326] CWCK
[17:18:58] [86/326] FDDH
[17:18:59] [87/326] MMMD
[17:18:59] 🔄 Identity reset
[17:18:59] 🔄 Identity rotated (every 10 requests)
[17:19:00] [88/326] CMEH
[17:19:00] [89/326] GGGV
[17:19:01] [90/326] SPJL
[17:19:02] [91/326] RCCD
[17:19:03] [92/326] STTZ
[17:19:04] [93/326] BTCF
[17:19:05] [94/326] TSTZ
[17:19:06] [95/326] IPMM
[17:19:07] [96/326] PMPW
[17:19:08] [97/326] PCMZ
[17:19:08] 🔄 Identity reset
[17:19:08] 🔄 Identity rotated (every 10 requests)
[17:19:09] [98/326] ESEM
[17:19:10] [99/326] PIPO
[17:19:10] [100/326] MATK
[17:19:11] [101/326] PGHM
[17:19:12] [102/326] CTSR
[17:19:13] [103/326] CYKR
[17:19:14] [104/326] MSCM
[17:19:15] [105/326] RFNP
[17:19:16] [106/326] PDCP
[17:19:17] [107/326] NPSE
[17:19:17] 🔄 Identity reset
[17:19:17] 🔄 Identity rotated (every 10 requests)
[17:19:17] [108/326] MKML
[17:19:18] [109/326] FTDP
[17:19:19] [110/326] MMXA
[17:19:20] [111/326] CEPO
[17:19:21] [112/326] CMVP
[17:19:22] [113/326] SGTH
[17:19:23] [114/326] SAYN
[17:19:24] [115/326] URVS
[17:19:25] [116/326] VJTN
[17:19:26] [117/326] BBYK
[17:19:27] 🔄 Identity reset
[17:19:27] 🔄 Identity rotated (every 10 requests)
[17:19:27] [118/326] SHBO
[17:19:28] [119/326] VCMR
[17:19:29] [120/326] MACT
[17:19:29] [121/326] JMNP
[17:19:31] [122/326] VICS
[17:19:32] [123/326] VCDA
[17:19:33] [124/326] GCMM
[17:19:34] [125/326] INVS
[17:19:35] [126/326] SCGM
[17:19:36] [127/326] PCDA
[17:19:37] 🔄 Identity reset
[17:19:37] 🔄 Identity rotated (every 10 requests)
[17:19:37] [128/326] KDCT
[17:19:38] [129/326] JACS
[17:19:39] [130/326] GMMC
[17:19:40] [131/326] AICM
[17:19:41] [132/326] TJCM
[17:19:42] [133/326] RMTI
[17:19:43] [134/326] SHAC
[17:19:44] [135/326] APJC
[17:19:45] [136/326] GCTG
[17:19:46] [137/326] SSMC
[17:19:47] 🔄 Identity reset
[17:19:47] 🔄 Identity rotated (every 10 requests)
[17:19:47] [138/326] THRM
[17:19:48] [139/326] RBCT
[17:19:50] [140/326] DIKT
[17:19:51] [141/326] MIDL
[17:19:52] [142/326] VCSN
[17:19:53] [143/326] SKTG
[17:19:54] [144/326] SMWC
[17:19:55] [145/326] MNKH
[17:19:55] [146/326] PIAT
[17:19:56] [147/326] LTTP
[17:19:57] 🔄 Identity reset
[17:19:57] 🔄 Identity rotated (every 10 requests)
[17:19:57] [148/326] PTPU
[17:19:58] [149/326] ACMG
[17:20:00] [150/326] SHMM
[17:20:00] [151/326] MCMN
[17:20:02] [152/326] GLDC
[17:20:02] [153/326] HOUT
[17:20:03] [154/326] SVRP
[17:20:05] [155/326] PVDN
[17:20:06] [156/326] SCPY
[17:20:07] [157/326] DTPY
[17:20:08] 🔄 Identity reset
[17:20:08] 🔄 Identity rotated (every 10 requests)
[17:20:08] [158/326] GKCS
[17:20:09] [159/326] NCAM
[17:20:10] [160/326] BSRM
[17:20:11] [161/326] RCLC
[17:20:12] [162/326] SKKD
[17:20:12] [163/326] ACHU
[17:20:13] [164/326] RSCF
[17:20:14] [165/326] IMSH
[17:20:15] [166/326] MACX
[17:20:16] [167/326] HMMW
[17:20:17] 🔄 Identity reset
[17:20:17] 🔄 Identity rotated (every 10 requests)
[17:20:17] [168/326] JTCP
[17:20:18] [169/326] SREN
[17:20:18] [170/326] PJRR
[17:20:19] [171/326] INAC
[17:20:20] [172/326] BMCA
[17:20:22] [173/326] SHCB
[17:20:23] [174/326] GABA
[17:20:25] [175/326] SBCT
[17:20:25] [176/326] GCMA
[17:20:26] [177/326] MYTK
[17:20:27] 🔄 Identity reset
[17:20:27] 🔄 Identity rotated (every 10 requests)
[17:20:27] [178/326] INZS
[17:20:28] [179/326] RMIK
[17:20:29] [180/326] NYCH
[17:20:30] [181/326] RAVE
[17:20:31] [182/326] PSXM
[17:20:32] [183/326] MCGP
[17:20:34] [184/326] PDDK
[17:20:35] [185/326] SPCK
[17:20:36] [186/326] MCRL
[17:20:37] [187/326] MHKT
[17:20:37] 🔄 Identity reset
[17:20:37] 🔄 Identity rotated (every 10 requests)
[17:20:38] [188/326] ANRR
[17:20:38] [189/326] SAPK
[17:20:40] [190/326] NCUK
[17:20:41] [191/326] JUGA
[17:20:42] [192/326] DBSC
[17:20:43] [193/326] LALK
[17:20:44] [194/326] GUCK
[17:20:45] [195/326] STSG
[17:20:46] [196/326] PPPZ
[17:20:47] [197/326] CNCY
[17:20:48] 🔄 Identity reset
[17:20:48] 🔄 Identity rotated (every 10 requests)
[17:20:48] [198/326] MTAR
[17:20:49] [199/326] VNKD
[17:20:50] [200/326] KMAJ
[17:20:51] [201/326] ACXK
[17:20:52] [202/326] UTKC
[17:20:53] [203/326] PBLK
[17:20:55] [204/326] ACBX
[17:20:56] [205/326] PTGM
[17:20:57] [206/326] BTDA
[17:20:58] [207/326] PJMB
[17:20:58] 🔄 Identity reset
[17:20:58] 🔄 Identity rotated (every 10 requests)
[17:20:59] [208/326] TPDA
[17:21:00] [209/326] AMOE
[17:21:01] [210/326] PRHT
[17:21:02] [211/326] PRTA
[17:21:02] [212/326] STAM
[17:21:03] [213/326] MSAA
[17:21:04] [214/326] SDLU
[17:21:05] [215/326] RCHH
[17:21:06] [216/326] KANT
[17:21:07] [217/326] FCRT
[17:21:08] 🔄 Identity reset
[17:21:08] 🔄 Identity rotated (every 10 requests)
[17:21:08] [218/326] DNKM
[17:21:10] [219/326] RYCP
[17:21:12] [220/326] MYRP
[17:21:13] [221/326] PPAK
[17:21:14] [222/326] NVPK
[17:21:14] [223/326] PRMC
[17:21:15] [224/326] JBCS
[17:21:16] [225/326] GXCK
[17:21:17] [226/326] USKO
[17:21:18] [227/326] GTEM
[17:21:19] 🔄 Identity reset
[17:21:19] 🔄 Identity rotated (every 10 requests)
[17:21:19] [228/326] SMBU
[17:21:20] [229/326] VETC
[17:21:21] [230/326] LCDA
[17:21:22] [231/326] MTVT
[17:21:23] [232/326] PYCP
[17:21:24] [233/326] PNSC
[17:21:25] [234/326] PPCC
[17:21:26] [235/326] TGRT
[17:21:26] [236/326] JYOT
[17:21:27] [237/326] SRCZ
[17:21:28] 🔄 Identity reset
[17:21:28] 🔄 Identity rotated (every 10 requests)
[17:21:29] [238/326] SJTE
[17:21:30] [239/326] DESC
[17:21:31] [240/326] JHVN
[17:21:32] [241/326] IPSG
[17:21:33] [242/326] IPCM
[17:21:34] [243/326] PDRS
[17:21:34] [244/326] ANCV
[17:21:35] [245/326] CMVV
[17:21:36] [246/326] SHYP
[17:21:37] [247/326] DNCS
[17:21:38] 🔄 Identity reset
[17:21:38] 🔄 Identity rotated (every 10 requests)
[17:21:38] 🔄 Retry 1/5 for DNCS in 2.8s
[17:21:38] 🔄 Identity reset
[17:21:41] 🧠 New identity created
[17:21:41] [248/326] GAJK
[17:21:42] [249/326] AKTN
[17:21:43] [250/326] KAYA
[17:21:44] [251/326] SBRC
[17:21:45] [252/326] CHTP
[17:21:46] [253/326] SHRT
[17:21:46] [254/326] BCKU
[17:21:47] [255/326] FCPS
[17:21:48] [256/326] ARDD
[17:21:49] 🔄 Identity reset
[17:21:49] 🔄 Identity rotated (every 10 requests)
[17:21:49] [257/326] CPCM
[17:21:50] [258/326] CGSM
[17:21:52] [259/326] PSMP
[17:21:53] [260/326] SDAL
[17:21:54] [261/326] RTNB
[17:21:55] [262/326] LMCR
[17:21:55] [263/326] CIMA
[17:21:56] [264/326] RNAS
[17:21:57] [265/326] LITH
[17:21:58] [266/326] PBOX
[17:21:59] 🔄 Identity reset
[17:21:59] 🔄 Identity rotated (every 10 requests)
[17:21:59] [267/326] FRTS
[17:22:00] [268/326] RKIC
[17:22:01] [269/326] PTAI
[17:22:02] [270/326] GCIC
[17:22:03] [271/326] FNAS
[17:22:04] [272/326] SCAR
[17:22:05] [273/326] MTCA
[17:22:07] [274/326] SCTS
[17:22:08] [275/326] SYCS
[17:22:09] [276/326] RDMS
[17:22:09] 🔄 Identity reset
[17:22:09] 🔄 Identity rotated (every 10 requests)
[17:22:10] [277/326] KAMP
[17:22:11] [278/326] ERSD
[17:22:12] [279/326] MJMJ
[17:22:12] [280/326] SRCJ
[17:22:13] [281/326] SCXE
[17:22:15] [282/326] SVFR
[17:22:17] [283/326] BHCS
[17:22:17] [284/326] IMCC
[17:22:18] [285/326] PCBO
[17:22:19] [286/326] PRVN
[17:22:20] 🔄 Identity reset
[17:22:20] 🔄 Identity rotated (every 10 requests)
[17:22:20] [287/326] AUPM
[17:22:21] [288/326] INBW
[17:22:22] [289/326] SVCW
[17:22:23] [290/326] RKCF
[17:22:24] [291/326] UVBH
[17:22:25] [292/326] DNCY
[17:22:26] [293/326] ABCN
[17:22:27] [294/326] PRUR
[17:22:27] [295/326] PFMR
[17:22:28] [296/326] RKCN
[17:22:29] 🔄 Identity reset
[17:22:29] 🔄 Identity rotated (every 10 requests)
[17:22:30] [297/326] CFEA
[17:22:31] [298/326] SDBG
[17:22:31] [299/326] SNAR
[17:22:32] [300/326] YISI
[17:22:33] [301/326] JCFF
[17:22:34] [302/326] VTRK
[17:22:35] [303/326] PCLZ
[17:22:36] [304/326] DIMY
[17:22:38] [305/326] BBTS
[17:22:38] [306/326] GATH
[17:22:39] 🔄 Identity reset
[17:22:39] 🔄 Identity rotated (every 10 requests)
[17:22:39] [307/326] GTMN
[17:22:40] [308/326] VTMH
[17:22:41] [309/326] CCKP
[17:22:42] [310/326] GPKA
[17:22:43] [311/326] MHCL
[17:22:44] [312/326] ATCL
[17:22:46] [313/326] SBCK
[17:22:47] [314/326] AMMR
[17:22:48] [315/326] MADC
[17:22:49] [316/326] TMMA
[17:22:49] 🔄 Identity reset
[17:22:50] 🔄 Identity rotated (every 10 requests)
[17:22:50] [317/326] CACC
[17:22:51] [318/326] CHAL
[17:22:52] [319/326] DURG
[17:22:53] [320/326] GMKU
[17:22:54] [321/326] GECA
[17:22:55] [322/326] KYRR
[17:22:57] [323/326] KSDE
[17:22:58] [324/326] LMCI
[17:23:00] [325/326] NKCP
[17:23:02] [326/326] BGTC
[17:23:02] 🔄 Identity reset
[17:23:02] 🔄 Identity rotated (every 10 requests)
[17:23:02] 🧹 Deduping shows
[17:23:02] ✅ DONE | Shows=465 | Movies=27
[23:35:40] 🚀 SCRIPT STARTED (enhanced anti‑detection)
[23:35:40] [1/326] BSAT
[23:35:40] 🧠 New identity created
[23:35:41] [2/326] RSSM
[23:35:42] [3/326] GCTA
[23:35:43] [4/326] TOPN
[23:35:44] [5/326] MCUS
[23:35:45] [6/326] SHRL
[23:35:46] [7/326] UPTP
[23:35:48] [8/326] TMMP
[23:35:48] [9/326] DNRP
[23:35:49] [10/326] SRLT
[23:35:50] 🔄 Identity reset
[23:35:50] 🔄 Identity rotated (every 10 requests)
[23:35:50] [11/326] RCNS
[23:35:52] [12/326] DCBH
[23:35:53] [13/326] NAGJ
[23:35:54] [14/326] JVRC
[23:35:55] [15/326] KRJG
[23:35:56] [16/326] SRTJ
[23:35:57] [17/326] CMXM
[23:35:57] [18/326] STMI
[23:35:58] [19/326] SLST
[23:35:59] [20/326] DTCN
[23:36:00] 🔄 Identity reset
[23:36:00] 🔄 Identity rotated (every 10 requests)
[23:36:00] [21/326] STYN
[23:36:01] [22/326] SZVR
[23:36:02] [23/326] SRKO
[23:36:03] [24/326] JTGT
[23:36:04] [25/326] SVFD
[23:36:05] [26/326] SISD
[23:36:06] [27/326] ABDD
[23:36:06] [28/326] DRCA
[23:36:07] [29/326] AVCS
[23:36:08] [30/326] MVKH
[23:36:09] 🔄 Identity reset
[23:36:09] 🔄 Identity rotated (every 10 requests)
[23:36:09] [31/326] ACPR
[23:36:10] [32/326] STIP
[23:36:11] [33/326] MTRA
[23:36:12] [34/326] RMKH
[23:36:13] [35/326] NKRL
[23:36:14] [36/326] PCWN
[23:36:16] [37/326] BLMT
[23:36:16] [38/326] GDPG
[23:36:17] [39/326] SRMX
[23:36:18] [40/326] JACP
[23:36:19] 🔄 Identity reset
[23:36:19] 🔄 Identity rotated (every 10 requests)
[23:36:19] [41/326] CPSH
[23:36:20] [42/326] MCCD
[23:36:21] [43/326] ECGH
[23:36:22] [44/326] MKCK
[23:36:23] [45/326] SRMM
[23:36:24] [46/326] SKYR
[23:36:25] [47/326] PCKC
[23:36:26] [48/326] JCMA
[23:36:27] [49/326] BSMP
[23:36:28] [50/326] VSPA
[23:36:29] 🔄 Identity reset
[23:36:29] 🔄 Identity rotated (every 10 requests)
[23:36:29] [51/326] DJYA
[23:36:30] [52/326] DIMP
[23:36:31] [53/326] FXDR
[23:36:32] [54/326] SSRC
[23:36:33] [55/326] STHP
[23:36:34] [56/326] CPPD
[23:36:35] [57/326] FCLK
[23:36:36] [58/326] SCPP
[23:36:37] [59/326] DCMJ
[23:36:38] [60/326] RCCR
[23:36:39] 🔄 Identity reset
[23:36:39] 🔄 Identity rotated (every 10 requests)
[23:36:39] [61/326] INMT
[23:36:40] [62/326] LXTK
[23:36:41] [63/326] SRYK
[23:36:42] [64/326] SGDK
[23:36:43] [65/326] PPKA
[23:36:44] [66/326] SPKA
[23:36:44] [67/326] CGHH
[23:36:45] [68/326] DCJN
[23:36:46] [69/326] SRKV
[23:36:47] [70/326] SAJC
[23:36:48] 🔄 Identity reset
[23:36:48] 🔄 Identity rotated (every 10 requests)
[23:36:48] [71/326] SUSR
[23:36:49] [72/326] STYG
[23:36:50] [73/326] NTKP
[23:36:52] [74/326] AKTG
[23:36:53] [75/326] CGCM
[23:36:54] [76/326] TULC
[23:36:55] [77/326] NYYZ
[23:36:56] [78/326] NYBW
[23:36:57] [79/326] MACB
[23:36:58] [80/326] SLVT
[23:36:58] 🔄 Identity reset
[23:36:58] 🔄 Identity rotated (every 10 requests)
[23:36:58] [81/326] SANA
[23:36:59] [82/326] ACMR
[23:37:00] [83/326] CPKN
[23:37:01] [84/326] DLGK
[23:37:02] [85/326] CWCK
[23:37:03] [86/326] FDDH
[23:37:04] [87/326] MMMD
[23:37:04] [88/326] CMEH
[23:37:05] [89/326] GGGV
[23:37:06] [90/326] SPJL
[23:37:07] 🔄 Identity reset
[23:37:07] 🔄 Identity rotated (every 10 requests)
[23:37:07] [91/326] RCCD
[23:37:08] [92/326] STTZ
[23:37:09] [93/326] BTCF
[23:37:10] [94/326] TSTZ
[23:37:11] [95/326] IPMM
[23:37:12] [96/326] PMPW
[23:37:13] [97/326] PCMZ
[23:37:14] [98/326] ESEM
[23:37:15] [99/326] PIPO
[23:37:16] [100/326] MATK
[23:37:16] 🔄 Identity reset
[23:37:16] 🔄 Identity rotated (every 10 requests)
[23:37:17] [101/326] PGHM
[23:37:18] [102/326] CTSR
[23:37:19] [103/326] CYKR
[23:37:20] [104/326] MSCM
[23:37:20] [105/326] RFNP
[23:37:21] [106/326] PDCP
[23:37:22] [107/326] NPSE
[23:37:23] [108/326] MKML
[23:37:24] [109/326] FTDP
[23:37:25] [110/326] MMXA
[23:37:26] 🔄 Identity reset
[23:37:26] 🔄 Identity rotated (every 10 requests)
[23:37:27] [111/326] CEPO
[23:37:28] [112/326] CMVP
[23:37:29] [113/326] SGTH
[23:37:30] [114/326] SAYN
[23:37:31] [115/326] URVS
[23:37:33] [116/326] VJTN
[23:37:34] [117/326] BBYK
[23:37:35] [118/326] SHBO
[23:37:36] [119/326] VCMR
[23:37:37] [120/326] MACT
[23:37:37] 🔄 Identity reset
[23:37:37] 🔄 Identity rotated (every 10 requests)
[23:37:38] [121/326] JMNP
[23:37:38] [122/326] VICS
[23:37:39] [123/326] VCDA
[23:37:40] [124/326] GCMM
[23:37:41] [125/326] INVS
[23:37:42] [126/326] SCGM
[23:37:43] [127/326] PCDA
[23:37:44] [128/326] KDCT
[23:37:45] [129/326] JACS
[23:37:46] [130/326] GMMC
[23:37:47] 🔄 Identity reset
[23:37:47] 🔄 Identity rotated (every 10 requests)
[23:37:47] [131/326] AICM
[23:37:48] [132/326] TJCM
[23:37:49] [133/326] RMTI
[23:37:50] [134/326] SHAC
[23:37:52] [135/326] APJC
[23:37:53] [136/326] GCTG
[23:37:54] [137/326] SSMC
[23:37:55] [138/326] THRM
[23:37:56] [139/326] RBCT
[23:37:57] [140/326] DIKT
[23:37:57] 🔄 Identity reset
[23:37:57] 🔄 Identity rotated (every 10 requests)
[23:37:58] [141/326] MIDL
[23:37:59] [142/326] VCSN
[23:38:00] [143/326] SKTG
[23:38:01] [144/326] SMWC
[23:38:03] [145/326] MNKH
[23:38:04] [146/326] PIAT
[23:38:05] [147/326] LTTP
[23:38:06] [148/326] PTPU
[23:38:06] [149/326] ACMG
[23:38:07] [150/326] SHMM
[23:38:08] 🔄 Identity reset
[23:38:08] 🔄 Identity rotated (every 10 requests)
[23:38:09] [151/326] MCMN
[23:38:09] [152/326] GLDC
[23:38:10] [153/326] HOUT
[23:38:11] [154/326] SVRP
[23:38:12] [155/326] PVDN
[23:38:13] [156/326] SCPY
[23:38:14] [157/326] DTPY
[23:38:15] [158/326] GKCS
[23:38:16] [159/326] NCAM
[23:38:17] [160/326] BSRM
[23:38:18] 🔄 Identity reset
[23:38:18] 🔄 Identity rotated (every 10 requests)
[23:38:18] [161/326] RCLC
[23:38:19] [162/326] SKKD
[23:38:20] [163/326] ACHU
[23:38:21] [164/326] RSCF
[23:38:22] [165/326] IMSH
[23:38:23] [166/326] MACX
[23:38:24] [167/326] HMMW
[23:38:24] [168/326] JTCP
[23:38:25] [169/326] SREN
[23:38:26] [170/326] PJRR
[23:38:27] 🔄 Identity reset
[23:38:27] 🔄 Identity rotated (every 10 requests)
[23:38:27] [171/326] INAC
[23:38:28] [172/326] BMCA
[23:38:29] [173/326] SHCB
[23:38:30] [174/326] GABA
[23:38:32] [175/326] SBCT
[23:38:33] [176/326] GCMA
[23:38:34] [177/326] MYTK
[23:38:34] [178/326] INZS
[23:38:35] [179/326] RMIK
[23:38:36] [180/326] NYCH
[23:38:37] 🔄 Identity reset
[23:38:37] 🔄 Identity rotated (every 10 requests)
[23:38:37] [181/326] RAVE
[23:38:38] [182/326] PSXM
[23:38:39] [183/326] MCGP
[23:38:40] [184/326] PDDK
[23:38:41] [185/326] SPCK
[23:38:42] [186/326] MCRL
[23:38:43] [187/326] MHKT
[23:38:44] [188/326] ANRR
[23:38:45] [189/326] SAPK
[23:38:46] [190/326] NCUK
[23:38:47] 🔄 Identity reset
[23:38:47] 🔄 Identity rotated (every 10 requests)
[23:38:47] [191/326] JUGA
[23:38:48] [192/326] DBSC
[23:38:49] [193/326] LALK
[23:38:50] [194/326] GUCK
[23:38:52] [195/326] STSG
[23:38:53] [196/326] PPPZ
[23:38:54] [197/326] CNCY
[23:38:55] [198/326] MTAR
[23:38:56] [199/326] VNKD
[23:38:57] [200/326] KMAJ
[23:38:57] 🔄 Identity reset
[23:38:57] 🔄 Identity rotated (every 10 requests)
[23:38:57] [201/326] ACXK
[23:38:59] [202/326] UTKC
[23:39:01] [203/326] PBLK
[23:39:02] [204/326] ACBX
[23:39:03] [205/326] PTGM
[23:39:04] [206/326] BTDA
[23:39:05] [207/326] PJMB
[23:39:06] [208/326] TPDA
[23:39:06] [209/326] AMOE
[23:39:08] [210/326] PRHT
[23:39:09] 🔄 Identity reset
[23:39:09] 🔄 Identity rotated (every 10 requests)
[23:39:09] [211/326] PRTA
[23:39:10] [212/326] STAM
[23:39:11] [213/326] MSAA
[23:39:12] [214/326] SDLU
[23:39:13] [215/326] RCHH
[23:39:14] [216/326] KANT
[23:39:15] [217/326] FCRT
[23:39:16] [218/326] DNKM
[23:39:17] [219/326] RYCP
[23:39:18] [220/326] MYRP
[23:39:18] 🔄 Identity reset
[23:39:18] 🔄 Identity rotated (every 10 requests)
[23:39:19] [221/326] PPAK
[23:39:20] [222/326] NVPK
[23:39:21] [223/326] PRMC
[23:39:23] [224/326] JBCS
[23:39:24] [225/326] GXCK
[23:39:25] [226/326] USKO
[23:39:26] [227/326] GTEM
[23:39:27] [228/326] SMBU
[23:39:28] [229/326] VETC
[23:39:29] [230/326] LCDA
[23:39:29] 🔄 Identity reset
[23:39:29] 🔄 Identity rotated (every 10 requests)
[23:39:30] [231/326] MTVT
[23:39:31] [232/326] PYCP
[23:39:32] [233/326] PNSC
[23:39:33] [234/326] PPCC
[23:39:34] [235/326] TGRT
[23:39:35] [236/326] JYOT
[23:39:36] [237/326] SRCZ
[23:39:37] [238/326] SJTE
[23:39:39] [239/326] DESC
[23:39:40] [240/326] JHVN
[23:39:40] 🔄 Identity reset
[23:39:40] 🔄 Identity rotated (every 10 requests)
[23:39:41] [241/326] IPSG
[23:39:42] [242/326] IPCM
[23:39:42] [243/326] PDRS
[23:39:43] [244/326] ANCV
[23:39:44] [245/326] CMVV
[23:39:45] [246/326] SHYP
[23:39:46] [247/326] DNCS
[23:39:47] [248/326] GAJK
[23:39:48] [249/326] AKTN
[23:39:49] [250/326] KAYA
[23:39:49] 🔄 Identity reset
[23:39:49] 🔄 Identity rotated (every 10 requests)
[23:39:50] [251/326] SBRC
[23:39:50] [252/326] CHTP
[23:39:51] [253/326] SHRT
[23:39:52] [254/326] BCKU
[23:39:53] [255/326] FCPS
[23:39:54] [256/326] ARDD
[23:39:55] [257/326] CPCM
[23:39:56] [258/326] CGSM
[23:39:57] [259/326] PSMP
[23:39:58] [260/326] SDAL
[23:39:58] 🔄 Identity reset
[23:39:58] 🔄 Identity rotated (every 10 requests)
[23:39:59] [261/326] RTNB
[23:40:00] [262/326] LMCR
[23:40:01] [263/326] CIMA
[23:40:02] [264/326] RNAS
[23:40:03] [265/326] LITH
[23:40:04] [266/326] PBOX
[23:40:05] [267/326] FRTS
[23:40:06] [268/326] RKIC
[23:40:07] [269/326] PTAI
[23:40:09] [270/326] GCIC
[23:40:09] 🔄 Identity reset
[23:40:09] 🔄 Identity rotated (every 10 requests)
[23:40:10] [271/326] FNAS
[23:40:11] [272/326] SCAR
[23:40:12] [273/326] MTCA
[23:40:13] [274/326] SCTS
[23:40:13] [275/326] SYCS
[23:40:14] [276/326] RDMS
[23:40:15] [277/326] KAMP
[23:40:16] [278/326] ERSD
[23:40:17] [279/326] MJMJ
[23:40:18] [280/326] SRCJ
[23:40:19] 🔄 Identity reset
[23:40:19] 🔄 Identity rotated (every 10 requests)
[23:40:20] [281/326] SCXE
[23:40:21] [282/326] SVFR
[23:40:22] [283/326] BHCS
[23:40:23] [284/326] IMCC
[23:40:24] [285/326] PCBO
[23:40:25] [286/326] PRVN
[23:40:26] [287/326] AUPM
[23:40:27] [288/326] INBW
[23:40:28] [289/326] SVCW
[23:40:29] [290/326] RKCF
[23:40:29] 🔄 Identity reset
[23:40:29] 🔄 Identity rotated (every 10 requests)
[23:40:30] [291/326] UVBH
[23:40:31] [292/326] DNCY
[23:40:31] [293/326] ABCN
[23:40:33] [294/326] PRUR
[23:40:35] [295/326] PFMR
[23:40:36] [296/326] RKCN
[23:40:37] [297/326] CFEA
[23:40:38] [298/326] SDBG
[23:40:40] [299/326] SNAR
[23:40:41] [300/326] YISI
[23:40:42] 🔄 Identity reset
[23:40:42] 🔄 Identity rotated (every 10 requests)
[23:40:42] [301/326] JCFF
[23:40:43] [302/326] VTRK
[23:40:44] [303/326] PCLZ
[23:40:45] [304/326] DIMY
[23:40:46] [305/326] BBTS
[23:40:47] [306/326] GATH
[23:40:48] [307/326] GTMN
[23:40:49] [308/326] VTMH
[23:40:50] [309/326] CCKP
[23:40:51] [310/326] GPKA
[23:40:52] 🔄 Identity reset
[23:40:52] 🔄 Identity rotated (every 10 requests)
[23:40:53] [311/326] MHCL
[23:40:54] [312/326] ATCL
[23:40:55] [313/326] SBCK
[23:40:56] [314/326] AMMR
[23:40:57] [315/326] MADC
[23:40:58] [316/326] TMMA
[23:40:59] [317/326] CACC
[23:41:00] [318/326] CHAL
[23:41:01] [319/326] DURG
[23:41:02] [320/326] GMKU
[23:41:02] 🔄 Identity reset
[23:41:02] 🔄 Identity rotated (every 10 requests)
[23:41:03] [321/326] GECA
[23:41:04] [322/326] KYRR
[23:41:05] [323/326] KSDE
[23:41:06] [324/326] LMCI
[23:41:07] [325/326] NKCP
[23:41:09] [326/326] BGTC
[23:41:10] 🧹 Deduping shows
[23:41:10] ✅ DONE | Shows=504 | Movies=29
[22:21:52] 🚀 SCRIPT STARTED (enhanced anti‑detection)
[22:21:52] [1/326] BSAT
[22:21:53] 🧠 New identity created
[22:21:53] [2/326] RSSM
[22:21:54] [3/326] GCTA
[22:21:55] [4/326] TOPN
[22:21:56] [5/326] MCUS
[22:21:57] [6/326] SHRL
[22:21:58] [7/326] UPTP
[22:21:59] [8/326] TMMP
[22:22:00] [9/326] DNRP
[22:22:01] [10/326] SRLT
[22:22:01] 🔄 Identity reset
[22:22:01] 🔄 Identity rotated (every 10 requests)
[22:22:02] [11/326] RCNS
[22:22:03] [12/326] DCBH
[22:22:04] [13/326] NAGJ
[22:22:05] [14/326] JVRC
[22:22:06] [15/326] KRJG
[22:22:06] [16/326] SRTJ
[22:22:07] [17/326] CMXM
[22:22:08] [18/326] STMI
[22:22:10] [19/326] SLST
[22:22:11] [20/326] DTCN
[22:22:11] 🔄 Identity reset
[22:22:11] 🔄 Identity rotated (every 10 requests)
[22:22:11] [21/326] STYN
[22:22:12] [22/326] SZVR
[22:22:13] [23/326] SRKO
[22:22:14] [24/326] JTGT
[22:22:15] [25/326] SVFD
[22:22:16] [26/326] SISD
[22:22:16] [27/326] ABDD
[22:22:17] [28/326] DRCA
[22:22:18] [29/326] AVCS
[22:22:19] [30/326] MVKH
[22:22:20] 🔄 Identity reset
[22:22:20] 🔄 Identity rotated (every 10 requests)
[22:22:20] 🔄 Retry 1/5 for MVKH in 2.0s
[22:22:20] 🔄 Identity reset
[22:22:22] 🧠 New identity created
[22:22:22] [31/326] ACPR
[22:22:23] [32/326] STIP
[22:22:24] [33/326] MTRA
[22:22:24] [34/326] RMKH
[22:22:25] [35/326] NKRL
[22:22:26] [36/326] PCWN
[22:22:27] [37/326] BLMT
[22:22:28] [38/326] GDPG
[22:22:28] [39/326] SRMX
[22:22:29] 🔄 Identity reset
[22:22:29] 🔄 Identity rotated (every 10 requests)
[22:22:29] [40/326] JACP
[22:22:30] [41/326] CPSH
[22:22:31] [42/326] MCCD
[22:22:32] [43/326] ECGH
[22:22:33] [44/326] MKCK
[22:22:34] [45/326] SRMM
[22:22:35] [46/326] SKYR
[22:22:36] [47/326] PCKC
[22:22:37] [48/326] JCMA
[22:22:38] [49/326] BSMP
[22:22:38] 🔄 Identity reset
[22:22:38] 🔄 Identity rotated (every 10 requests)
[22:22:39] [50/326] VSPA
[22:22:39] [51/326] DJYA
[22:22:40] [52/326] DIMP
[22:22:41] [53/326] FXDR
[22:22:43] [54/326] SSRC
[22:22:44] [55/326] STHP
[22:22:44] [56/326] CPPD
[22:22:45] [57/326] FCLK
[22:22:46] [58/326] SCPP
[22:22:47] [59/326] DCMJ
[22:22:48] 🔄 Identity reset
[22:22:48] 🔄 Identity rotated (every 10 requests)
[22:22:48] [60/326] RCCR
[22:22:49] [61/326] INMT
[22:22:50] [62/326] LXTK
[22:22:51] [63/326] SRYK
[22:22:51] [64/326] SGDK
[22:22:52] [65/326] PPKA
[22:22:53] [66/326] SPKA
[22:22:54] [67/326] CGHH
[22:22:55] [68/326] DCJN
[22:22:55] [69/326] SRKV
[22:22:56] 🔄 Identity reset
[22:22:56] 🔄 Identity rotated (every 10 requests)
[22:22:56] [70/326] SAJC
[22:22:57] [71/326] SUSR
[22:22:58] [72/326] STYG
[22:23:00] [73/326] NTKP
[22:23:00] [74/326] AKTG
[22:23:01] [75/326] CGCM
[22:23:02] [76/326] TULC
[22:23:03] [77/326] NYYZ
[22:23:04] [78/326] NYBW
[22:23:05] [79/326] MACB
[22:23:06] 🔄 Identity reset
[22:23:06] 🔄 Identity rotated (every 10 requests)
[22:23:06] [80/326] SLVT
[22:23:07] [81/326] SANA
[22:23:08] [82/326] ACMR
[22:23:09] [83/326] CPKN
[22:23:10] [84/326] DLGK
[22:23:11] [85/326] CWCK
[22:23:11] [86/326] FDDH
[22:23:13] [87/326] MMMD
[22:23:14] [88/326] CMEH
[22:23:15] [89/326] GGGV
[22:23:15] 🔄 Identity reset
[22:23:15] 🔄 Identity rotated (every 10 requests)
[22:23:16] [90/326] SPJL
[22:23:17] [91/326] RCCD
[22:23:18] [92/326] STTZ
[22:23:20] [93/326] BTCF
[22:23:20] [94/326] TSTZ
[22:23:21] [95/326] IPMM
[22:23:22] [96/326] PMPW
[22:23:23] [97/326] PCMZ
[22:23:24] [98/326] ESEM
[22:23:25] [99/326] PIPO
[22:23:26] 🔄 Identity reset
[22:23:26] 🔄 Identity rotated (every 10 requests)
[22:23:26] [100/326] MATK
[22:23:27] [101/326] PGHM
[22:23:28] [102/326] CTSR
[22:23:29] [103/326] CYKR
[22:23:30] [104/326] MSCM
[22:23:32] [105/326] RFNP
[22:23:33] [106/326] PDCP
[22:23:34] [107/326] NPSE
[22:23:34] [108/326] MKML
[22:23:35] [109/326] FTDP
[22:23:36] 🔄 Identity reset
[22:23:36] 🔄 Identity rotated (every 10 requests)
[22:23:36] [110/326] MMXA
[22:23:37] [111/326] CEPO
[22:23:38] [112/326] CMVP
[22:23:39] [113/326] SGTH
[22:23:40] [114/326] SAYN
[22:23:41] [115/326] URVS
[22:23:42] [116/326] VJTN
[22:23:43] [117/326] BBYK
[22:23:44] [118/326] SHBO
[22:23:44] [119/326] VCMR
[22:23:45] 🔄 Identity reset
[22:23:45] 🔄 Identity rotated (every 10 requests)
[22:23:45] [120/326] MACT
[22:23:46] [121/326] JMNP
[22:23:47] [122/326] VICS
[22:23:48] [123/326] VCDA
[22:23:49] [124/326] GCMM
[22:23:49] [125/326] INVS
[22:23:50] [126/326] SCGM
[22:23:51] [127/326] PCDA
[22:23:52] [128/326] KDCT
[22:23:53] [129/326] JACS
[22:23:53] 🔄 Identity reset
[22:23:54] 🔄 Identity rotated (every 10 requests)
[22:23:54] [130/326] GMMC
[22:23:56] [131/326] AICM
[22:23:57] [132/326] TJCM
[22:23:57] [133/326] RMTI
[22:23:58] [134/326] SHAC
[22:23:59] [135/326] APJC
[22:24:00] [136/326] GCTG
[22:24:01] [137/326] SSMC
[22:24:02] [138/326] THRM
[22:24:04] [139/326] RBCT
[22:24:04] 🔄 Identity reset
[22:24:04] 🔄 Identity rotated (every 10 requests)
[22:24:05] [140/326] DIKT
[22:24:05] [141/326] MIDL
[22:24:06] [142/326] VCSN
[22:24:07] [143/326] SKTG
[22:24:08] [144/326] SMWC
[22:24:09] [145/326] MNKH
[22:24:10] [146/326] PIAT
[22:24:11] [147/326] LTTP
[22:24:12] [148/326] PTPU
[22:24:13] [149/326] ACMG
[22:24:14] 🔄 Identity reset
[22:24:14] 🔄 Identity rotated (every 10 requests)
[22:24:14] [150/326] SHMM
[22:24:15] [151/326] MCMN
[22:24:16] [152/326] GLDC
[22:24:17] [153/326] HOUT
[22:24:18] [154/326] SVRP
[22:24:19] [155/326] PVDN
[22:24:19] [156/326] SCPY
[22:24:20] [157/326] DTPY
[22:24:21] [158/326] GKCS
[22:24:22] [159/326] NCAM
[22:24:23] 🔄 Identity reset
[22:24:23] 🔄 Identity rotated (every 10 requests)
[22:24:23] 🔄 Retry 1/5 for NCAM in 2.0s
[22:24:23] 🔄 Identity reset
[22:24:25] 🧠 New identity created
[22:24:25] [160/326] BSRM
[22:24:26] [161/326] RCLC
[22:24:27] [162/326] SKKD
[22:24:28] [163/326] ACHU
[22:24:29] [164/326] RSCF
[22:24:29] [165/326] IMSH
[22:24:30] [166/326] MACX
[22:24:31] [167/326] HMMW
[22:24:32] [168/326] JTCP
[22:24:33] 🔄 Identity reset
[22:24:33] 🔄 Identity rotated (every 10 requests)
[22:24:34] [169/326] SREN
[22:24:34] [170/326] PJRR
[22:24:36] [171/326] INAC
[22:24:37] [172/326] BMCA
[22:24:38] [173/326] SHCB
[22:24:38] [174/326] GABA
[22:24:39] [175/326] SBCT
[22:24:40] [176/326] GCMA
[22:24:41] [177/326] MYTK
[22:24:42] [178/326] INZS
[22:24:42] 🔄 Identity reset
[22:24:42] 🔄 Identity rotated (every 10 requests)
[22:24:43] [179/326] RMIK
[22:24:44] [180/326] NYCH
[22:24:44] [181/326] RAVE
[22:24:45] [182/326] PSXM
[22:24:46] [183/326] MCGP
[22:24:47] [184/326] PDDK
[22:24:48] [185/326] SPCK
[22:24:49] [186/326] MCRL
[22:24:49] [187/326] MHKT
[22:24:50] [188/326] ANRR
[22:24:51] 🔄 Identity reset
[22:24:51] 🔄 Identity rotated (every 10 requests)
[22:24:51] [189/326] SAPK
[22:24:53] [190/326] NCUK
[22:24:54] [191/326] JUGA
[22:24:55] [192/326] DBSC
[22:24:56] [193/326] LALK
[22:24:57] [194/326] GUCK
[22:24:58] [195/326] STSG
[22:24:59] [196/326] PPPZ
[22:25:00] [197/326] CNCY
[22:25:00] [198/326] MTAR
[22:25:01] 🔄 Identity reset
[22:25:01] 🔄 Identity rotated (every 10 requests)
[22:25:01] [199/326] VNKD
[22:25:02] [200/326] KMAJ
[22:25:03] [201/326] ACXK
[22:25:04] [202/326] UTKC
[22:25:05] [203/326] PBLK
[22:25:06] [204/326] ACBX
[22:25:07] [205/326] PTGM
[22:25:07] [206/326] BTDA
[22:25:08] [207/326] PJMB
[22:25:09] [208/326] TPDA
[22:25:09] 🔄 Identity reset
[22:25:09] 🔄 Identity rotated (every 10 requests)
[22:25:10] [209/326] AMOE
[22:25:11] [210/326] PRHT
[22:25:12] [211/326] PRTA
[22:25:13] [212/326] STAM
[22:25:14] [213/326] MSAA
[22:25:15] [214/326] SDLU
[22:25:16] [215/326] RCHH
[22:25:17] [216/326] KANT
[22:25:17] [217/326] FCRT
[22:25:18] [218/326] DNKM
[22:25:19] 🔄 Identity reset
[22:25:19] 🔄 Identity rotated (every 10 requests)
[22:25:19] [219/326] RYCP
[22:25:20] [220/326] MYRP
[22:25:21] [221/326] PPAK
[22:25:22] [222/326] NVPK
[22:25:23] [223/326] PRMC
[22:25:24] [224/326] JBCS
[22:25:25] [225/326] GXCK
[22:25:26] [226/326] USKO
[22:25:27] [227/326] GTEM
[22:25:28] [228/326] SMBU
[22:25:28] 🔄 Identity reset
[22:25:28] 🔄 Identity rotated (every 10 requests)
[22:25:28] [229/326] VETC
[22:25:29] [230/326] LCDA
[22:25:30] [231/326] MTVT
[22:25:31] [232/326] PYCP
[22:25:32] [233/326] PNSC
[22:25:33] [234/326] PPCC
[22:25:33] [235/326] TGRT
[22:25:34] [236/326] JYOT
[22:25:35] [237/326] SRCZ
[22:25:36] [238/326] SJTE
[22:25:36] 🔄 Identity reset
[22:25:36] 🔄 Identity rotated (every 10 requests)
[22:25:37] [239/326] DESC
[22:25:38] [240/326] JHVN
[22:25:39] [241/326] IPSG
[22:25:39] [242/326] IPCM
[22:25:40] [243/326] PDRS
[22:25:41] [244/326] ANCV
[22:25:42] [245/326] CMVV
[22:25:43] [246/326] SHYP
[22:25:43] [247/326] DNCS
[22:25:44] [248/326] GAJK
[22:25:45] 🔄 Identity reset
[22:25:45] 🔄 Identity rotated (every 10 requests)
[22:25:45] [249/326] AKTN
[22:25:46] [250/326] KAYA
[22:25:47] [251/326] SBRC
[22:25:48] [252/326] CHTP
[22:25:49] [253/326] SHRT
[22:25:50] [254/326] BCKU
[22:25:51] [255/326] FCPS
[22:25:51] [256/326] ARDD
[22:25:53] [257/326] CPCM
[22:25:54] [258/326] CGSM
[22:25:55] 🔄 Identity reset
[22:25:55] 🔄 Identity rotated (every 10 requests)
[22:25:55] [259/326] PSMP
[22:25:56] [260/326] SDAL
[22:25:57] [261/326] RTNB
[22:25:58] [262/326] LMCR
[22:25:59] [263/326] CIMA
[22:26:00] [264/326] RNAS
[22:26:01] [265/326] LITH
[22:26:02] [266/326] PBOX
[22:26:03] [267/326] FRTS
[22:26:04] [268/326] RKIC
[22:26:05] 🔄 Identity reset
[22:26:05] 🔄 Identity rotated (every 10 requests)
[22:26:05] [269/326] PTAI
[22:26:06] [270/326] GCIC
[22:26:07] [271/326] FNAS
[22:26:07] [272/326] SCAR
[22:26:08] [273/326] MTCA
[22:26:09] [274/326] SCTS
[22:26:10] [275/326] SYCS
[22:26:11] [276/326] RDMS
[22:26:12] [277/326] KAMP
[22:26:12] [278/326] ERSD
[22:26:13] 🔄 Identity reset
[22:26:13] 🔄 Identity rotated (every 10 requests)
[22:26:13] [279/326] MJMJ
[22:26:14] [280/326] SRCJ
[22:26:15] [281/326] SCXE
[22:26:16] [282/326] SVFR
[22:26:17] [283/326] BHCS
[22:26:18] [284/326] IMCC
[22:26:19] [285/326] PCBO
[22:26:20] [286/326] PRVN
[22:26:21] [287/326] AUPM
[22:26:21] [288/326] INBW
[22:26:22] 🔄 Identity reset
[22:26:22] 🔄 Identity rotated (every 10 requests)
[22:26:22] [289/326] SVCW
[22:26:23] [290/326] RKCF
[22:26:24] [291/326] UVBH
[22:26:25] [292/326] DNCY
[22:26:26] [293/326] ABCN
[22:26:27] [294/326] PRUR
[22:26:28] [295/326] PFMR
[22:26:29] [296/326] RKCN
[22:26:30] [297/326] CFEA
[22:26:31] [298/326] SDBG
[22:26:32] 🔄 Identity reset
[22:26:32] 🔄 Identity rotated (every 10 requests)
[22:26:32] 🔄 Retry 1/5 for SDBG in 3.0s
[22:26:32] 🔄 Identity reset
[22:26:35] 🧠 New identity created
[22:26:35] [299/326] SNAR
[22:26:36] [300/326] YISI
[22:26:37] [301/326] JCFF
[22:26:38] [302/326] VTRK
[22:26:38] [303/326] PCLZ
[22:26:40] [304/326] DIMY
[22:26:41] [305/326] BBTS
[22:26:41] [306/326] GATH
[22:26:42] [307/326] GTMN
[22:26:43] 🔄 Identity reset
[22:26:43] 🔄 Identity rotated (every 10 requests)
[22:26:43] [308/326] VTMH
[22:26:44] [309/326] CCKP
[22:26:45] [310/326] GPKA
[22:26:46] [311/326] MHCL
[22:26:47] [312/326] ATCL
[22:26:48] [313/326] SBCK
[22:26:48] [314/326] AMMR
[22:26:49] [315/326] MADC
[22:26:50] [316/326] TMMA
[22:26:51] [317/326] CACC
[22:26:52] 🔄 Identity reset
[22:26:52] 🔄 Identity rotated (every 10 requests)
[22:26:52] [318/326] CHAL
[22:26:53] [319/326] DURG
[22:26:54] [320/326] GMKU
[22:26:55] [321/326] GECA
[22:26:55] [322/326] KYRR
[22:26:56] [323/326] KSDE
[22:26:57] [324/326] LMCI
[22:26:58] [325/326] NKCP
[22:26:59] [326/326] BGTC
[22:26:59] 🧹 Deduping shows
[22:26:59] ✅ DONE | Shows=679 | Movies=33
[04:22:11] 🚀 SCRIPT STARTED (enhanced anti‑detection)
[04:22:11] [1/326] BSAT
[04:22:12] 🧠 New identity created
[04:22:13] [2/326] RSSM
[04:22:14] [3/326] GCTA
[04:22:15] [4/326] TOPN
[04:22:16] [5/326] MCUS
[04:22:17] [6/326] SHRL
[04:22:18] [7/326] UPTP
[04:22:20] [8/326] TMMP
[04:22:21] [9/326] DNRP
[04:22:21] [10/326] SRLT
[04:22:22] 🔄 Identity reset
[04:22:22] 🔄 Identity rotated (every 10 requests)
[04:22:23] [11/326] RCNS
[04:22:23] [12/326] DCBH
[04:22:24] [13/326] NAGJ
[04:22:25] [14/326] JVRC
[04:22:26] [15/326] KRJG
[04:22:27] [16/326] SRTJ
[04:22:28] [17/326] CMXM
[04:22:30] [18/326] STMI
[04:22:31] [19/326] SLST
[04:22:32] [20/326] DTCN
[04:22:33] 🔄 Identity reset
[04:22:33] 🔄 Identity rotated (every 10 requests)
[04:22:33] [21/326] STYN
[04:22:34] [22/326] SZVR
[04:22:35] [23/326] SRKO
[04:22:36] [24/326] JTGT
[04:22:37] [25/326] SVFD
[04:22:38] [26/326] SISD
[04:22:39] [27/326] ABDD
[04:22:40] [28/326] DRCA
[04:22:41] [29/326] AVCS
[04:22:42] [30/326] MVKH
[04:22:42] 🔄 Identity reset
[04:22:42] 🔄 Identity rotated (every 10 requests)
[04:22:44] [31/326] ACPR
[04:22:45] [32/326] STIP
[04:22:46] [33/326] MTRA
[04:22:47] [34/326] RMKH
[04:22:47] [35/326] NKRL
[04:22:48] [36/326] PCWN
[04:22:49] [37/326] BLMT
[04:22:50] [38/326] GDPG
[04:22:52] [39/326] SRMX
[04:22:53] [40/326] JACP
[04:22:53] 🔄 Identity reset
[04:22:53] 🔄 Identity rotated (every 10 requests)
[04:22:54] [41/326] CPSH
[04:22:55] [42/326] MCCD
[04:22:55] [43/326] ECGH
[04:22:57] [44/326] MKCK
[04:22:58] [45/326] SRMM
[04:22:59] [46/326] SKYR
[04:23:00] [47/326] PCKC
[04:23:01] [48/326] JCMA
[04:23:02] [49/326] BSMP
[04:23:03] [50/326] VSPA
[04:23:03] 🔄 Identity reset
[04:23:03] 🔄 Identity rotated (every 10 requests)
[04:23:04] [51/326] DJYA
[04:23:05] [52/326] DIMP
[04:23:06] [53/326] FXDR
[04:23:07] [54/326] SSRC
[04:23:08] [55/326] STHP
[04:23:09] [56/326] CPPD
[04:23:10] [57/326] FCLK
[04:23:10] [58/326] SCPP
[04:23:11] [59/326] DCMJ
[04:23:12] [60/326] RCCR
[04:23:13] 🔄 Identity reset
[04:23:13] 🔄 Identity rotated (every 10 requests)
[04:23:13] [61/326] INMT
[04:23:14] [62/326] LXTK
[04:23:15] [63/326] SRYK
[04:23:16] [64/326] SGDK
[04:23:17] [65/326] PPKA
[04:23:18] [66/326] SPKA
[04:23:19] [67/326] CGHH
[04:23:20] [68/326] DCJN
[04:23:21] [69/326] SRKV
[04:23:22] [70/326] SAJC
[04:23:23] 🔄 Identity reset
[04:23:23] 🔄 Identity rotated (every 10 requests)
[04:23:24] [71/326] SUSR
[04:23:25] [72/326] STYG
[04:23:26] [73/326] NTKP
[04:23:27] [74/326] AKTG
[04:23:28] [75/326] CGCM
[04:23:29] [76/326] TULC
[04:23:29] [77/326] NYYZ
[04:23:30] [78/326] NYBW
[04:23:31] [79/326] MACB
[04:23:32] [80/326] SLVT
[04:23:33] 🔄 Identity reset
[04:23:33] 🔄 Identity rotated (every 10 requests)
[04:23:33] [81/326] SANA
[04:23:34] [82/326] ACMR
[04:23:35] [83/326] CPKN
[04:23:36] [84/326] DLGK
[04:23:37] [85/326] CWCK
[04:23:38] [86/326] FDDH
[04:23:39] [87/326] MMMD
[04:23:39] [88/326] CMEH
[04:23:40] [89/326] GGGV
[04:23:41] [90/326] SPJL
[04:23:42] 🔄 Identity reset
[04:23:42] 🔄 Identity rotated (every 10 requests)
[04:23:42] [91/326] RCCD
[04:23:43] [92/326] STTZ
[04:23:44] [93/326] BTCF
[04:23:45] [94/326] TSTZ
[04:23:46] [95/326] IPMM
[04:23:47] [96/326] PMPW
[04:23:48] [97/326] PCMZ
[04:23:49] [98/326] ESEM
[04:23:50] [99/326] PIPO
[04:23:51] [100/326] MATK
[04:23:52] 🔄 Identity reset
[04:23:52] 🔄 Identity rotated (every 10 requests)
[04:23:52] [101/326] PGHM
[04:23:53] [102/326] CTSR
[04:23:54] [103/326] CYKR
[04:23:55] [104/326] MSCM
[04:23:56] [105/326] RFNP
[04:23:57] [106/326] PDCP
[04:23:58] [107/326] NPSE
[04:23:59] [108/326] MKML
[04:24:00] [109/326] FTDP
[04:24:01] [110/326] MMXA
[04:24:02] 🔄 Identity reset
[04:24:02] 🔄 Identity rotated (every 10 requests)
[04:24:02] [111/326] CEPO
[04:24:03] [112/326] CMVP
[04:24:04] [113/326] SGTH
[04:24:05] [114/326] SAYN
[04:24:06] [115/326] URVS
[04:24:07] [116/326] VJTN
[04:24:08] [117/326] BBYK
[04:24:09] [118/326] SHBO
[04:24:10] [119/326] VCMR
[04:24:11] [120/326] MACT
[04:24:12] 🔄 Identity reset
[04:24:12] 🔄 Identity rotated (every 10 requests)
[04:24:12] [121/326] JMNP
[04:24:13] [122/326] VICS
[04:24:14] [123/326] VCDA
[04:24:15] [124/326] GCMM
[04:24:16] [125/326] INVS
[04:24:17] [126/326] SCGM
[04:24:19] [127/326] PCDA
[04:24:20] [128/326] KDCT
[04:24:20] [129/326] JACS
[04:24:21] [130/326] GMMC
[04:24:22] 🔄 Identity reset
[04:24:22] 🔄 Identity rotated (every 10 requests)
[04:24:22] [131/326] AICM
[04:24:23] [132/326] TJCM
[04:24:24] [133/326] RMTI
[04:24:25] [134/326] SHAC
[04:24:26] [135/326] APJC
[04:24:27] [136/326] GCTG
[04:24:28] [137/326] SSMC
[04:24:29] [138/326] THRM
[04:24:30] [139/326] RBCT
[04:24:30] [140/326] DIKT
[04:24:31] 🔄 Identity reset
[04:24:31] 🔄 Identity rotated (every 10 requests)
[04:24:31] 🔄 Retry 1/5 for DIKT in 2.3s
[04:24:31] 🔄 Identity reset
[04:24:34] 🧠 New identity created
[04:24:35] [141/326] MIDL
[04:24:36] [142/326] VCSN
[04:24:37] [143/326] SKTG
[04:24:38] [144/326] SMWC
[04:24:38] [145/326] MNKH
[04:24:39] [146/326] PIAT
[04:24:40] [147/326] LTTP
[04:24:42] [148/326] PTPU
[04:24:44] [149/326] ACMG
[04:24:45] 🔄 Identity reset
[04:24:45] 🔄 Identity rotated (every 10 requests)
[04:24:45] [150/326] SHMM
[04:24:46] [151/326] MCMN
[04:24:47] [152/326] GLDC
[04:24:48] [153/326] HOUT
[04:24:49] [154/326] SVRP
[04:24:50] [155/326] PVDN
[04:24:51] [156/326] SCPY
[04:24:52] [157/326] DTPY
[04:24:54] [158/326] GKCS
[04:24:55] [159/326] NCAM
[04:24:56] 🔄 Identity reset
[04:24:56] 🔄 Identity rotated (every 10 requests)
[04:24:56] [160/326] BSRM
[04:24:57] [161/326] RCLC
[04:24:58] [162/326] SKKD
[04:24:59] [163/326] ACHU
[04:25:00] [164/326] RSCF
[04:25:01] [165/326] IMSH
[04:25:02] [166/326] MACX
[04:25:03] [167/326] HMMW
[04:25:04] [168/326] JTCP
[04:25:04] [169/326] SREN
[04:25:05] 🔄 Identity reset
[04:25:05] 🔄 Identity rotated (every 10 requests)
[04:25:06] [170/326] PJRR
[04:25:06] [171/326] INAC
[04:25:07] [172/326] BMCA
[04:25:08] [173/326] SHCB
[04:25:09] [174/326] GABA
[04:25:10] [175/326] SBCT
[04:25:11] [176/326] GCMA
[04:25:12] [177/326] MYTK
[04:25:14] [178/326] INZS
[04:25:15] [179/326] RMIK
[04:25:16] 🔄 Identity reset
[04:25:16] 🔄 Identity rotated (every 10 requests)
[04:25:17] [180/326] NYCH
[04:25:18] [181/326] RAVE
[04:25:18] [182/326] PSXM
[04:25:20] [183/326] MCGP
[04:25:21] [184/326] PDDK
[04:25:21] [185/326] SPCK
[04:25:22] [186/326] MCRL
[04:25:23] [187/326] MHKT
[04:25:24] [188/326] ANRR
[04:25:25] [189/326] SAPK
[04:25:26] 🔄 Identity reset
[04:25:26] 🔄 Identity rotated (every 10 requests)
[04:25:26] [190/326] NCUK
[04:25:27] [191/326] JUGA
[04:25:28] [192/326] DBSC
[04:25:29] [193/326] LALK
[04:25:30] [194/326] GUCK
[04:25:31] [195/326] STSG
[04:25:32] [196/326] PPPZ
[04:25:33] [197/326] CNCY
[04:25:35] [198/326] MTAR
[04:25:36] [199/326] VNKD
[04:25:36] 🔄 Identity reset
[04:25:36] 🔄 Identity rotated (every 10 requests)
[04:25:37] [200/326] KMAJ
[04:25:38] [201/326] ACXK
[04:25:38] [202/326] UTKC
[04:25:39] [203/326] PBLK
[04:25:40] [204/326] ACBX
[04:25:41] [205/326] PTGM
[04:25:42] [206/326] BTDA
[04:25:43] [207/326] PJMB
[04:25:44] [208/326] TPDA
[04:25:45] [209/326] AMOE
[04:25:45] 🔄 Identity reset
[04:25:45] 🔄 Identity rotated (every 10 requests)
[04:25:46] [210/326] PRHT
[04:25:48] [211/326] PRTA
[04:25:49] [212/326] STAM
[04:25:50] [213/326] MSAA
[04:25:51] [214/326] SDLU
[04:25:52] [215/326] RCHH
[04:25:53] [216/326] KANT
[04:25:54] [217/326] FCRT
[04:25:55] [218/326] DNKM
[04:25:56] [219/326] RYCP
[04:25:56] 🔄 Identity reset
[04:25:56] 🔄 Identity rotated (every 10 requests)
[04:25:56] 🔄 Retry 1/5 for RYCP in 2.5s
[04:25:56] 🔄 Identity reset
[04:25:59] 🧠 New identity created
[04:25:59] [220/326] MYRP
[04:26:00] [221/326] PPAK
[04:26:01] [222/326] NVPK
[04:26:02] [223/326] PRMC
[04:26:03] [224/326] JBCS
[04:26:04] [225/326] GXCK
[04:26:05] [226/326] USKO
[04:26:06] [227/326] GTEM
[04:26:07] [228/326] SMBU
[04:26:08] 🔄 Identity reset
[04:26:08] 🔄 Identity rotated (every 10 requests)
[04:26:08] [229/326] VETC
[04:26:09] [230/326] LCDA
[04:26:10] [231/326] MTVT
[04:26:11] [232/326] PYCP
[04:26:12] [233/326] PNSC
[04:26:13] [234/326] PPCC
[04:26:14] [235/326] TGRT
[04:26:15] [236/326] JYOT
[04:26:16] [237/326] SRCZ
[04:26:18] [238/326] SJTE
[04:26:18] 🔄 Identity reset
[04:26:18] 🔄 Identity rotated (every 10 requests)
[04:26:19] [239/326] DESC
[04:26:19] [240/326] JHVN
[04:26:20] [241/326] IPSG
[04:26:21] [242/326] IPCM
[04:26:22] [243/326] PDRS
[04:26:23] [244/326] ANCV
[04:26:24] [245/326] CMVV
[04:26:25] [246/326] SHYP
[04:26:26] [247/326] DNCS
[04:26:27] [248/326] GAJK
[04:26:28] 🔄 Identity reset
[04:26:28] 🔄 Identity rotated (every 10 requests)
[04:26:29] [249/326] AKTN
[04:26:30] [250/326] KAYA
[04:26:31] [251/326] SBRC
[04:26:32] [252/326] CHTP
[04:26:33] [253/326] SHRT
[04:26:33] [254/326] BCKU
[04:26:34] [255/326] FCPS
[04:26:35] [256/326] ARDD
[04:26:36] [257/326] CPCM
[04:26:37] [258/326] CGSM
[04:26:38] 🔄 Identity reset
[04:26:38] 🔄 Identity rotated (every 10 requests)
[04:26:38] [259/326] PSMP
[04:26:39] [260/326] SDAL
[04:26:40] [261/326] RTNB
[04:26:41] [262/326] LMCR
[04:26:42] [263/326] CIMA
[04:26:43] [264/326] RNAS
[04:26:44] [265/326] LITH
[04:26:45] [266/326] PBOX
[04:26:46] [267/326] FRTS
[04:26:47] [268/326] RKIC
[04:26:48] 🔄 Identity reset
[04:26:48] 🔄 Identity rotated (every 10 requests)
[04:26:48] [269/326] PTAI
[04:26:49] [270/326] GCIC
[04:26:50] [271/326] FNAS
[04:26:52] [272/326] SCAR
[04:26:53] [273/326] MTCA
[04:26:53] [274/326] SCTS
[04:26:54] [275/326] SYCS
[04:26:55] [276/326] RDMS
[04:26:56] [277/326] KAMP
[04:26:57] [278/326] ERSD
[04:26:58] 🔄 Identity reset
[04:26:58] 🔄 Identity rotated (every 10 requests)
[04:26:58] [279/326] MJMJ
[04:26:59] [280/326] SRCJ
[04:27:00] [281/326] SCXE
[04:27:01] [282/326] SVFR
[04:27:03] [283/326] BHCS
[04:27:04] [284/326] IMCC
[04:27:05] [285/326] PCBO
[04:27:06] [286/326] PRVN
[04:27:06] [287/326] AUPM
[04:27:07] [288/326] INBW
[04:27:08] 🔄 Identity reset
[04:27:08] 🔄 Identity rotated (every 10 requests)
[04:27:08] [289/326] SVCW
[04:27:09] [290/326] RKCF
[04:27:10] [291/326] UVBH
[04:27:11] [292/326] DNCY
[04:27:12] [293/326] ABCN
[04:27:13] [294/326] PRUR
[04:27:14] [295/326] PFMR
[04:27:15] [296/326] RKCN
[04:27:15] [297/326] CFEA
[04:27:16] [298/326] SDBG
[04:27:17] 🔄 Identity reset
[04:27:17] 🔄 Identity rotated (every 10 requests)
[04:27:19] [299/326] SNAR
[04:27:19] [300/326] YISI
[04:27:20] [301/326] JCFF
[04:27:21] [302/326] VTRK
[04:27:22] [303/326] PCLZ
[04:27:23] [304/326] DIMY
[04:27:24] [305/326] BBTS
[04:27:25] [306/326] GATH
[04:27:27] [307/326] GTMN
[04:27:28] [308/326] VTMH
[04:27:28] 🔄 Identity reset
[04:27:28] 🔄 Identity rotated (every 10 requests)
[04:27:29] [309/326] CCKP
[04:27:30] [310/326] GPKA
[04:27:32] [311/326] MHCL
[04:27:33] [312/326] ATCL
[04:27:34] [313/326] SBCK
[04:27:35] [314/326] AMMR
[04:27:35] [315/326] MADC
[04:27:36] [316/326] TMMA
[04:27:37] [317/326] CACC
[04:27:38] [318/326] CHAL
[04:27:39] 🔄 Identity reset
[04:27:39] 🔄 Identity rotated (every 10 requests)
[04:27:39] [319/326] DURG
[04:27:40] [320/326] GMKU
[04:27:41] [321/326] GECA
[04:27:42] [322/326] KYRR
[04:27:43] [323/326] KSDE
[04:27:44] [324/326] LMCI
[04:27:45] [325/326] NKCP
[04:27:46] [326/326] BGTC
[04:27:47] 🧹 Deduping shows
[04:27:47] ✅ DONE | Shows=674 | Movies=33
