[00:16:51] 🚀 BMS DAILY TRACKER STARTED (enhanced anti‑detection)
[00:16:51] [1/326] BSAT
[00:16:52] 🧠 New identity created
[00:16:52] [2/326] RSSM
[00:16:53] [3/326] GCTA
[00:16:54] [4/326] TOPN
[00:16:55] [5/326] MCUS
[00:16:56] [6/326] SHRL
[00:16:57] [7/326] UPTP
[00:16:57] [8/326] TMMP
[00:16:58] [9/326] DNRP
[00:17:00] [10/326] SRLT
[00:17:00] 🔄 Identity reset
[00:17:00] 🔄 Identity rotated (every 10 requests)
[00:17:01] [11/326] RCNS
[00:17:02] [12/326] DCBH
[00:17:03] [13/326] NAGJ
[00:17:04] [14/326] JVRC
[00:17:05] [15/326] KRJG
[00:17:06] [16/326] SRTJ
[00:17:06] [17/326] CMXM
[00:17:07] [18/326] STMI
[00:17:08] [19/326] SLST
[00:17:09] [20/326] DTCN
[00:17:09] 🔄 Identity reset
[00:17:09] 🔄 Identity rotated (every 10 requests)
[00:17:10] [21/326] STYN
[00:17:11] [22/326] SZVR
[00:17:12] [23/326] SRKO
[00:17:13] [24/326] JTGT
[00:17:14] [25/326] SVFD
[00:17:15] [26/326] SISD
[00:17:16] [27/326] ABDD
[00:17:16] [28/326] DRCA
[00:17:17] [29/326] AVCS
[00:17:18] [30/326] MVKH
[00:17:19] 🔄 Identity reset
[00:17:19] 🔄 Identity rotated (every 10 requests)
[00:17:19] [31/326] ACPR
[00:17:20] [32/326] STIP
[00:17:22] [33/326] MTRA
[00:17:23] [34/326] RMKH
[00:17:24] [35/326] NKRL
[00:17:24] [36/326] PCWN
[00:17:25] [37/326] BLMT
[00:17:26] [38/326] GDPG
[00:17:26] [39/326] SRMX
[00:17:27] [40/326] JACP
[00:17:28] 🔄 Identity reset
[00:17:28] 🔄 Identity rotated (every 10 requests)
[00:17:28] [41/326] CPSH
[00:17:29] [42/326] MCCD
[00:17:30] [43/326] ECGH
[00:17:31] [44/326] MKCK
[00:17:32] [45/326] SRMM
[00:17:33] [46/326] SKYR
[00:17:34] [47/326] PCKC
[00:17:35] [48/326] JCMA
[00:17:35] [49/326] BSMP
[00:17:36] [50/326] VSPA
[00:17:37] 🔄 Identity reset
[00:17:37] 🔄 Identity rotated (every 10 requests)
[00:17:37] [51/326] DJYA
[00:17:38] [52/326] DIMP
[00:17:39] [53/326] FXDR
[00:17:40] [54/326] SSRC
[00:17:41] [55/326] STHP
[00:17:42] [56/326] CPPD
[00:17:43] [57/326] FCLK
[00:17:43] [58/326] SCPP
[00:17:44] [59/326] DCMJ
[00:17:46] [60/326] RCCR
[00:17:47] 🔄 Identity reset
[00:17:47] 🔄 Identity rotated (every 10 requests)
[00:17:47] [61/326] INMT
[00:17:48] [62/326] LXTK
[00:17:49] [63/326] SRYK
[00:17:50] [64/326] SGDK
[00:17:51] [65/326] PPKA
[00:17:52] [66/326] SPKA
[00:17:53] [67/326] CGHH
[00:17:54] [68/326] DCJN
[00:17:55] [69/326] SRKV
[00:17:56] [70/326] SAJC
[00:17:56] 🔄 Identity reset
[00:17:56] 🔄 Identity rotated (every 10 requests)
[00:17:57] [71/326] SUSR
[00:17:58] [72/326] STYG
[00:17:59] [73/326] NTKP
[00:18:00] [74/326] AKTG
[00:18:01] [75/326] CGCM
[00:18:02] [76/326] TULC
[00:18:03] [77/326] NYYZ
[00:18:04] [78/326] NYBW
[00:18:05] [79/326] MACB
[00:18:06] [80/326] SLVT
[00:18:07] 🔄 Identity reset
[00:18:07] 🔄 Identity rotated (every 10 requests)
[00:18:07] [81/326] SANA
[00:18:08] [82/326] ACMR
[00:18:09] [83/326] CPKN
[00:18:10] [84/326] DLGK
[00:18:11] [85/326] CWCK
[00:18:11] [86/326] FDDH
[00:18:13] [87/326] MMMD
[00:18:14] [88/326] CMEH
[00:18:15] [89/326] GGGV
[00:18:16] [90/326] SPJL
[00:18:16] 🔄 Identity reset
[00:18:16] 🔄 Identity rotated (every 10 requests)
[00:18:17] [91/326] RCCD
[00:18:18] [92/326] STTZ
[00:18:20] [93/326] BTCF
[00:18:20] [94/326] TSTZ
[00:18:21] [95/326] IPMM
[00:18:22] [96/326] PMPW
[00:18:23] [97/326] PCMZ
[00:18:24] [98/326] ESEM
[00:18:24] [99/326] PIPO
[00:18:25] [100/326] MATK
[00:18:26] 🔄 Identity reset
[00:18:26] 🔄 Identity rotated (every 10 requests)
[00:18:27] [101/326] PGHM
[00:18:28] [102/326] CTSR
[00:18:29] [103/326] CYKR
[00:18:30] [104/326] MSCM
[00:18:30] [105/326] RFNP
[00:18:31] [106/326] PDCP
[00:18:32] [107/326] NPSE
[00:18:33] [108/326] MKML
[00:18:34] [109/326] FTDP
[00:18:35] [110/326] MMXA
[00:18:35] 🔄 Identity reset
[00:18:35] 🔄 Identity rotated (every 10 requests)
[00:18:36] [111/326] CEPO
[00:18:37] [112/326] CMVP
[00:18:38] [113/326] SGTH
[00:18:39] [114/326] SAYN
[00:18:40] [115/326] URVS
[00:18:41] [116/326] VJTN
[00:18:42] [117/326] BBYK
[00:18:43] [118/326] SHBO
[00:18:44] [119/326] VCMR
[00:18:45] [120/326] MACT
[00:18:45] 🔄 Identity reset
[00:18:45] 🔄 Identity rotated (every 10 requests)
[00:18:46] [121/326] JMNP
[00:18:47] [122/326] VICS
[00:18:48] [123/326] VCDA
[00:18:48] [124/326] GCMM
[00:18:50] [125/326] INVS
[00:18:51] [126/326] SCGM
[00:18:51] [127/326] PCDA
[00:18:52] [128/326] KDCT
[00:18:53] [129/326] JACS
[00:18:55] [130/326] GMMC
[00:18:55] 🔄 Identity reset
[00:18:55] 🔄 Identity rotated (every 10 requests)
[00:18:56] [131/326] AICM
[00:18:56] [132/326] TJCM
[00:18:57] [133/326] RMTI
[00:18:58] [134/326] SHAC
[00:18:59] [135/326] APJC
[00:19:00] [136/326] GCTG
[00:19:02] [137/326] SSMC
[00:19:02] [138/326] THRM
[00:19:03] [139/326] RBCT
[00:19:05] [140/326] DIKT
[00:19:06] 🔄 Identity reset
[00:19:06] 🔄 Identity rotated (every 10 requests)
[00:19:06] [141/326] MIDL
[00:19:07] [142/326] VCSN
[00:19:08] [143/326] SKTG
[00:19:09] [144/326] SMWC
[00:19:10] [145/326] MNKH
[00:19:11] [146/326] PIAT
[00:19:11] [147/326] LTTP
[00:19:12] [148/326] PTPU
[00:19:14] [149/326] ACMG
[00:19:15] [150/326] SHMM
[00:19:15] 🔄 Identity reset
[00:19:15] 🔄 Identity rotated (every 10 requests)
[00:19:15] [151/326] MCMN
[00:19:16] [152/326] GLDC
[00:19:17] [153/326] HOUT
[00:19:18] [154/326] SVRP
[00:19:20] [155/326] PVDN
[00:19:21] [156/326] SCPY
[00:19:22] [157/326] DTPY
[00:19:23] [158/326] GKCS
[00:19:24] [159/326] NCAM
[00:19:25] [160/326] BSRM
[00:19:25] 🔄 Identity reset
[00:19:25] 🔄 Identity rotated (every 10 requests)
[00:19:26] [161/326] RCLC
[00:19:26] [162/326] SKKD
[00:19:27] [163/326] ACHU
[00:19:28] [164/326] RSCF
[00:19:29] [165/326] IMSH
[00:19:30] [166/326] MACX
[00:19:30] [167/326] HMMW
[00:19:31] [168/326] JTCP
[00:19:33] [169/326] SREN
[00:19:34] [170/326] PJRR
[00:19:35] 🔄 Identity reset
[00:19:35] 🔄 Identity rotated (every 10 requests)
[00:19:35] [171/326] INAC
[00:19:36] [172/326] BMCA
[00:19:37] [173/326] SHCB
[00:19:38] [174/326] GABA
[00:19:38] [175/326] SBCT
[00:19:39] [176/326] GCMA
[00:19:40] [177/326] MYTK
[00:19:41] [178/326] INZS
[00:19:42] [179/326] RMIK
[00:19:43] [180/326] NYCH
[00:19:44] 🔄 Identity reset
[00:19:44] 🔄 Identity rotated (every 10 requests)
[00:19:44] [181/326] RAVE
[00:19:45] [182/326] PSXM
[00:19:46] [183/326] MCGP
[00:19:46] [184/326] PDDK
[00:19:47] [185/326] SPCK
[00:19:48] [186/326] MCRL
[00:19:48] [187/326] MHKT
[00:19:49] [188/326] ANRR
[00:19:50] [189/326] SAPK
[00:19:51] [190/326] NCUK
[00:19:51] 🔄 Identity reset
[00:19:51] 🔄 Identity rotated (every 10 requests)
[00:19:52] [191/326] JUGA
[00:19:52] [192/326] DBSC
[00:19:53] [193/326] LALK
[00:19:54] [194/326] GUCK
[00:19:54] [195/326] STSG
[00:19:55] [196/326] PPPZ
[00:19:56] [197/326] CNCY
[00:19:57] [198/326] MTAR
[00:19:58] [199/326] VNKD
[00:19:59] [200/326] KMAJ
[00:20:00] 🔄 Identity reset
[00:20:00] 🔄 Identity rotated (every 10 requests)
[00:20:00] [201/326] ACXK
[00:20:01] [202/326] UTKC
[00:20:02] [203/326] PBLK
[00:20:03] [204/326] ACBX
[00:20:04] [205/326] PTGM
[00:20:04] [206/326] BTDA
[00:20:05] [207/326] PJMB
[00:20:06] [208/326] TPDA
[00:20:06] [209/326] AMOE
[00:20:07] [210/326] PRHT
[00:20:08] 🔄 Identity reset
[00:20:08] 🔄 Identity rotated (every 10 requests)
[00:20:08] [211/326] PRTA
[00:20:10] [212/326] STAM
[00:20:11] [213/326] MSAA
[00:20:12] [214/326] SDLU
[00:20:12] [215/326] RCHH
[00:20:13] [216/326] KANT
[00:20:14] [217/326] FCRT
[00:20:16] [218/326] DNKM
[00:20:17] [219/326] RYCP
[00:20:17] [220/326] MYRP
[00:20:18] 🔄 Identity reset
[00:20:18] 🔄 Identity rotated (every 10 requests)
[00:20:19] [221/326] PPAK
[00:20:19] [222/326] NVPK
[00:20:20] [223/326] PRMC
[00:20:21] [224/326] JBCS
[00:20:21] [225/326] GXCK
[00:20:22] [226/326] USKO
[00:20:23] [227/326] GTEM
[00:20:24] [228/326] SMBU
[00:20:25] [229/326] VETC
[00:20:25] [230/326] LCDA
[00:20:26] 🔄 Identity reset
[00:20:26] 🔄 Identity rotated (every 10 requests)
[00:20:27] [231/326] MTVT
[00:20:28] [232/326] PYCP
[00:20:29] [233/326] PNSC
[00:20:30] [234/326] PPCC
[00:20:31] [235/326] TGRT
[00:20:32] [236/326] JYOT
[00:20:33] [237/326] SRCZ
[00:20:33] [238/326] SJTE
[00:20:34] [239/326] DESC
[00:20:35] [240/326] JHVN
[00:20:36] 🔄 Identity reset
[00:20:36] 🔄 Identity rotated (every 10 requests)
[00:20:36] [241/326] IPSG
[00:20:37] [242/326] IPCM
[00:20:37] [243/326] PDRS
[00:20:38] [244/326] ANCV
[00:20:39] [245/326] CMVV
[00:20:40] [246/326] SHYP
[00:20:41] [247/326] DNCS
[00:20:42] [248/326] GAJK
[00:20:43] [249/326] AKTN
[00:20:43] [250/326] KAYA
[00:20:44] 🔄 Identity reset
[00:20:44] 🔄 Identity rotated (every 10 requests)
[00:20:44] [251/326] SBRC
[00:20:45] [252/326] CHTP
[00:20:46] [253/326] SHRT
[00:20:47] [254/326] BCKU
[00:20:48] [255/326] FCPS
[00:20:48] [256/326] ARDD
[00:20:49] [257/326] CPCM
[00:20:50] [258/326] CGSM
[00:20:50] [259/326] PSMP
[00:20:51] [260/326] SDAL
[00:20:52] 🔄 Identity reset
[00:20:52] 🔄 Identity rotated (every 10 requests)
[00:20:52] [261/326] RTNB
[00:20:53] [262/326] LMCR
[00:20:54] [263/326] CIMA
[00:20:55] [264/326] RNAS
[00:20:56] [265/326] LITH
[00:20:58] [266/326] PBOX
[00:20:59] [267/326] FRTS
[00:20:59] [268/326] RKIC
[00:21:00] [269/326] PTAI
[00:21:01] [270/326] GCIC
[00:21:02] 🔄 Identity reset
[00:21:02] 🔄 Identity rotated (every 10 requests)
[00:21:03] [271/326] FNAS
[00:21:03] [272/326] SCAR
[00:21:04] [273/326] MTCA
[00:21:05] [274/326] SCTS
[00:21:06] [275/326] SYCS
[00:21:07] [276/326] RDMS
[00:21:08] [277/326] KAMP
[00:21:09] [278/326] ERSD
[00:21:10] [279/326] MJMJ
[00:21:11] [280/326] SRCJ
[00:21:11] 🔄 Identity reset
[00:21:11] 🔄 Identity rotated (every 10 requests)
[00:21:11] [281/326] SCXE
[00:21:12] [282/326] SVFR
[00:21:13] [283/326] BHCS
[00:21:14] [284/326] IMCC
[00:21:15] [285/326] PCBO
[00:21:15] [286/326] PRVN
[00:21:16] [287/326] AUPM
[00:21:17] [288/326] INBW
[00:21:18] [289/326] SVCW
[00:21:18] [290/326] RKCF
[00:21:19] 🔄 Identity reset
[00:21:19] 🔄 Identity rotated (every 10 requests)
[00:21:19] [291/326] UVBH
[00:21:20] [292/326] DNCY
[00:21:21] [293/326] ABCN
[00:21:22] [294/326] PRUR
[00:21:23] [295/326] PFMR
[00:21:24] [296/326] RKCN
[00:21:24] [297/326] CFEA
[00:21:26] [298/326] SDBG
[00:21:27] [299/326] SNAR
[00:21:28] [300/326] YISI
[00:21:29] 🔄 Identity reset
[00:21:29] 🔄 Identity rotated (every 10 requests)
[00:21:29] [301/326] JCFF
[00:21:29] [302/326] VTRK
[00:21:30] [303/326] PCLZ
[00:21:31] [304/326] DIMY
[00:21:32] [305/326] BBTS
[00:21:33] [306/326] GATH
[00:21:34] [307/326] GTMN
[00:21:34] [308/326] VTMH
[00:21:35] [309/326] CCKP
[00:21:36] [310/326] GPKA
[00:21:37] 🔄 Identity reset
[00:21:37] 🔄 Identity rotated (every 10 requests)
[00:21:37] [311/326] MHCL
[00:21:38] [312/326] ATCL
[00:21:39] [313/326] SBCK
[00:21:40] [314/326] AMMR
[00:21:40] [315/326] MADC
[00:21:41] [316/326] TMMA
[00:21:43] [317/326] CACC
[00:21:44] [318/326] CHAL
[00:21:45] [319/326] DURG
[00:21:46] [320/326] GMKU
[00:21:47] 🔄 Identity reset
[00:21:47] 🔄 Identity rotated (every 10 requests)
[00:21:47] [321/326] GECA
[00:21:48] [322/326] KYRR
[00:21:49] [323/326] KSDE
[00:21:50] [324/326] LMCI
[00:21:50] [325/326] NKCP
[00:21:51] [326/326] BGTC
[00:21:52] ✅ DONE | Shows=0 | Movies=0
[01:16:43] 🚀 BMS DAILY TRACKER STARTED (enhanced anti‑detection)
[01:16:43] [1/326] BSAT
[01:16:43] 🧠 New identity created
[01:16:44] [2/326] RSSM
[01:16:46] [3/326] GCTA
[01:16:47] [4/326] TOPN
[01:16:48] [5/326] MCUS
[01:16:48] [6/326] SHRL
[01:16:50] [7/326] UPTP
[01:16:51] [8/326] TMMP
[01:16:51] [9/326] DNRP
[01:16:53] [10/326] SRLT
[01:16:54] 🔄 Identity reset
[01:16:54] 🔄 Identity rotated (every 10 requests)
[01:16:55] [11/326] RCNS
[01:16:56] [12/326] DCBH
[01:16:57] [13/326] NAGJ
[01:16:58] [14/326] JVRC
[01:16:59] [15/326] KRJG
[01:17:01] [16/326] SRTJ
[01:17:02] [17/326] CMXM
[01:17:03] [18/326] STMI
[01:17:04] [19/326] SLST
[01:17:05] [20/326] DTCN
[01:17:05] 🔄 Identity reset
[01:17:05] 🔄 Identity rotated (every 10 requests)
[01:17:06] [21/326] STYN
[01:17:07] [22/326] SZVR
[01:17:08] [23/326] SRKO
[01:17:09] [24/326] JTGT
[01:17:11] [25/326] SVFD
[01:17:12] [26/326] SISD
[01:17:13] [27/326] ABDD
[01:17:14] [28/326] DRCA
[01:17:14] [29/326] AVCS
[01:17:15] [30/326] MVKH
[01:17:16] 🔄 Identity reset
[01:17:16] 🔄 Identity rotated (every 10 requests)
[01:17:16] [31/326] ACPR
[01:17:17] [32/326] STIP
[01:17:18] [33/326] MTRA
[01:17:19] [34/326] RMKH
[01:17:20] [35/326] NKRL
[01:17:21] [36/326] PCWN
[01:17:22] [37/326] BLMT
[01:17:23] [38/326] GDPG
[01:17:24] [39/326] SRMX
[01:17:25] [40/326] JACP
[01:17:25] 🔄 Identity reset
[01:17:25] 🔄 Identity rotated (every 10 requests)
[01:17:26] [41/326] CPSH
[01:17:26] [42/326] MCCD
[01:17:28] [43/326] ECGH
[01:17:29] [44/326] MKCK
[01:17:30] [45/326] SRMM
[01:17:31] [46/326] SKYR
[01:17:32] [47/326] PCKC
[01:17:32] [48/326] JCMA
[01:17:33] [49/326] BSMP
[01:17:34] [50/326] VSPA
[01:17:35] 🔄 Identity reset
[01:17:35] 🔄 Identity rotated (every 10 requests)
[01:17:35] [51/326] DJYA
[01:17:36] [52/326] DIMP
[01:17:37] [53/326] FXDR
[01:17:38] [54/326] SSRC
[01:17:38] [55/326] STHP
[01:17:39] [56/326] CPPD
[01:17:40] [57/326] FCLK
[01:17:41] [58/326] SCPP
[01:17:42] [59/326] DCMJ
[01:17:43] [60/326] RCCR
[01:17:44] 🔄 Identity reset
[01:17:44] 🔄 Identity rotated (every 10 requests)
[01:17:45] [61/326] INMT
[01:17:45] [62/326] LXTK
[01:17:46] [63/326] SRYK
[01:17:47] [64/326] SGDK
[01:17:48] [65/326] PPKA
[01:17:50] [66/326] SPKA
[01:17:51] [67/326] CGHH
[01:17:51] [68/326] DCJN
[01:17:52] [69/326] SRKV
[01:17:53] [70/326] SAJC
[01:17:54] 🔄 Identity reset
[01:17:54] 🔄 Identity rotated (every 10 requests)
[01:17:55] [71/326] SUSR
[01:17:56] [72/326] STYG
[01:17:57] [73/326] NTKP
[01:17:58] [74/326] AKTG
[01:17:59] [75/326] CGCM
[01:17:59] [76/326] TULC
[01:18:00] [77/326] NYYZ
[01:18:02] [78/326] NYBW
[01:18:02] [79/326] MACB
[01:18:04] [80/326] SLVT
[01:18:04] 🔄 Identity reset
[01:18:05] 🔄 Identity rotated (every 10 requests)
[01:18:05] [81/326] SANA
[01:18:06] [82/326] ACMR
[01:18:07] [83/326] CPKN
[01:18:08] [84/326] DLGK
[01:18:09] [85/326] CWCK
[01:18:10] [86/326] FDDH
[01:18:10] [87/326] MMMD
[01:18:11] [88/326] CMEH
[01:18:13] [89/326] GGGV
[01:18:14] [90/326] SPJL
[01:18:14] 🔄 Identity reset
[01:18:14] 🔄 Identity rotated (every 10 requests)
[01:18:15] [91/326] RCCD
[01:18:16] [92/326] STTZ
[01:18:17] [93/326] BTCF
[01:18:18] [94/326] TSTZ
[01:18:19] [95/326] IPMM
[01:18:20] [96/326] PMPW
[01:18:21] [97/326] PCMZ
[01:18:22] [98/326] ESEM
[01:18:23] [99/326] PIPO
[01:18:24] [100/326] MATK
[01:18:25] 🔄 Identity reset
[01:18:25] 🔄 Identity rotated (every 10 requests)
[01:18:26] [101/326] PGHM
[01:18:27] [102/326] CTSR
[01:18:28] [103/326] CYKR
[01:18:28] [104/326] MSCM
[01:18:29] [105/326] RFNP
[01:18:30] [106/326] PDCP
[01:18:31] [107/326] NPSE
[01:18:32] [108/326] MKML
[01:18:33] [109/326] FTDP
[01:18:34] [110/326] MMXA
[01:18:35] 🔄 Identity reset
[01:18:35] 🔄 Identity rotated (every 10 requests)
[01:18:36] [111/326] CEPO
[01:18:38] [112/326] CMVP
[01:18:38] [113/326] SGTH
[01:18:39] [114/326] SAYN
[01:18:41] [115/326] URVS
[01:18:42] [116/326] VJTN
[01:18:43] [117/326] BBYK
[01:18:44] [118/326] SHBO
[01:18:45] [119/326] VCMR
[01:18:47] [120/326] MACT
[01:18:47] 🔄 Identity reset
[01:18:47] 🔄 Identity rotated (every 10 requests)
[01:18:48] [121/326] JMNP
[01:18:49] [122/326] VICS
[01:18:49] [123/326] VCDA
[01:18:50] [124/326] GCMM
[01:18:51] [125/326] INVS
[01:18:52] [126/326] SCGM
[01:18:53] [127/326] PCDA
[01:18:54] [128/326] KDCT
[01:18:55] [129/326] JACS
[01:18:57] [130/326] GMMC
[01:18:57] 🔄 Identity reset
[01:18:57] 🔄 Identity rotated (every 10 requests)
[01:18:58] [131/326] AICM
[01:18:58] [132/326] TJCM
[01:18:59] [133/326] RMTI
[01:19:00] [134/326] SHAC
[01:19:01] [135/326] APJC
[01:19:02] [136/326] GCTG
[01:19:03] [137/326] SSMC
[01:19:04] [138/326] THRM
[01:19:05] [139/326] RBCT
[01:19:07] [140/326] DIKT
[01:19:07] 🔄 Identity reset
[01:19:07] 🔄 Identity rotated (every 10 requests)
[01:19:08] [141/326] MIDL
[01:19:09] [142/326] VCSN
[01:19:11] [143/326] SKTG
[01:19:11] [144/326] SMWC
[01:19:12] [145/326] MNKH
[01:19:13] [146/326] PIAT
[01:19:15] [147/326] LTTP
[01:19:15] [148/326] PTPU
[01:19:16] [149/326] ACMG
[01:19:17] [150/326] SHMM
[01:19:18] 🔄 Identity reset
[01:19:18] 🔄 Identity rotated (every 10 requests)
[01:19:19] [151/326] MCMN
[01:19:20] [152/326] GLDC
[01:19:21] [153/326] HOUT
[01:19:22] [154/326] SVRP
[01:19:22] [155/326] PVDN
[01:19:24] [156/326] SCPY
[01:19:25] [157/326] DTPY
[01:19:26] [158/326] GKCS
[01:19:27] [159/326] NCAM
[01:19:28] [160/326] BSRM
[01:19:29] 🔄 Identity reset
[01:19:29] 🔄 Identity rotated (every 10 requests)
[01:19:30] [161/326] RCLC
[01:19:30] [162/326] SKKD
[01:19:32] [163/326] ACHU
[01:19:33] [164/326] RSCF
[01:19:35] [165/326] IMSH
[01:19:37] [166/326] MACX
[01:19:38] [167/326] HMMW
[01:19:39] [168/326] JTCP
[01:19:40] [169/326] SREN
[01:19:41] [170/326] PJRR
[01:19:42] 🔄 Identity reset
[01:19:42] 🔄 Identity rotated (every 10 requests)
[01:19:42] [171/326] INAC
[01:19:43] [172/326] BMCA
[01:19:44] [173/326] SHCB
[01:19:45] [174/326] GABA
[01:19:46] [175/326] SBCT
[01:19:46] [176/326] GCMA
[01:19:47] [177/326] MYTK
[01:19:49] [178/326] INZS
[01:19:50] [179/326] RMIK
[01:19:51] [180/326] NYCH
[01:19:51] 🔄 Identity reset
[01:19:51] 🔄 Identity rotated (every 10 requests)
[01:19:51] [181/326] RAVE
[01:19:52] [182/326] PSXM
[01:19:53] [183/326] MCGP
[01:19:54] [184/326] PDDK
[01:19:56] [185/326] SPCK
[01:19:57] [186/326] MCRL
[01:19:57] [187/326] MHKT
[01:19:58] [188/326] ANRR
[01:19:59] [189/326] SAPK
[01:20:00] [190/326] NCUK
[01:20:01] 🔄 Identity reset
[01:20:01] 🔄 Identity rotated (every 10 requests)
[01:20:01] [191/326] JUGA
[01:20:02] [192/326] DBSC
[01:20:03] [193/326] LALK
[01:20:04] [194/326] GUCK
[01:20:05] [195/326] STSG
[01:20:06] [196/326] PPPZ
[01:20:07] [197/326] CNCY
[01:20:08] [198/326] MTAR
[01:20:09] [199/326] VNKD
[01:20:10] [200/326] KMAJ
[01:20:11] 🔄 Identity reset
[01:20:11] 🔄 Identity rotated (every 10 requests)
[01:20:11] [201/326] ACXK
[01:20:12] [202/326] UTKC
[01:20:13] [203/326] PBLK
[01:20:14] [204/326] ACBX
[01:20:14] [205/326] PTGM
[01:20:15] [206/326] BTDA
[01:20:16] [207/326] PJMB
[01:20:17] [208/326] TPDA
[01:20:18] [209/326] AMOE
[01:20:19] [210/326] PRHT
[01:20:19] 🔄 Identity reset
[01:20:19] 🔄 Identity rotated (every 10 requests)
[01:20:20] [211/326] PRTA
[01:20:21] [212/326] STAM
[01:20:22] [213/326] MSAA
[01:20:23] [214/326] SDLU
[01:20:25] [215/326] RCHH
[01:20:25] [216/326] KANT
[01:20:27] [217/326] FCRT
[01:20:29] [218/326] DNKM
[01:20:30] [219/326] RYCP
[01:20:31] [220/326] MYRP
[01:20:32] 🔄 Identity reset
[01:20:32] 🔄 Identity rotated (every 10 requests)
[01:20:32] [221/326] PPAK
[01:20:33] [222/326] NVPK
[01:20:34] [223/326] PRMC
[01:20:36] [224/326] JBCS
[01:20:36] [225/326] GXCK
[01:20:37] [226/326] USKO
[01:20:38] [227/326] GTEM
[01:20:39] [228/326] SMBU
[01:20:40] [229/326] VETC
[01:20:41] [230/326] LCDA
[01:20:42] 🔄 Identity reset
[01:20:42] 🔄 Identity rotated (every 10 requests)
[01:20:42] [231/326] MTVT
[01:20:44] [232/326] PYCP
[01:20:45] [233/326] PNSC
[01:20:45] [234/326] PPCC
[01:20:46] [235/326] TGRT
[01:20:47] [236/326] JYOT
[01:20:48] [237/326] SRCZ
[01:20:49] [238/326] SJTE
[01:20:51] [239/326] DESC
[01:20:52] [240/326] JHVN
[01:20:52] 🔄 Identity reset
[01:20:52] 🔄 Identity rotated (every 10 requests)
[01:20:53] [241/326] IPSG
[01:20:54] [242/326] IPCM
[01:20:56] [243/326] PDRS
[01:20:56] [244/326] ANCV
[01:20:58] [245/326] CMVV
[01:20:59] [246/326] SHYP
[01:21:00] [247/326] DNCS
[01:21:01] [248/326] GAJK
[01:21:02] [249/326] AKTN
[01:21:03] [250/326] KAYA
[01:21:04] 🔄 Identity reset
[01:21:04] 🔄 Identity rotated (every 10 requests)
[01:21:04] [251/326] SBRC
[01:21:05] [252/326] CHTP
[01:21:06] [253/326] SHRT
[01:21:07] [254/326] BCKU
[01:21:07] [255/326] FCPS
[01:21:08] [256/326] ARDD
[01:21:09] [257/326] CPCM
[01:21:10] [258/326] CGSM
[01:21:11] [259/326] PSMP
[01:21:14] [260/326] SDAL
[01:21:14] 🔄 Identity reset
[01:21:14] 🔄 Identity rotated (every 10 requests)
[01:21:15] [261/326] RTNB
[01:21:15] [262/326] LMCR
[01:21:17] [263/326] CIMA
[01:21:18] [264/326] RNAS
[01:21:19] [265/326] LITH
[01:21:20] [266/326] PBOX
[01:21:21] [267/326] FRTS
[01:21:22] [268/326] RKIC
[01:21:23] [269/326] PTAI
[01:21:24] [270/326] GCIC
[01:21:25] 🔄 Identity reset
[01:21:25] 🔄 Identity rotated (every 10 requests)
[01:21:25] [271/326] FNAS
[01:21:26] [272/326] SCAR
[01:21:26] [273/326] MTCA
[01:21:27] [274/326] SCTS
[01:21:29] [275/326] SYCS
[01:21:30] [276/326] RDMS
[01:21:31] [277/326] KAMP
[01:21:33] [278/326] ERSD
[01:21:33] [279/326] MJMJ
[01:21:34] [280/326] SRCJ
[01:21:35] 🔄 Identity reset
[01:21:35] 🔄 Identity rotated (every 10 requests)
[01:21:35] [281/326] SCXE
[01:21:36] [282/326] SVFR
[01:21:37] [283/326] BHCS
[01:21:39] [284/326] IMCC
[01:21:40] [285/326] PCBO
[01:21:49] [286/326] PRVN
[01:21:50] [287/326] AUPM
[01:21:51] [288/326] INBW
[01:21:52] [289/326] SVCW
[01:21:53] [290/326] RKCF
[01:21:53] 🔄 Identity reset
[01:21:53] 🔄 Identity rotated (every 10 requests)
[01:21:54] [291/326] UVBH
[01:21:55] [292/326] DNCY
[01:21:55] [293/326] ABCN
[01:21:56] [294/326] PRUR
[01:21:57] [295/326] PFMR
[01:21:58] [296/326] RKCN
[01:21:59] [297/326] CFEA
[01:22:01] [298/326] SDBG
[01:22:02] [299/326] SNAR
[01:22:03] [300/326] YISI
[01:22:03] 🔄 Identity reset
[01:22:03] 🔄 Identity rotated (every 10 requests)
[01:22:04] [301/326] JCFF
[01:22:04] [302/326] VTRK
[01:22:05] [303/326] PCLZ
[01:22:06] [304/326] DIMY
[01:22:07] [305/326] BBTS
[01:22:08] [306/326] GATH
[01:22:09] [307/326] GTMN
[01:22:10] [308/326] VTMH
[01:22:11] [309/326] CCKP
[01:22:12] [310/326] GPKA
[01:22:13] 🔄 Identity reset
[01:22:13] 🔄 Identity rotated (every 10 requests)
[01:22:13] [311/326] MHCL
[01:22:15] [312/326] ATCL
[01:22:16] [313/326] SBCK
[01:22:17] [314/326] AMMR
[01:22:17] [315/326] MADC
[01:22:19] [316/326] TMMA
[01:22:20] [317/326] CACC
[01:22:23] [318/326] CHAL
[01:22:23] [319/326] DURG
[01:22:25] [320/326] GMKU
[01:22:26] 🔄 Identity reset
[01:22:26] 🔄 Identity rotated (every 10 requests)
[01:22:26] [321/326] GECA
[01:22:27] [322/326] KYRR
[01:22:28] [323/326] KSDE
[01:22:29] [324/326] LMCI
[01:22:31] [325/326] NKCP
[01:22:31] [326/326] BGTC
[01:22:33] ✅ DONE | Shows=0 | Movies=0
[02:16:39] 🚀 BMS DAILY TRACKER STARTED (enhanced anti‑detection)
[02:16:39] [1/326] BSAT
[02:16:40] 🧠 New identity created
[02:16:40] [2/326] RSSM
[02:16:41] [3/326] GCTA
[02:16:42] [4/326] TOPN
[02:16:43] [5/326] MCUS
[02:16:43] [6/326] SHRL
[02:16:44] [7/326] UPTP
[02:16:45] [8/326] TMMP
[02:16:45] [9/326] DNRP
[02:16:46] [10/326] SRLT
[02:16:47] 🔄 Identity reset
[02:16:47] 🔄 Identity rotated (every 10 requests)
[02:16:47] [11/326] RCNS
[02:16:48] [12/326] DCBH
[02:16:49] [13/326] NAGJ
[02:16:49] [14/326] JVRC
[02:16:50] [15/326] KRJG
[02:16:51] [16/326] SRTJ
[02:16:51] [17/326] CMXM
[02:16:52] [18/326] STMI
[02:16:53] [19/326] SLST
[02:16:53] [20/326] DTCN
[02:16:54] 🔄 Identity reset
[02:16:54] 🔄 Identity rotated (every 10 requests)
[02:16:54] [21/326] STYN
[02:16:55] [22/326] SZVR
[02:16:56] [23/326] SRKO
[02:16:57] [24/326] JTGT
[02:16:58] [25/326] SVFD
[02:16:59] [26/326] SISD
[02:17:00] [27/326] ABDD
[02:17:01] [28/326] DRCA
[02:17:01] [29/326] AVCS
[02:17:02] [30/326] MVKH
[02:17:03] 🔄 Identity reset
[02:17:03] 🔄 Identity rotated (every 10 requests)
[02:17:03] [31/326] ACPR
[02:17:04] [32/326] STIP
[02:17:05] [33/326] MTRA
[02:17:06] [34/326] RMKH
[02:17:07] [35/326] NKRL
[02:17:08] [36/326] PCWN
[02:17:09] [37/326] BLMT
[02:17:09] [38/326] GDPG
[02:17:10] [39/326] SRMX
[02:17:11] [40/326] JACP
[02:17:11] 🔄 Identity reset
[02:17:11] 🔄 Identity rotated (every 10 requests)
[02:17:11] [41/326] CPSH
[02:17:12] [42/326] MCCD
[02:17:13] [43/326] ECGH
[02:17:13] [44/326] MKCK
[02:17:14] [45/326] SRMM
[02:17:14] [46/326] SKYR
[02:17:15] [47/326] PCKC
[02:17:16] [48/326] JCMA
[02:17:17] [49/326] BSMP
[02:17:17] [50/326] VSPA
[02:17:18] 🔄 Identity reset
[02:17:18] 🔄 Identity rotated (every 10 requests)
[02:17:18] [51/326] DJYA
[02:17:19] [52/326] DIMP
[02:17:20] [53/326] FXDR
[02:17:21] [54/326] SSRC
[02:17:22] [55/326] STHP
[02:17:23] [56/326] CPPD
[02:17:23] [57/326] FCLK
[02:17:24] [58/326] SCPP
[02:17:26] [59/326] DCMJ
[02:17:27] [60/326] RCCR
[02:17:28] 🔄 Identity reset
[02:17:28] 🔄 Identity rotated (every 10 requests)
[02:17:28] [61/326] INMT
[02:17:29] [62/326] LXTK
[02:17:30] [63/326] SRYK
[02:17:31] [64/326] SGDK
[02:17:31] [65/326] PPKA
[02:17:32] [66/326] SPKA
[02:17:33] [67/326] CGHH
[02:17:34] [68/326] DCJN
[02:17:35] [69/326] SRKV
[02:17:35] [70/326] SAJC
[02:17:36] 🔄 Identity reset
[02:17:36] 🔄 Identity rotated (every 10 requests)
[02:17:36] [71/326] SUSR
[02:17:37] [72/326] STYG
[02:17:38] [73/326] NTKP
[02:17:39] [74/326] AKTG
[02:17:39] [75/326] CGCM
[02:17:40] [76/326] TULC
[02:17:41] [77/326] NYYZ
[02:17:42] [78/326] NYBW
[02:17:42] [79/326] MACB
[02:17:43] [80/326] SLVT
[02:17:44] 🔄 Identity reset
[02:17:44] 🔄 Identity rotated (every 10 requests)
[02:17:44] [81/326] SANA
[02:17:45] [82/326] ACMR
[02:17:45] [83/326] CPKN
[02:17:46] [84/326] DLGK
[02:17:47] [85/326] CWCK
[02:17:47] [86/326] FDDH
[02:17:48] [87/326] MMMD
[02:17:49] [88/326] CMEH
[02:17:50] [89/326] GGGV
[02:17:50] [90/326] SPJL
[02:17:51] 🔄 Identity reset
[02:17:51] 🔄 Identity rotated (every 10 requests)
[02:17:51] [91/326] RCCD
[02:17:52] [92/326] STTZ
[02:17:53] [93/326] BTCF
[02:17:54] [94/326] TSTZ
[02:17:54] [95/326] IPMM
[02:17:55] [96/326] PMPW
[02:17:56] [97/326] PCMZ
[02:17:56] [98/326] ESEM
[02:17:57] [99/326] PIPO
[02:17:58] [100/326] MATK
[02:17:59] 🔄 Identity reset
[02:17:59] 🔄 Identity rotated (every 10 requests)
[02:17:59] [101/326] PGHM
[02:17:59] [102/326] CTSR
[02:18:00] [103/326] CYKR
[02:18:01] [104/326] MSCM
[02:18:02] [105/326] RFNP
[02:18:02] [106/326] PDCP
[02:18:03] [107/326] NPSE
[02:18:04] [108/326] MKML
[02:18:04] [109/326] FTDP
[02:18:05] [110/326] MMXA
[02:18:06] 🔄 Identity reset
[02:18:06] 🔄 Identity rotated (every 10 requests)
[02:18:07] [111/326] CEPO
[02:18:09] [112/326] CMVP
[02:18:09] [113/326] SGTH
[02:18:10] [114/326] SAYN
[02:18:11] [115/326] URVS
[02:18:11] [116/326] VJTN
[02:18:12] [117/326] BBYK
[02:18:13] [118/326] SHBO
[02:18:14] [119/326] VCMR
[02:18:15] [120/326] MACT
[02:18:15] 🔄 Identity reset
[02:18:15] 🔄 Identity rotated (every 10 requests)
[02:18:15] [121/326] JMNP
[02:18:16] [122/326] VICS
[02:18:17] [123/326] VCDA
[02:18:18] [124/326] GCMM
[02:18:19] [125/326] INVS
[02:18:19] [126/326] SCGM
[02:18:20] [127/326] PCDA
[02:18:21] [128/326] KDCT
[02:18:22] [129/326] JACS
[02:18:22] [130/326] GMMC
[02:18:23] 🔄 Identity reset
[02:18:23] 🔄 Identity rotated (every 10 requests)
[02:18:23] [131/326] AICM
[02:18:24] [132/326] TJCM
[02:18:25] [133/326] RMTI
[02:18:25] [134/326] SHAC
[02:18:26] [135/326] APJC
[02:18:27] [136/326] GCTG
[02:18:27] [137/326] SSMC
[02:18:28] [138/326] THRM
[02:18:29] [139/326] RBCT
[02:18:29] [140/326] DIKT
[02:18:30] 🔄 Identity reset
[02:18:30] 🔄 Identity rotated (every 10 requests)
[02:18:30] [141/326] MIDL
[02:18:31] [142/326] VCSN
[02:18:32] [143/326] SKTG
[02:18:32] [144/326] SMWC
[02:18:33] [145/326] MNKH
[02:18:34] [146/326] PIAT
[02:18:35] [147/326] LTTP
[02:18:35] [148/326] PTPU
[02:18:36] [149/326] ACMG
[02:18:37] [150/326] SHMM
[02:18:37] 🔄 Identity reset
[02:18:37] 🔄 Identity rotated (every 10 requests)
[02:18:37] [151/326] MCMN
[02:18:38] [152/326] GLDC
[02:18:40] [153/326] HOUT
[02:18:41] [154/326] SVRP
[02:18:42] [155/326] PVDN
[02:18:42] [156/326] SCPY
[02:18:43] [157/326] DTPY
[02:18:44] [158/326] GKCS
[02:18:44] [159/326] NCAM
[02:18:45] [160/326] BSRM
[02:18:46] 🔄 Identity reset
[02:18:46] 🔄 Identity rotated (every 10 requests)
[02:18:46] [161/326] RCLC
[02:18:47] [162/326] SKKD
[02:18:49] [163/326] ACHU
[02:18:49] [164/326] RSCF
[02:18:51] [165/326] IMSH
[02:18:52] [166/326] MACX
[02:18:52] [167/326] HMMW
[02:18:53] [168/326] JTCP
[02:18:55] [169/326] SREN
[02:18:55] [170/326] PJRR
[02:18:56] 🔄 Identity reset
[02:18:56] 🔄 Identity rotated (every 10 requests)
[02:18:56] [171/326] INAC
[02:18:57] [172/326] BMCA
[02:18:58] [173/326] SHCB
[02:18:59] [174/326] GABA
[02:18:59] [175/326] SBCT
[02:19:00] [176/326] GCMA
[02:19:01] [177/326] MYTK
[02:19:02] [178/326] INZS
[02:19:03] [179/326] RMIK
[02:19:03] [180/326] NYCH
[02:19:04] 🔄 Identity reset
[02:19:04] 🔄 Identity rotated (every 10 requests)
[02:19:04] [181/326] RAVE
[02:19:05] [182/326] PSXM
[02:19:06] [183/326] MCGP
[02:19:06] [184/326] PDDK
[02:19:07] [185/326] SPCK
[02:19:08] [186/326] MCRL
[02:19:09] [187/326] MHKT
[02:19:10] [188/326] ANRR
[02:19:10] [189/326] SAPK
[02:19:11] [190/326] NCUK
[02:19:12] 🔄 Identity reset
[02:19:12] 🔄 Identity rotated (every 10 requests)
[02:19:12] [191/326] JUGA
[02:19:13] [192/326] DBSC
[02:19:13] [193/326] LALK
[02:19:14] [194/326] GUCK
[02:19:15] [195/326] STSG
[02:19:16] [196/326] PPPZ
[02:19:17] [197/326] CNCY
[02:19:17] [198/326] MTAR
[02:19:18] [199/326] VNKD
[02:19:19] [200/326] KMAJ
[02:19:20] 🔄 Identity reset
[02:19:20] 🔄 Identity rotated (every 10 requests)
[02:19:20] [201/326] ACXK
[02:19:21] [202/326] UTKC
[02:19:22] [203/326] PBLK
[02:19:22] [204/326] ACBX
[02:19:23] [205/326] PTGM
[02:19:24] [206/326] BTDA
[02:19:25] [207/326] PJMB
[02:19:26] [208/326] TPDA
[02:19:27] [209/326] AMOE
[02:19:27] [210/326] PRHT
[02:19:28] 🔄 Identity reset
[02:19:28] 🔄 Identity rotated (every 10 requests)
[02:19:28] [211/326] PRTA
[02:19:30] [212/326] STAM
[02:19:30] [213/326] MSAA
[02:19:31] [214/326] SDLU
[02:19:32] [215/326] RCHH
[02:19:33] [216/326] KANT
[02:19:33] [217/326] FCRT
[02:19:35] [218/326] DNKM
[02:19:35] [219/326] RYCP
[02:19:36] [220/326] MYRP
[02:19:37] 🔄 Identity reset
[02:19:37] 🔄 Identity rotated (every 10 requests)
[02:19:37] [221/326] PPAK
[02:19:38] [222/326] NVPK
[02:19:39] [223/326] PRMC
[02:19:40] [224/326] JBCS
[02:19:40] [225/326] GXCK
[02:19:41] [226/326] USKO
[02:19:42] [227/326] GTEM
[02:19:43] [228/326] SMBU
[02:19:43] [229/326] VETC
[02:19:44] [230/326] LCDA
[02:19:45] 🔄 Identity reset
[02:19:45] 🔄 Identity rotated (every 10 requests)
[02:19:45] [231/326] MTVT
[02:19:47] [232/326] PYCP
[02:19:47] [233/326] PNSC
[02:19:48] [234/326] PPCC
[02:19:49] [235/326] TGRT
[02:19:50] [236/326] JYOT
[02:19:51] [237/326] SRCZ
[02:19:52] [238/326] SJTE
[02:19:52] [239/326] DESC
[02:19:53] [240/326] JHVN
[02:19:54] 🔄 Identity reset
[02:19:54] 🔄 Identity rotated (every 10 requests)
[02:19:54] [241/326] IPSG
[02:19:56] [242/326] IPCM
[02:19:56] [243/326] PDRS
[02:19:57] [244/326] ANCV
[02:19:58] [245/326] CMVV
[02:19:58] [246/326] SHYP
[02:19:59] [247/326] DNCS
[02:20:00] [248/326] GAJK
[02:20:02] [249/326] AKTN
[02:20:03] [250/326] KAYA
[02:20:03] 🔄 Identity reset
[02:20:03] 🔄 Identity rotated (every 10 requests)
[02:20:04] [251/326] SBRC
[02:20:04] [252/326] CHTP
[02:20:05] [253/326] SHRT
[02:20:06] [254/326] BCKU
[02:20:07] [255/326] FCPS
[02:20:08] [256/326] ARDD
[02:20:08] [257/326] CPCM
[02:20:09] [258/326] CGSM
[02:20:10] [259/326] PSMP
[02:20:11] [260/326] SDAL
[02:20:11] 🔄 Identity reset
[02:20:11] 🔄 Identity rotated (every 10 requests)
[02:20:11] [261/326] RTNB
[02:20:12] [262/326] LMCR
[02:20:14] [263/326] CIMA
[02:20:14] [264/326] RNAS
[02:20:15] [265/326] LITH
[02:20:17] [266/326] PBOX
[02:20:17] [267/326] FRTS
[02:20:18] [268/326] RKIC
[02:20:19] [269/326] PTAI
[02:20:20] [270/326] GCIC
[02:20:20] 🔄 Identity reset
[02:20:20] 🔄 Identity rotated (every 10 requests)
[02:20:20] [271/326] FNAS
[02:20:21] [272/326] SCAR
[02:20:22] [273/326] MTCA
[02:20:22] [274/326] SCTS
[02:20:23] [275/326] SYCS
[02:20:24] [276/326] RDMS
[02:20:25] [277/326] KAMP
[02:20:25] [278/326] ERSD
[02:20:26] [279/326] MJMJ
[02:20:27] [280/326] SRCJ
[02:20:28] 🔄 Identity reset
[02:20:28] 🔄 Identity rotated (every 10 requests)
[02:20:28] [281/326] SCXE
[02:20:28] [282/326] SVFR
[02:20:30] [283/326] BHCS
[02:20:31] [284/326] IMCC
[02:20:32] [285/326] PCBO
[02:20:32] [286/326] PRVN
[02:20:33] [287/326] AUPM
[02:20:34] [288/326] INBW
[02:20:35] [289/326] SVCW
[02:20:35] [290/326] RKCF
[02:20:36] 🔄 Identity reset
[02:20:36] 🔄 Identity rotated (every 10 requests)
[02:20:36] [291/326] UVBH
[02:20:37] [292/326] DNCY
[02:20:38] [293/326] ABCN
[02:20:39] [294/326] PRUR
[02:20:39] [295/326] PFMR
[02:20:40] [296/326] RKCN
[02:20:41] [297/326] CFEA
[02:20:42] [298/326] SDBG
[02:20:42] [299/326] SNAR
[02:20:43] [300/326] YISI
[02:20:44] 🔄 Identity reset
[02:20:44] 🔄 Identity rotated (every 10 requests)
[02:20:44] [301/326] JCFF
[02:20:44] [302/326] VTRK
[02:20:45] [303/326] PCLZ
[02:20:46] [304/326] DIMY
[02:20:47] [305/326] BBTS
[02:20:48] [306/326] GATH
[02:20:48] [307/326] GTMN
[02:20:49] [308/326] VTMH
[02:20:50] [309/326] CCKP
[02:20:51] [310/326] GPKA
[02:20:52] 🔄 Identity reset
[02:20:52] 🔄 Identity rotated (every 10 requests)
[02:20:52] [311/326] MHCL
[02:20:54] [312/326] ATCL
[02:20:55] [313/326] SBCK
[02:20:55] [314/326] AMMR
[02:20:56] [315/326] MADC
[02:20:57] [316/326] TMMA
[02:20:58] [317/326] CACC
[02:21:00] [318/326] CHAL
[02:21:00] [319/326] DURG
[02:21:01] [320/326] GMKU
[02:21:01] 🔄 Identity reset
[02:21:01] 🔄 Identity rotated (every 10 requests)
[02:21:02] [321/326] GECA
[02:21:02] [322/326] KYRR
[02:21:04] [323/326] KSDE
[02:21:05] [324/326] LMCI
[02:21:05] [325/326] NKCP
[02:21:06] [326/326] BGTC
[02:21:07] ✅ DONE | Shows=0 | Movies=0
[03:16:43] 🚀 BMS DAILY TRACKER STARTED (enhanced anti‑detection)
[03:16:43] [1/326] BSAT
[03:16:44] 🧠 New identity created
[03:16:44] [2/326] RSSM
[03:16:45] [3/326] GCTA
[03:16:46] [4/326] TOPN
[03:16:47] [5/326] MCUS
[03:16:47] [6/326] SHRL
[03:16:48] [7/326] UPTP
[03:16:49] [8/326] TMMP
[03:16:50] [9/326] DNRP
[03:16:52] [10/326] SRLT
[03:16:52] 🔄 Identity reset
[03:16:52] 🔄 Identity rotated (every 10 requests)
[03:16:52] [11/326] RCNS
[03:16:53] [12/326] DCBH
[03:16:54] [13/326] NAGJ
[03:16:55] [14/326] JVRC
[03:16:55] [15/326] KRJG
[03:16:57] [16/326] SRTJ
[03:16:58] [17/326] CMXM
[03:16:58] [18/326] STMI
[03:16:59] [19/326] SLST
[03:17:00] [20/326] DTCN
[03:17:01] 🔄 Identity reset
[03:17:01] 🔄 Identity rotated (every 10 requests)
[03:17:01] [21/326] STYN
[03:17:01] [22/326] SZVR
[03:17:02] [23/326] SRKO
[03:17:03] [24/326] JTGT
[03:17:05] [25/326] SVFD
[03:17:06] [26/326] SISD
[03:17:07] [27/326] ABDD
[03:17:08] [28/326] DRCA
[03:17:09] [29/326] AVCS
[03:17:09] [30/326] MVKH
[03:17:10] 🔄 Identity reset
[03:17:10] 🔄 Identity rotated (every 10 requests)
[03:17:10] [31/326] ACPR
[03:17:11] [32/326] STIP
[03:17:13] [33/326] MTRA
[03:17:14] [34/326] RMKH
[03:17:14] [35/326] NKRL
[03:17:15] [36/326] PCWN
[03:17:16] [37/326] BLMT
[03:17:16] [38/326] GDPG
[03:17:17] [39/326] SRMX
[03:17:18] [40/326] JACP
[03:17:19] 🔄 Identity reset
[03:17:19] 🔄 Identity rotated (every 10 requests)
[03:17:19] [41/326] CPSH
[03:17:19] [42/326] MCCD
[03:17:20] [43/326] ECGH
[03:17:21] [44/326] MKCK
[03:17:22] [45/326] SRMM
[03:17:22] [46/326] SKYR
[03:17:23] [47/326] PCKC
[03:17:24] [48/326] JCMA
[03:17:24] [49/326] BSMP
[03:17:25] [50/326] VSPA
[03:17:26] 🔄 Identity reset
[03:17:26] 🔄 Identity rotated (every 10 requests)
[03:17:26] [51/326] DJYA
[03:17:27] [52/326] DIMP
[03:17:28] [53/326] FXDR
[03:17:29] [54/326] SSRC
[03:17:30] [55/326] STHP
[03:17:31] [56/326] CPPD
[03:17:32] [57/326] FCLK
[03:17:32] [58/326] SCPP
[03:17:33] [59/326] DCMJ
[03:17:34] [60/326] RCCR
[03:17:35] 🔄 Identity reset
[03:17:35] 🔄 Identity rotated (every 10 requests)
[03:17:36] [61/326] INMT
[03:17:37] [62/326] LXTK
[03:17:38] [63/326] SRYK
[03:17:39] [64/326] SGDK
[03:17:40] [65/326] PPKA
[03:17:42] [66/326] SPKA
[03:17:42] [67/326] CGHH
[03:17:44] [68/326] DCJN
[03:17:45] [69/326] SRKV
[03:17:45] [70/326] SAJC
[03:17:46] 🔄 Identity reset
[03:17:46] 🔄 Identity rotated (every 10 requests)
[03:17:46] [71/326] SUSR
[03:17:48] [72/326] STYG
[03:17:48] [73/326] NTKP
[03:17:49] [74/326] AKTG
[03:17:50] [75/326] CGCM
[03:17:51] [76/326] TULC
[03:17:52] [77/326] NYYZ
[03:17:53] [78/326] NYBW
[03:17:55] [79/326] MACB
[03:17:56] [80/326] SLVT
[03:17:56] 🔄 Identity reset
[03:17:56] 🔄 Identity rotated (every 10 requests)
[03:17:56] [81/326] SANA
[03:17:58] [82/326] ACMR
[03:17:59] [83/326] CPKN
[03:17:59] [84/326] DLGK
[03:18:00] [85/326] CWCK
[03:18:01] [86/326] FDDH
[03:18:01] [87/326] MMMD
[03:18:02] [88/326] CMEH
[03:18:03] [89/326] GGGV
[03:18:04] [90/326] SPJL
[03:18:04] 🔄 Identity reset
[03:18:04] 🔄 Identity rotated (every 10 requests)
[03:18:05] [91/326] RCCD
[03:18:06] [92/326] STTZ
[03:18:07] [93/326] BTCF
[03:18:08] [94/326] TSTZ
[03:18:09] [95/326] IPMM
[03:18:09] [96/326] PMPW
[03:18:10] [97/326] PCMZ
[03:18:11] [98/326] ESEM
[03:18:11] [99/326] PIPO
[03:18:12] [100/326] MATK
[03:18:13] 🔄 Identity reset
[03:18:13] 🔄 Identity rotated (every 10 requests)
[03:18:13] [101/326] PGHM
[03:18:14] [102/326] CTSR
[03:18:15] [103/326] CYKR
[03:18:15] [104/326] MSCM
[03:18:16] [105/326] RFNP
[03:18:17] [106/326] PDCP
[03:18:18] [107/326] NPSE
[03:18:19] [108/326] MKML
[03:18:20] [109/326] FTDP
[03:18:20] [110/326] MMXA
[03:18:21] 🔄 Identity reset
[03:18:21] 🔄 Identity rotated (every 10 requests)
[03:18:22] [111/326] CEPO
[03:18:23] [112/326] CMVP
[03:18:24] [113/326] SGTH
[03:18:24] [114/326] SAYN
[03:18:25] [115/326] URVS
[03:18:26] [116/326] VJTN
[03:18:26] [117/326] BBYK
[03:18:28] [118/326] SHBO
[03:18:29] [119/326] VCMR
[03:18:29] [120/326] MACT
[03:18:30] 🔄 Identity reset
[03:18:30] 🔄 Identity rotated (every 10 requests)
[03:18:30] [121/326] JMNP
[03:18:31] [122/326] VICS
[03:18:32] [123/326] VCDA
[03:18:33] [124/326] GCMM
[03:18:34] [125/326] INVS
[03:18:35] [126/326] SCGM
[03:18:35] [127/326] PCDA
[03:18:36] [128/326] KDCT
[03:18:37] [129/326] JACS
[03:18:38] [130/326] GMMC
[03:18:38] 🔄 Identity reset
[03:18:38] 🔄 Identity rotated (every 10 requests)
[03:18:39] [131/326] AICM
[03:18:39] [132/326] TJCM
[03:18:40] [133/326] RMTI
[03:18:41] [134/326] SHAC
[03:18:42] [135/326] APJC
[03:18:43] [136/326] GCTG
[03:18:43] [137/326] SSMC
[03:18:44] [138/326] THRM
[03:18:44] [139/326] RBCT
[03:18:45] [140/326] DIKT
[03:18:46] 🔄 Identity reset
[03:18:46] 🔄 Identity rotated (every 10 requests)
[03:18:46] [141/326] MIDL
[03:18:47] [142/326] VCSN
[03:18:48] [143/326] SKTG
[03:18:49] [144/326] SMWC
[03:18:49] [145/326] MNKH
[03:18:50] [146/326] PIAT
[03:18:51] [147/326] LTTP
[03:18:52] [148/326] PTPU
[03:18:53] [149/326] ACMG
[03:18:54] [150/326] SHMM
[03:18:55] 🔄 Identity reset
[03:18:55] 🔄 Identity rotated (every 10 requests)
[03:18:55] [151/326] MCMN
[03:18:56] [152/326] GLDC
[03:18:56] [153/326] HOUT
[03:18:57] [154/326] SVRP
[03:18:58] [155/326] PVDN
[03:18:59] [156/326] SCPY
[03:19:00] [157/326] DTPY
[03:19:02] [158/326] GKCS
[03:19:02] [159/326] NCAM
[03:19:03] [160/326] BSRM
[03:19:04] 🔄 Identity reset
[03:19:04] 🔄 Identity rotated (every 10 requests)
[03:19:04] [161/326] RCLC
[03:19:05] [162/326] SKKD
[03:19:06] [163/326] ACHU
[03:19:07] [164/326] RSCF
[03:19:09] [165/326] IMSH
[03:19:10] [166/326] MACX
[03:19:10] [167/326] HMMW
[03:19:11] [168/326] JTCP
[03:19:13] [169/326] SREN
[03:19:14] [170/326] PJRR
[03:19:14] 🔄 Identity reset
[03:19:14] 🔄 Identity rotated (every 10 requests)
[03:19:14] [171/326] INAC
[03:19:15] [172/326] BMCA
[03:19:16] [173/326] SHCB
[03:19:17] [174/326] GABA
[03:19:18] [175/326] SBCT
[03:19:19] [176/326] GCMA
[03:19:19] [177/326] MYTK
[03:19:20] [178/326] INZS
[03:19:21] [179/326] RMIK
[03:19:22] [180/326] NYCH
[03:19:22] 🔄 Identity reset
[03:19:22] 🔄 Identity rotated (every 10 requests)
[03:19:23] [181/326] RAVE
[03:19:23] [182/326] PSXM
[03:19:24] [183/326] MCGP
[03:19:24] [184/326] PDDK
[03:19:25] [185/326] SPCK
[03:19:26] [186/326] MCRL
[03:19:27] [187/326] MHKT
[03:19:28] [188/326] ANRR
[03:19:29] [189/326] SAPK
[03:19:30] [190/326] NCUK
[03:19:30] 🔄 Identity reset
[03:19:30] 🔄 Identity rotated (every 10 requests)
[03:19:31] [191/326] JUGA
[03:19:31] [192/326] DBSC
[03:19:33] [193/326] LALK
[03:19:34] [194/326] GUCK
[03:19:35] [195/326] STSG
[03:19:35] [196/326] PPPZ
[03:19:36] [197/326] CNCY
[03:19:37] [198/326] MTAR
[03:19:38] [199/326] VNKD
[03:19:39] [200/326] KMAJ
[03:19:40] 🔄 Identity reset
[03:19:40] 🔄 Identity rotated (every 10 requests)
[03:19:40] [201/326] ACXK
[03:19:42] [202/326] UTKC
[03:19:43] [203/326] PBLK
[03:19:44] [204/326] ACBX
[03:19:45] [205/326] PTGM
[03:19:46] [206/326] BTDA
[03:19:48] [207/326] PJMB
[03:19:49] [208/326] TPDA
[03:19:49] [209/326] AMOE
[03:19:50] [210/326] PRHT
[03:19:51] 🔄 Identity reset
[03:19:51] 🔄 Identity rotated (every 10 requests)
[03:19:51] [211/326] PRTA
[03:19:53] [212/326] STAM
[03:19:53] [213/326] MSAA
[03:19:54] [214/326] SDLU
[03:19:55] [215/326] RCHH
[03:19:56] [216/326] KANT
[03:19:56] [217/326] FCRT
[03:19:58] [218/326] DNKM
[03:19:59] [219/326] RYCP
[03:20:00] [220/326] MYRP
[03:20:00] 🔄 Identity reset
[03:20:00] 🔄 Identity rotated (every 10 requests)
[03:20:01] [221/326] PPAK
[03:20:01] [222/326] NVPK
[03:20:02] [223/326] PRMC
[03:20:03] [224/326] JBCS
[03:20:05] [225/326] GXCK
[03:20:06] [226/326] USKO
[03:20:07] [227/326] GTEM
[03:20:07] [228/326] SMBU
[03:20:08] [229/326] VETC
[03:20:09] [230/326] LCDA
[03:20:10] 🔄 Identity reset
[03:20:10] 🔄 Identity rotated (every 10 requests)
[03:20:10] [231/326] MTVT
[03:20:11] [232/326] PYCP
[03:20:12] [233/326] PNSC
[03:20:13] [234/326] PPCC
[03:20:13] [235/326] TGRT
[03:20:14] [236/326] JYOT
[03:20:15] [237/326] SRCZ
[03:20:16] [238/326] SJTE
[03:20:17] [239/326] DESC
[03:20:17] [240/326] JHVN
[03:20:18] 🔄 Identity reset
[03:20:18] 🔄 Identity rotated (every 10 requests)
[03:20:18] [241/326] IPSG
[03:20:19] [242/326] IPCM
[03:20:20] [243/326] PDRS
[03:20:21] [244/326] ANCV
[03:20:21] [245/326] CMVV
[03:20:22] [246/326] SHYP
[03:20:23] [247/326] DNCS
[03:20:24] [248/326] GAJK
[03:20:25] [249/326] AKTN
[03:20:26] [250/326] KAYA
[03:20:27] 🔄 Identity reset
[03:20:27] 🔄 Identity rotated (every 10 requests)
[03:20:27] [251/326] SBRC
[03:20:28] [252/326] CHTP
[03:20:29] [253/326] SHRT
[03:20:29] [254/326] BCKU
[03:20:30] [255/326] FCPS
[03:20:31] [256/326] ARDD
[03:20:31] [257/326] CPCM
[03:20:32] [258/326] CGSM
[03:20:33] [259/326] PSMP
[03:20:34] [260/326] SDAL
[03:20:34] 🔄 Identity reset
[03:20:34] 🔄 Identity rotated (every 10 requests)
[03:20:34] [261/326] RTNB
[03:20:35] [262/326] LMCR
[03:20:37] [263/326] CIMA
[03:20:37] [264/326] RNAS
[03:20:38] [265/326] LITH
[03:20:39] [266/326] PBOX
[03:20:40] [267/326] FRTS
[03:20:40] [268/326] RKIC
[03:20:41] [269/326] PTAI
[03:20:41] [270/326] GCIC
[03:20:42] 🔄 Identity reset
[03:20:42] 🔄 Identity rotated (every 10 requests)
[03:20:42] [271/326] FNAS
[03:20:43] [272/326] SCAR
[03:20:44] [273/326] MTCA
[03:20:45] [274/326] SCTS
[03:20:45] [275/326] SYCS
[03:20:46] [276/326] RDMS
[03:20:47] [277/326] KAMP
[03:20:49] [278/326] ERSD
[03:20:50] [279/326] MJMJ
[03:20:50] [280/326] SRCJ
[03:20:51] 🔄 Identity reset
[03:20:51] 🔄 Identity rotated (every 10 requests)
[03:20:51] [281/326] SCXE
[03:20:52] [282/326] SVFR
[03:20:54] [283/326] BHCS
[03:20:54] [284/326] IMCC
[03:20:55] [285/326] PCBO
[03:20:56] [286/326] PRVN
[03:20:57] [287/326] AUPM
[03:20:58] [288/326] INBW
[03:20:58] [289/326] SVCW
[03:20:59] [290/326] RKCF
[03:21:00] 🔄 Identity reset
[03:21:00] 🔄 Identity rotated (every 10 requests)
[03:21:00] [291/326] UVBH
[03:21:01] [292/326] DNCY
[03:21:02] [293/326] ABCN
[03:21:03] [294/326] PRUR
[03:21:04] [295/326] PFMR
[03:21:05] [296/326] RKCN
[03:21:05] [297/326] CFEA
[03:21:07] [298/326] SDBG
[03:21:08] [299/326] SNAR
[03:21:08] [300/326] YISI
[03:21:09] 🔄 Identity reset
[03:21:09] 🔄 Identity rotated (every 10 requests)
[03:21:09] [301/326] JCFF
[03:21:10] [302/326] VTRK
[03:21:11] [303/326] PCLZ
[03:21:12] [304/326] DIMY
[03:21:13] [305/326] BBTS
[03:21:14] [306/326] GATH
[03:21:15] [307/326] GTMN
[03:21:16] [308/326] VTMH
[03:21:17] [309/326] CCKP
[03:21:17] [310/326] GPKA
[03:21:18] 🔄 Identity reset
[03:21:18] 🔄 Identity rotated (every 10 requests)
[03:21:18] [311/326] MHCL
[03:21:19] [312/326] ATCL
[03:21:20] [313/326] SBCK
[03:21:21] [314/326] AMMR
[03:21:22] [315/326] MADC
[03:21:23] [316/326] TMMA
[03:21:23] [317/326] CACC
[03:21:25] [318/326] CHAL
[03:21:26] [319/326] DURG
[03:21:27] [320/326] GMKU
[03:21:27] 🔄 Identity reset
[03:21:27] 🔄 Identity rotated (every 10 requests)
[03:21:27] 🔄 Retry 1/5 for GMKU in 2.5s
[03:21:27] 🔄 Identity reset
[03:21:30] 🧠 New identity created
[03:21:30] [321/326] GECA
[03:21:31] [322/326] KYRR
[03:21:32] [323/326] KSDE
[03:21:33] [324/326] LMCI
[03:21:34] [325/326] NKCP
[03:21:35] [326/326] BGTC
[03:21:35] ✅ DONE | Shows=0 | Movies=0
[04:16:38] 🚀 BMS DAILY TRACKER STARTED (enhanced anti‑detection)
[04:16:38] [1/326] BSAT
[04:16:39] 🧠 New identity created
[04:16:40] [2/326] RSSM
[04:16:41] [3/326] GCTA
[04:16:43] [4/326] TOPN
[04:16:44] [5/326] MCUS
[04:16:46] [6/326] SHRL
[04:16:47] [7/326] UPTP
[04:16:49] [8/326] TMMP
[04:16:50] [9/326] DNRP
[04:16:51] [10/326] SRLT
[04:16:52] 🔄 Identity reset
[04:16:52] 🔄 Identity rotated (every 10 requests)
[04:16:53] [11/326] RCNS
[04:16:54] [12/326] DCBH
[04:16:56] [13/326] NAGJ
[04:16:57] [14/326] JVRC
[04:16:58] [15/326] KRJG
[04:17:00] [16/326] SRTJ
[04:17:01] [17/326] CMXM
[04:17:02] [18/326] STMI
[04:17:03] [19/326] SLST
[04:17:04] [20/326] DTCN
[04:17:04] 🔄 Identity reset
[04:17:04] 🔄 Identity rotated (every 10 requests)
[04:17:05] [21/326] STYN
[04:17:06] [22/326] SZVR
[04:17:07] [23/326] SRKO
[04:17:09] [24/326] JTGT
[04:17:10] [25/326] SVFD
[04:17:12] [26/326] SISD
[04:17:13] [27/326] ABDD
[04:17:14] [28/326] DRCA
[04:17:15] [29/326] AVCS
[04:17:16] [30/326] MVKH
[04:17:17] 🔄 Identity reset
[04:17:17] 🔄 Identity rotated (every 10 requests)
[04:17:17] [31/326] ACPR
[04:17:18] [32/326] STIP
[04:17:20] [33/326] MTRA
[04:17:20] [34/326] RMKH
[04:17:22] [35/326] NKRL
[04:17:23] [36/326] PCWN
[04:17:24] [37/326] BLMT
[04:17:25] [38/326] GDPG
[04:17:26] [39/326] SRMX
[04:17:27] [40/326] JACP
[04:17:28] 🔄 Identity reset
[04:17:28] 🔄 Identity rotated (every 10 requests)
[04:17:29] [41/326] CPSH
[04:17:30] [42/326] MCCD
[04:17:32] [43/326] ECGH
[04:17:33] [44/326] MKCK
[04:17:34] [45/326] SRMM
[04:17:35] [46/326] SKYR
[04:17:36] [47/326] PCKC
[04:17:37] [48/326] JCMA
[04:17:38] [49/326] BSMP
[04:17:39] [50/326] VSPA
[04:17:39] 🔄 Identity reset
[04:17:39] 🔄 Identity rotated (every 10 requests)
[04:17:40] [51/326] DJYA
[04:17:41] [52/326] DIMP
[04:17:42] [53/326] FXDR
[04:17:44] [54/326] SSRC
[04:17:45] [55/326] STHP
[04:17:46] [56/326] CPPD
[04:17:48] [57/326] FCLK
[04:17:49] [58/326] SCPP
[04:17:50] [59/326] DCMJ
[04:17:51] [60/326] RCCR
[04:17:52] 🔄 Identity reset
[04:17:52] 🔄 Identity rotated (every 10 requests)
[04:17:53] [61/326] INMT
[04:17:54] [62/326] LXTK
[04:17:55] [63/326] SRYK
[04:17:57] [64/326] SGDK
[04:17:58] [65/326] PPKA
[04:17:59] [66/326] SPKA
[04:18:00] [67/326] CGHH
[04:18:02] [68/326] DCJN
[04:18:03] [69/326] SRKV
[04:18:03] [70/326] SAJC
[04:18:04] 🔄 Identity reset
[04:18:04] 🔄 Identity rotated (every 10 requests)
[04:18:05] [71/326] SUSR
[04:18:06] [72/326] STYG
[04:18:08] [73/326] NTKP
[04:18:10] [74/326] AKTG
[04:18:11] [75/326] CGCM
[04:18:12] [76/326] TULC
[04:18:13] [77/326] NYYZ
[04:18:15] [78/326] NYBW
[04:18:17] [79/326] MACB
[04:18:18] [80/326] SLVT
[04:18:18] 🔄 Identity reset
[04:18:19] 🔄 Identity rotated (every 10 requests)
[04:18:19] [81/326] SANA
[04:18:20] [82/326] ACMR
[04:18:21] [83/326] CPKN
[04:18:22] [84/326] DLGK
[04:18:23] [85/326] CWCK
[04:18:25] [86/326] FDDH
[04:18:26] [87/326] MMMD
[04:18:27] [88/326] CMEH
[04:18:28] [89/326] GGGV
[04:18:29] [90/326] SPJL
[04:18:29] 🔄 Identity reset
[04:18:29] 🔄 Identity rotated (every 10 requests)
[04:18:30] [91/326] RCCD
[04:18:31] [92/326] STTZ
[04:18:32] [93/326] BTCF
[04:18:34] [94/326] TSTZ
[04:18:35] [95/326] IPMM
[04:18:36] [96/326] PMPW
[04:18:38] [97/326] PCMZ
[04:18:39] [98/326] ESEM
[04:18:40] [99/326] PIPO
[04:18:42] [100/326] MATK
[04:18:43] 🔄 Identity reset
[04:18:43] 🔄 Identity rotated (every 10 requests)
[04:18:43] [101/326] PGHM
[04:18:44] [102/326] CTSR
[04:18:45] [103/326] CYKR
[04:18:46] [104/326] MSCM
[04:18:47] [105/326] RFNP
[04:18:47] [106/326] PDCP
[04:18:48] [107/326] NPSE
[04:18:49] [108/326] MKML
[04:18:51] [109/326] FTDP
[04:18:53] [110/326] MMXA
[04:18:53] 🔄 Identity reset
[04:18:53] 🔄 Identity rotated (every 10 requests)
[04:18:54] [111/326] CEPO
[04:18:55] [112/326] CMVP
[04:18:56] [113/326] SGTH
[04:18:57] [114/326] SAYN
[04:18:58] [115/326] URVS
[04:18:59] [116/326] VJTN
[04:19:00] [117/326] BBYK
[04:19:01] [118/326] SHBO
[04:19:03] [119/326] VCMR
[04:19:04] [120/326] MACT
[04:19:04] 🔄 Identity reset
[04:19:04] 🔄 Identity rotated (every 10 requests)
[04:19:05] [121/326] JMNP
[04:19:07] [122/326] VICS
[04:19:08] [123/326] VCDA
[04:19:09] [124/326] GCMM
[04:19:11] [125/326] INVS
[04:19:12] [126/326] SCGM
[04:19:13] [127/326] PCDA
[04:19:14] [128/326] KDCT
[04:19:15] [129/326] JACS
[04:19:16] [130/326] GMMC
[04:19:17] 🔄 Identity reset
[04:19:17] 🔄 Identity rotated (every 10 requests)
[04:19:18] [131/326] AICM
[04:19:19] [132/326] TJCM
[04:19:19] [133/326] RMTI
[04:19:20] [134/326] SHAC
[04:19:22] [135/326] APJC
[04:19:23] [136/326] GCTG
[04:19:24] [137/326] SSMC
[04:19:26] [138/326] THRM
[04:19:27] [139/326] RBCT
[04:19:28] [140/326] DIKT
[04:19:28] 🔄 Identity reset
[04:19:28] 🔄 Identity rotated (every 10 requests)
[04:19:30] [141/326] MIDL
[04:19:30] [142/326] VCSN
[04:19:32] [143/326] SKTG
[04:19:33] [144/326] SMWC
[04:19:34] [145/326] MNKH
[04:19:36] [146/326] PIAT
[04:19:37] [147/326] LTTP
[04:19:38] [148/326] PTPU
[04:19:39] [149/326] ACMG
[04:19:40] [150/326] SHMM
[04:19:41] 🔄 Identity reset
[04:19:41] 🔄 Identity rotated (every 10 requests)
[04:19:42] [151/326] MCMN
[04:19:43] [152/326] GLDC
[04:19:44] [153/326] HOUT
[04:19:44] [154/326] SVRP
[04:19:45] [155/326] PVDN
[04:19:46] [156/326] SCPY
[04:19:47] [157/326] DTPY
[04:19:48] [158/326] GKCS
[04:19:49] [159/326] NCAM
[04:19:50] [160/326] BSRM
[04:19:51] 🔄 Identity reset
[04:19:51] 🔄 Identity rotated (every 10 requests)
[04:19:51] [161/326] RCLC
[04:19:53] [162/326] SKKD
[04:19:54] [163/326] ACHU
[04:19:56] [164/326] RSCF
[04:19:58] [165/326] IMSH
[04:19:59] [166/326] MACX
[04:20:00] [167/326] HMMW
[04:20:01] [168/326] JTCP
[04:20:02] [169/326] SREN
[04:20:04] [170/326] PJRR
[04:20:04] 🔄 Identity reset
[04:20:04] 🔄 Identity rotated (every 10 requests)
[04:20:04] [171/326] INAC
[04:20:06] [172/326] BMCA
[04:20:07] [173/326] SHCB
[04:20:08] [174/326] GABA
[04:20:09] [175/326] SBCT
[04:20:10] [176/326] GCMA
[04:20:11] [177/326] MYTK
[04:20:12] [178/326] INZS
[04:20:13] [179/326] RMIK
[04:20:14] [180/326] NYCH
[04:20:15] 🔄 Identity reset
[04:20:15] 🔄 Identity rotated (every 10 requests)
[04:20:16] [181/326] RAVE
[04:20:17] [182/326] PSXM
[04:20:19] [183/326] MCGP
[04:20:20] [184/326] PDDK
[04:20:21] [185/326] SPCK
[04:20:22] [186/326] MCRL
[04:20:24] [187/326] MHKT
[04:20:26] [188/326] ANRR
[04:20:27] [189/326] SAPK
[04:20:29] [190/326] NCUK
[04:20:30] 🔄 Identity reset
[04:20:30] 🔄 Identity rotated (every 10 requests)
[04:20:31] [191/326] JUGA
[04:20:32] [192/326] DBSC
[04:20:32] [193/326] LALK
[04:20:33] [194/326] GUCK
[04:20:35] [195/326] STSG
[04:20:36] [196/326] PPPZ
[04:20:37] [197/326] CNCY
[04:20:38] [198/326] MTAR
[04:20:40] [199/326] VNKD
[04:20:41] [200/326] KMAJ
[04:20:41] 🔄 Identity reset
[04:20:41] 🔄 Identity rotated (every 10 requests)
[04:20:42] [201/326] ACXK
[04:20:43] [202/326] UTKC
[04:20:45] [203/326] PBLK
[04:20:45] [204/326] ACBX
[04:20:47] [205/326] PTGM
[04:20:48] [206/326] BTDA
[04:20:49] [207/326] PJMB
[04:20:50] [208/326] TPDA
[04:20:51] [209/326] AMOE
[04:20:52] [210/326] PRHT
[04:20:53] 🔄 Identity reset
[04:20:53] 🔄 Identity rotated (every 10 requests)
[04:20:53] [211/326] PRTA
[04:20:55] [212/326] STAM
[04:20:56] [213/326] MSAA
[04:20:57] [214/326] SDLU
[04:20:58] [215/326] RCHH
[04:20:59] [216/326] KANT
[04:21:00] [217/326] FCRT
[04:21:01] [218/326] DNKM
[04:21:02] [219/326] RYCP
[04:21:03] [220/326] MYRP
[04:21:04] 🔄 Identity reset
[04:21:04] 🔄 Identity rotated (every 10 requests)
[04:21:04] [221/326] PPAK
[04:21:05] [222/326] NVPK
[04:21:07] [223/326] PRMC
[04:21:09] [224/326] JBCS
[04:21:10] [225/326] GXCK
[04:21:11] [226/326] USKO
[04:21:12] [227/326] GTEM
[04:21:13] [228/326] SMBU
[04:21:14] [229/326] VETC
[04:21:15] [230/326] LCDA
[04:21:15] 🔄 Identity reset
[04:21:15] 🔄 Identity rotated (every 10 requests)
[04:21:16] [231/326] MTVT
[04:21:17] [232/326] PYCP
[04:21:19] [233/326] PNSC
[04:21:20] [234/326] PPCC
[04:21:22] [235/326] TGRT
[04:21:23] [236/326] JYOT
[04:21:24] [237/326] SRCZ
[04:21:26] [238/326] SJTE
[04:21:28] [239/326] DESC
[04:21:29] [240/326] JHVN
[04:21:30] 🔄 Identity reset
[04:21:30] 🔄 Identity rotated (every 10 requests)
[04:21:31] [241/326] IPSG
[04:21:32] [242/326] IPCM
[04:21:33] [243/326] PDRS
[04:21:34] [244/326] ANCV
[04:21:35] [245/326] CMVV
[04:21:36] [246/326] SHYP
[04:21:38] [247/326] DNCS
[04:21:39] [248/326] GAJK
[04:21:40] [249/326] AKTN
[04:21:41] [250/326] KAYA
[04:21:42] 🔄 Identity reset
[04:21:42] 🔄 Identity rotated (every 10 requests)
[04:21:42] [251/326] SBRC
[04:21:44] [252/326] CHTP
[04:21:45] [253/326] SHRT
[04:21:46] [254/326] BCKU
[04:21:47] [255/326] FCPS
[04:21:48] [256/326] ARDD
[04:21:49] [257/326] CPCM
[04:21:51] [258/326] CGSM
[04:21:52] [259/326] PSMP
[04:21:53] [260/326] SDAL
[04:21:53] 🔄 Identity reset
[04:21:53] 🔄 Identity rotated (every 10 requests)
[04:21:54] [261/326] RTNB
[04:21:55] [262/326] LMCR
[04:21:56] [263/326] CIMA
[04:21:57] [264/326] RNAS
[04:21:58] [265/326] LITH
[04:21:59] [266/326] PBOX
[04:22:00] [267/326] FRTS
[04:22:01] [268/326] RKIC
[04:22:02] [269/326] PTAI
[04:22:03] [270/326] GCIC
[04:22:04] 🔄 Identity reset
[04:22:04] 🔄 Identity rotated (every 10 requests)
[04:22:04] [271/326] FNAS
[04:22:05] [272/326] SCAR
[04:22:06] [273/326] MTCA
[04:22:08] [274/326] SCTS
[04:22:10] [275/326] SYCS
[04:22:10] [276/326] RDMS
[04:22:12] [277/326] KAMP
[04:22:13] [278/326] ERSD
[04:22:14] [279/326] MJMJ
[04:22:15] [280/326] SRCJ
[04:22:16] 🔄 Identity reset
[04:22:16] 🔄 Identity rotated (every 10 requests)
[04:22:16] [281/326] SCXE
[04:22:18] [282/326] SVFR
[04:22:18] [283/326] BHCS
[04:22:20] [284/326] IMCC
[04:22:21] [285/326] PCBO
[04:22:22] [286/326] PRVN
[04:22:24] [287/326] AUPM
[04:22:25] [288/326] INBW
[04:22:25] [289/326] SVCW
[04:22:26] [290/326] RKCF
[04:22:27] 🔄 Identity reset
[04:22:27] 🔄 Identity rotated (every 10 requests)
[04:22:27] [291/326] UVBH
[04:22:28] [292/326] DNCY
[04:22:29] [293/326] ABCN
[04:22:30] [294/326] PRUR
[04:22:31] [295/326] PFMR
[04:22:33] [296/326] RKCN
[04:22:34] [297/326] CFEA
[04:22:35] [298/326] SDBG
[04:22:36] [299/326] SNAR
[04:22:37] [300/326] YISI
[04:22:38] 🔄 Identity reset
[04:22:38] 🔄 Identity rotated (every 10 requests)
[04:22:38] [301/326] JCFF
[04:22:40] [302/326] VTRK
[04:22:41] [303/326] PCLZ
[04:22:42] [304/326] DIMY
[04:22:44] [305/326] BBTS
[04:22:44] [306/326] GATH
[04:22:45] [307/326] GTMN
[04:22:46] [308/326] VTMH
[04:22:48] [309/326] CCKP
[04:22:49] [310/326] GPKA
[04:22:50] 🔄 Identity reset
[04:22:50] 🔄 Identity rotated (every 10 requests)
[04:22:50] [311/326] MHCL
[04:22:52] [312/326] ATCL
[04:22:52] [313/326] SBCK
[04:22:53] [314/326] AMMR
[04:22:55] [315/326] MADC
[04:22:56] [316/326] TMMA
[04:22:58] [317/326] CACC
[04:22:59] [318/326] CHAL
[04:23:00] [319/326] DURG
[04:23:01] [320/326] GMKU
[04:23:02] 🔄 Identity reset
[04:23:02] 🔄 Identity rotated (every 10 requests)
[04:23:02] [321/326] GECA
[04:23:04] [322/326] KYRR
[04:23:05] [323/326] KSDE
[04:23:06] [324/326] LMCI
[04:23:06] [325/326] NKCP
[04:23:08] [326/326] BGTC
[04:23:09] ✅ DONE | Shows=1 | Movies=1
