[00:16:39] 🚀 BMS DAILY TRACKER STARTED (enhanced anti‑detection)
[00:16:39] [1/458] MBDC
[00:16:40] 🧠 New identity created
[00:16:41] [2/458] CHKM
[00:16:42] [3/458] JTKZ
[00:16:43] [4/458] CMCT
[00:16:43] [5/458] ASHO
[00:16:45] [6/458] ECDG
[00:16:46] [7/458] SPAT
[00:16:47] [8/458] HILC
[00:16:48] [9/458] SPPH
[00:16:49] [10/458] SBHN
[00:16:50] 🔄 Identity reset
[00:16:50] 🔄 Identity rotated (every 10 requests)
[00:16:50] [11/458] RRCA
[00:16:51] [12/458] APAA
[00:16:52] [13/458] RAME
[00:16:53] [14/458] TMMS
[00:16:54] [15/458] BATK
[00:16:55] [16/458] LKOP
[00:16:56] [17/458] AMTT
[00:16:57] [18/458] PTGK
[00:16:58] [19/458] ANRS
[00:16:59] [20/458] VWBW
[00:16:59] 🔄 Identity reset
[00:16:59] 🔄 Identity rotated (every 10 requests)
[00:17:00] [21/458] SVFG
[00:17:01] [22/458] STAT
[00:17:01] [23/458] GDCV
[00:17:02] [24/458] VEBI
[00:17:03] [25/458] VDSS
[00:17:05] [26/458] NTHV
[00:17:06] [27/458] AOCH
[00:17:06] [28/458] KASR
[00:17:07] [29/458] AYCS
[00:17:09] [30/458] SHAI
[00:17:10] 🔄 Identity reset
[00:17:10] 🔄 Identity rotated (every 10 requests)
[00:17:10] [31/458] SKPE
[00:17:11] [32/458] SBTA
[00:17:12] [33/458] RTTD
[00:17:13] [34/458] CCJD
[00:17:13] [35/458] RSJJ
[00:17:14] [36/458] RKND
[00:17:15] [37/458] SVTX
[00:17:16] [38/458] BAKM
[00:17:16] [39/458] SVDC
[00:17:17] [40/458] MNCV
[00:17:18] 🔄 Identity reset
[00:17:18] 🔄 Identity rotated (every 10 requests)
[00:17:18] [41/458] SJGC
[00:17:19] [42/458] MTPK
[00:17:20] [43/458] GATP
[00:17:21] [44/458] ABTS
[00:17:22] [45/458] ABDE
[00:17:23] [46/458] RCNM
[00:17:24] [47/458] KTHV
[00:17:25] [48/458] MDGJ
[00:17:26] [49/458] SMLM
[00:17:27] [50/458] JTMA
[00:17:27] 🔄 Identity reset
[00:17:27] 🔄 Identity rotated (every 10 requests)
[00:17:28] [51/458] ACKP
[00:17:29] [52/458] SRTA
[00:17:29] [53/458] STAY
[00:17:31] [54/458] MAVO
[00:17:33] [55/458] APTS
[00:17:34] [56/458] OMEA
[00:17:35] [57/458] TTFD
[00:17:36] [58/458] MJCU
[00:17:36] [59/458] CXTE
[00:17:37] [60/458] CTPX
[00:17:38] 🔄 Identity reset
[00:17:38] 🔄 Identity rotated (every 10 requests)
[00:17:38] [61/458] ASSL
[00:17:39] [62/458] CMVB
[00:17:40] [63/458] VPUR
[00:17:40] [64/458] JJDA
[00:17:41] [65/458] INBL
[00:17:43] [66/458] BIKB
[00:17:44] [67/458] NTBB
[00:17:44] [68/458] GLOB
[00:17:45] [69/458] SNTB
[00:17:46] [70/458] CHGV
[00:17:47] 🔄 Identity reset
[00:17:47] 🔄 Identity rotated (every 10 requests)
[00:17:47] [71/458] SSBZ
[00:17:48] [72/458] PRDB
[00:17:49] [73/458] ISMT
[00:17:50] [74/458] MCSD
[00:17:50] [75/458] JBTT
[00:17:51] [76/458] GEKR
[00:17:52] [77/458] PVUN
[00:17:53] [78/458] NRTB
[00:17:54] [79/458] PRAA
[00:17:55] [80/458] PCBL
[00:17:55] 🔄 Identity reset
[00:17:55] 🔄 Identity rotated (every 10 requests)
[00:17:56] [81/458] PTCM
[00:17:57] [82/458] KHNN
[00:17:58] [83/458] OMJE
[00:17:59] [84/458] STGN
[00:18:00] [85/458] RPMS
[00:18:01] [86/458] NWAD
[00:18:02] [87/458] BLCK
[00:18:03] [88/458] SVAA
[00:18:04] [89/458] URVM
[00:18:05] [90/458] ANTM
[00:18:06] 🔄 Identity reset
[00:18:06] 🔄 Identity rotated (every 10 requests)
[00:18:06] [91/458] VJYM
[00:18:07] [92/458] MAZZ
[00:18:08] [93/458] CSHM
[00:18:09] [94/458] WGMH
[00:18:10] [95/458] SALN
[00:18:11] [96/458] BRTP
[00:18:12] [97/458] SVTA
[00:18:13] [98/458] SBTP
[00:18:14] [99/458] VLSS
[00:18:14] [100/458] SRJA
[00:18:15] 🔄 Identity reset
[00:18:15] 🔄 Identity rotated (every 10 requests)
[00:18:15] [101/458] ANCG
[00:18:16] [102/458] CGGC
[00:18:17] [103/458] CRJA
[00:18:18] [104/458] USCR
[00:18:19] [105/458] MMEF
[00:18:19] [106/458] JCRJ
[00:18:21] [107/458] ADCM
[00:18:22] [108/458] BMYK
[00:18:23] [109/458] KICS
[00:18:24] [110/458] MBBT
[00:18:25] 🔄 Identity reset
[00:18:25] 🔄 Identity rotated (every 10 requests)
[00:18:25] [111/458] MACK
[00:18:26] [112/458] CLDR
[00:18:26] [113/458] JYCR
[00:18:27] [114/458] DCRP
[00:18:28] [115/458] RAHT
[00:18:29] [116/458] CSSM
[00:18:30] [117/458] ATPK
[00:18:31] [118/458] KLRT
[00:18:32] [119/458] SRDD
[00:18:32] [120/458] CKMC
[00:18:33] 🔄 Identity reset
[00:18:33] 🔄 Identity rotated (every 10 requests)
[00:18:34] [121/458] KRVM
[00:18:34] [122/458] AKCP
[00:18:35] [123/458] CNCV
[00:18:36] [124/458] PACT
[00:18:37] [125/458] NATP
[00:18:38] [126/458] PCPK
[00:18:39] [127/458] SMHO
[00:18:40] [128/458] CWTK
[00:18:41] [129/458] RVKZ
[00:18:41] [130/458] ASPD
[00:18:42] 🔄 Identity reset
[00:18:42] 🔄 Identity rotated (every 10 requests)
[00:18:42] [131/458] VTKZ
[00:18:43] [132/458] LCSO
[00:18:44] [133/458] PRDY
[00:18:45] [134/458] RCAP
[00:18:46] [135/458] RGAR
[00:18:47] [136/458] RCAC
[00:18:48] [137/458] PMOD
[00:18:49] [138/458] PVCN
[00:18:50] [139/458] SCRZ
[00:18:51] [140/458] PVPC
[00:18:51] 🔄 Identity reset
[00:18:51] 🔄 Identity rotated (every 10 requests)
[00:18:52] [141/458] STID
[00:18:52] [142/458] NEDD
[00:18:54] [143/458] BNBA
[00:18:55] [144/458] NTCD
[00:18:56] [145/458] OCDE
[00:18:57] [146/458] CCDU
[00:18:58] [147/458] CRXH
[00:18:58] [148/458] VLVT
[00:19:00] [149/458] CICI
[00:19:02] [150/458] SUCB
[00:19:03] 🔄 Identity reset
[00:19:03] 🔄 Identity rotated (every 10 requests)
[00:19:03] [151/458] TCBP
[00:19:05] [152/458] SCCY
[00:19:06] [153/458] LXCY
[00:19:07] [154/458] NCMD
[00:19:08] [155/458] PHCS
[00:19:08] [156/458] DUXR
[00:19:10] [157/458] VNKS
[00:19:10] [158/458] SEDP
[00:19:11] [159/458] SVEN
[00:19:12] [160/458] SRKM
[00:19:13] 🔄 Identity reset
[00:19:13] 🔄 Identity rotated (every 10 requests)
[00:19:13] [161/458] JTLT
[00:19:13] [162/458] SVSS
[00:19:14] [163/458] AMDE
[00:19:15] [164/458] WVRN
[00:19:16] [165/458] ISMG
[00:19:17] [166/458] WVKS
[00:19:17] [167/458] USCG
[00:19:18] [168/458] IOTG
[00:19:19] [169/458] RRJM
[00:19:20] [170/458] EDMP
[00:19:21] 🔄 Identity reset
[00:19:21] 🔄 Identity rotated (every 10 requests)
[00:19:21] [171/458] SCGZ
[00:19:22] [172/458] GMGX
[00:19:23] [173/458] OMTP
[00:19:23] [174/458] MITD
[00:19:25] [175/458] SMMD
[00:19:26] [176/458] STML
[00:19:26] [177/458] MCFS
[00:19:27] [178/458] FPKA
[00:19:28] [179/458] OMLR
[00:19:29] [180/458] KKSC
[00:19:29] 🔄 Identity reset
[00:19:29] 🔄 Identity rotated (every 10 requests)
[00:19:30] [181/458] RVMA
[00:19:31] [182/458] SCLL
[00:19:32] [183/458] SCDK
[00:19:33] [184/458] SXMI
[00:19:34] [185/458] SHDN
[00:19:35] [186/458] PAAD
[00:19:36] [187/458] UUCB
[00:19:36] [188/458] JHOL
[00:19:37] [189/458] SGWT
[00:19:38] [190/458] SRII
[00:19:39] 🔄 Identity reset
[00:19:39] 🔄 Identity rotated (every 10 requests)
[00:19:39] [191/458] SGCK
[00:19:40] [192/458] SVVB
[00:19:42] [193/458] DMHA
[00:19:42] [194/458] PPNL
[00:19:43] [195/458] CPNL
[00:19:44] [196/458] WVLD
[00:19:46] [197/458] PSLV
[00:19:48] [198/458] VTTL
[00:19:48] [199/458] NPAD
[00:19:50] [200/458] PVCS
[00:19:51] 🔄 Identity reset
[00:19:51] 🔄 Identity rotated (every 10 requests)
[00:19:51] [201/458] MCHL
[00:19:52] [202/458] PPLL
[00:19:53] [203/458] MALO
[00:19:54] [204/458] SWBH
[00:19:55] [205/458] PUGB
[00:19:56] [206/458] INBB
[00:19:57] [207/458] INNS
[00:19:58] [208/458] MCPT
[00:19:59] [209/458] SCMI
[00:20:00] [210/458] OCON
[00:20:01] 🔄 Identity reset
[00:20:01] 🔄 Identity rotated (every 10 requests)
[00:20:01] [211/458] SCSM
[00:20:02] [212/458] RJVN
[00:20:03] [213/458] AMDK
[00:20:04] [214/458] ISMR
[00:20:05] [215/458] SMTD
[00:20:06] [216/458] VTDD
[00:20:06] [217/458] PDDZ
[00:20:07] [218/458] PCCK
[00:20:08] [219/458] INAM
[00:20:09] [220/458] FNKT
[00:20:09] 🔄 Identity reset
[00:20:09] 🔄 Identity rotated (every 10 requests)
[00:20:09] [221/458] GDKA
[00:20:10] [222/458] MAYU
[00:20:11] [223/458] TCGU
[00:20:12] [224/458] KDCA
[00:20:13] [225/458] DOMY
[00:20:14] [226/458] PDDD
[00:20:14] [227/458] BJTS
[00:20:15] [228/458] VTCA
[00:20:16] [229/458] SBTM
[00:20:17] [230/458] SEET
[00:20:18] 🔄 Identity reset
[00:20:18] 🔄 Identity rotated (every 10 requests)
[00:20:18] [231/458] SSTJ
[00:20:19] [232/458] SVNT
[00:20:20] [233/458] PPPR
[00:20:20] [234/458] PVYS
[00:20:21] [235/458] IOSE
[00:20:22] [236/458] ACTV
[00:20:22] [237/458] APVE
[00:20:23] [238/458] TCCL
[00:20:24] [239/458] SCMO
[00:20:25] [240/458] SAUM
[00:20:26] 🔄 Identity reset
[00:20:26] 🔄 Identity rotated (every 10 requests)
[00:20:26] [241/458] KCJS
[00:20:27] [242/458] NJCJ
[00:20:28] [243/458] NECF
[00:20:28] [244/458] CCGW
[00:20:29] [245/458] CCMG
[00:20:30] [246/458] NYRG
[00:20:30] [247/458] NCSQ
[00:20:31] [248/458] GRCG
[00:20:32] [249/458] CCBT
[00:20:33] [250/458] ACGA
[00:20:34] 🔄 Identity reset
[00:20:34] 🔄 Identity rotated (every 10 requests)
[00:20:34] [251/458] INAG
[00:20:35] [252/458] FUCG
[00:20:36] [253/458] AICF
[00:20:37] [254/458] GRGA
[00:20:37] [255/458] GDCN
[00:20:38] [256/458] RRCG
[00:20:39] [257/458] SDCH
[00:20:40] [258/458] WVJM
[00:20:41] [259/458] JCCZ
[00:20:42] [260/458] CNCL
[00:20:42] 🔄 Identity reset
[00:20:42] 🔄 Identity rotated (every 10 requests)
[00:20:42] [261/458] TMLV
[00:20:43] [262/458] MEMB
[00:20:43] [263/458] SGTD
[00:20:44] [264/458] CONX
[00:20:45] [265/458] CCMH
[00:20:46] [266/458] ACMC
[00:20:47] [267/458] DTPD
[00:20:48] [268/458] POJA
[00:20:49] [269/458] FNBH
[00:20:49] [270/458] CGCB
[00:20:50] 🔄 Identity reset
[00:20:50] 🔄 Identity rotated (every 10 requests)
[00:20:50] [271/458] RACN
[00:20:51] [272/458] JTSM
[00:20:51] [273/458] SCDN
[00:20:52] [274/458] AACK
[00:20:53] [275/458] RMCE
[00:20:54] [276/458] BSGB
[00:20:55] [277/458] MRCB
[00:20:55] [278/458] SRVR
[00:20:56] [279/458] VTKK
[00:20:57] [280/458] AMST
[00:20:57] 🔄 Identity reset
[00:20:57] 🔄 Identity rotated (every 10 requests)
[00:20:58] [281/458] APCY
[00:20:58] [282/458] LMHO
[00:20:59] [283/458] MTZH
[00:21:00] [284/458] AMZB
[00:21:01] [285/458] SUVT
[00:21:02] [286/458] RCIP
[00:21:03] [287/458] KESR
[00:21:04] [288/458] SNKC
[00:21:05] [289/458] SCED
[00:21:05] [290/458] DVCA
[00:21:06] 🔄 Identity reset
[00:21:06] 🔄 Identity rotated (every 10 requests)
[00:21:06] [291/458] VCDT
[00:21:08] [292/458] RRDI
[00:21:08] [293/458] DFCH
[00:21:09] [294/458] INSC
[00:21:10] [295/458] RGTR
[00:21:11] [296/458] FMOT
[00:21:13] [297/458] SCPM
[00:21:13] [298/458] GCDT
[00:21:14] [299/458] BRKT
[00:21:15] [300/458] DEMP
[00:21:15] 🔄 Identity reset
[00:21:15] 🔄 Identity rotated (every 10 requests)
[00:21:16] [301/458] SRLC
[00:21:17] [302/458] KSTT
[00:21:17] [303/458] SMMT
[00:21:18] [304/458] SILM
[00:21:19] [305/458] JCVM
[00:21:20] [306/458] KCSV
[00:21:21] [307/458] MHLK
[00:21:21] [308/458] SLVL
[00:21:22] [309/458] RJKP
[00:21:23] [310/458] BBPC
[00:21:23] 🔄 Identity reset
[00:21:23] 🔄 Identity rotated (every 10 requests)
[00:21:23] [311/458] MXCB
[00:21:24] [312/458] TCPK
[00:21:25] [313/458] RTBR
[00:21:26] [314/458] GAUT
[00:21:27] [315/458] DVCF
[00:21:27] [316/458] JTSB
[00:21:28] [317/458] SBLS
[00:21:30] [318/458] UDAY
[00:21:30] [319/458] PTNP
[00:21:31] [320/458] DMKT
[00:21:32] 🔄 Identity reset
[00:21:32] 🔄 Identity rotated (every 10 requests)
[00:21:32] [321/458] NTDT
[00:21:33] [322/458] SHDJ
[00:21:34] [323/458] OTNC
[00:21:35] [324/458] RNTW
[00:21:36] [325/458] GCMI
[00:21:36] [326/458] CRCM
[00:21:37] [327/458] NNCZ
[00:21:38] [328/458] OEMO
[00:21:39] [329/458] PVJM
[00:21:39] [330/458] CPJI
[00:21:40] 🔄 Identity reset
[00:21:40] 🔄 Identity rotated (every 10 requests)
[00:21:40] [331/458] RMCJ
[00:21:41] [332/458] CNWJ
[00:21:42] [333/458] EPJM
[00:21:43] [334/458] FNJJ
[00:21:43] [335/458] GCMJ
[00:21:44] [336/458] INPS
[00:21:45] [337/458] BICJ
[00:21:46] [338/458] ISTJ
[00:21:47] [339/458] INJC
[00:21:48] [340/458] GLXJ
[00:21:49] 🔄 Identity reset
[00:21:49] 🔄 Identity rotated (every 10 requests)
[00:21:49] [341/458] INEM
[00:21:50] [342/458] JTMN
[00:21:50] [343/458] FRCJ
[00:21:51] [344/458] DDJP
[00:21:52] [345/458] INJV
[00:21:53] [346/458] GOLC
[00:21:54] [347/458] KOCI
[00:21:55] [348/458] FSTD
[00:21:55] [349/458] PACJ
[00:21:56] [350/458] GMCN
[00:21:57] 🔄 Identity reset
[00:21:57] 🔄 Identity rotated (every 10 requests)
[00:21:57] [351/458] MMDJ
[00:21:58] [352/458] GODH
[00:21:59] [353/458] SKYN
[00:21:59] [354/458] NCTH
[00:22:00] [355/458] SKVZ
[00:22:01] [356/458] SVML
[00:22:02] [357/458] ACVZ
[00:22:03] [358/458] SURA
[00:22:03] [359/458] RTRB
[00:22:04] [360/458] LLCT
[00:22:04] 🔄 Identity reset
[00:22:04] 🔄 Identity rotated (every 10 requests)
[00:22:05] [361/458] ATTS
[00:22:05] [362/458] JYCM
[00:22:06] [363/458] CTKR
[00:22:07] [364/458] LCKR
[00:22:08] [365/458] NYCV
[00:22:08] [366/458] NYOH
[00:22:09] [367/458] NOVX
[00:22:10] [368/458] MRGK
[00:22:11] [369/458] MOON
[00:22:12] [370/458] SBUC
[00:22:13] 🔄 Identity reset
[00:22:13] 🔄 Identity rotated (every 10 requests)
[00:22:13] [371/458] GSVA
[00:22:14] [372/458] VIAK
[00:22:14] [373/458] SMVZ
[00:22:15] [374/458] MATE
[00:22:16] [375/458] RDCN
[00:22:18] [376/458] ASBL
[00:22:19] [377/458] ASVS
[00:22:20] [378/458] ASSR
[00:22:21] [379/458] SSKN
[00:22:22] [380/458] DRPV
[00:22:23] 🔄 Identity reset
[00:22:23] 🔄 Identity rotated (every 10 requests)
[00:22:23] [381/458] MRHT
[00:22:24] [382/458] BSCN
[00:22:24] [383/458] RKNX
[00:22:25] [384/458] MSMC
[00:22:27] [385/458] MSCJ
[00:22:28] [386/458] BTBJ
[00:22:28] [387/458] MJCC
[00:22:29] [388/458] IOMM
[00:22:30] [389/458] ADGR
[00:22:31] [390/458] MYCP
[00:22:31] 🔄 Identity reset
[00:22:31] 🔄 Identity rotated (every 10 requests)
[00:22:31] [391/458] IGCM
[00:22:32] [392/458] PGRK
[00:22:33] [393/458] VPGO
[00:22:34] [394/458] KOMS
[00:22:35] [395/458] URGG
[00:22:36] [396/458] GOST
[00:22:36] [397/458] LACT
[00:22:37] [398/458] BWCM
[00:22:38] [399/458] NCCW
[00:22:39] [400/458] SKYC
[00:22:40] 🔄 Identity reset
[00:22:40] 🔄 Identity rotated (every 10 requests)
[00:22:40] [401/458] CCPM
[00:22:41] [402/458] VCBT
[00:22:42] [403/458] SDKR
[00:22:43] [404/458] CTYB
[00:22:44] [405/458] SHCX
[00:22:45] [406/458] RCUN
[00:22:46] [407/458] CNRA
[00:22:47] [408/458] RFCA
[00:22:47] [409/458] RDCU
[00:22:48] [410/458] SARK
[00:22:49] 🔄 Identity reset
[00:22:49] 🔄 Identity rotated (every 10 requests)
[00:22:50] [411/458] SPPP
[00:22:50] [412/458] ADMB
[00:22:52] [413/458] JYOE
[00:22:53] [414/458] SRMD
[00:22:54] [415/458] RJDH
[00:22:54] [416/458] SSTD
[00:22:55] [417/458] AACV
[00:22:56] [418/458] PPVD
[00:22:57] [419/458] STCP
[00:22:58] [420/458] ANLS
[00:22:58] 🔄 Identity reset
[00:22:58] 🔄 Identity rotated (every 10 requests)
[00:22:59] [421/458] BIJO
[00:23:00] [422/458] AVAB
[00:23:00] [423/458] SPMD
[00:23:01] [424/458] SVJL
[00:23:02] [425/458] SDDJ
[00:23:03] [426/458] SLTU
[00:23:04] [427/458] SAKA
[00:23:05] [428/458] PMAM
[00:23:05] [429/458] FNAM
[00:23:06] [430/458] ACAM
[00:23:07] 🔄 Identity reset
[00:23:07] 🔄 Identity rotated (every 10 requests)
[00:23:07] [431/458] SCMM
[00:23:08] [432/458] PMAK
[00:23:09] [433/458] NYSA
[00:23:10] [434/458] FCPA
[00:23:11] [435/458] GDAN
[00:23:13] [436/458] RSCA
[00:23:13] [437/458] DMAN
[00:23:14] [438/458] DZCM
[00:23:15] [439/458] NSGL
[00:23:15] [440/458] CCPP
[00:23:16] 🔄 Identity reset
[00:23:16] 🔄 Identity rotated (every 10 requests)
[00:23:16] [441/458] PSMG
[00:23:18] [442/458] GSER
[00:23:18] [443/458] FCCT
[00:23:20] [444/458] FCTB
[00:23:21] [445/458] LCNK
[00:23:21] [446/458] SKTY
[00:23:22] [447/458] INAA
[00:23:23] [448/458] RCWN
[00:23:24] [449/458] VAIS
[00:23:25] [450/458] CVMN
[00:23:26] 🔄 Identity reset
[00:23:26] 🔄 Identity rotated (every 10 requests)
[00:23:26] [451/458] INTS
[00:23:27] [452/458] FRGS
[00:23:28] [453/458] DTCK
[00:23:29] [454/458] MCMH
[00:23:30] [455/458] ECRR
[00:23:31] [456/458] RLLP
[00:23:32] [457/458] CCSN
[00:23:34] [458/458] CCBA
[00:23:35] ✅ DONE | Shows=0 | Movies=0
