[16:40:54] 🚀 SCRIPT STARTED (enhanced anti‑detection)
[16:40:54] [1/456] FNDB
[16:40:54] 🧠 New identity created
[16:40:55] [2/456] AMBH
[16:40:56] [3/456] PRHN
[16:40:57] [4/456] ACPM
[16:40:58] [5/456] PVFS
[16:40:58] [6/456] AACN
[16:40:59] [7/456] ACAS
[16:41:00] [8/456] CTNR
[16:41:01] [9/456] MMAH
[16:41:02] [10/456] CPMH
[16:41:03] 🔄 Identity reset
[16:41:03] 🔄 Identity rotated (every 10 requests)
[16:41:03] [11/456] IGMH
[16:41:04] [12/456] ABCS
[16:41:05] [13/456] CMMA
[16:41:06] [14/456] GPRH
[16:41:07] [15/456] PNNG
[16:41:07] [16/456] AMCA
[16:41:08] [17/456] ISTN
[16:41:09] [18/456] PIIC
[16:41:10] [19/456] AHMH
[16:41:12] [20/456] ASHN
[16:41:12] 🔄 Identity reset
[16:41:12] 🔄 Identity rotated (every 10 requests)
[16:41:12] [21/456] INHY
[16:41:13] [22/456] SRMO
[16:41:14] [23/456] PIMH
[16:41:15] [24/456] PVTS
[16:41:16] [25/456] MMCA
[16:41:17] [26/456] AKYJ
[16:41:18] [27/456] BRKH
[16:41:18] [28/456] MAHM
[16:41:19] [29/456] CPHY
[16:41:20] [30/456] PVTP
[16:41:21] 🔄 Identity reset
[16:41:21] 🔄 Identity rotated (every 10 requests)
[16:41:21] [31/456] SMMR
[16:41:22] [32/456] PVHM
[16:41:23] [33/456] SNDY
[16:41:25] [34/456] GOKU
[16:41:26] [35/456] ACEV
[16:41:26] [36/456] PVUM
[16:41:27] [37/456] VSWA
[16:41:28] [38/456] IPRS
[16:41:29] [39/456] BKMV
[16:41:30] [40/456] PVYH
[16:41:31] 🔄 Identity reset
[16:41:31] 🔄 Identity rotated (every 10 requests)
[16:41:31] [41/456] INKM
[16:41:32] [42/456] ARJU
[16:41:33] [43/456] JJPP
[16:41:34] [44/456] SSRM
[16:41:34] [45/456] HMHD
[16:41:35] [46/456] SNKH
[16:41:36] [47/456] ACHI
[16:41:37] [48/456] MRAA
[16:41:38] [49/456] INMH
[16:41:39] [50/456] ARMH
[16:41:39] 🔄 Identity reset
[16:41:39] 🔄 Identity rotated (every 10 requests)
[16:41:40] [51/456] DVRR
[16:41:40] [52/456] SUDA
[16:41:41] [53/456] MCSS
[16:41:42] [54/456] VRKC
[16:41:43] [55/456] PRCX
[16:41:44] [56/456] ASJY
[16:41:45] [57/456] MTHY
[16:41:46] [58/456] SRCM
[16:41:47] [59/456] TVHY
[16:41:47] [60/456] STHD
[16:41:48] 🔄 Identity reset
[16:41:48] 🔄 Identity rotated (every 10 requests)
[16:41:48] [61/456] CPCL
[16:41:49] [62/456] PSMJ
[16:41:50] [63/456] MRGT
[16:41:51] [64/456] ARYH
[16:41:52] [65/456] VTRB
[16:41:52] [66/456] SCHC
[16:41:53] [67/456] MRRG
[16:41:54] [68/456] SPCB
[16:41:55] [69/456] AMCM
[16:41:56] [70/456] IVNM
[16:41:56] 🔄 Identity reset
[16:41:56] 🔄 Identity rotated (every 10 requests)
[16:41:56] [71/456] TRHY
[16:41:57] [72/456] PTTH
[16:41:58] [73/456] RKMH
[16:41:59] [74/456] PRCS
[16:42:00] [75/456] VAJA
[16:42:00] [76/456] BJNG
[16:42:01] [77/456] SCVM
[16:42:02] [78/456] GNHB
[16:42:04] [79/456] TLUR
[16:42:04] [80/456] UKCC
[16:42:05] 🔄 Identity reset
[16:42:05] 🔄 Identity rotated (every 10 requests)
[16:42:05] [81/456] SRKR
[16:42:06] [82/456] RMKN
[16:42:07] [83/456] SLRT
[16:42:08] [84/456] LKMT
[16:42:09] [85/456] SSRJ
[16:42:09] [86/456] SPHT
[16:42:11] [87/456] ANTT
[16:42:12] [88/456] SRCH
[16:42:13] [89/456] SRCA
[16:42:13] [90/456] ARTH
[16:42:14] 🔄 Identity reset
[16:42:14] 🔄 Identity rotated (every 10 requests)
[16:42:15] [91/456] MCBH
[16:42:15] [92/456] SNIB
[16:42:16] [93/456] SART
[16:42:17] [94/456] SKTA
[16:42:18] [95/456] YAKT
[16:42:19] [96/456] MLCK
[16:42:19] [97/456] ANTS
[16:42:20] [98/456] DGCA
[16:42:21] [99/456] SGMP
[16:42:21] [100/456] ASWN
[16:42:22] 🔄 Identity reset
[16:42:22] 🔄 Identity rotated (every 10 requests)
[16:42:22] [101/456] KFVU
[16:42:23] [102/456] POOR
[16:42:24] [103/456] GKDN
[16:42:25] [104/456] EOSE
[16:42:26] [105/456] GTTT
[16:42:27] [106/456] ARRO
[16:42:27] [107/456] CMMK
[16:42:28] [108/456] MSCN
[16:42:29] [109/456] GDKH
[16:42:30] [110/456] DLMT
[16:42:31] 🔄 Identity reset
[16:42:31] 🔄 Identity rotated (every 10 requests)
[16:42:31] [111/456] PVMF
[16:42:32] [112/456] CPCK
[16:42:32] [113/456] VMHE
[16:42:33] [114/456] PVLC
[16:42:34] [115/456] PCVB
[16:42:35] [116/456] SNYK
[16:42:36] [117/456] KTEK
[16:42:37] [118/456] PCNM
[16:42:38] [119/456] NTTR
[16:42:38] [120/456] CPSK
[16:42:39] 🔄 Identity reset
[16:42:39] 🔄 Identity rotated (every 10 requests)
[16:42:39] [121/456] JMMA
[16:42:40] [122/456] GCFK
[16:42:41] [123/456] MYCA
[16:42:42] [124/456] KSNP
[16:42:43] [125/456] PMCE
[16:42:43] [126/456] SCKI
[16:42:44] [127/456] FSMA
[16:42:45] [128/456] CETA
[16:42:46] [129/456] MCIK
[16:42:47] [130/456] MYCR
[16:42:47] 🔄 Identity reset
[16:42:47] 🔄 Identity rotated (every 10 requests)
[16:42:47] [131/456] EVMP
[16:42:48] [132/456] SSGT
[16:42:49] [133/456] KCTK
[16:42:50] [134/456] ZTKC
[16:42:51] [135/456] MMTA
[16:42:52] [136/456] MAJT
[16:42:53] [137/456] ACPK
[16:42:54] [138/456] JMAX
[16:42:55] [139/456] SETK
[16:42:55] [140/456] CAIS
[16:42:56] 🔄 Identity reset
[16:42:56] 🔄 Identity rotated (every 10 requests)
[16:42:56] [141/456] AGCD
[16:42:57] [142/456] URCL
[16:42:58] [143/456] VTDS
[16:42:59] [144/456] JCNM
[16:43:00] [145/456] KCAM
[16:43:00] [146/456] ADCU
[16:43:01] [147/456] GXYN
[16:43:02] [148/456] SMJG
[16:43:03] [149/456] EYCJ
[16:43:04] [150/456] CCEJ
[16:43:04] 🔄 Identity reset
[16:43:04] 🔄 Identity rotated (every 10 requests)
[16:43:05] [151/456] MARS
[16:43:06] [152/456] CPVJ
[16:43:07] [153/456] INVP
[16:43:08] [154/456] CPOV
[16:43:09] [155/456] VIJK
[16:43:10] [156/456] LAIM
[16:43:11] [157/456] STHV
[16:43:12] [158/456] SVLJ
[16:43:13] [159/456] ATVJ
[16:43:14] [160/456] JTSC
[16:43:15] 🔄 Identity reset
[16:43:15] 🔄 Identity rotated (every 10 requests)
[16:43:15] [161/456] RMTV
[16:43:16] [162/456] MGGG
[16:43:17] [163/456] SWTH
[16:43:18] [164/456] INVJ
[16:43:19] [165/456] PRSV
[16:43:19] [166/456] JATV
[16:43:20] [167/456] RCVD
[16:43:21] [168/456] BDMA
[16:43:22] [169/456] BLJI
[16:43:22] [170/456] SWOT
[16:43:23] 🔄 Identity reset
[16:43:23] 🔄 Identity rotated (every 10 requests)
[16:43:23] [171/456] SWRN
[16:43:24] [172/456] TVRA
[16:43:25] [173/456] NVRN
[16:43:26] [174/456] SIKC
[16:43:27] [175/456] VAKR
[16:43:28] [176/456] SYLN
[16:43:29] [177/456] KLJL
[16:43:29] [178/456] LKMY
[16:43:30] [179/456] VSLY
[16:43:31] [180/456] CIKO
[16:43:32] 🔄 Identity reset
[16:43:32] 🔄 Identity rotated (every 10 requests)
[16:43:32] [181/456] GPBG
[16:43:33] [182/456] CECM
[16:43:34] [183/456] SLKB
[16:43:35] [184/456] MTBO
[16:43:35] [185/456] SSHB
[16:43:36] [186/456] VPCS
[16:43:37] [187/456] RCSR
[16:43:38] [188/456] RJRM
[16:43:39] [189/456] KPPB
[16:43:40] [190/456] SEDC
[16:43:40] 🔄 Identity reset
[16:43:40] 🔄 Identity rotated (every 10 requests)
[16:43:41] [191/456] SCAI
[16:43:42] [192/456] RMTR
[16:43:43] [193/456] ASST
[16:43:44] [194/456] GCAK
[16:43:45] [195/456] ANNK
[16:43:45] [196/456] KDDF
[16:43:47] [197/456] NRDP
[16:43:48] [198/456] PLAK
[16:43:49] [199/456] GCMC
[16:43:50] [200/456] ALPY
[16:43:50] 🔄 Identity reset
[16:43:50] 🔄 Identity rotated (every 10 requests)
[16:43:51] [201/456] SICE
[16:43:52] [202/456] SISR
[16:43:53] [203/456] SRPZ
[16:43:53] [204/456] SRSW
[16:43:54] [205/456] SUYA
[16:43:55] [206/456] AMMT
[16:43:56] [207/456] BHCU
[16:43:58] [208/456] KLPA
[16:43:58] [209/456] NVKH
[16:43:59] [210/456] JMRC
[16:44:00] 🔄 Identity reset
[16:44:00] 🔄 Identity rotated (every 10 requests)
[16:44:00] [211/456] KTTT
[16:44:01] [212/456] MAGH
[16:44:02] [213/456] MMMX
[16:44:03] [214/456] SALJ
[16:44:04] [215/456] GTJA
[16:44:04] [216/456] MAHT
[16:44:05] [217/456] SSNN
[16:44:06] [218/456] ARRP
[16:44:07] [219/456] ATNS
[16:44:07] [220/456] SKDT
[16:44:08] 🔄 Identity reset
[16:44:08] 🔄 Identity rotated (every 10 requests)
[16:44:08] [221/456] ACAT
[16:44:09] [222/456] APRC
[16:44:10] [223/456] SWAG
[16:44:11] [224/456] SDPT
[16:44:12] [225/456] STPS
[16:44:13] [226/456] WWCZ
[16:44:13] [227/456] LLCH
[16:44:14] [228/456] MZHA
[16:44:16] [229/456] CRJG
[16:44:17] [230/456] JGTK
[16:44:17] 🔄 Identity reset
[16:44:17] 🔄 Identity rotated (every 10 requests)
[16:44:19] [231/456] KCSR
[16:44:19] [232/456] CHTL
[16:44:21] [233/456] EDSR
[16:44:22] [234/456] CSWO
[16:44:23] [235/456] CPVM
[16:44:24] [236/456] MXBY
[16:44:24] [237/456] FMMA
[16:44:25] [238/456] POVI
[16:44:26] [239/456] MTHB
[16:44:27] [240/456] INRC
[16:44:27] 🔄 Identity reset
[16:44:27] 🔄 Identity rotated (every 10 requests)
[16:44:28] [241/456] PIPP
[16:44:28] [242/456] BMXC
[16:44:29] [243/456] PCMM
[16:44:30] [244/456] PMKM
[16:44:31] [245/456] GATY
[16:44:32] [246/456] IMCM
[16:44:33] [247/456] POPE
[16:44:34] [248/456] MTCR
[16:44:35] [249/456] PVAE
[16:44:36] [250/456] PVMI
[16:44:36] 🔄 Identity reset
[16:44:36] 🔄 Identity rotated (every 10 requests)
[16:44:36] [251/456] CPNM
[16:44:37] [252/456] FMRL
[16:44:38] [253/456] MCIW
[16:44:39] [254/456] MXBO
[16:44:40] [255/456] FMKY
[16:44:41] [256/456] FMDA
[16:44:42] [257/456] THAB
[16:44:42] [258/456] PRCW
[16:44:43] [259/456] PITI
[16:44:44] [260/456] MCFF
[16:44:45] 🔄 Identity reset
[16:44:45] 🔄 Identity rotated (every 10 requests)
[16:44:45] [261/456] PDDV
[16:44:46] [262/456] MCRM
[16:44:47] [263/456] KKMB
[16:44:48] [264/456] INKO
[16:44:49] [265/456] PLXP
[16:44:49] [266/456] MMHA
[16:44:50] [267/456] FMVS
[16:44:52] [268/456] POLM
[16:44:52] [269/456] STER
[16:44:53] [270/456] PVWJ
[16:44:54] 🔄 Identity reset
[16:44:54] 🔄 Identity rotated (every 10 requests)
[16:44:54] [271/456] IMJW
[16:44:55] [272/456] FNAN
[16:44:56] [273/456] CAGL
[16:44:57] [274/456] IPBG
[16:44:58] [275/456] SMFV
[16:44:59] [276/456] MMMR
[16:44:59] [277/456] MMWM
[16:45:00] [278/456] FNCM
[16:45:01] [279/456] MDVA
[16:45:02] [280/456] MMET
[16:45:02] 🔄 Identity reset
[16:45:02] 🔄 Identity rotated (every 10 requests)
[16:45:03] [281/456] MIDO
[16:45:04] [282/456] INNP
[16:45:04] [283/456] MIFU
[16:45:05] [284/456] MMSZ
[16:45:06] [285/456] BMXA
[16:45:07] [286/456] MCAA
[16:45:08] [287/456] SCVP
[16:45:08] [288/456] PLUS
[16:45:09] [289/456] MUCK
[16:45:10] [290/456] MTMA
[16:45:11] 🔄 Identity reset
[16:45:11] 🔄 Identity rotated (every 10 requests)
[16:45:11] [291/456] HPVR
[16:45:12] [292/456] PMPK
[16:45:13] [293/456] MAJB
[16:45:14] [294/456] CTRR
[16:45:15] [295/456] MCTG
[16:45:16] [296/456] MACE
[16:45:17] [297/456] AAAS
[16:45:17] [298/456] CPVV
[16:45:18] [299/456] RCHG
[16:45:19] [300/456] MCNE
[16:45:20] 🔄 Identity reset
[16:45:20] 🔄 Identity rotated (every 10 requests)
[16:45:20] [301/456] EMNC
[16:45:21] [302/456] MCAN
[16:45:22] [303/456] TCDM
[16:45:23] [304/456] IRGT
[16:45:24] [305/456] GCMG
[16:45:25] [306/456] MXSN
[16:45:26] [307/456] MXCK
[16:45:26] [308/456] MCRC
[16:45:27] [309/456] RSMI
[16:45:28] [310/456] WAML
[16:45:28] 🔄 Identity reset
[16:45:28] 🔄 Identity rotated (every 10 requests)
[16:45:29] [311/456] MTSC
[16:45:29] [312/456] FMDR
[16:45:30] [313/456] LEPV
[16:45:31] [314/456] MTGD
[16:45:32] [315/456] IMOB
[16:45:33] [316/456] CLMM
[16:45:35] [317/456] PZCD
[16:45:35] [318/456] GOCS
[16:45:36] [319/456] KCMA
[16:45:37] [320/456] CCMP
[16:45:38] 🔄 Identity reset
[16:45:38] 🔄 Identity rotated (every 10 requests)
[16:45:38] [321/456] MTSU
[16:45:39] [322/456] SNGL
[16:45:40] [323/456] MMMC
[16:45:41] [324/456] MMAA
[16:45:42] [325/456] GCDM
[16:45:43] [326/456] KTMV
[16:45:44] [327/456] AETE
[16:45:45] [328/456] OMCS
[16:45:45] [329/456] GDCD
[16:45:46] [330/456] NYMD
[16:45:47] 🔄 Identity reset
[16:45:47] 🔄 Identity rotated (every 10 requests)
[16:45:47] [331/456] RNCV
[16:45:48] [332/456] KKMT
[16:45:49] [333/456] GDTH
[16:45:50] [334/456] KMMV
[16:45:50] [335/456] NHCG
[16:45:51] [336/456] PJDW
[16:45:52] [337/456] MMCV
[16:45:53] [338/456] FQSA
[16:45:54] [339/456] KURL
[16:45:55] [340/456] NNNX
[16:45:55] 🔄 Identity reset
[16:45:55] 🔄 Identity rotated (every 10 requests)
[16:45:56] [341/456] AMAU
[16:45:57] [342/456] VVVM
[16:45:57] [343/456] VECU
[16:45:58] [344/456] WCVR
[16:45:59] [345/456] MTGG
[16:46:00] [346/456] SGTG
[16:46:01] [347/456] MNTG
[16:46:02] [348/456] JDDG
[16:46:03] [349/456] MBTK
[16:46:04] [350/456] SGCD
[16:46:05] 🔄 Identity reset
[16:46:05] 🔄 Identity rotated (every 10 requests)
[16:46:05] [351/456] MCTC
[16:46:06] [352/456] JTPC
[16:46:07] [353/456] SDKT
[16:46:08] [354/456] KRCC
[16:46:09] [355/456] RMMD
[16:46:09] [356/456] AAME
[16:46:10] [357/456] TMWC
[16:46:11] [358/456] NRWY
[16:46:12] [359/456] CITD
[16:46:13] [360/456] VERD
[16:46:13] 🔄 Identity reset
[16:46:13] 🔄 Identity rotated (every 10 requests)
[16:46:14] [361/456] MKSK
[16:46:15] [362/456] STSM
[16:46:15] [363/456] MJDG
[16:46:16] [364/456] RKPM
[16:46:17] [365/456] SSCE
[16:46:18] [366/456] VMAE
[16:46:19] [367/456] SBRU
[16:46:20] [368/456] AMBC
[16:46:20] [369/456] AMLU
[16:46:22] [370/456] INVZ
[16:46:23] 🔄 Identity reset
[16:46:23] 🔄 Identity rotated (every 10 requests)
[16:46:23] [371/456] LGTV
[16:46:24] [372/456] SVAD
[16:46:25] [373/456] SMSA
[16:46:25] [374/456] SPCZ
[16:46:26] [375/456] GTCX
[16:46:27] [376/456] SCSL
[16:46:28] [377/456] SAHU
[16:46:29] [378/456] NCDA
[16:46:29] [379/456] SCCG
[16:46:30] [380/456] VKTL
[16:46:31] 🔄 Identity reset
[16:46:31] 🔄 Identity rotated (every 10 requests)
[16:46:31] [381/456] PUUJ
[16:46:32] [382/456] STEJ
[16:46:33] [383/456] RJAL
[16:46:34] [384/456] ACJC
[16:46:34] [385/456] ARVB
[16:46:35] [386/456] AUBB
[16:46:36] [387/456] GDBR
[16:46:37] [388/456] PVND
[16:46:38] [389/456] BGRJ
[16:46:39] [390/456] RJMM
[16:46:39] 🔄 Identity reset
[16:46:39] 🔄 Identity rotated (every 10 requests)
[16:46:40] [391/456] MCSA
[16:46:40] [392/456] BODA
[16:46:42] [393/456] JAGG
[16:46:43] [394/456] SCGA
[16:46:44] [395/456] LRCM
[16:46:45] [396/456] CPCN
[16:46:45] [397/456] SSTF
[16:46:46] [398/456] SRXP
[16:46:47] [399/456] CNFX
[16:46:48] [400/456] ANDI
[16:46:49] 🔄 Identity reset
[16:46:49] 🔄 Identity rotated (every 10 requests)
[16:46:49] [401/456] SYEW
[16:46:50] [402/456] RCRE
[16:46:51] [403/456] SCRW
[16:46:51] [404/456] MBKR
[16:46:52] [405/456] ASNT
[16:46:53] [406/456] JTMT
[16:46:54] [407/456] SHAY
[16:46:55] [408/456] VRTH
[16:46:55] [409/456] SPTI
[16:46:56] [410/456] DPTD
[16:46:57] 🔄 Identity reset
[16:46:57] 🔄 Identity rotated (every 10 requests)
[16:46:57] [411/456] TGSN
[16:46:58] [412/456] RCWV
[16:46:59] [413/456] OCUR
[16:47:00] [414/456] KSTC
[16:47:01] [415/456] SANI
[16:47:02] [416/456] MLCA
[16:47:03] [417/456] EGCA
[16:47:03] [418/456] SYSN
[16:47:04] [419/456] PKTA
[16:47:05] [420/456] PRCC
[16:47:06] 🔄 Identity reset
[16:47:06] 🔄 Identity rotated (every 10 requests)
[16:47:06] [421/456] KSTR
[16:47:07] [422/456] SNTP
[16:47:07] [423/456] RCHA
[16:47:08] [424/456] SEEA
[16:47:09] [425/456] ALAT
[16:47:10] [426/456] AATV
[16:47:11] [427/456] RJTE
[16:47:12] [428/456] AAPP
[16:47:13] [429/456] PMMH
[16:47:14] [430/456] INRJ
[16:47:14] 🔄 Identity reset
[16:47:14] 🔄 Identity rotated (every 10 requests)
[16:47:15] [431/456] SARB
[16:47:15] [432/456] PCJL
[16:47:17] [433/456] PFJJ
[16:47:18] [434/456] GRDC
[16:47:19] [435/456] BCBA
[16:47:19] [436/456] VIXL
[16:47:20] [437/456] CSTL
[16:47:21] [438/456] MTDK
[16:47:22] [439/456] TDAC
[16:47:23] [440/456] GTDN
[16:47:23] 🔄 Identity reset
[16:47:23] 🔄 Identity rotated (every 10 requests)
[16:47:24] [441/456] TTDE
[16:47:25] [442/456] ASTS
[16:47:25] [443/456] CPNS
[16:47:26] [444/456] PVVW
[16:47:27] [445/456] USEB
[16:47:28] [446/456] DTYN
[16:47:29] [447/456] PVLE
[16:47:29] [448/456] CIPS
[16:47:30] [449/456] PAEG
[16:47:31] [450/456] PTCW
[16:47:32] 🔄 Identity reset
[16:47:32] 🔄 Identity rotated (every 10 requests)
[16:47:32] [451/456] G3SR
[16:47:33] [452/456] PGND
[16:47:33] [453/456] INVM
[16:47:34] [454/456] SPIA
[16:47:35] [455/456] PCSN
[16:47:36] [456/456] PPGV
[16:47:38] 🧹 Deduping shows
[16:47:38] ✅ DONE | Shows=134 | Movies=7
