[16:41:15] 🚀 SCRIPT STARTED (enhanced anti‑detection)
[16:41:15] [1/326] VCHA
[16:41:15] 🧠 New identity created
[16:41:16] [2/326] SCKO
[16:41:17] [3/326] VKTK
[16:41:17] [4/326] DXEC
[16:41:18] [5/326] CDCA
[16:41:19] [6/326] VBCZ
[16:41:20] [7/326] MSDR
[16:41:21] [8/326] ACPV
[16:41:22] [9/326] PVHB
[16:41:22] [10/326] RCNH
[16:41:23] 🔄 Identity reset
[16:41:23] 🔄 Identity rotated (every 10 requests)
[16:41:23] [11/326] IOMH
[16:41:24] [12/326] ILKS
[16:41:25] [13/326] AMSN
[16:41:26] [14/326] ANTP
[16:41:27] [15/326] SSEK
[16:41:27] [16/326] PICP
[16:41:29] [17/326] SICO
[16:41:30] [18/326] SISP
[16:41:32] [19/326] SCPI
[16:41:32] [20/326] CRPR
[16:41:33] 🔄 Identity reset
[16:41:33] 🔄 Identity rotated (every 10 requests)
[16:41:34] [21/326] DCTW
[16:41:34] [22/326] DCSP
[16:41:36] [23/326] KRPM
[16:41:37] [24/326] THKK
[16:41:38] [25/326] SNMY
[16:41:39] [26/326] AKCC
[16:41:39] [27/326] PCAT
[16:41:40] [28/326] RFGO
[16:41:42] [29/326] GGCS
[16:41:43] [30/326] ACKR
[16:41:44] 🔄 Identity reset
[16:41:44] 🔄 Identity rotated (every 10 requests)
[16:41:44] [31/326] STDO
[16:41:45] [32/326] ACKB
[16:41:46] [33/326] ALUC
[16:41:47] [34/326] MNSR
[16:41:48] [35/326] CSSL
[16:41:50] [36/326] BGGM
[16:41:50] [37/326] MANT
[16:41:51] [38/326] SOOY
[16:41:52] [39/326] VPPK
[16:41:54] [40/326] MYHJ
[16:41:54] 🔄 Identity reset
[16:41:54] 🔄 Identity rotated (every 10 requests)
[16:41:55] [41/326] KSCK
[16:41:56] [42/326] KATK
[16:41:56] [43/326] RTRT
[16:41:57] [44/326] SSTT
[16:41:58] [45/326] SSTV
[16:41:59] [46/326] LACM
[16:42:00] [47/326] SGMG
[16:42:01] [48/326] KACX
[16:42:02] [49/326] GVCP
[16:42:02] [50/326] CSNC
[16:42:03] 🔄 Identity reset
[16:42:03] 🔄 Identity rotated (every 10 requests)
[16:42:03] [51/326] SXCB
[16:42:04] [52/326] BAHS
[16:42:05] [53/326] PCBI
[16:42:06] [54/326] PSSM
[16:42:07] [55/326] RCOK
[16:42:08] [56/326] SCPF
[16:42:09] [57/326] SSAS
[16:42:10] [58/326] EVMM
[16:42:10] [59/326] SYCB
[16:42:11] [60/326] GCKI
[16:42:12] 🔄 Identity reset
[16:42:12] 🔄 Identity rotated (every 10 requests)
[16:42:12] [61/326] IAET
[16:42:13] [62/326] DDTD
[16:42:14] [63/326] GMDH
[16:42:15] [64/326] STLE
[16:42:16] [65/326] JTRA
[16:42:17] [66/326] RPPA
[16:42:18] [67/326] ARUT
[16:42:19] [68/326] JTVM
[16:42:19] [69/326] SWRH
[16:42:20] [70/326] DCPC
[16:42:21] 🔄 Identity reset
[16:42:21] 🔄 Identity rotated (every 10 requests)
[16:42:21] [71/326] RAPR
[16:42:22] [72/326] GCRT
[16:42:23] [73/326] ATUN
[16:42:24] [74/326] LTRM
[16:42:25] [75/326] TASR
[16:42:26] [76/326] RLLC
[16:42:27] [77/326] MABI
[16:42:28] [78/326] SVHB
[16:42:29] [79/326] NVTB
[16:42:30] [80/326] KCKG
[16:42:30] 🔄 Identity reset
[16:42:30] 🔄 Identity rotated (every 10 requests)
[16:42:31] [81/326] SSRN
[16:42:32] [82/326] VDDC
[16:42:34] [83/326] GKTK
[16:42:34] [84/326] YFSN
[16:42:36] [85/326] GCSG
[16:42:37] [86/326] ESSM
[16:42:38] [87/326] KRIH
[16:42:39] [88/326] GCDS
[16:42:40] [89/326] CCSH
[16:42:41] [90/326] ACSK
[16:42:41] 🔄 Identity reset
[16:42:41] 🔄 Identity rotated (every 10 requests)
[16:42:42] [91/326] APRK
[16:42:43] [92/326] ADKM
[16:42:44] [93/326] SRDM
[16:42:45] [94/326] SJMY
[16:42:46] [95/326] PGGC
[16:42:47] [96/326] INGM
[16:42:48] [97/326] LSCB
[16:42:49] [98/326] STAD
[16:42:50] [99/326] MCCR
[16:42:51] [100/326] ABCC
[16:42:51] 🔄 Identity reset
[16:42:51] 🔄 Identity rotated (every 10 requests)
[16:42:52] [101/326] RKCC
[16:42:52] [102/326] RTCR
[16:42:54] [103/326] GGBC
[16:42:54] [104/326] GCSD
[16:42:55] [105/326] LPTY
[16:42:57] [106/326] MCFD
[16:42:57] [107/326] HENN
[16:42:58] [108/326] SMKU
[16:42:59] [109/326] TNZC
[16:43:00] [110/326] DRCD
[16:43:01] 🔄 Identity reset
[16:43:01] 🔄 Identity rotated (every 10 requests)
[16:43:01] [111/326] DLCD
[16:43:02] [112/326] RCDA
[16:43:03] [113/326] COSM
[16:43:04] [114/326] MCMJ
[16:43:04] [115/326] CSTR
[16:43:05] [116/326] CVDK
[16:43:06] [117/326] INRR
[16:43:07] [118/326] RJRT
[16:43:08] [119/326] IRMR
[16:43:09] [120/326] SRCF
[16:43:09] 🔄 Identity reset
[16:43:09] 🔄 Identity rotated (every 10 requests)
[16:43:10] [121/326] GRCR
[16:43:11] [122/326] SURC
[16:43:12] [123/326] NMNH
[16:43:13] [124/326] SVBL
[16:43:14] [125/326] KACI
[16:43:15] [126/326] TDGO
[16:43:16] [127/326] KTBR
[16:43:17] [128/326] PMAD
[16:43:18] [129/326] CCPN
[16:43:19] [130/326] SBTK
[16:43:20] 🔄 Identity reset
[16:43:20] 🔄 Identity rotated (every 10 requests)
[16:43:20] [131/326] LMDK
[16:43:21] [132/326] PGDA
[16:43:22] [133/326] SRML
[16:43:23] [134/326] EVCK
[16:43:24] [135/326] RTTK
[16:43:24] [136/326] SRTU
[16:43:25] [137/326] VRSA
[16:43:26] [138/326] VARS
[16:43:27] [139/326] DSCZ
[16:43:28] [140/326] GAGA
[16:43:29] 🔄 Identity reset
[16:43:29] 🔄 Identity rotated (every 10 requests)
[16:43:30] [141/326] SARV
[16:43:31] [142/326] SEEG
[16:43:32] [143/326] GLCA
[16:43:33] [144/326] APAS
[16:43:34] [145/326] VCIA
[16:43:35] [146/326] SJTA
[16:43:35] [147/326] SABM
[16:43:36] [148/326] PPAG
[16:43:37] [149/326] RVCA
[16:43:38] [150/326] CCIA
[16:43:39] 🔄 Identity reset
[16:43:39] 🔄 Identity rotated (every 10 requests)
[16:43:39] [151/326] HTAG
[16:43:40] [152/326] SMBI
[16:43:42] [153/326] MCJR
[16:43:43] [154/326] CCJR
[16:43:44] [155/326] SINF
[16:43:45] [156/326] CPLX
[16:43:45] [157/326] KKTJ
[16:43:46] [158/326] GDBW
[16:43:47] [159/326] CSUB
[16:43:48] [160/326] DABA
[16:43:49] 🔄 Identity reset
[16:43:49] 🔄 Identity rotated (every 10 requests)
[16:43:50] [161/326] TITR
[16:43:51] [162/326] NYCR
[16:43:51] [163/326] RTRY
[16:43:53] [164/326] JTJL
[16:43:54] [165/326] SJCP
[16:43:55] [166/326] KCCA
[16:43:56] [167/326] MLPG
[16:43:58] [168/326] VRCK
[16:43:59] [169/326] SRIN
[16:44:00] [170/326] CXMK
[16:44:01] 🔄 Identity reset
[16:44:01] 🔄 Identity rotated (every 10 requests)
[16:44:01] [171/326] SKAD
[16:44:02] [172/326] AVTR
[16:44:03] [173/326] PTAJ
[16:44:03] [174/326] SCNK
[16:44:04] [175/326] STTI
[16:44:05] [176/326] KACR
[16:44:06] [177/326] SSDX
[16:44:07] [178/326] VRTJ
[16:44:08] [179/326] RAJD
[16:44:08] [180/326] SCIP
[16:44:09] 🔄 Identity reset
[16:44:09] 🔄 Identity rotated (every 10 requests)
[16:44:09] [181/326] RJSL
[16:44:10] [182/326] ARRS
[16:44:11] [183/326] ASMS
[16:44:12] [184/326] RDTS
[16:44:13] [185/326] DVMY
[16:44:15] [186/326] RASA
[16:44:16] [187/326] INOM
[16:44:17] [188/326] SPRS
[16:44:17] [189/326] SGCS
[16:44:18] [190/326] SALM
[16:44:19] 🔄 Identity reset
[16:44:19] 🔄 Identity rotated (every 10 requests)
[16:44:19] [191/326] PKHC
[16:44:20] [192/326] RCSV
[16:44:22] [193/326] CPKC
[16:44:23] [194/326] AACD
[16:44:24] [195/326] GGCV
[16:44:25] [196/326] SMKD
[16:44:25] [197/326] NBCH
[16:44:26] [198/326] AMCB
[16:44:27] [199/326] OPCN
[16:44:28] [200/326] DCIN
[16:44:29] 🔄 Identity reset
[16:44:29] 🔄 Identity rotated (every 10 requests)
[16:44:29] [201/326] INGW
[16:44:30] [202/326] PKKW
[16:44:31] [203/326] FNGW
[16:44:32] [204/326] GCGD
[16:44:33] [205/326] MSTW
[16:44:34] [206/326] KCCG
[16:44:35] [207/326] MRSS
[16:44:35] [208/326] CLCF
[16:44:37] [209/326] EETS
[16:44:38] [210/326] AATR
[16:44:39] 🔄 Identity reset
[16:44:39] 🔄 Identity rotated (every 10 requests)
[16:44:39] [211/326] CMMN
[16:44:40] [212/326] SCCJ
[16:44:41] [213/326] CDTK
[16:44:42] [214/326] AICP
[16:44:43] [215/326] FNBP
[16:44:43] [216/326] CBPB
[16:44:45] [217/326] CPAS
[16:44:46] [218/326] MAPM
[16:44:47] [219/326] PASD
[16:44:48] [220/326] JCMN
[16:44:48] 🔄 Identity reset
[16:44:48] 🔄 Identity rotated (every 10 requests)
[16:44:49] [221/326] MALB
[16:44:50] [222/326] SACG
[16:44:51] [223/326] DDRX
[16:44:52] [224/326] DDXB
[16:44:54] [225/326] RAMC
[16:44:55] [226/326] SANC
[16:44:55] [227/326] BCBP
[16:44:56] [228/326] ALPC
[16:44:57] [229/326] RBAC
[16:44:58] [230/326] RAJL
[16:44:59] 🔄 Identity reset
[16:44:59] 🔄 Identity rotated (every 10 requests)
[16:45:00] [231/326] MPDX
[16:45:00] [232/326] MUSC
[16:45:01] [233/326] VKMK
[16:45:02] [234/326] SKCG
[16:45:03] [235/326] ANCN
[16:45:04] [236/326] MMCJ
[16:45:06] [237/326] DCAK
[16:45:06] [238/326] SCKG
[16:45:07] [239/326] LMCK
[16:45:08] [240/326] CKKX
[16:45:09] 🔄 Identity reset
[16:45:09] 🔄 Identity rotated (every 10 requests)
[16:45:09] [241/326] ANKU
[16:45:11] [242/326] CSMD
[16:45:12] [243/326] MKMP
[16:45:14] [244/326] SVBG
[16:45:15] [245/326] ROOP
[16:45:15] [246/326] GDMT
[16:45:16] [247/326] FPPF
[16:45:17] [248/326] SFUU
[16:45:19] [249/326] ANCB
[16:45:20] [250/326] SMMC
[16:45:21] 🔄 Identity reset
[16:45:21] 🔄 Identity rotated (every 10 requests)
[16:45:21] [251/326] UGKT
[16:45:22] [252/326] JVRM
[16:45:23] [253/326] BATG
[16:45:23] [254/326] RATE
[16:45:24] [255/326] SKME
[16:45:25] [256/326] LMTP
[16:45:27] [257/326] TCBD
[16:45:28] [258/326] ESBD
[16:45:30] [259/326] GDCU
[16:45:31] [260/326] SNKT
[16:45:32] 🔄 Identity reset
[16:45:32] 🔄 Identity rotated (every 10 requests)
[16:45:32] [261/326] SRNK
[16:45:33] [262/326] SMED
[16:45:33] [263/326] CSQS
[16:45:34] [264/326] ALCS
[16:45:35] [265/326] KCKN
[16:45:37] [266/326] VCCL
[16:45:38] [267/326] MCDA
[16:45:39] [268/326] SHMI
[16:45:40] [269/326] SKHA
[16:45:41] [270/326] SVFK
[16:45:41] 🔄 Identity reset
[16:45:41] 🔄 Identity rotated (every 10 requests)
[16:45:42] [271/326] INVB
[16:45:43] [272/326] MELD
[16:45:44] [273/326] JTYS
[16:45:45] [274/326] INCM
[16:45:46] [275/326] MCDV
[16:45:47] [276/326] KSGK
[16:45:48] [277/326] ICMG
[16:45:48] [278/326] CSCV
[16:45:49] [279/326] STMD
[16:45:50] [280/326] STTR
[16:45:51] 🔄 Identity reset
[16:45:51] 🔄 Identity rotated (every 10 requests)
[16:45:51] [281/326] INVC
[16:45:52] [282/326] JTBL
[16:45:53] [283/326] SRVV
[16:45:54] [284/326] MAVC
[16:45:55] [285/326] SRPP
[16:45:56] [286/326] JGDM
[16:45:56] [287/326] MBSJ
[16:45:57] [288/326] SSLL
[16:45:58] [289/326] SLKP
[16:45:59] [290/326] NSRV
[16:45:59] 🔄 Identity reset
[16:45:59] 🔄 Identity rotated (every 10 requests)
[16:46:01] [291/326] UTDV
[16:46:01] [292/326] KICM
[16:46:02] [293/326] KCMD
[16:46:04] [294/326] TTPP
[16:46:05] [295/326] KMPV
[16:46:06] [296/326] SKTV
[16:46:07] [297/326] STCV
[16:46:09] [298/326] SRDA
[16:46:09] [299/326] JTSX
[16:46:10] [300/326] STBV
[16:46:11] 🔄 Identity reset
[16:46:11] 🔄 Identity rotated (every 10 requests)
[16:46:11] [301/326] APVZ
[16:46:12] [302/326] GSTV
[16:46:13] [303/326] NMVS
[16:46:14] [304/326] SKRT
[16:46:15] [305/326] RMDV
[16:46:16] [306/326] RATG
[16:46:17] [307/326] SJYV
[16:46:18] [308/326] NDGP
[16:46:19] [309/326] SNDG
[16:46:21] [310/326] INSR
[16:46:22] 🔄 Identity reset
[16:46:22] 🔄 Identity rotated (every 10 requests)
[16:46:22] [311/326] INSO
[16:46:23] [312/326] CCSI
[16:46:24] [313/326] RASM
[16:46:24] [314/326] NEWC
[16:46:25] [315/326] VSHL
[16:46:26] [316/326] BISW
[16:46:27] [317/326] GCNG
[16:46:28] [318/326] CWSC
[16:46:29] [319/326] SKAN
[16:46:30] [320/326] CCOA
[16:46:30] 🔄 Identity reset
[16:46:30] 🔄 Identity rotated (every 10 requests)
[16:46:31] [321/326] MCAJ
[16:46:32] [322/326] ACDE
[16:46:33] [323/326] AACM
[16:46:34] [324/326] JJCK
[16:46:34] [325/326] RCMO
[16:46:35] [326/326] GDAW
[16:46:36] 🧹 Deduping shows
[16:46:36] ✅ DONE | Shows=72 | Movies=6
