[00:16:33] 🚀 BMS DAILY TRACKER STARTED (enhanced anti‑detection)
[00:16:33] [1/445] TGMR
[00:16:33] 🧠 New identity created
[00:16:34] [2/445] CXKR
[00:16:35] [3/445] SROP
[00:16:36] [4/445] GTSV
[00:16:37] [5/445] SNTY
[00:16:38] [6/445] SMYY
[00:16:39] [7/445] CNCS
[00:16:40] [8/445] CSTM
[00:16:40] [9/445] NUCD
[00:16:41] [10/445] SHCZ
[00:16:42] 🔄 Identity reset
[00:16:42] 🔄 Identity rotated (every 10 requests)
[00:16:42] [11/445] NJCT
[00:16:43] [12/445] COPC
[00:16:44] [13/445] STVV
[00:16:45] [14/445] SKRN
[00:16:46] [15/445] APPZ
[00:16:47] [16/445] YMGN
[00:16:47] [17/445] SVTU
[00:16:48] [18/445] GTAD
[00:16:49] [19/445] PSUS
[00:16:51] [20/445] SMCD
[00:16:51] 🔄 Identity reset
[00:16:52] 🔄 Identity rotated (every 10 requests)
[00:16:52] [21/445] CMCM
[00:16:53] [22/445] SYCT
[00:16:53] [23/445] STLY
[00:16:54] [24/445] CMHU
[00:16:55] [25/445] CMSA
[00:16:56] [26/445] CLCU
[00:16:58] [27/445] PPNT
[00:16:59] [28/445] JTAB
[00:16:59] [29/445] BUUC
[00:17:00] [30/445] BSVK
[00:17:01] 🔄 Identity reset
[00:17:01] 🔄 Identity rotated (every 10 requests)
[00:17:01] [31/445] VVVQ
[00:17:02] [32/445] TKMU
[00:17:03] [33/445] ESYL
[00:17:04] [34/445] ACHP
[00:17:05] [35/445] BTKD
[00:17:06] [36/445] DESA
[00:17:07] [37/445] GBCT
[00:17:08] [38/445] BLLD
[00:17:08] [39/445] SKNT
[00:17:09] [40/445] SSTE
[00:17:10] 🔄 Identity reset
[00:17:10] 🔄 Identity rotated (every 10 requests)
[00:17:10] [41/445] VJMR
[00:17:11] [42/445] NTPU
[00:17:12] [43/445] RDKN
[00:17:13] [44/445] ADGC
[00:17:13] [45/445] VRBP
[00:17:14] [46/445] NMNA
[00:17:15] [47/445] CMMX
[00:17:16] [48/445] PTKO
[00:17:17] [49/445] RBML
[00:17:18] [50/445] SAIC
[00:17:18] 🔄 Identity reset
[00:17:18] 🔄 Identity rotated (every 10 requests)
[00:17:19] [51/445] SVTJ
[00:17:19] [52/445] MRTE
[00:17:20] [53/445] RBTP
[00:17:21] [54/445] NLPS
[00:17:22] [55/445] GTNA
[00:17:23] [56/445] DGGC
[00:17:25] [57/445] SMCR
[00:17:25] [58/445] SCGD
[00:17:26] [59/445] SRRJ
[00:17:27] [60/445] CNRY
[00:17:27] 🔄 Identity reset
[00:17:27] 🔄 Identity rotated (every 10 requests)
[00:17:27] [61/445] KTDI
[00:17:28] [62/445] SNJL
[00:17:29] [63/445] RKMD
[00:17:30] [64/445] SMDC
[00:17:31] [65/445] TADG
[00:17:32] [66/445] MCGS
[00:17:33] [67/445] PETK
[00:17:34] [68/445] CHAG
[00:17:34] [69/445] KSTL
[00:17:35] [70/445] AADS
[00:17:36] 🔄 Identity reset
[00:17:36] 🔄 Identity rotated (every 10 requests)
[00:17:36] [71/445] NTHZ
[00:17:37] [72/445] HCKI
[00:17:38] [73/445] SSEF
[00:17:39] [74/445] MCGX
[00:17:39] [75/445] ERRA
[00:17:40] [76/445] SDTW
[00:17:41] [77/445] RMPK
[00:17:42] [78/445] PTHK
[00:17:43] [79/445] PXCS
[00:17:43] [80/445] SVLU
[00:17:44] 🔄 Identity reset
[00:17:44] 🔄 Identity rotated (every 10 requests)
[00:17:44] [81/445] STAH
[00:17:45] [82/445] JRGF
[00:17:45] [83/445] CDOK
[00:17:46] [84/445] CMSG
[00:17:47] [85/445] APTD
[00:17:48] [86/445] KMPG
[00:17:49] [87/445] MUTJ
[00:17:50] [88/445] VCCI
[00:17:50] [89/445] URBE
[00:17:51] [90/445] TCTS
[00:17:52] 🔄 Identity reset
[00:17:52] 🔄 Identity rotated (every 10 requests)
[00:17:52] [91/445] STSN
[00:17:53] [92/445] AKCH
[00:17:54] [93/445] APSC
[00:17:55] [94/445] VLTB
[00:17:56] [95/445] SANU
[00:17:57] [96/445] AXAM
[00:17:57] [97/445] MGMG
[00:17:58] [98/445] HTBY
[00:17:59] [99/445] MMZS
[00:18:00] [100/445] SUDR
[00:18:01] 🔄 Identity reset
[00:18:01] 🔄 Identity rotated (every 10 requests)
[00:18:01] [101/445] CCAD
[00:18:02] [102/445] SKKC
[00:18:02] [103/445] RMCD
[00:18:03] [104/445] SBCQ
[00:18:04] [105/445] DCCT
[00:18:05] [106/445] VTKP
[00:18:05] [107/445] MLAM
[00:18:06] [108/445] SAVT
[00:18:07] [109/445] GEPL
[00:18:08] [110/445] AMCD
[00:18:09] 🔄 Identity reset
[00:18:09] 🔄 Identity rotated (every 10 requests)
[00:18:09] [111/445] CCXR
[00:18:10] [112/445] GRNG
[00:18:11] [113/445] EBCA
[00:18:11] [114/445] CNVG
[00:18:12] [115/445] MWSS
[00:18:14] [116/445] VBOR
[00:18:15] [117/445] NEEB
[00:18:16] [118/445] SUTH
[00:18:17] [119/445] ANDB
[00:18:18] [120/445] MMXS
[00:18:18] 🔄 Identity reset
[00:18:18] 🔄 Identity rotated (every 10 requests)
[00:18:18] [121/445] CNPD
[00:18:19] [122/445] SDCE
[00:18:19] [123/445] DHCB
[00:18:20] [124/445] ODEN
[00:18:21] [125/445] TNTC
[00:18:22] [126/445] VBKM
[00:18:23] [127/445] RZYM
[00:18:23] [128/445] JEMC
[00:18:24] [129/445] CMAU
[00:18:25] [130/445] SIVP
[00:18:26] 🔄 Identity reset
[00:18:26] 🔄 Identity rotated (every 10 requests)
[00:18:26] [131/445] ATAG
[00:18:27] [132/445] CHTM
[00:18:28] [133/445] AAEE
[00:18:29] [134/445] IWPM
[00:18:30] [135/445] KCMW
[00:18:31] [136/445] MCTD
[00:18:32] [137/445] SPWR
[00:18:33] [138/445] SDPO
[00:18:34] [139/445] PCSK
[00:18:34] [140/445] ACHV
[00:18:35] 🔄 Identity reset
[00:18:35] 🔄 Identity rotated (every 10 requests)
[00:18:35] [141/445] SVLA
[00:18:36] [142/445] PICT
[00:18:36] [143/445] BXDR
[00:18:37] [144/445] SPWA
[00:18:38] [145/445] MCKO
[00:18:39] [146/445] RTHK
[00:18:40] [147/445] CCMF
[00:18:40] [148/445] MRGB
[00:18:41] [149/445] CPLC
[00:18:42] [150/445] RACD
[00:18:43] 🔄 Identity reset
[00:18:43] 🔄 Identity rotated (every 10 requests)
[00:18:43] [151/445] ATKT
[00:18:44] [152/445] SARN
[00:18:45] [153/445] KKUI
[00:18:46] [154/445] RGCM
[00:18:46] [155/445] BRVP
[00:18:47] [156/445] HRSR
[00:18:48] [157/445] GKGM
[00:18:48] [158/445] TTCD
[00:18:49] [159/445] PTTI
[00:18:49] [160/445] MPTT
[00:18:50] 🔄 Identity reset
[00:18:50] 🔄 Identity rotated (every 10 requests)
[00:18:50] [161/445] CVTT
[00:18:51] [162/445] PCXD
[00:18:52] [163/445] GCDC
[00:18:52] [164/445] CCCF
[00:18:53] [165/445] MRAD
[00:18:54] [166/445] CPLK
[00:18:55] [167/445] SATB
[00:18:56] [168/445] SNVG
[00:18:57] [169/445] JMBA
[00:18:57] [170/445] TEJA
[00:18:58] 🔄 Identity reset
[00:18:58] 🔄 Identity rotated (every 10 requests)
[00:18:58] [171/445] STYO
[00:18:58] [172/445] JTBP
[00:18:59] [173/445] KRGD
[00:19:00] [174/445] SLJJ
[00:19:00] [175/445] SPTJ
[00:19:01] [176/445] SWJG
[00:19:02] [177/445] LKRT
[00:19:02] [178/445] KCKA
[00:19:04] [179/445] SNCR
[00:19:05] [180/445] SMKL
[00:19:06] 🔄 Identity reset
[00:19:06] 🔄 Identity rotated (every 10 requests)
[00:19:06] [181/445] GCFA
[00:19:07] [182/445] DDCK
[00:19:08] [183/445] NCHJ
[00:19:08] [184/445] RDMA
[00:19:09] [185/445] SVSV
[00:19:10] [186/445] SCJG
[00:19:11] [187/445] VKLP
[00:19:12] [188/445] NWCC
[00:19:13] [189/445] VKNS
[00:19:14] [190/445] SDDP
[00:19:14] 🔄 Identity reset
[00:19:14] 🔄 Identity rotated (every 10 requests)
[00:19:15] [191/445] ACSI
[00:19:15] [192/445] SATG
[00:19:16] [193/445] SCMW
[00:19:17] [194/445] LKTK
[00:19:18] [195/445] VCKV
[00:19:19] [196/445] KKPE
[00:19:19] [197/445] KIGH
[00:19:21] [198/445] SRPM
[00:19:22] [199/445] SCAH
[00:19:23] [200/445] MUTA
[00:19:23] 🔄 Identity reset
[00:19:23] 🔄 Identity rotated (every 10 requests)
[00:19:24] [201/445] SEPU
[00:19:25] [202/445] INOA
[00:19:26] [203/445] BASK
[00:19:27] [204/445] NECB
[00:19:27] [205/445] GTTG
[00:19:28] [206/445] ASSA
[00:19:29] [207/445] ANCL
[00:19:30] [208/445] GCTI
[00:19:30] [209/445] RCTS
[00:19:31] [210/445] ACNL
[00:19:32] 🔄 Identity reset
[00:19:32] 🔄 Identity rotated (every 10 requests)
[00:19:32] [211/445] MYCT
[00:19:32] [212/445] NMHT
[00:19:33] [213/445] MDIT
[00:19:34] [214/445] LATG
[00:19:35] [215/445] SMTY
[00:19:36] [216/445] CVCT
[00:19:36] [217/445] RAMB
[00:19:37] [218/445] TGMS
[00:19:38] [219/445] BHEL
[00:19:39] [220/445] SHCT
[00:19:39] 🔄 Identity reset
[00:19:39] 🔄 Identity rotated (every 10 requests)
[00:19:39] [221/445] SVCT
[00:19:40] [222/445] MRIY
[00:19:41] [223/445] SARO
[00:19:42] [224/445] STCT
[00:19:42] [225/445] JKKC
[00:19:43] [226/445] PLTT
[00:19:44] [227/445] SRNT
[00:19:45] [228/445] YAST
[00:19:45] [229/445] PERL
[00:19:46] [230/445] CICM
[00:19:47] 🔄 Identity reset
[00:19:47] 🔄 Identity rotated (every 10 requests)
[00:19:47] [231/445] MMTR
[00:19:47] [232/445] ABTK
[00:19:48] [233/445] ATYY
[00:19:49] [234/445] ASTK
[00:19:50] [235/445] VVCK
[00:19:50] [236/445] ATKY
[00:19:51] [237/445] GWEK
[00:19:52] [238/445] SVFH
[00:19:52] [239/445] SLTA
[00:19:53] [240/445] AASH
[00:19:53] 🔄 Identity reset
[00:19:53] 🔄 Identity rotated (every 10 requests)
[00:19:54] [241/445] ACXB
[00:19:54] [242/445] SMTX
[00:19:55] [243/445] AZDH
[00:19:56] [244/445] CMMH
[00:19:56] [245/445] SCSZ
[00:19:58] [246/445] SCKP
[00:19:58] [247/445] NXTM
[00:19:59] [248/445] NWCS
[00:20:00] [249/445] CXMH
[00:20:01] [250/445] PCMA
[00:20:01] 🔄 Identity reset
[00:20:01] 🔄 Identity rotated (every 10 requests)
[00:20:02] [251/445] SGCM
[00:20:03] [252/445] SDTU
[00:20:04] [253/445] MMVI
[00:20:05] [254/445] JKCM
[00:20:06] [255/445] VCMM
[00:20:06] [256/445] SYEE
[00:20:07] [257/445] VASD
[00:20:08] [258/445] BDRB
[00:20:09] [259/445] LASM
[00:20:10] [260/445] DCRL
[00:20:10] 🔄 Identity reset
[00:20:10] 🔄 Identity rotated (every 10 requests)
[00:20:11] [261/445] DVPM
[00:20:11] [262/445] SBMJ
[00:20:12] [263/445] CBMU
[00:20:13] [264/445] IUBS
[00:20:14] [265/445] INAP
[00:20:15] [266/445] SRRC
[00:20:15] [267/445] SAGR
[00:20:16] [268/445] CPMJ
[00:20:17] [269/445] ATJL
[00:20:18] [270/445] NNTD
[00:20:19] 🔄 Identity reset
[00:20:19] 🔄 Identity rotated (every 10 requests)
[00:20:19] [271/445] JHCJ
[00:20:20] [272/445] CMMP
[00:20:21] [273/445] RSDR
[00:20:21] [274/445] AMTI
[00:20:22] [275/445] NYSG
[00:20:23] [276/445] AVSG
[00:20:23] [277/445] SYTP
[00:20:24] [278/445] LARC
[00:20:25] [279/445] RJTP
[00:20:25] [280/445] LAKC
[00:20:26] 🔄 Identity reset
[00:20:26] 🔄 Identity rotated (every 10 requests)
[00:20:26] [281/445] MCXE
[00:20:27] [282/445] CCZC
[00:20:28] [283/445] AVCH
[00:20:28] [284/445] CMBE
[00:20:30] [285/445] MRRC
[00:20:30] [286/445] PCPY
[00:20:31] [287/445] SRMH
[00:20:32] [288/445] SVGS
[00:20:33] [289/445] PCSE
[00:20:34] [290/445] SVFT
[00:20:34] 🔄 Identity reset
[00:20:34] 🔄 Identity rotated (every 10 requests)
[00:20:35] [291/445] TNZP
[00:20:35] [292/445] ICTP
[00:20:36] [293/445] ACTZ
[00:20:37] [294/445] GTUR
[00:20:38] [295/445] MAFC
[00:20:39] [296/445] MINL
[00:20:40] [297/445] MRCL
[00:20:41] [298/445] RCRP
[00:20:41] [299/445] RFFG
[00:20:42] [300/445] RMAS
[00:20:43] 🔄 Identity reset
[00:20:43] 🔄 Identity rotated (every 10 requests)
[00:20:43] [301/445] INVR
[00:20:44] [302/445] RMAR
[00:20:45] [303/445] CNIS
[00:20:46] [304/445] RHRJ
[00:20:46] [305/445] INXR
[00:20:47] [306/445] VALT
[00:20:48] [307/445] LCSH
[00:20:49] [308/445] CMVS
[00:20:49] [309/445] CNMS
[00:20:50] [310/445] ROOG
[00:20:51] 🔄 Identity reset
[00:20:51] 🔄 Identity rotated (every 10 requests)
[00:20:51] [311/445] ISRM
[00:20:52] [312/445] RCRM
[00:20:53] [313/445] ACJA
[00:20:54] [314/445] RCVS
[00:20:54] [315/445] CPUS
[00:20:55] [316/445] TGCS
[00:20:56] [317/445] RKCJ
[00:20:57] [318/445] MKSB
[00:20:57] [319/445] TCSJ
[00:20:58] [320/445] RMGP
[00:20:59] 🔄 Identity reset
[00:20:59] 🔄 Identity rotated (every 10 requests)
[00:20:59] [321/445] CLLP
[00:21:00] [322/445] RCMV
[00:21:01] [323/445] CCKS
[00:21:01] [324/445] RSRP
[00:21:02] [325/445] APLP
[00:21:03] [326/445] CNVS
[00:21:04] [327/445] RMVY
[00:21:05] [328/445] PGBD
[00:21:06] [329/445] KLMS
[00:21:07] [330/445] RUST
[00:21:07] 🔄 Identity reset
[00:21:07] 🔄 Identity rotated (every 10 requests)
[00:21:07] [331/445] MASM
[00:21:09] [332/445] BACS
[00:21:10] [333/445] BWST
[00:21:10] [334/445] RRFH
[00:21:11] [335/445] SJTM
[00:21:11] [336/445] BEMR
[00:21:12] [337/445] MCGR
[00:21:13] [338/445] SDSK
[00:21:14] [339/445] VBOL
[00:21:14] [340/445] RMGM
[00:21:15] 🔄 Identity reset
[00:21:15] 🔄 Identity rotated (every 10 requests)
[00:21:16] [341/445] NOPL
[00:21:16] [342/445] MKJK
[00:21:17] [343/445] CVRN
[00:21:18] [344/445] MMEN
[00:21:19] [345/445] AMNG
[00:21:20] [346/445] INTM
[00:21:21] [347/445] SLCZ
[00:21:21] [348/445] AMJN
[00:21:22] [349/445] ACJN
[00:21:23] [350/445] AMKN
[00:21:23] 🔄 Identity reset
[00:21:23] 🔄 Identity rotated (every 10 requests)
[00:21:24] [351/445] BTCN
[00:21:24] [352/445] AMBT
[00:21:25] [353/445] PACN
[00:21:26] [354/445] LCNS
[00:21:26] [355/445] PPKC
[00:21:27] [356/445] JYYN
[00:21:28] [357/445] JTNR
[00:21:29] [358/445] GTEE
[00:21:29] [359/445] SRNM
[00:21:30] [360/445] SDTC
[00:21:31] 🔄 Identity reset
[00:21:31] 🔄 Identity rotated (every 10 requests)
[00:21:31] [361/445] VPCA
[00:21:32] [362/445] VLRA
[00:21:33] [363/445] SHKR
[00:21:34] [364/445] SBKD
[00:21:34] [365/445] SAAD
[00:21:35] [366/445] JTGN
[00:21:36] [367/445] SLAM
[00:21:37] [368/445] VTPM
[00:21:39] [369/445] ANPT
[00:21:39] [370/445] PUNB
[00:21:40] 🔄 Identity reset
[00:21:40] 🔄 Identity rotated (every 10 requests)
[00:21:40] [371/445] CPKT
[00:21:41] [372/445] CNWE
[00:21:42] [373/445] ECPP
[00:21:42] [374/445] CPAR
[00:21:43] [375/445] ESBW
[00:21:43] [376/445] PKPU
[00:21:44] [377/445] CPRP
[00:21:45] [378/445] RAHU
[00:21:45] [379/445] RHMN
[00:21:46] [380/445] FMJP
[00:21:47] 🔄 Identity reset
[00:21:47] 🔄 Identity rotated (every 10 requests)
[00:21:47] [381/445] CTMP
[00:21:48] [382/445] INPN
[00:21:49] [383/445] STTG
[00:21:50] [384/445] CTRD
[00:21:50] [385/445] PUVB
[00:21:51] [386/445] ESVP
[00:21:52] [387/445] CPFT
[00:21:53] [388/445] LCPC
[00:21:53] [389/445] VBCT
[00:21:54] [390/445] FSCW
[00:21:55] 🔄 Identity reset
[00:21:55] 🔄 Identity rotated (every 10 requests)
[00:21:55] [391/445] VCMP
[00:21:56] [392/445] ASHC
[00:21:57] [393/445] VLCX
[00:21:58] [394/445] SHEV
[00:21:59] [395/445] APCO
[00:22:00] [396/445] SILC
[00:22:01] [397/445] SNMR
[00:22:01] [398/445] KYBO
[00:22:02] [399/445] SATK
[00:22:03] [400/445] SSCS
[00:22:03] 🔄 Identity reset
[00:22:04] 🔄 Identity rotated (every 10 requests)
[00:22:04] [401/445] CLSB
[00:22:05] [402/445] KMJR
[00:22:06] [403/445] FSCK
[00:22:06] [404/445] NNKA
[00:22:07] [405/445] CLMK
[00:22:08] [406/445] DMPZ
[00:22:08] [407/445] INQM
[00:22:09] [408/445] CAML
[00:22:10] [409/445] INRK
[00:22:10] [410/445] IMKN
[00:22:11] 🔄 Identity reset
[00:22:11] 🔄 Identity rotated (every 10 requests)
[00:22:11] [411/445] SVNR
[00:22:12] [412/445] INSL
[00:22:13] [413/445] MSMA
[00:22:14] [414/445] MCKK
[00:22:15] [415/445] FCHP
[00:22:16] [416/445] SFCR
[00:22:17] [417/445] NACK
[00:22:17] [418/445] PVAK
[00:22:18] [419/445] INER
[00:22:19] [420/445] RDBK
[00:22:19] 🔄 Identity reset
[00:22:19] 🔄 Identity rotated (every 10 requests)
[00:22:20] [421/445] SVFN
[00:22:21] [422/445] IFRM
[00:22:21] [423/445] ATCK
[00:22:22] [424/445] ASKO
[00:22:23] [425/445] STKT
[00:22:24] [426/445] SVFB
[00:22:25] [427/445] INKS
[00:22:25] [428/445] PCRA
[00:22:27] [429/445] ATJA
[00:22:28] [430/445] IMJN
[00:22:28] 🔄 Identity reset
[00:22:28] 🔄 Identity rotated (every 10 requests)
[00:22:29] [431/445] INHD
[00:22:30] [432/445] BARA
[00:22:30] [433/445] MCSL
[00:22:31] [434/445] RTOY
[00:22:32] [435/445] MENO
[00:22:33] [436/445] PUDM
[00:22:33] [437/445] PRCN
[00:22:34] [438/445] JMJR
[00:22:35] [439/445] SSGK
[00:22:36] [440/445] SSRL
[00:22:37] 🔄 Identity reset
[00:22:37] 🔄 Identity rotated (every 10 requests)
[00:22:37] [441/445] JYKL
[00:22:38] [442/445] ACNB
[00:22:39] [443/445] SONP
[00:22:39] [444/445] EMCI
[00:22:40] [445/445] MRJH
[00:22:41] ✅ DONE | Shows=0 | Movies=0
[01:16:36] 🚀 BMS DAILY TRACKER STARTED (enhanced anti‑detection)
[01:16:36] [1/445] TGMR
[01:16:37] 🧠 New identity created
[01:16:37] [2/445] CXKR
[01:16:38] [3/445] SROP
[01:16:39] [4/445] GTSV
[01:16:40] [5/445] SNTY
[01:16:41] [6/445] SMYY
[01:16:42] [7/445] CNCS
[01:16:43] [8/445] CSTM
[01:16:45] [9/445] NUCD
[01:16:45] [10/445] SHCZ
[01:16:46] 🔄 Identity reset
[01:16:46] 🔄 Identity rotated (every 10 requests)
[01:16:46] [11/445] NJCT
[01:16:47] [12/445] COPC
[01:16:49] [13/445] STVV
[01:16:50] [14/445] SKRN
[01:16:51] [15/445] APPZ
[01:16:51] [16/445] YMGN
[01:16:52] [17/445] SVTU
[01:16:53] [18/445] GTAD
[01:16:54] [19/445] PSUS
[01:16:55] [20/445] SMCD
[01:16:56] 🔄 Identity reset
[01:16:56] 🔄 Identity rotated (every 10 requests)
[01:16:56] [21/445] CMCM
[01:16:57] [22/445] SYCT
[01:16:58] [23/445] STLY
[01:16:59] [24/445] CMHU
[01:17:00] [25/445] CMSA
[01:17:01] [26/445] CLCU
[01:17:02] [27/445] PPNT
[01:17:03] [28/445] JTAB
[01:17:04] [29/445] BUUC
[01:17:05] [30/445] BSVK
[01:17:05] 🔄 Identity reset
[01:17:05] 🔄 Identity rotated (every 10 requests)
[01:17:06] [31/445] VVVQ
[01:17:07] [32/445] TKMU
[01:17:07] [33/445] ESYL
[01:17:08] [34/445] ACHP
[01:17:09] [35/445] BTKD
[01:17:10] [36/445] DESA
[01:17:11] [37/445] GBCT
[01:17:12] [38/445] BLLD
[01:17:13] [39/445] SKNT
[01:17:14] [40/445] SSTE
[01:17:14] 🔄 Identity reset
[01:17:14] 🔄 Identity rotated (every 10 requests)
[01:17:15] [41/445] VJMR
[01:17:16] [42/445] NTPU
[01:17:16] [43/445] RDKN
[01:17:17] [44/445] ADGC
[01:17:18] [45/445] VRBP
[01:17:19] [46/445] NMNA
[01:17:20] [47/445] CMMX
[01:17:21] [48/445] PTKO
[01:17:22] [49/445] RBML
[01:17:23] [50/445] SAIC
[01:17:23] 🔄 Identity reset
[01:17:23] 🔄 Identity rotated (every 10 requests)
[01:17:24] [51/445] SVTJ
[01:17:25] [52/445] MRTE
[01:17:26] [53/445] RBTP
[01:17:26] [54/445] NLPS
[01:17:27] [55/445] GTNA
[01:17:28] [56/445] DGGC
[01:17:29] [57/445] SMCR
[01:17:30] [58/445] SCGD
[01:17:31] [59/445] SRRJ
[01:17:32] [60/445] CNRY
[01:17:32] 🔄 Identity reset
[01:17:32] 🔄 Identity rotated (every 10 requests)
[01:17:33] [61/445] KTDI
[01:17:33] [62/445] SNJL
[01:17:34] [63/445] RKMD
[01:17:35] [64/445] SMDC
[01:17:36] [65/445] TADG
[01:17:37] [66/445] MCGS
[01:17:38] [67/445] PETK
[01:17:38] [68/445] CHAG
[01:17:39] [69/445] KSTL
[01:17:40] [70/445] AADS
[01:17:41] 🔄 Identity reset
[01:17:41] 🔄 Identity rotated (every 10 requests)
[01:17:41] [71/445] NTHZ
[01:17:42] [72/445] HCKI
[01:17:44] [73/445] SSEF
[01:17:44] [74/445] MCGX
[01:17:45] [75/445] ERRA
[01:17:46] [76/445] SDTW
[01:17:47] [77/445] RMPK
[01:17:48] [78/445] PTHK
[01:17:49] [79/445] PXCS
[01:17:50] [80/445] SVLU
[01:17:51] 🔄 Identity reset
[01:17:51] 🔄 Identity rotated (every 10 requests)
[01:17:51] [81/445] STAH
[01:17:52] [82/445] JRGF
[01:17:53] [83/445] CDOK
[01:17:54] [84/445] CMSG
[01:17:55] [85/445] APTD
[01:17:56] [86/445] KMPG
[01:17:57] [87/445] MUTJ
[01:17:58] [88/445] VCCI
[01:17:59] [89/445] URBE
[01:17:59] [90/445] TCTS
[01:18:00] 🔄 Identity reset
[01:18:00] 🔄 Identity rotated (every 10 requests)
[01:18:00] [91/445] STSN
[01:18:01] [92/445] AKCH
[01:18:02] [93/445] APSC
[01:18:03] [94/445] VLTB
[01:18:04] [95/445] SANU
[01:18:05] [96/445] AXAM
[01:18:06] [97/445] MGMG
[01:18:07] [98/445] HTBY
[01:18:07] [99/445] MMZS
[01:18:08] [100/445] SUDR
[01:18:09] 🔄 Identity reset
[01:18:09] 🔄 Identity rotated (every 10 requests)
[01:18:09] [101/445] CCAD
[01:18:10] [102/445] SKKC
[01:18:11] [103/445] RMCD
[01:18:12] [104/445] SBCQ
[01:18:13] [105/445] DCCT
[01:18:14] [106/445] VTKP
[01:18:15] [107/445] MLAM
[01:18:16] [108/445] SAVT
[01:18:17] [109/445] GEPL
[01:18:18] [110/445] AMCD
[01:18:18] 🔄 Identity reset
[01:18:18] 🔄 Identity rotated (every 10 requests)
[01:18:19] [111/445] CCXR
[01:18:19] [112/445] GRNG
[01:18:20] [113/445] EBCA
[01:18:21] [114/445] CNVG
[01:18:22] [115/445] MWSS
[01:18:23] [116/445] VBOR
[01:18:24] [117/445] NEEB
[01:18:24] [118/445] SUTH
[01:18:25] [119/445] ANDB
[01:18:27] [120/445] MMXS
[01:18:28] 🔄 Identity reset
[01:18:28] 🔄 Identity rotated (every 10 requests)
[01:18:28] [121/445] CNPD
[01:18:29] [122/445] SDCE
[01:18:30] [123/445] DHCB
[01:18:31] [124/445] ODEN
[01:18:32] [125/445] TNTC
[01:18:33] [126/445] VBKM
[01:18:33] [127/445] RZYM
[01:18:34] [128/445] JEMC
[01:18:35] [129/445] CMAU
[01:18:36] [130/445] SIVP
[01:18:36] 🔄 Identity reset
[01:18:36] 🔄 Identity rotated (every 10 requests)
[01:18:37] [131/445] ATAG
[01:18:38] [132/445] CHTM
[01:18:39] [133/445] AAEE
[01:18:39] [134/445] IWPM
[01:18:40] [135/445] KCMW
[01:18:41] [136/445] MCTD
[01:18:42] [137/445] SPWR
[01:18:43] [138/445] SDPO
[01:18:44] [139/445] PCSK
[01:18:45] [140/445] ACHV
[01:18:46] 🔄 Identity reset
[01:18:46] 🔄 Identity rotated (every 10 requests)
[01:18:46] [141/445] SVLA
[01:18:47] [142/445] PICT
[01:18:48] [143/445] BXDR
[01:18:49] [144/445] SPWA
[01:18:50] [145/445] MCKO
[01:18:51] [146/445] RTHK
[01:18:52] [147/445] CCMF
[01:18:52] [148/445] MRGB
[01:18:53] [149/445] CPLC
[01:18:54] [150/445] RACD
[01:18:55] 🔄 Identity reset
[01:18:55] 🔄 Identity rotated (every 10 requests)
[01:18:55] [151/445] ATKT
[01:18:56] [152/445] SARN
[01:18:57] [153/445] KKUI
[01:18:58] [154/445] RGCM
[01:18:58] [155/445] BRVP
[01:18:59] [156/445] HRSR
[01:19:00] [157/445] GKGM
[01:19:01] [158/445] TTCD
[01:19:02] [159/445] PTTI
[01:19:03] [160/445] MPTT
[01:19:04] 🔄 Identity reset
[01:19:04] 🔄 Identity rotated (every 10 requests)
[01:19:04] [161/445] CVTT
[01:19:05] [162/445] PCXD
[01:19:06] [163/445] GCDC
[01:19:07] [164/445] CCCF
[01:19:08] [165/445] MRAD
[01:19:09] [166/445] CPLK
[01:19:10] [167/445] SATB
[01:19:11] [168/445] SNVG
[01:19:12] [169/445] JMBA
[01:19:13] [170/445] TEJA
[01:19:13] 🔄 Identity reset
[01:19:13] 🔄 Identity rotated (every 10 requests)
[01:19:14] [171/445] STYO
[01:19:15] [172/445] JTBP
[01:19:16] [173/445] KRGD
[01:19:17] [174/445] SLJJ
[01:19:18] [175/445] SPTJ
[01:19:19] [176/445] SWJG
[01:19:19] [177/445] LKRT
[01:19:20] [178/445] KCKA
[01:19:21] [179/445] SNCR
[01:19:22] [180/445] SMKL
[01:19:23] 🔄 Identity reset
[01:19:23] 🔄 Identity rotated (every 10 requests)
[01:19:23] [181/445] GCFA
[01:19:24] [182/445] DDCK
[01:19:25] [183/445] NCHJ
[01:19:26] [184/445] RDMA
[01:19:27] [185/445] SVSV
[01:19:28] [186/445] SCJG
[01:19:29] [187/445] VKLP
[01:19:30] [188/445] NWCC
[01:19:31] [189/445] VKNS
[01:19:32] [190/445] SDDP
[01:19:33] 🔄 Identity reset
[01:19:33] 🔄 Identity rotated (every 10 requests)
[01:19:33] [191/445] ACSI
[01:19:34] [192/445] SATG
[01:19:35] [193/445] SCMW
[01:19:35] [194/445] LKTK
[01:19:36] [195/445] VCKV
[01:19:37] [196/445] KKPE
[01:19:38] [197/445] KIGH
[01:19:39] [198/445] SRPM
[01:19:40] [199/445] SCAH
[01:19:41] [200/445] MUTA
[01:19:42] 🔄 Identity reset
[01:19:42] 🔄 Identity rotated (every 10 requests)
[01:19:42] [201/445] SEPU
[01:19:43] [202/445] INOA
[01:19:44] [203/445] BASK
[01:19:45] [204/445] NECB
[01:19:46] [205/445] GTTG
[01:19:47] [206/445] ASSA
[01:19:48] [207/445] ANCL
[01:19:49] [208/445] GCTI
[01:19:50] [209/445] RCTS
[01:19:51] [210/445] ACNL
[01:19:52] 🔄 Identity reset
[01:19:52] 🔄 Identity rotated (every 10 requests)
[01:19:52] [211/445] MYCT
[01:19:53] [212/445] NMHT
[01:19:54] [213/445] MDIT
[01:19:55] [214/445] LATG
[01:19:56] [215/445] SMTY
[01:19:56] [216/445] CVCT
[01:19:57] [217/445] RAMB
[01:19:58] [218/445] TGMS
[01:20:00] [219/445] BHEL
[01:20:01] [220/445] SHCT
[01:20:02] 🔄 Identity reset
[01:20:02] 🔄 Identity rotated (every 10 requests)
[01:20:02] [221/445] SVCT
[01:20:03] [222/445] MRIY
[01:20:04] [223/445] SARO
[01:20:05] [224/445] STCT
[01:20:05] [225/445] JKKC
[01:20:06] [226/445] PLTT
[01:20:07] [227/445] SRNT
[01:20:08] [228/445] YAST
[01:20:09] [229/445] PERL
[01:20:10] [230/445] CICM
[01:20:10] 🔄 Identity reset
[01:20:10] 🔄 Identity rotated (every 10 requests)
[01:20:11] [231/445] MMTR
[01:20:11] [232/445] ABTK
[01:20:12] [233/445] ATYY
[01:20:13] [234/445] ASTK
[01:20:14] [235/445] VVCK
[01:20:15] [236/445] ATKY
[01:20:16] [237/445] GWEK
[01:20:17] [238/445] SVFH
[01:20:18] [239/445] SLTA
[01:20:19] [240/445] AASH
[01:20:19] 🔄 Identity reset
[01:20:19] 🔄 Identity rotated (every 10 requests)
[01:20:19] [241/445] ACXB
[01:20:20] [242/445] SMTX
[01:20:21] [243/445] AZDH
[01:20:22] [244/445] CMMH
[01:20:23] [245/445] SCSZ
[01:20:24] [246/445] SCKP
[01:20:25] [247/445] NXTM
[01:20:26] [248/445] NWCS
[01:20:26] [249/445] CXMH
[01:20:27] [250/445] PCMA
[01:20:28] 🔄 Identity reset
[01:20:28] 🔄 Identity rotated (every 10 requests)
[01:20:28] [251/445] SGCM
[01:20:29] [252/445] SDTU
[01:20:30] [253/445] MMVI
[01:20:31] [254/445] JKCM
[01:20:31] [255/445] VCMM
[01:20:32] [256/445] SYEE
[01:20:33] [257/445] VASD
[01:20:34] [258/445] BDRB
[01:20:35] [259/445] LASM
[01:20:36] [260/445] DCRL
[01:20:37] 🔄 Identity reset
[01:20:37] 🔄 Identity rotated (every 10 requests)
[01:20:37] [261/445] DVPM
[01:20:38] [262/445] SBMJ
[01:20:39] [263/445] CBMU
[01:20:40] [264/445] IUBS
[01:20:41] [265/445] INAP
[01:20:42] [266/445] SRRC
[01:20:43] [267/445] SAGR
[01:20:44] [268/445] CPMJ
[01:20:45] [269/445] ATJL
[01:20:45] [270/445] NNTD
[01:20:46] 🔄 Identity reset
[01:20:46] 🔄 Identity rotated (every 10 requests)
[01:20:46] [271/445] JHCJ
[01:20:47] [272/445] CMMP
[01:20:49] [273/445] RSDR
[01:20:50] [274/445] AMTI
[01:20:51] [275/445] NYSG
[01:20:52] [276/445] AVSG
[01:20:53] [277/445] SYTP
[01:20:54] [278/445] LARC
[01:20:55] [279/445] RJTP
[01:20:56] [280/445] LAKC
[01:20:56] 🔄 Identity reset
[01:20:56] 🔄 Identity rotated (every 10 requests)
[01:20:57] [281/445] MCXE
[01:20:57] [282/445] CCZC
[01:20:58] [283/445] AVCH
[01:20:59] [284/445] CMBE
[01:21:00] [285/445] MRRC
[01:21:01] [286/445] PCPY
[01:21:01] [287/445] SRMH
[01:21:02] [288/445] SVGS
[01:21:03] [289/445] PCSE
[01:21:04] [290/445] SVFT
[01:21:04] 🔄 Identity reset
[01:21:04] 🔄 Identity rotated (every 10 requests)
[01:21:05] [291/445] TNZP
[01:21:05] [292/445] ICTP
[01:21:06] [293/445] ACTZ
[01:21:07] [294/445] GTUR
[01:21:08] [295/445] MAFC
[01:21:09] [296/445] MINL
[01:21:11] [297/445] MRCL
[01:21:12] [298/445] RCRP
[01:21:13] [299/445] RFFG
[01:21:14] [300/445] RMAS
[01:21:15] 🔄 Identity reset
[01:21:15] 🔄 Identity rotated (every 10 requests)
[01:21:15] [301/445] INVR
[01:21:17] [302/445] RMAR
[01:21:17] [303/445] CNIS
[01:21:18] [304/445] RHRJ
[01:21:19] [305/445] INXR
[01:21:20] [306/445] VALT
[01:21:22] [307/445] LCSH
[01:21:22] [308/445] CMVS
[01:21:23] [309/445] CNMS
[01:21:24] [310/445] ROOG
[01:21:25] 🔄 Identity reset
[01:21:25] 🔄 Identity rotated (every 10 requests)
[01:21:26] [311/445] ISRM
[01:21:26] [312/445] RCRM
[01:21:27] [313/445] ACJA
[01:21:28] [314/445] RCVS
[01:21:29] [315/445] CPUS
[01:21:30] [316/445] TGCS
[01:21:31] [317/445] RKCJ
[01:21:32] [318/445] MKSB
[01:21:32] [319/445] TCSJ
[01:21:33] [320/445] RMGP
[01:21:34] 🔄 Identity reset
[01:21:34] 🔄 Identity rotated (every 10 requests)
[01:21:34] [321/445] CLLP
[01:21:35] [322/445] RCMV
[01:21:36] [323/445] CCKS
[01:21:37] [324/445] RSRP
[01:21:37] [325/445] APLP
[01:21:38] [326/445] CNVS
[01:21:39] [327/445] RMVY
[01:21:41] [328/445] PGBD
[01:21:41] [329/445] KLMS
[01:21:43] [330/445] RUST
[01:21:44] 🔄 Identity reset
[01:21:44] 🔄 Identity rotated (every 10 requests)
[01:21:44] [331/445] MASM
[01:21:45] [332/445] BACS
[01:21:46] [333/445] BWST
[01:21:47] [334/445] RRFH
[01:21:48] [335/445] SJTM
[01:21:49] [336/445] BEMR
[01:21:50] [337/445] MCGR
[01:21:51] [338/445] SDSK
[01:21:51] [339/445] VBOL
[01:21:52] [340/445] RMGM
[01:21:53] 🔄 Identity reset
[01:21:53] 🔄 Identity rotated (every 10 requests)
[01:21:53] [341/445] NOPL
[01:21:54] [342/445] MKJK
[01:21:55] [343/445] CVRN
[01:21:56] [344/445] MMEN
[01:21:58] [345/445] AMNG
[01:21:59] [346/445] INTM
[01:22:00] [347/445] SLCZ
[01:22:01] [348/445] AMJN
[01:22:02] [349/445] ACJN
[01:22:03] [350/445] AMKN
[01:22:04] 🔄 Identity reset
[01:22:04] 🔄 Identity rotated (every 10 requests)
[01:22:04] [351/445] BTCN
[01:22:05] [352/445] AMBT
[01:22:06] [353/445] PACN
[01:22:07] [354/445] LCNS
[01:22:08] [355/445] PPKC
[01:22:09] [356/445] JYYN
[01:22:10] [357/445] JTNR
[01:22:10] [358/445] GTEE
[01:22:11] [359/445] SRNM
[01:22:12] [360/445] SDTC
[01:22:13] 🔄 Identity reset
[01:22:13] 🔄 Identity rotated (every 10 requests)
[01:22:13] [361/445] VPCA
[01:22:14] [362/445] VLRA
[01:22:15] [363/445] SHKR
[01:22:16] [364/445] SBKD
[01:22:17] [365/445] SAAD
[01:22:19] [366/445] JTGN
[01:22:20] [367/445] SLAM
[01:22:20] [368/445] VTPM
[01:22:21] [369/445] ANPT
[01:22:23] [370/445] PUNB
[01:22:23] 🔄 Identity reset
[01:22:23] 🔄 Identity rotated (every 10 requests)
[01:22:24] [371/445] CPKT
[01:22:25] [372/445] CNWE
[01:22:26] [373/445] ECPP
[01:22:27] [374/445] CPAR
[01:22:28] [375/445] ESBW
[01:22:29] [376/445] PKPU
[01:22:29] [377/445] CPRP
[01:22:31] [378/445] RAHU
[01:22:32] [379/445] RHMN
[01:22:33] [380/445] FMJP
[01:22:33] 🔄 Identity reset
[01:22:33] 🔄 Identity rotated (every 10 requests)
[01:22:34] [381/445] CTMP
[01:22:35] [382/445] INPN
[01:22:36] [383/445] STTG
[01:22:37] [384/445] CTRD
[01:22:38] [385/445] PUVB
[01:22:39] [386/445] ESVP
[01:22:40] [387/445] CPFT
[01:22:41] [388/445] LCPC
[01:22:42] [389/445] VBCT
[01:22:43] [390/445] FSCW
[01:22:44] 🔄 Identity reset
[01:22:44] 🔄 Identity rotated (every 10 requests)
[01:22:44] [391/445] VCMP
[01:22:45] [392/445] ASHC
[01:22:46] [393/445] VLCX
[01:22:48] [394/445] SHEV
[01:22:49] [395/445] APCO
[01:22:49] [396/445] SILC
[01:22:50] [397/445] SNMR
[01:22:51] [398/445] KYBO
[01:22:52] [399/445] SATK
[01:22:53] [400/445] SSCS
[01:22:53] 🔄 Identity reset
[01:22:53] 🔄 Identity rotated (every 10 requests)
[01:22:54] [401/445] CLSB
[01:22:55] [402/445] KMJR
[01:22:56] [403/445] FSCK
[01:22:57] [404/445] NNKA
[01:22:58] [405/445] CLMK
[01:22:59] [406/445] DMPZ
[01:23:00] [407/445] INQM
[01:23:01] [408/445] CAML
[01:23:02] [409/445] INRK
[01:23:03] [410/445] IMKN
[01:23:03] 🔄 Identity reset
[01:23:03] 🔄 Identity rotated (every 10 requests)
[01:23:03] [411/445] SVNR
[01:23:04] [412/445] INSL
[01:23:05] [413/445] MSMA
[01:23:06] [414/445] MCKK
[01:23:07] [415/445] FCHP
[01:23:09] [416/445] SFCR
[01:23:10] [417/445] NACK
[01:23:11] [418/445] PVAK
[01:23:12] [419/445] INER
[01:23:13] [420/445] RDBK
[01:23:13] 🔄 Identity reset
[01:23:13] 🔄 Identity rotated (every 10 requests)
[01:23:14] [421/445] SVFN
[01:23:14] [422/445] IFRM
[01:23:15] [423/445] ATCK
[01:23:16] [424/445] ASKO
[01:23:17] [425/445] STKT
[01:23:18] [426/445] SVFB
[01:23:19] [427/445] INKS
[01:23:20] [428/445] PCRA
[01:23:21] [429/445] ATJA
[01:23:21] [430/445] IMJN
[01:23:22] 🔄 Identity reset
[01:23:22] 🔄 Identity rotated (every 10 requests)
[01:23:22] [431/445] INHD
[01:23:23] [432/445] BARA
[01:23:24] [433/445] MCSL
[01:23:25] [434/445] RTOY
[01:23:26] [435/445] MENO
[01:23:27] [436/445] PUDM
[01:23:28] [437/445] PRCN
[01:23:29] [438/445] JMJR
[01:23:30] [439/445] SSGK
[01:23:31] [440/445] SSRL
[01:23:32] 🔄 Identity reset
[01:23:32] 🔄 Identity rotated (every 10 requests)
[01:23:32] [441/445] JYKL
[01:23:33] [442/445] ACNB
[01:23:34] [443/445] SONP
[01:23:35] [444/445] EMCI
[01:23:37] [445/445] MRJH
[01:23:37] ✅ DONE | Shows=0 | Movies=0
[02:16:29] 🚀 BMS DAILY TRACKER STARTED (enhanced anti‑detection)
[02:16:29] [1/445] TGMR
[02:16:30] 🧠 New identity created
[02:16:30] [2/445] CXKR
[02:16:31] [3/445] SROP
[02:16:32] [4/445] GTSV
[02:16:32] [5/445] SNTY
[02:16:34] [6/445] SMYY
[02:16:35] [7/445] CNCS
[02:16:36] [8/445] CSTM
[02:16:37] [9/445] NUCD
[02:16:38] [10/445] SHCZ
[02:16:38] 🔄 Identity reset
[02:16:38] 🔄 Identity rotated (every 10 requests)
[02:16:38] [11/445] NJCT
[02:16:39] [12/445] COPC
[02:16:40] [13/445] STVV
[02:16:41] [14/445] SKRN
[02:16:42] [15/445] APPZ
[02:16:43] [16/445] YMGN
[02:16:44] [17/445] SVTU
[02:16:45] [18/445] GTAD
[02:16:45] [19/445] PSUS
[02:16:46] [20/445] SMCD
[02:16:47] 🔄 Identity reset
[02:16:47] 🔄 Identity rotated (every 10 requests)
[02:16:47] [21/445] CMCM
[02:16:48] [22/445] SYCT
[02:16:49] [23/445] STLY
[02:16:50] [24/445] CMHU
[02:16:50] [25/445] CMSA
[02:16:51] [26/445] CLCU
[02:16:52] [27/445] PPNT
[02:16:53] [28/445] JTAB
[02:16:54] [29/445] BUUC
[02:16:55] [30/445] BSVK
[02:16:55] 🔄 Identity reset
[02:16:55] 🔄 Identity rotated (every 10 requests)
[02:16:55] [31/445] VVVQ
[02:16:56] [32/445] TKMU
[02:16:58] [33/445] ESYL
[02:16:59] [34/445] ACHP
[02:17:00] [35/445] BTKD
[02:17:00] [36/445] DESA
[02:17:01] [37/445] GBCT
[02:17:02] [38/445] BLLD
[02:17:03] [39/445] SKNT
[02:17:04] [40/445] SSTE
[02:17:04] 🔄 Identity reset
[02:17:04] 🔄 Identity rotated (every 10 requests)
[02:17:05] [41/445] VJMR
[02:17:05] [42/445] NTPU
[02:17:06] [43/445] RDKN
[02:17:07] [44/445] ADGC
[02:17:08] [45/445] VRBP
[02:17:09] [46/445] NMNA
[02:17:10] [47/445] CMMX
[02:17:10] [48/445] PTKO
[02:17:11] [49/445] RBML
[02:17:12] [50/445] SAIC
[02:17:13] 🔄 Identity reset
[02:17:13] 🔄 Identity rotated (every 10 requests)
[02:17:13] [51/445] SVTJ
[02:17:14] [52/445] MRTE
[02:17:15] [53/445] RBTP
[02:17:16] [54/445] NLPS
[02:17:17] [55/445] GTNA
[02:17:18] [56/445] DGGC
[02:17:19] [57/445] SMCR
[02:17:19] [58/445] SCGD
[02:17:20] [59/445] SRRJ
[02:17:21] [60/445] CNRY
[02:17:22] 🔄 Identity reset
[02:17:22] 🔄 Identity rotated (every 10 requests)
[02:17:22] [61/445] KTDI
[02:17:24] [62/445] SNJL
[02:17:25] [63/445] RKMD
[02:17:26] [64/445] SMDC
[02:17:27] [65/445] TADG
[02:17:28] [66/445] MCGS
[02:17:28] [67/445] PETK
[02:17:29] [68/445] CHAG
[02:17:31] [69/445] KSTL
[02:17:32] [70/445] AADS
[02:17:33] 🔄 Identity reset
[02:17:33] 🔄 Identity rotated (every 10 requests)
[02:17:34] [71/445] NTHZ
[02:17:34] [72/445] HCKI
[02:17:35] [73/445] SSEF
[02:17:36] [74/445] MCGX
[02:17:37] [75/445] ERRA
[02:17:38] [76/445] SDTW
[02:17:39] [77/445] RMPK
[02:17:39] [78/445] PTHK
[02:17:40] [79/445] PXCS
[02:17:41] [80/445] SVLU
[02:17:42] 🔄 Identity reset
[02:17:42] 🔄 Identity rotated (every 10 requests)
[02:17:42] [81/445] STAH
[02:17:43] [82/445] JRGF
[02:17:44] [83/445] CDOK
[02:17:45] [84/445] CMSG
[02:17:46] [85/445] APTD
[02:17:47] [86/445] KMPG
[02:17:48] [87/445] MUTJ
[02:17:49] [88/445] VCCI
[02:17:50] [89/445] URBE
[02:17:50] [90/445] TCTS
[02:17:51] 🔄 Identity reset
[02:17:51] 🔄 Identity rotated (every 10 requests)
[02:17:51] [91/445] STSN
[02:17:52] [92/445] AKCH
[02:17:53] [93/445] APSC
[02:17:54] [94/445] VLTB
[02:17:55] [95/445] SANU
[02:17:56] [96/445] AXAM
[02:17:57] [97/445] MGMG
[02:17:58] [98/445] HTBY
[02:17:59] [99/445] MMZS
[02:18:00] [100/445] SUDR
[02:18:01] 🔄 Identity reset
[02:18:01] 🔄 Identity rotated (every 10 requests)
[02:18:01] [101/445] CCAD
[02:18:02] [102/445] SKKC
[02:18:03] [103/445] RMCD
[02:18:04] [104/445] SBCQ
[02:18:05] [105/445] DCCT
[02:18:06] [106/445] VTKP
[02:18:07] [107/445] MLAM
[02:18:08] [108/445] SAVT
[02:18:09] [109/445] GEPL
[02:18:10] [110/445] AMCD
[02:18:11] 🔄 Identity reset
[02:18:11] 🔄 Identity rotated (every 10 requests)
[02:18:11] [111/445] CCXR
[02:18:12] [112/445] GRNG
[02:18:13] [113/445] EBCA
[02:18:13] [114/445] CNVG
[02:18:14] [115/445] MWSS
[02:18:16] [116/445] VBOR
[02:18:16] [117/445] NEEB
[02:18:17] [118/445] SUTH
[02:18:18] [119/445] ANDB
[02:18:19] [120/445] MMXS
[02:18:19] 🔄 Identity reset
[02:18:19] 🔄 Identity rotated (every 10 requests)
[02:18:20] [121/445] CNPD
[02:18:21] [122/445] SDCE
[02:18:22] [123/445] DHCB
[02:18:23] [124/445] ODEN
[02:18:24] [125/445] TNTC
[02:18:25] [126/445] VBKM
[02:18:26] [127/445] RZYM
[02:18:27] [128/445] JEMC
[02:18:27] [129/445] CMAU
[02:18:28] [130/445] SIVP
[02:18:29] 🔄 Identity reset
[02:18:29] 🔄 Identity rotated (every 10 requests)
[02:18:30] [131/445] ATAG
[02:18:30] [132/445] CHTM
[02:18:31] [133/445] AAEE
[02:18:32] [134/445] IWPM
[02:18:33] [135/445] KCMW
[02:18:34] [136/445] MCTD
[02:18:35] [137/445] SPWR
[02:18:36] [138/445] SDPO
[02:18:37] [139/445] PCSK
[02:18:38] [140/445] ACHV
[02:18:38] 🔄 Identity reset
[02:18:38] 🔄 Identity rotated (every 10 requests)
[02:18:39] [141/445] SVLA
[02:18:40] [142/445] PICT
[02:18:41] [143/445] BXDR
[02:18:41] [144/445] SPWA
[02:18:42] [145/445] MCKO
[02:18:43] [146/445] RTHK
[02:18:44] [147/445] CCMF
[02:18:45] [148/445] MRGB
[02:18:46] [149/445] CPLC
[02:18:47] [150/445] RACD
[02:18:47] 🔄 Identity reset
[02:18:47] 🔄 Identity rotated (every 10 requests)
[02:18:48] [151/445] ATKT
[02:18:48] [152/445] SARN
[02:18:49] [153/445] KKUI
[02:18:50] [154/445] RGCM
[02:18:51] [155/445] BRVP
[02:18:52] [156/445] HRSR
[02:18:53] [157/445] GKGM
[02:18:54] [158/445] TTCD
[02:18:54] [159/445] PTTI
[02:18:55] [160/445] MPTT
[02:18:56] 🔄 Identity reset
[02:18:56] 🔄 Identity rotated (every 10 requests)
[02:18:56] [161/445] CVTT
[02:18:57] [162/445] PCXD
[02:18:58] [163/445] GCDC
[02:19:00] [164/445] CCCF
[02:19:00] [165/445] MRAD
[02:19:01] [166/445] CPLK
[02:19:02] [167/445] SATB
[02:19:03] [168/445] SNVG
[02:19:04] [169/445] JMBA
[02:19:04] [170/445] TEJA
[02:19:05] 🔄 Identity reset
[02:19:05] 🔄 Identity rotated (every 10 requests)
[02:19:05] [171/445] STYO
[02:19:06] [172/445] JTBP
[02:19:07] [173/445] KRGD
[02:19:08] [174/445] SLJJ
[02:19:09] [175/445] SPTJ
[02:19:10] [176/445] SWJG
[02:19:11] [177/445] LKRT
[02:19:12] [178/445] KCKA
[02:19:14] [179/445] SNCR
[02:19:15] [180/445] SMKL
[02:19:15] 🔄 Identity reset
[02:19:15] 🔄 Identity rotated (every 10 requests)
[02:19:15] [181/445] GCFA
[02:19:16] [182/445] DDCK
[02:19:17] [183/445] NCHJ
[02:19:18] [184/445] RDMA
[02:19:20] [185/445] SVSV
[02:19:21] [186/445] SCJG
[02:19:21] [187/445] VKLP
[02:19:22] [188/445] NWCC
[02:19:23] [189/445] VKNS
[02:19:24] [190/445] SDDP
[02:19:25] 🔄 Identity reset
[02:19:25] 🔄 Identity rotated (every 10 requests)
[02:19:25] [191/445] ACSI
[02:19:26] [192/445] SATG
[02:19:27] [193/445] SCMW
[02:19:27] [194/445] LKTK
[02:19:28] [195/445] VCKV
[02:19:29] [196/445] KKPE
[02:19:30] [197/445] KIGH
[02:19:31] [198/445] SRPM
[02:19:31] [199/445] SCAH
[02:19:32] [200/445] MUTA
[02:19:33] 🔄 Identity reset
[02:19:33] 🔄 Identity rotated (every 10 requests)
[02:19:33] [201/445] SEPU
[02:19:34] [202/445] INOA
[02:19:35] [203/445] BASK
[02:19:36] [204/445] NECB
[02:19:37] [205/445] GTTG
[02:19:38] [206/445] ASSA
[02:19:39] [207/445] ANCL
[02:19:39] [208/445] GCTI
[02:19:40] [209/445] RCTS
[02:19:41] [210/445] ACNL
[02:19:42] 🔄 Identity reset
[02:19:42] 🔄 Identity rotated (every 10 requests)
[02:19:42] [211/445] MYCT
[02:19:43] [212/445] NMHT
[02:19:44] [213/445] MDIT
[02:19:45] [214/445] LATG
[02:19:46] [215/445] SMTY
[02:19:46] [216/445] CVCT
[02:19:47] [217/445] RAMB
[02:19:48] [218/445] TGMS
[02:19:49] [219/445] BHEL
[02:19:50] [220/445] SHCT
[02:19:51] 🔄 Identity reset
[02:19:51] 🔄 Identity rotated (every 10 requests)
[02:19:51] [221/445] SVCT
[02:19:52] [222/445] MRIY
[02:19:52] [223/445] SARO
[02:19:53] [224/445] STCT
[02:19:54] [225/445] JKKC
[02:19:55] [226/445] PLTT
[02:19:56] [227/445] SRNT
[02:19:57] [228/445] YAST
[02:19:58] [229/445] PERL
[02:19:59] [230/445] CICM
[02:19:59] 🔄 Identity reset
[02:19:59] 🔄 Identity rotated (every 10 requests)
[02:20:00] [231/445] MMTR
[02:20:01] [232/445] ABTK
[02:20:02] [233/445] ATYY
[02:20:03] [234/445] ASTK
[02:20:04] [235/445] VVCK
[02:20:05] [236/445] ATKY
[02:20:06] [237/445] GWEK
[02:20:06] [238/445] SVFH
[02:20:07] [239/445] SLTA
[02:20:08] [240/445] AASH
[02:20:09] 🔄 Identity reset
[02:20:09] 🔄 Identity rotated (every 10 requests)
[02:20:09] [241/445] ACXB
[02:20:10] [242/445] SMTX
[02:20:11] [243/445] AZDH
[02:20:12] [244/445] CMMH
[02:20:12] [245/445] SCSZ
[02:20:13] [246/445] SCKP
[02:20:14] [247/445] NXTM
[02:20:15] [248/445] NWCS
[02:20:16] [249/445] CXMH
[02:20:16] [250/445] PCMA
[02:20:17] 🔄 Identity reset
[02:20:17] 🔄 Identity rotated (every 10 requests)
[02:20:17] [251/445] SGCM
[02:20:18] [252/445] SDTU
[02:20:19] [253/445] MMVI
[02:20:20] [254/445] JKCM
[02:20:21] [255/445] VCMM
[02:20:21] [256/445] SYEE
[02:20:22] [257/445] VASD
[02:20:23] [258/445] BDRB
[02:20:24] [259/445] LASM
[02:20:26] [260/445] DCRL
[02:20:26] 🔄 Identity reset
[02:20:26] 🔄 Identity rotated (every 10 requests)
[02:20:26] [261/445] DVPM
[02:20:27] [262/445] SBMJ
[02:20:29] [263/445] CBMU
[02:20:30] [264/445] IUBS
[02:20:31] [265/445] INAP
[02:20:31] [266/445] SRRC
[02:20:32] [267/445] SAGR
[02:20:33] [268/445] CPMJ
[02:20:34] [269/445] ATJL
[02:20:35] [270/445] NNTD
[02:20:35] 🔄 Identity reset
[02:20:35] 🔄 Identity rotated (every 10 requests)
[02:20:35] [271/445] JHCJ
[02:20:36] [272/445] CMMP
[02:20:37] [273/445] RSDR
[02:20:38] [274/445] AMTI
[02:20:39] [275/445] NYSG
[02:20:39] [276/445] AVSG
[02:20:40] [277/445] SYTP
[02:20:41] [278/445] LARC
[02:20:42] [279/445] RJTP
[02:20:43] [280/445] LAKC
[02:20:43] 🔄 Identity reset
[02:20:43] 🔄 Identity rotated (every 10 requests)
[02:20:44] [281/445] MCXE
[02:20:44] [282/445] CCZC
[02:20:45] [283/445] AVCH
[02:20:47] [284/445] CMBE
[02:20:48] [285/445] MRRC
[02:20:49] [286/445] PCPY
[02:20:49] [287/445] SRMH
[02:20:51] [288/445] SVGS
[02:20:52] [289/445] PCSE
[02:20:53] [290/445] SVFT
[02:20:53] 🔄 Identity reset
[02:20:53] 🔄 Identity rotated (every 10 requests)
[02:20:53] [291/445] TNZP
[02:20:54] [292/445] ICTP
[02:20:56] [293/445] ACTZ
[02:20:57] [294/445] GTUR
[02:20:57] [295/445] MAFC
[02:20:59] [296/445] MINL
[02:21:00] [297/445] MRCL
[02:21:01] [298/445] RCRP
[02:21:02] [299/445] RFFG
[02:21:03] [300/445] RMAS
[02:21:03] 🔄 Identity reset
[02:21:03] 🔄 Identity rotated (every 10 requests)
[02:21:04] [301/445] INVR
[02:21:04] [302/445] RMAR
[02:21:05] [303/445] CNIS
[02:21:06] [304/445] RHRJ
[02:21:07] [305/445] INXR
[02:21:08] [306/445] VALT
[02:21:09] [307/445] LCSH
[02:21:10] [308/445] CMVS
[02:21:10] [309/445] CNMS
[02:21:11] [310/445] ROOG
[02:21:12] 🔄 Identity reset
[02:21:12] 🔄 Identity rotated (every 10 requests)
[02:21:12] [311/445] ISRM
[02:21:13] [312/445] RCRM
[02:21:14] [313/445] ACJA
[02:21:15] [314/445] RCVS
[02:21:16] [315/445] CPUS
[02:21:17] [316/445] TGCS
[02:21:18] [317/445] RKCJ
[02:21:19] [318/445] MKSB
[02:21:20] [319/445] TCSJ
[02:21:21] [320/445] RMGP
[02:21:21] 🔄 Identity reset
[02:21:21] 🔄 Identity rotated (every 10 requests)
[02:21:22] [321/445] CLLP
[02:21:22] [322/445] RCMV
[02:21:23] [323/445] CCKS
[02:21:24] [324/445] RSRP
[02:21:25] [325/445] APLP
[02:21:26] [326/445] CNVS
[02:21:27] [327/445] RMVY
[02:21:28] [328/445] PGBD
[02:21:29] [329/445] KLMS
[02:21:30] [330/445] RUST
[02:21:30] 🔄 Identity reset
[02:21:30] 🔄 Identity rotated (every 10 requests)
[02:21:31] [331/445] MASM
[02:21:32] [332/445] BACS
[02:21:32] [333/445] BWST
[02:21:33] [334/445] RRFH
[02:21:34] [335/445] SJTM
[02:21:35] [336/445] BEMR
[02:21:36] [337/445] MCGR
[02:21:37] [338/445] SDSK
[02:21:37] [339/445] VBOL
[02:21:38] [340/445] RMGM
[02:21:39] 🔄 Identity reset
[02:21:39] 🔄 Identity rotated (every 10 requests)
[02:21:39] [341/445] NOPL
[02:21:40] [342/445] MKJK
[02:21:41] [343/445] CVRN
[02:21:42] [344/445] MMEN
[02:21:43] [345/445] AMNG
[02:21:43] [346/445] INTM
[02:21:44] [347/445] SLCZ
[02:21:45] [348/445] AMJN
[02:21:46] [349/445] ACJN
[02:21:47] [350/445] AMKN
[02:21:48] 🔄 Identity reset
[02:21:48] 🔄 Identity rotated (every 10 requests)
[02:21:48] [351/445] BTCN
[02:21:49] [352/445] AMBT
[02:21:50] [353/445] PACN
[02:21:50] [354/445] LCNS
[02:21:51] [355/445] PPKC
[02:21:52] [356/445] JYYN
[02:21:53] [357/445] JTNR
[02:21:54] [358/445] GTEE
[02:21:55] [359/445] SRNM
[02:21:56] [360/445] SDTC
[02:21:56] 🔄 Identity reset
[02:21:56] 🔄 Identity rotated (every 10 requests)
[02:21:57] [361/445] VPCA
[02:21:58] [362/445] VLRA
[02:21:58] [363/445] SHKR
[02:21:59] [364/445] SBKD
[02:22:00] [365/445] SAAD
[02:22:01] [366/445] JTGN
[02:22:02] [367/445] SLAM
[02:22:03] [368/445] VTPM
[02:22:04] [369/445] ANPT
[02:22:04] [370/445] PUNB
[02:22:05] 🔄 Identity reset
[02:22:05] 🔄 Identity rotated (every 10 requests)
[02:22:05] [371/445] CPKT
[02:22:06] [372/445] CNWE
[02:22:07] [373/445] ECPP
[02:22:08] [374/445] CPAR
[02:22:09] [375/445] ESBW
[02:22:10] [376/445] PKPU
[02:22:11] [377/445] CPRP
[02:22:12] [378/445] RAHU
[02:22:13] [379/445] RHMN
[02:22:14] [380/445] FMJP
[02:22:14] 🔄 Identity reset
[02:22:14] 🔄 Identity rotated (every 10 requests)
[02:22:14] [381/445] CTMP
[02:22:15] [382/445] INPN
[02:22:16] [383/445] STTG
[02:22:17] [384/445] CTRD
[02:22:18] [385/445] PUVB
[02:22:19] [386/445] ESVP
[02:22:20] [387/445] CPFT
[02:22:20] [388/445] LCPC
[02:22:21] [389/445] VBCT
[02:22:23] [390/445] FSCW
[02:22:23] 🔄 Identity reset
[02:22:23] 🔄 Identity rotated (every 10 requests)
[02:22:24] [391/445] VCMP
[02:22:24] [392/445] ASHC
[02:22:25] [393/445] VLCX
[02:22:27] [394/445] SHEV
[02:22:27] [395/445] APCO
[02:22:28] [396/445] SILC
[02:22:29] [397/445] SNMR
[02:22:30] [398/445] KYBO
[02:22:31] [399/445] SATK
[02:22:32] [400/445] SSCS
[02:22:33] 🔄 Identity reset
[02:22:33] 🔄 Identity rotated (every 10 requests)
[02:22:33] [401/445] CLSB
[02:22:34] [402/445] KMJR
[02:22:35] [403/445] FSCK
[02:22:37] [404/445] NNKA
[02:22:38] [405/445] CLMK
[02:22:38] [406/445] DMPZ
[02:22:39] [407/445] INQM
[02:22:40] [408/445] CAML
[02:22:41] [409/445] INRK
[02:22:41] [410/445] IMKN
[02:22:42] 🔄 Identity reset
[02:22:42] 🔄 Identity rotated (every 10 requests)
[02:22:42] [411/445] SVNR
[02:22:43] [412/445] INSL
[02:22:44] [413/445] MSMA
[02:22:46] [414/445] MCKK
[02:22:47] [415/445] FCHP
[02:22:48] [416/445] SFCR
[02:22:49] [417/445] NACK
[02:22:50] [418/445] PVAK
[02:22:51] [419/445] INER
[02:22:51] [420/445] RDBK
[02:22:52] 🔄 Identity reset
[02:22:52] 🔄 Identity rotated (every 10 requests)
[02:22:52] [421/445] SVFN
[02:22:53] [422/445] IFRM
[02:22:54] [423/445] ATCK
[02:22:56] [424/445] ASKO
[02:22:56] [425/445] STKT
[02:22:57] [426/445] SVFB
[02:22:58] [427/445] INKS
[02:22:59] [428/445] PCRA
[02:23:00] [429/445] ATJA
[02:23:01] [430/445] IMJN
[02:23:01] 🔄 Identity reset
[02:23:01] 🔄 Identity rotated (every 10 requests)
[02:23:02] [431/445] INHD
[02:23:03] [432/445] BARA
[02:23:03] [433/445] MCSL
[02:23:04] [434/445] RTOY
[02:23:05] [435/445] MENO
[02:23:06] [436/445] PUDM
[02:23:07] [437/445] PRCN
[02:23:07] [438/445] JMJR
[02:23:09] [439/445] SSGK
[02:23:10] [440/445] SSRL
[02:23:11] 🔄 Identity reset
[02:23:11] 🔄 Identity rotated (every 10 requests)
[02:23:11] [441/445] JYKL
[02:23:12] [442/445] ACNB
[02:23:13] [443/445] SONP
[02:23:13] [444/445] EMCI
[02:23:14] [445/445] MRJH
[02:23:15] ✅ DONE | Shows=0 | Movies=0
[03:16:30] 🚀 BMS DAILY TRACKER STARTED (enhanced anti‑detection)
[03:16:30] [1/445] TGMR
[03:16:31] 🧠 New identity created
[03:16:31] [2/445] CXKR
[03:16:32] [3/445] SROP
[03:16:33] [4/445] GTSV
[03:16:34] [5/445] SNTY
[03:16:34] [6/445] SMYY
[03:16:35] [7/445] CNCS
[03:16:36] [8/445] CSTM
[03:16:37] [9/445] NUCD
[03:16:38] [10/445] SHCZ
[03:16:39] 🔄 Identity reset
[03:16:39] 🔄 Identity rotated (every 10 requests)
[03:16:39] [11/445] NJCT
[03:16:40] [12/445] COPC
[03:16:41] [13/445] STVV
[03:16:42] [14/445] SKRN
[03:16:43] [15/445] APPZ
[03:16:45] [16/445] YMGN
[03:16:46] [17/445] SVTU
[03:16:47] [18/445] GTAD
[03:16:47] [19/445] PSUS
[03:16:48] [20/445] SMCD
[03:16:49] 🔄 Identity reset
[03:16:49] 🔄 Identity rotated (every 10 requests)
[03:16:49] [21/445] CMCM
[03:16:51] [22/445] SYCT
[03:16:52] [23/445] STLY
[03:16:53] [24/445] CMHU
[03:16:54] [25/445] CMSA
[03:16:55] [26/445] CLCU
[03:16:56] [27/445] PPNT
[03:16:56] [28/445] JTAB
[03:16:57] [29/445] BUUC
[03:16:58] [30/445] BSVK
[03:16:59] 🔄 Identity reset
[03:16:59] 🔄 Identity rotated (every 10 requests)
[03:17:00] [31/445] VVVQ
[03:17:01] [32/445] TKMU
[03:17:02] [33/445] ESYL
[03:17:03] [34/445] ACHP
[03:17:04] [35/445] BTKD
[03:17:04] [36/445] DESA
[03:17:05] [37/445] GBCT
[03:17:07] [38/445] BLLD
[03:17:08] [39/445] SKNT
[03:17:09] [40/445] SSTE
[03:17:10] 🔄 Identity reset
[03:17:10] 🔄 Identity rotated (every 10 requests)
[03:17:10] [41/445] VJMR
[03:17:11] [42/445] NTPU
[03:17:12] [43/445] RDKN
[03:17:13] [44/445] ADGC
[03:17:14] [45/445] VRBP
[03:17:14] [46/445] NMNA
[03:17:15] [47/445] CMMX
[03:17:16] [48/445] PTKO
[03:17:17] [49/445] RBML
[03:17:18] [50/445] SAIC
[03:17:19] 🔄 Identity reset
[03:17:19] 🔄 Identity rotated (every 10 requests)
[03:17:19] [51/445] SVTJ
[03:17:20] [52/445] MRTE
[03:17:21] [53/445] RBTP
[03:17:22] [54/445] NLPS
[03:17:23] [55/445] GTNA
[03:17:25] [56/445] DGGC
[03:17:26] [57/445] SMCR
[03:17:27] [58/445] SCGD
[03:17:28] [59/445] SRRJ
[03:17:29] [60/445] CNRY
[03:17:29] 🔄 Identity reset
[03:17:29] 🔄 Identity rotated (every 10 requests)
[03:17:30] [61/445] KTDI
[03:17:31] [62/445] SNJL
[03:17:32] [63/445] RKMD
[03:17:33] [64/445] SMDC
[03:17:34] [65/445] TADG
[03:17:35] [66/445] MCGS
[03:17:36] [67/445] PETK
[03:17:37] [68/445] CHAG
[03:17:39] [69/445] KSTL
[03:17:41] [70/445] AADS
[03:17:41] 🔄 Identity reset
[03:17:41] 🔄 Identity rotated (every 10 requests)
[03:17:42] [71/445] NTHZ
[03:17:43] [72/445] HCKI
[03:17:43] [73/445] SSEF
[03:17:44] [74/445] MCGX
[03:17:46] [75/445] ERRA
[03:17:47] [76/445] SDTW
[03:17:48] [77/445] RMPK
[03:17:49] [78/445] PTHK
[03:17:50] [79/445] PXCS
[03:17:51] [80/445] SVLU
[03:17:51] 🔄 Identity reset
[03:17:51] 🔄 Identity rotated (every 10 requests)
[03:17:52] [81/445] STAH
[03:17:53] [82/445] JRGF
[03:17:54] [83/445] CDOK
[03:17:54] [84/445] CMSG
[03:17:55] [85/445] APTD
[03:17:56] [86/445] KMPG
[03:17:57] [87/445] MUTJ
[03:17:58] [88/445] VCCI
[03:17:59] [89/445] URBE
[03:18:00] [90/445] TCTS
[03:18:00] 🔄 Identity reset
[03:18:00] 🔄 Identity rotated (every 10 requests)
[03:18:01] [91/445] STSN
[03:18:02] [92/445] AKCH
[03:18:03] [93/445] APSC
[03:18:04] [94/445] VLTB
[03:18:05] [95/445] SANU
[03:18:07] [96/445] AXAM
[03:18:08] [97/445] MGMG
[03:18:09] [98/445] HTBY
[03:18:10] [99/445] MMZS
[03:18:11] [100/445] SUDR
[03:18:12] 🔄 Identity reset
[03:18:12] 🔄 Identity rotated (every 10 requests)
[03:18:12] [101/445] CCAD
[03:18:13] [102/445] SKKC
[03:18:14] [103/445] RMCD
[03:18:15] [104/445] SBCQ
[03:18:16] [105/445] DCCT
[03:18:17] [106/445] VTKP
[03:18:18] [107/445] MLAM
[03:18:20] [108/445] SAVT
[03:18:21] [109/445] GEPL
[03:18:22] [110/445] AMCD
[03:18:22] 🔄 Identity reset
[03:18:22] 🔄 Identity rotated (every 10 requests)
[03:18:23] [111/445] CCXR
[03:18:24] [112/445] GRNG
[03:18:26] [113/445] EBCA
[03:18:26] [114/445] CNVG
[03:18:27] [115/445] MWSS
[03:18:28] [116/445] VBOR
[03:18:29] [117/445] NEEB
[03:18:30] [118/445] SUTH
[03:18:31] [119/445] ANDB
[03:18:33] [120/445] MMXS
[03:18:33] 🔄 Identity reset
[03:18:33] 🔄 Identity rotated (every 10 requests)
[03:18:34] [121/445] CNPD
[03:18:35] [122/445] SDCE
[03:18:36] [123/445] DHCB
[03:18:36] [124/445] ODEN
[03:18:38] [125/445] TNTC
[03:18:39] [126/445] VBKM
[03:18:40] [127/445] RZYM
[03:18:41] [128/445] JEMC
[03:18:42] [129/445] CMAU
[03:18:43] [130/445] SIVP
[03:18:44] 🔄 Identity reset
[03:18:44] 🔄 Identity rotated (every 10 requests)
[03:18:44] [131/445] ATAG
[03:18:45] [132/445] CHTM
[03:18:46] [133/445] AAEE
[03:18:47] [134/445] IWPM
[03:18:49] [135/445] KCMW
[03:18:49] [136/445] MCTD
[03:18:50] [137/445] SPWR
[03:18:51] [138/445] SDPO
[03:18:53] [139/445] PCSK
[03:18:54] [140/445] ACHV
[03:18:54] 🔄 Identity reset
[03:18:54] 🔄 Identity rotated (every 10 requests)
[03:18:55] [141/445] SVLA
[03:18:56] [142/445] PICT
[03:18:57] [143/445] BXDR
[03:18:58] [144/445] SPWA
[03:18:59] [145/445] MCKO
[03:19:00] [146/445] RTHK
[03:19:00] [147/445] CCMF
[03:19:02] [148/445] MRGB
[03:19:02] [149/445] CPLC
[03:19:03] [150/445] RACD
[03:19:04] 🔄 Identity reset
[03:19:04] 🔄 Identity rotated (every 10 requests)
[03:19:04] [151/445] ATKT
[03:19:05] [152/445] SARN
[03:19:06] [153/445] KKUI
[03:19:07] [154/445] RGCM
[03:19:08] [155/445] BRVP
[03:19:09] [156/445] HRSR
[03:19:10] [157/445] GKGM
[03:19:11] [158/445] TTCD
[03:19:12] [159/445] PTTI
[03:19:13] [160/445] MPTT
[03:19:13] 🔄 Identity reset
[03:19:13] 🔄 Identity rotated (every 10 requests)
[03:19:14] [161/445] CVTT
[03:19:15] [162/445] PCXD
[03:19:16] [163/445] GCDC
[03:19:16] [164/445] CCCF
[03:19:17] [165/445] MRAD
[03:19:19] [166/445] CPLK
[03:19:19] [167/445] SATB
[03:19:20] [168/445] SNVG
[03:19:21] [169/445] JMBA
[03:19:22] [170/445] TEJA
[03:19:23] 🔄 Identity reset
[03:19:23] 🔄 Identity rotated (every 10 requests)
[03:19:23] [171/445] STYO
[03:19:24] [172/445] JTBP
[03:19:25] [173/445] KRGD
[03:19:26] [174/445] SLJJ
[03:19:27] [175/445] SPTJ
[03:19:28] [176/445] SWJG
[03:19:29] [177/445] LKRT
[03:19:30] [178/445] KCKA
[03:19:31] [179/445] SNCR
[03:19:32] [180/445] SMKL
[03:19:33] 🔄 Identity reset
[03:19:33] 🔄 Identity rotated (every 10 requests)
[03:19:34] [181/445] GCFA
[03:19:35] [182/445] DDCK
[03:19:36] [183/445] NCHJ
[03:19:37] [184/445] RDMA
[03:19:38] [185/445] SVSV
[03:19:39] [186/445] SCJG
[03:19:40] [187/445] VKLP
[03:19:41] [188/445] NWCC
[03:19:42] [189/445] VKNS
[03:19:43] [190/445] SDDP
[03:19:43] 🔄 Identity reset
[03:19:43] 🔄 Identity rotated (every 10 requests)
[03:19:44] [191/445] ACSI
[03:19:44] [192/445] SATG
[03:19:45] [193/445] SCMW
[03:19:46] [194/445] LKTK
[03:19:47] [195/445] VCKV
[03:19:48] [196/445] KKPE
[03:19:49] [197/445] KIGH
[03:19:50] [198/445] SRPM
[03:19:51] [199/445] SCAH
[03:19:52] [200/445] MUTA
[03:19:52] 🔄 Identity reset
[03:19:52] 🔄 Identity rotated (every 10 requests)
[03:19:53] [201/445] SEPU
[03:19:53] [202/445] INOA
[03:19:54] [203/445] BASK
[03:19:55] [204/445] NECB
[03:19:56] [205/445] GTTG
[03:19:57] [206/445] ASSA
[03:19:58] [207/445] ANCL
[03:19:59] [208/445] GCTI
[03:20:00] [209/445] RCTS
[03:20:01] [210/445] ACNL
[03:20:02] 🔄 Identity reset
[03:20:02] 🔄 Identity rotated (every 10 requests)
[03:20:02] [211/445] MYCT
[03:20:04] [212/445] NMHT
[03:20:05] [213/445] MDIT
[03:20:06] [214/445] LATG
[03:20:07] [215/445] SMTY
[03:20:08] [216/445] CVCT
[03:20:09] [217/445] RAMB
[03:20:10] [218/445] TGMS
[03:20:11] [219/445] BHEL
[03:20:12] [220/445] SHCT
[03:20:13] 🔄 Identity reset
[03:20:13] 🔄 Identity rotated (every 10 requests)
[03:20:13] [221/445] SVCT
[03:20:14] [222/445] MRIY
[03:20:15] [223/445] SARO
[03:20:16] [224/445] STCT
[03:20:17] [225/445] JKKC
[03:20:18] [226/445] PLTT
[03:20:19] [227/445] SRNT
[03:20:20] [228/445] YAST
[03:20:21] [229/445] PERL
[03:20:23] [230/445] CICM
[03:20:23] 🔄 Identity reset
[03:20:23] 🔄 Identity rotated (every 10 requests)
[03:20:24] [231/445] MMTR
[03:20:25] [232/445] ABTK
[03:20:26] [233/445] ATYY
[03:20:27] [234/445] ASTK
[03:20:27] [235/445] VVCK
[03:20:29] [236/445] ATKY
[03:20:30] [237/445] GWEK
[03:20:31] [238/445] SVFH
[03:20:32] [239/445] SLTA
[03:20:33] [240/445] AASH
[03:20:33] 🔄 Identity reset
[03:20:33] 🔄 Identity rotated (every 10 requests)
[03:20:34] [241/445] ACXB
[03:20:35] [242/445] SMTX
[03:20:36] [243/445] AZDH
[03:20:36] [244/445] CMMH
[03:20:37] [245/445] SCSZ
[03:20:38] [246/445] SCKP
[03:20:39] [247/445] NXTM
[03:20:40] [248/445] NWCS
[03:20:42] [249/445] CXMH
[03:20:42] [250/445] PCMA
[03:20:43] 🔄 Identity reset
[03:20:43] 🔄 Identity rotated (every 10 requests)
[03:20:43] [251/445] SGCM
[03:20:44] [252/445] SDTU
[03:20:45] [253/445] MMVI
[03:20:47] [254/445] JKCM
[03:20:48] [255/445] VCMM
[03:20:49] [256/445] SYEE
[03:20:50] [257/445] VASD
[03:20:51] [258/445] BDRB
[03:20:52] [259/445] LASM
[03:20:53] [260/445] DCRL
[03:20:54] 🔄 Identity reset
[03:20:54] 🔄 Identity rotated (every 10 requests)
[03:20:54] [261/445] DVPM
[03:20:55] [262/445] SBMJ
[03:20:56] [263/445] CBMU
[03:20:57] [264/445] IUBS
[03:20:58] [265/445] INAP
[03:20:59] [266/445] SRRC
[03:21:00] [267/445] SAGR
[03:21:01] [268/445] CPMJ
[03:21:02] [269/445] ATJL
[03:21:03] [270/445] NNTD
[03:21:04] 🔄 Identity reset
[03:21:04] 🔄 Identity rotated (every 10 requests)
[03:21:04] [271/445] JHCJ
[03:21:05] [272/445] CMMP
[03:21:06] [273/445] RSDR
[03:21:07] [274/445] AMTI
[03:21:08] [275/445] NYSG
[03:21:09] [276/445] AVSG
[03:21:10] [277/445] SYTP
[03:21:11] [278/445] LARC
[03:21:12] [279/445] RJTP
[03:21:13] [280/445] LAKC
[03:21:14] 🔄 Identity reset
[03:21:14] 🔄 Identity rotated (every 10 requests)
[03:21:14] [281/445] MCXE
[03:21:16] [282/445] CCZC
[03:21:17] [283/445] AVCH
[03:21:18] [284/445] CMBE
[03:21:19] [285/445] MRRC
[03:21:20] [286/445] PCPY
[03:21:21] [287/445] SRMH
[03:21:22] [288/445] SVGS
[03:21:23] [289/445] PCSE
[03:21:24] [290/445] SVFT
[03:21:24] 🔄 Identity reset
[03:21:24] 🔄 Identity rotated (every 10 requests)
[03:21:25] [291/445] TNZP
[03:21:26] [292/445] ICTP
[03:21:27] [293/445] ACTZ
[03:21:28] [294/445] GTUR
[03:21:28] [295/445] MAFC
[03:21:29] [296/445] MINL
[03:21:30] [297/445] MRCL
[03:21:31] [298/445] RCRP
[03:21:33] [299/445] RFFG
[03:21:33] [300/445] RMAS
[03:21:34] 🔄 Identity reset
[03:21:34] 🔄 Identity rotated (every 10 requests)
[03:21:35] [301/445] INVR
[03:21:36] [302/445] RMAR
[03:21:37] [303/445] CNIS
[03:21:38] [304/445] RHRJ
[03:21:39] [305/445] INXR
[03:21:40] [306/445] VALT
[03:21:41] [307/445] LCSH
[03:21:42] [308/445] CMVS
[03:21:43] [309/445] CNMS
[03:21:44] [310/445] ROOG
[03:21:44] 🔄 Identity reset
[03:21:44] 🔄 Identity rotated (every 10 requests)
[03:21:45] [311/445] ISRM
[03:21:45] [312/445] RCRM
[03:21:46] [313/445] ACJA
[03:21:47] [314/445] RCVS
[03:21:48] [315/445] CPUS
[03:21:49] [316/445] TGCS
[03:21:50] [317/445] RKCJ
[03:21:51] [318/445] MKSB
[03:21:52] [319/445] TCSJ
[03:21:53] [320/445] RMGP
[03:21:53] 🔄 Identity reset
[03:21:53] 🔄 Identity rotated (every 10 requests)
[03:21:54] [321/445] CLLP
[03:21:55] [322/445] RCMV
[03:21:55] [323/445] CCKS
[03:21:56] [324/445] RSRP
[03:21:57] [325/445] APLP
[03:21:58] [326/445] CNVS
[03:21:59] [327/445] RMVY
[03:22:00] [328/445] PGBD
[03:22:01] [329/445] KLMS
[03:22:02] [330/445] RUST
[03:22:03] 🔄 Identity reset
[03:22:03] 🔄 Identity rotated (every 10 requests)
[03:22:03] [331/445] MASM
[03:22:04] [332/445] BACS
[03:22:05] [333/445] BWST
[03:22:06] [334/445] RRFH
[03:22:07] [335/445] SJTM
[03:22:08] [336/445] BEMR
[03:22:09] [337/445] MCGR
[03:22:10] [338/445] SDSK
[03:22:11] [339/445] VBOL
[03:22:12] [340/445] RMGM
[03:22:12] 🔄 Identity reset
[03:22:12] 🔄 Identity rotated (every 10 requests)
[03:22:13] [341/445] NOPL
[03:22:13] [342/445] MKJK
[03:22:15] [343/445] CVRN
[03:22:15] [344/445] MMEN
[03:22:16] [345/445] AMNG
[03:22:17] [346/445] INTM
[03:22:18] [347/445] SLCZ
[03:22:19] [348/445] AMJN
[03:22:20] [349/445] ACJN
[03:22:21] [350/445] AMKN
[03:22:22] 🔄 Identity reset
[03:22:22] 🔄 Identity rotated (every 10 requests)
[03:22:22] [351/445] BTCN
[03:22:23] [352/445] AMBT
[03:22:24] [353/445] PACN
[03:22:25] [354/445] LCNS
[03:22:26] [355/445] PPKC
[03:22:27] [356/445] JYYN
[03:22:28] [357/445] JTNR
[03:22:29] [358/445] GTEE
[03:22:30] [359/445] SRNM
[03:22:31] [360/445] SDTC
[03:22:32] 🔄 Identity reset
[03:22:32] 🔄 Identity rotated (every 10 requests)
[03:22:32] [361/445] VPCA
[03:22:33] [362/445] VLRA
[03:22:34] [363/445] SHKR
[03:22:35] [364/445] SBKD
[03:22:36] [365/445] SAAD
[03:22:37] [366/445] JTGN
[03:22:38] [367/445] SLAM
[03:22:39] [368/445] VTPM
[03:22:39] [369/445] ANPT
[03:22:40] [370/445] PUNB
[03:22:41] 🔄 Identity reset
[03:22:41] 🔄 Identity rotated (every 10 requests)
[03:22:42] [371/445] CPKT
[03:22:43] [372/445] CNWE
[03:22:43] [373/445] ECPP
[03:22:44] [374/445] CPAR
[03:22:45] [375/445] ESBW
[03:22:46] [376/445] PKPU
[03:22:48] [377/445] CPRP
[03:22:50] [378/445] RAHU
[03:22:51] [379/445] RHMN
[03:22:51] [380/445] FMJP
[03:22:52] 🔄 Identity reset
[03:22:52] 🔄 Identity rotated (every 10 requests)
[03:22:52] [381/445] CTMP
[03:22:53] [382/445] INPN
[03:22:54] [383/445] STTG
[03:22:55] [384/445] CTRD
[03:22:56] [385/445] PUVB
[03:22:57] [386/445] ESVP
[03:22:58] [387/445] CPFT
[03:22:59] [388/445] LCPC
[03:23:00] [389/445] VBCT
[03:23:01] [390/445] FSCW
[03:23:02] 🔄 Identity reset
[03:23:02] 🔄 Identity rotated (every 10 requests)
[03:23:02] [391/445] VCMP
[03:23:03] [392/445] ASHC
[03:23:04] [393/445] VLCX
[03:23:05] [394/445] SHEV
[03:23:06] [395/445] APCO
[03:23:07] [396/445] SILC
[03:23:08] [397/445] SNMR
[03:23:09] [398/445] KYBO
[03:23:10] [399/445] SATK
[03:23:11] [400/445] SSCS
[03:23:11] 🔄 Identity reset
[03:23:11] 🔄 Identity rotated (every 10 requests)
[03:23:12] [401/445] CLSB
[03:23:13] [402/445] KMJR
[03:23:15] [403/445] FSCK
[03:23:16] [404/445] NNKA
[03:23:16] [405/445] CLMK
[03:23:17] [406/445] DMPZ
[03:23:18] [407/445] INQM
[03:23:19] [408/445] CAML
[03:23:20] [409/445] INRK
[03:23:22] [410/445] IMKN
[03:23:22] 🔄 Identity reset
[03:23:22] 🔄 Identity rotated (every 10 requests)
[03:23:23] [411/445] SVNR
[03:23:24] [412/445] INSL
[03:23:25] [413/445] MSMA
[03:23:26] [414/445] MCKK
[03:23:27] [415/445] FCHP
[03:23:29] [416/445] SFCR
[03:23:31] [417/445] NACK
[03:23:32] [418/445] PVAK
[03:23:33] [419/445] INER
[03:23:33] [420/445] RDBK
[03:23:34] 🔄 Identity reset
[03:23:34] 🔄 Identity rotated (every 10 requests)
[03:23:35] [421/445] SVFN
[03:23:36] [422/445] IFRM
[03:23:37] [423/445] ATCK
[03:23:39] [424/445] ASKO
[03:23:39] [425/445] STKT
[03:23:40] [426/445] SVFB
[03:23:41] [427/445] INKS
[03:23:42] [428/445] PCRA
[03:23:44] [429/445] ATJA
[03:23:45] [430/445] IMJN
[03:23:45] 🔄 Identity reset
[03:23:45] 🔄 Identity rotated (every 10 requests)
[03:23:46] [431/445] INHD
[03:23:47] [432/445] BARA
[03:23:48] [433/445] MCSL
[03:23:49] [434/445] RTOY
[03:23:50] [435/445] MENO
[03:23:50] [436/445] PUDM
[03:23:51] [437/445] PRCN
[03:23:52] [438/445] JMJR
[03:23:53] [439/445] SSGK
[03:23:54] [440/445] SSRL
[03:23:54] 🔄 Identity reset
[03:23:54] 🔄 Identity rotated (every 10 requests)
[03:23:56] [441/445] JYKL
[03:23:56] [442/445] ACNB
[03:23:57] [443/445] SONP
[03:23:58] [444/445] EMCI
[03:23:59] [445/445] MRJH
[03:24:00] ✅ DONE | Shows=1 | Movies=1
[04:16:31] 🚀 BMS DAILY TRACKER STARTED (enhanced anti‑detection)
[04:16:31] [1/445] TGMR
[04:16:32] 🧠 New identity created
[04:16:32] [2/445] CXKR
[04:16:33] [3/445] SROP
[04:16:34] [4/445] GTSV
[04:16:35] [5/445] SNTY
[04:16:36] [6/445] SMYY
[04:16:37] [7/445] CNCS
[04:16:38] [8/445] CSTM
[04:16:40] [9/445] NUCD
[04:16:41] [10/445] SHCZ
[04:16:41] 🔄 Identity reset
[04:16:41] 🔄 Identity rotated (every 10 requests)
[04:16:42] [11/445] NJCT
[04:16:43] [12/445] COPC
[04:16:44] [13/445] STVV
[04:16:44] [14/445] SKRN
[04:16:45] [15/445] APPZ
[04:16:46] [16/445] YMGN
[04:16:47] [17/445] SVTU
[04:16:48] [18/445] GTAD
[04:16:49] [19/445] PSUS
[04:16:50] [20/445] SMCD
[04:16:50] 🔄 Identity reset
[04:16:50] 🔄 Identity rotated (every 10 requests)
[04:16:51] [21/445] CMCM
[04:16:52] [22/445] SYCT
[04:16:53] [23/445] STLY
[04:16:54] [24/445] CMHU
[04:16:54] [25/445] CMSA
[04:16:55] [26/445] CLCU
[04:16:56] [27/445] PPNT
[04:16:57] [28/445] JTAB
[04:16:58] [29/445] BUUC
[04:16:59] [30/445] BSVK
[04:16:59] 🔄 Identity reset
[04:16:59] 🔄 Identity rotated (every 10 requests)
[04:17:00] [31/445] VVVQ
[04:17:01] [32/445] TKMU
[04:17:02] [33/445] ESYL
[04:17:03] [34/445] ACHP
[04:17:04] [35/445] BTKD
[04:17:05] [36/445] DESA
[04:17:06] [37/445] GBCT
[04:17:07] [38/445] BLLD
[04:17:08] [39/445] SKNT
[04:17:09] [40/445] SSTE
[04:17:10] 🔄 Identity reset
[04:17:10] 🔄 Identity rotated (every 10 requests)
[04:17:10] [41/445] VJMR
[04:17:11] [42/445] NTPU
[04:17:12] [43/445] RDKN
[04:17:13] [44/445] ADGC
[04:17:14] [45/445] VRBP
[04:17:14] [46/445] NMNA
[04:17:15] [47/445] CMMX
[04:17:16] [48/445] PTKO
[04:17:17] [49/445] RBML
[04:17:18] [50/445] SAIC
[04:17:19] 🔄 Identity reset
[04:17:19] 🔄 Identity rotated (every 10 requests)
[04:17:19] [51/445] SVTJ
[04:17:20] [52/445] MRTE
[04:17:21] [53/445] RBTP
[04:17:22] [54/445] NLPS
[04:17:23] [55/445] GTNA
[04:17:24] [56/445] DGGC
[04:17:25] [57/445] SMCR
[04:17:26] [58/445] SCGD
[04:17:27] [59/445] SRRJ
[04:17:29] [60/445] CNRY
[04:17:30] 🔄 Identity reset
[04:17:30] 🔄 Identity rotated (every 10 requests)
[04:17:30] [61/445] KTDI
[04:17:31] [62/445] SNJL
[04:17:33] [63/445] RKMD
[04:17:34] [64/445] SMDC
[04:17:34] [65/445] TADG
[04:17:35] [66/445] MCGS
[04:17:37] [67/445] PETK
[04:17:38] [68/445] CHAG
[04:17:40] [69/445] KSTL
[04:17:41] [70/445] AADS
[04:17:42] 🔄 Identity reset
[04:17:42] 🔄 Identity rotated (every 10 requests)
[04:17:42] [71/445] NTHZ
[04:17:43] [72/445] HCKI
[04:17:44] [73/445] SSEF
[04:17:45] [74/445] MCGX
[04:17:45] [75/445] ERRA
[04:17:46] [76/445] SDTW
[04:17:47] [77/445] RMPK
[04:17:48] [78/445] PTHK
[04:17:49] [79/445] PXCS
[04:17:50] [80/445] SVLU
[04:17:51] 🔄 Identity reset
[04:17:51] 🔄 Identity rotated (every 10 requests)
[04:17:51] [81/445] STAH
[04:17:52] [82/445] JRGF
[04:17:53] [83/445] CDOK
[04:17:54] [84/445] CMSG
[04:17:55] [85/445] APTD
[04:17:56] [86/445] KMPG
[04:17:57] [87/445] MUTJ
[04:17:57] [88/445] VCCI
[04:17:58] [89/445] URBE
[04:17:59] [90/445] TCTS
[04:18:00] 🔄 Identity reset
[04:18:00] 🔄 Identity rotated (every 10 requests)
[04:18:00] [91/445] STSN
[04:18:01] [92/445] AKCH
[04:18:03] [93/445] APSC
[04:18:04] [94/445] VLTB
[04:18:05] [95/445] SANU
[04:18:06] [96/445] AXAM
[04:18:07] [97/445] MGMG
[04:18:08] [98/445] HTBY
[04:18:09] [99/445] MMZS
[04:18:10] [100/445] SUDR
[04:18:10] 🔄 Identity reset
[04:18:10] 🔄 Identity rotated (every 10 requests)
[04:18:11] [101/445] CCAD
[04:18:12] [102/445] SKKC
[04:18:13] [103/445] RMCD
[04:18:14] [104/445] SBCQ
[04:18:15] [105/445] DCCT
[04:18:17] [106/445] VTKP
[04:18:18] [107/445] MLAM
[04:18:20] [108/445] SAVT
[04:18:21] [109/445] GEPL
[04:18:23] [110/445] AMCD
[04:18:23] 🔄 Identity reset
[04:18:23] 🔄 Identity rotated (every 10 requests)
[04:18:24] [111/445] CCXR
[04:18:24] [112/445] GRNG
[04:18:25] [113/445] EBCA
[04:18:26] [114/445] CNVG
[04:18:27] [115/445] MWSS
[04:18:28] [116/445] VBOR
[04:18:29] [117/445] NEEB
[04:18:30] [118/445] SUTH
[04:18:31] [119/445] ANDB
[04:18:32] [120/445] MMXS
[04:18:33] 🔄 Identity reset
[04:18:33] 🔄 Identity rotated (every 10 requests)
[04:18:33] [121/445] CNPD
[04:18:34] [122/445] SDCE
[04:18:35] [123/445] DHCB
[04:18:36] [124/445] ODEN
[04:18:37] [125/445] TNTC
[04:18:38] [126/445] VBKM
[04:18:39] [127/445] RZYM
[04:18:40] [128/445] JEMC
[04:18:41] [129/445] CMAU
[04:18:42] [130/445] SIVP
[04:18:42] 🔄 Identity reset
[04:18:42] 🔄 Identity rotated (every 10 requests)
[04:18:43] [131/445] ATAG
[04:18:44] [132/445] CHTM
[04:18:45] [133/445] AAEE
[04:18:46] [134/445] IWPM
[04:18:47] [135/445] KCMW
[04:18:49] [136/445] MCTD
[04:18:50] [137/445] SPWR
[04:18:51] [138/445] SDPO
[04:18:52] [139/445] PCSK
[04:18:53] [140/445] ACHV
[04:18:53] 🔄 Identity reset
[04:18:53] 🔄 Identity rotated (every 10 requests)
[04:18:54] [141/445] SVLA
[04:18:55] [142/445] PICT
[04:18:55] [143/445] BXDR
[04:18:56] [144/445] SPWA
[04:18:57] [145/445] MCKO
[04:18:59] [146/445] RTHK
[04:19:00] [147/445] CCMF
[04:19:01] [148/445] MRGB
[04:19:03] [149/445] CPLC
[04:19:04] [150/445] RACD
[04:19:05] 🔄 Identity reset
[04:19:05] 🔄 Identity rotated (every 10 requests)
[04:19:05] [151/445] ATKT
[04:19:06] [152/445] SARN
[04:19:07] [153/445] KKUI
[04:19:08] [154/445] RGCM
[04:19:09] [155/445] BRVP
[04:19:10] [156/445] HRSR
[04:19:11] [157/445] GKGM
[04:19:12] [158/445] TTCD
[04:19:13] [159/445] PTTI
[04:19:14] [160/445] MPTT
[04:19:15] 🔄 Identity reset
[04:19:15] 🔄 Identity rotated (every 10 requests)
[04:19:15] [161/445] CVTT
[04:19:17] [162/445] PCXD
[04:19:18] [163/445] GCDC
[04:19:19] [164/445] CCCF
[04:19:20] [165/445] MRAD
[04:19:21] [166/445] CPLK
[04:19:22] [167/445] SATB
[04:19:22] [168/445] SNVG
[04:19:23] [169/445] JMBA
[04:19:25] [170/445] TEJA
[04:19:25] 🔄 Identity reset
[04:19:25] 🔄 Identity rotated (every 10 requests)
[04:19:26] [171/445] STYO
[04:19:27] [172/445] JTBP
[04:19:28] [173/445] KRGD
[04:19:29] [174/445] SLJJ
[04:19:30] [175/445] SPTJ
[04:19:31] [176/445] SWJG
[04:19:31] [177/445] LKRT
[04:19:33] [178/445] KCKA
[04:19:33] [179/445] SNCR
[04:19:34] [180/445] SMKL
[04:19:35] 🔄 Identity reset
[04:19:35] 🔄 Identity rotated (every 10 requests)
[04:19:35] [181/445] GCFA
[04:19:36] [182/445] DDCK
[04:19:37] [183/445] NCHJ
[04:19:38] [184/445] RDMA
[04:19:39] [185/445] SVSV
[04:19:40] [186/445] SCJG
[04:19:41] [187/445] VKLP
[04:19:42] [188/445] NWCC
[04:19:43] [189/445] VKNS
[04:19:44] [190/445] SDDP
[04:19:45] 🔄 Identity reset
[04:19:45] 🔄 Identity rotated (every 10 requests)
[04:19:45] [191/445] ACSI
[04:19:46] [192/445] SATG
[04:19:47] [193/445] SCMW
[04:19:48] [194/445] LKTK
[04:19:49] [195/445] VCKV
[04:19:50] [196/445] KKPE
[04:19:51] [197/445] KIGH
[04:19:52] [198/445] SRPM
[04:19:52] [199/445] SCAH
[04:19:53] [200/445] MUTA
[04:19:54] 🔄 Identity reset
[04:19:54] 🔄 Identity rotated (every 10 requests)
[04:19:54] [201/445] SEPU
[04:19:56] [202/445] INOA
[04:19:57] [203/445] BASK
[04:19:58] [204/445] NECB
[04:19:59] [205/445] GTTG
[04:20:00] [206/445] ASSA
[04:20:01] [207/445] ANCL
[04:20:02] [208/445] GCTI
[04:20:03] [209/445] RCTS
[04:20:04] [210/445] ACNL
[04:20:04] 🔄 Identity reset
[04:20:04] 🔄 Identity rotated (every 10 requests)
[04:20:05] [211/445] MYCT
[04:20:06] [212/445] NMHT
[04:20:07] [213/445] MDIT
[04:20:08] [214/445] LATG
[04:20:09] [215/445] SMTY
[04:20:10] [216/445] CVCT
[04:20:11] [217/445] RAMB
[04:20:12] [218/445] TGMS
[04:20:13] [219/445] BHEL
[04:20:14] [220/445] SHCT
[04:20:14] 🔄 Identity reset
[04:20:15] 🔄 Identity rotated (every 10 requests)
[04:20:15] [221/445] SVCT
[04:20:16] [222/445] MRIY
[04:20:17] [223/445] SARO
[04:20:18] [224/445] STCT
[04:20:18] [225/445] JKKC
[04:20:20] [226/445] PLTT
[04:20:20] [227/445] SRNT
[04:20:21] [228/445] YAST
[04:20:22] [229/445] PERL
[04:20:23] [230/445] CICM
[04:20:24] 🔄 Identity reset
[04:20:24] 🔄 Identity rotated (every 10 requests)
[04:20:24] [231/445] MMTR
[04:20:25] [232/445] ABTK
[04:20:26] [233/445] ATYY
[04:20:27] [234/445] ASTK
[04:20:28] [235/445] VVCK
[04:20:29] [236/445] ATKY
[04:20:30] [237/445] GWEK
[04:20:31] [238/445] SVFH
[04:20:33] [239/445] SLTA
[04:20:34] [240/445] AASH
[04:20:35] 🔄 Identity reset
[04:20:35] 🔄 Identity rotated (every 10 requests)
[04:20:35] [241/445] ACXB
[04:20:36] [242/445] SMTX
[04:20:37] [243/445] AZDH
[04:20:38] [244/445] CMMH
[04:20:40] [245/445] SCSZ
[04:20:41] [246/445] SCKP
[04:20:42] [247/445] NXTM
[04:20:43] [248/445] NWCS
[04:20:44] [249/445] CXMH
[04:20:45] [250/445] PCMA
[04:20:45] 🔄 Identity reset
[04:20:45] 🔄 Identity rotated (every 10 requests)
[04:20:45] [251/445] SGCM
[04:20:46] [252/445] SDTU
[04:20:47] [253/445] MMVI
[04:20:48] [254/445] JKCM
[04:20:49] [255/445] VCMM
[04:20:50] [256/445] SYEE
[04:20:51] [257/445] VASD
[04:20:52] [258/445] BDRB
[04:20:54] [259/445] LASM
[04:20:55] [260/445] DCRL
[04:20:55] 🔄 Identity reset
[04:20:55] 🔄 Identity rotated (every 10 requests)
[04:20:55] [261/445] DVPM
[04:20:57] [262/445] SBMJ
[04:20:58] [263/445] CBMU
[04:20:59] [264/445] IUBS
[04:21:00] [265/445] INAP
[04:21:01] [266/445] SRRC
[04:21:02] [267/445] SAGR
[04:21:03] [268/445] CPMJ
[04:21:04] [269/445] ATJL
[04:21:05] [270/445] NNTD
[04:21:06] 🔄 Identity reset
[04:21:06] 🔄 Identity rotated (every 10 requests)
[04:21:06] [271/445] JHCJ
[04:21:07] [272/445] CMMP
[04:21:08] [273/445] RSDR
[04:21:09] [274/445] AMTI
[04:21:11] [275/445] NYSG
[04:21:12] [276/445] AVSG
[04:21:13] [277/445] SYTP
[04:21:13] [278/445] LARC
[04:21:15] [279/445] RJTP
[04:21:16] [280/445] LAKC
[04:21:17] 🔄 Identity reset
[04:21:17] 🔄 Identity rotated (every 10 requests)
[04:21:17] [281/445] MCXE
[04:21:19] [282/445] CCZC
[04:21:20] [283/445] AVCH
[04:21:21] [284/445] CMBE
[04:21:21] [285/445] MRRC
[04:21:22] [286/445] PCPY
[04:21:24] [287/445] SRMH
[04:21:25] [288/445] SVGS
[04:21:26] [289/445] PCSE
[04:21:27] [290/445] SVFT
[04:21:27] 🔄 Identity reset
[04:21:27] 🔄 Identity rotated (every 10 requests)
[04:21:28] [291/445] TNZP
[04:21:29] [292/445] ICTP
[04:21:30] [293/445] ACTZ
[04:21:31] [294/445] GTUR
[04:21:32] [295/445] MAFC
[04:21:32] [296/445] MINL
[04:21:34] [297/445] MRCL
[04:21:34] [298/445] RCRP
[04:21:35] [299/445] RFFG
[04:21:36] [300/445] RMAS
[04:21:37] 🔄 Identity reset
[04:21:37] 🔄 Identity rotated (every 10 requests)
[04:21:37] [301/445] INVR
[04:21:39] [302/445] RMAR
[04:21:40] [303/445] CNIS
[04:21:41] [304/445] RHRJ
[04:21:42] [305/445] INXR
[04:21:43] [306/445] VALT
[04:21:44] [307/445] LCSH
[04:21:45] [308/445] CMVS
[04:21:46] [309/445] CNMS
[04:21:47] [310/445] ROOG
[04:21:47] 🔄 Identity reset
[04:21:47] 🔄 Identity rotated (every 10 requests)
[04:21:49] [311/445] ISRM
[04:21:51] [312/445] RCRM
[04:21:52] [313/445] ACJA
[04:21:52] [314/445] RCVS
[04:21:53] [315/445] CPUS
[04:21:54] [316/445] TGCS
[04:21:55] [317/445] RKCJ
[04:21:56] [318/445] MKSB
[04:21:57] [319/445] TCSJ
[04:21:58] [320/445] RMGP
[04:21:59] 🔄 Identity reset
[04:21:59] 🔄 Identity rotated (every 10 requests)
[04:21:59] [321/445] CLLP
[04:22:00] [322/445] RCMV
[04:22:01] [323/445] CCKS
[04:22:02] [324/445] RSRP
[04:22:03] [325/445] APLP
[04:22:04] [326/445] CNVS
[04:22:05] [327/445] RMVY
[04:22:06] [328/445] PGBD
[04:22:07] [329/445] KLMS
[04:22:08] [330/445] RUST
[04:22:09] 🔄 Identity reset
[04:22:09] 🔄 Identity rotated (every 10 requests)
[04:22:09] [331/445] MASM
[04:22:10] [332/445] BACS
[04:22:11] [333/445] BWST
[04:22:12] [334/445] RRFH
[04:22:13] [335/445] SJTM
[04:22:14] [336/445] BEMR
[04:22:14] [337/445] MCGR
[04:22:16] [338/445] SDSK
[04:22:17] [339/445] VBOL
[04:22:19] [340/445] RMGM
[04:22:20] 🔄 Identity reset
[04:22:20] 🔄 Identity rotated (every 10 requests)
[04:22:20] [341/445] NOPL
[04:22:21] [342/445] MKJK
[04:22:23] [343/445] CVRN
[04:22:24] [344/445] MMEN
[04:22:24] [345/445] AMNG
[04:22:25] [346/445] INTM
[04:22:26] [347/445] SLCZ
[04:22:28] [348/445] AMJN
[04:22:29] [349/445] ACJN
[04:22:31] [350/445] AMKN
[04:22:31] 🔄 Identity reset
[04:22:31] 🔄 Identity rotated (every 10 requests)
[04:22:32] [351/445] BTCN
[04:22:33] [352/445] AMBT
[04:22:34] [353/445] PACN
[04:22:35] [354/445] LCNS
[04:22:36] [355/445] PPKC
[04:22:37] [356/445] JYYN
[04:22:38] [357/445] JTNR
[04:22:39] [358/445] GTEE
[04:22:40] [359/445] SRNM
[04:22:41] [360/445] SDTC
[04:22:41] 🔄 Identity reset
[04:22:41] 🔄 Identity rotated (every 10 requests)
[04:22:42] [361/445] VPCA
[04:22:43] [362/445] VLRA
[04:22:45] [363/445] SHKR
[04:22:46] [364/445] SBKD
[04:22:47] [365/445] SAAD
[04:22:48] [366/445] JTGN
[04:22:49] [367/445] SLAM
[04:22:50] [368/445] VTPM
[04:22:51] [369/445] ANPT
[04:22:51] [370/445] PUNB
[04:22:52] 🔄 Identity reset
[04:22:52] 🔄 Identity rotated (every 10 requests)
[04:22:52] [371/445] CPKT
[04:22:53] [372/445] CNWE
[04:22:54] [373/445] ECPP
[04:22:55] [374/445] CPAR
[04:22:57] [375/445] ESBW
[04:22:58] [376/445] PKPU
[04:22:59] [377/445] CPRP
[04:22:59] [378/445] RAHU
[04:23:00] [379/445] RHMN
[04:23:01] [380/445] FMJP
[04:23:02] 🔄 Identity reset
[04:23:02] 🔄 Identity rotated (every 10 requests)
[04:23:02] [381/445] CTMP
[04:23:03] [382/445] INPN
[04:23:04] [383/445] STTG
[04:23:05] [384/445] CTRD
[04:23:06] [385/445] PUVB
[04:23:07] [386/445] ESVP
[04:23:09] [387/445] CPFT
[04:23:10] [388/445] LCPC
[04:23:11] [389/445] VBCT
[04:23:11] [390/445] FSCW
[04:23:12] 🔄 Identity reset
[04:23:12] 🔄 Identity rotated (every 10 requests)
[04:23:12] [391/445] VCMP
[04:23:14] [392/445] ASHC
[04:23:15] [393/445] VLCX
[04:23:16] [394/445] SHEV
[04:23:17] [395/445] APCO
[04:23:18] [396/445] SILC
[04:23:19] [397/445] SNMR
[04:23:20] [398/445] KYBO
[04:23:21] [399/445] SATK
[04:23:22] [400/445] SSCS
[04:23:23] 🔄 Identity reset
[04:23:23] 🔄 Identity rotated (every 10 requests)
[04:23:23] [401/445] CLSB
[04:23:25] [402/445] KMJR
[04:23:26] [403/445] FSCK
[04:23:27] [404/445] NNKA
[04:23:28] [405/445] CLMK
[04:23:29] [406/445] DMPZ
[04:23:30] [407/445] INQM
[04:23:31] [408/445] CAML
[04:23:32] [409/445] INRK
[04:23:33] [410/445] IMKN
[04:23:34] 🔄 Identity reset
[04:23:34] 🔄 Identity rotated (every 10 requests)
[04:23:34] [411/445] SVNR
[04:23:35] [412/445] INSL
[04:23:37] [413/445] MSMA
[04:23:38] [414/445] MCKK
[04:23:39] [415/445] FCHP
[04:23:40] [416/445] SFCR
[04:23:41] [417/445] NACK
[04:23:42] [418/445] PVAK
[04:23:44] [419/445] INER
[04:23:45] [420/445] RDBK
[04:23:45] 🔄 Identity reset
[04:23:45] 🔄 Identity rotated (every 10 requests)
[04:23:46] [421/445] SVFN
[04:23:47] [422/445] IFRM
[04:23:48] [423/445] ATCK
[04:23:49] [424/445] ASKO
[04:23:50] [425/445] STKT
[04:23:51] [426/445] SVFB
[04:23:52] [427/445] INKS
[04:23:53] [428/445] PCRA
[04:23:54] [429/445] ATJA
[04:23:55] [430/445] IMJN
[04:23:56] 🔄 Identity reset
[04:23:56] 🔄 Identity rotated (every 10 requests)
[04:23:56] [431/445] INHD
[04:23:58] [432/445] BARA
[04:23:59] [433/445] MCSL
[04:24:00] [434/445] RTOY
[04:24:02] [435/445] MENO
[04:24:03] [436/445] PUDM
[04:24:04] [437/445] PRCN
[04:24:05] [438/445] JMJR
[04:24:06] [439/445] SSGK
[04:24:07] [440/445] SSRL
[04:24:08] 🔄 Identity reset
[04:24:08] 🔄 Identity rotated (every 10 requests)
[04:24:08] [441/445] JYKL
[04:24:10] [442/445] ACNB
[04:24:11] [443/445] SONP
[04:24:12] [444/445] EMCI
[04:24:13] [445/445] MRJH
[04:24:14] ✅ DONE | Shows=4 | Movies=3
[05:16:21] 🚀 BMS DAILY TRACKER STARTED (enhanced anti‑detection)
[05:16:21] [1/445] TGMR
[05:16:21] 🧠 New identity created
[05:16:22] [2/445] CXKR
[05:16:22] [3/445] SROP
[05:16:23] [4/445] GTSV
[05:16:25] [5/445] SNTY
[05:16:26] [6/445] SMYY
[05:16:27] [7/445] CNCS
[05:16:28] [8/445] CSTM
[05:16:29] [9/445] NUCD
[05:16:29] [10/445] SHCZ
[05:16:30] 🔄 Identity reset
[05:16:30] 🔄 Identity rotated (every 10 requests)
[05:16:30] [11/445] NJCT
[05:16:31] [12/445] COPC
[05:16:32] [13/445] STVV
[05:16:33] [14/445] SKRN
[05:16:34] [15/445] APPZ
[05:16:35] [16/445] YMGN
[05:16:35] [17/445] SVTU
[05:16:36] [18/445] GTAD
[05:16:37] [19/445] PSUS
[05:16:39] [20/445] SMCD
[05:16:39] 🔄 Identity reset
[05:16:39] 🔄 Identity rotated (every 10 requests)
[05:16:40] [21/445] CMCM
[05:16:41] [22/445] SYCT
[05:16:42] [23/445] STLY
[05:16:43] [24/445] CMHU
[05:16:43] [25/445] CMSA
[05:16:44] [26/445] CLCU
[05:16:45] [27/445] PPNT
[05:16:46] [28/445] JTAB
[05:16:47] [29/445] BUUC
[05:16:48] [30/445] BSVK
[05:16:48] 🔄 Identity reset
[05:16:48] 🔄 Identity rotated (every 10 requests)
[05:16:49] [31/445] VVVQ
[05:16:50] [32/445] TKMU
[05:16:51] [33/445] ESYL
[05:16:52] [34/445] ACHP
[05:16:53] [35/445] BTKD
[05:16:54] [36/445] DESA
[05:16:54] [37/445] GBCT
[05:16:55] [38/445] BLLD
[05:16:56] [39/445] SKNT
[05:16:58] [40/445] SSTE
[05:16:58] 🔄 Identity reset
[05:16:58] 🔄 Identity rotated (every 10 requests)
[05:16:59] [41/445] VJMR
[05:16:59] [42/445] NTPU
[05:17:00] [43/445] RDKN
[05:17:01] [44/445] ADGC
[05:17:02] [45/445] VRBP
[05:17:03] [46/445] NMNA
[05:17:04] [47/445] CMMX
[05:17:05] [48/445] PTKO
[05:17:06] [49/445] RBML
[05:17:06] [50/445] SAIC
[05:17:07] 🔄 Identity reset
[05:17:07] 🔄 Identity rotated (every 10 requests)
[05:17:07] [51/445] SVTJ
[05:17:08] [52/445] MRTE
[05:17:09] [53/445] RBTP
[05:17:10] [54/445] NLPS
[05:17:11] [55/445] GTNA
[05:17:12] [56/445] DGGC
[05:17:12] [57/445] SMCR
[05:17:13] [58/445] SCGD
[05:17:14] [59/445] SRRJ
[05:17:15] [60/445] CNRY
[05:17:16] 🔄 Identity reset
[05:17:16] 🔄 Identity rotated (every 10 requests)
[05:17:17] [61/445] KTDI
[05:17:17] [62/445] SNJL
[05:17:18] [63/445] RKMD
[05:17:19] [64/445] SMDC
[05:17:20] [65/445] TADG
[05:17:21] [66/445] MCGS
[05:17:22] [67/445] PETK
[05:17:23] [68/445] CHAG
[05:17:24] [69/445] KSTL
[05:17:24] [70/445] AADS
[05:17:25] 🔄 Identity reset
[05:17:25] 🔄 Identity rotated (every 10 requests)
[05:17:25] [71/445] NTHZ
[05:17:26] [72/445] HCKI
[05:17:27] [73/445] SSEF
[05:17:28] [74/445] MCGX
[05:17:29] [75/445] ERRA
[05:17:30] [76/445] SDTW
[05:17:31] [77/445] RMPK
[05:17:32] [78/445] PTHK
[05:17:33] [79/445] PXCS
[05:17:34] [80/445] SVLU
[05:17:35] 🔄 Identity reset
[05:17:35] 🔄 Identity rotated (every 10 requests)
[05:17:35] [81/445] STAH
[05:17:37] [82/445] JRGF
[05:17:37] [83/445] CDOK
[05:17:38] [84/445] CMSG
[05:17:39] [85/445] APTD
[05:17:40] [86/445] KMPG
[05:17:41] [87/445] MUTJ
[05:17:42] [88/445] VCCI
[05:17:43] [89/445] URBE
[05:17:44] [90/445] TCTS
[05:17:44] 🔄 Identity reset
[05:17:44] 🔄 Identity rotated (every 10 requests)
[05:17:45] [91/445] STSN
[05:17:45] [92/445] AKCH
[05:17:46] [93/445] APSC
[05:17:47] [94/445] VLTB
[05:17:48] [95/445] SANU
[05:17:49] [96/445] AXAM
[05:17:50] [97/445] MGMG
[05:17:51] [98/445] HTBY
[05:17:52] [99/445] MMZS
[05:17:53] [100/445] SUDR
[05:17:53] 🔄 Identity reset
[05:17:53] 🔄 Identity rotated (every 10 requests)
[05:17:53] [101/445] CCAD
[05:17:54] [102/445] SKKC
[05:17:55] [103/445] RMCD
[05:17:56] [104/445] SBCQ
[05:17:57] [105/445] DCCT
[05:17:58] [106/445] VTKP
[05:17:59] [107/445] MLAM
[05:18:00] [108/445] SAVT
[05:18:01] [109/445] GEPL
[05:18:02] [110/445] AMCD
[05:18:02] 🔄 Identity reset
[05:18:02] 🔄 Identity rotated (every 10 requests)
[05:18:03] [111/445] CCXR
[05:18:04] [112/445] GRNG
[05:18:04] [113/445] EBCA
[05:18:05] [114/445] CNVG
[05:18:06] [115/445] MWSS
[05:18:07] [116/445] VBOR
[05:18:08] [117/445] NEEB
[05:18:09] [118/445] SUTH
[05:18:10] [119/445] ANDB
[05:18:11] [120/445] MMXS
[05:18:11] 🔄 Identity reset
[05:18:11] 🔄 Identity rotated (every 10 requests)
[05:18:12] [121/445] CNPD
[05:18:13] [122/445] SDCE
[05:18:13] [123/445] DHCB
[05:18:14] [124/445] ODEN
[05:18:15] [125/445] TNTC
[05:18:16] [126/445] VBKM
[05:18:17] [127/445] RZYM
[05:18:18] [128/445] JEMC
[05:18:19] [129/445] CMAU
[05:18:20] [130/445] SIVP
[05:18:20] 🔄 Identity reset
[05:18:20] 🔄 Identity rotated (every 10 requests)
[05:18:21] [131/445] ATAG
[05:18:21] [132/445] CHTM
[05:18:22] [133/445] AAEE
[05:18:23] [134/445] IWPM
[05:18:24] [135/445] KCMW
[05:18:25] [136/445] MCTD
[05:18:26] [137/445] SPWR
[05:18:27] [138/445] SDPO
[05:18:28] [139/445] PCSK
[05:18:29] [140/445] ACHV
[05:18:30] 🔄 Identity reset
[05:18:30] 🔄 Identity rotated (every 10 requests)
[05:18:30] [141/445] SVLA
[05:18:31] [142/445] PICT
[05:18:33] [143/445] BXDR
[05:18:35] [144/445] SPWA
[05:18:36] [145/445] MCKO
[05:18:37] [146/445] RTHK
[05:18:37] [147/445] CCMF
[05:18:38] [148/445] MRGB
[05:18:40] [149/445] CPLC
[05:18:41] [150/445] RACD
[05:18:41] 🔄 Identity reset
[05:18:41] 🔄 Identity rotated (every 10 requests)
[05:18:41] [151/445] ATKT
[05:18:43] [152/445] SARN
[05:18:44] [153/445] KKUI
[05:18:45] [154/445] RGCM
[05:18:46] [155/445] BRVP
[05:18:46] [156/445] HRSR
[05:18:47] [157/445] GKGM
[05:18:48] [158/445] TTCD
[05:18:49] [159/445] PTTI
[05:18:51] [160/445] MPTT
[05:18:51] 🔄 Identity reset
[05:18:51] 🔄 Identity rotated (every 10 requests)
[05:18:52] [161/445] CVTT
[05:18:53] [162/445] PCXD
[05:18:54] [163/445] GCDC
[05:18:55] [164/445] CCCF
[05:18:56] [165/445] MRAD
[05:18:57] [166/445] CPLK
[05:18:58] [167/445] SATB
[05:18:58] [168/445] SNVG
[05:18:59] [169/445] JMBA
[05:19:00] [170/445] TEJA
[05:19:01] 🔄 Identity reset
[05:19:01] 🔄 Identity rotated (every 10 requests)
[05:19:01] [171/445] STYO
[05:19:02] [172/445] JTBP
[05:19:03] [173/445] KRGD
[05:19:03] [174/445] SLJJ
[05:19:04] [175/445] SPTJ
[05:19:06] [176/445] SWJG
[05:19:07] [177/445] LKRT
[05:19:08] [178/445] KCKA
[05:19:10] [179/445] SNCR
[05:19:10] [180/445] SMKL
[05:19:11] 🔄 Identity reset
[05:19:11] 🔄 Identity rotated (every 10 requests)
[05:19:11] [181/445] GCFA
[05:19:12] [182/445] DDCK
[05:19:13] [183/445] NCHJ
[05:19:14] [184/445] RDMA
[05:19:15] [185/445] SVSV
[05:19:16] [186/445] SCJG
[05:19:17] [187/445] VKLP
[05:19:17] [188/445] NWCC
[05:19:18] [189/445] VKNS
[05:19:19] [190/445] SDDP
[05:19:20] 🔄 Identity reset
[05:19:20] 🔄 Identity rotated (every 10 requests)
[05:19:20] [191/445] ACSI
[05:19:22] [192/445] SATG
[05:19:23] [193/445] SCMW
[05:19:24] [194/445] LKTK
[05:19:25] [195/445] VCKV
[05:19:26] [196/445] KKPE
[05:19:26] [197/445] KIGH
[05:19:27] [198/445] SRPM
[05:19:28] [199/445] SCAH
[05:19:29] [200/445] MUTA
[05:19:29] 🔄 Identity reset
[05:19:29] 🔄 Identity rotated (every 10 requests)
[05:19:30] [201/445] SEPU
[05:19:31] [202/445] INOA
[05:19:32] [203/445] BASK
[05:19:32] [204/445] NECB
[05:19:33] [205/445] GTTG
[05:19:34] [206/445] ASSA
[05:19:35] [207/445] ANCL
[05:19:36] [208/445] GCTI
[05:19:37] [209/445] RCTS
[05:19:37] [210/445] ACNL
[05:19:38] 🔄 Identity reset
[05:19:38] 🔄 Identity rotated (every 10 requests)
[05:19:38] [211/445] MYCT
[05:19:39] [212/445] NMHT
[05:19:40] [213/445] MDIT
[05:19:41] [214/445] LATG
[05:19:42] [215/445] SMTY
[05:19:43] [216/445] CVCT
[05:19:44] [217/445] RAMB
[05:19:45] [218/445] TGMS
[05:19:46] [219/445] BHEL
[05:19:47] [220/445] SHCT
[05:19:47] 🔄 Identity reset
[05:19:47] 🔄 Identity rotated (every 10 requests)
[05:19:47] 🔄 Retry 1/5 for SHCT in 2.4s
[05:19:47] 🔄 Identity reset
[05:19:50] 🧠 New identity created
[05:19:50] [221/445] SVCT
[05:19:51] [222/445] MRIY
[05:19:52] [223/445] SARO
[05:19:53] [224/445] STCT
[05:19:53] [225/445] JKKC
[05:19:55] [226/445] PLTT
[05:19:56] [227/445] SRNT
[05:19:57] [228/445] YAST
[05:19:58] [229/445] PERL
[05:19:59] 🔄 Identity reset
[05:19:59] 🔄 Identity rotated (every 10 requests)
[05:19:59] [230/445] CICM
[05:20:01] [231/445] MMTR
[05:20:02] [232/445] ABTK
[05:20:03] [233/445] ATYY
[05:20:04] [234/445] ASTK
[05:20:05] [235/445] VVCK
[05:20:06] [236/445] ATKY
[05:20:06] [237/445] GWEK
[05:20:07] [238/445] SVFH
[05:20:09] [239/445] SLTA
[05:20:09] 🔄 Identity reset
[05:20:09] 🔄 Identity rotated (every 10 requests)
[05:20:10] [240/445] AASH
[05:20:11] [241/445] ACXB
[05:20:12] [242/445] SMTX
[05:20:13] [243/445] AZDH
[05:20:14] [244/445] CMMH
[05:20:15] [245/445] SCSZ
[05:20:15] [246/445] SCKP
[05:20:16] [247/445] NXTM
[05:20:17] [248/445] NWCS
[05:20:18] [249/445] CXMH
[05:20:19] 🔄 Identity reset
[05:20:19] 🔄 Identity rotated (every 10 requests)
[05:20:19] [250/445] PCMA
[05:20:20] [251/445] SGCM
[05:20:21] [252/445] SDTU
[05:20:23] [253/445] MMVI
[05:20:24] [254/445] JKCM
[05:20:25] [255/445] VCMM
[05:20:25] [256/445] SYEE
[05:20:26] [257/445] VASD
[05:20:27] [258/445] BDRB
[05:20:28] [259/445] LASM
[05:20:28] 🔄 Identity reset
[05:20:29] 🔄 Identity rotated (every 10 requests)
[05:20:29] [260/445] DCRL
[05:20:30] [261/445] DVPM
[05:20:31] [262/445] SBMJ
[05:20:32] [263/445] CBMU
[05:20:33] [264/445] IUBS
[05:20:34] [265/445] INAP
[05:20:35] [266/445] SRRC
[05:20:36] [267/445] SAGR
[05:20:37] [268/445] CPMJ
[05:20:38] [269/445] ATJL
[05:20:38] 🔄 Identity reset
[05:20:38] 🔄 Identity rotated (every 10 requests)
[05:20:38] [270/445] NNTD
[05:20:39] [271/445] JHCJ
[05:20:40] [272/445] CMMP
[05:20:41] [273/445] RSDR
[05:20:41] [274/445] AMTI
[05:20:43] [275/445] NYSG
[05:20:44] [276/445] AVSG
[05:20:45] [277/445] SYTP
[05:20:46] [278/445] LARC
[05:20:47] [279/445] RJTP
[05:20:47] 🔄 Identity reset
[05:20:47] 🔄 Identity rotated (every 10 requests)
[05:20:48] [280/445] LAKC
[05:20:49] [281/445] MCXE
[05:20:49] [282/445] CCZC
[05:20:50] [283/445] AVCH
[05:20:51] [284/445] CMBE
[05:20:52] [285/445] MRRC
[05:20:53] [286/445] PCPY
[05:20:54] [287/445] SRMH
[05:20:56] [288/445] SVGS
[05:20:57] [289/445] PCSE
[05:20:57] 🔄 Identity reset
[05:20:57] 🔄 Identity rotated (every 10 requests)
[05:20:58] [290/445] SVFT
[05:20:59] [291/445] TNZP
[05:21:00] [292/445] ICTP
[05:21:01] [293/445] ACTZ
[05:21:02] [294/445] GTUR
[05:21:03] [295/445] MAFC
[05:21:03] [296/445] MINL
[05:21:04] [297/445] MRCL
[05:21:05] [298/445] RCRP
[05:21:06] [299/445] RFFG
[05:21:07] 🔄 Identity reset
[05:21:07] 🔄 Identity rotated (every 10 requests)
[05:21:07] [300/445] RMAS
[05:21:09] [301/445] INVR
[05:21:10] [302/445] RMAR
[05:21:11] [303/445] CNIS
[05:21:12] [304/445] RHRJ
[05:21:13] [305/445] INXR
[05:21:14] [306/445] VALT
[05:21:16] [307/445] LCSH
[05:21:17] [308/445] CMVS
[05:21:18] [309/445] CNMS
[05:21:18] 🔄 Identity reset
[05:21:18] 🔄 Identity rotated (every 10 requests)
[05:21:18] [310/445] ROOG
[05:21:19] [311/445] ISRM
[05:21:20] [312/445] RCRM
[05:21:21] [313/445] ACJA
[05:21:23] [314/445] RCVS
[05:21:23] [315/445] CPUS
[05:21:25] [316/445] TGCS
[05:21:26] [317/445] RKCJ
[05:21:27] [318/445] MKSB
[05:21:28] [319/445] TCSJ
[05:21:29] 🔄 Identity reset
[05:21:29] 🔄 Identity rotated (every 10 requests)
[05:21:29] [320/445] RMGP
[05:21:30] [321/445] CLLP
[05:21:31] [322/445] RCMV
[05:21:32] [323/445] CCKS
[05:21:33] [324/445] RSRP
[05:21:34] [325/445] APLP
[05:21:35] [326/445] CNVS
[05:21:36] [327/445] RMVY
[05:21:37] [328/445] PGBD
[05:21:38] [329/445] KLMS
[05:21:39] 🔄 Identity reset
[05:21:39] 🔄 Identity rotated (every 10 requests)
[05:21:39] [330/445] RUST
[05:21:40] [331/445] MASM
[05:21:41] [332/445] BACS
[05:21:42] [333/445] BWST
[05:21:43] [334/445] RRFH
[05:21:44] [335/445] SJTM
[05:21:46] [336/445] BEMR
[05:21:46] [337/445] MCGR
[05:21:47] [338/445] SDSK
[05:21:48] [339/445] VBOL
[05:21:49] 🔄 Identity reset
[05:21:49] 🔄 Identity rotated (every 10 requests)
[05:21:49] [340/445] RMGM
[05:21:51] [341/445] NOPL
[05:21:52] [342/445] MKJK
[05:21:53] [343/445] CVRN
[05:21:54] [344/445] MMEN
[05:21:55] [345/445] AMNG
[05:21:56] [346/445] INTM
[05:21:57] [347/445] SLCZ
[05:21:58] [348/445] AMJN
[05:21:59] [349/445] ACJN
[05:21:59] 🔄 Identity reset
[05:21:59] 🔄 Identity rotated (every 10 requests)
[05:22:00] [350/445] AMKN
[05:22:00] [351/445] BTCN
[05:22:01] [352/445] AMBT
[05:22:02] [353/445] PACN
[05:22:03] [354/445] LCNS
[05:22:04] [355/445] PPKC
[05:22:05] [356/445] JYYN
[05:22:06] [357/445] JTNR
[05:22:07] [358/445] GTEE
[05:22:08] [359/445] SRNM
[05:22:08] 🔄 Identity reset
[05:22:08] 🔄 Identity rotated (every 10 requests)
[05:22:08] [360/445] SDTC
[05:22:09] [361/445] VPCA
[05:22:10] [362/445] VLRA
[05:22:11] [363/445] SHKR
[05:22:12] [364/445] SBKD
[05:22:13] [365/445] SAAD
[05:22:14] [366/445] JTGN
[05:22:14] [367/445] SLAM
[05:22:15] [368/445] VTPM
[05:22:16] [369/445] ANPT
[05:22:17] 🔄 Identity reset
[05:22:17] 🔄 Identity rotated (every 10 requests)
[05:22:17] [370/445] PUNB
[05:22:18] [371/445] CPKT
[05:22:19] [372/445] CNWE
[05:22:20] [373/445] ECPP
[05:22:22] [374/445] CPAR
[05:22:23] [375/445] ESBW
[05:22:24] [376/445] PKPU
[05:22:24] [377/445] CPRP
[05:22:25] [378/445] RAHU
[05:22:26] [379/445] RHMN
[05:22:27] 🔄 Identity reset
[05:22:27] 🔄 Identity rotated (every 10 requests)
[05:22:27] [380/445] FMJP
[05:22:28] [381/445] CTMP
[05:22:30] [382/445] INPN
[05:22:30] [383/445] STTG
[05:22:32] [384/445] CTRD
[05:22:33] [385/445] PUVB
[05:22:34] [386/445] ESVP
[05:22:34] [387/445] CPFT
[05:22:35] [388/445] LCPC
[05:22:36] [389/445] VBCT
[05:22:37] 🔄 Identity reset
[05:22:37] 🔄 Identity rotated (every 10 requests)
[05:22:37] [390/445] FSCW
[05:22:38] [391/445] VCMP
[05:22:39] [392/445] ASHC
[05:22:40] [393/445] VLCX
[05:22:40] [394/445] SHEV
[05:22:41] [395/445] APCO
[05:22:42] [396/445] SILC
[05:22:43] [397/445] SNMR
[05:22:44] [398/445] KYBO
[05:22:44] [399/445] SATK
[05:22:45] 🔄 Identity reset
[05:22:45] 🔄 Identity rotated (every 10 requests)
[05:22:45] [400/445] SSCS
[05:22:46] [401/445] CLSB
[05:22:47] [402/445] KMJR
[05:22:48] [403/445] FSCK
[05:22:48] [404/445] NNKA
[05:22:49] [405/445] CLMK
[05:22:50] [406/445] DMPZ
[05:22:51] [407/445] INQM
[05:22:52] [408/445] CAML
[05:22:53] [409/445] INRK
[05:22:53] 🔄 Identity reset
[05:22:53] 🔄 Identity rotated (every 10 requests)
[05:22:54] [410/445] IMKN
[05:22:55] [411/445] SVNR
[05:22:55] [412/445] INSL
[05:22:56] [413/445] MSMA
[05:22:57] [414/445] MCKK
[05:22:58] [415/445] FCHP
[05:22:59] [416/445] SFCR
[05:23:00] [417/445] NACK
[05:23:01] [418/445] PVAK
[05:23:02] [419/445] INER
[05:23:03] 🔄 Identity reset
[05:23:03] 🔄 Identity rotated (every 10 requests)
[05:23:03] [420/445] RDBK
[05:23:04] [421/445] SVFN
[05:23:04] [422/445] IFRM
[05:23:05] [423/445] ATCK
[05:23:06] [424/445] ASKO
[05:23:07] [425/445] STKT
[05:23:08] [426/445] SVFB
[05:23:09] [427/445] INKS
[05:23:10] [428/445] PCRA
[05:23:11] [429/445] ATJA
[05:23:12] 🔄 Identity reset
[05:23:12] 🔄 Identity rotated (every 10 requests)
[05:23:12] [430/445] IMJN
[05:23:13] [431/445] INHD
[05:23:14] [432/445] BARA
[05:23:15] [433/445] MCSL
[05:23:16] [434/445] RTOY
[05:23:16] [435/445] MENO
[05:23:17] [436/445] PUDM
[05:23:19] [437/445] PRCN
[05:23:20] [438/445] JMJR
[05:23:20] [439/445] SSGK
[05:23:21] 🔄 Identity reset
[05:23:21] 🔄 Identity rotated (every 10 requests)
[05:23:21] [440/445] SSRL
[05:23:22] [441/445] JYKL
[05:23:23] [442/445] ACNB
[05:23:24] [443/445] SONP
[05:23:25] [444/445] EMCI
[05:23:26] [445/445] MRJH
[05:23:28] ✅ DONE | Shows=22 | Movies=9
