[00:16:36] 🚀 BMS DAILY TRACKER STARTED (enhanced anti‑detection)
[00:16:36] [1/459] NECA
[00:16:37] 🧠 New identity created
[00:16:38] [2/459] BJLC
[00:16:39] [3/459] BASU
[00:16:39] [4/459] RUPI
[00:16:40] [5/459] LCBK
[00:16:42] [6/459] PMAC
[00:16:42] [7/459] AMLC
[00:16:43] [8/459] LICL
[00:16:44] [9/459] UDMM
[00:16:45] [10/459] STBZ
[00:16:46] 🔄 Identity reset
[00:16:46] 🔄 Identity rotated (every 10 requests)
[00:16:46] [11/459] UUBT
[00:16:47] [12/459] SJKC
[00:16:47] [13/459] TUAL
[00:16:49] [14/459] MRSE
[00:16:50] [15/459] RMRK
[00:16:50] [16/459] TTKP
[00:16:51] [17/459] KTKO
[00:16:53] [18/459] SDBK
[00:16:54] [19/459] MCPR
[00:16:54] [20/459] CHTI
[00:16:55] 🔄 Identity reset
[00:16:55] 🔄 Identity rotated (every 10 requests)
[00:16:55] [21/459] GCCP
[00:16:56] [22/459] SRMY
[00:16:57] [23/459] NYST
[00:16:58] [24/459] NYAG
[00:16:58] [25/459] SBMT
[00:16:59] [26/459] INGA
[00:17:00] [27/459] WSIC
[00:17:01] [28/459] SCSS
[00:17:02] [29/459] COPG
[00:17:02] [30/459] RCGR
[00:17:03] 🔄 Identity reset
[00:17:03] 🔄 Identity rotated (every 10 requests)
[00:17:03] [31/459] TCZA
[00:17:04] [32/459] CNLP
[00:17:05] [33/459] CLKN
[00:17:05] [34/459] LHDF
[00:17:06] [35/459] ELKC
[00:17:08] [36/459] VCEM
[00:17:08] [37/459] SSZA
[00:17:09] [38/459] KRMT
[00:17:10] [39/459] LCMV
[00:17:11] [40/459] AYCZ
[00:17:11] 🔄 Identity reset
[00:17:11] 🔄 Identity rotated (every 10 requests)
[00:17:12] [41/459] CUMS
[00:17:12] [42/459] BOCK
[00:17:13] [43/459] PNMR
[00:17:14] [44/459] PJCP
[00:17:15] [45/459] JDDD
[00:17:16] [46/459] STMS
[00:17:17] [47/459] FLMB
[00:17:18] [48/459] PKCM
[00:17:19] [49/459] SPPR
[00:17:20] [50/459] EYLH
[00:17:21] 🔄 Identity reset
[00:17:21] 🔄 Identity rotated (every 10 requests)
[00:17:21] [51/459] RJCC
[00:17:22] [52/459] MMPS
[00:17:23] [53/459] SHMX
[00:17:24] [54/459] CCNL
[00:17:25] [55/459] RCNV
[00:17:26] [56/459] MAAG
[00:17:27] [57/459] LXCM
[00:17:28] [58/459] RCNI
[00:17:29] [59/459] SNNI
[00:17:30] [60/459] LALC
[00:17:30] 🔄 Identity reset
[00:17:30] 🔄 Identity rotated (every 10 requests)
[00:17:30] [61/459] SOCN
[00:17:31] [62/459] JHTP
[00:17:32] [63/459] PITP
[00:17:33] [64/459] CCKW
[00:17:34] [65/459] MCMC
[00:17:35] [66/459] DEES
[00:17:36] [67/459] SABT
[00:17:37] [68/459] VSPP
[00:17:38] [69/459] ABCT
[00:17:38] [70/459] JVTB
[00:17:39] 🔄 Identity reset
[00:17:39] 🔄 Identity rotated (every 10 requests)
[00:17:39] [71/459] VCBD
[00:17:40] [72/459] RMGG
[00:17:41] [73/459] RNMH
[00:17:42] [74/459] SPGL
[00:17:43] [75/459] JTTR
[00:17:44] [76/459] SICS
[00:17:45] [77/459] SRMI
[00:17:46] [78/459] SSIJ
[00:17:47] [79/459] KFMT
[00:17:48] [80/459] VBIT
[00:17:49] 🔄 Identity reset
[00:17:49] 🔄 Identity rotated (every 10 requests)
[00:17:49] [81/459] JKCT
[00:17:50] [82/459] GCGP
[00:17:51] [83/459] GDCS
[00:17:52] [84/459] TRBA
[00:17:53] [85/459] QUST
[00:17:54] [86/459] VSHM
[00:17:55] [87/459] SDCP
[00:17:56] [88/459] SNVS
[00:17:56] [89/459] NYTO
[00:17:58] [90/459] URWC
[00:17:59] 🔄 Identity reset
[00:17:59] 🔄 Identity rotated (every 10 requests)
[00:17:59] [91/459] GTWH
[00:18:00] [92/459] PFCM
[00:18:01] [93/459] KRTA
[00:18:02] [94/459] AXMC
[00:18:02] [95/459] EVMC
[00:18:03] [96/459] HGSM
[00:18:04] [97/459] ACVM
[00:18:04] [98/459] PSKL
[00:18:05] [99/459] RDMP
[00:18:06] [100/459] RHGH
[00:18:06] 🔄 Identity reset
[00:18:06] 🔄 Identity rotated (every 10 requests)
[00:18:06] [101/459] OMCM
[00:18:07] [102/459] DCCP
[00:18:08] [103/459] MCPB
[00:18:09] [104/459] ALCI
[00:18:09] [105/459] BLMX
[00:18:10] [106/459] BTMV
[00:18:11] [107/459] FVPN
[00:18:12] [108/459] CMAR
[00:18:12] [109/459] CEIM
[00:18:14] [110/459] CMVA
[00:18:14] 🔄 Identity reset
[00:18:14] 🔄 Identity rotated (every 10 requests)
[00:18:15] [111/459] CPIV
[00:18:16] [112/459] CNPE
[00:18:16] [113/459] COLV
[00:18:17] [114/459] DNNV
[00:18:18] [115/459] HCAD
[00:18:18] [116/459] TAKA
[00:18:19] [117/459] INVD
[00:18:20] [118/459] IRMM
[00:18:21] [119/459] INSE
[00:18:22] [120/459] MRSW
[00:18:22] 🔄 Identity reset
[00:18:22] 🔄 Identity rotated (every 10 requests)
[00:18:23] [121/459] MCVD
[00:18:23] [122/459] MCSO
[00:18:24] [123/459] PEVM
[00:18:24] [124/459] PVNL
[00:18:25] [125/459] PTCV
[00:18:26] [126/459] PRTC
[00:18:27] [127/459] RCVA
[00:18:27] [128/459] MTBN
[00:18:28] [129/459] LUCP
[00:18:29] [130/459] FMPT
[00:18:29] 🔄 Identity reset
[00:18:29] 🔄 Identity rotated (every 10 requests)
[00:18:30] [131/459] JLSL
[00:18:31] [132/459] SBHA
[00:18:31] [133/459] SHRC
[00:18:32] [134/459] AVPS
[00:18:33] [135/459] STPM
[00:18:34] [136/459] ATRD
[00:18:34] [137/459] VTED
[00:18:35] [138/459] ACAI
[00:18:36] [139/459] SMAE
[00:18:37] [140/459] VMAT
[00:18:37] 🔄 Identity reset
[00:18:38] 🔄 Identity rotated (every 10 requests)
[00:18:38] [141/459] LKCT
[00:18:38] [142/459] JTVK
[00:18:39] [143/459] PRTY
[00:18:40] [144/459] GETT
[00:18:40] [145/459] ESAP
[00:18:41] [146/459] NCPM
[00:18:42] [147/459] PCPA
[00:18:43] [148/459] MMOM
[00:18:43] [149/459] PHUP
[00:18:44] [150/459] CCPI
[00:18:44] 🔄 Identity reset
[00:18:44] 🔄 Identity rotated (every 10 requests)
[00:18:45] [151/459] CNTD
[00:18:46] [152/459] NLJR
[00:18:46] [153/459] SRNG
[00:18:47] [154/459] MHAL
[00:18:48] [155/459] PNSM
[00:18:49] [156/459] DRMY
[00:18:49] [157/459] CCMU
[00:18:50] [158/459] SCMY
[00:18:51] [159/459] PVSY
[00:18:52] [160/459] SDLM
[00:18:53] 🔄 Identity reset
[00:18:53] 🔄 Identity rotated (every 10 requests)
[00:18:54] [161/459] ICCM
[00:18:55] [162/459] PYSU
[00:18:55] [163/459] GATM
[00:18:56] [164/459] WOTM
[00:18:57] [165/459] RKTS
[00:18:57] [166/459] PMTY
[00:18:58] [167/459] LYMS
[00:18:59] [168/459] TGCA
[00:19:00] [169/459] DSTA
[00:19:01] [170/459] CNGE
[00:19:01] 🔄 Identity reset
[00:19:01] 🔄 Identity rotated (every 10 requests)
[00:19:02] [171/459] VSTG
[00:19:02] [172/459] GTCK
[00:19:03] [173/459] TGNT
[00:19:04] [174/459] ASLC
[00:19:04] [175/459] SSST
[00:19:05] [176/459] KBTT
[00:19:06] [177/459] HKCP
[00:19:06] [178/459] SWLC
[00:19:07] [179/459] RTND
[00:19:08] [180/459] PKKT
[00:19:08] 🔄 Identity reset
[00:19:08] 🔄 Identity rotated (every 10 requests)
[00:19:08] [181/459] HSTK
[00:19:09] [182/459] SPTT
[00:19:10] [183/459] IMPM
[00:19:11] [184/459] SCMV
[00:19:12] [185/459] SPCT
[00:19:13] [186/459] JBCA
[00:19:14] [187/459] ATTR
[00:19:15] [188/459] SPMT
[00:19:16] [189/459] LCTM
[00:19:17] [190/459] SCVL
[00:19:18] 🔄 Identity reset
[00:19:18] 🔄 Identity rotated (every 10 requests)
[00:19:18] [191/459] SCVT
[00:19:19] [192/459] KRIC
[00:19:20] [193/459] CTMG
[00:19:20] [194/459] ACNC
[00:19:22] [195/459] DMCK
[00:19:23] [196/459] KMTV
[00:19:24] [197/459] PFCJ
[00:19:24] [198/459] VNMD
[00:19:25] [199/459] VPCZ
[00:19:26] [200/459] SRYR
[00:19:26] 🔄 Identity reset
[00:19:26] 🔄 Identity rotated (every 10 requests)
[00:19:27] [201/459] SYTR
[00:19:27] [202/459] GATR
[00:19:28] [203/459] URTR
[00:19:29] [204/459] MKSM
[00:19:30] [205/459] VSMH
[00:19:31] [206/459] SKRJ
[00:19:32] [207/459] SSJR
[00:19:32] [208/459] SVSM
[00:19:33] [209/459] RUCM
[00:19:34] [210/459] PRKN
[00:19:34] 🔄 Identity reset
[00:19:34] 🔄 Identity rotated (every 10 requests)
[00:19:35] [211/459] RROH
[00:19:36] [212/459] SCTN
[00:19:37] [213/459] RTDM
[00:19:37] [214/459] ASRM
[00:19:38] [215/459] SKMD
[00:19:39] [216/459] SUTD
[00:19:40] [217/459] SADM
[00:19:41] [218/459] WCNR
[00:19:41] [219/459] CNED
[00:19:42] [220/459] MPDB
[00:19:43] 🔄 Identity reset
[00:19:43] 🔄 Identity rotated (every 10 requests)
[00:19:43] [221/459] KTBH
[00:19:44] [222/459] IDRM
[00:19:45] [223/459] PJJT
[00:19:45] [224/459] PFCV
[00:19:46] [225/459] AACT
[00:19:47] [226/459] AAAD
[00:19:48] [227/459] ANES
[00:19:48] [228/459] MNCA
[00:19:49] [229/459] RMGU
[00:19:50] [230/459] DLCN
[00:19:51] 🔄 Identity reset
[00:19:51] 🔄 Identity rotated (every 10 requests)
[00:19:51] [231/459] LJWT
[00:19:51] [232/459] MCBG
[00:19:52] [233/459] MYBG
[00:19:53] [234/459] GCCA
[00:19:54] [235/459] GCGA
[00:19:55] [236/459] ECGN
[00:19:57] [237/459] PRAB
[00:19:58] [238/459] PNMP
[00:19:58] [239/459] GCPT
[00:19:59] [240/459] ROYN
[00:20:00] 🔄 Identity reset
[00:20:00] 🔄 Identity rotated (every 10 requests)
[00:20:00] [241/459] VATM
[00:20:01] [242/459] KSNT
[00:20:02] [243/459] ACTC
[00:20:03] [244/459] PLTD
[00:20:04] [245/459] SKMK
[00:20:05] [246/459] CMTT
[00:20:06] [247/459] SMXP
[00:20:06] [248/459] SCMX
[00:20:07] [249/459] ACXN
[00:20:08] [250/459] ASWT
[00:20:08] 🔄 Identity reset
[00:20:08] 🔄 Identity rotated (every 10 requests)
[00:20:08] [251/459] VVVL
[00:20:09] [252/459] NAGO
[00:20:10] [253/459] SNCN
[00:20:11] [254/459] MCKP
[00:20:12] [255/459] SAMO
[00:20:12] [256/459] JBTV
[00:20:13] [257/459] DCVV
[00:20:14] [258/459] KMSV
[00:20:15] [259/459] KDCN
[00:20:16] [260/459] CNCP
[00:20:16] 🔄 Identity reset
[00:20:16] 🔄 Identity rotated (every 10 requests)
[00:20:18] [261/459] HAMC
[00:20:18] [262/459] CCVZ
[00:20:19] [263/459] NCCK
[00:20:19] [264/459] MCHR
[00:20:20] [265/459] SCHT
[00:20:21] [266/459] ESSH
[00:20:22] [267/459] CUJC
[00:20:22] [268/459] PECP
[00:20:23] [269/459] PMMI
[00:20:24] [270/459] PCCH
[00:20:25] 🔄 Identity reset
[00:20:25] 🔄 Identity rotated (every 10 requests)
[00:20:25] [271/459] PRPM
[00:20:26] [272/459] PVKL
[00:20:27] [273/459] CBSM
[00:20:28] [274/459] PVCZ
[00:20:28] [275/459] PCVV
[00:20:29] [276/459] CTMJ
[00:20:30] [277/459] RCPS
[00:20:30] [278/459] PCIT
[00:20:31] [279/459] FNCH
[00:20:32] [280/459] INZD
[00:20:33] 🔄 Identity reset
[00:20:33] 🔄 Identity rotated (every 10 requests)
[00:20:33] [281/459] INPC
[00:20:34] [282/459] LCZP
[00:20:34] [283/459] SMCB
[00:20:35] [284/459] PTSB
[00:20:36] [285/459] TPSI
[00:20:37] [286/459] KHMJ
[00:20:37] [287/459] RCCJ
[00:20:38] [288/459] NCJA
[00:20:39] [289/459] NCJN
[00:20:40] [290/459] BTDP
[00:20:40] 🔄 Identity reset
[00:20:40] 🔄 Identity rotated (every 10 requests)
[00:20:40] [291/459] PADY
[00:20:41] [292/459] NYBH
[00:20:41] [293/459] MTBR
[00:20:42] [294/459] KRBC
[00:20:43] [295/459] DKTI
[00:20:44] [296/459] ANAN
[00:20:45] [297/459] INBP
[00:20:46] [298/459] PATB
[00:20:46] [299/459] RGNT
[00:20:47] [300/459] CGPM
[00:20:47] 🔄 Identity reset
[00:20:47] 🔄 Identity rotated (every 10 requests)
[00:20:48] [301/459] INTN
[00:20:48] [302/459] MCMP
[00:20:49] [303/459] ASRG
[00:20:50] [304/459] CXJD
[00:20:50] [305/459] SPCP
[00:20:51] [306/459] CSTP
[00:20:52] [307/459] PKVC
[00:20:53] [308/459] ESCP
[00:20:53] [309/459] CAEP
[00:20:54] [310/459] CCSP
[00:20:54] 🔄 Identity reset
[00:20:55] 🔄 Identity rotated (every 10 requests)
[00:20:55] [311/459] KTPC
[00:20:55] [312/459] DACA
[00:20:56] [313/459] NVKY
[00:20:57] [314/459] PTIN
[00:20:57] [315/459] SCIN
[00:20:58] [316/459] MCTY
[00:20:59] [317/459] PCMX
[00:21:00] [318/459] INIC
[00:21:01] [319/459] MMZM
[00:21:02] [320/459] SSLP
[00:21:02] 🔄 Identity reset
[00:21:02] 🔄 Identity rotated (every 10 requests)
[00:21:03] [321/459] DTDT
[00:21:04] [322/459] FFCX
[00:21:04] [323/459] RCMM
[00:21:05] [324/459] KYID
[00:21:06] [325/459] CSCI
[00:21:07] [326/459] FCMC
[00:21:08] [327/459] MMXI
[00:21:08] [328/459] ASTC
[00:21:10] [329/459] CMRA
[00:21:11] [330/459] DICI
[00:21:12] 🔄 Identity reset
[00:21:12] 🔄 Identity rotated (every 10 requests)
[00:21:12] [331/459] KDIN
[00:21:13] [332/459] PRFI
[00:21:13] [333/459] SVFC
[00:21:14] [334/459] UCPL
[00:21:15] [335/459] COOC
[00:21:15] [336/459] SCAL
[00:21:16] [337/459] SVFF
[00:21:17] [338/459] VCMG
[00:21:18] [339/459] UUCT
[00:21:19] [340/459] GCSE
[00:21:20] 🔄 Identity reset
[00:21:20] 🔄 Identity rotated (every 10 requests)
[00:21:20] [341/459] SUSC
[00:21:21] [342/459] MISC
[00:21:21] [343/459] RMBL
[00:21:22] [344/459] CMXN
[00:21:23] [345/459] PVBK
[00:21:24] [346/459] HHCG
[00:21:25] [347/459] SCAG
[00:21:25] [348/459] CNPR
[00:21:26] [349/459] CSER
[00:21:27] [350/459] HLWD
[00:21:27] 🔄 Identity reset
[00:21:27] 🔄 Identity rotated (every 10 requests)
[00:21:28] [351/459] BOLY
[00:21:28] [352/459] SSPG
[00:21:29] [353/459] MUPX
[00:21:30] [354/459] HAMR
[00:21:31] [355/459] SDNC
[00:21:32] [356/459] RTEN
[00:21:32] [357/459] SDTD
[00:21:33] [358/459] KAWS
[00:21:34] [359/459] CMZX
[00:21:34] [360/459] DCDD
[00:21:35] 🔄 Identity reset
[00:21:35] 🔄 Identity rotated (every 10 requests)
[00:21:35] [361/459] ALSN
[00:21:36] [362/459] IMXS
[00:21:37] [363/459] PVFF
[00:21:37] [364/459] PVOO
[00:21:38] [365/459] CFBS
[00:21:39] [366/459] PVER
[00:21:40] [367/459] PPNX
[00:21:41] [368/459] CNRM
[00:21:41] [369/459] PVWW
[00:21:43] [370/459] INMB
[00:21:43] 🔄 Identity reset
[00:21:43] 🔄 Identity rotated (every 10 requests)
[00:21:43] [371/459] CPJR
[00:21:45] [372/459] INRZ
[00:21:46] [373/459] PMSR
[00:21:47] [374/459] GPGM
[00:21:48] [375/459] PGWB
[00:21:49] [376/459] PMBR
[00:21:50] [377/459] GPAM
[00:21:52] [378/459] INBC
[00:21:53] [379/459] PZVK
[00:21:54] [380/459] CPEB
[00:21:55] 🔄 Identity reset
[00:21:55] 🔄 Identity rotated (every 10 requests)
[00:21:55] [381/459] FMLB
[00:21:55] [382/459] INBG
[00:21:56] [383/459] GPBR
[00:21:57] [384/459] PAAS
[00:21:58] [385/459] VTBR
[00:21:59] [386/459] GPMY
[00:22:00] [387/459] GYBU
[00:22:00] [388/459] INBJ
[00:22:01] [389/459] LKTH
[00:22:02] [390/459] NSBR
[00:22:03] 🔄 Identity reset
[00:22:03] 🔄 Identity rotated (every 10 requests)
[00:22:03] [391/459] PDRD
[00:22:03] [392/459] VRBL
[00:22:04] [393/459] VTGB
[00:22:05] [394/459] VTSK
[00:22:06] [395/459] BKDV
[00:22:06] [396/459] SVTB
[00:22:07] [397/459] MLDT
[00:22:08] [398/459] NRBL
[00:22:09] [399/459] SLTR
[00:22:10] [400/459] VNKA
[00:22:10] 🔄 Identity reset
[00:22:10] 🔄 Identity rotated (every 10 requests)
[00:22:10] [401/459] TDCA
[00:22:11] [402/459] INBM
[00:22:13] [403/459] SSNR
[00:22:13] [404/459] BHAC
[00:22:14] [405/459] SDSD
[00:22:15] [406/459] SAMP
[00:22:16] [407/459] RATK
[00:22:16] [408/459] KCBI
[00:22:17] [409/459] URBL
[00:22:18] [410/459] MKBG
[00:22:19] 🔄 Identity reset
[00:22:19] 🔄 Identity rotated (every 10 requests)
[00:22:19] [411/459] ASTB
[00:22:20] [412/459] VBWT
[00:22:20] [413/459] GPSM
[00:22:21] [414/459] ROON
[00:22:22] [415/459] CHTH
[00:22:23] [416/459] SSPA
[00:22:23] [417/459] ANBL
[00:22:24] [418/459] VTBE
[00:22:25] [419/459] SVKT
[00:22:25] [420/459] SVYK
[00:22:26] 🔄 Identity reset
[00:22:26] 🔄 Identity rotated (every 10 requests)
[00:22:27] [421/459] PTBK
[00:22:27] [422/459] RKTB
[00:22:28] [423/459] BALT
[00:22:29] [424/459] STSV
[00:22:30] [425/459] VCCB
[00:22:31] [426/459] SLTB
[00:22:31] [427/459] SBCR
[00:22:32] [428/459] VDCS
[00:22:33] [429/459] MDKI
[00:22:34] [430/459] SMRN
[00:22:34] 🔄 Identity reset
[00:22:34] 🔄 Identity rotated (every 10 requests)
[00:22:34] [431/459] PTBC
[00:22:35] [432/459] RADI
[00:22:36] [433/459] ADCR
[00:22:37] [434/459] SDCS
[00:22:38] [435/459] SRPJ
[00:22:38] [436/459] ARTS
[00:22:39] [437/459] SRHK
[00:22:40] [438/459] SPAY
[00:22:41] [439/459] GPTB
[00:22:42] [440/459] SNNN
[00:22:42] 🔄 Identity reset
[00:22:42] 🔄 Identity rotated (every 10 requests)
[00:22:42] [441/459] BALJ
[00:22:43] [442/459] TRIG
[00:22:44] [443/459] GTYT
[00:22:45] [444/459] ATGN
[00:22:45] [445/459] ANTE
[00:22:46] [446/459] BDCG
[00:22:47] [447/459] VECI
[00:22:48] [448/459] SCPR
[00:22:48] [449/459] RTEA
[00:22:49] [450/459] JSAI
[00:22:50] 🔄 Identity reset
[00:22:50] 🔄 Identity rotated (every 10 requests)
[00:22:50] [451/459] VJTP
[00:22:51] [452/459] GNDS
[00:22:51] [453/459] PAXA
[00:22:52] [454/459] CGGM
[00:22:53] [455/459] ACKZ
[00:22:54] [456/459] EMCC
[00:22:55] [457/459] KLSK
[00:22:56] [458/459] AVCK
[00:22:56] [459/459] JTCK
[00:22:58] ✅ DONE | Shows=0 | Movies=0
[01:16:45] 🚀 BMS DAILY TRACKER STARTED (enhanced anti‑detection)
[01:16:45] [1/459] NECA
[01:16:45] 🧠 New identity created
[01:16:46] [2/459] BJLC
[01:16:47] [3/459] BASU
[01:16:48] [4/459] RUPI
[01:16:49] [5/459] LCBK
[01:16:50] [6/459] PMAC
[01:16:51] [7/459] AMLC
[01:16:52] [8/459] LICL
[01:16:53] [9/459] UDMM
[01:16:54] [10/459] STBZ
[01:16:54] 🔄 Identity reset
[01:16:54] 🔄 Identity rotated (every 10 requests)
[01:16:55] [11/459] UUBT
[01:16:56] [12/459] SJKC
[01:16:57] [13/459] TUAL
[01:16:57] [14/459] MRSE
[01:16:58] [15/459] RMRK
[01:16:59] [16/459] TTKP
[01:17:00] [17/459] KTKO
[01:17:01] [18/459] SDBK
[01:17:02] [19/459] MCPR
[01:17:03] [20/459] CHTI
[01:17:03] 🔄 Identity reset
[01:17:03] 🔄 Identity rotated (every 10 requests)
[01:17:04] [21/459] GCCP
[01:17:05] [22/459] SRMY
[01:17:06] [23/459] NYST
[01:17:07] [24/459] NYAG
[01:17:09] [25/459] SBMT
[01:17:10] [26/459] INGA
[01:17:11] [27/459] WSIC
[01:17:12] [28/459] SCSS
[01:17:13] [29/459] COPG
[01:17:14] [30/459] RCGR
[01:17:14] 🔄 Identity reset
[01:17:14] 🔄 Identity rotated (every 10 requests)
[01:17:15] [31/459] TCZA
[01:17:16] [32/459] CNLP
[01:17:17] [33/459] CLKN
[01:17:18] [34/459] LHDF
[01:17:18] [35/459] ELKC
[01:17:19] [36/459] VCEM
[01:17:20] [37/459] SSZA
[01:17:21] [38/459] KRMT
[01:17:22] [39/459] LCMV
[01:17:24] [40/459] AYCZ
[01:17:24] 🔄 Identity reset
[01:17:24] 🔄 Identity rotated (every 10 requests)
[01:17:25] [41/459] CUMS
[01:17:26] [42/459] BOCK
[01:17:27] [43/459] PNMR
[01:17:28] [44/459] PJCP
[01:17:29] [45/459] JDDD
[01:17:30] [46/459] STMS
[01:17:31] [47/459] FLMB
[01:17:32] [48/459] PKCM
[01:17:34] [49/459] SPPR
[01:17:35] [50/459] EYLH
[01:17:35] 🔄 Identity reset
[01:17:35] 🔄 Identity rotated (every 10 requests)
[01:17:36] [51/459] RJCC
[01:17:37] [52/459] MMPS
[01:17:38] [53/459] SHMX
[01:17:38] [54/459] CCNL
[01:17:39] [55/459] RCNV
[01:17:40] [56/459] MAAG
[01:17:41] [57/459] LXCM
[01:17:42] [58/459] RCNI
[01:17:43] [59/459] SNNI
[01:17:43] [60/459] LALC
[01:17:44] 🔄 Identity reset
[01:17:44] 🔄 Identity rotated (every 10 requests)
[01:17:44] [61/459] SOCN
[01:17:45] [62/459] JHTP
[01:17:46] [63/459] PITP
[01:17:48] [64/459] CCKW
[01:17:48] [65/459] MCMC
[01:17:49] [66/459] DEES
[01:17:50] [67/459] SABT
[01:17:51] [68/459] VSPP
[01:17:52] [69/459] ABCT
[01:17:53] [70/459] JVTB
[01:17:54] 🔄 Identity reset
[01:17:54] 🔄 Identity rotated (every 10 requests)
[01:17:54] [71/459] VCBD
[01:17:55] [72/459] RMGG
[01:17:56] [73/459] RNMH
[01:17:58] [74/459] SPGL
[01:17:59] [75/459] JTTR
[01:18:00] [76/459] SICS
[01:18:01] [77/459] SRMI
[01:18:03] [78/459] SSIJ
[01:18:04] [79/459] KFMT
[01:18:05] [80/459] VBIT
[01:18:06] 🔄 Identity reset
[01:18:06] 🔄 Identity rotated (every 10 requests)
[01:18:06] [81/459] JKCT
[01:18:07] [82/459] GCGP
[01:18:08] [83/459] GDCS
[01:18:09] [84/459] TRBA
[01:18:10] [85/459] QUST
[01:18:11] [86/459] VSHM
[01:18:12] [87/459] SDCP
[01:18:13] [88/459] SNVS
[01:18:14] [89/459] NYTO
[01:18:16] [90/459] URWC
[01:18:16] 🔄 Identity reset
[01:18:16] 🔄 Identity rotated (every 10 requests)
[01:18:17] [91/459] GTWH
[01:18:17] [92/459] PFCM
[01:18:19] [93/459] KRTA
[01:18:20] [94/459] AXMC
[01:18:21] [95/459] EVMC
[01:18:22] [96/459] HGSM
[01:18:23] [97/459] ACVM
[01:18:23] [98/459] PSKL
[01:18:24] [99/459] RDMP
[01:18:25] [100/459] RHGH
[01:18:26] 🔄 Identity reset
[01:18:26] 🔄 Identity rotated (every 10 requests)
[01:18:26] [101/459] OMCM
[01:18:27] [102/459] DCCP
[01:18:29] [103/459] MCPB
[01:18:29] [104/459] ALCI
[01:18:30] [105/459] BLMX
[01:18:32] [106/459] BTMV
[01:18:33] [107/459] FVPN
[01:18:33] [108/459] CMAR
[01:18:34] [109/459] CEIM
[01:18:35] [110/459] CMVA
[01:18:36] 🔄 Identity reset
[01:18:36] 🔄 Identity rotated (every 10 requests)
[01:18:36] [111/459] CPIV
[01:18:37] [112/459] CNPE
[01:18:38] [113/459] COLV
[01:18:39] [114/459] DNNV
[01:18:41] [115/459] HCAD
[01:18:41] [116/459] TAKA
[01:18:42] [117/459] INVD
[01:18:43] [118/459] IRMM
[01:18:44] [119/459] INSE
[01:18:45] [120/459] MRSW
[01:18:45] 🔄 Identity reset
[01:18:45] 🔄 Identity rotated (every 10 requests)
[01:18:46] [121/459] MCVD
[01:18:47] [122/459] MCSO
[01:18:48] [123/459] PEVM
[01:18:48] [124/459] PVNL
[01:18:49] [125/459] PTCV
[01:18:51] [126/459] PRTC
[01:18:52] [127/459] RCVA
[01:18:53] [128/459] MTBN
[01:18:54] [129/459] LUCP
[01:18:55] [130/459] FMPT
[01:18:56] 🔄 Identity reset
[01:18:56] 🔄 Identity rotated (every 10 requests)
[01:18:56] [131/459] JLSL
[01:18:57] [132/459] SBHA
[01:18:58] [133/459] SHRC
[01:18:59] [134/459] AVPS
[01:19:00] [135/459] STPM
[01:19:01] [136/459] ATRD
[01:19:02] [137/459] VTED
[01:19:03] [138/459] ACAI
[01:19:04] [139/459] SMAE
[01:19:05] [140/459] VMAT
[01:19:05] 🔄 Identity reset
[01:19:05] 🔄 Identity rotated (every 10 requests)
[01:19:06] [141/459] LKCT
[01:19:07] [142/459] JTVK
[01:19:07] [143/459] PRTY
[01:19:09] [144/459] GETT
[01:19:10] [145/459] ESAP
[01:19:11] [146/459] NCPM
[01:19:12] [147/459] PCPA
[01:19:13] [148/459] MMOM
[01:19:14] [149/459] PHUP
[01:19:15] [150/459] CCPI
[01:19:16] 🔄 Identity reset
[01:19:16] 🔄 Identity rotated (every 10 requests)
[01:19:16] [151/459] CNTD
[01:19:17] [152/459] NLJR
[01:19:18] [153/459] SRNG
[01:19:19] [154/459] MHAL
[01:19:20] [155/459] PNSM
[01:19:21] [156/459] DRMY
[01:19:22] [157/459] CCMU
[01:19:23] [158/459] SCMY
[01:19:24] [159/459] PVSY
[01:19:25] [160/459] SDLM
[01:19:25] 🔄 Identity reset
[01:19:25] 🔄 Identity rotated (every 10 requests)
[01:19:26] [161/459] ICCM
[01:19:26] [162/459] PYSU
[01:19:28] [163/459] GATM
[01:19:29] [164/459] WOTM
[01:19:30] [165/459] RKTS
[01:19:30] [166/459] PMTY
[01:19:32] [167/459] LYMS
[01:19:32] [168/459] TGCA
[01:19:34] [169/459] DSTA
[01:19:34] [170/459] CNGE
[01:19:35] 🔄 Identity reset
[01:19:35] 🔄 Identity rotated (every 10 requests)
[01:19:35] [171/459] VSTG
[01:19:36] [172/459] GTCK
[01:19:37] [173/459] TGNT
[01:19:38] [174/459] ASLC
[01:19:39] [175/459] SSST
[01:19:40] [176/459] KBTT
[01:19:41] [177/459] HKCP
[01:19:42] [178/459] SWLC
[01:19:43] [179/459] RTND
[01:19:44] [180/459] PKKT
[01:19:45] 🔄 Identity reset
[01:19:45] 🔄 Identity rotated (every 10 requests)
[01:19:45] [181/459] HSTK
[01:19:46] [182/459] SPTT
[01:19:47] [183/459] IMPM
[01:19:48] [184/459] SCMV
[01:19:48] [185/459] SPCT
[01:19:49] [186/459] JBCA
[01:19:50] [187/459] ATTR
[01:19:51] [188/459] SPMT
[01:19:52] [189/459] LCTM
[01:19:54] [190/459] SCVL
[01:19:54] 🔄 Identity reset
[01:19:54] 🔄 Identity rotated (every 10 requests)
[01:19:54] [191/459] SCVT
[01:19:55] [192/459] KRIC
[01:19:56] [193/459] CTMG
[01:19:57] [194/459] ACNC
[01:19:58] [195/459] DMCK
[01:19:59] [196/459] KMTV
[01:20:00] [197/459] PFCJ
[01:20:01] [198/459] VNMD
[01:20:02] [199/459] VPCZ
[01:20:02] [200/459] SRYR
[01:20:03] 🔄 Identity reset
[01:20:03] 🔄 Identity rotated (every 10 requests)
[01:20:03] [201/459] SYTR
[01:20:04] [202/459] GATR
[01:20:05] [203/459] URTR
[01:20:06] [204/459] MKSM
[01:20:07] [205/459] VSMH
[01:20:08] [206/459] SKRJ
[01:20:09] [207/459] SSJR
[01:20:09] [208/459] SVSM
[01:20:10] [209/459] RUCM
[01:20:11] [210/459] PRKN
[01:20:12] 🔄 Identity reset
[01:20:12] 🔄 Identity rotated (every 10 requests)
[01:20:12] [211/459] RROH
[01:20:13] [212/459] SCTN
[01:20:14] [213/459] RTDM
[01:20:15] [214/459] ASRM
[01:20:16] [215/459] SKMD
[01:20:17] [216/459] SUTD
[01:20:18] [217/459] SADM
[01:20:18] [218/459] WCNR
[01:20:19] [219/459] CNED
[01:20:20] [220/459] MPDB
[01:20:21] 🔄 Identity reset
[01:20:21] 🔄 Identity rotated (every 10 requests)
[01:20:21] [221/459] KTBH
[01:20:22] [222/459] IDRM
[01:20:23] [223/459] PJJT
[01:20:24] [224/459] PFCV
[01:20:25] [225/459] AACT
[01:20:26] [226/459] AAAD
[01:20:27] [227/459] ANES
[01:20:28] [228/459] MNCA
[01:20:29] [229/459] RMGU
[01:20:30] [230/459] DLCN
[01:20:30] 🔄 Identity reset
[01:20:30] 🔄 Identity rotated (every 10 requests)
[01:20:31] [231/459] LJWT
[01:20:32] [232/459] MCBG
[01:20:33] [233/459] MYBG
[01:20:34] [234/459] GCCA
[01:20:35] [235/459] GCGA
[01:20:36] [236/459] ECGN
[01:20:37] [237/459] PRAB
[01:20:37] [238/459] PNMP
[01:20:38] [239/459] GCPT
[01:20:39] [240/459] ROYN
[01:20:40] 🔄 Identity reset
[01:20:40] 🔄 Identity rotated (every 10 requests)
[01:20:40] [241/459] VATM
[01:20:41] [242/459] KSNT
[01:20:42] [243/459] ACTC
[01:20:43] [244/459] PLTD
[01:20:44] [245/459] SKMK
[01:20:45] [246/459] CMTT
[01:20:45] [247/459] SMXP
[01:20:46] [248/459] SCMX
[01:20:48] [249/459] ACXN
[01:20:49] [250/459] ASWT
[01:20:49] 🔄 Identity reset
[01:20:49] 🔄 Identity rotated (every 10 requests)
[01:20:50] [251/459] VVVL
[01:20:51] [252/459] NAGO
[01:20:52] [253/459] SNCN
[01:20:53] [254/459] MCKP
[01:20:53] [255/459] SAMO
[01:20:54] [256/459] JBTV
[01:20:55] [257/459] DCVV
[01:20:56] [258/459] KMSV
[01:20:57] [259/459] KDCN
[01:20:58] [260/459] CNCP
[01:20:58] 🔄 Identity reset
[01:20:58] 🔄 Identity rotated (every 10 requests)
[01:20:59] [261/459] HAMC
[01:21:00] [262/459] CCVZ
[01:21:01] [263/459] NCCK
[01:21:02] [264/459] MCHR
[01:21:03] [265/459] SCHT
[01:21:03] [266/459] ESSH
[01:21:05] [267/459] CUJC
[01:21:06] [268/459] PECP
[01:21:07] [269/459] PMMI
[01:21:08] [270/459] PCCH
[01:21:09] 🔄 Identity reset
[01:21:09] 🔄 Identity rotated (every 10 requests)
[01:21:09] [271/459] PRPM
[01:21:10] [272/459] PVKL
[01:21:11] [273/459] CBSM
[01:21:12] [274/459] PVCZ
[01:21:13] [275/459] PCVV
[01:21:13] [276/459] CTMJ
[01:21:14] [277/459] RCPS
[01:21:15] [278/459] PCIT
[01:21:16] [279/459] FNCH
[01:21:17] [280/459] INZD
[01:21:18] 🔄 Identity reset
[01:21:18] 🔄 Identity rotated (every 10 requests)
[01:21:18] [281/459] INPC
[01:21:19] [282/459] LCZP
[01:21:20] [283/459] SMCB
[01:21:20] [284/459] PTSB
[01:21:21] [285/459] TPSI
[01:21:23] [286/459] KHMJ
[01:21:24] [287/459] RCCJ
[01:21:24] [288/459] NCJA
[01:21:25] [289/459] NCJN
[01:21:26] [290/459] BTDP
[01:21:27] 🔄 Identity reset
[01:21:27] 🔄 Identity rotated (every 10 requests)
[01:21:27] [291/459] PADY
[01:21:28] [292/459] NYBH
[01:21:29] [293/459] MTBR
[01:21:30] [294/459] KRBC
[01:21:31] [295/459] DKTI
[01:21:32] [296/459] ANAN
[01:21:33] [297/459] INBP
[01:21:34] [298/459] PATB
[01:21:35] [299/459] RGNT
[01:21:36] [300/459] CGPM
[01:21:37] 🔄 Identity reset
[01:21:37] 🔄 Identity rotated (every 10 requests)
[01:21:37] [301/459] INTN
[01:21:38] [302/459] MCMP
[01:21:39] [303/459] ASRG
[01:21:40] [304/459] CXJD
[01:21:41] [305/459] SPCP
[01:21:42] [306/459] CSTP
[01:21:43] [307/459] PKVC
[01:21:44] [308/459] ESCP
[01:21:44] [309/459] CAEP
[01:21:46] [310/459] CCSP
[01:21:46] 🔄 Identity reset
[01:21:46] 🔄 Identity rotated (every 10 requests)
[01:21:47] [311/459] KTPC
[01:21:48] [312/459] DACA
[01:21:49] [313/459] NVKY
[01:21:50] [314/459] PTIN
[01:21:51] [315/459] SCIN
[01:21:51] [316/459] MCTY
[01:21:52] [317/459] PCMX
[01:21:53] [318/459] INIC
[01:21:54] [319/459] MMZM
[01:21:55] [320/459] SSLP
[01:21:55] 🔄 Identity reset
[01:21:55] 🔄 Identity rotated (every 10 requests)
[01:21:55] [321/459] DTDT
[01:21:57] [322/459] FFCX
[01:21:58] [323/459] RCMM
[01:21:59] [324/459] KYID
[01:22:00] [325/459] CSCI
[01:22:00] [326/459] FCMC
[01:22:01] [327/459] MMXI
[01:22:02] [328/459] ASTC
[01:22:03] [329/459] CMRA
[01:22:04] [330/459] DICI
[01:22:05] 🔄 Identity reset
[01:22:05] 🔄 Identity rotated (every 10 requests)
[01:22:05] [331/459] KDIN
[01:22:07] [332/459] PRFI
[01:22:07] [333/459] SVFC
[01:22:08] [334/459] UCPL
[01:22:09] [335/459] COOC
[01:22:10] [336/459] SCAL
[01:22:12] [337/459] SVFF
[01:22:13] [338/459] VCMG
[01:22:14] [339/459] UUCT
[01:22:15] [340/459] GCSE
[01:22:16] 🔄 Identity reset
[01:22:16] 🔄 Identity rotated (every 10 requests)
[01:22:16] [341/459] SUSC
[01:22:17] [342/459] MISC
[01:22:18] [343/459] RMBL
[01:22:19] [344/459] CMXN
[01:22:20] [345/459] PVBK
[01:22:21] [346/459] HHCG
[01:22:22] [347/459] SCAG
[01:22:22] [348/459] CNPR
[01:22:23] [349/459] CSER
[01:22:24] [350/459] HLWD
[01:22:25] 🔄 Identity reset
[01:22:25] 🔄 Identity rotated (every 10 requests)
[01:22:25] [351/459] BOLY
[01:22:26] [352/459] SSPG
[01:22:27] [353/459] MUPX
[01:22:28] [354/459] HAMR
[01:22:29] [355/459] SDNC
[01:22:30] [356/459] RTEN
[01:22:31] [357/459] SDTD
[01:22:32] [358/459] KAWS
[01:22:33] [359/459] CMZX
[01:22:34] [360/459] DCDD
[01:22:34] 🔄 Identity reset
[01:22:34] 🔄 Identity rotated (every 10 requests)
[01:22:35] [361/459] ALSN
[01:22:35] [362/459] IMXS
[01:22:36] [363/459] PVFF
[01:22:37] [364/459] PVOO
[01:22:38] [365/459] CFBS
[01:22:39] [366/459] PVER
[01:22:40] [367/459] PPNX
[01:22:41] [368/459] CNRM
[01:22:42] [369/459] PVWW
[01:22:43] [370/459] INMB
[01:22:43] 🔄 Identity reset
[01:22:43] 🔄 Identity rotated (every 10 requests)
[01:22:43] [371/459] CPJR
[01:22:44] [372/459] INRZ
[01:22:45] [373/459] PMSR
[01:22:46] [374/459] GPGM
[01:22:48] [375/459] PGWB
[01:22:49] [376/459] PMBR
[01:22:50] [377/459] GPAM
[01:22:51] [378/459] INBC
[01:22:52] [379/459] PZVK
[01:22:53] [380/459] CPEB
[01:22:54] 🔄 Identity reset
[01:22:54] 🔄 Identity rotated (every 10 requests)
[01:22:54] [381/459] FMLB
[01:22:55] [382/459] INBG
[01:22:56] [383/459] GPBR
[01:22:56] [384/459] PAAS
[01:22:58] [385/459] VTBR
[01:22:59] [386/459] GPMY
[01:23:00] [387/459] GYBU
[01:23:01] [388/459] INBJ
[01:23:02] [389/459] LKTH
[01:23:02] [390/459] NSBR
[01:23:03] 🔄 Identity reset
[01:23:03] 🔄 Identity rotated (every 10 requests)
[01:23:03] [391/459] PDRD
[01:23:04] [392/459] VRBL
[01:23:05] [393/459] VTGB
[01:23:06] [394/459] VTSK
[01:23:08] [395/459] BKDV
[01:23:09] [396/459] SVTB
[01:23:10] [397/459] MLDT
[01:23:11] [398/459] NRBL
[01:23:12] [399/459] SLTR
[01:23:13] [400/459] VNKA
[01:23:13] 🔄 Identity reset
[01:23:13] 🔄 Identity rotated (every 10 requests)
[01:23:14] [401/459] TDCA
[01:23:15] [402/459] INBM
[01:23:16] [403/459] SSNR
[01:23:17] [404/459] BHAC
[01:23:18] [405/459] SDSD
[01:23:19] [406/459] SAMP
[01:23:20] [407/459] RATK
[01:23:21] [408/459] KCBI
[01:23:22] [409/459] URBL
[01:23:23] [410/459] MKBG
[01:23:23] 🔄 Identity reset
[01:23:23] 🔄 Identity rotated (every 10 requests)
[01:23:24] [411/459] ASTB
[01:23:25] [412/459] VBWT
[01:23:25] [413/459] GPSM
[01:23:26] [414/459] ROON
[01:23:27] [415/459] CHTH
[01:23:28] [416/459] SSPA
[01:23:29] [417/459] ANBL
[01:23:30] [418/459] VTBE
[01:23:31] [419/459] SVKT
[01:23:32] [420/459] SVYK
[01:23:32] 🔄 Identity reset
[01:23:32] 🔄 Identity rotated (every 10 requests)
[01:23:33] [421/459] PTBK
[01:23:34] [422/459] RKTB
[01:23:34] [423/459] BALT
[01:23:36] [424/459] STSV
[01:23:37] [425/459] VCCB
[01:23:38] [426/459] SLTB
[01:23:39] [427/459] SBCR
[01:23:40] [428/459] VDCS
[01:23:41] [429/459] MDKI
[01:23:42] [430/459] SMRN
[01:23:42] 🔄 Identity reset
[01:23:42] 🔄 Identity rotated (every 10 requests)
[01:23:43] [431/459] PTBC
[01:23:44] [432/459] RADI
[01:23:45] [433/459] ADCR
[01:23:45] [434/459] SDCS
[01:23:46] [435/459] SRPJ
[01:23:47] [436/459] ARTS
[01:23:48] [437/459] SRHK
[01:23:49] [438/459] SPAY
[01:23:50] [439/459] GPTB
[01:23:51] [440/459] SNNN
[01:23:51] 🔄 Identity reset
[01:23:51] 🔄 Identity rotated (every 10 requests)
[01:23:52] [441/459] BALJ
[01:23:52] [442/459] TRIG
[01:23:53] [443/459] GTYT
[01:23:54] [444/459] ATGN
[01:23:55] [445/459] ANTE
[01:23:57] [446/459] BDCG
[01:23:58] [447/459] VECI
[01:23:59] [448/459] SCPR
[01:24:00] [449/459] RTEA
[01:24:01] [450/459] JSAI
[01:24:01] 🔄 Identity reset
[01:24:01] 🔄 Identity rotated (every 10 requests)
[01:24:02] [451/459] VJTP
[01:24:03] [452/459] GNDS
[01:24:04] [453/459] PAXA
[01:24:05] [454/459] CGGM
[01:24:05] [455/459] ACKZ
[01:24:06] [456/459] EMCC
[01:24:08] [457/459] KLSK
[01:24:09] [458/459] AVCK
[01:24:10] [459/459] JTCK
[01:24:11] ✅ DONE | Shows=0 | Movies=0
[02:16:41] 🚀 BMS DAILY TRACKER STARTED (enhanced anti‑detection)
[02:16:41] [1/459] NECA
[02:16:42] 🧠 New identity created
[02:16:42] [2/459] BJLC
[02:16:43] [3/459] BASU
[02:16:44] [4/459] RUPI
[02:16:45] [5/459] LCBK
[02:16:46] [6/459] PMAC
[02:16:47] [7/459] AMLC
[02:16:48] [8/459] LICL
[02:16:49] [9/459] UDMM
[02:16:50] [10/459] STBZ
[02:16:50] 🔄 Identity reset
[02:16:50] 🔄 Identity rotated (every 10 requests)
[02:16:50] [11/459] UUBT
[02:16:52] [12/459] SJKC
[02:16:53] [13/459] TUAL
[02:16:54] [14/459] MRSE
[02:16:55] [15/459] RMRK
[02:16:55] [16/459] TTKP
[02:16:56] [17/459] KTKO
[02:16:57] [18/459] SDBK
[02:16:58] [19/459] MCPR
[02:16:59] [20/459] CHTI
[02:16:59] 🔄 Identity reset
[02:16:59] 🔄 Identity rotated (every 10 requests)
[02:17:00] [21/459] GCCP
[02:17:01] [22/459] SRMY
[02:17:01] [23/459] NYST
[02:17:02] [24/459] NYAG
[02:17:03] [25/459] SBMT
[02:17:04] [26/459] INGA
[02:17:05] [27/459] WSIC
[02:17:06] [28/459] SCSS
[02:17:07] [29/459] COPG
[02:17:08] [30/459] RCGR
[02:17:09] 🔄 Identity reset
[02:17:09] 🔄 Identity rotated (every 10 requests)
[02:17:09] [31/459] TCZA
[02:17:10] [32/459] CNLP
[02:17:11] [33/459] CLKN
[02:17:12] [34/459] LHDF
[02:17:14] [35/459] ELKC
[02:17:15] [36/459] VCEM
[02:17:15] [37/459] SSZA
[02:17:16] [38/459] KRMT
[02:17:18] [39/459] LCMV
[02:17:19] [40/459] AYCZ
[02:17:20] 🔄 Identity reset
[02:17:20] 🔄 Identity rotated (every 10 requests)
[02:17:20] [41/459] CUMS
[02:17:21] [42/459] BOCK
[02:17:22] [43/459] PNMR
[02:17:23] [44/459] PJCP
[02:17:24] [45/459] JDDD
[02:17:24] [46/459] STMS
[02:17:25] [47/459] FLMB
[02:17:26] [48/459] PKCM
[02:17:27] [49/459] SPPR
[02:17:28] [50/459] EYLH
[02:17:29] 🔄 Identity reset
[02:17:29] 🔄 Identity rotated (every 10 requests)
[02:17:29] [51/459] RJCC
[02:17:30] [52/459] MMPS
[02:17:31] [53/459] SHMX
[02:17:32] [54/459] CCNL
[02:17:33] [55/459] RCNV
[02:17:33] [56/459] MAAG
[02:17:34] [57/459] LXCM
[02:17:35] [58/459] RCNI
[02:17:36] [59/459] SNNI
[02:17:37] [60/459] LALC
[02:17:37] 🔄 Identity reset
[02:17:37] 🔄 Identity rotated (every 10 requests)
[02:17:38] [61/459] SOCN
[02:17:38] [62/459] JHTP
[02:17:39] [63/459] PITP
[02:17:40] [64/459] CCKW
[02:17:41] [65/459] MCMC
[02:17:42] [66/459] DEES
[02:17:43] [67/459] SABT
[02:17:43] [68/459] VSPP
[02:17:44] [69/459] ABCT
[02:17:45] [70/459] JVTB
[02:17:46] 🔄 Identity reset
[02:17:46] 🔄 Identity rotated (every 10 requests)
[02:17:46] [71/459] VCBD
[02:17:47] [72/459] RMGG
[02:17:48] [73/459] RNMH
[02:17:48] [74/459] SPGL
[02:17:49] [75/459] JTTR
[02:17:50] [76/459] SICS
[02:17:51] [77/459] SRMI
[02:17:52] [78/459] SSIJ
[02:17:53] [79/459] KFMT
[02:17:53] [80/459] VBIT
[02:17:54] 🔄 Identity reset
[02:17:54] 🔄 Identity rotated (every 10 requests)
[02:17:54] [81/459] JKCT
[02:17:55] [82/459] GCGP
[02:17:56] [83/459] GDCS
[02:17:57] [84/459] TRBA
[02:17:58] [85/459] QUST
[02:17:59] [86/459] VSHM
[02:18:00] [87/459] SDCP
[02:18:01] [88/459] SNVS
[02:18:02] [89/459] NYTO
[02:18:03] [90/459] URWC
[02:18:04] 🔄 Identity reset
[02:18:04] 🔄 Identity rotated (every 10 requests)
[02:18:04] [91/459] GTWH
[02:18:05] [92/459] PFCM
[02:18:06] [93/459] KRTA
[02:18:07] [94/459] AXMC
[02:18:09] [95/459] EVMC
[02:18:11] [96/459] HGSM
[02:18:12] [97/459] ACVM
[02:18:13] [98/459] PSKL
[02:18:14] [99/459] RDMP
[02:18:15] [100/459] RHGH
[02:18:16] 🔄 Identity reset
[02:18:16] 🔄 Identity rotated (every 10 requests)
[02:18:16] [101/459] OMCM
[02:18:17] [102/459] DCCP
[02:18:18] [103/459] MCPB
[02:18:19] [104/459] ALCI
[02:18:20] [105/459] BLMX
[02:18:21] [106/459] BTMV
[02:18:22] [107/459] FVPN
[02:18:23] [108/459] CMAR
[02:18:24] [109/459] CEIM
[02:18:25] [110/459] CMVA
[02:18:25] 🔄 Identity reset
[02:18:25] 🔄 Identity rotated (every 10 requests)
[02:18:26] [111/459] CPIV
[02:18:27] [112/459] CNPE
[02:18:28] [113/459] COLV
[02:18:28] [114/459] DNNV
[02:18:29] [115/459] HCAD
[02:18:30] [116/459] TAKA
[02:18:31] [117/459] INVD
[02:18:32] [118/459] IRMM
[02:18:33] [119/459] INSE
[02:18:34] [120/459] MRSW
[02:18:34] 🔄 Identity reset
[02:18:34] 🔄 Identity rotated (every 10 requests)
[02:18:35] [121/459] MCVD
[02:18:36] [122/459] MCSO
[02:18:36] [123/459] PEVM
[02:18:37] [124/459] PVNL
[02:18:38] [125/459] PTCV
[02:18:39] [126/459] PRTC
[02:18:40] [127/459] RCVA
[02:18:41] [128/459] MTBN
[02:18:42] [129/459] LUCP
[02:18:43] [130/459] FMPT
[02:18:43] 🔄 Identity reset
[02:18:43] 🔄 Identity rotated (every 10 requests)
[02:18:44] [131/459] JLSL
[02:18:45] [132/459] SBHA
[02:18:46] [133/459] SHRC
[02:18:47] [134/459] AVPS
[02:18:49] [135/459] STPM
[02:18:49] [136/459] ATRD
[02:18:50] [137/459] VTED
[02:18:51] [138/459] ACAI
[02:18:52] [139/459] SMAE
[02:18:53] [140/459] VMAT
[02:18:54] 🔄 Identity reset
[02:18:54] 🔄 Identity rotated (every 10 requests)
[02:18:54] [141/459] LKCT
[02:18:55] [142/459] JTVK
[02:18:56] [143/459] PRTY
[02:18:57] [144/459] GETT
[02:18:57] [145/459] ESAP
[02:18:58] [146/459] NCPM
[02:19:00] [147/459] PCPA
[02:19:01] [148/459] MMOM
[02:19:02] [149/459] PHUP
[02:19:02] [150/459] CCPI
[02:19:03] 🔄 Identity reset
[02:19:03] 🔄 Identity rotated (every 10 requests)
[02:19:03] [151/459] CNTD
[02:19:04] [152/459] NLJR
[02:19:05] [153/459] SRNG
[02:19:06] [154/459] MHAL
[02:19:07] [155/459] PNSM
[02:19:08] [156/459] DRMY
[02:19:09] [157/459] CCMU
[02:19:10] [158/459] SCMY
[02:19:11] [159/459] PVSY
[02:19:12] [160/459] SDLM
[02:19:12] 🔄 Identity reset
[02:19:12] 🔄 Identity rotated (every 10 requests)
[02:19:13] [161/459] ICCM
[02:19:14] [162/459] PYSU
[02:19:15] [163/459] GATM
[02:19:16] [164/459] WOTM
[02:19:17] [165/459] RKTS
[02:19:18] [166/459] PMTY
[02:19:19] [167/459] LYMS
[02:19:20] [168/459] TGCA
[02:19:21] [169/459] DSTA
[02:19:23] [170/459] CNGE
[02:19:24] 🔄 Identity reset
[02:19:24] 🔄 Identity rotated (every 10 requests)
[02:19:24] [171/459] VSTG
[02:19:25] [172/459] GTCK
[02:19:26] [173/459] TGNT
[02:19:27] [174/459] ASLC
[02:19:28] [175/459] SSST
[02:19:28] [176/459] KBTT
[02:19:29] [177/459] HKCP
[02:19:30] [178/459] SWLC
[02:19:31] [179/459] RTND
[02:19:32] [180/459] PKKT
[02:19:33] 🔄 Identity reset
[02:19:33] 🔄 Identity rotated (every 10 requests)
[02:19:33] [181/459] HSTK
[02:19:34] [182/459] SPTT
[02:19:35] [183/459] IMPM
[02:19:37] [184/459] SCMV
[02:19:38] [185/459] SPCT
[02:19:39] [186/459] JBCA
[02:19:40] [187/459] ATTR
[02:19:41] [188/459] SPMT
[02:19:42] [189/459] LCTM
[02:19:43] [190/459] SCVL
[02:19:44] 🔄 Identity reset
[02:19:44] 🔄 Identity rotated (every 10 requests)
[02:19:44] [191/459] SCVT
[02:19:45] [192/459] KRIC
[02:19:46] [193/459] CTMG
[02:19:47] [194/459] ACNC
[02:19:47] [195/459] DMCK
[02:19:48] [196/459] KMTV
[02:19:49] [197/459] PFCJ
[02:19:50] [198/459] VNMD
[02:19:51] [199/459] VPCZ
[02:19:52] [200/459] SRYR
[02:19:52] 🔄 Identity reset
[02:19:52] 🔄 Identity rotated (every 10 requests)
[02:19:53] [201/459] SYTR
[02:19:53] [202/459] GATR
[02:19:54] [203/459] URTR
[02:19:55] [204/459] MKSM
[02:19:56] [205/459] VSMH
[02:19:57] [206/459] SKRJ
[02:19:58] [207/459] SSJR
[02:19:59] [208/459] SVSM
[02:20:00] [209/459] RUCM
[02:20:01] [210/459] PRKN
[02:20:02] 🔄 Identity reset
[02:20:02] 🔄 Identity rotated (every 10 requests)
[02:20:02] [211/459] RROH
[02:20:03] [212/459] SCTN
[02:20:04] [213/459] RTDM
[02:20:05] [214/459] ASRM
[02:20:06] [215/459] SKMD
[02:20:07] [216/459] SUTD
[02:20:08] [217/459] SADM
[02:20:09] [218/459] WCNR
[02:20:10] [219/459] CNED
[02:20:10] [220/459] MPDB
[02:20:11] 🔄 Identity reset
[02:20:11] 🔄 Identity rotated (every 10 requests)
[02:20:12] [221/459] KTBH
[02:20:12] [222/459] IDRM
[02:20:13] [223/459] PJJT
[02:20:14] [224/459] PFCV
[02:20:15] [225/459] AACT
[02:20:16] [226/459] AAAD
[02:20:17] [227/459] ANES
[02:20:18] [228/459] MNCA
[02:20:19] [229/459] RMGU
[02:20:20] [230/459] DLCN
[02:20:21] 🔄 Identity reset
[02:20:21] 🔄 Identity rotated (every 10 requests)
[02:20:21] [231/459] LJWT
[02:20:22] [232/459] MCBG
[02:20:23] [233/459] MYBG
[02:20:24] [234/459] GCCA
[02:20:25] [235/459] GCGA
[02:20:25] [236/459] ECGN
[02:20:26] [237/459] PRAB
[02:20:27] [238/459] PNMP
[02:20:28] [239/459] GCPT
[02:20:29] [240/459] ROYN
[02:20:30] 🔄 Identity reset
[02:20:30] 🔄 Identity rotated (every 10 requests)
[02:20:30] [241/459] VATM
[02:20:31] [242/459] KSNT
[02:20:32] [243/459] ACTC
[02:20:33] [244/459] PLTD
[02:20:33] [245/459] SKMK
[02:20:34] [246/459] CMTT
[02:20:35] [247/459] SMXP
[02:20:36] [248/459] SCMX
[02:20:37] [249/459] ACXN
[02:20:38] [250/459] ASWT
[02:20:39] 🔄 Identity reset
[02:20:39] 🔄 Identity rotated (every 10 requests)
[02:20:39] [251/459] VVVL
[02:20:40] [252/459] NAGO
[02:20:41] [253/459] SNCN
[02:20:42] [254/459] MCKP
[02:20:43] [255/459] SAMO
[02:20:43] [256/459] JBTV
[02:20:44] [257/459] DCVV
[02:20:46] [258/459] KMSV
[02:20:47] [259/459] KDCN
[02:20:47] [260/459] CNCP
[02:20:48] 🔄 Identity reset
[02:20:48] 🔄 Identity rotated (every 10 requests)
[02:20:48] [261/459] HAMC
[02:20:49] [262/459] CCVZ
[02:20:50] [263/459] NCCK
[02:20:51] [264/459] MCHR
[02:20:52] [265/459] SCHT
[02:20:52] [266/459] ESSH
[02:20:53] [267/459] CUJC
[02:20:55] [268/459] PECP
[02:20:56] [269/459] PMMI
[02:20:57] [270/459] PCCH
[02:20:57] 🔄 Identity reset
[02:20:57] 🔄 Identity rotated (every 10 requests)
[02:20:58] [271/459] PRPM
[02:20:59] [272/459] PVKL
[02:21:01] [273/459] CBSM
[02:21:02] [274/459] PVCZ
[02:21:03] [275/459] PCVV
[02:21:04] [276/459] CTMJ
[02:21:05] [277/459] RCPS
[02:21:07] [278/459] PCIT
[02:21:08] [279/459] FNCH
[02:21:09] [280/459] INZD
[02:21:10] 🔄 Identity reset
[02:21:10] 🔄 Identity rotated (every 10 requests)
[02:21:10] [281/459] INPC
[02:21:11] [282/459] LCZP
[02:21:12] [283/459] SMCB
[02:21:13] [284/459] PTSB
[02:21:14] [285/459] TPSI
[02:21:15] [286/459] KHMJ
[02:21:16] [287/459] RCCJ
[02:21:17] [288/459] NCJA
[02:21:19] [289/459] NCJN
[02:21:20] [290/459] BTDP
[02:21:21] 🔄 Identity reset
[02:21:21] 🔄 Identity rotated (every 10 requests)
[02:21:21] [291/459] PADY
[02:21:22] [292/459] NYBH
[02:21:23] [293/459] MTBR
[02:21:24] [294/459] KRBC
[02:21:25] [295/459] DKTI
[02:21:26] [296/459] ANAN
[02:21:27] [297/459] INBP
[02:21:28] [298/459] PATB
[02:21:29] [299/459] RGNT
[02:21:30] [300/459] CGPM
[02:21:31] 🔄 Identity reset
[02:21:31] 🔄 Identity rotated (every 10 requests)
[02:21:31] [301/459] INTN
[02:21:32] [302/459] MCMP
[02:21:33] [303/459] ASRG
[02:21:34] [304/459] CXJD
[02:21:35] [305/459] SPCP
[02:21:36] [306/459] CSTP
[02:21:37] [307/459] PKVC
[02:21:38] [308/459] ESCP
[02:21:39] [309/459] CAEP
[02:21:40] [310/459] CCSP
[02:21:41] 🔄 Identity reset
[02:21:41] 🔄 Identity rotated (every 10 requests)
[02:21:41] [311/459] KTPC
[02:21:42] [312/459] DACA
[02:21:43] [313/459] NVKY
[02:21:44] [314/459] PTIN
[02:21:46] [315/459] SCIN
[02:21:47] [316/459] MCTY
[02:21:48] [317/459] PCMX
[02:21:49] [318/459] INIC
[02:21:50] [319/459] MMZM
[02:21:51] [320/459] SSLP
[02:21:52] 🔄 Identity reset
[02:21:52] 🔄 Identity rotated (every 10 requests)
[02:21:52] [321/459] DTDT
[02:21:53] [322/459] FFCX
[02:21:54] [323/459] RCMM
[02:21:55] [324/459] KYID
[02:21:56] [325/459] CSCI
[02:21:57] [326/459] FCMC
[02:21:57] [327/459] MMXI
[02:21:58] [328/459] ASTC
[02:21:59] [329/459] CMRA
[02:22:00] [330/459] DICI
[02:22:01] 🔄 Identity reset
[02:22:01] 🔄 Identity rotated (every 10 requests)
[02:22:01] [331/459] KDIN
[02:22:03] [332/459] PRFI
[02:22:04] [333/459] SVFC
[02:22:04] [334/459] UCPL
[02:22:05] [335/459] COOC
[02:22:06] [336/459] SCAL
[02:22:07] [337/459] SVFF
[02:22:08] [338/459] VCMG
[02:22:09] [339/459] UUCT
[02:22:09] [340/459] GCSE
[02:22:10] 🔄 Identity reset
[02:22:10] 🔄 Identity rotated (every 10 requests)
[02:22:10] [341/459] SUSC
[02:22:11] [342/459] MISC
[02:22:12] [343/459] RMBL
[02:22:13] [344/459] CMXN
[02:22:15] [345/459] PVBK
[02:22:15] [346/459] HHCG
[02:22:16] [347/459] SCAG
[02:22:17] [348/459] CNPR
[02:22:18] [349/459] CSER
[02:22:19] [350/459] HLWD
[02:22:20] 🔄 Identity reset
[02:22:20] 🔄 Identity rotated (every 10 requests)
[02:22:20] [351/459] BOLY
[02:22:21] [352/459] SSPG
[02:22:22] [353/459] MUPX
[02:22:23] [354/459] HAMR
[02:22:24] [355/459] SDNC
[02:22:25] [356/459] RTEN
[02:22:26] [357/459] SDTD
[02:22:27] [358/459] KAWS
[02:22:28] [359/459] CMZX
[02:22:28] [360/459] DCDD
[02:22:29] 🔄 Identity reset
[02:22:29] 🔄 Identity rotated (every 10 requests)
[02:22:29] [361/459] ALSN
[02:22:31] [362/459] IMXS
[02:22:31] [363/459] PVFF
[02:22:32] [364/459] PVOO
[02:22:33] [365/459] CFBS
[02:22:34] [366/459] PVER
[02:22:35] [367/459] PPNX
[02:22:36] [368/459] CNRM
[02:22:37] [369/459] PVWW
[02:22:37] [370/459] INMB
[02:22:38] 🔄 Identity reset
[02:22:38] 🔄 Identity rotated (every 10 requests)
[02:22:39] [371/459] CPJR
[02:22:40] [372/459] INRZ
[02:22:41] [373/459] PMSR
[02:22:41] [374/459] GPGM
[02:22:42] [375/459] PGWB
[02:22:43] [376/459] PMBR
[02:22:44] [377/459] GPAM
[02:22:45] [378/459] INBC
[02:22:46] [379/459] PZVK
[02:22:47] [380/459] CPEB
[02:22:48] 🔄 Identity reset
[02:22:48] 🔄 Identity rotated (every 10 requests)
[02:22:48] [381/459] FMLB
[02:22:49] [382/459] INBG
[02:22:50] [383/459] GPBR
[02:22:51] [384/459] PAAS
[02:22:52] [385/459] VTBR
[02:22:53] [386/459] GPMY
[02:22:54] [387/459] GYBU
[02:22:55] [388/459] INBJ
[02:22:56] [389/459] LKTH
[02:22:57] [390/459] NSBR
[02:22:57] 🔄 Identity reset
[02:22:57] 🔄 Identity rotated (every 10 requests)
[02:22:58] [391/459] PDRD
[02:22:59] [392/459] VRBL
[02:23:01] [393/459] VTGB
[02:23:01] [394/459] VTSK
[02:23:02] [395/459] BKDV
[02:23:03] [396/459] SVTB
[02:23:04] [397/459] MLDT
[02:23:05] [398/459] NRBL
[02:23:06] [399/459] SLTR
[02:23:07] [400/459] VNKA
[02:23:07] 🔄 Identity reset
[02:23:07] 🔄 Identity rotated (every 10 requests)
[02:23:08] [401/459] TDCA
[02:23:09] [402/459] INBM
[02:23:09] [403/459] SSNR
[02:23:10] [404/459] BHAC
[02:23:11] [405/459] SDSD
[02:23:12] [406/459] SAMP
[02:23:13] [407/459] RATK
[02:23:14] [408/459] KCBI
[02:23:14] [409/459] URBL
[02:23:15] [410/459] MKBG
[02:23:16] 🔄 Identity reset
[02:23:16] 🔄 Identity rotated (every 10 requests)
[02:23:16] [411/459] ASTB
[02:23:17] [412/459] VBWT
[02:23:18] [413/459] GPSM
[02:23:19] [414/459] ROON
[02:23:20] [415/459] CHTH
[02:23:21] [416/459] SSPA
[02:23:22] [417/459] ANBL
[02:23:23] [418/459] VTBE
[02:23:24] [419/459] SVKT
[02:23:25] [420/459] SVYK
[02:23:25] 🔄 Identity reset
[02:23:25] 🔄 Identity rotated (every 10 requests)
[02:23:26] [421/459] PTBK
[02:23:27] [422/459] RKTB
[02:23:28] [423/459] BALT
[02:23:29] [424/459] STSV
[02:23:30] [425/459] VCCB
[02:23:31] [426/459] SLTB
[02:23:32] [427/459] SBCR
[02:23:32] [428/459] VDCS
[02:23:33] [429/459] MDKI
[02:23:35] [430/459] SMRN
[02:23:36] 🔄 Identity reset
[02:23:36] 🔄 Identity rotated (every 10 requests)
[02:23:36] [431/459] PTBC
[02:23:37] [432/459] RADI
[02:23:38] [433/459] ADCR
[02:23:39] [434/459] SDCS
[02:23:40] [435/459] SRPJ
[02:23:41] [436/459] ARTS
[02:23:42] [437/459] SRHK
[02:23:43] [438/459] SPAY
[02:23:44] [439/459] GPTB
[02:23:45] [440/459] SNNN
[02:23:45] 🔄 Identity reset
[02:23:45] 🔄 Identity rotated (every 10 requests)
[02:23:45] [441/459] BALJ
[02:23:46] [442/459] TRIG
[02:23:47] [443/459] GTYT
[02:23:48] [444/459] ATGN
[02:23:49] [445/459] ANTE
[02:23:51] [446/459] BDCG
[02:23:51] [447/459] VECI
[02:23:52] [448/459] SCPR
[02:23:53] [449/459] RTEA
[02:23:54] [450/459] JSAI
[02:23:55] 🔄 Identity reset
[02:23:55] 🔄 Identity rotated (every 10 requests)
[02:23:55] [451/459] VJTP
[02:23:56] [452/459] GNDS
[02:23:57] [453/459] PAXA
[02:23:58] [454/459] CGGM
[02:23:59] [455/459] ACKZ
[02:24:00] [456/459] EMCC
[02:24:00] [457/459] KLSK
[02:24:01] [458/459] AVCK
[02:24:02] [459/459] JTCK
[02:24:04] ✅ DONE | Shows=0 | Movies=0
[03:16:45] 🚀 BMS DAILY TRACKER STARTED (enhanced anti‑detection)
[03:16:45] [1/459] NECA
[03:16:45] 🧠 New identity created
[03:16:46] [2/459] BJLC
[03:16:47] [3/459] BASU
[03:16:48] [4/459] RUPI
[03:16:49] [5/459] LCBK
[03:16:50] [6/459] PMAC
[03:16:51] [7/459] AMLC
[03:16:52] [8/459] LICL
[03:16:53] [9/459] UDMM
[03:16:54] [10/459] STBZ
[03:16:55] 🔄 Identity reset
[03:16:55] 🔄 Identity rotated (every 10 requests)
[03:16:55] [11/459] UUBT
[03:16:56] [12/459] SJKC
[03:16:57] [13/459] TUAL
[03:16:58] [14/459] MRSE
[03:16:59] [15/459] RMRK
[03:17:00] [16/459] TTKP
[03:17:00] [17/459] KTKO
[03:17:01] [18/459] SDBK
[03:17:02] [19/459] MCPR
[03:17:03] [20/459] CHTI
[03:17:04] 🔄 Identity reset
[03:17:04] 🔄 Identity rotated (every 10 requests)
[03:17:05] [21/459] GCCP
[03:17:06] [22/459] SRMY
[03:17:08] [23/459] NYST
[03:17:09] [24/459] NYAG
[03:17:10] [25/459] SBMT
[03:17:11] [26/459] INGA
[03:17:12] [27/459] WSIC
[03:17:13] [28/459] SCSS
[03:17:14] [29/459] COPG
[03:17:15] [30/459] RCGR
[03:17:15] 🔄 Identity reset
[03:17:15] 🔄 Identity rotated (every 10 requests)
[03:17:16] [31/459] TCZA
[03:17:17] [32/459] CNLP
[03:17:18] [33/459] CLKN
[03:17:19] [34/459] LHDF
[03:17:20] [35/459] ELKC
[03:17:21] [36/459] VCEM
[03:17:22] [37/459] SSZA
[03:17:23] [38/459] KRMT
[03:17:24] [39/459] LCMV
[03:17:25] [40/459] AYCZ
[03:17:26] 🔄 Identity reset
[03:17:26] 🔄 Identity rotated (every 10 requests)
[03:17:26] [41/459] CUMS
[03:17:27] [42/459] BOCK
[03:17:28] [43/459] PNMR
[03:17:29] [44/459] PJCP
[03:17:30] [45/459] JDDD
[03:17:31] [46/459] STMS
[03:17:32] [47/459] FLMB
[03:17:33] [48/459] PKCM
[03:17:34] [49/459] SPPR
[03:17:35] [50/459] EYLH
[03:17:36] 🔄 Identity reset
[03:17:36] 🔄 Identity rotated (every 10 requests)
[03:17:36] [51/459] RJCC
[03:17:37] [52/459] MMPS
[03:17:38] [53/459] SHMX
[03:17:40] [54/459] CCNL
[03:17:41] [55/459] RCNV
[03:17:42] [56/459] MAAG
[03:17:43] [57/459] LXCM
[03:17:44] [58/459] RCNI
[03:17:45] [59/459] SNNI
[03:17:46] [60/459] LALC
[03:17:46] 🔄 Identity reset
[03:17:46] 🔄 Identity rotated (every 10 requests)
[03:17:47] [61/459] SOCN
[03:17:48] [62/459] JHTP
[03:17:49] [63/459] PITP
[03:17:50] [64/459] CCKW
[03:17:50] [65/459] MCMC
[03:17:51] [66/459] DEES
[03:17:52] [67/459] SABT
[03:17:53] [68/459] VSPP
[03:17:54] [69/459] ABCT
[03:17:55] [70/459] JVTB
[03:17:56] 🔄 Identity reset
[03:17:56] 🔄 Identity rotated (every 10 requests)
[03:17:56] [71/459] VCBD
[03:17:57] [72/459] RMGG
[03:17:58] [73/459] RNMH
[03:17:59] [74/459] SPGL
[03:18:00] [75/459] JTTR
[03:18:00] [76/459] SICS
[03:18:01] [77/459] SRMI
[03:18:02] [78/459] SSIJ
[03:18:03] [79/459] KFMT
[03:18:04] [80/459] VBIT
[03:18:05] 🔄 Identity reset
[03:18:05] 🔄 Identity rotated (every 10 requests)
[03:18:05] [81/459] JKCT
[03:18:06] [82/459] GCGP
[03:18:07] [83/459] GDCS
[03:18:08] [84/459] TRBA
[03:18:10] [85/459] QUST
[03:18:11] [86/459] VSHM
[03:18:12] [87/459] SDCP
[03:18:13] [88/459] SNVS
[03:18:13] [89/459] NYTO
[03:18:14] [90/459] URWC
[03:18:15] 🔄 Identity reset
[03:18:15] 🔄 Identity rotated (every 10 requests)
[03:18:16] [91/459] GTWH
[03:18:17] [92/459] PFCM
[03:18:18] [93/459] KRTA
[03:18:19] [94/459] AXMC
[03:18:20] [95/459] EVMC
[03:18:21] [96/459] HGSM
[03:18:22] [97/459] ACVM
[03:18:23] [98/459] PSKL
[03:18:24] [99/459] RDMP
[03:18:26] [100/459] RHGH
[03:18:27] 🔄 Identity reset
[03:18:27] 🔄 Identity rotated (every 10 requests)
[03:18:27] [101/459] OMCM
[03:18:28] [102/459] DCCP
[03:18:29] [103/459] MCPB
[03:18:30] [104/459] ALCI
[03:18:31] [105/459] BLMX
[03:18:31] [106/459] BTMV
[03:18:32] [107/459] FVPN
[03:18:34] [108/459] CMAR
[03:18:35] [109/459] CEIM
[03:18:35] [110/459] CMVA
[03:18:36] 🔄 Identity reset
[03:18:36] 🔄 Identity rotated (every 10 requests)
[03:18:36] [111/459] CPIV
[03:18:37] [112/459] CNPE
[03:18:39] [113/459] COLV
[03:18:40] [114/459] DNNV
[03:18:41] [115/459] HCAD
[03:18:42] [116/459] TAKA
[03:18:43] [117/459] INVD
[03:18:44] [118/459] IRMM
[03:18:45] [119/459] INSE
[03:18:46] [120/459] MRSW
[03:18:46] 🔄 Identity reset
[03:18:46] 🔄 Identity rotated (every 10 requests)
[03:18:47] [121/459] MCVD
[03:18:48] [122/459] MCSO
[03:18:49] [123/459] PEVM
[03:18:50] [124/459] PVNL
[03:18:51] [125/459] PTCV
[03:18:52] [126/459] PRTC
[03:18:53] [127/459] RCVA
[03:18:53] [128/459] MTBN
[03:18:54] [129/459] LUCP
[03:18:55] [130/459] FMPT
[03:18:56] 🔄 Identity reset
[03:18:56] 🔄 Identity rotated (every 10 requests)
[03:18:56] [131/459] JLSL
[03:18:57] [132/459] SBHA
[03:18:59] [133/459] SHRC
[03:19:00] [134/459] AVPS
[03:19:01] [135/459] STPM
[03:19:02] [136/459] ATRD
[03:19:03] [137/459] VTED
[03:19:04] [138/459] ACAI
[03:19:05] [139/459] SMAE
[03:19:06] [140/459] VMAT
[03:19:06] 🔄 Identity reset
[03:19:06] 🔄 Identity rotated (every 10 requests)
[03:19:07] [141/459] LKCT
[03:19:08] [142/459] JTVK
[03:19:08] [143/459] PRTY
[03:19:09] [144/459] GETT
[03:19:10] [145/459] ESAP
[03:19:11] [146/459] NCPM
[03:19:12] [147/459] PCPA
[03:19:13] [148/459] MMOM
[03:19:14] [149/459] PHUP
[03:19:15] [150/459] CCPI
[03:19:16] 🔄 Identity reset
[03:19:16] 🔄 Identity rotated (every 10 requests)
[03:19:16] [151/459] CNTD
[03:19:18] [152/459] NLJR
[03:19:19] [153/459] SRNG
[03:19:20] [154/459] MHAL
[03:19:21] [155/459] PNSM
[03:19:22] [156/459] DRMY
[03:19:23] [157/459] CCMU
[03:19:24] [158/459] SCMY
[03:19:25] [159/459] PVSY
[03:19:26] [160/459] SDLM
[03:19:26] 🔄 Identity reset
[03:19:26] 🔄 Identity rotated (every 10 requests)
[03:19:26] [161/459] ICCM
[03:19:27] [162/459] PYSU
[03:19:28] [163/459] GATM
[03:19:29] [164/459] WOTM
[03:19:30] [165/459] RKTS
[03:19:30] [166/459] PMTY
[03:19:31] [167/459] LYMS
[03:19:32] [168/459] TGCA
[03:19:34] [169/459] DSTA
[03:19:35] [170/459] CNGE
[03:19:36] 🔄 Identity reset
[03:19:36] 🔄 Identity rotated (every 10 requests)
[03:19:36] [171/459] VSTG
[03:19:37] [172/459] GTCK
[03:19:38] [173/459] TGNT
[03:19:39] [174/459] ASLC
[03:19:41] [175/459] SSST
[03:19:42] [176/459] KBTT
[03:19:43] [177/459] HKCP
[03:19:44] [178/459] SWLC
[03:19:44] [179/459] RTND
[03:19:45] [180/459] PKKT
[03:19:46] 🔄 Identity reset
[03:19:46] 🔄 Identity rotated (every 10 requests)
[03:19:46] [181/459] HSTK
[03:19:47] [182/459] SPTT
[03:19:48] [183/459] IMPM
[03:19:49] [184/459] SCMV
[03:19:50] [185/459] SPCT
[03:19:51] [186/459] JBCA
[03:19:52] [187/459] ATTR
[03:19:53] [188/459] SPMT
[03:19:53] [189/459] LCTM
[03:19:54] [190/459] SCVL
[03:19:55] 🔄 Identity reset
[03:19:55] 🔄 Identity rotated (every 10 requests)
[03:19:55] [191/459] SCVT
[03:19:56] [192/459] KRIC
[03:19:57] [193/459] CTMG
[03:19:58] [194/459] ACNC
[03:19:59] [195/459] DMCK
[03:20:00] [196/459] KMTV
[03:20:01] [197/459] PFCJ
[03:20:01] [198/459] VNMD
[03:20:02] [199/459] VPCZ
[03:20:03] [200/459] SRYR
[03:20:04] 🔄 Identity reset
[03:20:04] 🔄 Identity rotated (every 10 requests)
[03:20:04] [201/459] SYTR
[03:20:05] [202/459] GATR
[03:20:06] [203/459] URTR
[03:20:07] [204/459] MKSM
[03:20:08] [205/459] VSMH
[03:20:09] [206/459] SKRJ
[03:20:10] [207/459] SSJR
[03:20:11] [208/459] SVSM
[03:20:12] [209/459] RUCM
[03:20:13] [210/459] PRKN
[03:20:13] 🔄 Identity reset
[03:20:14] 🔄 Identity rotated (every 10 requests)
[03:20:14] [211/459] RROH
[03:20:15] [212/459] SCTN
[03:20:16] [213/459] RTDM
[03:20:17] [214/459] ASRM
[03:20:18] [215/459] SKMD
[03:20:19] [216/459] SUTD
[03:20:20] [217/459] SADM
[03:20:21] [218/459] WCNR
[03:20:22] [219/459] CNED
[03:20:22] [220/459] MPDB
[03:20:23] 🔄 Identity reset
[03:20:23] 🔄 Identity rotated (every 10 requests)
[03:20:23] [221/459] KTBH
[03:20:24] [222/459] IDRM
[03:20:25] [223/459] PJJT
[03:20:27] [224/459] PFCV
[03:20:28] [225/459] AACT
[03:20:29] [226/459] AAAD
[03:20:30] [227/459] ANES
[03:20:30] [228/459] MNCA
[03:20:31] [229/459] RMGU
[03:20:33] [230/459] DLCN
[03:20:34] 🔄 Identity reset
[03:20:34] 🔄 Identity rotated (every 10 requests)
[03:20:34] [231/459] LJWT
[03:20:35] [232/459] MCBG
[03:20:36] [233/459] MYBG
[03:20:37] [234/459] GCCA
[03:20:38] [235/459] GCGA
[03:20:39] [236/459] ECGN
[03:20:41] [237/459] PRAB
[03:20:41] [238/459] PNMP
[03:20:43] [239/459] GCPT
[03:20:44] [240/459] ROYN
[03:20:45] 🔄 Identity reset
[03:20:45] 🔄 Identity rotated (every 10 requests)
[03:20:45] [241/459] VATM
[03:20:46] [242/459] KSNT
[03:20:47] [243/459] ACTC
[03:20:48] [244/459] PLTD
[03:20:49] [245/459] SKMK
[03:20:51] [246/459] CMTT
[03:20:52] [247/459] SMXP
[03:20:53] [248/459] SCMX
[03:20:54] [249/459] ACXN
[03:20:54] [250/459] ASWT
[03:20:55] 🔄 Identity reset
[03:20:55] 🔄 Identity rotated (every 10 requests)
[03:20:55] [251/459] VVVL
[03:20:57] [252/459] NAGO
[03:20:57] [253/459] SNCN
[03:20:58] [254/459] MCKP
[03:20:59] [255/459] SAMO
[03:21:01] [256/459] JBTV
[03:21:02] [257/459] DCVV
[03:21:02] [258/459] KMSV
[03:21:03] [259/459] KDCN
[03:21:04] [260/459] CNCP
[03:21:05] 🔄 Identity reset
[03:21:05] 🔄 Identity rotated (every 10 requests)
[03:21:05] [261/459] HAMC
[03:21:07] [262/459] CCVZ
[03:21:08] [263/459] NCCK
[03:21:09] [264/459] MCHR
[03:21:10] [265/459] SCHT
[03:21:11] [266/459] ESSH
[03:21:12] [267/459] CUJC
[03:21:14] [268/459] PECP
[03:21:15] [269/459] PMMI
[03:21:15] [270/459] PCCH
[03:21:16] 🔄 Identity reset
[03:21:16] 🔄 Identity rotated (every 10 requests)
[03:21:16] [271/459] PRPM
[03:21:17] [272/459] PVKL
[03:21:18] [273/459] CBSM
[03:21:19] [274/459] PVCZ
[03:21:20] [275/459] PCVV
[03:21:21] [276/459] CTMJ
[03:21:22] [277/459] RCPS
[03:21:23] [278/459] PCIT
[03:21:24] [279/459] FNCH
[03:21:25] [280/459] INZD
[03:21:26] 🔄 Identity reset
[03:21:26] 🔄 Identity rotated (every 10 requests)
[03:21:26] [281/459] INPC
[03:21:27] [282/459] LCZP
[03:21:28] [283/459] SMCB
[03:21:29] [284/459] PTSB
[03:21:30] [285/459] TPSI
[03:21:31] [286/459] KHMJ
[03:21:32] [287/459] RCCJ
[03:21:33] [288/459] NCJA
[03:21:34] [289/459] NCJN
[03:21:34] [290/459] BTDP
[03:21:35] 🔄 Identity reset
[03:21:35] 🔄 Identity rotated (every 10 requests)
[03:21:35] [291/459] PADY
[03:21:37] [292/459] NYBH
[03:21:38] [293/459] MTBR
[03:21:40] [294/459] KRBC
[03:21:41] [295/459] DKTI
[03:21:41] [296/459] ANAN
[03:21:42] [297/459] INBP
[03:21:43] [298/459] PATB
[03:21:45] [299/459] RGNT
[03:21:46] [300/459] CGPM
[03:21:47] 🔄 Identity reset
[03:21:47] 🔄 Identity rotated (every 10 requests)
[03:21:47] [301/459] INTN
[03:21:48] [302/459] MCMP
[03:21:49] [303/459] ASRG
[03:21:50] [304/459] CXJD
[03:21:51] [305/459] SPCP
[03:21:52] [306/459] CSTP
[03:21:53] [307/459] PKVC
[03:21:54] [308/459] ESCP
[03:21:55] [309/459] CAEP
[03:21:56] [310/459] CCSP
[03:21:56] 🔄 Identity reset
[03:21:56] 🔄 Identity rotated (every 10 requests)
[03:21:57] [311/459] KTPC
[03:21:58] [312/459] DACA
[03:21:59] [313/459] NVKY
[03:22:00] [314/459] PTIN
[03:22:01] [315/459] SCIN
[03:22:02] [316/459] MCTY
[03:22:04] [317/459] PCMX
[03:22:05] [318/459] INIC
[03:22:06] [319/459] MMZM
[03:22:07] [320/459] SSLP
[03:22:07] 🔄 Identity reset
[03:22:07] 🔄 Identity rotated (every 10 requests)
[03:22:09] [321/459] DTDT
[03:22:10] [322/459] FFCX
[03:22:10] [323/459] RCMM
[03:22:11] [324/459] KYID
[03:22:12] [325/459] CSCI
[03:22:13] [326/459] FCMC
[03:22:14] [327/459] MMXI
[03:22:15] [328/459] ASTC
[03:22:16] [329/459] CMRA
[03:22:17] [330/459] DICI
[03:22:18] 🔄 Identity reset
[03:22:18] 🔄 Identity rotated (every 10 requests)
[03:22:18] [331/459] KDIN
[03:22:19] [332/459] PRFI
[03:22:20] [333/459] SVFC
[03:22:21] [334/459] UCPL
[03:22:22] [335/459] COOC
[03:22:23] [336/459] SCAL
[03:22:24] [337/459] SVFF
[03:22:25] [338/459] VCMG
[03:22:26] [339/459] UUCT
[03:22:27] [340/459] GCSE
[03:22:28] 🔄 Identity reset
[03:22:28] 🔄 Identity rotated (every 10 requests)
[03:22:28] [341/459] SUSC
[03:22:29] [342/459] MISC
[03:22:31] [343/459] RMBL
[03:22:32] [344/459] CMXN
[03:22:33] [345/459] PVBK
[03:22:34] [346/459] HHCG
[03:22:35] [347/459] SCAG
[03:22:36] [348/459] CNPR
[03:22:37] [349/459] CSER
[03:22:37] [350/459] HLWD
[03:22:38] 🔄 Identity reset
[03:22:38] 🔄 Identity rotated (every 10 requests)
[03:22:38] [351/459] BOLY
[03:22:39] [352/459] SSPG
[03:22:40] [353/459] MUPX
[03:22:41] [354/459] HAMR
[03:22:42] [355/459] SDNC
[03:22:44] [356/459] RTEN
[03:22:45] [357/459] SDTD
[03:22:46] [358/459] KAWS
[03:22:47] [359/459] CMZX
[03:22:48] [360/459] DCDD
[03:22:48] 🔄 Identity reset
[03:22:48] 🔄 Identity rotated (every 10 requests)
[03:22:49] [361/459] ALSN
[03:22:50] [362/459] IMXS
[03:22:51] [363/459] PVFF
[03:22:52] [364/459] PVOO
[03:22:53] [365/459] CFBS
[03:22:54] [366/459] PVER
[03:22:55] [367/459] PPNX
[03:22:56] [368/459] CNRM
[03:22:57] [369/459] PVWW
[03:22:59] [370/459] INMB
[03:23:00] 🔄 Identity reset
[03:23:00] 🔄 Identity rotated (every 10 requests)
[03:23:00] [371/459] CPJR
[03:23:01] [372/459] INRZ
[03:23:02] [373/459] PMSR
[03:23:03] [374/459] GPGM
[03:23:04] [375/459] PGWB
[03:23:05] [376/459] PMBR
[03:23:06] [377/459] GPAM
[03:23:07] [378/459] INBC
[03:23:08] [379/459] PZVK
[03:23:09] [380/459] CPEB
[03:23:09] 🔄 Identity reset
[03:23:09] 🔄 Identity rotated (every 10 requests)
[03:23:10] [381/459] FMLB
[03:23:11] [382/459] INBG
[03:23:12] [383/459] GPBR
[03:23:13] [384/459] PAAS
[03:23:14] [385/459] VTBR
[03:23:16] [386/459] GPMY
[03:23:17] [387/459] GYBU
[03:23:18] [388/459] INBJ
[03:23:19] [389/459] LKTH
[03:23:19] [390/459] NSBR
[03:23:20] 🔄 Identity reset
[03:23:20] 🔄 Identity rotated (every 10 requests)
[03:23:20] [391/459] PDRD
[03:23:21] [392/459] VRBL
[03:23:22] [393/459] VTGB
[03:23:23] [394/459] VTSK
[03:23:24] [395/459] BKDV
[03:23:25] [396/459] SVTB
[03:23:26] [397/459] MLDT
[03:23:27] [398/459] NRBL
[03:23:28] [399/459] SLTR
[03:23:29] [400/459] VNKA
[03:23:30] 🔄 Identity reset
[03:23:30] 🔄 Identity rotated (every 10 requests)
[03:23:30] [401/459] TDCA
[03:23:31] [402/459] INBM
[03:23:32] [403/459] SSNR
[03:23:34] [404/459] BHAC
[03:23:35] [405/459] SDSD
[03:23:36] [406/459] SAMP
[03:23:36] [407/459] RATK
[03:23:38] [408/459] KCBI
[03:23:39] [409/459] URBL
[03:23:40] [410/459] MKBG
[03:23:41] 🔄 Identity reset
[03:23:41] 🔄 Identity rotated (every 10 requests)
[03:23:41] [411/459] ASTB
[03:23:42] [412/459] VBWT
[03:23:44] [413/459] GPSM
[03:23:45] [414/459] ROON
[03:23:46] [415/459] CHTH
[03:23:48] [416/459] SSPA
[03:23:49] [417/459] ANBL
[03:23:50] [418/459] VTBE
[03:23:51] [419/459] SVKT
[03:23:52] [420/459] SVYK
[03:23:52] 🔄 Identity reset
[03:23:52] 🔄 Identity rotated (every 10 requests)
[03:23:53] [421/459] PTBK
[03:23:53] [422/459] RKTB
[03:23:55] [423/459] BALT
[03:23:56] [424/459] STSV
[03:23:57] [425/459] VCCB
[03:23:57] [426/459] SLTB
[03:23:58] [427/459] SBCR
[03:23:59] [428/459] VDCS
[03:24:00] [429/459] MDKI
[03:24:01] [430/459] SMRN
[03:24:02] 🔄 Identity reset
[03:24:02] 🔄 Identity rotated (every 10 requests)
[03:24:03] [431/459] PTBC
[03:24:04] [432/459] RADI
[03:24:04] [433/459] ADCR
[03:24:05] [434/459] SDCS
[03:24:06] [435/459] SRPJ
[03:24:07] [436/459] ARTS
[03:24:08] [437/459] SRHK
[03:24:09] [438/459] SPAY
[03:24:10] [439/459] GPTB
[03:24:11] [440/459] SNNN
[03:24:12] 🔄 Identity reset
[03:24:12] 🔄 Identity rotated (every 10 requests)
[03:24:12] [441/459] BALJ
[03:24:13] [442/459] TRIG
[03:24:14] [443/459] GTYT
[03:24:15] [444/459] ATGN
[03:24:16] [445/459] ANTE
[03:24:17] [446/459] BDCG
[03:24:17] [447/459] VECI
[03:24:19] [448/459] SCPR
[03:24:20] [449/459] RTEA
[03:24:20] [450/459] JSAI
[03:24:21] 🔄 Identity reset
[03:24:21] 🔄 Identity rotated (every 10 requests)
[03:24:22] [451/459] VJTP
[03:24:22] [452/459] GNDS
[03:24:24] [453/459] PAXA
[03:24:24] [454/459] CGGM
[03:24:25] [455/459] ACKZ
[03:24:27] [456/459] EMCC
[03:24:28] [457/459] KLSK
[03:24:29] [458/459] AVCK
[03:24:30] [459/459] JTCK
[03:24:31] ✅ DONE | Shows=6 | Movies=4
[04:16:30] 🚀 BMS DAILY TRACKER STARTED (enhanced anti‑detection)
[04:16:30] [1/459] NECA
[04:16:30] 🧠 New identity created
[04:16:31] [2/459] BJLC
[04:16:32] [3/459] BASU
[04:16:32] [4/459] RUPI
[04:16:33] [5/459] LCBK
[04:16:34] [6/459] PMAC
[04:16:35] [7/459] AMLC
[04:16:36] [8/459] LICL
[04:16:37] [9/459] UDMM
[04:16:38] [10/459] STBZ
[04:16:38] 🔄 Identity reset
[04:16:38] 🔄 Identity rotated (every 10 requests)
[04:16:39] [11/459] UUBT
[04:16:40] [12/459] SJKC
[04:16:41] [13/459] TUAL
[04:16:42] [14/459] MRSE
[04:16:42] [15/459] RMRK
[04:16:43] [16/459] TTKP
[04:16:44] [17/459] KTKO
[04:16:45] [18/459] SDBK
[04:16:46] [19/459] MCPR
[04:16:48] [20/459] CHTI
[04:16:48] 🔄 Identity reset
[04:16:48] 🔄 Identity rotated (every 10 requests)
[04:16:48] [21/459] GCCP
[04:16:49] [22/459] SRMY
[04:16:50] [23/459] NYST
[04:16:51] [24/459] NYAG
[04:16:52] [25/459] SBMT
[04:16:53] [26/459] INGA
[04:16:54] [27/459] WSIC
[04:16:55] [28/459] SCSS
[04:16:56] [29/459] COPG
[04:16:57] [30/459] RCGR
[04:16:58] 🔄 Identity reset
[04:16:58] 🔄 Identity rotated (every 10 requests)
[04:16:58] [31/459] TCZA
[04:17:00] [32/459] CNLP
[04:17:01] [33/459] CLKN
[04:17:02] [34/459] LHDF
[04:17:03] [35/459] ELKC
[04:17:04] [36/459] VCEM
[04:17:05] [37/459] SSZA
[04:17:06] [38/459] KRMT
[04:17:07] [39/459] LCMV
[04:17:07] [40/459] AYCZ
[04:17:08] 🔄 Identity reset
[04:17:08] 🔄 Identity rotated (every 10 requests)
[04:17:08] [41/459] CUMS
[04:17:10] [42/459] BOCK
[04:17:11] [43/459] PNMR
[04:17:12] [44/459] PJCP
[04:17:13] [45/459] JDDD
[04:17:14] [46/459] STMS
[04:17:15] [47/459] FLMB
[04:17:15] [48/459] PKCM
[04:17:16] [49/459] SPPR
[04:17:17] [50/459] EYLH
[04:17:18] 🔄 Identity reset
[04:17:18] 🔄 Identity rotated (every 10 requests)
[04:17:18] [51/459] RJCC
[04:17:19] [52/459] MMPS
[04:17:20] [53/459] SHMX
[04:17:21] [54/459] CCNL
[04:17:23] [55/459] RCNV
[04:17:24] [56/459] MAAG
[04:17:24] [57/459] LXCM
[04:17:25] [58/459] RCNI
[04:17:26] [59/459] SNNI
[04:17:27] [60/459] LALC
[04:17:28] 🔄 Identity reset
[04:17:28] 🔄 Identity rotated (every 10 requests)
[04:17:28] [61/459] SOCN
[04:17:29] [62/459] JHTP
[04:17:30] [63/459] PITP
[04:17:31] [64/459] CCKW
[04:17:32] [65/459] MCMC
[04:17:33] [66/459] DEES
[04:17:34] [67/459] SABT
[04:17:35] [68/459] VSPP
[04:17:36] [69/459] ABCT
[04:17:37] [70/459] JVTB
[04:17:37] 🔄 Identity reset
[04:17:37] 🔄 Identity rotated (every 10 requests)
[04:17:37] 🔄 Retry 1/5 for JVTB in 2.2s
[04:17:37] 🔄 Identity reset
[04:17:39] 🧠 New identity created
[04:17:40] [71/459] VCBD
[04:17:41] [72/459] RMGG
[04:17:42] [73/459] RNMH
[04:17:43] [74/459] SPGL
[04:17:44] [75/459] JTTR
[04:17:44] [76/459] SICS
[04:17:45] [77/459] SRMI
[04:17:46] [78/459] SSIJ
[04:17:47] [79/459] KFMT
[04:17:48] 🔄 Identity reset
[04:17:48] 🔄 Identity rotated (every 10 requests)
[04:17:48] [80/459] VBIT
[04:17:49] [81/459] JKCT
[04:17:50] [82/459] GCGP
[04:17:51] [83/459] GDCS
[04:17:51] [84/459] TRBA
[04:17:52] [85/459] QUST
[04:17:53] [86/459] VSHM
[04:17:54] [87/459] SDCP
[04:17:56] [88/459] SNVS
[04:17:57] [89/459] NYTO
[04:17:58] 🔄 Identity reset
[04:17:58] 🔄 Identity rotated (every 10 requests)
[04:17:58] [90/459] URWC
[04:17:59] [91/459] GTWH
[04:18:00] [92/459] PFCM
[04:18:01] [93/459] KRTA
[04:18:02] [94/459] AXMC
[04:18:03] [95/459] EVMC
[04:18:03] [96/459] HGSM
[04:18:04] [97/459] ACVM
[04:18:05] [98/459] PSKL
[04:18:06] [99/459] RDMP
[04:18:07] 🔄 Identity reset
[04:18:07] 🔄 Identity rotated (every 10 requests)
[04:18:07] [100/459] RHGH
[04:18:08] [101/459] OMCM
[04:18:09] [102/459] DCCP
[04:18:10] [103/459] MCPB
[04:18:12] [104/459] ALCI
[04:18:12] [105/459] BLMX
[04:18:13] [106/459] BTMV
[04:18:14] [107/459] FVPN
[04:18:15] [108/459] CMAR
[04:18:16] [109/459] CEIM
[04:18:17] 🔄 Identity reset
[04:18:17] 🔄 Identity rotated (every 10 requests)
[04:18:17] [110/459] CMVA
[04:18:18] [111/459] CPIV
[04:18:19] [112/459] CNPE
[04:18:20] [113/459] COLV
[04:18:20] [114/459] DNNV
[04:18:22] [115/459] HCAD
[04:18:23] [116/459] TAKA
[04:18:24] [117/459] INVD
[04:18:25] [118/459] IRMM
[04:18:26] [119/459] INSE
[04:18:26] 🔄 Identity reset
[04:18:26] 🔄 Identity rotated (every 10 requests)
[04:18:27] [120/459] MRSW
[04:18:28] [121/459] MCVD
[04:18:29] [122/459] MCSO
[04:18:30] [123/459] PEVM
[04:18:31] [124/459] PVNL
[04:18:32] [125/459] PTCV
[04:18:33] [126/459] PRTC
[04:18:34] [127/459] RCVA
[04:18:34] [128/459] MTBN
[04:18:35] [129/459] LUCP
[04:18:36] 🔄 Identity reset
[04:18:36] 🔄 Identity rotated (every 10 requests)
[04:18:36] [130/459] FMPT
[04:18:37] [131/459] JLSL
[04:18:38] [132/459] SBHA
[04:18:39] [133/459] SHRC
[04:18:40] [134/459] AVPS
[04:18:41] [135/459] STPM
[04:18:42] [136/459] ATRD
[04:18:44] [137/459] VTED
[04:18:44] [138/459] ACAI
[04:18:45] [139/459] SMAE
[04:18:46] 🔄 Identity reset
[04:18:46] 🔄 Identity rotated (every 10 requests)
[04:18:46] [140/459] VMAT
[04:18:48] [141/459] LKCT
[04:18:48] [142/459] JTVK
[04:18:49] [143/459] PRTY
[04:18:50] [144/459] GETT
[04:18:51] [145/459] ESAP
[04:18:52] [146/459] NCPM
[04:18:53] [147/459] PCPA
[04:18:54] [148/459] MMOM
[04:18:55] [149/459] PHUP
[04:18:55] 🔄 Identity reset
[04:18:55] 🔄 Identity rotated (every 10 requests)
[04:18:56] [150/459] CCPI
[04:18:56] [151/459] CNTD
[04:18:57] [152/459] NLJR
[04:18:58] [153/459] SRNG
[04:18:59] [154/459] MHAL
[04:19:00] [155/459] PNSM
[04:19:01] [156/459] DRMY
[04:19:02] [157/459] CCMU
[04:19:03] [158/459] SCMY
[04:19:04] [159/459] PVSY
[04:19:04] 🔄 Identity reset
[04:19:04] 🔄 Identity rotated (every 10 requests)
[04:19:04] 🔄 Retry 1/5 for PVSY in 2.9s
[04:19:04] 🔄 Identity reset
[04:19:07] 🧠 New identity created
[04:19:07] [160/459] SDLM
[04:19:08] [161/459] ICCM
[04:19:09] [162/459] PYSU
[04:19:10] [163/459] GATM
[04:19:11] [164/459] WOTM
[04:19:12] [165/459] RKTS
[04:19:13] [166/459] PMTY
[04:19:14] [167/459] LYMS
[04:19:15] [168/459] TGCA
[04:19:15] 🔄 Identity reset
[04:19:15] 🔄 Identity rotated (every 10 requests)
[04:19:16] [169/459] DSTA
[04:19:16] [170/459] CNGE
[04:19:17] [171/459] VSTG
[04:19:18] [172/459] GTCK
[04:19:19] [173/459] TGNT
[04:19:21] [174/459] ASLC
[04:19:22] [175/459] SSST
[04:19:23] [176/459] KBTT
[04:19:24] [177/459] HKCP
[04:19:25] [178/459] SWLC
[04:19:25] 🔄 Identity reset
[04:19:25] 🔄 Identity rotated (every 10 requests)
[04:19:26] [179/459] RTND
[04:19:27] [180/459] PKKT
[04:19:28] [181/459] HSTK
[04:19:29] [182/459] SPTT
[04:19:30] [183/459] IMPM
[04:19:31] [184/459] SCMV
[04:19:32] [185/459] SPCT
[04:19:33] [186/459] JBCA
[04:19:34] [187/459] ATTR
[04:19:35] [188/459] SPMT
[04:19:35] 🔄 Identity reset
[04:19:35] 🔄 Identity rotated (every 10 requests)
[04:19:36] [189/459] LCTM
[04:19:36] [190/459] SCVL
[04:19:37] [191/459] SCVT
[04:19:39] [192/459] KRIC
[04:19:40] [193/459] CTMG
[04:19:41] [194/459] ACNC
[04:19:42] [195/459] DMCK
[04:19:43] [196/459] KMTV
[04:19:44] [197/459] PFCJ
[04:19:45] [198/459] VNMD
[04:19:45] 🔄 Identity reset
[04:19:45] 🔄 Identity rotated (every 10 requests)
[04:19:46] [199/459] VPCZ
[04:19:47] [200/459] SRYR
[04:19:48] [201/459] SYTR
[04:19:49] [202/459] GATR
[04:19:50] [203/459] URTR
[04:19:51] [204/459] MKSM
[04:19:52] [205/459] VSMH
[04:19:53] [206/459] SKRJ
[04:19:53] [207/459] SSJR
[04:19:54] [208/459] SVSM
[04:19:55] 🔄 Identity reset
[04:19:55] 🔄 Identity rotated (every 10 requests)
[04:19:55] [209/459] RUCM
[04:19:56] [210/459] PRKN
[04:19:57] [211/459] RROH
[04:19:58] [212/459] SCTN
[04:19:59] [213/459] RTDM
[04:19:59] [214/459] ASRM
[04:20:00] [215/459] SKMD
[04:20:01] [216/459] SUTD
[04:20:02] [217/459] SADM
[04:20:03] [218/459] WCNR
[04:20:04] 🔄 Identity reset
[04:20:04] 🔄 Identity rotated (every 10 requests)
[04:20:04] [219/459] CNED
[04:20:05] [220/459] MPDB
[04:20:06] [221/459] KTBH
[04:20:07] [222/459] IDRM
[04:20:08] [223/459] PJJT
[04:20:09] [224/459] PFCV
[04:20:10] [225/459] AACT
[04:20:11] [226/459] AAAD
[04:20:11] [227/459] ANES
[04:20:13] [228/459] MNCA
[04:20:13] 🔄 Identity reset
[04:20:13] 🔄 Identity rotated (every 10 requests)
[04:20:13] [229/459] RMGU
[04:20:14] [230/459] DLCN
[04:20:15] [231/459] LJWT
[04:20:17] [232/459] MCBG
[04:20:18] [233/459] MYBG
[04:20:19] [234/459] GCCA
[04:20:20] [235/459] GCGA
[04:20:21] [236/459] ECGN
[04:20:22] [237/459] PRAB
[04:20:22] [238/459] PNMP
[04:20:23] 🔄 Identity reset
[04:20:23] 🔄 Identity rotated (every 10 requests)
[04:20:23] [239/459] GCPT
[04:20:24] [240/459] ROYN
[04:20:26] [241/459] VATM
[04:20:27] [242/459] KSNT
[04:20:28] [243/459] ACTC
[04:20:29] [244/459] PLTD
[04:20:30] [245/459] SKMK
[04:20:31] [246/459] CMTT
[04:20:32] [247/459] SMXP
[04:20:33] [248/459] SCMX
[04:20:33] 🔄 Identity reset
[04:20:33] 🔄 Identity rotated (every 10 requests)
[04:20:33] [249/459] ACXN
[04:20:34] [250/459] ASWT
[04:20:35] [251/459] VVVL
[04:20:36] [252/459] NAGO
[04:20:37] [253/459] SNCN
[04:20:38] [254/459] MCKP
[04:20:39] [255/459] SAMO
[04:20:39] [256/459] JBTV
[04:20:40] [257/459] DCVV
[04:20:41] [258/459] KMSV
[04:20:42] 🔄 Identity reset
[04:20:42] 🔄 Identity rotated (every 10 requests)
[04:20:42] [259/459] KDCN
[04:20:43] [260/459] CNCP
[04:20:44] [261/459] HAMC
[04:20:45] [262/459] CCVZ
[04:20:46] [263/459] NCCK
[04:20:47] [264/459] MCHR
[04:20:48] [265/459] SCHT
[04:20:49] [266/459] ESSH
[04:20:49] [267/459] CUJC
[04:20:50] [268/459] PECP
[04:20:51] 🔄 Identity reset
[04:20:51] 🔄 Identity rotated (every 10 requests)
[04:20:51] [269/459] PMMI
[04:20:52] [270/459] PCCH
[04:20:53] [271/459] PRPM
[04:20:54] [272/459] PVKL
[04:20:55] [273/459] CBSM
[04:20:56] [274/459] PVCZ
[04:20:57] [275/459] PCVV
[04:20:57] [276/459] CTMJ
[04:20:58] [277/459] RCPS
[04:20:59] [278/459] PCIT
[04:21:00] 🔄 Identity reset
[04:21:00] 🔄 Identity rotated (every 10 requests)
[04:21:00] [279/459] FNCH
[04:21:01] [280/459] INZD
[04:21:02] [281/459] INPC
[04:21:02] [282/459] LCZP
[04:21:03] [283/459] SMCB
[04:21:04] [284/459] PTSB
[04:21:05] [285/459] TPSI
[04:21:06] [286/459] KHMJ
[04:21:07] [287/459] RCCJ
[04:21:08] [288/459] NCJA
[04:21:08] 🔄 Identity reset
[04:21:08] 🔄 Identity rotated (every 10 requests)
[04:21:09] [289/459] NCJN
[04:21:09] [290/459] BTDP
[04:21:10] [291/459] PADY
[04:21:11] [292/459] NYBH
[04:21:12] [293/459] MTBR
[04:21:13] [294/459] KRBC
[04:21:13] [295/459] DKTI
[04:21:14] [296/459] ANAN
[04:21:15] [297/459] INBP
[04:21:16] [298/459] PATB
[04:21:17] 🔄 Identity reset
[04:21:17] 🔄 Identity rotated (every 10 requests)
[04:21:17] [299/459] RGNT
[04:21:18] [300/459] CGPM
[04:21:19] [301/459] INTN
[04:21:21] [302/459] MCMP
[04:21:22] [303/459] ASRG
[04:21:22] [304/459] CXJD
[04:21:23] [305/459] SPCP
[04:21:25] [306/459] CSTP
[04:21:26] [307/459] PKVC
[04:21:27] [308/459] ESCP
[04:21:27] 🔄 Identity reset
[04:21:27] 🔄 Identity rotated (every 10 requests)
[04:21:28] [309/459] CAEP
[04:21:28] [310/459] CCSP
[04:21:29] [311/459] KTPC
[04:21:30] [312/459] DACA
[04:21:31] [313/459] NVKY
[04:21:32] [314/459] PTIN
[04:21:33] [315/459] SCIN
[04:21:34] [316/459] MCTY
[04:21:35] [317/459] PCMX
[04:21:36] [318/459] INIC
[04:21:36] 🔄 Identity reset
[04:21:36] 🔄 Identity rotated (every 10 requests)
[04:21:37] [319/459] MMZM
[04:21:38] [320/459] SSLP
[04:21:39] [321/459] DTDT
[04:21:40] [322/459] FFCX
[04:21:41] [323/459] RCMM
[04:21:42] [324/459] KYID
[04:21:43] [325/459] CSCI
[04:21:44] [326/459] FCMC
[04:21:44] [327/459] MMXI
[04:21:46] [328/459] ASTC
[04:21:46] 🔄 Identity reset
[04:21:46] 🔄 Identity rotated (every 10 requests)
[04:21:47] [329/459] CMRA
[04:21:48] [330/459] DICI
[04:21:48] [331/459] KDIN
[04:21:49] [332/459] PRFI
[04:21:50] [333/459] SVFC
[04:21:51] [334/459] UCPL
[04:21:52] [335/459] COOC
[04:21:53] [336/459] SCAL
[04:21:54] [337/459] SVFF
[04:21:55] [338/459] VCMG
[04:21:55] 🔄 Identity reset
[04:21:55] 🔄 Identity rotated (every 10 requests)
[04:21:56] [339/459] UUCT
[04:21:57] [340/459] GCSE
[04:21:58] [341/459] SUSC
[04:21:59] [342/459] MISC
[04:22:00] [343/459] RMBL
[04:22:02] [344/459] CMXN
[04:22:03] [345/459] PVBK
[04:22:04] [346/459] HHCG
[04:22:05] [347/459] SCAG
[04:22:05] [348/459] CNPR
[04:22:06] 🔄 Identity reset
[04:22:06] 🔄 Identity rotated (every 10 requests)
[04:22:06] [349/459] CSER
[04:22:07] [350/459] HLWD
[04:22:08] [351/459] BOLY
[04:22:09] [352/459] SSPG
[04:22:10] [353/459] MUPX
[04:22:11] [354/459] HAMR
[04:22:12] [355/459] SDNC
[04:22:13] [356/459] RTEN
[04:22:13] [357/459] SDTD
[04:22:14] [358/459] KAWS
[04:22:15] 🔄 Identity reset
[04:22:15] 🔄 Identity rotated (every 10 requests)
[04:22:15] [359/459] CMZX
[04:22:16] [360/459] DCDD
[04:22:17] [361/459] ALSN
[04:22:19] [362/459] IMXS
[04:22:20] [363/459] PVFF
[04:22:20] [364/459] PVOO
[04:22:21] [365/459] CFBS
[04:22:22] [366/459] PVER
[04:22:23] [367/459] PPNX
[04:22:24] [368/459] CNRM
[04:22:25] 🔄 Identity reset
[04:22:25] 🔄 Identity rotated (every 10 requests)
[04:22:25] [369/459] PVWW
[04:22:26] [370/459] INMB
[04:22:27] [371/459] CPJR
[04:22:28] [372/459] INRZ
[04:22:29] [373/459] PMSR
[04:22:30] [374/459] GPGM
[04:22:30] [375/459] PGWB
[04:22:31] [376/459] PMBR
[04:22:32] [377/459] GPAM
[04:22:33] [378/459] INBC
[04:22:34] 🔄 Identity reset
[04:22:34] 🔄 Identity rotated (every 10 requests)
[04:22:34] [379/459] PZVK
[04:22:35] [380/459] CPEB
[04:22:36] [381/459] FMLB
[04:22:37] [382/459] INBG
[04:22:38] [383/459] GPBR
[04:22:39] [384/459] PAAS
[04:22:40] [385/459] VTBR
[04:22:41] [386/459] GPMY
[04:22:42] [387/459] GYBU
[04:22:43] [388/459] INBJ
[04:22:43] 🔄 Identity reset
[04:22:43] 🔄 Identity rotated (every 10 requests)
[04:22:44] [389/459] LKTH
[04:22:45] [390/459] NSBR
[04:22:46] [391/459] PDRD
[04:22:46] [392/459] VRBL
[04:22:47] [393/459] VTGB
[04:22:48] [394/459] VTSK
[04:22:49] [395/459] BKDV
[04:22:50] [396/459] SVTB
[04:22:51] [397/459] MLDT
[04:22:52] [398/459] NRBL
[04:22:53] 🔄 Identity reset
[04:22:53] 🔄 Identity rotated (every 10 requests)
[04:22:53] [399/459] SLTR
[04:22:54] [400/459] VNKA
[04:22:55] [401/459] TDCA
[04:22:56] [402/459] INBM
[04:22:56] [403/459] SSNR
[04:22:57] [404/459] BHAC
[04:22:58] [405/459] SDSD
[04:22:59] [406/459] SAMP
[04:23:00] [407/459] RATK
[04:23:01] [408/459] KCBI
[04:23:01] 🔄 Identity reset
[04:23:01] 🔄 Identity rotated (every 10 requests)
[04:23:01] [409/459] URBL
[04:23:02] [410/459] MKBG
[04:23:03] [411/459] ASTB
[04:23:04] [412/459] VBWT
[04:23:05] [413/459] GPSM
[04:23:06] [414/459] ROON
[04:23:07] [415/459] CHTH
[04:23:08] [416/459] SSPA
[04:23:09] [417/459] ANBL
[04:23:10] [418/459] VTBE
[04:23:11] 🔄 Identity reset
[04:23:11] 🔄 Identity rotated (every 10 requests)
[04:23:11] [419/459] SVKT
[04:23:12] [420/459] SVYK
[04:23:13] [421/459] PTBK
[04:23:14] [422/459] RKTB
[04:23:15] [423/459] BALT
[04:23:16] [424/459] STSV
[04:23:17] [425/459] VCCB
[04:23:19] [426/459] SLTB
[04:23:20] [427/459] SBCR
[04:23:21] [428/459] VDCS
[04:23:21] 🔄 Identity reset
[04:23:22] 🔄 Identity rotated (every 10 requests)
[04:23:22] [429/459] MDKI
[04:23:23] [430/459] SMRN
[04:23:24] [431/459] PTBC
[04:23:26] [432/459] RADI
[04:23:27] [433/459] ADCR
[04:23:28] [434/459] SDCS
[04:23:29] [435/459] SRPJ
[04:23:30] [436/459] ARTS
[04:23:31] [437/459] SRHK
[04:23:32] [438/459] SPAY
[04:23:33] 🔄 Identity reset
[04:23:33] 🔄 Identity rotated (every 10 requests)
[04:23:33] [439/459] GPTB
[04:23:34] [440/459] SNNN
[04:23:35] [441/459] BALJ
[04:23:36] [442/459] TRIG
[04:23:36] [443/459] GTYT
[04:23:37] [444/459] ATGN
[04:23:39] [445/459] ANTE
[04:23:40] [446/459] BDCG
[04:23:41] [447/459] VECI
[04:23:42] [448/459] SCPR
[04:23:43] 🔄 Identity reset
[04:23:43] 🔄 Identity rotated (every 10 requests)
[04:23:43] [449/459] RTEA
[04:23:44] [450/459] JSAI
[04:23:45] [451/459] VJTP
[04:23:47] [452/459] GNDS
[04:23:48] [453/459] PAXA
[04:23:49] [454/459] CGGM
[04:23:50] [455/459] ACKZ
[04:23:52] [456/459] EMCC
[04:23:53] [457/459] KLSK
[04:23:54] [458/459] AVCK
[04:23:55] 🔄 Identity reset
[04:23:55] 🔄 Identity rotated (every 10 requests)
[04:23:55] [459/459] JTCK
[04:23:56] ✅ DONE | Shows=22 | Movies=7
