[00:16:47] 🚀 BMS DAILY TRACKER STARTED (enhanced anti‑detection)
[00:16:47] [1/456] FNDB
[00:16:48] 🧠 New identity created
[00:16:48] [2/456] AMBH
[00:16:49] [3/456] PRHN
[00:16:50] [4/456] ACPM
[00:16:51] [5/456] PVFS
[00:16:52] [6/456] AACN
[00:16:53] [7/456] ACAS
[00:16:54] [8/456] CTNR
[00:16:54] [9/456] MMAH
[00:16:55] [10/456] CPMH
[00:16:56] 🔄 Identity reset
[00:16:56] 🔄 Identity rotated (every 10 requests)
[00:16:57] [11/456] IGMH
[00:16:58] [12/456] ABCS
[00:16:58] [13/456] CMMA
[00:16:59] [14/456] GPRH
[00:17:00] [15/456] PNNG
[00:17:02] [16/456] AMCA
[00:17:03] [17/456] ISTN
[00:17:04] [18/456] PIIC
[00:17:05] [19/456] AHMH
[00:17:06] [20/456] ASHN
[00:17:06] 🔄 Identity reset
[00:17:06] 🔄 Identity rotated (every 10 requests)
[00:17:06] [21/456] INHY
[00:17:07] [22/456] SRMO
[00:17:08] [23/456] PIMH
[00:17:09] [24/456] PVTS
[00:17:10] [25/456] MMCA
[00:17:11] [26/456] AKYJ
[00:17:11] [27/456] BRKH
[00:17:12] [28/456] MAHM
[00:17:13] [29/456] CPHY
[00:17:15] [30/456] PVTP
[00:17:15] 🔄 Identity reset
[00:17:15] 🔄 Identity rotated (every 10 requests)
[00:17:16] [31/456] SMMR
[00:17:16] [32/456] PVHM
[00:17:17] [33/456] SNDY
[00:17:18] [34/456] GOKU
[00:17:19] [35/456] ACEV
[00:17:19] [36/456] PVUM
[00:17:20] [37/456] VSWA
[00:17:21] [38/456] IPRS
[00:17:22] [39/456] BKMV
[00:17:23] [40/456] PVYH
[00:17:24] 🔄 Identity reset
[00:17:24] 🔄 Identity rotated (every 10 requests)
[00:17:24] [41/456] INKM
[00:17:25] [42/456] ARJU
[00:17:26] [43/456] JJPP
[00:17:27] [44/456] SSRM
[00:17:28] [45/456] HMHD
[00:17:29] [46/456] SNKH
[00:17:29] [47/456] ACHI
[00:17:31] [48/456] MRAA
[00:17:32] [49/456] INMH
[00:17:33] [50/456] ARMH
[00:17:33] 🔄 Identity reset
[00:17:33] 🔄 Identity rotated (every 10 requests)
[00:17:34] [51/456] DVRR
[00:17:34] [52/456] SUDA
[00:17:35] [53/456] MCSS
[00:17:36] [54/456] VRKC
[00:17:38] [55/456] PRCX
[00:17:39] [56/456] ASJY
[00:17:39] [57/456] MTHY
[00:17:40] [58/456] SRCM
[00:17:41] [59/456] TVHY
[00:17:42] [60/456] STHD
[00:17:42] 🔄 Identity reset
[00:17:42] 🔄 Identity rotated (every 10 requests)
[00:17:43] [61/456] CPCL
[00:17:43] [62/456] PSMJ
[00:17:44] [63/456] MRGT
[00:17:45] [64/456] ARYH
[00:17:46] [65/456] VTRB
[00:17:47] [66/456] SCHC
[00:17:48] [67/456] MRRG
[00:17:49] [68/456] SPCB
[00:17:50] [69/456] AMCM
[00:17:50] [70/456] IVNM
[00:17:51] 🔄 Identity reset
[00:17:51] 🔄 Identity rotated (every 10 requests)
[00:17:51] [71/456] TRHY
[00:17:52] [72/456] PTTH
[00:17:53] [73/456] RKMH
[00:17:53] [74/456] PRCS
[00:17:54] [75/456] VAJA
[00:17:56] [76/456] BJNG
[00:17:57] [77/456] SCVM
[00:17:58] [78/456] GNHB
[00:17:58] [79/456] TLUR
[00:18:00] [80/456] UKCC
[00:18:00] 🔄 Identity reset
[00:18:00] 🔄 Identity rotated (every 10 requests)
[00:18:01] [81/456] SRKR
[00:18:01] [82/456] RMKN
[00:18:02] [83/456] SLRT
[00:18:03] [84/456] LKMT
[00:18:04] [85/456] SSRJ
[00:18:04] [86/456] SPHT
[00:18:05] [87/456] ANTT
[00:18:06] [88/456] SRCH
[00:18:07] [89/456] SRCA
[00:18:08] [90/456] ARTH
[00:18:08] 🔄 Identity reset
[00:18:08] 🔄 Identity rotated (every 10 requests)
[00:18:08] [91/456] MCBH
[00:18:09] [92/456] SNIB
[00:18:10] [93/456] SART
[00:18:11] [94/456] SKTA
[00:18:11] [95/456] YAKT
[00:18:12] [96/456] MLCK
[00:18:13] [97/456] ANTS
[00:18:14] [98/456] DGCA
[00:18:14] [99/456] SGMP
[00:18:15] [100/456] ASWN
[00:18:16] 🔄 Identity reset
[00:18:16] 🔄 Identity rotated (every 10 requests)
[00:18:16] [101/456] KFVU
[00:18:17] [102/456] POOR
[00:18:18] [103/456] GKDN
[00:18:19] [104/456] EOSE
[00:18:20] [105/456] GTTT
[00:18:21] [106/456] ARRO
[00:18:21] [107/456] CMMK
[00:18:22] [108/456] MSCN
[00:18:23] [109/456] GDKH
[00:18:24] [110/456] DLMT
[00:18:24] 🔄 Identity reset
[00:18:24] 🔄 Identity rotated (every 10 requests)
[00:18:25] [111/456] PVMF
[00:18:25] [112/456] CPCK
[00:18:26] [113/456] VMHE
[00:18:27] [114/456] PVLC
[00:18:28] [115/456] PCVB
[00:18:29] [116/456] SNYK
[00:18:30] [117/456] KTEK
[00:18:31] [118/456] PCNM
[00:18:32] [119/456] NTTR
[00:18:33] [120/456] CPSK
[00:18:34] 🔄 Identity reset
[00:18:34] 🔄 Identity rotated (every 10 requests)
[00:18:34] [121/456] JMMA
[00:18:35] [122/456] GCFK
[00:18:36] [123/456] MYCA
[00:18:37] [124/456] KSNP
[00:18:38] [125/456] PMCE
[00:18:39] [126/456] SCKI
[00:18:40] [127/456] FSMA
[00:18:41] [128/456] CETA
[00:18:42] [129/456] MCIK
[00:18:42] [130/456] MYCR
[00:18:43] 🔄 Identity reset
[00:18:43] 🔄 Identity rotated (every 10 requests)
[00:18:44] [131/456] EVMP
[00:18:45] [132/456] SSGT
[00:18:46] [133/456] KCTK
[00:18:46] [134/456] ZTKC
[00:18:47] [135/456] MMTA
[00:18:48] [136/456] MAJT
[00:18:49] [137/456] ACPK
[00:18:49] [138/456] JMAX
[00:18:50] [139/456] SETK
[00:18:51] [140/456] CAIS
[00:18:51] 🔄 Identity reset
[00:18:51] 🔄 Identity rotated (every 10 requests)
[00:18:52] [141/456] AGCD
[00:18:52] [142/456] URCL
[00:18:53] [143/456] VTDS
[00:18:54] [144/456] JCNM
[00:18:55] [145/456] KCAM
[00:18:55] [146/456] ADCU
[00:18:56] [147/456] GXYN
[00:18:57] [148/456] SMJG
[00:18:58] [149/456] EYCJ
[00:18:59] [150/456] CCEJ
[00:19:00] 🔄 Identity reset
[00:19:00] 🔄 Identity rotated (every 10 requests)
[00:19:00] [151/456] MARS
[00:19:00] [152/456] CPVJ
[00:19:01] [153/456] INVP
[00:19:02] [154/456] CPOV
[00:19:03] [155/456] VIJK
[00:19:04] [156/456] LAIM
[00:19:05] [157/456] STHV
[00:19:05] [158/456] SVLJ
[00:19:06] [159/456] ATVJ
[00:19:07] [160/456] JTSC
[00:19:08] 🔄 Identity reset
[00:19:08] 🔄 Identity rotated (every 10 requests)
[00:19:08] [161/456] RMTV
[00:19:09] [162/456] MGGG
[00:19:10] [163/456] SWTH
[00:19:10] [164/456] INVJ
[00:19:11] [165/456] PRSV
[00:19:12] [166/456] JATV
[00:19:13] [167/456] RCVD
[00:19:13] [168/456] BDMA
[00:19:14] [169/456] BLJI
[00:19:15] [170/456] SWOT
[00:19:16] 🔄 Identity reset
[00:19:16] 🔄 Identity rotated (every 10 requests)
[00:19:16] [171/456] SWRN
[00:19:17] [172/456] TVRA
[00:19:17] [173/456] NVRN
[00:19:18] [174/456] SIKC
[00:19:19] [175/456] VAKR
[00:19:20] [176/456] SYLN
[00:19:20] [177/456] KLJL
[00:19:21] [178/456] LKMY
[00:19:22] [179/456] VSLY
[00:19:23] [180/456] CIKO
[00:19:23] 🔄 Identity reset
[00:19:23] 🔄 Identity rotated (every 10 requests)
[00:19:24] [181/456] GPBG
[00:19:25] [182/456] CECM
[00:19:25] [183/456] SLKB
[00:19:27] [184/456] MTBO
[00:19:27] [185/456] SSHB
[00:19:28] [186/456] VPCS
[00:19:29] [187/456] RCSR
[00:19:29] [188/456] RJRM
[00:19:30] [189/456] KPPB
[00:19:31] [190/456] SEDC
[00:19:31] 🔄 Identity reset
[00:19:31] 🔄 Identity rotated (every 10 requests)
[00:19:32] [191/456] SCAI
[00:19:32] [192/456] RMTR
[00:19:33] [193/456] ASST
[00:19:34] [194/456] GCAK
[00:19:35] [195/456] ANNK
[00:19:35] [196/456] KDDF
[00:19:36] [197/456] NRDP
[00:19:37] [198/456] PLAK
[00:19:38] [199/456] GCMC
[00:19:38] [200/456] ALPY
[00:19:39] 🔄 Identity reset
[00:19:39] 🔄 Identity rotated (every 10 requests)
[00:19:39] [201/456] SICE
[00:19:40] [202/456] SISR
[00:19:41] [203/456] SRPZ
[00:19:42] [204/456] SRSW
[00:19:42] [205/456] SUYA
[00:19:43] [206/456] AMMT
[00:19:44] [207/456] BHCU
[00:19:44] [208/456] KLPA
[00:19:45] [209/456] NVKH
[00:19:46] [210/456] JMRC
[00:19:47] 🔄 Identity reset
[00:19:47] 🔄 Identity rotated (every 10 requests)
[00:19:47] [211/456] KTTT
[00:19:48] [212/456] MAGH
[00:19:49] [213/456] MMMX
[00:19:49] [214/456] SALJ
[00:19:50] [215/456] GTJA
[00:19:51] [216/456] MAHT
[00:19:52] [217/456] SSNN
[00:19:53] [218/456] ARRP
[00:19:54] [219/456] ATNS
[00:19:54] [220/456] SKDT
[00:19:55] 🔄 Identity reset
[00:19:55] 🔄 Identity rotated (every 10 requests)
[00:19:55] [221/456] ACAT
[00:19:56] [222/456] APRC
[00:19:57] [223/456] SWAG
[00:19:58] [224/456] SDPT
[00:19:59] [225/456] STPS
[00:19:59] [226/456] WWCZ
[00:20:00] [227/456] LLCH
[00:20:01] [228/456] MZHA
[00:20:02] [229/456] CRJG
[00:20:03] [230/456] JGTK
[00:20:03] 🔄 Identity reset
[00:20:03] 🔄 Identity rotated (every 10 requests)
[00:20:04] [231/456] KCSR
[00:20:04] [232/456] CHTL
[00:20:05] [233/456] EDSR
[00:20:07] [234/456] CSWO
[00:20:08] [235/456] CPVM
[00:20:09] [236/456] MXBY
[00:20:09] [237/456] FMMA
[00:20:10] [238/456] POVI
[00:20:11] [239/456] MTHB
[00:20:12] [240/456] INRC
[00:20:12] 🔄 Identity reset
[00:20:12] 🔄 Identity rotated (every 10 requests)
[00:20:12] [241/456] PIPP
[00:20:13] [242/456] BMXC
[00:20:14] [243/456] PCMM
[00:20:15] [244/456] PMKM
[00:20:16] [245/456] GATY
[00:20:17] [246/456] IMCM
[00:20:17] [247/456] POPE
[00:20:18] [248/456] MTCR
[00:20:19] [249/456] PVAE
[00:20:20] [250/456] PVMI
[00:20:20] 🔄 Identity reset
[00:20:21] 🔄 Identity rotated (every 10 requests)
[00:20:21] [251/456] CPNM
[00:20:22] [252/456] FMRL
[00:20:22] [253/456] MCIW
[00:20:23] [254/456] MXBO
[00:20:24] [255/456] FMKY
[00:20:25] [256/456] FMDA
[00:20:26] [257/456] THAB
[00:20:26] [258/456] PRCW
[00:20:27] [259/456] PITI
[00:20:28] [260/456] MCFF
[00:20:28] 🔄 Identity reset
[00:20:28] 🔄 Identity rotated (every 10 requests)
[00:20:29] [261/456] PDDV
[00:20:30] [262/456] MCRM
[00:20:30] [263/456] KKMB
[00:20:31] [264/456] INKO
[00:20:32] [265/456] PLXP
[00:20:32] [266/456] MMHA
[00:20:34] [267/456] FMVS
[00:20:34] [268/456] POLM
[00:20:35] [269/456] STER
[00:20:36] [270/456] PVWJ
[00:20:37] 🔄 Identity reset
[00:20:37] 🔄 Identity rotated (every 10 requests)
[00:20:37] [271/456] IMJW
[00:20:38] [272/456] FNAN
[00:20:39] [273/456] CAGL
[00:20:39] [274/456] IPBG
[00:20:40] [275/456] SMFV
[00:20:41] [276/456] MMMR
[00:20:42] [277/456] MMWM
[00:20:43] [278/456] FNCM
[00:20:44] [279/456] MDVA
[00:20:45] [280/456] MMET
[00:20:46] 🔄 Identity reset
[00:20:46] 🔄 Identity rotated (every 10 requests)
[00:20:46] [281/456] MIDO
[00:20:46] [282/456] INNP
[00:20:47] [283/456] MIFU
[00:20:48] [284/456] MMSZ
[00:20:49] [285/456] BMXA
[00:20:50] [286/456] MCAA
[00:20:51] [287/456] SCVP
[00:20:51] [288/456] PLUS
[00:20:52] [289/456] MUCK
[00:20:53] [290/456] MTMA
[00:20:54] 🔄 Identity reset
[00:20:54] 🔄 Identity rotated (every 10 requests)
[00:20:54] [291/456] HPVR
[00:20:55] [292/456] PMPK
[00:20:56] [293/456] MAJB
[00:20:56] [294/456] CTRR
[00:20:57] [295/456] MCTG
[00:20:58] [296/456] MACE
[00:20:59] [297/456] AAAS
[00:21:00] [298/456] CPVV
[00:21:00] [299/456] RCHG
[00:21:01] [300/456] MCNE
[00:21:02] 🔄 Identity reset
[00:21:02] 🔄 Identity rotated (every 10 requests)
[00:21:02] [301/456] EMNC
[00:21:04] [302/456] MCAN
[00:21:05] [303/456] TCDM
[00:21:05] [304/456] IRGT
[00:21:06] [305/456] GCMG
[00:21:07] [306/456] MXSN
[00:21:07] [307/456] MXCK
[00:21:08] [308/456] MCRC
[00:21:09] [309/456] RSMI
[00:21:10] [310/456] WAML
[00:21:10] 🔄 Identity reset
[00:21:10] 🔄 Identity rotated (every 10 requests)
[00:21:11] [311/456] MTSC
[00:21:11] [312/456] FMDR
[00:21:12] [313/456] LEPV
[00:21:13] [314/456] MTGD
[00:21:14] [315/456] IMOB
[00:21:15] [316/456] CLMM
[00:21:16] [317/456] PZCD
[00:21:18] [318/456] GOCS
[00:21:18] [319/456] KCMA
[00:21:19] [320/456] CCMP
[00:21:20] 🔄 Identity reset
[00:21:20] 🔄 Identity rotated (every 10 requests)
[00:21:20] [321/456] MTSU
[00:21:21] [322/456] SNGL
[00:21:22] [323/456] MMMC
[00:21:22] [324/456] MMAA
[00:21:23] [325/456] GCDM
[00:21:24] [326/456] KTMV
[00:21:24] [327/456] AETE
[00:21:25] [328/456] OMCS
[00:21:26] [329/456] GDCD
[00:21:27] [330/456] NYMD
[00:21:28] 🔄 Identity reset
[00:21:28] 🔄 Identity rotated (every 10 requests)
[00:21:28] [331/456] RNCV
[00:21:29] [332/456] KKMT
[00:21:30] [333/456] GDTH
[00:21:31] [334/456] KMMV
[00:21:32] [335/456] NHCG
[00:21:33] [336/456] PJDW
[00:21:33] [337/456] MMCV
[00:21:34] [338/456] FQSA
[00:21:35] [339/456] KURL
[00:21:36] [340/456] NNNX
[00:21:36] 🔄 Identity reset
[00:21:36] 🔄 Identity rotated (every 10 requests)
[00:21:37] [341/456] AMAU
[00:21:37] [342/456] VVVM
[00:21:38] [343/456] VECU
[00:21:40] [344/456] WCVR
[00:21:41] [345/456] MTGG
[00:21:42] [346/456] SGTG
[00:21:43] [347/456] MNTG
[00:21:44] [348/456] JDDG
[00:21:45] [349/456] MBTK
[00:21:46] [350/456] SGCD
[00:21:46] 🔄 Identity reset
[00:21:46] 🔄 Identity rotated (every 10 requests)
[00:21:46] [351/456] MCTC
[00:21:47] [352/456] JTPC
[00:21:48] [353/456] SDKT
[00:21:49] [354/456] KRCC
[00:21:49] [355/456] RMMD
[00:21:50] [356/456] AAME
[00:21:51] [357/456] TMWC
[00:21:52] [358/456] NRWY
[00:21:53] [359/456] CITD
[00:21:54] [360/456] VERD
[00:21:54] 🔄 Identity reset
[00:21:54] 🔄 Identity rotated (every 10 requests)
[00:21:55] [361/456] MKSK
[00:21:55] [362/456] STSM
[00:21:56] [363/456] MJDG
[00:21:57] [364/456] RKPM
[00:21:58] [365/456] SSCE
[00:21:58] [366/456] VMAE
[00:21:59] [367/456] SBRU
[00:22:00] [368/456] AMBC
[00:22:01] [369/456] AMLU
[00:22:02] [370/456] INVZ
[00:22:03] 🔄 Identity reset
[00:22:03] 🔄 Identity rotated (every 10 requests)
[00:22:03] [371/456] LGTV
[00:22:04] [372/456] SVAD
[00:22:05] [373/456] SMSA
[00:22:05] [374/456] SPCZ
[00:22:06] [375/456] GTCX
[00:22:08] [376/456] SCSL
[00:22:08] [377/456] SAHU
[00:22:09] [378/456] NCDA
[00:22:10] [379/456] SCCG
[00:22:11] [380/456] VKTL
[00:22:12] 🔄 Identity reset
[00:22:12] 🔄 Identity rotated (every 10 requests)
[00:22:12] [381/456] PUUJ
[00:22:12] [382/456] STEJ
[00:22:13] [383/456] RJAL
[00:22:14] [384/456] ACJC
[00:22:15] [385/456] ARVB
[00:22:16] [386/456] AUBB
[00:22:17] [387/456] GDBR
[00:22:17] [388/456] PVND
[00:22:18] [389/456] BGRJ
[00:22:19] [390/456] RJMM
[00:22:20] 🔄 Identity reset
[00:22:20] 🔄 Identity rotated (every 10 requests)
[00:22:20] [391/456] MCSA
[00:22:21] [392/456] BODA
[00:22:22] [393/456] JAGG
[00:22:22] [394/456] SCGA
[00:22:23] [395/456] LRCM
[00:22:24] [396/456] CPCN
[00:22:25] [397/456] SSTF
[00:22:26] [398/456] SRXP
[00:22:26] [399/456] CNFX
[00:22:27] [400/456] ANDI
[00:22:28] 🔄 Identity reset
[00:22:28] 🔄 Identity rotated (every 10 requests)
[00:22:28] [401/456] SYEW
[00:22:29] [402/456] RCRE
[00:22:30] [403/456] SCRW
[00:22:30] [404/456] MBKR
[00:22:31] [405/456] ASNT
[00:22:32] [406/456] JTMT
[00:22:33] [407/456] SHAY
[00:22:34] [408/456] VRTH
[00:22:35] [409/456] SPTI
[00:22:36] [410/456] DPTD
[00:22:36] 🔄 Identity reset
[00:22:36] 🔄 Identity rotated (every 10 requests)
[00:22:37] [411/456] TGSN
[00:22:38] [412/456] RCWV
[00:22:39] [413/456] OCUR
[00:22:40] [414/456] KSTC
[00:22:41] [415/456] SANI
[00:22:42] [416/456] MLCA
[00:22:42] [417/456] EGCA
[00:22:43] [418/456] SYSN
[00:22:44] [419/456] PKTA
[00:22:45] [420/456] PRCC
[00:22:46] 🔄 Identity reset
[00:22:46] 🔄 Identity rotated (every 10 requests)
[00:22:46] [421/456] KSTR
[00:22:47] [422/456] SNTP
[00:22:48] [423/456] RCHA
[00:22:49] [424/456] SEEA
[00:22:49] [425/456] ALAT
[00:22:50] [426/456] AATV
[00:22:51] [427/456] RJTE
[00:22:52] [428/456] AAPP
[00:22:53] [429/456] PMMH
[00:22:53] [430/456] INRJ
[00:22:54] 🔄 Identity reset
[00:22:54] 🔄 Identity rotated (every 10 requests)
[00:22:54] [431/456] SARB
[00:22:55] [432/456] PCJL
[00:22:56] [433/456] PFJJ
[00:22:57] [434/456] GRDC
[00:22:58] [435/456] BCBA
[00:22:58] [436/456] VIXL
[00:22:59] [437/456] CSTL
[00:22:59] [438/456] MTDK
[00:23:00] [439/456] TDAC
[00:23:01] [440/456] GTDN
[00:23:02] 🔄 Identity reset
[00:23:02] 🔄 Identity rotated (every 10 requests)
[00:23:02] [441/456] TTDE
[00:23:03] [442/456] ASTS
[00:23:04] [443/456] CPNS
[00:23:06] [444/456] PVVW
[00:23:06] [445/456] USEB
[00:23:07] [446/456] DTYN
[00:23:08] [447/456] PVLE
[00:23:08] [448/456] CIPS
[00:23:09] [449/456] PAEG
[00:23:10] [450/456] PTCW
[00:23:11] 🔄 Identity reset
[00:23:11] 🔄 Identity rotated (every 10 requests)
[00:23:11] [451/456] G3SR
[00:23:12] [452/456] PGND
[00:23:13] [453/456] INVM
[00:23:14] [454/456] SPIA
[00:23:15] [455/456] PCSN
[00:23:16] [456/456] PPGV
[00:23:17] ✅ DONE | Shows=0 | Movies=0
[01:16:41] 🚀 BMS DAILY TRACKER STARTED (enhanced anti‑detection)
[01:16:41] [1/456] FNDB
[01:16:42] 🧠 New identity created
[01:16:42] [2/456] AMBH
[01:16:44] [3/456] PRHN
[01:16:45] [4/456] ACPM
[01:16:46] [5/456] PVFS
[01:16:48] [6/456] AACN
[01:16:49] [7/456] ACAS
[01:16:50] [8/456] CTNR
[01:16:50] [9/456] MMAH
[01:16:51] [10/456] CPMH
[01:16:52] 🔄 Identity reset
[01:16:52] 🔄 Identity rotated (every 10 requests)
[01:16:52] [11/456] IGMH
[01:16:54] [12/456] ABCS
[01:16:55] [13/456] CMMA
[01:16:56] [14/456] GPRH
[01:16:57] [15/456] PNNG
[01:16:58] [16/456] AMCA
[01:16:59] [17/456] ISTN
[01:17:00] [18/456] PIIC
[01:17:01] [19/456] AHMH
[01:17:02] [20/456] ASHN
[01:17:03] 🔄 Identity reset
[01:17:03] 🔄 Identity rotated (every 10 requests)
[01:17:03] [21/456] INHY
[01:17:04] [22/456] SRMO
[01:17:05] [23/456] PIMH
[01:17:06] [24/456] PVTS
[01:17:06] [25/456] MMCA
[01:17:07] [26/456] AKYJ
[01:17:08] [27/456] BRKH
[01:17:09] [28/456] MAHM
[01:17:10] [29/456] CPHY
[01:17:11] [30/456] PVTP
[01:17:11] 🔄 Identity reset
[01:17:11] 🔄 Identity rotated (every 10 requests)
[01:17:12] [31/456] SMMR
[01:17:13] [32/456] PVHM
[01:17:13] [33/456] SNDY
[01:17:14] [34/456] GOKU
[01:17:15] [35/456] ACEV
[01:17:16] [36/456] PVUM
[01:17:17] [37/456] VSWA
[01:17:18] [38/456] IPRS
[01:17:19] [39/456] BKMV
[01:17:20] [40/456] PVYH
[01:17:21] 🔄 Identity reset
[01:17:21] 🔄 Identity rotated (every 10 requests)
[01:17:22] [41/456] INKM
[01:17:23] [42/456] ARJU
[01:17:24] [43/456] JJPP
[01:17:25] [44/456] SSRM
[01:17:26] [45/456] HMHD
[01:17:27] [46/456] SNKH
[01:17:28] [47/456] ACHI
[01:17:29] [48/456] MRAA
[01:17:30] [49/456] INMH
[01:17:31] [50/456] ARMH
[01:17:32] 🔄 Identity reset
[01:17:32] 🔄 Identity rotated (every 10 requests)
[01:17:32] [51/456] DVRR
[01:17:33] [52/456] SUDA
[01:17:35] [53/456] MCSS
[01:17:35] [54/456] VRKC
[01:17:36] [55/456] PRCX
[01:17:37] [56/456] ASJY
[01:17:38] [57/456] MTHY
[01:17:39] [58/456] SRCM
[01:17:40] [59/456] TVHY
[01:17:41] [60/456] STHD
[01:17:41] 🔄 Identity reset
[01:17:41] 🔄 Identity rotated (every 10 requests)
[01:17:42] [61/456] CPCL
[01:17:43] [62/456] PSMJ
[01:17:43] [63/456] MRGT
[01:17:44] [64/456] ARYH
[01:17:45] [65/456] VTRB
[01:17:46] [66/456] SCHC
[01:17:47] [67/456] MRRG
[01:17:48] [68/456] SPCB
[01:17:49] [69/456] AMCM
[01:17:50] [70/456] IVNM
[01:17:50] 🔄 Identity reset
[01:17:50] 🔄 Identity rotated (every 10 requests)
[01:17:51] [71/456] TRHY
[01:17:51] [72/456] PTTH
[01:17:52] [73/456] RKMH
[01:17:53] [74/456] PRCS
[01:17:54] [75/456] VAJA
[01:17:55] [76/456] BJNG
[01:17:57] [77/456] SCVM
[01:17:58] [78/456] GNHB
[01:17:58] [79/456] TLUR
[01:17:59] [80/456] UKCC
[01:18:00] 🔄 Identity reset
[01:18:00] 🔄 Identity rotated (every 10 requests)
[01:18:00] [81/456] SRKR
[01:18:01] [82/456] RMKN
[01:18:02] [83/456] SLRT
[01:18:03] [84/456] LKMT
[01:18:04] [85/456] SSRJ
[01:18:05] [86/456] SPHT
[01:18:06] [87/456] ANTT
[01:18:06] [88/456] SRCH
[01:18:07] [89/456] SRCA
[01:18:08] [90/456] ARTH
[01:18:09] 🔄 Identity reset
[01:18:09] 🔄 Identity rotated (every 10 requests)
[01:18:09] [91/456] MCBH
[01:18:10] [92/456] SNIB
[01:18:11] [93/456] SART
[01:18:12] [94/456] SKTA
[01:18:14] [95/456] YAKT
[01:18:15] [96/456] MLCK
[01:18:15] [97/456] ANTS
[01:18:16] [98/456] DGCA
[01:18:17] [99/456] SGMP
[01:18:18] [100/456] ASWN
[01:18:19] 🔄 Identity reset
[01:18:19] 🔄 Identity rotated (every 10 requests)
[01:18:19] [101/456] KFVU
[01:18:20] [102/456] POOR
[01:18:21] [103/456] GKDN
[01:18:22] [104/456] EOSE
[01:18:22] [105/456] GTTT
[01:18:23] [106/456] ARRO
[01:18:24] [107/456] CMMK
[01:18:25] [108/456] MSCN
[01:18:26] [109/456] GDKH
[01:18:27] [110/456] DLMT
[01:18:28] 🔄 Identity reset
[01:18:28] 🔄 Identity rotated (every 10 requests)
[01:18:28] [111/456] PVMF
[01:18:29] [112/456] CPCK
[01:18:30] [113/456] VMHE
[01:18:31] [114/456] PVLC
[01:18:32] [115/456] PCVB
[01:18:33] [116/456] SNYK
[01:18:34] [117/456] KTEK
[01:18:34] [118/456] PCNM
[01:18:35] [119/456] NTTR
[01:18:36] [120/456] CPSK
[01:18:37] 🔄 Identity reset
[01:18:37] 🔄 Identity rotated (every 10 requests)
[01:18:37] [121/456] JMMA
[01:18:38] [122/456] GCFK
[01:18:39] [123/456] MYCA
[01:18:40] [124/456] KSNP
[01:18:41] [125/456] PMCE
[01:18:42] [126/456] SCKI
[01:18:42] [127/456] FSMA
[01:18:44] [128/456] CETA
[01:18:45] [129/456] MCIK
[01:18:46] [130/456] MYCR
[01:18:47] 🔄 Identity reset
[01:18:47] 🔄 Identity rotated (every 10 requests)
[01:18:47] [131/456] EVMP
[01:18:48] [132/456] SSGT
[01:18:49] [133/456] KCTK
[01:18:51] [134/456] ZTKC
[01:18:51] [135/456] MMTA
[01:18:52] [136/456] MAJT
[01:18:53] [137/456] ACPK
[01:18:54] [138/456] JMAX
[01:18:55] [139/456] SETK
[01:18:56] [140/456] CAIS
[01:18:56] 🔄 Identity reset
[01:18:56] 🔄 Identity rotated (every 10 requests)
[01:18:57] [141/456] AGCD
[01:18:57] [142/456] URCL
[01:18:58] [143/456] VTDS
[01:18:59] [144/456] JCNM
[01:19:00] [145/456] KCAM
[01:19:01] [146/456] ADCU
[01:19:02] [147/456] GXYN
[01:19:03] [148/456] SMJG
[01:19:04] [149/456] EYCJ
[01:19:05] [150/456] CCEJ
[01:19:06] 🔄 Identity reset
[01:19:06] 🔄 Identity rotated (every 10 requests)
[01:19:06] [151/456] MARS
[01:19:07] [152/456] CPVJ
[01:19:09] [153/456] INVP
[01:19:10] [154/456] CPOV
[01:19:10] [155/456] VIJK
[01:19:11] [156/456] LAIM
[01:19:12] [157/456] STHV
[01:19:13] [158/456] SVLJ
[01:19:14] [159/456] ATVJ
[01:19:15] [160/456] JTSC
[01:19:16] 🔄 Identity reset
[01:19:16] 🔄 Identity rotated (every 10 requests)
[01:19:17] [161/456] RMTV
[01:19:18] [162/456] MGGG
[01:19:20] [163/456] SWTH
[01:19:21] [164/456] INVJ
[01:19:22] [165/456] PRSV
[01:19:23] [166/456] JATV
[01:19:23] [167/456] RCVD
[01:19:24] [168/456] BDMA
[01:19:25] [169/456] BLJI
[01:19:26] [170/456] SWOT
[01:19:27] 🔄 Identity reset
[01:19:27] 🔄 Identity rotated (every 10 requests)
[01:19:27] [171/456] SWRN
[01:19:29] [172/456] TVRA
[01:19:29] [173/456] NVRN
[01:19:30] [174/456] SIKC
[01:19:31] [175/456] VAKR
[01:19:32] [176/456] SYLN
[01:19:33] [177/456] KLJL
[01:19:34] [178/456] LKMY
[01:19:35] [179/456] VSLY
[01:19:37] [180/456] CIKO
[01:19:37] 🔄 Identity reset
[01:19:37] 🔄 Identity rotated (every 10 requests)
[01:19:38] [181/456] GPBG
[01:19:39] [182/456] CECM
[01:19:39] [183/456] SLKB
[01:19:40] [184/456] MTBO
[01:19:41] [185/456] SSHB
[01:19:42] [186/456] VPCS
[01:19:43] [187/456] RCSR
[01:19:44] [188/456] RJRM
[01:19:45] [189/456] KPPB
[01:19:45] [190/456] SEDC
[01:19:46] 🔄 Identity reset
[01:19:46] 🔄 Identity rotated (every 10 requests)
[01:19:46] [191/456] SCAI
[01:19:47] [192/456] RMTR
[01:19:48] [193/456] ASST
[01:19:49] [194/456] GCAK
[01:19:50] [195/456] ANNK
[01:19:51] [196/456] KDDF
[01:19:51] [197/456] NRDP
[01:19:52] [198/456] PLAK
[01:19:53] [199/456] GCMC
[01:19:54] [200/456] ALPY
[01:19:55] 🔄 Identity reset
[01:19:55] 🔄 Identity rotated (every 10 requests)
[01:19:55] [201/456] SICE
[01:19:56] [202/456] SISR
[01:19:57] [203/456] SRPZ
[01:19:58] [204/456] SRSW
[01:19:59] [205/456] SUYA
[01:20:00] [206/456] AMMT
[01:20:00] [207/456] BHCU
[01:20:01] [208/456] KLPA
[01:20:02] [209/456] NVKH
[01:20:03] [210/456] JMRC
[01:20:04] 🔄 Identity reset
[01:20:04] 🔄 Identity rotated (every 10 requests)
[01:20:04] [211/456] KTTT
[01:20:05] [212/456] MAGH
[01:20:06] [213/456] MMMX
[01:20:07] [214/456] SALJ
[01:20:08] [215/456] GTJA
[01:20:09] [216/456] MAHT
[01:20:10] [217/456] SSNN
[01:20:11] [218/456] ARRP
[01:20:12] [219/456] ATNS
[01:20:13] [220/456] SKDT
[01:20:14] 🔄 Identity reset
[01:20:14] 🔄 Identity rotated (every 10 requests)
[01:20:14] [221/456] ACAT
[01:20:15] [222/456] APRC
[01:20:16] [223/456] SWAG
[01:20:17] [224/456] SDPT
[01:20:18] [225/456] STPS
[01:20:18] [226/456] WWCZ
[01:20:19] [227/456] LLCH
[01:20:20] [228/456] MZHA
[01:20:21] [229/456] CRJG
[01:20:22] [230/456] JGTK
[01:20:23] 🔄 Identity reset
[01:20:23] 🔄 Identity rotated (every 10 requests)
[01:20:23] [231/456] KCSR
[01:20:24] [232/456] CHTL
[01:20:25] [233/456] EDSR
[01:20:26] [234/456] CSWO
[01:20:27] [235/456] CPVM
[01:20:28] [236/456] MXBY
[01:20:29] [237/456] FMMA
[01:20:29] [238/456] POVI
[01:20:30] [239/456] MTHB
[01:20:31] [240/456] INRC
[01:20:32] 🔄 Identity reset
[01:20:32] 🔄 Identity rotated (every 10 requests)
[01:20:32] [241/456] PIPP
[01:20:33] [242/456] BMXC
[01:20:34] [243/456] PCMM
[01:20:35] [244/456] PMKM
[01:20:36] [245/456] GATY
[01:20:37] [246/456] IMCM
[01:20:38] [247/456] POPE
[01:20:39] [248/456] MTCR
[01:20:40] [249/456] PVAE
[01:20:41] [250/456] PVMI
[01:20:41] 🔄 Identity reset
[01:20:41] 🔄 Identity rotated (every 10 requests)
[01:20:42] [251/456] CPNM
[01:20:43] [252/456] FMRL
[01:20:44] [253/456] MCIW
[01:20:45] [254/456] MXBO
[01:20:46] [255/456] FMKY
[01:20:47] [256/456] FMDA
[01:20:48] [257/456] THAB
[01:20:49] [258/456] PRCW
[01:20:50] [259/456] PITI
[01:20:51] [260/456] MCFF
[01:20:51] 🔄 Identity reset
[01:20:51] 🔄 Identity rotated (every 10 requests)
[01:20:52] [261/456] PDDV
[01:20:53] [262/456] MCRM
[01:20:54] [263/456] KKMB
[01:20:55] [264/456] INKO
[01:20:56] [265/456] PLXP
[01:20:57] [266/456] MMHA
[01:20:57] [267/456] FMVS
[01:20:58] [268/456] POLM
[01:20:59] [269/456] STER
[01:21:00] [270/456] PVWJ
[01:21:01] 🔄 Identity reset
[01:21:01] 🔄 Identity rotated (every 10 requests)
[01:21:01] [271/456] IMJW
[01:21:02] [272/456] FNAN
[01:21:03] [273/456] CAGL
[01:21:04] [274/456] IPBG
[01:21:05] [275/456] SMFV
[01:21:06] [276/456] MMMR
[01:21:06] [277/456] MMWM
[01:21:07] [278/456] FNCM
[01:21:08] [279/456] MDVA
[01:21:09] [280/456] MMET
[01:21:09] 🔄 Identity reset
[01:21:09] 🔄 Identity rotated (every 10 requests)
[01:21:10] [281/456] MIDO
[01:21:11] [282/456] INNP
[01:21:12] [283/456] MIFU
[01:21:13] [284/456] MMSZ
[01:21:14] [285/456] BMXA
[01:21:16] [286/456] MCAA
[01:21:17] [287/456] SCVP
[01:21:18] [288/456] PLUS
[01:21:19] [289/456] MUCK
[01:21:20] [290/456] MTMA
[01:21:21] 🔄 Identity reset
[01:21:21] 🔄 Identity rotated (every 10 requests)
[01:21:22] [291/456] HPVR
[01:21:23] [292/456] PMPK
[01:21:24] [293/456] MAJB
[01:21:25] [294/456] CTRR
[01:21:26] [295/456] MCTG
[01:21:27] [296/456] MACE
[01:21:28] [297/456] AAAS
[01:21:28] [298/456] CPVV
[01:21:29] [299/456] RCHG
[01:21:30] [300/456] MCNE
[01:21:31] 🔄 Identity reset
[01:21:31] 🔄 Identity rotated (every 10 requests)
[01:21:31] [301/456] EMNC
[01:21:32] [302/456] MCAN
[01:21:33] [303/456] TCDM
[01:21:34] [304/456] IRGT
[01:21:35] [305/456] GCMG
[01:21:36] [306/456] MXSN
[01:21:37] [307/456] MXCK
[01:21:38] [308/456] MCRC
[01:21:39] [309/456] RSMI
[01:21:40] [310/456] WAML
[01:21:40] 🔄 Identity reset
[01:21:40] 🔄 Identity rotated (every 10 requests)
[01:21:41] [311/456] MTSC
[01:21:42] [312/456] FMDR
[01:21:43] [313/456] LEPV
[01:21:44] [314/456] MTGD
[01:21:45] [315/456] IMOB
[01:21:46] [316/456] CLMM
[01:21:47] [317/456] PZCD
[01:21:48] [318/456] GOCS
[01:21:50] [319/456] KCMA
[01:21:51] [320/456] CCMP
[01:21:51] 🔄 Identity reset
[01:21:51] 🔄 Identity rotated (every 10 requests)
[01:21:52] [321/456] MTSU
[01:21:52] [322/456] SNGL
[01:21:53] [323/456] MMMC
[01:21:54] [324/456] MMAA
[01:21:55] [325/456] GCDM
[01:21:56] [326/456] KTMV
[01:21:57] [327/456] AETE
[01:21:58] [328/456] OMCS
[01:21:59] [329/456] GDCD
[01:21:59] [330/456] NYMD
[01:22:00] 🔄 Identity reset
[01:22:00] 🔄 Identity rotated (every 10 requests)
[01:22:00] [331/456] RNCV
[01:22:01] [332/456] KKMT
[01:22:02] [333/456] GDTH
[01:22:03] [334/456] KMMV
[01:22:04] [335/456] NHCG
[01:22:05] [336/456] PJDW
[01:22:06] [337/456] MMCV
[01:22:06] [338/456] FQSA
[01:22:07] [339/456] KURL
[01:22:08] [340/456] NNNX
[01:22:09] 🔄 Identity reset
[01:22:09] 🔄 Identity rotated (every 10 requests)
[01:22:09] [341/456] AMAU
[01:22:10] [342/456] VVVM
[01:22:11] [343/456] VECU
[01:22:12] [344/456] WCVR
[01:22:13] [345/456] MTGG
[01:22:14] [346/456] SGTG
[01:22:15] [347/456] MNTG
[01:22:15] [348/456] JDDG
[01:22:16] [349/456] MBTK
[01:22:17] [350/456] SGCD
[01:22:18] 🔄 Identity reset
[01:22:18] 🔄 Identity rotated (every 10 requests)
[01:22:18] [351/456] MCTC
[01:22:19] [352/456] JTPC
[01:22:21] [353/456] SDKT
[01:22:21] [354/456] KRCC
[01:22:22] [355/456] RMMD
[01:22:23] [356/456] AAME
[01:22:24] [357/456] TMWC
[01:22:25] [358/456] NRWY
[01:22:26] [359/456] CITD
[01:22:27] [360/456] VERD
[01:22:27] 🔄 Identity reset
[01:22:27] 🔄 Identity rotated (every 10 requests)
[01:22:28] [361/456] MKSK
[01:22:29] [362/456] STSM
[01:22:30] [363/456] MJDG
[01:22:30] [364/456] RKPM
[01:22:31] [365/456] SSCE
[01:22:32] [366/456] VMAE
[01:22:33] [367/456] SBRU
[01:22:34] [368/456] AMBC
[01:22:35] [369/456] AMLU
[01:22:36] [370/456] INVZ
[01:22:37] 🔄 Identity reset
[01:22:37] 🔄 Identity rotated (every 10 requests)
[01:22:37] [371/456] LGTV
[01:22:39] [372/456] SVAD
[01:22:40] [373/456] SMSA
[01:22:41] [374/456] SPCZ
[01:22:42] [375/456] GTCX
[01:22:43] [376/456] SCSL
[01:22:45] [377/456] SAHU
[01:22:46] [378/456] NCDA
[01:22:46] [379/456] SCCG
[01:22:48] [380/456] VKTL
[01:22:48] 🔄 Identity reset
[01:22:48] 🔄 Identity rotated (every 10 requests)
[01:22:49] [381/456] PUUJ
[01:22:50] [382/456] STEJ
[01:22:51] [383/456] RJAL
[01:22:51] [384/456] ACJC
[01:22:52] [385/456] ARVB
[01:22:53] [386/456] AUBB
[01:22:54] [387/456] GDBR
[01:22:55] [388/456] PVND
[01:22:56] [389/456] BGRJ
[01:22:56] [390/456] RJMM
[01:22:57] 🔄 Identity reset
[01:22:57] 🔄 Identity rotated (every 10 requests)
[01:22:57] [391/456] MCSA
[01:22:58] [392/456] BODA
[01:22:59] [393/456] JAGG
[01:23:00] [394/456] SCGA
[01:23:01] [395/456] LRCM
[01:23:02] [396/456] CPCN
[01:23:03] [397/456] SSTF
[01:23:04] [398/456] SRXP
[01:23:05] [399/456] CNFX
[01:23:05] [400/456] ANDI
[01:23:06] 🔄 Identity reset
[01:23:06] 🔄 Identity rotated (every 10 requests)
[01:23:06] [401/456] SYEW
[01:23:07] [402/456] RCRE
[01:23:08] [403/456] SCRW
[01:23:09] [404/456] MBKR
[01:23:10] [405/456] ASNT
[01:23:11] [406/456] JTMT
[01:23:12] [407/456] SHAY
[01:23:12] [408/456] VRTH
[01:23:13] [409/456] SPTI
[01:23:14] [410/456] DPTD
[01:23:15] 🔄 Identity reset
[01:23:15] 🔄 Identity rotated (every 10 requests)
[01:23:16] [411/456] TGSN
[01:23:17] [412/456] RCWV
[01:23:18] [413/456] OCUR
[01:23:19] [414/456] KSTC
[01:23:20] [415/456] SANI
[01:23:21] [416/456] MLCA
[01:23:22] [417/456] EGCA
[01:23:23] [418/456] SYSN
[01:23:24] [419/456] PKTA
[01:23:24] [420/456] PRCC
[01:23:25] 🔄 Identity reset
[01:23:25] 🔄 Identity rotated (every 10 requests)
[01:23:25] [421/456] KSTR
[01:23:26] [422/456] SNTP
[01:23:28] [423/456] RCHA
[01:23:29] [424/456] SEEA
[01:23:29] [425/456] ALAT
[01:23:30] [426/456] AATV
[01:23:32] [427/456] RJTE
[01:23:32] [428/456] AAPP
[01:23:33] [429/456] PMMH
[01:23:34] [430/456] INRJ
[01:23:35] 🔄 Identity reset
[01:23:35] 🔄 Identity rotated (every 10 requests)
[01:23:36] [431/456] SARB
[01:23:37] [432/456] PCJL
[01:23:38] [433/456] PFJJ
[01:23:39] [434/456] GRDC
[01:23:40] [435/456] BCBA
[01:23:41] [436/456] VIXL
[01:23:42] [437/456] CSTL
[01:23:43] [438/456] MTDK
[01:23:44] [439/456] TDAC
[01:23:45] [440/456] GTDN
[01:23:46] 🔄 Identity reset
[01:23:46] 🔄 Identity rotated (every 10 requests)
[01:23:46] [441/456] TTDE
[01:23:47] [442/456] ASTS
[01:23:48] [443/456] CPNS
[01:23:49] [444/456] PVVW
[01:23:50] [445/456] USEB
[01:23:51] [446/456] DTYN
[01:23:52] [447/456] PVLE
[01:23:53] [448/456] CIPS
[01:23:54] [449/456] PAEG
[01:23:55] [450/456] PTCW
[01:23:55] 🔄 Identity reset
[01:23:55] 🔄 Identity rotated (every 10 requests)
[01:23:56] [451/456] G3SR
[01:23:56] [452/456] PGND
[01:23:57] [453/456] INVM
[01:23:59] [454/456] SPIA
[01:24:00] [455/456] PCSN
[01:24:01] [456/456] PPGV
[01:24:02] ✅ DONE | Shows=0 | Movies=0
[02:16:26] 🚀 BMS DAILY TRACKER STARTED (enhanced anti‑detection)
[02:16:26] [1/456] FNDB
[02:16:27] 🧠 New identity created
[02:16:27] [2/456] AMBH
[02:16:28] [3/456] PRHN
[02:16:28] [4/456] ACPM
[02:16:29] [5/456] PVFS
[02:16:30] [6/456] AACN
[02:16:31] [7/456] ACAS
[02:16:32] [8/456] CTNR
[02:16:33] [9/456] MMAH
[02:16:34] [10/456] CPMH
[02:16:34] 🔄 Identity reset
[02:16:34] 🔄 Identity rotated (every 10 requests)
[02:16:35] [11/456] IGMH
[02:16:36] [12/456] ABCS
[02:16:36] [13/456] CMMA
[02:16:37] [14/456] GPRH
[02:16:38] [15/456] PNNG
[02:16:39] [16/456] AMCA
[02:16:40] [17/456] ISTN
[02:16:41] [18/456] PIIC
[02:16:42] [19/456] AHMH
[02:16:42] [20/456] ASHN
[02:16:43] 🔄 Identity reset
[02:16:43] 🔄 Identity rotated (every 10 requests)
[02:16:43] [21/456] INHY
[02:16:44] [22/456] SRMO
[02:16:45] [23/456] PIMH
[02:16:46] [24/456] PVTS
[02:16:47] [25/456] MMCA
[02:16:48] [26/456] AKYJ
[02:16:49] [27/456] BRKH
[02:16:50] [28/456] MAHM
[02:16:51] [29/456] CPHY
[02:16:52] [30/456] PVTP
[02:16:53] 🔄 Identity reset
[02:16:53] 🔄 Identity rotated (every 10 requests)
[02:16:53] [31/456] SMMR
[02:16:54] [32/456] PVHM
[02:16:55] [33/456] SNDY
[02:16:56] [34/456] GOKU
[02:16:57] [35/456] ACEV
[02:16:58] [36/456] PVUM
[02:16:59] [37/456] VSWA
[02:16:59] [38/456] IPRS
[02:17:00] [39/456] BKMV
[02:17:01] [40/456] PVYH
[02:17:02] 🔄 Identity reset
[02:17:02] 🔄 Identity rotated (every 10 requests)
[02:17:02] [41/456] INKM
[02:17:03] [42/456] ARJU
[02:17:04] [43/456] JJPP
[02:17:04] [44/456] SSRM
[02:17:05] [45/456] HMHD
[02:17:06] [46/456] SNKH
[02:17:07] [47/456] ACHI
[02:17:08] [48/456] MRAA
[02:17:09] [49/456] INMH
[02:17:10] [50/456] ARMH
[02:17:10] 🔄 Identity reset
[02:17:10] 🔄 Identity rotated (every 10 requests)
[02:17:11] [51/456] DVRR
[02:17:12] [52/456] SUDA
[02:17:13] [53/456] MCSS
[02:17:14] [54/456] VRKC
[02:17:15] [55/456] PRCX
[02:17:16] [56/456] ASJY
[02:17:17] [57/456] MTHY
[02:17:17] [58/456] SRCM
[02:17:18] [59/456] TVHY
[02:17:19] [60/456] STHD
[02:17:19] 🔄 Identity reset
[02:17:19] 🔄 Identity rotated (every 10 requests)
[02:17:20] [61/456] CPCL
[02:17:21] [62/456] PSMJ
[02:17:22] [63/456] MRGT
[02:17:23] [64/456] ARYH
[02:17:24] [65/456] VTRB
[02:17:25] [66/456] SCHC
[02:17:26] [67/456] MRRG
[02:17:27] [68/456] SPCB
[02:17:28] [69/456] AMCM
[02:17:29] [70/456] IVNM
[02:17:30] 🔄 Identity reset
[02:17:30] 🔄 Identity rotated (every 10 requests)
[02:17:30] [71/456] TRHY
[02:17:31] [72/456] PTTH
[02:17:32] [73/456] RKMH
[02:17:33] [74/456] PRCS
[02:17:34] [75/456] VAJA
[02:17:35] [76/456] BJNG
[02:17:36] [77/456] SCVM
[02:17:37] [78/456] GNHB
[02:17:37] [79/456] TLUR
[02:17:38] [80/456] UKCC
[02:17:39] 🔄 Identity reset
[02:17:39] 🔄 Identity rotated (every 10 requests)
[02:17:39] [81/456] SRKR
[02:17:40] [82/456] RMKN
[02:17:41] [83/456] SLRT
[02:17:42] [84/456] LKMT
[02:17:43] [85/456] SSRJ
[02:17:43] [86/456] SPHT
[02:17:44] [87/456] ANTT
[02:17:45] [88/456] SRCH
[02:17:46] [89/456] SRCA
[02:17:47] [90/456] ARTH
[02:17:48] 🔄 Identity reset
[02:17:48] 🔄 Identity rotated (every 10 requests)
[02:17:48] [91/456] MCBH
[02:17:49] [92/456] SNIB
[02:17:50] [93/456] SART
[02:17:50] [94/456] SKTA
[02:17:51] [95/456] YAKT
[02:17:53] [96/456] MLCK
[02:17:54] [97/456] ANTS
[02:17:54] [98/456] DGCA
[02:17:55] [99/456] SGMP
[02:17:56] [100/456] ASWN
[02:17:57] 🔄 Identity reset
[02:17:57] 🔄 Identity rotated (every 10 requests)
[02:17:57] [101/456] KFVU
[02:17:58] [102/456] POOR
[02:17:59] [103/456] GKDN
[02:18:00] [104/456] EOSE
[02:18:01] [105/456] GTTT
[02:18:02] [106/456] ARRO
[02:18:03] [107/456] CMMK
[02:18:04] [108/456] MSCN
[02:18:05] [109/456] GDKH
[02:18:06] [110/456] DLMT
[02:18:07] 🔄 Identity reset
[02:18:07] 🔄 Identity rotated (every 10 requests)
[02:18:07] [111/456] PVMF
[02:18:08] [112/456] CPCK
[02:18:09] [113/456] VMHE
[02:18:10] [114/456] PVLC
[02:18:11] [115/456] PCVB
[02:18:11] [116/456] SNYK
[02:18:12] [117/456] KTEK
[02:18:13] [118/456] PCNM
[02:18:14] [119/456] NTTR
[02:18:15] [120/456] CPSK
[02:18:15] 🔄 Identity reset
[02:18:15] 🔄 Identity rotated (every 10 requests)
[02:18:16] [121/456] JMMA
[02:18:17] [122/456] GCFK
[02:18:18] [123/456] MYCA
[02:18:19] [124/456] KSNP
[02:18:20] [125/456] PMCE
[02:18:21] [126/456] SCKI
[02:18:21] [127/456] FSMA
[02:18:22] [128/456] CETA
[02:18:23] [129/456] MCIK
[02:18:24] [130/456] MYCR
[02:18:25] 🔄 Identity reset
[02:18:25] 🔄 Identity rotated (every 10 requests)
[02:18:25] [131/456] EVMP
[02:18:26] [132/456] SSGT
[02:18:27] [133/456] KCTK
[02:18:28] [134/456] ZTKC
[02:18:30] [135/456] MMTA
[02:18:31] [136/456] MAJT
[02:18:32] [137/456] ACPK
[02:18:32] [138/456] JMAX
[02:18:33] [139/456] SETK
[02:18:34] [140/456] CAIS
[02:18:35] 🔄 Identity reset
[02:18:35] 🔄 Identity rotated (every 10 requests)
[02:18:35] [141/456] AGCD
[02:18:36] [142/456] URCL
[02:18:37] [143/456] VTDS
[02:18:38] [144/456] JCNM
[02:18:39] [145/456] KCAM
[02:18:40] [146/456] ADCU
[02:18:41] [147/456] GXYN
[02:18:42] [148/456] SMJG
[02:18:43] [149/456] EYCJ
[02:18:44] [150/456] CCEJ
[02:18:45] 🔄 Identity reset
[02:18:45] 🔄 Identity rotated (every 10 requests)
[02:18:45] [151/456] MARS
[02:18:46] [152/456] CPVJ
[02:18:48] [153/456] INVP
[02:18:48] [154/456] CPOV
[02:18:49] [155/456] VIJK
[02:18:50] [156/456] LAIM
[02:18:51] [157/456] STHV
[02:18:52] [158/456] SVLJ
[02:18:53] [159/456] ATVJ
[02:18:55] [160/456] JTSC
[02:18:55] 🔄 Identity reset
[02:18:55] 🔄 Identity rotated (every 10 requests)
[02:18:56] [161/456] RMTV
[02:18:56] [162/456] MGGG
[02:18:58] [163/456] SWTH
[02:18:59] [164/456] INVJ
[02:19:00] [165/456] PRSV
[02:19:00] [166/456] JATV
[02:19:01] [167/456] RCVD
[02:19:02] [168/456] BDMA
[02:19:03] [169/456] BLJI
[02:19:04] [170/456] SWOT
[02:19:04] 🔄 Identity reset
[02:19:04] 🔄 Identity rotated (every 10 requests)
[02:19:05] [171/456] SWRN
[02:19:05] [172/456] TVRA
[02:19:06] [173/456] NVRN
[02:19:07] [174/456] SIKC
[02:19:08] [175/456] VAKR
[02:19:09] [176/456] SYLN
[02:19:09] [177/456] KLJL
[02:19:10] [178/456] LKMY
[02:19:11] [179/456] VSLY
[02:19:12] [180/456] CIKO
[02:19:12] 🔄 Identity reset
[02:19:12] 🔄 Identity rotated (every 10 requests)
[02:19:13] [181/456] GPBG
[02:19:14] [182/456] CECM
[02:19:14] [183/456] SLKB
[02:19:15] [184/456] MTBO
[02:19:16] [185/456] SSHB
[02:19:17] [186/456] VPCS
[02:19:18] [187/456] RCSR
[02:19:18] [188/456] RJRM
[02:19:19] [189/456] KPPB
[02:19:20] [190/456] SEDC
[02:19:21] 🔄 Identity reset
[02:19:21] 🔄 Identity rotated (every 10 requests)
[02:19:21] [191/456] SCAI
[02:19:22] [192/456] RMTR
[02:19:23] [193/456] ASST
[02:19:24] [194/456] GCAK
[02:19:25] [195/456] ANNK
[02:19:26] [196/456] KDDF
[02:19:27] [197/456] NRDP
[02:19:28] [198/456] PLAK
[02:19:28] [199/456] GCMC
[02:19:29] [200/456] ALPY
[02:19:30] 🔄 Identity reset
[02:19:30] 🔄 Identity rotated (every 10 requests)
[02:19:30] [201/456] SICE
[02:19:31] [202/456] SISR
[02:19:32] [203/456] SRPZ
[02:19:33] [204/456] SRSW
[02:19:34] [205/456] SUYA
[02:19:34] [206/456] AMMT
[02:19:35] [207/456] BHCU
[02:19:36] [208/456] KLPA
[02:19:37] [209/456] NVKH
[02:19:38] [210/456] JMRC
[02:19:38] 🔄 Identity reset
[02:19:38] 🔄 Identity rotated (every 10 requests)
[02:19:38] [211/456] KTTT
[02:19:40] [212/456] MAGH
[02:19:41] [213/456] MMMX
[02:19:42] [214/456] SALJ
[02:19:42] [215/456] GTJA
[02:19:43] [216/456] MAHT
[02:19:44] [217/456] SSNN
[02:19:45] [218/456] ARRP
[02:19:46] [219/456] ATNS
[02:19:47] [220/456] SKDT
[02:19:47] 🔄 Identity reset
[02:19:47] 🔄 Identity rotated (every 10 requests)
[02:19:48] [221/456] ACAT
[02:19:49] [222/456] APRC
[02:19:49] [223/456] SWAG
[02:19:50] [224/456] SDPT
[02:19:52] [225/456] STPS
[02:19:52] [226/456] WWCZ
[02:19:53] [227/456] LLCH
[02:19:54] [228/456] MZHA
[02:19:55] [229/456] CRJG
[02:19:56] [230/456] JGTK
[02:19:57] 🔄 Identity reset
[02:19:57] 🔄 Identity rotated (every 10 requests)
[02:19:57] [231/456] KCSR
[02:19:58] [232/456] CHTL
[02:19:59] [233/456] EDSR
[02:20:00] [234/456] CSWO
[02:20:01] [235/456] CPVM
[02:20:02] [236/456] MXBY
[02:20:03] [237/456] FMMA
[02:20:04] [238/456] POVI
[02:20:05] [239/456] MTHB
[02:20:06] [240/456] INRC
[02:20:07] 🔄 Identity reset
[02:20:07] 🔄 Identity rotated (every 10 requests)
[02:20:07] [241/456] PIPP
[02:20:08] [242/456] BMXC
[02:20:08] [243/456] PCMM
[02:20:09] [244/456] PMKM
[02:20:10] [245/456] GATY
[02:20:11] [246/456] IMCM
[02:20:12] [247/456] POPE
[02:20:12] [248/456] MTCR
[02:20:13] [249/456] PVAE
[02:20:14] [250/456] PVMI
[02:20:15] 🔄 Identity reset
[02:20:15] 🔄 Identity rotated (every 10 requests)
[02:20:15] [251/456] CPNM
[02:20:16] [252/456] FMRL
[02:20:17] [253/456] MCIW
[02:20:18] [254/456] MXBO
[02:20:19] [255/456] FMKY
[02:20:20] [256/456] FMDA
[02:20:20] [257/456] THAB
[02:20:22] [258/456] PRCW
[02:20:23] [259/456] PITI
[02:20:23] [260/456] MCFF
[02:20:24] 🔄 Identity reset
[02:20:24] 🔄 Identity rotated (every 10 requests)
[02:20:24] [261/456] PDDV
[02:20:25] [262/456] MCRM
[02:20:26] [263/456] KKMB
[02:20:27] [264/456] INKO
[02:20:28] [265/456] PLXP
[02:20:29] [266/456] MMHA
[02:20:29] [267/456] FMVS
[02:20:30] [268/456] POLM
[02:20:31] [269/456] STER
[02:20:32] [270/456] PVWJ
[02:20:32] 🔄 Identity reset
[02:20:32] 🔄 Identity rotated (every 10 requests)
[02:20:33] [271/456] IMJW
[02:20:33] [272/456] FNAN
[02:20:34] [273/456] CAGL
[02:20:36] [274/456] IPBG
[02:20:36] [275/456] SMFV
[02:20:37] [276/456] MMMR
[02:20:38] [277/456] MMWM
[02:20:39] [278/456] FNCM
[02:20:40] [279/456] MDVA
[02:20:40] [280/456] MMET
[02:20:41] 🔄 Identity reset
[02:20:41] 🔄 Identity rotated (every 10 requests)
[02:20:42] [281/456] MIDO
[02:20:43] [282/456] INNP
[02:20:44] [283/456] MIFU
[02:20:45] [284/456] MMSZ
[02:20:46] [285/456] BMXA
[02:20:46] [286/456] MCAA
[02:20:47] [287/456] SCVP
[02:20:48] [288/456] PLUS
[02:20:49] [289/456] MUCK
[02:20:50] [290/456] MTMA
[02:20:50] 🔄 Identity reset
[02:20:50] 🔄 Identity rotated (every 10 requests)
[02:20:51] [291/456] HPVR
[02:20:52] [292/456] PMPK
[02:20:52] [293/456] MAJB
[02:20:53] [294/456] CTRR
[02:20:54] [295/456] MCTG
[02:20:55] [296/456] MACE
[02:20:56] [297/456] AAAS
[02:20:57] [298/456] CPVV
[02:20:58] [299/456] RCHG
[02:20:59] [300/456] MCNE
[02:20:59] 🔄 Identity reset
[02:20:59] 🔄 Identity rotated (every 10 requests)
[02:21:00] [301/456] EMNC
[02:21:00] [302/456] MCAN
[02:21:01] [303/456] TCDM
[02:21:02] [304/456] IRGT
[02:21:03] [305/456] GCMG
[02:21:04] [306/456] MXSN
[02:21:05] [307/456] MXCK
[02:21:06] [308/456] MCRC
[02:21:07] [309/456] RSMI
[02:21:08] [310/456] WAML
[02:21:08] 🔄 Identity reset
[02:21:08] 🔄 Identity rotated (every 10 requests)
[02:21:08] [311/456] MTSC
[02:21:09] [312/456] FMDR
[02:21:10] [313/456] LEPV
[02:21:11] [314/456] MTGD
[02:21:12] [315/456] IMOB
[02:21:13] [316/456] CLMM
[02:21:13] [317/456] PZCD
[02:21:14] [318/456] GOCS
[02:21:15] [319/456] KCMA
[02:21:16] [320/456] CCMP
[02:21:17] 🔄 Identity reset
[02:21:17] 🔄 Identity rotated (every 10 requests)
[02:21:17] [321/456] MTSU
[02:21:18] [322/456] SNGL
[02:21:19] [323/456] MMMC
[02:21:20] [324/456] MMAA
[02:21:20] [325/456] GCDM
[02:21:21] [326/456] KTMV
[02:21:22] [327/456] AETE
[02:21:23] [328/456] OMCS
[02:21:24] [329/456] GDCD
[02:21:24] [330/456] NYMD
[02:21:25] 🔄 Identity reset
[02:21:25] 🔄 Identity rotated (every 10 requests)
[02:21:25] [331/456] RNCV
[02:21:26] [332/456] KKMT
[02:21:27] [333/456] GDTH
[02:21:29] [334/456] KMMV
[02:21:30] [335/456] NHCG
[02:21:31] [336/456] PJDW
[02:21:32] [337/456] MMCV
[02:21:33] [338/456] FQSA
[02:21:34] [339/456] KURL
[02:21:35] [340/456] NNNX
[02:21:35] 🔄 Identity reset
[02:21:35] 🔄 Identity rotated (every 10 requests)
[02:21:36] [341/456] AMAU
[02:21:37] [342/456] VVVM
[02:21:38] [343/456] VECU
[02:21:39] [344/456] WCVR
[02:21:40] [345/456] MTGG
[02:21:41] [346/456] SGTG
[02:21:42] [347/456] MNTG
[02:21:42] [348/456] JDDG
[02:21:43] [349/456] MBTK
[02:21:44] [350/456] SGCD
[02:21:45] 🔄 Identity reset
[02:21:45] 🔄 Identity rotated (every 10 requests)
[02:21:45] [351/456] MCTC
[02:21:46] [352/456] JTPC
[02:21:47] [353/456] SDKT
[02:21:47] [354/456] KRCC
[02:21:48] [355/456] RMMD
[02:21:49] [356/456] AAME
[02:21:50] [357/456] TMWC
[02:21:51] [358/456] NRWY
[02:21:52] [359/456] CITD
[02:21:53] [360/456] VERD
[02:21:53] 🔄 Identity reset
[02:21:53] 🔄 Identity rotated (every 10 requests)
[02:21:54] [361/456] MKSK
[02:21:55] [362/456] STSM
[02:21:56] [363/456] MJDG
[02:21:57] [364/456] RKPM
[02:21:58] [365/456] SSCE
[02:21:58] [366/456] VMAE
[02:21:59] [367/456] SBRU
[02:22:00] [368/456] AMBC
[02:22:01] [369/456] AMLU
[02:22:02] [370/456] INVZ
[02:22:03] 🔄 Identity reset
[02:22:03] 🔄 Identity rotated (every 10 requests)
[02:22:03] [371/456] LGTV
[02:22:04] [372/456] SVAD
[02:22:05] [373/456] SMSA
[02:22:06] [374/456] SPCZ
[02:22:07] [375/456] GTCX
[02:22:08] [376/456] SCSL
[02:22:09] [377/456] SAHU
[02:22:10] [378/456] NCDA
[02:22:11] [379/456] SCCG
[02:22:11] [380/456] VKTL
[02:22:12] 🔄 Identity reset
[02:22:12] 🔄 Identity rotated (every 10 requests)
[02:22:12] [381/456] PUUJ
[02:22:13] [382/456] STEJ
[02:22:14] [383/456] RJAL
[02:22:15] [384/456] ACJC
[02:22:16] [385/456] ARVB
[02:22:17] [386/456] AUBB
[02:22:18] [387/456] GDBR
[02:22:18] [388/456] PVND
[02:22:20] [389/456] BGRJ
[02:22:21] [390/456] RJMM
[02:22:21] 🔄 Identity reset
[02:22:21] 🔄 Identity rotated (every 10 requests)
[02:22:22] [391/456] MCSA
[02:22:22] [392/456] BODA
[02:22:23] [393/456] JAGG
[02:22:24] [394/456] SCGA
[02:22:25] [395/456] LRCM
[02:22:27] [396/456] CPCN
[02:22:27] [397/456] SSTF
[02:22:29] [398/456] SRXP
[02:22:29] [399/456] CNFX
[02:22:30] [400/456] ANDI
[02:22:31] 🔄 Identity reset
[02:22:31] 🔄 Identity rotated (every 10 requests)
[02:22:31] [401/456] SYEW
[02:22:32] [402/456] RCRE
[02:22:33] [403/456] SCRW
[02:22:34] [404/456] MBKR
[02:22:35] [405/456] ASNT
[02:22:36] [406/456] JTMT
[02:22:37] [407/456] SHAY
[02:22:38] [408/456] VRTH
[02:22:38] [409/456] SPTI
[02:22:39] [410/456] DPTD
[02:22:40] 🔄 Identity reset
[02:22:40] 🔄 Identity rotated (every 10 requests)
[02:22:40] [411/456] TGSN
[02:22:41] [412/456] RCWV
[02:22:42] [413/456] OCUR
[02:22:43] [414/456] KSTC
[02:22:44] [415/456] SANI
[02:22:44] [416/456] MLCA
[02:22:45] [417/456] EGCA
[02:22:47] [418/456] SYSN
[02:22:48] [419/456] PKTA
[02:22:49] [420/456] PRCC
[02:22:49] 🔄 Identity reset
[02:22:49] 🔄 Identity rotated (every 10 requests)
[02:22:49] [421/456] KSTR
[02:22:50] [422/456] SNTP
[02:22:51] [423/456] RCHA
[02:22:52] [424/456] SEEA
[02:22:53] [425/456] ALAT
[02:22:53] [426/456] AATV
[02:22:54] [427/456] RJTE
[02:22:55] [428/456] AAPP
[02:22:56] [429/456] PMMH
[02:22:57] [430/456] INRJ
[02:22:58] 🔄 Identity reset
[02:22:58] 🔄 Identity rotated (every 10 requests)
[02:22:58] [431/456] SARB
[02:22:59] [432/456] PCJL
[02:23:00] [433/456] PFJJ
[02:23:00] [434/456] GRDC
[02:23:01] [435/456] BCBA
[02:23:02] [436/456] VIXL
[02:23:03] [437/456] CSTL
[02:23:04] [438/456] MTDK
[02:23:05] [439/456] TDAC
[02:23:06] [440/456] GTDN
[02:23:06] 🔄 Identity reset
[02:23:06] 🔄 Identity rotated (every 10 requests)
[02:23:06] [441/456] TTDE
[02:23:07] [442/456] ASTS
[02:23:08] [443/456] CPNS
[02:23:09] [444/456] PVVW
[02:23:10] [445/456] USEB
[02:23:11] [446/456] DTYN
[02:23:12] [447/456] PVLE
[02:23:12] [448/456] CIPS
[02:23:13] [449/456] PAEG
[02:23:14] [450/456] PTCW
[02:23:15] 🔄 Identity reset
[02:23:15] 🔄 Identity rotated (every 10 requests)
[02:23:15] [451/456] G3SR
[02:23:16] [452/456] PGND
[02:23:17] [453/456] INVM
[02:23:18] [454/456] SPIA
[02:23:19] [455/456] PCSN
[02:23:19] [456/456] PPGV
[02:23:20] ✅ DONE | Shows=2 | Movies=2
