[00:16:26] 🚀 DISTRICT → BMS9 CONVERTER STARTED
[00:16:26] 📅 Date: 2026-09-27
[00:16:26] 🚫 Worker logic: DISABLED
[00:16:26] 🔑 Venue matching: ID ONLY
[00:16:26] 🚫 alldistrictvenues.json: NOT USED
[00:16:26] 🚫 Venue-name matching: NOT USED
[00:16:26] 📍 Selected venue records: 756
[00:16:26] 🎯 Selected venue IDs: 756
[00:16:26] 📡 Fetching Detailed JSON:
[00:16:26]    https://districtdata2026.pages.dev/boxoffice/2026-09-27_Detailed.json
[00:16:26] ❌ Source file not found (404) – will create empty outputs
[00:16:26] ⚠️ No source data – keeping existing output files unchanged
[00:16:26] 📄 Created empty detailed file: daily/data/20260927/detailed9.json
[00:16:26] 📄 Created empty summary file: daily/data/20260927/movie_summary9.json
[00:16:26] ✅ DONE | Existing data preserved
[01:16:20] 🚀 DISTRICT → BMS9 CONVERTER STARTED
[01:16:20] 📅 Date: 2026-09-27
[01:16:20] 🚫 Worker logic: DISABLED
[01:16:20] 🔑 Venue matching: ID ONLY
[01:16:20] 🚫 alldistrictvenues.json: NOT USED
[01:16:20] 🚫 Venue-name matching: NOT USED
[01:16:20] 📍 Selected venue records: 756
[01:16:20] 🎯 Selected venue IDs: 756
[01:16:20] 📡 Fetching Detailed JSON:
[01:16:20]    https://districtdata2026.pages.dev/boxoffice/2026-09-27_Detailed.json
[01:16:20] ❌ Source file not found (404) – will create empty outputs
[01:16:20] ⚠️ No source data – keeping existing output files unchanged
[01:16:20] 📦 Existing detailed file preserved: daily/data/20260927/detailed9.json
[01:16:20] 📦 Existing summary file preserved: daily/data/20260927/movie_summary9.json
[01:16:20] ✅ DONE | Existing data preserved
[02:16:09] 🚀 DISTRICT → BMS9 CONVERTER STARTED
[02:16:09] 📅 Date: 2026-09-27
[02:16:09] 🚫 Worker logic: DISABLED
[02:16:09] 🔑 Venue matching: ID ONLY
[02:16:09] 🚫 alldistrictvenues.json: NOT USED
[02:16:09] 🚫 Venue-name matching: NOT USED
[02:16:09] 📍 Selected venue records: 756
[02:16:09] 🎯 Selected venue IDs: 756
[02:16:09] 📡 Fetching Detailed JSON:
[02:16:09]    https://districtdata2026.pages.dev/boxoffice/2026-09-27_Detailed.json
[02:16:09] ❌ Source file not found (404) – will create empty outputs
[02:16:09] ⚠️ No source data – keeping existing output files unchanged
[02:16:09] 📦 Existing detailed file preserved: daily/data/20260927/detailed9.json
[02:16:09] 📦 Existing summary file preserved: daily/data/20260927/movie_summary9.json
[02:16:09] ✅ DONE | Existing data preserved
[03:16:11] 🚀 DISTRICT → BMS9 CONVERTER STARTED
[03:16:11] 📅 Date: 2026-09-27
[03:16:11] 🚫 Worker logic: DISABLED
[03:16:11] 🔑 Venue matching: ID ONLY
[03:16:11] 🚫 alldistrictvenues.json: NOT USED
[03:16:11] 🚫 Venue-name matching: NOT USED
[03:16:11] 📍 Selected venue records: 756
[03:16:11] 🎯 Selected venue IDs: 756
[03:16:11] 📡 Fetching Detailed JSON:
[03:16:11]    https://districtdata2026.pages.dev/boxoffice/2026-09-27_Detailed.json
[03:16:11] ❌ Source file not found (404) – will create empty outputs
[03:16:11] ⚠️ No source data – keeping existing output files unchanged
[03:16:11] 📦 Existing detailed file preserved: daily/data/20260927/detailed9.json
[03:16:11] 📦 Existing summary file preserved: daily/data/20260927/movie_summary9.json
[03:16:11] ✅ DONE | Existing data preserved
