[00:17:00] 🚀 BMS DAILY TRACKER STARTED (enhanced anti‑detection)
[00:17:00] [1/458] MBDC
[00:17:01] 🧠 New identity created
[00:17:01] [2/458] CHKM
[00:17:02] [3/458] JTKZ
[00:17:03] [4/458] CMCT
[00:17:05] [5/458] ASHO
[00:17:06] [6/458] ECDG
[00:17:06] [7/458] SPAT
[00:17:07] [8/458] HILC
[00:17:08] [9/458] SPPH
[00:17:08] [10/458] SBHN
[00:17:09] 🔄 Identity reset
[00:17:09] 🔄 Identity rotated (every 10 requests)
[00:17:09] [11/458] RRCA
[00:17:10] [12/458] APAA
[00:17:11] [13/458] RAME
[00:17:12] [14/458] TMMS
[00:17:13] [15/458] BATK
[00:17:13] [16/458] LKOP
[00:17:14] [17/458] AMTT
[00:17:15] [18/458] PTGK
[00:17:16] [19/458] ANRS
[00:17:16] [20/458] VWBW
[00:17:17] 🔄 Identity reset
[00:17:17] 🔄 Identity rotated (every 10 requests)
[00:17:18] [21/458] SVFG
[00:17:18] [22/458] STAT
[00:17:19] [23/458] GDCV
[00:17:20] [24/458] VEBI
[00:17:20] [25/458] VDSS
[00:17:22] [26/458] NTHV
[00:17:23] [27/458] AOCH
[00:17:23] [28/458] KASR
[00:17:24] [29/458] AYCS
[00:17:25] [30/458] SHAI
[00:17:25] 🔄 Identity reset
[00:17:25] 🔄 Identity rotated (every 10 requests)
[00:17:26] [31/458] SKPE
[00:17:27] [32/458] SBTA
[00:17:27] [33/458] RTTD
[00:17:28] [34/458] CCJD
[00:17:29] [35/458] RSJJ
[00:17:29] [36/458] RKND
[00:17:30] [37/458] SVTX
[00:17:31] [38/458] BAKM
[00:17:32] [39/458] SVDC
[00:17:33] [40/458] MNCV
[00:17:33] 🔄 Identity reset
[00:17:33] 🔄 Identity rotated (every 10 requests)
[00:17:34] [41/458] SJGC
[00:17:34] [42/458] MTPK
[00:17:35] [43/458] GATP
[00:17:36] [44/458] ABTS
[00:17:37] [45/458] ABDE
[00:17:37] [46/458] RCNM
[00:17:39] [47/458] KTHV
[00:17:41] [48/458] MDGJ
[00:17:41] [49/458] SMLM
[00:17:42] [50/458] JTMA
[00:17:43] 🔄 Identity reset
[00:17:43] 🔄 Identity rotated (every 10 requests)
[00:17:43] [51/458] ACKP
[00:17:44] [52/458] SRTA
[00:17:45] [53/458] STAY
[00:17:46] [54/458] MAVO
[00:17:46] [55/458] APTS
[00:17:47] [56/458] OMEA
[00:17:48] [57/458] TTFD
[00:17:50] [58/458] MJCU
[00:17:51] [59/458] CXTE
[00:17:52] [60/458] CTPX
[00:17:52] 🔄 Identity reset
[00:17:52] 🔄 Identity rotated (every 10 requests)
[00:17:52] [61/458] ASSL
[00:17:53] [62/458] CMVB
[00:17:54] [63/458] VPUR
[00:17:55] [64/458] JJDA
[00:17:56] [65/458] INBL
[00:17:57] [66/458] BIKB
[00:17:58] [67/458] NTBB
[00:17:58] [68/458] GLOB
[00:17:59] [69/458] SNTB
[00:18:00] [70/458] CHGV
[00:18:01] 🔄 Identity reset
[00:18:01] 🔄 Identity rotated (every 10 requests)
[00:18:01] [71/458] SSBZ
[00:18:02] [72/458] PRDB
[00:18:03] [73/458] ISMT
[00:18:03] [74/458] MCSD
[00:18:04] [75/458] JBTT
[00:18:05] [76/458] GEKR
[00:18:05] [77/458] PVUN
[00:18:06] [78/458] NRTB
[00:18:07] [79/458] PRAA
[00:18:08] [80/458] PCBL
[00:18:08] 🔄 Identity reset
[00:18:08] 🔄 Identity rotated (every 10 requests)
[00:18:09] [81/458] PTCM
[00:18:10] [82/458] KHNN
[00:18:10] [83/458] OMJE
[00:18:11] [84/458] STGN
[00:18:12] [85/458] RPMS
[00:18:13] [86/458] NWAD
[00:18:14] [87/458] BLCK
[00:18:15] [88/458] SVAA
[00:18:15] [89/458] URVM
[00:18:16] [90/458] ANTM
[00:18:17] 🔄 Identity reset
[00:18:17] 🔄 Identity rotated (every 10 requests)
[00:18:17] [91/458] VJYM
[00:18:18] [92/458] MAZZ
[00:18:19] [93/458] CSHM
[00:18:20] [94/458] WGMH
[00:18:21] [95/458] SALN
[00:18:22] [96/458] BRTP
[00:18:22] [97/458] SVTA
[00:18:23] [98/458] SBTP
[00:18:24] [99/458] VLSS
[00:18:25] [100/458] SRJA
[00:18:25] 🔄 Identity reset
[00:18:25] 🔄 Identity rotated (every 10 requests)
[00:18:26] [101/458] ANCG
[00:18:26] [102/458] CGGC
[00:18:27] [103/458] CRJA
[00:18:28] [104/458] USCR
[00:18:29] [105/458] MMEF
[00:18:29] [106/458] JCRJ
[00:18:30] [107/458] ADCM
[00:18:31] [108/458] BMYK
[00:18:32] [109/458] KICS
[00:18:33] [110/458] MBBT
[00:18:33] 🔄 Identity reset
[00:18:33] 🔄 Identity rotated (every 10 requests)
[00:18:33] [111/458] MACK
[00:18:34] [112/458] CLDR
[00:18:35] [113/458] JYCR
[00:18:35] [114/458] DCRP
[00:18:36] [115/458] RAHT
[00:18:37] [116/458] CSSM
[00:18:38] [117/458] ATPK
[00:18:38] [118/458] KLRT
[00:18:39] [119/458] SRDD
[00:18:40] [120/458] CKMC
[00:18:41] 🔄 Identity reset
[00:18:41] 🔄 Identity rotated (every 10 requests)
[00:18:41] [121/458] KRVM
[00:18:42] [122/458] AKCP
[00:18:43] [123/458] CNCV
[00:18:44] [124/458] PACT
[00:18:45] [125/458] NATP
[00:18:46] [126/458] PCPK
[00:18:47] [127/458] SMHO
[00:18:48] [128/458] CWTK
[00:18:48] [129/458] RVKZ
[00:18:49] [130/458] ASPD
[00:18:50] 🔄 Identity reset
[00:18:50] 🔄 Identity rotated (every 10 requests)
[00:18:50] [131/458] VTKZ
[00:18:51] [132/458] LCSO
[00:18:51] [133/458] PRDY
[00:18:52] [134/458] RCAP
[00:18:53] [135/458] RGAR
[00:18:54] [136/458] RCAC
[00:18:55] [137/458] PMOD
[00:18:56] [138/458] PVCN
[00:18:56] [139/458] SCRZ
[00:18:57] [140/458] PVPC
[00:18:58] 🔄 Identity reset
[00:18:58] 🔄 Identity rotated (every 10 requests)
[00:18:58] [141/458] STID
[00:18:59] [142/458] NEDD
[00:19:00] [143/458] BNBA
[00:19:01] [144/458] NTCD
[00:19:02] [145/458] OCDE
[00:19:02] [146/458] CCDU
[00:19:03] [147/458] CRXH
[00:19:04] [148/458] VLVT
[00:19:05] [149/458] CICI
[00:19:05] [150/458] SUCB
[00:19:06] 🔄 Identity reset
[00:19:06] 🔄 Identity rotated (every 10 requests)
[00:19:06] [151/458] TCBP
[00:19:07] [152/458] SCCY
[00:19:08] [153/458] LXCY
[00:19:09] [154/458] NCMD
[00:19:10] [155/458] PHCS
[00:19:10] [156/458] DUXR
[00:19:11] [157/458] VNKS
[00:19:12] [158/458] SEDP
[00:19:14] [159/458] SVEN
[00:19:15] [160/458] SRKM
[00:19:15] 🔄 Identity reset
[00:19:15] 🔄 Identity rotated (every 10 requests)
[00:19:16] [161/458] JTLT
[00:19:16] [162/458] SVSS
[00:19:17] [163/458] AMDE
[00:19:18] [164/458] WVRN
[00:19:20] [165/458] ISMG
[00:19:20] [166/458] WVKS
[00:19:21] [167/458] USCG
[00:19:22] [168/458] IOTG
[00:19:23] [169/458] RRJM
[00:19:24] [170/458] EDMP
[00:19:24] 🔄 Identity reset
[00:19:24] 🔄 Identity rotated (every 10 requests)
[00:19:24] [171/458] SCGZ
[00:19:25] [172/458] GMGX
[00:19:26] [173/458] OMTP
[00:19:27] [174/458] MITD
[00:19:27] [175/458] SMMD
[00:19:29] [176/458] STML
[00:19:30] [177/458] MCFS
[00:19:31] [178/458] FPKA
[00:19:31] [179/458] OMLR
[00:19:32] [180/458] KKSC
[00:19:33] 🔄 Identity reset
[00:19:33] 🔄 Identity rotated (every 10 requests)
[00:19:33] [181/458] RVMA
[00:19:34] [182/458] SCLL
[00:19:35] [183/458] SCDK
[00:19:36] [184/458] SXMI
[00:19:36] [185/458] SHDN
[00:19:37] [186/458] PAAD
[00:19:38] [187/458] UUCB
[00:19:38] [188/458] JHOL
[00:19:39] [189/458] SGWT
[00:19:40] [190/458] SRII
[00:19:40] 🔄 Identity reset
[00:19:40] 🔄 Identity rotated (every 10 requests)
[00:19:41] [191/458] SGCK
[00:19:41] [192/458] SVVB
[00:19:42] [193/458] DMHA
[00:19:43] [194/458] PPNL
[00:19:43] [195/458] CPNL
[00:19:44] [196/458] WVLD
[00:19:45] [197/458] PSLV
[00:19:46] [198/458] VTTL
[00:19:47] [199/458] NPAD
[00:19:48] [200/458] PVCS
[00:19:49] 🔄 Identity reset
[00:19:49] 🔄 Identity rotated (every 10 requests)
[00:19:49] [201/458] MCHL
[00:19:50] [202/458] PPLL
[00:19:51] [203/458] MALO
[00:19:51] [204/458] SWBH
[00:19:52] [205/458] PUGB
[00:19:53] [206/458] INBB
[00:19:53] [207/458] INNS
[00:19:54] [208/458] MCPT
[00:19:55] [209/458] SCMI
[00:19:55] [210/458] OCON
[00:19:56] 🔄 Identity reset
[00:19:56] 🔄 Identity rotated (every 10 requests)
[00:19:56] [211/458] SCSM
[00:19:57] [212/458] RJVN
[00:19:57] [213/458] AMDK
[00:19:58] [214/458] ISMR
[00:19:58] [215/458] SMTD
[00:19:59] [216/458] VTDD
[00:20:00] [217/458] PDDZ
[00:20:01] [218/458] PCCK
[00:20:02] [219/458] INAM
[00:20:03] [220/458] FNKT
[00:20:04] 🔄 Identity reset
[00:20:04] 🔄 Identity rotated (every 10 requests)
[00:20:04] [221/458] GDKA
[00:20:05] [222/458] MAYU
[00:20:06] [223/458] TCGU
[00:20:07] [224/458] KDCA
[00:20:07] [225/458] DOMY
[00:20:08] [226/458] PDDD
[00:20:08] [227/458] BJTS
[00:20:09] [228/458] VTCA
[00:20:10] [229/458] SBTM
[00:20:10] [230/458] SEET
[00:20:11] 🔄 Identity reset
[00:20:11] 🔄 Identity rotated (every 10 requests)
[00:20:11] [231/458] SSTJ
[00:20:12] [232/458] SVNT
[00:20:13] [233/458] PPPR
[00:20:14] [234/458] PVYS
[00:20:14] [235/458] IOSE
[00:20:15] [236/458] ACTV
[00:20:16] [237/458] APVE
[00:20:18] [238/458] TCCL
[00:20:18] [239/458] SCMO
[00:20:19] [240/458] SAUM
[00:20:19] 🔄 Identity reset
[00:20:19] 🔄 Identity rotated (every 10 requests)
[00:20:19] [241/458] KCJS
[00:20:20] [242/458] NJCJ
[00:20:21] [243/458] NECF
[00:20:21] [244/458] CCGW
[00:20:22] [245/458] CCMG
[00:20:23] [246/458] NYRG
[00:20:23] [247/458] NCSQ
[00:20:24] [248/458] GRCG
[00:20:25] [249/458] CCBT
[00:20:26] [250/458] ACGA
[00:20:26] 🔄 Identity reset
[00:20:26] 🔄 Identity rotated (every 10 requests)
[00:20:26] [251/458] INAG
[00:20:27] [252/458] FUCG
[00:20:28] [253/458] AICF
[00:20:29] [254/458] GRGA
[00:20:29] [255/458] GDCN
[00:20:30] [256/458] RRCG
[00:20:31] [257/458] SDCH
[00:20:31] [258/458] WVJM
[00:20:32] [259/458] JCCZ
[00:20:33] [260/458] CNCL
[00:20:34] 🔄 Identity reset
[00:20:34] 🔄 Identity rotated (every 10 requests)
[00:20:34] [261/458] TMLV
[00:20:35] [262/458] MEMB
[00:20:35] [263/458] SGTD
[00:20:36] [264/458] CONX
[00:20:37] [265/458] CCMH
[00:20:38] [266/458] ACMC
[00:20:39] [267/458] DTPD
[00:20:40] [268/458] POJA
[00:20:40] [269/458] FNBH
[00:20:41] [270/458] CGCB
[00:20:42] 🔄 Identity reset
[00:20:42] 🔄 Identity rotated (every 10 requests)
[00:20:42] [271/458] RACN
[00:20:43] [272/458] JTSM
[00:20:43] [273/458] SCDN
[00:20:44] [274/458] AACK
[00:20:45] [275/458] RMCE
[00:20:46] [276/458] BSGB
[00:20:47] [277/458] MRCB
[00:20:47] [278/458] SRVR
[00:20:48] [279/458] VTKK
[00:20:49] [280/458] AMST
[00:20:49] 🔄 Identity reset
[00:20:49] 🔄 Identity rotated (every 10 requests)
[00:20:50] [281/458] APCY
[00:20:51] [282/458] LMHO
[00:20:51] [283/458] MTZH
[00:20:52] [284/458] AMZB
[00:20:53] [285/458] SUVT
[00:20:54] [286/458] RCIP
[00:20:55] [287/458] KESR
[00:20:55] [288/458] SNKC
[00:20:56] [289/458] SCED
[00:20:57] [290/458] DVCA
[00:20:57] 🔄 Identity reset
[00:20:57] 🔄 Identity rotated (every 10 requests)
[00:20:58] [291/458] VCDT
[00:20:59] [292/458] RRDI
[00:21:00] [293/458] DFCH
[00:21:00] [294/458] INSC
[00:21:02] [295/458] RGTR
[00:21:03] [296/458] FMOT
[00:21:04] [297/458] SCPM
[00:21:04] [298/458] GCDT
[00:21:05] [299/458] BRKT
[00:21:06] [300/458] DEMP
[00:21:06] 🔄 Identity reset
[00:21:07] 🔄 Identity rotated (every 10 requests)
[00:21:07] [301/458] SRLC
[00:21:07] [302/458] KSTT
[00:21:08] [303/458] SMMT
[00:21:09] [304/458] SILM
[00:21:09] [305/458] JCVM
[00:21:10] [306/458] KCSV
[00:21:11] [307/458] MHLK
[00:21:12] [308/458] SLVL
[00:21:12] [309/458] RJKP
[00:21:13] [310/458] BBPC
[00:21:14] 🔄 Identity reset
[00:21:14] 🔄 Identity rotated (every 10 requests)
[00:21:14] [311/458] MXCB
[00:21:15] [312/458] TCPK
[00:21:16] [313/458] RTBR
[00:21:17] [314/458] GAUT
[00:21:17] [315/458] DVCF
[00:21:18] [316/458] JTSB
[00:21:19] [317/458] SBLS
[00:21:20] [318/458] UDAY
[00:21:21] [319/458] PTNP
[00:21:21] [320/458] DMKT
[00:21:22] 🔄 Identity reset
[00:21:22] 🔄 Identity rotated (every 10 requests)
[00:21:22] [321/458] NTDT
[00:21:23] [322/458] SHDJ
[00:21:24] [323/458] OTNC
[00:21:25] [324/458] RNTW
[00:21:25] [325/458] GCMI
[00:21:26] [326/458] CRCM
[00:21:27] [327/458] NNCZ
[00:21:29] [328/458] OEMO
[00:21:29] [329/458] PVJM
[00:21:30] [330/458] CPJI
[00:21:31] 🔄 Identity reset
[00:21:31] 🔄 Identity rotated (every 10 requests)
[00:21:31] [331/458] RMCJ
[00:21:32] [332/458] CNWJ
[00:21:33] [333/458] EPJM
[00:21:34] [334/458] FNJJ
[00:21:34] [335/458] GCMJ
[00:21:36] [336/458] INPS
[00:21:37] [337/458] BICJ
[00:21:37] [338/458] ISTJ
[00:21:39] [339/458] INJC
[00:21:40] [340/458] GLXJ
[00:21:40] 🔄 Identity reset
[00:21:40] 🔄 Identity rotated (every 10 requests)
[00:21:41] [341/458] INEM
[00:21:42] [342/458] JTMN
[00:21:42] [343/458] FRCJ
[00:21:43] [344/458] DDJP
[00:21:44] [345/458] INJV
[00:21:45] [346/458] GOLC
[00:21:46] [347/458] KOCI
[00:21:47] [348/458] FSTD
[00:21:48] [349/458] PACJ
[00:21:49] [350/458] GMCN
[00:21:49] 🔄 Identity reset
[00:21:49] 🔄 Identity rotated (every 10 requests)
[00:21:49] [351/458] MMDJ
[00:21:50] [352/458] GODH
[00:21:51] [353/458] SKYN
[00:21:52] [354/458] NCTH
[00:21:53] [355/458] SKVZ
[00:21:54] [356/458] SVML
[00:21:55] [357/458] ACVZ
[00:21:56] [358/458] SURA
[00:21:56] [359/458] RTRB
[00:21:57] [360/458] LLCT
[00:21:57] 🔄 Identity reset
[00:21:57] 🔄 Identity rotated (every 10 requests)
[00:21:58] [361/458] ATTS
[00:21:58] [362/458] JYCM
[00:21:59] [363/458] CTKR
[00:22:00] [364/458] LCKR
[00:22:01] [365/458] NYCV
[00:22:01] [366/458] NYOH
[00:22:02] [367/458] NOVX
[00:22:03] [368/458] MRGK
[00:22:04] [369/458] MOON
[00:22:04] [370/458] SBUC
[00:22:05] 🔄 Identity reset
[00:22:05] 🔄 Identity rotated (every 10 requests)
[00:22:05] [371/458] GSVA
[00:22:06] [372/458] VIAK
[00:22:07] [373/458] SMVZ
[00:22:08] [374/458] MATE
[00:22:09] [375/458] RDCN
[00:22:10] [376/458] ASBL
[00:22:10] [377/458] ASVS
[00:22:12] [378/458] ASSR
[00:22:13] [379/458] SSKN
[00:22:14] [380/458] DRPV
[00:22:14] 🔄 Identity reset
[00:22:14] 🔄 Identity rotated (every 10 requests)
[00:22:15] [381/458] MRHT
[00:22:15] [382/458] BSCN
[00:22:16] [383/458] RKNX
[00:22:17] [384/458] MSMC
[00:22:18] [385/458] MSCJ
[00:22:19] [386/458] BTBJ
[00:22:19] [387/458] MJCC
[00:22:20] [388/458] IOMM
[00:22:21] [389/458] ADGR
[00:22:22] [390/458] MYCP
[00:22:23] 🔄 Identity reset
[00:22:23] 🔄 Identity rotated (every 10 requests)
[00:22:23] [391/458] IGCM
[00:22:24] [392/458] PGRK
[00:22:24] [393/458] VPGO
[00:22:25] [394/458] KOMS
[00:22:26] [395/458] URGG
[00:22:27] [396/458] GOST
[00:22:28] [397/458] LACT
[00:22:29] [398/458] BWCM
[00:22:30] [399/458] NCCW
[00:22:30] [400/458] SKYC
[00:22:31] 🔄 Identity reset
[00:22:31] 🔄 Identity rotated (every 10 requests)
[00:22:31] [401/458] CCPM
[00:22:32] [402/458] VCBT
[00:22:32] [403/458] SDKR
[00:22:33] [404/458] CTYB
[00:22:34] [405/458] SHCX
[00:22:34] [406/458] RCUN
[00:22:35] [407/458] CNRA
[00:22:36] [408/458] RFCA
[00:22:37] [409/458] RDCU
[00:22:38] [410/458] SARK
[00:22:38] 🔄 Identity reset
[00:22:38] 🔄 Identity rotated (every 10 requests)
[00:22:39] [411/458] SPPP
[00:22:40] [412/458] ADMB
[00:22:41] [413/458] JYOE
[00:22:42] [414/458] SRMD
[00:22:43] [415/458] RJDH
[00:22:44] [416/458] SSTD
[00:22:45] [417/458] AACV
[00:22:45] [418/458] PPVD
[00:22:46] [419/458] STCP
[00:22:47] [420/458] ANLS
[00:22:47] 🔄 Identity reset
[00:22:47] 🔄 Identity rotated (every 10 requests)
[00:22:49] [421/458] BIJO
[00:22:49] [422/458] AVAB
[00:22:50] [423/458] SPMD
[00:22:51] [424/458] SVJL
[00:22:52] [425/458] SDDJ
[00:22:53] [426/458] SLTU
[00:22:53] [427/458] SAKA
[00:22:54] [428/458] PMAM
[00:22:55] [429/458] FNAM
[00:22:56] [430/458] ACAM
[00:22:57] 🔄 Identity reset
[00:22:57] 🔄 Identity rotated (every 10 requests)
[00:22:57] [431/458] SCMM
[00:22:59] [432/458] PMAK
[00:22:59] [433/458] NYSA
[00:23:00] [434/458] FCPA
[00:23:01] [435/458] GDAN
[00:23:02] [436/458] RSCA
[00:23:02] [437/458] DMAN
[00:23:03] [438/458] DZCM
[00:23:04] [439/458] NSGL
[00:23:05] [440/458] CCPP
[00:23:05] 🔄 Identity reset
[00:23:05] 🔄 Identity rotated (every 10 requests)
[00:23:06] [441/458] PSMG
[00:23:07] [442/458] GSER
[00:23:08] [443/458] FCCT
[00:23:09] [444/458] FCTB
[00:23:10] [445/458] LCNK
[00:23:11] [446/458] SKTY
[00:23:12] [447/458] INAA
[00:23:13] [448/458] RCWN
[00:23:13] [449/458] VAIS
[00:23:14] [450/458] CVMN
[00:23:15] 🔄 Identity reset
[00:23:15] 🔄 Identity rotated (every 10 requests)
[00:23:15] [451/458] INTS
[00:23:16] [452/458] FRGS
[00:23:17] [453/458] DTCK
[00:23:18] [454/458] MCMH
[00:23:18] [455/458] ECRR
[00:23:19] [456/458] RLLP
[00:23:20] [457/458] CCSN
[00:23:21] [458/458] CCBA
[00:23:22] ✅ DONE | Shows=0 | Movies=0
[01:16:59] 🚀 BMS DAILY TRACKER STARTED (enhanced anti‑detection)
[01:16:59] [1/458] MBDC
[01:17:00] 🧠 New identity created
[01:17:00] [2/458] CHKM
[01:17:01] [3/458] JTKZ
[01:17:02] [4/458] CMCT
[01:17:03] [5/458] ASHO
[01:17:04] [6/458] ECDG
[01:17:05] [7/458] SPAT
[01:17:06] [8/458] HILC
[01:17:06] [9/458] SPPH
[01:17:07] [10/458] SBHN
[01:17:08] 🔄 Identity reset
[01:17:08] 🔄 Identity rotated (every 10 requests)
[01:17:09] [11/458] RRCA
[01:17:09] [12/458] APAA
[01:17:10] [13/458] RAME
[01:17:11] [14/458] TMMS
[01:17:12] [15/458] BATK
[01:17:13] [16/458] LKOP
[01:17:13] [17/458] AMTT
[01:17:14] [18/458] PTGK
[01:17:15] [19/458] ANRS
[01:17:16] [20/458] VWBW
[01:17:16] 🔄 Identity reset
[01:17:16] 🔄 Identity rotated (every 10 requests)
[01:17:17] [21/458] SVFG
[01:17:18] [22/458] STAT
[01:17:18] [23/458] GDCV
[01:17:19] [24/458] VEBI
[01:17:20] [25/458] VDSS
[01:17:21] [26/458] NTHV
[01:17:22] [27/458] AOCH
[01:17:24] [28/458] KASR
[01:17:25] [29/458] AYCS
[01:17:26] [30/458] SHAI
[01:17:26] 🔄 Identity reset
[01:17:26] 🔄 Identity rotated (every 10 requests)
[01:17:27] [31/458] SKPE
[01:17:28] [32/458] SBTA
[01:17:29] [33/458] RTTD
[01:17:30] [34/458] CCJD
[01:17:31] [35/458] RSJJ
[01:17:32] [36/458] RKND
[01:17:33] [37/458] SVTX
[01:17:33] [38/458] BAKM
[01:17:34] [39/458] SVDC
[01:17:36] [40/458] MNCV
[01:17:36] 🔄 Identity reset
[01:17:36] 🔄 Identity rotated (every 10 requests)
[01:17:37] [41/458] SJGC
[01:17:39] [42/458] MTPK
[01:17:40] [43/458] GATP
[01:17:41] [44/458] ABTS
[01:17:42] [45/458] ABDE
[01:17:43] [46/458] RCNM
[01:17:44] [47/458] KTHV
[01:17:45] [48/458] MDGJ
[01:17:46] [49/458] SMLM
[01:17:47] [50/458] JTMA
[01:17:48] 🔄 Identity reset
[01:17:48] 🔄 Identity rotated (every 10 requests)
[01:17:48] [51/458] ACKP
[01:17:49] [52/458] SRTA
[01:17:49] [53/458] STAY
[01:17:50] [54/458] MAVO
[01:17:51] [55/458] APTS
[01:17:52] [56/458] OMEA
[01:17:53] [57/458] TTFD
[01:17:53] [58/458] MJCU
[01:17:54] [59/458] CXTE
[01:17:55] [60/458] CTPX
[01:17:56] 🔄 Identity reset
[01:17:56] 🔄 Identity rotated (every 10 requests)
[01:17:56] [61/458] ASSL
[01:17:57] [62/458] CMVB
[01:17:58] [63/458] VPUR
[01:17:59] [64/458] JJDA
[01:17:59] [65/458] INBL
[01:18:00] [66/458] BIKB
[01:18:01] [67/458] NTBB
[01:18:02] [68/458] GLOB
[01:18:03] [69/458] SNTB
[01:18:04] [70/458] CHGV
[01:18:05] 🔄 Identity reset
[01:18:05] 🔄 Identity rotated (every 10 requests)
[01:18:05] [71/458] SSBZ
[01:18:06] [72/458] PRDB
[01:18:07] [73/458] ISMT
[01:18:08] [74/458] MCSD
[01:18:09] [75/458] JBTT
[01:18:09] [76/458] GEKR
[01:18:10] [77/458] PVUN
[01:18:11] [78/458] NRTB
[01:18:12] [79/458] PRAA
[01:18:13] [80/458] PCBL
[01:18:14] 🔄 Identity reset
[01:18:14] 🔄 Identity rotated (every 10 requests)
[01:18:14] [81/458] PTCM
[01:18:15] [82/458] KHNN
[01:18:16] [83/458] OMJE
[01:18:17] [84/458] STGN
[01:18:17] [85/458] RPMS
[01:18:18] [86/458] NWAD
[01:18:19] [87/458] BLCK
[01:18:20] [88/458] SVAA
[01:18:21] [89/458] URVM
[01:18:22] [90/458] ANTM
[01:18:23] 🔄 Identity reset
[01:18:23] 🔄 Identity rotated (every 10 requests)
[01:18:23] [91/458] VJYM
[01:18:24] [92/458] MAZZ
[01:18:25] [93/458] CSHM
[01:18:25] [94/458] WGMH
[01:18:26] [95/458] SALN
[01:18:27] [96/458] BRTP
[01:18:28] [97/458] SVTA
[01:18:29] [98/458] SBTP
[01:18:30] [99/458] VLSS
[01:18:31] [100/458] SRJA
[01:18:31] 🔄 Identity reset
[01:18:31] 🔄 Identity rotated (every 10 requests)
[01:18:31] [101/458] ANCG
[01:18:32] [102/458] CGGC
[01:18:33] [103/458] CRJA
[01:18:34] [104/458] USCR
[01:18:35] [105/458] MMEF
[01:18:36] [106/458] JCRJ
[01:18:37] [107/458] ADCM
[01:18:38] [108/458] BMYK
[01:18:39] [109/458] KICS
[01:18:39] [110/458] MBBT
[01:18:40] 🔄 Identity reset
[01:18:40] 🔄 Identity rotated (every 10 requests)
[01:18:40] [111/458] MACK
[01:18:41] [112/458] CLDR
[01:18:43] [113/458] JYCR
[01:18:44] [114/458] DCRP
[01:18:46] [115/458] RAHT
[01:18:47] [116/458] CSSM
[01:18:47] [117/458] ATPK
[01:18:48] [118/458] KLRT
[01:18:49] [119/458] SRDD
[01:18:50] [120/458] CKMC
[01:18:51] 🔄 Identity reset
[01:18:51] 🔄 Identity rotated (every 10 requests)
[01:18:52] [121/458] KRVM
[01:18:54] [122/458] AKCP
[01:18:55] [123/458] CNCV
[01:18:55] [124/458] PACT
[01:18:56] [125/458] NATP
[01:18:57] [126/458] PCPK
[01:18:58] [127/458] SMHO
[01:18:59] [128/458] CWTK
[01:19:00] [129/458] RVKZ
[01:19:01] [130/458] ASPD
[01:19:01] 🔄 Identity reset
[01:19:01] 🔄 Identity rotated (every 10 requests)
[01:19:02] [131/458] VTKZ
[01:19:02] [132/458] LCSO
[01:19:03] [133/458] PRDY
[01:19:05] [134/458] RCAP
[01:19:05] [135/458] RGAR
[01:19:06] [136/458] RCAC
[01:19:07] [137/458] PMOD
[01:19:08] [138/458] PVCN
[01:19:09] [139/458] SCRZ
[01:19:10] [140/458] PVPC
[01:19:10] 🔄 Identity reset
[01:19:10] 🔄 Identity rotated (every 10 requests)
[01:19:10] [141/458] STID
[01:19:11] [142/458] NEDD
[01:19:12] [143/458] BNBA
[01:19:13] [144/458] NTCD
[01:19:14] [145/458] OCDE
[01:19:15] [146/458] CCDU
[01:19:15] [147/458] CRXH
[01:19:17] [148/458] VLVT
[01:19:18] [149/458] CICI
[01:19:19] [150/458] SUCB
[01:19:19] 🔄 Identity reset
[01:19:19] 🔄 Identity rotated (every 10 requests)
[01:19:20] [151/458] TCBP
[01:19:21] [152/458] SCCY
[01:19:21] [153/458] LXCY
[01:19:23] [154/458] NCMD
[01:19:24] [155/458] PHCS
[01:19:25] [156/458] DUXR
[01:19:26] [157/458] VNKS
[01:19:27] [158/458] SEDP
[01:19:27] [159/458] SVEN
[01:19:28] [160/458] SRKM
[01:19:29] 🔄 Identity reset
[01:19:29] 🔄 Identity rotated (every 10 requests)
[01:19:29] [161/458] JTLT
[01:19:30] [162/458] SVSS
[01:19:31] [163/458] AMDE
[01:19:33] [164/458] WVRN
[01:19:34] [165/458] ISMG
[01:19:35] [166/458] WVKS
[01:19:36] [167/458] USCG
[01:19:37] [168/458] IOTG
[01:19:38] [169/458] RRJM
[01:19:39] [170/458] EDMP
[01:19:39] 🔄 Identity reset
[01:19:39] 🔄 Identity rotated (every 10 requests)
[01:19:40] [171/458] SCGZ
[01:19:41] [172/458] GMGX
[01:19:42] [173/458] OMTP
[01:19:42] [174/458] MITD
[01:19:43] [175/458] SMMD
[01:19:45] [176/458] STML
[01:19:46] [177/458] MCFS
[01:19:46] [178/458] FPKA
[01:19:48] [179/458] OMLR
[01:19:49] [180/458] KKSC
[01:19:49] 🔄 Identity reset
[01:19:49] 🔄 Identity rotated (every 10 requests)
[01:19:50] [181/458] RVMA
[01:19:50] [182/458] SCLL
[01:19:51] [183/458] SCDK
[01:19:53] [184/458] SXMI
[01:19:54] [185/458] SHDN
[01:19:56] [186/458] PAAD
[01:19:56] [187/458] UUCB
[01:19:57] [188/458] JHOL
[01:19:58] [189/458] SGWT
[01:19:59] [190/458] SRII
[01:19:59] 🔄 Identity reset
[01:19:59] 🔄 Identity rotated (every 10 requests)
[01:20:00] [191/458] SGCK
[01:20:01] [192/458] SVVB
[01:20:02] [193/458] DMHA
[01:20:02] [194/458] PPNL
[01:20:03] [195/458] CPNL
[01:20:04] [196/458] WVLD
[01:20:05] [197/458] PSLV
[01:20:06] [198/458] VTTL
[01:20:07] [199/458] NPAD
[01:20:08] [200/458] PVCS
[01:20:09] 🔄 Identity reset
[01:20:09] 🔄 Identity rotated (every 10 requests)
[01:20:09] [201/458] MCHL
[01:20:11] [202/458] PPLL
[01:20:11] [203/458] MALO
[01:20:12] [204/458] SWBH
[01:20:13] [205/458] PUGB
[01:20:14] [206/458] INBB
[01:20:16] [207/458] INNS
[01:20:16] [208/458] MCPT
[01:20:17] [209/458] SCMI
[01:20:18] [210/458] OCON
[01:20:19] 🔄 Identity reset
[01:20:19] 🔄 Identity rotated (every 10 requests)
[01:20:19] [211/458] SCSM
[01:20:20] [212/458] RJVN
[01:20:21] [213/458] AMDK
[01:20:22] [214/458] ISMR
[01:20:23] [215/458] SMTD
[01:20:24] [216/458] VTDD
[01:20:25] [217/458] PDDZ
[01:20:25] [218/458] PCCK
[01:20:27] [219/458] INAM
[01:20:28] [220/458] FNKT
[01:20:28] 🔄 Identity reset
[01:20:28] 🔄 Identity rotated (every 10 requests)
[01:20:29] [221/458] GDKA
[01:20:29] [222/458] MAYU
[01:20:30] [223/458] TCGU
[01:20:31] [224/458] KDCA
[01:20:32] [225/458] DOMY
[01:20:33] [226/458] PDDD
[01:20:33] [227/458] BJTS
[01:20:34] [228/458] VTCA
[01:20:35] [229/458] SBTM
[01:20:36] [230/458] SEET
[01:20:37] 🔄 Identity reset
[01:20:37] 🔄 Identity rotated (every 10 requests)
[01:20:37] [231/458] SSTJ
[01:20:38] [232/458] SVNT
[01:20:39] [233/458] PPPR
[01:20:41] [234/458] PVYS
[01:20:42] [235/458] IOSE
[01:20:42] [236/458] ACTV
[01:20:43] [237/458] APVE
[01:20:45] [238/458] TCCL
[01:20:45] [239/458] SCMO
[01:20:46] [240/458] SAUM
[01:20:47] 🔄 Identity reset
[01:20:47] 🔄 Identity rotated (every 10 requests)
[01:20:47] [241/458] KCJS
[01:20:48] [242/458] NJCJ
[01:20:49] [243/458] NECF
[01:20:50] [244/458] CCGW
[01:20:51] [245/458] CCMG
[01:20:52] [246/458] NYRG
[01:20:53] [247/458] NCSQ
[01:20:53] [248/458] GRCG
[01:20:55] [249/458] CCBT
[01:20:56] [250/458] ACGA
[01:20:57] 🔄 Identity reset
[01:20:57] 🔄 Identity rotated (every 10 requests)
[01:20:57] [251/458] INAG
[01:20:58] [252/458] FUCG
[01:20:59] [253/458] AICF
[01:21:00] [254/458] GRGA
[01:21:01] [255/458] GDCN
[01:21:02] [256/458] RRCG
[01:21:03] [257/458] SDCH
[01:21:05] [258/458] WVJM
[01:21:06] [259/458] JCCZ
[01:21:07] [260/458] CNCL
[01:21:07] 🔄 Identity reset
[01:21:07] 🔄 Identity rotated (every 10 requests)
[01:21:07] [261/458] TMLV
[01:21:08] [262/458] MEMB
[01:21:09] [263/458] SGTD
[01:21:10] [264/458] CONX
[01:21:11] [265/458] CCMH
[01:21:12] [266/458] ACMC
[01:21:13] [267/458] DTPD
[01:21:14] [268/458] POJA
[01:21:15] [269/458] FNBH
[01:21:17] [270/458] CGCB
[01:21:18] 🔄 Identity reset
[01:21:18] 🔄 Identity rotated (every 10 requests)
[01:21:18] [271/458] RACN
[01:21:19] [272/458] JTSM
[01:21:20] [273/458] SCDN
[01:21:21] [274/458] AACK
[01:21:21] [275/458] RMCE
[01:21:23] [276/458] BSGB
[01:21:24] [277/458] MRCB
[01:21:25] [278/458] SRVR
[01:21:25] [279/458] VTKK
[01:21:26] [280/458] AMST
[01:21:27] 🔄 Identity reset
[01:21:27] 🔄 Identity rotated (every 10 requests)
[01:21:27] [281/458] APCY
[01:21:28] [282/458] LMHO
[01:21:29] [283/458] MTZH
[01:21:30] [284/458] AMZB
[01:21:30] [285/458] SUVT
[01:21:31] [286/458] RCIP
[01:21:33] [287/458] KESR
[01:21:33] [288/458] SNKC
[01:21:34] [289/458] SCED
[01:21:35] [290/458] DVCA
[01:21:36] 🔄 Identity reset
[01:21:36] 🔄 Identity rotated (every 10 requests)
[01:21:36] [291/458] VCDT
[01:21:37] [292/458] RRDI
[01:21:38] [293/458] DFCH
[01:21:39] [294/458] INSC
[01:21:39] [295/458] RGTR
[01:21:40] [296/458] FMOT
[01:21:41] [297/458] SCPM
[01:21:42] [298/458] GCDT
[01:21:43] [299/458] BRKT
[01:21:45] [300/458] DEMP
[01:21:45] 🔄 Identity reset
[01:21:45] 🔄 Identity rotated (every 10 requests)
[01:21:45] [301/458] SRLC
[01:21:46] [302/458] KSTT
[01:21:47] [303/458] SMMT
[01:21:48] [304/458] SILM
[01:21:49] [305/458] JCVM
[01:21:50] [306/458] KCSV
[01:21:50] [307/458] MHLK
[01:21:51] [308/458] SLVL
[01:21:52] [309/458] RJKP
[01:21:53] [310/458] BBPC
[01:21:53] 🔄 Identity reset
[01:21:54] 🔄 Identity rotated (every 10 requests)
[01:21:54] [311/458] MXCB
[01:21:54] [312/458] TCPK
[01:21:55] [313/458] RTBR
[01:21:56] [314/458] GAUT
[01:21:57] [315/458] DVCF
[01:21:58] [316/458] JTSB
[01:21:59] [317/458] SBLS
[01:22:00] [318/458] UDAY
[01:22:00] [319/458] PTNP
[01:22:01] [320/458] DMKT
[01:22:02] 🔄 Identity reset
[01:22:02] 🔄 Identity rotated (every 10 requests)
[01:22:02] [321/458] NTDT
[01:22:03] [322/458] SHDJ
[01:22:04] [323/458] OTNC
[01:22:05] [324/458] RNTW
[01:22:06] [325/458] GCMI
[01:22:06] [326/458] CRCM
[01:22:07] [327/458] NNCZ
[01:22:09] [328/458] OEMO
[01:22:10] [329/458] PVJM
[01:22:11] [330/458] CPJI
[01:22:11] 🔄 Identity reset
[01:22:11] 🔄 Identity rotated (every 10 requests)
[01:22:12] [331/458] RMCJ
[01:22:13] [332/458] CNWJ
[01:22:14] [333/458] EPJM
[01:22:14] [334/458] FNJJ
[01:22:15] [335/458] GCMJ
[01:22:16] [336/458] INPS
[01:22:17] [337/458] BICJ
[01:22:18] [338/458] ISTJ
[01:22:19] [339/458] INJC
[01:22:20] [340/458] GLXJ
[01:22:20] 🔄 Identity reset
[01:22:20] 🔄 Identity rotated (every 10 requests)
[01:22:21] [341/458] INEM
[01:22:21] [342/458] JTMN
[01:22:22] [343/458] FRCJ
[01:22:23] [344/458] DDJP
[01:22:25] [345/458] INJV
[01:22:26] [346/458] GOLC
[01:22:27] [347/458] KOCI
[01:22:27] [348/458] FSTD
[01:22:28] [349/458] PACJ
[01:22:29] [350/458] GMCN
[01:22:30] 🔄 Identity reset
[01:22:30] 🔄 Identity rotated (every 10 requests)
[01:22:31] [351/458] MMDJ
[01:22:31] [352/458] GODH
[01:22:32] [353/458] SKYN
[01:22:33] [354/458] NCTH
[01:22:34] [355/458] SKVZ
[01:22:35] [356/458] SVML
[01:22:36] [357/458] ACVZ
[01:22:36] [358/458] SURA
[01:22:37] [359/458] RTRB
[01:22:38] [360/458] LLCT
[01:22:39] 🔄 Identity reset
[01:22:39] 🔄 Identity rotated (every 10 requests)
[01:22:39] [361/458] ATTS
[01:22:40] [362/458] JYCM
[01:22:41] [363/458] CTKR
[01:22:42] [364/458] LCKR
[01:22:42] [365/458] NYCV
[01:22:43] [366/458] NYOH
[01:22:44] [367/458] NOVX
[01:22:45] [368/458] MRGK
[01:22:46] [369/458] MOON
[01:22:47] [370/458] SBUC
[01:22:48] 🔄 Identity reset
[01:22:48] 🔄 Identity rotated (every 10 requests)
[01:22:48] [371/458] GSVA
[01:22:49] [372/458] VIAK
[01:22:50] [373/458] SMVZ
[01:22:51] [374/458] MATE
[01:22:52] [375/458] RDCN
[01:22:52] [376/458] ASBL
[01:22:53] [377/458] ASVS
[01:22:54] [378/458] ASSR
[01:22:55] [379/458] SSKN
[01:22:57] [380/458] DRPV
[01:22:57] 🔄 Identity reset
[01:22:57] 🔄 Identity rotated (every 10 requests)
[01:22:57] [381/458] MRHT
[01:22:58] [382/458] BSCN
[01:22:59] [383/458] RKNX
[01:23:01] [384/458] MSMC
[01:23:02] [385/458] MSCJ
[01:23:02] [386/458] BTBJ
[01:23:03] [387/458] MJCC
[01:23:04] [388/458] IOMM
[01:23:05] [389/458] ADGR
[01:23:06] [390/458] MYCP
[01:23:06] 🔄 Identity reset
[01:23:06] 🔄 Identity rotated (every 10 requests)
[01:23:06] [391/458] IGCM
[01:23:07] [392/458] PGRK
[01:23:09] [393/458] VPGO
[01:23:11] [394/458] KOMS
[01:23:11] [395/458] URGG
[01:23:12] [396/458] GOST
[01:23:13] [397/458] LACT
[01:23:14] [398/458] BWCM
[01:23:15] [399/458] NCCW
[01:23:16] [400/458] SKYC
[01:23:16] 🔄 Identity reset
[01:23:16] 🔄 Identity rotated (every 10 requests)
[01:23:17] [401/458] CCPM
[01:23:17] [402/458] VCBT
[01:23:18] [403/458] SDKR
[01:23:19] [404/458] CTYB
[01:23:20] [405/458] SHCX
[01:23:20] [406/458] RCUN
[01:23:21] [407/458] CNRA
[01:23:22] [408/458] RFCA
[01:23:23] [409/458] RDCU
[01:23:24] [410/458] SARK
[01:23:25] 🔄 Identity reset
[01:23:25] 🔄 Identity rotated (every 10 requests)
[01:23:25] [411/458] SPPP
[01:23:26] [412/458] ADMB
[01:23:27] [413/458] JYOE
[01:23:28] [414/458] SRMD
[01:23:29] [415/458] RJDH
[01:23:30] [416/458] SSTD
[01:23:30] [417/458] AACV
[01:23:31] [418/458] PPVD
[01:23:32] [419/458] STCP
[01:23:33] [420/458] ANLS
[01:23:34] 🔄 Identity reset
[01:23:34] 🔄 Identity rotated (every 10 requests)
[01:23:34] [421/458] BIJO
[01:23:35] [422/458] AVAB
[01:23:36] [423/458] SPMD
[01:23:37] [424/458] SVJL
[01:23:38] [425/458] SDDJ
[01:23:39] [426/458] SLTU
[01:23:40] [427/458] SAKA
[01:23:41] [428/458] PMAM
[01:23:42] [429/458] FNAM
[01:23:43] [430/458] ACAM
[01:23:43] 🔄 Identity reset
[01:23:43] 🔄 Identity rotated (every 10 requests)
[01:23:45] [431/458] SCMM
[01:23:45] [432/458] PMAK
[01:23:46] [433/458] NYSA
[01:23:47] [434/458] FCPA
[01:23:48] [435/458] GDAN
[01:23:49] [436/458] RSCA
[01:23:50] [437/458] DMAN
[01:23:50] [438/458] DZCM
[01:23:51] [439/458] NSGL
[01:23:52] [440/458] CCPP
[01:23:53] 🔄 Identity reset
[01:23:53] 🔄 Identity rotated (every 10 requests)
[01:23:53] [441/458] PSMG
[01:23:54] [442/458] GSER
[01:23:55] [443/458] FCCT
[01:23:55] [444/458] FCTB
[01:23:56] [445/458] LCNK
[01:23:57] [446/458] SKTY
[01:23:58] [447/458] INAA
[01:23:59] [448/458] RCWN
[01:24:00] [449/458] VAIS
[01:24:00] [450/458] CVMN
[01:24:01] 🔄 Identity reset
[01:24:01] 🔄 Identity rotated (every 10 requests)
[01:24:01] [451/458] INTS
[01:24:02] [452/458] FRGS
[01:24:03] [453/458] DTCK
[01:24:04] [454/458] MCMH
[01:24:05] [455/458] ECRR
[01:24:06] [456/458] RLLP
[01:24:07] [457/458] CCSN
[01:24:09] [458/458] CCBA
[01:24:10] ✅ DONE | Shows=0 | Movies=0
