[00:17:23] 🚀 BMS DAILY TRACKER STARTED (enhanced anti‑detection)
[00:17:23] [1/326] VCHA
[00:17:23] 🧠 New identity created
[00:17:24] [2/326] SCKO
[00:17:24] [3/326] VKTK
[00:17:25] [4/326] DXEC
[00:17:26] [5/326] CDCA
[00:17:28] [6/326] VBCZ
[00:17:29] [7/326] MSDR
[00:17:30] [8/326] ACPV
[00:17:31] [9/326] PVHB
[00:17:32] [10/326] RCNH
[00:17:33] 🔄 Identity reset
[00:17:33] 🔄 Identity rotated (every 10 requests)
[00:17:33] [11/326] IOMH
[00:17:34] [12/326] ILKS
[00:17:35] [13/326] AMSN
[00:17:36] [14/326] ANTP
[00:17:37] [15/326] SSEK
[00:17:38] [16/326] PICP
[00:17:39] [17/326] SICO
[00:17:39] [18/326] SISP
[00:17:40] [19/326] SCPI
[00:17:41] [20/326] CRPR
[00:17:42] 🔄 Identity reset
[00:17:42] 🔄 Identity rotated (every 10 requests)
[00:17:42] [21/326] DCTW
[00:17:43] [22/326] DCSP
[00:17:44] [23/326] KRPM
[00:17:46] [24/326] THKK
[00:17:47] [25/326] SNMY
[00:17:48] [26/326] AKCC
[00:17:49] [27/326] PCAT
[00:17:51] [28/326] RFGO
[00:17:52] [29/326] GGCS
[00:17:53] [30/326] ACKR
[00:17:53] 🔄 Identity reset
[00:17:53] 🔄 Identity rotated (every 10 requests)
[00:17:54] [31/326] STDO
[00:17:55] [32/326] ACKB
[00:17:55] [33/326] ALUC
[00:17:56] [34/326] MNSR
[00:17:57] [35/326] CSSL
[00:17:58] [36/326] BGGM
[00:17:59] [37/326] MANT
[00:18:00] [38/326] SOOY
[00:18:01] [39/326] VPPK
[00:18:02] [40/326] MYHJ
[00:18:03] 🔄 Identity reset
[00:18:03] 🔄 Identity rotated (every 10 requests)
[00:18:03] [41/326] KSCK
[00:18:04] [42/326] KATK
[00:18:05] [43/326] RTRT
[00:18:05] [44/326] SSTT
[00:18:06] [45/326] SSTV
[00:18:07] [46/326] LACM
[00:18:08] [47/326] SGMG
[00:18:09] [48/326] KACX
[00:18:10] [49/326] GVCP
[00:18:11] [50/326] CSNC
[00:18:11] 🔄 Identity reset
[00:18:11] 🔄 Identity rotated (every 10 requests)
[00:18:12] [51/326] SXCB
[00:18:13] [52/326] BAHS
[00:18:14] [53/326] PCBI
[00:18:14] [54/326] PSSM
[00:18:15] [55/326] RCOK
[00:18:16] [56/326] SCPF
[00:18:17] [57/326] SSAS
[00:18:18] [58/326] EVMM
[00:18:19] [59/326] SYCB
[00:18:20] [60/326] GCKI
[00:18:21] 🔄 Identity reset
[00:18:21] 🔄 Identity rotated (every 10 requests)
[00:18:21] [61/326] IAET
[00:18:22] [62/326] DDTD
[00:18:23] [63/326] GMDH
[00:18:24] [64/326] STLE
[00:18:25] [65/326] JTRA
[00:18:26] [66/326] RPPA
[00:18:28] [67/326] ARUT
[00:18:29] [68/326] JTVM
[00:18:30] [69/326] SWRH
[00:18:31] [70/326] DCPC
[00:18:32] 🔄 Identity reset
[00:18:32] 🔄 Identity rotated (every 10 requests)
[00:18:32] [71/326] RAPR
[00:18:34] [72/326] GCRT
[00:18:35] [73/326] ATUN
[00:18:36] [74/326] LTRM
[00:18:37] [75/326] TASR
[00:18:38] [76/326] RLLC
[00:18:39] [77/326] MABI
[00:18:39] [78/326] SVHB
[00:18:40] [79/326] NVTB
[00:18:41] [80/326] KCKG
[00:18:42] 🔄 Identity reset
[00:18:42] 🔄 Identity rotated (every 10 requests)
[00:18:43] [81/326] SSRN
[00:18:44] [82/326] VDDC
[00:18:45] [83/326] GKTK
[00:18:46] [84/326] YFSN
[00:18:47] [85/326] GCSG
[00:18:48] [86/326] ESSM
[00:18:49] [87/326] KRIH
[00:18:50] [88/326] GCDS
[00:18:51] [89/326] CCSH
[00:18:52] [90/326] ACSK
[00:18:52] 🔄 Identity reset
[00:18:52] 🔄 Identity rotated (every 10 requests)
[00:18:53] [91/326] APRK
[00:18:54] [92/326] ADKM
[00:18:55] [93/326] SRDM
[00:18:55] [94/326] SJMY
[00:18:56] [95/326] PGGC
[00:18:57] [96/326] INGM
[00:18:58] [97/326] LSCB
[00:18:59] [98/326] STAD
[00:19:00] [99/326] MCCR
[00:19:01] [100/326] ABCC
[00:19:01] 🔄 Identity reset
[00:19:01] 🔄 Identity rotated (every 10 requests)
[00:19:02] [101/326] RKCC
[00:19:02] [102/326] RTCR
[00:19:03] [103/326] GGBC
[00:19:04] [104/326] GCSD
[00:19:05] [105/326] LPTY
[00:19:06] [106/326] MCFD
[00:19:07] [107/326] HENN
[00:19:08] [108/326] SMKU
[00:19:09] [109/326] TNZC
[00:19:10] [110/326] DRCD
[00:19:10] 🔄 Identity reset
[00:19:10] 🔄 Identity rotated (every 10 requests)
[00:19:11] [111/326] DLCD
[00:19:12] [112/326] RCDA
[00:19:13] [113/326] COSM
[00:19:13] [114/326] MCMJ
[00:19:14] [115/326] CSTR
[00:19:15] [116/326] CVDK
[00:19:16] [117/326] INRR
[00:19:17] [118/326] RJRT
[00:19:18] [119/326] IRMR
[00:19:19] [120/326] SRCF
[00:19:20] 🔄 Identity reset
[00:19:20] 🔄 Identity rotated (every 10 requests)
[00:19:20] [121/326] GRCR
[00:19:21] [122/326] SURC
[00:19:22] [123/326] NMNH
[00:19:23] [124/326] SVBL
[00:19:24] [125/326] KACI
[00:19:25] [126/326] TDGO
[00:19:26] [127/326] KTBR
[00:19:27] [128/326] PMAD
[00:19:28] [129/326] CCPN
[00:19:29] [130/326] SBTK
[00:19:30] 🔄 Identity reset
[00:19:30] 🔄 Identity rotated (every 10 requests)
[00:19:30] [131/326] LMDK
[00:19:31] [132/326] PGDA
[00:19:32] [133/326] SRML
[00:19:33] [134/326] EVCK
[00:19:34] [135/326] RTTK
[00:19:34] [136/326] SRTU
[00:19:35] [137/326] VRSA
[00:19:36] [138/326] VARS
[00:19:38] [139/326] DSCZ
[00:19:39] [140/326] GAGA
[00:19:39] 🔄 Identity reset
[00:19:39] 🔄 Identity rotated (every 10 requests)
[00:19:40] [141/326] SARV
[00:19:41] [142/326] SEEG
[00:19:42] [143/326] GLCA
[00:19:43] [144/326] APAS
[00:19:43] [145/326] VCIA
[00:19:44] [146/326] SJTA
[00:19:45] [147/326] SABM
[00:19:46] [148/326] PPAG
[00:19:47] [149/326] RVCA
[00:19:48] [150/326] CCIA
[00:19:48] 🔄 Identity reset
[00:19:48] 🔄 Identity rotated (every 10 requests)
[00:19:49] [151/326] HTAG
[00:19:50] [152/326] SMBI
[00:19:51] [153/326] MCJR
[00:19:51] [154/326] CCJR
[00:19:52] [155/326] SINF
[00:19:54] [156/326] CPLX
[00:19:55] [157/326] KKTJ
[00:19:56] [158/326] GDBW
[00:19:57] [159/326] CSUB
[00:19:58] [160/326] DABA
[00:19:58] 🔄 Identity reset
[00:19:58] 🔄 Identity rotated (every 10 requests)
[00:19:59] [161/326] TITR
[00:20:00] [162/326] NYCR
[00:20:01] [163/326] RTRY
[00:20:02] [164/326] JTJL
[00:20:03] [165/326] SJCP
[00:20:04] [166/326] KCCA
[00:20:04] [167/326] MLPG
[00:20:05] [168/326] VRCK
[00:20:06] [169/326] SRIN
[00:20:07] [170/326] CXMK
[00:20:08] 🔄 Identity reset
[00:20:08] 🔄 Identity rotated (every 10 requests)
[00:20:08] [171/326] SKAD
[00:20:09] [172/326] AVTR
[00:20:11] [173/326] PTAJ
[00:20:12] [174/326] SCNK
[00:20:13] [175/326] STTI
[00:20:14] [176/326] KACR
[00:20:15] [177/326] SSDX
[00:20:16] [178/326] VRTJ
[00:20:18] [179/326] RAJD
[00:20:18] [180/326] SCIP
[00:20:19] 🔄 Identity reset
[00:20:19] 🔄 Identity rotated (every 10 requests)
[00:20:19] [181/326] RJSL
[00:20:20] [182/326] ARRS
[00:20:21] [183/326] ASMS
[00:20:22] [184/326] RDTS
[00:20:23] [185/326] DVMY
[00:20:24] [186/326] RASA
[00:20:25] [187/326] INOM
[00:20:26] [188/326] SPRS
[00:20:27] [189/326] SGCS
[00:20:28] [190/326] SALM
[00:20:29] 🔄 Identity reset
[00:20:29] 🔄 Identity rotated (every 10 requests)
[00:20:30] [191/326] PKHC
[00:20:31] [192/326] RCSV
[00:20:32] [193/326] CPKC
[00:20:33] [194/326] AACD
[00:20:34] [195/326] GGCV
[00:20:35] [196/326] SMKD
[00:20:36] [197/326] NBCH
[00:20:37] [198/326] AMCB
[00:20:38] [199/326] OPCN
[00:20:39] [200/326] DCIN
[00:20:39] 🔄 Identity reset
[00:20:40] 🔄 Identity rotated (every 10 requests)
[00:20:40] [201/326] INGW
[00:20:41] [202/326] PKKW
[00:20:42] [203/326] FNGW
[00:20:42] [204/326] GCGD
[00:20:43] [205/326] MSTW
[00:20:44] [206/326] KCCG
[00:20:45] [207/326] MRSS
[00:20:46] [208/326] CLCF
[00:20:47] [209/326] EETS
[00:20:48] [210/326] AATR
[00:20:48] 🔄 Identity reset
[00:20:48] 🔄 Identity rotated (every 10 requests)
[00:20:49] [211/326] CMMN
[00:20:50] [212/326] SCCJ
[00:20:50] [213/326] CDTK
[00:20:51] [214/326] AICP
[00:20:52] [215/326] FNBP
[00:20:53] [216/326] CBPB
[00:20:54] [217/326] CPAS
[00:20:55] [218/326] MAPM
[00:20:56] [219/326] PASD
[00:20:58] [220/326] JCMN
[00:20:58] 🔄 Identity reset
[00:20:58] 🔄 Identity rotated (every 10 requests)
[00:20:59] [221/326] MALB
[00:21:00] [222/326] SACG
[00:21:01] [223/326] DDRX
[00:21:01] [224/326] DDXB
[00:21:02] [225/326] RAMC
[00:21:03] [226/326] SANC
[00:21:04] [227/326] BCBP
[00:21:05] [228/326] ALPC
[00:21:06] [229/326] RBAC
[00:21:07] [230/326] RAJL
[00:21:08] 🔄 Identity reset
[00:21:08] 🔄 Identity rotated (every 10 requests)
[00:21:08] [231/326] MPDX
[00:21:09] [232/326] MUSC
[00:21:10] [233/326] VKMK
[00:21:11] [234/326] SKCG
[00:21:13] [235/326] ANCN
[00:21:14] [236/326] MMCJ
[00:21:16] [237/326] DCAK
[00:21:17] [238/326] SCKG
[00:21:18] [239/326] LMCK
[00:21:19] [240/326] CKKX
[00:21:19] 🔄 Identity reset
[00:21:19] 🔄 Identity rotated (every 10 requests)
[00:21:20] [241/326] ANKU
[00:21:21] [242/326] CSMD
[00:21:22] [243/326] MKMP
[00:21:22] [244/326] SVBG
[00:21:23] [245/326] ROOP
[00:21:24] [246/326] GDMT
[00:21:25] [247/326] FPPF
[00:21:26] [248/326] SFUU
[00:21:27] [249/326] ANCB
[00:21:28] [250/326] SMMC
[00:21:28] 🔄 Identity reset
[00:21:28] 🔄 Identity rotated (every 10 requests)
[00:21:29] [251/326] UGKT
[00:21:30] [252/326] JVRM
[00:21:30] [253/326] BATG
[00:21:31] [254/326] RATE
[00:21:32] [255/326] SKME
[00:21:33] [256/326] LMTP
[00:21:34] [257/326] TCBD
[00:21:35] [258/326] ESBD
[00:21:36] [259/326] GDCU
[00:21:37] [260/326] SNKT
[00:21:38] 🔄 Identity reset
[00:21:38] 🔄 Identity rotated (every 10 requests)
[00:21:38] [261/326] SRNK
[00:21:39] [262/326] SMED
[00:21:40] [263/326] CSQS
[00:21:42] [264/326] ALCS
[00:21:43] [265/326] KCKN
[00:21:44] [266/326] VCCL
[00:21:44] [267/326] MCDA
[00:21:45] [268/326] SHMI
[00:21:46] [269/326] SKHA
[00:21:47] [270/326] SVFK
[00:21:48] 🔄 Identity reset
[00:21:48] 🔄 Identity rotated (every 10 requests)
[00:21:49] [271/326] INVB
[00:21:50] [272/326] MELD
[00:21:52] [273/326] JTYS
[00:21:53] [274/326] INCM
[00:21:54] [275/326] MCDV
[00:21:56] [276/326] KSGK
[00:21:57] [277/326] ICMG
[00:21:58] [278/326] CSCV
[00:21:59] [279/326] STMD
[00:22:01] [280/326] STTR
[00:22:01] 🔄 Identity reset
[00:22:01] 🔄 Identity rotated (every 10 requests)
[00:22:02] [281/326] INVC
[00:22:03] [282/326] JTBL
[00:22:04] [283/326] SRVV
[00:22:05] [284/326] MAVC
[00:22:06] [285/326] SRPP
[00:22:07] [286/326] JGDM
[00:22:08] [287/326] MBSJ
[00:22:09] [288/326] SSLL
[00:22:10] [289/326] SLKP
[00:22:11] [290/326] NSRV
[00:22:11] 🔄 Identity reset
[00:22:11] 🔄 Identity rotated (every 10 requests)
[00:22:12] [291/326] UTDV
[00:22:13] [292/326] KICM
[00:22:13] [293/326] KCMD
[00:22:14] [294/326] TTPP
[00:22:16] [295/326] KMPV
[00:22:17] [296/326] SKTV
[00:22:18] [297/326] STCV
[00:22:19] [298/326] SRDA
[00:22:20] [299/326] JTSX
[00:22:21] [300/326] STBV
[00:22:22] 🔄 Identity reset
[00:22:22] 🔄 Identity rotated (every 10 requests)
[00:22:22] [301/326] APVZ
[00:22:23] [302/326] GSTV
[00:22:24] [303/326] NMVS
[00:22:25] [304/326] SKRT
[00:22:26] [305/326] RMDV
[00:22:27] [306/326] RATG
[00:22:28] [307/326] SJYV
[00:22:29] [308/326] NDGP
[00:22:30] [309/326] SNDG
[00:22:31] [310/326] INSR
[00:22:32] 🔄 Identity reset
[00:22:32] 🔄 Identity rotated (every 10 requests)
[00:22:32] [311/326] INSO
[00:22:33] [312/326] CCSI
[00:22:35] [313/326] RASM
[00:22:36] [314/326] NEWC
[00:22:37] [315/326] VSHL
[00:22:38] [316/326] BISW
[00:22:39] [317/326] GCNG
[00:22:40] [318/326] CWSC
[00:22:41] [319/326] SKAN
[00:22:42] [320/326] CCOA
[00:22:43] 🔄 Identity reset
[00:22:43] 🔄 Identity rotated (every 10 requests)
[00:22:43] [321/326] MCAJ
[00:22:44] [322/326] ACDE
[00:22:45] [323/326] AACM
[00:22:46] [324/326] JJCK
[00:22:47] [325/326] RCMO
[00:22:48] [326/326] GDAW
[00:22:49] ✅ DONE | Shows=0 | Movies=0
[01:17:01] 🚀 BMS DAILY TRACKER STARTED (enhanced anti‑detection)
[01:17:01] [1/326] VCHA
[01:17:01] 🧠 New identity created
[01:17:02] [2/326] SCKO
[01:17:03] [3/326] VKTK
[01:17:04] [4/326] DXEC
[01:17:05] [5/326] CDCA
[01:17:06] [6/326] VBCZ
[01:17:06] [7/326] MSDR
[01:17:07] [8/326] ACPV
[01:17:08] [9/326] PVHB
[01:17:09] [10/326] RCNH
[01:17:09] 🔄 Identity reset
[01:17:09] 🔄 Identity rotated (every 10 requests)
[01:17:10] [11/326] IOMH
[01:17:10] [12/326] ILKS
[01:17:11] [13/326] AMSN
[01:17:13] [14/326] ANTP
[01:17:14] [15/326] SSEK
[01:17:15] [16/326] PICP
[01:17:15] [17/326] SICO
[01:17:17] [18/326] SISP
[01:17:18] [19/326] SCPI
[01:17:18] [20/326] CRPR
[01:17:19] 🔄 Identity reset
[01:17:19] 🔄 Identity rotated (every 10 requests)
[01:17:19] [21/326] DCTW
[01:17:20] [22/326] DCSP
[01:17:21] [23/326] KRPM
[01:17:22] [24/326] THKK
[01:17:23] [25/326] SNMY
[01:17:24] [26/326] AKCC
[01:17:25] [27/326] PCAT
[01:17:26] [28/326] RFGO
[01:17:26] [29/326] GGCS
[01:17:27] [30/326] ACKR
[01:17:28] 🔄 Identity reset
[01:17:28] 🔄 Identity rotated (every 10 requests)
[01:17:28] [31/326] STDO
[01:17:29] [32/326] ACKB
[01:17:30] [33/326] ALUC
[01:17:31] [34/326] MNSR
[01:17:31] [35/326] CSSL
[01:17:32] [36/326] BGGM
[01:17:33] [37/326] MANT
[01:17:34] [38/326] SOOY
[01:17:36] [39/326] VPPK
[01:17:37] [40/326] MYHJ
[01:17:37] 🔄 Identity reset
[01:17:37] 🔄 Identity rotated (every 10 requests)
[01:17:38] [41/326] KSCK
[01:17:38] [42/326] KATK
[01:17:39] [43/326] RTRT
[01:17:40] [44/326] SSTT
[01:17:41] [45/326] SSTV
[01:17:42] [46/326] LACM
[01:17:43] [47/326] SGMG
[01:17:44] [48/326] KACX
[01:17:45] [49/326] GVCP
[01:17:46] [50/326] CSNC
[01:17:47] 🔄 Identity reset
[01:17:47] 🔄 Identity rotated (every 10 requests)
[01:17:47] [51/326] SXCB
[01:17:48] [52/326] BAHS
[01:17:49] [53/326] PCBI
[01:17:50] [54/326] PSSM
[01:17:50] [55/326] RCOK
[01:17:51] [56/326] SCPF
[01:17:52] [57/326] SSAS
[01:17:53] [58/326] EVMM
[01:17:54] [59/326] SYCB
[01:17:55] [60/326] GCKI
[01:17:55] 🔄 Identity reset
[01:17:55] 🔄 Identity rotated (every 10 requests)
[01:17:56] [61/326] IAET
[01:17:57] [62/326] DDTD
[01:17:59] [63/326] GMDH
[01:18:00] [64/326] STLE
[01:18:01] [65/326] JTRA
[01:18:03] [66/326] RPPA
[01:18:04] [67/326] ARUT
[01:18:05] [68/326] JTVM
[01:18:06] [69/326] SWRH
[01:18:07] [70/326] DCPC
[01:18:07] 🔄 Identity reset
[01:18:07] 🔄 Identity rotated (every 10 requests)
[01:18:08] [71/326] RAPR
[01:18:09] [72/326] GCRT
[01:18:09] [73/326] ATUN
[01:18:10] [74/326] LTRM
[01:18:12] [75/326] TASR
[01:18:13] [76/326] RLLC
[01:18:14] [77/326] MABI
[01:18:15] [78/326] SVHB
[01:18:15] [79/326] NVTB
[01:18:16] [80/326] KCKG
[01:18:17] 🔄 Identity reset
[01:18:17] 🔄 Identity rotated (every 10 requests)
[01:18:17] [81/326] SSRN
[01:18:18] [82/326] VDDC
[01:18:19] [83/326] GKTK
[01:18:20] [84/326] YFSN
[01:18:21] [85/326] GCSG
[01:18:22] [86/326] ESSM
[01:18:23] [87/326] KRIH
[01:18:24] [88/326] GCDS
[01:18:25] [89/326] CCSH
[01:18:26] [90/326] ACSK
[01:18:27] 🔄 Identity reset
[01:18:27] 🔄 Identity rotated (every 10 requests)
[01:18:27] [91/326] APRK
[01:18:28] [92/326] ADKM
[01:18:28] [93/326] SRDM
[01:18:29] [94/326] SJMY
[01:18:30] [95/326] PGGC
[01:18:31] [96/326] INGM
[01:18:33] [97/326] LSCB
[01:18:34] [98/326] STAD
[01:18:35] [99/326] MCCR
[01:18:36] [100/326] ABCC
[01:18:36] 🔄 Identity reset
[01:18:36] 🔄 Identity rotated (every 10 requests)
[01:18:37] [101/326] RKCC
[01:18:37] [102/326] RTCR
[01:18:38] [103/326] GGBC
[01:18:39] [104/326] GCSD
[01:18:40] [105/326] LPTY
[01:18:41] [106/326] MCFD
[01:18:43] [107/326] HENN
[01:18:43] [108/326] SMKU
[01:18:44] [109/326] TNZC
[01:18:45] [110/326] DRCD
[01:18:46] 🔄 Identity reset
[01:18:46] 🔄 Identity rotated (every 10 requests)
[01:18:46] [111/326] DLCD
[01:18:47] [112/326] RCDA
[01:18:48] [113/326] COSM
[01:18:48] [114/326] MCMJ
[01:18:49] [115/326] CSTR
[01:18:51] [116/326] CVDK
[01:18:52] [117/326] INRR
[01:18:52] [118/326] RJRT
[01:18:53] [119/326] IRMR
[01:18:54] [120/326] SRCF
[01:18:55] 🔄 Identity reset
[01:18:55] 🔄 Identity rotated (every 10 requests)
[01:18:56] [121/326] GRCR
[01:18:57] [122/326] SURC
[01:18:58] [123/326] NMNH
[01:18:59] [124/326] SVBL
[01:19:00] [125/326] KACI
[01:19:01] [126/326] TDGO
[01:19:02] [127/326] KTBR
[01:19:03] [128/326] PMAD
[01:19:04] [129/326] CCPN
[01:19:05] [130/326] SBTK
[01:19:05] 🔄 Identity reset
[01:19:05] 🔄 Identity rotated (every 10 requests)
[01:19:05] [131/326] LMDK
[01:19:07] [132/326] PGDA
[01:19:08] [133/326] SRML
[01:19:09] [134/326] EVCK
[01:19:10] [135/326] RTTK
[01:19:11] [136/326] SRTU
[01:19:12] [137/326] VRSA
[01:19:12] [138/326] VARS
[01:19:14] [139/326] DSCZ
[01:19:15] [140/326] GAGA
[01:19:16] 🔄 Identity reset
[01:19:16] 🔄 Identity rotated (every 10 requests)
[01:19:16] [141/326] SARV
[01:19:17] [142/326] SEEG
[01:19:18] [143/326] GLCA
[01:19:19] [144/326] APAS
[01:19:20] [145/326] VCIA
[01:19:20] [146/326] SJTA
[01:19:21] [147/326] SABM
[01:19:22] [148/326] PPAG
[01:19:24] [149/326] RVCA
[01:19:25] [150/326] CCIA
[01:19:25] 🔄 Identity reset
[01:19:25] 🔄 Identity rotated (every 10 requests)
[01:19:26] [151/326] HTAG
[01:19:26] [152/326] SMBI
[01:19:27] [153/326] MCJR
[01:19:28] [154/326] CCJR
[01:19:29] [155/326] SINF
[01:19:30] [156/326] CPLX
[01:19:31] [157/326] KKTJ
[01:19:32] [158/326] GDBW
[01:19:33] [159/326] CSUB
[01:19:34] [160/326] DABA
[01:19:34] 🔄 Identity reset
[01:19:34] 🔄 Identity rotated (every 10 requests)
[01:19:35] [161/326] TITR
[01:19:35] [162/326] NYCR
[01:19:36] [163/326] RTRY
[01:19:38] [164/326] JTJL
[01:19:39] [165/326] SJCP
[01:19:40] [166/326] KCCA
[01:19:40] [167/326] MLPG
[01:19:41] [168/326] VRCK
[01:19:42] [169/326] SRIN
[01:19:43] [170/326] CXMK
[01:19:43] 🔄 Identity reset
[01:19:43] 🔄 Identity rotated (every 10 requests)
[01:19:44] [171/326] SKAD
[01:19:45] [172/326] AVTR
[01:19:46] [173/326] PTAJ
[01:19:47] [174/326] SCNK
[01:19:48] [175/326] STTI
[01:19:49] [176/326] KACR
[01:19:50] [177/326] SSDX
[01:19:51] [178/326] VRTJ
[01:19:52] [179/326] RAJD
[01:19:52] [180/326] SCIP
[01:19:53] 🔄 Identity reset
[01:19:53] 🔄 Identity rotated (every 10 requests)
[01:19:53] [181/326] RJSL
[01:19:54] [182/326] ARRS
[01:19:55] [183/326] ASMS
[01:19:56] [184/326] RDTS
[01:19:57] [185/326] DVMY
[01:19:58] [186/326] RASA
[01:19:59] [187/326] INOM
[01:20:00] [188/326] SPRS
[01:20:00] [189/326] SGCS
[01:20:01] [190/326] SALM
[01:20:02] 🔄 Identity reset
[01:20:02] 🔄 Identity rotated (every 10 requests)
[01:20:02] [191/326] PKHC
[01:20:03] [192/326] RCSV
[01:20:04] [193/326] CPKC
[01:20:05] [194/326] AACD
[01:20:06] [195/326] GGCV
[01:20:07] [196/326] SMKD
[01:20:07] [197/326] NBCH
[01:20:08] [198/326] AMCB
[01:20:09] [199/326] OPCN
[01:20:10] [200/326] DCIN
[01:20:11] 🔄 Identity reset
[01:20:11] 🔄 Identity rotated (every 10 requests)
[01:20:11] [201/326] INGW
[01:20:12] [202/326] PKKW
[01:20:13] [203/326] FNGW
[01:20:14] [204/326] GCGD
[01:20:15] [205/326] MSTW
[01:20:16] [206/326] KCCG
[01:20:17] [207/326] MRSS
[01:20:17] [208/326] CLCF
[01:20:18] [209/326] EETS
[01:20:19] [210/326] AATR
[01:20:20] 🔄 Identity reset
[01:20:20] 🔄 Identity rotated (every 10 requests)
[01:20:20] [211/326] CMMN
[01:20:21] [212/326] SCCJ
[01:20:23] [213/326] CDTK
[01:20:23] [214/326] AICP
[01:20:24] [215/326] FNBP
[01:20:25] [216/326] CBPB
[01:20:26] [217/326] CPAS
[01:20:27] [218/326] MAPM
[01:20:28] [219/326] PASD
[01:20:29] [220/326] JCMN
[01:20:30] 🔄 Identity reset
[01:20:30] 🔄 Identity rotated (every 10 requests)
[01:20:30] [221/326] MALB
[01:20:31] [222/326] SACG
[01:20:32] [223/326] DDRX
[01:20:32] [224/326] DDXB
[01:20:34] [225/326] RAMC
[01:20:35] [226/326] SANC
[01:20:36] [227/326] BCBP
[01:20:37] [228/326] ALPC
[01:20:38] [229/326] RBAC
[01:20:39] [230/326] RAJL
[01:20:40] 🔄 Identity reset
[01:20:40] 🔄 Identity rotated (every 10 requests)
[01:20:40] [231/326] MPDX
[01:20:41] [232/326] MUSC
[01:20:42] [233/326] VKMK
[01:20:42] [234/326] SKCG
[01:20:43] [235/326] ANCN
[01:20:44] [236/326] MMCJ
[01:20:45] [237/326] DCAK
[01:20:46] [238/326] SCKG
[01:20:46] [239/326] LMCK
[01:20:47] [240/326] CKKX
[01:20:48] 🔄 Identity reset
[01:20:48] 🔄 Identity rotated (every 10 requests)
[01:20:48] [241/326] ANKU
[01:20:49] [242/326] CSMD
[01:20:50] [243/326] MKMP
[01:20:52] [244/326] SVBG
[01:20:52] [245/326] ROOP
[01:20:53] [246/326] GDMT
[01:20:54] [247/326] FPPF
[01:20:55] [248/326] SFUU
[01:20:56] [249/326] ANCB
[01:20:57] [250/326] SMMC
[01:20:57] 🔄 Identity reset
[01:20:57] 🔄 Identity rotated (every 10 requests)
[01:20:58] [251/326] UGKT
[01:20:58] [252/326] JVRM
[01:20:59] [253/326] BATG
[01:21:00] [254/326] RATE
[01:21:01] [255/326] SKME
[01:21:02] [256/326] LMTP
[01:21:03] [257/326] TCBD
[01:21:04] [258/326] ESBD
[01:21:05] [259/326] GDCU
[01:21:06] [260/326] SNKT
[01:21:06] 🔄 Identity reset
[01:21:06] 🔄 Identity rotated (every 10 requests)
[01:21:06] [261/326] SRNK
[01:21:07] [262/326] SMED
[01:21:08] [263/326] CSQS
[01:21:09] [264/326] ALCS
[01:21:10] [265/326] KCKN
[01:21:11] [266/326] VCCL
[01:21:12] [267/326] MCDA
[01:21:13] [268/326] SHMI
[01:21:14] [269/326] SKHA
[01:21:15] [270/326] SVFK
[01:21:15] 🔄 Identity reset
[01:21:16] 🔄 Identity rotated (every 10 requests)
[01:21:17] [271/326] INVB
[01:21:17] [272/326] MELD
[01:21:18] [273/326] JTYS
[01:21:19] [274/326] INCM
[01:21:20] [275/326] MCDV
[01:21:22] [276/326] KSGK
[01:21:23] [277/326] ICMG
[01:21:23] [278/326] CSCV
[01:21:24] [279/326] STMD
[01:21:25] [280/326] STTR
[01:21:26] 🔄 Identity reset
[01:21:26] 🔄 Identity rotated (every 10 requests)
[01:21:26] [281/326] INVC
[01:21:27] [282/326] JTBL
[01:21:28] [283/326] SRVV
[01:21:28] [284/326] MAVC
[01:21:29] [285/326] SRPP
[01:21:30] [286/326] JGDM
[01:21:31] [287/326] MBSJ
[01:21:32] [288/326] SSLL
[01:21:33] [289/326] SLKP
[01:21:34] [290/326] NSRV
[01:21:34] 🔄 Identity reset
[01:21:34] 🔄 Identity rotated (every 10 requests)
[01:21:35] [291/326] UTDV
[01:21:35] [292/326] KICM
[01:21:36] [293/326] KCMD
[01:21:37] [294/326] TTPP
[01:21:38] [295/326] KMPV
[01:21:39] [296/326] SKTV
[01:21:40] [297/326] STCV
[01:21:41] [298/326] SRDA
[01:21:42] [299/326] JTSX
[01:21:42] [300/326] STBV
[01:21:43] 🔄 Identity reset
[01:21:43] 🔄 Identity rotated (every 10 requests)
[01:21:43] [301/326] APVZ
[01:21:44] [302/326] GSTV
[01:21:45] [303/326] NMVS
[01:21:46] [304/326] SKRT
[01:21:47] [305/326] RMDV
[01:21:48] [306/326] RATG
[01:21:49] [307/326] SJYV
[01:21:50] [308/326] NDGP
[01:21:50] [309/326] SNDG
[01:21:51] [310/326] INSR
[01:21:52] 🔄 Identity reset
[01:21:52] 🔄 Identity rotated (every 10 requests)
[01:21:52] [311/326] INSO
[01:21:53] [312/326] CCSI
[01:21:54] [313/326] RASM
[01:21:54] [314/326] NEWC
[01:21:55] [315/326] VSHL
[01:21:56] [316/326] BISW
[01:21:57] [317/326] GCNG
[01:21:58] [318/326] CWSC
[01:21:59] [319/326] SKAN
[01:22:00] [320/326] CCOA
[01:22:00] 🔄 Identity reset
[01:22:00] 🔄 Identity rotated (every 10 requests)
[01:22:01] [321/326] MCAJ
[01:22:02] [322/326] ACDE
[01:22:02] [323/326] AACM
[01:22:03] [324/326] JJCK
[01:22:04] [325/326] RCMO
[01:22:05] [326/326] GDAW
[01:22:06] ✅ DONE | Shows=0 | Movies=0
