[00:16:58] 🚀 BMS DAILY TRACKER STARTED (enhanced anti‑detection)
[00:16:58] [1/459] MCCZ
[00:16:58] 🧠 New identity created
[00:17:00] [2/459] FRPU
[00:17:02] [3/459] SKSI
[00:17:02] [4/459] SSCK
[00:17:03] [5/459] SRDC
[00:17:04] [6/459] RSCZ
[00:17:05] [7/459] PRVT
[00:17:06] [8/459] GAGJ
[00:17:06] [9/459] SMHG
[00:17:07] [10/459] JTST
[00:17:08] 🔄 Identity reset
[00:17:08] 🔄 Identity rotated (every 10 requests)
[00:17:09] [11/459] MYTH
[00:17:10] [12/459] JPCC
[00:17:10] [13/459] ACDC
[00:17:11] [14/459] SVFP
[00:17:12] [15/459] SFCM
[00:17:13] [16/459] RUPK
[00:17:14] [17/459] NTCR
[00:17:15] [18/459] RTCH
[00:17:16] [19/459] SCMH
[00:17:17] [20/459] SVYM
[00:17:17] 🔄 Identity reset
[00:17:17] 🔄 Identity rotated (every 10 requests)
[00:17:18] [21/459] SPYM
[00:17:18] [22/459] SMMF
[00:17:19] [23/459] CLLB
[00:17:20] [24/459] FMCB
[00:17:22] [25/459] BBTC
[00:17:22] [26/459] NTHS
[00:17:23] [27/459] PKKJ
[00:17:25] [28/459] MTJA
[00:17:25] [29/459] PMSJ
[00:17:27] [30/459] JMJU
[00:17:28] 🔄 Identity reset
[00:17:28] 🔄 Identity rotated (every 10 requests)
[00:17:28] [31/459] SRAD
[00:17:29] [32/459] MJMC
[00:17:30] [33/459] DFRM
[00:17:31] [34/459] PMRS
[00:17:32] [35/459] RKPP
[00:17:33] [36/459] BMBK
[00:17:34] [37/459] NEWS
[00:17:35] [38/459] SALB
[00:17:35] [39/459] SCPW
[00:17:37] [40/459] RAYL
[00:17:38] 🔄 Identity reset
[00:17:38] 🔄 Identity rotated (every 10 requests)
[00:17:38] [41/459] CMGJ
[00:17:39] [42/459] JRCR
[00:17:40] [43/459] SRTB
[00:17:41] [44/459] ETPB
[00:17:42] [45/459] MXBN
[00:17:43] [46/459] TOPE
[00:17:44] [47/459] SNLJ
[00:17:45] [48/459] CDDP
[00:17:46] [49/459] APCX
[00:17:46] [50/459] TALP
[00:17:47] 🔄 Identity reset
[00:17:47] 🔄 Identity rotated (every 10 requests)
[00:17:47] [51/459] RRMP
[00:17:48] [52/459] MAHB
[00:17:50] [53/459] MTKR
[00:17:50] [54/459] KSKL
[00:17:51] [55/459] RJLT
[00:17:52] [56/459] ATAS
[00:17:53] [57/459] AMHR
[00:17:53] [58/459] RSRM
[00:17:54] [59/459] GCAT
[00:17:55] [60/459] SMML
[00:17:55] 🔄 Identity reset
[00:17:55] 🔄 Identity rotated (every 10 requests)
[00:17:56] [61/459] ACCD
[00:17:56] [62/459] VYDA
[00:17:57] [63/459] MSKT
[00:17:58] [64/459] AVDM
[00:17:59] [65/459] ASMH
[00:17:59] [66/459] VTMB
[00:18:00] [67/459] WVMB
[00:18:01] [68/459] PPMN
[00:18:02] [69/459] MTMD
[00:18:03] [70/459] SMMO
[00:18:04] 🔄 Identity reset
[00:18:04] 🔄 Identity rotated (every 10 requests)
[00:18:04] [71/459] DLPB
[00:18:05] [72/459] AKMD
[00:18:06] [73/459] SHRR
[00:18:06] [74/459] ASCO
[00:18:07] [75/459] CZVX
[00:18:08] [76/459] GCBB
[00:18:09] [77/459] ATBM
[00:18:10] [78/459] TCGM
[00:18:10] [79/459] UMSE
[00:18:12] [80/459] NKCL
[00:18:12] 🔄 Identity reset
[00:18:12] 🔄 Identity rotated (every 10 requests)
[00:18:12] [81/459] BTLR
[00:18:13] [82/459] GOCL
[00:18:14] [83/459] MIRN
[00:18:15] [84/459] THEC
[00:18:15] [85/459] SPPB
[00:18:16] [86/459] PMMM
[00:18:17] [87/459] GGMC
[00:18:18] [88/459] AVSR
[00:18:19] [89/459] RDMH
[00:18:19] [90/459] JSRS
[00:18:20] 🔄 Identity reset
[00:18:20] 🔄 Identity rotated (every 10 requests)
[00:18:20] [91/459] VKGP
[00:18:21] [92/459] ACRT
[00:18:22] [93/459] GCBA
[00:18:22] [94/459] GTCP
[00:18:23] [95/459] AKFC
[00:18:24] [96/459] INCS
[00:18:26] [97/459] SMCK
[00:18:27] [98/459] BRUN
[00:18:28] [99/459] RPPC
[00:18:29] [100/459] PAYD
[00:18:29] 🔄 Identity reset
[00:18:29] 🔄 Identity rotated (every 10 requests)
[00:18:29] [101/459] SVVT
[00:18:30] [102/459] RNCC
[00:18:31] [103/459] PCRC
[00:18:32] [104/459] PMRM
[00:18:32] [105/459] CCRP
[00:18:33] [106/459] INCR
[00:18:34] [107/459] ZTMP
[00:18:35] [108/459] MCNR
[00:18:35] [109/459] INRP
[00:18:36] [110/459] STRC
[00:18:37] 🔄 Identity reset
[00:18:37] 🔄 Identity rotated (every 10 requests)
[00:18:37] [111/459] RATI
[00:18:38] [112/459] PBTR
[00:18:39] [113/459] CMHP
[00:18:40] [114/459] ZECJ
[00:18:40] [115/459] CCCB
[00:18:41] [116/459] BWCB
[00:18:42] [117/459] CCAT
[00:18:43] [118/459] KGCM
[00:18:43] [119/459] INPT
[00:18:44] [120/459] FNCO
[00:18:45] 🔄 Identity reset
[00:18:45] 🔄 Identity rotated (every 10 requests)
[00:18:45] [121/459] SRMJ
[00:18:46] [122/459] PFSC
[00:18:47] [123/459] PBMC
[00:18:48] [124/459] KARP
[00:18:48] [125/459] KOVI
[00:18:49] [126/459] ACXL
[00:18:49] [127/459] GKCC
[00:18:50] [128/459] ASCC
[00:18:51] [129/459] SETC
[00:18:52] [130/459] KACC
[00:18:52] 🔄 Identity reset
[00:18:52] 🔄 Identity rotated (every 10 requests)
[00:18:52] [131/459] KAVE
[00:18:53] [132/459] CNTC
[00:18:54] [133/459] MEEN
[00:18:54] [134/459] BMRV
[00:18:55] [135/459] SVAM
[00:18:56] [136/459] VTBP
[00:18:56] [137/459] VCKN
[00:18:57] [138/459] SGTK
[00:18:58] [139/459] RCGS
[00:18:59] [140/459] RCCB
[00:18:59] 🔄 Identity reset
[00:18:59] 🔄 Identity rotated (every 10 requests)
[00:19:00] [141/459] RKSR
[00:19:00] [142/459] RKCU
[00:19:02] [143/459] GIBH
[00:19:02] [144/459] CXBS
[00:19:03] [145/459] GGCB
[00:19:04] [146/459] SCPB
[00:19:05] [147/459] AKTB
[00:19:06] [148/459] SRBU
[00:19:07] [149/459] CSSA
[00:19:07] [150/459] MYAN
[00:19:08] 🔄 Identity reset
[00:19:08] 🔄 Identity rotated (every 10 requests)
[00:19:08] [151/459] EXCA
[00:19:09] [152/459] CKSA
[00:19:10] [153/459] JTNM
[00:19:10] [154/459] CXKT
[00:19:11] [155/459] NCLM
[00:19:12] [156/459] JAAD
[00:19:13] [157/459] RDCR
[00:19:14] [158/459] MEER
[00:19:14] [159/459] SIBT
[00:19:15] [160/459] PVVB
[00:19:16] 🔄 Identity reset
[00:19:16] 🔄 Identity rotated (every 10 requests)
[00:19:16] [161/459] FNPN
[00:19:16] [162/459] CRPX
[00:19:17] [163/459] STET
[00:19:18] [164/459] METE
[00:19:19] [165/459] BJML
[00:19:19] [166/459] MAVT
[00:19:20] [167/459] MSRM
[00:19:21] [168/459] TJMP
[00:19:22] [169/459] MHCK
[00:19:23] [170/459] SVGP
[00:19:23] 🔄 Identity reset
[00:19:23] 🔄 Identity rotated (every 10 requests)
[00:19:24] [171/459] KRRC
[00:19:24] [172/459] IMCH
[00:19:25] [173/459] CMCS
[00:19:26] [174/459] SGND
[00:19:27] [175/459] RNAT
[00:19:28] [176/459] PRTN
[00:19:29] [177/459] MPTN
[00:19:29] [178/459] ARCC
[00:19:30] [179/459] NTTE
[00:19:31] [180/459] ABND
[00:19:31] 🔄 Identity reset
[00:19:31] 🔄 Identity rotated (every 10 requests)
[00:19:32] [181/459] KCSN
[00:19:32] [182/459] KCSA
[00:19:33] [183/459] DCKT
[00:19:34] [184/459] MBBR
[00:19:35] [185/459] RAMU
[00:19:36] [186/459] RACW
[00:19:38] [187/459] MCHP
[00:19:39] [188/459] TMHM
[00:19:40] [189/459] STXH
[00:19:40] [190/459] AGSG
[00:19:41] 🔄 Identity reset
[00:19:41] 🔄 Identity rotated (every 10 requests)
[00:19:41] [191/459] SIRA
[00:19:42] [192/459] RCAN
[00:19:43] [193/459] CWTB
[00:19:43] [194/459] VTYM
[00:19:44] [195/459] RRPP
[00:19:45] [196/459] ASMR
[00:19:45] [197/459] RONO
[00:19:46] [198/459] MEMR
[00:19:47] [199/459] CTMR
[00:19:48] [200/459] PMTT
[00:19:48] 🔄 Identity reset
[00:19:48] 🔄 Identity rotated (every 10 requests)
[00:19:48] [201/459] PSLX
[00:19:49] [202/459] IPPL
[00:19:50] [203/459] MMSG
[00:19:50] [204/459] INEL
[00:19:51] [205/459] COAC
[00:19:53] [206/459] WVLK
[00:19:54] [207/459] PPXL
[00:19:54] [208/459] PSML
[00:19:55] [209/459] FNLK
[00:19:56] [210/459] ILUM
[00:19:56] 🔄 Identity reset
[00:19:56] 🔄 Identity rotated (every 10 requests)
[00:19:56] [211/459] ILCM
[00:19:58] [212/459] MSNL
[00:19:58] [213/459] VINB
[00:19:59] [214/459] SALW
[00:20:00] [215/459] PRTB
[00:20:01] [216/459] NCIL
[00:20:02] [217/459] PSUL
[00:20:03] [218/459] SCLK
[00:20:04] [219/459] ADDC
[00:20:04] [220/459] OACL
[00:20:05] 🔄 Identity reset
[00:20:05] 🔄 Identity rotated (every 10 requests)
[00:20:05] [221/459] OOCF
[00:20:06] [222/459] GPMF
[00:20:06] [223/459] SSDG
[00:20:07] [224/459] SKRS
[00:20:08] [225/459] NTTP
[00:20:08] [226/459] SLTP
[00:20:09] [227/459] JTLC
[00:20:10] [228/459] POON
[00:20:11] [229/459] CCPC
[00:20:11] [230/459] DCKC
[00:20:12] 🔄 Identity reset
[00:20:12] 🔄 Identity rotated (every 10 requests)
[00:20:12] [231/459] CPRT
[00:20:13] [232/459] EYHZ
[00:20:14] [233/459] ARBL
[00:20:15] [234/459] SBTB
[00:20:15] [235/459] MMCK
[00:20:16] [236/459] PLMR
[00:20:17] [237/459] BIJH
[00:20:17] [238/459] SDRT
[00:20:18] [239/459] PRDC
[00:20:19] [240/459] OMJA
[00:20:19] 🔄 Identity reset
[00:20:19] 🔄 Identity rotated (every 10 requests)
[00:20:20] [241/459] VKCR
[00:20:20] [242/459] ATRT
[00:20:21] [243/459] WVRP
[00:20:22] [244/459] MVRP
[00:20:23] [245/459] FCAX
[00:20:24] [246/459] CTLC
[00:20:24] [247/459] JCHB
[00:20:25] [248/459] SELP
[00:20:25] [249/459] VCPG
[00:20:27] [250/459] ASCX
[00:20:28] 🔄 Identity reset
[00:20:28] 🔄 Identity rotated (every 10 requests)
[00:20:28] [251/459] EOCS
[00:20:28] [252/459] RCPH
[00:20:29] [253/459] RJTM
[00:20:30] [254/459] SGMD
[00:20:31] [255/459] SVJT
[00:20:32] [256/459] SPPO
[00:20:33] [257/459] MNRL
[00:20:33] [258/459] KNOX
[00:20:34] [259/459] GIER
[00:20:35] [260/459] PJMS
[00:20:35] 🔄 Identity reset
[00:20:35] 🔄 Identity rotated (every 10 requests)
[00:20:35] [261/459] UNSP
[00:20:36] [262/459] JETP
[00:20:37] [263/459] VTWA
[00:20:37] [264/459] SCJI
[00:20:38] [265/459] CBZZ
[00:20:39] [266/459] SDCJ
[00:20:40] [267/459] RRCC
[00:20:41] [268/459] VNKG
[00:20:42] [269/459] LKTO
[00:20:43] [270/459] PJRM
[00:20:44] 🔄 Identity reset
[00:20:44] 🔄 Identity rotated (every 10 requests)
[00:20:44] [271/459] NVRM
[00:20:45] [272/459] SJCS
[00:20:46] [273/459] VIGK
[00:20:47] [274/459] ANST
[00:20:47] [275/459] JTTS
[00:20:48] [276/459] NTST
[00:20:50] [277/459] PREB
[00:20:51] [278/459] TSCZ
[00:20:52] [279/459] CDCM
[00:20:53] [280/459] ELYE
[00:20:53] 🔄 Identity reset
[00:20:53] 🔄 Identity rotated (every 10 requests)
[00:20:54] [281/459] INBS
[00:20:54] [282/459] SMGC
[00:20:55] [283/459] UTMP
[00:20:56] [284/459] INTA
[00:20:57] [285/459] OMPT
[00:20:58] [286/459] SCIR
[00:20:58] [287/459] GCKJ
[00:20:59] [288/459] INOG
[00:21:00] [289/459] SMGB
[00:21:00] [290/459] MCSG
[00:21:01] 🔄 Identity reset
[00:21:01] 🔄 Identity rotated (every 10 requests)
[00:21:01] [291/459] STKG
[00:21:02] [292/459] TTKG
[00:21:03] [293/459] SRTR
[00:21:03] [294/459] ETTR
[00:21:04] [295/459] GGGZ
[00:21:05] [296/459] IPGM
[00:21:06] [297/459] FCDH
[00:21:07] [298/459] DESB
[00:21:07] [299/459] VNTP
[00:21:08] [300/459] ANNT
[00:21:09] 🔄 Identity reset
[00:21:09] 🔄 Identity rotated (every 10 requests)
[00:21:09] [301/459] SLTI
[00:21:10] [302/459] MAJU
[00:21:11] [303/459] JCXP
[00:21:12] [304/459] HARK
[00:21:13] [305/459] JPCJ
[00:21:14] [306/459] RXBD
[00:21:15] [307/459] PTKJ
[00:21:16] [308/459] CMTU
[00:21:16] [309/459] SWOR
[00:21:18] [310/459] JMEX
[00:21:18] 🔄 Identity reset
[00:21:18] 🔄 Identity rotated (every 10 requests)
[00:21:18] [311/459] DTPT
[00:21:20] [312/459] VGMM
[00:21:21] [313/459] VCSG
[00:21:22] [314/459] CVCG
[00:21:22] [315/459] TNTT
[00:21:23] [316/459] SHRM
[00:21:24] [317/459] CGKD
[00:21:24] [318/459] EKCM
[00:21:25] [319/459] SDCX
[00:21:26] [320/459] SBTE
[00:21:27] 🔄 Identity reset
[00:21:27] 🔄 Identity rotated (every 10 requests)
[00:21:27] [321/459] STKJ
[00:21:28] [322/459] TPCE
[00:21:29] [323/459] JTNP
[00:21:29] [324/459] LPCH
[00:21:31] [325/459] CPUO
[00:21:32] [326/459] APSU
[00:21:32] [327/459] RTHC
[00:21:33] [328/459] PTBU
[00:21:34] [329/459] CUCC
[00:21:35] [330/459] CPSA
[00:21:35] 🔄 Identity reset
[00:21:35] 🔄 Identity rotated (every 10 requests)
[00:21:36] [331/459] SUAY
[00:21:37] [332/459] AYAA
[00:21:37] [333/459] MUCH
[00:21:38] [334/459] PCIN
[00:21:39] [335/459] JRRM
[00:21:39] [336/459] KATS
[00:21:41] [337/459] MHFF
[00:21:42] [338/459] ESYM
[00:21:43] [339/459] STYV
[00:21:44] [340/459] SDKG
[00:21:45] 🔄 Identity reset
[00:21:45] 🔄 Identity rotated (every 10 requests)
[00:21:45] [341/459] SMTI
[00:21:46] [342/459] NYCS
[00:21:47] [343/459] MTBG
[00:21:47] [344/459] RHCA
[00:21:48] [345/459] PCKH
[00:21:49] [346/459] ARCR
[00:21:50] [347/459] NCMB
[00:21:51] [348/459] SHYC
[00:21:52] [349/459] LACK
[00:21:52] [350/459] MTCM
[00:21:53] 🔄 Identity reset
[00:21:53] 🔄 Identity rotated (every 10 requests)
[00:21:53] [351/459] RRBN
[00:21:54] [352/459] MYDC
[00:21:55] [353/459] STCS
[00:21:56] [354/459] CONN
[00:21:56] [355/459] SIPS
[00:21:57] [356/459] SMMX
[00:21:58] [357/459] SCBY
[00:21:58] [358/459] SUAP
[00:21:59] [359/459] RSMK
[00:22:00] [360/459] STKP
[00:22:01] 🔄 Identity reset
[00:22:01] 🔄 Identity rotated (every 10 requests)
[00:22:01] [361/459] CIPC
[00:22:02] [362/459] KKCI
[00:22:03] [363/459] CTNK
[00:22:03] [364/459] MMTZ
[00:22:04] [365/459] DCCO
[00:22:06] [366/459] VNMN
[00:22:07] [367/459] RLCN
[00:22:07] [368/459] CMMS
[00:22:08] [369/459] AYOU
[00:22:09] [370/459] SSCN
[00:22:09] 🔄 Identity reset
[00:22:09] 🔄 Identity rotated (every 10 requests)
[00:22:09] [371/459] SMXN
[00:22:10] [372/459] ASSK
[00:22:11] [373/459] VCKM
[00:22:12] [374/459] PCPH
[00:22:14] [375/459] PADM
[00:22:15] [376/459] IESA
[00:22:16] [377/459] VCSP
[00:22:17] [378/459] AEST
[00:22:18] [379/459] VTNR
[00:22:18] [380/459] GTTA
[00:22:19] 🔄 Identity reset
[00:22:19] 🔄 Identity rotated (every 10 requests)
[00:22:19] [381/459] CMMM
[00:22:20] [382/459] AHKT
[00:22:21] [383/459] SIJI
[00:22:22] [384/459] VCEI
[00:22:23] [385/459] SAKR
[00:22:24] [386/459] VSMT
[00:22:24] [387/459] SSCT
[00:22:25] [388/459] USTR
[00:22:26] [389/459] MTKT
[00:22:27] [390/459] TGMP
[00:22:27] 🔄 Identity reset
[00:22:27] 🔄 Identity rotated (every 10 requests)
[00:22:27] [391/459] SIVC
[00:22:28] [392/459] KICT
[00:22:29] [393/459] DAMD
[00:22:29] [394/459] CNPT
[00:22:30] [395/459] RVTT
[00:22:31] [396/459] SNCM
[00:22:32] [397/459] GHTE
[00:22:33] [398/459] PPAM
[00:22:33] [399/459] PVAA
[00:22:34] [400/459] CPAO
[00:22:34] 🔄 Identity reset
[00:22:34] 🔄 Identity rotated (every 10 requests)
[00:22:35] [401/459] HAMD
[00:22:36] [402/459] RCCA
[00:22:36] [403/459] MPCH
[00:22:37] [404/459] ARED
[00:22:39] [405/459] RRCV
[00:22:41] [406/459] MTRB
[00:22:41] [407/459] CKUA
[00:22:42] [408/459] ABMP
[00:22:43] [409/459] RCWA
[00:22:44] [410/459] CGAR
[00:22:45] 🔄 Identity reset
[00:22:45] 🔄 Identity rotated (every 10 requests)
[00:22:45] [411/459] METH
[00:22:47] [412/459] WAGA
[00:22:48] [413/459] MCMA
[00:22:49] [414/459] CSMP
[00:22:50] [415/459] RCNK
[00:22:51] [416/459] PSTM
[00:22:51] [417/459] CSEP
[00:22:52] [418/459] AMGD
[00:22:53] [419/459] CSTE
[00:22:54] [420/459] CONS
[00:22:55] 🔄 Identity reset
[00:22:55] 🔄 Identity rotated (every 10 requests)
[00:22:55] [421/459] APPX
[00:22:56] [422/459] MABC
[00:22:58] [423/459] CXST
[00:22:59] [424/459] MATN
[00:23:00] [425/459] MACZ
[00:23:00] [426/459] MASA
[00:23:01] [427/459] MBSX
[00:23:02] [428/459] CSST
[00:23:03] [429/459] APCL
[00:23:04] [430/459] CGOS
[00:23:04] 🔄 Identity reset
[00:23:04] 🔄 Identity rotated (every 10 requests)
[00:23:05] [431/459] CPEC
[00:23:05] [432/459] MCCP
[00:23:06] [433/459] BSSO
[00:23:07] [434/459] SJKA
[00:23:08] [435/459] CGBO
[00:23:08] [436/459] MVSK
[00:23:09] [437/459] HVCA
[00:23:10] [438/459] NAMD
[00:23:11] [439/459] DEVI
[00:23:12] [440/459] SCSV
[00:23:12] 🔄 Identity reset
[00:23:12] 🔄 Identity rotated (every 10 requests)
[00:23:13] [441/459] PSMA
[00:23:13] [442/459] CLDJ
[00:23:14] [443/459] NMAD
[00:23:15] [444/459] CGMO
[00:23:16] [445/459] MCNA
[00:23:17] [446/459] OCBN
[00:23:18] [447/459] CPEM
[00:23:18] [448/459] CPSM
[00:23:19] [449/459] RCAD
[00:23:21] [450/459] CPMU
[00:23:22] 🔄 Identity reset
[00:23:22] 🔄 Identity rotated (every 10 requests)
[00:23:22] [451/459] DICD
[00:23:23] [452/459] CHOE
[00:23:23] [453/459] PDJM
[00:23:24] [454/459] SSTU
[00:23:25] [455/459] VNRN
[00:23:26] [456/459] PVLG
[00:23:26] [457/459] SWBL
[00:23:27] [458/459] SCAB
[00:23:28] [459/459] RDDA
[00:23:29] ✅ DONE | Shows=0 | Movies=0
