[00:16:22] 🚀 DISTRICT → BMS9 CONVERTER STARTED
[00:16:22] 📅 Date: 2026-10-10
[00:16:22] 🚫 Worker logic: DISABLED
[00:16:22] 🔑 Venue matching: ID ONLY
[00:16:22] 🚫 alldistrictvenues.json: NOT USED
[00:16:22] 🚫 Venue-name matching: NOT USED
[00:16:22] 📍 Selected venue records: 756
[00:16:22] 🎯 Selected venue IDs: 756
[00:16:22] 📡 Fetching Detailed JSON:
[00:16:22]    https://districtdata2026.pages.dev/boxoffice/2026-10-10_Detailed.json
[00:16:22] ❌ Source file not found (404) – will create empty outputs
[00:16:22] ⚠️ No source data – keeping existing output files unchanged
[00:16:22] 📄 Created empty detailed file: daily/data/20261010/detailed9.json
[00:16:22] 📄 Created empty summary file: daily/data/20261010/movie_summary9.json
[00:16:22] ✅ DONE | Existing data preserved
[01:16:27] 🚀 DISTRICT → BMS9 CONVERTER STARTED
[01:16:27] 📅 Date: 2026-10-10
[01:16:27] 🚫 Worker logic: DISABLED
[01:16:27] 🔑 Venue matching: ID ONLY
[01:16:27] 🚫 alldistrictvenues.json: NOT USED
[01:16:27] 🚫 Venue-name matching: NOT USED
[01:16:27] 📍 Selected venue records: 756
[01:16:27] 🎯 Selected venue IDs: 756
[01:16:27] 📡 Fetching Detailed JSON:
[01:16:27]    https://districtdata2026.pages.dev/boxoffice/2026-10-10_Detailed.json
[01:16:27] ❌ Source file not found (404) – will create empty outputs
[01:16:27] ⚠️ No source data – keeping existing output files unchanged
[01:16:27] 📦 Existing detailed file preserved: daily/data/20261010/detailed9.json
[01:16:27] 📦 Existing summary file preserved: daily/data/20261010/movie_summary9.json
[01:16:27] ✅ DONE | Existing data preserved
