[09:58:58] 🚀 DISTRICT → BMS9 CONVERTER STARTED
[09:58:58] 📅 DATE_CODE: 20260928
[09:58:58] 📅 Date: 2026-09-28
[09:58:58] 🚫 Worker logic: DISABLED
[09:58:58] 🔑 Venue matching: ID ONLY
[09:58:58] 🚫 alldistrictvenues.json: NOT USED
[09:58:58] 🚫 Venue-name matching: NOT USED
[09:58:58] 📍 Selected venue records: 756
[09:58:58] 🎯 Selected venue IDs: 756
[09:58:58] 📡 Fetching Detailed JSON:
[09:58:58]    https://districtdata2026.pages.dev/advance/2026-09-28_Detailed.json
[09:58:59] ✅ Source loaded
[09:58:59]    Source date: 2026-09-28
[09:58:59]    Last updated: 09:56 AM, 23 September 2026
[09:58:59]    Movie keys: 19
[09:58:59] 🎬 Source movie keys: 19
[09:58:59] 🎟️ Selected-venue show rows: 158
[09:58:59] 🚫 Non-selected show rows ignored: 134
[09:58:59] ℹ️ Non-selected venue IDs encountered: 27
[09:58:59]    ⏭️ Source venue ID not selected: 10183
[09:58:59]    ⏭️ Source venue ID not selected: 4481
[09:58:59]    ⏭️ Source venue ID not selected: 36542
[09:58:59]    ⏭️ Source venue ID not selected: 1077007
[09:58:59]    ⏭️ Source venue ID not selected: 1040036
[09:58:59]    ⏭️ Source venue ID not selected: 1039952
[09:58:59]    ⏭️ Source venue ID not selected: 10186
[09:58:59]    ⏭️ Source venue ID not selected: 1076935
[09:58:59]    ⏭️ Source venue ID not selected: 11981
[09:58:59]    ⏭️ Source venue ID not selected: 10184
[09:58:59]    ⏭️ Source venue ID not selected: 1037972
[09:58:59]    ⏭️ Source venue ID not selected: 4159
[09:58:59]    ⏭️ Source venue ID not selected: 5127
[09:58:59]    ⏭️ Source venue ID not selected: 1035131
[09:58:59]    ⏭️ Source venue ID not selected: 1025907
[09:58:59]    ⏭️ Source venue ID not selected: 1070394
[09:58:59]    ⏭️ Source venue ID not selected: 9721
[09:58:59]    ⏭️ Source venue ID not selected: 1022274
[09:58:59]    ⏭️ Source venue ID not selected: 4503
[09:58:59]    ⏭️ Source venue ID not selected: 677
[09:58:59]    ... and 7 more
[09:58:59] 📦 Previous shows: 0
[09:58:59] 🆕 Fresh shows: 158
[09:58:59] 📦 Final shows: 158
[09:58:59] ✅ DONE | Shows=158 | Movies=12
[09:58:59] 📄 Detailed: advance/data/20260928/detailed9.json
[09:58:59] 📄 Summary: advance/data/20260928/movie_summary9.json
[16:51:33] 🚀 DISTRICT → BMS9 CONVERTER STARTED
[16:51:33] 📅 DATE_CODE: 20260928
[16:51:33] 📅 Date: 2026-09-28
[16:51:33] 🚫 Worker logic: DISABLED
[16:51:33] 🔑 Venue matching: ID ONLY
[16:51:33] 🚫 alldistrictvenues.json: NOT USED
[16:51:33] 🚫 Venue-name matching: NOT USED
[16:51:33] 📍 Selected venue records: 756
[16:51:33] 🎯 Selected venue IDs: 756
[16:51:33] 📡 Fetching Detailed JSON:
[16:51:33]    https://districtdata2026.pages.dev/advance/2026-09-28_Detailed.json
[16:51:33] ✅ Source loaded
[16:51:33]    Source date: 2026-09-28
[16:51:33]    Last updated: 04:48 PM, 23 September 2026
[16:51:33]    Movie keys: 31
[16:51:33] 🎬 Source movie keys: 31
[16:51:33] 🎟️ Selected-venue show rows: 292
[16:51:33] 🚫 Non-selected show rows ignored: 273
[16:51:33] ℹ️ Non-selected venue IDs encountered: 54
[16:51:33]    ⏭️ Source venue ID not selected: 4481
[16:51:33]    ⏭️ Source venue ID not selected: 4159
[16:51:33]    ⏭️ Source venue ID not selected: 1022274
[16:51:33]    ⏭️ Source venue ID not selected: 3507
[16:51:33]    ⏭️ Source venue ID not selected: 10183
[16:51:33]    ⏭️ Source venue ID not selected: 878
[16:51:33]    ⏭️ Source venue ID not selected: 1037972
[16:51:33]    ⏭️ Source venue ID not selected: 36542
[16:51:33]    ⏭️ Source venue ID not selected: 1020393
[16:51:33]    ⏭️ Source venue ID not selected: 7174
[16:51:33]    ⏭️ Source venue ID not selected: 27393
[16:51:33]    ⏭️ Source venue ID not selected: 1051587
[16:51:33]    ⏭️ Source venue ID not selected: 1026079
[16:51:33]    ⏭️ Source venue ID not selected: 5018
[16:51:33]    ⏭️ Source venue ID not selected: 4503
[16:51:33]    ⏭️ Source venue ID not selected: 1070394
[16:51:33]    ⏭️ Source venue ID not selected: 11981
[16:51:33]    ⏭️ Source venue ID not selected: 4898
[16:51:33]    ⏭️ Source venue ID not selected: 1065724
[16:51:33]    ⏭️ Source venue ID not selected: 1037
[16:51:33]    ... and 34 more
[16:51:33] 📦 Previous shows: 158
[16:51:33] 🆕 Fresh shows: 292
[16:51:33] 📦 Final shows: 292
[16:51:33] ✅ DONE | Shows=292 | Movies=19
[16:51:33] 📄 Detailed: advance/data/20260928/detailed9.json
[16:51:33] 📄 Summary: advance/data/20260928/movie_summary9.json
[05:06:30] 🚀 DISTRICT → BMS9 CONVERTER STARTED
[05:06:30] 📅 DATE_CODE: 20260928
[05:06:30] 📅 Date: 2026-09-28
[05:06:30] 🚫 Worker logic: DISABLED
[05:06:30] 🔑 Venue matching: ID ONLY
[05:06:30] 🚫 alldistrictvenues.json: NOT USED
[05:06:30] 🚫 Venue-name matching: NOT USED
[05:06:30] 📍 Selected venue records: 756
[05:06:30] 🎯 Selected venue IDs: 756
[05:06:30] 📡 Fetching Detailed JSON:
[05:06:30]    https://districtdata2026.pages.dev/advance/2026-09-28_Detailed.json
[05:06:30] ✅ Source loaded
[05:06:30]    Source date: 2026-09-28
[05:06:30]    Last updated: 05:03 AM, 24 September 2026
[05:06:30]    Movie keys: 41
[05:06:30] 🎬 Source movie keys: 41
[05:06:30] 🎟️ Selected-venue show rows: 403
[05:06:30] 🚫 Non-selected show rows ignored: 401
[05:06:30] ℹ️ Non-selected venue IDs encountered: 76
[05:06:30]    ⏭️ Source venue ID not selected: 10183
[05:06:30]    ⏭️ Source venue ID not selected: 11981
[05:06:30]    ⏭️ Source venue ID not selected: 7568
[05:06:30]    ⏭️ Source venue ID not selected: 1034662
[05:06:30]    ⏭️ Source venue ID not selected: 1011901
[05:06:30]    ⏭️ Source venue ID not selected: 1070394
[05:06:30]    ⏭️ Source venue ID not selected: 2699
[05:06:30]    ⏭️ Source venue ID not selected: 1054782
[05:06:30]    ⏭️ Source venue ID not selected: 1051587
[05:06:30]    ⏭️ Source venue ID not selected: 1037972
[05:06:30]    ⏭️ Source venue ID not selected: 1020393
[05:06:30]    ⏭️ Source venue ID not selected: 1022274
[05:06:30]    ⏭️ Source venue ID not selected: 9900
[05:06:30]    ⏭️ Source venue ID not selected: 1017093
[05:06:30]    ⏭️ Source venue ID not selected: 7174
[05:06:30]    ⏭️ Source venue ID not selected: 4159
[05:06:30]    ⏭️ Source venue ID not selected: 62512
[05:06:30]    ⏭️ Source venue ID not selected: 1013009
[05:06:30]    ⏭️ Source venue ID not selected: 4503
[05:06:30]    ⏭️ Source venue ID not selected: 1012094
[05:06:30]    ... and 56 more
[05:06:30] 📦 Previous shows: 292
[05:06:30] 🆕 Fresh shows: 403
[05:06:30] 📦 Final shows: 403
[05:06:30] ✅ DONE | Shows=403 | Movies=21
[05:06:30] 📄 Detailed: advance/data/20260928/detailed9.json
[05:06:30] 📄 Summary: advance/data/20260928/movie_summary9.json
[22:31:41] 🚀 DISTRICT → BMS9 CONVERTER STARTED
[22:31:41] 📅 DATE_CODE: 20260928
[22:31:41] 📅 Date: 2026-09-28
[22:31:41] 🚫 Worker logic: DISABLED
[22:31:41] 🔑 Venue matching: ID ONLY
[22:31:41] 🚫 alldistrictvenues.json: NOT USED
[22:31:41] 🚫 Venue-name matching: NOT USED
[22:31:41] 📍 Selected venue records: 756
[22:31:41] 🎯 Selected venue IDs: 756
[22:31:41] 📡 Fetching Detailed JSON:
[22:31:41]    https://districtdata2026.pages.dev/advance/2026-09-28_Detailed.json
[22:31:41] ✅ Source loaded
[22:31:41]    Source date: 2026-09-28
[22:31:41]    Last updated: 10:28 PM, 24 September 2026
[22:31:41]    Movie keys: 60
[22:31:41] 🎬 Source movie keys: 60
[22:31:41] 🎟️ Selected-venue show rows: 772
[22:31:41] 🚫 Non-selected show rows ignored: 1009
[22:31:41] ℹ️ Non-selected venue IDs encountered: 177
[22:31:41]    ⏭️ Source venue ID not selected: 1005724
[22:31:41]    ⏭️ Source venue ID not selected: 1022901
[22:31:41]    ⏭️ Source venue ID not selected: 9729
[22:31:41]    ⏭️ Source venue ID not selected: 9721
[22:31:41]    ⏭️ Source venue ID not selected: 1971
[22:31:41]    ⏭️ Source venue ID not selected: 9610
[22:31:41]    ⏭️ Source venue ID not selected: 34541
[22:31:41]    ⏭️ Source venue ID not selected: 1037
[22:31:41]    ⏭️ Source venue ID not selected: 27765
[22:31:41]    ⏭️ Source venue ID not selected: 478
[22:31:41]    ⏭️ Source venue ID not selected: 9478
[22:31:41]    ⏭️ Source venue ID not selected: 878
[22:31:41]    ⏭️ Source venue ID not selected: 7610
[22:31:41]    ⏭️ Source venue ID not selected: 1003779
[22:31:41]    ⏭️ Source venue ID not selected: 1094335
[22:31:41]    ⏭️ Source venue ID not selected: 3507
[22:31:41]    ⏭️ Source venue ID not selected: 1041639
[22:31:41]    ⏭️ Source venue ID not selected: 27093
[22:31:41]    ⏭️ Source venue ID not selected: 4437
[22:31:41]    ⏭️ Source venue ID not selected: 1102060
[22:31:41]    ... and 157 more
[22:31:41] 📦 Previous shows: 403
[22:31:41] 🆕 Fresh shows: 772
[22:31:41] 📦 Final shows: 772
[22:31:41] ✅ DONE | Shows=772 | Movies=29
[22:31:41] 📄 Detailed: advance/data/20260928/detailed9.json
[22:31:41] 📄 Summary: advance/data/20260928/movie_summary9.json
[11:06:28] 🚀 DISTRICT → BMS9 CONVERTER STARTED
[11:06:28] 📅 Date: 2026-09-28
[11:06:28] 🚫 Worker logic: DISABLED
[11:06:28] 🔑 Venue matching: ID ONLY
[11:06:28] 🚫 alldistrictvenues.json: NOT USED
[11:06:28] 🚫 Venue-name matching: NOT USED
[11:06:28] 📍 Selected venue records: 756
[11:06:28] 🎯 Selected venue IDs: 756
[11:06:28] 📡 Fetching Detailed JSON:
[11:06:28]    https://districtdata2026.pages.dev/advance/2026-09-28_Detailed.json
[11:06:28] ✅ Source loaded
[11:06:28]    Source date: 2026-09-28
[11:06:28]    Last updated: 10:11 AM, 27 September 2026
[11:06:28]    Movie keys: 119
[11:06:28] 🎬 Source movie keys: 119
[11:06:28] 🎟️ Selected-venue show rows: 2008
[11:06:28] 🚫 Non-selected show rows ignored: 11880
[11:06:28] ℹ️ Non-selected venue IDs encountered: 708
[11:06:28]    ⏭️ Source venue ID not selected: 7338
[11:06:28]    ⏭️ Source venue ID not selected: 1020723
[11:06:28]    ⏭️ Source venue ID not selected: 1018971
[11:06:28]    ⏭️ Source venue ID not selected: 4481
[11:06:28]    ⏭️ Source venue ID not selected: 1009580
[11:06:28]    ⏭️ Source venue ID not selected: 4898
[11:06:28]    ⏭️ Source venue ID not selected: 42640
[11:06:28]    ⏭️ Source venue ID not selected: 1024430
[11:06:28]    ⏭️ Source venue ID not selected: 1030077
[11:06:28]    ⏭️ Source venue ID not selected: 1016459
[11:06:28]    ⏭️ Source venue ID not selected: 1102060
[11:06:28]    ⏭️ Source venue ID not selected: 1037588
[11:06:28]    ⏭️ Source venue ID not selected: 1020698
[11:06:28]    ⏭️ Source venue ID not selected: 1016456
[11:06:28]    ⏭️ Source venue ID not selected: 1034662
[11:06:28]    ⏭️ Source venue ID not selected: 9668
[11:06:28]    ⏭️ Source venue ID not selected: 1025520
[11:06:28]    ⏭️ Source venue ID not selected: 127
[11:06:28]    ⏭️ Source venue ID not selected: 1029237
[11:06:28]    ⏭️ Source venue ID not selected: 126
[11:06:28]    ... and 688 more
[11:06:28] 📦 Previous shows: 772
[11:06:28] 🆕 Fresh shows: 2008
[11:06:28] 📦 Final shows: 2122
[11:06:28] ✅ DONE | Shows=2122 | Movies=59
[11:06:28] 📄 Detailed: advance/data/20260928/detailed9.json
[11:06:28] 📄 Summary: advance/data/20260928/movie_summary9.json
[17:50:18] 🚀 DISTRICT → BMS9 CONVERTER STARTED
[17:50:18] 📅 Date: 2026-09-28
[17:50:18] 🚫 Worker logic: DISABLED
[17:50:18] 🔑 Venue matching: ID ONLY
[17:50:18] 🚫 alldistrictvenues.json: NOT USED
[17:50:18] 🚫 Venue-name matching: NOT USED
[17:50:18] 📍 Selected venue records: 756
[17:50:18] 🎯 Selected venue IDs: 756
[17:50:18] 📡 Fetching Detailed JSON:
[17:50:18]    https://districtdata2026.pages.dev/advance/2026-09-28_Detailed.json
[17:50:18] ✅ Source loaded
[17:50:18]    Source date: 2026-09-28
[17:50:18]    Last updated: 04:07 PM, 27 September 2026
[17:50:18]    Movie keys: 127
[17:50:18] 🎬 Source movie keys: 127
[17:50:18] 🎟️ Selected-venue show rows: 2959
[17:50:18] 🚫 Non-selected show rows ignored: 15563
[17:50:18] ℹ️ Non-selected venue IDs encountered: 934
[17:50:18]    ⏭️ Source venue ID not selected: 1029680
[17:50:18]    ⏭️ Source venue ID not selected: 1047965
[17:50:18]    ⏭️ Source venue ID not selected: 1040247
[17:50:18]    ⏭️ Source venue ID not selected: 1007831
[17:50:18]    ⏭️ Source venue ID not selected: 1029212
[17:50:18]    ⏭️ Source venue ID not selected: 1093582
[17:50:18]    ⏭️ Source venue ID not selected: 1082832
[17:50:18]    ⏭️ Source venue ID not selected: 876
[17:50:18]    ⏭️ Source venue ID not selected: 1037447
[17:50:18]    ⏭️ Source venue ID not selected: 1423
[17:50:18]    ⏭️ Source venue ID not selected: 1083118
[17:50:18]    ⏭️ Source venue ID not selected: 1020720
[17:50:18]    ⏭️ Source venue ID not selected: 1015
[17:50:18]    ⏭️ Source venue ID not selected: 60676
[17:50:18]    ⏭️ Source venue ID not selected: 1335
[17:50:18]    ⏭️ Source venue ID not selected: 1052728
[17:50:18]    ⏭️ Source venue ID not selected: 10183
[17:50:18]    ⏭️ Source venue ID not selected: 9846
[17:50:18]    ⏭️ Source venue ID not selected: 1054967
[17:50:18]    ⏭️ Source venue ID not selected: 1025520
[17:50:18]    ... and 914 more
[17:50:18] 📦 Previous shows: 2122
[17:50:18] 🆕 Fresh shows: 2959
[17:50:18] 📦 Final shows: 3087
[17:50:18] ✅ DONE | Shows=3087 | Movies=64
[17:50:18] 📄 Detailed: advance/data/20260928/detailed9.json
[17:50:18] 📄 Summary: advance/data/20260928/movie_summary9.json
