[09:43:56] 🚀 SCRIPT STARTED (enhanced anti‑detection)
[09:43:56] [1/326] BSAT
[09:43:56] 🧠 New identity created
[09:43:57] [2/326] RSSM
[09:43:58] [3/326] GCTA
[09:43:59] [4/326] TOPN
[09:44:00] [5/326] MCUS
[09:44:01] [6/326] SHRL
[09:44:02] [7/326] UPTP
[09:44:03] [8/326] TMMP
[09:44:04] [9/326] DNRP
[09:44:04] [10/326] SRLT
[09:44:05] 🔄 Identity reset
[09:44:05] 🔄 Identity rotated (every 10 requests)
[09:44:05] [11/326] RCNS
[09:44:06] [12/326] DCBH
[09:44:07] [13/326] NAGJ
[09:44:08] [14/326] JVRC
[09:44:09] [15/326] KRJG
[09:44:10] [16/326] SRTJ
[09:44:11] [17/326] CMXM
[09:44:13] [18/326] STMI
[09:44:14] [19/326] SLST
[09:44:15] [20/326] DTCN
[09:44:15] 🔄 Identity reset
[09:44:15] 🔄 Identity rotated (every 10 requests)
[09:44:15] [21/326] STYN
[09:44:16] [22/326] SZVR
[09:44:17] [23/326] SRKO
[09:44:18] [24/326] JTGT
[09:44:19] [25/326] SVFD
[09:44:20] [26/326] SISD
[09:44:21] [27/326] ABDD
[09:44:22] [28/326] DRCA
[09:44:23] [29/326] AVCS
[09:44:24] [30/326] MVKH
[09:44:24] 🔄 Identity reset
[09:44:24] 🔄 Identity rotated (every 10 requests)
[09:44:25] [31/326] ACPR
[09:44:26] [32/326] STIP
[09:44:27] [33/326] MTRA
[09:44:28] [34/326] RMKH
[09:44:28] [35/326] NKRL
[09:44:29] [36/326] PCWN
[09:44:30] [37/326] BLMT
[09:44:31] [38/326] GDPG
[09:44:33] [39/326] SRMX
[09:44:34] [40/326] JACP
[09:44:34] 🔄 Identity reset
[09:44:34] 🔄 Identity rotated (every 10 requests)
[09:44:35] [41/326] CPSH
[09:44:35] [42/326] MCCD
[09:44:36] [43/326] ECGH
[09:44:37] [44/326] MKCK
[09:44:38] [45/326] SRMM
[09:44:39] [46/326] SKYR
[09:44:40] [47/326] PCKC
[09:44:41] [48/326] JCMA
[09:44:42] [49/326] BSMP
[09:44:43] [50/326] VSPA
[09:44:43] 🔄 Identity reset
[09:44:43] 🔄 Identity rotated (every 10 requests)
[09:44:43] 🔄 Retry 1/5 for VSPA in 2.2s
[09:44:43] 🔄 Identity reset
[09:44:46] 🧠 New identity created
[09:44:46] [51/326] DJYA
[09:44:47] [52/326] DIMP
[09:44:48] [53/326] FXDR
[09:44:49] [54/326] SSRC
[09:44:50] [55/326] STHP
[09:44:51] [56/326] CPPD
[09:44:52] [57/326] FCLK
[09:44:54] [58/326] SCPP
[09:44:55] [59/326] DCMJ
[09:44:55] 🔄 Identity reset
[09:44:55] 🔄 Identity rotated (every 10 requests)
[09:44:55] [60/326] RCCR
[09:44:56] [61/326] INMT
[09:44:57] [62/326] LXTK
[09:44:58] [63/326] SRYK
[09:44:59] [64/326] SGDK
[09:45:00] [65/326] PPKA
[09:45:01] [66/326] SPKA
[09:45:01] [67/326] CGHH
[09:45:02] [68/326] DCJN
[09:45:03] [69/326] SRKV
[09:45:03] 🔄 Identity reset
[09:45:03] 🔄 Identity rotated (every 10 requests)
[09:45:04] [70/326] SAJC
[09:45:05] [71/326] SUSR
[09:45:06] [72/326] STYG
[09:45:07] [73/326] NTKP
[09:45:08] [74/326] AKTG
[09:45:09] [75/326] CGCM
[09:45:10] [76/326] TULC
[09:45:11] [77/326] NYYZ
[09:45:12] [78/326] NYBW
[09:45:13] [79/326] MACB
[09:45:13] 🔄 Identity reset
[09:45:13] 🔄 Identity rotated (every 10 requests)
[09:45:14] [80/326] SLVT
[09:45:15] [81/326] SANA
[09:45:16] [82/326] ACMR
[09:45:16] [83/326] CPKN
[09:45:17] [84/326] DLGK
[09:45:18] [85/326] CWCK
[09:45:19] [86/326] FDDH
[09:45:20] [87/326] MMMD
[09:45:21] [88/326] CMEH
[09:45:22] [89/326] GGGV
[09:45:23] 🔄 Identity reset
[09:45:23] 🔄 Identity rotated (every 10 requests)
[09:45:23] [90/326] SPJL
[09:45:24] [91/326] RCCD
[09:45:25] [92/326] STTZ
[09:45:26] [93/326] BTCF
[09:45:27] [94/326] TSTZ
[09:45:27] [95/326] IPMM
[09:45:28] [96/326] PMPW
[09:45:29] [97/326] PCMZ
[09:45:31] [98/326] ESEM
[09:45:32] [99/326] PIPO
[09:45:33] 🔄 Identity reset
[09:45:33] 🔄 Identity rotated (every 10 requests)
[09:45:33] [100/326] MATK
[09:45:34] [101/326] PGHM
[09:45:35] [102/326] CTSR
[09:45:36] [103/326] CYKR
[09:45:36] [104/326] MSCM
[09:45:37] [105/326] RFNP
[09:45:38] [106/326] PDCP
[09:45:39] [107/326] NPSE
[09:45:41] [108/326] MKML
[09:45:41] [109/326] FTDP
[09:45:42] 🔄 Identity reset
[09:45:42] 🔄 Identity rotated (every 10 requests)
[09:45:42] [110/326] MMXA
[09:45:43] [111/326] CEPO
[09:45:44] [112/326] CMVP
[09:45:45] [113/326] SGTH
[09:45:46] [114/326] SAYN
[09:45:47] [115/326] URVS
[09:45:48] [116/326] VJTN
[09:45:49] [117/326] BBYK
[09:45:50] [118/326] SHBO
[09:45:51] [119/326] VCMR
[09:45:51] 🔄 Identity reset
[09:45:51] 🔄 Identity rotated (every 10 requests)
[09:45:52] [120/326] MACT
[09:45:53] [121/326] JMNP
[09:45:53] [122/326] VICS
[09:45:54] [123/326] VCDA
[09:45:56] [124/326] GCMM
[09:45:57] [125/326] INVS
[09:45:58] [126/326] SCGM
[09:45:59] [127/326] PCDA
[09:46:00] [128/326] KDCT
[09:46:01] [129/326] JACS
[09:46:01] 🔄 Identity reset
[09:46:01] 🔄 Identity rotated (every 10 requests)
[09:46:02] [130/326] GMMC
[09:46:03] [131/326] AICM
[09:46:04] [132/326] TJCM
[09:46:05] [133/326] RMTI
[09:46:06] [134/326] SHAC
[09:46:07] [135/326] APJC
[09:46:07] [136/326] GCTG
[09:46:08] [137/326] SSMC
[09:46:09] [138/326] THRM
[09:46:10] [139/326] RBCT
[09:46:11] 🔄 Identity reset
[09:46:11] 🔄 Identity rotated (every 10 requests)
[09:46:11] [140/326] DIKT
[09:46:12] [141/326] MIDL
[09:46:13] [142/326] VCSN
[09:46:14] [143/326] SKTG
[09:46:15] [144/326] SMWC
[09:46:16] [145/326] MNKH
[09:46:17] [146/326] PIAT
[09:46:17] [147/326] LTTP
[09:46:18] [148/326] PTPU
[09:46:19] [149/326] ACMG
[09:46:20] 🔄 Identity reset
[09:46:20] 🔄 Identity rotated (every 10 requests)
[09:46:20] [150/326] SHMM
[09:46:21] [151/326] MCMN
[09:46:22] [152/326] GLDC
[09:46:24] [153/326] HOUT
[09:46:25] [154/326] SVRP
[09:46:26] [155/326] PVDN
[09:46:27] [156/326] SCPY
[09:46:27] [157/326] DTPY
[09:46:28] [158/326] GKCS
[09:46:29] [159/326] NCAM
[09:46:30] 🔄 Identity reset
[09:46:30] 🔄 Identity rotated (every 10 requests)
[09:46:30] [160/326] BSRM
[09:46:31] [161/326] RCLC
[09:46:32] [162/326] SKKD
[09:46:33] [163/326] ACHU
[09:46:34] [164/326] RSCF
[09:46:35] [165/326] IMSH
[09:46:36] [166/326] MACX
[09:46:37] [167/326] HMMW
[09:46:38] [168/326] JTCP
[09:46:38] [169/326] SREN
[09:46:39] 🔄 Identity reset
[09:46:39] 🔄 Identity rotated (every 10 requests)
[09:46:39] [170/326] PJRR
[09:46:40] [171/326] INAC
[09:46:41] [172/326] BMCA
[09:46:42] [173/326] SHCB
[09:46:43] [174/326] GABA
[09:46:44] [175/326] SBCT
[09:46:45] [176/326] GCMA
[09:46:46] [177/326] MYTK
[09:46:46] [178/326] INZS
[09:46:47] [179/326] RMIK
[09:46:48] 🔄 Identity reset
[09:46:48] 🔄 Identity rotated (every 10 requests)
[09:46:48] [180/326] NYCH
[09:46:49] [181/326] RAVE
[09:46:50] [182/326] PSXM
[09:46:51] [183/326] MCGP
[09:46:52] [184/326] PDDK
[09:46:53] [185/326] SPCK
[09:46:54] [186/326] MCRL
[09:46:55] [187/326] MHKT
[09:46:56] [188/326] ANRR
[09:46:57] [189/326] SAPK
[09:46:57] 🔄 Identity reset
[09:46:57] 🔄 Identity rotated (every 10 requests)
[09:46:58] [190/326] NCUK
[09:46:59] [191/326] JUGA
[09:47:00] [192/326] DBSC
[09:47:02] [193/326] LALK
[09:47:03] [194/326] GUCK
[09:47:04] [195/326] STSG
[09:47:05] [196/326] PPPZ
[09:47:05] [197/326] CNCY
[09:47:07] [198/326] MTAR
[09:47:08] [199/326] VNKD
[09:47:09] 🔄 Identity reset
[09:47:09] 🔄 Identity rotated (every 10 requests)
[09:47:09] [200/326] KMAJ
[09:47:10] [201/326] ACXK
[09:47:11] [202/326] UTKC
[09:47:12] [203/326] PBLK
[09:47:13] [204/326] ACBX
[09:47:14] [205/326] PTGM
[09:47:15] [206/326] BTDA
[09:47:16] [207/326] PJMB
[09:47:17] [208/326] TPDA
[09:47:18] [209/326] AMOE
[09:47:19] 🔄 Identity reset
[09:47:19] 🔄 Identity rotated (every 10 requests)
[09:47:19] [210/326] PRHT
[09:47:20] [211/326] PRTA
[09:47:20] [212/326] STAM
[09:47:22] [213/326] MSAA
[09:47:23] [214/326] SDLU
[09:47:23] [215/326] RCHH
[09:47:24] [216/326] KANT
[09:47:25] [217/326] FCRT
[09:47:26] [218/326] DNKM
[09:47:27] [219/326] RYCP
[09:47:28] 🔄 Identity reset
[09:47:28] 🔄 Identity rotated (every 10 requests)
[09:47:28] [220/326] MYRP
[09:47:29] [221/326] PPAK
[09:47:31] [222/326] NVPK
[09:47:31] [223/326] PRMC
[09:47:32] [224/326] JBCS
[09:47:33] [225/326] GXCK
[09:47:35] [226/326] USKO
[09:47:36] [227/326] GTEM
[09:47:37] [228/326] SMBU
[09:47:38] [229/326] VETC
[09:47:38] 🔄 Identity reset
[09:47:38] 🔄 Identity rotated (every 10 requests)
[09:47:39] [230/326] LCDA
[09:47:40] [231/326] MTVT
[09:47:40] [232/326] PYCP
[09:47:42] [233/326] PNSC
[09:47:43] [234/326] PPCC
[09:47:44] [235/326] TGRT
[09:47:45] [236/326] JYOT
[09:47:46] [237/326] SRCZ
[09:47:46] [238/326] SJTE
[09:47:47] [239/326] DESC
[09:47:48] 🔄 Identity reset
[09:47:48] 🔄 Identity rotated (every 10 requests)
[09:47:48] [240/326] JHVN
[09:47:49] [241/326] IPSG
[09:47:50] [242/326] IPCM
[09:47:51] [243/326] PDRS
[09:47:52] [244/326] ANCV
[09:47:53] [245/326] CMVV
[09:47:54] [246/326] SHYP
[09:47:56] [247/326] DNCS
[09:47:56] [248/326] GAJK
[09:47:57] [249/326] AKTN
[09:47:58] 🔄 Identity reset
[09:47:58] 🔄 Identity rotated (every 10 requests)
[09:47:59] [250/326] KAYA
[09:48:00] [251/326] SBRC
[09:48:01] [252/326] CHTP
[09:48:02] [253/326] SHRT
[09:48:02] [254/326] BCKU
[09:48:03] [255/326] FCPS
[09:48:04] [256/326] ARDD
[09:48:05] [257/326] CPCM
[09:48:06] [258/326] CGSM
[09:48:07] [259/326] PSMP
[09:48:07] 🔄 Identity reset
[09:48:07] 🔄 Identity rotated (every 10 requests)
[09:48:08] [260/326] SDAL
[09:48:08] [261/326] RTNB
[09:48:09] [262/326] LMCR
[09:48:10] [263/326] CIMA
[09:48:11] [264/326] RNAS
[09:48:12] [265/326] LITH
[09:48:14] [266/326] PBOX
[09:48:15] [267/326] FRTS
[09:48:15] [268/326] RKIC
[09:48:16] [269/326] PTAI
[09:48:17] 🔄 Identity reset
[09:48:17] 🔄 Identity rotated (every 10 requests)
[09:48:18] [270/326] GCIC
[09:48:19] [271/326] FNAS
[09:48:19] [272/326] SCAR
[09:48:20] [273/326] MTCA
[09:48:21] [274/326] SCTS
[09:48:22] [275/326] SYCS
[09:48:23] [276/326] RDMS
[09:48:24] [277/326] KAMP
[09:48:25] [278/326] ERSD
[09:48:26] [279/326] MJMJ
[09:48:27] 🔄 Identity reset
[09:48:27] 🔄 Identity rotated (every 10 requests)
[09:48:27] [280/326] SRCJ
[09:48:28] [281/326] SCXE
[09:48:29] [282/326] SVFR
[09:48:30] [283/326] BHCS
[09:48:31] [284/326] IMCC
[09:48:32] [285/326] PCBO
[09:48:32] [286/326] PRVN
[09:48:33] [287/326] AUPM
[09:48:34] [288/326] INBW
[09:48:35] [289/326] SVCW
[09:48:36] 🔄 Identity reset
[09:48:36] 🔄 Identity rotated (every 10 requests)
[09:48:36] [290/326] RKCF
[09:48:37] [291/326] UVBH
[09:48:38] [292/326] DNCY
[09:48:39] [293/326] ABCN
[09:48:40] [294/326] PRUR
[09:48:42] [295/326] PFMR
[09:48:43] [296/326] RKCN
[09:48:44] [297/326] CFEA
[09:48:45] [298/326] SDBG
[09:48:45] [299/326] SNAR
[09:48:46] 🔄 Identity reset
[09:48:46] 🔄 Identity rotated (every 10 requests)
[09:48:47] [300/326] YISI
[09:48:47] [301/326] JCFF
[09:48:48] [302/326] VTRK
[09:48:49] [303/326] PCLZ
[09:48:50] [304/326] DIMY
[09:48:51] [305/326] BBTS
[09:48:52] [306/326] GATH
[09:48:53] [307/326] GTMN
[09:48:54] [308/326] VTMH
[09:48:55] [309/326] CCKP
[09:48:56] 🔄 Identity reset
[09:48:56] 🔄 Identity rotated (every 10 requests)
[09:48:56] [310/326] GPKA
[09:48:57] [311/326] MHCL
[09:48:58] [312/326] ATCL
[09:49:00] [313/326] SBCK
[09:49:01] [314/326] AMMR
[09:49:02] [315/326] MADC
[09:49:03] [316/326] TMMA
[09:49:04] [317/326] CACC
[09:49:05] [318/326] CHAL
[09:49:06] [319/326] DURG
[09:49:06] 🔄 Identity reset
[09:49:06] 🔄 Identity rotated (every 10 requests)
[09:49:07] [320/326] GMKU
[09:49:08] [321/326] GECA
[09:49:09] [322/326] KYRR
[09:49:10] [323/326] KSDE
[09:49:11] [324/326] LMCI
[09:49:12] [325/326] NKCP
[09:49:12] [326/326] BGTC
[09:49:13] 🧹 Deduping shows
[09:49:13] ✅ DONE | Shows=488 | Movies=28
[23:46:36] 🚀 SCRIPT STARTED (enhanced anti‑detection)
[23:46:36] [1/326] BSAT
[23:46:37] 🧠 New identity created
[23:46:37] [2/326] RSSM
[23:46:39] [3/326] GCTA
[23:46:40] [4/326] TOPN
[23:46:41] [5/326] MCUS
[23:46:42] [6/326] SHRL
[23:46:42] [7/326] UPTP
[23:46:43] [8/326] TMMP
[23:46:44] [9/326] DNRP
[23:46:45] [10/326] SRLT
[23:46:46] 🔄 Identity reset
[23:46:46] 🔄 Identity rotated (every 10 requests)
[23:46:47] [11/326] RCNS
[23:46:48] [12/326] DCBH
[23:46:49] [13/326] NAGJ
[23:46:49] [14/326] JVRC
[23:46:50] [15/326] KRJG
[23:46:51] [16/326] SRTJ
[23:46:52] [17/326] CMXM
[23:46:53] [18/326] STMI
[23:46:54] [19/326] SLST
[23:46:54] [20/326] DTCN
[23:46:55] 🔄 Identity reset
[23:46:55] 🔄 Identity rotated (every 10 requests)
[23:46:55] [21/326] STYN
[23:46:56] [22/326] SZVR
[23:46:57] [23/326] SRKO
[23:46:58] [24/326] JTGT
[23:46:59] [25/326] SVFD
[23:47:00] [26/326] SISD
[23:47:01] [27/326] ABDD
[23:47:01] [28/326] DRCA
[23:47:02] [29/326] AVCS
[23:47:03] [30/326] MVKH
[23:47:04] 🔄 Identity reset
[23:47:04] 🔄 Identity rotated (every 10 requests)
[23:47:05] [31/326] ACPR
[23:47:06] [32/326] STIP
[23:47:07] [33/326] MTRA
[23:47:07] [34/326] RMKH
[23:47:08] [35/326] NKRL
[23:47:09] [36/326] PCWN
[23:47:10] [37/326] BLMT
[23:47:10] [38/326] GDPG
[23:47:11] [39/326] SRMX
[23:47:12] [40/326] JACP
[23:47:12] 🔄 Identity reset
[23:47:12] 🔄 Identity rotated (every 10 requests)
[23:47:13] [41/326] CPSH
[23:47:14] [42/326] MCCD
[23:47:15] [43/326] ECGH
[23:47:15] [44/326] MKCK
[23:47:16] [45/326] SRMM
[23:47:17] [46/326] SKYR
[23:47:18] [47/326] PCKC
[23:47:19] [48/326] JCMA
[23:47:20] [49/326] BSMP
[23:47:20] [50/326] VSPA
[23:47:21] 🔄 Identity reset
[23:47:21] 🔄 Identity rotated (every 10 requests)
[23:47:22] [51/326] DJYA
[23:47:22] [52/326] DIMP
[23:47:23] [53/326] FXDR
[23:47:24] [54/326] SSRC
[23:47:25] [55/326] STHP
[23:47:26] [56/326] CPPD
[23:47:26] [57/326] FCLK
[23:47:27] [58/326] SCPP
[23:47:29] [59/326] DCMJ
[23:47:30] [60/326] RCCR
[23:47:30] 🔄 Identity reset
[23:47:30] 🔄 Identity rotated (every 10 requests)
[23:47:30] [61/326] INMT
[23:47:31] [62/326] LXTK
[23:47:33] [63/326] SRYK
[23:47:34] [64/326] SGDK
[23:47:35] [65/326] PPKA
[23:47:35] [66/326] SPKA
[23:47:36] [67/326] CGHH
[23:47:37] [68/326] DCJN
[23:47:38] [69/326] SRKV
[23:47:39] [70/326] SAJC
[23:47:39] 🔄 Identity reset
[23:47:39] 🔄 Identity rotated (every 10 requests)
[23:47:40] [71/326] SUSR
[23:47:40] [72/326] STYG
[23:47:41] [73/326] NTKP
[23:47:43] [74/326] AKTG
[23:47:44] [75/326] CGCM
[23:47:45] [76/326] TULC
[23:47:46] [77/326] NYYZ
[23:47:47] [78/326] NYBW
[23:47:48] [79/326] MACB
[23:47:49] [80/326] SLVT
[23:47:50] 🔄 Identity reset
[23:47:50] 🔄 Identity rotated (every 10 requests)
[23:47:50] 🔄 Retry 1/5 for SLVT in 2.8s
[23:47:50] 🔄 Identity reset
[23:47:53] 🧠 New identity created
[23:47:53] [81/326] SANA
[23:47:55] [82/326] ACMR
[23:47:56] [83/326] CPKN
[23:47:57] [84/326] DLGK
[23:47:57] [85/326] CWCK
[23:47:58] [86/326] FDDH
[23:47:59] [87/326] MMMD
[23:48:00] [88/326] CMEH
[23:48:01] [89/326] GGGV
[23:48:02] 🔄 Identity reset
[23:48:02] 🔄 Identity rotated (every 10 requests)
[23:48:02] [90/326] SPJL
[23:48:03] [91/326] RCCD
[23:48:04] [92/326] STTZ
[23:48:04] [93/326] BTCF
[23:48:05] [94/326] TSTZ
[23:48:06] [95/326] IPMM
[23:48:07] [96/326] PMPW
[23:48:08] [97/326] PCMZ
[23:48:09] [98/326] ESEM
[23:48:10] [99/326] PIPO
[23:48:10] 🔄 Identity reset
[23:48:10] 🔄 Identity rotated (every 10 requests)
[23:48:11] [100/326] MATK
[23:48:12] [101/326] PGHM
[23:48:13] [102/326] CTSR
[23:48:14] [103/326] CYKR
[23:48:15] [104/326] MSCM
[23:48:15] [105/326] RFNP
[23:48:17] [106/326] PDCP
[23:48:18] [107/326] NPSE
[23:48:18] [108/326] MKML
[23:48:19] [109/326] FTDP
[23:48:20] 🔄 Identity reset
[23:48:20] 🔄 Identity rotated (every 10 requests)
[23:48:20] [110/326] MMXA
[23:48:21] [111/326] CEPO
[23:48:22] [112/326] CMVP
[23:48:23] [113/326] SGTH
[23:48:24] [114/326] SAYN
[23:48:25] [115/326] URVS
[23:48:25] [116/326] VJTN
[23:48:26] [117/326] BBYK
[23:48:28] [118/326] SHBO
[23:48:28] [119/326] VCMR
[23:48:29] 🔄 Identity reset
[23:48:29] 🔄 Identity rotated (every 10 requests)
[23:48:29] [120/326] MACT
[23:48:31] [121/326] JMNP
[23:48:32] [122/326] VICS
[23:48:33] [123/326] VCDA
[23:48:33] [124/326] GCMM
[23:48:34] [125/326] INVS
[23:48:35] [126/326] SCGM
[23:48:36] [127/326] PCDA
[23:48:37] [128/326] KDCT
[23:48:38] [129/326] JACS
[23:48:39] 🔄 Identity reset
[23:48:39] 🔄 Identity rotated (every 10 requests)
[23:48:39] [130/326] GMMC
[23:48:40] [131/326] AICM
[23:48:41] [132/326] TJCM
[23:48:42] [133/326] RMTI
[23:48:43] [134/326] SHAC
[23:48:44] [135/326] APJC
[23:48:45] [136/326] GCTG
[23:48:46] [137/326] SSMC
[23:48:47] [138/326] THRM
[23:48:47] [139/326] RBCT
[23:48:48] 🔄 Identity reset
[23:48:48] 🔄 Identity rotated (every 10 requests)
[23:48:48] [140/326] DIKT
[23:48:49] [141/326] MIDL
[23:48:50] [142/326] VCSN
[23:48:50] [143/326] SKTG
[23:48:51] [144/326] SMWC
[23:48:52] [145/326] MNKH
[23:48:53] [146/326] PIAT
[23:48:54] [147/326] LTTP
[23:48:55] [148/326] PTPU
[23:48:55] [149/326] ACMG
[23:48:56] 🔄 Identity reset
[23:48:56] 🔄 Identity rotated (every 10 requests)
[23:48:56] [150/326] SHMM
[23:48:58] [151/326] MCMN
[23:48:59] [152/326] GLDC
[23:48:59] [153/326] HOUT
[23:49:00] [154/326] SVRP
[23:49:01] [155/326] PVDN
[23:49:02] [156/326] SCPY
[23:49:03] [157/326] DTPY
[23:49:04] [158/326] GKCS
[23:49:06] [159/326] NCAM
[23:49:06] 🔄 Identity reset
[23:49:06] 🔄 Identity rotated (every 10 requests)
[23:49:06] [160/326] BSRM
[23:49:07] [161/326] RCLC
[23:49:08] [162/326] SKKD
[23:49:09] [163/326] ACHU
[23:49:10] [164/326] RSCF
[23:49:11] [165/326] IMSH
[23:49:11] [166/326] MACX
[23:49:12] [167/326] HMMW
[23:49:13] [168/326] JTCP
[23:49:14] [169/326] SREN
[23:49:14] 🔄 Identity reset
[23:49:14] 🔄 Identity rotated (every 10 requests)
[23:49:15] 🔄 Retry 1/5 for SREN in 2.1s
[23:49:15] 🔄 Identity reset
[23:49:17] 🧠 New identity created
[23:49:17] [170/326] PJRR
[23:49:18] [171/326] INAC
[23:49:19] [172/326] BMCA
[23:49:19] [173/326] SHCB
[23:49:20] [174/326] GABA
[23:49:21] [175/326] SBCT
[23:49:22] [176/326] GCMA
[23:49:23] [177/326] MYTK
[23:49:24] [178/326] INZS
[23:49:24] 🔄 Identity reset
[23:49:24] 🔄 Identity rotated (every 10 requests)
[23:49:25] [179/326] RMIK
[23:49:26] [180/326] NYCH
[23:49:26] [181/326] RAVE
[23:49:27] [182/326] PSXM
[23:49:28] [183/326] MCGP
[23:49:29] [184/326] PDDK
[23:49:31] [185/326] SPCK
[23:49:31] [186/326] MCRL
[23:49:32] [187/326] MHKT
[23:49:33] [188/326] ANRR
[23:49:34] 🔄 Identity reset
[23:49:34] 🔄 Identity rotated (every 10 requests)
[23:49:34] [189/326] SAPK
[23:49:35] [190/326] NCUK
[23:49:37] [191/326] JUGA
[23:49:37] [192/326] DBSC
[23:49:38] [193/326] LALK
[23:49:39] [194/326] GUCK
[23:49:40] [195/326] STSG
[23:49:40] [196/326] PPPZ
[23:49:41] [197/326] CNCY
[23:49:42] [198/326] MTAR
[23:49:42] 🔄 Identity reset
[23:49:43] 🔄 Identity rotated (every 10 requests)
[23:49:43] [199/326] VNKD
[23:49:44] [200/326] KMAJ
[23:49:45] [201/326] ACXK
[23:49:46] [202/326] UTKC
[23:49:46] [203/326] PBLK
[23:49:47] [204/326] ACBX
[23:49:48] [205/326] PTGM
[23:49:49] [206/326] BTDA
[23:49:50] [207/326] PJMB
[23:49:51] [208/326] TPDA
[23:49:51] 🔄 Identity reset
[23:49:51] 🔄 Identity rotated (every 10 requests)
[23:49:51] [209/326] AMOE
[23:49:52] [210/326] PRHT
[23:49:53] [211/326] PRTA
[23:49:54] [212/326] STAM
[23:49:55] [213/326] MSAA
[23:49:56] [214/326] SDLU
[23:49:57] [215/326] RCHH
[23:49:58] [216/326] KANT
[23:49:58] [217/326] FCRT
[23:49:59] [218/326] DNKM
[23:50:00] 🔄 Identity reset
[23:50:00] 🔄 Identity rotated (every 10 requests)
[23:50:00] [219/326] RYCP
[23:50:01] [220/326] MYRP
[23:50:02] [221/326] PPAK
[23:50:03] [222/326] NVPK
[23:50:04] [223/326] PRMC
[23:50:04] [224/326] JBCS
[23:50:05] [225/326] GXCK
[23:50:07] [226/326] USKO
[23:50:07] [227/326] GTEM
[23:50:08] [228/326] SMBU
[23:50:09] 🔄 Identity reset
[23:50:09] 🔄 Identity rotated (every 10 requests)
[23:50:09] [229/326] VETC
[23:50:10] [230/326] LCDA
[23:50:11] [231/326] MTVT
[23:50:13] [232/326] PYCP
[23:50:13] [233/326] PNSC
[23:50:15] [234/326] PPCC
[23:50:16] [235/326] TGRT
[23:50:17] [236/326] JYOT
[23:50:18] [237/326] SRCZ
[23:50:19] [238/326] SJTE
[23:50:19] 🔄 Identity reset
[23:50:19] 🔄 Identity rotated (every 10 requests)
[23:50:20] [239/326] DESC
[23:50:21] [240/326] JHVN
[23:50:22] [241/326] IPSG
[23:50:23] [242/326] IPCM
[23:50:24] [243/326] PDRS
[23:50:25] [244/326] ANCV
[23:50:26] [245/326] CMVV
[23:50:27] [246/326] SHYP
[23:50:28] [247/326] DNCS
[23:50:29] [248/326] GAJK
[23:50:30] 🔄 Identity reset
[23:50:30] 🔄 Identity rotated (every 10 requests)
[23:50:30] [249/326] AKTN
[23:50:31] [250/326] KAYA
[23:50:32] [251/326] SBRC
[23:50:33] [252/326] CHTP
[23:50:34] [253/326] SHRT
[23:50:35] [254/326] BCKU
[23:50:36] [255/326] FCPS
[23:50:36] [256/326] ARDD
[23:50:37] [257/326] CPCM
[23:50:38] [258/326] CGSM
[23:50:39] 🔄 Identity reset
[23:50:39] 🔄 Identity rotated (every 10 requests)
[23:50:39] [259/326] PSMP
[23:50:40] [260/326] SDAL
[23:50:41] [261/326] RTNB
[23:50:42] [262/326] LMCR
[23:50:43] [263/326] CIMA
[23:50:44] [264/326] RNAS
[23:50:44] [265/326] LITH
[23:50:45] [266/326] PBOX
[23:50:46] [267/326] FRTS
[23:50:48] [268/326] RKIC
[23:50:49] 🔄 Identity reset
[23:50:49] 🔄 Identity rotated (every 10 requests)
[23:50:50] [269/326] PTAI
[23:50:51] [270/326] GCIC
[23:50:51] [271/326] FNAS
[23:50:53] [272/326] SCAR
[23:50:55] [273/326] MTCA
[23:50:55] [274/326] SCTS
[23:50:56] [275/326] SYCS
[23:50:57] [276/326] RDMS
[23:50:58] [277/326] KAMP
[23:50:59] [278/326] ERSD
[23:50:59] 🔄 Identity reset
[23:50:59] 🔄 Identity rotated (every 10 requests)
[23:51:00] [279/326] MJMJ
[23:51:00] [280/326] SRCJ
[23:51:01] [281/326] SCXE
[23:51:02] [282/326] SVFR
[23:51:03] [283/326] BHCS
[23:51:04] [284/326] IMCC
[23:51:05] [285/326] PCBO
[23:51:06] [286/326] PRVN
[23:51:07] [287/326] AUPM
[23:51:07] [288/326] INBW
[23:51:08] 🔄 Identity reset
[23:51:08] 🔄 Identity rotated (every 10 requests)
[23:51:09] [289/326] SVCW
[23:51:10] [290/326] RKCF
[23:51:11] [291/326] UVBH
[23:51:13] [292/326] DNCY
[23:51:14] [293/326] ABCN
[23:51:14] [294/326] PRUR
[23:51:15] [295/326] PFMR
[23:51:16] [296/326] RKCN
[23:51:18] [297/326] CFEA
[23:51:19] [298/326] SDBG
[23:51:19] 🔄 Identity reset
[23:51:19] 🔄 Identity rotated (every 10 requests)
[23:51:19] 🔄 Retry 1/5 for SDBG in 2.6s
[23:51:19] 🔄 Identity reset
[23:51:22] 🧠 New identity created
[23:51:22] [299/326] SNAR
[23:51:23] [300/326] YISI
[23:51:24] [301/326] JCFF
[23:51:25] [302/326] VTRK
[23:51:26] [303/326] PCLZ
[23:51:26] [304/326] DIMY
[23:51:27] [305/326] BBTS
[23:51:28] [306/326] GATH
[23:51:29] [307/326] GTMN
[23:51:29] 🔄 Identity reset
[23:51:29] 🔄 Identity rotated (every 10 requests)
[23:51:30] [308/326] VTMH
[23:51:31] [309/326] CCKP
[23:51:31] [310/326] GPKA
[23:51:32] [311/326] MHCL
[23:51:33] [312/326] ATCL
[23:51:34] [313/326] SBCK
[23:51:35] [314/326] AMMR
[23:51:37] [315/326] MADC
[23:51:37] [316/326] TMMA
[23:51:39] [317/326] CACC
[23:51:39] 🔄 Identity reset
[23:51:39] 🔄 Identity rotated (every 10 requests)
[23:51:40] [318/326] CHAL
[23:51:41] [319/326] DURG
[23:51:42] [320/326] GMKU
[23:51:42] [321/326] GECA
[23:51:43] [322/326] KYRR
[23:51:44] [323/326] KSDE
[23:51:45] [324/326] LMCI
[23:51:46] [325/326] NKCP
[23:51:47] [326/326] BGTC
[23:51:47] 🧹 Deduping shows
[23:51:47] ✅ DONE | Shows=560 | Movies=29
[18:45:35] 🚀 SCRIPT STARTED (enhanced anti‑detection)
[18:45:35] [1/326] BSAT
[18:45:36] 🧠 New identity created
[18:45:36] 🔄 Retry 1/5 for BSAT in 2.0s
[18:45:36] 🔄 Identity reset
[18:45:38] 🧠 New identity created
[18:45:38] [2/326] RSSM
[18:45:39] [3/326] GCTA
[18:45:40] [4/326] TOPN
[18:45:41] [5/326] MCUS
[18:45:42] [6/326] SHRL
[18:45:42] [7/326] UPTP
[18:45:43] [8/326] TMMP
[18:45:45] [9/326] DNRP
[18:45:45] 🔄 Identity reset
[18:45:45] 🔄 Identity rotated (every 10 requests)
[18:45:45] 🔄 Retry 1/5 for DNRP in 2.8s
[18:45:45] 🔄 Identity reset
[18:45:48] 🧠 New identity created
[18:45:48] [10/326] SRLT
[18:45:49] [11/326] RCNS
[18:45:50] [12/326] DCBH
[18:45:51] [13/326] NAGJ
[18:45:52] [14/326] JVRC
[18:45:53] [15/326] KRJG
[18:45:53] [16/326] SRTJ
[18:45:54] [17/326] CMXM
[18:45:55] [18/326] STMI
[18:45:56] 🔄 Identity reset
[18:45:56] 🔄 Identity rotated (every 10 requests)
[18:45:56] [19/326] SLST
[18:45:58] [20/326] DTCN
[18:45:59] [21/326] STYN
[18:46:00] [22/326] SZVR
[18:46:01] [23/326] SRKO
[18:46:01] [24/326] JTGT
[18:46:02] [25/326] SVFD
[18:46:03] [26/326] SISD
[18:46:04] [27/326] ABDD
[18:46:05] [28/326] DRCA
[18:46:05] 🔄 Identity reset
[18:46:05] 🔄 Identity rotated (every 10 requests)
[18:46:06] [29/326] AVCS
[18:46:07] [30/326] MVKH
[18:46:07] [31/326] ACPR
[18:46:09] [32/326] STIP
[18:46:11] [33/326] MTRA
[18:46:11] [34/326] RMKH
[18:46:12] [35/326] NKRL
[18:46:13] [36/326] PCWN
[18:46:14] [37/326] BLMT
[18:46:15] [38/326] GDPG
[18:46:16] 🔄 Identity reset
[18:46:16] 🔄 Identity rotated (every 10 requests)
[18:46:16] [39/326] SRMX
[18:46:17] [40/326] JACP
[18:46:18] [41/326] CPSH
[18:46:18] [42/326] MCCD
[18:46:19] [43/326] ECGH
[18:46:20] [44/326] MKCK
[18:46:21] [45/326] SRMM
[18:46:22] [46/326] SKYR
[18:46:23] [47/326] PCKC
[18:46:24] [48/326] JCMA
[18:46:24] 🔄 Identity reset
[18:46:24] 🔄 Identity rotated (every 10 requests)
[18:46:24] 🔄 Retry 1/5 for JCMA in 2.8s
[18:46:24] 🔄 Identity reset
[18:46:27] 🧠 New identity created
[18:46:27] [49/326] BSMP
[18:46:28] [50/326] VSPA
[18:46:29] [51/326] DJYA
[18:46:30] [52/326] DIMP
[18:46:31] [53/326] FXDR
[18:46:32] [54/326] SSRC
[18:46:33] [55/326] STHP
[18:46:34] [56/326] CPPD
[18:46:35] [57/326] FCLK
[18:46:36] 🔄 Identity reset
[18:46:36] 🔄 Identity rotated (every 10 requests)
[18:46:36] 🔄 Retry 1/5 for FCLK in 2.1s
[18:46:36] 🔄 Identity reset
[18:46:38] 🧠 New identity created
[18:46:38] [58/326] SCPP
[18:46:40] [59/326] DCMJ
[18:46:41] [60/326] RCCR
[18:46:42] [61/326] INMT
[18:46:43] [62/326] LXTK
[18:46:44] [63/326] SRYK
[18:46:44] [64/326] SGDK
[18:46:45] [65/326] PPKA
[18:46:46] [66/326] SPKA
[18:46:46] 🔄 Identity reset
[18:46:46] 🔄 Identity rotated (every 10 requests)
[18:46:47] [67/326] CGHH
[18:46:48] [68/326] DCJN
[18:46:49] [69/326] SRKV
[18:46:50] [70/326] SAJC
[18:46:51] [71/326] SUSR
[18:46:52] [72/326] STYG
[18:46:53] [73/326] NTKP
[18:46:54] [74/326] AKTG
[18:46:54] [75/326] CGCM
[18:46:55] [76/326] TULC
[18:46:56] 🔄 Identity reset
[18:46:56] 🔄 Identity rotated (every 10 requests)
[18:46:56] 🔄 Retry 1/5 for TULC in 2.2s
[18:46:56] 🔄 Identity reset
[18:46:58] 🧠 New identity created
[18:46:58] [77/326] NYYZ
[18:46:59] [78/326] NYBW
[18:47:00] [79/326] MACB
[18:47:01] [80/326] SLVT
[18:47:02] [81/326] SANA
[18:47:02] [82/326] ACMR
[18:47:03] [83/326] CPKN
[18:47:04] [84/326] DLGK
[18:47:05] [85/326] CWCK
[18:47:06] 🔄 Identity reset
[18:47:06] 🔄 Identity rotated (every 10 requests)
[18:47:06] [86/326] FDDH
[18:47:07] [87/326] MMMD
[18:47:08] [88/326] CMEH
[18:47:09] [89/326] GGGV
[18:47:10] [90/326] SPJL
[18:47:11] [91/326] RCCD
[18:47:12] [92/326] STTZ
[18:47:13] [93/326] BTCF
[18:47:14] [94/326] TSTZ
[18:47:15] [95/326] IPMM
[18:47:16] 🔄 Identity reset
[18:47:16] 🔄 Identity rotated (every 10 requests)
[18:47:16] [96/326] PMPW
[18:47:17] [97/326] PCMZ
[18:47:17] [98/326] ESEM
[18:47:18] [99/326] PIPO
[18:47:19] [100/326] MATK
[18:47:20] [101/326] PGHM
[18:47:21] [102/326] CTSR
[18:47:22] [103/326] CYKR
[18:47:23] [104/326] MSCM
[18:47:23] [105/326] RFNP
[18:47:24] 🔄 Identity reset
[18:47:24] 🔄 Identity rotated (every 10 requests)
[18:47:24] [106/326] PDCP
[18:47:25] [107/326] NPSE
[18:47:26] [108/326] MKML
[18:47:27] [109/326] FTDP
[18:47:28] [110/326] MMXA
[18:47:29] [111/326] CEPO
[18:47:30] [112/326] CMVP
[18:47:31] [113/326] SGTH
[18:47:32] [114/326] SAYN
[18:47:32] [115/326] URVS
[18:47:33] 🔄 Identity reset
[18:47:33] 🔄 Identity rotated (every 10 requests)
[18:47:34] [116/326] VJTN
[18:47:35] [117/326] BBYK
[18:47:36] [118/326] SHBO
[18:47:36] [119/326] VCMR
[18:47:37] [120/326] MACT
[18:47:38] [121/326] JMNP
[18:47:40] [122/326] VICS
[18:47:41] [123/326] VCDA
[18:47:41] [124/326] GCMM
[18:47:42] [125/326] INVS
[18:47:43] 🔄 Identity reset
[18:47:43] 🔄 Identity rotated (every 10 requests)
[18:47:43] 🔄 Retry 1/5 for INVS in 2.3s
[18:47:43] 🔄 Identity reset
[18:47:45] 🧠 New identity created
[18:47:45] 🔄 Retry 2/5 for INVS in 4.4s
[18:47:45] 🔄 Identity reset
[18:47:49] 🧠 New identity created
[18:47:50] [126/326] SCGM
[18:47:51] [127/326] PCDA
[18:47:52] [128/326] KDCT
[18:47:53] [129/326] JACS
[18:47:54] [130/326] GMMC
[18:47:55] [131/326] AICM
[18:47:55] [132/326] TJCM
[18:47:56] [133/326] RMTI
[18:47:57] 🔄 Identity reset
[18:47:57] 🔄 Identity rotated (every 10 requests)
[18:47:57] [134/326] SHAC
[18:47:58] [135/326] APJC
[18:47:59] [136/326] GCTG
[18:48:00] [137/326] SSMC
[18:48:01] [138/326] THRM
[18:48:02] [139/326] RBCT
[18:48:03] [140/326] DIKT
[18:48:04] [141/326] MIDL
[18:48:04] [142/326] VCSN
[18:48:05] [143/326] SKTG
[18:48:06] 🔄 Identity reset
[18:48:06] 🔄 Identity rotated (every 10 requests)
[18:48:06] [144/326] SMWC
[18:48:07] [145/326] MNKH
[18:48:08] [146/326] PIAT
[18:48:09] [147/326] LTTP
[18:48:10] [148/326] PTPU
[18:48:11] [149/326] ACMG
[18:48:12] [150/326] SHMM
[18:48:14] [151/326] MCMN
[18:48:15] [152/326] GLDC
[18:48:15] [153/326] HOUT
[18:48:16] 🔄 Identity reset
[18:48:16] 🔄 Identity rotated (every 10 requests)
[18:48:16] [154/326] SVRP
[18:48:17] [155/326] PVDN
[18:48:18] [156/326] SCPY
[18:48:19] [157/326] DTPY
[18:48:20] [158/326] GKCS
[18:48:21] [159/326] NCAM
[18:48:22] [160/326] BSRM
[18:48:23] [161/326] RCLC
[18:48:23] [162/326] SKKD
[18:48:24] [163/326] ACHU
[18:48:25] 🔄 Identity reset
[18:48:25] 🔄 Identity rotated (every 10 requests)
[18:48:26] [164/326] RSCF
[18:48:27] [165/326] IMSH
[18:48:27] [166/326] MACX
[18:48:28] [167/326] HMMW
[18:48:29] [168/326] JTCP
[18:48:30] [169/326] SREN
[18:48:32] [170/326] PJRR
[18:48:33] [171/326] INAC
[18:48:33] [172/326] BMCA
[18:48:35] [173/326] SHCB
[18:48:35] 🔄 Identity reset
[18:48:35] 🔄 Identity rotated (every 10 requests)
[18:48:35] 🔄 Retry 1/5 for SHCB in 2.3s
[18:48:35] 🔄 Identity reset
[18:48:38] 🧠 New identity created
[18:48:38] 🔄 Retry 2/5 for SHCB in 4.7s
[18:48:38] 🔄 Identity reset
[18:48:43] 🧠 New identity created
[18:48:43] [174/326] GABA
[18:48:44] [175/326] SBCT
[18:48:45] [176/326] GCMA
[18:48:46] [177/326] MYTK
[18:48:46] [178/326] INZS
[18:48:47] [179/326] RMIK
[18:48:48] [180/326] NYCH
[18:48:49] [181/326] RAVE
[18:48:49] 🔄 Identity reset
[18:48:49] 🔄 Identity rotated (every 10 requests)
[18:48:49] 🔄 Retry 1/5 for RAVE in 2.1s
[18:48:49] 🔄 Identity reset
[18:48:52] 🧠 New identity created
[18:48:52] 🔄 Retry 2/5 for RAVE in 4.4s
[18:48:52] 🔄 Identity reset
[18:48:56] 🧠 New identity created
[18:48:57] [182/326] PSXM
[18:48:58] [183/326] MCGP
[18:48:59] [184/326] PDDK
[18:49:00] [185/326] SPCK
[18:49:01] [186/326] MCRL
[18:49:01] [187/326] MHKT
[18:49:02] [188/326] ANRR
[18:49:03] [189/326] SAPK
[18:49:04] 🔄 Identity reset
[18:49:04] 🔄 Identity rotated (every 10 requests)
[18:49:04] [190/326] NCUK
[18:49:05] [191/326] JUGA
[18:49:06] [192/326] DBSC
[18:49:07] [193/326] LALK
[18:49:08] [194/326] GUCK
[18:49:09] [195/326] STSG
[18:49:09] [196/326] PPPZ
[18:49:10] [197/326] CNCY
[18:49:11] [198/326] MTAR
[18:49:12] [199/326] VNKD
[18:49:13] 🔄 Identity reset
[18:49:13] 🔄 Identity rotated (every 10 requests)
[18:49:13] [200/326] KMAJ
[18:49:14] [201/326] ACXK
[18:49:15] [202/326] UTKC
[18:49:16] [203/326] PBLK
[18:49:17] [204/326] ACBX
[18:49:17] [205/326] PTGM
[18:49:18] [206/326] BTDA
[18:49:20] [207/326] PJMB
[18:49:21] [208/326] TPDA
[18:49:21] [209/326] AMOE
[18:49:22] 🔄 Identity reset
[18:49:22] 🔄 Identity rotated (every 10 requests)
[18:49:22] 🔄 Retry 1/5 for AMOE in 2.9s
[18:49:22] 🔄 Identity reset
[18:49:25] 🧠 New identity created
[18:49:25] 🔄 Retry 2/5 for AMOE in 4.1s
[18:49:25] 🔄 Identity reset
[18:49:29] 🧠 New identity created
[18:49:29] 🔄 Retry 3/5 for AMOE in 8.1s
[18:49:29] 🔄 Identity reset
[18:49:37] 🧠 New identity created
[18:49:37] 🔄 Retry 4/5 for AMOE in 16.8s
[18:49:37] 🔄 Identity reset
[18:49:54] 🧠 New identity created
[18:49:55] [210/326] PRHT
[18:49:55] [211/326] PRTA
[18:49:56] [212/326] STAM
[18:49:57] [213/326] MSAA
[18:49:58] [214/326] SDLU
[18:49:59] [215/326] RCHH
[18:50:00] 🔄 Identity reset
[18:50:00] 🔄 Identity rotated (every 10 requests)
[18:50:00] [216/326] KANT
[18:50:01] [217/326] FCRT
[18:50:01] [218/326] DNKM
[18:50:02] [219/326] RYCP
[18:50:03] [220/326] MYRP
[18:50:04] [221/326] PPAK
[18:50:05] [222/326] NVPK
[18:50:06] [223/326] PRMC
[18:50:06] [224/326] JBCS
[18:50:07] [225/326] GXCK
[18:50:08] 🔄 Identity reset
[18:50:08] 🔄 Identity rotated (every 10 requests)
[18:50:08] [226/326] USKO
[18:50:09] [227/326] GTEM
[18:50:10] [228/326] SMBU
[18:50:11] [229/326] VETC
[18:50:12] [230/326] LCDA
[18:50:13] [231/326] MTVT
[18:50:14] [232/326] PYCP
[18:50:14] [233/326] PNSC
[18:50:16] [234/326] PPCC
[18:50:17] [235/326] TGRT
[18:50:17] 🔄 Identity reset
[18:50:17] 🔄 Identity rotated (every 10 requests)
[18:50:18] [236/326] JYOT
[18:50:19] [237/326] SRCZ
[18:50:20] [238/326] SJTE
[18:50:21] [239/326] DESC
[18:50:22] [240/326] JHVN
[18:50:23] [241/326] IPSG
[18:50:24] [242/326] IPCM
[18:50:25] [243/326] PDRS
[18:50:26] [244/326] ANCV
[18:50:28] [245/326] CMVV
[18:50:29] 🔄 Identity reset
[18:50:29] 🔄 Identity rotated (every 10 requests)
[18:50:29] 🔄 Retry 1/5 for CMVV in 2.1s
[18:50:29] 🔄 Identity reset
[18:50:31] 🧠 New identity created
[18:50:31] 🔄 Retry 2/5 for CMVV in 4.0s
[18:50:31] 🔄 Identity reset
[18:50:35] 🧠 New identity created
[18:50:36] [246/326] SHYP
[18:50:36] [247/326] DNCS
[18:50:38] [248/326] GAJK
[18:50:39] [249/326] AKTN
[18:50:40] [250/326] KAYA
[18:50:40] [251/326] SBRC
[18:50:41] [252/326] CHTP
[18:50:42] [253/326] SHRT
[18:50:43] 🔄 Identity reset
[18:50:43] 🔄 Identity rotated (every 10 requests)
[18:50:43] 🔄 Retry 1/5 for SHRT in 2.9s
[18:50:43] 🔄 Identity reset
[18:50:46] 🧠 New identity created
[18:50:46] [254/326] BCKU
[18:50:47] [255/326] FCPS
[18:50:48] [256/326] ARDD
[18:50:49] [257/326] CPCM
[18:50:50] [258/326] CGSM
[18:50:51] [259/326] PSMP
[18:50:52] [260/326] SDAL
[18:50:52] [261/326] RTNB
[18:50:53] [262/326] LMCR
[18:50:54] 🔄 Identity reset
[18:50:54] 🔄 Identity rotated (every 10 requests)
[18:50:54] 🔄 Retry 1/5 for LMCR in 2.5s
[18:50:54] 🔄 Identity reset
[18:50:56] 🧠 New identity created
[18:50:57] [263/326] CIMA
[18:50:58] [264/326] RNAS
[18:50:58] [265/326] LITH
[18:50:59] [266/326] PBOX
[18:51:00] [267/326] FRTS
[18:51:01] [268/326] RKIC
[18:51:02] [269/326] PTAI
[18:51:03] [270/326] GCIC
[18:51:04] [271/326] FNAS
[18:51:05] 🔄 Identity reset
[18:51:05] 🔄 Identity rotated (every 10 requests)
[18:51:05] [272/326] SCAR
[18:51:06] [273/326] MTCA
[18:51:07] [274/326] SCTS
[18:51:07] [275/326] SYCS
[18:51:08] [276/326] RDMS
[18:51:10] [277/326] KAMP
[18:51:11] [278/326] ERSD
[18:51:11] [279/326] MJMJ
[18:51:12] [280/326] SRCJ
[18:51:13] [281/326] SCXE
[18:51:14] 🔄 Identity reset
[18:51:14] 🔄 Identity rotated (every 10 requests)
[18:51:14] 🔄 Retry 1/5 for SCXE in 2.6s
[18:51:14] 🔄 Identity reset
[18:51:16] 🧠 New identity created
[18:51:17] [282/326] SVFR
[18:51:17] [283/326] BHCS
[18:51:18] [284/326] IMCC
[18:51:19] [285/326] PCBO
[18:51:20] [286/326] PRVN
[18:51:21] [287/326] AUPM
[18:51:22] [288/326] INBW
[18:51:23] [289/326] SVCW
[18:51:25] [290/326] RKCF
[18:51:25] 🔄 Identity reset
[18:51:25] 🔄 Identity rotated (every 10 requests)
[18:51:26] [291/326] UVBH
[18:51:26] [292/326] DNCY
[18:51:27] [293/326] ABCN
[18:51:28] [294/326] PRUR
[18:51:29] [295/326] PFMR
[18:51:30] [296/326] RKCN
[18:51:31] [297/326] CFEA
[18:51:32] [298/326] SDBG
[18:51:33] [299/326] SNAR
[18:51:34] [300/326] YISI
[18:51:34] 🔄 Identity reset
[18:51:34] 🔄 Identity rotated (every 10 requests)
[18:51:35] [301/326] JCFF
[18:51:36] [302/326] VTRK
[18:51:36] [303/326] PCLZ
[18:51:37] [304/326] DIMY
[18:51:38] [305/326] BBTS
[18:51:39] [306/326] GATH
[18:51:40] [307/326] GTMN
[18:51:41] [308/326] VTMH
[18:51:41] [309/326] CCKP
[18:51:42] [310/326] GPKA
[18:51:43] 🔄 Identity reset
[18:51:43] 🔄 Identity rotated (every 10 requests)
[18:51:43] 🔄 Retry 1/5 for GPKA in 3.0s
[18:51:43] 🔄 Identity reset
[18:51:46] 🧠 New identity created
[18:51:46] [311/326] MHCL
[18:51:47] [312/326] ATCL
[18:51:48] [313/326] SBCK
[18:51:49] [314/326] AMMR
[18:51:50] [315/326] MADC
[18:51:51] [316/326] TMMA
[18:51:52] [317/326] CACC
[18:51:53] [318/326] CHAL
[18:51:54] [319/326] DURG
[18:51:54] 🔄 Identity reset
[18:51:54] 🔄 Identity rotated (every 10 requests)
[18:51:54] [320/326] GMKU
[18:51:55] [321/326] GECA
[18:51:56] [322/326] KYRR
[18:51:57] [323/326] KSDE
[18:51:58] [324/326] LMCI
[18:51:59] [325/326] NKCP
[18:52:00] [326/326] BGTC
[18:52:01] 🧹 Deduping shows
[18:52:01] ✅ DONE | Shows=707 | Movies=30
[17:58:18] 🚀 SCRIPT STARTED (enhanced anti‑detection)
[17:58:18] [1/326] BSAT
[17:58:18] 🧠 New identity created
[17:58:19] 🔄 Retry 1/5 for BSAT in 2.3s
[17:58:19] 🔄 Identity reset
[17:58:21] 🧠 New identity created
[17:58:21] [2/326] RSSM
[17:58:23] [3/326] GCTA
[17:58:24] [4/326] TOPN
[17:58:24] [5/326] MCUS
[17:58:26] [6/326] SHRL
[17:58:28] [7/326] UPTP
[17:58:28] [8/326] TMMP
[17:58:29] [9/326] DNRP
[17:58:30] 🔄 Identity reset
[17:58:30] 🔄 Identity rotated (every 10 requests)
[17:58:30] 🔄 Retry 1/5 for DNRP in 2.2s
[17:58:30] 🔄 Identity reset
[17:58:32] 🧠 New identity created
[17:58:32] [10/326] SRLT
[17:58:33] [11/326] RCNS
[17:58:34] [12/326] DCBH
[17:58:35] [13/326] NAGJ
[17:58:36] [14/326] JVRC
[17:58:38] [15/326] KRJG
[17:58:39] [16/326] SRTJ
[17:58:40] [17/326] CMXM
[17:58:41] [18/326] STMI
[17:58:42] 🔄 Identity reset
[17:58:42] 🔄 Identity rotated (every 10 requests)
[17:58:42] 🔄 Retry 1/5 for STMI in 2.5s
[17:58:42] 🔄 Identity reset
[17:58:44] 🧠 New identity created
[17:58:45] [19/326] SLST
[17:58:46] [20/326] DTCN
[17:58:47] [21/326] STYN
[17:58:47] [22/326] SZVR
[17:58:48] [23/326] SRKO
[17:58:49] [24/326] JTGT
[17:58:50] [25/326] SVFD
[17:58:51] [26/326] SISD
[17:58:52] [27/326] ABDD
[17:58:52] 🔄 Identity reset
[17:58:52] 🔄 Identity rotated (every 10 requests)
[17:58:53] [28/326] DRCA
[17:58:53] [29/326] AVCS
[17:58:54] [30/326] MVKH
[17:58:55] [31/326] ACPR
[17:58:56] [32/326] STIP
[17:58:57] [33/326] MTRA
[17:58:58] [34/326] RMKH
[17:58:59] [35/326] NKRL
[17:58:59] [36/326] PCWN
[17:59:01] [37/326] BLMT
[17:59:01] 🔄 Identity reset
[17:59:01] 🔄 Identity rotated (every 10 requests)
[17:59:01] 🔄 Retry 1/5 for BLMT in 2.3s
[17:59:01] 🔄 Identity reset
[17:59:04] 🧠 New identity created
[17:59:04] [38/326] GDPG
[17:59:05] [39/326] SRMX
[17:59:06] [40/326] JACP
[17:59:07] [41/326] CPSH
[17:59:07] [42/326] MCCD
[17:59:09] [43/326] ECGH
[17:59:09] [44/326] MKCK
[17:59:11] [45/326] SRMM
[17:59:11] [46/326] SKYR
[17:59:12] 🔄 Identity reset
[17:59:12] 🔄 Identity rotated (every 10 requests)
[17:59:13] [47/326] PCKC
[17:59:14] [48/326] JCMA
[17:59:15] [49/326] BSMP
[17:59:15] [50/326] VSPA
[17:59:16] [51/326] DJYA
[17:59:18] [52/326] DIMP
[17:59:19] [53/326] FXDR
[17:59:20] [54/326] SSRC
[17:59:20] [55/326] STHP
[17:59:22] [56/326] CPPD
[17:59:23] 🔄 Identity reset
[17:59:23] 🔄 Identity rotated (every 10 requests)
[17:59:23] 🔄 Retry 1/5 for CPPD in 2.6s
[17:59:23] 🔄 Identity reset
[17:59:25] 🧠 New identity created
[17:59:25] [57/326] FCLK
[17:59:26] [58/326] SCPP
[17:59:27] [59/326] DCMJ
[17:59:28] [60/326] RCCR
[17:59:29] [61/326] INMT
[17:59:30] [62/326] LXTK
[17:59:31] [63/326] SRYK
[17:59:31] [64/326] SGDK
[17:59:32] [65/326] PPKA
[17:59:33] 🔄 Identity reset
[17:59:33] 🔄 Identity rotated (every 10 requests)
[17:59:33] [66/326] SPKA
[17:59:34] [67/326] CGHH
[17:59:35] [68/326] DCJN
[17:59:36] [69/326] SRKV
[17:59:37] [70/326] SAJC
[17:59:37] [71/326] SUSR
[17:59:39] [72/326] STYG
[17:59:41] [73/326] NTKP
[17:59:42] [74/326] AKTG
[17:59:43] [75/326] CGCM
[17:59:44] 🔄 Identity reset
[17:59:44] 🔄 Identity rotated (every 10 requests)
[17:59:44] 🔄 Retry 1/5 for CGCM in 2.0s
[17:59:44] 🔄 Identity reset
[17:59:46] 🧠 New identity created
[17:59:46] [76/326] TULC
[17:59:47] [77/326] NYYZ
[17:59:48] [78/326] NYBW
[17:59:49] [79/326] MACB
[17:59:49] [80/326] SLVT
[17:59:50] [81/326] SANA
[17:59:51] [82/326] ACMR
[17:59:52] [83/326] CPKN
[17:59:53] [84/326] DLGK
[17:59:53] 🔄 Identity reset
[17:59:53] 🔄 Identity rotated (every 10 requests)
[17:59:54] [85/326] CWCK
[17:59:55] [86/326] FDDH
[17:59:56] [87/326] MMMD
[17:59:56] [88/326] CMEH
[17:59:57] [89/326] GGGV
[17:59:58] [90/326] SPJL
[17:59:59] [91/326] RCCD
[18:00:00] [92/326] STTZ
[18:00:01] [93/326] BTCF
[18:00:02] [94/326] TSTZ
[18:00:02] 🔄 Identity reset
[18:00:02] 🔄 Identity rotated (every 10 requests)
[18:00:03] [95/326] IPMM
[18:00:03] [96/326] PMPW
[18:00:05] [97/326] PCMZ
[18:00:06] [98/326] ESEM
[18:00:07] [99/326] PIPO
[18:00:08] [100/326] MATK
[18:00:09] [101/326] PGHM
[18:00:10] [102/326] CTSR
[18:00:11] [103/326] CYKR
[18:00:12] [104/326] MSCM
[18:00:12] 🔄 Identity reset
[18:00:12] 🔄 Identity rotated (every 10 requests)
[18:00:12] [105/326] RFNP
[18:00:13] [106/326] PDCP
[18:00:14] [107/326] NPSE
[18:00:15] [108/326] MKML
[18:00:16] [109/326] FTDP
[18:00:17] [110/326] MMXA
[18:00:17] [111/326] CEPO
[18:00:18] [112/326] CMVP
[18:00:19] [113/326] SGTH
[18:00:20] [114/326] SAYN
[18:00:21] 🔄 Identity reset
[18:00:21] 🔄 Identity rotated (every 10 requests)
[18:00:21] [115/326] URVS
[18:00:22] [116/326] VJTN
[18:00:23] [117/326] BBYK
[18:00:24] [118/326] SHBO
[18:00:25] [119/326] VCMR
[18:00:26] [120/326] MACT
[18:00:27] [121/326] JMNP
[18:00:27] [122/326] VICS
[18:00:28] [123/326] VCDA
[18:00:29] [124/326] GCMM
[18:00:30] 🔄 Identity reset
[18:00:30] 🔄 Identity rotated (every 10 requests)
[18:00:30] [125/326] INVS
[18:00:32] [126/326] SCGM
[18:00:33] [127/326] PCDA
[18:00:33] [128/326] KDCT
[18:00:35] [129/326] JACS
[18:00:35] [130/326] GMMC
[18:00:36] [131/326] AICM
[18:00:37] [132/326] TJCM
[18:00:38] [133/326] RMTI
[18:00:39] [134/326] SHAC
[18:00:40] 🔄 Identity reset
[18:00:40] 🔄 Identity rotated (every 10 requests)
[18:00:40] [135/326] APJC
[18:00:41] [136/326] GCTG
[18:00:42] [137/326] SSMC
[18:00:43] [138/326] THRM
[18:00:45] [139/326] RBCT
[18:00:46] [140/326] DIKT
[18:00:47] [141/326] MIDL
[18:00:47] [142/326] VCSN
[18:00:48] [143/326] SKTG
[18:00:50] [144/326] SMWC
[18:00:51] 🔄 Identity reset
[18:00:51] 🔄 Identity rotated (every 10 requests)
[18:00:51] [145/326] MNKH
[18:00:52] [146/326] PIAT
[18:00:54] [147/326] LTTP
[18:00:54] [148/326] PTPU
[18:00:55] [149/326] ACMG
[18:00:57] [150/326] SHMM
[18:00:58] [151/326] MCMN
[18:00:58] [152/326] GLDC
[18:00:59] [153/326] HOUT
[18:01:00] [154/326] SVRP
[18:01:01] 🔄 Identity reset
[18:01:01] 🔄 Identity rotated (every 10 requests)
[18:01:01] [155/326] PVDN
[18:01:02] [156/326] SCPY
[18:01:03] [157/326] DTPY
[18:01:04] [158/326] GKCS
[18:01:05] [159/326] NCAM
[18:01:06] [160/326] BSRM
[18:01:06] [161/326] RCLC
[18:01:07] [162/326] SKKD
[18:01:08] [163/326] ACHU
[18:01:09] [164/326] RSCF
[18:01:10] 🔄 Identity reset
[18:01:10] 🔄 Identity rotated (every 10 requests)
[18:01:10] [165/326] IMSH
[18:01:11] [166/326] MACX
[18:01:12] [167/326] HMMW
[18:01:13] [168/326] JTCP
[18:01:14] [169/326] SREN
[18:01:15] [170/326] PJRR
[18:01:15] [171/326] INAC
[18:01:17] [172/326] BMCA
[18:01:18] [173/326] SHCB
[18:01:18] [174/326] GABA
[18:01:19] 🔄 Identity reset
[18:01:19] 🔄 Identity rotated (every 10 requests)
[18:01:19] [175/326] SBCT
[18:01:20] [176/326] GCMA
[18:01:21] [177/326] MYTK
[18:01:22] [178/326] INZS
[18:01:23] [179/326] RMIK
[18:01:24] [180/326] NYCH
[18:01:25] [181/326] RAVE
[18:01:26] [182/326] PSXM
[18:01:27] [183/326] MCGP
[18:01:27] [184/326] PDDK
[18:01:28] 🔄 Identity reset
[18:01:28] 🔄 Identity rotated (every 10 requests)
[18:01:28] [185/326] SPCK
[18:01:29] [186/326] MCRL
[18:01:31] [187/326] MHKT
[18:01:32] [188/326] ANRR
[18:01:33] [189/326] SAPK
[18:01:33] [190/326] NCUK
[18:01:34] [191/326] JUGA
[18:01:35] [192/326] DBSC
[18:01:37] [193/326] LALK
[18:01:38] [194/326] GUCK
[18:01:38] 🔄 Identity reset
[18:01:38] 🔄 Identity rotated (every 10 requests)
[18:01:38] [195/326] STSG
[18:01:39] [196/326] PPPZ
[18:01:40] [197/326] CNCY
[18:01:42] [198/326] MTAR
[18:01:43] [199/326] VNKD
[18:01:43] [200/326] KMAJ
[18:01:44] [201/326] ACXK
[18:01:45] [202/326] UTKC
[18:01:46] [203/326] PBLK
[18:01:47] [204/326] ACBX
[18:01:48] 🔄 Identity reset
[18:01:48] 🔄 Identity rotated (every 10 requests)
[18:01:49] [205/326] PTGM
[18:01:50] [206/326] BTDA
[18:01:51] [207/326] PJMB
[18:01:51] [208/326] TPDA
[18:01:52] [209/326] AMOE
[18:01:53] [210/326] PRHT
[18:01:54] [211/326] PRTA
[18:01:55] [212/326] STAM
[18:01:56] [213/326] MSAA
[18:01:56] [214/326] SDLU
[18:01:57] 🔄 Identity reset
[18:01:57] 🔄 Identity rotated (every 10 requests)
[18:01:57] [215/326] RCHH
[18:01:58] [216/326] KANT
[18:02:00] [217/326] FCRT
[18:02:01] [218/326] DNKM
[18:02:02] [219/326] RYCP
[18:02:02] [220/326] MYRP
[18:02:03] [221/326] PPAK
[18:02:04] [222/326] NVPK
[18:02:05] [223/326] PRMC
[18:02:06] [224/326] JBCS
[18:02:07] 🔄 Identity reset
[18:02:07] 🔄 Identity rotated (every 10 requests)
[18:02:07] 🔄 Retry 1/5 for JBCS in 2.7s
[18:02:07] 🔄 Identity reset
[18:02:09] 🧠 New identity created
[18:02:10] [225/326] GXCK
[18:02:11] [226/326] USKO
[18:02:11] [227/326] GTEM
[18:02:13] [228/326] SMBU
[18:02:14] [229/326] VETC
[18:02:15] [230/326] LCDA
[18:02:16] [231/326] MTVT
[18:02:17] [232/326] PYCP
[18:02:18] [233/326] PNSC
[18:02:18] 🔄 Identity reset
[18:02:18] 🔄 Identity rotated (every 10 requests)
[18:02:18] [234/326] PPCC
[18:02:19] [235/326] TGRT
[18:02:20] [236/326] JYOT
[18:02:21] [237/326] SRCZ
[18:02:22] [238/326] SJTE
[18:02:23] [239/326] DESC
[18:02:25] [240/326] JHVN
[18:02:26] [241/326] IPSG
[18:02:27] [242/326] IPCM
[18:02:28] [243/326] PDRS
[18:02:28] 🔄 Identity reset
[18:02:28] 🔄 Identity rotated (every 10 requests)
[18:02:29] [244/326] ANCV
[18:02:30] [245/326] CMVV
[18:02:31] [246/326] SHYP
[18:02:32] [247/326] DNCS
[18:02:33] [248/326] GAJK
[18:02:34] [249/326] AKTN
[18:02:34] [250/326] KAYA
[18:02:35] [251/326] SBRC
[18:02:36] [252/326] CHTP
[18:02:37] [253/326] SHRT
[18:02:38] 🔄 Identity reset
[18:02:38] 🔄 Identity rotated (every 10 requests)
[18:02:38] 🔄 Retry 1/5 for SHRT in 2.1s
[18:02:38] 🔄 Identity reset
[18:02:40] 🧠 New identity created
[18:02:40] [254/326] BCKU
[18:02:42] [255/326] FCPS
[18:02:43] [256/326] ARDD
[18:02:44] [257/326] CPCM
[18:02:45] [258/326] CGSM
[18:02:46] [259/326] PSMP
[18:02:47] [260/326] SDAL
[18:02:48] [261/326] RTNB
[18:02:49] [262/326] LMCR
[18:02:49] 🔄 Identity reset
[18:02:49] 🔄 Identity rotated (every 10 requests)
[18:02:50] [263/326] CIMA
[18:02:50] [264/326] RNAS
[18:02:51] [265/326] LITH
[18:02:52] [266/326] PBOX
[18:02:53] [267/326] FRTS
[18:02:54] [268/326] RKIC
[18:02:55] [269/326] PTAI
[18:02:56] [270/326] GCIC
[18:02:57] [271/326] FNAS
[18:02:58] [272/326] SCAR
[18:02:58] 🔄 Identity reset
[18:02:58] 🔄 Identity rotated (every 10 requests)
[18:02:59] [273/326] MTCA
[18:03:00] [274/326] SCTS
[18:03:00] [275/326] SYCS
[18:03:01] [276/326] RDMS
[18:03:03] [277/326] KAMP
[18:03:04] [278/326] ERSD
[18:03:05] [279/326] MJMJ
[18:03:06] [280/326] SRCJ
[18:03:07] [281/326] SCXE
[18:03:08] [282/326] SVFR
[18:03:09] 🔄 Identity reset
[18:03:09] 🔄 Identity rotated (every 10 requests)
[18:03:09] 🔄 Retry 1/5 for SVFR in 2.7s
[18:03:09] 🔄 Identity reset
[18:03:11] 🧠 New identity created
[18:03:11] 🔄 Retry 2/5 for SVFR in 5.0s
[18:03:11] 🔄 Identity reset
[18:03:16] 🧠 New identity created
[18:03:16] 🔄 Retry 3/5 for SVFR in 8.1s
[18:03:16] 🔄 Identity reset
[18:03:25] 🧠 New identity created
[18:03:25] [283/326] BHCS
[18:03:26] [284/326] IMCC
[18:03:27] [285/326] PCBO
[18:03:27] [286/326] PRVN
[18:03:28] [287/326] AUPM
[18:03:29] [288/326] INBW
[18:03:30] [289/326] SVCW
[18:03:30] 🔄 Identity reset
[18:03:30] 🔄 Identity rotated (every 10 requests)
[18:03:31] [290/326] RKCF
[18:03:31] [291/326] UVBH
[18:03:32] [292/326] DNCY
[18:03:33] [293/326] ABCN
[18:03:34] [294/326] PRUR
[18:03:35] [295/326] PFMR
[18:03:36] [296/326] RKCN
[18:03:37] [297/326] CFEA
[18:03:38] [298/326] SDBG
[18:03:39] [299/326] SNAR
[18:03:40] 🔄 Identity reset
[18:03:40] 🔄 Identity rotated (every 10 requests)
[18:03:40] [300/326] YISI
[18:03:41] [301/326] JCFF
[18:03:42] [302/326] VTRK
[18:03:43] [303/326] PCLZ
[18:03:44] [304/326] DIMY
[18:03:45] [305/326] BBTS
[18:03:46] [306/326] GATH
[18:03:47] [307/326] GTMN
[18:03:48] [308/326] VTMH
[18:03:49] [309/326] CCKP
[18:03:49] 🔄 Identity reset
[18:03:49] 🔄 Identity rotated (every 10 requests)
[18:03:50] [310/326] GPKA
[18:03:51] [311/326] MHCL
[18:03:51] [312/326] ATCL
[18:03:52] [313/326] SBCK
[18:03:53] [314/326] AMMR
[18:03:54] [315/326] MADC
[18:03:55] [316/326] TMMA
[18:03:56] [317/326] CACC
[18:03:57] [318/326] CHAL
[18:03:58] [319/326] DURG
[18:03:59] 🔄 Identity reset
[18:03:59] 🔄 Identity rotated (every 10 requests)
[18:03:59] [320/326] GMKU
[18:04:00] [321/326] GECA
[18:04:01] [322/326] KYRR
[18:04:02] [323/326] KSDE
[18:04:03] [324/326] LMCI
[18:04:03] [325/326] NKCP
[18:04:04] [326/326] BGTC
[18:04:05] 🧹 Deduping shows
[18:04:05] ✅ DONE | Shows=886 | Movies=32
