[09:44:04] 🚀 DISTRICT → BMS9 CONVERTER STARTED
[09:44:04] 📅 Date: 2026-09-17
[09:44:04] 🚫 Worker logic: DISABLED
[09:44:04] 🔑 Venue matching: ID ONLY
[09:44:04] 🚫 alldistrictvenues.json: NOT USED
[09:44:04] 🚫 Venue-name matching: NOT USED
[09:44:04] 📍 Selected venue records: 756
[09:44:04] 🎯 Selected venue IDs: 756
[09:44:04] 📡 Fetching Detailed JSON:
[09:44:04]    https://districtdata2026.pages.dev/advance/2026-09-17_Detailed.json
[09:44:04] ❌ Source file not found (404) – will create empty outputs
[09:44:04] ⚠️ No source data – keeping existing output files unchanged
[09:44:04] 📄 Created empty detailed file: advance/data/20260917/detailed9.json
[09:44:04] 📄 Created empty summary file: advance/data/20260917/movie_summary9.json
[09:44:04] ✅ DONE | Existing data preserved
[23:47:11] 🚀 DISTRICT → BMS9 CONVERTER STARTED
[23:47:11] 📅 Date: 2026-09-17
[23:47:11] 🚫 Worker logic: DISABLED
[23:47:11] 🔑 Venue matching: ID ONLY
[23:47:11] 🚫 alldistrictvenues.json: NOT USED
[23:47:11] 🚫 Venue-name matching: NOT USED
[23:47:11] 📍 Selected venue records: 756
[23:47:11] 🎯 Selected venue IDs: 756
[23:47:11] 📡 Fetching Detailed JSON:
[23:47:11]    https://districtdata2026.pages.dev/advance/2026-09-17_Detailed.json
[23:47:11] ❌ Source file not found (404) – will create empty outputs
[23:47:11] ⚠️ No source data – keeping existing output files unchanged
[23:47:11] 📦 Existing detailed file preserved: advance/data/20260917/detailed9.json
[23:47:11] 📦 Existing summary file preserved: advance/data/20260917/movie_summary9.json
[23:47:11] ✅ DONE | Existing data preserved
[18:45:42] 🚀 DISTRICT → BMS9 CONVERTER STARTED
[18:45:42] 📅 Date: 2026-09-17
[18:45:42] 🚫 Worker logic: DISABLED
[18:45:42] 🔑 Venue matching: ID ONLY
[18:45:42] 🚫 alldistrictvenues.json: NOT USED
[18:45:42] 🚫 Venue-name matching: NOT USED
[18:45:42] 📍 Selected venue records: 756
[18:45:42] 🎯 Selected venue IDs: 756
[18:45:42] 📡 Fetching Detailed JSON:
[18:45:42]    https://districtdata2026.pages.dev/advance/2026-09-17_Detailed.json
[18:45:42] ❌ Source file not found (404) – will create empty outputs
[18:45:42] ⚠️ No source data – keeping existing output files unchanged
[18:45:42] 📦 Existing detailed file preserved: advance/data/20260917/detailed9.json
[18:45:42] 📦 Existing summary file preserved: advance/data/20260917/movie_summary9.json
[18:45:42] ✅ DONE | Existing data preserved
[17:58:21] 🚀 DISTRICT → BMS9 CONVERTER STARTED
[17:58:21] 📅 Date: 2026-09-17
[17:58:21] 🚫 Worker logic: DISABLED
[17:58:21] 🔑 Venue matching: ID ONLY
[17:58:21] 🚫 alldistrictvenues.json: NOT USED
[17:58:21] 🚫 Venue-name matching: NOT USED
[17:58:21] 📍 Selected venue records: 756
[17:58:21] 🎯 Selected venue IDs: 756
[17:58:21] 📡 Fetching Detailed JSON:
[17:58:21]    https://districtdata2026.pages.dev/advance/2026-09-17_Detailed.json
[17:58:21] ❌ Source file not found (404) – will create empty outputs
[17:58:21] ⚠️ No source data – keeping existing output files unchanged
[17:58:21] 📦 Existing detailed file preserved: advance/data/20260917/detailed9.json
[17:58:21] 📦 Existing summary file preserved: advance/data/20260917/movie_summary9.json
[17:58:21] ✅ DONE | Existing data preserved
