[00:16:34] 🚀 BMS DAILY TRACKER STARTED (enhanced anti‑detection)
[00:16:34] [1/445] TGMR
[00:16:35] 🧠 New identity created
[00:16:36] [2/445] CXKR
[00:16:37] [3/445] SROP
[00:16:38] [4/445] GTSV
[00:16:39] [5/445] SNTY
[00:16:40] [6/445] SMYY
[00:16:41] [7/445] CNCS
[00:16:41] [8/445] CSTM
[00:16:42] [9/445] NUCD
[00:16:43] [10/445] SHCZ
[00:16:44] 🔄 Identity reset
[00:16:44] 🔄 Identity rotated (every 10 requests)
[00:16:44] [11/445] NJCT
[00:16:45] [12/445] COPC
[00:16:46] [13/445] STVV
[00:16:47] [14/445] SKRN
[00:16:48] [15/445] APPZ
[00:16:50] [16/445] YMGN
[00:16:50] [17/445] SVTU
[00:16:51] [18/445] GTAD
[00:16:52] [19/445] PSUS
[00:16:53] [20/445] SMCD
[00:16:53] 🔄 Identity reset
[00:16:53] 🔄 Identity rotated (every 10 requests)
[00:16:53] [21/445] CMCM
[00:16:54] [22/445] SYCT
[00:16:55] [23/445] STLY
[00:16:56] [24/445] CMHU
[00:16:57] [25/445] CMSA
[00:16:59] [26/445] CLCU
[00:17:00] [27/445] PPNT
[00:17:00] [28/445] JTAB
[00:17:01] [29/445] BUUC
[00:17:02] [30/445] BSVK
[00:17:03] 🔄 Identity reset
[00:17:03] 🔄 Identity rotated (every 10 requests)
[00:17:03] [31/445] VVVQ
[00:17:04] [32/445] TKMU
[00:17:05] [33/445] ESYL
[00:17:06] [34/445] ACHP
[00:17:06] [35/445] BTKD
[00:17:07] [36/445] DESA
[00:17:08] [37/445] GBCT
[00:17:09] [38/445] BLLD
[00:17:10] [39/445] SKNT
[00:17:11] [40/445] SSTE
[00:17:12] 🔄 Identity reset
[00:17:12] 🔄 Identity rotated (every 10 requests)
[00:17:12] [41/445] VJMR
[00:17:13] [42/445] NTPU
[00:17:14] [43/445] RDKN
[00:17:15] [44/445] ADGC
[00:17:15] [45/445] VRBP
[00:17:16] [46/445] NMNA
[00:17:18] [47/445] CMMX
[00:17:19] [48/445] PTKO
[00:17:21] [49/445] RBML
[00:17:22] [50/445] SAIC
[00:17:23] 🔄 Identity reset
[00:17:23] 🔄 Identity rotated (every 10 requests)
[00:17:24] [51/445] SVTJ
[00:17:24] [52/445] MRTE
[00:17:25] [53/445] RBTP
[00:17:26] [54/445] NLPS
[00:17:27] [55/445] GTNA
[00:17:28] [56/445] DGGC
[00:17:29] [57/445] SMCR
[00:17:30] [58/445] SCGD
[00:17:31] [59/445] SRRJ
[00:17:32] [60/445] CNRY
[00:17:32] 🔄 Identity reset
[00:17:32] 🔄 Identity rotated (every 10 requests)
[00:17:34] [61/445] KTDI
[00:17:34] [62/445] SNJL
[00:17:35] [63/445] RKMD
[00:17:36] [64/445] SMDC
[00:17:37] [65/445] TADG
[00:17:38] [66/445] MCGS
[00:17:39] [67/445] PETK
[00:17:39] [68/445] CHAG
[00:17:40] [69/445] KSTL
[00:17:41] [70/445] AADS
[00:17:41] 🔄 Identity reset
[00:17:41] 🔄 Identity rotated (every 10 requests)
[00:17:42] [71/445] NTHZ
[00:17:43] [72/445] HCKI
[00:17:44] [73/445] SSEF
[00:17:44] [74/445] MCGX
[00:17:45] [75/445] ERRA
[00:17:46] [76/445] SDTW
[00:17:47] [77/445] RMPK
[00:17:48] [78/445] PTHK
[00:17:49] [79/445] PXCS
[00:17:49] [80/445] SVLU
[00:17:50] 🔄 Identity reset
[00:17:50] 🔄 Identity rotated (every 10 requests)
[00:17:50] [81/445] STAH
[00:17:52] [82/445] JRGF
[00:17:52] [83/445] CDOK
[00:17:53] [84/445] CMSG
[00:17:54] [85/445] APTD
[00:17:55] [86/445] KMPG
[00:17:56] [87/445] MUTJ
[00:17:57] [88/445] VCCI
[00:17:58] [89/445] URBE
[00:17:58] [90/445] TCTS
[00:17:59] 🔄 Identity reset
[00:17:59] 🔄 Identity rotated (every 10 requests)
[00:17:59] [91/445] STSN
[00:18:00] [92/445] AKCH
[00:18:01] [93/445] APSC
[00:18:02] [94/445] VLTB
[00:18:03] [95/445] SANU
[00:18:04] [96/445] AXAM
[00:18:04] [97/445] MGMG
[00:18:05] [98/445] HTBY
[00:18:06] [99/445] MMZS
[00:18:06] [100/445] SUDR
[00:18:07] 🔄 Identity reset
[00:18:07] 🔄 Identity rotated (every 10 requests)
[00:18:07] [101/445] CCAD
[00:18:08] [102/445] SKKC
[00:18:09] [103/445] RMCD
[00:18:10] [104/445] SBCQ
[00:18:11] [105/445] DCCT
[00:18:12] [106/445] VTKP
[00:18:13] [107/445] MLAM
[00:18:14] [108/445] SAVT
[00:18:14] [109/445] GEPL
[00:18:15] [110/445] AMCD
[00:18:16] 🔄 Identity reset
[00:18:16] 🔄 Identity rotated (every 10 requests)
[00:18:16] [111/445] CCXR
[00:18:17] [112/445] GRNG
[00:18:18] [113/445] EBCA
[00:18:18] [114/445] CNVG
[00:18:19] [115/445] MWSS
[00:18:20] [116/445] VBOR
[00:18:21] [117/445] NEEB
[00:18:22] [118/445] SUTH
[00:18:23] [119/445] ANDB
[00:18:24] [120/445] MMXS
[00:18:24] 🔄 Identity reset
[00:18:24] 🔄 Identity rotated (every 10 requests)
[00:18:24] [121/445] CNPD
[00:18:25] [122/445] SDCE
[00:18:26] [123/445] DHCB
[00:18:27] [124/445] ODEN
[00:18:27] [125/445] TNTC
[00:18:28] [126/445] VBKM
[00:18:29] [127/445] RZYM
[00:18:30] [128/445] JEMC
[00:18:32] [129/445] CMAU
[00:18:33] [130/445] SIVP
[00:18:33] 🔄 Identity reset
[00:18:33] 🔄 Identity rotated (every 10 requests)
[00:18:33] [131/445] ATAG
[00:18:34] [132/445] CHTM
[00:18:35] [133/445] AAEE
[00:18:36] [134/445] IWPM
[00:18:37] [135/445] KCMW
[00:18:38] [136/445] MCTD
[00:18:39] [137/445] SPWR
[00:18:40] [138/445] SDPO
[00:18:41] [139/445] PCSK
[00:18:42] [140/445] ACHV
[00:18:42] 🔄 Identity reset
[00:18:42] 🔄 Identity rotated (every 10 requests)
[00:18:43] [141/445] SVLA
[00:18:43] [142/445] PICT
[00:18:45] [143/445] BXDR
[00:18:45] [144/445] SPWA
[00:18:46] [145/445] MCKO
[00:18:47] [146/445] RTHK
[00:18:48] [147/445] CCMF
[00:18:48] [148/445] MRGB
[00:18:49] [149/445] CPLC
[00:18:50] [150/445] RACD
[00:18:51] 🔄 Identity reset
[00:18:51] 🔄 Identity rotated (every 10 requests)
[00:18:51] [151/445] ATKT
[00:18:52] [152/445] SARN
[00:18:53] [153/445] KKUI
[00:18:54] [154/445] RGCM
[00:18:54] [155/445] BRVP
[00:18:55] [156/445] HRSR
[00:18:56] [157/445] GKGM
[00:18:57] [158/445] TTCD
[00:18:58] [159/445] PTTI
[00:18:58] [160/445] MPTT
[00:18:59] 🔄 Identity reset
[00:18:59] 🔄 Identity rotated (every 10 requests)
[00:18:59] [161/445] CVTT
[00:19:01] [162/445] PCXD
[00:19:01] [163/445] GCDC
[00:19:02] [164/445] CCCF
[00:19:03] [165/445] MRAD
[00:19:04] [166/445] CPLK
[00:19:05] [167/445] SATB
[00:19:06] [168/445] SNVG
[00:19:07] [169/445] JMBA
[00:19:07] [170/445] TEJA
[00:19:08] 🔄 Identity reset
[00:19:08] 🔄 Identity rotated (every 10 requests)
[00:19:09] [171/445] STYO
[00:19:09] [172/445] JTBP
[00:19:10] [173/445] KRGD
[00:19:11] [174/445] SLJJ
[00:19:12] [175/445] SPTJ
[00:19:12] [176/445] SWJG
[00:19:13] [177/445] LKRT
[00:19:14] [178/445] KCKA
[00:19:16] [179/445] SNCR
[00:19:16] [180/445] SMKL
[00:19:17] 🔄 Identity reset
[00:19:17] 🔄 Identity rotated (every 10 requests)
[00:19:17] [181/445] GCFA
[00:19:18] [182/445] DDCK
[00:19:19] [183/445] NCHJ
[00:19:19] [184/445] RDMA
[00:19:20] [185/445] SVSV
[00:19:21] [186/445] SCJG
[00:19:22] [187/445] VKLP
[00:19:23] [188/445] NWCC
[00:19:23] [189/445] VKNS
[00:19:24] [190/445] SDDP
[00:19:25] 🔄 Identity reset
[00:19:25] 🔄 Identity rotated (every 10 requests)
[00:19:25] [191/445] ACSI
[00:19:26] [192/445] SATG
[00:19:26] [193/445] SCMW
[00:19:27] [194/445] LKTK
[00:19:28] [195/445] VCKV
[00:19:29] [196/445] KKPE
[00:19:29] [197/445] KIGH
[00:19:31] [198/445] SRPM
[00:19:32] [199/445] SCAH
[00:19:34] [200/445] MUTA
[00:19:34] 🔄 Identity reset
[00:19:34] 🔄 Identity rotated (every 10 requests)
[00:19:34] [201/445] SEPU
[00:19:35] [202/445] INOA
[00:19:36] [203/445] BASK
[00:19:37] [204/445] NECB
[00:19:38] [205/445] GTTG
[00:19:39] [206/445] ASSA
[00:19:40] [207/445] ANCL
[00:19:40] [208/445] GCTI
[00:19:41] [209/445] RCTS
[00:19:42] [210/445] ACNL
[00:19:42] 🔄 Identity reset
[00:19:42] 🔄 Identity rotated (every 10 requests)
[00:19:43] [211/445] MYCT
[00:19:43] [212/445] NMHT
[00:19:45] [213/445] MDIT
[00:19:45] [214/445] LATG
[00:19:47] [215/445] SMTY
[00:19:48] [216/445] CVCT
[00:19:49] [217/445] RAMB
[00:19:49] [218/445] TGMS
[00:19:50] [219/445] BHEL
[00:19:51] [220/445] SHCT
[00:19:52] 🔄 Identity reset
[00:19:52] 🔄 Identity rotated (every 10 requests)
[00:19:53] [221/445] SVCT
[00:19:54] [222/445] MRIY
[00:19:55] [223/445] SARO
[00:19:55] [224/445] STCT
[00:19:56] [225/445] JKKC
[00:19:57] [226/445] PLTT
[00:19:58] [227/445] SRNT
[00:19:59] [228/445] YAST
[00:19:59] [229/445] PERL
[00:20:00] [230/445] CICM
[00:20:01] 🔄 Identity reset
[00:20:01] 🔄 Identity rotated (every 10 requests)
[00:20:01] [231/445] MMTR
[00:20:03] [232/445] ABTK
[00:20:03] [233/445] ATYY
[00:20:04] [234/445] ASTK
[00:20:04] [235/445] VVCK
[00:20:05] [236/445] ATKY
[00:20:06] [237/445] GWEK
[00:20:07] [238/445] SVFH
[00:20:07] [239/445] SLTA
[00:20:09] [240/445] AASH
[00:20:10] 🔄 Identity reset
[00:20:10] 🔄 Identity rotated (every 10 requests)
[00:20:11] [241/445] ACXB
[00:20:12] [242/445] SMTX
[00:20:12] [243/445] AZDH
[00:20:13] [244/445] CMMH
[00:20:14] [245/445] SCSZ
[00:20:15] [246/445] SCKP
[00:20:16] [247/445] NXTM
[00:20:17] [248/445] NWCS
[00:20:18] [249/445] CXMH
[00:20:18] [250/445] PCMA
[00:20:19] 🔄 Identity reset
[00:20:19] 🔄 Identity rotated (every 10 requests)
[00:20:19] [251/445] SGCM
[00:20:20] [252/445] SDTU
[00:20:21] [253/445] MMVI
[00:20:22] [254/445] JKCM
[00:20:23] [255/445] VCMM
[00:20:24] [256/445] SYEE
[00:20:24] [257/445] VASD
[00:20:26] [258/445] BDRB
[00:20:27] [259/445] LASM
[00:20:27] [260/445] DCRL
[00:20:28] 🔄 Identity reset
[00:20:28] 🔄 Identity rotated (every 10 requests)
[00:20:28] [261/445] DVPM
[00:20:29] [262/445] SBMJ
[00:20:30] [263/445] CBMU
[00:20:31] [264/445] IUBS
[00:20:31] [265/445] INAP
[00:20:33] [266/445] SRRC
[00:20:33] [267/445] SAGR
[00:20:34] [268/445] CPMJ
[00:20:35] [269/445] ATJL
[00:20:36] [270/445] NNTD
[00:20:37] 🔄 Identity reset
[00:20:37] 🔄 Identity rotated (every 10 requests)
[00:20:37] [271/445] JHCJ
[00:20:38] [272/445] CMMP
[00:20:38] [273/445] RSDR
[00:20:39] [274/445] AMTI
[00:20:40] [275/445] NYSG
[00:20:41] [276/445] AVSG
[00:20:42] [277/445] SYTP
[00:20:42] [278/445] LARC
[00:20:43] [279/445] RJTP
[00:20:44] [280/445] LAKC
[00:20:44] 🔄 Identity reset
[00:20:44] 🔄 Identity rotated (every 10 requests)
[00:20:45] [281/445] MCXE
[00:20:45] [282/445] CCZC
[00:20:46] [283/445] AVCH
[00:20:47] [284/445] CMBE
[00:20:48] [285/445] MRRC
[00:20:48] [286/445] PCPY
[00:20:49] [287/445] SRMH
[00:20:50] [288/445] SVGS
[00:20:51] [289/445] PCSE
[00:20:52] [290/445] SVFT
[00:20:53] 🔄 Identity reset
[00:20:53] 🔄 Identity rotated (every 10 requests)
[00:20:53] [291/445] TNZP
[00:20:55] [292/445] ICTP
[00:20:55] [293/445] ACTZ
[00:20:56] [294/445] GTUR
[00:20:57] [295/445] MAFC
[00:20:58] [296/445] MINL
[00:20:59] [297/445] MRCL
[00:20:59] [298/445] RCRP
[00:21:00] [299/445] RFFG
[00:21:01] [300/445] RMAS
[00:21:01] 🔄 Identity reset
[00:21:01] 🔄 Identity rotated (every 10 requests)
[00:21:02] [301/445] INVR
[00:21:03] [302/445] RMAR
[00:21:03] [303/445] CNIS
[00:21:04] [304/445] RHRJ
[00:21:05] [305/445] INXR
[00:21:06] [306/445] VALT
[00:21:07] [307/445] LCSH
[00:21:08] [308/445] CMVS
[00:21:08] [309/445] CNMS
[00:21:09] [310/445] ROOG
[00:21:09] 🔄 Identity reset
[00:21:09] 🔄 Identity rotated (every 10 requests)
[00:21:10] [311/445] ISRM
[00:21:11] [312/445] RCRM
[00:21:12] [313/445] ACJA
[00:21:13] [314/445] RCVS
[00:21:14] [315/445] CPUS
[00:21:14] [316/445] TGCS
[00:21:15] [317/445] RKCJ
[00:21:16] [318/445] MKSB
[00:21:17] [319/445] TCSJ
[00:21:18] [320/445] RMGP
[00:21:18] 🔄 Identity reset
[00:21:18] 🔄 Identity rotated (every 10 requests)
[00:21:18] [321/445] CLLP
[00:21:19] [322/445] RCMV
[00:21:19] [323/445] CCKS
[00:21:20] [324/445] RSRP
[00:21:21] [325/445] APLP
[00:21:22] [326/445] CNVS
[00:21:23] [327/445] RMVY
[00:21:23] [328/445] PGBD
[00:21:25] [329/445] KLMS
[00:21:26] [330/445] RUST
[00:21:26] 🔄 Identity reset
[00:21:26] 🔄 Identity rotated (every 10 requests)
[00:21:27] [331/445] MASM
[00:21:27] [332/445] BACS
[00:21:28] [333/445] BWST
[00:21:29] [334/445] RRFH
[00:21:30] [335/445] SJTM
[00:21:30] [336/445] BEMR
[00:21:31] [337/445] MCGR
[00:21:32] [338/445] SDSK
[00:21:33] [339/445] VBOL
[00:21:33] [340/445] RMGM
[00:21:34] 🔄 Identity reset
[00:21:34] 🔄 Identity rotated (every 10 requests)
[00:21:34] [341/445] NOPL
[00:21:35] [342/445] MKJK
[00:21:37] [343/445] CVRN
[00:21:38] [344/445] MMEN
[00:21:39] [345/445] AMNG
[00:21:40] [346/445] INTM
[00:21:40] [347/445] SLCZ
[00:21:41] [348/445] AMJN
[00:21:42] [349/445] ACJN
[00:21:43] [350/445] AMKN
[00:21:43] 🔄 Identity reset
[00:21:43] 🔄 Identity rotated (every 10 requests)
[00:21:43] [351/445] BTCN
[00:21:44] [352/445] AMBT
[00:21:45] [353/445] PACN
[00:21:46] [354/445] LCNS
[00:21:46] [355/445] PPKC
[00:21:47] [356/445] JYYN
[00:21:48] [357/445] JTNR
[00:21:48] [358/445] GTEE
[00:21:49] [359/445] SRNM
[00:21:50] [360/445] SDTC
[00:21:51] 🔄 Identity reset
[00:21:51] 🔄 Identity rotated (every 10 requests)
[00:21:51] [361/445] VPCA
[00:21:52] [362/445] VLRA
[00:21:52] [363/445] SHKR
[00:21:53] [364/445] SBKD
[00:21:55] [365/445] SAAD
[00:21:56] [366/445] JTGN
[00:21:56] [367/445] SLAM
[00:21:57] [368/445] VTPM
[00:21:58] [369/445] ANPT
[00:21:59] [370/445] PUNB
[00:21:59] 🔄 Identity reset
[00:22:00] 🔄 Identity rotated (every 10 requests)
[00:22:00] [371/445] CPKT
[00:22:01] [372/445] CNWE
[00:22:01] [373/445] ECPP
[00:22:02] [374/445] CPAR
[00:22:03] [375/445] ESBW
[00:22:03] [376/445] PKPU
[00:22:04] [377/445] CPRP
[00:22:05] [378/445] RAHU
[00:22:07] [379/445] RHMN
[00:22:08] [380/445] FMJP
[00:22:08] 🔄 Identity reset
[00:22:08] 🔄 Identity rotated (every 10 requests)
[00:22:08] [381/445] CTMP
[00:22:09] [382/445] INPN
[00:22:10] [383/445] STTG
[00:22:11] [384/445] CTRD
[00:22:12] [385/445] PUVB
[00:22:13] [386/445] ESVP
[00:22:14] [387/445] CPFT
[00:22:15] [388/445] LCPC
[00:22:16] [389/445] VBCT
[00:22:16] [390/445] FSCW
[00:22:17] 🔄 Identity reset
[00:22:17] 🔄 Identity rotated (every 10 requests)
[00:22:17] [391/445] VCMP
[00:22:18] [392/445] ASHC
[00:22:19] [393/445] VLCX
[00:22:20] [394/445] SHEV
[00:22:21] [395/445] APCO
[00:22:22] [396/445] SILC
[00:22:23] [397/445] SNMR
[00:22:23] [398/445] KYBO
[00:22:24] [399/445] SATK
[00:22:25] [400/445] SSCS
[00:22:26] 🔄 Identity reset
[00:22:26] 🔄 Identity rotated (every 10 requests)
[00:22:26] [401/445] CLSB
[00:22:27] [402/445] KMJR
[00:22:28] [403/445] FSCK
[00:22:29] [404/445] NNKA
[00:22:30] [405/445] CLMK
[00:22:31] [406/445] DMPZ
[00:22:32] [407/445] INQM
[00:22:33] [408/445] CAML
[00:22:34] [409/445] INRK
[00:22:36] [410/445] IMKN
[00:22:36] 🔄 Identity reset
[00:22:36] 🔄 Identity rotated (every 10 requests)
[00:22:36] [411/445] SVNR
[00:22:37] [412/445] INSL
[00:22:38] [413/445] MSMA
[00:22:39] [414/445] MCKK
[00:22:40] [415/445] FCHP
[00:22:41] [416/445] SFCR
[00:22:41] [417/445] NACK
[00:22:42] [418/445] PVAK
[00:22:43] [419/445] INER
[00:22:44] [420/445] RDBK
[00:22:44] 🔄 Identity reset
[00:22:44] 🔄 Identity rotated (every 10 requests)
[00:22:45] [421/445] SVFN
[00:22:46] [422/445] IFRM
[00:22:46] [423/445] ATCK
[00:22:47] [424/445] ASKO
[00:22:48] [425/445] STKT
[00:22:49] [426/445] SVFB
[00:22:49] [427/445] INKS
[00:22:50] [428/445] PCRA
[00:22:51] [429/445] ATJA
[00:22:52] [430/445] IMJN
[00:22:52] 🔄 Identity reset
[00:22:52] 🔄 Identity rotated (every 10 requests)
[00:22:52] [431/445] INHD
[00:22:53] [432/445] BARA
[00:22:54] [433/445] MCSL
[00:22:55] [434/445] RTOY
[00:22:55] [435/445] MENO
[00:22:56] [436/445] PUDM
[00:22:57] [437/445] PRCN
[00:22:58] [438/445] JMJR
[00:22:59] [439/445] SSGK
[00:23:00] [440/445] SSRL
[00:23:01] 🔄 Identity reset
[00:23:01] 🔄 Identity rotated (every 10 requests)
[00:23:01] [441/445] JYKL
[00:23:02] [442/445] ACNB
[00:23:03] [443/445] SONP
[00:23:03] [444/445] EMCI
[00:23:04] [445/445] MRJH
[00:23:05] ✅ DONE | Shows=0 | Movies=0
