[00:16:14] 🚀 DISTRICT → BMS9 CONVERTER STARTED
[00:16:14] 📅 Date: 2026-09-25
[00:16:14] 🚫 Worker logic: DISABLED
[00:16:14] 🔑 Venue matching: ID ONLY
[00:16:14] 🚫 alldistrictvenues.json: NOT USED
[00:16:14] 🚫 Venue-name matching: NOT USED
[00:16:14] 📍 Selected venue records: 756
[00:16:14] 🎯 Selected venue IDs: 756
[00:16:14] 📡 Fetching Detailed JSON:
[00:16:14]    https://districtdata2026.pages.dev/boxoffice/2026-09-25_Detailed.json
[00:16:15] ❌ Source file not found (404) – will create empty outputs
[00:16:15] ⚠️ No source data – keeping existing output files unchanged
[00:16:15] 📄 Created empty detailed file: daily/data/20260925/detailed9.json
[00:16:15] 📄 Created empty summary file: daily/data/20260925/movie_summary9.json
[00:16:15] ✅ DONE | Existing data preserved
[01:16:12] 🚀 DISTRICT → BMS9 CONVERTER STARTED
[01:16:12] 📅 Date: 2026-09-25
[01:16:12] 🚫 Worker logic: DISABLED
[01:16:12] 🔑 Venue matching: ID ONLY
[01:16:12] 🚫 alldistrictvenues.json: NOT USED
[01:16:12] 🚫 Venue-name matching: NOT USED
[01:16:12] 📍 Selected venue records: 756
[01:16:12] 🎯 Selected venue IDs: 756
[01:16:12] 📡 Fetching Detailed JSON:
[01:16:12]    https://districtdata2026.pages.dev/boxoffice/2026-09-25_Detailed.json
[01:16:12] ❌ Source file not found (404) – will create empty outputs
[01:16:12] ⚠️ No source data – keeping existing output files unchanged
[01:16:12] 📦 Existing detailed file preserved: daily/data/20260925/detailed9.json
[01:16:12] 📦 Existing summary file preserved: daily/data/20260925/movie_summary9.json
[01:16:12] ✅ DONE | Existing data preserved
[02:16:05] 🚀 DISTRICT → BMS9 CONVERTER STARTED
[02:16:05] 📅 Date: 2026-09-25
[02:16:05] 🚫 Worker logic: DISABLED
[02:16:05] 🔑 Venue matching: ID ONLY
[02:16:05] 🚫 alldistrictvenues.json: NOT USED
[02:16:05] 🚫 Venue-name matching: NOT USED
[02:16:05] 📍 Selected venue records: 756
[02:16:05] 🎯 Selected venue IDs: 756
[02:16:05] 📡 Fetching Detailed JSON:
[02:16:05]    https://districtdata2026.pages.dev/boxoffice/2026-09-25_Detailed.json
[02:16:06] ❌ Source file not found (404) – will create empty outputs
[02:16:06] ⚠️ No source data – keeping existing output files unchanged
[02:16:06] 📦 Existing detailed file preserved: daily/data/20260925/detailed9.json
[02:16:06] 📦 Existing summary file preserved: daily/data/20260925/movie_summary9.json
[02:16:06] ✅ DONE | Existing data preserved
[03:16:14] 🚀 DISTRICT → BMS9 CONVERTER STARTED
[03:16:14] 📅 Date: 2026-09-25
[03:16:14] 🚫 Worker logic: DISABLED
[03:16:14] 🔑 Venue matching: ID ONLY
[03:16:14] 🚫 alldistrictvenues.json: NOT USED
[03:16:14] 🚫 Venue-name matching: NOT USED
[03:16:14] 📍 Selected venue records: 756
[03:16:14] 🎯 Selected venue IDs: 756
[03:16:14] 📡 Fetching Detailed JSON:
[03:16:14]    https://districtdata2026.pages.dev/boxoffice/2026-09-25_Detailed.json
[03:16:14] ❌ Source file not found (404) – will create empty outputs
[03:16:14] ⚠️ No source data – keeping existing output files unchanged
[03:16:14] 📦 Existing detailed file preserved: daily/data/20260925/detailed9.json
[03:16:14] 📦 Existing summary file preserved: daily/data/20260925/movie_summary9.json
[03:16:14] ✅ DONE | Existing data preserved
[04:17:12] 🚀 DISTRICT → BMS9 CONVERTER STARTED
[04:17:12] 📅 Date: 2026-09-25
[04:17:12] 🚫 Worker logic: DISABLED
[04:17:12] 🔑 Venue matching: ID ONLY
[04:17:12] 🚫 alldistrictvenues.json: NOT USED
[04:17:12] 🚫 Venue-name matching: NOT USED
[04:17:12] 📍 Selected venue records: 756
[04:17:12] 🎯 Selected venue IDs: 756
[04:17:12] 📡 Fetching Detailed JSON:
[04:17:12]    https://districtdata2026.pages.dev/boxoffice/2026-09-25_Detailed.json
[04:17:12] ✅ Source loaded
[04:17:12]    Source date: 2026-09-25
[04:17:12]    Last updated: 04:06 AM, 25 September 2026
[04:17:12]    Movie keys: 77
[04:17:12] 🎬 Source movie keys: 77
[04:17:12] 🎟️ Selected-venue show rows: 343
[04:17:12] 🚫 Non-selected show rows ignored: 2850
[04:17:12] ℹ️ Non-selected venue IDs encountered: 850
[04:17:12]    ⏭️ Source venue ID not selected: 1037573
[04:17:12]    ⏭️ Source venue ID not selected: 3507
[04:17:12]    ⏭️ Source venue ID not selected: 1024434
[04:17:12]    ⏭️ Source venue ID not selected: 1008406
[04:17:12]    ⏭️ Source venue ID not selected: 1017287
[04:17:12]    ⏭️ Source venue ID not selected: 1019902
[04:17:12]    ⏭️ Source venue ID not selected: 3198
[04:17:12]    ⏭️ Source venue ID not selected: 1020784
[04:17:12]    ⏭️ Source venue ID not selected: 9717
[04:17:12]    ⏭️ Source venue ID not selected: 1024428
[04:17:12]    ⏭️ Source venue ID not selected: 9245
[04:17:12]    ⏭️ Source venue ID not selected: 1039214
[04:17:12]    ⏭️ Source venue ID not selected: 7434
[04:17:12]    ⏭️ Source venue ID not selected: 9886
[04:17:12]    ⏭️ Source venue ID not selected: 659
[04:17:12]    ⏭️ Source venue ID not selected: 1030432
[04:17:12]    ⏭️ Source venue ID not selected: 1034320
[04:17:12]    ⏭️ Source venue ID not selected: 1018970
[04:17:12]    ⏭️ Source venue ID not selected: 126
[04:17:12]    ⏭️ Source venue ID not selected: 1102245
[04:17:12]    ... and 830 more
[04:17:12] 📦 Previous shows: 0
[04:17:12] 🆕 Fresh shows: 343
[04:17:12] 📦 Final shows: 343
[04:17:12] ✅ DONE | Shows=343 | Movies=41
[04:17:12] 📄 Detailed: daily/data/20260925/detailed9.json
[04:17:12] 📄 Summary: daily/data/20260925/movie_summary9.json
