[00:17:27] 🚀 BMS DAILY TRACKER STARTED (enhanced anti‑detection)
[00:17:27] [1/459] NECA
[00:17:28] 🧠 New identity created
[00:17:28] [2/459] BJLC
[00:17:30] [3/459] BASU
[00:17:31] [4/459] RUPI
[00:17:32] [5/459] LCBK
[00:17:33] [6/459] PMAC
[00:17:34] [7/459] AMLC
[00:17:35] [8/459] LICL
[00:17:36] [9/459] UDMM
[00:17:37] [10/459] STBZ
[00:17:38] 🔄 Identity reset
[00:17:38] 🔄 Identity rotated (every 10 requests)
[00:17:38] [11/459] UUBT
[00:17:40] [12/459] SJKC
[00:17:41] [13/459] TUAL
[00:17:42] [14/459] MRSE
[00:17:43] [15/459] RMRK
[00:17:44] [16/459] TTKP
[00:17:45] [17/459] KTKO
[00:17:46] [18/459] SDBK
[00:17:47] [19/459] MCPR
[00:17:48] [20/459] CHTI
[00:17:48] 🔄 Identity reset
[00:17:48] 🔄 Identity rotated (every 10 requests)
[00:17:49] [21/459] GCCP
[00:17:50] [22/459] SRMY
[00:17:51] [23/459] NYST
[00:17:52] [24/459] NYAG
[00:17:54] [25/459] SBMT
[00:17:55] [26/459] INGA
[00:17:56] [27/459] WSIC
[00:17:57] [28/459] SCSS
[00:17:57] [29/459] COPG
[00:17:58] [30/459] RCGR
[00:17:59] 🔄 Identity reset
[00:17:59] 🔄 Identity rotated (every 10 requests)
[00:17:59] [31/459] TCZA
[00:18:00] [32/459] CNLP
[00:18:01] [33/459] CLKN
[00:18:02] [34/459] LHDF
[00:18:03] [35/459] ELKC
[00:18:04] [36/459] VCEM
[00:18:05] [37/459] SSZA
[00:18:07] [38/459] KRMT
[00:18:08] [39/459] LCMV
[00:18:10] [40/459] AYCZ
[00:18:10] 🔄 Identity reset
[00:18:10] 🔄 Identity rotated (every 10 requests)
[00:18:11] [41/459] CUMS
[00:18:12] [42/459] BOCK
[00:18:14] [43/459] PNMR
[00:18:15] [44/459] PJCP
[00:18:16] [45/459] JDDD
[00:18:16] [46/459] STMS
[00:18:17] [47/459] FLMB
[00:18:18] [48/459] PKCM
[00:18:19] [49/459] SPPR
[00:18:21] [50/459] EYLH
[00:18:22] 🔄 Identity reset
[00:18:22] 🔄 Identity rotated (every 10 requests)
[00:18:22] [51/459] RJCC
[00:18:23] [52/459] MMPS
[00:18:24] [53/459] SHMX
[00:18:25] [54/459] CCNL
[00:18:26] [55/459] RCNV
[00:18:27] [56/459] MAAG
[00:18:28] [57/459] LXCM
[00:18:28] [58/459] RCNI
[00:18:29] [59/459] SNNI
[00:18:30] [60/459] LALC
[00:18:31] 🔄 Identity reset
[00:18:31] 🔄 Identity rotated (every 10 requests)
[00:18:31] [61/459] SOCN
[00:18:32] [62/459] JHTP
[00:18:33] [63/459] PITP
[00:18:34] [64/459] CCKW
[00:18:36] [65/459] MCMC
[00:18:36] [66/459] DEES
[00:18:37] [67/459] SABT
[00:18:38] [68/459] VSPP
[00:18:39] [69/459] ABCT
[00:18:40] [70/459] JVTB
[00:18:41] 🔄 Identity reset
[00:18:41] 🔄 Identity rotated (every 10 requests)
[00:18:42] [71/459] VCBD
[00:18:43] [72/459] RMGG
[00:18:44] [73/459] RNMH
[00:18:46] [74/459] SPGL
[00:18:47] [75/459] JTTR
[00:18:48] [76/459] SICS
[00:18:49] [77/459] SRMI
[00:18:50] [78/459] SSIJ
[00:18:51] [79/459] KFMT
[00:18:51] [80/459] VBIT
[00:18:52] 🔄 Identity reset
[00:18:52] 🔄 Identity rotated (every 10 requests)
[00:18:52] [81/459] JKCT
[00:18:53] [82/459] GCGP
[00:18:54] [83/459] GDCS
[00:18:55] [84/459] TRBA
[00:18:56] [85/459] QUST
[00:18:57] [86/459] VSHM
[00:18:58] [87/459] SDCP
[00:18:58] [88/459] SNVS
[00:18:59] [89/459] NYTO
[00:19:00] [90/459] URWC
[00:19:01] 🔄 Identity reset
[00:19:01] 🔄 Identity rotated (every 10 requests)
[00:19:01] [91/459] GTWH
[00:19:02] [92/459] PFCM
[00:19:03] [93/459] KRTA
[00:19:05] [94/459] AXMC
[00:19:05] [95/459] EVMC
[00:19:06] [96/459] HGSM
[00:19:07] [97/459] ACVM
[00:19:09] [98/459] PSKL
[00:19:10] [99/459] RDMP
[00:19:11] [100/459] RHGH
[00:19:11] 🔄 Identity reset
[00:19:11] 🔄 Identity rotated (every 10 requests)
[00:19:12] [101/459] OMCM
[00:19:13] [102/459] DCCP
[00:19:14] [103/459] MCPB
[00:19:15] [104/459] ALCI
[00:19:16] [105/459] BLMX
[00:19:17] [106/459] BTMV
[00:19:18] [107/459] FVPN
[00:19:19] [108/459] CMAR
[00:19:20] [109/459] CEIM
[00:19:21] [110/459] CMVA
[00:19:22] 🔄 Identity reset
[00:19:22] 🔄 Identity rotated (every 10 requests)
[00:19:23] [111/459] CPIV
[00:19:24] [112/459] CNPE
[00:19:25] [113/459] COLV
[00:19:26] [114/459] DNNV
[00:19:27] [115/459] HCAD
[00:19:28] [116/459] TAKA
[00:19:29] [117/459] INVD
[00:19:30] [118/459] IRMM
[00:19:32] [119/459] INSE
[00:19:33] [120/459] MRSW
[00:19:33] 🔄 Identity reset
[00:19:33] 🔄 Identity rotated (every 10 requests)
[00:19:34] [121/459] MCVD
[00:19:35] [122/459] MCSO
[00:19:36] [123/459] PEVM
[00:19:37] [124/459] PVNL
[00:19:38] [125/459] PTCV
[00:19:39] [126/459] PRTC
[00:19:40] [127/459] RCVA
[00:19:41] [128/459] MTBN
[00:19:42] [129/459] LUCP
[00:19:43] [130/459] FMPT
[00:19:44] 🔄 Identity reset
[00:19:44] 🔄 Identity rotated (every 10 requests)
[00:19:44] [131/459] JLSL
[00:19:45] [132/459] SBHA
[00:19:46] [133/459] SHRC
[00:19:47] [134/459] AVPS
[00:19:48] [135/459] STPM
[00:19:49] [136/459] ATRD
[00:19:50] [137/459] VTED
[00:19:51] [138/459] ACAI
[00:19:52] [139/459] SMAE
[00:19:53] [140/459] VMAT
[00:19:53] 🔄 Identity reset
[00:19:53] 🔄 Identity rotated (every 10 requests)
[00:19:54] [141/459] LKCT
[00:19:55] [142/459] JTVK
[00:19:55] [143/459] PRTY
[00:19:57] [144/459] GETT
[00:19:58] [145/459] ESAP
[00:19:59] [146/459] NCPM
[00:20:01] [147/459] PCPA
[00:20:02] [148/459] MMOM
[00:20:02] [149/459] PHUP
[00:20:03] [150/459] CCPI
[00:20:04] 🔄 Identity reset
[00:20:04] 🔄 Identity rotated (every 10 requests)
[00:20:04] [151/459] CNTD
[00:20:05] [152/459] NLJR
[00:20:06] [153/459] SRNG
[00:20:07] [154/459] MHAL
[00:20:08] [155/459] PNSM
[00:20:09] [156/459] DRMY
[00:20:10] [157/459] CCMU
[00:20:11] [158/459] SCMY
[00:20:12] [159/459] PVSY
[00:20:12] [160/459] SDLM
[00:20:13] 🔄 Identity reset
[00:20:13] 🔄 Identity rotated (every 10 requests)
[00:20:13] [161/459] ICCM
[00:20:14] [162/459] PYSU
[00:20:16] [163/459] GATM
[00:20:17] [164/459] WOTM
[00:20:18] [165/459] RKTS
[00:20:19] [166/459] PMTY
[00:20:21] [167/459] LYMS
[00:20:22] [168/459] TGCA
[00:20:23] [169/459] DSTA
[00:20:25] [170/459] CNGE
[00:20:25] 🔄 Identity reset
[00:20:25] 🔄 Identity rotated (every 10 requests)
[00:20:26] [171/459] VSTG
[00:20:26] [172/459] GTCK
[00:20:27] [173/459] TGNT
[00:20:29] [174/459] ASLC
[00:20:30] [175/459] SSST
[00:20:31] [176/459] KBTT
[00:20:32] [177/459] HKCP
[00:20:34] [178/459] SWLC
[00:20:35] [179/459] RTND
[00:20:35] [180/459] PKKT
[00:20:36] 🔄 Identity reset
[00:20:36] 🔄 Identity rotated (every 10 requests)
[00:20:37] [181/459] HSTK
[00:20:38] [182/459] SPTT
[00:20:39] [183/459] IMPM
[00:20:40] [184/459] SCMV
[00:20:41] [185/459] SPCT
[00:20:42] [186/459] JBCA
[00:20:43] [187/459] ATTR
[00:20:45] [188/459] SPMT
[00:20:46] [189/459] LCTM
[00:20:47] [190/459] SCVL
[00:20:47] 🔄 Identity reset
[00:20:47] 🔄 Identity rotated (every 10 requests)
[00:20:48] [191/459] SCVT
[00:20:49] [192/459] KRIC
[00:20:49] [193/459] CTMG
[00:20:50] [194/459] ACNC
[00:20:52] [195/459] DMCK
[00:20:54] [196/459] KMTV
[00:20:54] [197/459] PFCJ
[00:20:55] [198/459] VNMD
[00:20:56] [199/459] VPCZ
[00:20:57] [200/459] SRYR
[00:20:58] 🔄 Identity reset
[00:20:58] 🔄 Identity rotated (every 10 requests)
[00:20:58] [201/459] SYTR
[00:20:59] [202/459] GATR
[00:21:00] [203/459] URTR
[00:21:01] [204/459] MKSM
[00:21:02] [205/459] VSMH
[00:21:03] [206/459] SKRJ
[00:21:03] [207/459] SSJR
[00:21:04] [208/459] SVSM
[00:21:05] [209/459] RUCM
[00:21:06] [210/459] PRKN
[00:21:07] 🔄 Identity reset
[00:21:07] 🔄 Identity rotated (every 10 requests)
[00:21:07] [211/459] RROH
[00:21:08] [212/459] SCTN
[00:21:09] [213/459] RTDM
[00:21:10] [214/459] ASRM
[00:21:11] [215/459] SKMD
[00:21:12] [216/459] SUTD
[00:21:13] [217/459] SADM
[00:21:14] [218/459] WCNR
[00:21:15] [219/459] CNED
[00:21:16] [220/459] MPDB
[00:21:17] 🔄 Identity reset
[00:21:17] 🔄 Identity rotated (every 10 requests)
[00:21:17] [221/459] KTBH
[00:21:18] [222/459] IDRM
[00:21:20] [223/459] PJJT
[00:21:22] [224/459] PFCV
[00:21:23] [225/459] AACT
[00:21:23] [226/459] AAAD
[00:21:25] [227/459] ANES
[00:21:26] [228/459] MNCA
[00:21:27] [229/459] RMGU
[00:21:28] [230/459] DLCN
[00:21:29] 🔄 Identity reset
[00:21:29] 🔄 Identity rotated (every 10 requests)
[00:21:29] [231/459] LJWT
[00:21:30] [232/459] MCBG
[00:21:31] [233/459] MYBG
[00:21:32] [234/459] GCCA
[00:21:33] [235/459] GCGA
[00:21:34] [236/459] ECGN
[00:21:35] [237/459] PRAB
[00:21:36] [238/459] PNMP
[00:21:37] [239/459] GCPT
[00:21:38] [240/459] ROYN
[00:21:38] 🔄 Identity reset
[00:21:38] 🔄 Identity rotated (every 10 requests)
[00:21:38] [241/459] VATM
[00:21:39] [242/459] KSNT
[00:21:40] [243/459] ACTC
[00:21:41] [244/459] PLTD
[00:21:42] [245/459] SKMK
[00:21:43] [246/459] CMTT
[00:21:44] [247/459] SMXP
[00:21:45] [248/459] SCMX
[00:21:46] [249/459] ACXN
[00:21:47] [250/459] ASWT
[00:21:48] 🔄 Identity reset
[00:21:48] 🔄 Identity rotated (every 10 requests)
[00:21:48] [251/459] VVVL
[00:21:49] [252/459] NAGO
[00:21:51] [253/459] SNCN
[00:21:52] [254/459] MCKP
[00:21:53] [255/459] SAMO
[00:21:55] [256/459] JBTV
[00:21:56] [257/459] DCVV
[00:21:57] [258/459] KMSV
[00:21:58] [259/459] KDCN
[00:21:59] [260/459] CNCP
[00:22:00] 🔄 Identity reset
[00:22:00] 🔄 Identity rotated (every 10 requests)
[00:22:00] [261/459] HAMC
[00:22:02] [262/459] CCVZ
[00:22:02] [263/459] NCCK
[00:22:03] [264/459] MCHR
[00:22:04] [265/459] SCHT
[00:22:05] [266/459] ESSH
[00:22:06] [267/459] CUJC
[00:22:07] [268/459] PECP
[00:22:08] [269/459] PMMI
[00:22:09] [270/459] PCCH
[00:22:09] 🔄 Identity reset
[00:22:09] 🔄 Identity rotated (every 10 requests)
[00:22:10] [271/459] PRPM
[00:22:11] [272/459] PVKL
[00:22:12] [273/459] CBSM
[00:22:13] [274/459] PVCZ
[00:22:14] [275/459] PCVV
[00:22:15] [276/459] CTMJ
[00:22:16] [277/459] RCPS
[00:22:18] [278/459] PCIT
[00:22:18] [279/459] FNCH
[00:22:19] [280/459] INZD
[00:22:20] 🔄 Identity reset
[00:22:20] 🔄 Identity rotated (every 10 requests)
[00:22:21] [281/459] INPC
[00:22:22] [282/459] LCZP
[00:22:24] [283/459] SMCB
[00:22:24] [284/459] PTSB
[00:22:25] [285/459] TPSI
[00:22:26] [286/459] KHMJ
[00:22:27] [287/459] RCCJ
[00:22:28] [288/459] NCJA
[00:22:29] [289/459] NCJN
[00:22:31] [290/459] BTDP
[00:22:32] 🔄 Identity reset
[00:22:32] 🔄 Identity rotated (every 10 requests)
[00:22:32] [291/459] PADY
[00:22:33] [292/459] NYBH
[00:22:34] [293/459] MTBR
[00:22:36] [294/459] KRBC
[00:22:37] [295/459] DKTI
[00:22:38] [296/459] ANAN
[00:22:39] [297/459] INBP
[00:22:40] [298/459] PATB
[00:22:41] [299/459] RGNT
[00:22:42] [300/459] CGPM
[00:22:42] 🔄 Identity reset
[00:22:42] 🔄 Identity rotated (every 10 requests)
[00:22:43] [301/459] INTN
[00:22:44] [302/459] MCMP
[00:22:45] [303/459] ASRG
[00:22:46] [304/459] CXJD
[00:22:47] [305/459] SPCP
[00:22:48] [306/459] CSTP
[00:22:48] [307/459] PKVC
[00:22:49] [308/459] ESCP
[00:22:50] [309/459] CAEP
[00:22:51] [310/459] CCSP
[00:22:52] 🔄 Identity reset
[00:22:52] 🔄 Identity rotated (every 10 requests)
[00:22:53] [311/459] KTPC
[00:22:54] [312/459] DACA
[00:22:55] [313/459] NVKY
[00:22:56] [314/459] PTIN
[00:22:57] [315/459] SCIN
[00:22:58] [316/459] MCTY
[00:22:59] [317/459] PCMX
[00:23:00] [318/459] INIC
[00:23:01] [319/459] MMZM
[00:23:02] [320/459] SSLP
[00:23:03] 🔄 Identity reset
[00:23:03] 🔄 Identity rotated (every 10 requests)
[00:23:03] [321/459] DTDT
[00:23:04] [322/459] FFCX
[00:23:05] [323/459] RCMM
[00:23:06] [324/459] KYID
[00:23:07] [325/459] CSCI
[00:23:09] [326/459] FCMC
[00:23:10] [327/459] MMXI
[00:23:11] [328/459] ASTC
[00:23:12] [329/459] CMRA
[00:23:13] [330/459] DICI
[00:23:13] 🔄 Identity reset
[00:23:13] 🔄 Identity rotated (every 10 requests)
[00:23:14] [331/459] KDIN
[00:23:15] [332/459] PRFI
[00:23:15] [333/459] SVFC
[00:23:16] [334/459] UCPL
[00:23:17] [335/459] COOC
[00:23:18] [336/459] SCAL
[00:23:20] [337/459] SVFF
[00:23:21] [338/459] VCMG
[00:23:22] [339/459] UUCT
[00:23:23] [340/459] GCSE
[00:23:23] 🔄 Identity reset
[00:23:23] 🔄 Identity rotated (every 10 requests)
[00:23:24] [341/459] SUSC
[00:23:25] [342/459] MISC
[00:23:25] [343/459] RMBL
[00:23:26] [344/459] CMXN
[00:23:27] [345/459] PVBK
[00:23:28] [346/459] HHCG
[00:23:30] [347/459] SCAG
[00:23:31] [348/459] CNPR
[00:23:31] [349/459] CSER
[00:23:32] [350/459] HLWD
[00:23:33] 🔄 Identity reset
[00:23:33] 🔄 Identity rotated (every 10 requests)
[00:23:33] [351/459] BOLY
[00:23:34] [352/459] SSPG
[00:23:35] [353/459] MUPX
[00:23:37] [354/459] HAMR
[00:23:38] [355/459] SDNC
[00:23:38] [356/459] RTEN
[00:23:39] [357/459] SDTD
[00:23:40] [358/459] KAWS
[00:23:41] [359/459] CMZX
[00:23:42] [360/459] DCDD
[00:23:42] 🔄 Identity reset
[00:23:43] 🔄 Identity rotated (every 10 requests)
[00:23:43] [361/459] ALSN
[00:23:44] [362/459] IMXS
[00:23:45] [363/459] PVFF
[00:23:46] [364/459] PVOO
[00:23:46] [365/459] CFBS
[00:23:47] [366/459] PVER
[00:23:49] [367/459] PPNX
[00:23:49] [368/459] CNRM
[00:23:50] [369/459] PVWW
[00:23:51] [370/459] INMB
[00:23:52] 🔄 Identity reset
[00:23:52] 🔄 Identity rotated (every 10 requests)
[00:23:52] [371/459] CPJR
[00:23:54] [372/459] INRZ
[00:23:55] [373/459] PMSR
[00:23:55] [374/459] GPGM
[00:23:57] [375/459] PGWB
[00:23:58] [376/459] PMBR
[00:23:59] [377/459] GPAM
[00:24:01] [378/459] INBC
[00:24:01] [379/459] PZVK
[00:24:03] [380/459] CPEB
[00:24:04] 🔄 Identity reset
[00:24:04] 🔄 Identity rotated (every 10 requests)
[00:24:05] [381/459] FMLB
[00:24:05] [382/459] INBG
[00:24:06] [383/459] GPBR
[00:24:07] [384/459] PAAS
[00:24:08] [385/459] VTBR
[00:24:09] [386/459] GPMY
[00:24:10] [387/459] GYBU
[00:24:11] [388/459] INBJ
[00:24:13] [389/459] LKTH
[00:24:14] [390/459] NSBR
[00:24:14] 🔄 Identity reset
[00:24:14] 🔄 Identity rotated (every 10 requests)
[00:24:14] [391/459] PDRD
[00:24:16] [392/459] VRBL
[00:24:16] [393/459] VTGB
[00:24:17] [394/459] VTSK
[00:24:18] [395/459] BKDV
[00:24:19] [396/459] SVTB
[00:24:20] [397/459] MLDT
[00:24:21] [398/459] NRBL
[00:24:22] [399/459] SLTR
[00:24:22] [400/459] VNKA
[00:24:23] 🔄 Identity reset
[00:24:23] 🔄 Identity rotated (every 10 requests)
[00:24:23] [401/459] TDCA
[00:24:24] [402/459] INBM
[00:24:25] [403/459] SSNR
[00:24:26] [404/459] BHAC
[00:24:27] [405/459] SDSD
[00:24:28] [406/459] SAMP
[00:24:29] [407/459] RATK
[00:24:30] [408/459] KCBI
[00:24:31] [409/459] URBL
[00:24:32] [410/459] MKBG
[00:24:32] 🔄 Identity reset
[00:24:32] 🔄 Identity rotated (every 10 requests)
[00:24:33] [411/459] ASTB
[00:24:34] [412/459] VBWT
[00:24:36] [413/459] GPSM
[00:24:37] [414/459] ROON
[00:24:38] [415/459] CHTH
[00:24:39] [416/459] SSPA
[00:24:41] [417/459] ANBL
[00:24:42] [418/459] VTBE
[00:24:42] [419/459] SVKT
[00:24:43] [420/459] SVYK
[00:24:44] 🔄 Identity reset
[00:24:44] 🔄 Identity rotated (every 10 requests)
[00:24:44] [421/459] PTBK
[00:24:46] [422/459] RKTB
[00:24:47] [423/459] BALT
[00:24:48] [424/459] STSV
[00:24:49] [425/459] VCCB
[00:24:50] [426/459] SLTB
[00:24:50] [427/459] SBCR
[00:24:51] [428/459] VDCS
[00:24:52] [429/459] MDKI
[00:24:53] [430/459] SMRN
[00:24:53] 🔄 Identity reset
[00:24:53] 🔄 Identity rotated (every 10 requests)
[00:24:54] [431/459] PTBC
[00:24:55] [432/459] RADI
[00:24:56] [433/459] ADCR
[00:24:57] [434/459] SDCS
[00:24:58] [435/459] SRPJ
[00:24:58] [436/459] ARTS
[00:25:00] [437/459] SRHK
[00:25:02] [438/459] SPAY
[00:25:03] [439/459] GPTB
[00:25:04] [440/459] SNNN
[00:25:04] 🔄 Identity reset
[00:25:04] 🔄 Identity rotated (every 10 requests)
[00:25:05] [441/459] BALJ
[00:25:06] [442/459] TRIG
[00:25:07] [443/459] GTYT
[00:25:08] [444/459] ATGN
[00:25:08] [445/459] ANTE
[00:25:09] [446/459] BDCG
[00:25:10] [447/459] VECI
[00:25:11] [448/459] SCPR
[00:25:12] [449/459] RTEA
[00:25:13] [450/459] JSAI
[00:25:14] 🔄 Identity reset
[00:25:14] 🔄 Identity rotated (every 10 requests)
[00:25:15] [451/459] VJTP
[00:25:15] [452/459] GNDS
[00:25:16] [453/459] PAXA
[00:25:17] [454/459] CGGM
[00:25:18] [455/459] ACKZ
[00:25:19] [456/459] EMCC
[00:25:20] [457/459] KLSK
[00:25:21] [458/459] AVCK
[00:25:22] [459/459] JTCK
[00:25:23] ✅ DONE | Shows=0 | Movies=0
