[09:53:07] 🚀 SCRIPT STARTED (enhanced anti‑detection)
[09:53:07] [1/445] TGMR
[09:53:07] 🧠 New identity created
[09:53:08] [2/445] CXKR
[09:53:09] [3/445] SROP
[09:53:10] [4/445] GTSV
[09:53:12] [5/445] SNTY
[09:53:13] [6/445] SMYY
[09:53:15] [7/445] CNCS
[09:53:16] [8/445] CSTM
[09:53:18] [9/445] NUCD
[09:53:19] [10/445] SHCZ
[09:53:20] 🔄 Identity reset
[09:53:20] 🔄 Identity rotated (every 10 requests)
[09:53:20] [11/445] NJCT
[09:53:22] [12/445] COPC
[09:53:24] [13/445] STVV
[09:53:25] [14/445] SKRN
[09:53:26] [15/445] APPZ
[09:53:26] [16/445] YMGN
[09:53:27] [17/445] SVTU
[09:53:28] [18/445] GTAD
[09:53:30] [19/445] PSUS
[09:53:31] [20/445] SMCD
[09:53:31] 🔄 Identity reset
[09:53:32] 🔄 Identity rotated (every 10 requests)
[09:53:33] [21/445] CMCM
[09:53:34] [22/445] SYCT
[09:53:35] [23/445] STLY
[09:53:37] [24/445] CMHU
[09:53:38] [25/445] CMSA
[09:53:39] [26/445] CLCU
[09:53:41] [27/445] PPNT
[09:53:42] [28/445] JTAB
[09:53:43] [29/445] BUUC
[09:53:44] [30/445] BSVK
[09:53:45] 🔄 Identity reset
[09:53:45] 🔄 Identity rotated (every 10 requests)
[09:53:45] [31/445] VVVQ
[09:53:46] [32/445] TKMU
[09:53:47] [33/445] ESYL
[09:53:48] [34/445] ACHP
[09:53:49] [35/445] BTKD
[09:53:50] [36/445] DESA
[09:53:51] [37/445] GBCT
[09:53:52] [38/445] BLLD
[09:53:53] [39/445] SKNT
[09:53:54] [40/445] SSTE
[09:53:55] 🔄 Identity reset
[09:53:55] 🔄 Identity rotated (every 10 requests)
[09:53:55] [41/445] VJMR
[09:53:56] [42/445] NTPU
[09:53:57] [43/445] RDKN
[09:53:58] [44/445] ADGC
[09:53:59] [45/445] VRBP
[09:54:00] [46/445] NMNA
[09:54:01] [47/445] CMMX
[09:54:02] [48/445] PTKO
[09:54:03] [49/445] RBML
[09:54:04] [50/445] SAIC
[09:54:05] 🔄 Identity reset
[09:54:05] 🔄 Identity rotated (every 10 requests)
[09:54:05] [51/445] SVTJ
[09:54:06] [52/445] MRTE
[09:54:07] [53/445] RBTP
[09:54:08] [54/445] NLPS
[09:54:09] [55/445] GTNA
[09:54:10] [56/445] DGGC
[09:54:11] [57/445] SMCR
[09:54:11] [58/445] SCGD
[09:54:12] [59/445] SRRJ
[09:54:14] [60/445] CNRY
[09:54:15] 🔄 Identity reset
[09:54:15] 🔄 Identity rotated (every 10 requests)
[09:54:16] [61/445] KTDI
[09:54:16] [62/445] SNJL
[09:54:17] [63/445] RKMD
[09:54:18] [64/445] SMDC
[09:54:19] [65/445] TADG
[09:54:20] [66/445] MCGS
[09:54:21] [67/445] PETK
[09:54:22] [68/445] CHAG
[09:54:23] [69/445] KSTL
[09:54:24] [70/445] AADS
[09:54:24] 🔄 Identity reset
[09:54:24] 🔄 Identity rotated (every 10 requests)
[09:54:25] [71/445] NTHZ
[09:54:26] [72/445] HCKI
[09:54:27] [73/445] SSEF
[09:54:28] [74/445] MCGX
[09:54:29] [75/445] ERRA
[09:54:29] [76/445] SDTW
[09:54:30] [77/445] RMPK
[09:54:31] [78/445] PTHK
[09:54:32] [79/445] PXCS
[09:54:33] [80/445] SVLU
[09:54:33] 🔄 Identity reset
[09:54:33] 🔄 Identity rotated (every 10 requests)
[09:54:34] [81/445] STAH
[09:54:35] [82/445] JRGF
[09:54:36] [83/445] CDOK
[09:54:37] [84/445] CMSG
[09:54:37] [85/445] APTD
[09:54:38] [86/445] KMPG
[09:54:39] [87/445] MUTJ
[09:54:40] [88/445] VCCI
[09:54:41] [89/445] URBE
[09:54:42] [90/445] TCTS
[09:54:42] 🔄 Identity reset
[09:54:42] 🔄 Identity rotated (every 10 requests)
[09:54:43] [91/445] STSN
[09:54:44] [92/445] AKCH
[09:54:45] [93/445] APSC
[09:54:46] [94/445] VLTB
[09:54:47] [95/445] SANU
[09:54:48] [96/445] AXAM
[09:54:49] [97/445] MGMG
[09:54:51] [98/445] HTBY
[09:54:53] [99/445] MMZS
[09:54:53] [100/445] SUDR
[09:54:54] 🔄 Identity reset
[09:54:54] 🔄 Identity rotated (every 10 requests)
[09:54:54] [101/445] CCAD
[09:54:55] [102/445] SKKC
[09:54:56] [103/445] RMCD
[09:54:57] [104/445] SBCQ
[09:54:58] [105/445] DCCT
[09:55:00] [106/445] VTKP
[09:55:01] [107/445] MLAM
[09:55:02] [108/445] SAVT
[09:55:02] [109/445] GEPL
[09:55:03] [110/445] AMCD
[09:55:04] 🔄 Identity reset
[09:55:04] 🔄 Identity rotated (every 10 requests)
[09:55:04] [111/445] CCXR
[09:55:06] [112/445] GRNG
[09:55:07] [113/445] EBCA
[09:55:08] [114/445] CNVG
[09:55:09] [115/445] MWSS
[09:55:10] [116/445] VBOR
[09:55:11] [117/445] NEEB
[09:55:12] [118/445] SUTH
[09:55:12] [119/445] ANDB
[09:55:13] [120/445] MMXS
[09:55:14] 🔄 Identity reset
[09:55:14] 🔄 Identity rotated (every 10 requests)
[09:55:14] [121/445] CNPD
[09:55:15] [122/445] SDCE
[09:55:16] [123/445] DHCB
[09:55:17] [124/445] ODEN
[09:55:18] [125/445] TNTC
[09:55:20] [126/445] VBKM
[09:55:21] [127/445] RZYM
[09:55:22] [128/445] JEMC
[09:55:23] [129/445] CMAU
[09:55:24] [130/445] SIVP
[09:55:24] 🔄 Identity reset
[09:55:24] 🔄 Identity rotated (every 10 requests)
[09:55:25] [131/445] ATAG
[09:55:26] [132/445] CHTM
[09:55:27] [133/445] AAEE
[09:55:28] [134/445] IWPM
[09:55:29] [135/445] KCMW
[09:55:30] [136/445] MCTD
[09:55:31] [137/445] SPWR
[09:55:32] [138/445] SDPO
[09:55:33] [139/445] PCSK
[09:55:34] [140/445] ACHV
[09:55:35] 🔄 Identity reset
[09:55:35] 🔄 Identity rotated (every 10 requests)
[09:55:35] [141/445] SVLA
[09:55:36] [142/445] PICT
[09:55:37] [143/445] BXDR
[09:55:38] [144/445] SPWA
[09:55:39] [145/445] MCKO
[09:55:40] [146/445] RTHK
[09:55:41] [147/445] CCMF
[09:55:42] [148/445] MRGB
[09:55:43] [149/445] CPLC
[09:55:44] [150/445] RACD
[09:55:45] 🔄 Identity reset
[09:55:45] 🔄 Identity rotated (every 10 requests)
[09:55:45] [151/445] ATKT
[09:55:46] [152/445] SARN
[09:55:47] [153/445] KKUI
[09:55:48] [154/445] RGCM
[09:55:49] [155/445] BRVP
[09:55:49] [156/445] HRSR
[09:55:51] [157/445] GKGM
[09:55:51] [158/445] TTCD
[09:55:52] [159/445] PTTI
[09:55:53] [160/445] MPTT
[09:55:54] 🔄 Identity reset
[09:55:54] 🔄 Identity rotated (every 10 requests)
[09:55:54] [161/445] CVTT
[09:55:55] [162/445] PCXD
[09:55:56] [163/445] GCDC
[09:55:57] [164/445] CCCF
[09:55:58] [165/445] MRAD
[09:55:59] [166/445] CPLK
[09:56:00] [167/445] SATB
[09:56:01] [168/445] SNVG
[09:56:02] [169/445] JMBA
[09:56:03] [170/445] TEJA
[09:56:04] 🔄 Identity reset
[09:56:04] 🔄 Identity rotated (every 10 requests)
[09:56:04] [171/445] STYO
[09:56:05] [172/445] JTBP
[09:56:06] [173/445] KRGD
[09:56:07] [174/445] SLJJ
[09:56:08] [175/445] SPTJ
[09:56:09] [176/445] SWJG
[09:56:10] [177/445] LKRT
[09:56:11] [178/445] KCKA
[09:56:12] [179/445] SNCR
[09:56:13] [180/445] SMKL
[09:56:14] 🔄 Identity reset
[09:56:14] 🔄 Identity rotated (every 10 requests)
[09:56:14] [181/445] GCFA
[09:56:15] [182/445] DDCK
[09:56:16] [183/445] NCHJ
[09:56:17] [184/445] RDMA
[09:56:18] [185/445] SVSV
[09:56:19] [186/445] SCJG
[09:56:20] [187/445] VKLP
[09:56:21] [188/445] NWCC
[09:56:22] [189/445] VKNS
[09:56:22] [190/445] SDDP
[09:56:23] 🔄 Identity reset
[09:56:23] 🔄 Identity rotated (every 10 requests)
[09:56:24] [191/445] ACSI
[09:56:25] [192/445] SATG
[09:56:25] [193/445] SCMW
[09:56:26] [194/445] LKTK
[09:56:27] [195/445] VCKV
[09:56:28] [196/445] KKPE
[09:56:30] [197/445] KIGH
[09:56:31] [198/445] SRPM
[09:56:31] [199/445] SCAH
[09:56:33] [200/445] MUTA
[09:56:33] 🔄 Identity reset
[09:56:33] 🔄 Identity rotated (every 10 requests)
[09:56:33] [201/445] SEPU
[09:56:34] [202/445] INOA
[09:56:35] [203/445] BASK
[09:56:36] [204/445] NECB
[09:56:37] [205/445] GTTG
[09:56:38] [206/445] ASSA
[09:56:39] [207/445] ANCL
[09:56:40] [208/445] GCTI
[09:56:40] [209/445] RCTS
[09:56:41] [210/445] ACNL
[09:56:42] 🔄 Identity reset
[09:56:42] 🔄 Identity rotated (every 10 requests)
[09:56:42] [211/445] MYCT
[09:56:44] [212/445] NMHT
[09:56:45] [213/445] MDIT
[09:56:46] [214/445] LATG
[09:56:47] [215/445] SMTY
[09:56:48] [216/445] CVCT
[09:56:48] [217/445] RAMB
[09:56:49] [218/445] TGMS
[09:56:50] [219/445] BHEL
[09:56:52] [220/445] SHCT
[09:56:53] 🔄 Identity reset
[09:56:53] 🔄 Identity rotated (every 10 requests)
[09:56:53] [221/445] SVCT
[09:56:54] [222/445] MRIY
[09:56:56] [223/445] SARO
[09:56:57] [224/445] STCT
[09:56:58] [225/445] JKKC
[09:56:58] [226/445] PLTT
[09:56:59] [227/445] SRNT
[09:57:00] [228/445] YAST
[09:57:01] [229/445] PERL
[09:57:02] [230/445] CICM
[09:57:02] 🔄 Identity reset
[09:57:02] 🔄 Identity rotated (every 10 requests)
[09:57:03] [231/445] MMTR
[09:57:04] [232/445] ABTK
[09:57:05] [233/445] ATYY
[09:57:06] [234/445] ASTK
[09:57:06] [235/445] VVCK
[09:57:07] [236/445] ATKY
[09:57:08] [237/445] GWEK
[09:57:09] [238/445] SVFH
[09:57:10] [239/445] SLTA
[09:57:11] [240/445] AASH
[09:57:12] 🔄 Identity reset
[09:57:12] 🔄 Identity rotated (every 10 requests)
[09:57:12] [241/445] ACXB
[09:57:13] [242/445] SMTX
[09:57:15] [243/445] AZDH
[09:57:16] [244/445] CMMH
[09:57:17] [245/445] SCSZ
[09:57:18] [246/445] SCKP
[09:57:18] [247/445] NXTM
[09:57:19] [248/445] NWCS
[09:57:20] [249/445] CXMH
[09:57:22] [250/445] PCMA
[09:57:22] 🔄 Identity reset
[09:57:22] 🔄 Identity rotated (every 10 requests)
[09:57:23] [251/445] SGCM
[09:57:24] [252/445] SDTU
[09:57:25] [253/445] MMVI
[09:57:26] [254/445] JKCM
[09:57:27] [255/445] VCMM
[09:57:28] [256/445] SYEE
[09:57:28] [257/445] VASD
[09:57:29] [258/445] BDRB
[09:57:30] [259/445] LASM
[09:57:31] [260/445] DCRL
[09:57:32] 🔄 Identity reset
[09:57:32] 🔄 Identity rotated (every 10 requests)
[09:57:32] [261/445] DVPM
[09:57:33] [262/445] SBMJ
[09:57:34] [263/445] CBMU
[09:57:35] [264/445] IUBS
[09:57:36] [265/445] INAP
[09:57:37] [266/445] SRRC
[09:57:38] [267/445] SAGR
[09:57:38] [268/445] CPMJ
[09:57:39] [269/445] ATJL
[09:57:40] [270/445] NNTD
[09:57:41] 🔄 Identity reset
[09:57:41] 🔄 Identity rotated (every 10 requests)
[09:57:41] [271/445] JHCJ
[09:57:42] [272/445] CMMP
[09:57:43] [273/445] RSDR
[09:57:44] [274/445] AMTI
[09:57:45] [275/445] NYSG
[09:57:46] [276/445] AVSG
[09:57:47] [277/445] SYTP
[09:57:48] [278/445] LARC
[09:57:49] [279/445] RJTP
[09:57:50] [280/445] LAKC
[09:57:51] 🔄 Identity reset
[09:57:51] 🔄 Identity rotated (every 10 requests)
[09:57:51] [281/445] MCXE
[09:57:53] [282/445] CCZC
[09:57:54] [283/445] AVCH
[09:57:55] [284/445] CMBE
[09:57:56] [285/445] MRRC
[09:57:57] [286/445] PCPY
[09:57:58] [287/445] SRMH
[09:57:59] [288/445] SVGS
[09:57:59] [289/445] PCSE
[09:58:00] [290/445] SVFT
[09:58:01] 🔄 Identity reset
[09:58:01] 🔄 Identity rotated (every 10 requests)
[09:58:01] [291/445] TNZP
[09:58:02] [292/445] ICTP
[09:58:03] [293/445] ACTZ
[09:58:05] [294/445] GTUR
[09:58:06] [295/445] MAFC
[09:58:07] [296/445] MINL
[09:58:08] [297/445] MRCL
[09:58:08] [298/445] RCRP
[09:58:10] [299/445] RFFG
[09:58:11] [300/445] RMAS
[09:58:12] 🔄 Identity reset
[09:58:12] 🔄 Identity rotated (every 10 requests)
[09:58:12] [301/445] INVR
[09:58:13] [302/445] RMAR
[09:58:14] [303/445] CNIS
[09:58:15] [304/445] RHRJ
[09:58:16] [305/445] INXR
[09:58:17] [306/445] VALT
[09:58:18] [307/445] LCSH
[09:58:19] [308/445] CMVS
[09:58:19] [309/445] CNMS
[09:58:20] [310/445] ROOG
[09:58:21] 🔄 Identity reset
[09:58:21] 🔄 Identity rotated (every 10 requests)
[09:58:21] [311/445] ISRM
[09:58:22] [312/445] RCRM
[09:58:23] [313/445] ACJA
[09:58:24] [314/445] RCVS
[09:58:25] [315/445] CPUS
[09:58:26] [316/445] TGCS
[09:58:27] [317/445] RKCJ
[09:58:28] [318/445] MKSB
[09:58:29] [319/445] TCSJ
[09:58:30] [320/445] RMGP
[09:58:31] 🔄 Identity reset
[09:58:31] 🔄 Identity rotated (every 10 requests)
[09:58:31] [321/445] CLLP
[09:58:32] [322/445] RCMV
[09:58:33] [323/445] CCKS
[09:58:34] [324/445] RSRP
[09:58:35] [325/445] APLP
[09:58:35] [326/445] CNVS
[09:58:36] [327/445] RMVY
[09:58:37] [328/445] PGBD
[09:58:38] [329/445] KLMS
[09:58:39] [330/445] RUST
[09:58:40] 🔄 Identity reset
[09:58:40] 🔄 Identity rotated (every 10 requests)
[09:58:40] [331/445] MASM
[09:58:41] [332/445] BACS
[09:58:42] [333/445] BWST
[09:58:43] [334/445] RRFH
[09:58:45] [335/445] SJTM
[09:58:46] [336/445] BEMR
[09:58:47] [337/445] MCGR
[09:58:48] [338/445] SDSK
[09:58:49] [339/445] VBOL
[09:58:50] [340/445] RMGM
[09:58:51] 🔄 Identity reset
[09:58:51] 🔄 Identity rotated (every 10 requests)
[09:58:51] [341/445] NOPL
[09:58:52] [342/445] MKJK
[09:58:52] [343/445] CVRN
[09:58:53] [344/445] MMEN
[09:58:54] [345/445] AMNG
[09:58:55] [346/445] INTM
[09:58:56] [347/445] SLCZ
[09:58:57] [348/445] AMJN
[09:58:57] [349/445] ACJN
[09:58:58] [350/445] AMKN
[09:58:59] 🔄 Identity reset
[09:58:59] 🔄 Identity rotated (every 10 requests)
[09:58:59] [351/445] BTCN
[09:59:00] [352/445] AMBT
[09:59:01] [353/445] PACN
[09:59:02] [354/445] LCNS
[09:59:03] [355/445] PPKC
[09:59:04] [356/445] JYYN
[09:59:05] [357/445] JTNR
[09:59:07] [358/445] GTEE
[09:59:07] [359/445] SRNM
[09:59:08] [360/445] SDTC
[09:59:09] 🔄 Identity reset
[09:59:09] 🔄 Identity rotated (every 10 requests)
[09:59:10] [361/445] VPCA
[09:59:11] [362/445] VLRA
[09:59:12] [363/445] SHKR
[09:59:13] [364/445] SBKD
[09:59:15] [365/445] SAAD
[09:59:16] [366/445] JTGN
[09:59:17] [367/445] SLAM
[09:59:18] [368/445] VTPM
[09:59:19] [369/445] ANPT
[09:59:20] [370/445] PUNB
[09:59:21] 🔄 Identity reset
[09:59:21] 🔄 Identity rotated (every 10 requests)
[09:59:21] [371/445] CPKT
[09:59:23] [372/445] CNWE
[09:59:24] [373/445] ECPP
[09:59:25] [374/445] CPAR
[09:59:26] [375/445] ESBW
[09:59:27] [376/445] PKPU
[09:59:27] [377/445] CPRP
[09:59:28] [378/445] RAHU
[09:59:30] [379/445] RHMN
[09:59:31] [380/445] FMJP
[09:59:31] 🔄 Identity reset
[09:59:31] 🔄 Identity rotated (every 10 requests)
[09:59:32] [381/445] CTMP
[09:59:33] [382/445] INPN
[09:59:34] [383/445] STTG
[09:59:35] [384/445] CTRD
[09:59:36] [385/445] PUVB
[09:59:36] [386/445] ESVP
[09:59:37] [387/445] CPFT
[09:59:38] [388/445] LCPC
[09:59:39] [389/445] VBCT
[09:59:41] [390/445] FSCW
[09:59:42] 🔄 Identity reset
[09:59:42] 🔄 Identity rotated (every 10 requests)
[09:59:43] [391/445] VCMP
[09:59:45] [392/445] ASHC
[09:59:45] [393/445] VLCX
[09:59:46] [394/445] SHEV
[09:59:47] [395/445] APCO
[09:59:48] [396/445] SILC
[09:59:50] [397/445] SNMR
[09:59:51] [398/445] KYBO
[09:59:51] [399/445] SATK
[09:59:52] [400/445] SSCS
[09:59:53] 🔄 Identity reset
[09:59:53] 🔄 Identity rotated (every 10 requests)
[09:59:53] [401/445] CLSB
[09:59:54] [402/445] KMJR
[09:59:55] [403/445] FSCK
[09:59:57] [404/445] NNKA
[09:59:57] [405/445] CLMK
[09:59:58] [406/445] DMPZ
[09:59:59] [407/445] INQM
[10:00:01] [408/445] CAML
[10:00:02] [409/445] INRK
[10:00:04] [410/445] IMKN
[10:00:04] 🔄 Identity reset
[10:00:04] 🔄 Identity rotated (every 10 requests)
[10:00:05] [411/445] SVNR
[10:00:06] [412/445] INSL
[10:00:07] [413/445] MSMA
[10:00:08] [414/445] MCKK
[10:00:08] [415/445] FCHP
[10:00:10] [416/445] SFCR
[10:00:11] [417/445] NACK
[10:00:12] [418/445] PVAK
[10:00:13] [419/445] INER
[10:00:15] [420/445] RDBK
[10:00:15] 🔄 Identity reset
[10:00:15] 🔄 Identity rotated (every 10 requests)
[10:00:17] [421/445] SVFN
[10:00:18] [422/445] IFRM
[10:00:19] [423/445] ATCK
[10:00:20] [424/445] ASKO
[10:00:21] [425/445] STKT
[10:00:21] [426/445] SVFB
[10:00:23] [427/445] INKS
[10:00:24] [428/445] PCRA
[10:00:25] [429/445] ATJA
[10:00:26] [430/445] IMJN
[10:00:27] 🔄 Identity reset
[10:00:27] 🔄 Identity rotated (every 10 requests)
[10:00:27] [431/445] INHD
[10:00:28] [432/445] BARA
[10:00:29] [433/445] MCSL
[10:00:30] [434/445] RTOY
[10:00:31] [435/445] MENO
[10:00:32] [436/445] PUDM
[10:00:33] [437/445] PRCN
[10:00:34] [438/445] JMJR
[10:00:35] [439/445] SSGK
[10:00:35] [440/445] SSRL
[10:00:36] 🔄 Identity reset
[10:00:36] 🔄 Identity rotated (every 10 requests)
[10:00:37] [441/445] JYKL
[10:00:38] [442/445] ACNB
[10:00:39] [443/445] SONP
[10:00:40] [444/445] EMCI
[10:00:41] [445/445] MRJH
[10:00:42] 🧹 Deduping shows
[10:00:42] ✅ DONE | Shows=262 | Movies=24
[17:02:38] 🚀 SCRIPT STARTED (enhanced anti‑detection)
[17:02:38] [1/445] TGMR
[17:02:39] 🧠 New identity created
[17:02:40] [2/445] CXKR
[17:02:40] [3/445] SROP
[17:02:42] [4/445] GTSV
[17:02:43] [5/445] SNTY
[17:02:43] [6/445] SMYY
[17:02:45] [7/445] CNCS
[17:02:46] [8/445] CSTM
[17:02:47] [9/445] NUCD
[17:02:48] [10/445] SHCZ
[17:02:49] 🔄 Identity reset
[17:02:49] 🔄 Identity rotated (every 10 requests)
[17:02:50] [11/445] NJCT
[17:02:50] [12/445] COPC
[17:02:51] [13/445] STVV
[17:02:52] [14/445] SKRN
[17:02:53] [15/445] APPZ
[17:02:54] [16/445] YMGN
[17:02:55] [17/445] SVTU
[17:02:56] [18/445] GTAD
[17:02:57] [19/445] PSUS
[17:02:58] [20/445] SMCD
[17:02:58] 🔄 Identity reset
[17:02:58] 🔄 Identity rotated (every 10 requests)
[17:02:59] [21/445] CMCM
[17:03:00] [22/445] SYCT
[17:03:01] [23/445] STLY
[17:03:02] [24/445] CMHU
[17:03:03] [25/445] CMSA
[17:03:04] [26/445] CLCU
[17:03:05] [27/445] PPNT
[17:03:06] [28/445] JTAB
[17:03:07] [29/445] BUUC
[17:03:08] [30/445] BSVK
[17:03:09] 🔄 Identity reset
[17:03:09] 🔄 Identity rotated (every 10 requests)
[17:03:09] [31/445] VVVQ
[17:03:10] [32/445] TKMU
[17:03:11] [33/445] ESYL
[17:03:12] [34/445] ACHP
[17:03:13] [35/445] BTKD
[17:03:14] [36/445] DESA
[17:03:14] [37/445] GBCT
[17:03:15] [38/445] BLLD
[17:03:16] [39/445] SKNT
[17:03:17] [40/445] SSTE
[17:03:18] 🔄 Identity reset
[17:03:18] 🔄 Identity rotated (every 10 requests)
[17:03:18] [41/445] VJMR
[17:03:19] [42/445] NTPU
[17:03:20] [43/445] RDKN
[17:03:20] [44/445] ADGC
[17:03:22] [45/445] VRBP
[17:03:23] [46/445] NMNA
[17:03:24] [47/445] CMMX
[17:03:25] [48/445] PTKO
[17:03:26] [49/445] RBML
[17:03:27] [50/445] SAIC
[17:03:27] 🔄 Identity reset
[17:03:27] 🔄 Identity rotated (every 10 requests)
[17:03:27] [51/445] SVTJ
[17:03:28] [52/445] MRTE
[17:03:30] [53/445] RBTP
[17:03:31] [54/445] NLPS
[17:03:31] [55/445] GTNA
[17:03:32] [56/445] DGGC
[17:03:33] [57/445] SMCR
[17:03:34] [58/445] SCGD
[17:03:35] [59/445] SRRJ
[17:03:36] [60/445] CNRY
[17:03:37] 🔄 Identity reset
[17:03:37] 🔄 Identity rotated (every 10 requests)
[17:03:37] [61/445] KTDI
[17:03:38] [62/445] SNJL
[17:03:39] [63/445] RKMD
[17:03:40] [64/445] SMDC
[17:03:41] [65/445] TADG
[17:03:42] [66/445] MCGS
[17:03:43] [67/445] PETK
[17:03:44] [68/445] CHAG
[17:03:45] [69/445] KSTL
[17:03:45] [70/445] AADS
[17:03:46] 🔄 Identity reset
[17:03:46] 🔄 Identity rotated (every 10 requests)
[17:03:46] [71/445] NTHZ
[17:03:47] [72/445] HCKI
[17:03:48] [73/445] SSEF
[17:03:49] [74/445] MCGX
[17:03:50] [75/445] ERRA
[17:03:51] [76/445] SDTW
[17:03:52] [77/445] RMPK
[17:03:53] [78/445] PTHK
[17:03:54] [79/445] PXCS
[17:03:54] [80/445] SVLU
[17:03:55] 🔄 Identity reset
[17:03:55] 🔄 Identity rotated (every 10 requests)
[17:03:56] [81/445] STAH
[17:03:57] [82/445] JRGF
[17:03:58] [83/445] CDOK
[17:03:59] [84/445] CMSG
[17:04:00] [85/445] APTD
[17:04:01] [86/445] KMPG
[17:04:02] [87/445] MUTJ
[17:04:03] [88/445] VCCI
[17:04:04] [89/445] URBE
[17:04:04] [90/445] TCTS
[17:04:05] 🔄 Identity reset
[17:04:05] 🔄 Identity rotated (every 10 requests)
[17:04:06] [91/445] STSN
[17:04:07] [92/445] AKCH
[17:04:08] [93/445] APSC
[17:04:09] [94/445] VLTB
[17:04:10] [95/445] SANU
[17:04:11] [96/445] AXAM
[17:04:12] [97/445] MGMG
[17:04:13] [98/445] HTBY
[17:04:14] [99/445] MMZS
[17:04:15] [100/445] SUDR
[17:04:15] 🔄 Identity reset
[17:04:15] 🔄 Identity rotated (every 10 requests)
[17:04:15] [101/445] CCAD
[17:04:16] [102/445] SKKC
[17:04:17] [103/445] RMCD
[17:04:19] [104/445] SBCQ
[17:04:20] [105/445] DCCT
[17:04:21] [106/445] VTKP
[17:04:22] [107/445] MLAM
[17:04:23] [108/445] SAVT
[17:04:24] [109/445] GEPL
[17:04:25] [110/445] AMCD
[17:04:25] 🔄 Identity reset
[17:04:25] 🔄 Identity rotated (every 10 requests)
[17:04:25] [111/445] CCXR
[17:04:26] [112/445] GRNG
[17:04:27] [113/445] EBCA
[17:04:28] [114/445] CNVG
[17:04:30] [115/445] MWSS
[17:04:30] [116/445] VBOR
[17:04:31] [117/445] NEEB
[17:04:32] [118/445] SUTH
[17:04:33] [119/445] ANDB
[17:04:34] [120/445] MMXS
[17:04:34] 🔄 Identity reset
[17:04:34] 🔄 Identity rotated (every 10 requests)
[17:04:34] [121/445] CNPD
[17:04:35] [122/445] SDCE
[17:04:36] [123/445] DHCB
[17:04:37] [124/445] ODEN
[17:04:38] [125/445] TNTC
[17:04:39] [126/445] VBKM
[17:04:39] [127/445] RZYM
[17:04:40] [128/445] JEMC
[17:04:41] [129/445] CMAU
[17:04:42] [130/445] SIVP
[17:04:43] 🔄 Identity reset
[17:04:43] 🔄 Identity rotated (every 10 requests)
[17:04:43] [131/445] ATAG
[17:04:44] [132/445] CHTM
[17:04:45] [133/445] AAEE
[17:04:46] [134/445] IWPM
[17:04:46] [135/445] KCMW
[17:04:47] [136/445] MCTD
[17:04:48] [137/445] SPWR
[17:04:49] [138/445] SDPO
[17:04:50] [139/445] PCSK
[17:04:51] [140/445] ACHV
[17:04:51] 🔄 Identity reset
[17:04:51] 🔄 Identity rotated (every 10 requests)
[17:04:51] [141/445] SVLA
[17:04:52] [142/445] PICT
[17:04:53] [143/445] BXDR
[17:04:54] [144/445] SPWA
[17:04:55] [145/445] MCKO
[17:04:55] [146/445] RTHK
[17:04:56] [147/445] CCMF
[17:04:57] [148/445] MRGB
[17:04:58] [149/445] CPLC
[17:04:59] [150/445] RACD
[17:04:59] 🔄 Identity reset
[17:04:59] 🔄 Identity rotated (every 10 requests)
[17:05:00] [151/445] ATKT
[17:05:00] [152/445] SARN
[17:05:01] [153/445] KKUI
[17:05:02] [154/445] RGCM
[17:05:03] [155/445] BRVP
[17:05:04] [156/445] HRSR
[17:05:05] [157/445] GKGM
[17:05:06] [158/445] TTCD
[17:05:07] [159/445] PTTI
[17:05:08] [160/445] MPTT
[17:05:09] 🔄 Identity reset
[17:05:09] 🔄 Identity rotated (every 10 requests)
[17:05:09] [161/445] CVTT
[17:05:11] [162/445] PCXD
[17:05:12] [163/445] GCDC
[17:05:12] [164/445] CCCF
[17:05:13] [165/445] MRAD
[17:05:14] [166/445] CPLK
[17:05:15] [167/445] SATB
[17:05:16] [168/445] SNVG
[17:05:17] [169/445] JMBA
[17:05:18] [170/445] TEJA
[17:05:18] 🔄 Identity reset
[17:05:18] 🔄 Identity rotated (every 10 requests)
[17:05:19] [171/445] STYO
[17:05:20] [172/445] JTBP
[17:05:20] [173/445] KRGD
[17:05:21] [174/445] SLJJ
[17:05:22] [175/445] SPTJ
[17:05:23] [176/445] SWJG
[17:05:24] [177/445] LKRT
[17:05:25] [178/445] KCKA
[17:05:26] [179/445] SNCR
[17:05:27] [180/445] SMKL
[17:05:28] 🔄 Identity reset
[17:05:28] 🔄 Identity rotated (every 10 requests)
[17:05:28] [181/445] GCFA
[17:05:29] [182/445] DDCK
[17:05:30] [183/445] NCHJ
[17:05:30] [184/445] RDMA
[17:05:32] [185/445] SVSV
[17:05:33] [186/445] SCJG
[17:05:34] [187/445] VKLP
[17:05:35] [188/445] NWCC
[17:05:35] [189/445] VKNS
[17:05:37] [190/445] SDDP
[17:05:37] 🔄 Identity reset
[17:05:37] 🔄 Identity rotated (every 10 requests)
[17:05:38] [191/445] ACSI
[17:05:38] [192/445] SATG
[17:05:40] [193/445] SCMW
[17:05:41] [194/445] LKTK
[17:05:42] [195/445] VCKV
[17:05:43] [196/445] KKPE
[17:05:44] [197/445] KIGH
[17:05:45] [198/445] SRPM
[17:05:46] [199/445] SCAH
[17:05:47] [200/445] MUTA
[17:05:48] 🔄 Identity reset
[17:05:48] 🔄 Identity rotated (every 10 requests)
[17:05:48] [201/445] SEPU
[17:05:50] [202/445] INOA
[17:05:51] [203/445] BASK
[17:05:52] [204/445] NECB
[17:05:53] [205/445] GTTG
[17:05:54] [206/445] ASSA
[17:05:55] [207/445] ANCL
[17:05:56] [208/445] GCTI
[17:05:57] [209/445] RCTS
[17:05:58] [210/445] ACNL
[17:05:59] 🔄 Identity reset
[17:05:59] 🔄 Identity rotated (every 10 requests)
[17:05:59] [211/445] MYCT
[17:06:00] [212/445] NMHT
[17:06:01] [213/445] MDIT
[17:06:02] [214/445] LATG
[17:06:03] [215/445] SMTY
[17:06:04] [216/445] CVCT
[17:06:05] [217/445] RAMB
[17:06:06] [218/445] TGMS
[17:06:07] [219/445] BHEL
[17:06:07] [220/445] SHCT
[17:06:08] 🔄 Identity reset
[17:06:08] 🔄 Identity rotated (every 10 requests)
[17:06:08] [221/445] SVCT
[17:06:09] [222/445] MRIY
[17:06:10] [223/445] SARO
[17:06:11] [224/445] STCT
[17:06:12] [225/445] JKKC
[17:06:14] [226/445] PLTT
[17:06:15] [227/445] SRNT
[17:06:16] [228/445] YAST
[17:06:17] [229/445] PERL
[17:06:18] [230/445] CICM
[17:06:18] 🔄 Identity reset
[17:06:18] 🔄 Identity rotated (every 10 requests)
[17:06:19] [231/445] MMTR
[17:06:19] [232/445] ABTK
[17:06:20] [233/445] ATYY
[17:06:22] [234/445] ASTK
[17:06:23] [235/445] VVCK
[17:06:24] [236/445] ATKY
[17:06:25] [237/445] GWEK
[17:06:27] [238/445] SVFH
[17:06:27] [239/445] SLTA
[17:06:28] [240/445] AASH
[17:06:29] 🔄 Identity reset
[17:06:29] 🔄 Identity rotated (every 10 requests)
[17:06:29] [241/445] ACXB
[17:06:31] [242/445] SMTX
[17:06:32] [243/445] AZDH
[17:06:33] [244/445] CMMH
[17:06:33] [245/445] SCSZ
[17:06:35] [246/445] SCKP
[17:06:36] [247/445] NXTM
[17:06:38] [248/445] NWCS
[17:06:38] [249/445] CXMH
[17:06:39] [250/445] PCMA
[17:06:40] 🔄 Identity reset
[17:06:40] 🔄 Identity rotated (every 10 requests)
[17:06:40] [251/445] SGCM
[17:06:42] [252/445] SDTU
[17:06:43] [253/445] MMVI
[17:06:44] [254/445] JKCM
[17:06:44] [255/445] VCMM
[17:06:45] [256/445] SYEE
[17:06:46] [257/445] VASD
[17:06:48] [258/445] BDRB
[17:06:49] [259/445] LASM
[17:06:50] [260/445] DCRL
[17:06:50] 🔄 Identity reset
[17:06:50] 🔄 Identity rotated (every 10 requests)
[17:06:51] [261/445] DVPM
[17:06:52] [262/445] SBMJ
[17:06:53] [263/445] CBMU
[17:06:53] [264/445] IUBS
[17:06:54] [265/445] INAP
[17:06:55] [266/445] SRRC
[17:06:56] [267/445] SAGR
[17:06:57] [268/445] CPMJ
[17:06:58] [269/445] ATJL
[17:06:59] [270/445] NNTD
[17:06:59] 🔄 Identity reset
[17:07:00] 🔄 Identity rotated (every 10 requests)
[17:07:00] [271/445] JHCJ
[17:07:01] [272/445] CMMP
[17:07:01] [273/445] RSDR
[17:07:02] [274/445] AMTI
[17:07:03] [275/445] NYSG
[17:07:04] [276/445] AVSG
[17:07:05] [277/445] SYTP
[17:07:06] [278/445] LARC
[17:07:06] [279/445] RJTP
[17:07:08] [280/445] LAKC
[17:07:08] 🔄 Identity reset
[17:07:08] 🔄 Identity rotated (every 10 requests)
[17:07:09] [281/445] MCXE
[17:07:10] [282/445] CCZC
[17:07:11] [283/445] AVCH
[17:07:12] [284/445] CMBE
[17:07:12] [285/445] MRRC
[17:07:13] [286/445] PCPY
[17:07:14] [287/445] SRMH
[17:07:15] [288/445] SVGS
[17:07:16] [289/445] PCSE
[17:07:17] [290/445] SVFT
[17:07:18] 🔄 Identity reset
[17:07:18] 🔄 Identity rotated (every 10 requests)
[17:07:18] [291/445] TNZP
[17:07:19] [292/445] ICTP
[17:07:20] [293/445] ACTZ
[17:07:21] [294/445] GTUR
[17:07:22] [295/445] MAFC
[17:07:22] [296/445] MINL
[17:07:23] [297/445] MRCL
[17:07:24] [298/445] RCRP
[17:07:25] [299/445] RFFG
[17:07:26] [300/445] RMAS
[17:07:26] 🔄 Identity reset
[17:07:26] 🔄 Identity rotated (every 10 requests)
[17:07:27] [301/445] INVR
[17:07:28] [302/445] RMAR
[17:07:29] [303/445] CNIS
[17:07:30] [304/445] RHRJ
[17:07:31] [305/445] INXR
[17:07:32] [306/445] VALT
[17:07:34] [307/445] LCSH
[17:07:34] [308/445] CMVS
[17:07:35] [309/445] CNMS
[17:07:36] [310/445] ROOG
[17:07:37] 🔄 Identity reset
[17:07:37] 🔄 Identity rotated (every 10 requests)
[17:07:37] [311/445] ISRM
[17:07:39] [312/445] RCRM
[17:07:40] [313/445] ACJA
[17:07:40] [314/445] RCVS
[17:07:41] [315/445] CPUS
[17:07:42] [316/445] TGCS
[17:07:43] [317/445] RKCJ
[17:07:44] [318/445] MKSB
[17:07:45] [319/445] TCSJ
[17:07:46] [320/445] RMGP
[17:07:46] 🔄 Identity reset
[17:07:46] 🔄 Identity rotated (every 10 requests)
[17:07:47] [321/445] CLLP
[17:07:48] [322/445] RCMV
[17:07:49] [323/445] CCKS
[17:07:49] [324/445] RSRP
[17:07:51] [325/445] APLP
[17:07:52] [326/445] CNVS
[17:07:53] [327/445] RMVY
[17:07:54] [328/445] PGBD
[17:07:55] [329/445] KLMS
[17:07:56] [330/445] RUST
[17:07:57] 🔄 Identity reset
[17:07:57] 🔄 Identity rotated (every 10 requests)
[17:07:57] [331/445] MASM
[17:07:58] [332/445] BACS
[17:07:58] [333/445] BWST
[17:07:59] [334/445] RRFH
[17:08:00] [335/445] SJTM
[17:08:01] [336/445] BEMR
[17:08:02] [337/445] MCGR
[17:08:03] [338/445] SDSK
[17:08:04] [339/445] VBOL
[17:08:05] [340/445] RMGM
[17:08:05] 🔄 Identity reset
[17:08:05] 🔄 Identity rotated (every 10 requests)
[17:08:06] [341/445] NOPL
[17:08:06] [342/445] MKJK
[17:08:07] [343/445] CVRN
[17:08:08] [344/445] MMEN
[17:08:09] [345/445] AMNG
[17:08:10] [346/445] INTM
[17:08:11] [347/445] SLCZ
[17:08:11] [348/445] AMJN
[17:08:13] [349/445] ACJN
[17:08:13] [350/445] AMKN
[17:08:14] 🔄 Identity reset
[17:08:14] 🔄 Identity rotated (every 10 requests)
[17:08:14] [351/445] BTCN
[17:08:15] [352/445] AMBT
[17:08:16] [353/445] PACN
[17:08:17] [354/445] LCNS
[17:08:18] [355/445] PPKC
[17:08:19] [356/445] JYYN
[17:08:20] [357/445] JTNR
[17:08:21] [358/445] GTEE
[17:08:22] [359/445] SRNM
[17:08:23] [360/445] SDTC
[17:08:23] 🔄 Identity reset
[17:08:23] 🔄 Identity rotated (every 10 requests)
[17:08:24] [361/445] VPCA
[17:08:24] [362/445] VLRA
[17:08:25] [363/445] SHKR
[17:08:26] [364/445] SBKD
[17:08:27] [365/445] SAAD
[17:08:28] [366/445] JTGN
[17:08:29] [367/445] SLAM
[17:08:30] [368/445] VTPM
[17:08:31] [369/445] ANPT
[17:08:32] [370/445] PUNB
[17:08:32] 🔄 Identity reset
[17:08:32] 🔄 Identity rotated (every 10 requests)
[17:08:33] [371/445] CPKT
[17:08:34] [372/445] CNWE
[17:08:35] [373/445] ECPP
[17:08:35] [374/445] CPAR
[17:08:37] [375/445] ESBW
[17:08:38] [376/445] PKPU
[17:08:39] [377/445] CPRP
[17:08:39] [378/445] RAHU
[17:08:40] [379/445] RHMN
[17:08:41] [380/445] FMJP
[17:08:42] 🔄 Identity reset
[17:08:42] 🔄 Identity rotated (every 10 requests)
[17:08:42] [381/445] CTMP
[17:08:43] [382/445] INPN
[17:08:44] [383/445] STTG
[17:08:45] [384/445] CTRD
[17:08:46] [385/445] PUVB
[17:08:46] [386/445] ESVP
[17:08:48] [387/445] CPFT
[17:08:49] [388/445] LCPC
[17:08:50] [389/445] VBCT
[17:08:50] [390/445] FSCW
[17:08:51] 🔄 Identity reset
[17:08:51] 🔄 Identity rotated (every 10 requests)
[17:08:51] [391/445] VCMP
[17:08:52] [392/445] ASHC
[17:08:54] [393/445] VLCX
[17:08:55] [394/445] SHEV
[17:08:56] [395/445] APCO
[17:08:57] [396/445] SILC
[17:08:57] [397/445] SNMR
[17:08:58] [398/445] KYBO
[17:08:59] [399/445] SATK
[17:09:00] [400/445] SSCS
[17:09:01] 🔄 Identity reset
[17:09:01] 🔄 Identity rotated (every 10 requests)
[17:09:01] [401/445] CLSB
[17:09:02] [402/445] KMJR
[17:09:03] [403/445] FSCK
[17:09:04] [404/445] NNKA
[17:09:05] [405/445] CLMK
[17:09:06] [406/445] DMPZ
[17:09:07] [407/445] INQM
[17:09:08] [408/445] CAML
[17:09:08] [409/445] INRK
[17:09:09] [410/445] IMKN
[17:09:10] 🔄 Identity reset
[17:09:10] 🔄 Identity rotated (every 10 requests)
[17:09:10] [411/445] SVNR
[17:09:11] [412/445] INSL
[17:09:12] [413/445] MSMA
[17:09:13] [414/445] MCKK
[17:09:14] [415/445] FCHP
[17:09:15] [416/445] SFCR
[17:09:16] [417/445] NACK
[17:09:17] [418/445] PVAK
[17:09:17] [419/445] INER
[17:09:18] [420/445] RDBK
[17:09:19] 🔄 Identity reset
[17:09:19] 🔄 Identity rotated (every 10 requests)
[17:09:19] [421/445] SVFN
[17:09:20] [422/445] IFRM
[17:09:21] [423/445] ATCK
[17:09:22] [424/445] ASKO
[17:09:23] [425/445] STKT
[17:09:24] [426/445] SVFB
[17:09:25] [427/445] INKS
[17:09:26] [428/445] PCRA
[17:09:27] [429/445] ATJA
[17:09:28] [430/445] IMJN
[17:09:29] 🔄 Identity reset
[17:09:29] 🔄 Identity rotated (every 10 requests)
[17:09:29] [431/445] INHD
[17:09:30] [432/445] BARA
[17:09:31] [433/445] MCSL
[17:09:33] [434/445] RTOY
[17:09:33] [435/445] MENO
[17:09:34] [436/445] PUDM
[17:09:35] [437/445] PRCN
[17:09:36] [438/445] JMJR
[17:09:37] [439/445] SSGK
[17:09:38] [440/445] SSRL
[17:09:38] 🔄 Identity reset
[17:09:38] 🔄 Identity rotated (every 10 requests)
[17:09:39] [441/445] JYKL
[17:09:39] [442/445] ACNB
[17:09:40] [443/445] SONP
[17:09:41] [444/445] EMCI
[17:09:42] [445/445] MRJH
[17:09:43] 🧹 Deduping shows
[17:09:43] ✅ DONE | Shows=391 | Movies=37
[05:19:58] 🚀 SCRIPT STARTED (enhanced anti‑detection)
[05:19:58] [1/445] TGMR
[05:19:59] 🧠 New identity created
[05:19:59] [2/445] CXKR
[05:20:01] [3/445] SROP
[05:20:02] [4/445] GTSV
[05:20:04] [5/445] SNTY
[05:20:05] [6/445] SMYY
[05:20:06] [7/445] CNCS
[05:20:06] [8/445] CSTM
[05:20:08] [9/445] NUCD
[05:20:09] [10/445] SHCZ
[05:20:09] 🔄 Identity reset
[05:20:10] 🔄 Identity rotated (every 10 requests)
[05:20:10] [11/445] NJCT
[05:20:11] [12/445] COPC
[05:20:13] [13/445] STVV
[05:20:13] [14/445] SKRN
[05:20:15] [15/445] APPZ
[05:20:16] [16/445] YMGN
[05:20:17] [17/445] SVTU
[05:20:18] [18/445] GTAD
[05:20:19] [19/445] PSUS
[05:20:21] [20/445] SMCD
[05:20:22] 🔄 Identity reset
[05:20:22] 🔄 Identity rotated (every 10 requests)
[05:20:22] [21/445] CMCM
[05:20:24] [22/445] SYCT
[05:20:25] [23/445] STLY
[05:20:26] [24/445] CMHU
[05:20:27] [25/445] CMSA
[05:20:28] [26/445] CLCU
[05:20:28] [27/445] PPNT
[05:20:29] [28/445] JTAB
[05:20:30] [29/445] BUUC
[05:20:32] [30/445] BSVK
[05:20:32] 🔄 Identity reset
[05:20:32] 🔄 Identity rotated (every 10 requests)
[05:20:33] [31/445] VVVQ
[05:20:35] [32/445] TKMU
[05:20:36] [33/445] ESYL
[05:20:37] [34/445] ACHP
[05:20:39] [35/445] BTKD
[05:20:41] [36/445] DESA
[05:20:42] [37/445] GBCT
[05:20:43] [38/445] BLLD
[05:20:44] [39/445] SKNT
[05:20:45] [40/445] SSTE
[05:20:46] 🔄 Identity reset
[05:20:46] 🔄 Identity rotated (every 10 requests)
[05:20:46] [41/445] VJMR
[05:20:47] [42/445] NTPU
[05:20:48] [43/445] RDKN
[05:20:49] [44/445] ADGC
[05:20:51] [45/445] VRBP
[05:20:52] [46/445] NMNA
[05:20:53] [47/445] CMMX
[05:20:55] [48/445] PTKO
[05:20:57] [49/445] RBML
[05:20:58] [50/445] SAIC
[05:20:59] 🔄 Identity reset
[05:20:59] 🔄 Identity rotated (every 10 requests)
[05:20:59] [51/445] SVTJ
[05:21:00] [52/445] MRTE
[05:21:01] [53/445] RBTP
[05:21:01] [54/445] NLPS
[05:21:02] [55/445] GTNA
[05:21:03] [56/445] DGGC
[05:21:04] [57/445] SMCR
[05:21:06] [58/445] SCGD
[05:21:07] [59/445] SRRJ
[05:21:09] [60/445] CNRY
[05:21:10] 🔄 Identity reset
[05:21:10] 🔄 Identity rotated (every 10 requests)
[05:21:10] [61/445] KTDI
[05:21:12] [62/445] SNJL
[05:21:13] [63/445] RKMD
[05:21:14] [64/445] SMDC
[05:21:15] [65/445] TADG
[05:21:16] [66/445] MCGS
[05:21:17] [67/445] PETK
[05:21:18] [68/445] CHAG
[05:21:19] [69/445] KSTL
[05:21:20] [70/445] AADS
[05:21:20] 🔄 Identity reset
[05:21:20] 🔄 Identity rotated (every 10 requests)
[05:21:21] [71/445] NTHZ
[05:21:22] [72/445] HCKI
[05:21:23] [73/445] SSEF
[05:21:25] [74/445] MCGX
[05:21:26] [75/445] ERRA
[05:21:27] [76/445] SDTW
[05:21:27] [77/445] RMPK
[05:21:29] [78/445] PTHK
[05:21:30] [79/445] PXCS
[05:21:31] [80/445] SVLU
[05:21:32] 🔄 Identity reset
[05:21:32] 🔄 Identity rotated (every 10 requests)
[05:21:33] [81/445] STAH
[05:21:34] [82/445] JRGF
[05:21:35] [83/445] CDOK
[05:21:37] [84/445] CMSG
[05:21:38] [85/445] APTD
[05:21:39] [86/445] KMPG
[05:21:40] [87/445] MUTJ
[05:21:41] [88/445] VCCI
[05:21:42] [89/445] URBE
[05:21:42] [90/445] TCTS
[05:21:43] 🔄 Identity reset
[05:21:43] 🔄 Identity rotated (every 10 requests)
[05:21:43] [91/445] STSN
[05:21:45] [92/445] AKCH
[05:21:47] [93/445] APSC
[05:21:48] [94/445] VLTB
[05:21:50] [95/445] SANU
[05:21:51] [96/445] AXAM
[05:21:52] [97/445] MGMG
[05:21:53] [98/445] HTBY
[05:21:55] [99/445] MMZS
[05:21:56] [100/445] SUDR
[05:21:56] 🔄 Identity reset
[05:21:56] 🔄 Identity rotated (every 10 requests)
[05:21:57] [101/445] CCAD
[05:21:58] [102/445] SKKC
[05:21:59] [103/445] RMCD
[05:22:01] [104/445] SBCQ
[05:22:02] [105/445] DCCT
[05:22:03] [106/445] VTKP
[05:22:03] [107/445] MLAM
[05:22:04] [108/445] SAVT
[05:22:06] [109/445] GEPL
[05:22:07] [110/445] AMCD
[05:22:07] 🔄 Identity reset
[05:22:07] 🔄 Identity rotated (every 10 requests)
[05:22:09] [111/445] CCXR
[05:22:09] [112/445] GRNG
[05:22:10] [113/445] EBCA
[05:22:12] [114/445] CNVG
[05:22:13] [115/445] MWSS
[05:22:14] [116/445] VBOR
[05:22:15] [117/445] NEEB
[05:22:16] [118/445] SUTH
[05:22:17] [119/445] ANDB
[05:22:18] [120/445] MMXS
[05:22:19] 🔄 Identity reset
[05:22:19] 🔄 Identity rotated (every 10 requests)
[05:22:20] [121/445] CNPD
[05:22:21] [122/445] SDCE
[05:22:23] [123/445] DHCB
[05:22:24] [124/445] ODEN
[05:22:25] [125/445] TNTC
[05:22:26] [126/445] VBKM
[05:22:27] [127/445] RZYM
[05:22:28] [128/445] JEMC
[05:22:29] [129/445] CMAU
[05:22:30] [130/445] SIVP
[05:22:31] 🔄 Identity reset
[05:22:31] 🔄 Identity rotated (every 10 requests)
[05:22:31] [131/445] ATAG
[05:22:32] [132/445] CHTM
[05:22:33] [133/445] AAEE
[05:22:34] [134/445] IWPM
[05:22:35] [135/445] KCMW
[05:22:35] [136/445] MCTD
[05:22:37] [137/445] SPWR
[05:22:38] [138/445] SDPO
[05:22:39] [139/445] PCSK
[05:22:41] [140/445] ACHV
[05:22:41] 🔄 Identity reset
[05:22:41] 🔄 Identity rotated (every 10 requests)
[05:22:42] [141/445] SVLA
[05:22:43] [142/445] PICT
[05:22:43] [143/445] BXDR
[05:22:44] [144/445] SPWA
[05:22:45] [145/445] MCKO
[05:22:46] [146/445] RTHK
[05:22:47] [147/445] CCMF
[05:22:49] [148/445] MRGB
[05:22:50] [149/445] CPLC
[05:22:51] [150/445] RACD
[05:22:51] 🔄 Identity reset
[05:22:51] 🔄 Identity rotated (every 10 requests)
[05:22:52] [151/445] ATKT
[05:22:53] [152/445] SARN
[05:22:55] [153/445] KKUI
[05:22:56] [154/445] RGCM
[05:22:57] [155/445] BRVP
[05:22:58] [156/445] HRSR
[05:23:00] [157/445] GKGM
[05:23:02] [158/445] TTCD
[05:23:02] [159/445] PTTI
[05:23:03] [160/445] MPTT
[05:23:04] 🔄 Identity reset
[05:23:04] 🔄 Identity rotated (every 10 requests)
[05:23:04] [161/445] CVTT
[05:23:06] [162/445] PCXD
[05:23:07] [163/445] GCDC
[05:23:08] [164/445] CCCF
[05:23:10] [165/445] MRAD
[05:23:11] [166/445] CPLK
[05:23:12] [167/445] SATB
[05:23:14] [168/445] SNVG
[05:23:14] [169/445] JMBA
[05:23:16] [170/445] TEJA
[05:23:16] 🔄 Identity reset
[05:23:17] 🔄 Identity rotated (every 10 requests)
[05:23:17] [171/445] STYO
[05:23:18] [172/445] JTBP
[05:23:19] [173/445] KRGD
[05:23:19] [174/445] SLJJ
[05:23:21] [175/445] SPTJ
[05:23:22] [176/445] SWJG
[05:23:23] [177/445] LKRT
[05:23:24] [178/445] KCKA
[05:23:25] [179/445] SNCR
[05:23:26] [180/445] SMKL
[05:23:27] 🔄 Identity reset
[05:23:27] 🔄 Identity rotated (every 10 requests)
[05:23:27] [181/445] GCFA
[05:23:28] [182/445] DDCK
[05:23:29] [183/445] NCHJ
[05:23:30] [184/445] RDMA
[05:23:31] [185/445] SVSV
[05:23:32] [186/445] SCJG
[05:23:33] [187/445] VKLP
[05:23:34] [188/445] NWCC
[05:23:35] [189/445] VKNS
[05:23:36] [190/445] SDDP
[05:23:37] 🔄 Identity reset
[05:23:37] 🔄 Identity rotated (every 10 requests)
[05:23:37] [191/445] ACSI
[05:23:38] [192/445] SATG
[05:23:39] [193/445] SCMW
[05:23:40] [194/445] LKTK
[05:23:42] [195/445] VCKV
[05:23:43] [196/445] KKPE
[05:23:43] [197/445] KIGH
[05:23:45] [198/445] SRPM
[05:23:46] [199/445] SCAH
[05:23:47] [200/445] MUTA
[05:23:48] 🔄 Identity reset
[05:23:48] 🔄 Identity rotated (every 10 requests)
[05:23:49] [201/445] SEPU
[05:23:50] [202/445] INOA
[05:23:51] [203/445] BASK
[05:23:51] [204/445] NECB
[05:23:53] [205/445] GTTG
[05:23:55] [206/445] ASSA
[05:23:56] [207/445] ANCL
[05:23:57] [208/445] GCTI
[05:23:57] [209/445] RCTS
[05:23:58] [210/445] ACNL
[05:23:59] 🔄 Identity reset
[05:23:59] 🔄 Identity rotated (every 10 requests)
[05:23:59] [211/445] MYCT
[05:24:00] [212/445] NMHT
[05:24:01] [213/445] MDIT
[05:24:01] [214/445] LATG
[05:24:02] [215/445] SMTY
[05:24:04] [216/445] CVCT
[05:24:04] [217/445] RAMB
[05:24:05] [218/445] TGMS
[05:24:06] [219/445] BHEL
[05:24:07] [220/445] SHCT
[05:24:08] 🔄 Identity reset
[05:24:08] 🔄 Identity rotated (every 10 requests)
[05:24:08] [221/445] SVCT
[05:24:10] [222/445] MRIY
[05:24:11] [223/445] SARO
[05:24:12] [224/445] STCT
[05:24:13] [225/445] JKKC
[05:24:15] [226/445] PLTT
[05:24:16] [227/445] SRNT
[05:24:17] [228/445] YAST
[05:24:18] [229/445] PERL
[05:24:19] [230/445] CICM
[05:24:19] 🔄 Identity reset
[05:24:19] 🔄 Identity rotated (every 10 requests)
[05:24:21] [231/445] MMTR
[05:24:22] [232/445] ABTK
[05:24:24] [233/445] ATYY
[05:24:25] [234/445] ASTK
[05:24:26] [235/445] VVCK
[05:24:27] [236/445] ATKY
[05:24:28] [237/445] GWEK
[05:24:29] [238/445] SVFH
[05:24:30] [239/445] SLTA
[05:24:32] [240/445] AASH
[05:24:33] 🔄 Identity reset
[05:24:33] 🔄 Identity rotated (every 10 requests)
[05:24:33] [241/445] ACXB
[05:24:34] [242/445] SMTX
[05:24:35] [243/445] AZDH
[05:24:37] [244/445] CMMH
[05:24:38] [245/445] SCSZ
[05:24:39] [246/445] SCKP
[05:24:41] [247/445] NXTM
[05:24:42] [248/445] NWCS
[05:24:43] [249/445] CXMH
[05:24:45] [250/445] PCMA
[05:24:46] 🔄 Identity reset
[05:24:46] 🔄 Identity rotated (every 10 requests)
[05:24:46] [251/445] SGCM
[05:24:47] [252/445] SDTU
[05:24:48] [253/445] MMVI
[05:24:49] [254/445] JKCM
[05:24:50] [255/445] VCMM
[05:24:51] [256/445] SYEE
[05:24:52] [257/445] VASD
[05:24:54] [258/445] BDRB
[05:24:55] [259/445] LASM
[05:24:55] [260/445] DCRL
[05:24:56] 🔄 Identity reset
[05:24:56] 🔄 Identity rotated (every 10 requests)
[05:24:57] [261/445] DVPM
[05:24:58] [262/445] SBMJ
[05:24:59] [263/445] CBMU
[05:25:00] [264/445] IUBS
[05:25:02] [265/445] INAP
[05:25:03] [266/445] SRRC
[05:25:04] [267/445] SAGR
[05:25:05] [268/445] CPMJ
[05:25:07] [269/445] ATJL
[05:25:08] [270/445] NNTD
[05:25:08] 🔄 Identity reset
[05:25:08] 🔄 Identity rotated (every 10 requests)
[05:25:09] [271/445] JHCJ
[05:25:10] [272/445] CMMP
[05:25:11] [273/445] RSDR
[05:25:12] [274/445] AMTI
[05:25:13] [275/445] NYSG
[05:25:14] [276/445] AVSG
[05:25:15] [277/445] SYTP
[05:25:16] [278/445] LARC
[05:25:17] [279/445] RJTP
[05:25:19] [280/445] LAKC
[05:25:19] 🔄 Identity reset
[05:25:19] 🔄 Identity rotated (every 10 requests)
[05:25:20] [281/445] MCXE
[05:25:22] [282/445] CCZC
[05:25:23] [283/445] AVCH
[05:25:24] [284/445] CMBE
[05:25:25] [285/445] MRRC
[05:25:25] [286/445] PCPY
[05:25:26] [287/445] SRMH
[05:25:28] [288/445] SVGS
[05:25:29] [289/445] PCSE
[05:25:31] [290/445] SVFT
[05:25:32] 🔄 Identity reset
[05:25:32] 🔄 Identity rotated (every 10 requests)
[05:25:32] [291/445] TNZP
[05:25:33] [292/445] ICTP
[05:25:35] [293/445] ACTZ
[05:25:37] [294/445] GTUR
[05:25:38] [295/445] MAFC
[05:25:38] [296/445] MINL
[05:25:40] [297/445] MRCL
[05:25:41] [298/445] RCRP
[05:25:41] [299/445] RFFG
[05:25:43] [300/445] RMAS
[05:25:44] 🔄 Identity reset
[05:25:44] 🔄 Identity rotated (every 10 requests)
[05:25:44] [301/445] INVR
[05:25:45] [302/445] RMAR
[05:25:46] [303/445] CNIS
[05:25:47] [304/445] RHRJ
[05:25:49] [305/445] INXR
[05:25:51] [306/445] VALT
[05:25:53] [307/445] LCSH
[05:25:53] [308/445] CMVS
[05:25:54] [309/445] CNMS
[05:25:55] [310/445] ROOG
[05:25:56] 🔄 Identity reset
[05:25:56] 🔄 Identity rotated (every 10 requests)
[05:25:56] [311/445] ISRM
[05:25:57] [312/445] RCRM
[05:25:58] [313/445] ACJA
[05:25:59] [314/445] RCVS
[05:26:00] [315/445] CPUS
[05:26:02] [316/445] TGCS
[05:26:03] [317/445] RKCJ
[05:26:04] [318/445] MKSB
[05:26:05] [319/445] TCSJ
[05:26:06] [320/445] RMGP
[05:26:07] 🔄 Identity reset
[05:26:07] 🔄 Identity rotated (every 10 requests)
[05:26:07] [321/445] CLLP
[05:26:08] [322/445] RCMV
[05:26:10] [323/445] CCKS
[05:26:11] [324/445] RSRP
[05:26:12] [325/445] APLP
[05:26:13] [326/445] CNVS
[05:26:14] [327/445] RMVY
[05:26:15] [328/445] PGBD
[05:26:17] [329/445] KLMS
[05:26:18] [330/445] RUST
[05:26:19] 🔄 Identity reset
[05:26:19] 🔄 Identity rotated (every 10 requests)
[05:26:19] [331/445] MASM
[05:26:20] [332/445] BACS
[05:26:21] [333/445] BWST
[05:26:23] [334/445] RRFH
[05:26:24] [335/445] SJTM
[05:26:25] [336/445] BEMR
[05:26:26] [337/445] MCGR
[05:26:27] [338/445] SDSK
[05:26:29] [339/445] VBOL
[05:26:30] [340/445] RMGM
[05:26:30] 🔄 Identity reset
[05:26:30] 🔄 Identity rotated (every 10 requests)
[05:26:31] [341/445] NOPL
[05:26:33] [342/445] MKJK
[05:26:34] [343/445] CVRN
[05:26:34] [344/445] MMEN
[05:26:35] [345/445] AMNG
[05:26:37] [346/445] INTM
[05:26:38] [347/445] SLCZ
[05:26:38] [348/445] AMJN
[05:26:40] [349/445] ACJN
[05:26:41] [350/445] AMKN
[05:26:41] 🔄 Identity reset
[05:26:41] 🔄 Identity rotated (every 10 requests)
[05:26:42] [351/445] BTCN
[05:26:43] [352/445] AMBT
[05:26:44] [353/445] PACN
[05:26:45] [354/445] LCNS
[05:26:47] [355/445] PPKC
[05:26:48] [356/445] JYYN
[05:26:50] [357/445] JTNR
[05:26:51] [358/445] GTEE
[05:26:53] [359/445] SRNM
[05:26:55] [360/445] SDTC
[05:26:55] 🔄 Identity reset
[05:26:55] 🔄 Identity rotated (every 10 requests)
[05:26:56] [361/445] VPCA
[05:26:57] [362/445] VLRA
[05:26:58] [363/445] SHKR
[05:26:59] [364/445] SBKD
[05:27:01] [365/445] SAAD
[05:27:02] [366/445] JTGN
[05:27:03] [367/445] SLAM
[05:27:04] [368/445] VTPM
[05:27:06] [369/445] ANPT
[05:27:07] [370/445] PUNB
[05:27:08] 🔄 Identity reset
[05:27:08] 🔄 Identity rotated (every 10 requests)
[05:27:09] [371/445] CPKT
[05:27:10] [372/445] CNWE
[05:27:11] [373/445] ECPP
[05:27:13] [374/445] CPAR
[05:27:15] [375/445] ESBW
[05:27:15] [376/445] PKPU
[05:27:16] [377/445] CPRP
[05:27:18] [378/445] RAHU
[05:27:19] [379/445] RHMN
[05:27:20] [380/445] FMJP
[05:27:21] 🔄 Identity reset
[05:27:21] 🔄 Identity rotated (every 10 requests)
[05:27:21] [381/445] CTMP
[05:27:23] [382/445] INPN
[05:27:24] [383/445] STTG
[05:27:25] [384/445] CTRD
[05:27:26] [385/445] PUVB
[05:27:27] [386/445] ESVP
[05:27:28] [387/445] CPFT
[05:27:29] [388/445] LCPC
[05:27:31] [389/445] VBCT
[05:27:33] [390/445] FSCW
[05:27:33] 🔄 Identity reset
[05:27:33] 🔄 Identity rotated (every 10 requests)
[05:27:34] [391/445] VCMP
[05:27:35] [392/445] ASHC
[05:27:37] [393/445] VLCX
[05:27:39] [394/445] SHEV
[05:27:40] [395/445] APCO
[05:27:41] [396/445] SILC
[05:27:42] [397/445] SNMR
[05:27:43] [398/445] KYBO
[05:27:43] [399/445] SATK
[05:27:45] [400/445] SSCS
[05:27:45] 🔄 Identity reset
[05:27:45] 🔄 Identity rotated (every 10 requests)
[05:27:46] [401/445] CLSB
[05:27:47] [402/445] KMJR
[05:27:47] [403/445] FSCK
[05:27:48] [404/445] NNKA
[05:27:50] [405/445] CLMK
[05:27:51] [406/445] DMPZ
[05:27:51] [407/445] INQM
[05:27:52] [408/445] CAML
[05:27:53] [409/445] INRK
[05:27:54] [410/445] IMKN
[05:27:55] 🔄 Identity reset
[05:27:55] 🔄 Identity rotated (every 10 requests)
[05:27:55] [411/445] SVNR
[05:27:56] [412/445] INSL
[05:27:58] [413/445] MSMA
[05:27:59] [414/445] MCKK
[05:28:00] [415/445] FCHP
[05:28:00] [416/445] SFCR
[05:28:01] [417/445] NACK
[05:28:03] [418/445] PVAK
[05:28:04] [419/445] INER
[05:28:05] [420/445] RDBK
[05:28:05] 🔄 Identity reset
[05:28:05] 🔄 Identity rotated (every 10 requests)
[05:28:07] [421/445] SVFN
[05:28:07] [422/445] IFRM
[05:28:08] [423/445] ATCK
[05:28:09] [424/445] ASKO
[05:28:11] [425/445] STKT
[05:28:12] [426/445] SVFB
[05:28:12] [427/445] INKS
[05:28:14] [428/445] PCRA
[05:28:16] [429/445] ATJA
[05:28:17] [430/445] IMJN
[05:28:18] 🔄 Identity reset
[05:28:18] 🔄 Identity rotated (every 10 requests)
[05:28:19] [431/445] INHD
[05:28:20] [432/445] BARA
[05:28:21] [433/445] MCSL
[05:28:22] [434/445] RTOY
[05:28:23] [435/445] MENO
[05:28:23] [436/445] PUDM
[05:28:25] [437/445] PRCN
[05:28:26] [438/445] JMJR
[05:28:28] [439/445] SSGK
[05:28:29] [440/445] SSRL
[05:28:30] 🔄 Identity reset
[05:28:30] 🔄 Identity rotated (every 10 requests)
[05:28:30] [441/445] JYKL
[05:28:32] [442/445] ACNB
[05:28:33] [443/445] SONP
[05:28:35] [444/445] EMCI
[05:28:36] [445/445] MRJH
[05:28:37] 🧹 Deduping shows
[05:28:37] ✅ DONE | Shows=539 | Movies=43
[22:30:40] 🚀 SCRIPT STARTED (enhanced anti‑detection)
[22:30:40] [1/445] TGMR
[22:30:40] 🧠 New identity created
[22:30:41] [2/445] CXKR
[22:30:41] [3/445] SROP
[22:30:42] [4/445] GTSV
[22:30:43] [5/445] SNTY
[22:30:44] [6/445] SMYY
[22:30:45] [7/445] CNCS
[22:30:46] [8/445] CSTM
[22:30:46] [9/445] NUCD
[22:30:47] [10/445] SHCZ
[22:30:48] 🔄 Identity reset
[22:30:48] 🔄 Identity rotated (every 10 requests)
[22:30:48] [11/445] NJCT
[22:30:49] [12/445] COPC
[22:30:50] [13/445] STVV
[22:30:51] [14/445] SKRN
[22:30:52] [15/445] APPZ
[22:30:52] [16/445] YMGN
[22:30:53] [17/445] SVTU
[22:30:54] [18/445] GTAD
[22:30:55] [19/445] PSUS
[22:30:56] [20/445] SMCD
[22:30:57] 🔄 Identity reset
[22:30:57] 🔄 Identity rotated (every 10 requests)
[22:30:57] [21/445] CMCM
[22:30:58] [22/445] SYCT
[22:30:59] [23/445] STLY
[22:31:00] [24/445] CMHU
[22:31:01] [25/445] CMSA
[22:31:02] [26/445] CLCU
[22:31:03] [27/445] PPNT
[22:31:04] [28/445] JTAB
[22:31:05] [29/445] BUUC
[22:31:06] [30/445] BSVK
[22:31:06] 🔄 Identity reset
[22:31:07] 🔄 Identity rotated (every 10 requests)
[22:31:07] [31/445] VVVQ
[22:31:08] [32/445] TKMU
[22:31:08] [33/445] ESYL
[22:31:09] [34/445] ACHP
[22:31:10] [35/445] BTKD
[22:31:11] [36/445] DESA
[22:31:12] [37/445] GBCT
[22:31:13] [38/445] BLLD
[22:31:13] [39/445] SKNT
[22:31:14] [40/445] SSTE
[22:31:15] 🔄 Identity reset
[22:31:15] 🔄 Identity rotated (every 10 requests)
[22:31:15] [41/445] VJMR
[22:31:17] [42/445] NTPU
[22:31:18] [43/445] RDKN
[22:31:19] [44/445] ADGC
[22:31:21] [45/445] VRBP
[22:31:22] [46/445] NMNA
[22:31:22] [47/445] CMMX
[22:31:23] [48/445] PTKO
[22:31:24] [49/445] RBML
[22:31:25] [50/445] SAIC
[22:31:26] 🔄 Identity reset
[22:31:26] 🔄 Identity rotated (every 10 requests)
[22:31:26] [51/445] SVTJ
[22:31:27] [52/445] MRTE
[22:31:28] [53/445] RBTP
[22:31:28] [54/445] NLPS
[22:31:30] [55/445] GTNA
[22:31:31] [56/445] DGGC
[22:31:32] [57/445] SMCR
[22:31:33] [58/445] SCGD
[22:31:34] [59/445] SRRJ
[22:31:35] [60/445] CNRY
[22:31:35] 🔄 Identity reset
[22:31:35] 🔄 Identity rotated (every 10 requests)
[22:31:36] [61/445] KTDI
[22:31:37] [62/445] SNJL
[22:31:37] [63/445] RKMD
[22:31:38] [64/445] SMDC
[22:31:39] [65/445] TADG
[22:31:40] [66/445] MCGS
[22:31:41] [67/445] PETK
[22:31:41] [68/445] CHAG
[22:31:45] [69/445] KSTL
[22:31:47] [70/445] AADS
[22:31:47] 🔄 Identity reset
[22:31:47] 🔄 Identity rotated (every 10 requests)
[22:31:48] [71/445] NTHZ
[22:31:49] [72/445] HCKI
[22:31:50] [73/445] SSEF
[22:31:50] [74/445] MCGX
[22:31:52] [75/445] ERRA
[22:31:53] [76/445] SDTW
[22:31:54] [77/445] RMPK
[22:31:55] [78/445] PTHK
[22:31:55] [79/445] PXCS
[22:31:56] [80/445] SVLU
[22:31:57] 🔄 Identity reset
[22:31:57] 🔄 Identity rotated (every 10 requests)
[22:31:57] [81/445] STAH
[22:31:58] [82/445] JRGF
[22:31:59] [83/445] CDOK
[22:32:00] [84/445] CMSG
[22:32:02] [85/445] APTD
[22:32:02] [86/445] KMPG
[22:32:03] [87/445] MUTJ
[22:32:04] [88/445] VCCI
[22:32:05] [89/445] URBE
[22:32:06] [90/445] TCTS
[22:32:06] 🔄 Identity reset
[22:32:06] 🔄 Identity rotated (every 10 requests)
[22:32:07] [91/445] STSN
[22:32:08] [92/445] AKCH
[22:32:09] [93/445] APSC
[22:32:10] [94/445] VLTB
[22:32:11] [95/445] SANU
[22:32:12] [96/445] AXAM
[22:32:13] [97/445] MGMG
[22:32:14] [98/445] HTBY
[22:32:14] [99/445] MMZS
[22:32:15] [100/445] SUDR
[22:32:16] 🔄 Identity reset
[22:32:16] 🔄 Identity rotated (every 10 requests)
[22:32:16] [101/445] CCAD
[22:32:17] [102/445] SKKC
[22:32:18] [103/445] RMCD
[22:32:19] [104/445] SBCQ
[22:32:20] [105/445] DCCT
[22:32:21] [106/445] VTKP
[22:32:23] [107/445] MLAM
[22:32:23] [108/445] SAVT
[22:32:25] [109/445] GEPL
[22:32:26] [110/445] AMCD
[22:32:26] 🔄 Identity reset
[22:32:26] 🔄 Identity rotated (every 10 requests)
[22:32:27] [111/445] CCXR
[22:32:28] [112/445] GRNG
[22:32:28] [113/445] EBCA
[22:32:29] [114/445] CNVG
[22:32:30] [115/445] MWSS
[22:32:31] [116/445] VBOR
[22:32:32] [117/445] NEEB
[22:32:33] [118/445] SUTH
[22:32:34] [119/445] ANDB
[22:32:35] [120/445] MMXS
[22:32:35] 🔄 Identity reset
[22:32:35] 🔄 Identity rotated (every 10 requests)
[22:32:36] [121/445] CNPD
[22:32:36] [122/445] SDCE
[22:32:38] [123/445] DHCB
[22:32:39] [124/445] ODEN
[22:32:40] [125/445] TNTC
[22:32:41] [126/445] VBKM
[22:32:41] [127/445] RZYM
[22:32:42] [128/445] JEMC
[22:32:43] [129/445] CMAU
[22:32:44] [130/445] SIVP
[22:32:44] 🔄 Identity reset
[22:32:44] 🔄 Identity rotated (every 10 requests)
[22:32:45] [131/445] ATAG
[22:32:46] [132/445] CHTM
[22:32:46] [133/445] AAEE
[22:32:47] [134/445] IWPM
[22:32:48] [135/445] KCMW
[22:32:49] [136/445] MCTD
[22:32:51] [137/445] SPWR
[22:32:52] [138/445] SDPO
[22:32:53] [139/445] PCSK
[22:32:54] [140/445] ACHV
[22:32:54] 🔄 Identity reset
[22:32:54] 🔄 Identity rotated (every 10 requests)
[22:32:55] [141/445] SVLA
[22:32:55] [142/445] PICT
[22:32:56] [143/445] BXDR
[22:32:57] [144/445] SPWA
[22:32:58] [145/445] MCKO
[22:32:59] [146/445] RTHK
[22:33:00] [147/445] CCMF
[22:33:01] [148/445] MRGB
[22:33:01] [149/445] CPLC
[22:33:02] [150/445] RACD
[22:33:03] 🔄 Identity reset
[22:33:03] 🔄 Identity rotated (every 10 requests)
[22:33:03] [151/445] ATKT
[22:33:04] [152/445] SARN
[22:33:05] [153/445] KKUI
[22:33:06] [154/445] RGCM
[22:33:07] [155/445] BRVP
[22:33:08] [156/445] HRSR
[22:33:09] [157/445] GKGM
[22:33:11] [158/445] TTCD
[22:33:12] [159/445] PTTI
[22:33:13] [160/445] MPTT
[22:33:14] 🔄 Identity reset
[22:33:14] 🔄 Identity rotated (every 10 requests)
[22:33:14] [161/445] CVTT
[22:33:15] [162/445] PCXD
[22:33:16] [163/445] GCDC
[22:33:17] [164/445] CCCF
[22:33:17] [165/445] MRAD
[22:33:18] [166/445] CPLK
[22:33:19] [167/445] SATB
[22:33:20] [168/445] SNVG
[22:33:21] [169/445] JMBA
[22:33:22] [170/445] TEJA
[22:33:23] 🔄 Identity reset
[22:33:23] 🔄 Identity rotated (every 10 requests)
[22:33:23] [171/445] STYO
[22:33:24] [172/445] JTBP
[22:33:25] [173/445] KRGD
[22:33:26] [174/445] SLJJ
[22:33:27] [175/445] SPTJ
[22:33:27] [176/445] SWJG
[22:33:28] [177/445] LKRT
[22:33:29] [178/445] KCKA
[22:33:30] [179/445] SNCR
[22:33:31] [180/445] SMKL
[22:33:31] 🔄 Identity reset
[22:33:31] 🔄 Identity rotated (every 10 requests)
[22:33:32] [181/445] GCFA
[22:33:33] [182/445] DDCK
[22:33:34] [183/445] NCHJ
[22:33:35] [184/445] RDMA
[22:33:35] [185/445] SVSV
[22:33:36] [186/445] SCJG
[22:33:37] [187/445] VKLP
[22:33:38] [188/445] NWCC
[22:33:39] [189/445] VKNS
[22:33:40] [190/445] SDDP
[22:33:40] 🔄 Identity reset
[22:33:40] 🔄 Identity rotated (every 10 requests)
[22:33:41] [191/445] ACSI
[22:33:41] [192/445] SATG
[22:33:42] [193/445] SCMW
[22:33:43] [194/445] LKTK
[22:33:44] [195/445] VCKV
[22:33:45] [196/445] KKPE
[22:33:45] [197/445] KIGH
[22:33:46] [198/445] SRPM
[22:33:47] [199/445] SCAH
[22:33:48] [200/445] MUTA
[22:33:48] 🔄 Identity reset
[22:33:48] 🔄 Identity rotated (every 10 requests)
[22:33:49] [201/445] SEPU
[22:33:50] [202/445] INOA
[22:33:50] [203/445] BASK
[22:33:51] [204/445] NECB
[22:33:52] [205/445] GTTG
[22:33:53] [206/445] ASSA
[22:33:54] [207/445] ANCL
[22:33:55] [208/445] GCTI
[22:33:56] [209/445] RCTS
[22:33:58] [210/445] ACNL
[22:33:58] 🔄 Identity reset
[22:33:58] 🔄 Identity rotated (every 10 requests)
[22:33:58] [211/445] MYCT
[22:33:59] [212/445] NMHT
[22:34:00] [213/445] MDIT
[22:34:01] [214/445] LATG
[22:34:02] [215/445] SMTY
[22:34:03] [216/445] CVCT
[22:34:04] [217/445] RAMB
[22:34:05] [218/445] TGMS
[22:34:06] [219/445] BHEL
[22:34:07] [220/445] SHCT
[22:34:07] 🔄 Identity reset
[22:34:07] 🔄 Identity rotated (every 10 requests)
[22:34:07] [221/445] SVCT
[22:34:08] [222/445] MRIY
[22:34:09] [223/445] SARO
[22:34:10] [224/445] STCT
[22:34:12] [225/445] JKKC
[22:34:13] [226/445] PLTT
[22:34:13] [227/445] SRNT
[22:34:14] [228/445] YAST
[22:34:15] [229/445] PERL
[22:34:16] [230/445] CICM
[22:34:17] 🔄 Identity reset
[22:34:17] 🔄 Identity rotated (every 10 requests)
[22:34:17] [231/445] MMTR
[22:34:18] [232/445] ABTK
[22:34:19] [233/445] ATYY
[22:34:20] [234/445] ASTK
[22:34:20] [235/445] VVCK
[22:34:21] [236/445] ATKY
[22:34:22] [237/445] GWEK
[22:34:23] [238/445] SVFH
[22:34:24] [239/445] SLTA
[22:34:24] [240/445] AASH
[22:34:25] 🔄 Identity reset
[22:34:25] 🔄 Identity rotated (every 10 requests)
[22:34:25] [241/445] ACXB
[22:34:26] [242/445] SMTX
[22:34:27] [243/445] AZDH
[22:34:28] [244/445] CMMH
[22:34:29] [245/445] SCSZ
[22:34:30] [246/445] SCKP
[22:34:31] [247/445] NXTM
[22:34:32] [248/445] NWCS
[22:34:33] [249/445] CXMH
[22:34:34] [250/445] PCMA
[22:34:34] 🔄 Identity reset
[22:34:34] 🔄 Identity rotated (every 10 requests)
[22:34:34] [251/445] SGCM
[22:34:35] [252/445] SDTU
[22:34:36] [253/445] MMVI
[22:34:37] [254/445] JKCM
[22:34:38] [255/445] VCMM
[22:34:39] [256/445] SYEE
[22:34:40] [257/445] VASD
[22:34:40] [258/445] BDRB
[22:34:41] [259/445] LASM
[22:34:42] [260/445] DCRL
[22:34:43] 🔄 Identity reset
[22:34:43] 🔄 Identity rotated (every 10 requests)
[22:34:43] [261/445] DVPM
[22:34:44] [262/445] SBMJ
[22:34:45] [263/445] CBMU
[22:34:46] [264/445] IUBS
[22:34:46] [265/445] INAP
[22:34:47] [266/445] SRRC
[22:34:48] [267/445] SAGR
[22:34:49] [268/445] CPMJ
[22:34:50] [269/445] ATJL
[22:34:50] [270/445] NNTD
[22:34:51] 🔄 Identity reset
[22:34:51] 🔄 Identity rotated (every 10 requests)
[22:34:51] [271/445] JHCJ
[22:34:52] [272/445] CMMP
[22:34:53] [273/445] RSDR
[22:34:54] [274/445] AMTI
[22:34:55] [275/445] NYSG
[22:34:55] [276/445] AVSG
[22:34:56] [277/445] SYTP
[22:34:57] [278/445] LARC
[22:34:58] [279/445] RJTP
[22:34:59] [280/445] LAKC
[22:34:59] 🔄 Identity reset
[22:34:59] 🔄 Identity rotated (every 10 requests)
[22:35:00] [281/445] MCXE
[22:35:01] [282/445] CCZC
[22:35:01] [283/445] AVCH
[22:35:02] [284/445] CMBE
[22:35:03] [285/445] MRRC
[22:35:04] [286/445] PCPY
[22:35:05] [287/445] SRMH
[22:35:06] [288/445] SVGS
[22:35:07] [289/445] PCSE
[22:35:08] [290/445] SVFT
[22:35:08] 🔄 Identity reset
[22:35:08] 🔄 Identity rotated (every 10 requests)
[22:35:09] [291/445] TNZP
[22:35:09] [292/445] ICTP
[22:35:10] [293/445] ACTZ
[22:35:11] [294/445] GTUR
[22:35:13] [295/445] MAFC
[22:35:14] [296/445] MINL
[22:35:14] [297/445] MRCL
[22:35:15] [298/445] RCRP
[22:35:16] [299/445] RFFG
[22:35:17] [300/445] RMAS
[22:35:18] 🔄 Identity reset
[22:35:18] 🔄 Identity rotated (every 10 requests)
[22:35:19] [301/445] INVR
[22:35:19] [302/445] RMAR
[22:35:20] [303/445] CNIS
[22:35:21] [304/445] RHRJ
[22:35:22] [305/445] INXR
[22:35:23] [306/445] VALT
[22:35:23] [307/445] LCSH
[22:35:24] [308/445] CMVS
[22:35:25] [309/445] CNMS
[22:35:26] [310/445] ROOG
[22:35:26] 🔄 Identity reset
[22:35:26] 🔄 Identity rotated (every 10 requests)
[22:35:27] [311/445] ISRM
[22:35:28] [312/445] RCRM
[22:35:29] [313/445] ACJA
[22:35:30] [314/445] RCVS
[22:35:32] [315/445] CPUS
[22:35:32] [316/445] TGCS
[22:35:33] [317/445] RKCJ
[22:35:35] [318/445] MKSB
[22:35:36] [319/445] TCSJ
[22:35:37] [320/445] RMGP
[22:35:38] 🔄 Identity reset
[22:35:38] 🔄 Identity rotated (every 10 requests)
[22:35:38] [321/445] CLLP
[22:35:40] [322/445] RCMV
[22:35:41] [323/445] CCKS
[22:35:42] [324/445] RSRP
[22:35:43] [325/445] APLP
[22:35:44] [326/445] CNVS
[22:35:45] [327/445] RMVY
[22:35:45] [328/445] PGBD
[22:35:46] [329/445] KLMS
[22:35:47] [330/445] RUST
[22:35:48] 🔄 Identity reset
[22:35:48] 🔄 Identity rotated (every 10 requests)
[22:35:48] [331/445] MASM
[22:35:49] [332/445] BACS
[22:35:51] [333/445] BWST
[22:35:52] [334/445] RRFH
[22:35:52] [335/445] SJTM
[22:35:53] [336/445] BEMR
[22:35:54] [337/445] MCGR
[22:35:55] [338/445] SDSK
[22:35:56] [339/445] VBOL
[22:35:57] [340/445] RMGM
[22:35:58] 🔄 Identity reset
[22:35:58] 🔄 Identity rotated (every 10 requests)
[22:35:58] [341/445] NOPL
[22:35:59] [342/445] MKJK
[22:36:00] [343/445] CVRN
[22:36:01] [344/445] MMEN
[22:36:02] [345/445] AMNG
[22:36:03] [346/445] INTM
[22:36:04] [347/445] SLCZ
[22:36:05] [348/445] AMJN
[22:36:06] [349/445] ACJN
[22:36:07] [350/445] AMKN
[22:36:08] 🔄 Identity reset
[22:36:08] 🔄 Identity rotated (every 10 requests)
[22:36:08] [351/445] BTCN
[22:36:09] [352/445] AMBT
[22:36:10] [353/445] PACN
[22:36:10] [354/445] LCNS
[22:36:11] [355/445] PPKC
[22:36:12] [356/445] JYYN
[22:36:13] [357/445] JTNR
[22:36:14] [358/445] GTEE
[22:36:15] [359/445] SRNM
[22:36:16] [360/445] SDTC
[22:36:16] 🔄 Identity reset
[22:36:17] 🔄 Identity rotated (every 10 requests)
[22:36:17] [361/445] VPCA
[22:36:18] [362/445] VLRA
[22:36:19] [363/445] SHKR
[22:36:20] [364/445] SBKD
[22:36:21] [365/445] SAAD
[22:36:22] [366/445] JTGN
[22:36:23] [367/445] SLAM
[22:36:24] [368/445] VTPM
[22:36:24] [369/445] ANPT
[22:36:26] [370/445] PUNB
[22:36:26] 🔄 Identity reset
[22:36:26] 🔄 Identity rotated (every 10 requests)
[22:36:27] [371/445] CPKT
[22:36:28] [372/445] CNWE
[22:36:28] [373/445] ECPP
[22:36:29] [374/445] CPAR
[22:36:30] [375/445] ESBW
[22:36:31] [376/445] PKPU
[22:36:32] [377/445] CPRP
[22:36:33] [378/445] RAHU
[22:36:35] [379/445] RHMN
[22:36:36] [380/445] FMJP
[22:36:36] 🔄 Identity reset
[22:36:36] 🔄 Identity rotated (every 10 requests)
[22:36:36] [381/445] CTMP
[22:36:37] [382/445] INPN
[22:36:38] [383/445] STTG
[22:36:39] [384/445] CTRD
[22:36:40] [385/445] PUVB
[22:36:41] [386/445] ESVP
[22:36:41] [387/445] CPFT
[22:36:42] [388/445] LCPC
[22:36:43] [389/445] VBCT
[22:36:44] [390/445] FSCW
[22:36:44] 🔄 Identity reset
[22:36:44] 🔄 Identity rotated (every 10 requests)
[22:36:45] [391/445] VCMP
[22:36:46] [392/445] ASHC
[22:36:46] [393/445] VLCX
[22:36:47] [394/445] SHEV
[22:36:48] [395/445] APCO
[22:36:49] [396/445] SILC
[22:36:50] [397/445] SNMR
[22:36:51] [398/445] KYBO
[22:36:52] [399/445] SATK
[22:36:53] [400/445] SSCS
[22:36:53] 🔄 Identity reset
[22:36:53] 🔄 Identity rotated (every 10 requests)
[22:36:54] [401/445] CLSB
[22:36:55] [402/445] KMJR
[22:36:56] [403/445] FSCK
[22:36:57] [404/445] NNKA
[22:36:57] [405/445] CLMK
[22:36:58] [406/445] DMPZ
[22:37:00] [407/445] INQM
[22:37:01] [408/445] CAML
[22:37:02] [409/445] INRK
[22:37:03] [410/445] IMKN
[22:37:03] 🔄 Identity reset
[22:37:03] 🔄 Identity rotated (every 10 requests)
[22:37:03] [411/445] SVNR
[22:37:04] [412/445] INSL
[22:37:05] [413/445] MSMA
[22:37:06] [414/445] MCKK
[22:37:07] [415/445] FCHP
[22:37:08] [416/445] SFCR
[22:37:09] [417/445] NACK
[22:37:10] [418/445] PVAK
[22:37:11] [419/445] INER
[22:37:11] [420/445] RDBK
[22:37:12] 🔄 Identity reset
[22:37:12] 🔄 Identity rotated (every 10 requests)
[22:37:12] [421/445] SVFN
[22:37:14] [422/445] IFRM
[22:37:15] [423/445] ATCK
[22:37:16] [424/445] ASKO
[22:37:17] [425/445] STKT
[22:37:18] [426/445] SVFB
[22:37:19] [427/445] INKS
[22:37:20] [428/445] PCRA
[22:37:21] [429/445] ATJA
[22:37:22] [430/445] IMJN
[22:37:23] 🔄 Identity reset
[22:37:23] 🔄 Identity rotated (every 10 requests)
[22:37:23] [431/445] INHD
[22:37:24] [432/445] BARA
[22:37:25] [433/445] MCSL
[22:37:26] [434/445] RTOY
[22:37:27] [435/445] MENO
[22:37:28] [436/445] PUDM
[22:37:28] [437/445] PRCN
[22:37:29] [438/445] JMJR
[22:37:30] [439/445] SSGK
[22:37:31] [440/445] SSRL
[22:37:32] 🔄 Identity reset
[22:37:32] 🔄 Identity rotated (every 10 requests)
[22:37:32] [441/445] JYKL
[22:37:33] [442/445] ACNB
[22:37:34] [443/445] SONP
[22:37:35] [444/445] EMCI
[22:37:35] [445/445] MRJH
[22:37:37] 🧹 Deduping shows
[22:37:37] ✅ DONE | Shows=655 | Movies=51
