[09:53:07] 🚀 SCRIPT STARTED (enhanced anti‑detection)
[09:53:07] [1/326] BSAT
[09:53:08] 🧠 New identity created
[09:53:08] [2/326] RSSM
[09:53:09] [3/326] GCTA
[09:53:10] [4/326] TOPN
[09:53:11] [5/326] MCUS
[09:53:12] [6/326] SHRL
[09:53:13] [7/326] UPTP
[09:53:14] [8/326] TMMP
[09:53:15] [9/326] DNRP
[09:53:16] [10/326] SRLT
[09:53:16] 🔄 Identity reset
[09:53:16] 🔄 Identity rotated (every 10 requests)
[09:53:17] [11/326] RCNS
[09:53:18] [12/326] DCBH
[09:53:19] [13/326] NAGJ
[09:53:20] [14/326] JVRC
[09:53:20] [15/326] KRJG
[09:53:22] [16/326] SRTJ
[09:53:23] [17/326] CMXM
[09:53:24] [18/326] STMI
[09:53:24] [19/326] SLST
[09:53:26] [20/326] DTCN
[09:53:27] 🔄 Identity reset
[09:53:27] 🔄 Identity rotated (every 10 requests)
[09:53:28] [21/326] STYN
[09:53:29] [22/326] SZVR
[09:53:30] [23/326] SRKO
[09:53:30] [24/326] JTGT
[09:53:32] [25/326] SVFD
[09:53:33] [26/326] SISD
[09:53:33] [27/326] ABDD
[09:53:34] [28/326] DRCA
[09:53:36] [29/326] AVCS
[09:53:37] [30/326] MVKH
[09:53:37] 🔄 Identity reset
[09:53:37] 🔄 Identity rotated (every 10 requests)
[09:53:38] [31/326] ACPR
[09:53:38] [32/326] STIP
[09:53:39] [33/326] MTRA
[09:53:40] [34/326] RMKH
[09:53:41] [35/326] NKRL
[09:53:42] [36/326] PCWN
[09:53:43] [37/326] BLMT
[09:53:43] [38/326] GDPG
[09:53:44] [39/326] SRMX
[09:53:45] [40/326] JACP
[09:53:46] 🔄 Identity reset
[09:53:46] 🔄 Identity rotated (every 10 requests)
[09:53:47] [41/326] CPSH
[09:53:48] [42/326] MCCD
[09:53:49] [43/326] ECGH
[09:53:50] [44/326] MKCK
[09:53:51] [45/326] SRMM
[09:53:52] [46/326] SKYR
[09:53:53] [47/326] PCKC
[09:53:53] [48/326] JCMA
[09:53:54] [49/326] BSMP
[09:53:55] [50/326] VSPA
[09:53:56] 🔄 Identity reset
[09:53:56] 🔄 Identity rotated (every 10 requests)
[09:53:56] [51/326] DJYA
[09:53:57] [52/326] DIMP
[09:53:58] [53/326] FXDR
[09:53:59] [54/326] SSRC
[09:53:59] [55/326] STHP
[09:54:00] [56/326] CPPD
[09:54:01] [57/326] FCLK
[09:54:02] [58/326] SCPP
[09:54:03] [59/326] DCMJ
[09:54:04] [60/326] RCCR
[09:54:04] 🔄 Identity reset
[09:54:04] 🔄 Identity rotated (every 10 requests)
[09:54:05] [61/326] INMT
[09:54:06] [62/326] LXTK
[09:54:07] [63/326] SRYK
[09:54:08] [64/326] SGDK
[09:54:09] [65/326] PPKA
[09:54:10] [66/326] SPKA
[09:54:11] [67/326] CGHH
[09:54:11] [68/326] DCJN
[09:54:12] [69/326] SRKV
[09:54:13] [70/326] SAJC
[09:54:14] 🔄 Identity reset
[09:54:14] 🔄 Identity rotated (every 10 requests)
[09:54:14] [71/326] SUSR
[09:54:15] [72/326] STYG
[09:54:16] [73/326] NTKP
[09:54:16] [74/326] AKTG
[09:54:18] [75/326] CGCM
[09:54:19] [76/326] TULC
[09:54:20] [77/326] NYYZ
[09:54:21] [78/326] NYBW
[09:54:22] [79/326] MACB
[09:54:23] [80/326] SLVT
[09:54:23] 🔄 Identity reset
[09:54:23] 🔄 Identity rotated (every 10 requests)
[09:54:24] [81/326] SANA
[09:54:25] [82/326] ACMR
[09:54:26] [83/326] CPKN
[09:54:27] [84/326] DLGK
[09:54:28] [85/326] CWCK
[09:54:29] [86/326] FDDH
[09:54:30] [87/326] MMMD
[09:54:31] [88/326] CMEH
[09:54:31] [89/326] GGGV
[09:54:32] [90/326] SPJL
[09:54:33] 🔄 Identity reset
[09:54:33] 🔄 Identity rotated (every 10 requests)
[09:54:33] [91/326] RCCD
[09:54:34] [92/326] STTZ
[09:54:34] [93/326] BTCF
[09:54:35] [94/326] TSTZ
[09:54:36] [95/326] IPMM
[09:54:37] [96/326] PMPW
[09:54:38] [97/326] PCMZ
[09:54:39] [98/326] ESEM
[09:54:40] [99/326] PIPO
[09:54:40] [100/326] MATK
[09:54:41] 🔄 Identity reset
[09:54:41] 🔄 Identity rotated (every 10 requests)
[09:54:41] [101/326] PGHM
[09:54:42] [102/326] CTSR
[09:54:44] [103/326] CYKR
[09:54:45] [104/326] MSCM
[09:54:46] [105/326] RFNP
[09:54:46] [106/326] PDCP
[09:54:47] [107/326] NPSE
[09:54:48] [108/326] MKML
[09:54:49] [109/326] FTDP
[09:54:49] [110/326] MMXA
[09:54:50] 🔄 Identity reset
[09:54:50] 🔄 Identity rotated (every 10 requests)
[09:54:50] [111/326] CEPO
[09:54:51] [112/326] CMVP
[09:54:52] [113/326] SGTH
[09:54:53] [114/326] SAYN
[09:54:54] [115/326] URVS
[09:54:55] [116/326] VJTN
[09:54:56] [117/326] BBYK
[09:54:57] [118/326] SHBO
[09:54:58] [119/326] VCMR
[09:54:59] [120/326] MACT
[09:55:00] 🔄 Identity reset
[09:55:00] 🔄 Identity rotated (every 10 requests)
[09:55:00] [121/326] JMNP
[09:55:01] [122/326] VICS
[09:55:02] [123/326] VCDA
[09:55:03] [124/326] GCMM
[09:55:04] [125/326] INVS
[09:55:04] [126/326] SCGM
[09:55:05] [127/326] PCDA
[09:55:06] [128/326] KDCT
[09:55:07] [129/326] JACS
[09:55:08] [130/326] GMMC
[09:55:09] 🔄 Identity reset
[09:55:09] 🔄 Identity rotated (every 10 requests)
[09:55:09] [131/326] AICM
[09:55:10] [132/326] TJCM
[09:55:11] [133/326] RMTI
[09:55:12] [134/326] SHAC
[09:55:12] [135/326] APJC
[09:55:13] [136/326] GCTG
[09:55:14] [137/326] SSMC
[09:55:15] [138/326] THRM
[09:55:16] [139/326] RBCT
[09:55:17] [140/326] DIKT
[09:55:17] 🔄 Identity reset
[09:55:17] 🔄 Identity rotated (every 10 requests)
[09:55:18] [141/326] MIDL
[09:55:18] [142/326] VCSN
[09:55:19] [143/326] SKTG
[09:55:20] [144/326] SMWC
[09:55:21] [145/326] MNKH
[09:55:22] [146/326] PIAT
[09:55:23] [147/326] LTTP
[09:55:24] [148/326] PTPU
[09:55:25] [149/326] ACMG
[09:55:26] [150/326] SHMM
[09:55:27] 🔄 Identity reset
[09:55:27] 🔄 Identity rotated (every 10 requests)
[09:55:27] [151/326] MCMN
[09:55:28] [152/326] GLDC
[09:55:29] [153/326] HOUT
[09:55:29] [154/326] SVRP
[09:55:30] [155/326] PVDN
[09:55:31] [156/326] SCPY
[09:55:32] [157/326] DTPY
[09:55:33] [158/326] GKCS
[09:55:34] [159/326] NCAM
[09:55:34] [160/326] BSRM
[09:55:35] 🔄 Identity reset
[09:55:35] 🔄 Identity rotated (every 10 requests)
[09:55:36] [161/326] RCLC
[09:55:37] [162/326] SKKD
[09:55:38] [163/326] ACHU
[09:55:39] [164/326] RSCF
[09:55:40] [165/326] IMSH
[09:55:41] [166/326] MACX
[09:55:42] [167/326] HMMW
[09:55:42] [168/326] JTCP
[09:55:43] [169/326] SREN
[09:55:44] [170/326] PJRR
[09:55:45] 🔄 Identity reset
[09:55:45] 🔄 Identity rotated (every 10 requests)
[09:55:45] [171/326] INAC
[09:55:47] [172/326] BMCA
[09:55:48] [173/326] SHCB
[09:55:48] [174/326] GABA
[09:55:49] [175/326] SBCT
[09:55:50] [176/326] GCMA
[09:55:51] [177/326] MYTK
[09:55:52] [178/326] INZS
[09:55:53] [179/326] RMIK
[09:55:54] [180/326] NYCH
[09:55:55] 🔄 Identity reset
[09:55:55] 🔄 Identity rotated (every 10 requests)
[09:55:55] [181/326] RAVE
[09:55:56] [182/326] PSXM
[09:55:57] [183/326] MCGP
[09:55:58] [184/326] PDDK
[09:55:59] [185/326] SPCK
[09:56:00] [186/326] MCRL
[09:56:00] [187/326] MHKT
[09:56:01] [188/326] ANRR
[09:56:03] [189/326] SAPK
[09:56:04] [190/326] NCUK
[09:56:04] 🔄 Identity reset
[09:56:04] 🔄 Identity rotated (every 10 requests)
[09:56:05] [191/326] JUGA
[09:56:06] [192/326] DBSC
[09:56:06] [193/326] LALK
[09:56:07] [194/326] GUCK
[09:56:08] [195/326] STSG
[09:56:09] [196/326] PPPZ
[09:56:10] [197/326] CNCY
[09:56:11] [198/326] MTAR
[09:56:12] [199/326] VNKD
[09:56:13] [200/326] KMAJ
[09:56:13] 🔄 Identity reset
[09:56:13] 🔄 Identity rotated (every 10 requests)
[09:56:13] [201/326] ACXK
[09:56:14] [202/326] UTKC
[09:56:15] [203/326] PBLK
[09:56:16] [204/326] ACBX
[09:56:17] [205/326] PTGM
[09:56:18] [206/326] BTDA
[09:56:19] [207/326] PJMB
[09:56:19] [208/326] TPDA
[09:56:20] [209/326] AMOE
[09:56:21] [210/326] PRHT
[09:56:22] 🔄 Identity reset
[09:56:22] 🔄 Identity rotated (every 10 requests)
[09:56:23] [211/326] PRTA
[09:56:24] [212/326] STAM
[09:56:25] [213/326] MSAA
[09:56:25] [214/326] SDLU
[09:56:26] [215/326] RCHH
[09:56:28] [216/326] KANT
[09:56:29] [217/326] FCRT
[09:56:30] [218/326] DNKM
[09:56:30] [219/326] RYCP
[09:56:31] [220/326] MYRP
[09:56:32] 🔄 Identity reset
[09:56:32] 🔄 Identity rotated (every 10 requests)
[09:56:32] [221/326] PPAK
[09:56:33] [222/326] NVPK
[09:56:34] [223/326] PRMC
[09:56:35] [224/326] JBCS
[09:56:36] [225/326] GXCK
[09:56:37] [226/326] USKO
[09:56:38] [227/326] GTEM
[09:56:39] [228/326] SMBU
[09:56:40] [229/326] VETC
[09:56:41] [230/326] LCDA
[09:56:42] 🔄 Identity reset
[09:56:42] 🔄 Identity rotated (every 10 requests)
[09:56:42] [231/326] MTVT
[09:56:43] [232/326] PYCP
[09:56:43] [233/326] PNSC
[09:56:45] [234/326] PPCC
[09:56:46] [235/326] TGRT
[09:56:47] [236/326] JYOT
[09:56:48] [237/326] SRCZ
[09:56:49] [238/326] SJTE
[09:56:50] [239/326] DESC
[09:56:50] [240/326] JHVN
[09:56:51] 🔄 Identity reset
[09:56:51] 🔄 Identity rotated (every 10 requests)
[09:56:51] [241/326] IPSG
[09:56:52] [242/326] IPCM
[09:56:53] [243/326] PDRS
[09:56:54] [244/326] ANCV
[09:56:55] [245/326] CMVV
[09:56:56] [246/326] SHYP
[09:56:57] [247/326] DNCS
[09:56:58] [248/326] GAJK
[09:56:58] [249/326] AKTN
[09:56:59] [250/326] KAYA
[09:57:00] 🔄 Identity reset
[09:57:00] 🔄 Identity rotated (every 10 requests)
[09:57:01] [251/326] SBRC
[09:57:02] [252/326] CHTP
[09:57:03] [253/326] SHRT
[09:57:04] [254/326] BCKU
[09:57:05] [255/326] FCPS
[09:57:06] [256/326] ARDD
[09:57:07] [257/326] CPCM
[09:57:07] [258/326] CGSM
[09:57:08] [259/326] PSMP
[09:57:09] [260/326] SDAL
[09:57:10] 🔄 Identity reset
[09:57:10] 🔄 Identity rotated (every 10 requests)
[09:57:10] [261/326] RTNB
[09:57:12] [262/326] LMCR
[09:57:13] [263/326] CIMA
[09:57:14] [264/326] RNAS
[09:57:14] [265/326] LITH
[09:57:15] [266/326] PBOX
[09:57:16] [267/326] FRTS
[09:57:17] [268/326] RKIC
[09:57:18] [269/326] PTAI
[09:57:19] [270/326] GCIC
[09:57:20] 🔄 Identity reset
[09:57:20] 🔄 Identity rotated (every 10 requests)
[09:57:20] [271/326] FNAS
[09:57:21] [272/326] SCAR
[09:57:22] [273/326] MTCA
[09:57:23] [274/326] SCTS
[09:57:24] [275/326] SYCS
[09:57:25] [276/326] RDMS
[09:57:26] [277/326] KAMP
[09:57:27] [278/326] ERSD
[09:57:28] [279/326] MJMJ
[09:57:29] [280/326] SRCJ
[09:57:30] 🔄 Identity reset
[09:57:30] 🔄 Identity rotated (every 10 requests)
[09:57:30] [281/326] SCXE
[09:57:31] [282/326] SVFR
[09:57:32] [283/326] BHCS
[09:57:32] [284/326] IMCC
[09:57:33] [285/326] PCBO
[09:57:35] [286/326] PRVN
[09:57:36] [287/326] AUPM
[09:57:37] [288/326] INBW
[09:57:38] [289/326] SVCW
[09:57:39] [290/326] RKCF
[09:57:39] 🔄 Identity reset
[09:57:40] 🔄 Identity rotated (every 10 requests)
[09:57:40] [291/326] UVBH
[09:57:41] [292/326] DNCY
[09:57:42] [293/326] ABCN
[09:57:43] [294/326] PRUR
[09:57:44] [295/326] PFMR
[09:57:45] [296/326] RKCN
[09:57:46] [297/326] CFEA
[09:57:47] [298/326] SDBG
[09:57:48] [299/326] SNAR
[09:57:49] [300/326] YISI
[09:57:49] 🔄 Identity reset
[09:57:49] 🔄 Identity rotated (every 10 requests)
[09:57:50] [301/326] JCFF
[09:57:50] [302/326] VTRK
[09:57:51] [303/326] PCLZ
[09:57:52] [304/326] DIMY
[09:57:53] [305/326] BBTS
[09:57:54] [306/326] GATH
[09:57:55] [307/326] GTMN
[09:57:56] [308/326] VTMH
[09:57:56] [309/326] CCKP
[09:57:57] [310/326] GPKA
[09:57:58] 🔄 Identity reset
[09:57:58] 🔄 Identity rotated (every 10 requests)
[09:57:58] [311/326] MHCL
[09:57:59] [312/326] ATCL
[09:58:00] [313/326] SBCK
[09:58:01] [314/326] AMMR
[09:58:01] [315/326] MADC
[09:58:02] [316/326] TMMA
[09:58:03] [317/326] CACC
[09:58:04] [318/326] CHAL
[09:58:05] [319/326] DURG
[09:58:06] [320/326] GMKU
[09:58:06] 🔄 Identity reset
[09:58:06] 🔄 Identity rotated (every 10 requests)
[09:58:06] [321/326] GECA
[09:58:07] [322/326] KYRR
[09:58:08] [323/326] KSDE
[09:58:09] [324/326] LMCI
[09:58:10] [325/326] NKCP
[09:58:11] [326/326] BGTC
[09:58:12] 🧹 Deduping shows
[09:58:12] ✅ DONE | Shows=174 | Movies=23
[17:02:03] 🚀 SCRIPT STARTED (enhanced anti‑detection)
[17:02:03] [1/326] BSAT
[17:02:04] 🧠 New identity created
[17:02:04] [2/326] RSSM
[17:02:05] [3/326] GCTA
[17:02:06] [4/326] TOPN
[17:02:07] [5/326] MCUS
[17:02:08] [6/326] SHRL
[17:02:09] [7/326] UPTP
[17:02:10] [8/326] TMMP
[17:02:11] [9/326] DNRP
[17:02:12] [10/326] SRLT
[17:02:12] 🔄 Identity reset
[17:02:12] 🔄 Identity rotated (every 10 requests)
[17:02:13] [11/326] RCNS
[17:02:13] [12/326] DCBH
[17:02:15] [13/326] NAGJ
[17:02:16] [14/326] JVRC
[17:02:17] [15/326] KRJG
[17:02:18] [16/326] SRTJ
[17:02:19] [17/326] CMXM
[17:02:20] [18/326] STMI
[17:02:21] [19/326] SLST
[17:02:22] [20/326] DTCN
[17:02:23] 🔄 Identity reset
[17:02:23] 🔄 Identity rotated (every 10 requests)
[17:02:23] [21/326] STYN
[17:02:25] [22/326] SZVR
[17:02:26] [23/326] SRKO
[17:02:26] [24/326] JTGT
[17:02:27] [25/326] SVFD
[17:02:28] [26/326] SISD
[17:02:29] [27/326] ABDD
[17:02:31] [28/326] DRCA
[17:02:31] [29/326] AVCS
[17:02:32] [30/326] MVKH
[17:02:33] 🔄 Identity reset
[17:02:33] 🔄 Identity rotated (every 10 requests)
[17:02:33] [31/326] ACPR
[17:02:34] [32/326] STIP
[17:02:35] [33/326] MTRA
[17:02:36] [34/326] RMKH
[17:02:37] [35/326] NKRL
[17:02:38] [36/326] PCWN
[17:02:39] [37/326] BLMT
[17:02:39] [38/326] GDPG
[17:02:41] [39/326] SRMX
[17:02:42] [40/326] JACP
[17:02:42] 🔄 Identity reset
[17:02:42] 🔄 Identity rotated (every 10 requests)
[17:02:43] [41/326] CPSH
[17:02:44] [42/326] MCCD
[17:02:45] [43/326] ECGH
[17:02:46] [44/326] MKCK
[17:02:47] [45/326] SRMM
[17:02:48] [46/326] SKYR
[17:02:50] [47/326] PCKC
[17:02:51] [48/326] JCMA
[17:02:52] [49/326] BSMP
[17:02:53] [50/326] VSPA
[17:02:53] 🔄 Identity reset
[17:02:53] 🔄 Identity rotated (every 10 requests)
[17:02:54] [51/326] DJYA
[17:02:54] [52/326] DIMP
[17:02:55] [53/326] FXDR
[17:02:56] [54/326] SSRC
[17:02:57] [55/326] STHP
[17:02:59] [56/326] CPPD
[17:03:00] [57/326] FCLK
[17:03:01] [58/326] SCPP
[17:03:01] [59/326] DCMJ
[17:03:02] [60/326] RCCR
[17:03:03] 🔄 Identity reset
[17:03:03] 🔄 Identity rotated (every 10 requests)
[17:03:03] [61/326] INMT
[17:03:04] [62/326] LXTK
[17:03:05] [63/326] SRYK
[17:03:06] [64/326] SGDK
[17:03:06] [65/326] PPKA
[17:03:07] [66/326] SPKA
[17:03:08] [67/326] CGHH
[17:03:09] [68/326] DCJN
[17:03:11] [69/326] SRKV
[17:03:11] [70/326] SAJC
[17:03:12] 🔄 Identity reset
[17:03:12] 🔄 Identity rotated (every 10 requests)
[17:03:12] [71/326] SUSR
[17:03:14] [72/326] STYG
[17:03:15] [73/326] NTKP
[17:03:16] [74/326] AKTG
[17:03:16] [75/326] CGCM
[17:03:17] [76/326] TULC
[17:03:18] [77/326] NYYZ
[17:03:19] [78/326] NYBW
[17:03:20] [79/326] MACB
[17:03:21] [80/326] SLVT
[17:03:21] 🔄 Identity reset
[17:03:21] 🔄 Identity rotated (every 10 requests)
[17:03:22] [81/326] SANA
[17:03:23] [82/326] ACMR
[17:03:24] [83/326] CPKN
[17:03:25] [84/326] DLGK
[17:03:26] [85/326] CWCK
[17:03:27] [86/326] FDDH
[17:03:28] [87/326] MMMD
[17:03:29] [88/326] CMEH
[17:03:30] [89/326] GGGV
[17:03:31] [90/326] SPJL
[17:03:32] 🔄 Identity reset
[17:03:32] 🔄 Identity rotated (every 10 requests)
[17:03:32] [91/326] RCCD
[17:03:33] [92/326] STTZ
[17:03:33] [93/326] BTCF
[17:03:34] [94/326] TSTZ
[17:03:35] [95/326] IPMM
[17:03:36] [96/326] PMPW
[17:03:37] [97/326] PCMZ
[17:03:38] [98/326] ESEM
[17:03:39] [99/326] PIPO
[17:03:40] [100/326] MATK
[17:03:41] 🔄 Identity reset
[17:03:41] 🔄 Identity rotated (every 10 requests)
[17:03:41] [101/326] PGHM
[17:03:42] [102/326] CTSR
[17:03:43] [103/326] CYKR
[17:03:44] [104/326] MSCM
[17:03:44] [105/326] RFNP
[17:03:45] [106/326] PDCP
[17:03:46] [107/326] NPSE
[17:03:47] [108/326] MKML
[17:03:48] [109/326] FTDP
[17:03:49] [110/326] MMXA
[17:03:50] 🔄 Identity reset
[17:03:50] 🔄 Identity rotated (every 10 requests)
[17:03:50] [111/326] CEPO
[17:03:51] [112/326] CMVP
[17:03:52] [113/326] SGTH
[17:03:53] [114/326] SAYN
[17:03:53] [115/326] URVS
[17:03:54] [116/326] VJTN
[17:03:56] [117/326] BBYK
[17:03:57] [118/326] SHBO
[17:03:58] [119/326] VCMR
[17:03:59] [120/326] MACT
[17:03:59] 🔄 Identity reset
[17:03:59] 🔄 Identity rotated (every 10 requests)
[17:03:59] [121/326] JMNP
[17:04:00] [122/326] VICS
[17:04:01] [123/326] VCDA
[17:04:02] [124/326] GCMM
[17:04:03] [125/326] INVS
[17:04:04] [126/326] SCGM
[17:04:05] [127/326] PCDA
[17:04:06] [128/326] KDCT
[17:04:08] [129/326] JACS
[17:04:08] [130/326] GMMC
[17:04:09] 🔄 Identity reset
[17:04:09] 🔄 Identity rotated (every 10 requests)
[17:04:09] [131/326] AICM
[17:04:10] [132/326] TJCM
[17:04:11] [133/326] RMTI
[17:04:13] [134/326] SHAC
[17:04:14] [135/326] APJC
[17:04:14] [136/326] GCTG
[17:04:15] [137/326] SSMC
[17:04:16] [138/326] THRM
[17:04:17] [139/326] RBCT
[17:04:18] [140/326] DIKT
[17:04:19] 🔄 Identity reset
[17:04:19] 🔄 Identity rotated (every 10 requests)
[17:04:19] [141/326] MIDL
[17:04:20] [142/326] VCSN
[17:04:20] [143/326] SKTG
[17:04:21] [144/326] SMWC
[17:04:22] [145/326] MNKH
[17:04:24] [146/326] PIAT
[17:04:25] [147/326] LTTP
[17:04:26] [148/326] PTPU
[17:04:27] [149/326] ACMG
[17:04:28] [150/326] SHMM
[17:04:29] 🔄 Identity reset
[17:04:29] 🔄 Identity rotated (every 10 requests)
[17:04:29] [151/326] MCMN
[17:04:30] [152/326] GLDC
[17:04:31] [153/326] HOUT
[17:04:32] [154/326] SVRP
[17:04:32] [155/326] PVDN
[17:04:33] [156/326] SCPY
[17:04:34] [157/326] DTPY
[17:04:35] [158/326] GKCS
[17:04:36] [159/326] NCAM
[17:04:37] [160/326] BSRM
[17:04:38] 🔄 Identity reset
[17:04:38] 🔄 Identity rotated (every 10 requests)
[17:04:38] [161/326] RCLC
[17:04:39] [162/326] SKKD
[17:04:40] [163/326] ACHU
[17:04:41] [164/326] RSCF
[17:04:42] [165/326] IMSH
[17:04:43] [166/326] MACX
[17:04:44] [167/326] HMMW
[17:04:45] [168/326] JTCP
[17:04:46] [169/326] SREN
[17:04:46] [170/326] PJRR
[17:04:47] 🔄 Identity reset
[17:04:47] 🔄 Identity rotated (every 10 requests)
[17:04:47] [171/326] INAC
[17:04:48] [172/326] BMCA
[17:04:49] [173/326] SHCB
[17:04:50] [174/326] GABA
[17:04:51] [175/326] SBCT
[17:04:52] [176/326] GCMA
[17:04:53] [177/326] MYTK
[17:04:54] [178/326] INZS
[17:04:55] [179/326] RMIK
[17:04:55] [180/326] NYCH
[17:04:56] 🔄 Identity reset
[17:04:56] 🔄 Identity rotated (every 10 requests)
[17:04:56] [181/326] RAVE
[17:04:57] [182/326] PSXM
[17:04:58] [183/326] MCGP
[17:04:59] [184/326] PDDK
[17:04:59] [185/326] SPCK
[17:05:01] [186/326] MCRL
[17:05:02] [187/326] MHKT
[17:05:03] [188/326] ANRR
[17:05:04] [189/326] SAPK
[17:05:04] [190/326] NCUK
[17:05:05] 🔄 Identity reset
[17:05:05] 🔄 Identity rotated (every 10 requests)
[17:05:05] [191/326] JUGA
[17:05:06] [192/326] DBSC
[17:05:07] [193/326] LALK
[17:05:09] [194/326] GUCK
[17:05:09] [195/326] STSG
[17:05:10] [196/326] PPPZ
[17:05:11] [197/326] CNCY
[17:05:12] [198/326] MTAR
[17:05:13] [199/326] VNKD
[17:05:14] [200/326] KMAJ
[17:05:14] 🔄 Identity reset
[17:05:14] 🔄 Identity rotated (every 10 requests)
[17:05:15] [201/326] ACXK
[17:05:15] [202/326] UTKC
[17:05:16] [203/326] PBLK
[17:05:17] [204/326] ACBX
[17:05:18] [205/326] PTGM
[17:05:19] [206/326] BTDA
[17:05:19] [207/326] PJMB
[17:05:20] [208/326] TPDA
[17:05:21] [209/326] AMOE
[17:05:22] [210/326] PRHT
[17:05:23] 🔄 Identity reset
[17:05:23] 🔄 Identity rotated (every 10 requests)
[17:05:23] [211/326] PRTA
[17:05:24] [212/326] STAM
[17:05:25] [213/326] MSAA
[17:05:26] [214/326] SDLU
[17:05:27] [215/326] RCHH
[17:05:28] [216/326] KANT
[17:05:29] [217/326] FCRT
[17:05:29] [218/326] DNKM
[17:05:30] [219/326] RYCP
[17:05:31] [220/326] MYRP
[17:05:32] 🔄 Identity reset
[17:05:32] 🔄 Identity rotated (every 10 requests)
[17:05:32] [221/326] PPAK
[17:05:33] [222/326] NVPK
[17:05:33] [223/326] PRMC
[17:05:34] [224/326] JBCS
[17:05:35] [225/326] GXCK
[17:05:36] [226/326] USKO
[17:05:37] [227/326] GTEM
[17:05:38] [228/326] SMBU
[17:05:39] [229/326] VETC
[17:05:40] [230/326] LCDA
[17:05:40] 🔄 Identity reset
[17:05:40] 🔄 Identity rotated (every 10 requests)
[17:05:40] [231/326] MTVT
[17:05:41] [232/326] PYCP
[17:05:42] [233/326] PNSC
[17:05:43] [234/326] PPCC
[17:05:44] [235/326] TGRT
[17:05:45] [236/326] JYOT
[17:05:46] [237/326] SRCZ
[17:05:47] [238/326] SJTE
[17:05:48] [239/326] DESC
[17:05:49] [240/326] JHVN
[17:05:50] 🔄 Identity reset
[17:05:50] 🔄 Identity rotated (every 10 requests)
[17:05:50] [241/326] IPSG
[17:05:51] [242/326] IPCM
[17:05:52] [243/326] PDRS
[17:05:52] [244/326] ANCV
[17:05:53] [245/326] CMVV
[17:05:54] [246/326] SHYP
[17:05:55] [247/326] DNCS
[17:05:56] [248/326] GAJK
[17:05:57] [249/326] AKTN
[17:05:58] [250/326] KAYA
[17:05:58] 🔄 Identity reset
[17:05:58] 🔄 Identity rotated (every 10 requests)
[17:05:59] [251/326] SBRC
[17:06:00] [252/326] CHTP
[17:06:01] [253/326] SHRT
[17:06:02] [254/326] BCKU
[17:06:03] [255/326] FCPS
[17:06:04] [256/326] ARDD
[17:06:04] [257/326] CPCM
[17:06:05] [258/326] CGSM
[17:06:06] [259/326] PSMP
[17:06:07] [260/326] SDAL
[17:06:08] 🔄 Identity reset
[17:06:08] 🔄 Identity rotated (every 10 requests)
[17:06:08] [261/326] RTNB
[17:06:09] [262/326] LMCR
[17:06:10] [263/326] CIMA
[17:06:11] [264/326] RNAS
[17:06:12] [265/326] LITH
[17:06:13] [266/326] PBOX
[17:06:14] [267/326] FRTS
[17:06:15] [268/326] RKIC
[17:06:16] [269/326] PTAI
[17:06:17] [270/326] GCIC
[17:06:18] 🔄 Identity reset
[17:06:18] 🔄 Identity rotated (every 10 requests)
[17:06:19] [271/326] FNAS
[17:06:20] [272/326] SCAR
[17:06:20] [273/326] MTCA
[17:06:22] [274/326] SCTS
[17:06:23] [275/326] SYCS
[17:06:24] [276/326] RDMS
[17:06:24] [277/326] KAMP
[17:06:25] [278/326] ERSD
[17:06:26] [279/326] MJMJ
[17:06:27] [280/326] SRCJ
[17:06:28] 🔄 Identity reset
[17:06:28] 🔄 Identity rotated (every 10 requests)
[17:06:28] [281/326] SCXE
[17:06:29] [282/326] SVFR
[17:06:30] [283/326] BHCS
[17:06:31] [284/326] IMCC
[17:06:32] [285/326] PCBO
[17:06:34] [286/326] PRVN
[17:06:35] [287/326] AUPM
[17:06:36] [288/326] INBW
[17:06:36] [289/326] SVCW
[17:06:37] [290/326] RKCF
[17:06:38] 🔄 Identity reset
[17:06:38] 🔄 Identity rotated (every 10 requests)
[17:06:38] [291/326] UVBH
[17:06:39] [292/326] DNCY
[17:06:40] [293/326] ABCN
[17:06:41] [294/326] PRUR
[17:06:42] [295/326] PFMR
[17:06:43] [296/326] RKCN
[17:06:44] [297/326] CFEA
[17:06:44] [298/326] SDBG
[17:06:45] [299/326] SNAR
[17:06:46] [300/326] YISI
[17:06:47] 🔄 Identity reset
[17:06:47] 🔄 Identity rotated (every 10 requests)
[17:06:47] [301/326] JCFF
[17:06:48] [302/326] VTRK
[17:06:49] [303/326] PCLZ
[17:06:50] [304/326] DIMY
[17:06:51] [305/326] BBTS
[17:06:52] [306/326] GATH
[17:06:53] [307/326] GTMN
[17:06:54] [308/326] VTMH
[17:06:55] [309/326] CCKP
[17:06:56] [310/326] GPKA
[17:06:56] 🔄 Identity reset
[17:06:56] 🔄 Identity rotated (every 10 requests)
[17:06:57] [311/326] MHCL
[17:06:58] [312/326] ATCL
[17:06:59] [313/326] SBCK
[17:06:59] [314/326] AMMR
[17:07:01] [315/326] MADC
[17:07:02] [316/326] TMMA
[17:07:04] [317/326] CACC
[17:07:04] [318/326] CHAL
[17:07:05] [319/326] DURG
[17:07:06] [320/326] GMKU
[17:07:07] 🔄 Identity reset
[17:07:07] 🔄 Identity rotated (every 10 requests)
[17:07:07] [321/326] GECA
[17:07:08] [322/326] KYRR
[17:07:09] [323/326] KSDE
[17:07:10] [324/326] LMCI
[17:07:11] [325/326] NKCP
[17:07:12] [326/326] BGTC
[17:07:13] 🧹 Deduping shows
[17:07:13] ✅ DONE | Shows=345 | Movies=34
[05:20:05] 🚀 SCRIPT STARTED (enhanced anti‑detection)
[05:20:05] [1/326] BSAT
[05:20:05] 🧠 New identity created
[05:20:06] [2/326] RSSM
[05:20:08] [3/326] GCTA
[05:20:09] [4/326] TOPN
[05:20:10] [5/326] MCUS
[05:20:12] [6/326] SHRL
[05:20:13] [7/326] UPTP
[05:20:13] [8/326] TMMP
[05:20:14] [9/326] DNRP
[05:20:16] [10/326] SRLT
[05:20:16] 🔄 Identity reset
[05:20:16] 🔄 Identity rotated (every 10 requests)
[05:20:18] [11/326] RCNS
[05:20:18] [12/326] DCBH
[05:20:19] [13/326] NAGJ
[05:20:21] [14/326] JVRC
[05:20:22] [15/326] KRJG
[05:20:23] [16/326] SRTJ
[05:20:24] [17/326] CMXM
[05:20:24] [18/326] STMI
[05:20:26] [19/326] SLST
[05:20:27] [20/326] DTCN
[05:20:27] 🔄 Identity reset
[05:20:27] 🔄 Identity rotated (every 10 requests)
[05:20:28] [21/326] STYN
[05:20:30] [22/326] SZVR
[05:20:32] [23/326] SRKO
[05:20:33] [24/326] JTGT
[05:20:34] [25/326] SVFD
[05:20:35] [26/326] SISD
[05:20:37] [27/326] ABDD
[05:20:38] [28/326] DRCA
[05:20:38] [29/326] AVCS
[05:20:39] [30/326] MVKH
[05:20:40] 🔄 Identity reset
[05:20:40] 🔄 Identity rotated (every 10 requests)
[05:20:40] [31/326] ACPR
[05:20:42] [32/326] STIP
[05:20:43] [33/326] MTRA
[05:20:44] [34/326] RMKH
[05:20:45] [35/326] NKRL
[05:20:46] [36/326] PCWN
[05:20:47] [37/326] BLMT
[05:20:48] [38/326] GDPG
[05:20:49] [39/326] SRMX
[05:20:50] [40/326] JACP
[05:20:51] 🔄 Identity reset
[05:20:51] 🔄 Identity rotated (every 10 requests)
[05:20:51] 🔄 Retry 1/5 for JACP in 2.9s
[05:20:51] 🔄 Identity reset
[05:20:54] 🧠 New identity created
[05:20:54] [41/326] CPSH
[05:20:55] [42/326] MCCD
[05:20:57] [43/326] ECGH
[05:20:58] [44/326] MKCK
[05:20:59] [45/326] SRMM
[05:20:59] [46/326] SKYR
[05:21:01] [47/326] PCKC
[05:21:03] [48/326] JCMA
[05:21:04] [49/326] BSMP
[05:21:05] 🔄 Identity reset
[05:21:05] 🔄 Identity rotated (every 10 requests)
[05:21:06] [50/326] VSPA
[05:21:08] [51/326] DJYA
[05:21:09] [52/326] DIMP
[05:21:10] [53/326] FXDR
[05:21:12] [54/326] SSRC
[05:21:13] [55/326] STHP
[05:21:14] [56/326] CPPD
[05:21:16] [57/326] FCLK
[05:21:17] [58/326] SCPP
[05:21:17] [59/326] DCMJ
[05:21:18] 🔄 Identity reset
[05:21:18] 🔄 Identity rotated (every 10 requests)
[05:21:19] [60/326] RCCR
[05:21:21] [61/326] INMT
[05:21:22] [62/326] LXTK
[05:21:23] [63/326] SRYK
[05:21:24] [64/326] SGDK
[05:21:25] [65/326] PPKA
[05:21:27] [66/326] SPKA
[05:21:28] [67/326] CGHH
[05:21:28] [68/326] DCJN
[05:21:29] [69/326] SRKV
[05:21:30] 🔄 Identity reset
[05:21:30] 🔄 Identity rotated (every 10 requests)
[05:21:31] [70/326] SAJC
[05:21:32] [71/326] SUSR
[05:21:33] [72/326] STYG
[05:21:35] [73/326] NTKP
[05:21:36] [74/326] AKTG
[05:21:37] [75/326] CGCM
[05:21:38] [76/326] TULC
[05:21:39] [77/326] NYYZ
[05:21:40] [78/326] NYBW
[05:21:42] [79/326] MACB
[05:21:42] 🔄 Identity reset
[05:21:42] 🔄 Identity rotated (every 10 requests)
[05:21:44] [80/326] SLVT
[05:21:45] [81/326] SANA
[05:21:45] [82/326] ACMR
[05:21:46] [83/326] CPKN
[05:21:47] [84/326] DLGK
[05:21:49] [85/326] CWCK
[05:21:50] [86/326] FDDH
[05:21:51] [87/326] MMMD
[05:21:52] [88/326] CMEH
[05:21:53] [89/326] GGGV
[05:21:54] 🔄 Identity reset
[05:21:54] 🔄 Identity rotated (every 10 requests)
[05:21:54] [90/326] SPJL
[05:21:55] [91/326] RCCD
[05:21:56] [92/326] STTZ
[05:21:57] [93/326] BTCF
[05:21:58] [94/326] TSTZ
[05:21:59] [95/326] IPMM
[05:22:00] [96/326] PMPW
[05:22:01] [97/326] PCMZ
[05:22:02] [98/326] ESEM
[05:22:03] [99/326] PIPO
[05:22:04] 🔄 Identity reset
[05:22:04] 🔄 Identity rotated (every 10 requests)
[05:22:05] [100/326] MATK
[05:22:06] [101/326] PGHM
[05:22:08] [102/326] CTSR
[05:22:10] [103/326] CYKR
[05:22:11] [104/326] MSCM
[05:22:12] [105/326] RFNP
[05:22:12] [106/326] PDCP
[05:22:13] [107/326] NPSE
[05:22:14] [108/326] MKML
[05:22:15] [109/326] FTDP
[05:22:15] 🔄 Identity reset
[05:22:15] 🔄 Identity rotated (every 10 requests)
[05:22:16] [110/326] MMXA
[05:22:18] [111/326] CEPO
[05:22:18] [112/326] CMVP
[05:22:20] [113/326] SGTH
[05:22:21] [114/326] SAYN
[05:22:22] [115/326] URVS
[05:22:23] [116/326] VJTN
[05:22:24] [117/326] BBYK
[05:22:26] [118/326] SHBO
[05:22:27] [119/326] VCMR
[05:22:28] 🔄 Identity reset
[05:22:28] 🔄 Identity rotated (every 10 requests)
[05:22:28] [120/326] MACT
[05:22:29] [121/326] JMNP
[05:22:30] [122/326] VICS
[05:22:31] [123/326] VCDA
[05:22:33] [124/326] GCMM
[05:22:34] [125/326] INVS
[05:22:35] [126/326] SCGM
[05:22:36] [127/326] PCDA
[05:22:38] [128/326] KDCT
[05:22:39] [129/326] JACS
[05:22:39] 🔄 Identity reset
[05:22:39] 🔄 Identity rotated (every 10 requests)
[05:22:40] [130/326] GMMC
[05:22:41] [131/326] AICM
[05:22:42] [132/326] TJCM
[05:22:43] [133/326] RMTI
[05:22:44] [134/326] SHAC
[05:22:45] [135/326] APJC
[05:22:47] [136/326] GCTG
[05:22:48] [137/326] SSMC
[05:22:49] [138/326] THRM
[05:22:50] [139/326] RBCT
[05:22:51] 🔄 Identity reset
[05:22:51] 🔄 Identity rotated (every 10 requests)
[05:22:52] [140/326] DIKT
[05:22:53] [141/326] MIDL
[05:22:54] [142/326] VCSN
[05:22:55] [143/326] SKTG
[05:22:56] [144/326] SMWC
[05:22:57] [145/326] MNKH
[05:22:58] [146/326] PIAT
[05:22:59] [147/326] LTTP
[05:23:01] [148/326] PTPU
[05:23:02] [149/326] ACMG
[05:23:02] 🔄 Identity reset
[05:23:02] 🔄 Identity rotated (every 10 requests)
[05:23:04] [150/326] SHMM
[05:23:05] [151/326] MCMN
[05:23:06] [152/326] GLDC
[05:23:08] [153/326] HOUT
[05:23:09] [154/326] SVRP
[05:23:10] [155/326] PVDN
[05:23:12] [156/326] SCPY
[05:23:13] [157/326] DTPY
[05:23:14] [158/326] GKCS
[05:23:16] [159/326] NCAM
[05:23:17] 🔄 Identity reset
[05:23:17] 🔄 Identity rotated (every 10 requests)
[05:23:17] [160/326] BSRM
[05:23:18] [161/326] RCLC
[05:23:19] [162/326] SKKD
[05:23:20] [163/326] ACHU
[05:23:21] [164/326] RSCF
[05:23:23] [165/326] IMSH
[05:23:25] [166/326] MACX
[05:23:26] [167/326] HMMW
[05:23:27] [168/326] JTCP
[05:23:28] [169/326] SREN
[05:23:29] 🔄 Identity reset
[05:23:29] 🔄 Identity rotated (every 10 requests)
[05:23:29] [170/326] PJRR
[05:23:30] [171/326] INAC
[05:23:31] [172/326] BMCA
[05:23:33] [173/326] SHCB
[05:23:33] [174/326] GABA
[05:23:34] [175/326] SBCT
[05:23:35] [176/326] GCMA
[05:23:36] [177/326] MYTK
[05:23:38] [178/326] INZS
[05:23:39] [179/326] RMIK
[05:23:39] 🔄 Identity reset
[05:23:39] 🔄 Identity rotated (every 10 requests)
[05:23:40] [180/326] NYCH
[05:23:41] [181/326] RAVE
[05:23:42] [182/326] PSXM
[05:23:43] [183/326] MCGP
[05:23:44] [184/326] PDDK
[05:23:45] [185/326] SPCK
[05:23:46] [186/326] MCRL
[05:23:47] [187/326] MHKT
[05:23:49] [188/326] ANRR
[05:23:50] [189/326] SAPK
[05:23:51] 🔄 Identity reset
[05:23:51] 🔄 Identity rotated (every 10 requests)
[05:23:52] [190/326] NCUK
[05:23:54] [191/326] JUGA
[05:23:55] [192/326] DBSC
[05:23:56] [193/326] LALK
[05:23:57] [194/326] GUCK
[05:23:59] [195/326] STSG
[05:24:00] [196/326] PPPZ
[05:24:01] [197/326] CNCY
[05:24:02] [198/326] MTAR
[05:24:03] [199/326] VNKD
[05:24:04] 🔄 Identity reset
[05:24:04] 🔄 Identity rotated (every 10 requests)
[05:24:05] [200/326] KMAJ
[05:24:06] [201/326] ACXK
[05:24:07] [202/326] UTKC
[05:24:08] [203/326] PBLK
[05:24:09] [204/326] ACBX
[05:24:10] [205/326] PTGM
[05:24:10] [206/326] BTDA
[05:24:11] [207/326] PJMB
[05:24:13] [208/326] TPDA
[05:24:14] [209/326] AMOE
[05:24:14] 🔄 Identity reset
[05:24:14] 🔄 Identity rotated (every 10 requests)
[05:24:15] [210/326] PRHT
[05:24:16] [211/326] PRTA
[05:24:17] [212/326] STAM
[05:24:18] [213/326] MSAA
[05:24:19] [214/326] SDLU
[05:24:20] [215/326] RCHH
[05:24:21] [216/326] KANT
[05:24:23] [217/326] FCRT
[05:24:25] [218/326] DNKM
[05:24:25] [219/326] RYCP
[05:24:26] 🔄 Identity reset
[05:24:26] 🔄 Identity rotated (every 10 requests)
[05:24:26] [220/326] MYRP
[05:24:28] [221/326] PPAK
[05:24:29] [222/326] NVPK
[05:24:30] [223/326] PRMC
[05:24:31] [224/326] JBCS
[05:24:32] [225/326] GXCK
[05:24:33] [226/326] USKO
[05:24:34] [227/326] GTEM
[05:24:35] [228/326] SMBU
[05:24:36] [229/326] VETC
[05:24:37] 🔄 Identity reset
[05:24:37] 🔄 Identity rotated (every 10 requests)
[05:24:37] [230/326] LCDA
[05:24:38] [231/326] MTVT
[05:24:39] [232/326] PYCP
[05:24:41] [233/326] PNSC
[05:24:41] [234/326] PPCC
[05:24:43] [235/326] TGRT
[05:24:44] [236/326] JYOT
[05:24:46] [237/326] SRCZ
[05:24:46] [238/326] SJTE
[05:24:48] [239/326] DESC
[05:24:49] 🔄 Identity reset
[05:24:49] 🔄 Identity rotated (every 10 requests)
[05:24:49] [240/326] JHVN
[05:24:50] [241/326] IPSG
[05:24:51] [242/326] IPCM
[05:24:52] [243/326] PDRS
[05:24:53] [244/326] ANCV
[05:24:54] [245/326] CMVV
[05:24:55] [246/326] SHYP
[05:24:56] [247/326] DNCS
[05:24:58] [248/326] GAJK
[05:25:00] [249/326] AKTN
[05:25:00] 🔄 Identity reset
[05:25:00] 🔄 Identity rotated (every 10 requests)
[05:25:01] [250/326] KAYA
[05:25:02] [251/326] SBRC
[05:25:04] [252/326] CHTP
[05:25:05] [253/326] SHRT
[05:25:06] [254/326] BCKU
[05:25:07] [255/326] FCPS
[05:25:08] [256/326] ARDD
[05:25:09] [257/326] CPCM
[05:25:10] [258/326] CGSM
[05:25:12] [259/326] PSMP
[05:25:12] 🔄 Identity reset
[05:25:12] 🔄 Identity rotated (every 10 requests)
[05:25:13] [260/326] SDAL
[05:25:14] [261/326] RTNB
[05:25:15] [262/326] LMCR
[05:25:17] [263/326] CIMA
[05:25:18] [264/326] RNAS
[05:25:19] [265/326] LITH
[05:25:20] [266/326] PBOX
[05:25:21] [267/326] FRTS
[05:25:22] [268/326] RKIC
[05:25:23] [269/326] PTAI
[05:25:23] 🔄 Identity reset
[05:25:23] 🔄 Identity rotated (every 10 requests)
[05:25:24] [270/326] GCIC
[05:25:25] [271/326] FNAS
[05:25:27] [272/326] SCAR
[05:25:28] [273/326] MTCA
[05:25:29] [274/326] SCTS
[05:25:30] [275/326] SYCS
[05:25:31] [276/326] RDMS
[05:25:31] [277/326] KAMP
[05:25:33] [278/326] ERSD
[05:25:34] [279/326] MJMJ
[05:25:35] 🔄 Identity reset
[05:25:35] 🔄 Identity rotated (every 10 requests)
[05:25:35] [280/326] SRCJ
[05:25:36] [281/326] SCXE
[05:25:37] [282/326] SVFR
[05:25:37] [283/326] BHCS
[05:25:39] [284/326] IMCC
[05:25:40] [285/326] PCBO
[05:25:41] [286/326] PRVN
[05:25:42] [287/326] AUPM
[05:25:43] [288/326] INBW
[05:25:44] [289/326] SVCW
[05:25:44] 🔄 Identity reset
[05:25:44] 🔄 Identity rotated (every 10 requests)
[05:25:44] [290/326] RKCF
[05:25:46] [291/326] UVBH
[05:25:47] [292/326] DNCY
[05:25:48] [293/326] ABCN
[05:25:49] [294/326] PRUR
[05:25:50] [295/326] PFMR
[05:25:51] [296/326] RKCN
[05:25:52] [297/326] CFEA
[05:25:54] [298/326] SDBG
[05:25:55] [299/326] SNAR
[05:25:56] 🔄 Identity reset
[05:25:56] 🔄 Identity rotated (every 10 requests)
[05:25:56] [300/326] YISI
[05:25:57] [301/326] JCFF
[05:25:58] [302/326] VTRK
[05:25:59] [303/326] PCLZ
[05:26:00] [304/326] DIMY
[05:26:01] [305/326] BBTS
[05:26:02] [306/326] GATH
[05:26:03] [307/326] GTMN
[05:26:04] [308/326] VTMH
[05:26:04] [309/326] CCKP
[05:26:05] 🔄 Identity reset
[05:26:05] 🔄 Identity rotated (every 10 requests)
[05:26:06] [310/326] GPKA
[05:26:07] [311/326] MHCL
[05:26:08] [312/326] ATCL
[05:26:09] [313/326] SBCK
[05:26:10] [314/326] AMMR
[05:26:11] [315/326] MADC
[05:26:12] [316/326] TMMA
[05:26:14] [317/326] CACC
[05:26:16] [318/326] CHAL
[05:26:17] [319/326] DURG
[05:26:17] 🔄 Identity reset
[05:26:17] 🔄 Identity rotated (every 10 requests)
[05:26:18] [320/326] GMKU
[05:26:19] [321/326] GECA
[05:26:20] [322/326] KYRR
[05:26:21] [323/326] KSDE
[05:26:22] [324/326] LMCI
[05:26:23] [325/326] NKCP
[05:26:24] [326/326] BGTC
[05:26:26] 🧹 Deduping shows
[05:26:26] ✅ DONE | Shows=467 | Movies=37
[22:30:44] 🚀 SCRIPT STARTED (enhanced anti‑detection)
[22:30:44] [1/326] BSAT
[22:30:44] 🧠 New identity created
[22:30:45] [2/326] RSSM
[22:30:46] [3/326] GCTA
[22:30:46] [4/326] TOPN
[22:30:47] [5/326] MCUS
[22:30:49] [6/326] SHRL
[22:30:50] [7/326] UPTP
[22:30:51] [8/326] TMMP
[22:30:52] [9/326] DNRP
[22:30:53] [10/326] SRLT
[22:30:53] 🔄 Identity reset
[22:30:53] 🔄 Identity rotated (every 10 requests)
[22:30:54] [11/326] RCNS
[22:30:56] [12/326] DCBH
[22:30:57] [13/326] NAGJ
[22:30:58] [14/326] JVRC
[22:30:58] [15/326] KRJG
[22:30:59] [16/326] SRTJ
[22:31:00] [17/326] CMXM
[22:31:02] [18/326] STMI
[22:31:03] [19/326] SLST
[22:31:04] [20/326] DTCN
[22:31:04] 🔄 Identity reset
[22:31:04] 🔄 Identity rotated (every 10 requests)
[22:31:05] [21/326] STYN
[22:31:06] [22/326] SZVR
[22:31:08] [23/326] SRKO
[22:31:08] [24/326] JTGT
[22:31:09] [25/326] SVFD
[22:31:10] [26/326] SISD
[22:31:11] [27/326] ABDD
[22:31:12] [28/326] DRCA
[22:31:13] [29/326] AVCS
[22:31:14] [30/326] MVKH
[22:31:14] 🔄 Identity reset
[22:31:14] 🔄 Identity rotated (every 10 requests)
[22:31:14] [31/326] ACPR
[22:31:15] [32/326] STIP
[22:31:16] [33/326] MTRA
[22:31:17] [34/326] RMKH
[22:31:18] [35/326] NKRL
[22:31:19] [36/326] PCWN
[22:31:20] [37/326] BLMT
[22:31:21] [38/326] GDPG
[22:31:22] [39/326] SRMX
[22:31:23] [40/326] JACP
[22:31:23] 🔄 Identity reset
[22:31:23] 🔄 Identity rotated (every 10 requests)
[22:31:23] [41/326] CPSH
[22:31:24] [42/326] MCCD
[22:31:25] [43/326] ECGH
[22:31:26] [44/326] MKCK
[22:31:27] [45/326] SRMM
[22:31:28] [46/326] SKYR
[22:31:30] [47/326] PCKC
[22:31:30] [48/326] JCMA
[22:31:31] [49/326] BSMP
[22:31:32] [50/326] VSPA
[22:31:33] 🔄 Identity reset
[22:31:33] 🔄 Identity rotated (every 10 requests)
[22:31:33] [51/326] DJYA
[22:31:34] [52/326] DIMP
[22:31:35] [53/326] FXDR
[22:31:36] [54/326] SSRC
[22:31:37] [55/326] STHP
[22:31:38] [56/326] CPPD
[22:31:39] [57/326] FCLK
[22:31:40] [58/326] SCPP
[22:31:41] [59/326] DCMJ
[22:31:43] [60/326] RCCR
[22:31:44] 🔄 Identity reset
[22:31:44] 🔄 Identity rotated (every 10 requests)
[22:31:44] [61/326] INMT
[22:31:45] [62/326] LXTK
[22:31:46] [63/326] SRYK
[22:31:47] [64/326] SGDK
[22:31:47] [65/326] PPKA
[22:31:48] [66/326] SPKA
[22:31:49] [67/326] CGHH
[22:31:50] [68/326] DCJN
[22:31:51] [69/326] SRKV
[22:31:52] [70/326] SAJC
[22:31:53] 🔄 Identity reset
[22:31:53] 🔄 Identity rotated (every 10 requests)
[22:31:53] [71/326] SUSR
[22:31:54] [72/326] STYG
[22:31:55] [73/326] NTKP
[22:31:56] [74/326] AKTG
[22:31:57] [75/326] CGCM
[22:31:58] [76/326] TULC
[22:31:58] [77/326] NYYZ
[22:31:59] [78/326] NYBW
[22:32:00] [79/326] MACB
[22:32:01] [80/326] SLVT
[22:32:02] 🔄 Identity reset
[22:32:02] 🔄 Identity rotated (every 10 requests)
[22:32:03] [81/326] SANA
[22:32:04] [82/326] ACMR
[22:32:05] [83/326] CPKN
[22:32:05] [84/326] DLGK
[22:32:06] [85/326] CWCK
[22:32:07] [86/326] FDDH
[22:32:08] [87/326] MMMD
[22:32:09] [88/326] CMEH
[22:32:09] [89/326] GGGV
[22:32:10] [90/326] SPJL
[22:32:11] 🔄 Identity reset
[22:32:11] 🔄 Identity rotated (every 10 requests)
[22:32:11] [91/326] RCCD
[22:32:12] [92/326] STTZ
[22:32:13] [93/326] BTCF
[22:32:14] [94/326] TSTZ
[22:32:15] [95/326] IPMM
[22:32:16] [96/326] PMPW
[22:32:16] [97/326] PCMZ
[22:32:17] [98/326] ESEM
[22:32:18] [99/326] PIPO
[22:32:19] [100/326] MATK
[22:32:20] 🔄 Identity reset
[22:32:20] 🔄 Identity rotated (every 10 requests)
[22:32:20] [101/326] PGHM
[22:32:21] [102/326] CTSR
[22:32:23] [103/326] CYKR
[22:32:24] [104/326] MSCM
[22:32:24] [105/326] RFNP
[22:32:25] [106/326] PDCP
[22:32:26] [107/326] NPSE
[22:32:27] [108/326] MKML
[22:32:28] [109/326] FTDP
[22:32:29] [110/326] MMXA
[22:32:29] 🔄 Identity reset
[22:32:29] 🔄 Identity rotated (every 10 requests)
[22:32:30] [111/326] CEPO
[22:32:31] [112/326] CMVP
[22:32:32] [113/326] SGTH
[22:32:33] [114/326] SAYN
[22:32:34] [115/326] URVS
[22:32:35] [116/326] VJTN
[22:32:35] [117/326] BBYK
[22:32:37] [118/326] SHBO
[22:32:37] [119/326] VCMR
[22:32:38] [120/326] MACT
[22:32:39] 🔄 Identity reset
[22:32:39] 🔄 Identity rotated (every 10 requests)
[22:32:39] [121/326] JMNP
[22:32:40] [122/326] VICS
[22:32:41] [123/326] VCDA
[22:32:42] [124/326] GCMM
[22:32:43] [125/326] INVS
[22:32:45] [126/326] SCGM
[22:32:45] [127/326] PCDA
[22:32:46] [128/326] KDCT
[22:32:47] [129/326] JACS
[22:32:48] [130/326] GMMC
[22:32:49] 🔄 Identity reset
[22:32:49] 🔄 Identity rotated (every 10 requests)
[22:32:49] [131/326] AICM
[22:32:50] [132/326] TJCM
[22:32:51] [133/326] RMTI
[22:32:52] [134/326] SHAC
[22:32:53] [135/326] APJC
[22:32:54] [136/326] GCTG
[22:32:55] [137/326] SSMC
[22:32:56] [138/326] THRM
[22:32:57] [139/326] RBCT
[22:32:58] [140/326] DIKT
[22:32:58] 🔄 Identity reset
[22:32:58] 🔄 Identity rotated (every 10 requests)
[22:32:59] [141/326] MIDL
[22:32:59] [142/326] VCSN
[22:33:00] [143/326] SKTG
[22:33:01] [144/326] SMWC
[22:33:02] [145/326] MNKH
[22:33:03] [146/326] PIAT
[22:33:04] [147/326] LTTP
[22:33:05] [148/326] PTPU
[22:33:05] [149/326] ACMG
[22:33:06] [150/326] SHMM
[22:33:07] 🔄 Identity reset
[22:33:07] 🔄 Identity rotated (every 10 requests)
[22:33:08] [151/326] MCMN
[22:33:10] [152/326] GLDC
[22:33:11] [153/326] HOUT
[22:33:12] [154/326] SVRP
[22:33:13] [155/326] PVDN
[22:33:14] [156/326] SCPY
[22:33:15] [157/326] DTPY
[22:33:16] [158/326] GKCS
[22:33:17] [159/326] NCAM
[22:33:18] [160/326] BSRM
[22:33:18] 🔄 Identity reset
[22:33:18] 🔄 Identity rotated (every 10 requests)
[22:33:19] [161/326] RCLC
[22:33:20] [162/326] SKKD
[22:33:21] [163/326] ACHU
[22:33:22] [164/326] RSCF
[22:33:23] [165/326] IMSH
[22:33:24] [166/326] MACX
[22:33:25] [167/326] HMMW
[22:33:26] [168/326] JTCP
[22:33:27] [169/326] SREN
[22:33:28] [170/326] PJRR
[22:33:28] 🔄 Identity reset
[22:33:28] 🔄 Identity rotated (every 10 requests)
[22:33:29] [171/326] INAC
[22:33:29] [172/326] BMCA
[22:33:30] [173/326] SHCB
[22:33:31] [174/326] GABA
[22:33:32] [175/326] SBCT
[22:33:33] [176/326] GCMA
[22:33:34] [177/326] MYTK
[22:33:35] [178/326] INZS
[22:33:36] [179/326] RMIK
[22:33:36] [180/326] NYCH
[22:33:37] 🔄 Identity reset
[22:33:37] 🔄 Identity rotated (every 10 requests)
[22:33:37] [181/326] RAVE
[22:33:38] [182/326] PSXM
[22:33:39] [183/326] MCGP
[22:33:41] [184/326] PDDK
[22:33:42] [185/326] SPCK
[22:33:43] [186/326] MCRL
[22:33:44] [187/326] MHKT
[22:33:44] [188/326] ANRR
[22:33:45] [189/326] SAPK
[22:33:47] [190/326] NCUK
[22:33:47] 🔄 Identity reset
[22:33:47] 🔄 Identity rotated (every 10 requests)
[22:33:49] [191/326] JUGA
[22:33:50] [192/326] DBSC
[22:33:51] [193/326] LALK
[22:33:51] [194/326] GUCK
[22:33:52] [195/326] STSG
[22:33:53] [196/326] PPPZ
[22:33:54] [197/326] CNCY
[22:33:55] [198/326] MTAR
[22:33:56] [199/326] VNKD
[22:33:57] [200/326] KMAJ
[22:33:58] 🔄 Identity reset
[22:33:58] 🔄 Identity rotated (every 10 requests)
[22:33:58] [201/326] ACXK
[22:33:59] [202/326] UTKC
[22:34:00] [203/326] PBLK
[22:34:01] [204/326] ACBX
[22:34:02] [205/326] PTGM
[22:34:02] [206/326] BTDA
[22:34:03] [207/326] PJMB
[22:34:04] [208/326] TPDA
[22:34:05] [209/326] AMOE
[22:34:06] [210/326] PRHT
[22:34:07] 🔄 Identity reset
[22:34:07] 🔄 Identity rotated (every 10 requests)
[22:34:08] [211/326] PRTA
[22:34:08] [212/326] STAM
[22:34:09] [213/326] MSAA
[22:34:10] [214/326] SDLU
[22:34:11] [215/326] RCHH
[22:34:12] [216/326] KANT
[22:34:13] [217/326] FCRT
[22:34:14] [218/326] DNKM
[22:34:14] [219/326] RYCP
[22:34:15] [220/326] MYRP
[22:34:16] 🔄 Identity reset
[22:34:16] 🔄 Identity rotated (every 10 requests)
[22:34:16] [221/326] PPAK
[22:34:17] [222/326] NVPK
[22:34:18] [223/326] PRMC
[22:34:19] [224/326] JBCS
[22:34:20] [225/326] GXCK
[22:34:21] [226/326] USKO
[22:34:22] [227/326] GTEM
[22:34:23] [228/326] SMBU
[22:34:24] [229/326] VETC
[22:34:25] [230/326] LCDA
[22:34:25] 🔄 Identity reset
[22:34:25] 🔄 Identity rotated (every 10 requests)
[22:34:25] [231/326] MTVT
[22:34:26] [232/326] PYCP
[22:34:27] [233/326] PNSC
[22:34:28] [234/326] PPCC
[22:34:30] [235/326] TGRT
[22:34:30] [236/326] JYOT
[22:34:31] [237/326] SRCZ
[22:34:32] [238/326] SJTE
[22:34:33] [239/326] DESC
[22:34:34] [240/326] JHVN
[22:34:34] 🔄 Identity reset
[22:34:34] 🔄 Identity rotated (every 10 requests)
[22:34:35] [241/326] IPSG
[22:34:36] [242/326] IPCM
[22:34:37] [243/326] PDRS
[22:34:38] [244/326] ANCV
[22:34:39] [245/326] CMVV
[22:34:39] [246/326] SHYP
[22:34:40] [247/326] DNCS
[22:34:41] [248/326] GAJK
[22:34:42] [249/326] AKTN
[22:34:43] [250/326] KAYA
[22:34:43] 🔄 Identity reset
[22:34:43] 🔄 Identity rotated (every 10 requests)
[22:34:44] [251/326] SBRC
[22:34:45] [252/326] CHTP
[22:34:45] [253/326] SHRT
[22:34:46] [254/326] BCKU
[22:34:47] [255/326] FCPS
[22:34:48] [256/326] ARDD
[22:34:49] [257/326] CPCM
[22:34:49] [258/326] CGSM
[22:34:51] [259/326] PSMP
[22:34:52] [260/326] SDAL
[22:34:53] 🔄 Identity reset
[22:34:53] 🔄 Identity rotated (every 10 requests)
[22:34:53] [261/326] RTNB
[22:34:54] [262/326] LMCR
[22:34:55] [263/326] CIMA
[22:34:56] [264/326] RNAS
[22:34:57] [265/326] LITH
[22:34:58] [266/326] PBOX
[22:34:58] [267/326] FRTS
[22:34:59] [268/326] RKIC
[22:35:00] [269/326] PTAI
[22:35:01] [270/326] GCIC
[22:35:02] 🔄 Identity reset
[22:35:02] 🔄 Identity rotated (every 10 requests)
[22:35:02] [271/326] FNAS
[22:35:03] [272/326] SCAR
[22:35:04] [273/326] MTCA
[22:35:04] [274/326] SCTS
[22:35:05] [275/326] SYCS
[22:35:06] [276/326] RDMS
[22:35:07] [277/326] KAMP
[22:35:08] [278/326] ERSD
[22:35:09] [279/326] MJMJ
[22:35:10] [280/326] SRCJ
[22:35:10] 🔄 Identity reset
[22:35:10] 🔄 Identity rotated (every 10 requests)
[22:35:11] [281/326] SCXE
[22:35:12] [282/326] SVFR
[22:35:13] [283/326] BHCS
[22:35:13] [284/326] IMCC
[22:35:14] [285/326] PCBO
[22:35:15] [286/326] PRVN
[22:35:16] [287/326] AUPM
[22:35:17] [288/326] INBW
[22:35:18] [289/326] SVCW
[22:35:18] [290/326] RKCF
[22:35:19] 🔄 Identity reset
[22:35:19] 🔄 Identity rotated (every 10 requests)
[22:35:19] [291/326] UVBH
[22:35:20] [292/326] DNCY
[22:35:21] [293/326] ABCN
[22:35:22] [294/326] PRUR
[22:35:23] [295/326] PFMR
[22:35:24] [296/326] RKCN
[22:35:25] [297/326] CFEA
[22:35:26] [298/326] SDBG
[22:35:27] [299/326] SNAR
[22:35:28] [300/326] YISI
[22:35:28] 🔄 Identity reset
[22:35:28] 🔄 Identity rotated (every 10 requests)
[22:35:29] [301/326] JCFF
[22:35:30] [302/326] VTRK
[22:35:31] [303/326] PCLZ
[22:35:32] [304/326] DIMY
[22:35:33] [305/326] BBTS
[22:35:33] [306/326] GATH
[22:35:34] [307/326] GTMN
[22:35:35] [308/326] VTMH
[22:35:36] [309/326] CCKP
[22:35:37] [310/326] GPKA
[22:35:38] 🔄 Identity reset
[22:35:38] 🔄 Identity rotated (every 10 requests)
[22:35:38] [311/326] MHCL
[22:35:39] [312/326] ATCL
[22:35:40] [313/326] SBCK
[22:35:40] [314/326] AMMR
[22:35:41] [315/326] MADC
[22:35:42] [316/326] TMMA
[22:35:43] [317/326] CACC
[22:35:44] [318/326] CHAL
[22:35:45] [319/326] DURG
[22:35:46] [320/326] GMKU
[22:35:46] 🔄 Identity reset
[22:35:46] 🔄 Identity rotated (every 10 requests)
[22:35:47] [321/326] GECA
[22:35:48] [322/326] KYRR
[22:35:49] [323/326] KSDE
[22:35:50] [324/326] LMCI
[22:35:50] [325/326] NKCP
[22:35:51] [326/326] BGTC
[22:35:52] 🧹 Deduping shows
[22:35:52] ✅ DONE | Shows=569 | Movies=47
[11:14:23] 🚀 SCRIPT STARTED
[11:14:23] [1/326] BSAT
[11:14:23] 🧠 New identity created
[11:14:25] [2/326] RSSM
[11:14:26] [3/326] GCTA
[11:14:27] [4/326] TOPN
[11:14:28] [5/326] MCUS
[11:14:28] [6/326] SHRL
[11:14:29] [7/326] UPTP
[11:14:30] [8/326] TMMP
[11:14:31] [9/326] DNRP
[11:14:33] [10/326] SRLT
[11:14:33] 🔄 Identity reset
[11:14:33] 🔄 Identity rotated (every 10 requests)
[11:14:34] [11/326] RCNS
[11:14:35] [12/326] DCBH
[11:14:37] [13/326] NAGJ
[11:14:37] [14/326] JVRC
[11:14:38] [15/326] KRJG
[11:14:39] [16/326] SRTJ
[11:14:40] [17/326] CMXM
[11:14:41] [18/326] STMI
[11:14:42] [19/326] SLST
[11:14:42] [20/326] DTCN
[11:14:42] 🔄 Identity reset
[11:14:42] 🔄 Identity rotated (every 10 requests)
[11:14:44] [21/326] STYN
[11:14:45] [22/326] SZVR
[11:14:45] [23/326] SRKO
[11:14:46] [24/326] JTGT
[11:14:47] [25/326] SVFD
[11:14:49] [26/326] SISD
[11:14:49] [27/326] ABDD
[11:14:50] [28/326] DRCA
[11:14:51] [29/326] AVCS
[11:14:52] [30/326] MVKH
[11:14:52] 🔄 Identity reset
[11:14:52] 🔄 Identity rotated (every 10 requests)
[11:14:53] [31/326] ACPR
[11:14:54] [32/326] STIP
[11:14:54] [33/326] MTRA
[11:14:55] [34/326] RMKH
[11:14:56] [35/326] NKRL
[11:14:57] [36/326] PCWN
[11:14:58] [37/326] BLMT
[11:14:59] [38/326] GDPG
[11:15:00] [39/326] SRMX
[11:15:01] [40/326] JACP
[11:15:01] 🔄 Identity reset
[11:15:01] 🔄 Identity rotated (every 10 requests)
[11:15:02] [41/326] CPSH
[11:15:05] [42/326] MCCD
[11:15:05] [43/326] ECGH
[11:15:06] [44/326] MKCK
[11:15:07] [45/326] SRMM
[11:15:08] [46/326] SKYR
[11:15:09] [47/326] PCKC
[11:15:10] [48/326] JCMA
[11:15:11] [49/326] BSMP
[11:15:12] [50/326] VSPA
[11:15:12] 🔄 Identity reset
[11:15:12] 🔄 Identity rotated (every 10 requests)
[11:15:14] [51/326] DJYA
[11:15:15] [52/326] DIMP
[11:15:16] [53/326] FXDR
[11:15:16] [54/326] SSRC
[11:15:18] [55/326] STHP
[11:15:19] [56/326] CPPD
[11:15:20] [57/326] FCLK
[11:15:21] [58/326] SCPP
[11:15:22] [59/326] DCMJ
[11:15:23] [60/326] RCCR
[11:15:23] 🔄 Identity reset
[11:15:23] 🔄 Identity rotated (every 10 requests)
[11:15:24] [61/326] INMT
[11:15:24] [62/326] LXTK
[11:15:25] [63/326] SRYK
[11:15:26] [64/326] SGDK
[11:15:27] [65/326] PPKA
[11:15:28] [66/326] SPKA
[11:15:29] [67/326] CGHH
[11:15:30] [68/326] DCJN
[11:15:32] [69/326] SRKV
[11:15:32] [70/326] SAJC
[11:15:32] 🔄 Identity reset
[11:15:32] 🔄 Identity rotated (every 10 requests)
[11:15:33] [71/326] SUSR
[11:15:34] [72/326] STYG
[11:15:35] [73/326] NTKP
[11:15:36] [74/326] AKTG
[11:15:37] [75/326] CGCM
[11:15:38] [76/326] TULC
[11:15:39] [77/326] NYYZ
[11:15:40] [78/326] NYBW
[11:15:41] [79/326] MACB
[11:15:42] [80/326] SLVT
[11:15:42] 🔄 Identity reset
[11:15:42] 🔄 Identity rotated (every 10 requests)
[11:15:43] [81/326] SANA
[11:15:44] [82/326] ACMR
[11:15:45] [83/326] CPKN
[11:15:46] [84/326] DLGK
[11:15:46] [85/326] CWCK
[11:15:47] [86/326] FDDH
[11:15:48] [87/326] MMMD
[11:15:49] [88/326] CMEH
[11:15:50] [89/326] GGGV
[11:15:51] [90/326] SPJL
[11:15:51] 🔄 Identity reset
[11:15:51] 🔄 Identity rotated (every 10 requests)
[11:15:52] [91/326] RCCD
[11:15:53] [92/326] STTZ
[11:15:55] [93/326] BTCF
[11:15:56] [94/326] TSTZ
[11:15:57] [95/326] IPMM
[11:15:57] [96/326] PMPW
[11:15:58] [97/326] PCMZ
[11:15:59] [98/326] ESEM
[11:16:00] [99/326] PIPO
[11:16:01] [100/326] MATK
[11:16:01] 🔄 Identity reset
[11:16:01] 🔄 Identity rotated (every 10 requests)
[11:16:02] [101/326] PGHM
[11:16:03] [102/326] CTSR
[11:16:03] [103/326] CYKR
[11:16:05] [104/326] MSCM
[11:16:06] [105/326] RFNP
[11:16:08] [106/326] PDCP
[11:16:09] [107/326] NPSE
[11:16:09] [108/326] MKML
[11:16:10] [109/326] FTDP
[11:16:11] [110/326] MMXA
[11:16:11] 🔄 Identity reset
[11:16:11] 🔄 Identity rotated (every 10 requests)
[11:16:12] [111/326] CEPO
[11:16:13] [112/326] CMVP
[11:16:14] [113/326] SGTH
[11:16:15] [114/326] SAYN
[11:16:16] [115/326] URVS
[11:16:17] [116/326] VJTN
[11:16:17] [117/326] BBYK
[11:16:18] [118/326] SHBO
[11:16:19] [119/326] VCMR
[11:16:20] [120/326] MACT
[11:16:20] 🔄 Identity reset
[11:16:20] 🔄 Identity rotated (every 10 requests)
[11:16:21] [121/326] JMNP
[11:16:22] [122/326] VICS
[11:16:23] [123/326] VCDA
[11:16:24] [124/326] GCMM
[11:16:24] [125/326] INVS
[11:16:25] [126/326] SCGM
[11:16:26] [127/326] PCDA
[11:16:27] [128/326] KDCT
[11:16:28] [129/326] JACS
[11:16:29] [130/326] GMMC
[11:16:29] 🔄 Identity reset
[11:16:29] 🔄 Identity rotated (every 10 requests)
[11:16:31] [131/326] AICM
[11:16:32] [132/326] TJCM
[11:16:33] [133/326] RMTI
[11:16:34] [134/326] SHAC
[11:16:35] [135/326] APJC
[11:16:36] [136/326] GCTG
[11:16:37] [137/326] SSMC
[11:16:38] [138/326] THRM
[11:16:39] [139/326] RBCT
[11:16:40] [140/326] DIKT
[11:16:40] 🔄 Identity reset
[11:16:40] 🔄 Identity rotated (every 10 requests)
[11:16:41] [141/326] MIDL
[11:16:42] [142/326] VCSN
[11:16:43] [143/326] SKTG
[11:16:44] [144/326] SMWC
[11:16:45] [145/326] MNKH
[11:16:47] [146/326] PIAT
[11:16:48] [147/326] LTTP
[11:16:49] [148/326] PTPU
[11:16:50] [149/326] ACMG
[11:16:51] [150/326] SHMM
[11:16:51] 🔄 Identity reset
[11:16:51] 🔄 Identity rotated (every 10 requests)
[11:16:52] [151/326] MCMN
[11:16:53] [152/326] GLDC
[11:16:54] [153/326] HOUT
[11:16:56] [154/326] SVRP
[11:16:56] [155/326] PVDN
[11:16:57] [156/326] SCPY
[11:16:59] [157/326] DTPY
[11:17:00] [158/326] GKCS
[11:17:00] [159/326] NCAM
[11:17:01] [160/326] BSRM
[11:17:01] 🔄 Identity reset
[11:17:01] 🔄 Identity rotated (every 10 requests)
[11:17:03] [161/326] RCLC
[11:17:04] [162/326] SKKD
[11:17:05] [163/326] ACHU
[11:17:06] [164/326] RSCF
[11:17:07] [165/326] IMSH
[11:17:08] [166/326] MACX
[11:17:09] [167/326] HMMW
[11:17:10] [168/326] JTCP
[11:17:11] [169/326] SREN
[11:17:12] [170/326] PJRR
[11:17:12] 🔄 Identity reset
[11:17:12] 🔄 Identity rotated (every 10 requests)
[11:17:13] [171/326] INAC
[11:17:14] [172/326] BMCA
[11:17:15] [173/326] SHCB
[11:17:15] [174/326] GABA
[11:17:16] [175/326] SBCT
[11:17:17] [176/326] GCMA
[11:17:18] [177/326] MYTK
[11:17:19] [178/326] INZS
[11:17:20] [179/326] RMIK
[11:17:21] [180/326] NYCH
[11:17:21] 🔄 Identity reset
[11:17:21] 🔄 Identity rotated (every 10 requests)
[11:17:22] [181/326] RAVE
[11:17:23] [182/326] PSXM
[11:17:25] [183/326] MCGP
[11:17:26] [184/326] PDDK
[11:17:26] [185/326] SPCK
[11:17:27] [186/326] MCRL
[11:17:28] [187/326] MHKT
[11:17:29] [188/326] ANRR
[11:17:30] [189/326] SAPK
[11:17:30] [190/326] NCUK
[11:17:30] 🔄 Identity reset
[11:17:30] 🔄 Identity rotated (every 10 requests)
[11:17:31] [191/326] JUGA
[11:17:32] [192/326] DBSC
[11:17:33] [193/326] LALK
[11:17:35] [194/326] GUCK
[11:17:35] [195/326] STSG
[11:17:36] [196/326] PPPZ
[11:17:37] [197/326] CNCY
[11:17:38] [198/326] MTAR
[11:17:39] [199/326] VNKD
[11:17:40] [200/326] KMAJ
[11:17:40] 🔄 Identity reset
[11:17:40] 🔄 Identity rotated (every 10 requests)
[11:17:41] [201/326] ACXK
[11:17:42] [202/326] UTKC
[11:17:43] [203/326] PBLK
[11:17:44] [204/326] ACBX
[11:17:45] [205/326] PTGM
[11:17:46] [206/326] BTDA
[11:17:47] [207/326] PJMB
[11:17:48] [208/326] TPDA
[11:17:49] [209/326] AMOE
[11:17:50] [210/326] PRHT
[11:17:50] 🔄 Identity reset
[11:17:50] 🔄 Identity rotated (every 10 requests)
[11:17:52] [211/326] PRTA
[11:17:53] [212/326] STAM
[11:17:54] [213/326] MSAA
[11:17:55] [214/326] SDLU
[11:17:56] [215/326] RCHH
[11:17:57] [216/326] KANT
[11:17:58] [217/326] FCRT
[11:17:59] [218/326] DNKM
[11:18:00] [219/326] RYCP
[11:18:00] [220/326] MYRP
[11:18:00] 🔄 Identity reset
[11:18:00] 🔄 Identity rotated (every 10 requests)
[11:18:02] [221/326] PPAK
[11:18:03] [222/326] NVPK
[11:18:04] [223/326] PRMC
[11:18:05] [224/326] JBCS
[11:18:05] [225/326] GXCK
[11:18:06] [226/326] USKO
[11:18:08] [227/326] GTEM
[11:18:09] [228/326] SMBU
[11:18:10] [229/326] VETC
[11:18:11] [230/326] LCDA
[11:18:11] 🔄 Identity reset
[11:18:11] 🔄 Identity rotated (every 10 requests)
[11:18:12] [231/326] MTVT
[11:18:13] [232/326] PYCP
[11:18:14] [233/326] PNSC
[11:18:15] [234/326] PPCC
[11:18:16] [235/326] TGRT
[11:18:17] [236/326] JYOT
[11:18:18] [237/326] SRCZ
[11:18:19] [238/326] SJTE
[11:18:20] [239/326] DESC
[11:18:21] [240/326] JHVN
[11:18:21] 🔄 Identity reset
[11:18:21] 🔄 Identity rotated (every 10 requests)
[11:18:23] [241/326] IPSG
[11:18:24] [242/326] IPCM
[11:18:25] [243/326] PDRS
[11:18:26] [244/326] ANCV
[11:18:27] [245/326] CMVV
[11:18:27] [246/326] SHYP
[11:18:28] [247/326] DNCS
[11:18:30] [248/326] GAJK
[11:18:31] [249/326] AKTN
[11:18:32] [250/326] KAYA
[11:18:32] 🔄 Identity reset
[11:18:32] 🔄 Identity rotated (every 10 requests)
[11:18:33] [251/326] SBRC
[11:18:34] [252/326] CHTP
[11:18:35] [253/326] SHRT
[11:18:36] [254/326] BCKU
[11:18:37] [255/326] FCPS
[11:18:38] [256/326] ARDD
[11:18:39] [257/326] CPCM
[11:18:40] [258/326] CGSM
[11:18:40] [259/326] PSMP
[11:18:41] [260/326] SDAL
[11:18:41] 🔄 Identity reset
[11:18:41] 🔄 Identity rotated (every 10 requests)
[11:18:42] [261/326] RTNB
[11:18:43] [262/326] LMCR
[11:18:45] [263/326] CIMA
[11:18:46] [264/326] RNAS
[11:18:47] [265/326] LITH
[11:18:49] [266/326] PBOX
[11:18:50] [267/326] FRTS
[11:18:51] [268/326] RKIC
[11:18:52] [269/326] PTAI
[11:18:54] [270/326] GCIC
[11:18:54] 🔄 Identity reset
[11:18:54] 🔄 Identity rotated (every 10 requests)
[11:18:55] [271/326] FNAS
[11:18:55] [272/326] SCAR
[11:18:56] [273/326] MTCA
[11:18:57] [274/326] SCTS
[11:18:58] [275/326] SYCS
[11:18:59] [276/326] RDMS
[11:19:00] [277/326] KAMP
[11:19:01] [278/326] ERSD
[11:19:02] [279/326] MJMJ
[11:19:03] [280/326] SRCJ
[11:19:03] 🔄 Identity reset
[11:19:03] 🔄 Identity rotated (every 10 requests)
[11:19:04] [281/326] SCXE
[11:19:05] [282/326] SVFR
[11:19:06] [283/326] BHCS
[11:19:07] [284/326] IMCC
[11:19:08] [285/326] PCBO
[11:19:09] [286/326] PRVN
[11:19:11] [287/326] AUPM
[11:19:12] [288/326] INBW
[11:19:12] [289/326] SVCW
[11:19:13] [290/326] RKCF
[11:19:13] 🔄 Identity reset
[11:19:13] 🔄 Identity rotated (every 10 requests)
[11:19:15] [291/326] UVBH
[11:19:15] [292/326] DNCY
[11:19:16] [293/326] ABCN
[11:19:17] [294/326] PRUR
[11:19:18] [295/326] PFMR
[11:19:19] [296/326] RKCN
[11:19:20] [297/326] CFEA
[11:19:22] [298/326] SDBG
[11:19:23] [299/326] SNAR
[11:19:23] [300/326] YISI
[11:19:23] 🔄 Identity reset
[11:19:23] 🔄 Identity rotated (every 10 requests)
[11:19:24] [301/326] JCFF
[11:19:25] [302/326] VTRK
[11:19:26] [303/326] PCLZ
[11:19:27] [304/326] DIMY
[11:19:28] [305/326] BBTS
[11:19:28] [306/326] GATH
[11:19:29] [307/326] GTMN
[11:19:30] [308/326] VTMH
[11:19:31] [309/326] CCKP
[11:19:32] [310/326] GPKA
[11:19:32] 🔄 Identity reset
[11:19:32] 🔄 Identity rotated (every 10 requests)
[11:19:34] [311/326] MHCL
[11:19:35] [312/326] ATCL
[11:19:37] [313/326] SBCK
[11:19:38] [314/326] AMMR
[11:19:39] [315/326] MADC
[11:19:40] [316/326] TMMA
[11:19:41] [317/326] CACC
[11:19:42] [318/326] CHAL
[11:19:43] [319/326] DURG
[11:19:44] [320/326] GMKU
[11:19:44] 🔄 Identity reset
[11:19:44] 🔄 Identity rotated (every 10 requests)
[11:19:45] [321/326] GECA
[11:19:46] [322/326] KYRR
[11:19:48] [323/326] KSDE
[11:19:48] [324/326] LMCI
[11:19:49] [325/326] NKCP
[11:19:50] [326/326] BGTC
[11:19:51] 🧹 Deduping shows
[11:19:51] ✅ DONE | Shows=2165 | Movies=91
[19:51:14] 🚀 SCRIPT STARTED
[19:51:14] [1/326] BSAT
[19:51:14] 🧠 New identity created
[19:51:15] [2/326] RSSM
[19:51:16] [3/326] GCTA
[19:51:17] [4/326] TOPN
[19:51:18] [5/326] MCUS
[19:51:19] [6/326] SHRL
[19:51:20] [7/326] UPTP
[19:51:21] [8/326] TMMP
[19:51:22] [9/326] DNRP
[19:51:23] [10/326] SRLT
[19:51:23] 🔄 Identity reset
[19:51:23] 🔄 Identity rotated (every 10 requests)
[19:51:24] [11/326] RCNS
[19:51:25] [12/326] DCBH
[19:51:26] [13/326] NAGJ
[19:51:27] [14/326] JVRC
[19:51:28] [15/326] KRJG
[19:51:29] [16/326] SRTJ
[19:51:30] [17/326] CMXM
[19:51:31] [18/326] STMI
[19:51:32] [19/326] SLST
[19:51:33] [20/326] DTCN
[19:51:33] 🔄 Identity reset
[19:51:33] 🔄 Identity rotated (every 10 requests)
[19:51:33] [21/326] STYN
[19:51:34] [22/326] SZVR
[19:51:35] [23/326] SRKO
[19:51:36] [24/326] JTGT
[19:51:37] [25/326] SVFD
[19:51:39] [26/326] SISD
[19:51:40] [27/326] ABDD
[19:51:41] [28/326] DRCA
[19:51:42] [29/326] AVCS
[19:51:43] [30/326] MVKH
[19:51:43] 🔄 Identity reset
[19:51:43] 🔄 Identity rotated (every 10 requests)
[19:51:44] [31/326] ACPR
[19:51:45] [32/326] STIP
[19:51:46] [33/326] MTRA
[19:51:46] [34/326] RMKH
[19:51:47] [35/326] NKRL
[19:51:48] [36/326] PCWN
[19:51:49] [37/326] BLMT
[19:51:50] [38/326] GDPG
[19:51:51] [39/326] SRMX
[19:51:52] [40/326] JACP
[19:51:52] 🔄 Identity reset
[19:51:52] 🔄 Identity rotated (every 10 requests)
[19:51:53] [41/326] CPSH
[19:51:54] [42/326] MCCD
[19:51:55] [43/326] ECGH
[19:51:56] [44/326] MKCK
[19:51:57] [45/326] SRMM
[19:51:58] [46/326] SKYR
[19:51:59] [47/326] PCKC
[19:52:00] [48/326] JCMA
[19:52:01] [49/326] BSMP
[19:52:02] [50/326] VSPA
[19:52:02] 🔄 Identity reset
[19:52:02] 🔄 Identity rotated (every 10 requests)
[19:52:03] [51/326] DJYA
[19:52:04] [52/326] DIMP
[19:52:06] [53/326] FXDR
[19:52:07] [54/326] SSRC
[19:52:08] [55/326] STHP
[19:52:09] [56/326] CPPD
[19:52:10] [57/326] FCLK
[19:52:11] [58/326] SCPP
[19:52:12] [59/326] DCMJ
[19:52:13] [60/326] RCCR
[19:52:13] 🔄 Identity reset
[19:52:13] 🔄 Identity rotated (every 10 requests)
[19:52:15] [61/326] INMT
[19:52:16] [62/326] LXTK
[19:52:17] [63/326] SRYK
[19:52:18] [64/326] SGDK
[19:52:19] [65/326] PPKA
[19:52:20] [66/326] SPKA
[19:52:20] [67/326] CGHH
[19:52:22] [68/326] DCJN
[19:52:24] [69/326] SRKV
[19:52:25] [70/326] SAJC
[19:52:25] 🔄 Identity reset
[19:52:25] 🔄 Identity rotated (every 10 requests)
[19:52:26] [71/326] SUSR
[19:52:27] [72/326] STYG
[19:52:28] [73/326] NTKP
[19:52:29] [74/326] AKTG
[19:52:30] [75/326] CGCM
[19:52:31] [76/326] TULC
[19:52:31] [77/326] NYYZ
[19:52:32] [78/326] NYBW
[19:52:34] [79/326] MACB
[19:52:35] [80/326] SLVT
[19:52:35] 🔄 Identity reset
[19:52:35] 🔄 Identity rotated (every 10 requests)
[19:52:36] [81/326] SANA
[19:52:38] [82/326] ACMR
[19:52:38] [83/326] CPKN
[19:52:40] [84/326] DLGK
[19:52:41] [85/326] CWCK
[19:52:42] [86/326] FDDH
[19:52:43] [87/326] MMMD
[19:52:44] [88/326] CMEH
[19:52:46] [89/326] GGGV
[19:52:47] [90/326] SPJL
[19:52:47] 🔄 Identity reset
[19:52:47] 🔄 Identity rotated (every 10 requests)
[19:52:48] [91/326] RCCD
[19:52:49] [92/326] STTZ
[19:52:49] [93/326] BTCF
[19:52:50] [94/326] TSTZ
[19:52:51] [95/326] IPMM
[19:52:52] [96/326] PMPW
[19:52:53] [97/326] PCMZ
[19:52:54] [98/326] ESEM
[19:52:56] [99/326] PIPO
[19:52:57] [100/326] MATK
[19:52:57] 🔄 Identity reset
[19:52:57] 🔄 Identity rotated (every 10 requests)
[19:52:58] [101/326] PGHM
[19:52:59] [102/326] CTSR
[19:53:00] [103/326] CYKR
[19:53:01] [104/326] MSCM
[19:53:02] [105/326] RFNP
[19:53:03] [106/326] PDCP
[19:53:04] [107/326] NPSE
[19:53:05] [108/326] MKML
[19:53:06] [109/326] FTDP
[19:53:07] [110/326] MMXA
[19:53:07] 🔄 Identity reset
[19:53:07] 🔄 Identity rotated (every 10 requests)
[19:53:08] [111/326] CEPO
[19:53:09] [112/326] CMVP
[19:53:10] [113/326] SGTH
[19:53:11] [114/326] SAYN
[19:53:12] [115/326] URVS
[19:53:14] [116/326] VJTN
[19:53:15] [117/326] BBYK
[19:53:16] [118/326] SHBO
[19:53:17] [119/326] VCMR
[19:53:18] [120/326] MACT
[19:53:18] 🔄 Identity reset
[19:53:18] 🔄 Identity rotated (every 10 requests)
[19:53:19] [121/326] JMNP
[19:53:20] [122/326] VICS
[19:53:21] [123/326] VCDA
[19:53:22] [124/326] GCMM
[19:53:23] [125/326] INVS
[19:53:24] [126/326] SCGM
[19:53:25] [127/326] PCDA
[19:53:26] [128/326] KDCT
[19:53:27] [129/326] JACS
[19:53:29] [130/326] GMMC
[19:53:29] 🔄 Identity reset
[19:53:29] 🔄 Identity rotated (every 10 requests)
[19:53:30] [131/326] AICM
[19:53:31] [132/326] TJCM
[19:53:31] [133/326] RMTI
[19:53:32] [134/326] SHAC
[19:53:33] [135/326] APJC
[19:53:34] [136/326] GCTG
[19:53:35] [137/326] SSMC
[19:53:36] [138/326] THRM
[19:53:37] [139/326] RBCT
[19:53:38] [140/326] DIKT
[19:53:38] 🔄 Identity reset
[19:53:38] 🔄 Identity rotated (every 10 requests)
[19:53:39] [141/326] MIDL
[19:53:40] [142/326] VCSN
[19:53:41] [143/326] SKTG
[19:53:42] [144/326] SMWC
[19:53:43] [145/326] MNKH
[19:53:45] [146/326] PIAT
[19:53:46] [147/326] LTTP
[19:53:47] [148/326] PTPU
[19:53:48] [149/326] ACMG
[19:53:49] [150/326] SHMM
[19:53:49] 🔄 Identity reset
[19:53:49] 🔄 Identity rotated (every 10 requests)
[19:53:49] [151/326] MCMN
[19:53:50] [152/326] GLDC
[19:53:51] [153/326] HOUT
[19:53:52] [154/326] SVRP
[19:53:53] [155/326] PVDN
[19:53:55] [156/326] SCPY
[19:53:55] [157/326] DTPY
[19:53:56] [158/326] GKCS
[19:53:57] [159/326] NCAM
[19:53:58] [160/326] BSRM
[19:53:58] 🔄 Identity reset
[19:53:58] 🔄 Identity rotated (every 10 requests)
[19:53:59] [161/326] RCLC
[19:54:00] [162/326] SKKD
[19:54:01] [163/326] ACHU
[19:54:02] [164/326] RSCF
[19:54:03] [165/326] IMSH
[19:54:04] [166/326] MACX
[19:54:05] [167/326] HMMW
[19:54:06] [168/326] JTCP
[19:54:07] [169/326] SREN
[19:54:09] [170/326] PJRR
[19:54:09] 🔄 Identity reset
[19:54:09] 🔄 Identity rotated (every 10 requests)
[19:54:10] [171/326] INAC
[19:54:11] [172/326] BMCA
[19:54:11] [173/326] SHCB
[19:54:13] [174/326] GABA
[19:54:13] [175/326] SBCT
[19:54:14] [176/326] GCMA
[19:54:16] [177/326] MYTK
[19:54:16] [178/326] INZS
[19:54:17] [179/326] RMIK
[19:54:18] [180/326] NYCH
[19:54:18] 🔄 Identity reset
[19:54:18] 🔄 Identity rotated (every 10 requests)
[19:54:19] [181/326] RAVE
[19:54:20] [182/326] PSXM
[19:54:22] [183/326] MCGP
[19:54:23] [184/326] PDDK
[19:54:24] [185/326] SPCK
[19:54:25] [186/326] MCRL
[19:54:25] [187/326] MHKT
[19:54:26] [188/326] ANRR
[19:54:28] [189/326] SAPK
[19:54:29] [190/326] NCUK
[19:54:29] 🔄 Identity reset
[19:54:29] 🔄 Identity rotated (every 10 requests)
[19:54:30] [191/326] JUGA
[19:54:31] [192/326] DBSC
[19:54:32] [193/326] LALK
[19:54:33] [194/326] GUCK
[19:54:33] [195/326] STSG
[19:54:34] [196/326] PPPZ
[19:54:35] [197/326] CNCY
[19:54:36] [198/326] MTAR
[19:54:38] [199/326] VNKD
[19:54:39] [200/326] KMAJ
[19:54:39] 🔄 Identity reset
[19:54:39] 🔄 Identity rotated (every 10 requests)
[19:54:40] [201/326] ACXK
[19:54:41] [202/326] UTKC
[19:54:42] [203/326] PBLK
[19:54:43] [204/326] ACBX
[19:54:43] [205/326] PTGM
[19:54:44] [206/326] BTDA
[19:54:45] [207/326] PJMB
[19:54:46] [208/326] TPDA
[19:54:47] [209/326] AMOE
[19:54:48] [210/326] PRHT
[19:54:48] 🔄 Identity reset
[19:54:48] 🔄 Identity rotated (every 10 requests)
[19:54:49] [211/326] PRTA
[19:54:50] [212/326] STAM
[19:54:51] [213/326] MSAA
[19:54:52] [214/326] SDLU
[19:54:53] [215/326] RCHH
[19:54:54] [216/326] KANT
[19:54:54] [217/326] FCRT
[19:54:55] [218/326] DNKM
[19:54:56] [219/326] RYCP
[19:54:57] [220/326] MYRP
[19:54:57] 🔄 Identity reset
[19:54:57] 🔄 Identity rotated (every 10 requests)
[19:54:58] [221/326] PPAK
[19:54:59] [222/326] NVPK
[19:55:00] [223/326] PRMC
[19:55:01] [224/326] JBCS
[19:55:02] [225/326] GXCK
[19:55:02] [226/326] USKO
[19:55:04] [227/326] GTEM
[19:55:05] [228/326] SMBU
[19:55:06] [229/326] VETC
[19:55:08] [230/326] LCDA
[19:55:08] 🔄 Identity reset
[19:55:08] 🔄 Identity rotated (every 10 requests)
[19:55:09] [231/326] MTVT
[19:55:10] [232/326] PYCP
[19:55:11] [233/326] PNSC
[19:55:12] [234/326] PPCC
[19:55:13] [235/326] TGRT
[19:55:14] [236/326] JYOT
[19:55:14] [237/326] SRCZ
[19:55:15] [238/326] SJTE
[19:55:16] [239/326] DESC
[19:55:18] [240/326] JHVN
[19:55:18] 🔄 Identity reset
[19:55:18] 🔄 Identity rotated (every 10 requests)
[19:55:18] [241/326] IPSG
[19:55:19] [242/326] IPCM
[19:55:20] [243/326] PDRS
[19:55:21] [244/326] ANCV
[19:55:22] [245/326] CMVV
[19:55:23] [246/326] SHYP
[19:55:25] [247/326] DNCS
[19:55:25] [248/326] GAJK
[19:55:26] [249/326] AKTN
[19:55:27] [250/326] KAYA
[19:55:27] 🔄 Identity reset
[19:55:27] 🔄 Identity rotated (every 10 requests)
[19:55:28] [251/326] SBRC
[19:55:29] [252/326] CHTP
[19:55:30] [253/326] SHRT
[19:55:31] [254/326] BCKU
[19:55:32] [255/326] FCPS
[19:55:32] [256/326] ARDD
[19:55:33] [257/326] CPCM
[19:55:34] [258/326] CGSM
[19:55:35] [259/326] PSMP
[19:55:36] [260/326] SDAL
[19:55:36] 🔄 Identity reset
[19:55:36] 🔄 Identity rotated (every 10 requests)
[19:55:37] [261/326] RTNB
[19:55:38] [262/326] LMCR
[19:55:39] [263/326] CIMA
[19:55:40] [264/326] RNAS
[19:55:41] [265/326] LITH
[19:55:42] [266/326] PBOX
[19:55:43] [267/326] FRTS
[19:55:43] [268/326] RKIC
[19:55:45] [269/326] PTAI
[19:55:46] [270/326] GCIC
[19:55:46] 🔄 Identity reset
[19:55:46] 🔄 Identity rotated (every 10 requests)
[19:55:47] [271/326] FNAS
[19:55:48] [272/326] SCAR
[19:55:50] [273/326] MTCA
[19:55:50] [274/326] SCTS
[19:55:51] [275/326] SYCS
[19:55:52] [276/326] RDMS
[19:55:53] [277/326] KAMP
[19:55:54] [278/326] ERSD
[19:55:55] [279/326] MJMJ
[19:55:56] [280/326] SRCJ
[19:55:56] 🔄 Identity reset
[19:55:56] 🔄 Identity rotated (every 10 requests)
[19:55:57] [281/326] SCXE
[19:55:58] [282/326] SVFR
[19:55:59] [283/326] BHCS
[19:56:00] [284/326] IMCC
[19:56:01] [285/326] PCBO
[19:56:02] [286/326] PRVN
[19:56:03] [287/326] AUPM
[19:56:04] [288/326] INBW
[19:56:05] [289/326] SVCW
[19:56:07] [290/326] RKCF
[19:56:07] 🔄 Identity reset
[19:56:07] 🔄 Identity rotated (every 10 requests)
[19:56:08] [291/326] UVBH
[19:56:09] [292/326] DNCY
[19:56:10] [293/326] ABCN
[19:56:11] [294/326] PRUR
[19:56:12] [295/326] PFMR
[19:56:13] [296/326] RKCN
[19:56:14] [297/326] CFEA
[19:56:15] [298/326] SDBG
[19:56:16] [299/326] SNAR
[19:56:17] [300/326] YISI
[19:56:17] 🔄 Identity reset
[19:56:17] 🔄 Identity rotated (every 10 requests)
[19:56:18] [301/326] JCFF
[19:56:19] [302/326] VTRK
[19:56:20] [303/326] PCLZ
[19:56:21] [304/326] DIMY
[19:56:22] [305/326] BBTS
[19:56:23] [306/326] GATH
[19:56:24] [307/326] GTMN
[19:56:25] [308/326] VTMH
[19:56:26] [309/326] CCKP
[19:56:27] [310/326] GPKA
[19:56:27] 🔄 Identity reset
[19:56:27] 🔄 Identity rotated (every 10 requests)
[19:56:27] [311/326] MHCL
[19:56:29] [312/326] ATCL
[19:56:30] [313/326] SBCK
[19:56:31] [314/326] AMMR
[19:56:32] [315/326] MADC
[19:56:33] [316/326] TMMA
[19:56:34] [317/326] CACC
[19:56:36] [318/326] CHAL
[19:56:37] [319/326] DURG
[19:56:38] [320/326] GMKU
[19:56:38] 🔄 Identity reset
[19:56:38] 🔄 Identity rotated (every 10 requests)
[19:56:39] [321/326] GECA
[19:56:40] [322/326] KYRR
[19:56:41] [323/326] KSDE
[19:56:42] [324/326] LMCI
[19:56:43] [325/326] NKCP
[19:56:44] [326/326] BGTC
[19:56:45] 🧹 Deduping shows
[19:56:45] ✅ DONE | Shows=2504 | Movies=92
[23:32:07] 🚀 SCRIPT STARTED
[23:32:07] [1/326] BSAT
[23:32:07] 🧠 New identity created
[23:32:09] [2/326] RSSM
[23:32:09] [3/326] GCTA
[23:32:10] [4/326] TOPN
[23:32:11] [5/326] MCUS
[23:32:13] [6/326] SHRL
[23:32:14] [7/326] UPTP
[23:32:15] [8/326] TMMP
[23:32:16] [9/326] DNRP
[23:32:17] [10/326] SRLT
[23:32:17] 🔄 Identity reset
[23:32:17] 🔄 Identity rotated (every 10 requests)
[23:32:18] [11/326] RCNS
[23:32:19] [12/326] DCBH
[23:32:20] [13/326] NAGJ
[23:32:21] [14/326] JVRC
[23:32:22] [15/326] KRJG
[23:32:23] [16/326] SRTJ
[23:32:24] [17/326] CMXM
[23:32:25] [18/326] STMI
[23:32:26] [19/326] SLST
[23:32:27] [20/326] DTCN
[23:32:27] 🔄 Identity reset
[23:32:27] 🔄 Identity rotated (every 10 requests)
[23:32:28] [21/326] STYN
[23:32:29] [22/326] SZVR
[23:32:30] [23/326] SRKO
[23:32:31] [24/326] JTGT
[23:32:32] [25/326] SVFD
[23:32:34] [26/326] SISD
[23:32:35] [27/326] ABDD
[23:32:36] [28/326] DRCA
[23:32:36] [29/326] AVCS
[23:32:37] [30/326] MVKH
[23:32:37] 🔄 Identity reset
[23:32:37] 🔄 Identity rotated (every 10 requests)
[23:32:39] [31/326] ACPR
[23:32:40] [32/326] STIP
[23:32:40] [33/326] MTRA
[23:32:41] [34/326] RMKH
[23:32:42] [35/326] NKRL
[23:32:43] [36/326] PCWN
[23:32:44] [37/326] BLMT
[23:32:45] [38/326] GDPG
[23:32:46] [39/326] SRMX
[23:32:47] [40/326] JACP
[23:32:47] 🔄 Identity reset
[23:32:47] 🔄 Identity rotated (every 10 requests)
[23:32:48] [41/326] CPSH
[23:32:49] [42/326] MCCD
[23:32:50] [43/326] ECGH
[23:32:51] [44/326] MKCK
[23:32:52] [45/326] SRMM
[23:32:53] [46/326] SKYR
[23:32:54] [47/326] PCKC
[23:32:55] [48/326] JCMA
[23:32:56] [49/326] BSMP
[23:32:57] [50/326] VSPA
[23:32:57] 🔄 Identity reset
[23:32:57] 🔄 Identity rotated (every 10 requests)
[23:32:58] [51/326] DJYA
[23:32:59] [52/326] DIMP
[23:32:59] [53/326] FXDR
[23:33:00] [54/326] SSRC
[23:33:02] [55/326] STHP
[23:33:03] [56/326] CPPD
[23:33:04] [57/326] FCLK
[23:33:05] [58/326] SCPP
[23:33:05] [59/326] DCMJ
[23:33:06] [60/326] RCCR
[23:33:06] 🔄 Identity reset
[23:33:06] 🔄 Identity rotated (every 10 requests)
[23:33:08] [61/326] INMT
[23:33:08] [62/326] LXTK
[23:33:09] [63/326] SRYK
[23:33:10] [64/326] SGDK
[23:33:11] [65/326] PPKA
[23:33:12] [66/326] SPKA
[23:33:13] [67/326] CGHH
[23:33:14] [68/326] DCJN
[23:33:15] [69/326] SRKV
[23:33:16] [70/326] SAJC
[23:33:16] 🔄 Identity reset
[23:33:16] 🔄 Identity rotated (every 10 requests)
[23:33:17] [71/326] SUSR
[23:33:18] [72/326] STYG
[23:33:19] [73/326] NTKP
[23:33:20] [74/326] AKTG
[23:33:21] [75/326] CGCM
[23:33:21] [76/326] TULC
[23:33:22] [77/326] NYYZ
[23:33:23] [78/326] NYBW
[23:33:24] [79/326] MACB
[23:33:25] [80/326] SLVT
[23:33:25] 🔄 Identity reset
[23:33:25] 🔄 Identity rotated (every 10 requests)
[23:33:26] [81/326] SANA
[23:33:27] [82/326] ACMR
[23:33:28] [83/326] CPKN
[23:33:29] [84/326] DLGK
[23:33:30] [85/326] CWCK
[23:33:31] [86/326] FDDH
[23:33:32] [87/326] MMMD
[23:33:33] [88/326] CMEH
[23:33:34] [89/326] GGGV
[23:33:35] [90/326] SPJL
[23:33:35] 🔄 Identity reset
[23:33:35] 🔄 Identity rotated (every 10 requests)
[23:33:36] [91/326] RCCD
[23:33:37] [92/326] STTZ
[23:33:38] [93/326] BTCF
[23:33:39] [94/326] TSTZ
[23:33:40] [95/326] IPMM
[23:33:41] [96/326] PMPW
[23:33:42] [97/326] PCMZ
[23:33:43] [98/326] ESEM
[23:33:44] [99/326] PIPO
[23:33:45] [100/326] MATK
[23:33:45] 🔄 Identity reset
[23:33:45] 🔄 Identity rotated (every 10 requests)
[23:33:46] [101/326] PGHM
[23:33:48] [102/326] CTSR
[23:33:48] [103/326] CYKR
[23:33:49] [104/326] MSCM
[23:33:50] [105/326] RFNP
[23:33:51] [106/326] PDCP
[23:33:52] [107/326] NPSE
[23:33:53] [108/326] MKML
[23:33:54] [109/326] FTDP
[23:33:55] [110/326] MMXA
[23:33:55] 🔄 Identity reset
[23:33:55] 🔄 Identity rotated (every 10 requests)
[23:33:56] [111/326] CEPO
[23:33:57] [112/326] CMVP
[23:33:57] [113/326] SGTH
[23:33:58] [114/326] SAYN
[23:33:59] [115/326] URVS
[23:34:00] [116/326] VJTN
[23:34:01] [117/326] BBYK
[23:34:02] [118/326] SHBO
[23:34:03] [119/326] VCMR
[23:34:04] [120/326] MACT
[23:34:04] 🔄 Identity reset
[23:34:04] 🔄 Identity rotated (every 10 requests)
[23:34:05] [121/326] JMNP
[23:34:06] [122/326] VICS
[23:34:06] [123/326] VCDA
[23:34:07] [124/326] GCMM
[23:34:08] [125/326] INVS
[23:34:09] [126/326] SCGM
[23:34:10] [127/326] PCDA
[23:34:11] [128/326] KDCT
[23:34:12] [129/326] JACS
[23:34:12] [130/326] GMMC
[23:34:12] 🔄 Identity reset
[23:34:12] 🔄 Identity rotated (every 10 requests)
[23:34:14] [131/326] AICM
[23:34:15] [132/326] TJCM
[23:34:16] [133/326] RMTI
[23:34:17] [134/326] SHAC
[23:34:18] [135/326] APJC
[23:34:19] [136/326] GCTG
[23:34:20] [137/326] SSMC
[23:34:21] [138/326] THRM
[23:34:21] [139/326] RBCT
[23:34:22] [140/326] DIKT
[23:34:22] 🔄 Identity reset
[23:34:22] 🔄 Identity rotated (every 10 requests)
[23:34:23] [141/326] MIDL
[23:34:24] [142/326] VCSN
[23:34:25] [143/326] SKTG
[23:34:27] [144/326] SMWC
[23:34:28] [145/326] MNKH
[23:34:29] [146/326] PIAT
[23:34:30] [147/326] LTTP
[23:34:31] [148/326] PTPU
[23:34:32] [149/326] ACMG
[23:34:32] [150/326] SHMM
[23:34:32] 🔄 Identity reset
[23:34:32] 🔄 Identity rotated (every 10 requests)
[23:34:33] [151/326] MCMN
[23:34:34] [152/326] GLDC
[23:34:35] [153/326] HOUT
[23:34:36] [154/326] SVRP
[23:34:37] [155/326] PVDN
[23:34:38] [156/326] SCPY
[23:34:39] [157/326] DTPY
[23:34:40] [158/326] GKCS
[23:34:41] [159/326] NCAM
[23:34:42] [160/326] BSRM
[23:34:42] 🔄 Identity reset
[23:34:42] 🔄 Identity rotated (every 10 requests)
[23:34:43] [161/326] RCLC
[23:34:44] [162/326] SKKD
[23:34:45] [163/326] ACHU
[23:34:46] [164/326] RSCF
[23:34:47] [165/326] IMSH
[23:34:48] [166/326] MACX
[23:34:50] [167/326] HMMW
[23:34:51] [168/326] JTCP
[23:34:52] [169/326] SREN
[23:34:53] [170/326] PJRR
[23:34:53] 🔄 Identity reset
[23:34:53] 🔄 Identity rotated (every 10 requests)
[23:34:54] [171/326] INAC
[23:34:55] [172/326] BMCA
[23:34:56] [173/326] SHCB
[23:34:57] [174/326] GABA
[23:34:58] [175/326] SBCT
[23:34:59] [176/326] GCMA
[23:35:01] [177/326] MYTK
[23:35:01] [178/326] INZS
[23:35:02] [179/326] RMIK
[23:35:03] [180/326] NYCH
[23:35:03] 🔄 Identity reset
[23:35:03] 🔄 Identity rotated (every 10 requests)
[23:35:04] [181/326] RAVE
[23:35:05] [182/326] PSXM
[23:35:07] [183/326] MCGP
[23:35:08] [184/326] PDDK
[23:35:09] [185/326] SPCK
[23:35:09] [186/326] MCRL
[23:35:10] [187/326] MHKT
[23:35:12] [188/326] ANRR
[23:35:13] [189/326] SAPK
[23:35:15] [190/326] NCUK
[23:35:15] 🔄 Identity reset
[23:35:15] 🔄 Identity rotated (every 10 requests)
[23:35:17] [191/326] JUGA
[23:35:19] [192/326] DBSC
[23:35:20] [193/326] LALK
[23:35:21] [194/326] GUCK
[23:35:22] [195/326] STSG
[23:35:23] [196/326] PPPZ
[23:35:23] [197/326] CNCY
[23:35:24] [198/326] MTAR
[23:35:25] [199/326] VNKD
[23:35:26] [200/326] KMAJ
[23:35:26] 🔄 Identity reset
[23:35:26] 🔄 Identity rotated (every 10 requests)
[23:35:27] [201/326] ACXK
[23:35:28] [202/326] UTKC
[23:35:29] [203/326] PBLK
[23:35:30] [204/326] ACBX
[23:35:31] [205/326] PTGM
[23:35:32] [206/326] BTDA
[23:35:33] [207/326] PJMB
[23:35:34] [208/326] TPDA
[23:35:35] [209/326] AMOE
[23:35:36] [210/326] PRHT
[23:35:36] 🔄 Identity reset
[23:35:36] 🔄 Identity rotated (every 10 requests)
[23:35:37] [211/326] PRTA
[23:35:38] [212/326] STAM
[23:35:39] [213/326] MSAA
[23:35:40] [214/326] SDLU
[23:35:41] [215/326] RCHH
[23:35:42] [216/326] KANT
[23:35:44] [217/326] FCRT
[23:35:45] [218/326] DNKM
[23:35:46] [219/326] RYCP
[23:35:47] [220/326] MYRP
[23:35:47] 🔄 Identity reset
[23:35:47] 🔄 Identity rotated (every 10 requests)
[23:35:48] [221/326] PPAK
[23:35:49] [222/326] NVPK
[23:35:50] [223/326] PRMC
[23:35:51] [224/326] JBCS
[23:35:52] [225/326] GXCK
[23:35:52] [226/326] USKO
[23:35:53] [227/326] GTEM
[23:35:54] [228/326] SMBU
[23:35:56] [229/326] VETC
[23:35:57] [230/326] LCDA
[23:35:57] 🔄 Identity reset
[23:35:57] 🔄 Identity rotated (every 10 requests)
[23:35:58] [231/326] MTVT
[23:35:58] [232/326] PYCP
[23:36:00] [233/326] PNSC
[23:36:00] [234/326] PPCC
[23:36:01] [235/326] TGRT
[23:36:02] [236/326] JYOT
[23:36:03] [237/326] SRCZ
[23:36:04] [238/326] SJTE
[23:36:05] [239/326] DESC
[23:36:07] [240/326] JHVN
[23:36:07] 🔄 Identity reset
[23:36:07] 🔄 Identity rotated (every 10 requests)
[23:36:08] [241/326] IPSG
[23:36:09] [242/326] IPCM
[23:36:10] [243/326] PDRS
[23:36:11] [244/326] ANCV
[23:36:12] [245/326] CMVV
[23:36:13] [246/326] SHYP
[23:36:14] [247/326] DNCS
[23:36:15] [248/326] GAJK
[23:36:16] [249/326] AKTN
[23:36:17] [250/326] KAYA
[23:36:17] 🔄 Identity reset
[23:36:17] 🔄 Identity rotated (every 10 requests)
[23:36:18] [251/326] SBRC
[23:36:19] [252/326] CHTP
[23:36:20] [253/326] SHRT
[23:36:21] [254/326] BCKU
[23:36:22] [255/326] FCPS
[23:36:23] [256/326] ARDD
[23:36:24] [257/326] CPCM
[23:36:25] [258/326] CGSM
[23:36:26] [259/326] PSMP
[23:36:28] [260/326] SDAL
[23:36:28] 🔄 Identity reset
[23:36:28] 🔄 Identity rotated (every 10 requests)
[23:36:29] [261/326] RTNB
[23:36:30] [262/326] LMCR
[23:36:31] [263/326] CIMA
[23:36:32] [264/326] RNAS
[23:36:33] [265/326] LITH
[23:36:34] [266/326] PBOX
[23:36:35] [267/326] FRTS
[23:36:37] [268/326] RKIC
[23:36:38] [269/326] PTAI
[23:36:39] [270/326] GCIC
[23:36:39] 🔄 Identity reset
[23:36:39] 🔄 Identity rotated (every 10 requests)
[23:36:40] [271/326] FNAS
[23:36:41] [272/326] SCAR
[23:36:42] [273/326] MTCA
[23:36:44] [274/326] SCTS
[23:36:45] [275/326] SYCS
[23:36:46] [276/326] RDMS
[23:36:47] [277/326] KAMP
[23:36:48] [278/326] ERSD
[23:36:49] [279/326] MJMJ
[23:36:50] [280/326] SRCJ
[23:36:50] 🔄 Identity reset
[23:36:50] 🔄 Identity rotated (every 10 requests)
[23:36:51] [281/326] SCXE
[23:36:52] [282/326] SVFR
[23:36:53] [283/326] BHCS
[23:36:54] [284/326] IMCC
[23:36:55] [285/326] PCBO
[23:36:56] [286/326] PRVN
[23:36:57] [287/326] AUPM
[23:36:58] [288/326] INBW
[23:36:59] [289/326] SVCW
[23:37:00] [290/326] RKCF
[23:37:00] 🔄 Identity reset
[23:37:00] 🔄 Identity rotated (every 10 requests)
[23:37:01] [291/326] UVBH
[23:37:02] [292/326] DNCY
[23:37:03] [293/326] ABCN
[23:37:04] [294/326] PRUR
[23:37:05] [295/326] PFMR
[23:37:06] [296/326] RKCN
[23:37:07] [297/326] CFEA
[23:37:08] [298/326] SDBG
[23:37:09] [299/326] SNAR
[23:37:10] [300/326] YISI
[23:37:10] 🔄 Identity reset
[23:37:10] 🔄 Identity rotated (every 10 requests)
[23:37:11] [301/326] JCFF
[23:37:12] [302/326] VTRK
[23:37:14] [303/326] PCLZ
[23:37:15] [304/326] DIMY
[23:37:16] [305/326] BBTS
[23:37:17] [306/326] GATH
[23:37:17] [307/326] GTMN
[23:37:18] [308/326] VTMH
[23:37:19] [309/326] CCKP
[23:37:20] [310/326] GPKA
[23:37:20] 🔄 Identity reset
[23:37:20] 🔄 Identity rotated (every 10 requests)
[23:37:21] [311/326] MHCL
[23:37:22] [312/326] ATCL
[23:37:23] [313/326] SBCK
[23:37:24] [314/326] AMMR
[23:37:25] [315/326] MADC
[23:37:26] [316/326] TMMA
[23:37:27] [317/326] CACC
[23:37:28] [318/326] CHAL
[23:37:29] [319/326] DURG
[23:37:29] [320/326] GMKU
[23:37:29] 🔄 Identity reset
[23:37:29] 🔄 Identity rotated (every 10 requests)
[23:37:30] [321/326] GECA
[23:37:31] [322/326] KYRR
[23:37:32] [323/326] KSDE
[23:37:33] [324/326] LMCI
[23:37:34] [325/326] NKCP
[23:37:35] [326/326] BGTC
[23:37:36] 🧹 Deduping shows
[23:37:36] ✅ DONE | Shows=2578 | Movies=92
