[00:16:08] 🚀 BMS DAILY TRACKER STARTED (enhanced anti‑detection)
[00:16:08] [1/456] FNDB
[00:16:09] 🧠 New identity created
[00:16:09] [2/456] AMBH
[00:16:10] [3/456] PRHN
[00:16:11] [4/456] ACPM
[00:16:13] [5/456] PVFS
[00:16:14] [6/456] AACN
[00:16:16] [7/456] ACAS
[00:16:17] [8/456] CTNR
[00:16:17] [9/456] MMAH
[00:16:18] [10/456] CPMH
[00:16:19] 🔄 Identity reset
[00:16:19] 🔄 Identity rotated (every 10 requests)
[00:16:19] [11/456] IGMH
[00:16:20] [12/456] ABCS
[00:16:21] [13/456] CMMA
[00:16:22] [14/456] GPRH
[00:16:23] [15/456] PNNG
[00:16:24] [16/456] AMCA
[00:16:25] [17/456] ISTN
[00:16:25] [18/456] PIIC
[00:16:26] [19/456] AHMH
[00:16:28] [20/456] ASHN
[00:16:28] 🔄 Identity reset
[00:16:28] 🔄 Identity rotated (every 10 requests)
[00:16:28] 🔄 Retry 1/5 for ASHN in 2.7s
[00:16:28] 🔄 Identity reset
[00:16:31] 🧠 New identity created
[00:16:32] [21/456] INHY
[00:16:33] [22/456] SRMO
[00:16:34] [23/456] PIMH
[00:16:35] [24/456] PVTS
[00:16:36] [25/456] MMCA
[00:16:37] [26/456] AKYJ
[00:16:38] [27/456] BRKH
[00:16:38] [28/456] MAHM
[00:16:39] [29/456] CPHY
[00:16:40] 🔄 Identity reset
[00:16:40] 🔄 Identity rotated (every 10 requests)
[00:16:40] [30/456] PVTP
[00:16:41] [31/456] SMMR
[00:16:42] [32/456] PVHM
[00:16:43] [33/456] SNDY
[00:16:45] [34/456] GOKU
[00:16:45] [35/456] ACEV
[00:16:46] [36/456] PVUM
[00:16:47] [37/456] VSWA
[00:16:48] [38/456] IPRS
[00:16:49] [39/456] BKMV
[00:16:49] 🔄 Identity reset
[00:16:49] 🔄 Identity rotated (every 10 requests)
[00:16:50] [40/456] PVYH
[00:16:51] [41/456] INKM
[00:16:52] [42/456] ARJU
[00:16:52] [43/456] JJPP
[00:16:53] [44/456] SSRM
[00:16:55] [45/456] HMHD
[00:16:56] [46/456] SNKH
[00:16:56] [47/456] ACHI
[00:16:57] [48/456] MRAA
[00:16:58] [49/456] INMH
[00:16:59] 🔄 Identity reset
[00:16:59] 🔄 Identity rotated (every 10 requests)
[00:16:59] [50/456] ARMH
[00:17:00] [51/456] DVRR
[00:17:00] [52/456] SUDA
[00:17:02] [53/456] MCSS
[00:17:03] [54/456] VRKC
[00:17:04] [55/456] PRCX
[00:17:05] [56/456] ASJY
[00:17:06] [57/456] MTHY
[00:17:07] [58/456] SRCM
[00:17:08] [59/456] TVHY
[00:17:08] 🔄 Identity reset
[00:17:09] 🔄 Identity rotated (every 10 requests)
[00:17:09] [60/456] STHD
[00:17:10] [61/456] CPCL
[00:17:11] [62/456] PSMJ
[00:17:11] [63/456] MRGT
[00:17:12] [64/456] ARYH
[00:17:13] [65/456] VTRB
[00:17:14] [66/456] SCHC
[00:17:15] [67/456] MRRG
[00:17:16] [68/456] SPCB
[00:17:17] [69/456] AMCM
[00:17:17] 🔄 Identity reset
[00:17:18] 🔄 Identity rotated (every 10 requests)
[00:17:18] [70/456] IVNM
[00:17:19] [71/456] TRHY
[00:17:20] [72/456] PTTH
[00:17:21] [73/456] RKMH
[00:17:22] [74/456] PRCS
[00:17:22] [75/456] VAJA
[00:17:24] [76/456] BJNG
[00:17:25] [77/456] SCVM
[00:17:26] [78/456] GNHB
[00:17:27] [79/456] TLUR
[00:17:27] 🔄 Identity reset
[00:17:27] 🔄 Identity rotated (every 10 requests)
[00:17:28] [80/456] UKCC
[00:17:29] [81/456] SRKR
[00:17:30] [82/456] RMKN
[00:17:32] [83/456] SLRT
[00:17:33] [84/456] LKMT
[00:17:34] [85/456] SSRJ
[00:17:35] [86/456] SPHT
[00:17:35] [87/456] ANTT
[00:17:36] [88/456] SRCH
[00:17:37] [89/456] SRCA
[00:17:38] 🔄 Identity reset
[00:17:38] 🔄 Identity rotated (every 10 requests)
[00:17:38] [90/456] ARTH
[00:17:39] [91/456] MCBH
[00:17:39] [92/456] SNIB
[00:17:40] [93/456] SART
[00:17:41] [94/456] SKTA
[00:17:42] [95/456] YAKT
[00:17:43] [96/456] MLCK
[00:17:44] [97/456] ANTS
[00:17:44] [98/456] DGCA
[00:17:45] [99/456] SGMP
[00:17:46] 🔄 Identity reset
[00:17:46] 🔄 Identity rotated (every 10 requests)
[00:17:46] [100/456] ASWN
[00:17:47] [101/456] KFVU
[00:17:48] [102/456] POOR
[00:17:50] [103/456] GKDN
[00:17:51] [104/456] EOSE
[00:17:52] [105/456] GTTT
[00:17:53] [106/456] ARRO
[00:17:54] [107/456] CMMK
[00:17:55] [108/456] MSCN
[00:17:56] [109/456] GDKH
[00:17:56] 🔄 Identity reset
[00:17:56] 🔄 Identity rotated (every 10 requests)
[00:17:56] [110/456] DLMT
[00:17:57] [111/456] PVMF
[00:17:58] [112/456] CPCK
[00:17:59] [113/456] VMHE
[00:18:00] [114/456] PVLC
[00:18:01] [115/456] PCVB
[00:18:02] [116/456] SNYK
[00:18:03] [117/456] KTEK
[00:18:04] [118/456] PCNM
[00:18:05] [119/456] NTTR
[00:18:05] 🔄 Identity reset
[00:18:05] 🔄 Identity rotated (every 10 requests)
[00:18:05] [120/456] CPSK
[00:18:06] [121/456] JMMA
[00:18:07] [122/456] GCFK
[00:18:08] [123/456] MYCA
[00:18:08] [124/456] KSNP
[00:18:09] [125/456] PMCE
[00:18:10] [126/456] SCKI
[00:18:11] [127/456] FSMA
[00:18:11] [128/456] CETA
[00:18:12] [129/456] MCIK
[00:18:13] 🔄 Identity reset
[00:18:13] 🔄 Identity rotated (every 10 requests)
[00:18:13] [130/456] MYCR
[00:18:14] [131/456] EVMP
[00:18:14] [132/456] SSGT
[00:18:15] [133/456] KCTK
[00:18:16] [134/456] ZTKC
[00:18:17] [135/456] MMTA
[00:18:18] [136/456] MAJT
[00:18:19] [137/456] ACPK
[00:18:20] [138/456] JMAX
[00:18:21] [139/456] SETK
[00:18:21] 🔄 Identity reset
[00:18:21] 🔄 Identity rotated (every 10 requests)
[00:18:21] [140/456] CAIS
[00:18:22] [141/456] AGCD
[00:18:23] [142/456] URCL
[00:18:24] [143/456] VTDS
[00:18:25] [144/456] JCNM
[00:18:25] [145/456] KCAM
[00:18:26] [146/456] ADCU
[00:18:26] [147/456] GXYN
[00:18:27] [148/456] SMJG
[00:18:28] [149/456] EYCJ
[00:18:29] 🔄 Identity reset
[00:18:29] 🔄 Identity rotated (every 10 requests)
[00:18:30] [150/456] CCEJ
[00:18:31] [151/456] MARS
[00:18:32] [152/456] CPVJ
[00:18:33] [153/456] INVP
[00:18:34] [154/456] CPOV
[00:18:35] [155/456] VIJK
[00:18:35] [156/456] LAIM
[00:18:36] [157/456] STHV
[00:18:37] [158/456] SVLJ
[00:18:38] [159/456] ATVJ
[00:18:38] 🔄 Identity reset
[00:18:39] 🔄 Identity rotated (every 10 requests)
[00:18:39] [160/456] JTSC
[00:18:40] [161/456] RMTV
[00:18:41] [162/456] MGGG
[00:18:42] [163/456] SWTH
[00:18:43] [164/456] INVJ
[00:18:44] [165/456] PRSV
[00:18:44] [166/456] JATV
[00:18:45] [167/456] RCVD
[00:18:46] [168/456] BDMA
[00:18:46] [169/456] BLJI
[00:18:47] 🔄 Identity reset
[00:18:47] 🔄 Identity rotated (every 10 requests)
[00:18:47] [170/456] SWOT
[00:18:48] [171/456] SWRN
[00:18:49] [172/456] TVRA
[00:18:50] [173/456] NVRN
[00:18:51] [174/456] SIKC
[00:18:51] [175/456] VAKR
[00:18:52] [176/456] SYLN
[00:18:53] [177/456] KLJL
[00:18:54] [178/456] LKMY
[00:18:55] [179/456] VSLY
[00:18:56] 🔄 Identity reset
[00:18:56] 🔄 Identity rotated (every 10 requests)
[00:18:56] [180/456] CIKO
[00:18:57] [181/456] GPBG
[00:18:58] [182/456] CECM
[00:18:59] [183/456] SLKB
[00:19:00] [184/456] MTBO
[00:19:01] [185/456] SSHB
[00:19:02] [186/456] VPCS
[00:19:02] [187/456] RCSR
[00:19:03] [188/456] RJRM
[00:19:04] [189/456] KPPB
[00:19:04] 🔄 Identity reset
[00:19:04] 🔄 Identity rotated (every 10 requests)
[00:19:04] [190/456] SEDC
[00:19:05] [191/456] SCAI
[00:19:06] [192/456] RMTR
[00:19:07] [193/456] ASST
[00:19:08] [194/456] GCAK
[00:19:08] [195/456] ANNK
[00:19:09] [196/456] KDDF
[00:19:10] [197/456] NRDP
[00:19:11] [198/456] PLAK
[00:19:12] [199/456] GCMC
[00:19:13] 🔄 Identity reset
[00:19:13] 🔄 Identity rotated (every 10 requests)
[00:19:13] [200/456] ALPY
[00:19:14] [201/456] SICE
[00:19:15] [202/456] SISR
[00:19:16] [203/456] SRPZ
[00:19:17] [204/456] SRSW
[00:19:18] [205/456] SUYA
[00:19:19] [206/456] AMMT
[00:19:19] [207/456] BHCU
[00:19:21] [208/456] KLPA
[00:19:22] [209/456] NVKH
[00:19:22] 🔄 Identity reset
[00:19:22] 🔄 Identity rotated (every 10 requests)
[00:19:24] [210/456] JMRC
[00:19:25] [211/456] KTTT
[00:19:26] [212/456] MAGH
[00:19:27] [213/456] MMMX
[00:19:28] [214/456] SALJ
[00:19:28] [215/456] GTJA
[00:19:29] [216/456] MAHT
[00:19:30] [217/456] SSNN
[00:19:31] [218/456] ARRP
[00:19:32] [219/456] ATNS
[00:19:33] 🔄 Identity reset
[00:19:33] 🔄 Identity rotated (every 10 requests)
[00:19:33] [220/456] SKDT
[00:19:34] [221/456] ACAT
[00:19:35] [222/456] APRC
[00:19:35] [223/456] SWAG
[00:19:36] [224/456] SDPT
[00:19:37] [225/456] STPS
[00:19:38] [226/456] WWCZ
[00:19:39] [227/456] LLCH
[00:19:40] [228/456] MZHA
[00:19:41] [229/456] CRJG
[00:19:41] 🔄 Identity reset
[00:19:41] 🔄 Identity rotated (every 10 requests)
[00:19:41] [230/456] JGTK
[00:19:42] [231/456] KCSR
[00:19:43] [232/456] CHTL
[00:19:44] [233/456] EDSR
[00:19:44] [234/456] CSWO
[00:19:46] [235/456] CPVM
[00:19:47] [236/456] MXBY
[00:19:48] [237/456] FMMA
[00:19:48] [238/456] POVI
[00:19:49] [239/456] MTHB
[00:19:50] 🔄 Identity reset
[00:19:50] 🔄 Identity rotated (every 10 requests)
[00:19:50] 🔄 Retry 1/5 for MTHB in 2.2s
[00:19:50] 🔄 Identity reset
[00:19:52] 🧠 New identity created
[00:19:52] [240/456] INRC
[00:19:53] [241/456] PIPP
[00:19:54] [242/456] BMXC
[00:19:55] [243/456] PCMM
[00:19:56] [244/456] PMKM
[00:19:57] [245/456] GATY
[00:19:57] [246/456] IMCM
[00:19:58] [247/456] POPE
[00:19:59] [248/456] MTCR
[00:19:59] 🔄 Identity reset
[00:19:59] 🔄 Identity rotated (every 10 requests)
[00:19:59] [249/456] PVAE
[00:20:00] [250/456] PVMI
[00:20:01] [251/456] CPNM
[00:20:02] [252/456] FMRL
[00:20:03] [253/456] MCIW
[00:20:03] [254/456] MXBO
[00:20:04] [255/456] FMKY
[00:20:05] [256/456] FMDA
[00:20:07] [257/456] THAB
[00:20:08] [258/456] PRCW
[00:20:08] 🔄 Identity reset
[00:20:08] 🔄 Identity rotated (every 10 requests)
[00:20:09] [259/456] PITI
[00:20:10] [260/456] MCFF
[00:20:11] [261/456] PDDV
[00:20:11] [262/456] MCRM
[00:20:12] [263/456] KKMB
[00:20:12] [264/456] INKO
[00:20:13] [265/456] PLXP
[00:20:14] [266/456] MMHA
[00:20:15] [267/456] FMVS
[00:20:16] [268/456] POLM
[00:20:16] 🔄 Identity reset
[00:20:16] 🔄 Identity rotated (every 10 requests)
[00:20:16] 🔄 Retry 1/5 for POLM in 2.4s
[00:20:16] 🔄 Identity reset
[00:20:19] 🧠 New identity created
[00:20:19] [269/456] STER
[00:20:20] [270/456] PVWJ
[00:20:21] [271/456] IMJW
[00:20:22] [272/456] FNAN
[00:20:23] [273/456] CAGL
[00:20:24] [274/456] IPBG
[00:20:25] [275/456] SMFV
[00:20:25] [276/456] MMMR
[00:20:26] [277/456] MMWM
[00:20:27] 🔄 Identity reset
[00:20:27] 🔄 Identity rotated (every 10 requests)
[00:20:27] [278/456] FNCM
[00:20:28] [279/456] MDVA
[00:20:29] [280/456] MMET
[00:20:29] [281/456] MIDO
[00:20:30] [282/456] INNP
[00:20:31] [283/456] MIFU
[00:20:31] [284/456] MMSZ
[00:20:32] [285/456] BMXA
[00:20:33] [286/456] MCAA
[00:20:34] [287/456] SCVP
[00:20:34] 🔄 Identity reset
[00:20:34] 🔄 Identity rotated (every 10 requests)
[00:20:34] [288/456] PLUS
[00:20:35] [289/456] MUCK
[00:20:36] [290/456] MTMA
[00:20:37] [291/456] HPVR
[00:20:37] [292/456] PMPK
[00:20:38] [293/456] MAJB
[00:20:39] [294/456] CTRR
[00:20:40] [295/456] MCTG
[00:20:40] [296/456] MACE
[00:20:41] [297/456] AAAS
[00:20:41] 🔄 Identity reset
[00:20:42] 🔄 Identity rotated (every 10 requests)
[00:20:42] [298/456] CPVV
[00:20:43] [299/456] RCHG
[00:20:43] [300/456] MCNE
[00:20:44] [301/456] EMNC
[00:20:45] [302/456] MCAN
[00:20:46] [303/456] TCDM
[00:20:47] [304/456] IRGT
[00:20:47] [305/456] GCMG
[00:20:48] [306/456] MXSN
[00:20:49] [307/456] MXCK
[00:20:50] 🔄 Identity reset
[00:20:50] 🔄 Identity rotated (every 10 requests)
[00:20:50] [308/456] MCRC
[00:20:51] [309/456] RSMI
[00:20:52] [310/456] WAML
[00:20:53] [311/456] MTSC
[00:20:54] [312/456] FMDR
[00:20:54] [313/456] LEPV
[00:20:55] [314/456] MTGD
[00:20:56] [315/456] IMOB
[00:20:57] [316/456] CLMM
[00:20:58] [317/456] PZCD
[00:20:58] 🔄 Identity reset
[00:20:58] 🔄 Identity rotated (every 10 requests)
[00:20:59] [318/456] GOCS
[00:20:59] [319/456] KCMA
[00:21:01] [320/456] CCMP
[00:21:02] [321/456] MTSU
[00:21:03] [322/456] SNGL
[00:21:03] [323/456] MMMC
[00:21:04] [324/456] MMAA
[00:21:05] [325/456] GCDM
[00:21:06] [326/456] KTMV
[00:21:06] [327/456] AETE
[00:21:07] 🔄 Identity reset
[00:21:07] 🔄 Identity rotated (every 10 requests)
[00:21:07] 🔄 Retry 1/5 for AETE in 2.9s
[00:21:07] 🔄 Identity reset
[00:21:10] 🧠 New identity created
[00:21:10] [328/456] OMCS
[00:21:11] [329/456] GDCD
[00:21:13] [330/456] NYMD
[00:21:14] [331/456] RNCV
[00:21:16] [332/456] KKMT
[00:21:17] [333/456] GDTH
[00:21:18] [334/456] KMMV
[00:21:19] [335/456] NHCG
[00:21:20] [336/456] PJDW
[00:21:21] 🔄 Identity reset
[00:21:21] 🔄 Identity rotated (every 10 requests)
[00:21:21] [337/456] MMCV
[00:21:21] [338/456] FQSA
[00:21:22] [339/456] KURL
[00:21:22] [340/456] NNNX
[00:21:23] [341/456] AMAU
[00:21:24] [342/456] VVVM
[00:21:25] [343/456] VECU
[00:21:26] [344/456] WCVR
[00:21:27] [345/456] MTGG
[00:21:27] [346/456] SGTG
[00:21:28] 🔄 Identity reset
[00:21:28] 🔄 Identity rotated (every 10 requests)
[00:21:28] [347/456] MNTG
[00:21:30] [348/456] JDDG
[00:21:30] [349/456] MBTK
[00:21:31] [350/456] SGCD
[00:21:32] [351/456] MCTC
[00:21:33] [352/456] JTPC
[00:21:34] [353/456] SDKT
[00:21:34] [354/456] KRCC
[00:21:35] [355/456] RMMD
[00:21:36] [356/456] AAME
[00:21:36] 🔄 Identity reset
[00:21:36] 🔄 Identity rotated (every 10 requests)
[00:21:37] [357/456] TMWC
[00:21:38] [358/456] NRWY
[00:21:39] [359/456] CITD
[00:21:40] [360/456] VERD
[00:21:41] [361/456] MKSK
[00:21:41] [362/456] STSM
[00:21:42] [363/456] MJDG
[00:21:43] [364/456] RKPM
[00:21:44] [365/456] SSCE
[00:21:45] [366/456] VMAE
[00:21:45] 🔄 Identity reset
[00:21:45] 🔄 Identity rotated (every 10 requests)
[00:21:45] [367/456] SBRU
[00:21:46] [368/456] AMBC
[00:21:47] [369/456] AMLU
[00:21:48] [370/456] INVZ
[00:21:49] [371/456] LGTV
[00:21:49] [372/456] SVAD
[00:21:50] [373/456] SMSA
[00:21:51] [374/456] SPCZ
[00:21:52] [375/456] GTCX
[00:21:53] [376/456] SCSL
[00:21:53] 🔄 Identity reset
[00:21:53] 🔄 Identity rotated (every 10 requests)
[00:21:53] [377/456] SAHU
[00:21:54] [378/456] NCDA
[00:21:55] [379/456] SCCG
[00:21:56] [380/456] VKTL
[00:21:57] [381/456] PUUJ
[00:21:57] [382/456] STEJ
[00:21:58] [383/456] RJAL
[00:21:59] [384/456] ACJC
[00:22:00] [385/456] ARVB
[00:22:00] [386/456] AUBB
[00:22:01] 🔄 Identity reset
[00:22:01] 🔄 Identity rotated (every 10 requests)
[00:22:01] [387/456] GDBR
[00:22:02] [388/456] PVND
[00:22:03] [389/456] BGRJ
[00:22:04] [390/456] RJMM
[00:22:04] [391/456] MCSA
[00:22:06] [392/456] BODA
[00:22:06] [393/456] JAGG
[00:22:07] [394/456] SCGA
[00:22:08] [395/456] LRCM
[00:22:09] [396/456] CPCN
[00:22:09] 🔄 Identity reset
[00:22:09] 🔄 Identity rotated (every 10 requests)
[00:22:10] [397/456] SSTF
[00:22:11] [398/456] SRXP
[00:22:12] [399/456] CNFX
[00:22:12] [400/456] ANDI
[00:22:13] [401/456] SYEW
[00:22:14] [402/456] RCRE
[00:22:15] [403/456] SCRW
[00:22:16] [404/456] MBKR
[00:22:17] [405/456] ASNT
[00:22:18] [406/456] JTMT
[00:22:18] 🔄 Identity reset
[00:22:18] 🔄 Identity rotated (every 10 requests)
[00:22:19] [407/456] SHAY
[00:22:19] [408/456] VRTH
[00:22:20] [409/456] SPTI
[00:22:21] [410/456] DPTD
[00:22:22] [411/456] TGSN
[00:22:23] [412/456] RCWV
[00:22:23] [413/456] OCUR
[00:22:25] [414/456] KSTC
[00:22:26] [415/456] SANI
[00:22:27] [416/456] MLCA
[00:22:27] 🔄 Identity reset
[00:22:27] 🔄 Identity rotated (every 10 requests)
[00:22:27] 🔄 Retry 1/5 for MLCA in 2.2s
[00:22:27] 🔄 Identity reset
[00:22:29] 🧠 New identity created
[00:22:30] [417/456] EGCA
[00:22:30] [418/456] SYSN
[00:22:31] [419/456] PKTA
[00:22:32] [420/456] PRCC
[00:22:33] [421/456] KSTR
[00:22:34] [422/456] SNTP
[00:22:35] [423/456] RCHA
[00:22:35] [424/456] SEEA
[00:22:36] [425/456] ALAT
[00:22:37] 🔄 Identity reset
[00:22:37] 🔄 Identity rotated (every 10 requests)
[00:22:37] [426/456] AATV
[00:22:38] [427/456] RJTE
[00:22:39] [428/456] AAPP
[00:22:40] [429/456] PMMH
[00:22:41] [430/456] INRJ
[00:22:42] [431/456] SARB
[00:22:42] [432/456] PCJL
[00:22:43] [433/456] PFJJ
[00:22:44] [434/456] GRDC
[00:22:45] [435/456] BCBA
[00:22:45] 🔄 Identity reset
[00:22:45] 🔄 Identity rotated (every 10 requests)
[00:22:46] [436/456] VIXL
[00:22:46] [437/456] CSTL
[00:22:48] [438/456] MTDK
[00:22:49] [439/456] TDAC
[00:22:49] [440/456] GTDN
[00:22:50] [441/456] TTDE
[00:22:51] [442/456] ASTS
[00:22:52] [443/456] CPNS
[00:22:54] [444/456] PVVW
[00:22:55] [445/456] USEB
[00:22:55] 🔄 Identity reset
[00:22:56] 🔄 Identity rotated (every 10 requests)
[00:22:56] [446/456] DTYN
[00:22:57] [447/456] PVLE
[00:22:58] [448/456] CIPS
[00:22:59] [449/456] PAEG
[00:23:00] [450/456] PTCW
[00:23:00] [451/456] G3SR
[00:23:01] [452/456] PGND
[00:23:02] [453/456] INVM
[00:23:03] [454/456] SPIA
[00:23:04] [455/456] PCSN
[00:23:04] 🔄 Identity reset
[00:23:04] 🔄 Identity rotated (every 10 requests)
[00:23:05] [456/456] PPGV
[00:23:05] ✅ DONE | Shows=0 | Movies=0
