[00:16:23] 🚀 BMS DAILY TRACKER STARTED (enhanced anti‑detection)
[00:16:23] [1/326] VCHA
[00:16:23] 🧠 New identity created
[00:16:24] [2/326] SCKO
[00:16:25] [3/326] VKTK
[00:16:26] [4/326] DXEC
[00:16:26] [5/326] CDCA
[00:16:27] [6/326] VBCZ
[00:16:28] [7/326] MSDR
[00:16:29] [8/326] ACPV
[00:16:30] [9/326] PVHB
[00:16:31] [10/326] RCNH
[00:16:32] 🔄 Identity reset
[00:16:32] 🔄 Identity rotated (every 10 requests)
[00:16:33] [11/326] IOMH
[00:16:33] [12/326] ILKS
[00:16:34] [13/326] AMSN
[00:16:35] [14/326] ANTP
[00:16:37] [15/326] SSEK
[00:16:38] [16/326] PICP
[00:16:39] [17/326] SICO
[00:16:40] [18/326] SISP
[00:16:41] [19/326] SCPI
[00:16:42] [20/326] CRPR
[00:16:42] 🔄 Identity reset
[00:16:42] 🔄 Identity rotated (every 10 requests)
[00:16:42] 🔄 Retry 1/5 for CRPR in 2.5s
[00:16:42] 🔄 Identity reset
[00:16:45] 🧠 New identity created
[00:16:45] [21/326] DCTW
[00:16:46] [22/326] DCSP
[00:16:47] [23/326] KRPM
[00:16:48] [24/326] THKK
[00:16:49] [25/326] SNMY
[00:16:50] [26/326] AKCC
[00:16:51] [27/326] PCAT
[00:16:52] [28/326] RFGO
[00:16:53] [29/326] GGCS
[00:16:54] 🔄 Identity reset
[00:16:54] 🔄 Identity rotated (every 10 requests)
[00:16:54] 🔄 Retry 1/5 for GGCS in 2.1s
[00:16:54] 🔄 Identity reset
[00:16:56] 🧠 New identity created
[00:16:57] [30/326] ACKR
[00:16:57] [31/326] STDO
[00:16:58] [32/326] ACKB
[00:16:59] [33/326] ALUC
[00:17:00] [34/326] MNSR
[00:17:01] [35/326] CSSL
[00:17:02] [36/326] BGGM
[00:17:03] [37/326] MANT
[00:17:04] [38/326] SOOY
[00:17:04] 🔄 Identity reset
[00:17:04] 🔄 Identity rotated (every 10 requests)
[00:17:05] [39/326] VPPK
[00:17:05] [40/326] MYHJ
[00:17:06] [41/326] KSCK
[00:17:07] [42/326] KATK
[00:17:08] [43/326] RTRT
[00:17:09] [44/326] SSTT
[00:17:11] [45/326] SSTV
[00:17:12] [46/326] LACM
[00:17:13] [47/326] SGMG
[00:17:14] [48/326] KACX
[00:17:15] 🔄 Identity reset
[00:17:15] 🔄 Identity rotated (every 10 requests)
[00:17:15] [49/326] GVCP
[00:17:16] [50/326] CSNC
[00:17:17] [51/326] SXCB
[00:17:18] [52/326] BAHS
[00:17:19] [53/326] PCBI
[00:17:19] [54/326] PSSM
[00:17:20] [55/326] RCOK
[00:17:22] [56/326] SCPF
[00:17:23] [57/326] SSAS
[00:17:24] [58/326] EVMM
[00:17:25] 🔄 Identity reset
[00:17:25] 🔄 Identity rotated (every 10 requests)
[00:17:25] [59/326] SYCB
[00:17:26] [60/326] GCKI
[00:17:27] [61/326] IAET
[00:17:28] [62/326] DDTD
[00:17:29] [63/326] GMDH
[00:17:30] [64/326] STLE
[00:17:30] [65/326] JTRA
[00:17:31] [66/326] RPPA
[00:17:32] [67/326] ARUT
[00:17:33] [68/326] JTVM
[00:17:34] 🔄 Identity reset
[00:17:34] 🔄 Identity rotated (every 10 requests)
[00:17:34] [69/326] SWRH
[00:17:35] [70/326] DCPC
[00:17:36] [71/326] RAPR
[00:17:37] [72/326] GCRT
[00:17:38] [73/326] ATUN
[00:17:39] [74/326] LTRM
[00:17:40] [75/326] TASR
[00:17:41] [76/326] RLLC
[00:17:42] [77/326] MABI
[00:17:43] [78/326] SVHB
[00:17:44] 🔄 Identity reset
[00:17:44] 🔄 Identity rotated (every 10 requests)
[00:17:44] 🔄 Retry 1/5 for SVHB in 2.8s
[00:17:44] 🔄 Identity reset
[00:17:46] 🧠 New identity created
[00:17:47] [79/326] NVTB
[00:17:48] [80/326] KCKG
[00:17:48] [81/326] SSRN
[00:17:49] [82/326] VDDC
[00:17:50] [83/326] GKTK
[00:17:51] [84/326] YFSN
[00:17:52] [85/326] GCSG
[00:17:53] [86/326] ESSM
[00:17:54] [87/326] KRIH
[00:17:55] 🔄 Identity reset
[00:17:55] 🔄 Identity rotated (every 10 requests)
[00:17:55] [88/326] GCDS
[00:17:56] [89/326] CCSH
[00:17:57] [90/326] ACSK
[00:17:58] [91/326] APRK
[00:18:00] [92/326] ADKM
[00:18:01] [93/326] SRDM
[00:18:02] [94/326] SJMY
[00:18:03] [95/326] PGGC
[00:18:04] [96/326] INGM
[00:18:05] [97/326] LSCB
[00:18:06] 🔄 Identity reset
[00:18:06] 🔄 Identity rotated (every 10 requests)
[00:18:06] [98/326] STAD
[00:18:07] [99/326] MCCR
[00:18:08] [100/326] ABCC
[00:18:09] [101/326] RKCC
[00:18:10] [102/326] RTCR
[00:18:11] [103/326] GGBC
[00:18:12] [104/326] GCSD
[00:18:13] [105/326] LPTY
[00:18:14] [106/326] MCFD
[00:18:15] [107/326] HENN
[00:18:16] 🔄 Identity reset
[00:18:16] 🔄 Identity rotated (every 10 requests)
[00:18:16] [108/326] SMKU
[00:18:18] [109/326] TNZC
[00:18:19] [110/326] DRCD
[00:18:21] [111/326] DLCD
[00:18:21] [112/326] RCDA
[00:18:22] [113/326] COSM
[00:18:23] [114/326] MCMJ
[00:18:24] [115/326] CSTR
[00:18:25] [116/326] CVDK
[00:18:26] [117/326] INRR
[00:18:27] 🔄 Identity reset
[00:18:27] 🔄 Identity rotated (every 10 requests)
[00:18:27] 🔄 Retry 1/5 for INRR in 2.9s
[00:18:27] 🔄 Identity reset
[00:18:30] 🧠 New identity created
[00:18:30] [118/326] RJRT
[00:18:31] [119/326] IRMR
[00:18:32] [120/326] SRCF
[00:18:33] [121/326] GRCR
[00:18:34] [122/326] SURC
[00:18:35] [123/326] NMNH
[00:18:36] [124/326] SVBL
[00:18:37] [125/326] KACI
[00:18:37] [126/326] TDGO
[00:18:38] 🔄 Identity reset
[00:18:38] 🔄 Identity rotated (every 10 requests)
[00:18:38] [127/326] KTBR
[00:18:40] [128/326] PMAD
[00:18:41] [129/326] CCPN
[00:18:42] [130/326] SBTK
[00:18:43] [131/326] LMDK
[00:18:44] [132/326] PGDA
[00:18:45] [133/326] SRML
[00:18:45] [134/326] EVCK
[00:18:46] [135/326] RTTK
[00:18:47] [136/326] SRTU
[00:18:48] 🔄 Identity reset
[00:18:48] 🔄 Identity rotated (every 10 requests)
[00:18:48] [137/326] VRSA
[00:18:49] [138/326] VARS
[00:18:51] [139/326] DSCZ
[00:18:52] [140/326] GAGA
[00:18:53] [141/326] SARV
[00:18:54] [142/326] SEEG
[00:18:55] [143/326] GLCA
[00:18:56] [144/326] APAS
[00:18:57] [145/326] VCIA
[00:18:58] [146/326] SJTA
[00:18:59] 🔄 Identity reset
[00:18:59] 🔄 Identity rotated (every 10 requests)
[00:18:59] [147/326] SABM
[00:19:00] [148/326] PPAG
[00:19:01] [149/326] RVCA
[00:19:03] [150/326] CCIA
[00:19:04] [151/326] HTAG
[00:19:05] [152/326] SMBI
[00:19:06] [153/326] MCJR
[00:19:07] [154/326] CCJR
[00:19:08] [155/326] SINF
[00:19:09] [156/326] CPLX
[00:19:09] 🔄 Identity reset
[00:19:09] 🔄 Identity rotated (every 10 requests)
[00:19:10] [157/326] KKTJ
[00:19:10] [158/326] GDBW
[00:19:11] [159/326] CSUB
[00:19:12] [160/326] DABA
[00:19:13] [161/326] TITR
[00:19:14] [162/326] NYCR
[00:19:15] [163/326] RTRY
[00:19:15] [164/326] JTJL
[00:19:16] [165/326] SJCP
[00:19:17] [166/326] KCCA
[00:19:18] 🔄 Identity reset
[00:19:18] 🔄 Identity rotated (every 10 requests)
[00:19:18] [167/326] MLPG
[00:19:19] [168/326] VRCK
[00:19:20] [169/326] SRIN
[00:19:21] [170/326] CXMK
[00:19:22] [171/326] SKAD
[00:19:22] [172/326] AVTR
[00:19:24] [173/326] PTAJ
[00:19:25] [174/326] SCNK
[00:19:26] [175/326] STTI
[00:19:27] [176/326] KACR
[00:19:28] 🔄 Identity reset
[00:19:28] 🔄 Identity rotated (every 10 requests)
[00:19:28] 🔄 Retry 1/5 for KACR in 2.6s
[00:19:28] 🔄 Identity reset
[00:19:30] 🧠 New identity created
[00:19:31] [177/326] SSDX
[00:19:32] [178/326] VRTJ
[00:19:33] [179/326] RAJD
[00:19:34] [180/326] SCIP
[00:19:35] [181/326] RJSL
[00:19:36] [182/326] ARRS
[00:19:37] [183/326] ASMS
[00:19:38] [184/326] RDTS
[00:19:39] [185/326] DVMY
[00:19:40] 🔄 Identity reset
[00:19:40] 🔄 Identity rotated (every 10 requests)
[00:19:40] [186/326] RASA
[00:19:41] [187/326] INOM
[00:19:42] [188/326] SPRS
[00:19:43] [189/326] SGCS
[00:19:44] [190/326] SALM
[00:19:45] [191/326] PKHC
[00:19:46] [192/326] RCSV
[00:19:46] [193/326] CPKC
[00:19:47] [194/326] AACD
[00:19:48] [195/326] GGCV
[00:19:49] 🔄 Identity reset
[00:19:49] 🔄 Identity rotated (every 10 requests)
[00:19:49] [196/326] SMKD
[00:19:50] [197/326] NBCH
[00:19:51] [198/326] AMCB
[00:19:52] [199/326] OPCN
[00:19:53] [200/326] DCIN
[00:19:53] [201/326] INGW
[00:19:54] [202/326] PKKW
[00:19:55] [203/326] FNGW
[00:19:56] [204/326] GCGD
[00:19:57] [205/326] MSTW
[00:19:57] 🔄 Identity reset
[00:19:57] 🔄 Identity rotated (every 10 requests)
[00:19:58] [206/326] KCCG
[00:19:59] [207/326] MRSS
[00:20:00] [208/326] CLCF
[00:20:01] [209/326] EETS
[00:20:02] [210/326] AATR
[00:20:03] [211/326] CMMN
[00:20:04] [212/326] SCCJ
[00:20:06] [213/326] CDTK
[00:20:07] [214/326] AICP
[00:20:08] [215/326] FNBP
[00:20:09] 🔄 Identity reset
[00:20:09] 🔄 Identity rotated (every 10 requests)
[00:20:09] [216/326] CBPB
[00:20:10] [217/326] CPAS
[00:20:11] [218/326] MAPM
[00:20:12] [219/326] PASD
[00:20:13] [220/326] JCMN
[00:20:14] [221/326] MALB
[00:20:14] [222/326] SACG
[00:20:16] [223/326] DDRX
[00:20:17] [224/326] DDXB
[00:20:18] [225/326] RAMC
[00:20:19] 🔄 Identity reset
[00:20:19] 🔄 Identity rotated (every 10 requests)
[00:20:19] 🔄 Retry 1/5 for RAMC in 2.4s
[00:20:19] 🔄 Identity reset
[00:20:21] 🧠 New identity created
[00:20:21] [226/326] SANC
[00:20:22] [227/326] BCBP
[00:20:23] [228/326] ALPC
[00:20:24] [229/326] RBAC
[00:20:25] [230/326] RAJL
[00:20:26] [231/326] MPDX
[00:20:26] [232/326] MUSC
[00:20:28] [233/326] VKMK
[00:20:29] [234/326] SKCG
[00:20:30] 🔄 Identity reset
[00:20:30] 🔄 Identity rotated (every 10 requests)
[00:20:30] [235/326] ANCN
[00:20:31] [236/326] MMCJ
[00:20:32] [237/326] DCAK
[00:20:33] [238/326] SCKG
[00:20:34] [239/326] LMCK
[00:20:35] [240/326] CKKX
[00:20:36] [241/326] ANKU
[00:20:37] [242/326] CSMD
[00:20:37] [243/326] MKMP
[00:20:38] [244/326] SVBG
[00:20:39] 🔄 Identity reset
[00:20:39] 🔄 Identity rotated (every 10 requests)
[00:20:39] [245/326] ROOP
[00:20:40] [246/326] GDMT
[00:20:41] [247/326] FPPF
[00:20:42] [248/326] SFUU
[00:20:43] [249/326] ANCB
[00:20:44] [250/326] SMMC
[00:20:45] [251/326] UGKT
[00:20:47] [252/326] JVRM
[00:20:47] [253/326] BATG
[00:20:48] [254/326] RATE
[00:20:49] 🔄 Identity reset
[00:20:49] 🔄 Identity rotated (every 10 requests)
[00:20:49] [255/326] SKME
[00:20:50] [256/326] LMTP
[00:20:51] [257/326] TCBD
[00:20:52] [258/326] ESBD
[00:20:53] [259/326] GDCU
[00:20:54] [260/326] SNKT
[00:20:55] [261/326] SRNK
[00:20:56] [262/326] SMED
[00:20:57] [263/326] CSQS
[00:20:58] [264/326] ALCS
[00:20:58] 🔄 Identity reset
[00:20:58] 🔄 Identity rotated (every 10 requests)
[00:20:59] [265/326] KCKN
[00:21:00] [266/326] VCCL
[00:21:01] [267/326] MCDA
[00:21:02] [268/326] SHMI
[00:21:03] [269/326] SKHA
[00:21:04] [270/326] SVFK
[00:21:05] [271/326] INVB
[00:21:07] [272/326] MELD
[00:21:08] [273/326] JTYS
[00:21:09] [274/326] INCM
[00:21:09] 🔄 Identity reset
[00:21:09] 🔄 Identity rotated (every 10 requests)
[00:21:10] [275/326] MCDV
[00:21:11] [276/326] KSGK
[00:21:12] [277/326] ICMG
[00:21:12] [278/326] CSCV
[00:21:13] [279/326] STMD
[00:21:15] [280/326] STTR
[00:21:15] [281/326] INVC
[00:21:16] [282/326] JTBL
[00:21:17] [283/326] SRVV
[00:21:18] [284/326] MAVC
[00:21:19] 🔄 Identity reset
[00:21:19] 🔄 Identity rotated (every 10 requests)
[00:21:19] 🔄 Retry 1/5 for MAVC in 2.7s
[00:21:19] 🔄 Identity reset
[00:21:21] 🧠 New identity created
[00:21:22] [285/326] SRPP
[00:21:23] [286/326] JGDM
[00:21:24] [287/326] MBSJ
[00:21:25] [288/326] SSLL
[00:21:25] [289/326] SLKP
[00:21:26] [290/326] NSRV
[00:21:27] [291/326] UTDV
[00:21:28] [292/326] KICM
[00:21:29] [293/326] KCMD
[00:21:30] 🔄 Identity reset
[00:21:30] 🔄 Identity rotated (every 10 requests)
[00:21:30] [294/326] TTPP
[00:21:32] [295/326] KMPV
[00:21:33] [296/326] SKTV
[00:21:35] [297/326] STCV
[00:21:35] [298/326] SRDA
[00:21:36] [299/326] JTSX
[00:21:38] [300/326] STBV
[00:21:38] [301/326] APVZ
[00:21:39] [302/326] GSTV
[00:21:40] [303/326] NMVS
[00:21:41] 🔄 Identity reset
[00:21:41] 🔄 Identity rotated (every 10 requests)
[00:21:41] [304/326] SKRT
[00:21:42] [305/326] RMDV
[00:21:44] [306/326] RATG
[00:21:45] [307/326] SJYV
[00:21:46] [308/326] NDGP
[00:21:47] [309/326] SNDG
[00:21:48] [310/326] INSR
[00:21:49] [311/326] INSO
[00:21:51] [312/326] CCSI
[00:21:52] [313/326] RASM
[00:21:53] 🔄 Identity reset
[00:21:53] 🔄 Identity rotated (every 10 requests)
[00:21:53] [314/326] NEWC
[00:21:54] [315/326] VSHL
[00:21:55] [316/326] BISW
[00:21:56] [317/326] GCNG
[00:21:57] [318/326] CWSC
[00:21:58] [319/326] SKAN
[00:21:59] [320/326] CCOA
[00:22:00] [321/326] MCAJ
[00:22:01] [322/326] ACDE
[00:22:01] [323/326] AACM
[00:22:02] 🔄 Identity reset
[00:22:02] 🔄 Identity rotated (every 10 requests)
[00:22:02] [324/326] JJCK
[00:22:03] [325/326] RCMO
[00:22:04] [326/326] GDAW
[00:22:05] ✅ DONE | Shows=0 | Movies=0
