[00:16:02] 🚀 BMS DAILY TRACKER STARTED (enhanced anti‑detection)
[00:16:02] [1/445] TGMR
[00:16:03] 🧠 New identity created
[00:16:03] [2/445] CXKR
[00:16:04] [3/445] SROP
[00:16:05] [4/445] GTSV
[00:16:06] [5/445] SNTY
[00:16:07] [6/445] SMYY
[00:16:08] [7/445] CNCS
[00:16:09] [8/445] CSTM
[00:16:09] [9/445] NUCD
[00:16:10] [10/445] SHCZ
[00:16:11] 🔄 Identity reset
[00:16:11] 🔄 Identity rotated (every 10 requests)
[00:16:11] [11/445] NJCT
[00:16:12] [12/445] COPC
[00:16:13] [13/445] STVV
[00:16:14] [14/445] SKRN
[00:16:14] [15/445] APPZ
[00:16:15] [16/445] YMGN
[00:16:16] [17/445] SVTU
[00:16:16] [18/445] GTAD
[00:16:17] [19/445] PSUS
[00:16:18] [20/445] SMCD
[00:16:19] 🔄 Identity reset
[00:16:19] 🔄 Identity rotated (every 10 requests)
[00:16:19] [21/445] CMCM
[00:16:20] [22/445] SYCT
[00:16:21] [23/445] STLY
[00:16:22] [24/445] CMHU
[00:16:22] [25/445] CMSA
[00:16:23] [26/445] CLCU
[00:16:24] [27/445] PPNT
[00:16:25] [28/445] JTAB
[00:16:26] [29/445] BUUC
[00:16:26] [30/445] BSVK
[00:16:27] 🔄 Identity reset
[00:16:27] 🔄 Identity rotated (every 10 requests)
[00:16:27] [31/445] VVVQ
[00:16:28] [32/445] TKMU
[00:16:29] [33/445] ESYL
[00:16:30] [34/445] ACHP
[00:16:31] [35/445] BTKD
[00:16:32] [36/445] DESA
[00:16:33] [37/445] GBCT
[00:16:33] [38/445] BLLD
[00:16:35] [39/445] SKNT
[00:16:35] [40/445] SSTE
[00:16:36] 🔄 Identity reset
[00:16:36] 🔄 Identity rotated (every 10 requests)
[00:16:36] [41/445] VJMR
[00:16:37] [42/445] NTPU
[00:16:38] [43/445] RDKN
[00:16:39] [44/445] ADGC
[00:16:40] [45/445] VRBP
[00:16:41] [46/445] NMNA
[00:16:42] [47/445] CMMX
[00:16:43] [48/445] PTKO
[00:16:44] [49/445] RBML
[00:16:45] [50/445] SAIC
[00:16:46] 🔄 Identity reset
[00:16:46] 🔄 Identity rotated (every 10 requests)
[00:16:46] [51/445] SVTJ
[00:16:47] [52/445] MRTE
[00:16:47] [53/445] RBTP
[00:16:48] [54/445] NLPS
[00:16:49] [55/445] GTNA
[00:16:50] [56/445] DGGC
[00:16:51] [57/445] SMCR
[00:16:52] [58/445] SCGD
[00:16:53] [59/445] SRRJ
[00:16:54] [60/445] CNRY
[00:16:55] 🔄 Identity reset
[00:16:55] 🔄 Identity rotated (every 10 requests)
[00:16:56] [61/445] KTDI
[00:16:56] [62/445] SNJL
[00:16:57] [63/445] RKMD
[00:16:58] [64/445] SMDC
[00:16:59] [65/445] TADG
[00:17:00] [66/445] MCGS
[00:17:01] [67/445] PETK
[00:17:02] [68/445] CHAG
[00:17:02] [69/445] KSTL
[00:17:03] [70/445] AADS
[00:17:04] 🔄 Identity reset
[00:17:04] 🔄 Identity rotated (every 10 requests)
[00:17:04] [71/445] NTHZ
[00:17:05] [72/445] HCKI
[00:17:06] [73/445] SSEF
[00:17:07] [74/445] MCGX
[00:17:08] [75/445] ERRA
[00:17:09] [76/445] SDTW
[00:17:10] [77/445] RMPK
[00:17:10] [78/445] PTHK
[00:17:11] [79/445] PXCS
[00:17:12] [80/445] SVLU
[00:17:13] 🔄 Identity reset
[00:17:13] 🔄 Identity rotated (every 10 requests)
[00:17:13] [81/445] STAH
[00:17:15] [82/445] JRGF
[00:17:16] [83/445] CDOK
[00:17:16] [84/445] CMSG
[00:17:17] [85/445] APTD
[00:17:18] [86/445] KMPG
[00:17:18] [87/445] MUTJ
[00:17:19] [88/445] VCCI
[00:17:21] [89/445] URBE
[00:17:22] [90/445] TCTS
[00:17:22] 🔄 Identity reset
[00:17:22] 🔄 Identity rotated (every 10 requests)
[00:17:22] [91/445] STSN
[00:17:23] [92/445] AKCH
[00:17:24] [93/445] APSC
[00:17:25] [94/445] VLTB
[00:17:26] [95/445] SANU
[00:17:27] [96/445] AXAM
[00:17:28] [97/445] MGMG
[00:17:29] [98/445] HTBY
[00:17:29] [99/445] MMZS
[00:17:30] [100/445] SUDR
[00:17:31] 🔄 Identity reset
[00:17:31] 🔄 Identity rotated (every 10 requests)
[00:17:31] [101/445] CCAD
[00:17:31] [102/445] SKKC
[00:17:32] [103/445] RMCD
[00:17:33] [104/445] SBCQ
[00:17:34] [105/445] DCCT
[00:17:35] [106/445] VTKP
[00:17:36] [107/445] MLAM
[00:17:37] [108/445] SAVT
[00:17:38] [109/445] GEPL
[00:17:39] [110/445] AMCD
[00:17:40] 🔄 Identity reset
[00:17:40] 🔄 Identity rotated (every 10 requests)
[00:17:40] [111/445] CCXR
[00:17:41] [112/445] GRNG
[00:17:42] [113/445] EBCA
[00:17:43] [114/445] CNVG
[00:17:43] [115/445] MWSS
[00:17:44] [116/445] VBOR
[00:17:45] [117/445] NEEB
[00:17:46] [118/445] SUTH
[00:17:47] [119/445] ANDB
[00:17:48] [120/445] MMXS
[00:17:49] 🔄 Identity reset
[00:17:49] 🔄 Identity rotated (every 10 requests)
[00:17:49] [121/445] CNPD
[00:17:50] [122/445] SDCE
[00:17:50] [123/445] DHCB
[00:17:52] [124/445] ODEN
[00:17:53] [125/445] TNTC
[00:17:54] [126/445] VBKM
[00:17:54] [127/445] RZYM
[00:17:55] [128/445] JEMC
[00:17:56] [129/445] CMAU
[00:17:57] [130/445] SIVP
[00:17:58] 🔄 Identity reset
[00:17:58] 🔄 Identity rotated (every 10 requests)
[00:17:58] [131/445] ATAG
[00:17:59] [132/445] CHTM
[00:18:00] [133/445] AAEE
[00:18:01] [134/445] IWPM
[00:18:02] [135/445] KCMW
[00:18:03] [136/445] MCTD
[00:18:03] [137/445] SPWR
[00:18:04] [138/445] SDPO
[00:18:05] [139/445] PCSK
[00:18:06] [140/445] ACHV
[00:18:07] 🔄 Identity reset
[00:18:07] 🔄 Identity rotated (every 10 requests)
[00:18:07] [141/445] SVLA
[00:18:08] [142/445] PICT
[00:18:09] [143/445] BXDR
[00:18:10] [144/445] SPWA
[00:18:10] [145/445] MCKO
[00:18:12] [146/445] RTHK
[00:18:13] [147/445] CCMF
[00:18:13] [148/445] MRGB
[00:18:14] [149/445] CPLC
[00:18:15] [150/445] RACD
[00:18:16] 🔄 Identity reset
[00:18:16] 🔄 Identity rotated (every 10 requests)
[00:18:17] [151/445] ATKT
[00:18:17] [152/445] SARN
[00:18:18] [153/445] KKUI
[00:18:19] [154/445] RGCM
[00:18:20] [155/445] BRVP
[00:18:21] [156/445] HRSR
[00:18:22] [157/445] GKGM
[00:18:22] [158/445] TTCD
[00:18:23] [159/445] PTTI
[00:18:24] [160/445] MPTT
[00:18:25] 🔄 Identity reset
[00:18:25] 🔄 Identity rotated (every 10 requests)
[00:18:25] [161/445] CVTT
[00:18:26] [162/445] PCXD
[00:18:26] [163/445] GCDC
[00:18:27] [164/445] CCCF
[00:18:28] [165/445] MRAD
[00:18:29] [166/445] CPLK
[00:18:29] [167/445] SATB
[00:18:30] [168/445] SNVG
[00:18:31] [169/445] JMBA
[00:18:32] [170/445] TEJA
[00:18:32] 🔄 Identity reset
[00:18:32] 🔄 Identity rotated (every 10 requests)
[00:18:33] [171/445] STYO
[00:18:33] [172/445] JTBP
[00:18:34] [173/445] KRGD
[00:18:35] [174/445] SLJJ
[00:18:36] [175/445] SPTJ
[00:18:37] [176/445] SWJG
[00:18:38] [177/445] LKRT
[00:18:39] [178/445] KCKA
[00:18:40] [179/445] SNCR
[00:18:40] [180/445] SMKL
[00:18:41] 🔄 Identity reset
[00:18:41] 🔄 Identity rotated (every 10 requests)
[00:18:41] [181/445] GCFA
[00:18:42] [182/445] DDCK
[00:18:43] [183/445] NCHJ
[00:18:44] [184/445] RDMA
[00:18:44] [185/445] SVSV
[00:18:45] [186/445] SCJG
[00:18:46] [187/445] VKLP
[00:18:47] [188/445] NWCC
[00:18:49] [189/445] VKNS
[00:18:50] [190/445] SDDP
[00:18:50] 🔄 Identity reset
[00:18:50] 🔄 Identity rotated (every 10 requests)
[00:18:51] [191/445] ACSI
[00:18:51] [192/445] SATG
[00:18:52] [193/445] SCMW
[00:18:53] [194/445] LKTK
[00:18:53] [195/445] VCKV
[00:18:55] [196/445] KKPE
[00:18:55] [197/445] KIGH
[00:18:56] [198/445] SRPM
[00:18:57] [199/445] SCAH
[00:18:58] [200/445] MUTA
[00:18:58] 🔄 Identity reset
[00:18:58] 🔄 Identity rotated (every 10 requests)
[00:18:59] [201/445] SEPU
[00:19:00] [202/445] INOA
[00:19:00] [203/445] BASK
[00:19:01] [204/445] NECB
[00:19:02] [205/445] GTTG
[00:19:03] [206/445] ASSA
[00:19:04] [207/445] ANCL
[00:19:05] [208/445] GCTI
[00:19:05] [209/445] RCTS
[00:19:06] [210/445] ACNL
[00:19:07] 🔄 Identity reset
[00:19:07] 🔄 Identity rotated (every 10 requests)
[00:19:07] 🔄 Retry 1/5 for ACNL in 2.5s
[00:19:07] 🔄 Identity reset
[00:19:09] 🧠 New identity created
[00:19:09] [211/445] MYCT
[00:19:10] [212/445] NMHT
[00:19:11] [213/445] MDIT
[00:19:12] [214/445] LATG
[00:19:13] [215/445] SMTY
[00:19:13] [216/445] CVCT
[00:19:14] [217/445] RAMB
[00:19:15] [218/445] TGMS
[00:19:16] [219/445] BHEL
[00:19:16] 🔄 Identity reset
[00:19:16] 🔄 Identity rotated (every 10 requests)
[00:19:17] [220/445] SHCT
[00:19:17] [221/445] SVCT
[00:19:18] [222/445] MRIY
[00:19:19] [223/445] SARO
[00:19:20] [224/445] STCT
[00:19:21] [225/445] JKKC
[00:19:22] [226/445] PLTT
[00:19:23] [227/445] SRNT
[00:19:24] [228/445] YAST
[00:19:25] [229/445] PERL
[00:19:25] 🔄 Identity reset
[00:19:25] 🔄 Identity rotated (every 10 requests)
[00:19:25] 🔄 Retry 1/5 for PERL in 2.9s
[00:19:25] 🔄 Identity reset
[00:19:28] 🧠 New identity created
[00:19:28] [230/445] CICM
[00:19:29] [231/445] MMTR
[00:19:29] [232/445] ABTK
[00:19:30] [233/445] ATYY
[00:19:31] [234/445] ASTK
[00:19:31] [235/445] VVCK
[00:19:32] [236/445] ATKY
[00:19:33] [237/445] GWEK
[00:19:34] [238/445] SVFH
[00:19:34] 🔄 Identity reset
[00:19:34] 🔄 Identity rotated (every 10 requests)
[00:19:35] [239/445] SLTA
[00:19:36] [240/445] AASH
[00:19:36] [241/445] ACXB
[00:19:37] [242/445] SMTX
[00:19:38] [243/445] AZDH
[00:19:39] [244/445] CMMH
[00:19:40] [245/445] SCSZ
[00:19:40] [246/445] SCKP
[00:19:41] [247/445] NXTM
[00:19:42] [248/445] NWCS
[00:19:43] 🔄 Identity reset
[00:19:43] 🔄 Identity rotated (every 10 requests)
[00:19:43] [249/445] CXMH
[00:19:44] [250/445] PCMA
[00:19:45] [251/445] SGCM
[00:19:45] [252/445] SDTU
[00:19:47] [253/445] MMVI
[00:19:48] [254/445] JKCM
[00:19:48] [255/445] VCMM
[00:19:50] [256/445] SYEE
[00:19:51] [257/445] VASD
[00:19:52] [258/445] BDRB
[00:19:52] 🔄 Identity reset
[00:19:52] 🔄 Identity rotated (every 10 requests)
[00:19:53] [259/445] LASM
[00:19:54] [260/445] DCRL
[00:19:55] [261/445] DVPM
[00:19:55] [262/445] SBMJ
[00:19:56] [263/445] CBMU
[00:19:56] [264/445] IUBS
[00:19:58] [265/445] INAP
[00:19:59] [266/445] SRRC
[00:20:00] [267/445] SAGR
[00:20:00] [268/445] CPMJ
[00:20:01] 🔄 Identity reset
[00:20:01] 🔄 Identity rotated (every 10 requests)
[00:20:01] [269/445] ATJL
[00:20:02] [270/445] NNTD
[00:20:03] [271/445] JHCJ
[00:20:04] [272/445] CMMP
[00:20:05] [273/445] RSDR
[00:20:05] [274/445] AMTI
[00:20:06] [275/445] NYSG
[00:20:07] [276/445] AVSG
[00:20:07] [277/445] SYTP
[00:20:08] [278/445] LARC
[00:20:09] 🔄 Identity reset
[00:20:09] 🔄 Identity rotated (every 10 requests)
[00:20:09] [279/445] RJTP
[00:20:10] [280/445] LAKC
[00:20:11] [281/445] MCXE
[00:20:12] [282/445] CCZC
[00:20:13] [283/445] AVCH
[00:20:13] [284/445] CMBE
[00:20:14] [285/445] MRRC
[00:20:15] [286/445] PCPY
[00:20:16] [287/445] SRMH
[00:20:17] [288/445] SVGS
[00:20:17] 🔄 Identity reset
[00:20:17] 🔄 Identity rotated (every 10 requests)
[00:20:18] [289/445] PCSE
[00:20:18] [290/445] SVFT
[00:20:19] [291/445] TNZP
[00:20:20] [292/445] ICTP
[00:20:20] [293/445] ACTZ
[00:20:21] [294/445] GTUR
[00:20:22] [295/445] MAFC
[00:20:23] [296/445] MINL
[00:20:24] [297/445] MRCL
[00:20:24] [298/445] RCRP
[00:20:25] 🔄 Identity reset
[00:20:25] 🔄 Identity rotated (every 10 requests)
[00:20:25] [299/445] RFFG
[00:20:26] [300/445] RMAS
[00:20:27] [301/445] INVR
[00:20:27] [302/445] RMAR
[00:20:28] [303/445] CNIS
[00:20:29] [304/445] RHRJ
[00:20:30] [305/445] INXR
[00:20:30] [306/445] VALT
[00:20:31] [307/445] LCSH
[00:20:32] [308/445] CMVS
[00:20:33] 🔄 Identity reset
[00:20:33] 🔄 Identity rotated (every 10 requests)
[00:20:33] [309/445] CNMS
[00:20:33] [310/445] ROOG
[00:20:34] [311/445] ISRM
[00:20:35] [312/445] RCRM
[00:20:36] [313/445] ACJA
[00:20:37] [314/445] RCVS
[00:20:38] [315/445] CPUS
[00:20:38] [316/445] TGCS
[00:20:39] [317/445] RKCJ
[00:20:41] [318/445] MKSB
[00:20:42] 🔄 Identity reset
[00:20:42] 🔄 Identity rotated (every 10 requests)
[00:20:42] [319/445] TCSJ
[00:20:42] [320/445] RMGP
[00:20:43] [321/445] CLLP
[00:20:44] [322/445] RCMV
[00:20:44] [323/445] CCKS
[00:20:45] [324/445] RSRP
[00:20:46] [325/445] APLP
[00:20:47] [326/445] CNVS
[00:20:48] [327/445] RMVY
[00:20:49] [328/445] PGBD
[00:20:49] 🔄 Identity reset
[00:20:49] 🔄 Identity rotated (every 10 requests)
[00:20:51] [329/445] KLMS
[00:20:52] [330/445] RUST
[00:20:52] [331/445] MASM
[00:20:53] [332/445] BACS
[00:20:54] [333/445] BWST
[00:20:55] [334/445] RRFH
[00:20:56] [335/445] SJTM
[00:20:57] [336/445] BEMR
[00:20:58] [337/445] MCGR
[00:20:59] [338/445] SDSK
[00:20:59] 🔄 Identity reset
[00:20:59] 🔄 Identity rotated (every 10 requests)
[00:20:59] [339/445] VBOL
[00:21:00] [340/445] RMGM
[00:21:01] [341/445] NOPL
[00:21:01] [342/445] MKJK
[00:21:02] [343/445] CVRN
[00:21:03] [344/445] MMEN
[00:21:04] [345/445] AMNG
[00:21:05] [346/445] INTM
[00:21:07] [347/445] SLCZ
[00:21:07] [348/445] AMJN
[00:21:08] 🔄 Identity reset
[00:21:08] 🔄 Identity rotated (every 10 requests)
[00:21:09] [349/445] ACJN
[00:21:14] [350/445] AMKN
[00:21:15] [351/445] BTCN
[00:21:16] [352/445] AMBT
[00:21:17] [353/445] PACN
[00:21:18] [354/445] LCNS
[00:21:18] [355/445] PPKC
[00:21:19] [356/445] JYYN
[00:21:20] [357/445] JTNR
[00:21:20] [358/445] GTEE
[00:21:21] 🔄 Identity reset
[00:21:21] 🔄 Identity rotated (every 10 requests)
[00:21:21] [359/445] SRNM
[00:21:22] [360/445] SDTC
[00:21:23] [361/445] VPCA
[00:21:23] [362/445] VLRA
[00:21:24] [363/445] SHKR
[00:21:25] [364/445] SBKD
[00:21:25] [365/445] SAAD
[00:21:26] [366/445] JTGN
[00:21:27] [367/445] SLAM
[00:21:28] [368/445] VTPM
[00:21:29] 🔄 Identity reset
[00:21:29] 🔄 Identity rotated (every 10 requests)
[00:21:29] [369/445] ANPT
[00:21:30] [370/445] PUNB
[00:21:30] [371/445] CPKT
[00:21:31] [372/445] CNWE
[00:21:33] [373/445] ECPP
[00:21:34] [374/445] CPAR
[00:21:34] [375/445] ESBW
[00:21:35] [376/445] PKPU
[00:21:36] [377/445] CPRP
[00:21:37] [378/445] RAHU
[00:21:37] 🔄 Identity reset
[00:21:37] 🔄 Identity rotated (every 10 requests)
[00:21:38] [379/445] RHMN
[00:21:38] [380/445] FMJP
[00:21:39] [381/445] CTMP
[00:21:40] [382/445] INPN
[00:21:41] [383/445] STTG
[00:21:42] [384/445] CTRD
[00:21:42] [385/445] PUVB
[00:21:43] [386/445] ESVP
[00:21:44] [387/445] CPFT
[00:21:45] [388/445] LCPC
[00:21:45] 🔄 Identity reset
[00:21:45] 🔄 Identity rotated (every 10 requests)
[00:21:45] [389/445] VBCT
[00:21:46] [390/445] FSCW
[00:21:47] [391/445] VCMP
[00:21:48] [392/445] ASHC
[00:21:49] [393/445] VLCX
[00:21:49] [394/445] SHEV
[00:21:50] [395/445] APCO
[00:21:52] [396/445] SILC
[00:21:53] [397/445] SNMR
[00:21:53] [398/445] KYBO
[00:21:54] 🔄 Identity reset
[00:21:54] 🔄 Identity rotated (every 10 requests)
[00:21:54] [399/445] SATK
[00:21:55] [400/445] SSCS
[00:21:56] [401/445] CLSB
[00:21:57] [402/445] KMJR
[00:21:58] [403/445] FSCK
[00:21:59] [404/445] NNKA
[00:21:59] [405/445] CLMK
[00:22:00] [406/445] DMPZ
[00:22:01] [407/445] INQM
[00:22:02] [408/445] CAML
[00:22:03] 🔄 Identity reset
[00:22:03] 🔄 Identity rotated (every 10 requests)
[00:22:03] [409/445] INRK
[00:22:04] [410/445] IMKN
[00:22:05] [411/445] SVNR
[00:22:06] [412/445] INSL
[00:22:06] [413/445] MSMA
[00:22:07] [414/445] MCKK
[00:22:08] [415/445] FCHP
[00:22:09] [416/445] SFCR
[00:22:10] [417/445] NACK
[00:22:10] [418/445] PVAK
[00:22:11] 🔄 Identity reset
[00:22:11] 🔄 Identity rotated (every 10 requests)
[00:22:11] [419/445] INER
[00:22:12] [420/445] RDBK
[00:22:13] [421/445] SVFN
[00:22:13] [422/445] IFRM
[00:22:14] [423/445] ATCK
[00:22:15] [424/445] ASKO
[00:22:16] [425/445] STKT
[00:22:17] [426/445] SVFB
[00:22:18] [427/445] INKS
[00:22:19] [428/445] PCRA
[00:22:19] 🔄 Identity reset
[00:22:19] 🔄 Identity rotated (every 10 requests)
[00:22:20] [429/445] ATJA
[00:22:20] [430/445] IMJN
[00:22:21] [431/445] INHD
[00:22:22] [432/445] BARA
[00:22:23] [433/445] MCSL
[00:22:24] [434/445] RTOY
[00:22:25] [435/445] MENO
[00:22:26] [436/445] PUDM
[00:22:27] [437/445] PRCN
[00:22:27] [438/445] JMJR
[00:22:28] 🔄 Identity reset
[00:22:28] 🔄 Identity rotated (every 10 requests)
[00:22:28] [439/445] SSGK
[00:22:29] [440/445] SSRL
[00:22:30] [441/445] JYKL
[00:22:31] [442/445] ACNB
[00:22:31] [443/445] SONP
[00:22:32] [444/445] EMCI
[00:22:33] [445/445] MRJH
[00:22:34] ✅ DONE | Shows=1 | Movies=1
