[05:13:46] 🚀 SCRIPT STARTED (enhanced anti‑detection)
[05:13:46] [1/445] TGMR
[05:13:47] 🧠 New identity created
[05:13:48] [2/445] CXKR
[05:13:49] [3/445] SROP
[05:13:50] [4/445] GTSV
[05:13:51] [5/445] SNTY
[05:13:51] [6/445] SMYY
[05:13:52] [7/445] CNCS
[05:13:53] [8/445] CSTM
[05:13:54] [9/445] NUCD
[05:13:55] [10/445] SHCZ
[05:13:56] 🔄 Identity reset
[05:13:56] 🔄 Identity rotated (every 10 requests)
[05:13:56] [11/445] NJCT
[05:13:57] [12/445] COPC
[05:13:58] [13/445] STVV
[05:13:59] [14/445] SKRN
[05:14:00] [15/445] APPZ
[05:14:01] [16/445] YMGN
[05:14:01] [17/445] SVTU
[05:14:02] [18/445] GTAD
[05:14:03] [19/445] PSUS
[05:14:05] [20/445] SMCD
[05:14:06] 🔄 Identity reset
[05:14:06] 🔄 Identity rotated (every 10 requests)
[05:14:06] [21/445] CMCM
[05:14:08] [22/445] SYCT
[05:14:08] [23/445] STLY
[05:14:09] [24/445] CMHU
[05:14:10] [25/445] CMSA
[05:14:11] [26/445] CLCU
[05:14:12] [27/445] PPNT
[05:14:13] [28/445] JTAB
[05:14:14] [29/445] BUUC
[05:14:15] [30/445] BSVK
[05:14:15] 🔄 Identity reset
[05:14:15] 🔄 Identity rotated (every 10 requests)
[05:14:16] [31/445] VVVQ
[05:14:17] [32/445] TKMU
[05:14:18] [33/445] ESYL
[05:14:19] [34/445] ACHP
[05:14:20] [35/445] BTKD
[05:14:21] [36/445] DESA
[05:14:22] [37/445] GBCT
[05:14:23] [38/445] BLLD
[05:14:24] [39/445] SKNT
[05:14:24] [40/445] SSTE
[05:14:25] 🔄 Identity reset
[05:14:25] 🔄 Identity rotated (every 10 requests)
[05:14:25] [41/445] VJMR
[05:14:26] [42/445] NTPU
[05:14:27] [43/445] RDKN
[05:14:28] [44/445] ADGC
[05:14:30] [45/445] VRBP
[05:14:31] [46/445] NMNA
[05:14:32] [47/445] CMMX
[05:14:33] [48/445] PTKO
[05:14:34] [49/445] RBML
[05:14:35] [50/445] SAIC
[05:14:35] 🔄 Identity reset
[05:14:35] 🔄 Identity rotated (every 10 requests)
[05:14:36] [51/445] SVTJ
[05:14:38] [52/445] MRTE
[05:14:39] [53/445] RBTP
[05:14:40] [54/445] NLPS
[05:14:41] [55/445] GTNA
[05:14:42] [56/445] DGGC
[05:14:44] [57/445] SMCR
[05:14:45] [58/445] SCGD
[05:14:46] [59/445] SRRJ
[05:14:47] [60/445] CNRY
[05:14:48] 🔄 Identity reset
[05:14:48] 🔄 Identity rotated (every 10 requests)
[05:14:48] [61/445] KTDI
[05:14:50] [62/445] SNJL
[05:14:51] [63/445] RKMD
[05:14:52] [64/445] SMDC
[05:14:52] [65/445] TADG
[05:14:53] [66/445] MCGS
[05:14:54] [67/445] PETK
[05:14:56] [68/445] CHAG
[05:14:57] [69/445] KSTL
[05:14:58] [70/445] AADS
[05:14:58] 🔄 Identity reset
[05:14:58] 🔄 Identity rotated (every 10 requests)
[05:14:59] [71/445] NTHZ
[05:15:00] [72/445] HCKI
[05:15:02] [73/445] SSEF
[05:15:03] [74/445] MCGX
[05:15:03] [75/445] ERRA
[05:15:04] [76/445] SDTW
[05:15:05] [77/445] RMPK
[05:15:06] [78/445] PTHK
[05:15:07] [79/445] PXCS
[05:15:08] [80/445] SVLU
[05:15:09] 🔄 Identity reset
[05:15:09] 🔄 Identity rotated (every 10 requests)
[05:15:09] [81/445] STAH
[05:15:10] [82/445] JRGF
[05:15:11] [83/445] CDOK
[05:15:12] [84/445] CMSG
[05:15:13] [85/445] APTD
[05:15:13] [86/445] KMPG
[05:15:15] [87/445] MUTJ
[05:15:17] [88/445] VCCI
[05:15:18] [89/445] URBE
[05:15:19] [90/445] TCTS
[05:15:20] 🔄 Identity reset
[05:15:20] 🔄 Identity rotated (every 10 requests)
[05:15:20] [91/445] STSN
[05:15:21] [92/445] AKCH
[05:15:22] [93/445] APSC
[05:15:24] [94/445] VLTB
[05:15:25] [95/445] SANU
[05:15:25] [96/445] AXAM
[05:15:26] [97/445] MGMG
[05:15:27] [98/445] HTBY
[05:15:28] [99/445] MMZS
[05:15:29] [100/445] SUDR
[05:15:30] 🔄 Identity reset
[05:15:30] 🔄 Identity rotated (every 10 requests)
[05:15:30] [101/445] CCAD
[05:15:31] [102/445] SKKC
[05:15:32] [103/445] RMCD
[05:15:33] [104/445] SBCQ
[05:15:34] [105/445] DCCT
[05:15:34] [106/445] VTKP
[05:15:35] [107/445] MLAM
[05:15:36] [108/445] SAVT
[05:15:37] [109/445] GEPL
[05:15:38] [110/445] AMCD
[05:15:39] 🔄 Identity reset
[05:15:39] 🔄 Identity rotated (every 10 requests)
[05:15:40] [111/445] CCXR
[05:15:41] [112/445] GRNG
[05:15:42] [113/445] EBCA
[05:15:43] [114/445] CNVG
[05:15:44] [115/445] MWSS
[05:15:45] [116/445] VBOR
[05:15:46] [117/445] NEEB
[05:15:47] [118/445] SUTH
[05:15:48] [119/445] ANDB
[05:15:50] [120/445] MMXS
[05:15:51] 🔄 Identity reset
[05:15:51] 🔄 Identity rotated (every 10 requests)
[05:15:51] [121/445] CNPD
[05:15:52] [122/445] SDCE
[05:15:53] [123/445] DHCB
[05:15:54] [124/445] ODEN
[05:15:55] [125/445] TNTC
[05:15:55] [126/445] VBKM
[05:15:56] [127/445] RZYM
[05:15:57] [128/445] JEMC
[05:15:58] [129/445] CMAU
[05:15:59] [130/445] SIVP
[05:16:00] 🔄 Identity reset
[05:16:00] 🔄 Identity rotated (every 10 requests)
[05:16:00] [131/445] ATAG
[05:16:01] [132/445] CHTM
[05:16:03] [133/445] AAEE
[05:16:03] [134/445] IWPM
[05:16:04] [135/445] KCMW
[05:16:05] [136/445] MCTD
[05:16:06] [137/445] SPWR
[05:16:07] [138/445] SDPO
[05:16:08] [139/445] PCSK
[05:16:09] [140/445] ACHV
[05:16:09] 🔄 Identity reset
[05:16:09] 🔄 Identity rotated (every 10 requests)
[05:16:10] [141/445] SVLA
[05:16:11] [142/445] PICT
[05:16:12] [143/445] BXDR
[05:16:13] [144/445] SPWA
[05:16:14] [145/445] MCKO
[05:16:14] [146/445] RTHK
[05:16:15] [147/445] CCMF
[05:16:16] [148/445] MRGB
[05:16:17] [149/445] CPLC
[05:16:19] [150/445] RACD
[05:16:19] 🔄 Identity reset
[05:16:19] 🔄 Identity rotated (every 10 requests)
[05:16:20] [151/445] ATKT
[05:16:20] [152/445] SARN
[05:16:21] [153/445] KKUI
[05:16:22] [154/445] RGCM
[05:16:23] [155/445] BRVP
[05:16:24] [156/445] HRSR
[05:16:25] [157/445] GKGM
[05:16:26] [158/445] TTCD
[05:16:27] [159/445] PTTI
[05:16:27] [160/445] MPTT
[05:16:28] 🔄 Identity reset
[05:16:28] 🔄 Identity rotated (every 10 requests)
[05:16:28] [161/445] CVTT
[05:16:29] [162/445] PCXD
[05:16:30] [163/445] GCDC
[05:16:31] [164/445] CCCF
[05:16:33] [165/445] MRAD
[05:16:34] [166/445] CPLK
[05:16:34] [167/445] SATB
[05:16:36] [168/445] SNVG
[05:16:37] [169/445] JMBA
[05:16:38] [170/445] TEJA
[05:16:38] 🔄 Identity reset
[05:16:38] 🔄 Identity rotated (every 10 requests)
[05:16:39] [171/445] STYO
[05:16:40] [172/445] JTBP
[05:16:41] [173/445] KRGD
[05:16:42] [174/445] SLJJ
[05:16:44] [175/445] SPTJ
[05:16:45] [176/445] SWJG
[05:16:46] [177/445] LKRT
[05:16:47] [178/445] KCKA
[05:16:48] [179/445] SNCR
[05:16:49] [180/445] SMKL
[05:16:49] 🔄 Identity reset
[05:16:49] 🔄 Identity rotated (every 10 requests)
[05:16:50] [181/445] GCFA
[05:16:51] [182/445] DDCK
[05:16:52] [183/445] NCHJ
[05:16:53] [184/445] RDMA
[05:16:54] [185/445] SVSV
[05:16:55] [186/445] SCJG
[05:16:57] [187/445] VKLP
[05:16:58] [188/445] NWCC
[05:16:59] [189/445] VKNS
[05:17:00] [190/445] SDDP
[05:17:01] 🔄 Identity reset
[05:17:01] 🔄 Identity rotated (every 10 requests)
[05:17:01] [191/445] ACSI
[05:17:02] [192/445] SATG
[05:17:04] [193/445] SCMW
[05:17:05] [194/445] LKTK
[05:17:06] [195/445] VCKV
[05:17:07] [196/445] KKPE
[05:17:08] [197/445] KIGH
[05:17:09] [198/445] SRPM
[05:17:10] [199/445] SCAH
[05:17:12] [200/445] MUTA
[05:17:12] 🔄 Identity reset
[05:17:12] 🔄 Identity rotated (every 10 requests)
[05:17:13] [201/445] SEPU
[05:17:14] [202/445] INOA
[05:17:15] [203/445] BASK
[05:17:16] [204/445] NECB
[05:17:16] [205/445] GTTG
[05:17:17] [206/445] ASSA
[05:17:18] [207/445] ANCL
[05:17:19] [208/445] GCTI
[05:17:20] [209/445] RCTS
[05:17:21] [210/445] ACNL
[05:17:21] 🔄 Identity reset
[05:17:21] 🔄 Identity rotated (every 10 requests)
[05:17:22] [211/445] MYCT
[05:17:23] [212/445] NMHT
[05:17:24] [213/445] MDIT
[05:17:24] [214/445] LATG
[05:17:26] [215/445] SMTY
[05:17:26] [216/445] CVCT
[05:17:27] [217/445] RAMB
[05:17:28] [218/445] TGMS
[05:17:29] [219/445] BHEL
[05:17:30] [220/445] SHCT
[05:17:31] 🔄 Identity reset
[05:17:31] 🔄 Identity rotated (every 10 requests)
[05:17:32] [221/445] SVCT
[05:17:33] [222/445] MRIY
[05:17:34] [223/445] SARO
[05:17:35] [224/445] STCT
[05:17:36] [225/445] JKKC
[05:17:37] [226/445] PLTT
[05:17:38] [227/445] SRNT
[05:17:38] [228/445] YAST
[05:17:39] [229/445] PERL
[05:17:40] [230/445] CICM
[05:17:41] 🔄 Identity reset
[05:17:41] 🔄 Identity rotated (every 10 requests)
[05:17:41] [231/445] MMTR
[05:17:42] [232/445] ABTK
[05:17:43] [233/445] ATYY
[05:17:44] [234/445] ASTK
[05:17:45] [235/445] VVCK
[05:17:47] [236/445] ATKY
[05:17:48] [237/445] GWEK
[05:17:49] [238/445] SVFH
[05:17:50] [239/445] SLTA
[05:17:51] [240/445] AASH
[05:17:52] 🔄 Identity reset
[05:17:52] 🔄 Identity rotated (every 10 requests)
[05:17:52] [241/445] ACXB
[05:17:53] [242/445] SMTX
[05:17:54] [243/445] AZDH
[05:17:55] [244/445] CMMH
[05:17:56] [245/445] SCSZ
[05:17:57] [246/445] SCKP
[05:17:58] [247/445] NXTM
[05:17:59] [248/445] NWCS
[05:18:00] [249/445] CXMH
[05:18:00] [250/445] PCMA
[05:18:01] 🔄 Identity reset
[05:18:01] 🔄 Identity rotated (every 10 requests)
[05:18:02] [251/445] SGCM
[05:18:03] [252/445] SDTU
[05:18:04] [253/445] MMVI
[05:18:05] [254/445] JKCM
[05:18:06] [255/445] VCMM
[05:18:07] [256/445] SYEE
[05:18:08] [257/445] VASD
[05:18:09] [258/445] BDRB
[05:18:10] [259/445] LASM
[05:18:11] [260/445] DCRL
[05:18:12] 🔄 Identity reset
[05:18:12] 🔄 Identity rotated (every 10 requests)
[05:18:12] [261/445] DVPM
[05:18:13] [262/445] SBMJ
[05:18:14] [263/445] CBMU
[05:18:15] [264/445] IUBS
[05:18:17] [265/445] INAP
[05:18:17] [266/445] SRRC
[05:18:18] [267/445] SAGR
[05:18:19] [268/445] CPMJ
[05:18:21] [269/445] ATJL
[05:18:22] [270/445] NNTD
[05:18:23] 🔄 Identity reset
[05:18:23] 🔄 Identity rotated (every 10 requests)
[05:18:23] [271/445] JHCJ
[05:18:24] [272/445] CMMP
[05:18:25] [273/445] RSDR
[05:18:26] [274/445] AMTI
[05:18:28] [275/445] NYSG
[05:18:29] [276/445] AVSG
[05:18:30] [277/445] SYTP
[05:18:31] [278/445] LARC
[05:18:32] [279/445] RJTP
[05:18:33] [280/445] LAKC
[05:18:34] 🔄 Identity reset
[05:18:34] 🔄 Identity rotated (every 10 requests)
[05:18:34] [281/445] MCXE
[05:18:35] [282/445] CCZC
[05:18:36] [283/445] AVCH
[05:18:37] [284/445] CMBE
[05:18:38] [285/445] MRRC
[05:18:38] [286/445] PCPY
[05:18:39] [287/445] SRMH
[05:18:40] [288/445] SVGS
[05:18:42] [289/445] PCSE
[05:18:43] [290/445] SVFT
[05:18:44] 🔄 Identity reset
[05:18:44] 🔄 Identity rotated (every 10 requests)
[05:18:44] [291/445] TNZP
[05:18:45] [292/445] ICTP
[05:18:46] [293/445] ACTZ
[05:18:47] [294/445] GTUR
[05:18:48] [295/445] MAFC
[05:18:49] [296/445] MINL
[05:18:50] [297/445] MRCL
[05:18:50] [298/445] RCRP
[05:18:51] [299/445] RFFG
[05:18:52] [300/445] RMAS
[05:18:53] 🔄 Identity reset
[05:18:53] 🔄 Identity rotated (every 10 requests)
[05:18:53] [301/445] INVR
[05:18:54] [302/445] RMAR
[05:18:55] [303/445] CNIS
[05:18:57] [304/445] RHRJ
[05:18:58] [305/445] INXR
[05:18:59] [306/445] VALT
[05:18:59] [307/445] LCSH
[05:19:01] [308/445] CMVS
[05:19:02] [309/445] CNMS
[05:19:02] [310/445] ROOG
[05:19:03] 🔄 Identity reset
[05:19:03] 🔄 Identity rotated (every 10 requests)
[05:19:04] [311/445] ISRM
[05:19:04] [312/445] RCRM
[05:19:06] [313/445] ACJA
[05:19:07] [314/445] RCVS
[05:19:08] [315/445] CPUS
[05:19:09] [316/445] TGCS
[05:19:10] [317/445] RKCJ
[05:19:11] [318/445] MKSB
[05:19:13] [319/445] TCSJ
[05:19:14] [320/445] RMGP
[05:19:15] 🔄 Identity reset
[05:19:15] 🔄 Identity rotated (every 10 requests)
[05:19:15] [321/445] CLLP
[05:19:16] [322/445] RCMV
[05:19:17] [323/445] CCKS
[05:19:18] [324/445] RSRP
[05:19:19] [325/445] APLP
[05:19:20] [326/445] CNVS
[05:19:22] [327/445] RMVY
[05:19:22] [328/445] PGBD
[05:19:23] [329/445] KLMS
[05:19:25] [330/445] RUST
[05:19:25] 🔄 Identity reset
[05:19:26] 🔄 Identity rotated (every 10 requests)
[05:19:26] [331/445] MASM
[05:19:27] [332/445] BACS
[05:19:28] [333/445] BWST
[05:19:30] [334/445] RRFH
[05:19:31] [335/445] SJTM
[05:19:32] [336/445] BEMR
[05:19:33] [337/445] MCGR
[05:19:34] [338/445] SDSK
[05:19:34] [339/445] VBOL
[05:19:35] [340/445] RMGM
[05:19:36] 🔄 Identity reset
[05:19:36] 🔄 Identity rotated (every 10 requests)
[05:19:36] [341/445] NOPL
[05:19:37] [342/445] MKJK
[05:19:38] [343/445] CVRN
[05:19:39] [344/445] MMEN
[05:19:40] [345/445] AMNG
[05:19:41] [346/445] INTM
[05:19:42] [347/445] SLCZ
[05:19:43] [348/445] AMJN
[05:19:44] [349/445] ACJN
[05:19:45] [350/445] AMKN
[05:19:46] 🔄 Identity reset
[05:19:46] 🔄 Identity rotated (every 10 requests)
[05:19:46] [351/445] BTCN
[05:19:47] [352/445] AMBT
[05:19:48] [353/445] PACN
[05:19:49] [354/445] LCNS
[05:19:50] [355/445] PPKC
[05:19:51] [356/445] JYYN
[05:19:52] [357/445] JTNR
[05:19:52] [358/445] GTEE
[05:19:53] [359/445] SRNM
[05:19:54] [360/445] SDTC
[05:19:55] 🔄 Identity reset
[05:19:55] 🔄 Identity rotated (every 10 requests)
[05:19:55] [361/445] VPCA
[05:19:56] [362/445] VLRA
[05:19:58] [363/445] SHKR
[05:19:59] [364/445] SBKD
[05:20:00] [365/445] SAAD
[05:20:02] [366/445] JTGN
[05:20:03] [367/445] SLAM
[05:20:04] [368/445] VTPM
[05:20:05] [369/445] ANPT
[05:20:05] [370/445] PUNB
[05:20:06] 🔄 Identity reset
[05:20:06] 🔄 Identity rotated (every 10 requests)
[05:20:07] [371/445] CPKT
[05:20:07] [372/445] CNWE
[05:20:09] [373/445] ECPP
[05:20:11] [374/445] CPAR
[05:20:12] [375/445] ESBW
[05:20:13] [376/445] PKPU
[05:20:14] [377/445] CPRP
[05:20:15] [378/445] RAHU
[05:20:16] [379/445] RHMN
[05:20:18] [380/445] FMJP
[05:20:18] 🔄 Identity reset
[05:20:18] 🔄 Identity rotated (every 10 requests)
[05:20:19] [381/445] CTMP
[05:20:20] [382/445] INPN
[05:20:21] [383/445] STTG
[05:20:23] [384/445] CTRD
[05:20:24] [385/445] PUVB
[05:20:24] [386/445] ESVP
[05:20:25] [387/445] CPFT
[05:20:26] [388/445] LCPC
[05:20:27] [389/445] VBCT
[05:20:28] [390/445] FSCW
[05:20:28] 🔄 Identity reset
[05:20:29] 🔄 Identity rotated (every 10 requests)
[05:20:29] [391/445] VCMP
[05:20:30] [392/445] ASHC
[05:20:32] [393/445] VLCX
[05:20:32] [394/445] SHEV
[05:20:33] [395/445] APCO
[05:20:34] [396/445] SILC
[05:20:36] [397/445] SNMR
[05:20:37] [398/445] KYBO
[05:20:38] [399/445] SATK
[05:20:39] [400/445] SSCS
[05:20:39] 🔄 Identity reset
[05:20:39] 🔄 Identity rotated (every 10 requests)
[05:20:40] [401/445] CLSB
[05:20:40] [402/445] KMJR
[05:20:41] [403/445] FSCK
[05:20:43] [404/445] NNKA
[05:20:44] [405/445] CLMK
[05:20:45] [406/445] DMPZ
[05:20:46] [407/445] INQM
[05:20:47] [408/445] CAML
[05:20:49] [409/445] INRK
[05:20:50] [410/445] IMKN
[05:20:51] 🔄 Identity reset
[05:20:51] 🔄 Identity rotated (every 10 requests)
[05:20:51] [411/445] SVNR
[05:20:52] [412/445] INSL
[05:20:53] [413/445] MSMA
[05:20:54] [414/445] MCKK
[05:20:55] [415/445] FCHP
[05:20:56] [416/445] SFCR
[05:20:58] [417/445] NACK
[05:20:58] [418/445] PVAK
[05:20:59] [419/445] INER
[05:21:00] [420/445] RDBK
[05:21:01] 🔄 Identity reset
[05:21:01] 🔄 Identity rotated (every 10 requests)
[05:21:01] [421/445] SVFN
[05:21:02] [422/445] IFRM
[05:21:03] [423/445] ATCK
[05:21:04] [424/445] ASKO
[05:21:05] [425/445] STKT
[05:21:06] [426/445] SVFB
[05:21:07] [427/445] INKS
[05:21:09] [428/445] PCRA
[05:21:10] [429/445] ATJA
[05:21:11] [430/445] IMJN
[05:21:11] 🔄 Identity reset
[05:21:11] 🔄 Identity rotated (every 10 requests)
[05:21:12] [431/445] INHD
[05:21:13] [432/445] BARA
[05:21:14] [433/445] MCSL
[05:21:15] [434/445] RTOY
[05:21:16] [435/445] MENO
[05:21:17] [436/445] PUDM
[05:21:18] [437/445] PRCN
[05:21:18] [438/445] JMJR
[05:21:19] [439/445] SSGK
[05:21:20] [440/445] SSRL
[05:21:21] 🔄 Identity reset
[05:21:21] 🔄 Identity rotated (every 10 requests)
[05:21:21] [441/445] JYKL
[05:21:22] [442/445] ACNB
[05:21:24] [443/445] SONP
[05:21:25] [444/445] EMCI
[05:21:26] [445/445] MRJH
[05:21:27] 🧹 Deduping shows
[05:21:27] ✅ DONE | Shows=995 | Movies=45
[10:44:15] 🚀 SCRIPT STARTED (enhanced anti‑detection)
[10:44:15] [1/445] TGMR
[10:44:15] 🧠 New identity created
[10:44:16] [2/445] CXKR
[10:44:17] [3/445] SROP
[10:44:18] [4/445] GTSV
[10:44:19] [5/445] SNTY
[10:44:20] [6/445] SMYY
[10:44:20] [7/445] CNCS
[10:44:21] [8/445] CSTM
[10:44:22] [9/445] NUCD
[10:44:23] [10/445] SHCZ
[10:44:23] 🔄 Identity reset
[10:44:23] 🔄 Identity rotated (every 10 requests)
[10:44:24] [11/445] NJCT
[10:44:25] [12/445] COPC
[10:44:26] [13/445] STVV
[10:44:26] [14/445] SKRN
[10:44:27] [15/445] APPZ
[10:44:28] [16/445] YMGN
[10:44:29] [17/445] SVTU
[10:44:30] [18/445] GTAD
[10:44:31] [19/445] PSUS
[10:44:32] [20/445] SMCD
[10:44:33] 🔄 Identity reset
[10:44:33] 🔄 Identity rotated (every 10 requests)
[10:44:33] [21/445] CMCM
[10:44:34] [22/445] SYCT
[10:44:35] [23/445] STLY
[10:44:36] [24/445] CMHU
[10:44:37] [25/445] CMSA
[10:44:37] [26/445] CLCU
[10:44:38] [27/445] PPNT
[10:44:39] [28/445] JTAB
[10:44:40] [29/445] BUUC
[10:44:41] [30/445] BSVK
[10:44:41] 🔄 Identity reset
[10:44:41] 🔄 Identity rotated (every 10 requests)
[10:44:42] [31/445] VVVQ
[10:44:43] [32/445] TKMU
[10:44:43] [33/445] ESYL
[10:44:44] [34/445] ACHP
[10:44:45] [35/445] BTKD
[10:44:46] [36/445] DESA
[10:44:47] [37/445] GBCT
[10:44:48] [38/445] BLLD
[10:44:49] [39/445] SKNT
[10:44:50] [40/445] SSTE
[10:44:50] 🔄 Identity reset
[10:44:50] 🔄 Identity rotated (every 10 requests)
[10:44:50] [41/445] VJMR
[10:44:51] [42/445] NTPU
[10:44:52] [43/445] RDKN
[10:44:53] [44/445] ADGC
[10:44:54] [45/445] VRBP
[10:44:55] [46/445] NMNA
[10:44:56] [47/445] CMMX
[10:44:57] [48/445] PTKO
[10:44:58] [49/445] RBML
[10:44:58] [50/445] SAIC
[10:44:59] 🔄 Identity reset
[10:44:59] 🔄 Identity rotated (every 10 requests)
[10:44:59] [51/445] SVTJ
[10:45:00] [52/445] MRTE
[10:45:02] [53/445] RBTP
[10:45:03] [54/445] NLPS
[10:45:04] [55/445] GTNA
[10:45:04] [56/445] DGGC
[10:45:05] [57/445] SMCR
[10:45:06] [58/445] SCGD
[10:45:07] [59/445] SRRJ
[10:45:08] [60/445] CNRY
[10:45:09] 🔄 Identity reset
[10:45:09] 🔄 Identity rotated (every 10 requests)
[10:45:09] [61/445] KTDI
[10:45:10] [62/445] SNJL
[10:45:11] [63/445] RKMD
[10:45:12] [64/445] SMDC
[10:45:13] [65/445] TADG
[10:45:13] [66/445] MCGS
[10:45:14] [67/445] PETK
[10:45:15] [68/445] CHAG
[10:45:16] [69/445] KSTL
[10:45:17] [70/445] AADS
[10:45:17] 🔄 Identity reset
[10:45:17] 🔄 Identity rotated (every 10 requests)
[10:45:18] [71/445] NTHZ
[10:45:19] [72/445] HCKI
[10:45:20] [73/445] SSEF
[10:45:20] [74/445] MCGX
[10:45:21] [75/445] ERRA
[10:45:23] [76/445] SDTW
[10:45:24] [77/445] RMPK
[10:45:25] [78/445] PTHK
[10:45:26] [79/445] PXCS
[10:45:27] [80/445] SVLU
[10:45:27] 🔄 Identity reset
[10:45:27] 🔄 Identity rotated (every 10 requests)
[10:45:28] [81/445] STAH
[10:45:29] [82/445] JRGF
[10:45:29] [83/445] CDOK
[10:45:30] [84/445] CMSG
[10:45:31] [85/445] APTD
[10:45:32] [86/445] KMPG
[10:45:33] [87/445] MUTJ
[10:45:34] [88/445] VCCI
[10:45:35] [89/445] URBE
[10:45:36] [90/445] TCTS
[10:45:36] 🔄 Identity reset
[10:45:36] 🔄 Identity rotated (every 10 requests)
[10:45:37] [91/445] STSN
[10:45:38] [92/445] AKCH
[10:45:39] [93/445] APSC
[10:45:39] [94/445] VLTB
[10:45:40] [95/445] SANU
[10:45:41] [96/445] AXAM
[10:45:42] [97/445] MGMG
[10:45:43] [98/445] HTBY
[10:45:44] [99/445] MMZS
[10:45:45] [100/445] SUDR
[10:45:46] 🔄 Identity reset
[10:45:46] 🔄 Identity rotated (every 10 requests)
[10:45:47] [101/445] CCAD
[10:45:48] [102/445] SKKC
[10:45:49] [103/445] RMCD
[10:45:50] [104/445] SBCQ
[10:45:50] [105/445] DCCT
[10:45:51] [106/445] VTKP
[10:45:52] [107/445] MLAM
[10:45:53] [108/445] SAVT
[10:45:54] [109/445] GEPL
[10:45:55] [110/445] AMCD
[10:45:55] 🔄 Identity reset
[10:45:55] 🔄 Identity rotated (every 10 requests)
[10:45:56] [111/445] CCXR
[10:45:57] [112/445] GRNG
[10:45:58] [113/445] EBCA
[10:45:59] [114/445] CNVG
[10:46:00] [115/445] MWSS
[10:46:02] [116/445] VBOR
[10:46:03] [117/445] NEEB
[10:46:04] [118/445] SUTH
[10:46:05] [119/445] ANDB
[10:46:06] [120/445] MMXS
[10:46:06] 🔄 Identity reset
[10:46:06] 🔄 Identity rotated (every 10 requests)
[10:46:07] [121/445] CNPD
[10:46:08] [122/445] SDCE
[10:46:08] [123/445] DHCB
[10:46:09] [124/445] ODEN
[10:46:10] [125/445] TNTC
[10:46:11] [126/445] VBKM
[10:46:12] [127/445] RZYM
[10:46:13] [128/445] JEMC
[10:46:14] [129/445] CMAU
[10:46:15] [130/445] SIVP
[10:46:15] 🔄 Identity reset
[10:46:15] 🔄 Identity rotated (every 10 requests)
[10:46:16] [131/445] ATAG
[10:46:17] [132/445] CHTM
[10:46:18] [133/445] AAEE
[10:46:19] [134/445] IWPM
[10:46:20] [135/445] KCMW
[10:46:20] [136/445] MCTD
[10:46:21] [137/445] SPWR
[10:46:22] [138/445] SDPO
[10:46:23] [139/445] PCSK
[10:46:24] [140/445] ACHV
[10:46:25] 🔄 Identity reset
[10:46:25] 🔄 Identity rotated (every 10 requests)
[10:46:25] [141/445] SVLA
[10:46:26] [142/445] PICT
[10:46:27] [143/445] BXDR
[10:46:27] [144/445] SPWA
[10:46:28] [145/445] MCKO
[10:46:29] [146/445] RTHK
[10:46:30] [147/445] CCMF
[10:46:31] [148/445] MRGB
[10:46:33] [149/445] CPLC
[10:46:34] [150/445] RACD
[10:46:35] 🔄 Identity reset
[10:46:35] 🔄 Identity rotated (every 10 requests)
[10:46:35] [151/445] ATKT
[10:46:36] [152/445] SARN
[10:46:37] [153/445] KKUI
[10:46:38] [154/445] RGCM
[10:46:39] [155/445] BRVP
[10:46:39] [156/445] HRSR
[10:46:40] [157/445] GKGM
[10:46:41] [158/445] TTCD
[10:46:42] [159/445] PTTI
[10:46:43] [160/445] MPTT
[10:46:44] 🔄 Identity reset
[10:46:44] 🔄 Identity rotated (every 10 requests)
[10:46:44] [161/445] CVTT
[10:46:45] [162/445] PCXD
[10:46:46] [163/445] GCDC
[10:46:47] [164/445] CCCF
[10:46:48] [165/445] MRAD
[10:46:49] [166/445] CPLK
[10:46:50] [167/445] SATB
[10:46:51] [168/445] SNVG
[10:46:52] [169/445] JMBA
[10:46:53] [170/445] TEJA
[10:46:54] 🔄 Identity reset
[10:46:54] 🔄 Identity rotated (every 10 requests)
[10:46:55] [171/445] STYO
[10:46:56] [172/445] JTBP
[10:46:57] [173/445] KRGD
[10:46:58] [174/445] SLJJ
[10:46:58] [175/445] SPTJ
[10:46:59] [176/445] SWJG
[10:47:01] [177/445] LKRT
[10:47:02] [178/445] KCKA
[10:47:03] [179/445] SNCR
[10:47:04] [180/445] SMKL
[10:47:04] 🔄 Identity reset
[10:47:04] 🔄 Identity rotated (every 10 requests)
[10:47:05] [181/445] GCFA
[10:47:06] [182/445] DDCK
[10:47:07] [183/445] NCHJ
[10:47:07] [184/445] RDMA
[10:47:09] [185/445] SVSV
[10:47:10] [186/445] SCJG
[10:47:11] [187/445] VKLP
[10:47:12] [188/445] NWCC
[10:47:13] [189/445] VKNS
[10:47:14] [190/445] SDDP
[10:47:14] 🔄 Identity reset
[10:47:14] 🔄 Identity rotated (every 10 requests)
[10:47:15] [191/445] ACSI
[10:47:16] [192/445] SATG
[10:47:17] [193/445] SCMW
[10:47:19] [194/445] LKTK
[10:47:19] [195/445] VCKV
[10:47:20] [196/445] KKPE
[10:47:21] [197/445] KIGH
[10:47:22] [198/445] SRPM
[10:47:24] [199/445] SCAH
[10:47:25] [200/445] MUTA
[10:47:26] 🔄 Identity reset
[10:47:26] 🔄 Identity rotated (every 10 requests)
[10:47:26] [201/445] SEPU
[10:47:27] [202/445] INOA
[10:47:28] [203/445] BASK
[10:47:29] [204/445] NECB
[10:47:30] [205/445] GTTG
[10:47:31] [206/445] ASSA
[10:47:32] [207/445] ANCL
[10:47:33] [208/445] GCTI
[10:47:34] [209/445] RCTS
[10:47:35] [210/445] ACNL
[10:47:35] 🔄 Identity reset
[10:47:35] 🔄 Identity rotated (every 10 requests)
[10:47:36] [211/445] MYCT
[10:47:38] [212/445] NMHT
[10:47:38] [213/445] MDIT
[10:47:40] [214/445] LATG
[10:47:41] [215/445] SMTY
[10:47:42] [216/445] CVCT
[10:47:43] [217/445] RAMB
[10:47:43] [218/445] TGMS
[10:47:44] [219/445] BHEL
[10:47:45] [220/445] SHCT
[10:47:46] 🔄 Identity reset
[10:47:46] 🔄 Identity rotated (every 10 requests)
[10:47:46] [221/445] SVCT
[10:47:47] [222/445] MRIY
[10:47:48] [223/445] SARO
[10:47:49] [224/445] STCT
[10:47:50] [225/445] JKKC
[10:47:51] [226/445] PLTT
[10:47:53] [227/445] SRNT
[10:47:54] [228/445] YAST
[10:47:55] [229/445] PERL
[10:47:56] [230/445] CICM
[10:47:56] 🔄 Identity reset
[10:47:56] 🔄 Identity rotated (every 10 requests)
[10:47:57] [231/445] MMTR
[10:47:57] [232/445] ABTK
[10:47:58] [233/445] ATYY
[10:47:59] [234/445] ASTK
[10:48:00] [235/445] VVCK
[10:48:01] [236/445] ATKY
[10:48:02] [237/445] GWEK
[10:48:03] [238/445] SVFH
[10:48:04] [239/445] SLTA
[10:48:05] [240/445] AASH
[10:48:05] 🔄 Identity reset
[10:48:05] 🔄 Identity rotated (every 10 requests)
[10:48:06] [241/445] ACXB
[10:48:06] [242/445] SMTX
[10:48:07] [243/445] AZDH
[10:48:08] [244/445] CMMH
[10:48:09] [245/445] SCSZ
[10:48:10] [246/445] SCKP
[10:48:11] [247/445] NXTM
[10:48:12] [248/445] NWCS
[10:48:13] [249/445] CXMH
[10:48:15] [250/445] PCMA
[10:48:15] 🔄 Identity reset
[10:48:16] 🔄 Identity rotated (every 10 requests)
[10:48:16] [251/445] SGCM
[10:48:17] [252/445] SDTU
[10:48:18] [253/445] MMVI
[10:48:18] [254/445] JKCM
[10:48:19] [255/445] VCMM
[10:48:21] [256/445] SYEE
[10:48:22] [257/445] VASD
[10:48:23] [258/445] BDRB
[10:48:24] [259/445] LASM
[10:48:25] [260/445] DCRL
[10:48:26] 🔄 Identity reset
[10:48:26] 🔄 Identity rotated (every 10 requests)
[10:48:26] [261/445] DVPM
[10:48:27] [262/445] SBMJ
[10:48:28] [263/445] CBMU
[10:48:29] [264/445] IUBS
[10:48:30] [265/445] INAP
[10:48:31] [266/445] SRRC
[10:48:33] [267/445] SAGR
[10:48:34] [268/445] CPMJ
[10:48:35] [269/445] ATJL
[10:48:37] [270/445] NNTD
[10:48:37] 🔄 Identity reset
[10:48:37] 🔄 Identity rotated (every 10 requests)
[10:48:38] [271/445] JHCJ
[10:48:38] [272/445] CMMP
[10:48:39] [273/445] RSDR
[10:48:40] [274/445] AMTI
[10:48:41] [275/445] NYSG
[10:48:42] [276/445] AVSG
[10:48:43] [277/445] SYTP
[10:48:44] [278/445] LARC
[10:48:45] [279/445] RJTP
[10:48:46] [280/445] LAKC
[10:48:47] 🔄 Identity reset
[10:48:47] 🔄 Identity rotated (every 10 requests)
[10:48:47] [281/445] MCXE
[10:48:48] [282/445] CCZC
[10:48:49] [283/445] AVCH
[10:48:49] [284/445] CMBE
[10:48:50] [285/445] MRRC
[10:48:51] [286/445] PCPY
[10:48:53] [287/445] SRMH
[10:48:53] [288/445] SVGS
[10:48:54] [289/445] PCSE
[10:48:55] [290/445] SVFT
[10:48:56] 🔄 Identity reset
[10:48:56] 🔄 Identity rotated (every 10 requests)
[10:48:56] [291/445] TNZP
[10:48:57] [292/445] ICTP
[10:48:58] [293/445] ACTZ
[10:48:59] [294/445] GTUR
[10:49:00] [295/445] MAFC
[10:49:01] [296/445] MINL
[10:49:02] [297/445] MRCL
[10:49:03] [298/445] RCRP
[10:49:03] [299/445] RFFG
[10:49:05] [300/445] RMAS
[10:49:05] 🔄 Identity reset
[10:49:05] 🔄 Identity rotated (every 10 requests)
[10:49:06] [301/445] INVR
[10:49:06] [302/445] RMAR
[10:49:07] [303/445] CNIS
[10:49:09] [304/445] RHRJ
[10:49:10] [305/445] INXR
[10:49:11] [306/445] VALT
[10:49:11] [307/445] LCSH
[10:49:12] [308/445] CMVS
[10:49:13] [309/445] CNMS
[10:49:14] [310/445] ROOG
[10:49:15] 🔄 Identity reset
[10:49:15] 🔄 Identity rotated (every 10 requests)
[10:49:15] [311/445] ISRM
[10:49:16] [312/445] RCRM
[10:49:17] [313/445] ACJA
[10:49:18] [314/445] RCVS
[10:49:19] [315/445] CPUS
[10:49:20] [316/445] TGCS
[10:49:21] [317/445] RKCJ
[10:49:22] [318/445] MKSB
[10:49:24] [319/445] TCSJ
[10:49:25] [320/445] RMGP
[10:49:25] 🔄 Identity reset
[10:49:25] 🔄 Identity rotated (every 10 requests)
[10:49:26] [321/445] CLLP
[10:49:26] [322/445] RCMV
[10:49:27] [323/445] CCKS
[10:49:28] [324/445] RSRP
[10:49:29] [325/445] APLP
[10:49:30] [326/445] CNVS
[10:49:31] [327/445] RMVY
[10:49:32] [328/445] PGBD
[10:49:33] [329/445] KLMS
[10:49:33] [330/445] RUST
[10:49:34] 🔄 Identity reset
[10:49:34] 🔄 Identity rotated (every 10 requests)
[10:49:34] [331/445] MASM
[10:49:35] [332/445] BACS
[10:49:36] [333/445] BWST
[10:49:37] [334/445] RRFH
[10:49:38] [335/445] SJTM
[10:49:39] [336/445] BEMR
[10:49:40] [337/445] MCGR
[10:49:41] [338/445] SDSK
[10:49:42] [339/445] VBOL
[10:49:43] [340/445] RMGM
[10:49:43] 🔄 Identity reset
[10:49:43] 🔄 Identity rotated (every 10 requests)
[10:49:44] [341/445] NOPL
[10:49:45] [342/445] MKJK
[10:49:46] [343/445] CVRN
[10:49:48] [344/445] MMEN
[10:49:49] [345/445] AMNG
[10:49:49] [346/445] INTM
[10:49:50] [347/445] SLCZ
[10:49:51] [348/445] AMJN
[10:49:52] [349/445] ACJN
[10:49:53] [350/445] AMKN
[10:49:54] 🔄 Identity reset
[10:49:54] 🔄 Identity rotated (every 10 requests)
[10:49:55] [351/445] BTCN
[10:49:55] [352/445] AMBT
[10:49:56] [353/445] PACN
[10:49:57] [354/445] LCNS
[10:49:59] [355/445] PPKC
[10:50:00] [356/445] JYYN
[10:50:00] [357/445] JTNR
[10:50:01] [358/445] GTEE
[10:50:02] [359/445] SRNM
[10:50:04] [360/445] SDTC
[10:50:05] 🔄 Identity reset
[10:50:05] 🔄 Identity rotated (every 10 requests)
[10:50:05] [361/445] VPCA
[10:50:06] [362/445] VLRA
[10:50:08] [363/445] SHKR
[10:50:08] [364/445] SBKD
[10:50:09] [365/445] SAAD
[10:50:10] [366/445] JTGN
[10:50:11] [367/445] SLAM
[10:50:12] [368/445] VTPM
[10:50:13] [369/445] ANPT
[10:50:14] [370/445] PUNB
[10:50:14] 🔄 Identity reset
[10:50:14] 🔄 Identity rotated (every 10 requests)
[10:50:15] [371/445] CPKT
[10:50:16] [372/445] CNWE
[10:50:17] [373/445] ECPP
[10:50:17] [374/445] CPAR
[10:50:18] [375/445] ESBW
[10:50:19] [376/445] PKPU
[10:50:20] [377/445] CPRP
[10:50:21] [378/445] RAHU
[10:50:22] [379/445] RHMN
[10:50:23] [380/445] FMJP
[10:50:24] 🔄 Identity reset
[10:50:24] 🔄 Identity rotated (every 10 requests)
[10:50:24] [381/445] CTMP
[10:50:25] [382/445] INPN
[10:50:26] [383/445] STTG
[10:50:27] [384/445] CTRD
[10:50:28] [385/445] PUVB
[10:50:29] [386/445] ESVP
[10:50:30] [387/445] CPFT
[10:50:31] [388/445] LCPC
[10:50:32] [389/445] VBCT
[10:50:33] [390/445] FSCW
[10:50:34] 🔄 Identity reset
[10:50:34] 🔄 Identity rotated (every 10 requests)
[10:50:34] [391/445] VCMP
[10:50:35] [392/445] ASHC
[10:50:37] [393/445] VLCX
[10:50:37] [394/445] SHEV
[10:50:38] [395/445] APCO
[10:50:39] [396/445] SILC
[10:50:40] [397/445] SNMR
[10:50:41] [398/445] KYBO
[10:50:42] [399/445] SATK
[10:50:43] [400/445] SSCS
[10:50:43] 🔄 Identity reset
[10:50:43] 🔄 Identity rotated (every 10 requests)
[10:50:44] [401/445] CLSB
[10:50:45] [402/445] KMJR
[10:50:46] [403/445] FSCK
[10:50:47] [404/445] NNKA
[10:50:48] [405/445] CLMK
[10:50:49] [406/445] DMPZ
[10:50:49] [407/445] INQM
[10:50:50] [408/445] CAML
[10:50:51] [409/445] INRK
[10:50:52] [410/445] IMKN
[10:50:53] 🔄 Identity reset
[10:50:53] 🔄 Identity rotated (every 10 requests)
[10:50:53] [411/445] SVNR
[10:50:54] [412/445] INSL
[10:50:55] [413/445] MSMA
[10:50:56] [414/445] MCKK
[10:50:57] [415/445] FCHP
[10:50:58] [416/445] SFCR
[10:50:59] [417/445] NACK
[10:51:00] [418/445] PVAK
[10:51:00] [419/445] INER
[10:51:01] [420/445] RDBK
[10:51:02] 🔄 Identity reset
[10:51:02] 🔄 Identity rotated (every 10 requests)
[10:51:03] [421/445] SVFN
[10:51:04] [422/445] IFRM
[10:51:05] [423/445] ATCK
[10:51:06] [424/445] ASKO
[10:51:07] [425/445] STKT
[10:51:08] [426/445] SVFB
[10:51:09] [427/445] INKS
[10:51:10] [428/445] PCRA
[10:51:11] [429/445] ATJA
[10:51:11] [430/445] IMJN
[10:51:12] 🔄 Identity reset
[10:51:12] 🔄 Identity rotated (every 10 requests)
[10:51:13] [431/445] INHD
[10:51:14] [432/445] BARA
[10:51:16] [433/445] MCSL
[10:51:17] [434/445] RTOY
[10:51:18] [435/445] MENO
[10:51:19] [436/445] PUDM
[10:51:20] [437/445] PRCN
[10:51:20] [438/445] JMJR
[10:51:21] [439/445] SSGK
[10:51:22] [440/445] SSRL
[10:51:22] 🔄 Identity reset
[10:51:22] 🔄 Identity rotated (every 10 requests)
[10:51:23] [441/445] JYKL
[10:51:24] [442/445] ACNB
[10:51:25] [443/445] SONP
[10:51:26] [444/445] EMCI
[10:51:27] [445/445] MRJH
[10:51:28] 🧹 Deduping shows
[10:51:28] ✅ DONE | Shows=1692 | Movies=50
[02:38:40] 🚀 SCRIPT STARTED
[02:38:40] [1/445] TGMR
[02:38:40] 🧠 New identity created
[02:38:41] [2/445] CXKR
[02:38:41] [3/445] SROP
[02:38:42] [4/445] GTSV
[02:38:42] [5/445] SNTY
[02:38:43] [6/445] SMYY
[02:38:44] [7/445] CNCS
[02:38:45] [8/445] CSTM
[02:38:45] [9/445] NUCD
[02:38:46] [10/445] SHCZ
[02:38:46] 🔄 Identity reset
[02:38:46] 🔄 Identity rotated (every 10 requests)
[02:38:47] [11/445] NJCT
[02:38:48] [12/445] COPC
[02:38:48] [13/445] STVV
[02:38:49] [14/445] SKRN
[02:38:50] [15/445] APPZ
[02:38:50] [16/445] YMGN
[02:38:51] [17/445] SVTU
[02:38:52] [18/445] GTAD
[02:38:52] [19/445] PSUS
[02:38:53] [20/445] SMCD
[02:38:53] 🔄 Identity reset
[02:38:53] 🔄 Identity rotated (every 10 requests)
[02:38:53] [21/445] CMCM
[02:38:54] [22/445] SYCT
[02:38:55] [23/445] STLY
[02:38:56] [24/445] CMHU
[02:38:56] [25/445] CMSA
[02:38:57] [26/445] CLCU
[02:38:57] [27/445] PPNT
[02:38:58] [28/445] JTAB
[02:38:58] [29/445] BUUC
[02:38:59] [30/445] BSVK
[02:38:59] 🔄 Identity reset
[02:38:59] 🔄 Identity rotated (every 10 requests)
[02:39:00] [31/445] VVVQ
[02:39:01] [32/445] TKMU
[02:39:01] [33/445] ESYL
[02:39:02] [34/445] ACHP
[02:39:03] [35/445] BTKD
[02:39:03] [36/445] DESA
[02:39:04] [37/445] GBCT
[02:39:05] [38/445] BLLD
[02:39:05] [39/445] SKNT
[02:39:06] [40/445] SSTE
[02:39:06] 🔄 Identity reset
[02:39:06] 🔄 Identity rotated (every 10 requests)
[02:39:07] [41/445] VJMR
[02:39:08] [42/445] NTPU
[02:39:08] [43/445] RDKN
[02:39:09] [44/445] ADGC
[02:39:10] [45/445] VRBP
[02:39:10] [46/445] NMNA
[02:39:11] [47/445] CMMX
[02:39:11] [48/445] PTKO
[02:39:12] [49/445] RBML
[02:39:13] [50/445] SAIC
[02:39:13] 🔄 Identity reset
[02:39:13] 🔄 Identity rotated (every 10 requests)
[02:39:14] [51/445] SVTJ
[02:39:14] [52/445] MRTE
[02:39:15] [53/445] RBTP
[02:39:15] [54/445] NLPS
[02:39:16] [55/445] GTNA
[02:39:17] [56/445] DGGC
[02:39:18] [57/445] SMCR
[02:39:18] [58/445] SCGD
[02:39:19] [59/445] SRRJ
[02:39:20] [60/445] CNRY
[02:39:20] 🔄 Identity reset
[02:39:20] 🔄 Identity rotated (every 10 requests)
[02:39:21] [61/445] KTDI
[02:39:21] [62/445] SNJL
[02:39:22] [63/445] RKMD
[02:39:23] [64/445] SMDC
[02:39:23] [65/445] TADG
[02:39:24] [66/445] MCGS
[02:39:25] [67/445] PETK
[02:39:26] [68/445] CHAG
[02:39:26] [69/445] KSTL
[02:39:27] [70/445] AADS
[02:39:27] 🔄 Identity reset
[02:39:27] 🔄 Identity rotated (every 10 requests)
[02:39:28] [71/445] NTHZ
[02:39:28] [72/445] HCKI
[02:39:29] [73/445] SSEF
[02:39:30] [74/445] MCGX
[02:39:30] [75/445] ERRA
[02:39:31] [76/445] SDTW
[02:39:32] [77/445] RMPK
[02:39:32] [78/445] PTHK
[02:39:33] [79/445] PXCS
[02:39:34] [80/445] SVLU
[02:39:34] 🔄 Identity reset
[02:39:34] 🔄 Identity rotated (every 10 requests)
[02:39:35] [81/445] STAH
[02:39:35] [82/445] JRGF
[02:39:36] [83/445] CDOK
[02:39:37] [84/445] CMSG
[02:39:37] [85/445] APTD
[02:39:38] [86/445] KMPG
[02:39:39] [87/445] MUTJ
[02:39:39] [88/445] VCCI
[02:39:40] [89/445] URBE
[02:39:41] [90/445] TCTS
[02:39:41] 🔄 Identity reset
[02:39:41] 🔄 Identity rotated (every 10 requests)
[02:39:41] [91/445] STSN
[02:39:42] [92/445] AKCH
[02:39:43] [93/445] APSC
[02:39:43] [94/445] VLTB
[02:39:44] [95/445] SANU
[02:39:44] [96/445] AXAM
[02:39:45] [97/445] MGMG
[02:39:46] [98/445] HTBY
[02:39:46] [99/445] MMZS
[02:39:47] [100/445] SUDR
[02:39:47] 🔄 Identity reset
[02:39:47] 🔄 Identity rotated (every 10 requests)
[02:39:48] [101/445] CCAD
[02:39:48] [102/445] SKKC
[02:39:49] [103/445] RMCD
[02:39:49] [104/445] SBCQ
[02:39:50] [105/445] DCCT
[02:39:51] [106/445] VTKP
[02:39:51] [107/445] MLAM
[02:39:52] [108/445] SAVT
[02:39:52] [109/445] GEPL
[02:39:53] [110/445] AMCD
[02:39:53] 🔄 Identity reset
[02:39:53] 🔄 Identity rotated (every 10 requests)
[02:39:54] [111/445] CCXR
[02:39:55] [112/445] GRNG
[02:39:55] [113/445] EBCA
[02:39:56] [114/445] CNVG
[02:39:57] [115/445] MWSS
[02:39:58] [116/445] VBOR
[02:39:58] [117/445] NEEB
[02:39:59] [118/445] SUTH
[02:40:00] [119/445] ANDB
[02:40:00] [120/445] MMXS
[02:40:00] 🔄 Identity reset
[02:40:00] 🔄 Identity rotated (every 10 requests)
[02:40:01] [121/445] CNPD
[02:40:02] [122/445] SDCE
[02:40:02] [123/445] DHCB
[02:40:03] [124/445] ODEN
[02:40:03] [125/445] TNTC
[02:40:04] [126/445] VBKM
[02:40:05] [127/445] RZYM
[02:40:05] [128/445] JEMC
[02:40:06] [129/445] CMAU
[02:40:07] [130/445] SIVP
[02:40:07] 🔄 Identity reset
[02:40:07] 🔄 Identity rotated (every 10 requests)
[02:40:08] [131/445] ATAG
[02:40:08] [132/445] CHTM
[02:40:09] [133/445] AAEE
[02:40:10] [134/445] IWPM
[02:40:10] [135/445] KCMW
[02:40:11] [136/445] MCTD
[02:40:12] [137/445] SPWR
[02:40:13] [138/445] SDPO
[02:40:13] [139/445] PCSK
[02:40:14] [140/445] ACHV
[02:40:14] 🔄 Identity reset
[02:40:14] 🔄 Identity rotated (every 10 requests)
[02:40:15] [141/445] SVLA
[02:40:15] [142/445] PICT
[02:40:16] [143/445] BXDR
[02:40:16] [144/445] SPWA
[02:40:17] [145/445] MCKO
[02:40:18] [146/445] RTHK
[02:40:18] [147/445] CCMF
[02:40:19] [148/445] MRGB
[02:40:20] [149/445] CPLC
[02:40:20] [150/445] RACD
[02:40:20] 🔄 Identity reset
[02:40:20] 🔄 Identity rotated (every 10 requests)
[02:40:21] [151/445] ATKT
[02:40:22] [152/445] SARN
[02:40:22] [153/445] KKUI
[02:40:23] [154/445] RGCM
[02:40:24] [155/445] BRVP
[02:40:25] [156/445] HRSR
[02:40:25] [157/445] GKGM
[02:40:26] [158/445] TTCD
[02:40:27] [159/445] PTTI
[02:40:28] [160/445] MPTT
[02:40:28] 🔄 Identity reset
[02:40:28] 🔄 Identity rotated (every 10 requests)
[02:40:28] [161/445] CVTT
[02:40:29] [162/445] PCXD
[02:40:30] [163/445] GCDC
[02:40:30] [164/445] CCCF
[02:40:31] [165/445] MRAD
[02:40:31] [166/445] CPLK
[02:40:32] [167/445] SATB
[02:40:33] [168/445] SNVG
[02:40:34] [169/445] JMBA
[02:40:34] [170/445] TEJA
[02:40:34] 🔄 Identity reset
[02:40:34] 🔄 Identity rotated (every 10 requests)
[02:40:35] [171/445] STYO
[02:40:36] [172/445] JTBP
[02:40:36] [173/445] KRGD
[02:40:37] [174/445] SLJJ
[02:40:38] [175/445] SPTJ
[02:40:38] [176/445] SWJG
[02:40:39] [177/445] LKRT
[02:40:39] [178/445] KCKA
[02:40:40] [179/445] SNCR
[02:40:41] [180/445] SMKL
[02:40:41] 🔄 Identity reset
[02:40:41] 🔄 Identity rotated (every 10 requests)
[02:40:41] [181/445] GCFA
[02:40:42] [182/445] DDCK
[02:40:43] [183/445] NCHJ
[02:40:43] [184/445] RDMA
[02:40:44] [185/445] SVSV
[02:40:44] [186/445] SCJG
[02:40:45] [187/445] VKLP
[02:40:46] [188/445] NWCC
[02:40:47] [189/445] VKNS
[02:40:47] [190/445] SDDP
[02:40:47] 🔄 Identity reset
[02:40:47] 🔄 Identity rotated (every 10 requests)
[02:40:48] [191/445] ACSI
[02:40:49] [192/445] SATG
[02:40:49] [193/445] SCMW
[02:40:50] [194/445] LKTK
[02:40:51] [195/445] VCKV
[02:40:51] [196/445] KKPE
[02:40:52] [197/445] KIGH
[02:40:53] [198/445] SRPM
[02:40:54] [199/445] SCAH
[02:40:54] [200/445] MUTA
[02:40:54] 🔄 Identity reset
[02:40:54] 🔄 Identity rotated (every 10 requests)
[02:40:55] [201/445] SEPU
[02:40:56] [202/445] INOA
[02:40:56] [203/445] BASK
[02:40:57] [204/445] NECB
[02:40:58] [205/445] GTTG
[02:40:58] [206/445] ASSA
[02:40:59] [207/445] ANCL
[02:41:00] [208/445] GCTI
[02:41:00] [209/445] RCTS
[02:41:01] [210/445] ACNL
[02:41:01] 🔄 Identity reset
[02:41:01] 🔄 Identity rotated (every 10 requests)
[02:41:02] [211/445] MYCT
[02:41:02] [212/445] NMHT
[02:41:03] [213/445] MDIT
[02:41:04] [214/445] LATG
[02:41:04] [215/445] SMTY
[02:41:05] [216/445] CVCT
[02:41:06] [217/445] RAMB
[02:41:06] [218/445] TGMS
[02:41:07] [219/445] BHEL
[02:41:08] [220/445] SHCT
[02:41:08] 🔄 Identity reset
[02:41:08] 🔄 Identity rotated (every 10 requests)
[02:41:08] [221/445] SVCT
[02:41:09] [222/445] MRIY
[02:41:10] [223/445] SARO
[02:41:10] [224/445] STCT
[02:41:11] [225/445] JKKC
[02:41:11] [226/445] PLTT
[02:41:12] [227/445] SRNT
[02:41:13] [228/445] YAST
[02:41:13] [229/445] PERL
[02:41:14] [230/445] CICM
[02:41:14] 🔄 Identity reset
[02:41:14] 🔄 Identity rotated (every 10 requests)
[02:41:15] [231/445] MMTR
[02:41:15] [232/445] ABTK
[02:41:16] [233/445] ATYY
[02:41:17] [234/445] ASTK
[02:41:17] [235/445] VVCK
[02:41:18] [236/445] ATKY
[02:41:19] [237/445] GWEK
[02:41:19] [238/445] SVFH
[02:41:20] [239/445] SLTA
[02:41:21] [240/445] AASH
[02:41:21] 🔄 Identity reset
[02:41:21] 🔄 Identity rotated (every 10 requests)
[02:41:21] [241/445] ACXB
[02:41:22] [242/445] SMTX
[02:41:23] [243/445] AZDH
[02:41:23] [244/445] CMMH
[02:41:24] [245/445] SCSZ
[02:41:24] [246/445] SCKP
[02:41:25] [247/445] NXTM
[02:41:26] [248/445] NWCS
[02:41:26] [249/445] CXMH
[02:41:27] [250/445] PCMA
[02:41:27] 🔄 Identity reset
[02:41:27] 🔄 Identity rotated (every 10 requests)
[02:41:28] [251/445] SGCM
[02:41:28] [252/445] SDTU
[02:41:29] [253/445] MMVI
[02:41:30] [254/445] JKCM
[02:41:30] [255/445] VCMM
[02:41:31] [256/445] SYEE
[02:41:32] [257/445] VASD
[02:41:32] [258/445] BDRB
[02:41:33] [259/445] LASM
[02:41:34] [260/445] DCRL
[02:41:34] 🔄 Identity reset
[02:41:34] 🔄 Identity rotated (every 10 requests)
[02:41:34] [261/445] DVPM
[02:41:35] [262/445] SBMJ
[02:41:36] [263/445] CBMU
[02:41:37] [264/445] IUBS
[02:41:37] [265/445] INAP
[02:41:38] [266/445] SRRC
[02:41:39] [267/445] SAGR
[02:41:39] [268/445] CPMJ
[02:41:40] [269/445] ATJL
[02:41:40] [270/445] NNTD
[02:41:40] 🔄 Identity reset
[02:41:41] 🔄 Identity rotated (every 10 requests)
[02:41:41] [271/445] JHCJ
[02:41:42] [272/445] CMMP
[02:41:43] [273/445] RSDR
[02:41:43] [274/445] AMTI
[02:41:44] [275/445] NYSG
[02:41:44] [276/445] AVSG
[02:41:45] [277/445] SYTP
[02:41:46] [278/445] LARC
[02:41:46] [279/445] RJTP
[02:41:47] [280/445] LAKC
[02:41:47] 🔄 Identity reset
[02:41:47] 🔄 Identity rotated (every 10 requests)
[02:41:48] [281/445] MCXE
[02:41:48] [282/445] CCZC
[02:41:49] [283/445] AVCH
[02:41:50] [284/445] CMBE
[02:41:50] [285/445] MRRC
[02:41:51] [286/445] PCPY
[02:41:51] [287/445] SRMH
[02:41:52] [288/445] SVGS
[02:41:53] [289/445] PCSE
[02:41:53] [290/445] SVFT
[02:41:53] 🔄 Identity reset
[02:41:53] 🔄 Identity rotated (every 10 requests)
[02:41:54] [291/445] TNZP
[02:41:55] [292/445] ICTP
[02:41:55] [293/445] ACTZ
[02:41:56] [294/445] GTUR
[02:41:57] [295/445] MAFC
[02:41:57] [296/445] MINL
[02:41:58] [297/445] MRCL
[02:41:59] [298/445] RCRP
[02:41:59] [299/445] RFFG
[02:42:00] [300/445] RMAS
[02:42:00] 🔄 Identity reset
[02:42:00] 🔄 Identity rotated (every 10 requests)
[02:42:01] [301/445] INVR
[02:42:01] [302/445] RMAR
[02:42:02] [303/445] CNIS
[02:42:02] [304/445] RHRJ
[02:42:03] [305/445] INXR
[02:42:04] [306/445] VALT
[02:42:04] [307/445] LCSH
[02:42:05] [308/445] CMVS
[02:42:06] [309/445] CNMS
[02:42:07] [310/445] ROOG
[02:42:07] 🔄 Identity reset
[02:42:07] 🔄 Identity rotated (every 10 requests)
[02:42:07] [311/445] ISRM
[02:42:08] [312/445] RCRM
[02:42:08] [313/445] ACJA
[02:42:09] [314/445] RCVS
[02:42:10] [315/445] CPUS
[02:42:11] [316/445] TGCS
[02:42:11] [317/445] RKCJ
[02:42:12] [318/445] MKSB
[02:42:12] [319/445] TCSJ
[02:42:13] [320/445] RMGP
[02:42:13] 🔄 Identity reset
[02:42:13] 🔄 Identity rotated (every 10 requests)
[02:42:14] [321/445] CLLP
[02:42:14] [322/445] RCMV
[02:42:15] [323/445] CCKS
[02:42:16] [324/445] RSRP
[02:42:16] [325/445] APLP
[02:42:17] [326/445] CNVS
[02:42:17] [327/445] RMVY
[02:42:18] [328/445] PGBD
[02:42:19] [329/445] KLMS
[02:42:20] [330/445] RUST
[02:42:20] 🔄 Identity reset
[02:42:20] 🔄 Identity rotated (every 10 requests)
[02:42:20] [331/445] MASM
[02:42:21] [332/445] BACS
[02:42:21] [333/445] BWST
[02:42:22] [334/445] RRFH
[02:42:23] [335/445] SJTM
[02:42:23] [336/445] BEMR
[02:42:24] [337/445] MCGR
[02:42:25] [338/445] SDSK
[02:42:25] [339/445] VBOL
[02:42:26] [340/445] RMGM
[02:42:26] 🔄 Identity reset
[02:42:26] 🔄 Identity rotated (every 10 requests)
[02:42:27] [341/445] NOPL
[02:42:28] [342/445] MKJK
[02:42:28] [343/445] CVRN
[02:42:29] [344/445] MMEN
[02:42:29] [345/445] AMNG
[02:42:30] [346/445] INTM
[02:42:31] [347/445] SLCZ
[02:42:31] [348/445] AMJN
[02:42:32] [349/445] ACJN
[02:42:32] [350/445] AMKN
[02:42:32] 🔄 Identity reset
[02:42:32] 🔄 Identity rotated (every 10 requests)
[02:42:33] [351/445] BTCN
[02:42:34] [352/445] AMBT
[02:42:35] [353/445] PACN
[02:42:35] [354/445] LCNS
[02:42:36] [355/445] PPKC
[02:42:37] [356/445] JYYN
[02:42:37] [357/445] JTNR
[02:42:38] [358/445] GTEE
[02:42:39] [359/445] SRNM
[02:42:39] [360/445] SDTC
[02:42:39] 🔄 Identity reset
[02:42:39] 🔄 Identity rotated (every 10 requests)
[02:42:40] [361/445] VPCA
[02:42:41] [362/445] VLRA
[02:42:41] [363/445] SHKR
[02:42:42] [364/445] SBKD
[02:42:43] [365/445] SAAD
[02:42:43] [366/445] JTGN
[02:42:44] [367/445] SLAM
[02:42:44] [368/445] VTPM
[02:42:45] [369/445] ANPT
[02:42:46] [370/445] PUNB
[02:42:46] 🔄 Identity reset
[02:42:46] 🔄 Identity rotated (every 10 requests)
[02:42:46] [371/445] CPKT
[02:42:47] [372/445] CNWE
[02:42:48] [373/445] ECPP
[02:42:48] [374/445] CPAR
[02:42:49] [375/445] ESBW
[02:42:50] [376/445] PKPU
[02:42:50] [377/445] CPRP
[02:42:51] [378/445] RAHU
[02:42:52] [379/445] RHMN
[02:42:52] [380/445] FMJP
[02:42:52] 🔄 Identity reset
[02:42:52] 🔄 Identity rotated (every 10 requests)
[02:42:53] [381/445] CTMP
[02:42:54] [382/445] INPN
[02:42:54] [383/445] STTG
[02:42:55] [384/445] CTRD
[02:42:56] [385/445] PUVB
[02:42:56] [386/445] ESVP
[02:42:57] [387/445] CPFT
[02:42:57] [388/445] LCPC
[02:42:58] [389/445] VBCT
[02:42:59] [390/445] FSCW
[02:42:59] 🔄 Identity reset
[02:42:59] 🔄 Identity rotated (every 10 requests)
[02:42:59] [391/445] VCMP
[02:43:00] [392/445] ASHC
[02:43:01] [393/445] VLCX
[02:43:01] [394/445] SHEV
[02:43:02] [395/445] APCO
[02:43:02] [396/445] SILC
[02:43:03] [397/445] SNMR
[02:43:04] [398/445] KYBO
[02:43:04] [399/445] SATK
[02:43:05] [400/445] SSCS
[02:43:05] 🔄 Identity reset
[02:43:05] 🔄 Identity rotated (every 10 requests)
[02:43:06] [401/445] CLSB
[02:43:06] [402/445] KMJR
[02:43:07] [403/445] FSCK
[02:43:08] [404/445] NNKA
[02:43:08] [405/445] CLMK
[02:43:09] [406/445] DMPZ
[02:43:09] [407/445] INQM
[02:43:10] [408/445] CAML
[02:43:11] [409/445] INRK
[02:43:11] [410/445] IMKN
[02:43:11] 🔄 Identity reset
[02:43:11] 🔄 Identity rotated (every 10 requests)
[02:43:12] [411/445] SVNR
[02:43:13] [412/445] INSL
[02:43:14] [413/445] MSMA
[02:43:14] [414/445] MCKK
[02:43:15] [415/445] FCHP
[02:43:15] [416/445] SFCR
[02:43:16] [417/445] NACK
[02:43:17] [418/445] PVAK
[02:43:17] [419/445] INER
[02:43:18] [420/445] RDBK
[02:43:18] 🔄 Identity reset
[02:43:18] 🔄 Identity rotated (every 10 requests)
[02:43:19] [421/445] SVFN
[02:43:19] [422/445] IFRM
[02:43:20] [423/445] ATCK
[02:43:21] [424/445] ASKO
[02:43:22] [425/445] STKT
[02:43:22] [426/445] SVFB
[02:43:23] [427/445] INKS
[02:43:24] [428/445] PCRA
[02:43:24] [429/445] ATJA
[02:43:25] [430/445] IMJN
[02:43:25] 🔄 Identity reset
[02:43:25] 🔄 Identity rotated (every 10 requests)
[02:43:26] [431/445] INHD
[02:43:26] [432/445] BARA
[02:43:27] [433/445] MCSL
[02:43:28] [434/445] RTOY
[02:43:28] [435/445] MENO
[02:43:29] [436/445] PUDM
[02:43:30] [437/445] PRCN
[02:43:30] [438/445] JMJR
[02:43:31] [439/445] SSGK
[02:43:32] [440/445] SSRL
[02:43:32] 🔄 Identity reset
[02:43:32] 🔄 Identity rotated (every 10 requests)
[02:43:32] [441/445] JYKL
[02:43:33] [442/445] ACNB
[02:43:34] [443/445] SONP
[02:43:34] [444/445] EMCI
[02:43:35] [445/445] MRJH
[02:43:36] 🧹 Deduping shows
[02:43:36] ✅ DONE | Shows=3241 | Movies=79
[11:49:45] 🚀 SCRIPT STARTED
[11:49:45] [1/445] TGMR
[11:49:45] 🧠 New identity created
[11:49:46] [2/445] CXKR
[11:49:47] [3/445] SROP
[11:49:48] [4/445] GTSV
[11:49:49] [5/445] SNTY
[11:49:50] [6/445] SMYY
[11:49:51] [7/445] CNCS
[11:49:52] [8/445] CSTM
[11:49:53] [9/445] NUCD
[11:49:54] [10/445] SHCZ
[11:49:54] 🔄 Identity reset
[11:49:54] 🔄 Identity rotated (every 10 requests)
[11:49:55] [11/445] NJCT
[11:49:56] [12/445] COPC
[11:49:57] [13/445] STVV
[11:49:57] [14/445] SKRN
[11:49:58] [15/445] APPZ
[11:49:59] [16/445] YMGN
[11:50:00] [17/445] SVTU
[11:50:01] [18/445] GTAD
[11:50:02] [19/445] PSUS
[11:50:03] [20/445] SMCD
[11:50:03] 🔄 Identity reset
[11:50:03] 🔄 Identity rotated (every 10 requests)
[11:50:04] [21/445] CMCM
[11:50:04] [22/445] SYCT
[11:50:05] [23/445] STLY
[11:50:06] [24/445] CMHU
[11:50:07] [25/445] CMSA
[11:50:08] [26/445] CLCU
[11:50:08] [27/445] PPNT
[11:50:09] [28/445] JTAB
[11:50:10] [29/445] BUUC
[11:50:11] [30/445] BSVK
[11:50:11] 🔄 Identity reset
[11:50:11] 🔄 Identity rotated (every 10 requests)
[11:50:12] [31/445] VVVQ
[11:50:13] [32/445] TKMU
[11:50:13] [33/445] ESYL
[11:50:14] [34/445] ACHP
[11:50:15] [35/445] BTKD
[11:50:16] [36/445] DESA
[11:50:17] [37/445] GBCT
[11:50:18] [38/445] BLLD
[11:50:18] [39/445] SKNT
[11:50:19] [40/445] SSTE
[11:50:19] 🔄 Identity reset
[11:50:19] 🔄 Identity rotated (every 10 requests)
[11:50:20] [41/445] VJMR
[11:50:21] [42/445] NTPU
[11:50:22] [43/445] RDKN
[11:50:23] [44/445] ADGC
[11:50:24] [45/445] VRBP
[11:50:24] [46/445] NMNA
[11:50:25] [47/445] CMMX
[11:50:26] [48/445] PTKO
[11:50:27] [49/445] RBML
[11:50:28] [50/445] SAIC
[11:50:28] 🔄 Identity reset
[11:50:28] 🔄 Identity rotated (every 10 requests)
[11:50:29] [51/445] SVTJ
[11:50:30] [52/445] MRTE
[11:50:31] [53/445] RBTP
[11:50:32] [54/445] NLPS
[11:50:33] [55/445] GTNA
[11:50:34] [56/445] DGGC
[11:50:35] [57/445] SMCR
[11:50:35] [58/445] SCGD
[11:50:36] [59/445] SRRJ
[11:50:37] [60/445] CNRY
[11:50:37] 🔄 Identity reset
[11:50:37] 🔄 Identity rotated (every 10 requests)
[11:50:38] [61/445] KTDI
[11:50:39] [62/445] SNJL
[11:50:40] [63/445] RKMD
[11:50:41] [64/445] SMDC
[11:50:42] [65/445] TADG
[11:50:42] [66/445] MCGS
[11:50:43] [67/445] PETK
[11:50:44] [68/445] CHAG
[11:50:45] [69/445] KSTL
[11:50:46] [70/445] AADS
[11:50:46] 🔄 Identity reset
[11:50:46] 🔄 Identity rotated (every 10 requests)
[11:50:47] [71/445] NTHZ
[11:50:48] [72/445] HCKI
[11:50:49] [73/445] SSEF
[11:50:49] [74/445] MCGX
[11:50:50] [75/445] ERRA
[11:50:51] [76/445] SDTW
[11:50:52] [77/445] RMPK
[11:50:53] [78/445] PTHK
[11:50:54] [79/445] PXCS
[11:50:55] [80/445] SVLU
[11:50:55] 🔄 Identity reset
[11:50:55] 🔄 Identity rotated (every 10 requests)
[11:50:56] [81/445] STAH
[11:50:57] [82/445] JRGF
[11:50:58] [83/445] CDOK
[11:50:59] [84/445] CMSG
[11:51:00] [85/445] APTD
[11:51:02] [86/445] KMPG
[11:51:02] [87/445] MUTJ
[11:51:03] [88/445] VCCI
[11:51:04] [89/445] URBE
[11:51:05] [90/445] TCTS
[11:51:05] 🔄 Identity reset
[11:51:05] 🔄 Identity rotated (every 10 requests)
[11:51:06] [91/445] STSN
[11:51:07] [92/445] AKCH
[11:51:08] [93/445] APSC
[11:51:08] [94/445] VLTB
[11:51:09] [95/445] SANU
[11:51:10] [96/445] AXAM
[11:51:11] [97/445] MGMG
[11:51:12] [98/445] HTBY
[11:51:14] [99/445] MMZS
[11:51:15] [100/445] SUDR
[11:51:15] 🔄 Identity reset
[11:51:15] 🔄 Identity rotated (every 10 requests)
[11:51:15] [101/445] CCAD
[11:51:16] [102/445] SKKC
[11:51:17] [103/445] RMCD
[11:51:18] [104/445] SBCQ
[11:51:19] [105/445] DCCT
[11:51:20] [106/445] VTKP
[11:51:21] [107/445] MLAM
[11:51:21] [108/445] SAVT
[11:51:22] [109/445] GEPL
[11:51:23] [110/445] AMCD
[11:51:23] 🔄 Identity reset
[11:51:23] 🔄 Identity rotated (every 10 requests)
[11:51:24] [111/445] CCXR
[11:51:25] [112/445] GRNG
[11:51:25] [113/445] EBCA
[11:51:26] [114/445] CNVG
[11:51:27] [115/445] MWSS
[11:51:28] [116/445] VBOR
[11:51:29] [117/445] NEEB
[11:51:30] [118/445] SUTH
[11:51:30] [119/445] ANDB
[11:51:32] [120/445] MMXS
[11:51:32] 🔄 Identity reset
[11:51:32] 🔄 Identity rotated (every 10 requests)
[11:51:33] [121/445] CNPD
[11:51:34] [122/445] SDCE
[11:51:35] [123/445] DHCB
[11:51:36] [124/445] ODEN
[11:51:36] [125/445] TNTC
[11:51:37] [126/445] VBKM
[11:51:38] [127/445] RZYM
[11:51:38] [128/445] JEMC
[11:51:39] [129/445] CMAU
[11:51:40] [130/445] SIVP
[11:51:40] 🔄 Identity reset
[11:51:40] 🔄 Identity rotated (every 10 requests)
[11:51:41] [131/445] ATAG
[11:51:42] [132/445] CHTM
[11:51:43] [133/445] AAEE
[11:51:43] [134/445] IWPM
[11:51:44] [135/445] KCMW
[11:51:45] [136/445] MCTD
[11:51:46] [137/445] SPWR
[11:51:47] [138/445] SDPO
[11:51:48] [139/445] PCSK
[11:51:49] [140/445] ACHV
[11:51:49] 🔄 Identity reset
[11:51:49] 🔄 Identity rotated (every 10 requests)
[11:51:50] [141/445] SVLA
[11:51:51] [142/445] PICT
[11:51:52] [143/445] BXDR
[11:51:53] [144/445] SPWA
[11:51:54] [145/445] MCKO
[11:51:55] [146/445] RTHK
[11:51:56] [147/445] CCMF
[11:51:57] [148/445] MRGB
[11:51:58] [149/445] CPLC
[11:51:59] [150/445] RACD
[11:51:59] 🔄 Identity reset
[11:51:59] 🔄 Identity rotated (every 10 requests)
[11:52:00] [151/445] ATKT
[11:52:01] [152/445] SARN
[11:52:02] [153/445] KKUI
[11:52:03] [154/445] RGCM
[11:52:05] [155/445] BRVP
[11:52:06] [156/445] HRSR
[11:52:07] [157/445] GKGM
[11:52:07] [158/445] TTCD
[11:52:09] [159/445] PTTI
[11:52:10] [160/445] MPTT
[11:52:10] 🔄 Identity reset
[11:52:10] 🔄 Identity rotated (every 10 requests)
[11:52:11] [161/445] CVTT
[11:52:12] [162/445] PCXD
[11:52:13] [163/445] GCDC
[11:52:14] [164/445] CCCF
[11:52:15] [165/445] MRAD
[11:52:15] [166/445] CPLK
[11:52:16] [167/445] SATB
[11:52:17] [168/445] SNVG
[11:52:18] [169/445] JMBA
[11:52:19] [170/445] TEJA
[11:52:19] 🔄 Identity reset
[11:52:19] 🔄 Identity rotated (every 10 requests)
[11:52:20] [171/445] STYO
[11:52:21] [172/445] JTBP
[11:52:22] [173/445] KRGD
[11:52:23] [174/445] SLJJ
[11:52:23] [175/445] SPTJ
[11:52:24] [176/445] SWJG
[11:52:25] [177/445] LKRT
[11:52:26] [178/445] KCKA
[11:52:27] [179/445] SNCR
[11:52:27] [180/445] SMKL
[11:52:27] 🔄 Identity reset
[11:52:27] 🔄 Identity rotated (every 10 requests)
[11:52:28] [181/445] GCFA
[11:52:29] [182/445] DDCK
[11:52:30] [183/445] NCHJ
[11:52:31] [184/445] RDMA
[11:52:33] [185/445] SVSV
[11:52:34] [186/445] SCJG
[11:52:35] [187/445] VKLP
[11:52:36] [188/445] NWCC
[11:52:36] [189/445] VKNS
[11:52:37] [190/445] SDDP
[11:52:37] 🔄 Identity reset
[11:52:37] 🔄 Identity rotated (every 10 requests)
[11:52:38] [191/445] ACSI
[11:52:39] [192/445] SATG
[11:52:40] [193/445] SCMW
[11:52:41] [194/445] LKTK
[11:52:42] [195/445] VCKV
[11:52:43] [196/445] KKPE
[11:52:44] [197/445] KIGH
[11:52:45] [198/445] SRPM
[11:52:46] [199/445] SCAH
[11:52:47] [200/445] MUTA
[11:52:47] 🔄 Identity reset
[11:52:47] 🔄 Identity rotated (every 10 requests)
[11:52:48] [201/445] SEPU
[11:52:49] [202/445] INOA
[11:52:49] [203/445] BASK
[11:52:50] [204/445] NECB
[11:52:51] [205/445] GTTG
[11:52:52] [206/445] ASSA
[11:52:53] [207/445] ANCL
[11:52:54] [208/445] GCTI
[11:52:55] [209/445] RCTS
[11:52:56] [210/445] ACNL
[11:52:56] 🔄 Identity reset
[11:52:56] 🔄 Identity rotated (every 10 requests)
[11:52:57] [211/445] MYCT
[11:52:58] [212/445] NMHT
[11:52:59] [213/445] MDIT
[11:53:00] [214/445] LATG
[11:53:01] [215/445] SMTY
[11:53:02] [216/445] CVCT
[11:53:03] [217/445] RAMB
[11:53:04] [218/445] TGMS
[11:53:04] [219/445] BHEL
[11:53:05] [220/445] SHCT
[11:53:05] 🔄 Identity reset
[11:53:05] 🔄 Identity rotated (every 10 requests)
[11:53:06] [221/445] SVCT
[11:53:07] [222/445] MRIY
[11:53:08] [223/445] SARO
[11:53:09] [224/445] STCT
[11:53:10] [225/445] JKKC
[11:53:11] [226/445] PLTT
[11:53:12] [227/445] SRNT
[11:53:12] [228/445] YAST
[11:53:13] [229/445] PERL
[11:53:14] [230/445] CICM
[11:53:14] 🔄 Identity reset
[11:53:14] 🔄 Identity rotated (every 10 requests)
[11:53:15] [231/445] MMTR
[11:53:16] [232/445] ABTK
[11:53:16] [233/445] ATYY
[11:53:17] [234/445] ASTK
[11:53:18] [235/445] VVCK
[11:53:19] [236/445] ATKY
[11:53:20] [237/445] GWEK
[11:53:21] [238/445] SVFH
[11:53:22] [239/445] SLTA
[11:53:23] [240/445] AASH
[11:53:23] 🔄 Identity reset
[11:53:23] 🔄 Identity rotated (every 10 requests)
[11:53:24] [241/445] ACXB
[11:53:25] [242/445] SMTX
[11:53:26] [243/445] AZDH
[11:53:26] [244/445] CMMH
[11:53:28] [245/445] SCSZ
[11:53:29] [246/445] SCKP
[11:53:30] [247/445] NXTM
[11:53:31] [248/445] NWCS
[11:53:32] [249/445] CXMH
[11:53:33] [250/445] PCMA
[11:53:33] 🔄 Identity reset
[11:53:33] 🔄 Identity rotated (every 10 requests)
[11:53:34] [251/445] SGCM
[11:53:35] [252/445] SDTU
[11:53:36] [253/445] MMVI
[11:53:37] [254/445] JKCM
[11:53:38] [255/445] VCMM
[11:53:38] [256/445] SYEE
[11:53:39] [257/445] VASD
[11:53:40] [258/445] BDRB
[11:53:41] [259/445] LASM
[11:53:42] [260/445] DCRL
[11:53:42] 🔄 Identity reset
[11:53:42] 🔄 Identity rotated (every 10 requests)
[11:53:43] [261/445] DVPM
[11:53:44] [262/445] SBMJ
[11:53:45] [263/445] CBMU
[11:53:46] [264/445] IUBS
[11:53:47] [265/445] INAP
[11:53:47] [266/445] SRRC
[11:53:48] [267/445] SAGR
[11:53:49] [268/445] CPMJ
[11:53:50] [269/445] ATJL
[11:53:51] [270/445] NNTD
[11:53:51] 🔄 Identity reset
[11:53:51] 🔄 Identity rotated (every 10 requests)
[11:53:52] [271/445] JHCJ
[11:53:53] [272/445] CMMP
[11:53:54] [273/445] RSDR
[11:53:55] [274/445] AMTI
[11:53:56] [275/445] NYSG
[11:53:57] [276/445] AVSG
[11:53:58] [277/445] SYTP
[11:53:59] [278/445] LARC
[11:54:00] [279/445] RJTP
[11:54:00] [280/445] LAKC
[11:54:00] 🔄 Identity reset
[11:54:00] 🔄 Identity rotated (every 10 requests)
[11:54:02] [281/445] MCXE
[11:54:03] [282/445] CCZC
[11:54:05] [283/445] AVCH
[11:54:05] [284/445] CMBE
[11:54:06] [285/445] MRRC
[11:54:07] [286/445] PCPY
[11:54:08] [287/445] SRMH
[11:54:09] [288/445] SVGS
[11:54:10] [289/445] PCSE
[11:54:11] [290/445] SVFT
[11:54:11] 🔄 Identity reset
[11:54:11] 🔄 Identity rotated (every 10 requests)
[11:54:12] [291/445] TNZP
[11:54:13] [292/445] ICTP
[11:54:13] [293/445] ACTZ
[11:54:14] [294/445] GTUR
[11:54:15] [295/445] MAFC
[11:54:15] [296/445] MINL
[11:54:16] [297/445] MRCL
[11:54:17] [298/445] RCRP
[11:54:19] [299/445] RFFG
[11:54:19] [300/445] RMAS
[11:54:19] 🔄 Identity reset
[11:54:19] 🔄 Identity rotated (every 10 requests)
[11:54:20] [301/445] INVR
[11:54:21] [302/445] RMAR
[11:54:22] [303/445] CNIS
[11:54:23] [304/445] RHRJ
[11:54:23] [305/445] INXR
[11:54:24] [306/445] VALT
[11:54:26] [307/445] LCSH
[11:54:27] [308/445] CMVS
[11:54:28] [309/445] CNMS
[11:54:28] [310/445] ROOG
[11:54:28] 🔄 Identity reset
[11:54:28] 🔄 Identity rotated (every 10 requests)
[11:54:30] [311/445] ISRM
[11:54:31] [312/445] RCRM
[11:54:31] [313/445] ACJA
[11:54:32] [314/445] RCVS
[11:54:33] [315/445] CPUS
[11:54:34] [316/445] TGCS
[11:54:35] [317/445] RKCJ
[11:54:36] [318/445] MKSB
[11:54:37] [319/445] TCSJ
[11:54:38] [320/445] RMGP
[11:54:38] 🔄 Identity reset
[11:54:38] 🔄 Identity rotated (every 10 requests)
[11:54:38] [321/445] CLLP
[11:54:39] [322/445] RCMV
[11:54:40] [323/445] CCKS
[11:54:41] [324/445] RSRP
[11:54:42] [325/445] APLP
[11:54:43] [326/445] CNVS
[11:54:44] [327/445] RMVY
[11:54:45] [328/445] PGBD
[11:54:46] [329/445] KLMS
[11:54:47] [330/445] RUST
[11:54:47] 🔄 Identity reset
[11:54:47] 🔄 Identity rotated (every 10 requests)
[11:54:48] [331/445] MASM
[11:54:49] [332/445] BACS
[11:54:51] [333/445] BWST
[11:54:51] [334/445] RRFH
[11:54:52] [335/445] SJTM
[11:54:53] [336/445] BEMR
[11:54:54] [337/445] MCGR
[11:54:55] [338/445] SDSK
[11:54:56] [339/445] VBOL
[11:54:58] [340/445] RMGM
[11:54:58] 🔄 Identity reset
[11:54:58] 🔄 Identity rotated (every 10 requests)
[11:54:58] [341/445] NOPL
[11:54:59] [342/445] MKJK
[11:55:00] [343/445] CVRN
[11:55:01] [344/445] MMEN
[11:55:03] [345/445] AMNG
[11:55:04] [346/445] INTM
[11:55:05] [347/445] SLCZ
[11:55:06] [348/445] AMJN
[11:55:06] [349/445] ACJN
[11:55:07] [350/445] AMKN
[11:55:07] 🔄 Identity reset
[11:55:07] 🔄 Identity rotated (every 10 requests)
[11:55:08] [351/445] BTCN
[11:55:09] [352/445] AMBT
[11:55:10] [353/445] PACN
[11:55:11] [354/445] LCNS
[11:55:11] [355/445] PPKC
[11:55:12] [356/445] JYYN
[11:55:13] [357/445] JTNR
[11:55:14] [358/445] GTEE
[11:55:15] [359/445] SRNM
[11:55:16] [360/445] SDTC
[11:55:16] 🔄 Identity reset
[11:55:16] 🔄 Identity rotated (every 10 requests)
[11:55:17] [361/445] VPCA
[11:55:18] [362/445] VLRA
[11:55:19] [363/445] SHKR
[11:55:20] [364/445] SBKD
[11:55:20] [365/445] SAAD
[11:55:21] [366/445] JTGN
[11:55:22] [367/445] SLAM
[11:55:23] [368/445] VTPM
[11:55:24] [369/445] ANPT
[11:55:25] [370/445] PUNB
[11:55:25] 🔄 Identity reset
[11:55:25] 🔄 Identity rotated (every 10 requests)
[11:55:26] [371/445] CPKT
[11:55:27] [372/445] CNWE
[11:55:28] [373/445] ECPP
[11:55:28] [374/445] CPAR
[11:55:29] [375/445] ESBW
[11:55:30] [376/445] PKPU
[11:55:32] [377/445] CPRP
[11:55:33] [378/445] RAHU
[11:55:34] [379/445] RHMN
[11:55:35] [380/445] FMJP
[11:55:35] 🔄 Identity reset
[11:55:35] 🔄 Identity rotated (every 10 requests)
[11:55:36] [381/445] CTMP
[11:55:37] [382/445] INPN
[11:55:38] [383/445] STTG
[11:55:39] [384/445] CTRD
[11:55:40] [385/445] PUVB
[11:55:41] [386/445] ESVP
[11:55:41] [387/445] CPFT
[11:55:42] [388/445] LCPC
[11:55:43] [389/445] VBCT
[11:55:44] [390/445] FSCW
[11:55:44] 🔄 Identity reset
[11:55:44] 🔄 Identity rotated (every 10 requests)
[11:55:46] [391/445] VCMP
[11:55:47] [392/445] ASHC
[11:55:47] [393/445] VLCX
[11:55:49] [394/445] SHEV
[11:55:50] [395/445] APCO
[11:55:51] [396/445] SILC
[11:55:52] [397/445] SNMR
[11:55:52] [398/445] KYBO
[11:55:53] [399/445] SATK
[11:55:54] [400/445] SSCS
[11:55:54] 🔄 Identity reset
[11:55:54] 🔄 Identity rotated (every 10 requests)
[11:55:55] [401/445] CLSB
[11:55:56] [402/445] KMJR
[11:55:57] [403/445] FSCK
[11:55:57] [404/445] NNKA
[11:55:58] [405/445] CLMK
[11:55:59] [406/445] DMPZ
[11:56:00] [407/445] INQM
[11:56:01] [408/445] CAML
[11:56:02] [409/445] INRK
[11:56:03] [410/445] IMKN
[11:56:03] 🔄 Identity reset
[11:56:03] 🔄 Identity rotated (every 10 requests)
[11:56:04] [411/445] SVNR
[11:56:04] [412/445] INSL
[11:56:05] [413/445] MSMA
[11:56:07] [414/445] MCKK
[11:56:08] [415/445] FCHP
[11:56:09] [416/445] SFCR
[11:56:09] [417/445] NACK
[11:56:10] [418/445] PVAK
[11:56:11] [419/445] INER
[11:56:12] [420/445] RDBK
[11:56:12] 🔄 Identity reset
[11:56:12] 🔄 Identity rotated (every 10 requests)
[11:56:13] [421/445] SVFN
[11:56:14] [422/445] IFRM
[11:56:14] [423/445] ATCK
[11:56:15] [424/445] ASKO
[11:56:16] [425/445] STKT
[11:56:17] [426/445] SVFB
[11:56:18] [427/445] INKS
[11:56:19] [428/445] PCRA
[11:56:20] [429/445] ATJA
[11:56:20] [430/445] IMJN
[11:56:20] 🔄 Identity reset
[11:56:21] 🔄 Identity rotated (every 10 requests)
[11:56:21] [431/445] INHD
[11:56:22] [432/445] BARA
[11:56:23] [433/445] MCSL
[11:56:24] [434/445] RTOY
[11:56:25] [435/445] MENO
[11:56:25] [436/445] PUDM
[11:56:27] [437/445] PRCN
[11:56:28] [438/445] JMJR
[11:56:29] [439/445] SSGK
[11:56:30] [440/445] SSRL
[11:56:30] 🔄 Identity reset
[11:56:30] 🔄 Identity rotated (every 10 requests)
[11:56:31] [441/445] JYKL
[11:56:31] [442/445] ACNB
[11:56:32] [443/445] SONP
[11:56:33] [444/445] EMCI
[11:56:34] [445/445] MRJH
[11:56:35] 🧹 Deduping shows
[11:56:35] ✅ DONE | Shows=3456 | Movies=82
[19:15:11] 🚀 SCRIPT STARTED
[19:15:11] [1/445] TGMR
[19:15:11] 🧠 New identity created
[19:15:12] [2/445] CXKR
[19:15:13] [3/445] SROP
[19:15:14] [4/445] GTSV
[19:15:14] [5/445] SNTY
[19:15:15] [6/445] SMYY
[19:15:17] [7/445] CNCS
[19:15:18] [8/445] CSTM
[19:15:19] [9/445] NUCD
[19:15:21] [10/445] SHCZ
[19:15:21] 🔄 Identity reset
[19:15:21] 🔄 Identity rotated (every 10 requests)
[19:15:22] [11/445] NJCT
[19:15:23] [12/445] COPC
[19:15:24] [13/445] STVV
[19:15:25] [14/445] SKRN
[19:15:26] [15/445] APPZ
[19:15:27] [16/445] YMGN
[19:15:28] [17/445] SVTU
[19:15:29] [18/445] GTAD
[19:15:30] [19/445] PSUS
[19:15:31] [20/445] SMCD
[19:15:31] 🔄 Identity reset
[19:15:31] 🔄 Identity rotated (every 10 requests)
[19:15:31] [21/445] CMCM
[19:15:32] [22/445] SYCT
[19:15:33] [23/445] STLY
[19:15:34] [24/445] CMHU
[19:15:35] [25/445] CMSA
[19:15:36] [26/445] CLCU
[19:15:37] [27/445] PPNT
[19:15:38] [28/445] JTAB
[19:15:39] [29/445] BUUC
[19:15:41] [30/445] BSVK
[19:15:41] 🔄 Identity reset
[19:15:41] 🔄 Identity rotated (every 10 requests)
[19:15:42] [31/445] VVVQ
[19:15:44] [32/445] TKMU
[19:15:45] [33/445] ESYL
[19:15:46] [34/445] ACHP
[19:15:47] [35/445] BTKD
[19:15:47] [36/445] DESA
[19:15:49] [37/445] GBCT
[19:15:49] [38/445] BLLD
[19:15:51] [39/445] SKNT
[19:15:51] [40/445] SSTE
[19:15:51] 🔄 Identity reset
[19:15:51] 🔄 Identity rotated (every 10 requests)
[19:15:53] [41/445] VJMR
[19:15:54] [42/445] NTPU
[19:15:55] [43/445] RDKN
[19:15:56] [44/445] ADGC
[19:15:57] [45/445] VRBP
[19:15:58] [46/445] NMNA
[19:15:58] [47/445] CMMX
[19:15:59] [48/445] PTKO
[19:16:00] [49/445] RBML
[19:16:01] [50/445] SAIC
[19:16:01] 🔄 Identity reset
[19:16:01] 🔄 Identity rotated (every 10 requests)
[19:16:02] [51/445] SVTJ
[19:16:03] [52/445] MRTE
[19:16:04] [53/445] RBTP
[19:16:05] [54/445] NLPS
[19:16:06] [55/445] GTNA
[19:16:07] [56/445] DGGC
[19:16:08] [57/445] SMCR
[19:16:09] [58/445] SCGD
[19:16:10] [59/445] SRRJ
[19:16:11] [60/445] CNRY
[19:16:11] 🔄 Identity reset
[19:16:11] 🔄 Identity rotated (every 10 requests)
[19:16:12] [61/445] KTDI
[19:16:13] [62/445] SNJL
[19:16:14] [63/445] RKMD
[19:16:15] [64/445] SMDC
[19:16:16] [65/445] TADG
[19:16:18] [66/445] MCGS
[19:16:19] [67/445] PETK
[19:16:20] [68/445] CHAG
[19:16:21] [69/445] KSTL
[19:16:21] [70/445] AADS
[19:16:21] 🔄 Identity reset
[19:16:21] 🔄 Identity rotated (every 10 requests)
[19:16:22] [71/445] NTHZ
[19:16:23] [72/445] HCKI
[19:16:24] [73/445] SSEF
[19:16:26] [74/445] MCGX
[19:16:27] [75/445] ERRA
[19:16:28] [76/445] SDTW
[19:16:29] [77/445] RMPK
[19:16:30] [78/445] PTHK
[19:16:30] [79/445] PXCS
[19:16:31] [80/445] SVLU
[19:16:31] 🔄 Identity reset
[19:16:31] 🔄 Identity rotated (every 10 requests)
[19:16:32] [81/445] STAH
[19:16:34] [82/445] JRGF
[19:16:35] [83/445] CDOK
[19:16:36] [84/445] CMSG
[19:16:37] [85/445] APTD
[19:16:38] [86/445] KMPG
[19:16:39] [87/445] MUTJ
[19:16:40] [88/445] VCCI
[19:16:40] [89/445] URBE
[19:16:41] [90/445] TCTS
[19:16:41] 🔄 Identity reset
[19:16:41] 🔄 Identity rotated (every 10 requests)
[19:16:42] [91/445] STSN
[19:16:43] [92/445] AKCH
[19:16:44] [93/445] APSC
[19:16:45] [94/445] VLTB
[19:16:46] [95/445] SANU
[19:16:47] [96/445] AXAM
[19:16:48] [97/445] MGMG
[19:16:49] [98/445] HTBY
[19:16:50] [99/445] MMZS
[19:16:51] [100/445] SUDR
[19:16:51] 🔄 Identity reset
[19:16:51] 🔄 Identity rotated (every 10 requests)
[19:16:51] [101/445] CCAD
[19:16:52] [102/445] SKKC
[19:16:53] [103/445] RMCD
[19:16:54] [104/445] SBCQ
[19:16:55] [105/445] DCCT
[19:16:56] [106/445] VTKP
[19:16:57] [107/445] MLAM
[19:16:58] [108/445] SAVT
[19:16:59] [109/445] GEPL
[19:16:59] [110/445] AMCD
[19:16:59] 🔄 Identity reset
[19:16:59] 🔄 Identity rotated (every 10 requests)
[19:17:00] [111/445] CCXR
[19:17:01] [112/445] GRNG
[19:17:02] [113/445] EBCA
[19:17:03] [114/445] CNVG
[19:17:04] [115/445] MWSS
[19:17:05] [116/445] VBOR
[19:17:06] [117/445] NEEB
[19:17:07] [118/445] SUTH
[19:17:07] [119/445] ANDB
[19:17:08] [120/445] MMXS
[19:17:08] 🔄 Identity reset
[19:17:08] 🔄 Identity rotated (every 10 requests)
[19:17:09] [121/445] CNPD
[19:17:10] [122/445] SDCE
[19:17:12] [123/445] DHCB
[19:17:13] [124/445] ODEN
[19:17:14] [125/445] TNTC
[19:17:15] [126/445] VBKM
[19:17:16] [127/445] RZYM
[19:17:17] [128/445] JEMC
[19:17:18] [129/445] CMAU
[19:17:18] [130/445] SIVP
[19:17:18] 🔄 Identity reset
[19:17:18] 🔄 Identity rotated (every 10 requests)
[19:17:19] [131/445] ATAG
[19:17:20] [132/445] CHTM
[19:17:21] [133/445] AAEE
[19:17:22] [134/445] IWPM
[19:17:23] [135/445] KCMW
[19:17:24] [136/445] MCTD
[19:17:24] [137/445] SPWR
[19:17:25] [138/445] SDPO
[19:17:26] [139/445] PCSK
[19:17:27] [140/445] ACHV
[19:17:27] 🔄 Identity reset
[19:17:27] 🔄 Identity rotated (every 10 requests)
[19:17:28] [141/445] SVLA
[19:17:29] [142/445] PICT
[19:17:30] [143/445] BXDR
[19:17:31] [144/445] SPWA
[19:17:32] [145/445] MCKO
[19:17:33] [146/445] RTHK
[19:17:34] [147/445] CCMF
[19:17:35] [148/445] MRGB
[19:17:36] [149/445] CPLC
[19:17:37] [150/445] RACD
[19:17:37] 🔄 Identity reset
[19:17:37] 🔄 Identity rotated (every 10 requests)
[19:17:38] [151/445] ATKT
[19:17:39] [152/445] SARN
[19:17:40] [153/445] KKUI
[19:17:41] [154/445] RGCM
[19:17:42] [155/445] BRVP
[19:17:43] [156/445] HRSR
[19:17:44] [157/445] GKGM
[19:17:45] [158/445] TTCD
[19:17:46] [159/445] PTTI
[19:17:47] [160/445] MPTT
[19:17:47] 🔄 Identity reset
[19:17:47] 🔄 Identity rotated (every 10 requests)
[19:17:48] [161/445] CVTT
[19:17:49] [162/445] PCXD
[19:17:50] [163/445] GCDC
[19:17:51] [164/445] CCCF
[19:17:52] [165/445] MRAD
[19:17:53] [166/445] CPLK
[19:17:54] [167/445] SATB
[19:17:54] [168/445] SNVG
[19:17:56] [169/445] JMBA
[19:17:57] [170/445] TEJA
[19:17:57] 🔄 Identity reset
[19:17:57] 🔄 Identity rotated (every 10 requests)
[19:17:58] [171/445] STYO
[19:17:59] [172/445] JTBP
[19:18:00] [173/445] KRGD
[19:18:00] [174/445] SLJJ
[19:18:01] [175/445] SPTJ
[19:18:02] [176/445] SWJG
[19:18:03] [177/445] LKRT
[19:18:04] [178/445] KCKA
[19:18:05] [179/445] SNCR
[19:18:06] [180/445] SMKL
[19:18:06] 🔄 Identity reset
[19:18:06] 🔄 Identity rotated (every 10 requests)
[19:18:07] [181/445] GCFA
[19:18:08] [182/445] DDCK
[19:18:09] [183/445] NCHJ
[19:18:11] [184/445] RDMA
[19:18:12] [185/445] SVSV
[19:18:13] [186/445] SCJG
[19:18:14] [187/445] VKLP
[19:18:15] [188/445] NWCC
[19:18:16] [189/445] VKNS
[19:18:17] [190/445] SDDP
[19:18:17] 🔄 Identity reset
[19:18:17] 🔄 Identity rotated (every 10 requests)
[19:18:17] [191/445] ACSI
[19:18:18] [192/445] SATG
[19:18:19] [193/445] SCMW
[19:18:20] [194/445] LKTK
[19:18:21] [195/445] VCKV
[19:18:21] [196/445] KKPE
[19:18:22] [197/445] KIGH
[19:18:23] [198/445] SRPM
[19:18:25] [199/445] SCAH
[19:18:26] [200/445] MUTA
[19:18:26] 🔄 Identity reset
[19:18:26] 🔄 Identity rotated (every 10 requests)
[19:18:27] [201/445] SEPU
[19:18:27] [202/445] INOA
[19:18:28] [203/445] BASK
[19:18:29] [204/445] NECB
[19:18:30] [205/445] GTTG
[19:18:31] [206/445] ASSA
[19:18:32] [207/445] ANCL
[19:18:33] [208/445] GCTI
[19:18:34] [209/445] RCTS
[19:18:35] [210/445] ACNL
[19:18:35] 🔄 Identity reset
[19:18:35] 🔄 Identity rotated (every 10 requests)
[19:18:36] [211/445] MYCT
[19:18:37] [212/445] NMHT
[19:18:38] [213/445] MDIT
[19:18:39] [214/445] LATG
[19:18:40] [215/445] SMTY
[19:18:41] [216/445] CVCT
[19:18:42] [217/445] RAMB
[19:18:42] [218/445] TGMS
[19:18:43] [219/445] BHEL
[19:18:44] [220/445] SHCT
[19:18:44] 🔄 Identity reset
[19:18:44] 🔄 Identity rotated (every 10 requests)
[19:18:45] [221/445] SVCT
[19:18:46] [222/445] MRIY
[19:18:48] [223/445] SARO
[19:18:49] [224/445] STCT
[19:18:50] [225/445] JKKC
[19:18:50] [226/445] PLTT
[19:18:51] [227/445] SRNT
[19:18:52] [228/445] YAST
[19:18:54] [229/445] PERL
[19:18:54] [230/445] CICM
[19:18:54] 🔄 Identity reset
[19:18:54] 🔄 Identity rotated (every 10 requests)
[19:18:55] [231/445] MMTR
[19:18:57] [232/445] ABTK
[19:18:58] [233/445] ATYY
[19:18:59] [234/445] ASTK
[19:19:00] [235/445] VVCK
[19:19:00] [236/445] ATKY
[19:19:02] [237/445] GWEK
[19:19:03] [238/445] SVFH
[19:19:04] [239/445] SLTA
[19:19:05] [240/445] AASH
[19:19:05] 🔄 Identity reset
[19:19:05] 🔄 Identity rotated (every 10 requests)
[19:19:06] [241/445] ACXB
[19:19:07] [242/445] SMTX
[19:19:08] [243/445] AZDH
[19:19:09] [244/445] CMMH
[19:19:09] [245/445] SCSZ
[19:19:10] [246/445] SCKP
[19:19:11] [247/445] NXTM
[19:19:12] [248/445] NWCS
[19:19:13] [249/445] CXMH
[19:19:14] [250/445] PCMA
[19:19:14] 🔄 Identity reset
[19:19:14] 🔄 Identity rotated (every 10 requests)
[19:19:15] [251/445] SGCM
[19:19:16] [252/445] SDTU
[19:19:17] [253/445] MMVI
[19:19:18] [254/445] JKCM
[19:19:19] [255/445] VCMM
[19:19:20] [256/445] SYEE
[19:19:21] [257/445] VASD
[19:19:22] [258/445] BDRB
[19:19:23] [259/445] LASM
[19:19:23] [260/445] DCRL
[19:19:23] 🔄 Identity reset
[19:19:23] 🔄 Identity rotated (every 10 requests)
[19:19:24] [261/445] DVPM
[19:19:25] [262/445] SBMJ
[19:19:26] [263/445] CBMU
[19:19:27] [264/445] IUBS
[19:19:28] [265/445] INAP
[19:19:29] [266/445] SRRC
[19:19:30] [267/445] SAGR
[19:19:31] [268/445] CPMJ
[19:19:32] [269/445] ATJL
[19:19:33] [270/445] NNTD
[19:19:33] 🔄 Identity reset
[19:19:33] 🔄 Identity rotated (every 10 requests)
[19:19:35] [271/445] JHCJ
[19:19:36] [272/445] CMMP
[19:19:37] [273/445] RSDR
[19:19:38] [274/445] AMTI
[19:19:38] [275/445] NYSG
[19:19:40] [276/445] AVSG
[19:19:41] [277/445] SYTP
[19:19:42] [278/445] LARC
[19:19:43] [279/445] RJTP
[19:19:43] [280/445] LAKC
[19:19:43] 🔄 Identity reset
[19:19:43] 🔄 Identity rotated (every 10 requests)
[19:19:44] [281/445] MCXE
[19:19:45] [282/445] CCZC
[19:19:46] [283/445] AVCH
[19:19:47] [284/445] CMBE
[19:19:48] [285/445] MRRC
[19:19:48] [286/445] PCPY
[19:19:49] [287/445] SRMH
[19:19:50] [288/445] SVGS
[19:19:52] [289/445] PCSE
[19:19:53] [290/445] SVFT
[19:19:53] 🔄 Identity reset
[19:19:53] 🔄 Identity rotated (every 10 requests)
[19:19:54] [291/445] TNZP
[19:19:54] [292/445] ICTP
[19:19:55] [293/445] ACTZ
[19:19:56] [294/445] GTUR
[19:19:57] [295/445] MAFC
[19:19:58] [296/445] MINL
[19:19:59] [297/445] MRCL
[19:20:00] [298/445] RCRP
[19:20:02] [299/445] RFFG
[19:20:04] [300/445] RMAS
[19:20:04] 🔄 Identity reset
[19:20:04] 🔄 Identity rotated (every 10 requests)
[19:20:05] [301/445] INVR
[19:20:06] [302/445] RMAR
[19:20:07] [303/445] CNIS
[19:20:08] [304/445] RHRJ
[19:20:09] [305/445] INXR
[19:20:11] [306/445] VALT
[19:20:12] [307/445] LCSH
[19:20:13] [308/445] CMVS
[19:20:14] [309/445] CNMS
[19:20:15] [310/445] ROOG
[19:20:15] 🔄 Identity reset
[19:20:15] 🔄 Identity rotated (every 10 requests)
[19:20:16] [311/445] ISRM
[19:20:17] [312/445] RCRM
[19:20:18] [313/445] ACJA
[19:20:20] [314/445] RCVS
[19:20:21] [315/445] CPUS
[19:20:22] [316/445] TGCS
[19:20:22] [317/445] RKCJ
[19:20:23] [318/445] MKSB
[19:20:24] [319/445] TCSJ
[19:20:25] [320/445] RMGP
[19:20:25] 🔄 Identity reset
[19:20:25] 🔄 Identity rotated (every 10 requests)
[19:20:26] [321/445] CLLP
[19:20:27] [322/445] RCMV
[19:20:27] [323/445] CCKS
[19:20:28] [324/445] RSRP
[19:20:29] [325/445] APLP
[19:20:29] [326/445] CNVS
[19:20:30] [327/445] RMVY
[19:20:31] [328/445] PGBD
[19:20:32] [329/445] KLMS
[19:20:33] [330/445] RUST
[19:20:33] 🔄 Identity reset
[19:20:33] 🔄 Identity rotated (every 10 requests)
[19:20:35] [331/445] MASM
[19:20:36] [332/445] BACS
[19:20:37] [333/445] BWST
[19:20:38] [334/445] RRFH
[19:20:39] [335/445] SJTM
[19:20:40] [336/445] BEMR
[19:20:41] [337/445] MCGR
[19:20:42] [338/445] SDSK
[19:20:43] [339/445] VBOL
[19:20:44] [340/445] RMGM
[19:20:44] 🔄 Identity reset
[19:20:44] 🔄 Identity rotated (every 10 requests)
[19:20:45] [341/445] NOPL
[19:20:46] [342/445] MKJK
[19:20:47] [343/445] CVRN
[19:20:48] [344/445] MMEN
[19:20:49] [345/445] AMNG
[19:20:50] [346/445] INTM
[19:20:51] [347/445] SLCZ
[19:20:52] [348/445] AMJN
[19:20:53] [349/445] ACJN
[19:20:54] [350/445] AMKN
[19:20:54] 🔄 Identity reset
[19:20:54] 🔄 Identity rotated (every 10 requests)
[19:20:55] [351/445] BTCN
[19:20:56] [352/445] AMBT
[19:20:57] [353/445] PACN
[19:20:59] [354/445] LCNS
[19:21:00] [355/445] PPKC
[19:21:01] [356/445] JYYN
[19:21:02] [357/445] JTNR
[19:21:03] [358/445] GTEE
[19:21:04] [359/445] SRNM
[19:21:05] [360/445] SDTC
[19:21:05] 🔄 Identity reset
[19:21:05] 🔄 Identity rotated (every 10 requests)
[19:21:06] [361/445] VPCA
[19:21:07] [362/445] VLRA
[19:21:09] [363/445] SHKR
[19:21:09] [364/445] SBKD
[19:21:10] [365/445] SAAD
[19:21:11] [366/445] JTGN
[19:21:12] [367/445] SLAM
[19:21:12] [368/445] VTPM
[19:21:13] [369/445] ANPT
[19:21:14] [370/445] PUNB
[19:21:14] 🔄 Identity reset
[19:21:14] 🔄 Identity rotated (every 10 requests)
[19:21:15] [371/445] CPKT
[19:21:16] [372/445] CNWE
[19:21:17] [373/445] ECPP
[19:21:19] [374/445] CPAR
[19:21:20] [375/445] ESBW
[19:21:21] [376/445] PKPU
[19:21:22] [377/445] CPRP
[19:21:23] [378/445] RAHU
[19:21:24] [379/445] RHMN
[19:21:24] [380/445] FMJP
[19:21:24] 🔄 Identity reset
[19:21:24] 🔄 Identity rotated (every 10 requests)
[19:21:25] [381/445] CTMP
[19:21:26] [382/445] INPN
[19:21:27] [383/445] STTG
[19:21:28] [384/445] CTRD
[19:21:29] [385/445] PUVB
[19:21:30] [386/445] ESVP
[19:21:31] [387/445] CPFT
[19:21:32] [388/445] LCPC
[19:21:33] [389/445] VBCT
[19:21:33] [390/445] FSCW
[19:21:33] 🔄 Identity reset
[19:21:33] 🔄 Identity rotated (every 10 requests)
[19:21:34] [391/445] VCMP
[19:21:35] [392/445] ASHC
[19:21:35] [393/445] VLCX
[19:21:36] [394/445] SHEV
[19:21:37] [395/445] APCO
[19:21:39] [396/445] SILC
[19:21:40] [397/445] SNMR
[19:21:41] [398/445] KYBO
[19:21:42] [399/445] SATK
[19:21:43] [400/445] SSCS
[19:21:43] 🔄 Identity reset
[19:21:43] 🔄 Identity rotated (every 10 requests)
[19:21:44] [401/445] CLSB
[19:21:44] [402/445] KMJR
[19:21:45] [403/445] FSCK
[19:21:46] [404/445] NNKA
[19:21:48] [405/445] CLMK
[19:21:49] [406/445] DMPZ
[19:21:50] [407/445] INQM
[19:21:52] [408/445] CAML
[19:21:53] [409/445] INRK
[19:21:54] [410/445] IMKN
[19:21:54] 🔄 Identity reset
[19:21:54] 🔄 Identity rotated (every 10 requests)
[19:21:55] [411/445] SVNR
[19:21:56] [412/445] INSL
[19:21:57] [413/445] MSMA
[19:21:58] [414/445] MCKK
[19:22:00] [415/445] FCHP
[19:22:01] [416/445] SFCR
[19:22:02] [417/445] NACK
[19:22:03] [418/445] PVAK
[19:22:04] [419/445] INER
[19:22:05] [420/445] RDBK
[19:22:05] 🔄 Identity reset
[19:22:05] 🔄 Identity rotated (every 10 requests)
[19:22:06] [421/445] SVFN
[19:22:07] [422/445] IFRM
[19:22:08] [423/445] ATCK
[19:22:09] [424/445] ASKO
[19:22:10] [425/445] STKT
[19:22:10] [426/445] SVFB
[19:22:11] [427/445] INKS
[19:22:12] [428/445] PCRA
[19:22:13] [429/445] ATJA
[19:22:14] [430/445] IMJN
[19:22:14] 🔄 Identity reset
[19:22:14] 🔄 Identity rotated (every 10 requests)
[19:22:15] [431/445] INHD
[19:22:16] [432/445] BARA
[19:22:17] [433/445] MCSL
[19:22:18] [434/445] RTOY
[19:22:19] [435/445] MENO
[19:22:20] [436/445] PUDM
[19:22:21] [437/445] PRCN
[19:22:22] [438/445] JMJR
[19:22:23] [439/445] SSGK
[19:22:25] [440/445] SSRL
[19:22:25] 🔄 Identity reset
[19:22:25] 🔄 Identity rotated (every 10 requests)
[19:22:26] [441/445] JYKL
[19:22:27] [442/445] ACNB
[19:22:28] [443/445] SONP
[19:22:29] [444/445] EMCI
[19:22:30] [445/445] MRJH
[19:22:31] 🧹 Deduping shows
[19:22:31] ✅ DONE | Shows=3677 | Movies=83
