[05:13:38] 🚀 SCRIPT STARTED (enhanced anti‑detection)
[05:13:38] [1/459] NECA
[05:13:39] 🧠 New identity created
[05:13:40] [2/459] BJLC
[05:13:41] [3/459] BASU
[05:13:42] [4/459] RUPI
[05:13:43] [5/459] LCBK
[05:13:45] [6/459] PMAC
[05:13:46] [7/459] AMLC
[05:13:47] [8/459] LICL
[05:13:47] [9/459] UDMM
[05:13:48] [10/459] STBZ
[05:13:49] 🔄 Identity reset
[05:13:49] 🔄 Identity rotated (every 10 requests)
[05:13:49] [11/459] UUBT
[05:13:50] [12/459] SJKC
[05:13:51] [13/459] TUAL
[05:13:52] [14/459] MRSE
[05:13:53] [15/459] RMRK
[05:13:54] [16/459] TTKP
[05:13:55] [17/459] KTKO
[05:13:56] [18/459] SDBK
[05:13:57] [19/459] MCPR
[05:13:58] [20/459] CHTI
[05:13:58] 🔄 Identity reset
[05:13:58] 🔄 Identity rotated (every 10 requests)
[05:13:59] [21/459] GCCP
[05:14:00] [22/459] SRMY
[05:14:00] [23/459] NYST
[05:14:01] [24/459] NYAG
[05:14:03] [25/459] SBMT
[05:14:05] [26/459] INGA
[05:14:05] [27/459] WSIC
[05:14:06] [28/459] SCSS
[05:14:08] [29/459] COPG
[05:14:09] [30/459] RCGR
[05:14:10] 🔄 Identity reset
[05:14:10] 🔄 Identity rotated (every 10 requests)
[05:14:10] [31/459] TCZA
[05:14:11] [32/459] CNLP
[05:14:12] [33/459] CLKN
[05:14:13] [34/459] LHDF
[05:14:14] [35/459] ELKC
[05:14:15] [36/459] VCEM
[05:14:16] [37/459] SSZA
[05:14:17] [38/459] KRMT
[05:14:18] [39/459] LCMV
[05:14:20] [40/459] AYCZ
[05:14:21] 🔄 Identity reset
[05:14:21] 🔄 Identity rotated (every 10 requests)
[05:14:21] [41/459] CUMS
[05:14:22] [42/459] BOCK
[05:14:23] [43/459] PNMR
[05:14:24] [44/459] PJCP
[05:14:25] [45/459] JDDD
[05:14:25] [46/459] STMS
[05:14:26] [47/459] FLMB
[05:14:27] [48/459] PKCM
[05:14:28] [49/459] SPPR
[05:14:29] [50/459] EYLH
[05:14:30] 🔄 Identity reset
[05:14:30] 🔄 Identity rotated (every 10 requests)
[05:14:31] [51/459] RJCC
[05:14:32] [52/459] MMPS
[05:14:33] [53/459] SHMX
[05:14:35] [54/459] CCNL
[05:14:35] [55/459] RCNV
[05:14:36] [56/459] MAAG
[05:14:38] [57/459] LXCM
[05:14:39] [58/459] RCNI
[05:14:40] [59/459] SNNI
[05:14:40] [60/459] LALC
[05:14:41] 🔄 Identity reset
[05:14:41] 🔄 Identity rotated (every 10 requests)
[05:14:41] [61/459] SOCN
[05:14:42] [62/459] JHTP
[05:14:43] [63/459] PITP
[05:14:44] [64/459] CCKW
[05:14:45] [65/459] MCMC
[05:14:46] [66/459] DEES
[05:14:48] [67/459] SABT
[05:14:49] [68/459] VSPP
[05:14:50] [69/459] ABCT
[05:14:50] [70/459] JVTB
[05:14:51] 🔄 Identity reset
[05:14:51] 🔄 Identity rotated (every 10 requests)
[05:14:51] [71/459] VCBD
[05:14:52] [72/459] RMGG
[05:14:54] [73/459] RNMH
[05:14:55] [74/459] SPGL
[05:14:56] [75/459] JTTR
[05:14:56] [76/459] SICS
[05:14:58] [77/459] SRMI
[05:14:58] [78/459] SSIJ
[05:14:59] [79/459] KFMT
[05:15:00] [80/459] VBIT
[05:15:01] 🔄 Identity reset
[05:15:01] 🔄 Identity rotated (every 10 requests)
[05:15:01] [81/459] JKCT
[05:15:02] [82/459] GCGP
[05:15:03] [83/459] GDCS
[05:15:04] [84/459] TRBA
[05:15:05] [85/459] QUST
[05:15:06] [86/459] VSHM
[05:15:07] [87/459] SDCP
[05:15:08] [88/459] SNVS
[05:15:09] [89/459] NYTO
[05:15:11] [90/459] URWC
[05:15:11] 🔄 Identity reset
[05:15:11] 🔄 Identity rotated (every 10 requests)
[05:15:12] [91/459] GTWH
[05:15:13] [92/459] PFCM
[05:15:13] [93/459] KRTA
[05:15:14] [94/459] AXMC
[05:15:15] [95/459] EVMC
[05:15:16] [96/459] HGSM
[05:15:17] [97/459] ACVM
[05:15:18] [98/459] PSKL
[05:15:19] [99/459] RDMP
[05:15:20] [100/459] RHGH
[05:15:21] 🔄 Identity reset
[05:15:21] 🔄 Identity rotated (every 10 requests)
[05:15:21] [101/459] OMCM
[05:15:22] [102/459] DCCP
[05:15:23] [103/459] MCPB
[05:15:24] [104/459] ALCI
[05:15:25] [105/459] BLMX
[05:15:26] [106/459] BTMV
[05:15:27] [107/459] FVPN
[05:15:28] [108/459] CMAR
[05:15:29] [109/459] CEIM
[05:15:30] [110/459] CMVA
[05:15:31] 🔄 Identity reset
[05:15:31] 🔄 Identity rotated (every 10 requests)
[05:15:31] [111/459] CPIV
[05:15:32] [112/459] CNPE
[05:15:33] [113/459] COLV
[05:15:34] [114/459] DNNV
[05:15:35] [115/459] HCAD
[05:15:36] [116/459] TAKA
[05:15:37] [117/459] INVD
[05:15:38] [118/459] IRMM
[05:15:39] [119/459] INSE
[05:15:40] [120/459] MRSW
[05:15:40] 🔄 Identity reset
[05:15:40] 🔄 Identity rotated (every 10 requests)
[05:15:41] [121/459] MCVD
[05:15:42] [122/459] MCSO
[05:15:43] [123/459] PEVM
[05:15:44] [124/459] PVNL
[05:15:45] [125/459] PTCV
[05:15:46] [126/459] PRTC
[05:15:47] [127/459] RCVA
[05:15:48] [128/459] MTBN
[05:15:49] [129/459] LUCP
[05:15:50] [130/459] FMPT
[05:15:51] 🔄 Identity reset
[05:15:51] 🔄 Identity rotated (every 10 requests)
[05:15:52] [131/459] JLSL
[05:15:53] [132/459] SBHA
[05:15:54] [133/459] SHRC
[05:15:55] [134/459] AVPS
[05:15:56] [135/459] STPM
[05:15:57] [136/459] ATRD
[05:15:58] [137/459] VTED
[05:15:58] [138/459] ACAI
[05:15:59] [139/459] SMAE
[05:16:00] [140/459] VMAT
[05:16:01] 🔄 Identity reset
[05:16:01] 🔄 Identity rotated (every 10 requests)
[05:16:01] [141/459] LKCT
[05:16:02] [142/459] JTVK
[05:16:03] [143/459] PRTY
[05:16:04] [144/459] GETT
[05:16:05] [145/459] ESAP
[05:16:06] [146/459] NCPM
[05:16:07] [147/459] PCPA
[05:16:08] [148/459] MMOM
[05:16:08] [149/459] PHUP
[05:16:09] [150/459] CCPI
[05:16:10] 🔄 Identity reset
[05:16:10] 🔄 Identity rotated (every 10 requests)
[05:16:10] [151/459] CNTD
[05:16:11] [152/459] NLJR
[05:16:12] [153/459] SRNG
[05:16:13] [154/459] MHAL
[05:16:14] [155/459] PNSM
[05:16:15] [156/459] DRMY
[05:16:15] [157/459] CCMU
[05:16:16] [158/459] SCMY
[05:16:18] [159/459] PVSY
[05:16:19] [160/459] SDLM
[05:16:19] 🔄 Identity reset
[05:16:19] 🔄 Identity rotated (every 10 requests)
[05:16:20] [161/459] ICCM
[05:16:21] [162/459] PYSU
[05:16:22] [163/459] GATM
[05:16:23] [164/459] WOTM
[05:16:24] [165/459] RKTS
[05:16:25] [166/459] PMTY
[05:16:27] [167/459] LYMS
[05:16:28] [168/459] TGCA
[05:16:29] [169/459] DSTA
[05:16:30] [170/459] CNGE
[05:16:30] 🔄 Identity reset
[05:16:30] 🔄 Identity rotated (every 10 requests)
[05:16:31] [171/459] VSTG
[05:16:32] [172/459] GTCK
[05:16:32] [173/459] TGNT
[05:16:34] [174/459] ASLC
[05:16:35] [175/459] SSST
[05:16:36] [176/459] KBTT
[05:16:37] [177/459] HKCP
[05:16:38] [178/459] SWLC
[05:16:39] [179/459] RTND
[05:16:40] [180/459] PKKT
[05:16:40] 🔄 Identity reset
[05:16:40] 🔄 Identity rotated (every 10 requests)
[05:16:42] [181/459] HSTK
[05:16:43] [182/459] SPTT
[05:16:44] [183/459] IMPM
[05:16:45] [184/459] SCMV
[05:16:46] [185/459] SPCT
[05:16:47] [186/459] JBCA
[05:16:48] [187/459] ATTR
[05:16:49] [188/459] SPMT
[05:16:50] [189/459] LCTM
[05:16:52] [190/459] SCVL
[05:16:52] 🔄 Identity reset
[05:16:52] 🔄 Identity rotated (every 10 requests)
[05:16:53] [191/459] SCVT
[05:16:54] [192/459] KRIC
[05:16:55] [193/459] CTMG
[05:16:56] [194/459] ACNC
[05:16:57] [195/459] DMCK
[05:16:57] [196/459] KMTV
[05:16:58] [197/459] PFCJ
[05:16:59] [198/459] VNMD
[05:17:00] [199/459] VPCZ
[05:17:02] [200/459] SRYR
[05:17:03] 🔄 Identity reset
[05:17:03] 🔄 Identity rotated (every 10 requests)
[05:17:03] [201/459] SYTR
[05:17:04] [202/459] GATR
[05:17:05] [203/459] URTR
[05:17:06] [204/459] MKSM
[05:17:07] [205/459] VSMH
[05:17:08] [206/459] SKRJ
[05:17:10] [207/459] SSJR
[05:17:11] [208/459] SVSM
[05:17:12] [209/459] RUCM
[05:17:13] [210/459] PRKN
[05:17:14] 🔄 Identity reset
[05:17:14] 🔄 Identity rotated (every 10 requests)
[05:17:14] [211/459] RROH
[05:17:15] [212/459] SCTN
[05:17:16] [213/459] RTDM
[05:17:17] [214/459] ASRM
[05:17:18] [215/459] SKMD
[05:17:19] [216/459] SUTD
[05:17:20] [217/459] SADM
[05:17:22] [218/459] WCNR
[05:17:23] [219/459] CNED
[05:17:24] [220/459] MPDB
[05:17:25] 🔄 Identity reset
[05:17:25] 🔄 Identity rotated (every 10 requests)
[05:17:25] [221/459] KTBH
[05:17:26] [222/459] IDRM
[05:17:27] [223/459] PJJT
[05:17:28] [224/459] PFCV
[05:17:29] [225/459] AACT
[05:17:29] [226/459] AAAD
[05:17:30] [227/459] ANES
[05:17:31] [228/459] MNCA
[05:17:32] [229/459] RMGU
[05:17:34] [230/459] DLCN
[05:17:35] 🔄 Identity reset
[05:17:35] 🔄 Identity rotated (every 10 requests)
[05:17:35] [231/459] LJWT
[05:17:36] [232/459] MCBG
[05:17:37] [233/459] MYBG
[05:17:38] [234/459] GCCA
[05:17:39] [235/459] GCGA
[05:17:39] [236/459] ECGN
[05:17:40] [237/459] PRAB
[05:17:41] [238/459] PNMP
[05:17:42] [239/459] GCPT
[05:17:43] [240/459] ROYN
[05:17:44] 🔄 Identity reset
[05:17:44] 🔄 Identity rotated (every 10 requests)
[05:17:44] [241/459] VATM
[05:17:45] [242/459] KSNT
[05:17:46] [243/459] ACTC
[05:17:47] [244/459] PLTD
[05:17:48] [245/459] SKMK
[05:17:49] [246/459] CMTT
[05:17:50] [247/459] SMXP
[05:17:51] [248/459] SCMX
[05:17:52] [249/459] ACXN
[05:17:53] [250/459] ASWT
[05:17:53] 🔄 Identity reset
[05:17:53] 🔄 Identity rotated (every 10 requests)
[05:17:54] [251/459] VVVL
[05:17:55] [252/459] NAGO
[05:17:56] [253/459] SNCN
[05:17:57] [254/459] MCKP
[05:17:57] [255/459] SAMO
[05:17:58] [256/459] JBTV
[05:17:59] [257/459] DCVV
[05:18:01] [258/459] KMSV
[05:18:02] [259/459] KDCN
[05:18:03] [260/459] CNCP
[05:18:03] 🔄 Identity reset
[05:18:03] 🔄 Identity rotated (every 10 requests)
[05:18:04] [261/459] HAMC
[05:18:05] [262/459] CCVZ
[05:18:06] [263/459] NCCK
[05:18:06] [264/459] MCHR
[05:18:07] [265/459] SCHT
[05:18:08] [266/459] ESSH
[05:18:09] [267/459] CUJC
[05:18:10] [268/459] PECP
[05:18:11] [269/459] PMMI
[05:18:12] [270/459] PCCH
[05:18:13] 🔄 Identity reset
[05:18:13] 🔄 Identity rotated (every 10 requests)
[05:18:14] [271/459] PRPM
[05:18:15] [272/459] PVKL
[05:18:16] [273/459] CBSM
[05:18:17] [274/459] PVCZ
[05:18:18] [275/459] PCVV
[05:18:19] [276/459] CTMJ
[05:18:20] [277/459] RCPS
[05:18:20] [278/459] PCIT
[05:18:21] [279/459] FNCH
[05:18:23] [280/459] INZD
[05:18:24] 🔄 Identity reset
[05:18:24] 🔄 Identity rotated (every 10 requests)
[05:18:24] [281/459] INPC
[05:18:25] [282/459] LCZP
[05:18:26] [283/459] SMCB
[05:18:27] [284/459] PTSB
[05:18:28] [285/459] TPSI
[05:18:29] [286/459] KHMJ
[05:18:30] [287/459] RCCJ
[05:18:31] [288/459] NCJA
[05:18:32] [289/459] NCJN
[05:18:33] [290/459] BTDP
[05:18:33] 🔄 Identity reset
[05:18:33] 🔄 Identity rotated (every 10 requests)
[05:18:34] [291/459] PADY
[05:18:35] [292/459] NYBH
[05:18:36] [293/459] MTBR
[05:18:37] [294/459] KRBC
[05:18:38] [295/459] DKTI
[05:18:39] [296/459] ANAN
[05:18:40] [297/459] INBP
[05:18:41] [298/459] PATB
[05:18:42] [299/459] RGNT
[05:18:43] [300/459] CGPM
[05:18:44] 🔄 Identity reset
[05:18:44] 🔄 Identity rotated (every 10 requests)
[05:18:44] [301/459] INTN
[05:18:45] [302/459] MCMP
[05:18:46] [303/459] ASRG
[05:18:47] [304/459] CXJD
[05:18:48] [305/459] SPCP
[05:18:49] [306/459] CSTP
[05:18:50] [307/459] PKVC
[05:18:51] [308/459] ESCP
[05:18:52] [309/459] CAEP
[05:18:53] [310/459] CCSP
[05:18:54] 🔄 Identity reset
[05:18:54] 🔄 Identity rotated (every 10 requests)
[05:18:54] [311/459] KTPC
[05:18:55] [312/459] DACA
[05:18:56] [313/459] NVKY
[05:18:57] [314/459] PTIN
[05:18:58] [315/459] SCIN
[05:18:59] [316/459] MCTY
[05:19:00] [317/459] PCMX
[05:19:01] [318/459] INIC
[05:19:02] [319/459] MMZM
[05:19:03] [320/459] SSLP
[05:19:03] 🔄 Identity reset
[05:19:03] 🔄 Identity rotated (every 10 requests)
[05:19:04] [321/459] DTDT
[05:19:05] [322/459] FFCX
[05:19:05] [323/459] RCMM
[05:19:06] [324/459] KYID
[05:19:07] [325/459] CSCI
[05:19:09] [326/459] FCMC
[05:19:10] [327/459] MMXI
[05:19:11] [328/459] ASTC
[05:19:12] [329/459] CMRA
[05:19:13] [330/459] DICI
[05:19:13] 🔄 Identity reset
[05:19:13] 🔄 Identity rotated (every 10 requests)
[05:19:14] [331/459] KDIN
[05:19:14] [332/459] PRFI
[05:19:15] [333/459] SVFC
[05:19:17] [334/459] UCPL
[05:19:19] [335/459] COOC
[05:19:20] [336/459] SCAL
[05:19:21] [337/459] SVFF
[05:19:21] [338/459] VCMG
[05:19:22] [339/459] UUCT
[05:19:23] [340/459] GCSE
[05:19:24] 🔄 Identity reset
[05:19:24] 🔄 Identity rotated (every 10 requests)
[05:19:24] [341/459] SUSC
[05:19:26] [342/459] MISC
[05:19:27] [343/459] RMBL
[05:19:28] [344/459] CMXN
[05:19:29] [345/459] PVBK
[05:19:30] [346/459] HHCG
[05:19:31] [347/459] SCAG
[05:19:32] [348/459] CNPR
[05:19:33] [349/459] CSER
[05:19:35] [350/459] HLWD
[05:19:35] 🔄 Identity reset
[05:19:35] 🔄 Identity rotated (every 10 requests)
[05:19:36] [351/459] BOLY
[05:19:36] [352/459] SSPG
[05:19:37] [353/459] MUPX
[05:19:38] [354/459] HAMR
[05:19:39] [355/459] SDNC
[05:19:40] [356/459] RTEN
[05:19:41] [357/459] SDTD
[05:19:42] [358/459] KAWS
[05:19:43] [359/459] CMZX
[05:19:44] [360/459] DCDD
[05:19:44] 🔄 Identity reset
[05:19:44] 🔄 Identity rotated (every 10 requests)
[05:19:45] [361/459] ALSN
[05:19:46] [362/459] IMXS
[05:19:47] [363/459] PVFF
[05:19:48] [364/459] PVOO
[05:19:50] [365/459] CFBS
[05:19:51] [366/459] PVER
[05:19:52] [367/459] PPNX
[05:19:53] [368/459] CNRM
[05:19:54] [369/459] PVWW
[05:19:55] [370/459] INMB
[05:19:55] 🔄 Identity reset
[05:19:55] 🔄 Identity rotated (every 10 requests)
[05:19:56] [371/459] CPJR
[05:19:57] [372/459] INRZ
[05:19:58] [373/459] PMSR
[05:19:59] [374/459] GPGM
[05:20:00] [375/459] PGWB
[05:20:01] [376/459] PMBR
[05:20:02] [377/459] GPAM
[05:20:03] [378/459] INBC
[05:20:04] [379/459] PZVK
[05:20:05] [380/459] CPEB
[05:20:05] 🔄 Identity reset
[05:20:05] 🔄 Identity rotated (every 10 requests)
[05:20:06] [381/459] FMLB
[05:20:07] [382/459] INBG
[05:20:08] [383/459] GPBR
[05:20:09] [384/459] PAAS
[05:20:10] [385/459] VTBR
[05:20:11] [386/459] GPMY
[05:20:12] [387/459] GYBU
[05:20:13] [388/459] INBJ
[05:20:14] [389/459] LKTH
[05:20:15] [390/459] NSBR
[05:20:15] 🔄 Identity reset
[05:20:15] 🔄 Identity rotated (every 10 requests)
[05:20:16] [391/459] PDRD
[05:20:17] [392/459] VRBL
[05:20:18] [393/459] VTGB
[05:20:19] [394/459] VTSK
[05:20:21] [395/459] BKDV
[05:20:22] [396/459] SVTB
[05:20:24] [397/459] MLDT
[05:20:25] [398/459] NRBL
[05:20:26] [399/459] SLTR
[05:20:27] [400/459] VNKA
[05:20:27] 🔄 Identity reset
[05:20:27] 🔄 Identity rotated (every 10 requests)
[05:20:28] [401/459] TDCA
[05:20:29] [402/459] INBM
[05:20:30] [403/459] SSNR
[05:20:32] [404/459] BHAC
[05:20:33] [405/459] SDSD
[05:20:34] [406/459] SAMP
[05:20:35] [407/459] RATK
[05:20:36] [408/459] KCBI
[05:20:37] [409/459] URBL
[05:20:38] [410/459] MKBG
[05:20:38] 🔄 Identity reset
[05:20:38] 🔄 Identity rotated (every 10 requests)
[05:20:39] [411/459] ASTB
[05:20:39] [412/459] VBWT
[05:20:40] [413/459] GPSM
[05:20:41] [414/459] ROON
[05:20:43] [415/459] CHTH
[05:20:44] [416/459] SSPA
[05:20:45] [417/459] ANBL
[05:20:46] [418/459] VTBE
[05:20:47] [419/459] SVKT
[05:20:48] [420/459] SVYK
[05:20:48] 🔄 Identity reset
[05:20:48] 🔄 Identity rotated (every 10 requests)
[05:20:49] [421/459] PTBK
[05:20:50] [422/459] RKTB
[05:20:51] [423/459] BALT
[05:20:51] [424/459] STSV
[05:20:52] [425/459] VCCB
[05:20:53] [426/459] SLTB
[05:20:54] [427/459] SBCR
[05:20:56] [428/459] VDCS
[05:20:56] [429/459] MDKI
[05:20:57] [430/459] SMRN
[05:20:58] 🔄 Identity reset
[05:20:58] 🔄 Identity rotated (every 10 requests)
[05:20:58] [431/459] PTBC
[05:20:59] [432/459] RADI
[05:21:00] [433/459] ADCR
[05:21:01] [434/459] SDCS
[05:21:03] [435/459] SRPJ
[05:21:04] [436/459] ARTS
[05:21:05] [437/459] SRHK
[05:21:06] [438/459] SPAY
[05:21:07] [439/459] GPTB
[05:21:08] [440/459] SNNN
[05:21:08] 🔄 Identity reset
[05:21:08] 🔄 Identity rotated (every 10 requests)
[05:21:09] [441/459] BALJ
[05:21:10] [442/459] TRIG
[05:21:11] [443/459] GTYT
[05:21:12] [444/459] ATGN
[05:21:14] [445/459] ANTE
[05:21:15] [446/459] BDCG
[05:21:15] [447/459] VECI
[05:21:17] [448/459] SCPR
[05:21:18] [449/459] RTEA
[05:21:19] [450/459] JSAI
[05:21:19] 🔄 Identity reset
[05:21:19] 🔄 Identity rotated (every 10 requests)
[05:21:20] [451/459] VJTP
[05:21:21] [452/459] GNDS
[05:21:22] [453/459] PAXA
[05:21:23] [454/459] CGGM
[05:21:24] [455/459] ACKZ
[05:21:25] [456/459] EMCC
[05:21:26] [457/459] KLSK
[05:21:27] [458/459] AVCK
[05:21:28] [459/459] JTCK
[05:21:29] 🧹 Deduping shows
[05:21:29] ✅ DONE | Shows=919 | Movies=57
