[05:13:35] 🚀 SCRIPT STARTED (enhanced anti‑detection)
[05:13:35] [1/458] MBDC
[05:13:35] 🧠 New identity created
[05:13:36] [2/458] CHKM
[05:13:37] [3/458] JTKZ
[05:13:38] [4/458] CMCT
[05:13:39] [5/458] ASHO
[05:13:40] [6/458] ECDG
[05:13:41] [7/458] SPAT
[05:13:42] [8/458] HILC
[05:13:43] [9/458] SPPH
[05:13:44] [10/458] SBHN
[05:13:45] 🔄 Identity reset
[05:13:45] 🔄 Identity rotated (every 10 requests)
[05:13:45] [11/458] RRCA
[05:13:47] [12/458] APAA
[05:13:48] [13/458] RAME
[05:13:49] [14/458] TMMS
[05:13:50] [15/458] BATK
[05:13:51] [16/458] LKOP
[05:13:52] [17/458] AMTT
[05:13:52] [18/458] PTGK
[05:13:53] [19/458] ANRS
[05:13:55] [20/458] VWBW
[05:13:55] 🔄 Identity reset
[05:13:55] 🔄 Identity rotated (every 10 requests)
[05:13:56] [21/458] SVFG
[05:13:57] [22/458] STAT
[05:13:58] [23/458] GDCV
[05:13:59] [24/458] VEBI
[05:14:00] [25/458] VDSS
[05:14:01] [26/458] NTHV
[05:14:02] [27/458] AOCH
[05:14:03] [28/458] KASR
[05:14:04] [29/458] AYCS
[05:14:05] [30/458] SHAI
[05:14:06] 🔄 Identity reset
[05:14:06] 🔄 Identity rotated (every 10 requests)
[05:14:06] [31/458] SKPE
[05:14:07] [32/458] SBTA
[05:14:08] [33/458] RTTD
[05:14:09] [34/458] CCJD
[05:14:10] [35/458] RSJJ
[05:14:11] [36/458] RKND
[05:14:12] [37/458] SVTX
[05:14:12] [38/458] BAKM
[05:14:13] [39/458] SVDC
[05:14:15] [40/458] MNCV
[05:14:16] 🔄 Identity reset
[05:14:16] 🔄 Identity rotated (every 10 requests)
[05:14:16] [41/458] SJGC
[05:14:17] [42/458] MTPK
[05:14:18] [43/458] GATP
[05:14:20] [44/458] ABTS
[05:14:21] [45/458] ABDE
[05:14:22] [46/458] RCNM
[05:14:23] [47/458] KTHV
[05:14:24] [48/458] MDGJ
[05:14:25] [49/458] SMLM
[05:14:27] [50/458] JTMA
[05:14:28] 🔄 Identity reset
[05:14:28] 🔄 Identity rotated (every 10 requests)
[05:14:28] [51/458] ACKP
[05:14:29] [52/458] SRTA
[05:14:30] [53/458] STAY
[05:14:31] [54/458] MAVO
[05:14:33] [55/458] APTS
[05:14:34] [56/458] OMEA
[05:14:35] [57/458] TTFD
[05:14:36] [58/458] MJCU
[05:14:36] [59/458] CXTE
[05:14:37] [60/458] CTPX
[05:14:38] 🔄 Identity reset
[05:14:38] 🔄 Identity rotated (every 10 requests)
[05:14:39] [61/458] ASSL
[05:14:40] [62/458] CMVB
[05:14:41] [63/458] VPUR
[05:14:42] [64/458] JJDA
[05:14:44] [65/458] INBL
[05:14:44] [66/458] BIKB
[05:14:45] [67/458] NTBB
[05:14:46] [68/458] GLOB
[05:14:47] [69/458] SNTB
[05:14:48] [70/458] CHGV
[05:14:48] 🔄 Identity reset
[05:14:48] 🔄 Identity rotated (every 10 requests)
[05:14:49] [71/458] SSBZ
[05:14:50] [72/458] PRDB
[05:14:51] [73/458] ISMT
[05:14:52] [74/458] MCSD
[05:14:53] [75/458] JBTT
[05:14:54] [76/458] GEKR
[05:14:55] [77/458] PVUN
[05:14:56] [78/458] NRTB
[05:14:57] [79/458] PRAA
[05:14:58] [80/458] PCBL
[05:14:59] 🔄 Identity reset
[05:14:59] 🔄 Identity rotated (every 10 requests)
[05:14:59] [81/458] PTCM
[05:15:00] [82/458] KHNN
[05:15:01] [83/458] OMJE
[05:15:02] [84/458] STGN
[05:15:03] [85/458] RPMS
[05:15:03] [86/458] NWAD
[05:15:04] [87/458] BLCK
[05:15:05] [88/458] SVAA
[05:15:06] [89/458] URVM
[05:15:07] [90/458] ANTM
[05:15:07] 🔄 Identity reset
[05:15:07] 🔄 Identity rotated (every 10 requests)
[05:15:08] [91/458] VJYM
[05:15:10] [92/458] MAZZ
[05:15:11] [93/458] CSHM
[05:15:12] [94/458] WGMH
[05:15:13] [95/458] SALN
[05:15:14] [96/458] BRTP
[05:15:15] [97/458] SVTA
[05:15:16] [98/458] SBTP
[05:15:16] [99/458] VLSS
[05:15:17] [100/458] SRJA
[05:15:18] 🔄 Identity reset
[05:15:18] 🔄 Identity rotated (every 10 requests)
[05:15:18] [101/458] ANCG
[05:15:19] [102/458] CGGC
[05:15:20] [103/458] CRJA
[05:15:21] [104/458] USCR
[05:15:22] [105/458] MMEF
[05:15:23] [106/458] JCRJ
[05:15:23] [107/458] ADCM
[05:15:25] [108/458] BMYK
[05:15:26] [109/458] KICS
[05:15:27] [110/458] MBBT
[05:15:27] 🔄 Identity reset
[05:15:27] 🔄 Identity rotated (every 10 requests)
[05:15:28] [111/458] MACK
[05:15:29] [112/458] CLDR
[05:15:30] [113/458] JYCR
[05:15:31] [114/458] DCRP
[05:15:32] [115/458] RAHT
[05:15:33] [116/458] CSSM
[05:15:34] [117/458] ATPK
[05:15:35] [118/458] KLRT
[05:15:36] [119/458] SRDD
[05:15:37] [120/458] CKMC
[05:15:37] 🔄 Identity reset
[05:15:37] 🔄 Identity rotated (every 10 requests)
[05:15:38] [121/458] KRVM
[05:15:38] [122/458] AKCP
[05:15:39] [123/458] CNCV
[05:15:40] [124/458] PACT
[05:15:41] [125/458] NATP
[05:15:42] [126/458] PCPK
[05:15:43] [127/458] SMHO
[05:15:44] [128/458] CWTK
[05:15:44] [129/458] RVKZ
[05:15:45] [130/458] ASPD
[05:15:46] 🔄 Identity reset
[05:15:46] 🔄 Identity rotated (every 10 requests)
[05:15:46] [131/458] VTKZ
[05:15:48] [132/458] LCSO
[05:15:49] [133/458] PRDY
[05:15:50] [134/458] RCAP
[05:15:51] [135/458] RGAR
[05:15:53] [136/458] RCAC
[05:15:54] [137/458] PMOD
[05:15:55] [138/458] PVCN
[05:15:56] [139/458] SCRZ
[05:15:57] [140/458] PVPC
[05:15:58] 🔄 Identity reset
[05:15:58] 🔄 Identity rotated (every 10 requests)
[05:15:58] [141/458] STID
[05:15:59] [142/458] NEDD
[05:16:00] [143/458] BNBA
[05:16:01] [144/458] NTCD
[05:16:02] [145/458] OCDE
[05:16:03] [146/458] CCDU
[05:16:04] [147/458] CRXH
[05:16:05] [148/458] VLVT
[05:16:06] [149/458] CICI
[05:16:07] [150/458] SUCB
[05:16:08] 🔄 Identity reset
[05:16:08] 🔄 Identity rotated (every 10 requests)
[05:16:09] [151/458] TCBP
[05:16:09] [152/458] SCCY
[05:16:10] [153/458] LXCY
[05:16:11] [154/458] NCMD
[05:16:12] [155/458] PHCS
[05:16:13] [156/458] DUXR
[05:16:14] [157/458] VNKS
[05:16:15] [158/458] SEDP
[05:16:16] [159/458] SVEN
[05:16:16] [160/458] SRKM
[05:16:17] 🔄 Identity reset
[05:16:17] 🔄 Identity rotated (every 10 requests)
[05:16:18] [161/458] JTLT
[05:16:19] [162/458] SVSS
[05:16:19] [163/458] AMDE
[05:16:20] [164/458] WVRN
[05:16:21] [165/458] ISMG
[05:16:22] [166/458] WVKS
[05:16:23] [167/458] USCG
[05:16:24] [168/458] IOTG
[05:16:25] [169/458] RRJM
[05:16:26] [170/458] EDMP
[05:16:26] 🔄 Identity reset
[05:16:26] 🔄 Identity rotated (every 10 requests)
[05:16:27] [171/458] SCGZ
[05:16:28] [172/458] GMGX
[05:16:29] [173/458] OMTP
[05:16:30] [174/458] MITD
[05:16:31] [175/458] SMMD
[05:16:32] [176/458] STML
[05:16:33] [177/458] MCFS
[05:16:34] [178/458] FPKA
[05:16:35] [179/458] OMLR
[05:16:36] [180/458] KKSC
[05:16:36] 🔄 Identity reset
[05:16:36] 🔄 Identity rotated (every 10 requests)
[05:16:37] [181/458] RVMA
[05:16:38] [182/458] SCLL
[05:16:38] [183/458] SCDK
[05:16:39] [184/458] SXMI
[05:16:40] [185/458] SHDN
[05:16:41] [186/458] PAAD
[05:16:42] [187/458] UUCB
[05:16:43] [188/458] JHOL
[05:16:44] [189/458] SGWT
[05:16:45] [190/458] SRII
[05:16:46] 🔄 Identity reset
[05:16:46] 🔄 Identity rotated (every 10 requests)
[05:16:46] [191/458] SGCK
[05:16:47] [192/458] SVVB
[05:16:49] [193/458] DMHA
[05:16:49] [194/458] PPNL
[05:16:50] [195/458] CPNL
[05:16:52] [196/458] WVLD
[05:16:53] [197/458] PSLV
[05:16:53] [198/458] VTTL
[05:16:54] [199/458] NPAD
[05:16:55] [200/458] PVCS
[05:16:56] 🔄 Identity reset
[05:16:56] 🔄 Identity rotated (every 10 requests)
[05:16:56] [201/458] MCHL
[05:16:57] [202/458] PPLL
[05:16:58] [203/458] MALO
[05:16:59] [204/458] SWBH
[05:17:00] [205/458] PUGB
[05:17:01] [206/458] INBB
[05:17:02] [207/458] INNS
[05:17:03] [208/458] MCPT
[05:17:04] [209/458] SCMI
[05:17:04] [210/458] OCON
[05:17:05] 🔄 Identity reset
[05:17:05] 🔄 Identity rotated (every 10 requests)
[05:17:05] [211/458] SCSM
[05:17:06] [212/458] RJVN
[05:17:07] [213/458] AMDK
[05:17:08] [214/458] ISMR
[05:17:09] [215/458] SMTD
[05:17:10] [216/458] VTDD
[05:17:11] [217/458] PDDZ
[05:17:12] [218/458] PCCK
[05:17:13] [219/458] INAM
[05:17:14] [220/458] FNKT
[05:17:15] 🔄 Identity reset
[05:17:15] 🔄 Identity rotated (every 10 requests)
[05:17:16] [221/458] GDKA
[05:17:17] [222/458] MAYU
[05:17:18] [223/458] TCGU
[05:17:18] [224/458] KDCA
[05:17:19] [225/458] DOMY
[05:17:20] [226/458] PDDD
[05:17:21] [227/458] BJTS
[05:17:22] [228/458] VTCA
[05:17:23] [229/458] SBTM
[05:17:24] [230/458] SEET
[05:17:25] 🔄 Identity reset
[05:17:25] 🔄 Identity rotated (every 10 requests)
[05:17:25] [231/458] SSTJ
[05:17:26] [232/458] SVNT
[05:17:27] [233/458] PPPR
[05:17:28] [234/458] PVYS
[05:17:29] [235/458] IOSE
[05:17:30] [236/458] ACTV
[05:17:30] [237/458] APVE
[05:17:31] [238/458] TCCL
[05:17:32] [239/458] SCMO
[05:17:33] [240/458] SAUM
[05:17:34] 🔄 Identity reset
[05:17:34] 🔄 Identity rotated (every 10 requests)
[05:17:34] [241/458] KCJS
[05:17:35] [242/458] NJCJ
[05:17:36] [243/458] NECF
[05:17:37] [244/458] CCGW
[05:17:38] [245/458] CCMG
[05:17:39] [246/458] NYRG
[05:17:39] [247/458] NCSQ
[05:17:40] [248/458] GRCG
[05:17:41] [249/458] CCBT
[05:17:42] [250/458] ACGA
[05:17:43] 🔄 Identity reset
[05:17:43] 🔄 Identity rotated (every 10 requests)
[05:17:44] [251/458] INAG
[05:17:44] [252/458] FUCG
[05:17:45] [253/458] AICF
[05:17:46] [254/458] GRGA
[05:17:47] [255/458] GDCN
[05:17:48] [256/458] RRCG
[05:17:49] [257/458] SDCH
[05:17:50] [258/458] WVJM
[05:17:52] [259/458] JCCZ
[05:17:52] [260/458] CNCL
[05:17:53] 🔄 Identity reset
[05:17:53] 🔄 Identity rotated (every 10 requests)
[05:17:53] [261/458] TMLV
[05:17:54] [262/458] MEMB
[05:17:55] [263/458] SGTD
[05:17:56] [264/458] CONX
[05:17:57] [265/458] CCMH
[05:17:58] [266/458] ACMC
[05:17:58] [267/458] DTPD
[05:18:00] [268/458] POJA
[05:18:01] [269/458] FNBH
[05:18:02] [270/458] CGCB
[05:18:02] 🔄 Identity reset
[05:18:02] 🔄 Identity rotated (every 10 requests)
[05:18:03] [271/458] RACN
[05:18:03] [272/458] JTSM
[05:18:04] [273/458] SCDN
[05:18:05] [274/458] AACK
[05:18:06] [275/458] RMCE
[05:18:08] [276/458] BSGB
[05:18:09] [277/458] MRCB
[05:18:10] [278/458] SRVR
[05:18:10] [279/458] VTKK
[05:18:11] [280/458] AMST
[05:18:12] 🔄 Identity reset
[05:18:12] 🔄 Identity rotated (every 10 requests)
[05:18:12] [281/458] APCY
[05:18:13] [282/458] LMHO
[05:18:14] [283/458] MTZH
[05:18:15] [284/458] AMZB
[05:18:17] [285/458] SUVT
[05:18:18] [286/458] RCIP
[05:18:18] [287/458] KESR
[05:18:19] [288/458] SNKC
[05:18:20] [289/458] SCED
[05:18:21] [290/458] DVCA
[05:18:22] 🔄 Identity reset
[05:18:22] 🔄 Identity rotated (every 10 requests)
[05:18:22] [291/458] VCDT
[05:18:23] [292/458] RRDI
[05:18:25] [293/458] DFCH
[05:18:26] [294/458] INSC
[05:18:27] [295/458] RGTR
[05:18:28] [296/458] FMOT
[05:18:28] [297/458] SCPM
[05:18:29] [298/458] GCDT
[05:18:30] [299/458] BRKT
[05:18:31] [300/458] DEMP
[05:18:32] 🔄 Identity reset
[05:18:32] 🔄 Identity rotated (every 10 requests)
[05:18:32] [301/458] SRLC
[05:18:33] [302/458] KSTT
[05:18:34] [303/458] SMMT
[05:18:35] [304/458] SILM
[05:18:36] [305/458] JCVM
[05:18:37] [306/458] KCSV
[05:18:38] [307/458] MHLK
[05:18:39] [308/458] SLVL
[05:18:40] [309/458] RJKP
[05:18:40] [310/458] BBPC
[05:18:41] 🔄 Identity reset
[05:18:41] 🔄 Identity rotated (every 10 requests)
[05:18:41] [311/458] MXCB
[05:18:43] [312/458] TCPK
[05:18:44] [313/458] RTBR
[05:18:45] [314/458] GAUT
[05:18:46] [315/458] DVCF
[05:18:47] [316/458] JTSB
[05:18:47] [317/458] SBLS
[05:18:48] [318/458] UDAY
[05:18:49] [319/458] PTNP
[05:18:50] [320/458] DMKT
[05:18:51] 🔄 Identity reset
[05:18:51] 🔄 Identity rotated (every 10 requests)
[05:18:51] [321/458] NTDT
[05:18:52] [322/458] SHDJ
[05:18:53] [323/458] OTNC
[05:18:55] [324/458] RNTW
[05:18:56] [325/458] GCMI
[05:18:57] [326/458] CRCM
[05:18:58] [327/458] NNCZ
[05:18:59] [328/458] OEMO
[05:19:00] [329/458] PVJM
[05:19:01] [330/458] CPJI
[05:19:01] 🔄 Identity reset
[05:19:01] 🔄 Identity rotated (every 10 requests)
[05:19:02] [331/458] RMCJ
[05:19:02] [332/458] CNWJ
[05:19:03] [333/458] EPJM
[05:19:04] [334/458] FNJJ
[05:19:06] [335/458] GCMJ
[05:19:06] [336/458] INPS
[05:19:07] [337/458] BICJ
[05:19:08] [338/458] ISTJ
[05:19:09] [339/458] INJC
[05:19:10] [340/458] GLXJ
[05:19:10] 🔄 Identity reset
[05:19:11] 🔄 Identity rotated (every 10 requests)
[05:19:11] [341/458] INEM
[05:19:12] [342/458] JTMN
[05:19:13] [343/458] FRCJ
[05:19:14] [344/458] DDJP
[05:19:14] [345/458] INJV
[05:19:15] [346/458] GOLC
[05:19:16] [347/458] KOCI
[05:19:17] [348/458] FSTD
[05:19:18] [349/458] PACJ
[05:19:19] [350/458] GMCN
[05:19:19] 🔄 Identity reset
[05:19:19] 🔄 Identity rotated (every 10 requests)
[05:19:20] [351/458] MMDJ
[05:19:21] [352/458] GODH
[05:19:22] [353/458] SKYN
[05:19:23] [354/458] NCTH
[05:19:24] [355/458] SKVZ
[05:19:25] [356/458] SVML
[05:19:25] [357/458] ACVZ
[05:19:26] [358/458] SURA
[05:19:27] [359/458] RTRB
[05:19:28] [360/458] LLCT
[05:19:28] 🔄 Identity reset
[05:19:28] 🔄 Identity rotated (every 10 requests)
[05:19:29] [361/458] ATTS
[05:19:30] [362/458] JYCM
[05:19:30] [363/458] CTKR
[05:19:31] [364/458] LCKR
[05:19:32] [365/458] NYCV
[05:19:33] [366/458] NYOH
[05:19:34] [367/458] NOVX
[05:19:35] [368/458] MRGK
[05:19:36] [369/458] MOON
[05:19:37] [370/458] SBUC
[05:19:37] 🔄 Identity reset
[05:19:37] 🔄 Identity rotated (every 10 requests)
[05:19:38] [371/458] GSVA
[05:19:39] [372/458] VIAK
[05:19:40] [373/458] SMVZ
[05:19:41] [374/458] MATE
[05:19:42] [375/458] RDCN
[05:19:43] [376/458] ASBL
[05:19:44] [377/458] ASVS
[05:19:45] [378/458] ASSR
[05:19:46] [379/458] SSKN
[05:19:47] [380/458] DRPV
[05:19:48] 🔄 Identity reset
[05:19:48] 🔄 Identity rotated (every 10 requests)
[05:19:48] [381/458] MRHT
[05:19:50] [382/458] BSCN
[05:19:51] [383/458] RKNX
[05:19:52] [384/458] MSMC
[05:19:53] [385/458] MSCJ
[05:19:54] [386/458] BTBJ
[05:19:55] [387/458] MJCC
[05:19:56] [388/458] IOMM
[05:19:56] [389/458] ADGR
[05:19:57] [390/458] MYCP
[05:19:58] 🔄 Identity reset
[05:19:58] 🔄 Identity rotated (every 10 requests)
[05:19:58] [391/458] IGCM
[05:20:00] [392/458] PGRK
[05:20:01] [393/458] VPGO
[05:20:01] [394/458] KOMS
[05:20:02] [395/458] URGG
[05:20:03] [396/458] GOST
[05:20:04] [397/458] LACT
[05:20:05] [398/458] BWCM
[05:20:06] [399/458] NCCW
[05:20:07] [400/458] SKYC
[05:20:07] 🔄 Identity reset
[05:20:07] 🔄 Identity rotated (every 10 requests)
[05:20:08] [401/458] CCPM
[05:20:09] [402/458] VCBT
[05:20:10] [403/458] SDKR
[05:20:11] [404/458] CTYB
[05:20:13] [405/458] SHCX
[05:20:13] [406/458] RCUN
[05:20:14] [407/458] CNRA
[05:20:15] [408/458] RFCA
[05:20:16] [409/458] RDCU
[05:20:17] [410/458] SARK
[05:20:18] 🔄 Identity reset
[05:20:18] 🔄 Identity rotated (every 10 requests)
[05:20:18] [411/458] SPPP
[05:20:19] [412/458] ADMB
[05:20:20] [413/458] JYOE
[05:20:21] [414/458] SRMD
[05:20:23] [415/458] RJDH
[05:20:24] [416/458] SSTD
[05:20:25] [417/458] AACV
[05:20:25] [418/458] PPVD
[05:20:26] [419/458] STCP
[05:20:27] [420/458] ANLS
[05:20:28] 🔄 Identity reset
[05:20:28] 🔄 Identity rotated (every 10 requests)
[05:20:28] [421/458] BIJO
[05:20:29] [422/458] AVAB
[05:20:30] [423/458] SPMD
[05:20:31] [424/458] SVJL
[05:20:32] [425/458] SDDJ
[05:20:33] [426/458] SLTU
[05:20:35] [427/458] SAKA
[05:20:37] [428/458] PMAM
[05:20:37] [429/458] FNAM
[05:20:38] [430/458] ACAM
[05:20:39] 🔄 Identity reset
[05:20:39] 🔄 Identity rotated (every 10 requests)
[05:20:40] [431/458] SCMM
[05:20:41] [432/458] PMAK
[05:20:41] [433/458] NYSA
[05:20:42] [434/458] FCPA
[05:20:43] [435/458] GDAN
[05:20:44] [436/458] RSCA
[05:20:46] [437/458] DMAN
[05:20:47] [438/458] DZCM
[05:20:48] [439/458] NSGL
[05:20:48] [440/458] CCPP
[05:20:49] 🔄 Identity reset
[05:20:49] 🔄 Identity rotated (every 10 requests)
[05:20:49] [441/458] PSMG
[05:20:51] [442/458] GSER
[05:20:51] [443/458] FCCT
[05:20:53] [444/458] FCTB
[05:20:54] [445/458] LCNK
[05:20:55] [446/458] SKTY
[05:20:56] [447/458] INAA
[05:20:57] [448/458] RCWN
[05:20:58] [449/458] VAIS
[05:20:59] [450/458] CVMN
[05:21:00] 🔄 Identity reset
[05:21:00] 🔄 Identity rotated (every 10 requests)
[05:21:00] [451/458] INTS
[05:21:01] [452/458] FRGS
[05:21:02] [453/458] DTCK
[05:21:03] [454/458] MCMH
[05:21:04] [455/458] ECRR
[05:21:05] [456/458] RLLP
[05:21:06] [457/458] CCSN
[05:21:07] [458/458] CCBA
[05:21:07] 🧹 Deduping shows
[05:21:08] ✅ DONE | Shows=1090 | Movies=55
[10:43:52] 🚀 SCRIPT STARTED (enhanced anti‑detection)
[10:43:52] [1/458] MBDC
[10:43:52] 🧠 New identity created
[10:43:53] [2/458] CHKM
[10:43:54] [3/458] JTKZ
[10:43:55] [4/458] CMCT
[10:43:55] [5/458] ASHO
[10:43:56] [6/458] ECDG
[10:43:57] [7/458] SPAT
[10:43:58] [8/458] HILC
[10:43:59] [9/458] SPPH
[10:44:00] [10/458] SBHN
[10:44:01] 🔄 Identity reset
[10:44:01] 🔄 Identity rotated (every 10 requests)
[10:44:01] [11/458] RRCA
[10:44:02] [12/458] APAA
[10:44:03] [13/458] RAME
[10:44:03] [14/458] TMMS
[10:44:04] [15/458] BATK
[10:44:05] [16/458] LKOP
[10:44:06] [17/458] AMTT
[10:44:07] [18/458] PTGK
[10:44:08] [19/458] ANRS
[10:44:09] [20/458] VWBW
[10:44:10] 🔄 Identity reset
[10:44:10] 🔄 Identity rotated (every 10 requests)
[10:44:10] [21/458] SVFG
[10:44:12] [22/458] STAT
[10:44:12] [23/458] GDCV
[10:44:13] [24/458] VEBI
[10:44:14] [25/458] VDSS
[10:44:15] [26/458] NTHV
[10:44:16] [27/458] AOCH
[10:44:17] [28/458] KASR
[10:44:18] [29/458] AYCS
[10:44:19] [30/458] SHAI
[10:44:19] 🔄 Identity reset
[10:44:19] 🔄 Identity rotated (every 10 requests)
[10:44:20] [31/458] SKPE
[10:44:20] [32/458] SBTA
[10:44:21] [33/458] RTTD
[10:44:22] [34/458] CCJD
[10:44:23] [35/458] RSJJ
[10:44:24] [36/458] RKND
[10:44:26] [37/458] SVTX
[10:44:26] [38/458] BAKM
[10:44:27] [39/458] SVDC
[10:44:28] [40/458] MNCV
[10:44:29] 🔄 Identity reset
[10:44:29] 🔄 Identity rotated (every 10 requests)
[10:44:29] [41/458] SJGC
[10:44:31] [42/458] MTPK
[10:44:32] [43/458] GATP
[10:44:33] [44/458] ABTS
[10:44:33] [45/458] ABDE
[10:44:34] [46/458] RCNM
[10:44:35] [47/458] KTHV
[10:44:37] [48/458] MDGJ
[10:44:38] [49/458] SMLM
[10:44:39] [50/458] JTMA
[10:44:39] 🔄 Identity reset
[10:44:39] 🔄 Identity rotated (every 10 requests)
[10:44:40] [51/458] ACKP
[10:44:41] [52/458] SRTA
[10:44:42] [53/458] STAY
[10:44:43] [54/458] MAVO
[10:44:44] [55/458] APTS
[10:44:45] [56/458] OMEA
[10:44:46] [57/458] TTFD
[10:44:47] [58/458] MJCU
[10:44:48] [59/458] CXTE
[10:44:49] [60/458] CTPX
[10:44:50] 🔄 Identity reset
[10:44:50] 🔄 Identity rotated (every 10 requests)
[10:44:50] [61/458] ASSL
[10:44:51] [62/458] CMVB
[10:44:51] [63/458] VPUR
[10:44:52] [64/458] JJDA
[10:44:53] [65/458] INBL
[10:44:54] [66/458] BIKB
[10:44:55] [67/458] NTBB
[10:44:56] [68/458] GLOB
[10:44:57] [69/458] SNTB
[10:44:58] [70/458] CHGV
[10:44:59] 🔄 Identity reset
[10:44:59] 🔄 Identity rotated (every 10 requests)
[10:44:59] [71/458] SSBZ
[10:45:00] [72/458] PRDB
[10:45:01] [73/458] ISMT
[10:45:02] [74/458] MCSD
[10:45:03] [75/458] JBTT
[10:45:04] [76/458] GEKR
[10:45:05] [77/458] PVUN
[10:45:06] [78/458] NRTB
[10:45:07] [79/458] PRAA
[10:45:08] [80/458] PCBL
[10:45:08] 🔄 Identity reset
[10:45:08] 🔄 Identity rotated (every 10 requests)
[10:45:08] [81/458] PTCM
[10:45:09] [82/458] KHNN
[10:45:10] [83/458] OMJE
[10:45:11] [84/458] STGN
[10:45:12] [85/458] RPMS
[10:45:13] [86/458] NWAD
[10:45:14] [87/458] BLCK
[10:45:15] [88/458] SVAA
[10:45:16] [89/458] URVM
[10:45:17] [90/458] ANTM
[10:45:18] 🔄 Identity reset
[10:45:18] 🔄 Identity rotated (every 10 requests)
[10:45:18] [91/458] VJYM
[10:45:19] [92/458] MAZZ
[10:45:20] [93/458] CSHM
[10:45:21] [94/458] WGMH
[10:45:22] [95/458] SALN
[10:45:23] [96/458] BRTP
[10:45:23] [97/458] SVTA
[10:45:24] [98/458] SBTP
[10:45:25] [99/458] VLSS
[10:45:26] [100/458] SRJA
[10:45:27] 🔄 Identity reset
[10:45:27] 🔄 Identity rotated (every 10 requests)
[10:45:27] 🔄 Retry 1/5 for SRJA in 2.3s
[10:45:27] 🔄 Identity reset
[10:45:29] 🧠 New identity created
[10:45:30] [101/458] ANCG
[10:45:31] [102/458] CGGC
[10:45:31] [103/458] CRJA
[10:45:32] [104/458] USCR
[10:45:34] [105/458] MMEF
[10:45:35] [106/458] JCRJ
[10:45:35] [107/458] ADCM
[10:45:36] [108/458] BMYK
[10:45:37] [109/458] KICS
[10:45:38] 🔄 Identity reset
[10:45:38] 🔄 Identity rotated (every 10 requests)
[10:45:38] 🔄 Retry 1/5 for KICS in 2.3s
[10:45:38] 🔄 Identity reset
[10:45:40] 🧠 New identity created
[10:45:41] [110/458] MBBT
[10:45:41] [111/458] MACK
[10:45:42] [112/458] CLDR
[10:45:43] [113/458] JYCR
[10:45:45] [114/458] DCRP
[10:45:46] [115/458] RAHT
[10:45:47] [116/458] CSSM
[10:45:47] [117/458] ATPK
[10:45:48] [118/458] KLRT
[10:45:49] 🔄 Identity reset
[10:45:49] 🔄 Identity rotated (every 10 requests)
[10:45:49] [119/458] SRDD
[10:45:50] [120/458] CKMC
[10:45:51] [121/458] KRVM
[10:45:52] [122/458] AKCP
[10:45:53] [123/458] CNCV
[10:45:54] [124/458] PACT
[10:45:55] [125/458] NATP
[10:45:56] [126/458] PCPK
[10:45:57] [127/458] SMHO
[10:45:58] [128/458] CWTK
[10:45:58] 🔄 Identity reset
[10:45:58] 🔄 Identity rotated (every 10 requests)
[10:45:59] [129/458] RVKZ
[10:46:00] [130/458] ASPD
[10:46:01] [131/458] VTKZ
[10:46:02] [132/458] LCSO
[10:46:03] [133/458] PRDY
[10:46:04] [134/458] RCAP
[10:46:05] [135/458] RGAR
[10:46:06] [136/458] RCAC
[10:46:07] [137/458] PMOD
[10:46:08] [138/458] PVCN
[10:46:09] 🔄 Identity reset
[10:46:09] 🔄 Identity rotated (every 10 requests)
[10:46:09] [139/458] SCRZ
[10:46:10] [140/458] PVPC
[10:46:11] [141/458] STID
[10:46:12] [142/458] NEDD
[10:46:12] [143/458] BNBA
[10:46:13] [144/458] NTCD
[10:46:14] [145/458] OCDE
[10:46:16] [146/458] CCDU
[10:46:17] [147/458] CRXH
[10:46:18] [148/458] VLVT
[10:46:18] 🔄 Identity reset
[10:46:18] 🔄 Identity rotated (every 10 requests)
[10:46:19] [149/458] CICI
[10:46:19] [150/458] SUCB
[10:46:20] [151/458] TCBP
[10:46:21] [152/458] SCCY
[10:46:22] [153/458] LXCY
[10:46:23] [154/458] NCMD
[10:46:24] [155/458] PHCS
[10:46:25] [156/458] DUXR
[10:46:26] [157/458] VNKS
[10:46:27] [158/458] SEDP
[10:46:27] 🔄 Identity reset
[10:46:27] 🔄 Identity rotated (every 10 requests)
[10:46:28] [159/458] SVEN
[10:46:28] [160/458] SRKM
[10:46:29] [161/458] JTLT
[10:46:30] [162/458] SVSS
[10:46:31] [163/458] AMDE
[10:46:32] [164/458] WVRN
[10:46:33] [165/458] ISMG
[10:46:34] [166/458] WVKS
[10:46:36] [167/458] USCG
[10:46:37] [168/458] IOTG
[10:46:37] 🔄 Identity reset
[10:46:37] 🔄 Identity rotated (every 10 requests)
[10:46:38] [169/458] RRJM
[10:46:39] [170/458] EDMP
[10:46:40] [171/458] SCGZ
[10:46:41] [172/458] GMGX
[10:46:42] [173/458] OMTP
[10:46:43] [174/458] MITD
[10:46:44] [175/458] SMMD
[10:46:45] [176/458] STML
[10:46:46] [177/458] MCFS
[10:46:47] [178/458] FPKA
[10:46:47] 🔄 Identity reset
[10:46:47] 🔄 Identity rotated (every 10 requests)
[10:46:48] [179/458] OMLR
[10:46:49] [180/458] KKSC
[10:46:49] [181/458] RVMA
[10:46:50] [182/458] SCLL
[10:46:51] [183/458] SCDK
[10:46:52] [184/458] SXMI
[10:46:53] [185/458] SHDN
[10:46:54] [186/458] PAAD
[10:46:54] [187/458] UUCB
[10:46:55] [188/458] JHOL
[10:46:56] 🔄 Identity reset
[10:46:56] 🔄 Identity rotated (every 10 requests)
[10:46:56] [189/458] SGWT
[10:46:57] [190/458] SRII
[10:46:58] [191/458] SGCK
[10:46:59] [192/458] SVVB
[10:47:00] [193/458] DMHA
[10:47:01] [194/458] PPNL
[10:47:02] [195/458] CPNL
[10:47:03] [196/458] WVLD
[10:47:04] [197/458] PSLV
[10:47:05] [198/458] VTTL
[10:47:05] 🔄 Identity reset
[10:47:05] 🔄 Identity rotated (every 10 requests)
[10:47:06] [199/458] NPAD
[10:47:07] [200/458] PVCS
[10:47:07] [201/458] MCHL
[10:47:08] [202/458] PPLL
[10:47:09] [203/458] MALO
[10:47:10] [204/458] SWBH
[10:47:11] [205/458] PUGB
[10:47:12] [206/458] INBB
[10:47:13] [207/458] INNS
[10:47:14] [208/458] MCPT
[10:47:14] 🔄 Identity reset
[10:47:14] 🔄 Identity rotated (every 10 requests)
[10:47:14] [209/458] SCMI
[10:47:16] [210/458] OCON
[10:47:17] [211/458] SCSM
[10:47:18] [212/458] RJVN
[10:47:18] [213/458] AMDK
[10:47:19] [214/458] ISMR
[10:47:20] [215/458] SMTD
[10:47:21] [216/458] VTDD
[10:47:23] [217/458] PDDZ
[10:47:24] [218/458] PCCK
[10:47:24] 🔄 Identity reset
[10:47:24] 🔄 Identity rotated (every 10 requests)
[10:47:25] [219/458] INAM
[10:47:26] [220/458] FNKT
[10:47:26] [221/458] GDKA
[10:47:27] [222/458] MAYU
[10:47:28] [223/458] TCGU
[10:47:29] [224/458] KDCA
[10:47:31] [225/458] DOMY
[10:47:31] [226/458] PDDD
[10:47:33] [227/458] BJTS
[10:47:34] [228/458] VTCA
[10:47:34] 🔄 Identity reset
[10:47:34] 🔄 Identity rotated (every 10 requests)
[10:47:35] [229/458] SBTM
[10:47:36] [230/458] SEET
[10:47:36] [231/458] SSTJ
[10:47:37] [232/458] SVNT
[10:47:38] [233/458] PPPR
[10:47:39] [234/458] PVYS
[10:47:40] [235/458] IOSE
[10:47:41] [236/458] ACTV
[10:47:42] [237/458] APVE
[10:47:43] [238/458] TCCL
[10:47:44] 🔄 Identity reset
[10:47:44] 🔄 Identity rotated (every 10 requests)
[10:47:44] [239/458] SCMO
[10:47:45] [240/458] SAUM
[10:47:46] [241/458] KCJS
[10:47:47] [242/458] NJCJ
[10:47:48] [243/458] NECF
[10:47:49] [244/458] CCGW
[10:47:50] [245/458] CCMG
[10:47:50] [246/458] NYRG
[10:47:51] [247/458] NCSQ
[10:47:52] [248/458] GRCG
[10:47:53] 🔄 Identity reset
[10:47:53] 🔄 Identity rotated (every 10 requests)
[10:47:53] [249/458] CCBT
[10:47:54] [250/458] ACGA
[10:47:55] [251/458] INAG
[10:47:56] [252/458] FUCG
[10:47:57] [253/458] AICF
[10:47:58] [254/458] GRGA
[10:47:59] [255/458] GDCN
[10:48:00] [256/458] RRCG
[10:48:01] [257/458] SDCH
[10:48:02] [258/458] WVJM
[10:48:03] 🔄 Identity reset
[10:48:03] 🔄 Identity rotated (every 10 requests)
[10:48:03] [259/458] JCCZ
[10:48:04] [260/458] CNCL
[10:48:04] [261/458] TMLV
[10:48:06] [262/458] MEMB
[10:48:07] [263/458] SGTD
[10:48:08] [264/458] CONX
[10:48:09] [265/458] CCMH
[10:48:10] [266/458] ACMC
[10:48:11] [267/458] DTPD
[10:48:12] [268/458] POJA
[10:48:12] 🔄 Identity reset
[10:48:12] 🔄 Identity rotated (every 10 requests)
[10:48:13] [269/458] FNBH
[10:48:14] [270/458] CGCB
[10:48:15] [271/458] RACN
[10:48:15] [272/458] JTSM
[10:48:16] [273/458] SCDN
[10:48:17] [274/458] AACK
[10:48:18] [275/458] RMCE
[10:48:19] [276/458] BSGB
[10:48:20] [277/458] MRCB
[10:48:20] [278/458] SRVR
[10:48:21] 🔄 Identity reset
[10:48:21] 🔄 Identity rotated (every 10 requests)
[10:48:21] [279/458] VTKK
[10:48:22] [280/458] AMST
[10:48:23] [281/458] APCY
[10:48:24] [282/458] LMHO
[10:48:25] [283/458] MTZH
[10:48:26] [284/458] AMZB
[10:48:27] [285/458] SUVT
[10:48:28] [286/458] RCIP
[10:48:29] [287/458] KESR
[10:48:30] [288/458] SNKC
[10:48:31] 🔄 Identity reset
[10:48:31] 🔄 Identity rotated (every 10 requests)
[10:48:31] [289/458] SCED
[10:48:32] [290/458] DVCA
[10:48:33] [291/458] VCDT
[10:48:34] [292/458] RRDI
[10:48:35] [293/458] DFCH
[10:48:36] [294/458] INSC
[10:48:37] [295/458] RGTR
[10:48:37] [296/458] FMOT
[10:48:38] [297/458] SCPM
[10:48:39] [298/458] GCDT
[10:48:40] 🔄 Identity reset
[10:48:40] 🔄 Identity rotated (every 10 requests)
[10:48:40] [299/458] BRKT
[10:48:42] [300/458] DEMP
[10:48:42] [301/458] SRLC
[10:48:43] [302/458] KSTT
[10:48:44] [303/458] SMMT
[10:48:45] [304/458] SILM
[10:48:46] [305/458] JCVM
[10:48:47] [306/458] KCSV
[10:48:48] [307/458] MHLK
[10:48:49] [308/458] SLVL
[10:48:50] 🔄 Identity reset
[10:48:50] 🔄 Identity rotated (every 10 requests)
[10:48:50] [309/458] RJKP
[10:48:51] [310/458] BBPC
[10:48:52] [311/458] MXCB
[10:48:53] [312/458] TCPK
[10:48:54] [313/458] RTBR
[10:48:55] [314/458] GAUT
[10:48:56] [315/458] DVCF
[10:48:57] [316/458] JTSB
[10:48:58] [317/458] SBLS
[10:49:00] [318/458] UDAY
[10:49:01] 🔄 Identity reset
[10:49:01] 🔄 Identity rotated (every 10 requests)
[10:49:01] [319/458] PTNP
[10:49:02] [320/458] DMKT
[10:49:03] [321/458] NTDT
[10:49:04] [322/458] SHDJ
[10:49:05] [323/458] OTNC
[10:49:06] [324/458] RNTW
[10:49:07] [325/458] GCMI
[10:49:08] [326/458] CRCM
[10:49:09] [327/458] NNCZ
[10:49:10] [328/458] OEMO
[10:49:11] 🔄 Identity reset
[10:49:11] 🔄 Identity rotated (every 10 requests)
[10:49:11] [329/458] PVJM
[10:49:12] [330/458] CPJI
[10:49:13] [331/458] RMCJ
[10:49:14] [332/458] CNWJ
[10:49:15] [333/458] EPJM
[10:49:16] [334/458] FNJJ
[10:49:16] [335/458] GCMJ
[10:49:17] [336/458] INPS
[10:49:18] [337/458] BICJ
[10:49:19] [338/458] ISTJ
[10:49:20] 🔄 Identity reset
[10:49:20] 🔄 Identity rotated (every 10 requests)
[10:49:20] [339/458] INJC
[10:49:21] [340/458] GLXJ
[10:49:22] [341/458] INEM
[10:49:23] [342/458] JTMN
[10:49:24] [343/458] FRCJ
[10:49:25] [344/458] DDJP
[10:49:26] [345/458] INJV
[10:49:27] [346/458] GOLC
[10:49:28] [347/458] KOCI
[10:49:29] [348/458] FSTD
[10:49:29] 🔄 Identity reset
[10:49:29] 🔄 Identity rotated (every 10 requests)
[10:49:29] [349/458] PACJ
[10:49:30] [350/458] GMCN
[10:49:31] [351/458] MMDJ
[10:49:32] [352/458] GODH
[10:49:33] [353/458] SKYN
[10:49:34] [354/458] NCTH
[10:49:34] [355/458] SKVZ
[10:49:35] [356/458] SVML
[10:49:36] [357/458] ACVZ
[10:49:37] [358/458] SURA
[10:49:38] 🔄 Identity reset
[10:49:38] 🔄 Identity rotated (every 10 requests)
[10:49:38] [359/458] RTRB
[10:49:39] [360/458] LLCT
[10:49:40] [361/458] ATTS
[10:49:41] [362/458] JYCM
[10:49:42] [363/458] CTKR
[10:49:43] [364/458] LCKR
[10:49:44] [365/458] NYCV
[10:49:45] [366/458] NYOH
[10:49:46] [367/458] NOVX
[10:49:47] [368/458] MRGK
[10:49:47] 🔄 Identity reset
[10:49:47] 🔄 Identity rotated (every 10 requests)
[10:49:48] [369/458] MOON
[10:49:49] [370/458] SBUC
[10:49:49] [371/458] GSVA
[10:49:51] [372/458] VIAK
[10:49:52] [373/458] SMVZ
[10:49:53] [374/458] MATE
[10:49:54] [375/458] RDCN
[10:49:55] [376/458] ASBL
[10:49:55] [377/458] ASVS
[10:49:56] [378/458] ASSR
[10:49:57] 🔄 Identity reset
[10:49:57] 🔄 Identity rotated (every 10 requests)
[10:49:57] [379/458] SSKN
[10:49:58] [380/458] DRPV
[10:49:59] [381/458] MRHT
[10:50:00] [382/458] BSCN
[10:50:01] [383/458] RKNX
[10:50:02] [384/458] MSMC
[10:50:03] [385/458] MSCJ
[10:50:03] [386/458] BTBJ
[10:50:04] [387/458] MJCC
[10:50:05] [388/458] IOMM
[10:50:06] 🔄 Identity reset
[10:50:06] 🔄 Identity rotated (every 10 requests)
[10:50:06] [389/458] ADGR
[10:50:07] [390/458] MYCP
[10:50:08] [391/458] IGCM
[10:50:09] [392/458] PGRK
[10:50:09] [393/458] VPGO
[10:50:10] [394/458] KOMS
[10:50:11] [395/458] URGG
[10:50:12] [396/458] GOST
[10:50:14] [397/458] LACT
[10:50:14] [398/458] BWCM
[10:50:15] 🔄 Identity reset
[10:50:15] 🔄 Identity rotated (every 10 requests)
[10:50:15] [399/458] NCCW
[10:50:16] [400/458] SKYC
[10:50:17] [401/458] CCPM
[10:50:18] [402/458] VCBT
[10:50:19] [403/458] SDKR
[10:50:20] [404/458] CTYB
[10:50:21] [405/458] SHCX
[10:50:21] [406/458] RCUN
[10:50:22] [407/458] CNRA
[10:50:23] [408/458] RFCA
[10:50:24] 🔄 Identity reset
[10:50:24] 🔄 Identity rotated (every 10 requests)
[10:50:24] [409/458] RDCU
[10:50:25] [410/458] SARK
[10:50:26] [411/458] SPPP
[10:50:27] [412/458] ADMB
[10:50:28] [413/458] JYOE
[10:50:29] [414/458] SRMD
[10:50:30] [415/458] RJDH
[10:50:31] [416/458] SSTD
[10:50:32] [417/458] AACV
[10:50:33] [418/458] PPVD
[10:50:33] 🔄 Identity reset
[10:50:33] 🔄 Identity rotated (every 10 requests)
[10:50:34] [419/458] STCP
[10:50:34] [420/458] ANLS
[10:50:35] [421/458] BIJO
[10:50:36] [422/458] AVAB
[10:50:38] [423/458] SPMD
[10:50:39] [424/458] SVJL
[10:50:39] [425/458] SDDJ
[10:50:40] [426/458] SLTU
[10:50:41] [427/458] SAKA
[10:50:42] [428/458] PMAM
[10:50:43] 🔄 Identity reset
[10:50:43] 🔄 Identity rotated (every 10 requests)
[10:50:43] [429/458] FNAM
[10:50:44] [430/458] ACAM
[10:50:45] [431/458] SCMM
[10:50:46] [432/458] PMAK
[10:50:47] [433/458] NYSA
[10:50:47] [434/458] FCPA
[10:50:48] [435/458] GDAN
[10:50:49] [436/458] RSCA
[10:50:50] [437/458] DMAN
[10:50:51] [438/458] DZCM
[10:50:51] 🔄 Identity reset
[10:50:51] 🔄 Identity rotated (every 10 requests)
[10:50:52] [439/458] NSGL
[10:50:53] [440/458] CCPP
[10:50:54] [441/458] PSMG
[10:50:55] [442/458] GSER
[10:50:56] [443/458] FCCT
[10:50:57] [444/458] FCTB
[10:50:57] [445/458] LCNK
[10:50:58] [446/458] SKTY
[10:50:59] [447/458] INAA
[10:51:00] [448/458] RCWN
[10:51:00] 🔄 Identity reset
[10:51:00] 🔄 Identity rotated (every 10 requests)
[10:51:01] [449/458] VAIS
[10:51:02] [450/458] CVMN
[10:51:02] [451/458] INTS
[10:51:03] [452/458] FRGS
[10:51:04] [453/458] DTCK
[10:51:05] [454/458] MCMH
[10:51:06] [455/458] ECRR
[10:51:07] [456/458] RLLP
[10:51:09] [457/458] CCSN
[10:51:10] [458/458] CCBA
[10:51:10] 🔄 Identity reset
[10:51:10] 🔄 Identity rotated (every 10 requests)
[10:51:10] 🧹 Deduping shows
[10:51:10] ✅ DONE | Shows=1661 | Movies=59
