[05:16:40] 🚀 DISTRICT → BMS9 CONVERTER STARTED
[05:16:40] 📅 DATE_CODE: 20261008
[05:16:40] 📅 Date: 2026-10-08
[05:16:40] 🚫 Worker logic: DISABLED
[05:16:40] 🔑 Venue matching: ID ONLY
[05:16:40] 🚫 alldistrictvenues.json: NOT USED
[05:16:40] 🚫 Venue-name matching: NOT USED
[05:16:40] 📍 Selected venue records: 756
[05:16:40] 🎯 Selected venue IDs: 756
[05:16:40] 📡 Fetching Detailed JSON:
[05:16:40]    https://districtdata2026.pages.dev/advance/2026-10-08_Detailed.json
[05:16:40] ✅ Source loaded
[05:16:40]    Source date: 2026-10-08
[05:16:40]    Last updated: 05:13 AM, 04 October 2026
[05:16:40]    Movie keys: 63
[05:16:40] 🎬 Source movie keys: 63
[05:16:40] 🎟️ Selected-venue show rows: 1201
[05:16:40] 🚫 Non-selected show rows ignored: 3210
[05:16:40] ℹ️ Non-selected venue IDs encountered: 305
[05:16:40]    ⏭️ Source venue ID not selected: 9668
[05:16:40]    ⏭️ Source venue ID not selected: 24782
[05:16:40]    ⏭️ Source venue ID not selected: 2750
[05:16:40]    ⏭️ Source venue ID not selected: 1023488
[05:16:40]    ⏭️ Source venue ID not selected: 9729
[05:16:40]    ⏭️ Source venue ID not selected: 1026079
[05:16:40]    ⏭️ Source venue ID not selected: 60207
[05:16:40]    ⏭️ Source venue ID not selected: 1025099
[05:16:40]    ⏭️ Source venue ID not selected: 1102112
[05:16:40]    ⏭️ Source venue ID not selected: 58725
[05:16:40]    ⏭️ Source venue ID not selected: 2871
[05:16:40]    ⏭️ Source venue ID not selected: 1054782
[05:16:40]    ⏭️ Source venue ID not selected: 1083118
[05:16:40]    ⏭️ Source venue ID not selected: 6073
[05:16:40]    ⏭️ Source venue ID not selected: 1100724
[05:16:40]    ⏭️ Source venue ID not selected: 37820
[05:16:40]    ⏭️ Source venue ID not selected: 1020701
[05:16:40]    ⏭️ Source venue ID not selected: 28430
[05:16:40]    ⏭️ Source venue ID not selected: 1972
[05:16:40]    ⏭️ Source venue ID not selected: 1019914
[05:16:40]    ... and 285 more
[05:16:40] 📦 Previous shows: 0
[05:16:40] 🆕 Fresh shows: 1201
[05:16:40] 📦 Final shows: 1201
[05:16:40] ✅ DONE | Shows=1201 | Movies=33
[05:16:40] 📄 Detailed: advance/data/20261008/detailed9.json
[05:16:40] 📄 Summary: advance/data/20261008/movie_summary9.json
