[00:16:22] 🚀 BMS DAILY TRACKER STARTED (enhanced anti‑detection)
[00:16:22] [1/326] VCHA
[00:16:23] 🧠 New identity created
[00:16:23] [2/326] SCKO
[00:16:24] [3/326] VKTK
[00:16:25] [4/326] DXEC
[00:16:26] [5/326] CDCA
[00:16:27] [6/326] VBCZ
[00:16:28] [7/326] MSDR
[00:16:29] [8/326] ACPV
[00:16:30] [9/326] PVHB
[00:16:31] [10/326] RCNH
[00:16:31] 🔄 Identity reset
[00:16:31] 🔄 Identity rotated (every 10 requests)
[00:16:32] [11/326] IOMH
[00:16:33] [12/326] ILKS
[00:16:34] [13/326] AMSN
[00:16:35] [14/326] ANTP
[00:16:36] [15/326] SSEK
[00:16:37] [16/326] PICP
[00:16:37] [17/326] SICO
[00:16:38] [18/326] SISP
[00:16:39] [19/326] SCPI
[00:16:40] [20/326] CRPR
[00:16:41] 🔄 Identity reset
[00:16:41] 🔄 Identity rotated (every 10 requests)
[00:16:41] [21/326] DCTW
[00:16:42] [22/326] DCSP
[00:16:43] [23/326] KRPM
[00:16:44] [24/326] THKK
[00:16:45] [25/326] SNMY
[00:16:46] [26/326] AKCC
[00:16:46] [27/326] PCAT
[00:16:47] [28/326] RFGO
[00:16:48] [29/326] GGCS
[00:16:49] [30/326] ACKR
[00:16:50] 🔄 Identity reset
[00:16:50] 🔄 Identity rotated (every 10 requests)
[00:16:50] [31/326] STDO
[00:16:51] [32/326] ACKB
[00:16:52] [33/326] ALUC
[00:16:53] [34/326] MNSR
[00:16:54] [35/326] CSSL
[00:16:55] [36/326] BGGM
[00:16:56] [37/326] MANT
[00:16:56] [38/326] SOOY
[00:16:57] [39/326] VPPK
[00:16:58] [40/326] MYHJ
[00:16:59] 🔄 Identity reset
[00:16:59] 🔄 Identity rotated (every 10 requests)
[00:16:59] [41/326] KSCK
[00:17:01] [42/326] KATK
[00:17:02] [43/326] RTRT
[00:17:03] [44/326] SSTT
[00:17:04] [45/326] SSTV
[00:17:05] [46/326] LACM
[00:17:06] [47/326] SGMG
[00:17:07] [48/326] KACX
[00:17:08] [49/326] GVCP
[00:17:09] [50/326] CSNC
[00:17:10] 🔄 Identity reset
[00:17:10] 🔄 Identity rotated (every 10 requests)
[00:17:10] [51/326] SXCB
[00:17:11] [52/326] BAHS
[00:17:12] [53/326] PCBI
[00:17:13] [54/326] PSSM
[00:17:14] [55/326] RCOK
[00:17:15] [56/326] SCPF
[00:17:16] [57/326] SSAS
[00:17:16] [58/326] EVMM
[00:17:17] [59/326] SYCB
[00:17:18] [60/326] GCKI
[00:17:19] 🔄 Identity reset
[00:17:19] 🔄 Identity rotated (every 10 requests)
[00:17:19] [61/326] IAET
[00:17:20] [62/326] DDTD
[00:17:21] [63/326] GMDH
[00:17:23] [64/326] STLE
[00:17:24] [65/326] JTRA
[00:17:25] [66/326] RPPA
[00:17:26] [67/326] ARUT
[00:17:26] [68/326] JTVM
[00:17:27] [69/326] SWRH
[00:17:28] [70/326] DCPC
[00:17:28] 🔄 Identity reset
[00:17:28] 🔄 Identity rotated (every 10 requests)
[00:17:29] 🔄 Retry 1/5 for DCPC in 2.0s
[00:17:29] 🔄 Identity reset
[00:17:31] 🧠 New identity created
[00:17:31] [71/326] RAPR
[00:17:32] [72/326] GCRT
[00:17:33] [73/326] ATUN
[00:17:34] [74/326] LTRM
[00:17:35] [75/326] TASR
[00:17:36] [76/326] RLLC
[00:17:37] [77/326] MABI
[00:17:38] [78/326] SVHB
[00:17:39] [79/326] NVTB
[00:17:40] 🔄 Identity reset
[00:17:40] 🔄 Identity rotated (every 10 requests)
[00:17:40] [80/326] KCKG
[00:17:41] [81/326] SSRN
[00:17:42] [82/326] VDDC
[00:17:42] [83/326] GKTK
[00:17:44] [84/326] YFSN
[00:17:44] [85/326] GCSG
[00:17:45] [86/326] ESSM
[00:17:46] [87/326] KRIH
[00:17:47] [88/326] GCDS
[00:17:49] [89/326] CCSH
[00:17:49] 🔄 Identity reset
[00:17:50] 🔄 Identity rotated (every 10 requests)
[00:17:50] [90/326] ACSK
[00:17:51] [91/326] APRK
[00:17:52] [92/326] ADKM
[00:17:52] [93/326] SRDM
[00:17:53] [94/326] SJMY
[00:17:54] [95/326] PGGC
[00:17:55] [96/326] INGM
[00:17:56] [97/326] LSCB
[00:17:57] [98/326] STAD
[00:17:58] [99/326] MCCR
[00:17:58] 🔄 Identity reset
[00:17:58] 🔄 Identity rotated (every 10 requests)
[00:17:59] [100/326] ABCC
[00:18:00] [101/326] RKCC
[00:18:01] [102/326] RTCR
[00:18:02] [103/326] GGBC
[00:18:03] [104/326] GCSD
[00:18:04] [105/326] LPTY
[00:18:05] [106/326] MCFD
[00:18:06] [107/326] HENN
[00:18:07] [108/326] SMKU
[00:18:07] [109/326] TNZC
[00:18:08] 🔄 Identity reset
[00:18:08] 🔄 Identity rotated (every 10 requests)
[00:18:08] [110/326] DRCD
[00:18:09] [111/326] DLCD
[00:18:10] [112/326] RCDA
[00:18:11] [113/326] COSM
[00:18:12] [114/326] MCMJ
[00:18:13] [115/326] CSTR
[00:18:13] [116/326] CVDK
[00:18:14] [117/326] INRR
[00:18:15] [118/326] RJRT
[00:18:17] [119/326] IRMR
[00:18:17] 🔄 Identity reset
[00:18:17] 🔄 Identity rotated (every 10 requests)
[00:18:18] [120/326] SRCF
[00:18:18] [121/326] GRCR
[00:18:19] [122/326] SURC
[00:18:20] [123/326] NMNH
[00:18:21] [124/326] SVBL
[00:18:22] [125/326] KACI
[00:18:24] [126/326] TDGO
[00:18:25] [127/326] KTBR
[00:18:27] [128/326] PMAD
[00:18:28] [129/326] CCPN
[00:18:28] 🔄 Identity reset
[00:18:28] 🔄 Identity rotated (every 10 requests)
[00:18:28] [130/326] SBTK
[00:18:29] [131/326] LMDK
[00:18:30] [132/326] PGDA
[00:18:31] [133/326] SRML
[00:18:32] [134/326] EVCK
[00:18:33] [135/326] RTTK
[00:18:34] [136/326] SRTU
[00:18:35] [137/326] VRSA
[00:18:36] [138/326] VARS
[00:18:36] [139/326] DSCZ
[00:18:37] 🔄 Identity reset
[00:18:37] 🔄 Identity rotated (every 10 requests)
[00:18:38] [140/326] GAGA
[00:18:40] [141/326] SARV
[00:18:41] [142/326] SEEG
[00:18:43] [143/326] GLCA
[00:18:44] [144/326] APAS
[00:18:45] [145/326] VCIA
[00:18:46] [146/326] SJTA
[00:18:47] [147/326] SABM
[00:18:48] [148/326] PPAG
[00:18:49] [149/326] RVCA
[00:18:50] 🔄 Identity reset
[00:18:50] 🔄 Identity rotated (every 10 requests)
[00:18:50] [150/326] CCIA
[00:18:51] [151/326] HTAG
[00:18:52] [152/326] SMBI
[00:18:53] [153/326] MCJR
[00:18:54] [154/326] CCJR
[00:18:54] [155/326] SINF
[00:18:55] [156/326] CPLX
[00:18:57] [157/326] KKTJ
[00:18:57] [158/326] GDBW
[00:18:59] [159/326] CSUB
[00:19:00] 🔄 Identity reset
[00:19:00] 🔄 Identity rotated (every 10 requests)
[00:19:00] [160/326] DABA
[00:19:01] [161/326] TITR
[00:19:02] [162/326] NYCR
[00:19:03] [163/326] RTRY
[00:19:04] [164/326] JTJL
[00:19:05] [165/326] SJCP
[00:19:06] [166/326] KCCA
[00:19:07] [167/326] MLPG
[00:19:08] [168/326] VRCK
[00:19:09] [169/326] SRIN
[00:19:09] 🔄 Identity reset
[00:19:09] 🔄 Identity rotated (every 10 requests)
[00:19:09] [170/326] CXMK
[00:19:10] [171/326] SKAD
[00:19:12] [172/326] AVTR
[00:19:13] [173/326] PTAJ
[00:19:14] [174/326] SCNK
[00:19:15] [175/326] STTI
[00:19:16] [176/326] KACR
[00:19:16] [177/326] SSDX
[00:19:17] [178/326] VRTJ
[00:19:18] [179/326] RAJD
[00:19:19] 🔄 Identity reset
[00:19:19] 🔄 Identity rotated (every 10 requests)
[00:19:19] [180/326] SCIP
[00:19:20] [181/326] RJSL
[00:19:21] [182/326] ARRS
[00:19:22] [183/326] ASMS
[00:19:23] [184/326] RDTS
[00:19:24] [185/326] DVMY
[00:19:25] [186/326] RASA
[00:19:26] [187/326] INOM
[00:19:26] [188/326] SPRS
[00:19:27] [189/326] SGCS
[00:19:28] 🔄 Identity reset
[00:19:28] 🔄 Identity rotated (every 10 requests)
[00:19:28] [190/326] SALM
[00:19:30] [191/326] PKHC
[00:19:31] [192/326] RCSV
[00:19:32] [193/326] CPKC
[00:19:32] [194/326] AACD
[00:19:33] [195/326] GGCV
[00:19:34] [196/326] SMKD
[00:19:35] [197/326] NBCH
[00:19:36] [198/326] AMCB
[00:19:37] [199/326] OPCN
[00:19:38] 🔄 Identity reset
[00:19:38] 🔄 Identity rotated (every 10 requests)
[00:19:38] [200/326] DCIN
[00:19:39] [201/326] INGW
[00:19:40] [202/326] PKKW
[00:19:41] [203/326] FNGW
[00:19:42] [204/326] GCGD
[00:19:43] [205/326] MSTW
[00:19:44] [206/326] KCCG
[00:19:45] [207/326] MRSS
[00:19:46] [208/326] CLCF
[00:19:47] [209/326] EETS
[00:19:48] 🔄 Identity reset
[00:19:48] 🔄 Identity rotated (every 10 requests)
[00:19:48] [210/326] AATR
[00:19:49] [211/326] CMMN
[00:19:50] [212/326] SCCJ
[00:19:51] [213/326] CDTK
[00:19:52] [214/326] AICP
[00:19:53] [215/326] FNBP
[00:19:54] [216/326] CBPB
[00:19:55] [217/326] CPAS
[00:19:56] [218/326] MAPM
[00:19:56] [219/326] PASD
[00:19:57] 🔄 Identity reset
[00:19:57] 🔄 Identity rotated (every 10 requests)
[00:19:58] [220/326] JCMN
[00:19:58] [221/326] MALB
[00:19:59] [222/326] SACG
[00:20:00] [223/326] DDRX
[00:20:01] [224/326] DDXB
[00:20:02] [225/326] RAMC
[00:20:03] [226/326] SANC
[00:20:04] [227/326] BCBP
[00:20:05] [228/326] ALPC
[00:20:06] [229/326] RBAC
[00:20:07] 🔄 Identity reset
[00:20:07] 🔄 Identity rotated (every 10 requests)
[00:20:07] 🔄 Retry 1/5 for RBAC in 2.8s
[00:20:07] 🔄 Identity reset
[00:20:10] 🧠 New identity created
[00:20:11] [230/326] RAJL
[00:20:12] [231/326] MPDX
[00:20:13] [232/326] MUSC
[00:20:14] [233/326] VKMK
[00:20:15] [234/326] SKCG
[00:20:16] [235/326] ANCN
[00:20:18] [236/326] MMCJ
[00:20:20] [237/326] DCAK
[00:20:20] [238/326] SCKG
[00:20:21] 🔄 Identity reset
[00:20:21] 🔄 Identity rotated (every 10 requests)
[00:20:21] [239/326] LMCK
[00:20:22] [240/326] CKKX
[00:20:23] [241/326] ANKU
[00:20:24] [242/326] CSMD
[00:20:25] [243/326] MKMP
[00:20:26] [244/326] SVBG
[00:20:27] [245/326] ROOP
[00:20:28] [246/326] GDMT
[00:20:29] [247/326] FPPF
[00:20:30] [248/326] SFUU
[00:20:30] 🔄 Identity reset
[00:20:30] 🔄 Identity rotated (every 10 requests)
[00:20:31] [249/326] ANCB
[00:20:32] [250/326] SMMC
[00:20:33] [251/326] UGKT
[00:20:34] [252/326] JVRM
[00:20:35] [253/326] BATG
[00:20:36] [254/326] RATE
[00:20:37] [255/326] SKME
[00:20:38] [256/326] LMTP
[00:20:39] [257/326] TCBD
[00:20:40] [258/326] ESBD
[00:20:40] 🔄 Identity reset
[00:20:40] 🔄 Identity rotated (every 10 requests)
[00:20:41] [259/326] GDCU
[00:20:42] [260/326] SNKT
[00:20:43] [261/326] SRNK
[00:20:44] [262/326] SMED
[00:20:45] [263/326] CSQS
[00:20:47] [264/326] ALCS
[00:20:48] [265/326] KCKN
[00:20:49] [266/326] VCCL
[00:20:50] [267/326] MCDA
[00:20:51] [268/326] SHMI
[00:20:51] 🔄 Identity reset
[00:20:51] 🔄 Identity rotated (every 10 requests)
[00:20:51] 🔄 Retry 1/5 for SHMI in 2.2s
[00:20:51] 🔄 Identity reset
[00:20:54] 🧠 New identity created
[00:20:54] [269/326] SKHA
[00:20:55] [270/326] SVFK
[00:20:56] [271/326] INVB
[00:20:57] [272/326] MELD
[00:20:58] [273/326] JTYS
[00:20:59] [274/326] INCM
[00:20:59] [275/326] MCDV
[00:21:00] [276/326] KSGK
[00:21:01] [277/326] ICMG
[00:21:02] 🔄 Identity reset
[00:21:02] 🔄 Identity rotated (every 10 requests)
[00:21:02] [278/326] CSCV
[00:21:03] [279/326] STMD
[00:21:04] [280/326] STTR
[00:21:05] [281/326] INVC
[00:21:06] [282/326] JTBL
[00:21:07] [283/326] SRVV
[00:21:08] [284/326] MAVC
[00:21:09] [285/326] SRPP
[00:21:10] [286/326] JGDM
[00:21:10] [287/326] MBSJ
[00:21:11] 🔄 Identity reset
[00:21:11] 🔄 Identity rotated (every 10 requests)
[00:21:11] [288/326] SSLL
[00:21:12] [289/326] SLKP
[00:21:13] [290/326] NSRV
[00:21:14] [291/326] UTDV
[00:21:15] [292/326] KICM
[00:21:16] [293/326] KCMD
[00:21:17] [294/326] TTPP
[00:21:18] [295/326] KMPV
[00:21:19] [296/326] SKTV
[00:21:19] [297/326] STCV
[00:21:20] 🔄 Identity reset
[00:21:20] 🔄 Identity rotated (every 10 requests)
[00:21:20] [298/326] SRDA
[00:21:22] [299/326] JTSX
[00:21:23] [300/326] STBV
[00:21:24] [301/326] APVZ
[00:21:25] [302/326] GSTV
[00:21:25] [303/326] NMVS
[00:21:27] [304/326] SKRT
[00:21:28] [305/326] RMDV
[00:21:29] [306/326] RATG
[00:21:30] [307/326] SJYV
[00:21:30] 🔄 Identity reset
[00:21:31] 🔄 Identity rotated (every 10 requests)
[00:21:31] [308/326] NDGP
[00:21:32] [309/326] SNDG
[00:21:34] [310/326] INSR
[00:21:35] [311/326] INSO
[00:21:36] [312/326] CCSI
[00:21:37] [313/326] RASM
[00:21:37] [314/326] NEWC
[00:21:38] [315/326] VSHL
[00:21:39] [316/326] BISW
[00:21:40] [317/326] GCNG
[00:21:40] 🔄 Identity reset
[00:21:40] 🔄 Identity rotated (every 10 requests)
[00:21:41] [318/326] CWSC
[00:21:42] [319/326] SKAN
[00:21:43] [320/326] CCOA
[00:21:44] [321/326] MCAJ
[00:21:45] [322/326] ACDE
[00:21:46] [323/326] AACM
[00:21:47] [324/326] JJCK
[00:21:48] [325/326] RCMO
[00:21:49] [326/326] GDAW
[00:21:50] ✅ DONE | Shows=0 | Movies=0
