[00:16:35] 🚀 BMS DAILY TRACKER STARTED (enhanced anti‑detection)
[00:16:35] [1/326] BSAT
[00:16:35] 🧠 New identity created
[00:16:36] [2/326] RSSM
[00:16:37] [3/326] GCTA
[00:16:38] [4/326] TOPN
[00:16:40] [5/326] MCUS
[00:16:41] [6/326] SHRL
[00:16:41] [7/326] UPTP
[00:16:42] [8/326] TMMP
[00:16:43] [9/326] DNRP
[00:16:44] [10/326] SRLT
[00:16:45] 🔄 Identity reset
[00:16:45] 🔄 Identity rotated (every 10 requests)
[00:16:45] [11/326] RCNS
[00:16:46] [12/326] DCBH
[00:16:46] [13/326] NAGJ
[00:16:47] [14/326] JVRC
[00:16:48] [15/326] KRJG
[00:16:49] [16/326] SRTJ
[00:16:50] [17/326] CMXM
[00:16:50] [18/326] STMI
[00:16:51] [19/326] SLST
[00:16:52] [20/326] DTCN
[00:16:53] 🔄 Identity reset
[00:16:53] 🔄 Identity rotated (every 10 requests)
[00:16:53] [21/326] STYN
[00:16:54] [22/326] SZVR
[00:16:55] [23/326] SRKO
[00:16:56] [24/326] JTGT
[00:16:57] [25/326] SVFD
[00:16:58] [26/326] SISD
[00:16:59] [27/326] ABDD
[00:17:00] [28/326] DRCA
[00:17:01] [29/326] AVCS
[00:17:02] [30/326] MVKH
[00:17:02] 🔄 Identity reset
[00:17:02] 🔄 Identity rotated (every 10 requests)
[00:17:03] [31/326] ACPR
[00:17:03] [32/326] STIP
[00:17:04] [33/326] MTRA
[00:17:05] [34/326] RMKH
[00:17:06] [35/326] NKRL
[00:17:07] [36/326] PCWN
[00:17:07] [37/326] BLMT
[00:17:08] [38/326] GDPG
[00:17:09] [39/326] SRMX
[00:17:10] [40/326] JACP
[00:17:11] 🔄 Identity reset
[00:17:11] 🔄 Identity rotated (every 10 requests)
[00:17:11] [41/326] CPSH
[00:17:13] [42/326] MCCD
[00:17:13] [43/326] ECGH
[00:17:14] [44/326] MKCK
[00:17:15] [45/326] SRMM
[00:17:16] [46/326] SKYR
[00:17:17] [47/326] PCKC
[00:17:18] [48/326] JCMA
[00:17:19] [49/326] BSMP
[00:17:20] [50/326] VSPA
[00:17:21] 🔄 Identity reset
[00:17:21] 🔄 Identity rotated (every 10 requests)
[00:17:21] [51/326] DJYA
[00:17:22] [52/326] DIMP
[00:17:23] [53/326] FXDR
[00:17:24] [54/326] SSRC
[00:17:25] [55/326] STHP
[00:17:26] [56/326] CPPD
[00:17:27] [57/326] FCLK
[00:17:28] [58/326] SCPP
[00:17:29] [59/326] DCMJ
[00:17:30] [60/326] RCCR
[00:17:31] 🔄 Identity reset
[00:17:31] 🔄 Identity rotated (every 10 requests)
[00:17:31] [61/326] INMT
[00:17:33] [62/326] LXTK
[00:17:34] [63/326] SRYK
[00:17:35] [64/326] SGDK
[00:17:36] [65/326] PPKA
[00:17:36] [66/326] SPKA
[00:17:37] [67/326] CGHH
[00:17:38] [68/326] DCJN
[00:17:39] [69/326] SRKV
[00:17:40] [70/326] SAJC
[00:17:41] 🔄 Identity reset
[00:17:41] 🔄 Identity rotated (every 10 requests)
[00:17:41] [71/326] SUSR
[00:17:42] [72/326] STYG
[00:17:44] [73/326] NTKP
[00:17:44] [74/326] AKTG
[00:17:45] [75/326] CGCM
[00:17:46] [76/326] TULC
[00:17:47] [77/326] NYYZ
[00:17:48] [78/326] NYBW
[00:17:49] [79/326] MACB
[00:17:50] [80/326] SLVT
[00:17:50] 🔄 Identity reset
[00:17:50] 🔄 Identity rotated (every 10 requests)
[00:17:51] [81/326] SANA
[00:17:52] [82/326] ACMR
[00:17:53] [83/326] CPKN
[00:17:54] [84/326] DLGK
[00:17:54] [85/326] CWCK
[00:17:55] [86/326] FDDH
[00:17:56] [87/326] MMMD
[00:17:56] [88/326] CMEH
[00:17:57] [89/326] GGGV
[00:17:59] [90/326] SPJL
[00:17:59] 🔄 Identity reset
[00:17:59] 🔄 Identity rotated (every 10 requests)
[00:18:00] [91/326] RCCD
[00:18:00] [92/326] STTZ
[00:18:01] [93/326] BTCF
[00:18:02] [94/326] TSTZ
[00:18:03] [95/326] IPMM
[00:18:04] [96/326] PMPW
[00:18:05] [97/326] PCMZ
[00:18:06] [98/326] ESEM
[00:18:07] [99/326] PIPO
[00:18:07] [100/326] MATK
[00:18:08] 🔄 Identity reset
[00:18:08] 🔄 Identity rotated (every 10 requests)
[00:18:08] [101/326] PGHM
[00:18:09] [102/326] CTSR
[00:18:10] [103/326] CYKR
[00:18:11] [104/326] MSCM
[00:18:11] [105/326] RFNP
[00:18:12] [106/326] PDCP
[00:18:13] [107/326] NPSE
[00:18:14] [108/326] MKML
[00:18:14] [109/326] FTDP
[00:18:15] [110/326] MMXA
[00:18:16] 🔄 Identity reset
[00:18:16] 🔄 Identity rotated (every 10 requests)
[00:18:16] [111/326] CEPO
[00:18:17] [112/326] CMVP
[00:18:18] [113/326] SGTH
[00:18:19] [114/326] SAYN
[00:18:19] [115/326] URVS
[00:18:20] [116/326] VJTN
[00:18:21] [117/326] BBYK
[00:18:22] [118/326] SHBO
[00:18:23] [119/326] VCMR
[00:18:23] [120/326] MACT
[00:18:24] 🔄 Identity reset
[00:18:24] 🔄 Identity rotated (every 10 requests)
[00:18:24] [121/326] JMNP
[00:18:25] [122/326] VICS
[00:18:26] [123/326] VCDA
[00:18:27] [124/326] GCMM
[00:18:28] [125/326] INVS
[00:18:28] [126/326] SCGM
[00:18:29] [127/326] PCDA
[00:18:30] [128/326] KDCT
[00:18:32] [129/326] JACS
[00:18:33] [130/326] GMMC
[00:18:34] 🔄 Identity reset
[00:18:34] 🔄 Identity rotated (every 10 requests)
[00:18:35] [131/326] AICM
[00:18:36] [132/326] TJCM
[00:18:37] [133/326] RMTI
[00:18:38] [134/326] SHAC
[00:18:38] [135/326] APJC
[00:18:39] [136/326] GCTG
[00:18:40] [137/326] SSMC
[00:18:41] [138/326] THRM
[00:18:41] [139/326] RBCT
[00:18:42] [140/326] DIKT
[00:18:43] 🔄 Identity reset
[00:18:43] 🔄 Identity rotated (every 10 requests)
[00:18:43] [141/326] MIDL
[00:18:44] [142/326] VCSN
[00:18:45] [143/326] SKTG
[00:18:45] [144/326] SMWC
[00:18:46] [145/326] MNKH
[00:18:47] [146/326] PIAT
[00:18:48] [147/326] LTTP
[00:18:49] [148/326] PTPU
[00:18:50] [149/326] ACMG
[00:18:50] [150/326] SHMM
[00:18:51] 🔄 Identity reset
[00:18:51] 🔄 Identity rotated (every 10 requests)
[00:18:51] [151/326] MCMN
[00:18:52] [152/326] GLDC
[00:18:53] [153/326] HOUT
[00:18:54] [154/326] SVRP
[00:18:55] [155/326] PVDN
[00:18:56] [156/326] SCPY
[00:18:57] [157/326] DTPY
[00:18:57] [158/326] GKCS
[00:18:58] [159/326] NCAM
[00:18:59] [160/326] BSRM
[00:18:59] 🔄 Identity reset
[00:18:59] 🔄 Identity rotated (every 10 requests)
[00:19:00] [161/326] RCLC
[00:19:01] [162/326] SKKD
[00:19:02] [163/326] ACHU
[00:19:03] [164/326] RSCF
[00:19:04] [165/326] IMSH
[00:19:05] [166/326] MACX
[00:19:06] [167/326] HMMW
[00:19:07] [168/326] JTCP
[00:19:07] [169/326] SREN
[00:19:08] [170/326] PJRR
[00:19:09] 🔄 Identity reset
[00:19:09] 🔄 Identity rotated (every 10 requests)
[00:19:09] [171/326] INAC
[00:19:10] [172/326] BMCA
[00:19:11] [173/326] SHCB
[00:19:12] [174/326] GABA
[00:19:12] [175/326] SBCT
[00:19:14] [176/326] GCMA
[00:19:15] [177/326] MYTK
[00:19:16] [178/326] INZS
[00:19:17] [179/326] RMIK
[00:19:18] [180/326] NYCH
[00:19:18] 🔄 Identity reset
[00:19:18] 🔄 Identity rotated (every 10 requests)
[00:19:19] [181/326] RAVE
[00:19:20] [182/326] PSXM
[00:19:21] [183/326] MCGP
[00:19:22] [184/326] PDDK
[00:19:23] [185/326] SPCK
[00:19:24] [186/326] MCRL
[00:19:24] [187/326] MHKT
[00:19:25] [188/326] ANRR
[00:19:26] [189/326] SAPK
[00:19:27] [190/326] NCUK
[00:19:27] 🔄 Identity reset
[00:19:27] 🔄 Identity rotated (every 10 requests)
[00:19:28] [191/326] JUGA
[00:19:28] [192/326] DBSC
[00:19:29] [193/326] LALK
[00:19:30] [194/326] GUCK
[00:19:31] [195/326] STSG
[00:19:31] [196/326] PPPZ
[00:19:32] [197/326] CNCY
[00:19:33] [198/326] MTAR
[00:19:34] [199/326] VNKD
[00:19:35] [200/326] KMAJ
[00:19:36] 🔄 Identity reset
[00:19:36] 🔄 Identity rotated (every 10 requests)
[00:19:37] [201/326] ACXK
[00:19:38] [202/326] UTKC
[00:19:38] [203/326] PBLK
[00:19:39] [204/326] ACBX
[00:19:40] [205/326] PTGM
[00:19:41] [206/326] BTDA
[00:19:42] [207/326] PJMB
[00:19:43] [208/326] TPDA
[00:19:43] [209/326] AMOE
[00:19:44] [210/326] PRHT
[00:19:44] 🔄 Identity reset
[00:19:44] 🔄 Identity rotated (every 10 requests)
[00:19:45] [211/326] PRTA
[00:19:46] [212/326] STAM
[00:19:46] [213/326] MSAA
[00:19:48] [214/326] SDLU
[00:19:48] [215/326] RCHH
[00:19:49] [216/326] KANT
[00:19:50] [217/326] FCRT
[00:19:51] [218/326] DNKM
[00:19:52] [219/326] RYCP
[00:19:52] [220/326] MYRP
[00:19:53] 🔄 Identity reset
[00:19:53] 🔄 Identity rotated (every 10 requests)
[00:19:53] [221/326] PPAK
[00:19:54] [222/326] NVPK
[00:19:55] [223/326] PRMC
[00:19:56] [224/326] JBCS
[00:19:56] [225/326] GXCK
[00:19:57] [226/326] USKO
[00:19:58] [227/326] GTEM
[00:20:00] [228/326] SMBU
[00:20:01] [229/326] VETC
[00:20:02] [230/326] LCDA
[00:20:02] 🔄 Identity reset
[00:20:02] 🔄 Identity rotated (every 10 requests)
[00:20:03] [231/326] MTVT
[00:20:03] [232/326] PYCP
[00:20:04] [233/326] PNSC
[00:20:05] [234/326] PPCC
[00:20:06] [235/326] TGRT
[00:20:07] [236/326] JYOT
[00:20:08] [237/326] SRCZ
[00:20:09] [238/326] SJTE
[00:20:10] [239/326] DESC
[00:20:11] [240/326] JHVN
[00:20:12] 🔄 Identity reset
[00:20:12] 🔄 Identity rotated (every 10 requests)
[00:20:12] [241/326] IPSG
[00:20:13] [242/326] IPCM
[00:20:13] [243/326] PDRS
[00:20:14] [244/326] ANCV
[00:20:15] [245/326] CMVV
[00:20:16] [246/326] SHYP
[00:20:17] [247/326] DNCS
[00:20:17] [248/326] GAJK
[00:20:18] [249/326] AKTN
[00:20:19] [250/326] KAYA
[00:20:20] 🔄 Identity reset
[00:20:20] 🔄 Identity rotated (every 10 requests)
[00:20:20] [251/326] SBRC
[00:20:22] [252/326] CHTP
[00:20:22] [253/326] SHRT
[00:20:23] [254/326] BCKU
[00:20:24] [255/326] FCPS
[00:20:24] [256/326] ARDD
[00:20:25] [257/326] CPCM
[00:20:26] [258/326] CGSM
[00:20:26] [259/326] PSMP
[00:20:27] [260/326] SDAL
[00:20:28] 🔄 Identity reset
[00:20:28] 🔄 Identity rotated (every 10 requests)
[00:20:28] [261/326] RTNB
[00:20:29] [262/326] LMCR
[00:20:30] [263/326] CIMA
[00:20:30] [264/326] RNAS
[00:20:31] [265/326] LITH
[00:20:32] [266/326] PBOX
[00:20:33] [267/326] FRTS
[00:20:33] [268/326] RKIC
[00:20:35] [269/326] PTAI
[00:20:35] [270/326] GCIC
[00:20:36] 🔄 Identity reset
[00:20:36] 🔄 Identity rotated (every 10 requests)
[00:20:36] [271/326] FNAS
[00:20:37] [272/326] SCAR
[00:20:37] [273/326] MTCA
[00:20:38] [274/326] SCTS
[00:20:39] [275/326] SYCS
[00:20:40] [276/326] RDMS
[00:20:41] [277/326] KAMP
[00:20:41] [278/326] ERSD
[00:20:42] [279/326] MJMJ
[00:20:43] [280/326] SRCJ
[00:20:44] 🔄 Identity reset
[00:20:44] 🔄 Identity rotated (every 10 requests)
[00:20:44] [281/326] SCXE
[00:20:45] [282/326] SVFR
[00:20:45] [283/326] BHCS
[00:20:46] [284/326] IMCC
[00:20:47] [285/326] PCBO
[00:20:48] [286/326] PRVN
[00:20:49] [287/326] AUPM
[00:20:49] [288/326] INBW
[00:20:50] [289/326] SVCW
[00:20:51] [290/326] RKCF
[00:20:52] 🔄 Identity reset
[00:20:52] 🔄 Identity rotated (every 10 requests)
[00:20:52] [291/326] UVBH
[00:20:52] [292/326] DNCY
[00:20:53] [293/326] ABCN
[00:20:54] [294/326] PRUR
[00:20:55] [295/326] PFMR
[00:20:56] [296/326] RKCN
[00:20:57] [297/326] CFEA
[00:20:57] [298/326] SDBG
[00:20:58] [299/326] SNAR
[00:20:59] [300/326] YISI
[00:21:00] 🔄 Identity reset
[00:21:00] 🔄 Identity rotated (every 10 requests)
[00:21:00] [301/326] JCFF
[00:21:01] [302/326] VTRK
[00:21:01] [303/326] PCLZ
[00:21:02] [304/326] DIMY
[00:21:03] [305/326] BBTS
[00:21:04] [306/326] GATH
[00:21:05] [307/326] GTMN
[00:21:06] [308/326] VTMH
[00:21:07] [309/326] CCKP
[00:21:08] [310/326] GPKA
[00:21:09] 🔄 Identity reset
[00:21:09] 🔄 Identity rotated (every 10 requests)
[00:21:09] [311/326] MHCL
[00:21:10] [312/326] ATCL
[00:21:10] [313/326] SBCK
[00:21:11] [314/326] AMMR
[00:21:12] [315/326] MADC
[00:21:12] [316/326] TMMA
[00:21:13] [317/326] CACC
[00:21:14] [318/326] CHAL
[00:21:15] [319/326] DURG
[00:21:16] [320/326] GMKU
[00:21:16] 🔄 Identity reset
[00:21:16] 🔄 Identity rotated (every 10 requests)
[00:21:16] [321/326] GECA
[00:21:17] [322/326] KYRR
[00:21:19] [323/326] KSDE
[00:21:19] [324/326] LMCI
[00:21:20] [325/326] NKCP
[00:21:21] [326/326] BGTC
[00:21:22] ✅ DONE | Shows=3 | Movies=2
