[00:16:50] 🚀 BMS DAILY TRACKER STARTED (enhanced anti‑detection)
[00:16:50] [1/326] VCHA
[00:16:51] 🧠 New identity created
[00:16:51] [2/326] SCKO
[00:16:52] [3/326] VKTK
[00:16:52] [4/326] DXEC
[00:16:53] [5/326] CDCA
[00:16:54] [6/326] VBCZ
[00:16:55] [7/326] MSDR
[00:16:56] [8/326] ACPV
[00:16:57] [9/326] PVHB
[00:16:58] [10/326] RCNH
[00:16:59] 🔄 Identity reset
[00:16:59] 🔄 Identity rotated (every 10 requests)
[00:16:59] [11/326] IOMH
[00:17:00] [12/326] ILKS
[00:17:01] [13/326] AMSN
[00:17:02] [14/326] ANTP
[00:17:02] [15/326] SSEK
[00:17:03] [16/326] PICP
[00:17:04] [17/326] SICO
[00:17:05] [18/326] SISP
[00:17:06] [19/326] SCPI
[00:17:07] [20/326] CRPR
[00:17:07] 🔄 Identity reset
[00:17:07] 🔄 Identity rotated (every 10 requests)
[00:17:07] [21/326] DCTW
[00:17:08] [22/326] DCSP
[00:17:09] [23/326] KRPM
[00:17:10] [24/326] THKK
[00:17:11] [25/326] SNMY
[00:17:11] [26/326] AKCC
[00:17:12] [27/326] PCAT
[00:17:13] [28/326] RFGO
[00:17:14] [29/326] GGCS
[00:17:14] [30/326] ACKR
[00:17:15] 🔄 Identity reset
[00:17:15] 🔄 Identity rotated (every 10 requests)
[00:17:15] [31/326] STDO
[00:17:16] [32/326] ACKB
[00:17:17] [33/326] ALUC
[00:17:18] [34/326] MNSR
[00:17:18] [35/326] CSSL
[00:17:19] [36/326] BGGM
[00:17:20] [37/326] MANT
[00:17:21] [38/326] SOOY
[00:17:22] [39/326] VPPK
[00:17:23] [40/326] MYHJ
[00:17:23] 🔄 Identity reset
[00:17:23] 🔄 Identity rotated (every 10 requests)
[00:17:24] [41/326] KSCK
[00:17:24] [42/326] KATK
[00:17:25] [43/326] RTRT
[00:17:26] [44/326] SSTT
[00:17:27] [45/326] SSTV
[00:17:28] [46/326] LACM
[00:17:29] [47/326] SGMG
[00:17:30] [48/326] KACX
[00:17:31] [49/326] GVCP
[00:17:32] [50/326] CSNC
[00:17:32] 🔄 Identity reset
[00:17:32] 🔄 Identity rotated (every 10 requests)
[00:17:32] [51/326] SXCB
[00:17:34] [52/326] BAHS
[00:17:35] [53/326] PCBI
[00:17:36] [54/326] PSSM
[00:17:37] [55/326] RCOK
[00:17:37] [56/326] SCPF
[00:17:38] [57/326] SSAS
[00:17:40] [58/326] EVMM
[00:17:40] [59/326] SYCB
[00:17:41] [60/326] GCKI
[00:17:42] 🔄 Identity reset
[00:17:42] 🔄 Identity rotated (every 10 requests)
[00:17:42] [61/326] IAET
[00:17:43] [62/326] DDTD
[00:17:43] [63/326] GMDH
[00:17:44] [64/326] STLE
[00:17:45] [65/326] JTRA
[00:17:46] [66/326] RPPA
[00:17:47] [67/326] ARUT
[00:17:47] [68/326] JTVM
[00:17:48] [69/326] SWRH
[00:17:49] [70/326] DCPC
[00:17:49] 🔄 Identity reset
[00:17:49] 🔄 Identity rotated (every 10 requests)
[00:17:50] [71/326] RAPR
[00:17:50] [72/326] GCRT
[00:17:51] [73/326] ATUN
[00:17:52] [74/326] LTRM
[00:17:53] [75/326] TASR
[00:17:54] [76/326] RLLC
[00:17:54] [77/326] MABI
[00:17:55] [78/326] SVHB
[00:17:55] [79/326] NVTB
[00:17:56] [80/326] KCKG
[00:17:57] 🔄 Identity reset
[00:17:57] 🔄 Identity rotated (every 10 requests)
[00:17:57] [81/326] SSRN
[00:17:58] [82/326] VDDC
[00:17:59] [83/326] GKTK
[00:18:00] [84/326] YFSN
[00:18:00] [85/326] GCSG
[00:18:01] [86/326] ESSM
[00:18:02] [87/326] KRIH
[00:18:02] [88/326] GCDS
[00:18:03] [89/326] CCSH
[00:18:04] [90/326] ACSK
[00:18:05] 🔄 Identity reset
[00:18:05] 🔄 Identity rotated (every 10 requests)
[00:18:05] [91/326] APRK
[00:18:06] [92/326] ADKM
[00:18:06] [93/326] SRDM
[00:18:08] [94/326] SJMY
[00:18:09] [95/326] PGGC
[00:18:09] [96/326] INGM
[00:18:10] [97/326] LSCB
[00:18:11] [98/326] STAD
[00:18:12] [99/326] MCCR
[00:18:13] [100/326] ABCC
[00:18:14] 🔄 Identity reset
[00:18:14] 🔄 Identity rotated (every 10 requests)
[00:18:14] [101/326] RKCC
[00:18:14] [102/326] RTCR
[00:18:16] [103/326] GGBC
[00:18:16] [104/326] GCSD
[00:18:17] [105/326] LPTY
[00:18:18] [106/326] MCFD
[00:18:19] [107/326] HENN
[00:18:20] [108/326] SMKU
[00:18:21] [109/326] TNZC
[00:18:22] [110/326] DRCD
[00:18:22] 🔄 Identity reset
[00:18:22] 🔄 Identity rotated (every 10 requests)
[00:18:23] [111/326] DLCD
[00:18:23] [112/326] RCDA
[00:18:24] [113/326] COSM
[00:18:25] [114/326] MCMJ
[00:18:25] [115/326] CSTR
[00:18:26] [116/326] CVDK
[00:18:27] [117/326] INRR
[00:18:28] [118/326] RJRT
[00:18:28] [119/326] IRMR
[00:18:29] [120/326] SRCF
[00:18:30] 🔄 Identity reset
[00:18:30] 🔄 Identity rotated (every 10 requests)
[00:18:30] [121/326] GRCR
[00:18:31] [122/326] SURC
[00:18:32] [123/326] NMNH
[00:18:33] [124/326] SVBL
[00:18:34] [125/326] KACI
[00:18:35] [126/326] TDGO
[00:18:36] [127/326] KTBR
[00:18:37] [128/326] PMAD
[00:18:38] [129/326] CCPN
[00:18:38] [130/326] SBTK
[00:18:39] 🔄 Identity reset
[00:18:39] 🔄 Identity rotated (every 10 requests)
[00:18:39] [131/326] LMDK
[00:18:40] [132/326] PGDA
[00:18:40] [133/326] SRML
[00:18:41] [134/326] EVCK
[00:18:42] [135/326] RTTK
[00:18:43] [136/326] SRTU
[00:18:44] [137/326] VRSA
[00:18:44] [138/326] VARS
[00:18:46] [139/326] DSCZ
[00:18:47] [140/326] GAGA
[00:18:47] 🔄 Identity reset
[00:18:47] 🔄 Identity rotated (every 10 requests)
[00:18:48] [141/326] SARV
[00:18:48] [142/326] SEEG
[00:18:49] [143/326] GLCA
[00:18:50] [144/326] APAS
[00:18:50] [145/326] VCIA
[00:18:51] [146/326] SJTA
[00:18:51] [147/326] SABM
[00:18:52] [148/326] PPAG
[00:18:53] [149/326] RVCA
[00:18:54] [150/326] CCIA
[00:18:54] 🔄 Identity reset
[00:18:54] 🔄 Identity rotated (every 10 requests)
[00:18:55] [151/326] HTAG
[00:18:55] [152/326] SMBI
[00:18:56] [153/326] MCJR
[00:18:57] [154/326] CCJR
[00:18:57] [155/326] SINF
[00:18:59] [156/326] CPLX
[00:19:00] [157/326] KKTJ
[00:19:01] [158/326] GDBW
[00:19:02] [159/326] CSUB
[00:19:03] [160/326] DABA
[00:19:04] 🔄 Identity reset
[00:19:04] 🔄 Identity rotated (every 10 requests)
[00:19:04] [161/326] TITR
[00:19:05] [162/326] NYCR
[00:19:05] [163/326] RTRY
[00:19:06] [164/326] JTJL
[00:19:07] [165/326] SJCP
[00:19:08] [166/326] KCCA
[00:19:08] [167/326] MLPG
[00:19:10] [168/326] VRCK
[00:19:11] [169/326] SRIN
[00:19:11] [170/326] CXMK
[00:19:12] 🔄 Identity reset
[00:19:12] 🔄 Identity rotated (every 10 requests)
[00:19:12] [171/326] SKAD
[00:19:13] [172/326] AVTR
[00:19:14] [173/326] PTAJ
[00:19:15] [174/326] SCNK
[00:19:16] [175/326] STTI
[00:19:17] [176/326] KACR
[00:19:18] [177/326] SSDX
[00:19:19] [178/326] VRTJ
[00:19:19] [179/326] RAJD
[00:19:20] [180/326] SCIP
[00:19:21] 🔄 Identity reset
[00:19:21] 🔄 Identity rotated (every 10 requests)
[00:19:21] [181/326] RJSL
[00:19:22] [182/326] ARRS
[00:19:23] [183/326] ASMS
[00:19:23] [184/326] RDTS
[00:19:24] [185/326] DVMY
[00:19:25] [186/326] RASA
[00:19:26] [187/326] INOM
[00:19:26] [188/326] SPRS
[00:19:27] [189/326] SGCS
[00:19:28] [190/326] SALM
[00:19:28] 🔄 Identity reset
[00:19:28] 🔄 Identity rotated (every 10 requests)
[00:19:29] [191/326] PKHC
[00:19:29] [192/326] RCSV
[00:19:30] [193/326] CPKC
[00:19:31] [194/326] AACD
[00:19:32] [195/326] GGCV
[00:19:32] [196/326] SMKD
[00:19:33] [197/326] NBCH
[00:19:34] [198/326] AMCB
[00:19:34] [199/326] OPCN
[00:19:35] [200/326] DCIN
[00:19:36] 🔄 Identity reset
[00:19:36] 🔄 Identity rotated (every 10 requests)
[00:19:36] [201/326] INGW
[00:19:37] [202/326] PKKW
[00:19:38] [203/326] FNGW
[00:19:38] [204/326] GCGD
[00:19:39] [205/326] MSTW
[00:19:40] [206/326] KCCG
[00:19:41] [207/326] MRSS
[00:19:42] [208/326] CLCF
[00:19:43] [209/326] EETS
[00:19:43] [210/326] AATR
[00:19:44] 🔄 Identity reset
[00:19:44] 🔄 Identity rotated (every 10 requests)
[00:19:44] [211/326] CMMN
[00:19:45] [212/326] SCCJ
[00:19:46] [213/326] CDTK
[00:19:46] [214/326] AICP
[00:19:47] [215/326] FNBP
[00:19:48] [216/326] CBPB
[00:19:49] [217/326] CPAS
[00:19:50] [218/326] MAPM
[00:19:51] [219/326] PASD
[00:19:52] [220/326] JCMN
[00:19:53] 🔄 Identity reset
[00:19:53] 🔄 Identity rotated (every 10 requests)
[00:19:53] [221/326] MALB
[00:19:53] [222/326] SACG
[00:19:54] [223/326] DDRX
[00:19:55] [224/326] DDXB
[00:19:56] [225/326] RAMC
[00:19:56] [226/326] SANC
[00:19:57] [227/326] BCBP
[00:19:58] [228/326] ALPC
[00:19:58] [229/326] RBAC
[00:19:59] [230/326] RAJL
[00:19:59] 🔄 Identity reset
[00:19:59] 🔄 Identity rotated (every 10 requests)
[00:20:00] [231/326] MPDX
[00:20:01] [232/326] MUSC
[00:20:02] [233/326] VKMK
[00:20:03] [234/326] SKCG
[00:20:04] [235/326] ANCN
[00:20:04] [236/326] MMCJ
[00:20:05] [237/326] DCAK
[00:20:06] [238/326] SCKG
[00:20:07] [239/326] LMCK
[00:20:08] [240/326] CKKX
[00:20:08] 🔄 Identity reset
[00:20:08] 🔄 Identity rotated (every 10 requests)
[00:20:08] [241/326] ANKU
[00:20:09] [242/326] CSMD
[00:20:10] [243/326] MKMP
[00:20:10] [244/326] SVBG
[00:20:11] [245/326] ROOP
[00:20:12] [246/326] GDMT
[00:20:13] [247/326] FPPF
[00:20:13] [248/326] SFUU
[00:20:15] [249/326] ANCB
[00:20:16] [250/326] SMMC
[00:20:17] 🔄 Identity reset
[00:20:17] 🔄 Identity rotated (every 10 requests)
[00:20:18] [251/326] UGKT
[00:20:19] [252/326] JVRM
[00:20:19] [253/326] BATG
[00:20:20] [254/326] RATE
[00:20:21] [255/326] SKME
[00:20:21] [256/326] LMTP
[00:20:22] [257/326] TCBD
[00:20:23] [258/326] ESBD
[00:20:24] [259/326] GDCU
[00:20:25] [260/326] SNKT
[00:20:26] 🔄 Identity reset
[00:20:26] 🔄 Identity rotated (every 10 requests)
[00:20:26] [261/326] SRNK
[00:20:27] [262/326] SMED
[00:20:27] [263/326] CSQS
[00:20:28] [264/326] ALCS
[00:20:29] [265/326] KCKN
[00:20:30] [266/326] VCCL
[00:20:31] [267/326] MCDA
[00:20:31] [268/326] SHMI
[00:20:32] [269/326] SKHA
[00:20:33] [270/326] SVFK
[00:20:33] 🔄 Identity reset
[00:20:33] 🔄 Identity rotated (every 10 requests)
[00:20:34] [271/326] INVB
[00:20:35] [272/326] MELD
[00:20:36] [273/326] JTYS
[00:20:36] [274/326] INCM
[00:20:37] [275/326] MCDV
[00:20:38] [276/326] KSGK
[00:20:39] [277/326] ICMG
[00:20:39] [278/326] CSCV
[00:20:40] [279/326] STMD
[00:20:41] [280/326] STTR
[00:20:42] 🔄 Identity reset
[00:20:42] 🔄 Identity rotated (every 10 requests)
[00:20:42] [281/326] INVC
[00:20:43] [282/326] JTBL
[00:20:43] [283/326] SRVV
[00:20:44] [284/326] MAVC
[00:20:45] [285/326] SRPP
[00:20:46] [286/326] JGDM
[00:20:47] [287/326] MBSJ
[00:20:47] [288/326] SSLL
[00:20:48] [289/326] SLKP
[00:20:49] [290/326] NSRV
[00:20:49] 🔄 Identity reset
[00:20:49] 🔄 Identity rotated (every 10 requests)
[00:20:50] [291/326] UTDV
[00:20:50] [292/326] KICM
[00:20:52] [293/326] KCMD
[00:20:53] [294/326] TTPP
[00:20:53] [295/326] KMPV
[00:20:55] [296/326] SKTV
[00:20:55] [297/326] STCV
[00:20:56] [298/326] SRDA
[00:20:57] [299/326] JTSX
[00:20:58] [300/326] STBV
[00:20:58] 🔄 Identity reset
[00:20:58] 🔄 Identity rotated (every 10 requests)
[00:20:58] [301/326] APVZ
[00:20:59] [302/326] GSTV
[00:21:00] [303/326] NMVS
[00:21:00] [304/326] SKRT
[00:21:01] [305/326] RMDV
[00:21:02] [306/326] RATG
[00:21:03] [307/326] SJYV
[00:21:04] [308/326] NDGP
[00:21:04] [309/326] SNDG
[00:21:05] [310/326] INSR
[00:21:06] 🔄 Identity reset
[00:21:06] 🔄 Identity rotated (every 10 requests)
[00:21:06] [311/326] INSO
[00:21:06] [312/326] CCSI
[00:21:08] [313/326] RASM
[00:21:08] [314/326] NEWC
[00:21:09] [315/326] VSHL
[00:21:10] [316/326] BISW
[00:21:10] [317/326] GCNG
[00:21:12] [318/326] CWSC
[00:21:14] [319/326] SKAN
[00:21:15] [320/326] CCOA
[00:21:15] 🔄 Identity reset
[00:21:15] 🔄 Identity rotated (every 10 requests)
[00:21:16] [321/326] MCAJ
[00:21:17] [322/326] ACDE
[00:21:17] [323/326] AACM
[00:21:18] [324/326] JJCK
[00:21:19] [325/326] RCMO
[00:21:20] [326/326] GDAW
[00:21:21] ✅ DONE | Shows=0 | Movies=0
[01:15:40] 🚀 BMS DAILY TRACKER STARTED (enhanced anti‑detection)
[01:15:40] [1/326] VCHA
[01:15:40] 🧠 New identity created
[01:15:42] [2/326] SCKO
[01:15:43] [3/326] VKTK
[01:15:44] [4/326] DXEC
[01:15:47] [5/326] CDCA
[01:15:48] [6/326] VBCZ
[01:15:49] [7/326] MSDR
[01:15:50] [8/326] ACPV
[01:15:52] [9/326] PVHB
[01:15:52] [10/326] RCNH
[01:15:53] 🔄 Identity reset
[01:15:53] 🔄 Identity rotated (every 10 requests)
[01:15:53] [11/326] IOMH
[01:15:54] [12/326] ILKS
[01:15:55] [13/326] AMSN
[01:15:56] [14/326] ANTP
[01:15:57] [15/326] SSEK
[01:15:58] [16/326] PICP
[01:16:00] [17/326] SICO
[01:16:00] [18/326] SISP
[01:16:01] [19/326] SCPI
[01:16:02] [20/326] CRPR
[01:16:03] 🔄 Identity reset
[01:16:03] 🔄 Identity rotated (every 10 requests)
[01:16:03] [21/326] DCTW
[01:16:04] [22/326] DCSP
[01:16:06] [23/326] KRPM
[01:16:07] [24/326] THKK
[01:16:08] [25/326] SNMY
[01:16:09] [26/326] AKCC
[01:16:10] [27/326] PCAT
[01:16:11] [28/326] RFGO
[01:16:12] [29/326] GGCS
[01:16:13] [30/326] ACKR
[01:16:14] 🔄 Identity reset
[01:16:14] 🔄 Identity rotated (every 10 requests)
[01:16:14] [31/326] STDO
[01:16:15] [32/326] ACKB
[01:16:16] [33/326] ALUC
[01:16:17] [34/326] MNSR
[01:16:19] [35/326] CSSL
[01:16:19] [36/326] BGGM
[01:16:20] [37/326] MANT
[01:16:21] [38/326] SOOY
[01:16:22] [39/326] VPPK
[01:16:23] [40/326] MYHJ
[01:16:23] 🔄 Identity reset
[01:16:23] 🔄 Identity rotated (every 10 requests)
[01:16:24] [41/326] KSCK
[01:16:25] [42/326] KATK
[01:16:26] [43/326] RTRT
[01:16:27] [44/326] SSTT
[01:16:28] [45/326] SSTV
[01:16:29] [46/326] LACM
[01:16:30] [47/326] SGMG
[01:16:31] [48/326] KACX
[01:16:32] [49/326] GVCP
[01:16:33] [50/326] CSNC
[01:16:33] 🔄 Identity reset
[01:16:33] 🔄 Identity rotated (every 10 requests)
[01:16:34] [51/326] SXCB
[01:16:35] [52/326] BAHS
[01:16:36] [53/326] PCBI
[01:16:37] [54/326] PSSM
[01:16:37] [55/326] RCOK
[01:16:39] [56/326] SCPF
[01:16:41] [57/326] SSAS
[01:16:42] [58/326] EVMM
[01:16:43] [59/326] SYCB
[01:16:44] [60/326] GCKI
[01:16:44] 🔄 Identity reset
[01:16:44] 🔄 Identity rotated (every 10 requests)
[01:16:45] [61/326] IAET
[01:16:45] [62/326] DDTD
[01:16:46] [63/326] GMDH
[01:16:47] [64/326] STLE
[01:16:49] [65/326] JTRA
[01:16:50] [66/326] RPPA
[01:16:51] [67/326] ARUT
[01:16:51] [68/326] JTVM
[01:16:53] [69/326] SWRH
[01:16:54] [70/326] DCPC
[01:16:54] 🔄 Identity reset
[01:16:54] 🔄 Identity rotated (every 10 requests)
[01:16:55] [71/326] RAPR
[01:16:56] [72/326] GCRT
[01:16:57] [73/326] ATUN
[01:16:58] [74/326] LTRM
[01:17:00] [75/326] TASR
[01:17:01] [76/326] RLLC
[01:17:02] [77/326] MABI
[01:17:03] [78/326] SVHB
[01:17:04] [79/326] NVTB
[01:17:05] [80/326] KCKG
[01:17:06] 🔄 Identity reset
[01:17:06] 🔄 Identity rotated (every 10 requests)
[01:17:07] [81/326] SSRN
[01:17:08] [82/326] VDDC
[01:17:09] [83/326] GKTK
[01:17:09] [84/326] YFSN
[01:17:10] [85/326] GCSG
[01:17:11] [86/326] ESSM
[01:17:12] [87/326] KRIH
[01:17:13] [88/326] GCDS
[01:17:15] [89/326] CCSH
[01:17:15] [90/326] ACSK
[01:17:16] 🔄 Identity reset
[01:17:16] 🔄 Identity rotated (every 10 requests)
[01:17:16] [91/326] APRK
[01:17:17] [92/326] ADKM
[01:17:18] [93/326] SRDM
[01:17:19] [94/326] SJMY
[01:17:20] [95/326] PGGC
[01:17:21] [96/326] INGM
[01:17:22] [97/326] LSCB
[01:17:23] [98/326] STAD
[01:17:24] [99/326] MCCR
[01:17:26] [100/326] ABCC
[01:17:26] 🔄 Identity reset
[01:17:27] 🔄 Identity rotated (every 10 requests)
[01:17:27] [101/326] RKCC
[01:17:28] [102/326] RTCR
[01:17:29] [103/326] GGBC
[01:17:30] [104/326] GCSD
[01:17:32] [105/326] LPTY
[01:17:33] [106/326] MCFD
[01:17:34] [107/326] HENN
[01:17:35] [108/326] SMKU
[01:17:36] [109/326] TNZC
[01:17:38] [110/326] DRCD
[01:17:38] 🔄 Identity reset
[01:17:38] 🔄 Identity rotated (every 10 requests)
[01:17:38] [111/326] DLCD
[01:17:39] [112/326] RCDA
[01:17:40] [113/326] COSM
[01:17:41] [114/326] MCMJ
[01:17:42] [115/326] CSTR
[01:17:43] [116/326] CVDK
[01:17:44] [117/326] INRR
[01:17:46] [118/326] RJRT
[01:17:47] [119/326] IRMR
[01:17:48] [120/326] SRCF
[01:17:48] 🔄 Identity reset
[01:17:48] 🔄 Identity rotated (every 10 requests)
[01:17:49] [121/326] GRCR
[01:17:52] [122/326] SURC
[01:17:53] [123/326] NMNH
[01:17:54] [124/326] SVBL
[01:17:56] [125/326] KACI
[01:17:57] [126/326] TDGO
[01:17:57] [127/326] KTBR
[01:17:58] [128/326] PMAD
[01:17:59] [129/326] CCPN
[01:18:01] [130/326] SBTK
[01:18:01] 🔄 Identity reset
[01:18:01] 🔄 Identity rotated (every 10 requests)
[01:18:01] [131/326] LMDK
[01:18:02] [132/326] PGDA
[01:18:03] [133/326] SRML
[01:18:04] [134/326] EVCK
[01:18:05] [135/326] RTTK
[01:18:06] [136/326] SRTU
[01:18:07] [137/326] VRSA
[01:18:08] [138/326] VARS
[01:18:09] [139/326] DSCZ
[01:18:10] [140/326] GAGA
[01:18:11] 🔄 Identity reset
[01:18:11] 🔄 Identity rotated (every 10 requests)
[01:18:11] [141/326] SARV
[01:18:12] [142/326] SEEG
[01:18:13] [143/326] GLCA
[01:18:15] [144/326] APAS
[01:18:16] [145/326] VCIA
[01:18:17] [146/326] SJTA
[01:18:18] [147/326] SABM
[01:18:20] [148/326] PPAG
[01:18:21] [149/326] RVCA
[01:18:22] [150/326] CCIA
[01:18:22] 🔄 Identity reset
[01:18:22] 🔄 Identity rotated (every 10 requests)
[01:18:23] [151/326] HTAG
[01:18:25] [152/326] SMBI
[01:18:26] [153/326] MCJR
[01:18:27] [154/326] CCJR
[01:18:28] [155/326] SINF
[01:18:29] [156/326] CPLX
[01:18:30] [157/326] KKTJ
[01:18:31] [158/326] GDBW
[01:18:32] [159/326] CSUB
[01:18:33] [160/326] DABA
[01:18:33] 🔄 Identity reset
[01:18:33] 🔄 Identity rotated (every 10 requests)
[01:18:33] [161/326] TITR
[01:18:34] [162/326] NYCR
[01:18:35] [163/326] RTRY
[01:18:36] [164/326] JTJL
[01:18:37] [165/326] SJCP
[01:18:38] [166/326] KCCA
[01:18:40] [167/326] MLPG
[01:18:41] [168/326] VRCK
[01:18:42] [169/326] SRIN
[01:18:43] [170/326] CXMK
[01:18:43] 🔄 Identity reset
[01:18:43] 🔄 Identity rotated (every 10 requests)
[01:18:43] [171/326] SKAD
[01:18:44] [172/326] AVTR
[01:18:45] [173/326] PTAJ
[01:18:46] [174/326] SCNK
[01:18:47] [175/326] STTI
[01:18:49] [176/326] KACR
[01:18:51] [177/326] SSDX
[01:18:52] [178/326] VRTJ
[01:18:53] [179/326] RAJD
[01:18:54] [180/326] SCIP
[01:18:55] 🔄 Identity reset
[01:18:55] 🔄 Identity rotated (every 10 requests)
[01:18:55] [181/326] RJSL
[01:18:56] [182/326] ARRS
[01:18:58] [183/326] ASMS
[01:18:59] [184/326] RDTS
[01:19:00] [185/326] DVMY
[01:19:01] [186/326] RASA
[01:19:03] [187/326] INOM
[01:19:04] [188/326] SPRS
[01:19:05] [189/326] SGCS
[01:19:05] [190/326] SALM
[01:19:06] 🔄 Identity reset
[01:19:06] 🔄 Identity rotated (every 10 requests)
[01:19:06] [191/326] PKHC
[01:19:08] [192/326] RCSV
[01:19:09] [193/326] CPKC
[01:19:10] [194/326] AACD
[01:19:11] [195/326] GGCV
[01:19:12] [196/326] SMKD
[01:19:13] [197/326] NBCH
[01:19:14] [198/326] AMCB
[01:19:15] [199/326] OPCN
[01:19:16] [200/326] DCIN
[01:19:17] 🔄 Identity reset
[01:19:17] 🔄 Identity rotated (every 10 requests)
[01:19:17] [201/326] INGW
[01:19:19] [202/326] PKKW
[01:19:20] [203/326] FNGW
[01:19:21] [204/326] GCGD
[01:19:22] [205/326] MSTW
[01:19:23] [206/326] KCCG
[01:19:24] [207/326] MRSS
[01:19:25] [208/326] CLCF
[01:19:26] [209/326] EETS
[01:19:27] [210/326] AATR
[01:19:28] 🔄 Identity reset
[01:19:28] 🔄 Identity rotated (every 10 requests)
[01:19:28] [211/326] CMMN
[01:19:29] [212/326] SCCJ
[01:19:30] [213/326] CDTK
[01:19:31] [214/326] AICP
[01:19:32] [215/326] FNBP
[01:19:33] [216/326] CBPB
[01:19:34] [217/326] CPAS
[01:19:35] [218/326] MAPM
[01:19:36] [219/326] PASD
[01:19:37] [220/326] JCMN
[01:19:38] 🔄 Identity reset
[01:19:38] 🔄 Identity rotated (every 10 requests)
[01:19:38] [221/326] MALB
[01:19:39] [222/326] SACG
[01:19:40] [223/326] DDRX
[01:19:41] [224/326] DDXB
[01:19:43] [225/326] RAMC
[01:19:44] [226/326] SANC
[01:19:45] [227/326] BCBP
[01:19:46] [228/326] ALPC
[01:19:47] [229/326] RBAC
[01:19:48] [230/326] RAJL
[01:19:49] 🔄 Identity reset
[01:19:49] 🔄 Identity rotated (every 10 requests)
[01:19:49] [231/326] MPDX
[01:19:50] [232/326] MUSC
[01:19:51] [233/326] VKMK
[01:19:52] [234/326] SKCG
[01:19:53] [235/326] ANCN
[01:19:54] [236/326] MMCJ
[01:19:56] [237/326] DCAK
[01:19:57] [238/326] SCKG
[01:19:58] [239/326] LMCK
[01:20:00] [240/326] CKKX
[01:20:00] 🔄 Identity reset
[01:20:00] 🔄 Identity rotated (every 10 requests)
[01:20:01] [241/326] ANKU
[01:20:02] [242/326] CSMD
[01:20:03] [243/326] MKMP
[01:20:04] [244/326] SVBG
[01:20:05] [245/326] ROOP
[01:20:07] [246/326] GDMT
[01:20:08] [247/326] FPPF
[01:20:10] [248/326] SFUU
[01:20:11] [249/326] ANCB
[01:20:11] [250/326] SMMC
[01:20:12] 🔄 Identity reset
[01:20:12] 🔄 Identity rotated (every 10 requests)
[01:20:12] [251/326] UGKT
[01:20:13] [252/326] JVRM
[01:20:14] [253/326] BATG
[01:20:15] [254/326] RATE
[01:20:16] [255/326] SKME
[01:20:17] [256/326] LMTP
[01:20:18] [257/326] TCBD
[01:20:19] [258/326] ESBD
[01:20:21] [259/326] GDCU
[01:20:22] [260/326] SNKT
[01:20:22] 🔄 Identity reset
[01:20:22] 🔄 Identity rotated (every 10 requests)
[01:20:23] [261/326] SRNK
[01:20:24] [262/326] SMED
[01:20:25] [263/326] CSQS
[01:20:26] [264/326] ALCS
[01:20:27] [265/326] KCKN
[01:20:28] [266/326] VCCL
[01:20:29] [267/326] MCDA
[01:20:30] [268/326] SHMI
[01:20:31] [269/326] SKHA
[01:20:32] [270/326] SVFK
[01:20:33] 🔄 Identity reset
[01:20:33] 🔄 Identity rotated (every 10 requests)
[01:20:33] [271/326] INVB
[01:20:34] [272/326] MELD
[01:20:35] [273/326] JTYS
[01:20:36] [274/326] INCM
[01:20:37] [275/326] MCDV
[01:20:40] [276/326] KSGK
[01:20:40] [277/326] ICMG
[01:20:41] [278/326] CSCV
[01:20:42] [279/326] STMD
[01:20:43] [280/326] STTR
[01:20:43] 🔄 Identity reset
[01:20:43] 🔄 Identity rotated (every 10 requests)
[01:20:44] [281/326] INVC
[01:20:45] [282/326] JTBL
[01:20:46] [283/326] SRVV
[01:20:47] [284/326] MAVC
[01:20:48] [285/326] SRPP
[01:20:49] [286/326] JGDM
[01:20:49] [287/326] MBSJ
[01:20:51] [288/326] SSLL
[01:20:52] [289/326] SLKP
[01:20:53] [290/326] NSRV
[01:20:54] 🔄 Identity reset
[01:20:54] 🔄 Identity rotated (every 10 requests)
[01:20:54] [291/326] UTDV
[01:20:55] [292/326] KICM
[01:20:56] [293/326] KCMD
[01:20:57] [294/326] TTPP
[01:20:58] [295/326] KMPV
[01:20:58] [296/326] SKTV
[01:20:59] [297/326] STCV
[01:21:01] [298/326] SRDA
[01:21:02] [299/326] JTSX
[01:21:03] [300/326] STBV
[01:21:03] 🔄 Identity reset
[01:21:03] 🔄 Identity rotated (every 10 requests)
[01:21:04] [301/326] APVZ
[01:21:05] [302/326] GSTV
[01:21:06] [303/326] NMVS
[01:21:07] [304/326] SKRT
[01:21:08] [305/326] RMDV
[01:21:09] [306/326] RATG
[01:21:10] [307/326] SJYV
[01:21:11] [308/326] NDGP
[01:21:12] [309/326] SNDG
[01:21:13] [310/326] INSR
[01:21:14] 🔄 Identity reset
[01:21:14] 🔄 Identity rotated (every 10 requests)
[01:21:15] [311/326] INSO
[01:21:16] [312/326] CCSI
[01:21:17] [313/326] RASM
[01:21:18] [314/326] NEWC
[01:21:19] [315/326] VSHL
[01:21:20] [316/326] BISW
[01:21:21] [317/326] GCNG
[01:21:22] [318/326] CWSC
[01:21:23] [319/326] SKAN
[01:21:24] [320/326] CCOA
[01:21:24] 🔄 Identity reset
[01:21:24] 🔄 Identity rotated (every 10 requests)
[01:21:24] [321/326] MCAJ
[01:21:25] [322/326] ACDE
[01:21:26] [323/326] AACM
[01:21:27] [324/326] JJCK
[01:21:28] [325/326] RCMO
[01:21:29] [326/326] GDAW
[01:21:30] ✅ DONE | Shows=0 | Movies=0
