[00:17:01] 🚀 BMS DAILY TRACKER STARTED (enhanced anti‑detection)
[00:17:01] [1/326] VCHA
[00:17:02] 🧠 New identity created
[00:17:03] [2/326] SCKO
[00:17:03] [3/326] VKTK
[00:17:04] [4/326] DXEC
[00:17:05] [5/326] CDCA
[00:17:06] [6/326] VBCZ
[00:17:07] [7/326] MSDR
[00:17:08] [8/326] ACPV
[00:17:09] [9/326] PVHB
[00:17:10] [10/326] RCNH
[00:17:10] 🔄 Identity reset
[00:17:10] 🔄 Identity rotated (every 10 requests)
[00:17:11] [11/326] IOMH
[00:17:12] [12/326] ILKS
[00:17:13] [13/326] AMSN
[00:17:14] [14/326] ANTP
[00:17:14] [15/326] SSEK
[00:17:15] [16/326] PICP
[00:17:16] [17/326] SICO
[00:17:17] [18/326] SISP
[00:17:18] [19/326] SCPI
[00:17:19] [20/326] CRPR
[00:17:20] 🔄 Identity reset
[00:17:20] 🔄 Identity rotated (every 10 requests)
[00:17:20] [21/326] DCTW
[00:17:21] [22/326] DCSP
[00:17:22] [23/326] KRPM
[00:17:23] [24/326] THKK
[00:17:24] [25/326] SNMY
[00:17:25] [26/326] AKCC
[00:17:26] [27/326] PCAT
[00:17:27] [28/326] RFGO
[00:17:28] [29/326] GGCS
[00:17:29] [30/326] ACKR
[00:17:30] 🔄 Identity reset
[00:17:30] 🔄 Identity rotated (every 10 requests)
[00:17:30] [31/326] STDO
[00:17:31] [32/326] ACKB
[00:17:32] [33/326] ALUC
[00:17:33] [34/326] MNSR
[00:17:34] [35/326] CSSL
[00:17:35] [36/326] BGGM
[00:17:36] [37/326] MANT
[00:17:37] [38/326] SOOY
[00:17:38] [39/326] VPPK
[00:17:39] [40/326] MYHJ
[00:17:39] 🔄 Identity reset
[00:17:39] 🔄 Identity rotated (every 10 requests)
[00:17:40] [41/326] KSCK
[00:17:41] [42/326] KATK
[00:17:42] [43/326] RTRT
[00:17:43] [44/326] SSTT
[00:17:44] [45/326] SSTV
[00:17:45] [46/326] LACM
[00:17:46] [47/326] SGMG
[00:17:46] [48/326] KACX
[00:17:47] [49/326] GVCP
[00:17:48] [50/326] CSNC
[00:17:49] 🔄 Identity reset
[00:17:49] 🔄 Identity rotated (every 10 requests)
[00:17:50] [51/326] SXCB
[00:17:51] [52/326] BAHS
[00:17:52] [53/326] PCBI
[00:17:52] [54/326] PSSM
[00:17:54] [55/326] RCOK
[00:17:54] [56/326] SCPF
[00:17:55] [57/326] SSAS
[00:17:56] [58/326] EVMM
[00:17:57] [59/326] SYCB
[00:17:58] [60/326] GCKI
[00:17:58] 🔄 Identity reset
[00:17:58] 🔄 Identity rotated (every 10 requests)
[00:17:59] [61/326] IAET
[00:18:00] [62/326] DDTD
[00:18:00] [63/326] GMDH
[00:18:02] [64/326] STLE
[00:18:03] [65/326] JTRA
[00:18:05] [66/326] RPPA
[00:18:05] [67/326] ARUT
[00:18:07] [68/326] JTVM
[00:18:08] [69/326] SWRH
[00:18:09] [70/326] DCPC
[00:18:09] 🔄 Identity reset
[00:18:09] 🔄 Identity rotated (every 10 requests)
[00:18:10] [71/326] RAPR
[00:18:11] [72/326] GCRT
[00:18:12] [73/326] ATUN
[00:18:13] [74/326] LTRM
[00:18:14] [75/326] TASR
[00:18:14] [76/326] RLLC
[00:18:15] [77/326] MABI
[00:18:16] [78/326] SVHB
[00:18:17] [79/326] NVTB
[00:18:18] [80/326] KCKG
[00:18:19] 🔄 Identity reset
[00:18:19] 🔄 Identity rotated (every 10 requests)
[00:18:19] [81/326] SSRN
[00:18:20] [82/326] VDDC
[00:18:22] [83/326] GKTK
[00:18:23] [84/326] YFSN
[00:18:24] [85/326] GCSG
[00:18:25] [86/326] ESSM
[00:18:26] [87/326] KRIH
[00:18:26] [88/326] GCDS
[00:18:27] [89/326] CCSH
[00:18:28] [90/326] ACSK
[00:18:29] 🔄 Identity reset
[00:18:29] 🔄 Identity rotated (every 10 requests)
[00:18:29] [91/326] APRK
[00:18:31] [92/326] ADKM
[00:18:32] [93/326] SRDM
[00:18:33] [94/326] SJMY
[00:18:34] [95/326] PGGC
[00:18:35] [96/326] INGM
[00:18:36] [97/326] LSCB
[00:18:37] [98/326] STAD
[00:18:38] [99/326] MCCR
[00:18:39] [100/326] ABCC
[00:18:39] 🔄 Identity reset
[00:18:39] 🔄 Identity rotated (every 10 requests)
[00:18:40] [101/326] RKCC
[00:18:41] [102/326] RTCR
[00:18:42] [103/326] GGBC
[00:18:42] [104/326] GCSD
[00:18:43] [105/326] LPTY
[00:18:44] [106/326] MCFD
[00:18:45] [107/326] HENN
[00:18:46] [108/326] SMKU
[00:18:47] [109/326] TNZC
[00:18:48] [110/326] DRCD
[00:18:49] 🔄 Identity reset
[00:18:49] 🔄 Identity rotated (every 10 requests)
[00:18:49] [111/326] DLCD
[00:18:50] [112/326] RCDA
[00:18:51] [113/326] COSM
[00:18:52] [114/326] MCMJ
[00:18:53] [115/326] CSTR
[00:18:54] [116/326] CVDK
[00:18:54] [117/326] INRR
[00:18:55] [118/326] RJRT
[00:18:57] [119/326] IRMR
[00:18:58] [120/326] SRCF
[00:18:58] 🔄 Identity reset
[00:18:58] 🔄 Identity rotated (every 10 requests)
[00:18:59] [121/326] GRCR
[00:19:00] [122/326] SURC
[00:19:01] [123/326] NMNH
[00:19:02] [124/326] SVBL
[00:19:03] [125/326] KACI
[00:19:04] [126/326] TDGO
[00:19:05] [127/326] KTBR
[00:19:06] [128/326] PMAD
[00:19:06] [129/326] CCPN
[00:19:07] [130/326] SBTK
[00:19:08] 🔄 Identity reset
[00:19:08] 🔄 Identity rotated (every 10 requests)
[00:19:09] [131/326] LMDK
[00:19:09] [132/326] PGDA
[00:19:10] [133/326] SRML
[00:19:11] [134/326] EVCK
[00:19:12] [135/326] RTTK
[00:19:13] [136/326] SRTU
[00:19:14] [137/326] VRSA
[00:19:15] [138/326] VARS
[00:19:17] [139/326] DSCZ
[00:19:18] [140/326] GAGA
[00:19:18] 🔄 Identity reset
[00:19:18] 🔄 Identity rotated (every 10 requests)
[00:19:19] [141/326] SARV
[00:19:20] [142/326] SEEG
[00:19:21] [143/326] GLCA
[00:19:22] [144/326] APAS
[00:19:23] [145/326] VCIA
[00:19:24] [146/326] SJTA
[00:19:25] [147/326] SABM
[00:19:26] [148/326] PPAG
[00:19:27] [149/326] RVCA
[00:19:28] [150/326] CCIA
[00:19:28] 🔄 Identity reset
[00:19:28] 🔄 Identity rotated (every 10 requests)
[00:19:29] [151/326] HTAG
[00:19:30] [152/326] SMBI
[00:19:31] [153/326] MCJR
[00:19:32] [154/326] CCJR
[00:19:33] [155/326] SINF
[00:19:34] [156/326] CPLX
[00:19:35] [157/326] KKTJ
[00:19:36] [158/326] GDBW
[00:19:37] [159/326] CSUB
[00:19:38] [160/326] DABA
[00:19:38] 🔄 Identity reset
[00:19:38] 🔄 Identity rotated (every 10 requests)
[00:19:39] [161/326] TITR
[00:19:41] [162/326] NYCR
[00:19:42] [163/326] RTRY
[00:19:43] [164/326] JTJL
[00:19:44] [165/326] SJCP
[00:19:45] [166/326] KCCA
[00:19:46] [167/326] MLPG
[00:19:47] [168/326] VRCK
[00:19:48] [169/326] SRIN
[00:19:49] [170/326] CXMK
[00:19:50] 🔄 Identity reset
[00:19:50] 🔄 Identity rotated (every 10 requests)
[00:19:50] [171/326] SKAD
[00:19:51] [172/326] AVTR
[00:19:52] [173/326] PTAJ
[00:19:54] [174/326] SCNK
[00:19:55] [175/326] STTI
[00:19:56] [176/326] KACR
[00:19:56] [177/326] SSDX
[00:19:57] [178/326] VRTJ
[00:19:59] [179/326] RAJD
[00:20:00] [180/326] SCIP
[00:20:00] 🔄 Identity reset
[00:20:00] 🔄 Identity rotated (every 10 requests)
[00:20:01] [181/326] RJSL
[00:20:01] [182/326] ARRS
[00:20:02] [183/326] ASMS
[00:20:03] [184/326] RDTS
[00:20:04] [185/326] DVMY
[00:20:05] [186/326] RASA
[00:20:06] [187/326] INOM
[00:20:07] [188/326] SPRS
[00:20:08] [189/326] SGCS
[00:20:09] [190/326] SALM
[00:20:10] 🔄 Identity reset
[00:20:10] 🔄 Identity rotated (every 10 requests)
[00:20:10] [191/326] PKHC
[00:20:11] [192/326] RCSV
[00:20:12] [193/326] CPKC
[00:20:13] [194/326] AACD
[00:20:14] [195/326] GGCV
[00:20:15] [196/326] SMKD
[00:20:16] [197/326] NBCH
[00:20:17] [198/326] AMCB
[00:20:18] [199/326] OPCN
[00:20:19] [200/326] DCIN
[00:20:20] 🔄 Identity reset
[00:20:20] 🔄 Identity rotated (every 10 requests)
[00:20:21] [201/326] INGW
[00:20:22] [202/326] PKKW
[00:20:22] [203/326] FNGW
[00:20:23] [204/326] GCGD
[00:20:24] [205/326] MSTW
[00:20:25] [206/326] KCCG
[00:20:27] [207/326] MRSS
[00:20:27] [208/326] CLCF
[00:20:28] [209/326] EETS
[00:20:29] [210/326] AATR
[00:20:30] 🔄 Identity reset
[00:20:30] 🔄 Identity rotated (every 10 requests)
[00:20:31] [211/326] CMMN
[00:20:32] [212/326] SCCJ
[00:20:33] [213/326] CDTK
[00:20:34] [214/326] AICP
[00:20:36] [215/326] FNBP
[00:20:37] [216/326] CBPB
[00:20:37] [217/326] CPAS
[00:20:38] [218/326] MAPM
[00:20:39] [219/326] PASD
[00:20:40] [220/326] JCMN
[00:20:41] 🔄 Identity reset
[00:20:41] 🔄 Identity rotated (every 10 requests)
[00:20:41] [221/326] MALB
[00:20:42] [222/326] SACG
[00:20:43] [223/326] DDRX
[00:20:44] [224/326] DDXB
[00:20:45] [225/326] RAMC
[00:20:46] [226/326] SANC
[00:20:47] [227/326] BCBP
[00:20:48] [228/326] ALPC
[00:20:49] [229/326] RBAC
[00:20:50] [230/326] RAJL
[00:20:50] 🔄 Identity reset
[00:20:50] 🔄 Identity rotated (every 10 requests)
[00:20:51] [231/326] MPDX
[00:20:52] [232/326] MUSC
[00:20:52] [233/326] VKMK
[00:20:53] [234/326] SKCG
[00:20:54] [235/326] ANCN
[00:20:55] [236/326] MMCJ
[00:20:56] [237/326] DCAK
[00:20:57] [238/326] SCKG
[00:20:58] [239/326] LMCK
[00:20:59] [240/326] CKKX
[00:21:00] 🔄 Identity reset
[00:21:00] 🔄 Identity rotated (every 10 requests)
[00:21:00] [241/326] ANKU
[00:21:01] [242/326] CSMD
[00:21:02] [243/326] MKMP
[00:21:04] [244/326] SVBG
[00:21:05] [245/326] ROOP
[00:21:06] [246/326] GDMT
[00:21:07] [247/326] FPPF
[00:21:07] [248/326] SFUU
[00:21:08] [249/326] ANCB
[00:21:09] [250/326] SMMC
[00:21:10] 🔄 Identity reset
[00:21:10] 🔄 Identity rotated (every 10 requests)
[00:21:11] [251/326] UGKT
[00:21:11] [252/326] JVRM
[00:21:12] [253/326] BATG
[00:21:13] [254/326] RATE
[00:21:15] [255/326] SKME
[00:21:16] [256/326] LMTP
[00:21:17] [257/326] TCBD
[00:21:18] [258/326] ESBD
[00:21:19] [259/326] GDCU
[00:21:20] [260/326] SNKT
[00:21:20] 🔄 Identity reset
[00:21:20] 🔄 Identity rotated (every 10 requests)
[00:21:20] [261/326] SRNK
[00:21:21] [262/326] SMED
[00:21:22] [263/326] CSQS
[00:21:23] [264/326] ALCS
[00:21:24] [265/326] KCKN
[00:21:25] [266/326] VCCL
[00:21:26] [267/326] MCDA
[00:21:28] [268/326] SHMI
[00:21:28] [269/326] SKHA
[00:21:29] [270/326] SVFK
[00:21:30] 🔄 Identity reset
[00:21:30] 🔄 Identity rotated (every 10 requests)
[00:21:30] [271/326] INVB
[00:21:32] [272/326] MELD
[00:21:33] [273/326] JTYS
[00:21:34] [274/326] INCM
[00:21:35] [275/326] MCDV
[00:21:37] [276/326] KSGK
[00:21:37] [277/326] ICMG
[00:21:38] [278/326] CSCV
[00:21:39] [279/326] STMD
[00:21:40] [280/326] STTR
[00:21:41] 🔄 Identity reset
[00:21:41] 🔄 Identity rotated (every 10 requests)
[00:21:41] [281/326] INVC
[00:21:42] [282/326] JTBL
[00:21:43] [283/326] SRVV
[00:21:43] [284/326] MAVC
[00:21:44] [285/326] SRPP
[00:21:45] [286/326] JGDM
[00:21:46] [287/326] MBSJ
[00:21:47] [288/326] SSLL
[00:21:48] [289/326] SLKP
[00:21:49] [290/326] NSRV
[00:21:50] 🔄 Identity reset
[00:21:50] 🔄 Identity rotated (every 10 requests)
[00:21:51] [291/326] UTDV
[00:21:52] [292/326] KICM
[00:21:53] [293/326] KCMD
[00:21:54] [294/326] TTPP
[00:21:55] [295/326] KMPV
[00:21:55] [296/326] SKTV
[00:21:56] [297/326] STCV
[00:21:58] [298/326] SRDA
[00:21:59] [299/326] JTSX
[00:22:00] [300/326] STBV
[00:22:00] 🔄 Identity reset
[00:22:00] 🔄 Identity rotated (every 10 requests)
[00:22:01] [301/326] APVZ
[00:22:01] [302/326] GSTV
[00:22:02] [303/326] NMVS
[00:22:03] [304/326] SKRT
[00:22:04] [305/326] RMDV
[00:22:05] [306/326] RATG
[00:22:06] [307/326] SJYV
[00:22:07] [308/326] NDGP
[00:22:07] [309/326] SNDG
[00:22:08] [310/326] INSR
[00:22:09] 🔄 Identity reset
[00:22:09] 🔄 Identity rotated (every 10 requests)
[00:22:10] [311/326] INSO
[00:22:10] [312/326] CCSI
[00:22:11] [313/326] RASM
[00:22:12] [314/326] NEWC
[00:22:13] [315/326] VSHL
[00:22:15] [316/326] BISW
[00:22:16] [317/326] GCNG
[00:22:17] [318/326] CWSC
[00:22:18] [319/326] SKAN
[00:22:18] [320/326] CCOA
[00:22:19] 🔄 Identity reset
[00:22:19] 🔄 Identity rotated (every 10 requests)
[00:22:19] [321/326] MCAJ
[00:22:20] [322/326] ACDE
[00:22:21] [323/326] AACM
[00:22:22] [324/326] JJCK
[00:22:23] [325/326] RCMO
[00:22:24] [326/326] GDAW
[00:22:25] ✅ DONE | Shows=0 | Movies=0
