[00:16:43] 🚀 BMS DAILY TRACKER STARTED (enhanced anti‑detection)
[00:16:43] [1/459] NECA
[00:16:44] 🧠 New identity created
[00:16:44] [2/459] BJLC
[00:16:45] [3/459] BASU
[00:16:46] [4/459] RUPI
[00:16:47] [5/459] LCBK
[00:16:48] [6/459] PMAC
[00:16:48] [7/459] AMLC
[00:16:49] [8/459] LICL
[00:16:50] [9/459] UDMM
[00:16:50] [10/459] STBZ
[00:16:51] 🔄 Identity reset
[00:16:51] 🔄 Identity rotated (every 10 requests)
[00:16:51] [11/459] UUBT
[00:16:52] [12/459] SJKC
[00:16:52] [13/459] TUAL
[00:16:53] [14/459] MRSE
[00:16:54] [15/459] RMRK
[00:16:55] [16/459] TTKP
[00:16:56] [17/459] KTKO
[00:16:57] [18/459] SDBK
[00:16:57] [19/459] MCPR
[00:16:58] [20/459] CHTI
[00:16:59] 🔄 Identity reset
[00:16:59] 🔄 Identity rotated (every 10 requests)
[00:16:59] [21/459] GCCP
[00:17:00] [22/459] SRMY
[00:17:01] [23/459] NYST
[00:17:02] [24/459] NYAG
[00:17:03] [25/459] SBMT
[00:17:04] [26/459] INGA
[00:17:05] [27/459] WSIC
[00:17:05] [28/459] SCSS
[00:17:07] [29/459] COPG
[00:17:08] [30/459] RCGR
[00:17:08] 🔄 Identity reset
[00:17:08] 🔄 Identity rotated (every 10 requests)
[00:17:08] [31/459] TCZA
[00:17:09] [32/459] CNLP
[00:17:10] [33/459] CLKN
[00:17:10] [34/459] LHDF
[00:17:11] [35/459] ELKC
[00:17:12] [36/459] VCEM
[00:17:14] [37/459] SSZA
[00:17:15] [38/459] KRMT
[00:17:15] [39/459] LCMV
[00:17:16] [40/459] AYCZ
[00:17:17] 🔄 Identity reset
[00:17:17] 🔄 Identity rotated (every 10 requests)
[00:17:18] [41/459] CUMS
[00:17:19] [42/459] BOCK
[00:17:19] [43/459] PNMR
[00:17:20] [44/459] PJCP
[00:17:21] [45/459] JDDD
[00:17:22] [46/459] STMS
[00:17:23] [47/459] FLMB
[00:17:24] [48/459] PKCM
[00:17:25] [49/459] SPPR
[00:17:26] [50/459] EYLH
[00:17:26] 🔄 Identity reset
[00:17:26] 🔄 Identity rotated (every 10 requests)
[00:17:26] [51/459] RJCC
[00:17:27] [52/459] MMPS
[00:17:28] [53/459] SHMX
[00:17:29] [54/459] CCNL
[00:17:30] [55/459] RCNV
[00:17:30] [56/459] MAAG
[00:17:31] [57/459] LXCM
[00:17:32] [58/459] RCNI
[00:17:33] [59/459] SNNI
[00:17:34] [60/459] LALC
[00:17:35] 🔄 Identity reset
[00:17:35] 🔄 Identity rotated (every 10 requests)
[00:17:36] [61/459] SOCN
[00:17:36] [62/459] JHTP
[00:17:37] [63/459] PITP
[00:17:38] [64/459] CCKW
[00:17:39] [65/459] MCMC
[00:17:40] [66/459] DEES
[00:17:41] [67/459] SABT
[00:17:41] [68/459] VSPP
[00:17:42] [69/459] ABCT
[00:17:43] [70/459] JVTB
[00:17:44] 🔄 Identity reset
[00:17:44] 🔄 Identity rotated (every 10 requests)
[00:17:44] [71/459] VCBD
[00:17:45] [72/459] RMGG
[00:17:46] [73/459] RNMH
[00:17:46] [74/459] SPGL
[00:17:47] [75/459] JTTR
[00:17:48] [76/459] SICS
[00:17:49] [77/459] SRMI
[00:17:50] [78/459] SSIJ
[00:17:50] [79/459] KFMT
[00:17:52] [80/459] VBIT
[00:17:52] 🔄 Identity reset
[00:17:52] 🔄 Identity rotated (every 10 requests)
[00:17:53] [81/459] JKCT
[00:17:54] [82/459] GCGP
[00:17:54] [83/459] GDCS
[00:17:55] [84/459] TRBA
[00:17:56] [85/459] QUST
[00:17:56] [86/459] VSHM
[00:17:57] [87/459] SDCP
[00:17:58] [88/459] SNVS
[00:17:59] [89/459] NYTO
[00:18:00] [90/459] URWC
[00:18:01] 🔄 Identity reset
[00:18:01] 🔄 Identity rotated (every 10 requests)
[00:18:01] [91/459] GTWH
[00:18:02] [92/459] PFCM
[00:18:02] [93/459] KRTA
[00:18:04] [94/459] AXMC
[00:18:04] [95/459] EVMC
[00:18:05] [96/459] HGSM
[00:18:06] [97/459] ACVM
[00:18:07] [98/459] PSKL
[00:18:08] [99/459] RDMP
[00:18:08] [100/459] RHGH
[00:18:09] 🔄 Identity reset
[00:18:09] 🔄 Identity rotated (every 10 requests)
[00:18:09] [101/459] OMCM
[00:18:10] [102/459] DCCP
[00:18:10] [103/459] MCPB
[00:18:11] [104/459] ALCI
[00:18:12] [105/459] BLMX
[00:18:13] [106/459] BTMV
[00:18:14] [107/459] FVPN
[00:18:15] [108/459] CMAR
[00:18:15] [109/459] CEIM
[00:18:16] [110/459] CMVA
[00:18:17] 🔄 Identity reset
[00:18:17] 🔄 Identity rotated (every 10 requests)
[00:18:17] [111/459] CPIV
[00:18:17] [112/459] CNPE
[00:18:18] [113/459] COLV
[00:18:20] [114/459] DNNV
[00:18:21] [115/459] HCAD
[00:18:22] [116/459] TAKA
[00:18:22] [117/459] INVD
[00:18:23] [118/459] IRMM
[00:18:24] [119/459] INSE
[00:18:25] [120/459] MRSW
[00:18:25] 🔄 Identity reset
[00:18:25] 🔄 Identity rotated (every 10 requests)
[00:18:26] [121/459] MCVD
[00:18:26] [122/459] MCSO
[00:18:27] [123/459] PEVM
[00:18:28] [124/459] PVNL
[00:18:29] [125/459] PTCV
[00:18:29] [126/459] PRTC
[00:18:31] [127/459] RCVA
[00:18:31] [128/459] MTBN
[00:18:32] [129/459] LUCP
[00:18:33] [130/459] FMPT
[00:18:33] 🔄 Identity reset
[00:18:33] 🔄 Identity rotated (every 10 requests)
[00:18:33] [131/459] JLSL
[00:18:34] [132/459] SBHA
[00:18:35] [133/459] SHRC
[00:18:36] [134/459] AVPS
[00:18:36] [135/459] STPM
[00:18:37] [136/459] ATRD
[00:18:38] [137/459] VTED
[00:18:39] [138/459] ACAI
[00:18:40] [139/459] SMAE
[00:18:40] [140/459] VMAT
[00:18:41] 🔄 Identity reset
[00:18:41] 🔄 Identity rotated (every 10 requests)
[00:18:41] [141/459] LKCT
[00:18:42] [142/459] JTVK
[00:18:43] [143/459] PRTY
[00:18:43] [144/459] GETT
[00:18:44] [145/459] ESAP
[00:18:45] [146/459] NCPM
[00:18:46] [147/459] PCPA
[00:18:46] [148/459] MMOM
[00:18:47] [149/459] PHUP
[00:18:47] [150/459] CCPI
[00:18:48] 🔄 Identity reset
[00:18:48] 🔄 Identity rotated (every 10 requests)
[00:18:49] [151/459] CNTD
[00:18:50] [152/459] NLJR
[00:18:51] [153/459] SRNG
[00:18:51] [154/459] MHAL
[00:18:53] [155/459] PNSM
[00:18:53] [156/459] DRMY
[00:18:54] [157/459] CCMU
[00:18:54] [158/459] SCMY
[00:18:56] [159/459] PVSY
[00:18:57] [160/459] SDLM
[00:18:57] 🔄 Identity reset
[00:18:57] 🔄 Identity rotated (every 10 requests)
[00:18:57] [161/459] ICCM
[00:18:59] [162/459] PYSU
[00:19:00] [163/459] GATM
[00:19:00] [164/459] WOTM
[00:19:01] [165/459] RKTS
[00:19:02] [166/459] PMTY
[00:19:03] [167/459] LYMS
[00:19:04] [168/459] TGCA
[00:19:04] [169/459] DSTA
[00:19:05] [170/459] CNGE
[00:19:06] 🔄 Identity reset
[00:19:06] 🔄 Identity rotated (every 10 requests)
[00:19:06] [171/459] VSTG
[00:19:07] [172/459] GTCK
[00:19:09] [173/459] TGNT
[00:19:09] [174/459] ASLC
[00:19:10] [175/459] SSST
[00:19:11] [176/459] KBTT
[00:19:11] [177/459] HKCP
[00:19:13] [178/459] SWLC
[00:19:13] [179/459] RTND
[00:19:14] [180/459] PKKT
[00:19:15] 🔄 Identity reset
[00:19:15] 🔄 Identity rotated (every 10 requests)
[00:19:15] [181/459] HSTK
[00:19:16] [182/459] SPTT
[00:19:17] [183/459] IMPM
[00:19:18] [184/459] SCMV
[00:19:18] [185/459] SPCT
[00:19:19] [186/459] JBCA
[00:19:19] [187/459] ATTR
[00:19:20] [188/459] SPMT
[00:19:21] [189/459] LCTM
[00:19:22] [190/459] SCVL
[00:19:22] 🔄 Identity reset
[00:19:22] 🔄 Identity rotated (every 10 requests)
[00:19:22] [191/459] SCVT
[00:19:23] [192/459] KRIC
[00:19:23] [193/459] CTMG
[00:19:24] [194/459] ACNC
[00:19:25] [195/459] DMCK
[00:19:26] [196/459] KMTV
[00:19:27] [197/459] PFCJ
[00:19:28] [198/459] VNMD
[00:19:28] [199/459] VPCZ
[00:19:29] [200/459] SRYR
[00:19:30] 🔄 Identity reset
[00:19:30] 🔄 Identity rotated (every 10 requests)
[00:19:30] [201/459] SYTR
[00:19:31] [202/459] GATR
[00:19:31] [203/459] URTR
[00:19:32] [204/459] MKSM
[00:19:34] [205/459] VSMH
[00:19:34] [206/459] SKRJ
[00:19:35] [207/459] SSJR
[00:19:36] [208/459] SVSM
[00:19:37] [209/459] RUCM
[00:19:37] [210/459] PRKN
[00:19:38] 🔄 Identity reset
[00:19:38] 🔄 Identity rotated (every 10 requests)
[00:19:38] [211/459] RROH
[00:19:39] [212/459] SCTN
[00:19:39] [213/459] RTDM
[00:19:40] [214/459] ASRM
[00:19:41] [215/459] SKMD
[00:19:41] [216/459] SUTD
[00:19:42] [217/459] SADM
[00:19:43] [218/459] WCNR
[00:19:44] [219/459] CNED
[00:19:44] [220/459] MPDB
[00:19:45] 🔄 Identity reset
[00:19:45] 🔄 Identity rotated (every 10 requests)
[00:19:45] [221/459] KTBH
[00:19:46] [222/459] IDRM
[00:19:47] [223/459] PJJT
[00:19:48] [224/459] PFCV
[00:19:48] [225/459] AACT
[00:19:49] [226/459] AAAD
[00:19:50] [227/459] ANES
[00:19:51] [228/459] MNCA
[00:19:52] [229/459] RMGU
[00:19:53] [230/459] DLCN
[00:19:53] 🔄 Identity reset
[00:19:53] 🔄 Identity rotated (every 10 requests)
[00:19:54] [231/459] LJWT
[00:19:55] [232/459] MCBG
[00:19:55] [233/459] MYBG
[00:19:56] [234/459] GCCA
[00:19:57] [235/459] GCGA
[00:19:58] [236/459] ECGN
[00:19:59] [237/459] PRAB
[00:19:59] [238/459] PNMP
[00:20:00] [239/459] GCPT
[00:20:01] [240/459] ROYN
[00:20:01] 🔄 Identity reset
[00:20:01] 🔄 Identity rotated (every 10 requests)
[00:20:02] [241/459] VATM
[00:20:02] [242/459] KSNT
[00:20:03] [243/459] ACTC
[00:20:04] [244/459] PLTD
[00:20:05] [245/459] SKMK
[00:20:06] [246/459] CMTT
[00:20:07] [247/459] SMXP
[00:20:08] [248/459] SCMX
[00:20:09] [249/459] ACXN
[00:20:09] [250/459] ASWT
[00:20:10] 🔄 Identity reset
[00:20:10] 🔄 Identity rotated (every 10 requests)
[00:20:10] [251/459] VVVL
[00:20:11] [252/459] NAGO
[00:20:12] [253/459] SNCN
[00:20:12] [254/459] MCKP
[00:20:14] [255/459] SAMO
[00:20:14] [256/459] JBTV
[00:20:16] [257/459] DCVV
[00:20:17] [258/459] KMSV
[00:20:17] [259/459] KDCN
[00:20:18] [260/459] CNCP
[00:20:19] 🔄 Identity reset
[00:20:19] 🔄 Identity rotated (every 10 requests)
[00:20:19] [261/459] HAMC
[00:20:20] [262/459] CCVZ
[00:20:20] [263/459] NCCK
[00:20:21] [264/459] MCHR
[00:20:22] [265/459] SCHT
[00:20:23] [266/459] ESSH
[00:20:23] [267/459] CUJC
[00:20:25] [268/459] PECP
[00:20:26] [269/459] PMMI
[00:20:26] [270/459] PCCH
[00:20:27] 🔄 Identity reset
[00:20:27] 🔄 Identity rotated (every 10 requests)
[00:20:27] [271/459] PRPM
[00:20:28] [272/459] PVKL
[00:20:29] [273/459] CBSM
[00:20:29] [274/459] PVCZ
[00:20:30] [275/459] PCVV
[00:20:32] [276/459] CTMJ
[00:20:33] [277/459] RCPS
[00:20:33] [278/459] PCIT
[00:20:34] [279/459] FNCH
[00:20:35] [280/459] INZD
[00:20:36] 🔄 Identity reset
[00:20:36] 🔄 Identity rotated (every 10 requests)
[00:20:36] [281/459] INPC
[00:20:36] [282/459] LCZP
[00:20:37] [283/459] SMCB
[00:20:38] [284/459] PTSB
[00:20:39] [285/459] TPSI
[00:20:40] [286/459] KHMJ
[00:20:40] [287/459] RCCJ
[00:20:41] [288/459] NCJA
[00:20:42] [289/459] NCJN
[00:20:43] [290/459] BTDP
[00:20:43] 🔄 Identity reset
[00:20:43] 🔄 Identity rotated (every 10 requests)
[00:20:44] [291/459] PADY
[00:20:44] [292/459] NYBH
[00:20:45] [293/459] MTBR
[00:20:46] [294/459] KRBC
[00:20:46] [295/459] DKTI
[00:20:47] [296/459] ANAN
[00:20:47] [297/459] INBP
[00:20:48] [298/459] PATB
[00:20:49] [299/459] RGNT
[00:20:49] [300/459] CGPM
[00:20:50] 🔄 Identity reset
[00:20:50] 🔄 Identity rotated (every 10 requests)
[00:20:50] [301/459] INTN
[00:20:50] [302/459] MCMP
[00:20:51] [303/459] ASRG
[00:20:53] [304/459] CXJD
[00:20:54] [305/459] SPCP
[00:20:54] [306/459] CSTP
[00:20:55] [307/459] PKVC
[00:20:56] [308/459] ESCP
[00:20:56] [309/459] CAEP
[00:20:57] [310/459] CCSP
[00:20:58] 🔄 Identity reset
[00:20:58] 🔄 Identity rotated (every 10 requests)
[00:20:58] [311/459] KTPC
[00:20:58] [312/459] DACA
[00:20:59] [313/459] NVKY
[00:21:00] [314/459] PTIN
[00:21:01] [315/459] SCIN
[00:21:02] [316/459] MCTY
[00:21:03] [317/459] PCMX
[00:21:04] [318/459] INIC
[00:21:04] [319/459] MMZM
[00:21:05] [320/459] SSLP
[00:21:06] 🔄 Identity reset
[00:21:06] 🔄 Identity rotated (every 10 requests)
[00:21:06] [321/459] DTDT
[00:21:07] [322/459] FFCX
[00:21:08] [323/459] RCMM
[00:21:10] [324/459] KYID
[00:21:10] [325/459] CSCI
[00:21:11] [326/459] FCMC
[00:21:12] [327/459] MMXI
[00:21:12] [328/459] ASTC
[00:21:13] [329/459] CMRA
[00:21:14] [330/459] DICI
[00:21:15] 🔄 Identity reset
[00:21:15] 🔄 Identity rotated (every 10 requests)
[00:21:15] [331/459] KDIN
[00:21:16] [332/459] PRFI
[00:21:17] [333/459] SVFC
[00:21:18] [334/459] UCPL
[00:21:18] [335/459] COOC
[00:21:19] [336/459] SCAL
[00:21:19] [337/459] SVFF
[00:21:20] [338/459] VCMG
[00:21:21] [339/459] UUCT
[00:21:22] [340/459] GCSE
[00:21:22] 🔄 Identity reset
[00:21:22] 🔄 Identity rotated (every 10 requests)
[00:21:23] [341/459] SUSC
[00:21:24] [342/459] MISC
[00:21:24] [343/459] RMBL
[00:21:25] [344/459] CMXN
[00:21:26] [345/459] PVBK
[00:21:27] [346/459] HHCG
[00:21:27] [347/459] SCAG
[00:21:28] [348/459] CNPR
[00:21:29] [349/459] CSER
[00:21:30] [350/459] HLWD
[00:21:30] 🔄 Identity reset
[00:21:30] 🔄 Identity rotated (every 10 requests)
[00:21:31] [351/459] BOLY
[00:21:32] [352/459] SSPG
[00:21:33] [353/459] MUPX
[00:21:34] [354/459] HAMR
[00:21:35] [355/459] SDNC
[00:21:36] [356/459] RTEN
[00:21:36] [357/459] SDTD
[00:21:37] [358/459] KAWS
[00:21:38] [359/459] CMZX
[00:21:39] [360/459] DCDD
[00:21:40] 🔄 Identity reset
[00:21:40] 🔄 Identity rotated (every 10 requests)
[00:21:40] [361/459] ALSN
[00:21:41] [362/459] IMXS
[00:21:41] [363/459] PVFF
[00:21:43] [364/459] PVOO
[00:21:44] [365/459] CFBS
[00:21:45] [366/459] PVER
[00:21:45] [367/459] PPNX
[00:21:46] [368/459] CNRM
[00:21:47] [369/459] PVWW
[00:21:48] [370/459] INMB
[00:21:49] 🔄 Identity reset
[00:21:49] 🔄 Identity rotated (every 10 requests)
[00:21:49] [371/459] CPJR
[00:21:50] [372/459] INRZ
[00:21:50] [373/459] PMSR
[00:21:51] [374/459] GPGM
[00:21:52] [375/459] PGWB
[00:21:52] [376/459] PMBR
[00:21:53] [377/459] GPAM
[00:21:54] [378/459] INBC
[00:21:55] [379/459] PZVK
[00:21:56] [380/459] CPEB
[00:21:56] 🔄 Identity reset
[00:21:56] 🔄 Identity rotated (every 10 requests)
[00:21:56] [381/459] FMLB
[00:21:57] [382/459] INBG
[00:21:58] [383/459] GPBR
[00:21:58] [384/459] PAAS
[00:21:59] [385/459] VTBR
[00:22:00] [386/459] GPMY
[00:22:01] [387/459] GYBU
[00:22:02] [388/459] INBJ
[00:22:02] [389/459] LKTH
[00:22:03] [390/459] NSBR
[00:22:04] 🔄 Identity reset
[00:22:04] 🔄 Identity rotated (every 10 requests)
[00:22:04] [391/459] PDRD
[00:22:05] [392/459] VRBL
[00:22:06] [393/459] VTGB
[00:22:06] [394/459] VTSK
[00:22:07] [395/459] BKDV
[00:22:08] [396/459] SVTB
[00:22:09] [397/459] MLDT
[00:22:09] [398/459] NRBL
[00:22:10] [399/459] SLTR
[00:22:11] [400/459] VNKA
[00:22:11] 🔄 Identity reset
[00:22:11] 🔄 Identity rotated (every 10 requests)
[00:22:11] [401/459] TDCA
[00:22:12] [402/459] INBM
[00:22:13] [403/459] SSNR
[00:22:13] [404/459] BHAC
[00:22:15] [405/459] SDSD
[00:22:16] [406/459] SAMP
[00:22:16] [407/459] RATK
[00:22:17] [408/459] KCBI
[00:22:18] [409/459] URBL
[00:22:19] [410/459] MKBG
[00:22:19] 🔄 Identity reset
[00:22:19] 🔄 Identity rotated (every 10 requests)
[00:22:20] [411/459] ASTB
[00:22:20] [412/459] VBWT
[00:22:21] [413/459] GPSM
[00:22:22] [414/459] ROON
[00:22:23] [415/459] CHTH
[00:22:23] [416/459] SSPA
[00:22:24] [417/459] ANBL
[00:22:25] [418/459] VTBE
[00:22:26] [419/459] SVKT
[00:22:26] [420/459] SVYK
[00:22:27] 🔄 Identity reset
[00:22:27] 🔄 Identity rotated (every 10 requests)
[00:22:27] [421/459] PTBK
[00:22:28] [422/459] RKTB
[00:22:29] [423/459] BALT
[00:22:29] [424/459] STSV
[00:22:30] [425/459] VCCB
[00:22:31] [426/459] SLTB
[00:22:32] [427/459] SBCR
[00:22:32] [428/459] VDCS
[00:22:33] [429/459] MDKI
[00:22:34] [430/459] SMRN
[00:22:35] 🔄 Identity reset
[00:22:35] 🔄 Identity rotated (every 10 requests)
[00:22:35] [431/459] PTBC
[00:22:35] [432/459] RADI
[00:22:36] [433/459] ADCR
[00:22:37] [434/459] SDCS
[00:22:38] [435/459] SRPJ
[00:22:39] [436/459] ARTS
[00:22:40] [437/459] SRHK
[00:22:40] [438/459] SPAY
[00:22:41] [439/459] GPTB
[00:22:42] [440/459] SNNN
[00:22:42] 🔄 Identity reset
[00:22:42] 🔄 Identity rotated (every 10 requests)
[00:22:42] [441/459] BALJ
[00:22:43] [442/459] TRIG
[00:22:44] [443/459] GTYT
[00:22:45] [444/459] ATGN
[00:22:46] [445/459] ANTE
[00:22:46] [446/459] BDCG
[00:22:47] [447/459] VECI
[00:22:48] [448/459] SCPR
[00:22:48] [449/459] RTEA
[00:22:49] [450/459] JSAI
[00:22:50] 🔄 Identity reset
[00:22:50] 🔄 Identity rotated (every 10 requests)
[00:22:50] [451/459] VJTP
[00:22:51] [452/459] GNDS
[00:22:52] [453/459] PAXA
[00:22:53] [454/459] CGGM
[00:22:54] [455/459] ACKZ
[00:22:55] [456/459] EMCC
[00:22:56] [457/459] KLSK
[00:22:56] [458/459] AVCK
[00:22:57] [459/459] JTCK
[00:22:58] ✅ DONE | Shows=1 | Movies=1
