[00:16:31] 🚀 BMS DAILY TRACKER STARTED (enhanced anti‑detection)
[00:16:31] [1/458] MBDC
[00:16:32] 🧠 New identity created
[00:16:32] [2/458] CHKM
[00:16:33] [3/458] JTKZ
[00:16:34] [4/458] CMCT
[00:16:35] [5/458] ASHO
[00:16:36] [6/458] ECDG
[00:16:37] [7/458] SPAT
[00:16:38] [8/458] HILC
[00:16:39] [9/458] SPPH
[00:16:40] [10/458] SBHN
[00:16:40] 🔄 Identity reset
[00:16:40] 🔄 Identity rotated (every 10 requests)
[00:16:41] [11/458] RRCA
[00:16:42] [12/458] APAA
[00:16:43] [13/458] RAME
[00:16:44] [14/458] TMMS
[00:16:46] [15/458] BATK
[00:16:47] [16/458] LKOP
[00:16:48] [17/458] AMTT
[00:16:48] [18/458] PTGK
[00:16:49] [19/458] ANRS
[00:16:50] [20/458] VWBW
[00:16:51] 🔄 Identity reset
[00:16:51] 🔄 Identity rotated (every 10 requests)
[00:16:51] [21/458] SVFG
[00:16:52] [22/458] STAT
[00:16:53] [23/458] GDCV
[00:16:54] [24/458] VEBI
[00:16:55] [25/458] VDSS
[00:16:56] [26/458] NTHV
[00:16:57] [27/458] AOCH
[00:16:57] [28/458] KASR
[00:16:58] [29/458] AYCS
[00:16:59] [30/458] SHAI
[00:17:00] 🔄 Identity reset
[00:17:00] 🔄 Identity rotated (every 10 requests)
[00:17:00] [31/458] SKPE
[00:17:01] [32/458] SBTA
[00:17:02] [33/458] RTTD
[00:17:03] [34/458] CCJD
[00:17:04] [35/458] RSJJ
[00:17:05] [36/458] RKND
[00:17:06] [37/458] SVTX
[00:17:07] [38/458] BAKM
[00:17:08] [39/458] SVDC
[00:17:09] [40/458] MNCV
[00:17:10] 🔄 Identity reset
[00:17:10] 🔄 Identity rotated (every 10 requests)
[00:17:10] [41/458] SJGC
[00:17:11] [42/458] MTPK
[00:17:12] [43/458] GATP
[00:17:13] [44/458] ABTS
[00:17:14] [45/458] ABDE
[00:17:15] [46/458] RCNM
[00:17:15] [47/458] KTHV
[00:17:17] [48/458] MDGJ
[00:17:18] [49/458] SMLM
[00:17:20] [50/458] JTMA
[00:17:20] 🔄 Identity reset
[00:17:20] 🔄 Identity rotated (every 10 requests)
[00:17:21] [51/458] ACKP
[00:17:22] [52/458] SRTA
[00:17:22] [53/458] STAY
[00:17:24] [54/458] MAVO
[00:17:25] [55/458] APTS
[00:17:27] [56/458] OMEA
[00:17:28] [57/458] TTFD
[00:17:29] [58/458] MJCU
[00:17:30] [59/458] CXTE
[00:17:31] [60/458] CTPX
[00:17:31] 🔄 Identity reset
[00:17:31] 🔄 Identity rotated (every 10 requests)
[00:17:32] [61/458] ASSL
[00:17:32] [62/458] CMVB
[00:17:33] [63/458] VPUR
[00:17:34] [64/458] JJDA
[00:17:35] [65/458] INBL
[00:17:37] [66/458] BIKB
[00:17:38] [67/458] NTBB
[00:17:39] [68/458] GLOB
[00:17:40] [69/458] SNTB
[00:17:41] [70/458] CHGV
[00:17:42] 🔄 Identity reset
[00:17:42] 🔄 Identity rotated (every 10 requests)
[00:17:42] [71/458] SSBZ
[00:17:43] [72/458] PRDB
[00:17:44] [73/458] ISMT
[00:17:45] [74/458] MCSD
[00:17:46] [75/458] JBTT
[00:17:47] [76/458] GEKR
[00:17:48] [77/458] PVUN
[00:17:48] [78/458] NRTB
[00:17:49] [79/458] PRAA
[00:17:50] [80/458] PCBL
[00:17:51] 🔄 Identity reset
[00:17:51] 🔄 Identity rotated (every 10 requests)
[00:17:51] [81/458] PTCM
[00:17:52] [82/458] KHNN
[00:17:53] [83/458] OMJE
[00:17:54] [84/458] STGN
[00:17:55] [85/458] RPMS
[00:17:56] [86/458] NWAD
[00:17:56] [87/458] BLCK
[00:17:58] [88/458] SVAA
[00:17:59] [89/458] URVM
[00:18:00] [90/458] ANTM
[00:18:01] 🔄 Identity reset
[00:18:01] 🔄 Identity rotated (every 10 requests)
[00:18:02] [91/458] VJYM
[00:18:02] [92/458] MAZZ
[00:18:03] [93/458] CSHM
[00:18:04] [94/458] WGMH
[00:18:05] [95/458] SALN
[00:18:07] [96/458] BRTP
[00:18:07] [97/458] SVTA
[00:18:08] [98/458] SBTP
[00:18:09] [99/458] VLSS
[00:18:10] [100/458] SRJA
[00:18:11] 🔄 Identity reset
[00:18:11] 🔄 Identity rotated (every 10 requests)
[00:18:11] [101/458] ANCG
[00:18:12] [102/458] CGGC
[00:18:13] [103/458] CRJA
[00:18:14] [104/458] USCR
[00:18:15] [105/458] MMEF
[00:18:16] [106/458] JCRJ
[00:18:17] [107/458] ADCM
[00:18:18] [108/458] BMYK
[00:18:19] [109/458] KICS
[00:18:20] [110/458] MBBT
[00:18:20] 🔄 Identity reset
[00:18:20] 🔄 Identity rotated (every 10 requests)
[00:18:21] [111/458] MACK
[00:18:22] [112/458] CLDR
[00:18:23] [113/458] JYCR
[00:18:24] [114/458] DCRP
[00:18:25] [115/458] RAHT
[00:18:26] [116/458] CSSM
[00:18:27] [117/458] ATPK
[00:18:28] [118/458] KLRT
[00:18:29] [119/458] SRDD
[00:18:30] [120/458] CKMC
[00:18:31] 🔄 Identity reset
[00:18:31] 🔄 Identity rotated (every 10 requests)
[00:18:31] [121/458] KRVM
[00:18:32] [122/458] AKCP
[00:18:33] [123/458] CNCV
[00:18:34] [124/458] PACT
[00:18:35] [125/458] NATP
[00:18:35] [126/458] PCPK
[00:18:36] [127/458] SMHO
[00:18:37] [128/458] CWTK
[00:18:38] [129/458] RVKZ
[00:18:39] [130/458] ASPD
[00:18:40] 🔄 Identity reset
[00:18:40] 🔄 Identity rotated (every 10 requests)
[00:18:40] [131/458] VTKZ
[00:18:42] [132/458] LCSO
[00:18:43] [133/458] PRDY
[00:18:44] [134/458] RCAP
[00:18:44] [135/458] RGAR
[00:18:46] [136/458] RCAC
[00:18:46] [137/458] PMOD
[00:18:47] [138/458] PVCN
[00:18:48] [139/458] SCRZ
[00:18:49] [140/458] PVPC
[00:18:50] 🔄 Identity reset
[00:18:50] 🔄 Identity rotated (every 10 requests)
[00:18:50] [141/458] STID
[00:18:52] [142/458] NEDD
[00:18:53] [143/458] BNBA
[00:18:54] [144/458] NTCD
[00:18:55] [145/458] OCDE
[00:18:56] [146/458] CCDU
[00:18:57] [147/458] CRXH
[00:18:58] [148/458] VLVT
[00:18:59] [149/458] CICI
[00:19:00] [150/458] SUCB
[00:19:00] 🔄 Identity reset
[00:19:00] 🔄 Identity rotated (every 10 requests)
[00:19:01] [151/458] TCBP
[00:19:01] [152/458] SCCY
[00:19:02] [153/458] LXCY
[00:19:03] [154/458] NCMD
[00:19:04] [155/458] PHCS
[00:19:05] [156/458] DUXR
[00:19:06] [157/458] VNKS
[00:19:07] [158/458] SEDP
[00:19:08] [159/458] SVEN
[00:19:09] [160/458] SRKM
[00:19:10] 🔄 Identity reset
[00:19:10] 🔄 Identity rotated (every 10 requests)
[00:19:10] [161/458] JTLT
[00:19:11] [162/458] SVSS
[00:19:11] [163/458] AMDE
[00:19:12] [164/458] WVRN
[00:19:13] [165/458] ISMG
[00:19:14] [166/458] WVKS
[00:19:15] [167/458] USCG
[00:19:16] [168/458] IOTG
[00:19:17] [169/458] RRJM
[00:19:18] [170/458] EDMP
[00:19:18] 🔄 Identity reset
[00:19:18] 🔄 Identity rotated (every 10 requests)
[00:19:19] [171/458] SCGZ
[00:19:19] [172/458] GMGX
[00:19:20] [173/458] OMTP
[00:19:21] [174/458] MITD
[00:19:22] [175/458] SMMD
[00:19:23] [176/458] STML
[00:19:25] [177/458] MCFS
[00:19:26] [178/458] FPKA
[00:19:28] [179/458] OMLR
[00:19:29] [180/458] KKSC
[00:19:30] 🔄 Identity reset
[00:19:30] 🔄 Identity rotated (every 10 requests)
[00:19:30] [181/458] RVMA
[00:19:31] [182/458] SCLL
[00:19:33] [183/458] SCDK
[00:19:34] [184/458] SXMI
[00:19:35] [185/458] SHDN
[00:19:36] [186/458] PAAD
[00:19:37] [187/458] UUCB
[00:19:38] [188/458] JHOL
[00:19:39] [189/458] SGWT
[00:19:40] [190/458] SRII
[00:19:40] 🔄 Identity reset
[00:19:40] 🔄 Identity rotated (every 10 requests)
[00:19:41] [191/458] SGCK
[00:19:42] [192/458] SVVB
[00:19:43] [193/458] DMHA
[00:19:44] [194/458] PPNL
[00:19:45] [195/458] CPNL
[00:19:46] [196/458] WVLD
[00:19:47] [197/458] PSLV
[00:19:48] [198/458] VTTL
[00:19:49] [199/458] NPAD
[00:19:50] [200/458] PVCS
[00:19:50] 🔄 Identity reset
[00:19:50] 🔄 Identity rotated (every 10 requests)
[00:19:51] [201/458] MCHL
[00:19:52] [202/458] PPLL
[00:19:52] [203/458] MALO
[00:19:53] [204/458] SWBH
[00:19:54] [205/458] PUGB
[00:19:55] [206/458] INBB
[00:19:56] [207/458] INNS
[00:19:57] [208/458] MCPT
[00:19:58] [209/458] SCMI
[00:19:59] [210/458] OCON
[00:19:59] 🔄 Identity reset
[00:19:59] 🔄 Identity rotated (every 10 requests)
[00:20:00] [211/458] SCSM
[00:20:01] [212/458] RJVN
[00:20:02] [213/458] AMDK
[00:20:02] [214/458] ISMR
[00:20:03] [215/458] SMTD
[00:20:05] [216/458] VTDD
[00:20:06] [217/458] PDDZ
[00:20:07] [218/458] PCCK
[00:20:07] [219/458] INAM
[00:20:08] [220/458] FNKT
[00:20:09] 🔄 Identity reset
[00:20:09] 🔄 Identity rotated (every 10 requests)
[00:20:09] [221/458] GDKA
[00:20:10] [222/458] MAYU
[00:20:11] [223/458] TCGU
[00:20:12] [224/458] KDCA
[00:20:13] [225/458] DOMY
[00:20:14] [226/458] PDDD
[00:20:15] [227/458] BJTS
[00:20:16] [228/458] VTCA
[00:20:17] [229/458] SBTM
[00:20:18] [230/458] SEET
[00:20:18] 🔄 Identity reset
[00:20:18] 🔄 Identity rotated (every 10 requests)
[00:20:18] [231/458] SSTJ
[00:20:19] [232/458] SVNT
[00:20:20] [233/458] PPPR
[00:20:21] [234/458] PVYS
[00:20:22] [235/458] IOSE
[00:20:23] [236/458] ACTV
[00:20:24] [237/458] APVE
[00:20:25] [238/458] TCCL
[00:20:26] [239/458] SCMO
[00:20:26] [240/458] SAUM
[00:20:27] 🔄 Identity reset
[00:20:27] 🔄 Identity rotated (every 10 requests)
[00:20:28] [241/458] KCJS
[00:20:29] [242/458] NJCJ
[00:20:29] [243/458] NECF
[00:20:30] [244/458] CCGW
[00:20:31] [245/458] CCMG
[00:20:32] [246/458] NYRG
[00:20:33] [247/458] NCSQ
[00:20:35] [248/458] GRCG
[00:20:37] [249/458] CCBT
[00:20:38] [250/458] ACGA
[00:20:38] 🔄 Identity reset
[00:20:38] 🔄 Identity rotated (every 10 requests)
[00:20:39] [251/458] INAG
[00:20:40] [252/458] FUCG
[00:20:41] [253/458] AICF
[00:20:42] [254/458] GRGA
[00:20:43] [255/458] GDCN
[00:20:44] [256/458] RRCG
[00:20:45] [257/458] SDCH
[00:20:46] [258/458] WVJM
[00:20:47] [259/458] JCCZ
[00:20:48] [260/458] CNCL
[00:20:48] 🔄 Identity reset
[00:20:48] 🔄 Identity rotated (every 10 requests)
[00:20:49] [261/458] TMLV
[00:20:49] [262/458] MEMB
[00:20:50] [263/458] SGTD
[00:20:51] [264/458] CONX
[00:20:52] [265/458] CCMH
[00:20:53] [266/458] ACMC
[00:20:54] [267/458] DTPD
[00:20:55] [268/458] POJA
[00:20:56] [269/458] FNBH
[00:20:57] [270/458] CGCB
[00:20:58] 🔄 Identity reset
[00:20:58] 🔄 Identity rotated (every 10 requests)
[00:20:58] [271/458] RACN
[00:20:59] [272/458] JTSM
[00:21:00] [273/458] SCDN
[00:21:01] [274/458] AACK
[00:21:02] [275/458] RMCE
[00:21:03] [276/458] BSGB
[00:21:05] [277/458] MRCB
[00:21:06] [278/458] SRVR
[00:21:07] [279/458] VTKK
[00:21:08] [280/458] AMST
[00:21:09] 🔄 Identity reset
[00:21:09] 🔄 Identity rotated (every 10 requests)
[00:21:09] [281/458] APCY
[00:21:10] [282/458] LMHO
[00:21:11] [283/458] MTZH
[00:21:11] [284/458] AMZB
[00:21:12] [285/458] SUVT
[00:21:13] [286/458] RCIP
[00:21:15] [287/458] KESR
[00:21:16] [288/458] SNKC
[00:21:17] [289/458] SCED
[00:21:18] [290/458] DVCA
[00:21:18] 🔄 Identity reset
[00:21:18] 🔄 Identity rotated (every 10 requests)
[00:21:19] [291/458] VCDT
[00:21:20] [292/458] RRDI
[00:21:21] [293/458] DFCH
[00:21:22] [294/458] INSC
[00:21:24] [295/458] RGTR
[00:21:24] [296/458] FMOT
[00:21:25] [297/458] SCPM
[00:21:26] [298/458] GCDT
[00:21:27] [299/458] BRKT
[00:21:28] [300/458] DEMP
[00:21:29] 🔄 Identity reset
[00:21:29] 🔄 Identity rotated (every 10 requests)
[00:21:29] [301/458] SRLC
[00:21:30] [302/458] KSTT
[00:21:31] [303/458] SMMT
[00:21:32] [304/458] SILM
[00:21:33] [305/458] JCVM
[00:21:34] [306/458] KCSV
[00:21:35] [307/458] MHLK
[00:21:36] [308/458] SLVL
[00:21:37] [309/458] RJKP
[00:21:37] [310/458] BBPC
[00:21:38] 🔄 Identity reset
[00:21:38] 🔄 Identity rotated (every 10 requests)
[00:21:38] [311/458] MXCB
[00:21:39] [312/458] TCPK
[00:21:40] [313/458] RTBR
[00:21:41] [314/458] GAUT
[00:21:43] [315/458] DVCF
[00:21:44] [316/458] JTSB
[00:21:45] [317/458] SBLS
[00:21:45] [318/458] UDAY
[00:21:46] [319/458] PTNP
[00:21:47] [320/458] DMKT
[00:21:48] 🔄 Identity reset
[00:21:48] 🔄 Identity rotated (every 10 requests)
[00:21:48] [321/458] NTDT
[00:21:49] [322/458] SHDJ
[00:21:51] [323/458] OTNC
[00:21:52] [324/458] RNTW
[00:21:53] [325/458] GCMI
[00:21:54] [326/458] CRCM
[00:21:54] [327/458] NNCZ
[00:21:55] [328/458] OEMO
[00:21:56] [329/458] PVJM
[00:21:57] [330/458] CPJI
[00:21:58] 🔄 Identity reset
[00:21:58] 🔄 Identity rotated (every 10 requests)
[00:21:58] [331/458] RMCJ
[00:21:59] [332/458] CNWJ
[00:22:00] [333/458] EPJM
[00:22:01] [334/458] FNJJ
[00:22:02] [335/458] GCMJ
[00:22:03] [336/458] INPS
[00:22:04] [337/458] BICJ
[00:22:05] [338/458] ISTJ
[00:22:05] [339/458] INJC
[00:22:06] [340/458] GLXJ
[00:22:07] 🔄 Identity reset
[00:22:07] 🔄 Identity rotated (every 10 requests)
[00:22:07] [341/458] INEM
[00:22:08] [342/458] JTMN
[00:22:09] [343/458] FRCJ
[00:22:10] [344/458] DDJP
[00:22:11] [345/458] INJV
[00:22:12] [346/458] GOLC
[00:22:13] [347/458] KOCI
[00:22:13] [348/458] FSTD
[00:22:14] [349/458] PACJ
[00:22:15] [350/458] GMCN
[00:22:16] 🔄 Identity reset
[00:22:16] 🔄 Identity rotated (every 10 requests)
[00:22:16] [351/458] MMDJ
[00:22:17] [352/458] GODH
[00:22:18] [353/458] SKYN
[00:22:19] [354/458] NCTH
[00:22:20] [355/458] SKVZ
[00:22:21] [356/458] SVML
[00:22:22] [357/458] ACVZ
[00:22:23] [358/458] SURA
[00:22:24] [359/458] RTRB
[00:22:25] [360/458] LLCT
[00:22:26] 🔄 Identity reset
[00:22:26] 🔄 Identity rotated (every 10 requests)
[00:22:27] [361/458] ATTS
[00:22:28] [362/458] JYCM
[00:22:29] [363/458] CTKR
[00:22:29] [364/458] LCKR
[00:22:30] [365/458] NYCV
[00:22:31] [366/458] NYOH
[00:22:32] [367/458] NOVX
[00:22:33] [368/458] MRGK
[00:22:34] [369/458] MOON
[00:22:35] [370/458] SBUC
[00:22:36] 🔄 Identity reset
[00:22:36] 🔄 Identity rotated (every 10 requests)
[00:22:36] [371/458] GSVA
[00:22:37] [372/458] VIAK
[00:22:38] [373/458] SMVZ
[00:22:39] [374/458] MATE
[00:22:41] [375/458] RDCN
[00:22:42] [376/458] ASBL
[00:22:44] [377/458] ASVS
[00:22:45] [378/458] ASSR
[00:22:46] [379/458] SSKN
[00:22:47] [380/458] DRPV
[00:22:47] 🔄 Identity reset
[00:22:47] 🔄 Identity rotated (every 10 requests)
[00:22:47] [381/458] MRHT
[00:22:49] [382/458] BSCN
[00:22:51] [383/458] RKNX
[00:22:52] [384/458] MSMC
[00:22:52] [385/458] MSCJ
[00:22:53] [386/458] BTBJ
[00:22:54] [387/458] MJCC
[00:22:55] [388/458] IOMM
[00:22:57] [389/458] ADGR
[00:22:58] [390/458] MYCP
[00:22:58] 🔄 Identity reset
[00:22:58] 🔄 Identity rotated (every 10 requests)
[00:22:58] [391/458] IGCM
[00:22:59] [392/458] PGRK
[00:23:00] [393/458] VPGO
[00:23:01] [394/458] KOMS
[00:23:02] [395/458] URGG
[00:23:03] [396/458] GOST
[00:23:04] [397/458] LACT
[00:23:04] [398/458] BWCM
[00:23:05] [399/458] NCCW
[00:23:06] [400/458] SKYC
[00:23:07] 🔄 Identity reset
[00:23:07] 🔄 Identity rotated (every 10 requests)
[00:23:07] [401/458] CCPM
[00:23:08] [402/458] VCBT
[00:23:09] [403/458] SDKR
[00:23:10] [404/458] CTYB
[00:23:11] [405/458] SHCX
[00:23:12] [406/458] RCUN
[00:23:13] [407/458] CNRA
[00:23:14] [408/458] RFCA
[00:23:16] [409/458] RDCU
[00:23:17] [410/458] SARK
[00:23:18] 🔄 Identity reset
[00:23:18] 🔄 Identity rotated (every 10 requests)
[00:23:19] [411/458] SPPP
[00:23:20] [412/458] ADMB
[00:23:20] [413/458] JYOE
[00:23:22] [414/458] SRMD
[00:23:23] [415/458] RJDH
[00:23:24] [416/458] SSTD
[00:23:25] [417/458] AACV
[00:23:26] [418/458] PPVD
[00:23:26] [419/458] STCP
[00:23:27] [420/458] ANLS
[00:23:28] 🔄 Identity reset
[00:23:28] 🔄 Identity rotated (every 10 requests)
[00:23:28] [421/458] BIJO
[00:23:29] [422/458] AVAB
[00:23:30] [423/458] SPMD
[00:23:31] [424/458] SVJL
[00:23:33] [425/458] SDDJ
[00:23:34] [426/458] SLTU
[00:23:35] [427/458] SAKA
[00:23:36] [428/458] PMAM
[00:23:37] [429/458] FNAM
[00:23:38] [430/458] ACAM
[00:23:39] 🔄 Identity reset
[00:23:39] 🔄 Identity rotated (every 10 requests)
[00:23:39] [431/458] SCMM
[00:23:40] [432/458] PMAK
[00:23:41] [433/458] NYSA
[00:23:42] [434/458] FCPA
[00:23:43] [435/458] GDAN
[00:23:44] [436/458] RSCA
[00:23:45] [437/458] DMAN
[00:23:46] [438/458] DZCM
[00:23:47] [439/458] NSGL
[00:23:48] [440/458] CCPP
[00:23:48] 🔄 Identity reset
[00:23:48] 🔄 Identity rotated (every 10 requests)
[00:23:49] [441/458] PSMG
[00:23:50] [442/458] GSER
[00:23:51] [443/458] FCCT
[00:23:52] [444/458] FCTB
[00:23:53] [445/458] LCNK
[00:23:54] [446/458] SKTY
[00:23:55] [447/458] INAA
[00:23:56] [448/458] RCWN
[00:23:58] [449/458] VAIS
[00:23:58] [450/458] CVMN
[00:23:59] 🔄 Identity reset
[00:23:59] 🔄 Identity rotated (every 10 requests)
[00:23:59] [451/458] INTS
[00:24:01] [452/458] FRGS
[00:24:02] [453/458] DTCK
[00:24:03] [454/458] MCMH
[00:24:04] [455/458] ECRR
[00:24:05] [456/458] RLLP
[00:24:06] [457/458] CCSN
[00:24:07] [458/458] CCBA
[00:24:08] ✅ DONE | Shows=0 | Movies=0
[00:41:26] 🚀 BMS DAILY TRACKER STARTED (enhanced anti‑detection)
[00:41:26] [1/458] MBDC
[00:41:26] 🧠 New identity created
[00:41:27] [2/458] CHKM
[00:41:28] [3/458] JTKZ
[00:41:28] [4/458] CMCT
[00:41:30] [5/458] ASHO
[00:41:31] [6/458] ECDG
[00:41:32] [7/458] SPAT
[00:41:33] [8/458] HILC
[00:41:34] [9/458] SPPH
[00:41:35] [10/458] SBHN
[00:41:36] 🔄 Identity reset
[00:41:36] 🔄 Identity rotated (every 10 requests)
[00:41:36] [11/458] RRCA
[00:41:37] [12/458] APAA
[00:41:37] [13/458] RAME
[00:41:38] [14/458] TMMS
[00:41:39] [15/458] BATK
[00:41:40] [16/458] LKOP
[00:41:41] [17/458] AMTT
[00:41:42] [18/458] PTGK
[00:41:43] [19/458] ANRS
[00:41:43] [20/458] VWBW
[00:41:44] 🔄 Identity reset
[00:41:44] 🔄 Identity rotated (every 10 requests)
[00:41:44] [21/458] SVFG
[00:41:45] [22/458] STAT
[00:41:46] [23/458] GDCV
[00:41:47] [24/458] VEBI
[00:41:48] [25/458] VDSS
[00:41:49] [26/458] NTHV
[00:41:50] [27/458] AOCH
[00:41:51] [28/458] KASR
[00:41:51] [29/458] AYCS
[00:41:52] [30/458] SHAI
[00:41:53] 🔄 Identity reset
[00:41:53] 🔄 Identity rotated (every 10 requests)
[00:41:53] [31/458] SKPE
[00:41:54] [32/458] SBTA
[00:41:55] [33/458] RTTD
[00:41:56] [34/458] CCJD
[00:41:57] [35/458] RSJJ
[00:41:58] [36/458] RKND
[00:42:00] [37/458] SVTX
[00:42:00] [38/458] BAKM
[00:42:01] [39/458] SVDC
[00:42:02] [40/458] MNCV
[00:42:03] 🔄 Identity reset
[00:42:03] 🔄 Identity rotated (every 10 requests)
[00:42:03] [41/458] SJGC
[00:42:04] [42/458] MTPK
[00:42:05] [43/458] GATP
[00:42:05] [44/458] ABTS
[00:42:06] [45/458] ABDE
[00:42:07] [46/458] RCNM
[00:42:08] [47/458] KTHV
[00:42:09] [48/458] MDGJ
[00:42:09] [49/458] SMLM
[00:42:10] [50/458] JTMA
[00:42:11] 🔄 Identity reset
[00:42:11] 🔄 Identity rotated (every 10 requests)
[00:42:11] [51/458] ACKP
[00:42:12] [52/458] SRTA
[00:42:14] [53/458] STAY
[00:42:15] [54/458] MAVO
[00:42:16] [55/458] APTS
[00:42:17] [56/458] OMEA
[00:42:18] [57/458] TTFD
[00:42:19] [58/458] MJCU
[00:42:20] [59/458] CXTE
[00:42:21] [60/458] CTPX
[00:42:21] 🔄 Identity reset
[00:42:21] 🔄 Identity rotated (every 10 requests)
[00:42:22] [61/458] ASSL
[00:42:23] [62/458] CMVB
[00:42:23] [63/458] VPUR
[00:42:24] [64/458] JJDA
[00:42:25] [65/458] INBL
[00:42:26] [66/458] BIKB
[00:42:27] [67/458] NTBB
[00:42:28] [68/458] GLOB
[00:42:28] [69/458] SNTB
[00:42:29] [70/458] CHGV
[00:42:30] 🔄 Identity reset
[00:42:30] 🔄 Identity rotated (every 10 requests)
[00:42:30] [71/458] SSBZ
[00:42:31] [72/458] PRDB
[00:42:32] [73/458] ISMT
[00:42:33] [74/458] MCSD
[00:42:34] [75/458] JBTT
[00:42:35] [76/458] GEKR
[00:42:36] [77/458] PVUN
[00:42:37] [78/458] NRTB
[00:42:38] [79/458] PRAA
[00:42:39] [80/458] PCBL
[00:42:39] 🔄 Identity reset
[00:42:39] 🔄 Identity rotated (every 10 requests)
[00:42:40] [81/458] PTCM
[00:42:41] [82/458] KHNN
[00:42:42] [83/458] OMJE
[00:42:42] [84/458] STGN
[00:42:43] [85/458] RPMS
[00:42:44] [86/458] NWAD
[00:42:45] [87/458] BLCK
[00:42:45] [88/458] SVAA
[00:42:46] [89/458] URVM
[00:42:47] [90/458] ANTM
[00:42:48] 🔄 Identity reset
[00:42:48] 🔄 Identity rotated (every 10 requests)
[00:42:48] [91/458] VJYM
[00:42:49] [92/458] MAZZ
[00:42:50] [93/458] CSHM
[00:42:51] [94/458] WGMH
[00:42:52] [95/458] SALN
[00:42:53] [96/458] BRTP
[00:42:54] [97/458] SVTA
[00:42:55] [98/458] SBTP
[00:42:56] [99/458] VLSS
[00:42:56] [100/458] SRJA
[00:42:57] 🔄 Identity reset
[00:42:57] 🔄 Identity rotated (every 10 requests)
[00:42:57] [101/458] ANCG
[00:42:58] [102/458] CGGC
[00:42:59] [103/458] CRJA
[00:43:00] [104/458] USCR
[00:43:01] [105/458] MMEF
[00:43:01] [106/458] JCRJ
[00:43:02] [107/458] ADCM
[00:43:03] [108/458] BMYK
[00:43:04] [109/458] KICS
[00:43:05] [110/458] MBBT
[00:43:05] 🔄 Identity reset
[00:43:06] 🔄 Identity rotated (every 10 requests)
[00:43:06] [111/458] MACK
[00:43:07] [112/458] CLDR
[00:43:08] [113/458] JYCR
[00:43:08] [114/458] DCRP
[00:43:09] [115/458] RAHT
[00:43:10] [116/458] CSSM
[00:43:11] [117/458] ATPK
[00:43:12] [118/458] KLRT
[00:43:13] [119/458] SRDD
[00:43:14] [120/458] CKMC
[00:43:14] 🔄 Identity reset
[00:43:14] 🔄 Identity rotated (every 10 requests)
[00:43:15] [121/458] KRVM
[00:43:15] [122/458] AKCP
[00:43:16] [123/458] CNCV
[00:43:17] [124/458] PACT
[00:43:18] [125/458] NATP
[00:43:19] [126/458] PCPK
[00:43:20] [127/458] SMHO
[00:43:21] [128/458] CWTK
[00:43:22] [129/458] RVKZ
[00:43:23] [130/458] ASPD
[00:43:24] 🔄 Identity reset
[00:43:24] 🔄 Identity rotated (every 10 requests)
[00:43:24] [131/458] VTKZ
[00:43:25] [132/458] LCSO
[00:43:26] [133/458] PRDY
[00:43:27] [134/458] RCAP
[00:43:28] [135/458] RGAR
[00:43:28] [136/458] RCAC
[00:43:30] [137/458] PMOD
[00:43:31] [138/458] PVCN
[00:43:32] [139/458] SCRZ
[00:43:33] [140/458] PVPC
[00:43:33] 🔄 Identity reset
[00:43:33] 🔄 Identity rotated (every 10 requests)
[00:43:34] [141/458] STID
[00:43:35] [142/458] NEDD
[00:43:37] [143/458] BNBA
[00:43:38] [144/458] NTCD
[00:43:39] [145/458] OCDE
[00:43:40] [146/458] CCDU
[00:43:42] [147/458] CRXH
[00:43:42] [148/458] VLVT
[00:43:43] [149/458] CICI
[00:43:44] [150/458] SUCB
[00:43:45] 🔄 Identity reset
[00:43:45] 🔄 Identity rotated (every 10 requests)
[00:43:45] [151/458] TCBP
[00:43:46] [152/458] SCCY
[00:43:47] [153/458] LXCY
[00:43:48] [154/458] NCMD
[00:43:48] [155/458] PHCS
[00:43:49] [156/458] DUXR
[00:43:50] [157/458] VNKS
[00:43:51] [158/458] SEDP
[00:43:52] [159/458] SVEN
[00:43:52] [160/458] SRKM
[00:43:53] 🔄 Identity reset
[00:43:53] 🔄 Identity rotated (every 10 requests)
[00:43:53] [161/458] JTLT
[00:43:54] [162/458] SVSS
[00:43:55] [163/458] AMDE
[00:43:56] [164/458] WVRN
[00:43:57] [165/458] ISMG
[00:43:58] [166/458] WVKS
[00:43:58] [167/458] USCG
[00:43:59] [168/458] IOTG
[00:44:00] [169/458] RRJM
[00:44:01] [170/458] EDMP
[00:44:01] 🔄 Identity reset
[00:44:01] 🔄 Identity rotated (every 10 requests)
[00:44:02] [171/458] SCGZ
[00:44:02] [172/458] GMGX
[00:44:04] [173/458] OMTP
[00:44:05] [174/458] MITD
[00:44:06] [175/458] SMMD
[00:44:07] [176/458] STML
[00:44:07] [177/458] MCFS
[00:44:08] [178/458] FPKA
[00:44:09] [179/458] OMLR
[00:44:10] [180/458] KKSC
[00:44:11] 🔄 Identity reset
[00:44:11] 🔄 Identity rotated (every 10 requests)
[00:44:12] [181/458] RVMA
[00:44:13] [182/458] SCLL
[00:44:13] [183/458] SCDK
[00:44:14] [184/458] SXMI
[00:44:15] [185/458] SHDN
[00:44:16] [186/458] PAAD
[00:44:17] [187/458] UUCB
[00:44:18] [188/458] JHOL
[00:44:19] [189/458] SGWT
[00:44:19] [190/458] SRII
[00:44:20] 🔄 Identity reset
[00:44:20] 🔄 Identity rotated (every 10 requests)
[00:44:20] [191/458] SGCK
[00:44:21] [192/458] SVVB
[00:44:22] [193/458] DMHA
[00:44:23] [194/458] PPNL
[00:44:24] [195/458] CPNL
[00:44:25] [196/458] WVLD
[00:44:26] [197/458] PSLV
[00:44:27] [198/458] VTTL
[00:44:28] [199/458] NPAD
[00:44:29] [200/458] PVCS
[00:44:29] 🔄 Identity reset
[00:44:29] 🔄 Identity rotated (every 10 requests)
[00:44:29] [201/458] MCHL
[00:44:30] [202/458] PPLL
[00:44:32] [203/458] MALO
[00:44:33] [204/458] SWBH
[00:44:34] [205/458] PUGB
[00:44:34] [206/458] INBB
[00:44:35] [207/458] INNS
[00:44:36] [208/458] MCPT
[00:44:37] [209/458] SCMI
[00:44:38] [210/458] OCON
[00:44:39] 🔄 Identity reset
[00:44:39] 🔄 Identity rotated (every 10 requests)
[00:44:39] [211/458] SCSM
[00:44:39] [212/458] RJVN
[00:44:40] [213/458] AMDK
[00:44:41] [214/458] ISMR
[00:44:42] [215/458] SMTD
[00:44:42] [216/458] VTDD
[00:44:43] [217/458] PDDZ
[00:44:44] [218/458] PCCK
[00:44:45] [219/458] INAM
[00:44:45] [220/458] FNKT
[00:44:46] 🔄 Identity reset
[00:44:46] 🔄 Identity rotated (every 10 requests)
[00:44:46] [221/458] GDKA
[00:44:47] [222/458] MAYU
[00:44:48] [223/458] TCGU
[00:44:49] [224/458] KDCA
[00:44:49] [225/458] DOMY
[00:44:50] [226/458] PDDD
[00:44:51] [227/458] BJTS
[00:44:51] [228/458] VTCA
[00:44:52] [229/458] SBTM
[00:44:53] [230/458] SEET
[00:44:54] 🔄 Identity reset
[00:44:54] 🔄 Identity rotated (every 10 requests)
[00:44:54] [231/458] SSTJ
[00:44:55] [232/458] SVNT
[00:44:56] [233/458] PPPR
[00:44:56] [234/458] PVYS
[00:44:57] [235/458] IOSE
[00:44:58] [236/458] ACTV
[00:44:59] [237/458] APVE
[00:44:59] [238/458] TCCL
[00:45:00] [239/458] SCMO
[00:45:01] [240/458] SAUM
[00:45:02] 🔄 Identity reset
[00:45:02] 🔄 Identity rotated (every 10 requests)
[00:45:02] [241/458] KCJS
[00:45:02] [242/458] NJCJ
[00:45:03] [243/458] NECF
[00:45:04] [244/458] CCGW
[00:45:05] [245/458] CCMG
[00:45:06] [246/458] NYRG
[00:45:07] [247/458] NCSQ
[00:45:07] [248/458] GRCG
[00:45:08] [249/458] CCBT
[00:45:09] [250/458] ACGA
[00:45:10] 🔄 Identity reset
[00:45:10] 🔄 Identity rotated (every 10 requests)
[00:45:10] [251/458] INAG
[00:45:11] [252/458] FUCG
[00:45:12] [253/458] AICF
[00:45:13] [254/458] GRGA
[00:45:13] [255/458] GDCN
[00:45:14] [256/458] RRCG
[00:45:15] [257/458] SDCH
[00:45:16] [258/458] WVJM
[00:45:18] [259/458] JCCZ
[00:45:18] [260/458] CNCL
[00:45:19] 🔄 Identity reset
[00:45:19] 🔄 Identity rotated (every 10 requests)
[00:45:19] [261/458] TMLV
[00:45:20] [262/458] MEMB
[00:45:21] [263/458] SGTD
[00:45:22] [264/458] CONX
[00:45:22] [265/458] CCMH
[00:45:23] [266/458] ACMC
[00:45:24] [267/458] DTPD
[00:45:25] [268/458] POJA
[00:45:26] [269/458] FNBH
[00:45:26] [270/458] CGCB
[00:45:27] 🔄 Identity reset
[00:45:27] 🔄 Identity rotated (every 10 requests)
[00:45:27] [271/458] RACN
[00:45:28] [272/458] JTSM
[00:45:29] [273/458] SCDN
[00:45:30] [274/458] AACK
[00:45:31] [275/458] RMCE
[00:45:32] [276/458] BSGB
[00:45:33] [277/458] MRCB
[00:45:34] [278/458] SRVR
[00:45:35] [279/458] VTKK
[00:45:36] [280/458] AMST
[00:45:37] 🔄 Identity reset
[00:45:37] 🔄 Identity rotated (every 10 requests)
[00:45:37] [281/458] APCY
[00:45:38] [282/458] LMHO
[00:45:39] [283/458] MTZH
[00:45:40] [284/458] AMZB
[00:45:41] [285/458] SUVT
[00:45:42] [286/458] RCIP
[00:45:43] [287/458] KESR
[00:45:44] [288/458] SNKC
[00:45:45] [289/458] SCED
[00:45:46] [290/458] DVCA
[00:45:46] 🔄 Identity reset
[00:45:46] 🔄 Identity rotated (every 10 requests)
[00:45:47] [291/458] VCDT
[00:45:48] [292/458] RRDI
[00:45:48] [293/458] DFCH
[00:45:49] [294/458] INSC
[00:45:50] [295/458] RGTR
[00:45:51] [296/458] FMOT
[00:45:52] [297/458] SCPM
[00:45:52] [298/458] GCDT
[00:45:53] [299/458] BRKT
[00:45:54] [300/458] DEMP
[00:45:55] 🔄 Identity reset
[00:45:55] 🔄 Identity rotated (every 10 requests)
[00:45:55] [301/458] SRLC
[00:45:56] [302/458] KSTT
[00:45:57] [303/458] SMMT
[00:45:57] [304/458] SILM
[00:45:58] [305/458] JCVM
[00:45:59] [306/458] KCSV
[00:46:00] [307/458] MHLK
[00:46:01] [308/458] SLVL
[00:46:01] [309/458] RJKP
[00:46:02] [310/458] BBPC
[00:46:03] 🔄 Identity reset
[00:46:03] 🔄 Identity rotated (every 10 requests)
[00:46:03] [311/458] MXCB
[00:46:04] [312/458] TCPK
[00:46:05] [313/458] RTBR
[00:46:05] [314/458] GAUT
[00:46:06] [315/458] DVCF
[00:46:07] [316/458] JTSB
[00:46:08] [317/458] SBLS
[00:46:09] [318/458] UDAY
[00:46:09] [319/458] PTNP
[00:46:10] [320/458] DMKT
[00:46:11] 🔄 Identity reset
[00:46:11] 🔄 Identity rotated (every 10 requests)
[00:46:11] [321/458] NTDT
[00:46:12] [322/458] SHDJ
[00:46:13] [323/458] OTNC
[00:46:14] [324/458] RNTW
[00:46:14] [325/458] GCMI
[00:46:15] [326/458] CRCM
[00:46:16] [327/458] NNCZ
[00:46:16] [328/458] OEMO
[00:46:17] [329/458] PVJM
[00:46:18] [330/458] CPJI
[00:46:19] 🔄 Identity reset
[00:46:19] 🔄 Identity rotated (every 10 requests)
[00:46:19] [331/458] RMCJ
[00:46:20] [332/458] CNWJ
[00:46:21] [333/458] EPJM
[00:46:22] [334/458] FNJJ
[00:46:23] [335/458] GCMJ
[00:46:23] [336/458] INPS
[00:46:24] [337/458] BICJ
[00:46:25] [338/458] ISTJ
[00:46:26] [339/458] INJC
[00:46:27] [340/458] GLXJ
[00:46:27] 🔄 Identity reset
[00:46:27] 🔄 Identity rotated (every 10 requests)
[00:46:28] [341/458] INEM
[00:46:29] [342/458] JTMN
[00:46:29] [343/458] FRCJ
[00:46:30] [344/458] DDJP
[00:46:31] [345/458] INJV
[00:46:32] [346/458] GOLC
[00:46:32] [347/458] KOCI
[00:46:33] [348/458] FSTD
[00:46:34] [349/458] PACJ
[00:46:35] [350/458] GMCN
[00:46:36] 🔄 Identity reset
[00:46:36] 🔄 Identity rotated (every 10 requests)
[00:46:36] [351/458] MMDJ
[00:46:36] [352/458] GODH
[00:46:37] [353/458] SKYN
[00:46:38] [354/458] NCTH
[00:46:39] [355/458] SKVZ
[00:46:40] [356/458] SVML
[00:46:40] [357/458] ACVZ
[00:46:41] [358/458] SURA
[00:46:42] [359/458] RTRB
[00:46:43] [360/458] LLCT
[00:46:43] 🔄 Identity reset
[00:46:43] 🔄 Identity rotated (every 10 requests)
[00:46:44] [361/458] ATTS
[00:46:44] [362/458] JYCM
[00:46:45] [363/458] CTKR
[00:46:46] [364/458] LCKR
[00:46:47] [365/458] NYCV
[00:46:48] [366/458] NYOH
[00:46:49] [367/458] NOVX
[00:46:50] [368/458] MRGK
[00:46:50] [369/458] MOON
[00:46:51] [370/458] SBUC
[00:46:51] 🔄 Identity reset
[00:46:51] 🔄 Identity rotated (every 10 requests)
[00:46:52] [371/458] GSVA
[00:46:53] [372/458] VIAK
[00:46:53] [373/458] SMVZ
[00:46:54] [374/458] MATE
[00:46:55] [375/458] RDCN
[00:46:55] [376/458] ASBL
[00:46:56] [377/458] ASVS
[00:46:57] [378/458] ASSR
[00:46:58] [379/458] SSKN
[00:46:58] [380/458] DRPV
[00:46:59] 🔄 Identity reset
[00:46:59] 🔄 Identity rotated (every 10 requests)
[00:46:59] [381/458] MRHT
[00:47:00] [382/458] BSCN
[00:47:01] [383/458] RKNX
[00:47:01] [384/458] MSMC
[00:47:02] [385/458] MSCJ
[00:47:03] [386/458] BTBJ
[00:47:04] [387/458] MJCC
[00:47:05] [388/458] IOMM
[00:47:05] [389/458] ADGR
[00:47:07] [390/458] MYCP
[00:47:07] 🔄 Identity reset
[00:47:07] 🔄 Identity rotated (every 10 requests)
[00:47:08] [391/458] IGCM
[00:47:09] [392/458] PGRK
[00:47:10] [393/458] VPGO
[00:47:11] [394/458] KOMS
[00:47:12] [395/458] URGG
[00:47:12] [396/458] GOST
[00:47:13] [397/458] LACT
[00:47:14] [398/458] BWCM
[00:47:15] [399/458] NCCW
[00:47:16] [400/458] SKYC
[00:47:16] 🔄 Identity reset
[00:47:16] 🔄 Identity rotated (every 10 requests)
[00:47:17] [401/458] CCPM
[00:47:17] [402/458] VCBT
[00:47:18] [403/458] SDKR
[00:47:19] [404/458] CTYB
[00:47:20] [405/458] SHCX
[00:47:21] [406/458] RCUN
[00:47:22] [407/458] CNRA
[00:47:22] [408/458] RFCA
[00:47:23] [409/458] RDCU
[00:47:24] [410/458] SARK
[00:47:24] 🔄 Identity reset
[00:47:24] 🔄 Identity rotated (every 10 requests)
[00:47:25] [411/458] SPPP
[00:47:25] [412/458] ADMB
[00:47:26] [413/458] JYOE
[00:47:27] [414/458] SRMD
[00:47:28] [415/458] RJDH
[00:47:29] [416/458] SSTD
[00:47:30] [417/458] AACV
[00:47:31] [418/458] PPVD
[00:47:32] [419/458] STCP
[00:47:33] [420/458] ANLS
[00:47:33] 🔄 Identity reset
[00:47:33] 🔄 Identity rotated (every 10 requests)
[00:47:34] [421/458] BIJO
[00:47:34] [422/458] AVAB
[00:47:35] [423/458] SPMD
[00:47:36] [424/458] SVJL
[00:47:37] [425/458] SDDJ
[00:47:38] [426/458] SLTU
[00:47:39] [427/458] SAKA
[00:47:39] [428/458] PMAM
[00:47:40] [429/458] FNAM
[00:47:41] [430/458] ACAM
[00:47:42] 🔄 Identity reset
[00:47:42] 🔄 Identity rotated (every 10 requests)
[00:47:42] [431/458] SCMM
[00:47:43] [432/458] PMAK
[00:47:44] [433/458] NYSA
[00:47:44] [434/458] FCPA
[00:47:45] [435/458] GDAN
[00:47:46] [436/458] RSCA
[00:47:47] [437/458] DMAN
[00:47:48] [438/458] DZCM
[00:47:49] [439/458] NSGL
[00:47:50] [440/458] CCPP
[00:47:51] 🔄 Identity reset
[00:47:51] 🔄 Identity rotated (every 10 requests)
[00:47:51] [441/458] PSMG
[00:47:52] [442/458] GSER
[00:47:53] [443/458] FCCT
[00:47:53] [444/458] FCTB
[00:47:54] [445/458] LCNK
[00:47:55] [446/458] SKTY
[00:47:56] [447/458] INAA
[00:47:58] [448/458] RCWN
[00:47:59] [449/458] VAIS
[00:48:00] [450/458] CVMN
[00:48:01] 🔄 Identity reset
[00:48:01] 🔄 Identity rotated (every 10 requests)
[00:48:01] [451/458] INTS
[00:48:02] [452/458] FRGS
[00:48:03] [453/458] DTCK
[00:48:04] [454/458] MCMH
[00:48:05] [455/458] ECRR
[00:48:06] [456/458] RLLP
[00:48:07] [457/458] CCSN
[00:48:07] [458/458] CCBA
[00:48:08] ✅ DONE | Shows=0 | Movies=0
