[00:16:43] 🚀 BMS DAILY TRACKER STARTED (enhanced anti‑detection)
[00:16:43] [1/456] FNDB
[00:16:44] 🧠 New identity created
[00:16:45] [2/456] AMBH
[00:16:46] [3/456] PRHN
[00:16:47] [4/456] ACPM
[00:16:48] [5/456] PVFS
[00:16:49] [6/456] AACN
[00:16:50] [7/456] ACAS
[00:16:50] [8/456] CTNR
[00:16:51] [9/456] MMAH
[00:16:52] [10/456] CPMH
[00:16:53] 🔄 Identity reset
[00:16:53] 🔄 Identity rotated (every 10 requests)
[00:16:53] [11/456] IGMH
[00:16:54] [12/456] ABCS
[00:16:55] [13/456] CMMA
[00:16:55] [14/456] GPRH
[00:16:56] [15/456] PNNG
[00:16:57] [16/456] AMCA
[00:16:58] [17/456] ISTN
[00:16:59] [18/456] PIIC
[00:17:00] [19/456] AHMH
[00:17:01] [20/456] ASHN
[00:17:01] 🔄 Identity reset
[00:17:01] 🔄 Identity rotated (every 10 requests)
[00:17:02] [21/456] INHY
[00:17:03] [22/456] SRMO
[00:17:04] [23/456] PIMH
[00:17:04] [24/456] PVTS
[00:17:05] [25/456] MMCA
[00:17:06] [26/456] AKYJ
[00:17:07] [27/456] BRKH
[00:17:07] [28/456] MAHM
[00:17:08] [29/456] CPHY
[00:17:09] [30/456] PVTP
[00:17:10] 🔄 Identity reset
[00:17:10] 🔄 Identity rotated (every 10 requests)
[00:17:10] [31/456] SMMR
[00:17:11] [32/456] PVHM
[00:17:12] [33/456] SNDY
[00:17:12] [34/456] GOKU
[00:17:13] [35/456] ACEV
[00:17:14] [36/456] PVUM
[00:17:15] [37/456] VSWA
[00:17:16] [38/456] IPRS
[00:17:17] [39/456] BKMV
[00:17:17] [40/456] PVYH
[00:17:18] 🔄 Identity reset
[00:17:18] 🔄 Identity rotated (every 10 requests)
[00:17:18] [41/456] INKM
[00:17:19] [42/456] ARJU
[00:17:20] [43/456] JJPP
[00:17:21] [44/456] SSRM
[00:17:22] [45/456] HMHD
[00:17:23] [46/456] SNKH
[00:17:24] [47/456] ACHI
[00:17:25] [48/456] MRAA
[00:17:26] [49/456] INMH
[00:17:26] [50/456] ARMH
[00:17:27] 🔄 Identity reset
[00:17:27] 🔄 Identity rotated (every 10 requests)
[00:17:28] [51/456] DVRR
[00:17:28] [52/456] SUDA
[00:17:29] [53/456] MCSS
[00:17:30] [54/456] VRKC
[00:17:31] [55/456] PRCX
[00:17:32] [56/456] ASJY
[00:17:32] [57/456] MTHY
[00:17:33] [58/456] SRCM
[00:17:34] [59/456] TVHY
[00:17:35] [60/456] STHD
[00:17:35] 🔄 Identity reset
[00:17:35] 🔄 Identity rotated (every 10 requests)
[00:17:36] [61/456] CPCL
[00:17:37] [62/456] PSMJ
[00:17:37] [63/456] MRGT
[00:17:38] [64/456] ARYH
[00:17:40] [65/456] VTRB
[00:17:41] [66/456] SCHC
[00:17:42] [67/456] MRRG
[00:17:43] [68/456] SPCB
[00:17:43] [69/456] AMCM
[00:17:44] [70/456] IVNM
[00:17:44] 🔄 Identity reset
[00:17:44] 🔄 Identity rotated (every 10 requests)
[00:17:45] [71/456] TRHY
[00:17:45] [72/456] PTTH
[00:17:46] [73/456] RKMH
[00:17:47] [74/456] PRCS
[00:17:48] [75/456] VAJA
[00:17:49] [76/456] BJNG
[00:17:49] [77/456] SCVM
[00:17:50] [78/456] GNHB
[00:17:51] [79/456] TLUR
[00:17:52] [80/456] UKCC
[00:17:52] 🔄 Identity reset
[00:17:52] 🔄 Identity rotated (every 10 requests)
[00:17:52] [81/456] SRKR
[00:17:53] [82/456] RMKN
[00:17:54] [83/456] SLRT
[00:17:55] [84/456] LKMT
[00:17:56] [85/456] SSRJ
[00:17:57] [86/456] SPHT
[00:17:58] [87/456] ANTT
[00:17:59] [88/456] SRCH
[00:17:59] [89/456] SRCA
[00:18:01] [90/456] ARTH
[00:18:01] 🔄 Identity reset
[00:18:01] 🔄 Identity rotated (every 10 requests)
[00:18:02] [91/456] MCBH
[00:18:02] [92/456] SNIB
[00:18:03] [93/456] SART
[00:18:04] [94/456] SKTA
[00:18:05] [95/456] YAKT
[00:18:06] [96/456] MLCK
[00:18:07] [97/456] ANTS
[00:18:07] [98/456] DGCA
[00:18:08] [99/456] SGMP
[00:18:09] [100/456] ASWN
[00:18:10] 🔄 Identity reset
[00:18:10] 🔄 Identity rotated (every 10 requests)
[00:18:10] [101/456] KFVU
[00:18:11] [102/456] POOR
[00:18:12] [103/456] GKDN
[00:18:13] [104/456] EOSE
[00:18:13] [105/456] GTTT
[00:18:14] [106/456] ARRO
[00:18:15] [107/456] CMMK
[00:18:16] [108/456] MSCN
[00:18:17] [109/456] GDKH
[00:18:17] [110/456] DLMT
[00:18:18] 🔄 Identity reset
[00:18:18] 🔄 Identity rotated (every 10 requests)
[00:18:18] [111/456] PVMF
[00:18:19] [112/456] CPCK
[00:18:20] [113/456] VMHE
[00:18:21] [114/456] PVLC
[00:18:22] [115/456] PCVB
[00:18:22] [116/456] SNYK
[00:18:23] [117/456] KTEK
[00:18:24] [118/456] PCNM
[00:18:25] [119/456] NTTR
[00:18:26] [120/456] CPSK
[00:18:26] 🔄 Identity reset
[00:18:26] 🔄 Identity rotated (every 10 requests)
[00:18:27] [121/456] JMMA
[00:18:28] [122/456] GCFK
[00:18:29] [123/456] MYCA
[00:18:31] [124/456] KSNP
[00:18:32] [125/456] PMCE
[00:18:33] [126/456] SCKI
[00:18:34] [127/456] FSMA
[00:18:35] [128/456] CETA
[00:18:36] [129/456] MCIK
[00:18:38] [130/456] MYCR
[00:18:39] 🔄 Identity reset
[00:18:39] 🔄 Identity rotated (every 10 requests)
[00:18:40] [131/456] EVMP
[00:18:41] [132/456] SSGT
[00:18:41] [133/456] KCTK
[00:18:42] [134/456] ZTKC
[00:18:44] [135/456] MMTA
[00:18:45] [136/456] MAJT
[00:18:47] [137/456] ACPK
[00:18:47] [138/456] JMAX
[00:18:48] [139/456] SETK
[00:18:49] [140/456] CAIS
[00:18:49] 🔄 Identity reset
[00:18:49] 🔄 Identity rotated (every 10 requests)
[00:18:50] [141/456] AGCD
[00:18:51] [142/456] URCL
[00:18:52] [143/456] VTDS
[00:18:53] [144/456] JCNM
[00:18:54] [145/456] KCAM
[00:18:55] [146/456] ADCU
[00:18:56] [147/456] GXYN
[00:18:57] [148/456] SMJG
[00:18:58] [149/456] EYCJ
[00:18:59] [150/456] CCEJ
[00:19:00] 🔄 Identity reset
[00:19:00] 🔄 Identity rotated (every 10 requests)
[00:19:00] [151/456] MARS
[00:19:01] [152/456] CPVJ
[00:19:02] [153/456] INVP
[00:19:03] [154/456] CPOV
[00:19:04] [155/456] VIJK
[00:19:05] [156/456] LAIM
[00:19:06] [157/456] STHV
[00:19:07] [158/456] SVLJ
[00:19:07] [159/456] ATVJ
[00:19:08] [160/456] JTSC
[00:19:09] 🔄 Identity reset
[00:19:09] 🔄 Identity rotated (every 10 requests)
[00:19:09] [161/456] RMTV
[00:19:10] [162/456] MGGG
[00:19:11] [163/456] SWTH
[00:19:13] [164/456] INVJ
[00:19:13] [165/456] PRSV
[00:19:14] [166/456] JATV
[00:19:15] [167/456] RCVD
[00:19:16] [168/456] BDMA
[00:19:17] [169/456] BLJI
[00:19:17] [170/456] SWOT
[00:19:18] 🔄 Identity reset
[00:19:18] 🔄 Identity rotated (every 10 requests)
[00:19:18] [171/456] SWRN
[00:19:19] [172/456] TVRA
[00:19:19] [173/456] NVRN
[00:19:20] [174/456] SIKC
[00:19:21] [175/456] VAKR
[00:19:22] [176/456] SYLN
[00:19:23] [177/456] KLJL
[00:19:23] [178/456] LKMY
[00:19:25] [179/456] VSLY
[00:19:25] [180/456] CIKO
[00:19:26] 🔄 Identity reset
[00:19:26] 🔄 Identity rotated (every 10 requests)
[00:19:26] [181/456] GPBG
[00:19:27] [182/456] CECM
[00:19:29] [183/456] SLKB
[00:19:30] [184/456] MTBO
[00:19:30] [185/456] SSHB
[00:19:31] [186/456] VPCS
[00:19:32] [187/456] RCSR
[00:19:33] [188/456] RJRM
[00:19:33] [189/456] KPPB
[00:19:34] [190/456] SEDC
[00:19:35] 🔄 Identity reset
[00:19:35] 🔄 Identity rotated (every 10 requests)
[00:19:35] [191/456] SCAI
[00:19:36] [192/456] RMTR
[00:19:37] [193/456] ASST
[00:19:37] [194/456] GCAK
[00:19:38] [195/456] ANNK
[00:19:39] [196/456] KDDF
[00:19:40] [197/456] NRDP
[00:19:41] [198/456] PLAK
[00:19:42] [199/456] GCMC
[00:19:42] [200/456] ALPY
[00:19:43] 🔄 Identity reset
[00:19:43] 🔄 Identity rotated (every 10 requests)
[00:19:43] [201/456] SICE
[00:19:44] [202/456] SISR
[00:19:45] [203/456] SRPZ
[00:19:46] [204/456] SRSW
[00:19:46] [205/456] SUYA
[00:19:47] [206/456] AMMT
[00:19:48] [207/456] BHCU
[00:19:49] [208/456] KLPA
[00:19:49] [209/456] NVKH
[00:19:50] [210/456] JMRC
[00:19:51] 🔄 Identity reset
[00:19:51] 🔄 Identity rotated (every 10 requests)
[00:19:51] [211/456] KTTT
[00:19:52] [212/456] MAGH
[00:19:53] [213/456] MMMX
[00:19:54] [214/456] SALJ
[00:19:54] [215/456] GTJA
[00:19:55] [216/456] MAHT
[00:19:56] [217/456] SSNN
[00:19:57] [218/456] ARRP
[00:19:57] [219/456] ATNS
[00:19:58] [220/456] SKDT
[00:19:59] 🔄 Identity reset
[00:19:59] 🔄 Identity rotated (every 10 requests)
[00:19:59] [221/456] ACAT
[00:20:00] [222/456] APRC
[00:20:01] [223/456] SWAG
[00:20:02] [224/456] SDPT
[00:20:02] [225/456] STPS
[00:20:03] [226/456] WWCZ
[00:20:04] [227/456] LLCH
[00:20:05] [228/456] MZHA
[00:20:06] [229/456] CRJG
[00:20:07] [230/456] JGTK
[00:20:07] 🔄 Identity reset
[00:20:08] 🔄 Identity rotated (every 10 requests)
[00:20:08] [231/456] KCSR
[00:20:08] [232/456] CHTL
[00:20:09] [233/456] EDSR
[00:20:10] [234/456] CSWO
[00:20:11] [235/456] CPVM
[00:20:12] [236/456] MXBY
[00:20:12] [237/456] FMMA
[00:20:13] [238/456] POVI
[00:20:14] [239/456] MTHB
[00:20:15] [240/456] INRC
[00:20:15] 🔄 Identity reset
[00:20:15] 🔄 Identity rotated (every 10 requests)
[00:20:15] [241/456] PIPP
[00:20:16] [242/456] BMXC
[00:20:17] [243/456] PCMM
[00:20:19] [244/456] PMKM
[00:20:19] [245/456] GATY
[00:20:20] [246/456] IMCM
[00:20:21] [247/456] POPE
[00:20:22] [248/456] MTCR
[00:20:22] [249/456] PVAE
[00:20:23] [250/456] PVMI
[00:20:24] 🔄 Identity reset
[00:20:24] 🔄 Identity rotated (every 10 requests)
[00:20:24] [251/456] CPNM
[00:20:25] [252/456] FMRL
[00:20:25] [253/456] MCIW
[00:20:26] [254/456] MXBO
[00:20:27] [255/456] FMKY
[00:20:27] [256/456] FMDA
[00:20:28] [257/456] THAB
[00:20:29] [258/456] PRCW
[00:20:30] [259/456] PITI
[00:20:31] [260/456] MCFF
[00:20:32] 🔄 Identity reset
[00:20:32] 🔄 Identity rotated (every 10 requests)
[00:20:32] [261/456] PDDV
[00:20:33] [262/456] MCRM
[00:20:34] [263/456] KKMB
[00:20:34] [264/456] INKO
[00:20:35] [265/456] PLXP
[00:20:35] [266/456] MMHA
[00:20:36] [267/456] FMVS
[00:20:37] [268/456] POLM
[00:20:38] [269/456] STER
[00:20:39] [270/456] PVWJ
[00:20:39] 🔄 Identity reset
[00:20:39] 🔄 Identity rotated (every 10 requests)
[00:20:40] [271/456] IMJW
[00:20:41] [272/456] FNAN
[00:20:42] [273/456] CAGL
[00:20:43] [274/456] IPBG
[00:20:44] [275/456] SMFV
[00:20:44] [276/456] MMMR
[00:20:45] [277/456] MMWM
[00:20:46] [278/456] FNCM
[00:20:47] [279/456] MDVA
[00:20:48] [280/456] MMET
[00:20:48] 🔄 Identity reset
[00:20:48] 🔄 Identity rotated (every 10 requests)
[00:20:49] [281/456] MIDO
[00:20:50] [282/456] INNP
[00:20:51] [283/456] MIFU
[00:20:52] [284/456] MMSZ
[00:20:53] [285/456] BMXA
[00:20:53] [286/456] MCAA
[00:20:54] [287/456] SCVP
[00:20:55] [288/456] PLUS
[00:20:56] [289/456] MUCK
[00:20:57] [290/456] MTMA
[00:20:57] 🔄 Identity reset
[00:20:57] 🔄 Identity rotated (every 10 requests)
[00:20:57] [291/456] HPVR
[00:20:58] [292/456] PMPK
[00:20:59] [293/456] MAJB
[00:21:00] [294/456] CTRR
[00:21:01] [295/456] MCTG
[00:21:01] [296/456] MACE
[00:21:02] [297/456] AAAS
[00:21:03] [298/456] CPVV
[00:21:05] [299/456] RCHG
[00:21:05] [300/456] MCNE
[00:21:06] 🔄 Identity reset
[00:21:06] 🔄 Identity rotated (every 10 requests)
[00:21:06] [301/456] EMNC
[00:21:07] [302/456] MCAN
[00:21:08] [303/456] TCDM
[00:21:10] [304/456] IRGT
[00:21:10] [305/456] GCMG
[00:21:11] [306/456] MXSN
[00:21:12] [307/456] MXCK
[00:21:13] [308/456] MCRC
[00:21:14] [309/456] RSMI
[00:21:15] [310/456] WAML
[00:21:15] 🔄 Identity reset
[00:21:15] 🔄 Identity rotated (every 10 requests)
[00:21:15] [311/456] MTSC
[00:21:16] [312/456] FMDR
[00:21:17] [313/456] LEPV
[00:21:18] [314/456] MTGD
[00:21:18] [315/456] IMOB
[00:21:19] [316/456] CLMM
[00:21:20] [317/456] PZCD
[00:21:21] [318/456] GOCS
[00:21:22] [319/456] KCMA
[00:21:23] [320/456] CCMP
[00:21:23] 🔄 Identity reset
[00:21:23] 🔄 Identity rotated (every 10 requests)
[00:21:24] [321/456] MTSU
[00:21:24] [322/456] SNGL
[00:21:25] [323/456] MMMC
[00:21:26] [324/456] MMAA
[00:21:26] [325/456] GCDM
[00:21:27] [326/456] KTMV
[00:21:28] [327/456] AETE
[00:21:28] [328/456] OMCS
[00:21:29] [329/456] GDCD
[00:21:30] [330/456] NYMD
[00:21:31] 🔄 Identity reset
[00:21:31] 🔄 Identity rotated (every 10 requests)
[00:21:31] [331/456] RNCV
[00:21:33] [332/456] KKMT
[00:21:34] [333/456] GDTH
[00:21:34] [334/456] KMMV
[00:21:35] [335/456] NHCG
[00:21:36] [336/456] PJDW
[00:21:36] [337/456] MMCV
[00:21:37] [338/456] FQSA
[00:21:38] [339/456] KURL
[00:21:38] [340/456] NNNX
[00:21:39] 🔄 Identity reset
[00:21:39] 🔄 Identity rotated (every 10 requests)
[00:21:39] [341/456] AMAU
[00:21:40] [342/456] VVVM
[00:21:41] [343/456] VECU
[00:21:42] [344/456] WCVR
[00:21:43] [345/456] MTGG
[00:21:44] [346/456] SGTG
[00:21:44] [347/456] MNTG
[00:21:45] [348/456] JDDG
[00:21:48] [349/456] MBTK
[00:21:48] [350/456] SGCD
[00:21:49] 🔄 Identity reset
[00:21:49] 🔄 Identity rotated (every 10 requests)
[00:21:49] [351/456] MCTC
[00:21:50] [352/456] JTPC
[00:21:51] [353/456] SDKT
[00:21:52] [354/456] KRCC
[00:21:52] [355/456] RMMD
[00:21:53] [356/456] AAME
[00:21:54] [357/456] TMWC
[00:21:55] [358/456] NRWY
[00:21:56] [359/456] CITD
[00:21:57] [360/456] VERD
[00:21:57] 🔄 Identity reset
[00:21:57] 🔄 Identity rotated (every 10 requests)
[00:21:58] [361/456] MKSK
[00:21:58] [362/456] STSM
[00:21:59] [363/456] MJDG
[00:22:00] [364/456] RKPM
[00:22:00] [365/456] SSCE
[00:22:01] [366/456] VMAE
[00:22:03] [367/456] SBRU
[00:22:03] [368/456] AMBC
[00:22:04] [369/456] AMLU
[00:22:05] [370/456] INVZ
[00:22:06] 🔄 Identity reset
[00:22:06] 🔄 Identity rotated (every 10 requests)
[00:22:06] [371/456] LGTV
[00:22:07] [372/456] SVAD
[00:22:08] [373/456] SMSA
[00:22:09] [374/456] SPCZ
[00:22:10] [375/456] GTCX
[00:22:11] [376/456] SCSL
[00:22:11] [377/456] SAHU
[00:22:13] [378/456] NCDA
[00:22:13] [379/456] SCCG
[00:22:15] [380/456] VKTL
[00:22:16] 🔄 Identity reset
[00:22:16] 🔄 Identity rotated (every 10 requests)
[00:22:16] [381/456] PUUJ
[00:22:17] [382/456] STEJ
[00:22:17] [383/456] RJAL
[00:22:18] [384/456] ACJC
[00:22:19] [385/456] ARVB
[00:22:20] [386/456] AUBB
[00:22:21] [387/456] GDBR
[00:22:22] [388/456] PVND
[00:22:22] [389/456] BGRJ
[00:22:23] [390/456] RJMM
[00:22:24] 🔄 Identity reset
[00:22:24] 🔄 Identity rotated (every 10 requests)
[00:22:24] [391/456] MCSA
[00:22:25] [392/456] BODA
[00:22:26] [393/456] JAGG
[00:22:26] [394/456] SCGA
[00:22:27] [395/456] LRCM
[00:22:28] [396/456] CPCN
[00:22:29] [397/456] SSTF
[00:22:30] [398/456] SRXP
[00:22:30] [399/456] CNFX
[00:22:31] [400/456] ANDI
[00:22:32] 🔄 Identity reset
[00:22:32] 🔄 Identity rotated (every 10 requests)
[00:22:32] [401/456] SYEW
[00:22:33] [402/456] RCRE
[00:22:33] [403/456] SCRW
[00:22:34] [404/456] MBKR
[00:22:35] [405/456] ASNT
[00:22:36] [406/456] JTMT
[00:22:36] [407/456] SHAY
[00:22:37] [408/456] VRTH
[00:22:38] [409/456] SPTI
[00:22:39] [410/456] DPTD
[00:22:40] 🔄 Identity reset
[00:22:40] 🔄 Identity rotated (every 10 requests)
[00:22:40] [411/456] TGSN
[00:22:41] [412/456] RCWV
[00:22:42] [413/456] OCUR
[00:22:43] [414/456] KSTC
[00:22:44] [415/456] SANI
[00:22:45] [416/456] MLCA
[00:22:46] [417/456] EGCA
[00:22:46] [418/456] SYSN
[00:22:47] [419/456] PKTA
[00:22:48] [420/456] PRCC
[00:22:49] 🔄 Identity reset
[00:22:49] 🔄 Identity rotated (every 10 requests)
[00:22:49] [421/456] KSTR
[00:22:50] [422/456] SNTP
[00:22:51] [423/456] RCHA
[00:22:52] [424/456] SEEA
[00:22:53] [425/456] ALAT
[00:22:54] [426/456] AATV
[00:22:54] [427/456] RJTE
[00:22:55] [428/456] AAPP
[00:22:56] [429/456] PMMH
[00:22:57] [430/456] INRJ
[00:22:57] 🔄 Identity reset
[00:22:57] 🔄 Identity rotated (every 10 requests)
[00:22:58] [431/456] SARB
[00:22:59] [432/456] PCJL
[00:23:00] [433/456] PFJJ
[00:23:00] [434/456] GRDC
[00:23:01] [435/456] BCBA
[00:23:02] [436/456] VIXL
[00:23:03] [437/456] CSTL
[00:23:03] [438/456] MTDK
[00:23:04] [439/456] TDAC
[00:23:05] [440/456] GTDN
[00:23:05] 🔄 Identity reset
[00:23:05] 🔄 Identity rotated (every 10 requests)
[00:23:05] [441/456] TTDE
[00:23:06] [442/456] ASTS
[00:23:07] [443/456] CPNS
[00:23:08] [444/456] PVVW
[00:23:09] [445/456] USEB
[00:23:10] [446/456] DTYN
[00:23:11] [447/456] PVLE
[00:23:11] [448/456] CIPS
[00:23:12] [449/456] PAEG
[00:23:13] [450/456] PTCW
[00:23:14] 🔄 Identity reset
[00:23:14] 🔄 Identity rotated (every 10 requests)
[00:23:14] [451/456] G3SR
[00:23:15] [452/456] PGND
[00:23:16] [453/456] INVM
[00:23:16] [454/456] SPIA
[00:23:17] [455/456] PCSN
[00:23:18] [456/456] PPGV
[00:23:19] ✅ DONE | Shows=0 | Movies=0
[01:17:05] 🚀 BMS DAILY TRACKER STARTED (enhanced anti‑detection)
[01:17:05] [1/456] FNDB
[01:17:06] 🧠 New identity created
[01:17:06] [2/456] AMBH
[01:17:08] [3/456] PRHN
[01:17:09] [4/456] ACPM
[01:17:10] [5/456] PVFS
[01:17:11] [6/456] AACN
[01:17:12] [7/456] ACAS
[01:17:13] [8/456] CTNR
[01:17:14] [9/456] MMAH
[01:17:15] [10/456] CPMH
[01:17:15] 🔄 Identity reset
[01:17:15] 🔄 Identity rotated (every 10 requests)
[01:17:16] [11/456] IGMH
[01:17:17] [12/456] ABCS
[01:17:18] [13/456] CMMA
[01:17:19] [14/456] GPRH
[01:17:20] [15/456] PNNG
[01:17:21] [16/456] AMCA
[01:17:22] [17/456] ISTN
[01:17:24] [18/456] PIIC
[01:17:25] [19/456] AHMH
[01:17:26] [20/456] ASHN
[01:17:26] 🔄 Identity reset
[01:17:26] 🔄 Identity rotated (every 10 requests)
[01:17:27] [21/456] INHY
[01:17:27] [22/456] SRMO
[01:17:28] [23/456] PIMH
[01:17:29] [24/456] PVTS
[01:17:30] [25/456] MMCA
[01:17:31] [26/456] AKYJ
[01:17:32] [27/456] BRKH
[01:17:33] [28/456] MAHM
[01:17:34] [29/456] CPHY
[01:17:34] [30/456] PVTP
[01:17:35] 🔄 Identity reset
[01:17:35] 🔄 Identity rotated (every 10 requests)
[01:17:35] [31/456] SMMR
[01:17:37] [32/456] PVHM
[01:17:38] [33/456] SNDY
[01:17:39] [34/456] GOKU
[01:17:40] [35/456] ACEV
[01:17:41] [36/456] PVUM
[01:17:42] [37/456] VSWA
[01:17:43] [38/456] IPRS
[01:17:44] [39/456] BKMV
[01:17:45] [40/456] PVYH
[01:17:46] 🔄 Identity reset
[01:17:46] 🔄 Identity rotated (every 10 requests)
[01:17:46] [41/456] INKM
[01:17:47] [42/456] ARJU
[01:17:48] [43/456] JJPP
[01:17:49] [44/456] SSRM
[01:17:50] [45/456] HMHD
[01:17:51] [46/456] SNKH
[01:17:52] [47/456] ACHI
[01:17:53] [48/456] MRAA
[01:17:54] [49/456] INMH
[01:17:54] [50/456] ARMH
[01:17:55] 🔄 Identity reset
[01:17:55] 🔄 Identity rotated (every 10 requests)
[01:17:55] [51/456] DVRR
[01:17:56] [52/456] SUDA
[01:17:57] [53/456] MCSS
[01:17:59] [54/456] VRKC
[01:18:00] [55/456] PRCX
[01:18:01] [56/456] ASJY
[01:18:02] [57/456] MTHY
[01:18:03] [58/456] SRCM
[01:18:04] [59/456] TVHY
[01:18:05] [60/456] STHD
[01:18:05] 🔄 Identity reset
[01:18:05] 🔄 Identity rotated (every 10 requests)
[01:18:06] [61/456] CPCL
[01:18:07] [62/456] PSMJ
[01:18:08] [63/456] MRGT
[01:18:09] [64/456] ARYH
[01:18:10] [65/456] VTRB
[01:18:11] [66/456] SCHC
[01:18:13] [67/456] MRRG
[01:18:15] [68/456] SPCB
[01:18:16] [69/456] AMCM
[01:18:17] [70/456] IVNM
[01:18:18] 🔄 Identity reset
[01:18:18] 🔄 Identity rotated (every 10 requests)
[01:18:19] [71/456] TRHY
[01:18:20] [72/456] PTTH
[01:18:21] [73/456] RKMH
[01:18:22] [74/456] PRCS
[01:18:23] [75/456] VAJA
[01:18:24] [76/456] BJNG
[01:18:25] [77/456] SCVM
[01:18:26] [78/456] GNHB
[01:18:27] [79/456] TLUR
[01:18:27] [80/456] UKCC
[01:18:28] 🔄 Identity reset
[01:18:28] 🔄 Identity rotated (every 10 requests)
[01:18:29] [81/456] SRKR
[01:18:29] [82/456] RMKN
[01:18:30] [83/456] SLRT
[01:18:31] [84/456] LKMT
[01:18:32] [85/456] SSRJ
[01:18:33] [86/456] SPHT
[01:18:34] [87/456] ANTT
[01:18:35] [88/456] SRCH
[01:18:36] [89/456] SRCA
[01:18:37] [90/456] ARTH
[01:18:37] 🔄 Identity reset
[01:18:37] 🔄 Identity rotated (every 10 requests)
[01:18:38] [91/456] MCBH
[01:18:38] [92/456] SNIB
[01:18:39] [93/456] SART
[01:18:40] [94/456] SKTA
[01:18:41] [95/456] YAKT
[01:18:42] [96/456] MLCK
[01:18:43] [97/456] ANTS
[01:18:44] [98/456] DGCA
[01:18:45] [99/456] SGMP
[01:18:46] [100/456] ASWN
[01:18:47] 🔄 Identity reset
[01:18:47] 🔄 Identity rotated (every 10 requests)
[01:18:47] [101/456] KFVU
[01:18:48] [102/456] POOR
[01:18:49] [103/456] GKDN
[01:18:50] [104/456] EOSE
[01:18:51] [105/456] GTTT
[01:18:52] [106/456] ARRO
[01:18:52] [107/456] CMMK
[01:18:53] [108/456] MSCN
[01:18:55] [109/456] GDKH
[01:18:56] [110/456] DLMT
[01:18:57] 🔄 Identity reset
[01:18:57] 🔄 Identity rotated (every 10 requests)
[01:18:57] [111/456] PVMF
[01:18:58] [112/456] CPCK
[01:18:59] [113/456] VMHE
[01:19:00] [114/456] PVLC
[01:19:01] [115/456] PCVB
[01:19:01] [116/456] SNYK
[01:19:02] [117/456] KTEK
[01:19:03] [118/456] PCNM
[01:19:04] [119/456] NTTR
[01:19:05] [120/456] CPSK
[01:19:06] 🔄 Identity reset
[01:19:06] 🔄 Identity rotated (every 10 requests)
[01:19:06] [121/456] JMMA
[01:19:07] [122/456] GCFK
[01:19:08] [123/456] MYCA
[01:19:10] [124/456] KSNP
[01:19:11] [125/456] PMCE
[01:19:16] [126/456] SCKI
[01:19:17] [127/456] FSMA
[01:19:18] [128/456] CETA
[01:19:19] [129/456] MCIK
[01:19:20] [130/456] MYCR
[01:19:20] 🔄 Identity reset
[01:19:20] 🔄 Identity rotated (every 10 requests)
[01:19:21] [131/456] EVMP
[01:19:22] [132/456] SSGT
[01:19:22] [133/456] KCTK
[01:19:23] [134/456] ZTKC
[01:19:24] [135/456] MMTA
[01:19:25] [136/456] MAJT
[01:19:26] [137/456] ACPK
[01:19:27] [138/456] JMAX
[01:19:28] [139/456] SETK
[01:19:29] [140/456] CAIS
[01:19:30] 🔄 Identity reset
[01:19:30] 🔄 Identity rotated (every 10 requests)
[01:19:30] [141/456] AGCD
[01:19:31] [142/456] URCL
[01:19:32] [143/456] VTDS
[01:19:33] [144/456] JCNM
[01:19:34] [145/456] KCAM
[01:19:35] [146/456] ADCU
[01:19:35] [147/456] GXYN
[01:19:36] [148/456] SMJG
[01:19:37] [149/456] EYCJ
[01:19:39] [150/456] CCEJ
[01:19:40] 🔄 Identity reset
[01:19:40] 🔄 Identity rotated (every 10 requests)
[01:19:40] [151/456] MARS
[01:19:41] [152/456] CPVJ
[01:19:42] [153/456] INVP
[01:19:43] [154/456] CPOV
[01:19:44] [155/456] VIJK
[01:19:45] [156/456] LAIM
[01:19:46] [157/456] STHV
[01:19:46] [158/456] SVLJ
[01:19:47] [159/456] ATVJ
[01:19:48] [160/456] JTSC
[01:19:49] 🔄 Identity reset
[01:19:49] 🔄 Identity rotated (every 10 requests)
[01:19:49] [161/456] RMTV
[01:19:50] [162/456] MGGG
[01:19:51] [163/456] SWTH
[01:19:52] [164/456] INVJ
[01:19:53] [165/456] PRSV
[01:19:54] [166/456] JATV
[01:19:55] [167/456] RCVD
[01:19:56] [168/456] BDMA
[01:19:57] [169/456] BLJI
[01:19:59] [170/456] SWOT
[01:19:59] 🔄 Identity reset
[01:19:59] 🔄 Identity rotated (every 10 requests)
[01:19:59] [171/456] SWRN
[01:20:00] [172/456] TVRA
[01:20:01] [173/456] NVRN
[01:20:02] [174/456] SIKC
[01:20:04] [175/456] VAKR
[01:20:05] [176/456] SYLN
[01:20:06] [177/456] KLJL
[01:20:07] [178/456] LKMY
[01:20:08] [179/456] VSLY
[01:20:08] [180/456] CIKO
[01:20:09] 🔄 Identity reset
[01:20:09] 🔄 Identity rotated (every 10 requests)
[01:20:09] [181/456] GPBG
[01:20:10] [182/456] CECM
[01:20:11] [183/456] SLKB
[01:20:12] [184/456] MTBO
[01:20:13] [185/456] SSHB
[01:20:14] [186/456] VPCS
[01:20:15] [187/456] RCSR
[01:20:15] [188/456] RJRM
[01:20:16] [189/456] KPPB
[01:20:18] [190/456] SEDC
[01:20:18] 🔄 Identity reset
[01:20:18] 🔄 Identity rotated (every 10 requests)
[01:20:19] [191/456] SCAI
[01:20:20] [192/456] RMTR
[01:20:21] [193/456] ASST
[01:20:22] [194/456] GCAK
[01:20:23] [195/456] ANNK
[01:20:24] [196/456] KDDF
[01:20:25] [197/456] NRDP
[01:20:25] [198/456] PLAK
[01:20:27] [199/456] GCMC
[01:20:28] [200/456] ALPY
[01:20:29] 🔄 Identity reset
[01:20:29] 🔄 Identity rotated (every 10 requests)
[01:20:29] [201/456] SICE
[01:20:30] [202/456] SISR
[01:20:31] [203/456] SRPZ
[01:20:32] [204/456] SRSW
[01:20:33] [205/456] SUYA
[01:20:34] [206/456] AMMT
[01:20:35] [207/456] BHCU
[01:20:37] [208/456] KLPA
[01:20:38] [209/456] NVKH
[01:20:39] [210/456] JMRC
[01:20:39] 🔄 Identity reset
[01:20:39] 🔄 Identity rotated (every 10 requests)
[01:20:39] [211/456] KTTT
[01:20:40] [212/456] MAGH
[01:20:41] [213/456] MMMX
[01:20:42] [214/456] SALJ
[01:20:43] [215/456] GTJA
[01:20:44] [216/456] MAHT
[01:20:45] [217/456] SSNN
[01:20:46] [218/456] ARRP
[01:20:47] [219/456] ATNS
[01:20:48] [220/456] SKDT
[01:20:49] 🔄 Identity reset
[01:20:49] 🔄 Identity rotated (every 10 requests)
[01:20:50] [221/456] ACAT
[01:20:51] [222/456] APRC
[01:20:52] [223/456] SWAG
[01:20:53] [224/456] SDPT
[01:20:54] [225/456] STPS
[01:20:55] [226/456] WWCZ
[01:20:57] [227/456] LLCH
[01:20:58] [228/456] MZHA
[01:20:59] [229/456] CRJG
[01:21:00] [230/456] JGTK
[01:21:00] 🔄 Identity reset
[01:21:00] 🔄 Identity rotated (every 10 requests)
[01:21:02] [231/456] KCSR
[01:21:03] [232/456] CHTL
[01:21:04] [233/456] EDSR
[01:21:05] [234/456] CSWO
[01:21:06] [235/456] CPVM
[01:21:07] [236/456] MXBY
[01:21:08] [237/456] FMMA
[01:21:09] [238/456] POVI
[01:21:11] [239/456] MTHB
[01:21:12] [240/456] INRC
[01:21:12] 🔄 Identity reset
[01:21:12] 🔄 Identity rotated (every 10 requests)
[01:21:14] [241/456] PIPP
[01:21:15] [242/456] BMXC
[01:21:15] [243/456] PCMM
[01:21:16] [244/456] PMKM
[01:21:17] [245/456] GATY
[01:21:18] [246/456] IMCM
[01:21:19] [247/456] POPE
[01:21:20] [248/456] MTCR
[01:21:22] [249/456] PVAE
[01:21:23] [250/456] PVMI
[01:21:24] 🔄 Identity reset
[01:21:24] 🔄 Identity rotated (every 10 requests)
[01:21:24] [251/456] CPNM
[01:21:25] [252/456] FMRL
[01:21:26] [253/456] MCIW
[01:21:27] [254/456] MXBO
[01:21:28] [255/456] FMKY
[01:21:29] [256/456] FMDA
[01:21:30] [257/456] THAB
[01:21:31] [258/456] PRCW
[01:21:31] [259/456] PITI
[01:21:32] [260/456] MCFF
[01:21:33] 🔄 Identity reset
[01:21:33] 🔄 Identity rotated (every 10 requests)
[01:21:34] [261/456] PDDV
[01:21:35] [262/456] MCRM
[01:21:36] [263/456] KKMB
[01:21:37] [264/456] INKO
[01:21:38] [265/456] PLXP
[01:21:39] [266/456] MMHA
[01:21:40] [267/456] FMVS
[01:21:41] [268/456] POLM
[01:21:42] [269/456] STER
[01:21:44] [270/456] PVWJ
[01:21:45] 🔄 Identity reset
[01:21:45] 🔄 Identity rotated (every 10 requests)
[01:21:45] [271/456] IMJW
[01:21:46] [272/456] FNAN
[01:21:47] [273/456] CAGL
[01:21:48] [274/456] IPBG
[01:21:49] [275/456] SMFV
[01:21:50] [276/456] MMMR
[01:21:51] [277/456] MMWM
[01:21:52] [278/456] FNCM
[01:21:53] [279/456] MDVA
[01:21:53] [280/456] MMET
[01:21:54] 🔄 Identity reset
[01:21:54] 🔄 Identity rotated (every 10 requests)
[01:21:54] [281/456] MIDO
[01:21:55] [282/456] INNP
[01:21:56] [283/456] MIFU
[01:21:57] [284/456] MMSZ
[01:21:58] [285/456] BMXA
[01:22:00] [286/456] MCAA
[01:22:00] [287/456] SCVP
[01:22:02] [288/456] PLUS
[01:22:03] [289/456] MUCK
[01:22:04] [290/456] MTMA
[01:22:04] 🔄 Identity reset
[01:22:04] 🔄 Identity rotated (every 10 requests)
[01:22:05] [291/456] HPVR
[01:22:06] [292/456] PMPK
[01:22:07] [293/456] MAJB
[01:22:07] [294/456] CTRR
[01:22:08] [295/456] MCTG
[01:22:09] [296/456] MACE
[01:22:10] [297/456] AAAS
[01:22:12] [298/456] CPVV
[01:22:12] [299/456] RCHG
[01:22:13] [300/456] MCNE
[01:22:14] 🔄 Identity reset
[01:22:14] 🔄 Identity rotated (every 10 requests)
[01:22:14] [301/456] EMNC
[01:22:15] [302/456] MCAN
[01:22:16] [303/456] TCDM
[01:22:18] [304/456] IRGT
[01:22:19] [305/456] GCMG
[01:22:20] [306/456] MXSN
[01:22:21] [307/456] MXCK
[01:22:22] [308/456] MCRC
[01:22:23] [309/456] RSMI
[01:22:24] [310/456] WAML
[01:22:25] 🔄 Identity reset
[01:22:25] 🔄 Identity rotated (every 10 requests)
[01:22:25] [311/456] MTSC
[01:22:26] [312/456] FMDR
[01:22:27] [313/456] LEPV
[01:22:28] [314/456] MTGD
[01:22:29] [315/456] IMOB
[01:22:29] [316/456] CLMM
[01:22:30] [317/456] PZCD
[01:22:31] [318/456] GOCS
[01:22:32] [319/456] KCMA
[01:22:33] [320/456] CCMP
[01:22:33] 🔄 Identity reset
[01:22:33] 🔄 Identity rotated (every 10 requests)
[01:22:34] [321/456] MTSU
[01:22:35] [322/456] SNGL
[01:22:36] [323/456] MMMC
[01:22:37] [324/456] MMAA
[01:22:38] [325/456] GCDM
[01:22:38] [326/456] KTMV
[01:22:39] [327/456] AETE
[01:22:40] [328/456] OMCS
[01:22:41] [329/456] GDCD
[01:22:42] [330/456] NYMD
[01:22:42] 🔄 Identity reset
[01:22:42] 🔄 Identity rotated (every 10 requests)
[01:22:43] [331/456] RNCV
[01:22:44] [332/456] KKMT
[01:22:45] [333/456] GDTH
[01:22:46] [334/456] KMMV
[01:22:47] [335/456] NHCG
[01:22:49] [336/456] PJDW
[01:22:50] [337/456] MMCV
[01:22:51] [338/456] FQSA
[01:22:52] [339/456] KURL
[01:22:53] [340/456] NNNX
[01:22:54] 🔄 Identity reset
[01:22:54] 🔄 Identity rotated (every 10 requests)
[01:22:54] [341/456] AMAU
[01:22:55] [342/456] VVVM
[01:22:56] [343/456] VECU
[01:22:57] [344/456] WCVR
[01:22:58] [345/456] MTGG
[01:22:59] [346/456] SGTG
[01:23:00] [347/456] MNTG
[01:23:01] [348/456] JDDG
[01:23:02] [349/456] MBTK
[01:23:02] [350/456] SGCD
[01:23:03] 🔄 Identity reset
[01:23:03] 🔄 Identity rotated (every 10 requests)
[01:23:03] [351/456] MCTC
[01:23:05] [352/456] JTPC
[01:23:06] [353/456] SDKT
[01:23:07] [354/456] KRCC
[01:23:08] [355/456] RMMD
[01:23:09] [356/456] AAME
[01:23:10] [357/456] TMWC
[01:23:11] [358/456] NRWY
[01:23:12] [359/456] CITD
[01:23:13] [360/456] VERD
[01:23:13] 🔄 Identity reset
[01:23:14] 🔄 Identity rotated (every 10 requests)
[01:23:14] [361/456] MKSK
[01:23:15] [362/456] STSM
[01:23:16] [363/456] MJDG
[01:23:17] [364/456] RKPM
[01:23:19] [365/456] SSCE
[01:23:20] [366/456] VMAE
[01:23:21] [367/456] SBRU
[01:23:21] [368/456] AMBC
[01:23:22] [369/456] AMLU
[01:23:23] [370/456] INVZ
[01:23:24] 🔄 Identity reset
[01:23:24] 🔄 Identity rotated (every 10 requests)
[01:23:25] [371/456] LGTV
[01:23:26] [372/456] SVAD
[01:23:27] [373/456] SMSA
[01:23:28] [374/456] SPCZ
[01:23:28] [375/456] GTCX
[01:23:29] [376/456] SCSL
[01:23:30] [377/456] SAHU
[01:23:31] [378/456] NCDA
[01:23:32] [379/456] SCCG
[01:23:33] [380/456] VKTL
[01:23:33] 🔄 Identity reset
[01:23:33] 🔄 Identity rotated (every 10 requests)
[01:23:34] [381/456] PUUJ
[01:23:35] [382/456] STEJ
[01:23:36] [383/456] RJAL
[01:23:37] [384/456] ACJC
[01:23:37] [385/456] ARVB
[01:23:38] [386/456] AUBB
[01:23:39] [387/456] GDBR
[01:23:40] [388/456] PVND
[01:23:41] [389/456] BGRJ
[01:23:42] [390/456] RJMM
[01:23:42] 🔄 Identity reset
[01:23:42] 🔄 Identity rotated (every 10 requests)
[01:23:42] [391/456] MCSA
[01:23:43] [392/456] BODA
[01:23:44] [393/456] JAGG
[01:23:45] [394/456] SCGA
[01:23:46] [395/456] LRCM
[01:23:47] [396/456] CPCN
[01:23:49] [397/456] SSTF
[01:23:50] [398/456] SRXP
[01:23:51] [399/456] CNFX
[01:23:52] [400/456] ANDI
[01:23:53] 🔄 Identity reset
[01:23:53] 🔄 Identity rotated (every 10 requests)
[01:23:53] [401/456] SYEW
[01:23:54] [402/456] RCRE
[01:23:55] [403/456] SCRW
[01:23:56] [404/456] MBKR
[01:23:57] [405/456] ASNT
[01:23:58] [406/456] JTMT
[01:23:58] [407/456] SHAY
[01:23:59] [408/456] VRTH
[01:24:00] [409/456] SPTI
[01:24:01] [410/456] DPTD
[01:24:02] 🔄 Identity reset
[01:24:02] 🔄 Identity rotated (every 10 requests)
[01:24:02] [411/456] TGSN
[01:24:03] [412/456] RCWV
[01:24:04] [413/456] OCUR
[01:24:05] [414/456] KSTC
[01:24:06] [415/456] SANI
[01:24:07] [416/456] MLCA
[01:24:07] [417/456] EGCA
[01:24:08] [418/456] SYSN
[01:24:09] [419/456] PKTA
[01:24:10] [420/456] PRCC
[01:24:11] 🔄 Identity reset
[01:24:11] 🔄 Identity rotated (every 10 requests)
[01:24:11] [421/456] KSTR
[01:24:12] [422/456] SNTP
[01:24:13] [423/456] RCHA
[01:24:14] [424/456] SEEA
[01:24:15] [425/456] ALAT
[01:24:16] [426/456] AATV
[01:24:17] [427/456] RJTE
[01:24:18] [428/456] AAPP
[01:24:20] [429/456] PMMH
[01:24:21] [430/456] INRJ
[01:24:21] 🔄 Identity reset
[01:24:21] 🔄 Identity rotated (every 10 requests)
[01:24:22] [431/456] SARB
[01:24:22] [432/456] PCJL
[01:24:23] [433/456] PFJJ
[01:24:24] [434/456] GRDC
[01:24:26] [435/456] BCBA
[01:24:28] [436/456] VIXL
[01:24:29] [437/456] CSTL
[01:24:30] [438/456] MTDK
[01:24:31] [439/456] TDAC
[01:24:31] [440/456] GTDN
[01:24:32] 🔄 Identity reset
[01:24:32] 🔄 Identity rotated (every 10 requests)
[01:24:32] [441/456] TTDE
[01:24:33] [442/456] ASTS
[01:24:34] [443/456] CPNS
[01:24:35] [444/456] PVVW
[01:24:36] [445/456] USEB
[01:24:37] [446/456] DTYN
[01:24:38] [447/456] PVLE
[01:24:39] [448/456] CIPS
[01:24:40] [449/456] PAEG
[01:24:41] [450/456] PTCW
[01:24:42] 🔄 Identity reset
[01:24:42] 🔄 Identity rotated (every 10 requests)
[01:24:42] [451/456] G3SR
[01:24:43] [452/456] PGND
[01:24:44] [453/456] INVM
[01:24:46] [454/456] SPIA
[01:24:47] [455/456] PCSN
[01:24:47] [456/456] PPGV
[01:24:48] ✅ DONE | Shows=0 | Movies=0
[01:45:32] 🚀 BMS DAILY TRACKER STARTED (enhanced anti‑detection)
[01:45:32] [1/456] FNDB
[01:45:33] 🧠 New identity created
[01:45:33] [2/456] AMBH
[01:45:34] [3/456] PRHN
[01:45:35] [4/456] ACPM
[01:45:37] [5/456] PVFS
[01:45:38] [6/456] AACN
[01:45:39] [7/456] ACAS
[01:45:40] [8/456] CTNR
[01:45:40] [9/456] MMAH
[01:45:41] [10/456] CPMH
[01:45:42] 🔄 Identity reset
[01:45:42] 🔄 Identity rotated (every 10 requests)
[01:45:42] [11/456] IGMH
[01:45:43] [12/456] ABCS
[01:45:44] [13/456] CMMA
[01:45:45] [14/456] GPRH
[01:45:46] [15/456] PNNG
[01:45:47] [16/456] AMCA
[01:45:48] [17/456] ISTN
[01:45:49] [18/456] PIIC
[01:45:49] [19/456] AHMH
[01:45:50] [20/456] ASHN
[01:45:51] 🔄 Identity reset
[01:45:51] 🔄 Identity rotated (every 10 requests)
[01:45:51] [21/456] INHY
[01:45:52] [22/456] SRMO
[01:45:53] [23/456] PIMH
[01:45:54] [24/456] PVTS
[01:45:55] [25/456] MMCA
[01:45:57] [26/456] AKYJ
[01:45:58] [27/456] BRKH
[01:45:58] [28/456] MAHM
[01:45:59] [29/456] CPHY
[01:46:00] [30/456] PVTP
[01:46:01] 🔄 Identity reset
[01:46:01] 🔄 Identity rotated (every 10 requests)
[01:46:01] [31/456] SMMR
[01:46:02] [32/456] PVHM
[01:46:03] [33/456] SNDY
[01:46:04] [34/456] GOKU
[01:46:05] [35/456] ACEV
[01:46:06] [36/456] PVUM
[01:46:07] [37/456] VSWA
[01:46:08] [38/456] IPRS
[01:46:09] [39/456] BKMV
[01:46:10] [40/456] PVYH
[01:46:10] 🔄 Identity reset
[01:46:10] 🔄 Identity rotated (every 10 requests)
[01:46:11] [41/456] INKM
[01:46:12] [42/456] ARJU
[01:46:13] [43/456] JJPP
[01:46:14] [44/456] SSRM
[01:46:15] [45/456] HMHD
[01:46:15] [46/456] SNKH
[01:46:16] [47/456] ACHI
[01:46:17] [48/456] MRAA
[01:46:18] [49/456] INMH
[01:46:19] [50/456] ARMH
[01:46:19] 🔄 Identity reset
[01:46:19] 🔄 Identity rotated (every 10 requests)
[01:46:20] [51/456] DVRR
[01:46:20] [52/456] SUDA
[01:46:22] [53/456] MCSS
[01:46:22] [54/456] VRKC
[01:46:23] [55/456] PRCX
[01:46:24] [56/456] ASJY
[01:46:25] [57/456] MTHY
[01:46:26] [58/456] SRCM
[01:46:27] [59/456] TVHY
[01:46:28] [60/456] STHD
[01:46:29] 🔄 Identity reset
[01:46:29] 🔄 Identity rotated (every 10 requests)
[01:46:29] [61/456] CPCL
[01:46:30] [62/456] PSMJ
[01:46:31] [63/456] MRGT
[01:46:31] [64/456] ARYH
[01:46:32] [65/456] VTRB
[01:46:33] [66/456] SCHC
[01:46:34] [67/456] MRRG
[01:46:35] [68/456] SPCB
[01:46:36] [69/456] AMCM
[01:46:37] [70/456] IVNM
[01:46:37] 🔄 Identity reset
[01:46:37] 🔄 Identity rotated (every 10 requests)
[01:46:37] [71/456] TRHY
[01:46:38] [72/456] PTTH
[01:46:39] [73/456] RKMH
[01:46:40] [74/456] PRCS
[01:46:41] [75/456] VAJA
[01:46:42] [76/456] BJNG
[01:46:43] [77/456] SCVM
[01:46:44] [78/456] GNHB
[01:46:45] [79/456] TLUR
[01:46:45] [80/456] UKCC
[01:46:46] 🔄 Identity reset
[01:46:46] 🔄 Identity rotated (every 10 requests)
[01:46:46] [81/456] SRKR
[01:46:48] [82/456] RMKN
[01:46:49] [83/456] SLRT
[01:46:50] [84/456] LKMT
[01:46:51] [85/456] SSRJ
[01:46:52] [86/456] SPHT
[01:46:53] [87/456] ANTT
[01:46:54] [88/456] SRCH
[01:46:55] [89/456] SRCA
[01:46:55] [90/456] ARTH
[01:46:56] 🔄 Identity reset
[01:46:56] 🔄 Identity rotated (every 10 requests)
[01:46:56] [91/456] MCBH
[01:46:57] [92/456] SNIB
[01:46:58] [93/456] SART
[01:46:59] [94/456] SKTA
[01:47:00] [95/456] YAKT
[01:47:01] [96/456] MLCK
[01:47:02] [97/456] ANTS
[01:47:03] [98/456] DGCA
[01:47:04] [99/456] SGMP
[01:47:04] [100/456] ASWN
[01:47:05] 🔄 Identity reset
[01:47:05] 🔄 Identity rotated (every 10 requests)
[01:47:05] [101/456] KFVU
[01:47:06] [102/456] POOR
[01:47:07] [103/456] GKDN
[01:47:08] [104/456] EOSE
[01:47:09] [105/456] GTTT
[01:47:10] [106/456] ARRO
[01:47:11] [107/456] CMMK
[01:47:12] [108/456] MSCN
[01:47:13] [109/456] GDKH
[01:47:13] [110/456] DLMT
[01:47:14] 🔄 Identity reset
[01:47:14] 🔄 Identity rotated (every 10 requests)
[01:47:14] [111/456] PVMF
[01:47:15] [112/456] CPCK
[01:47:16] [113/456] VMHE
[01:47:17] [114/456] PVLC
[01:47:18] [115/456] PCVB
[01:47:19] [116/456] SNYK
[01:47:20] [117/456] KTEK
[01:47:21] [118/456] PCNM
[01:47:22] [119/456] NTTR
[01:47:23] [120/456] CPSK
[01:47:23] 🔄 Identity reset
[01:47:23] 🔄 Identity rotated (every 10 requests)
[01:47:24] [121/456] JMMA
[01:47:25] [122/456] GCFK
[01:47:25] [123/456] MYCA
[01:47:26] [124/456] KSNP
[01:47:27] [125/456] PMCE
[01:47:28] [126/456] SCKI
[01:47:29] [127/456] FSMA
[01:47:30] [128/456] CETA
[01:47:31] [129/456] MCIK
[01:47:33] [130/456] MYCR
[01:47:33] 🔄 Identity reset
[01:47:33] 🔄 Identity rotated (every 10 requests)
[01:47:34] [131/456] EVMP
[01:47:35] [132/456] SSGT
[01:47:36] [133/456] KCTK
[01:47:37] [134/456] ZTKC
[01:47:39] [135/456] MMTA
[01:47:40] [136/456] MAJT
[01:47:42] [137/456] ACPK
[01:47:43] [138/456] JMAX
[01:47:44] [139/456] SETK
[01:47:45] [140/456] CAIS
[01:47:46] 🔄 Identity reset
[01:47:46] 🔄 Identity rotated (every 10 requests)
[01:47:46] [141/456] AGCD
[01:47:47] [142/456] URCL
[01:47:48] [143/456] VTDS
[01:47:49] [144/456] JCNM
[01:47:49] [145/456] KCAM
[01:47:50] [146/456] ADCU
[01:47:51] [147/456] GXYN
[01:47:52] [148/456] SMJG
[01:47:53] [149/456] EYCJ
[01:47:55] [150/456] CCEJ
[01:47:55] 🔄 Identity reset
[01:47:55] 🔄 Identity rotated (every 10 requests)
[01:47:56] [151/456] MARS
[01:47:56] [152/456] CPVJ
[01:47:57] [153/456] INVP
[01:47:58] [154/456] CPOV
[01:47:59] [155/456] VIJK
[01:48:00] [156/456] LAIM
[01:48:01] [157/456] STHV
[01:48:01] [158/456] SVLJ
[01:48:03] [159/456] ATVJ
[01:48:04] [160/456] JTSC
[01:48:04] 🔄 Identity reset
[01:48:04] 🔄 Identity rotated (every 10 requests)
[01:48:05] [161/456] RMTV
[01:48:06] [162/456] MGGG
[01:48:07] [163/456] SWTH
[01:48:08] [164/456] INVJ
[01:48:09] [165/456] PRSV
[01:48:10] [166/456] JATV
[01:48:11] [167/456] RCVD
[01:48:12] [168/456] BDMA
[01:48:13] [169/456] BLJI
[01:48:14] [170/456] SWOT
[01:48:14] 🔄 Identity reset
[01:48:14] 🔄 Identity rotated (every 10 requests)
[01:48:15] [171/456] SWRN
[01:48:16] [172/456] TVRA
[01:48:17] [173/456] NVRN
[01:48:17] [174/456] SIKC
[01:48:18] [175/456] VAKR
[01:48:19] [176/456] SYLN
[01:48:20] [177/456] KLJL
[01:48:21] [178/456] LKMY
[01:48:22] [179/456] VSLY
[01:48:23] [180/456] CIKO
[01:48:23] 🔄 Identity reset
[01:48:23] 🔄 Identity rotated (every 10 requests)
[01:48:24] [181/456] GPBG
[01:48:25] [182/456] CECM
[01:48:25] [183/456] SLKB
[01:48:26] [184/456] MTBO
[01:48:27] [185/456] SSHB
[01:48:28] [186/456] VPCS
[01:48:29] [187/456] RCSR
[01:48:30] [188/456] RJRM
[01:48:31] [189/456] KPPB
[01:48:32] [190/456] SEDC
[01:48:32] 🔄 Identity reset
[01:48:32] 🔄 Identity rotated (every 10 requests)
[01:48:33] [191/456] SCAI
[01:48:33] [192/456] RMTR
[01:48:35] [193/456] ASST
[01:48:36] [194/456] GCAK
[01:48:37] [195/456] ANNK
[01:48:37] [196/456] KDDF
[01:48:38] [197/456] NRDP
[01:48:39] [198/456] PLAK
[01:48:40] [199/456] GCMC
[01:48:41] [200/456] ALPY
[01:48:42] 🔄 Identity reset
[01:48:42] 🔄 Identity rotated (every 10 requests)
[01:48:43] [201/456] SICE
[01:48:44] [202/456] SISR
[01:48:45] [203/456] SRPZ
[01:48:45] [204/456] SRSW
[01:48:46] [205/456] SUYA
[01:48:47] [206/456] AMMT
[01:48:48] [207/456] BHCU
[01:48:49] [208/456] KLPA
[01:48:50] [209/456] NVKH
[01:48:52] [210/456] JMRC
[01:48:53] 🔄 Identity reset
[01:48:53] 🔄 Identity rotated (every 10 requests)
[01:48:53] [211/456] KTTT
[01:48:54] [212/456] MAGH
[01:48:55] [213/456] MMMX
[01:48:56] [214/456] SALJ
[01:48:57] [215/456] GTJA
[01:48:58] [216/456] MAHT
[01:48:59] [217/456] SSNN
[01:49:00] [218/456] ARRP
[01:49:01] [219/456] ATNS
[01:49:03] [220/456] SKDT
[01:49:03] 🔄 Identity reset
[01:49:03] 🔄 Identity rotated (every 10 requests)
[01:49:03] [221/456] ACAT
[01:49:04] [222/456] APRC
[01:49:05] [223/456] SWAG
[01:49:06] [224/456] SDPT
[01:49:07] [225/456] STPS
[01:49:07] [226/456] WWCZ
[01:49:08] [227/456] LLCH
[01:49:09] [228/456] MZHA
[01:49:10] [229/456] CRJG
[01:49:11] [230/456] JGTK
[01:49:12] 🔄 Identity reset
[01:49:12] 🔄 Identity rotated (every 10 requests)
[01:49:12] [231/456] KCSR
[01:49:13] [232/456] CHTL
[01:49:14] [233/456] EDSR
[01:49:16] [234/456] CSWO
[01:49:17] [235/456] CPVM
[01:49:18] [236/456] MXBY
[01:49:19] [237/456] FMMA
[01:49:20] [238/456] POVI
[01:49:20] [239/456] MTHB
[01:49:21] [240/456] INRC
[01:49:22] 🔄 Identity reset
[01:49:22] 🔄 Identity rotated (every 10 requests)
[01:49:22] [241/456] PIPP
[01:49:23] [242/456] BMXC
[01:49:25] [243/456] PCMM
[01:49:26] [244/456] PMKM
[01:49:27] [245/456] GATY
[01:49:27] [246/456] IMCM
[01:49:28] [247/456] POPE
[01:49:29] [248/456] MTCR
[01:49:30] [249/456] PVAE
[01:49:31] [250/456] PVMI
[01:49:32] 🔄 Identity reset
[01:49:32] 🔄 Identity rotated (every 10 requests)
[01:49:32] [251/456] CPNM
[01:49:33] [252/456] FMRL
[01:49:34] [253/456] MCIW
[01:49:35] [254/456] MXBO
[01:49:36] [255/456] FMKY
[01:49:37] [256/456] FMDA
[01:49:38] [257/456] THAB
[01:49:39] [258/456] PRCW
[01:49:40] [259/456] PITI
[01:49:41] [260/456] MCFF
[01:49:41] 🔄 Identity reset
[01:49:41] 🔄 Identity rotated (every 10 requests)
[01:49:42] [261/456] PDDV
[01:49:43] [262/456] MCRM
[01:49:44] [263/456] KKMB
[01:49:45] [264/456] INKO
[01:49:46] [265/456] PLXP
[01:49:46] [266/456] MMHA
[01:49:47] [267/456] FMVS
[01:49:48] [268/456] POLM
[01:49:50] [269/456] STER
[01:49:51] [270/456] PVWJ
[01:49:51] 🔄 Identity reset
[01:49:51] 🔄 Identity rotated (every 10 requests)
[01:49:51] [271/456] IMJW
[01:49:52] [272/456] FNAN
[01:49:53] [273/456] CAGL
[01:49:54] [274/456] IPBG
[01:49:55] [275/456] SMFV
[01:49:56] [276/456] MMMR
[01:49:57] [277/456] MMWM
[01:49:58] [278/456] FNCM
[01:49:59] [279/456] MDVA
[01:50:00] [280/456] MMET
[01:50:00] 🔄 Identity reset
[01:50:00] 🔄 Identity rotated (every 10 requests)
[01:50:01] [281/456] MIDO
[01:50:02] [282/456] INNP
[01:50:03] [283/456] MIFU
[01:50:04] [284/456] MMSZ
[01:50:05] [285/456] BMXA
[01:50:06] [286/456] MCAA
[01:50:06] [287/456] SCVP
[01:50:07] [288/456] PLUS
[01:50:08] [289/456] MUCK
[01:50:09] [290/456] MTMA
[01:50:10] 🔄 Identity reset
[01:50:10] 🔄 Identity rotated (every 10 requests)
[01:50:10] [291/456] HPVR
[01:50:11] [292/456] PMPK
[01:50:12] [293/456] MAJB
[01:50:13] [294/456] CTRR
[01:50:13] [295/456] MCTG
[01:50:14] [296/456] MACE
[01:50:15] [297/456] AAAS
[01:50:16] [298/456] CPVV
[01:50:17] [299/456] RCHG
[01:50:18] [300/456] MCNE
[01:50:18] 🔄 Identity reset
[01:50:18] 🔄 Identity rotated (every 10 requests)
[01:50:19] [301/456] EMNC
[01:50:20] [302/456] MCAN
[01:50:21] [303/456] TCDM
[01:50:22] [304/456] IRGT
[01:50:23] [305/456] GCMG
[01:50:24] [306/456] MXSN
[01:50:25] [307/456] MXCK
[01:50:26] [308/456] MCRC
[01:50:27] [309/456] RSMI
[01:50:28] [310/456] WAML
[01:50:28] 🔄 Identity reset
[01:50:28] 🔄 Identity rotated (every 10 requests)
[01:50:30] [311/456] MTSC
[01:50:30] [312/456] FMDR
[01:50:31] [313/456] LEPV
[01:50:32] [314/456] MTGD
[01:50:33] [315/456] IMOB
[01:50:34] [316/456] CLMM
[01:50:35] [317/456] PZCD
[01:50:36] [318/456] GOCS
[01:50:37] [319/456] KCMA
[01:50:37] [320/456] CCMP
[01:50:38] 🔄 Identity reset
[01:50:38] 🔄 Identity rotated (every 10 requests)
[01:50:39] [321/456] MTSU
[01:50:40] [322/456] SNGL
[01:50:41] [323/456] MMMC
[01:50:43] [324/456] MMAA
[01:50:44] [325/456] GCDM
[01:50:45] [326/456] KTMV
[01:50:45] [327/456] AETE
[01:50:46] [328/456] OMCS
[01:50:47] [329/456] GDCD
[01:50:48] [330/456] NYMD
[01:50:49] 🔄 Identity reset
[01:50:49] 🔄 Identity rotated (every 10 requests)
[01:50:49] [331/456] RNCV
[01:50:50] [332/456] KKMT
[01:50:51] [333/456] GDTH
[01:50:52] [334/456] KMMV
[01:50:53] [335/456] NHCG
[01:50:54] [336/456] PJDW
[01:50:55] [337/456] MMCV
[01:50:56] [338/456] FQSA
[01:50:57] [339/456] KURL
[01:50:58] [340/456] NNNX
[01:50:59] 🔄 Identity reset
[01:50:59] 🔄 Identity rotated (every 10 requests)
[01:50:59] [341/456] AMAU
[01:51:01] [342/456] VVVM
[01:51:02] [343/456] VECU
[01:51:03] [344/456] WCVR
[01:51:03] [345/456] MTGG
[01:51:04] [346/456] SGTG
[01:51:05] [347/456] MNTG
[01:51:06] [348/456] JDDG
[01:51:07] [349/456] MBTK
[01:51:09] [350/456] SGCD
[01:51:09] 🔄 Identity reset
[01:51:09] 🔄 Identity rotated (every 10 requests)
[01:51:10] [351/456] MCTC
[01:51:10] [352/456] JTPC
[01:51:11] [353/456] SDKT
[01:51:12] [354/456] KRCC
[01:51:13] [355/456] RMMD
[01:51:15] [356/456] AAME
[01:51:16] [357/456] TMWC
[01:51:17] [358/456] NRWY
[01:51:18] [359/456] CITD
[01:51:19] [360/456] VERD
[01:51:19] 🔄 Identity reset
[01:51:19] 🔄 Identity rotated (every 10 requests)
[01:51:20] [361/456] MKSK
[01:51:21] [362/456] STSM
[01:51:22] [363/456] MJDG
[01:51:23] [364/456] RKPM
[01:51:23] [365/456] SSCE
[01:51:24] [366/456] VMAE
[01:51:26] [367/456] SBRU
[01:51:27] [368/456] AMBC
[01:51:28] [369/456] AMLU
[01:51:29] [370/456] INVZ
[01:51:29] 🔄 Identity reset
[01:51:29] 🔄 Identity rotated (every 10 requests)
[01:51:30] [371/456] LGTV
[01:51:31] [372/456] SVAD
[01:51:32] [373/456] SMSA
[01:51:32] [374/456] SPCZ
[01:51:33] [375/456] GTCX
[01:51:34] [376/456] SCSL
[01:51:35] [377/456] SAHU
[01:51:36] [378/456] NCDA
[01:51:37] [379/456] SCCG
[01:51:37] [380/456] VKTL
[01:51:38] 🔄 Identity reset
[01:51:38] 🔄 Identity rotated (every 10 requests)
[01:51:38] [381/456] PUUJ
[01:51:39] [382/456] STEJ
[01:51:40] [383/456] RJAL
[01:51:41] [384/456] ACJC
[01:51:43] [385/456] ARVB
[01:51:44] [386/456] AUBB
[01:51:45] [387/456] GDBR
[01:51:46] [388/456] PVND
[01:51:47] [389/456] BGRJ
[01:51:48] [390/456] RJMM
[01:51:48] 🔄 Identity reset
[01:51:48] 🔄 Identity rotated (every 10 requests)
[01:51:49] [391/456] MCSA
[01:51:50] [392/456] BODA
[01:51:51] [393/456] JAGG
[01:51:52] [394/456] SCGA
[01:51:53] [395/456] LRCM
[01:51:54] [396/456] CPCN
[01:51:55] [397/456] SSTF
[01:51:56] [398/456] SRXP
[01:51:57] [399/456] CNFX
[01:51:59] [400/456] ANDI
[01:51:59] 🔄 Identity reset
[01:51:59] 🔄 Identity rotated (every 10 requests)
[01:52:00] [401/456] SYEW
[01:52:00] [402/456] RCRE
[01:52:01] [403/456] SCRW
[01:52:02] [404/456] MBKR
[01:52:03] [405/456] ASNT
[01:52:04] [406/456] JTMT
[01:52:05] [407/456] SHAY
[01:52:06] [408/456] VRTH
[01:52:06] [409/456] SPTI
[01:52:07] [410/456] DPTD
[01:52:08] 🔄 Identity reset
[01:52:08] 🔄 Identity rotated (every 10 requests)
[01:52:08] [411/456] TGSN
[01:52:09] [412/456] RCWV
[01:52:10] [413/456] OCUR
[01:52:11] [414/456] KSTC
[01:52:12] [415/456] SANI
[01:52:13] [416/456] MLCA
[01:52:14] [417/456] EGCA
[01:52:15] [418/456] SYSN
[01:52:16] [419/456] PKTA
[01:52:17] [420/456] PRCC
[01:52:17] 🔄 Identity reset
[01:52:17] 🔄 Identity rotated (every 10 requests)
[01:52:17] [421/456] KSTR
[01:52:18] [422/456] SNTP
[01:52:19] [423/456] RCHA
[01:52:20] [424/456] SEEA
[01:52:21] [425/456] ALAT
[01:52:22] [426/456] AATV
[01:52:23] [427/456] RJTE
[01:52:24] [428/456] AAPP
[01:52:25] [429/456] PMMH
[01:52:26] [430/456] INRJ
[01:52:26] 🔄 Identity reset
[01:52:26] 🔄 Identity rotated (every 10 requests)
[01:52:27] [431/456] SARB
[01:52:28] [432/456] PCJL
[01:52:28] [433/456] PFJJ
[01:52:29] [434/456] GRDC
[01:52:30] [435/456] BCBA
[01:52:31] [436/456] VIXL
[01:52:32] [437/456] CSTL
[01:52:33] [438/456] MTDK
[01:52:33] [439/456] TDAC
[01:52:34] [440/456] GTDN
[01:52:35] 🔄 Identity reset
[01:52:35] 🔄 Identity rotated (every 10 requests)
[01:52:35] [441/456] TTDE
[01:52:36] [442/456] ASTS
[01:52:37] [443/456] CPNS
[01:52:38] [444/456] PVVW
[01:52:39] [445/456] USEB
[01:52:40] [446/456] DTYN
[01:52:41] [447/456] PVLE
[01:52:42] [448/456] CIPS
[01:52:43] [449/456] PAEG
[01:52:45] [450/456] PTCW
[01:52:45] 🔄 Identity reset
[01:52:46] 🔄 Identity rotated (every 10 requests)
[01:52:46] [451/456] G3SR
[01:52:47] [452/456] PGND
[01:52:47] [453/456] INVM
[01:52:48] [454/456] SPIA
[01:52:49] [455/456] PCSN
[01:52:51] [456/456] PPGV
[01:52:51] ✅ DONE | Shows=0 | Movies=0
[02:16:48] 🚀 BMS DAILY TRACKER STARTED (enhanced anti‑detection)
[02:16:48] [1/456] FNDB
[02:16:49] 🧠 New identity created
[02:16:50] [2/456] AMBH
[02:16:51] [3/456] PRHN
[02:16:52] [4/456] ACPM
[02:16:53] [5/456] PVFS
[02:16:54] [6/456] AACN
[02:16:55] [7/456] ACAS
[02:16:56] [8/456] CTNR
[02:16:57] [9/456] MMAH
[02:16:58] [10/456] CPMH
[02:16:58] 🔄 Identity reset
[02:16:58] 🔄 Identity rotated (every 10 requests)
[02:16:59] [11/456] IGMH
[02:16:59] [12/456] ABCS
[02:17:00] [13/456] CMMA
[02:17:01] [14/456] GPRH
[02:17:03] [15/456] PNNG
[02:17:04] [16/456] AMCA
[02:17:05] [17/456] ISTN
[02:17:06] [18/456] PIIC
[02:17:07] [19/456] AHMH
[02:17:08] [20/456] ASHN
[02:17:08] 🔄 Identity reset
[02:17:08] 🔄 Identity rotated (every 10 requests)
[02:17:09] [21/456] INHY
[02:17:10] [22/456] SRMO
[02:17:11] [23/456] PIMH
[02:17:12] [24/456] PVTS
[02:17:13] [25/456] MMCA
[02:17:14] [26/456] AKYJ
[02:17:15] [27/456] BRKH
[02:17:16] [28/456] MAHM
[02:17:17] [29/456] CPHY
[02:17:18] [30/456] PVTP
[02:17:18] 🔄 Identity reset
[02:17:18] 🔄 Identity rotated (every 10 requests)
[02:17:19] [31/456] SMMR
[02:17:20] [32/456] PVHM
[02:17:21] [33/456] SNDY
[02:17:22] [34/456] GOKU
[02:17:24] [35/456] ACEV
[02:17:24] [36/456] PVUM
[02:17:25] [37/456] VSWA
[02:17:26] [38/456] IPRS
[02:17:27] [39/456] BKMV
[02:17:28] [40/456] PVYH
[02:17:29] 🔄 Identity reset
[02:17:29] 🔄 Identity rotated (every 10 requests)
[02:17:30] [41/456] INKM
[02:17:31] [42/456] ARJU
[02:17:32] [43/456] JJPP
[02:17:33] [44/456] SSRM
[02:17:34] [45/456] HMHD
[02:17:35] [46/456] SNKH
[02:17:36] [47/456] ACHI
[02:17:37] [48/456] MRAA
[02:17:38] [49/456] INMH
[02:17:39] [50/456] ARMH
[02:17:40] 🔄 Identity reset
[02:17:40] 🔄 Identity rotated (every 10 requests)
[02:17:40] [51/456] DVRR
[02:17:41] [52/456] SUDA
[02:17:42] [53/456] MCSS
[02:17:43] [54/456] VRKC
[02:17:44] [55/456] PRCX
[02:17:45] [56/456] ASJY
[02:17:45] [57/456] MTHY
[02:17:46] [58/456] SRCM
[02:17:47] [59/456] TVHY
[02:17:48] [60/456] STHD
[02:17:49] 🔄 Identity reset
[02:17:49] 🔄 Identity rotated (every 10 requests)
[02:17:49] [61/456] CPCL
[02:17:50] [62/456] PSMJ
[02:17:51] [63/456] MRGT
[02:17:52] [64/456] ARYH
[02:17:53] [65/456] VTRB
[02:17:54] [66/456] SCHC
[02:17:55] [67/456] MRRG
[02:17:57] [68/456] SPCB
[02:17:58] [69/456] AMCM
[02:17:59] [70/456] IVNM
[02:18:00] 🔄 Identity reset
[02:18:00] 🔄 Identity rotated (every 10 requests)
[02:18:00] [71/456] TRHY
[02:18:01] [72/456] PTTH
[02:18:01] [73/456] RKMH
[02:18:02] [74/456] PRCS
[02:18:03] [75/456] VAJA
[02:18:04] [76/456] BJNG
[02:18:05] [77/456] SCVM
[02:18:06] [78/456] GNHB
[02:18:07] [79/456] TLUR
[02:18:08] [80/456] UKCC
[02:18:08] 🔄 Identity reset
[02:18:09] 🔄 Identity rotated (every 10 requests)
[02:18:09] [81/456] SRKR
[02:18:10] [82/456] RMKN
[02:18:11] [83/456] SLRT
[02:18:12] [84/456] LKMT
[02:18:13] [85/456] SSRJ
[02:18:14] [86/456] SPHT
[02:18:14] [87/456] ANTT
[02:18:17] [88/456] SRCH
[02:18:17] [89/456] SRCA
[02:18:18] [90/456] ARTH
[02:18:19] 🔄 Identity reset
[02:18:19] 🔄 Identity rotated (every 10 requests)
[02:18:19] [91/456] MCBH
[02:18:20] [92/456] SNIB
[02:18:21] [93/456] SART
[02:18:22] [94/456] SKTA
[02:18:23] [95/456] YAKT
[02:18:24] [96/456] MLCK
[02:18:25] [97/456] ANTS
[02:18:26] [98/456] DGCA
[02:18:27] [99/456] SGMP
[02:18:28] [100/456] ASWN
[02:18:28] 🔄 Identity reset
[02:18:28] 🔄 Identity rotated (every 10 requests)
[02:18:29] [101/456] KFVU
[02:18:29] [102/456] POOR
[02:18:30] [103/456] GKDN
[02:18:31] [104/456] EOSE
[02:18:32] [105/456] GTTT
[02:18:33] [106/456] ARRO
[02:18:34] [107/456] CMMK
[02:18:36] [108/456] MSCN
[02:18:37] [109/456] GDKH
[02:18:38] [110/456] DLMT
[02:18:38] 🔄 Identity reset
[02:18:39] 🔄 Identity rotated (every 10 requests)
[02:18:39] [111/456] PVMF
[02:18:40] [112/456] CPCK
[02:18:41] [113/456] VMHE
[02:18:42] [114/456] PVLC
[02:18:43] [115/456] PCVB
[02:18:44] [116/456] SNYK
[02:18:45] [117/456] KTEK
[02:18:47] [118/456] PCNM
[02:18:48] [119/456] NTTR
[02:18:49] [120/456] CPSK
[02:18:50] 🔄 Identity reset
[02:18:50] 🔄 Identity rotated (every 10 requests)
[02:18:50] [121/456] JMMA
[02:18:51] [122/456] GCFK
[02:18:52] [123/456] MYCA
[02:18:53] [124/456] KSNP
[02:18:54] [125/456] PMCE
[02:18:55] [126/456] SCKI
[02:18:56] [127/456] FSMA
[02:18:56] [128/456] CETA
[02:18:58] [129/456] MCIK
[02:19:00] [130/456] MYCR
[02:19:01] 🔄 Identity reset
[02:19:01] 🔄 Identity rotated (every 10 requests)
[02:19:02] [131/456] EVMP
[02:19:03] [132/456] SSGT
[02:19:04] [133/456] KCTK
[02:19:06] [134/456] ZTKC
[02:19:06] [135/456] MMTA
[02:19:07] [136/456] MAJT
[02:19:09] [137/456] ACPK
[02:19:11] [138/456] JMAX
[02:19:12] [139/456] SETK
[02:19:12] [140/456] CAIS
[02:19:13] 🔄 Identity reset
[02:19:13] 🔄 Identity rotated (every 10 requests)
[02:19:14] [141/456] AGCD
[02:19:15] [142/456] URCL
[02:19:16] [143/456] VTDS
[02:19:17] [144/456] JCNM
[02:19:18] [145/456] KCAM
[02:19:19] [146/456] ADCU
[02:19:20] [147/456] GXYN
[02:19:21] [148/456] SMJG
[02:19:22] [149/456] EYCJ
[02:19:23] [150/456] CCEJ
[02:19:24] 🔄 Identity reset
[02:19:24] 🔄 Identity rotated (every 10 requests)
[02:19:24] [151/456] MARS
[02:19:25] [152/456] CPVJ
[02:19:26] [153/456] INVP
[02:19:28] [154/456] CPOV
[02:19:29] [155/456] VIJK
[02:19:30] [156/456] LAIM
[02:19:31] [157/456] STHV
[02:19:32] [158/456] SVLJ
[02:19:33] [159/456] ATVJ
[02:19:34] [160/456] JTSC
[02:19:34] 🔄 Identity reset
[02:19:34] 🔄 Identity rotated (every 10 requests)
[02:19:35] [161/456] RMTV
[02:19:36] [162/456] MGGG
[02:19:37] [163/456] SWTH
[02:19:38] [164/456] INVJ
[02:19:39] [165/456] PRSV
[02:19:40] [166/456] JATV
[02:19:40] [167/456] RCVD
[02:19:41] [168/456] BDMA
[02:19:42] [169/456] BLJI
[02:19:43] [170/456] SWOT
[02:19:44] 🔄 Identity reset
[02:19:44] 🔄 Identity rotated (every 10 requests)
[02:19:44] [171/456] SWRN
[02:19:45] [172/456] TVRA
[02:19:46] [173/456] NVRN
[02:19:47] [174/456] SIKC
[02:19:48] [175/456] VAKR
[02:19:49] [176/456] SYLN
[02:19:50] [177/456] KLJL
[02:19:51] [178/456] LKMY
[02:19:52] [179/456] VSLY
[02:19:53] [180/456] CIKO
[02:19:54] 🔄 Identity reset
[02:19:54] 🔄 Identity rotated (every 10 requests)
[02:19:54] [181/456] GPBG
[02:19:55] [182/456] CECM
[02:19:56] [183/456] SLKB
[02:19:57] [184/456] MTBO
[02:19:58] [185/456] SSHB
[02:19:58] [186/456] VPCS
[02:19:59] [187/456] RCSR
[02:20:00] [188/456] RJRM
[02:20:01] [189/456] KPPB
[02:20:02] [190/456] SEDC
[02:20:03] 🔄 Identity reset
[02:20:03] 🔄 Identity rotated (every 10 requests)
[02:20:03] [191/456] SCAI
[02:20:04] [192/456] RMTR
[02:20:05] [193/456] ASST
[02:20:06] [194/456] GCAK
[02:20:07] [195/456] ANNK
[02:20:08] [196/456] KDDF
[02:20:09] [197/456] NRDP
[02:20:10] [198/456] PLAK
[02:20:11] [199/456] GCMC
[02:20:12] [200/456] ALPY
[02:20:12] 🔄 Identity reset
[02:20:12] 🔄 Identity rotated (every 10 requests)
[02:20:13] [201/456] SICE
[02:20:14] [202/456] SISR
[02:20:15] [203/456] SRPZ
[02:20:15] [204/456] SRSW
[02:20:17] [205/456] SUYA
[02:20:18] [206/456] AMMT
[02:20:19] [207/456] BHCU
[02:20:20] [208/456] KLPA
[02:20:20] [209/456] NVKH
[02:20:21] [210/456] JMRC
[02:20:22] 🔄 Identity reset
[02:20:22] 🔄 Identity rotated (every 10 requests)
[02:20:22] [211/456] KTTT
[02:20:23] [212/456] MAGH
[02:20:24] [213/456] MMMX
[02:20:25] [214/456] SALJ
[02:20:26] [215/456] GTJA
[02:20:27] [216/456] MAHT
[02:20:28] [217/456] SSNN
[02:20:29] [218/456] ARRP
[02:20:30] [219/456] ATNS
[02:20:31] [220/456] SKDT
[02:20:32] 🔄 Identity reset
[02:20:32] 🔄 Identity rotated (every 10 requests)
[02:20:32] [221/456] ACAT
[02:20:33] [222/456] APRC
[02:20:34] [223/456] SWAG
[02:20:35] [224/456] SDPT
[02:20:35] [225/456] STPS
[02:20:36] [226/456] WWCZ
[02:20:37] [227/456] LLCH
[02:20:38] [228/456] MZHA
[02:20:39] [229/456] CRJG
[02:20:40] [230/456] JGTK
[02:20:41] 🔄 Identity reset
[02:20:41] 🔄 Identity rotated (every 10 requests)
[02:20:41] [231/456] KCSR
[02:20:42] [232/456] CHTL
[02:20:43] [233/456] EDSR
[02:20:44] [234/456] CSWO
[02:20:45] [235/456] CPVM
[02:20:46] [236/456] MXBY
[02:20:46] [237/456] FMMA
[02:20:47] [238/456] POVI
[02:20:48] [239/456] MTHB
[02:20:50] [240/456] INRC
[02:20:50] 🔄 Identity reset
[02:20:50] 🔄 Identity rotated (every 10 requests)
[02:20:51] [241/456] PIPP
[02:20:52] [242/456] BMXC
[02:20:53] [243/456] PCMM
[02:20:54] [244/456] PMKM
[02:20:55] [245/456] GATY
[02:20:56] [246/456] IMCM
[02:20:57] [247/456] POPE
[02:20:58] [248/456] MTCR
[02:20:59] [249/456] PVAE
[02:21:00] [250/456] PVMI
[02:21:01] 🔄 Identity reset
[02:21:01] 🔄 Identity rotated (every 10 requests)
[02:21:01] [251/456] CPNM
[02:21:03] [252/456] FMRL
[02:21:04] [253/456] MCIW
[02:21:05] [254/456] MXBO
[02:21:06] [255/456] FMKY
[02:21:08] [256/456] FMDA
[02:21:08] [257/456] THAB
[02:21:09] [258/456] PRCW
[02:21:10] [259/456] PITI
[02:21:12] [260/456] MCFF
[02:21:13] 🔄 Identity reset
[02:21:13] 🔄 Identity rotated (every 10 requests)
[02:21:13] [261/456] PDDV
[02:21:14] [262/456] MCRM
[02:21:15] [263/456] KKMB
[02:21:16] [264/456] INKO
[02:21:17] [265/456] PLXP
[02:21:18] [266/456] MMHA
[02:21:19] [267/456] FMVS
[02:21:20] [268/456] POLM
[02:21:21] [269/456] STER
[02:21:22] [270/456] PVWJ
[02:21:22] 🔄 Identity reset
[02:21:22] 🔄 Identity rotated (every 10 requests)
[02:21:23] [271/456] IMJW
[02:21:24] [272/456] FNAN
[02:21:25] [273/456] CAGL
[02:21:27] [274/456] IPBG
[02:21:28] [275/456] SMFV
[02:21:29] [276/456] MMMR
[02:21:30] [277/456] MMWM
[02:21:31] [278/456] FNCM
[02:21:32] [279/456] MDVA
[02:21:33] [280/456] MMET
[02:21:33] 🔄 Identity reset
[02:21:33] 🔄 Identity rotated (every 10 requests)
[02:21:33] 🔄 Retry 1/5 for MMET in 2.9s
[02:21:33] 🔄 Identity reset
[02:21:36] 🧠 New identity created
[02:21:37] [281/456] MIDO
[02:21:37] [282/456] INNP
[02:21:38] [283/456] MIFU
[02:21:39] [284/456] MMSZ
[02:21:40] [285/456] BMXA
[02:21:41] [286/456] MCAA
[02:21:42] [287/456] SCVP
[02:21:43] [288/456] PLUS
[02:21:45] [289/456] MUCK
[02:21:46] 🔄 Identity reset
[02:21:46] 🔄 Identity rotated (every 10 requests)
[02:21:47] [290/456] MTMA
[02:21:48] [291/456] HPVR
[02:21:49] [292/456] PMPK
[02:21:50] [293/456] MAJB
[02:21:51] [294/456] CTRR
[02:21:52] [295/456] MCTG
[02:21:53] [296/456] MACE
[02:21:54] [297/456] AAAS
[02:21:55] [298/456] CPVV
[02:21:56] [299/456] RCHG
[02:21:56] 🔄 Identity reset
[02:21:56] 🔄 Identity rotated (every 10 requests)
[02:21:57] [300/456] MCNE
[02:21:58] [301/456] EMNC
[02:21:59] [302/456] MCAN
[02:21:59] [303/456] TCDM
[02:22:00] [304/456] IRGT
[02:22:01] [305/456] GCMG
[02:22:03] [306/456] MXSN
[02:22:03] [307/456] MXCK
[02:22:04] [308/456] MCRC
[02:22:05] [309/456] RSMI
[02:22:06] 🔄 Identity reset
[02:22:06] 🔄 Identity rotated (every 10 requests)
[02:22:06] [310/456] WAML
[02:22:07] [311/456] MTSC
[02:22:08] [312/456] FMDR
[02:22:09] [313/456] LEPV
[02:22:10] [314/456] MTGD
[02:22:11] [315/456] IMOB
[02:22:12] [316/456] CLMM
[02:22:12] [317/456] PZCD
[02:22:13] [318/456] GOCS
[02:22:14] [319/456] KCMA
[02:22:15] 🔄 Identity reset
[02:22:15] 🔄 Identity rotated (every 10 requests)
[02:22:16] [320/456] CCMP
[02:22:17] [321/456] MTSU
[02:22:18] [322/456] SNGL
[02:22:19] [323/456] MMMC
[02:22:20] [324/456] MMAA
[02:22:21] [325/456] GCDM
[02:22:22] [326/456] KTMV
[02:22:23] [327/456] AETE
[02:22:24] [328/456] OMCS
[02:22:25] [329/456] GDCD
[02:22:26] 🔄 Identity reset
[02:22:26] 🔄 Identity rotated (every 10 requests)
[02:22:26] [330/456] NYMD
[02:22:27] [331/456] RNCV
[02:22:28] [332/456] KKMT
[02:22:29] [333/456] GDTH
[02:22:30] [334/456] KMMV
[02:22:31] [335/456] NHCG
[02:22:32] [336/456] PJDW
[02:22:33] [337/456] MMCV
[02:22:34] [338/456] FQSA
[02:22:35] [339/456] KURL
[02:22:36] 🔄 Identity reset
[02:22:36] 🔄 Identity rotated (every 10 requests)
[02:22:36] [340/456] NNNX
[02:22:37] [341/456] AMAU
[02:22:38] [342/456] VVVM
[02:22:39] [343/456] VECU
[02:22:40] [344/456] WCVR
[02:22:41] [345/456] MTGG
[02:22:42] [346/456] SGTG
[02:22:43] [347/456] MNTG
[02:22:43] [348/456] JDDG
[02:22:44] [349/456] MBTK
[02:22:45] 🔄 Identity reset
[02:22:45] 🔄 Identity rotated (every 10 requests)
[02:22:45] [350/456] SGCD
[02:22:46] [351/456] MCTC
[02:22:47] [352/456] JTPC
[02:22:48] [353/456] SDKT
[02:22:49] [354/456] KRCC
[02:22:50] [355/456] RMMD
[02:22:52] [356/456] AAME
[02:22:53] [357/456] TMWC
[02:22:54] [358/456] NRWY
[02:22:55] [359/456] CITD
[02:22:56] 🔄 Identity reset
[02:22:56] 🔄 Identity rotated (every 10 requests)
[02:22:56] [360/456] VERD
[02:22:57] [361/456] MKSK
[02:22:59] [362/456] STSM
[02:23:00] [363/456] MJDG
[02:23:01] [364/456] RKPM
[02:23:02] [365/456] SSCE
[02:23:03] [366/456] VMAE
[02:23:04] [367/456] SBRU
[02:23:05] [368/456] AMBC
[02:23:06] [369/456] AMLU
[02:23:07] 🔄 Identity reset
[02:23:07] 🔄 Identity rotated (every 10 requests)
[02:23:07] [370/456] INVZ
[02:23:08] [371/456] LGTV
[02:23:09] [372/456] SVAD
[02:23:10] [373/456] SMSA
[02:23:11] [374/456] SPCZ
[02:23:12] [375/456] GTCX
[02:23:13] [376/456] SCSL
[02:23:14] [377/456] SAHU
[02:23:15] [378/456] NCDA
[02:23:16] [379/456] SCCG
[02:23:17] 🔄 Identity reset
[02:23:17] 🔄 Identity rotated (every 10 requests)
[02:23:17] [380/456] VKTL
[02:23:19] [381/456] PUUJ
[02:23:20] [382/456] STEJ
[02:23:21] [383/456] RJAL
[02:23:22] [384/456] ACJC
[02:23:22] [385/456] ARVB
[02:23:23] [386/456] AUBB
[02:23:25] [387/456] GDBR
[02:23:26] [388/456] PVND
[02:23:27] [389/456] BGRJ
[02:23:27] 🔄 Identity reset
[02:23:27] 🔄 Identity rotated (every 10 requests)
[02:23:27] [390/456] RJMM
[02:23:29] [391/456] MCSA
[02:23:30] [392/456] BODA
[02:23:31] [393/456] JAGG
[02:23:32] [394/456] SCGA
[02:23:33] [395/456] LRCM
[02:23:34] [396/456] CPCN
[02:23:34] [397/456] SSTF
[02:23:35] [398/456] SRXP
[02:23:36] [399/456] CNFX
[02:23:37] 🔄 Identity reset
[02:23:37] 🔄 Identity rotated (every 10 requests)
[02:23:37] [400/456] ANDI
[02:23:38] [401/456] SYEW
[02:23:39] [402/456] RCRE
[02:23:40] [403/456] SCRW
[02:23:41] [404/456] MBKR
[02:23:42] [405/456] ASNT
[02:23:43] [406/456] JTMT
[02:23:44] [407/456] SHAY
[02:23:45] [408/456] VRTH
[02:23:46] [409/456] SPTI
[02:23:46] 🔄 Identity reset
[02:23:46] 🔄 Identity rotated (every 10 requests)
[02:23:47] [410/456] DPTD
[02:23:48] [411/456] TGSN
[02:23:49] [412/456] RCWV
[02:23:50] [413/456] OCUR
[02:23:51] [414/456] KSTC
[02:23:52] [415/456] SANI
[02:23:53] [416/456] MLCA
[02:23:54] [417/456] EGCA
[02:23:55] [418/456] SYSN
[02:23:56] [419/456] PKTA
[02:23:57] 🔄 Identity reset
[02:23:57] 🔄 Identity rotated (every 10 requests)
[02:23:58] [420/456] PRCC
[02:23:59] [421/456] KSTR
[02:24:00] [422/456] SNTP
[02:24:01] [423/456] RCHA
[02:24:02] [424/456] SEEA
[02:24:03] [425/456] ALAT
[02:24:04] [426/456] AATV
[02:24:04] [427/456] RJTE
[02:24:06] [428/456] AAPP
[02:24:06] [429/456] PMMH
[02:24:07] 🔄 Identity reset
[02:24:07] 🔄 Identity rotated (every 10 requests)
[02:24:07] [430/456] INRJ
[02:24:08] [431/456] SARB
[02:24:09] [432/456] PCJL
[02:24:10] [433/456] PFJJ
[02:24:11] [434/456] GRDC
[02:24:12] [435/456] BCBA
[02:24:13] [436/456] VIXL
[02:24:14] [437/456] CSTL
[02:24:17] [438/456] MTDK
[02:24:18] [439/456] TDAC
[02:24:18] 🔄 Identity reset
[02:24:19] 🔄 Identity rotated (every 10 requests)
[02:24:19] [440/456] GTDN
[02:24:20] [441/456] TTDE
[02:24:21] [442/456] ASTS
[02:24:22] [443/456] CPNS
[02:24:23] [444/456] PVVW
[02:24:24] [445/456] USEB
[02:24:25] [446/456] DTYN
[02:24:26] [447/456] PVLE
[02:24:27] [448/456] CIPS
[02:24:29] [449/456] PAEG
[02:24:29] 🔄 Identity reset
[02:24:29] 🔄 Identity rotated (every 10 requests)
[02:24:30] [450/456] PTCW
[02:24:31] [451/456] G3SR
[02:24:32] [452/456] PGND
[02:24:33] [453/456] INVM
[02:24:34] [454/456] SPIA
[02:24:35] [455/456] PCSN
[02:24:37] [456/456] PPGV
[02:24:38] ✅ DONE | Shows=0 | Movies=0
