[18:46:31] 🚀 SCRIPT STARTED (enhanced anti‑detection)
[18:46:31] [1/445] TGMR
[18:46:31] 🧠 New identity created
[18:46:33] [2/445] CXKR
[18:46:34] [3/445] SROP
[18:46:34] [4/445] GTSV
[18:46:35] [5/445] SNTY
[18:46:36] [6/445] SMYY
[18:46:38] [7/445] CNCS
[18:46:39] [8/445] CSTM
[18:46:40] [9/445] NUCD
[18:46:40] [10/445] SHCZ
[18:46:41] 🔄 Identity reset
[18:46:41] 🔄 Identity rotated (every 10 requests)
[18:46:42] [11/445] NJCT
[18:46:44] [12/445] COPC
[18:46:45] [13/445] STVV
[18:46:46] [14/445] SKRN
[18:46:46] [15/445] APPZ
[18:46:47] [16/445] YMGN
[18:46:48] [17/445] SVTU
[18:46:49] [18/445] GTAD
[18:46:50] [19/445] PSUS
[18:46:51] [20/445] SMCD
[18:46:52] 🔄 Identity reset
[18:46:52] 🔄 Identity rotated (every 10 requests)
[18:46:52] [21/445] CMCM
[18:46:53] [22/445] SYCT
[18:46:54] [23/445] STLY
[18:46:55] [24/445] CMHU
[18:46:56] [25/445] CMSA
[18:46:57] [26/445] CLCU
[18:46:58] [27/445] PPNT
[18:46:59] [28/445] JTAB
[18:46:59] [29/445] BUUC
[18:47:01] [30/445] BSVK
[18:47:02] 🔄 Identity reset
[18:47:02] 🔄 Identity rotated (every 10 requests)
[18:47:02] [31/445] VVVQ
[18:47:04] [32/445] TKMU
[18:47:04] [33/445] ESYL
[18:47:05] [34/445] ACHP
[18:47:06] [35/445] BTKD
[18:47:07] [36/445] DESA
[18:47:08] [37/445] GBCT
[18:47:09] [38/445] BLLD
[18:47:10] [39/445] SKNT
[18:47:11] [40/445] SSTE
[18:47:11] 🔄 Identity reset
[18:47:11] 🔄 Identity rotated (every 10 requests)
[18:47:12] [41/445] VJMR
[18:47:12] [42/445] NTPU
[18:47:14] [43/445] RDKN
[18:47:14] [44/445] ADGC
[18:47:15] [45/445] VRBP
[18:47:16] [46/445] NMNA
[18:47:17] [47/445] CMMX
[18:47:18] [48/445] PTKO
[18:47:19] [49/445] RBML
[18:47:20] [50/445] SAIC
[18:47:20] 🔄 Identity reset
[18:47:20] 🔄 Identity rotated (every 10 requests)
[18:47:20] [51/445] SVTJ
[18:47:21] [52/445] MRTE
[18:47:22] [53/445] RBTP
[18:47:23] [54/445] NLPS
[18:47:24] [55/445] GTNA
[18:47:25] [56/445] DGGC
[18:47:26] [57/445] SMCR
[18:47:27] [58/445] SCGD
[18:47:28] [59/445] SRRJ
[18:47:29] [60/445] CNRY
[18:47:29] 🔄 Identity reset
[18:47:29] 🔄 Identity rotated (every 10 requests)
[18:47:30] [61/445] KTDI
[18:47:31] [62/445] SNJL
[18:47:31] [63/445] RKMD
[18:47:32] [64/445] SMDC
[18:47:33] [65/445] TADG
[18:47:34] [66/445] MCGS
[18:47:36] [67/445] PETK
[18:47:37] [68/445] CHAG
[18:47:38] [69/445] KSTL
[18:47:39] [70/445] AADS
[18:47:40] 🔄 Identity reset
[18:47:40] 🔄 Identity rotated (every 10 requests)
[18:47:40] [71/445] NTHZ
[18:47:41] [72/445] HCKI
[18:47:42] [73/445] SSEF
[18:47:44] [74/445] MCGX
[18:47:45] [75/445] ERRA
[18:47:46] [76/445] SDTW
[18:47:48] [77/445] RMPK
[18:47:48] [78/445] PTHK
[18:47:49] [79/445] PXCS
[18:47:50] [80/445] SVLU
[18:47:51] 🔄 Identity reset
[18:47:51] 🔄 Identity rotated (every 10 requests)
[18:47:52] [81/445] STAH
[18:47:53] [82/445] JRGF
[18:47:54] [83/445] CDOK
[18:47:56] [84/445] CMSG
[18:47:56] [85/445] APTD
[18:47:57] [86/445] KMPG
[18:47:58] [87/445] MUTJ
[18:47:59] [88/445] VCCI
[18:48:00] [89/445] URBE
[18:48:01] [90/445] TCTS
[18:48:02] 🔄 Identity reset
[18:48:02] 🔄 Identity rotated (every 10 requests)
[18:48:02] [91/445] STSN
[18:48:03] [92/445] AKCH
[18:48:05] [93/445] APSC
[18:48:06] [94/445] VLTB
[18:48:08] [95/445] SANU
[18:48:09] [96/445] AXAM
[18:48:10] [97/445] MGMG
[18:48:11] [98/445] HTBY
[18:48:12] [99/445] MMZS
[18:48:13] [100/445] SUDR
[18:48:14] 🔄 Identity reset
[18:48:14] 🔄 Identity rotated (every 10 requests)
[18:48:14] [101/445] CCAD
[18:48:15] [102/445] SKKC
[18:48:16] [103/445] RMCD
[18:48:17] [104/445] SBCQ
[18:48:18] [105/445] DCCT
[18:48:18] [106/445] VTKP
[18:48:19] [107/445] MLAM
[18:48:20] [108/445] SAVT
[18:48:21] [109/445] GEPL
[18:48:22] [110/445] AMCD
[18:48:23] 🔄 Identity reset
[18:48:23] 🔄 Identity rotated (every 10 requests)
[18:48:23] [111/445] CCXR
[18:48:24] [112/445] GRNG
[18:48:25] [113/445] EBCA
[18:48:26] [114/445] CNVG
[18:48:27] [115/445] MWSS
[18:48:27] [116/445] VBOR
[18:48:28] [117/445] NEEB
[18:48:29] [118/445] SUTH
[18:48:30] [119/445] ANDB
[18:48:31] [120/445] MMXS
[18:48:32] 🔄 Identity reset
[18:48:32] 🔄 Identity rotated (every 10 requests)
[18:48:33] [121/445] CNPD
[18:48:35] [122/445] SDCE
[18:48:35] [123/445] DHCB
[18:48:36] [124/445] ODEN
[18:48:37] [125/445] TNTC
[18:48:38] [126/445] VBKM
[18:48:39] [127/445] RZYM
[18:48:40] [128/445] JEMC
[18:48:41] [129/445] CMAU
[18:48:42] [130/445] SIVP
[18:48:42] 🔄 Identity reset
[18:48:42] 🔄 Identity rotated (every 10 requests)
[18:48:42] [131/445] ATAG
[18:48:44] [132/445] CHTM
[18:48:45] [133/445] AAEE
[18:48:47] [134/445] IWPM
[18:48:48] [135/445] KCMW
[18:48:49] [136/445] MCTD
[18:48:49] [137/445] SPWR
[18:48:50] [138/445] SDPO
[18:48:52] [139/445] PCSK
[18:48:53] [140/445] ACHV
[18:48:53] 🔄 Identity reset
[18:48:53] 🔄 Identity rotated (every 10 requests)
[18:48:54] [141/445] SVLA
[18:48:55] [142/445] PICT
[18:48:56] [143/445] BXDR
[18:48:56] [144/445] SPWA
[18:48:57] [145/445] MCKO
[18:48:58] [146/445] RTHK
[18:48:59] [147/445] CCMF
[18:49:00] [148/445] MRGB
[18:49:01] [149/445] CPLC
[18:49:02] [150/445] RACD
[18:49:03] 🔄 Identity reset
[18:49:03] 🔄 Identity rotated (every 10 requests)
[18:49:03] [151/445] ATKT
[18:49:05] [152/445] SARN
[18:49:05] [153/445] KKUI
[18:49:06] [154/445] RGCM
[18:49:07] [155/445] BRVP
[18:49:08] [156/445] HRSR
[18:49:10] [157/445] GKGM
[18:49:11] [158/445] TTCD
[18:49:12] [159/445] PTTI
[18:49:12] [160/445] MPTT
[18:49:13] 🔄 Identity reset
[18:49:13] 🔄 Identity rotated (every 10 requests)
[18:49:13] [161/445] CVTT
[18:49:14] [162/445] PCXD
[18:49:15] [163/445] GCDC
[18:49:16] [164/445] CCCF
[18:49:17] [165/445] MRAD
[18:49:18] [166/445] CPLK
[18:49:19] [167/445] SATB
[18:49:20] [168/445] SNVG
[18:49:22] [169/445] JMBA
[18:49:23] [170/445] TEJA
[18:49:23] 🔄 Identity reset
[18:49:23] 🔄 Identity rotated (every 10 requests)
[18:49:23] [171/445] STYO
[18:49:24] [172/445] JTBP
[18:49:25] [173/445] KRGD
[18:49:26] [174/445] SLJJ
[18:49:27] [175/445] SPTJ
[18:49:28] [176/445] SWJG
[18:49:29] [177/445] LKRT
[18:49:30] [178/445] KCKA
[18:49:31] [179/445] SNCR
[18:49:32] [180/445] SMKL
[18:49:33] 🔄 Identity reset
[18:49:33] 🔄 Identity rotated (every 10 requests)
[18:49:34] [181/445] GCFA
[18:49:34] [182/445] DDCK
[18:49:35] [183/445] NCHJ
[18:49:36] [184/445] RDMA
[18:49:37] [185/445] SVSV
[18:49:38] [186/445] SCJG
[18:49:39] [187/445] VKLP
[18:49:40] [188/445] NWCC
[18:49:42] [189/445] VKNS
[18:49:43] [190/445] SDDP
[18:49:44] 🔄 Identity reset
[18:49:44] 🔄 Identity rotated (every 10 requests)
[18:49:44] [191/445] ACSI
[18:49:45] [192/445] SATG
[18:49:46] [193/445] SCMW
[18:49:47] [194/445] LKTK
[18:49:47] [195/445] VCKV
[18:49:48] [196/445] KKPE
[18:49:49] [197/445] KIGH
[18:49:50] [198/445] SRPM
[18:49:52] [199/445] SCAH
[18:49:53] [200/445] MUTA
[18:49:53] 🔄 Identity reset
[18:49:53] 🔄 Identity rotated (every 10 requests)
[18:49:53] [201/445] SEPU
[18:49:54] [202/445] INOA
[18:49:55] [203/445] BASK
[18:49:57] [204/445] NECB
[18:49:58] [205/445] GTTG
[18:49:58] [206/445] ASSA
[18:49:59] [207/445] ANCL
[18:50:00] [208/445] GCTI
[18:50:01] [209/445] RCTS
[18:50:02] [210/445] ACNL
[18:50:03] 🔄 Identity reset
[18:50:03] 🔄 Identity rotated (every 10 requests)
[18:50:03] [211/445] MYCT
[18:50:04] [212/445] NMHT
[18:50:05] [213/445] MDIT
[18:50:06] [214/445] LATG
[18:50:07] [215/445] SMTY
[18:50:07] [216/445] CVCT
[18:50:08] [217/445] RAMB
[18:50:09] [218/445] TGMS
[18:50:10] [219/445] BHEL
[18:50:11] [220/445] SHCT
[18:50:11] 🔄 Identity reset
[18:50:11] 🔄 Identity rotated (every 10 requests)
[18:50:12] [221/445] SVCT
[18:50:13] [222/445] MRIY
[18:50:14] [223/445] SARO
[18:50:15] [224/445] STCT
[18:50:16] [225/445] JKKC
[18:50:17] [226/445] PLTT
[18:50:19] [227/445] SRNT
[18:50:20] [228/445] YAST
[18:50:20] [229/445] PERL
[18:50:21] [230/445] CICM
[18:50:22] 🔄 Identity reset
[18:50:22] 🔄 Identity rotated (every 10 requests)
[18:50:22] [231/445] MMTR
[18:50:23] [232/445] ABTK
[18:50:24] [233/445] ATYY
[18:50:26] [234/445] ASTK
[18:50:27] [235/445] VVCK
[18:50:28] [236/445] ATKY
[18:50:29] [237/445] GWEK
[18:50:30] [238/445] SVFH
[18:50:31] [239/445] SLTA
[18:50:32] [240/445] AASH
[18:50:32] 🔄 Identity reset
[18:50:32] 🔄 Identity rotated (every 10 requests)
[18:50:32] [241/445] ACXB
[18:50:34] [242/445] SMTX
[18:50:35] [243/445] AZDH
[18:50:36] [244/445] CMMH
[18:50:37] [245/445] SCSZ
[18:50:38] [246/445] SCKP
[18:50:39] [247/445] NXTM
[18:50:39] [248/445] NWCS
[18:50:40] [249/445] CXMH
[18:50:41] [250/445] PCMA
[18:50:42] 🔄 Identity reset
[18:50:42] 🔄 Identity rotated (every 10 requests)
[18:50:42] [251/445] SGCM
[18:50:43] [252/445] SDTU
[18:50:44] [253/445] MMVI
[18:50:45] [254/445] JKCM
[18:50:46] [255/445] VCMM
[18:50:48] [256/445] SYEE
[18:50:49] [257/445] VASD
[18:50:50] [258/445] BDRB
[18:50:51] [259/445] LASM
[18:50:52] [260/445] DCRL
[18:50:52] 🔄 Identity reset
[18:50:52] 🔄 Identity rotated (every 10 requests)
[18:50:53] [261/445] DVPM
[18:50:54] [262/445] SBMJ
[18:50:55] [263/445] CBMU
[18:50:56] [264/445] IUBS
[18:50:57] [265/445] INAP
[18:50:58] [266/445] SRRC
[18:50:59] [267/445] SAGR
[18:51:00] [268/445] CPMJ
[18:51:01] [269/445] ATJL
[18:51:02] [270/445] NNTD
[18:51:03] 🔄 Identity reset
[18:51:03] 🔄 Identity rotated (every 10 requests)
[18:51:03] [271/445] JHCJ
[18:51:04] [272/445] CMMP
[18:51:05] [273/445] RSDR
[18:51:06] [274/445] AMTI
[18:51:07] [275/445] NYSG
[18:51:07] [276/445] AVSG
[18:51:08] [277/445] SYTP
[18:51:09] [278/445] LARC
[18:51:10] [279/445] RJTP
[18:51:11] [280/445] LAKC
[18:51:12] 🔄 Identity reset
[18:51:12] 🔄 Identity rotated (every 10 requests)
[18:51:12] [281/445] MCXE
[18:51:13] [282/445] CCZC
[18:51:14] [283/445] AVCH
[18:51:15] [284/445] CMBE
[18:51:16] [285/445] MRRC
[18:51:17] [286/445] PCPY
[18:51:18] [287/445] SRMH
[18:51:19] [288/445] SVGS
[18:51:20] [289/445] PCSE
[18:51:21] [290/445] SVFT
[18:51:21] 🔄 Identity reset
[18:51:21] 🔄 Identity rotated (every 10 requests)
[18:51:22] [291/445] TNZP
[18:51:23] [292/445] ICTP
[18:51:24] [293/445] ACTZ
[18:51:25] [294/445] GTUR
[18:51:26] [295/445] MAFC
[18:51:27] [296/445] MINL
[18:51:29] [297/445] MRCL
[18:51:30] [298/445] RCRP
[18:51:31] [299/445] RFFG
[18:51:32] [300/445] RMAS
[18:51:32] 🔄 Identity reset
[18:51:32] 🔄 Identity rotated (every 10 requests)
[18:51:33] [301/445] INVR
[18:51:34] [302/445] RMAR
[18:51:34] [303/445] CNIS
[18:51:35] [304/445] RHRJ
[18:51:36] [305/445] INXR
[18:51:37] [306/445] VALT
[18:51:38] [307/445] LCSH
[18:51:39] [308/445] CMVS
[18:51:40] [309/445] CNMS
[18:51:42] [310/445] ROOG
[18:51:42] 🔄 Identity reset
[18:51:43] 🔄 Identity rotated (every 10 requests)
[18:51:43] 🔄 Retry 1/5 for ROOG in 2.4s
[18:51:43] 🔄 Identity reset
[18:51:45] 🧠 New identity created
[18:51:45] [311/445] ISRM
[18:51:46] [312/445] RCRM
[18:51:47] [313/445] ACJA
[18:51:48] [314/445] RCVS
[18:51:49] [315/445] CPUS
[18:51:50] [316/445] TGCS
[18:51:51] [317/445] RKCJ
[18:51:52] [318/445] MKSB
[18:51:52] [319/445] TCSJ
[18:51:53] 🔄 Identity reset
[18:51:53] 🔄 Identity rotated (every 10 requests)
[18:51:54] [320/445] RMGP
[18:51:54] [321/445] CLLP
[18:51:55] [322/445] RCMV
[18:51:56] [323/445] CCKS
[18:51:57] [324/445] RSRP
[18:51:58] [325/445] APLP
[18:51:59] [326/445] CNVS
[18:52:00] [327/445] RMVY
[18:52:01] [328/445] PGBD
[18:52:02] [329/445] KLMS
[18:52:02] 🔄 Identity reset
[18:52:02] 🔄 Identity rotated (every 10 requests)
[18:52:03] [330/445] RUST
[18:52:04] [331/445] MASM
[18:52:05] [332/445] BACS
[18:52:06] [333/445] BWST
[18:52:07] [334/445] RRFH
[18:52:07] [335/445] SJTM
[18:52:08] [336/445] BEMR
[18:52:09] [337/445] MCGR
[18:52:10] [338/445] SDSK
[18:52:11] [339/445] VBOL
[18:52:11] 🔄 Identity reset
[18:52:11] 🔄 Identity rotated (every 10 requests)
[18:52:12] [340/445] RMGM
[18:52:13] [341/445] NOPL
[18:52:13] [342/445] MKJK
[18:52:15] [343/445] CVRN
[18:52:15] [344/445] MMEN
[18:52:16] [345/445] AMNG
[18:52:17] [346/445] INTM
[18:52:18] [347/445] SLCZ
[18:52:19] [348/445] AMJN
[18:52:20] [349/445] ACJN
[18:52:20] 🔄 Identity reset
[18:52:20] 🔄 Identity rotated (every 10 requests)
[18:52:30] [350/445] AMKN
[18:52:31] [351/445] BTCN
[18:52:32] [352/445] AMBT
[18:52:33] [353/445] PACN
[18:52:34] [354/445] LCNS
[18:52:35] [355/445] PPKC
[18:52:36] [356/445] JYYN
[18:52:37] [357/445] JTNR
[18:52:38] [358/445] GTEE
[18:52:39] [359/445] SRNM
[18:52:40] 🔄 Identity reset
[18:52:40] 🔄 Identity rotated (every 10 requests)
[18:52:40] [360/445] SDTC
[18:52:41] [361/445] VPCA
[18:52:42] [362/445] VLRA
[18:52:43] [363/445] SHKR
[18:52:44] [364/445] SBKD
[18:52:45] [365/445] SAAD
[18:52:45] [366/445] JTGN
[18:52:46] [367/445] SLAM
[18:52:47] [368/445] VTPM
[18:52:48] [369/445] ANPT
[18:52:49] 🔄 Identity reset
[18:52:49] 🔄 Identity rotated (every 10 requests)
[18:52:49] [370/445] PUNB
[18:52:50] [371/445] CPKT
[18:52:51] [372/445] CNWE
[18:52:52] [373/445] ECPP
[18:52:53] [374/445] CPAR
[18:52:54] [375/445] ESBW
[18:52:55] [376/445] PKPU
[18:52:56] [377/445] CPRP
[18:52:57] [378/445] RAHU
[18:52:57] [379/445] RHMN
[18:52:58] 🔄 Identity reset
[18:52:58] 🔄 Identity rotated (every 10 requests)
[18:52:58] [380/445] FMJP
[18:52:59] [381/445] CTMP
[18:53:01] [382/445] INPN
[18:53:01] [383/445] STTG
[18:53:02] [384/445] CTRD
[18:53:03] [385/445] PUVB
[18:53:05] [386/445] ESVP
[18:53:06] [387/445] CPFT
[18:53:07] [388/445] LCPC
[18:53:08] [389/445] VBCT
[18:53:08] 🔄 Identity reset
[18:53:08] 🔄 Identity rotated (every 10 requests)
[18:53:09] [390/445] FSCW
[18:53:09] [391/445] VCMP
[18:53:10] [392/445] ASHC
[18:53:12] [393/445] VLCX
[18:53:14] [394/445] SHEV
[18:53:15] [395/445] APCO
[18:53:16] [396/445] SILC
[18:53:17] [397/445] SNMR
[18:53:18] [398/445] KYBO
[18:53:19] [399/445] SATK
[18:53:19] 🔄 Identity reset
[18:53:19] 🔄 Identity rotated (every 10 requests)
[18:53:19] [400/445] SSCS
[18:53:20] [401/445] CLSB
[18:53:21] [402/445] KMJR
[18:53:22] [403/445] FSCK
[18:53:23] [404/445] NNKA
[18:53:24] [405/445] CLMK
[18:53:25] [406/445] DMPZ
[18:53:26] [407/445] INQM
[18:53:27] [408/445] CAML
[18:53:28] [409/445] INRK
[18:53:28] 🔄 Identity reset
[18:53:28] 🔄 Identity rotated (every 10 requests)
[18:53:29] [410/445] IMKN
[18:53:30] [411/445] SVNR
[18:53:31] [412/445] INSL
[18:53:32] [413/445] MSMA
[18:53:33] [414/445] MCKK
[18:53:34] [415/445] FCHP
[18:53:36] [416/445] SFCR
[18:53:36] [417/445] NACK
[18:53:37] [418/445] PVAK
[18:53:39] [419/445] INER
[18:53:40] 🔄 Identity reset
[18:53:40] 🔄 Identity rotated (every 10 requests)
[18:53:40] [420/445] RDBK
[18:53:41] [421/445] SVFN
[18:53:42] [422/445] IFRM
[18:53:43] [423/445] ATCK
[18:53:44] [424/445] ASKO
[18:53:45] [425/445] STKT
[18:53:46] [426/445] SVFB
[18:53:47] [427/445] INKS
[18:53:48] [428/445] PCRA
[18:53:49] [429/445] ATJA
[18:53:49] 🔄 Identity reset
[18:53:49] 🔄 Identity rotated (every 10 requests)
[18:53:50] [430/445] IMJN
[18:53:51] [431/445] INHD
[18:53:52] [432/445] BARA
[18:53:53] [433/445] MCSL
[18:53:54] [434/445] RTOY
[18:53:55] [435/445] MENO
[18:53:56] [436/445] PUDM
[18:53:57] [437/445] PRCN
[18:53:58] [438/445] JMJR
[18:53:59] [439/445] SSGK
[18:53:59] 🔄 Identity reset
[18:53:59] 🔄 Identity rotated (every 10 requests)
[18:54:00] [440/445] SSRL
[18:54:00] [441/445] JYKL
[18:54:01] [442/445] ACNB
[18:54:03] [443/445] SONP
[18:54:04] [444/445] EMCI
[18:54:04] [445/445] MRJH
[18:54:05] 🧹 Deduping shows
[18:54:05] ✅ DONE | Shows=1541 | Movies=49
