[18:46:13] 🚀 SCRIPT STARTED (enhanced anti‑detection)
[18:46:13] [1/326] VCHA
[18:46:14] 🧠 New identity created
[18:46:14] [2/326] SCKO
[18:46:15] [3/326] VKTK
[18:46:16] [4/326] DXEC
[18:46:17] [5/326] CDCA
[18:46:18] [6/326] VBCZ
[18:46:18] [7/326] MSDR
[18:46:19] [8/326] ACPV
[18:46:21] [9/326] PVHB
[18:46:22] [10/326] RCNH
[18:46:22] 🔄 Identity reset
[18:46:22] 🔄 Identity rotated (every 10 requests)
[18:46:23] [11/326] IOMH
[18:46:24] [12/326] ILKS
[18:46:25] [13/326] AMSN
[18:46:26] [14/326] ANTP
[18:46:27] [15/326] SSEK
[18:46:28] [16/326] PICP
[18:46:29] [17/326] SICO
[18:46:30] [18/326] SISP
[18:46:31] [19/326] SCPI
[18:46:32] [20/326] CRPR
[18:46:32] 🔄 Identity reset
[18:46:32] 🔄 Identity rotated (every 10 requests)
[18:46:33] [21/326] DCTW
[18:46:33] [22/326] DCSP
[18:46:34] [23/326] KRPM
[18:46:35] [24/326] THKK
[18:46:36] [25/326] SNMY
[18:46:37] [26/326] AKCC
[18:46:39] [27/326] PCAT
[18:46:40] [28/326] RFGO
[18:46:40] [29/326] GGCS
[18:46:41] [30/326] ACKR
[18:46:42] 🔄 Identity reset
[18:46:42] 🔄 Identity rotated (every 10 requests)
[18:46:42] [31/326] STDO
[18:46:43] [32/326] ACKB
[18:46:44] [33/326] ALUC
[18:46:45] [34/326] MNSR
[18:46:46] [35/326] CSSL
[18:46:47] [36/326] BGGM
[18:46:48] [37/326] MANT
[18:46:49] [38/326] SOOY
[18:46:50] [39/326] VPPK
[18:46:50] [40/326] MYHJ
[18:46:51] 🔄 Identity reset
[18:46:51] 🔄 Identity rotated (every 10 requests)
[18:46:51] [41/326] KSCK
[18:46:52] [42/326] KATK
[18:46:53] [43/326] RTRT
[18:46:54] [44/326] SSTT
[18:46:55] [45/326] SSTV
[18:46:57] [46/326] LACM
[18:46:58] [47/326] SGMG
[18:46:59] [48/326] KACX
[18:47:00] [49/326] GVCP
[18:47:00] [50/326] CSNC
[18:47:01] 🔄 Identity reset
[18:47:01] 🔄 Identity rotated (every 10 requests)
[18:47:01] [51/326] SXCB
[18:47:02] [52/326] BAHS
[18:47:03] [53/326] PCBI
[18:47:04] [54/326] PSSM
[18:47:05] [55/326] RCOK
[18:47:06] [56/326] SCPF
[18:47:07] [57/326] SSAS
[18:47:08] [58/326] EVMM
[18:47:09] [59/326] SYCB
[18:47:10] [60/326] GCKI
[18:47:11] 🔄 Identity reset
[18:47:11] 🔄 Identity rotated (every 10 requests)
[18:47:12] [61/326] IAET
[18:47:13] [62/326] DDTD
[18:47:14] [63/326] GMDH
[18:47:15] [64/326] STLE
[18:47:15] [65/326] JTRA
[18:47:17] [66/326] RPPA
[18:47:18] [67/326] ARUT
[18:47:19] [68/326] JTVM
[18:47:20] [69/326] SWRH
[18:47:21] [70/326] DCPC
[18:47:22] 🔄 Identity reset
[18:47:22] 🔄 Identity rotated (every 10 requests)
[18:47:22] [71/326] RAPR
[18:47:23] [72/326] GCRT
[18:47:24] [73/326] ATUN
[18:47:25] [74/326] LTRM
[18:47:26] [75/326] TASR
[18:47:26] [76/326] RLLC
[18:47:28] [77/326] MABI
[18:47:29] [78/326] SVHB
[18:47:30] [79/326] NVTB
[18:47:31] [80/326] KCKG
[18:47:31] 🔄 Identity reset
[18:47:31] 🔄 Identity rotated (every 10 requests)
[18:47:32] [81/326] SSRN
[18:47:33] [82/326] VDDC
[18:47:34] [83/326] GKTK
[18:47:34] [84/326] YFSN
[18:47:36] [85/326] GCSG
[18:47:38] [86/326] ESSM
[18:47:38] [87/326] KRIH
[18:47:40] [88/326] GCDS
[18:47:41] [89/326] CCSH
[18:47:42] [90/326] ACSK
[18:47:42] 🔄 Identity reset
[18:47:42] 🔄 Identity rotated (every 10 requests)
[18:47:43] [91/326] APRK
[18:47:43] [92/326] ADKM
[18:47:45] [93/326] SRDM
[18:47:46] [94/326] SJMY
[18:47:47] [95/326] PGGC
[18:47:48] [96/326] INGM
[18:47:48] [97/326] LSCB
[18:47:49] [98/326] STAD
[18:47:50] [99/326] MCCR
[18:47:51] [100/326] ABCC
[18:47:52] 🔄 Identity reset
[18:47:52] 🔄 Identity rotated (every 10 requests)
[18:47:52] [101/326] RKCC
[18:47:53] [102/326] RTCR
[18:47:54] [103/326] GGBC
[18:47:54] [104/326] GCSD
[18:47:55] [105/326] LPTY
[18:47:56] [106/326] MCFD
[18:47:57] [107/326] HENN
[18:47:58] [108/326] SMKU
[18:47:59] [109/326] TNZC
[18:47:59] [110/326] DRCD
[18:48:00] 🔄 Identity reset
[18:48:00] 🔄 Identity rotated (every 10 requests)
[18:48:00] 🔄 Retry 1/5 for DRCD in 2.7s
[18:48:00] 🔄 Identity reset
[18:48:03] 🧠 New identity created
[18:48:03] [111/326] DLCD
[18:48:04] [112/326] RCDA
[18:48:05] [113/326] COSM
[18:48:06] [114/326] MCMJ
[18:48:07] [115/326] CSTR
[18:48:08] [116/326] CVDK
[18:48:09] [117/326] INRR
[18:48:10] [118/326] RJRT
[18:48:10] [119/326] IRMR
[18:48:11] 🔄 Identity reset
[18:48:11] 🔄 Identity rotated (every 10 requests)
[18:48:11] [120/326] SRCF
[18:48:12] [121/326] GRCR
[18:48:13] [122/326] SURC
[18:48:14] [123/326] NMNH
[18:48:15] [124/326] SVBL
[18:48:17] [125/326] KACI
[18:48:18] [126/326] TDGO
[18:48:19] [127/326] KTBR
[18:48:20] [128/326] PMAD
[18:48:21] [129/326] CCPN
[18:48:22] 🔄 Identity reset
[18:48:22] 🔄 Identity rotated (every 10 requests)
[18:48:23] [130/326] SBTK
[18:48:24] [131/326] LMDK
[18:48:25] [132/326] PGDA
[18:48:26] [133/326] SRML
[18:48:27] [134/326] EVCK
[18:48:27] [135/326] RTTK
[18:48:28] [136/326] SRTU
[18:48:29] [137/326] VRSA
[18:48:30] [138/326] VARS
[18:48:31] [139/326] DSCZ
[18:48:32] 🔄 Identity reset
[18:48:32] 🔄 Identity rotated (every 10 requests)
[18:48:32] [140/326] GAGA
[18:48:33] [141/326] SARV
[18:48:34] [142/326] SEEG
[18:48:35] [143/326] GLCA
[18:48:36] [144/326] APAS
[18:48:37] [145/326] VCIA
[18:48:38] [146/326] SJTA
[18:48:39] [147/326] SABM
[18:48:40] [148/326] PPAG
[18:48:41] [149/326] RVCA
[18:48:42] 🔄 Identity reset
[18:48:42] 🔄 Identity rotated (every 10 requests)
[18:48:42] [150/326] CCIA
[18:48:43] [151/326] HTAG
[18:48:44] [152/326] SMBI
[18:48:45] [153/326] MCJR
[18:48:46] [154/326] CCJR
[18:48:48] [155/326] SINF
[18:48:49] [156/326] CPLX
[18:48:50] [157/326] KKTJ
[18:48:51] [158/326] GDBW
[18:48:51] [159/326] CSUB
[18:48:52] 🔄 Identity reset
[18:48:52] 🔄 Identity rotated (every 10 requests)
[18:48:52] [160/326] DABA
[18:48:53] [161/326] TITR
[18:48:55] [162/326] NYCR
[18:48:55] [163/326] RTRY
[18:48:56] [164/326] JTJL
[18:48:57] [165/326] SJCP
[18:48:58] [166/326] KCCA
[18:48:59] [167/326] MLPG
[18:49:00] [168/326] VRCK
[18:49:01] [169/326] SRIN
[18:49:01] 🔄 Identity reset
[18:49:01] 🔄 Identity rotated (every 10 requests)
[18:49:02] [170/326] CXMK
[18:49:03] [171/326] SKAD
[18:49:03] [172/326] AVTR
[18:49:04] [173/326] PTAJ
[18:49:05] [174/326] SCNK
[18:49:06] [175/326] STTI
[18:49:07] [176/326] KACR
[18:49:08] [177/326] SSDX
[18:49:09] [178/326] VRTJ
[18:49:10] [179/326] RAJD
[18:49:10] 🔄 Identity reset
[18:49:10] 🔄 Identity rotated (every 10 requests)
[18:49:11] [180/326] SCIP
[18:49:12] [181/326] RJSL
[18:49:13] [182/326] ARRS
[18:49:14] [183/326] ASMS
[18:49:15] [184/326] RDTS
[18:49:15] [185/326] DVMY
[18:49:16] [186/326] RASA
[18:49:17] [187/326] INOM
[18:49:18] [188/326] SPRS
[18:49:19] [189/326] SGCS
[18:49:20] 🔄 Identity reset
[18:49:20] 🔄 Identity rotated (every 10 requests)
[18:49:20] [190/326] SALM
[18:49:21] [191/326] PKHC
[18:49:21] [192/326] RCSV
[18:49:22] [193/326] CPKC
[18:49:23] [194/326] AACD
[18:49:24] [195/326] GGCV
[18:49:24] [196/326] SMKD
[18:49:25] [197/326] NBCH
[18:49:26] [198/326] AMCB
[18:49:27] [199/326] OPCN
[18:49:27] 🔄 Identity reset
[18:49:27] 🔄 Identity rotated (every 10 requests)
[18:49:27] 🔄 Retry 1/5 for OPCN in 2.5s
[18:49:27] 🔄 Identity reset
[18:49:30] 🧠 New identity created
[18:49:30] [200/326] DCIN
[18:49:31] [201/326] INGW
[18:49:32] [202/326] PKKW
[18:49:33] [203/326] FNGW
[18:49:34] [204/326] GCGD
[18:49:35] [205/326] MSTW
[18:49:35] [206/326] KCCG
[18:49:37] [207/326] MRSS
[18:49:38] [208/326] CLCF
[18:49:39] 🔄 Identity reset
[18:49:39] 🔄 Identity rotated (every 10 requests)
[18:49:39] [209/326] EETS
[18:49:40] [210/326] AATR
[18:49:41] [211/326] CMMN
[18:49:41] [212/326] SCCJ
[18:49:42] [213/326] CDTK
[18:49:43] [214/326] AICP
[18:49:44] [215/326] FNBP
[18:49:46] [216/326] CBPB
[18:49:46] [217/326] CPAS
[18:49:47] [218/326] MAPM
[18:49:48] 🔄 Identity reset
[18:49:48] 🔄 Identity rotated (every 10 requests)
[18:49:48] 🔄 Retry 1/5 for MAPM in 2.7s
[18:49:48] 🔄 Identity reset
[18:49:51] 🧠 New identity created
[18:49:51] [219/326] PASD
[18:49:52] [220/326] JCMN
[18:49:53] [221/326] MALB
[18:49:54] [222/326] SACG
[18:49:55] [223/326] DDRX
[18:49:56] [224/326] DDXB
[18:49:57] [225/326] RAMC
[18:49:57] [226/326] SANC
[18:49:58] [227/326] BCBP
[18:49:59] 🔄 Identity reset
[18:49:59] 🔄 Identity rotated (every 10 requests)
[18:49:59] [228/326] ALPC
[18:50:00] [229/326] RBAC
[18:50:01] [230/326] RAJL
[18:50:02] [231/326] MPDX
[18:50:03] [232/326] MUSC
[18:50:04] [233/326] VKMK
[18:50:05] [234/326] SKCG
[18:50:05] [235/326] ANCN
[18:50:06] [236/326] MMCJ
[18:50:07] [237/326] DCAK
[18:50:08] 🔄 Identity reset
[18:50:08] 🔄 Identity rotated (every 10 requests)
[18:50:08] [238/326] SCKG
[18:50:09] [239/326] LMCK
[18:50:10] [240/326] CKKX
[18:50:11] [241/326] ANKU
[18:50:11] [242/326] CSMD
[18:50:12] [243/326] MKMP
[18:50:13] [244/326] SVBG
[18:50:14] [245/326] ROOP
[18:50:15] [246/326] GDMT
[18:50:16] [247/326] FPPF
[18:50:17] 🔄 Identity reset
[18:50:17] 🔄 Identity rotated (every 10 requests)
[18:50:17] [248/326] SFUU
[18:50:18] [249/326] ANCB
[18:50:20] [250/326] SMMC
[18:50:21] [251/326] UGKT
[18:50:22] [252/326] JVRM
[18:50:24] [253/326] BATG
[18:50:24] [254/326] RATE
[18:50:25] [255/326] SKME
[18:50:26] [256/326] LMTP
[18:50:27] [257/326] TCBD
[18:50:27] 🔄 Identity reset
[18:50:27] 🔄 Identity rotated (every 10 requests)
[18:50:28] [258/326] ESBD
[18:50:28] [259/326] GDCU
[18:50:29] [260/326] SNKT
[18:50:31] [261/326] SRNK
[18:50:32] [262/326] SMED
[18:50:34] [263/326] CSQS
[18:50:35] [264/326] ALCS
[18:50:36] [265/326] KCKN
[18:50:37] [266/326] VCCL
[18:50:38] [267/326] MCDA
[18:50:39] 🔄 Identity reset
[18:50:39] 🔄 Identity rotated (every 10 requests)
[18:50:39] [268/326] SHMI
[18:50:40] [269/326] SKHA
[18:50:41] [270/326] SVFK
[18:50:42] [271/326] INVB
[18:50:43] [272/326] MELD
[18:50:44] [273/326] JTYS
[18:50:45] [274/326] INCM
[18:50:46] [275/326] MCDV
[18:50:46] [276/326] KSGK
[18:50:47] [277/326] ICMG
[18:50:48] 🔄 Identity reset
[18:50:48] 🔄 Identity rotated (every 10 requests)
[18:50:48] [278/326] CSCV
[18:50:49] [279/326] STMD
[18:50:50] [280/326] STTR
[18:50:51] [281/326] INVC
[18:50:53] [282/326] JTBL
[18:50:54] [283/326] SRVV
[18:50:55] [284/326] MAVC
[18:50:56] [285/326] SRPP
[18:50:57] [286/326] JGDM
[18:50:58] [287/326] MBSJ
[18:50:58] 🔄 Identity reset
[18:50:58] 🔄 Identity rotated (every 10 requests)
[18:50:58] [288/326] SSLL
[18:50:59] [289/326] SLKP
[18:51:00] [290/326] NSRV
[18:51:01] [291/326] UTDV
[18:51:02] [292/326] KICM
[18:51:03] [293/326] KCMD
[18:51:03] [294/326] TTPP
[18:51:04] [295/326] KMPV
[18:51:05] [296/326] SKTV
[18:51:06] [297/326] STCV
[18:51:07] 🔄 Identity reset
[18:51:07] 🔄 Identity rotated (every 10 requests)
[18:51:07] [298/326] SRDA
[18:51:08] [299/326] JTSX
[18:51:08] [300/326] STBV
[18:51:09] [301/326] APVZ
[18:51:10] [302/326] GSTV
[18:51:11] [303/326] NMVS
[18:51:12] [304/326] SKRT
[18:51:13] [305/326] RMDV
[18:51:14] [306/326] RATG
[18:51:15] [307/326] SJYV
[18:51:15] 🔄 Identity reset
[18:51:15] 🔄 Identity rotated (every 10 requests)
[18:51:16] [308/326] NDGP
[18:51:16] [309/326] SNDG
[18:51:17] [310/326] INSR
[18:51:18] [311/326] INSO
[18:51:19] [312/326] CCSI
[18:51:20] [313/326] RASM
[18:51:21] [314/326] NEWC
[18:51:22] [315/326] VSHL
[18:51:23] [316/326] BISW
[18:51:24] [317/326] GCNG
[18:51:24] 🔄 Identity reset
[18:51:24] 🔄 Identity rotated (every 10 requests)
[18:51:25] [318/326] CWSC
[18:51:25] [319/326] SKAN
[18:51:26] [320/326] CCOA
[18:51:28] [321/326] MCAJ
[18:51:28] [322/326] ACDE
[18:51:29] [323/326] AACM
[18:51:30] [324/326] JJCK
[18:51:31] [325/326] RCMO
[18:51:32] [326/326] GDAW
[18:51:33] 🧹 Deduping shows
[18:51:33] ✅ DONE | Shows=906 | Movies=51
