[18:15:44] 🚀 DISTRICT → BMS9 CONVERTER STARTED
[18:15:44] 📅 Date: 2026-09-26
[18:15:44] 🚫 Worker logic: DISABLED
[18:15:44] 🔑 Venue matching: ID ONLY
[18:15:44] 🚫 alldistrictvenues.json: NOT USED
[18:15:44] 🚫 Venue-name matching: NOT USED
[18:15:44] 📍 Selected venue records: 756
[18:15:44] 🎯 Selected venue IDs: 756
[18:15:44] 📡 Fetching Detailed JSON:
[18:15:44]    https://districtdata2026.pages.dev/advance/2026-09-26_Detailed.json
[18:15:44] ❌ Source file not found (404) – will create empty outputs
[18:15:44] ⚠️ No source data – keeping existing output files unchanged
[18:15:44] 📄 Created empty detailed file: advance/data/20260926/detailed9.json
[18:15:44] 📄 Created empty summary file: advance/data/20260926/movie_summary9.json
[18:15:44] ✅ DONE | Existing data preserved
[01:28:07] 🚀 DISTRICT → BMS9 CONVERTER STARTED
[01:28:07] 📅 Date: 2026-09-26
[01:28:07] 🚫 Worker logic: DISABLED
[01:28:07] 🔑 Venue matching: ID ONLY
[01:28:07] 🚫 alldistrictvenues.json: NOT USED
[01:28:07] 🚫 Venue-name matching: NOT USED
[01:28:07] 📍 Selected venue records: 756
[01:28:07] 🎯 Selected venue IDs: 756
[01:28:07] 📡 Fetching Detailed JSON:
[01:28:07]    https://districtdata2026.pages.dev/advance/2026-09-26_Detailed.json
[01:28:07] ❌ Source file not found (404) – will create empty outputs
[01:28:07] ⚠️ No source data – keeping existing output files unchanged
[01:28:07] 📦 Existing detailed file preserved: advance/data/20260926/detailed9.json
[01:28:07] 📦 Existing summary file preserved: advance/data/20260926/movie_summary9.json
[01:28:07] ✅ DONE | Existing data preserved
[04:52:12] 🚀 DISTRICT → BMS9 CONVERTER STARTED
[04:52:12] 📅 Date: 2026-09-26
[04:52:12] 🚫 Worker logic: DISABLED
[04:52:12] 🔑 Venue matching: ID ONLY
[04:52:12] 🚫 alldistrictvenues.json: NOT USED
[04:52:12] 🚫 Venue-name matching: NOT USED
[04:52:12] 📍 Selected venue records: 756
[04:52:12] 🎯 Selected venue IDs: 756
[04:52:12] 📡 Fetching Detailed JSON:
[04:52:12]    https://districtdata2026.pages.dev/advance/2026-09-26_Detailed.json
[04:52:12] ❌ Source file not found (404) – will create empty outputs
[04:52:12] ⚠️ No source data – keeping existing output files unchanged
[04:52:12] 📦 Existing detailed file preserved: advance/data/20260926/detailed9.json
[04:52:12] 📦 Existing summary file preserved: advance/data/20260926/movie_summary9.json
[04:52:12] ✅ DONE | Existing data preserved
[11:04:22] 🚀 DISTRICT → BMS9 CONVERTER STARTED
[11:04:22] 📅 Date: 2026-09-26
[11:04:22] 🚫 Worker logic: DISABLED
[11:04:22] 🔑 Venue matching: ID ONLY
[11:04:22] 🚫 alldistrictvenues.json: NOT USED
[11:04:22] 🚫 Venue-name matching: NOT USED
[11:04:22] 📍 Selected venue records: 756
[11:04:22] 🎯 Selected venue IDs: 756
[11:04:22] 📡 Fetching Detailed JSON:
[11:04:22]    https://districtdata2026.pages.dev/advance/2026-09-26_Detailed.json
[11:04:22] ❌ Source file not found (404) – will create empty outputs
[11:04:22] ⚠️ No source data – keeping existing output files unchanged
[11:04:22] 📦 Existing detailed file preserved: advance/data/20260926/detailed9.json
[11:04:22] 📦 Existing summary file preserved: advance/data/20260926/movie_summary9.json
[11:04:22] ✅ DONE | Existing data preserved
[19:28:48] 🚀 DISTRICT → BMS9 CONVERTER STARTED
[19:28:48] 📅 Date: 2026-09-26
[19:28:48] 🚫 Worker logic: DISABLED
[19:28:48] 🔑 Venue matching: ID ONLY
[19:28:48] 🚫 alldistrictvenues.json: NOT USED
[19:28:48] 🚫 Venue-name matching: NOT USED
[19:28:48] 📍 Selected venue records: 756
[19:28:48] 🎯 Selected venue IDs: 756
[19:28:48] 📡 Fetching Detailed JSON:
[19:28:48]    https://districtdata2026.pages.dev/advance/2026-09-26_Detailed.json
[19:28:48] ❌ Source file not found (404) – will create empty outputs
[19:28:48] ⚠️ No source data – keeping existing output files unchanged
[19:28:48] 📦 Existing detailed file preserved: advance/data/20260926/detailed9.json
[19:28:48] 📦 Existing summary file preserved: advance/data/20260926/movie_summary9.json
[19:28:48] ✅ DONE | Existing data preserved
[01:20:20] 🚀 DISTRICT → BMS9 CONVERTER STARTED
[01:20:20] 📅 Date: 2026-09-26
[01:20:20] 🚫 Worker logic: DISABLED
[01:20:20] 🔑 Venue matching: ID ONLY
[01:20:20] 🚫 alldistrictvenues.json: NOT USED
[01:20:20] 🚫 Venue-name matching: NOT USED
[01:20:20] 📍 Selected venue records: 756
[01:20:20] 🎯 Selected venue IDs: 756
[01:20:20] 📡 Fetching Detailed JSON:
[01:20:20]    https://districtdata2026.pages.dev/advance/2026-09-26_Detailed.json
[01:20:20] ❌ Source file not found (404) – will create empty outputs
[01:20:20] ⚠️ No source data – keeping existing output files unchanged
[01:20:20] 📦 Existing detailed file preserved: advance/data/20260926/detailed9.json
[01:20:20] 📦 Existing summary file preserved: advance/data/20260926/movie_summary9.json
[01:20:20] ✅ DONE | Existing data preserved
[04:58:54] 🚀 DISTRICT → BMS9 CONVERTER STARTED
[04:58:54] 📅 Date: 2026-09-26
[04:58:54] 🚫 Worker logic: DISABLED
[04:58:54] 🔑 Venue matching: ID ONLY
[04:58:54] 🚫 alldistrictvenues.json: NOT USED
[04:58:54] 🚫 Venue-name matching: NOT USED
[04:58:54] 📍 Selected venue records: 756
[04:58:54] 🎯 Selected venue IDs: 756
[04:58:54] 📡 Fetching Detailed JSON:
[04:58:54]    https://districtdata2026.pages.dev/advance/2026-09-26_Detailed.json
[04:58:54] ❌ Source file not found (404) – will create empty outputs
[04:58:54] ⚠️ No source data – keeping existing output files unchanged
[04:58:54] 📦 Existing detailed file preserved: advance/data/20260926/detailed9.json
[04:58:54] 📦 Existing summary file preserved: advance/data/20260926/movie_summary9.json
[04:58:54] ✅ DONE | Existing data preserved
[11:10:07] 🚀 DISTRICT → BMS9 CONVERTER STARTED
[11:10:07] 📅 Date: 2026-09-26
[11:10:07] 🚫 Worker logic: DISABLED
[11:10:07] 🔑 Venue matching: ID ONLY
[11:10:07] 🚫 alldistrictvenues.json: NOT USED
[11:10:07] 🚫 Venue-name matching: NOT USED
[11:10:07] 📍 Selected venue records: 756
[11:10:07] 🎯 Selected venue IDs: 756
[11:10:07] 📡 Fetching Detailed JSON:
[11:10:07]    https://districtdata2026.pages.dev/advance/2026-09-26_Detailed.json
[11:10:07] ❌ Source file not found (404) – will create empty outputs
[11:10:07] ⚠️ No source data – keeping existing output files unchanged
[11:10:07] 📦 Existing detailed file preserved: advance/data/20260926/detailed9.json
[11:10:07] 📦 Existing summary file preserved: advance/data/20260926/movie_summary9.json
[11:10:07] ✅ DONE | Existing data preserved
[19:32:52] 🚀 DISTRICT → BMS9 CONVERTER STARTED
[19:32:52] 📅 Date: 2026-09-26
[19:32:52] 🚫 Worker logic: DISABLED
[19:32:52] 🔑 Venue matching: ID ONLY
[19:32:52] 🚫 alldistrictvenues.json: NOT USED
[19:32:52] 🚫 Venue-name matching: NOT USED
[19:32:52] 📍 Selected venue records: 756
[19:32:52] 🎯 Selected venue IDs: 756
[19:32:52] 📡 Fetching Detailed JSON:
[19:32:52]    https://districtdata2026.pages.dev/advance/2026-09-26_Detailed.json
[19:32:52] ❌ Source file not found (404) – will create empty outputs
[19:32:52] ⚠️ No source data – keeping existing output files unchanged
[19:32:52] 📦 Existing detailed file preserved: advance/data/20260926/detailed9.json
[19:32:52] 📦 Existing summary file preserved: advance/data/20260926/movie_summary9.json
[19:32:52] ✅ DONE | Existing data preserved
[01:28:53] 🚀 DISTRICT → BMS9 CONVERTER STARTED
[01:28:53] 📅 Date: 2026-09-26
[01:28:53] 🚫 Worker logic: DISABLED
[01:28:53] 🔑 Venue matching: ID ONLY
[01:28:53] 🚫 alldistrictvenues.json: NOT USED
[01:28:53] 🚫 Venue-name matching: NOT USED
[01:28:53] 📍 Selected venue records: 756
[01:28:53] 🎯 Selected venue IDs: 756
[01:28:53] 📡 Fetching Detailed JSON:
[01:28:53]    https://districtdata2026.pages.dev/advance/2026-09-26_Detailed.json
[01:28:53] ❌ Source file not found (404) – will create empty outputs
[01:28:53] ⚠️ No source data – keeping existing output files unchanged
[01:28:53] 📦 Existing detailed file preserved: advance/data/20260926/detailed9.json
[01:28:53] 📦 Existing summary file preserved: advance/data/20260926/movie_summary9.json
[01:28:53] ✅ DONE | Existing data preserved
[04:49:35] 🚀 DISTRICT → BMS9 CONVERTER STARTED
[04:49:35] 📅 Date: 2026-09-26
[04:49:35] 🚫 Worker logic: DISABLED
[04:49:35] 🔑 Venue matching: ID ONLY
[04:49:35] 🚫 alldistrictvenues.json: NOT USED
[04:49:35] 🚫 Venue-name matching: NOT USED
[04:49:35] 📍 Selected venue records: 756
[04:49:35] 🎯 Selected venue IDs: 756
[04:49:35] 📡 Fetching Detailed JSON:
[04:49:35]    https://districtdata2026.pages.dev/advance/2026-09-26_Detailed.json
[04:49:35] ❌ Source file not found (404) – will create empty outputs
[04:49:35] ⚠️ No source data – keeping existing output files unchanged
[04:49:35] 📦 Existing detailed file preserved: advance/data/20260926/detailed9.json
[04:49:35] 📦 Existing summary file preserved: advance/data/20260926/movie_summary9.json
[04:49:35] ✅ DONE | Existing data preserved
[10:58:52] 🚀 DISTRICT → BMS9 CONVERTER STARTED
[10:58:52] 📅 Date: 2026-09-26
[10:58:52] 🚫 Worker logic: DISABLED
[10:58:52] 🔑 Venue matching: ID ONLY
[10:58:52] 🚫 alldistrictvenues.json: NOT USED
[10:58:52] 🚫 Venue-name matching: NOT USED
[10:58:52] 📍 Selected venue records: 756
[10:58:52] 🎯 Selected venue IDs: 756
[10:58:52] 📡 Fetching Detailed JSON:
[10:58:52]    https://districtdata2026.pages.dev/advance/2026-09-26_Detailed.json
[10:58:52] ❌ Source file not found (404) – will create empty outputs
[10:58:52] ⚠️ No source data – keeping existing output files unchanged
[10:58:52] 📦 Existing detailed file preserved: advance/data/20260926/detailed9.json
[10:58:52] 📦 Existing summary file preserved: advance/data/20260926/movie_summary9.json
[10:58:52] ✅ DONE | Existing data preserved
[18:49:07] 🚀 DISTRICT → BMS9 CONVERTER STARTED
[18:49:07] 📅 Date: 2026-09-26
[18:49:07] 🚫 Worker logic: DISABLED
[18:49:07] 🔑 Venue matching: ID ONLY
[18:49:07] 🚫 alldistrictvenues.json: NOT USED
[18:49:07] 🚫 Venue-name matching: NOT USED
[18:49:07] 📍 Selected venue records: 756
[18:49:07] 🎯 Selected venue IDs: 756
[18:49:07] 📡 Fetching Detailed JSON:
[18:49:07]    https://districtdata2026.pages.dev/advance/2026-09-26_Detailed.json
[18:49:07] ❌ Source file not found (404) – will create empty outputs
[18:49:07] ⚠️ No source data – keeping existing output files unchanged
[18:49:07] 📦 Existing detailed file preserved: advance/data/20260926/detailed9.json
[18:49:07] 📦 Existing summary file preserved: advance/data/20260926/movie_summary9.json
[18:49:07] ✅ DONE | Existing data preserved
[00:53:17] 🚀 DISTRICT → BMS9 CONVERTER STARTED
[00:53:17] 📅 Date: 2026-09-26
[00:53:17] 🚫 Worker logic: DISABLED
[00:53:17] 🔑 Venue matching: ID ONLY
[00:53:17] 🚫 alldistrictvenues.json: NOT USED
[00:53:17] 🚫 Venue-name matching: NOT USED
[00:53:17] 📍 Selected venue records: 756
[00:53:17] 🎯 Selected venue IDs: 756
[00:53:17] 📡 Fetching Detailed JSON:
[00:53:17]    https://districtdata2026.pages.dev/advance/2026-09-26_Detailed.json
[00:53:17] ❌ Source file not found (404) – will create empty outputs
[00:53:17] ⚠️ No source data – keeping existing output files unchanged
[00:53:17] 📦 Existing detailed file preserved: advance/data/20260926/detailed9.json
[00:53:17] 📦 Existing summary file preserved: advance/data/20260926/movie_summary9.json
[00:53:17] ✅ DONE | Existing data preserved
[04:28:08] 🚀 DISTRICT → BMS9 CONVERTER STARTED
[04:28:08] 📅 Date: 2026-09-26
[04:28:08] 🚫 Worker logic: DISABLED
[04:28:08] 🔑 Venue matching: ID ONLY
[04:28:08] 🚫 alldistrictvenues.json: NOT USED
[04:28:08] 🚫 Venue-name matching: NOT USED
[04:28:08] 📍 Selected venue records: 756
[04:28:08] 🎯 Selected venue IDs: 756
[04:28:08] 📡 Fetching Detailed JSON:
[04:28:08]    https://districtdata2026.pages.dev/advance/2026-09-26_Detailed.json
[04:28:08] ❌ Source file not found (404) – will create empty outputs
[04:28:08] ⚠️ No source data – keeping existing output files unchanged
[04:28:08] 📦 Existing detailed file preserved: advance/data/20260926/detailed9.json
[04:28:08] 📦 Existing summary file preserved: advance/data/20260926/movie_summary9.json
[04:28:08] ✅ DONE | Existing data preserved
[10:54:38] 🚀 DISTRICT → BMS9 CONVERTER STARTED
[10:54:38] 📅 Date: 2026-09-26
[10:54:38] 🚫 Worker logic: DISABLED
[10:54:38] 🔑 Venue matching: ID ONLY
[10:54:38] 🚫 alldistrictvenues.json: NOT USED
[10:54:38] 🚫 Venue-name matching: NOT USED
[10:54:38] 📍 Selected venue records: 756
[10:54:38] 🎯 Selected venue IDs: 756
[10:54:38] 📡 Fetching Detailed JSON:
[10:54:38]    https://districtdata2026.pages.dev/advance/2026-09-26_Detailed.json
[10:54:38] ❌ Source file not found (404) – will create empty outputs
[10:54:38] ⚠️ No source data – keeping existing output files unchanged
[10:54:38] 📦 Existing detailed file preserved: advance/data/20260926/detailed9.json
[10:54:38] 📦 Existing summary file preserved: advance/data/20260926/movie_summary9.json
[10:54:38] ✅ DONE | Existing data preserved
[18:19:51] 🚀 DISTRICT → BMS9 CONVERTER STARTED
[18:19:51] 📅 Date: 2026-09-26
[18:19:51] 🚫 Worker logic: DISABLED
[18:19:51] 🔑 Venue matching: ID ONLY
[18:19:51] 🚫 alldistrictvenues.json: NOT USED
[18:19:51] 🚫 Venue-name matching: NOT USED
[18:19:51] 📍 Selected venue records: 756
[18:19:51] 🎯 Selected venue IDs: 756
[18:19:51] 📡 Fetching Detailed JSON:
[18:19:51]    https://districtdata2026.pages.dev/advance/2026-09-26_Detailed.json
[18:19:51] ❌ Source file not found (404) – will create empty outputs
[18:19:51] ⚠️ No source data – keeping existing output files unchanged
[18:19:51] 📦 Existing detailed file preserved: advance/data/20260926/detailed9.json
[18:19:51] 📦 Existing summary file preserved: advance/data/20260926/movie_summary9.json
[18:19:51] ✅ DONE | Existing data preserved
[00:37:36] 🚀 DISTRICT → BMS9 CONVERTER STARTED
[00:37:36] 📅 Date: 2026-09-26
[00:37:36] 🚫 Worker logic: DISABLED
[00:37:36] 🔑 Venue matching: ID ONLY
[00:37:36] 🚫 alldistrictvenues.json: NOT USED
[00:37:36] 🚫 Venue-name matching: NOT USED
[00:37:36] 📍 Selected venue records: 756
[00:37:36] 🎯 Selected venue IDs: 756
[00:37:36] 📡 Fetching Detailed JSON:
[00:37:36]    https://districtdata2026.pages.dev/advance/2026-09-26_Detailed.json
[00:37:36] ❌ Source file not found (404) – will create empty outputs
[00:37:36] ⚠️ No source data – keeping existing output files unchanged
[00:37:36] 📦 Existing detailed file preserved: advance/data/20260926/detailed9.json
[00:37:36] 📦 Existing summary file preserved: advance/data/20260926/movie_summary9.json
[00:37:36] ✅ DONE | Existing data preserved
[04:07:16] 🚀 DISTRICT → BMS9 CONVERTER STARTED
[04:07:16] 📅 Date: 2026-09-26
[04:07:16] 🚫 Worker logic: DISABLED
[04:07:16] 🔑 Venue matching: ID ONLY
[04:07:16] 🚫 alldistrictvenues.json: NOT USED
[04:07:16] 🚫 Venue-name matching: NOT USED
[04:07:16] 📍 Selected venue records: 756
[04:07:16] 🎯 Selected venue IDs: 756
[04:07:16] 📡 Fetching Detailed JSON:
[04:07:16]    https://districtdata2026.pages.dev/advance/2026-09-26_Detailed.json
[04:07:17] ❌ Source file not found (404) – will create empty outputs
[04:07:17] ⚠️ No source data – keeping existing output files unchanged
[04:07:17] 📦 Existing detailed file preserved: advance/data/20260926/detailed9.json
[04:07:17] 📦 Existing summary file preserved: advance/data/20260926/movie_summary9.json
[04:07:17] ✅ DONE | Existing data preserved
[11:07:18] 🚀 DISTRICT → BMS9 CONVERTER STARTED
[11:07:18] 📅 Date: 2026-09-26
[11:07:18] 🚫 Worker logic: DISABLED
[11:07:18] 🔑 Venue matching: ID ONLY
[11:07:18] 🚫 alldistrictvenues.json: NOT USED
[11:07:18] 🚫 Venue-name matching: NOT USED
[11:07:18] 📍 Selected venue records: 756
[11:07:18] 🎯 Selected venue IDs: 756
[11:07:18] 📡 Fetching Detailed JSON:
[11:07:18]    https://districtdata2026.pages.dev/advance/2026-09-26_Detailed.json
[11:07:18] ❌ Source file not found (404) – will create empty outputs
[11:07:18] ⚠️ No source data – keeping existing output files unchanged
[11:07:18] 📦 Existing detailed file preserved: advance/data/20260926/detailed9.json
[11:07:18] 📦 Existing summary file preserved: advance/data/20260926/movie_summary9.json
[11:07:18] ✅ DONE | Existing data preserved
[18:54:36] 🚀 DISTRICT → BMS9 CONVERTER STARTED
[18:54:36] 📅 Date: 2026-09-26
[18:54:36] 🚫 Worker logic: DISABLED
[18:54:36] 🔑 Venue matching: ID ONLY
[18:54:36] 🚫 alldistrictvenues.json: NOT USED
[18:54:36] 🚫 Venue-name matching: NOT USED
[18:54:36] 📍 Selected venue records: 756
[18:54:36] 🎯 Selected venue IDs: 756
[18:54:36] 📡 Fetching Detailed JSON:
[18:54:36]    https://districtdata2026.pages.dev/advance/2026-09-26_Detailed.json
[18:54:36] ❌ Source file not found (404) – will create empty outputs
[18:54:36] ⚠️ No source data – keeping existing output files unchanged
[18:54:36] 📦 Existing detailed file preserved: advance/data/20260926/detailed9.json
[18:54:36] 📦 Existing summary file preserved: advance/data/20260926/movie_summary9.json
[18:54:36] ✅ DONE | Existing data preserved
[10:03:58] 🚀 DISTRICT → BMS9 CONVERTER STARTED
[10:03:58] 📅 Date: 2026-09-26
[10:03:58] 🚫 Worker logic: DISABLED
[10:03:58] 🔑 Venue matching: ID ONLY
[10:03:58] 🚫 alldistrictvenues.json: NOT USED
[10:03:58] 🚫 Venue-name matching: NOT USED
[10:03:58] 📍 Selected venue records: 756
[10:03:58] 🎯 Selected venue IDs: 756
[10:03:58] 📡 Fetching Detailed JSON:
[10:03:58]    https://districtdata2026.pages.dev/advance/2026-09-26_Detailed.json
[10:03:58] ❌ Source file not found (404) – will create empty outputs
[10:03:58] ⚠️ No source data – keeping existing output files unchanged
[10:03:58] 📦 Existing detailed file preserved: advance/data/20260926/detailed9.json
[10:03:58] 📦 Existing summary file preserved: advance/data/20260926/movie_summary9.json
[10:03:58] ✅ DONE | Existing data preserved
[05:32:35] 🚀 DISTRICT → BMS9 CONVERTER STARTED
[05:32:35] 📅 DATE_CODE: 20260926
[05:32:35] 📅 Date: 2026-09-26
[05:32:35] 🚫 Worker logic: DISABLED
[05:32:35] 🔑 Venue matching: ID ONLY
[05:32:35] 🚫 alldistrictvenues.json: NOT USED
[05:32:35] 🚫 Venue-name matching: NOT USED
[05:32:35] 📍 Selected venue records: 756
[05:32:35] 🎯 Selected venue IDs: 756
[05:32:35] 📡 Fetching Detailed JSON:
[05:32:35]    https://districtdata2026.pages.dev/advance/2026-09-26_Detailed.json
[05:32:36] ✅ Source loaded
[05:32:36]    Source date: 2026-09-26
[05:32:36]    Last updated: 05:29 AM, 22 September 2026
[05:32:36]    Movie keys: 15
[05:32:36] 🎬 Source movie keys: 15
[05:32:36] 🎟️ Selected-venue show rows: 382
[05:32:36] 🚫 Non-selected show rows ignored: 1146
[05:32:36] ℹ️ Non-selected venue IDs encountered: 333
[05:32:36]    ⏭️ Source venue ID not selected: 24554
[05:32:36]    ⏭️ Source venue ID not selected: 146
[05:32:36]    ⏭️ Source venue ID not selected: 1029234
[05:32:36]    ⏭️ Source venue ID not selected: 1410
[05:32:36]    ⏭️ Source venue ID not selected: 1023394
[05:32:36]    ⏭️ Source venue ID not selected: 10262
[05:32:36]    ⏭️ Source venue ID not selected: 1023396
[05:32:36]    ⏭️ Source venue ID not selected: 1101218
[05:32:36]    ⏭️ Source venue ID not selected: 1020727
[05:32:36]    ⏭️ Source venue ID not selected: 1022250
[05:32:36]    ⏭️ Source venue ID not selected: 1029156
[05:32:36]    ⏭️ Source venue ID not selected: 7338
[05:32:36]    ⏭️ Source venue ID not selected: 1029687
[05:32:36]    ⏭️ Source venue ID not selected: 1016457
[05:32:36]    ⏭️ Source venue ID not selected: 1022298
[05:32:36]    ⏭️ Source venue ID not selected: 1013610
[05:32:36]    ⏭️ Source venue ID not selected: 1029922
[05:32:36]    ⏭️ Source venue ID not selected: 1022277
[05:32:36]    ⏭️ Source venue ID not selected: 27222
[05:32:36]    ⏭️ Source venue ID not selected: 1040152
[05:32:36]    ... and 313 more
[05:32:36] 📦 Previous shows: 0
[05:32:36] 🆕 Fresh shows: 382
[05:32:36] 📦 Final shows: 382
[05:32:36] ✅ DONE | Shows=382 | Movies=10
[05:32:36] 📄 Detailed: advance/data/20260926/detailed9.json
[05:32:36] 📄 Summary: advance/data/20260926/movie_summary9.json
[22:18:18] 🚀 DISTRICT → BMS9 CONVERTER STARTED
[22:18:18] 📅 DATE_CODE: 20260926
[22:18:18] 📅 Date: 2026-09-26
[22:18:18] 🚫 Worker logic: DISABLED
[22:18:18] 🔑 Venue matching: ID ONLY
[22:18:18] 🚫 alldistrictvenues.json: NOT USED
[22:18:18] 🚫 Venue-name matching: NOT USED
[22:18:18] 📍 Selected venue records: 756
[22:18:18] 🎯 Selected venue IDs: 756
[22:18:18] 📡 Fetching Detailed JSON:
[22:18:18]    https://districtdata2026.pages.dev/advance/2026-09-26_Detailed.json
[22:18:18] ✅ Source loaded
[22:18:18]    Source date: 2026-09-26
[22:18:18]    Last updated: 10:15 PM, 22 September 2026
[22:18:18]    Movie keys: 37
[22:18:18] 🎬 Source movie keys: 37
[22:18:18] 🎟️ Selected-venue show rows: 696
[22:18:18] 🚫 Non-selected show rows ignored: 2302
[22:18:18] ℹ️ Non-selected venue IDs encountered: 434
[22:18:18]    ⏭️ Source venue ID not selected: 52071
[22:18:18]    ⏭️ Source venue ID not selected: 2256
[22:18:18]    ⏭️ Source venue ID not selected: 1019973
[22:18:18]    ⏭️ Source venue ID not selected: 130
[22:18:18]    ⏭️ Source venue ID not selected: 1023586
[22:18:18]    ⏭️ Source venue ID not selected: 7174
[22:18:18]    ⏭️ Source venue ID not selected: 1023485
[22:18:18]    ⏭️ Source venue ID not selected: 533
[22:18:18]    ⏭️ Source venue ID not selected: 1018532
[22:18:18]    ⏭️ Source venue ID not selected: 1022263
[22:18:18]    ⏭️ Source venue ID not selected: 42639
[22:18:18]    ⏭️ Source venue ID not selected: 1017391
[22:18:18]    ⏭️ Source venue ID not selected: 9369
[22:18:18]    ⏭️ Source venue ID not selected: 1037972
[22:18:18]    ⏭️ Source venue ID not selected: 1023579
[22:18:18]    ⏭️ Source venue ID not selected: 1019904
[22:18:18]    ⏭️ Source venue ID not selected: 1020717
[22:18:18]    ⏭️ Source venue ID not selected: 41754
[22:18:18]    ⏭️ Source venue ID not selected: 1024414
[22:18:18]    ⏭️ Source venue ID not selected: 527
[22:18:18]    ... and 414 more
[22:18:18] 📦 Previous shows: 382
[22:18:18] 🆕 Fresh shows: 696
[22:18:18] 📦 Final shows: 696
[22:18:18] ✅ DONE | Shows=696 | Movies=21
[22:18:18] 📄 Detailed: advance/data/20260926/detailed9.json
[22:18:18] 📄 Summary: advance/data/20260926/movie_summary9.json
