[00:18:07] 🚀 BMS DAILY TRACKER STARTED (enhanced anti‑detection)
[00:18:07] [1/459] NECA
[00:18:08] 🧠 New identity created
[00:18:09] [2/459] BJLC
[00:18:10] [3/459] BASU
[00:18:12] [4/459] RUPI
[00:18:13] [5/459] LCBK
[00:18:14] [6/459] PMAC
[00:18:16] [7/459] AMLC
[00:18:17] [8/459] LICL
[00:18:18] [9/459] UDMM
[00:18:19] [10/459] STBZ
[00:18:19] 🔄 Identity reset
[00:18:19] 🔄 Identity rotated (every 10 requests)
[00:18:20] [11/459] UUBT
[00:18:21] [12/459] SJKC
[00:18:22] [13/459] TUAL
[00:18:22] [14/459] MRSE
[00:18:23] [15/459] RMRK
[00:18:24] [16/459] TTKP
[00:18:25] [17/459] KTKO
[00:18:26] [18/459] SDBK
[00:18:28] [19/459] MCPR
[00:18:29] [20/459] CHTI
[00:18:30] 🔄 Identity reset
[00:18:30] 🔄 Identity rotated (every 10 requests)
[00:18:30] [21/459] GCCP
[00:18:31] [22/459] SRMY
[00:18:32] [23/459] NYST
[00:18:33] [24/459] NYAG
[00:18:34] [25/459] SBMT
[00:18:35] [26/459] INGA
[00:18:36] [27/459] WSIC
[00:18:37] [28/459] SCSS
[00:18:39] [29/459] COPG
[00:18:40] [30/459] RCGR
[00:18:41] 🔄 Identity reset
[00:18:41] 🔄 Identity rotated (every 10 requests)
[00:18:41] [31/459] TCZA
[00:18:42] [32/459] CNLP
[00:18:43] [33/459] CLKN
[00:18:45] [34/459] LHDF
[00:18:46] [35/459] ELKC
[00:18:47] [36/459] VCEM
[00:18:47] [37/459] SSZA
[00:18:48] [38/459] KRMT
[00:18:49] [39/459] LCMV
[00:18:50] [40/459] AYCZ
[00:18:51] 🔄 Identity reset
[00:18:51] 🔄 Identity rotated (every 10 requests)
[00:18:52] [41/459] CUMS
[00:18:53] [42/459] BOCK
[00:18:54] [43/459] PNMR
[00:18:55] [44/459] PJCP
[00:18:56] [45/459] JDDD
[00:18:57] [46/459] STMS
[00:18:58] [47/459] FLMB
[00:18:59] [48/459] PKCM
[00:19:00] [49/459] SPPR
[00:19:01] [50/459] EYLH
[00:19:01] 🔄 Identity reset
[00:19:01] 🔄 Identity rotated (every 10 requests)
[00:19:02] [51/459] RJCC
[00:19:03] [52/459] MMPS
[00:19:04] [53/459] SHMX
[00:19:05] [54/459] CCNL
[00:19:06] [55/459] RCNV
[00:19:07] [56/459] MAAG
[00:19:08] [57/459] LXCM
[00:19:09] [58/459] RCNI
[00:19:09] [59/459] SNNI
[00:19:10] [60/459] LALC
[00:19:11] 🔄 Identity reset
[00:19:11] 🔄 Identity rotated (every 10 requests)
[00:19:11] [61/459] SOCN
[00:19:12] [62/459] JHTP
[00:19:13] [63/459] PITP
[00:19:15] [64/459] CCKW
[00:19:16] [65/459] MCMC
[00:19:17] [66/459] DEES
[00:19:18] [67/459] SABT
[00:19:19] [68/459] VSPP
[00:19:20] [69/459] ABCT
[00:19:21] [70/459] JVTB
[00:19:22] 🔄 Identity reset
[00:19:22] 🔄 Identity rotated (every 10 requests)
[00:19:22] [71/459] VCBD
[00:19:23] [72/459] RMGG
[00:19:24] [73/459] RNMH
[00:19:25] [74/459] SPGL
[00:19:26] [75/459] JTTR
[00:19:26] [76/459] SICS
[00:19:27] [77/459] SRMI
[00:19:28] [78/459] SSIJ
[00:19:29] [79/459] KFMT
[00:19:31] [80/459] VBIT
[00:19:32] 🔄 Identity reset
[00:19:32] 🔄 Identity rotated (every 10 requests)
[00:19:32] [81/459] JKCT
[00:19:33] [82/459] GCGP
[00:19:34] [83/459] GDCS
[00:19:35] [84/459] TRBA
[00:19:36] [85/459] QUST
[00:19:36] [86/459] VSHM
[00:19:37] [87/459] SDCP
[00:19:39] [88/459] SNVS
[00:19:40] [89/459] NYTO
[00:19:40] [90/459] URWC
[00:19:41] 🔄 Identity reset
[00:19:41] 🔄 Identity rotated (every 10 requests)
[00:19:41] [91/459] GTWH
[00:19:42] [92/459] PFCM
[00:19:43] [93/459] KRTA
[00:19:44] [94/459] AXMC
[00:19:45] [95/459] EVMC
[00:19:46] [96/459] HGSM
[00:19:47] [97/459] ACVM
[00:19:48] [98/459] PSKL
[00:19:49] [99/459] RDMP
[00:19:50] [100/459] RHGH
[00:19:51] 🔄 Identity reset
[00:19:51] 🔄 Identity rotated (every 10 requests)
[00:19:51] [101/459] OMCM
[00:19:53] [102/459] DCCP
[00:19:54] [103/459] MCPB
[00:19:55] [104/459] ALCI
[00:19:56] [105/459] BLMX
[00:19:57] [106/459] BTMV
[00:19:58] [107/459] FVPN
[00:19:59] [108/459] CMAR
[00:20:00] [109/459] CEIM
[00:20:02] [110/459] CMVA
[00:20:02] 🔄 Identity reset
[00:20:02] 🔄 Identity rotated (every 10 requests)
[00:20:03] [111/459] CPIV
[00:20:04] [112/459] CNPE
[00:20:05] [113/459] COLV
[00:20:06] [114/459] DNNV
[00:20:07] [115/459] HCAD
[00:20:08] [116/459] TAKA
[00:20:09] [117/459] INVD
[00:20:10] [118/459] IRMM
[00:20:10] [119/459] INSE
[00:20:11] [120/459] MRSW
[00:20:12] 🔄 Identity reset
[00:20:12] 🔄 Identity rotated (every 10 requests)
[00:20:12] [121/459] MCVD
[00:20:13] [122/459] MCSO
[00:20:14] [123/459] PEVM
[00:20:15] [124/459] PVNL
[00:20:16] [125/459] PTCV
[00:20:17] [126/459] PRTC
[00:20:18] [127/459] RCVA
[00:20:19] [128/459] MTBN
[00:20:20] [129/459] LUCP
[00:20:21] [130/459] FMPT
[00:20:21] 🔄 Identity reset
[00:20:21] 🔄 Identity rotated (every 10 requests)
[00:20:22] [131/459] JLSL
[00:20:23] [132/459] SBHA
[00:20:25] [133/459] SHRC
[00:20:26] [134/459] AVPS
[00:20:27] [135/459] STPM
[00:20:28] [136/459] ATRD
[00:20:29] [137/459] VTED
[00:20:30] [138/459] ACAI
[00:20:31] [139/459] SMAE
[00:20:32] [140/459] VMAT
[00:20:32] 🔄 Identity reset
[00:20:32] 🔄 Identity rotated (every 10 requests)
[00:20:32] [141/459] LKCT
[00:20:33] [142/459] JTVK
[00:20:34] [143/459] PRTY
[00:20:35] [144/459] GETT
[00:20:36] [145/459] ESAP
[00:20:37] [146/459] NCPM
[00:20:38] [147/459] PCPA
[00:20:39] [148/459] MMOM
[00:20:41] [149/459] PHUP
[00:20:43] [150/459] CCPI
[00:20:43] 🔄 Identity reset
[00:20:43] 🔄 Identity rotated (every 10 requests)
[00:20:44] [151/459] CNTD
[00:20:45] [152/459] NLJR
[00:20:46] [153/459] SRNG
[00:20:47] [154/459] MHAL
[00:20:48] [155/459] PNSM
[00:20:49] [156/459] DRMY
[00:20:50] [157/459] CCMU
[00:20:51] [158/459] SCMY
[00:20:52] [159/459] PVSY
[00:20:52] [160/459] SDLM
[00:20:53] 🔄 Identity reset
[00:20:53] 🔄 Identity rotated (every 10 requests)
[00:20:53] [161/459] ICCM
[00:20:54] [162/459] PYSU
[00:20:55] [163/459] GATM
[00:20:56] [164/459] WOTM
[00:20:57] [165/459] RKTS
[00:20:58] [166/459] PMTY
[00:20:59] [167/459] LYMS
[00:21:00] [168/459] TGCA
[00:21:01] [169/459] DSTA
[00:21:02] [170/459] CNGE
[00:21:03] 🔄 Identity reset
[00:21:03] 🔄 Identity rotated (every 10 requests)
[00:21:03] [171/459] VSTG
[00:21:04] [172/459] GTCK
[00:21:05] [173/459] TGNT
[00:21:06] [174/459] ASLC
[00:21:07] [175/459] SSST
[00:21:08] [176/459] KBTT
[00:21:09] [177/459] HKCP
[00:21:10] [178/459] SWLC
[00:21:12] [179/459] RTND
[00:21:13] [180/459] PKKT
[00:21:13] 🔄 Identity reset
[00:21:13] 🔄 Identity rotated (every 10 requests)
[00:21:15] [181/459] HSTK
[00:21:16] [182/459] SPTT
[00:21:17] [183/459] IMPM
[00:21:18] [184/459] SCMV
[00:21:19] [185/459] SPCT
[00:21:20] [186/459] JBCA
[00:21:21] [187/459] ATTR
[00:21:22] [188/459] SPMT
[00:21:23] [189/459] LCTM
[00:21:24] [190/459] SCVL
[00:21:25] 🔄 Identity reset
[00:21:25] 🔄 Identity rotated (every 10 requests)
[00:21:25] [191/459] SCVT
[00:21:26] [192/459] KRIC
[00:21:28] [193/459] CTMG
[00:21:29] [194/459] ACNC
[00:21:30] [195/459] DMCK
[00:21:31] [196/459] KMTV
[00:21:32] [197/459] PFCJ
[00:21:33] [198/459] VNMD
[00:21:35] [199/459] VPCZ
[00:21:36] [200/459] SRYR
[00:21:36] 🔄 Identity reset
[00:21:36] 🔄 Identity rotated (every 10 requests)
[00:21:37] [201/459] SYTR
[00:21:38] [202/459] GATR
[00:21:38] [203/459] URTR
[00:21:40] [204/459] MKSM
[00:21:41] [205/459] VSMH
[00:21:41] [206/459] SKRJ
[00:21:42] [207/459] SSJR
[00:21:43] [208/459] SVSM
[00:21:44] [209/459] RUCM
[00:21:45] [210/459] PRKN
[00:21:45] 🔄 Identity reset
[00:21:46] 🔄 Identity rotated (every 10 requests)
[00:21:46] [211/459] RROH
[00:21:47] [212/459] SCTN
[00:21:48] [213/459] RTDM
[00:21:49] [214/459] ASRM
[00:21:50] [215/459] SKMD
[00:21:50] [216/459] SUTD
[00:21:52] [217/459] SADM
[00:21:53] [218/459] WCNR
[00:21:54] [219/459] CNED
[00:21:55] [220/459] MPDB
[00:21:56] 🔄 Identity reset
[00:21:56] 🔄 Identity rotated (every 10 requests)
[00:21:56] [221/459] KTBH
[00:21:57] [222/459] IDRM
[00:21:58] [223/459] PJJT
[00:21:59] [224/459] PFCV
[00:22:00] [225/459] AACT
[00:22:01] [226/459] AAAD
[00:22:02] [227/459] ANES
[00:22:03] [228/459] MNCA
[00:22:04] [229/459] RMGU
[00:22:05] [230/459] DLCN
[00:22:05] 🔄 Identity reset
[00:22:05] 🔄 Identity rotated (every 10 requests)
[00:22:06] [231/459] LJWT
[00:22:07] [232/459] MCBG
[00:22:08] [233/459] MYBG
[00:22:08] [234/459] GCCA
[00:22:09] [235/459] GCGA
[00:22:10] [236/459] ECGN
[00:22:11] [237/459] PRAB
[00:22:12] [238/459] PNMP
[00:22:13] [239/459] GCPT
[00:22:14] [240/459] ROYN
[00:22:15] 🔄 Identity reset
[00:22:15] 🔄 Identity rotated (every 10 requests)
[00:22:15] [241/459] VATM
[00:22:16] [242/459] KSNT
[00:22:17] [243/459] ACTC
[00:22:18] [244/459] PLTD
[00:22:19] [245/459] SKMK
[00:22:20] [246/459] CMTT
[00:22:21] [247/459] SMXP
[00:22:22] [248/459] SCMX
[00:22:23] [249/459] ACXN
[00:22:24] [250/459] ASWT
[00:22:24] 🔄 Identity reset
[00:22:24] 🔄 Identity rotated (every 10 requests)
[00:22:24] [251/459] VVVL
[00:22:25] [252/459] NAGO
[00:22:26] [253/459] SNCN
[00:22:27] [254/459] MCKP
[00:22:28] [255/459] SAMO
[00:22:29] [256/459] JBTV
[00:22:30] [257/459] DCVV
[00:22:31] [258/459] KMSV
[00:22:32] [259/459] KDCN
[00:22:32] [260/459] CNCP
[00:22:33] 🔄 Identity reset
[00:22:33] 🔄 Identity rotated (every 10 requests)
[00:22:34] [261/459] HAMC
[00:22:35] [262/459] CCVZ
[00:22:36] [263/459] NCCK
[00:22:37] [264/459] MCHR
[00:22:38] [265/459] SCHT
[00:22:39] [266/459] ESSH
[00:22:40] [267/459] CUJC
[00:22:42] [268/459] PECP
[00:22:43] [269/459] PMMI
[00:22:44] [270/459] PCCH
[00:22:44] 🔄 Identity reset
[00:22:44] 🔄 Identity rotated (every 10 requests)
[00:22:45] [271/459] PRPM
[00:22:46] [272/459] PVKL
[00:22:47] [273/459] CBSM
[00:22:48] [274/459] PVCZ
[00:22:49] [275/459] PCVV
[00:22:50] [276/459] CTMJ
[00:22:51] [277/459] RCPS
[00:22:52] [278/459] PCIT
[00:22:53] [279/459] FNCH
[00:22:55] [280/459] INZD
[00:22:55] 🔄 Identity reset
[00:22:55] 🔄 Identity rotated (every 10 requests)
[00:22:56] [281/459] INPC
[00:22:57] [282/459] LCZP
[00:22:58] [283/459] SMCB
[00:22:59] [284/459] PTSB
[00:23:00] [285/459] TPSI
[00:23:02] [286/459] KHMJ
[00:23:03] [287/459] RCCJ
[00:23:03] [288/459] NCJA
[00:23:05] [289/459] NCJN
[00:23:06] [290/459] BTDP
[00:23:06] 🔄 Identity reset
[00:23:06] 🔄 Identity rotated (every 10 requests)
[00:23:06] [291/459] PADY
[00:23:08] [292/459] NYBH
[00:23:09] [293/459] MTBR
[00:23:10] [294/459] KRBC
[00:23:11] [295/459] DKTI
[00:23:12] [296/459] ANAN
[00:23:13] [297/459] INBP
[00:23:14] [298/459] PATB
[00:23:16] [299/459] RGNT
[00:23:18] [300/459] CGPM
[00:23:18] 🔄 Identity reset
[00:23:18] 🔄 Identity rotated (every 10 requests)
[00:23:19] [301/459] INTN
[00:23:19] [302/459] MCMP
[00:23:20] [303/459] ASRG
[00:23:21] [304/459] CXJD
[00:23:23] [305/459] SPCP
[00:23:24] [306/459] CSTP
[00:23:25] [307/459] PKVC
[00:23:26] [308/459] ESCP
[00:23:26] [309/459] CAEP
[00:23:27] [310/459] CCSP
[00:23:28] 🔄 Identity reset
[00:23:28] 🔄 Identity rotated (every 10 requests)
[00:23:28] [311/459] KTPC
[00:23:29] [312/459] DACA
[00:23:30] [313/459] NVKY
[00:23:32] [314/459] PTIN
[00:23:33] [315/459] SCIN
[00:23:34] [316/459] MCTY
[00:23:36] [317/459] PCMX
[00:23:37] [318/459] INIC
[00:23:38] [319/459] MMZM
[00:23:39] [320/459] SSLP
[00:23:40] 🔄 Identity reset
[00:23:40] 🔄 Identity rotated (every 10 requests)
[00:23:40] [321/459] DTDT
[00:23:41] [322/459] FFCX
[00:23:42] [323/459] RCMM
[00:23:43] [324/459] KYID
[00:23:44] [325/459] CSCI
[00:23:46] [326/459] FCMC
[00:23:47] [327/459] MMXI
[00:23:48] [328/459] ASTC
[00:23:49] [329/459] CMRA
[00:23:50] [330/459] DICI
[00:23:51] 🔄 Identity reset
[00:23:51] 🔄 Identity rotated (every 10 requests)
[00:23:51] [331/459] KDIN
[00:23:52] [332/459] PRFI
[00:23:54] [333/459] SVFC
[00:23:55] [334/459] UCPL
[00:23:57] [335/459] COOC
[00:23:58] [336/459] SCAL
[00:24:00] [337/459] SVFF
[00:24:01] [338/459] VCMG
[00:24:01] [339/459] UUCT
[00:24:02] [340/459] GCSE
[00:24:03] 🔄 Identity reset
[00:24:03] 🔄 Identity rotated (every 10 requests)
[00:24:03] [341/459] SUSC
[00:24:04] [342/459] MISC
[00:24:05] [343/459] RMBL
[00:24:06] [344/459] CMXN
[00:24:08] [345/459] PVBK
[00:24:10] [346/459] HHCG
[00:24:11] [347/459] SCAG
[00:24:12] [348/459] CNPR
[00:24:13] [349/459] CSER
[00:24:14] [350/459] HLWD
[00:24:14] 🔄 Identity reset
[00:24:14] 🔄 Identity rotated (every 10 requests)
[00:24:16] [351/459] BOLY
[00:24:17] [352/459] SSPG
[00:24:19] [353/459] MUPX
[00:24:20] [354/459] HAMR
[00:24:21] [355/459] SDNC
[00:24:22] [356/459] RTEN
[00:24:22] [357/459] SDTD
[00:24:23] [358/459] KAWS
[00:24:24] [359/459] CMZX
[00:24:26] [360/459] DCDD
[00:24:26] 🔄 Identity reset
[00:24:26] 🔄 Identity rotated (every 10 requests)
[00:24:26] [361/459] ALSN
[00:24:28] [362/459] IMXS
[00:24:29] [363/459] PVFF
[00:24:30] [364/459] PVOO
[00:24:31] [365/459] CFBS
[00:24:32] [366/459] PVER
[00:24:33] [367/459] PPNX
[00:24:34] [368/459] CNRM
[00:24:35] [369/459] PVWW
[00:24:36] [370/459] INMB
[00:24:37] 🔄 Identity reset
[00:24:37] 🔄 Identity rotated (every 10 requests)
[00:24:37] [371/459] CPJR
[00:24:38] [372/459] INRZ
[00:24:39] [373/459] PMSR
[00:24:40] [374/459] GPGM
[00:24:41] [375/459] PGWB
[00:24:42] [376/459] PMBR
[00:24:44] [377/459] GPAM
[00:24:45] [378/459] INBC
[00:24:46] [379/459] PZVK
[00:24:47] [380/459] CPEB
[00:24:47] 🔄 Identity reset
[00:24:47] 🔄 Identity rotated (every 10 requests)
[00:24:48] [381/459] FMLB
[00:24:49] [382/459] INBG
[00:24:50] [383/459] GPBR
[00:24:51] [384/459] PAAS
[00:24:52] [385/459] VTBR
[00:24:53] [386/459] GPMY
[00:24:54] [387/459] GYBU
[00:24:55] [388/459] INBJ
[00:24:56] [389/459] LKTH
[00:24:57] [390/459] NSBR
[00:24:58] 🔄 Identity reset
[00:24:58] 🔄 Identity rotated (every 10 requests)
[00:24:58] [391/459] PDRD
[00:24:59] [392/459] VRBL
[00:25:00] [393/459] VTGB
[00:25:01] [394/459] VTSK
[00:25:02] [395/459] BKDV
[00:25:03] [396/459] SVTB
[00:25:05] [397/459] MLDT
[00:25:06] [398/459] NRBL
[00:25:07] [399/459] SLTR
[00:25:08] [400/459] VNKA
[00:25:08] 🔄 Identity reset
[00:25:08] 🔄 Identity rotated (every 10 requests)
[00:25:09] [401/459] TDCA
[00:25:10] [402/459] INBM
[00:25:11] [403/459] SSNR
[00:25:13] [404/459] BHAC
[00:25:14] [405/459] SDSD
[00:25:15] [406/459] SAMP
[00:25:16] [407/459] RATK
[00:25:18] [408/459] KCBI
[00:25:19] [409/459] URBL
[00:25:19] [410/459] MKBG
[00:25:20] 🔄 Identity reset
[00:25:20] 🔄 Identity rotated (every 10 requests)
[00:25:21] [411/459] ASTB
[00:25:22] [412/459] VBWT
[00:25:23] [413/459] GPSM
[00:25:24] [414/459] ROON
[00:25:25] [415/459] CHTH
[00:25:26] [416/459] SSPA
[00:25:27] [417/459] ANBL
[00:25:28] [418/459] VTBE
[00:25:30] [419/459] SVKT
[00:25:31] [420/459] SVYK
[00:25:31] 🔄 Identity reset
[00:25:31] 🔄 Identity rotated (every 10 requests)
[00:25:32] [421/459] PTBK
[00:25:33] [422/459] RKTB
[00:25:34] [423/459] BALT
[00:25:35] [424/459] STSV
[00:25:36] [425/459] VCCB
[00:25:37] [426/459] SLTB
[00:25:38] [427/459] SBCR
[00:25:39] [428/459] VDCS
[00:25:40] [429/459] MDKI
[00:25:42] [430/459] SMRN
[00:25:42] 🔄 Identity reset
[00:25:42] 🔄 Identity rotated (every 10 requests)
[00:25:43] [431/459] PTBC
[00:25:44] [432/459] RADI
[00:25:45] [433/459] ADCR
[00:25:47] [434/459] SDCS
[00:25:48] [435/459] SRPJ
[00:25:48] [436/459] ARTS
[00:25:50] [437/459] SRHK
[00:25:51] [438/459] SPAY
[00:25:52] [439/459] GPTB
[00:25:53] [440/459] SNNN
[00:25:54] 🔄 Identity reset
[00:25:54] 🔄 Identity rotated (every 10 requests)
[00:25:54] [441/459] BALJ
[00:25:55] [442/459] TRIG
[00:25:56] [443/459] GTYT
[00:25:57] [444/459] ATGN
[00:25:57] [445/459] ANTE
[00:25:58] [446/459] BDCG
[00:26:00] [447/459] VECI
[00:26:00] [448/459] SCPR
[00:26:01] [449/459] RTEA
[00:26:03] [450/459] JSAI
[00:26:04] 🔄 Identity reset
[00:26:04] 🔄 Identity rotated (every 10 requests)
[00:26:04] [451/459] VJTP
[00:26:05] [452/459] GNDS
[00:26:07] [453/459] PAXA
[00:26:07] [454/459] CGGM
[00:26:08] [455/459] ACKZ
[00:26:09] [456/459] EMCC
[00:26:10] [457/459] KLSK
[00:26:11] [458/459] AVCK
[00:26:12] [459/459] JTCK
[00:26:14] ✅ DONE | Shows=0 | Movies=0
[02:18:04] 🚀 BMS DAILY TRACKER STARTED (enhanced anti‑detection)
[02:18:04] [1/459] NECA
[02:18:05] 🧠 New identity created
[02:18:06] [2/459] BJLC
[02:18:08] [3/459] BASU
[02:18:09] [4/459] RUPI
[02:18:09] [5/459] LCBK
[02:18:10] [6/459] PMAC
[02:18:11] [7/459] AMLC
[02:18:12] [8/459] LICL
[02:18:13] [9/459] UDMM
[02:18:14] [10/459] STBZ
[02:18:14] 🔄 Identity reset
[02:18:14] 🔄 Identity rotated (every 10 requests)
[02:18:15] [11/459] UUBT
[02:18:16] [12/459] SJKC
[02:18:18] [13/459] TUAL
[02:18:18] [14/459] MRSE
[02:18:19] [15/459] RMRK
[02:18:20] [16/459] TTKP
[02:18:21] [17/459] KTKO
[02:18:22] [18/459] SDBK
[02:18:23] [19/459] MCPR
[02:18:24] [20/459] CHTI
[02:18:24] 🔄 Identity reset
[02:18:24] 🔄 Identity rotated (every 10 requests)
[02:18:24] [21/459] GCCP
[02:18:25] [22/459] SRMY
[02:18:26] [23/459] NYST
[02:18:27] [24/459] NYAG
[02:18:29] [25/459] SBMT
[02:18:30] [26/459] INGA
[02:18:31] [27/459] WSIC
[02:18:32] [28/459] SCSS
[02:18:33] [29/459] COPG
[02:18:34] [30/459] RCGR
[02:18:34] 🔄 Identity reset
[02:18:34] 🔄 Identity rotated (every 10 requests)
[02:18:35] [31/459] TCZA
[02:18:36] [32/459] CNLP
[02:18:37] [33/459] CLKN
[02:18:37] [34/459] LHDF
[02:18:38] [35/459] ELKC
[02:18:39] [36/459] VCEM
[02:18:40] [37/459] SSZA
[02:18:41] [38/459] KRMT
[02:18:42] [39/459] LCMV
[02:18:43] [40/459] AYCZ
[02:18:43] 🔄 Identity reset
[02:18:43] 🔄 Identity rotated (every 10 requests)
[02:18:44] [41/459] CUMS
[02:18:45] [42/459] BOCK
[02:18:46] [43/459] PNMR
[02:18:47] [44/459] PJCP
[02:18:49] [45/459] JDDD
[02:18:50] [46/459] STMS
[02:18:51] [47/459] FLMB
[02:18:52] [48/459] PKCM
[02:18:53] [49/459] SPPR
[02:18:54] [50/459] EYLH
[02:18:54] 🔄 Identity reset
[02:18:54] 🔄 Identity rotated (every 10 requests)
[02:18:55] [51/459] RJCC
[02:18:56] [52/459] MMPS
[02:18:57] [53/459] SHMX
[02:18:58] [54/459] CCNL
[02:18:59] [55/459] RCNV
[02:19:00] [56/459] MAAG
[02:19:01] [57/459] LXCM
[02:19:01] [58/459] RCNI
[02:19:03] [59/459] SNNI
[02:19:04] [60/459] LALC
[02:19:05] 🔄 Identity reset
[02:19:05] 🔄 Identity rotated (every 10 requests)
[02:19:05] [61/459] SOCN
[02:19:06] [62/459] JHTP
[02:19:07] [63/459] PITP
[02:19:08] [64/459] CCKW
[02:19:08] [65/459] MCMC
[02:19:09] [66/459] DEES
[02:19:10] [67/459] SABT
[02:19:11] [68/459] VSPP
[02:19:12] [69/459] ABCT
[02:19:13] [70/459] JVTB
[02:19:13] 🔄 Identity reset
[02:19:13] 🔄 Identity rotated (every 10 requests)
[02:19:14] [71/459] VCBD
[02:19:15] [72/459] RMGG
[02:19:16] [73/459] RNMH
[02:19:17] [74/459] SPGL
[02:19:18] [75/459] JTTR
[02:19:19] [76/459] SICS
[02:19:20] [77/459] SRMI
[02:19:21] [78/459] SSIJ
[02:19:21] [79/459] KFMT
[02:19:22] [80/459] VBIT
[02:19:23] 🔄 Identity reset
[02:19:23] 🔄 Identity rotated (every 10 requests)
[02:19:23] [81/459] JKCT
[02:19:24] [82/459] GCGP
[02:19:25] [83/459] GDCS
[02:19:26] [84/459] TRBA
[02:19:27] [85/459] QUST
[02:19:28] [86/459] VSHM
[02:19:28] [87/459] SDCP
[02:19:30] [88/459] SNVS
[02:19:31] [89/459] NYTO
[02:19:33] [90/459] URWC
[02:19:33] 🔄 Identity reset
[02:19:33] 🔄 Identity rotated (every 10 requests)
[02:19:33] [91/459] GTWH
[02:19:34] [92/459] PFCM
[02:19:35] [93/459] KRTA
[02:19:36] [94/459] AXMC
[02:19:37] [95/459] EVMC
[02:19:38] [96/459] HGSM
[02:19:40] [97/459] ACVM
[02:19:41] [98/459] PSKL
[02:19:42] [99/459] RDMP
[02:19:43] [100/459] RHGH
[02:19:43] 🔄 Identity reset
[02:19:43] 🔄 Identity rotated (every 10 requests)
[02:19:44] [101/459] OMCM
[02:19:45] [102/459] DCCP
[02:19:46] [103/459] MCPB
[02:19:46] [104/459] ALCI
[02:19:47] [105/459] BLMX
[02:19:48] [106/459] BTMV
[02:19:50] [107/459] FVPN
[02:19:51] [108/459] CMAR
[02:19:52] [109/459] CEIM
[02:19:53] [110/459] CMVA
[02:19:54] 🔄 Identity reset
[02:19:54] 🔄 Identity rotated (every 10 requests)
[02:19:54] [111/459] CPIV
[02:19:55] [112/459] CNPE
[02:19:56] [113/459] COLV
[02:19:57] [114/459] DNNV
[02:19:58] [115/459] HCAD
[02:19:59] [116/459] TAKA
[02:20:00] [117/459] INVD
[02:20:01] [118/459] IRMM
[02:20:02] [119/459] INSE
[02:20:02] [120/459] MRSW
[02:20:03] 🔄 Identity reset
[02:20:03] 🔄 Identity rotated (every 10 requests)
[02:20:03] [121/459] MCVD
[02:20:04] [122/459] MCSO
[02:20:05] [123/459] PEVM
[02:20:06] [124/459] PVNL
[02:20:07] [125/459] PTCV
[02:20:08] [126/459] PRTC
[02:20:09] [127/459] RCVA
[02:20:10] [128/459] MTBN
[02:20:11] [129/459] LUCP
[02:20:12] [130/459] FMPT
[02:20:12] 🔄 Identity reset
[02:20:12] 🔄 Identity rotated (every 10 requests)
[02:20:13] [131/459] JLSL
[02:20:13] [132/459] SBHA
[02:20:15] [133/459] SHRC
[02:20:16] [134/459] AVPS
[02:20:17] [135/459] STPM
[02:20:18] [136/459] ATRD
[02:20:19] [137/459] VTED
[02:20:20] [138/459] ACAI
[02:20:21] [139/459] SMAE
[02:20:22] [140/459] VMAT
[02:20:22] 🔄 Identity reset
[02:20:22] 🔄 Identity rotated (every 10 requests)
[02:20:23] [141/459] LKCT
[02:20:24] [142/459] JTVK
[02:20:25] [143/459] PRTY
[02:20:26] [144/459] GETT
[02:20:26] [145/459] ESAP
[02:20:28] [146/459] NCPM
[02:20:29] [147/459] PCPA
[02:20:31] [148/459] MMOM
[02:20:31] [149/459] PHUP
[02:20:32] [150/459] CCPI
[02:20:33] 🔄 Identity reset
[02:20:33] 🔄 Identity rotated (every 10 requests)
[02:20:34] [151/459] CNTD
[02:20:35] [152/459] NLJR
[02:20:36] [153/459] SRNG
[02:20:38] [154/459] MHAL
[02:20:39] [155/459] PNSM
[02:20:39] [156/459] DRMY
[02:20:41] [157/459] CCMU
[02:20:42] [158/459] SCMY
[02:20:43] [159/459] PVSY
[02:20:44] [160/459] SDLM
[02:20:45] 🔄 Identity reset
[02:20:45] 🔄 Identity rotated (every 10 requests)
[02:20:45] [161/459] ICCM
[02:20:46] [162/459] PYSU
[02:20:47] [163/459] GATM
[02:20:48] [164/459] WOTM
[02:20:49] [165/459] RKTS
[02:20:50] [166/459] PMTY
[02:20:51] [167/459] LYMS
[02:20:51] [168/459] TGCA
[02:20:52] [169/459] DSTA
[02:20:54] [170/459] CNGE
[02:20:54] 🔄 Identity reset
[02:20:54] 🔄 Identity rotated (every 10 requests)
[02:20:55] [171/459] VSTG
[02:20:56] [172/459] GTCK
[02:20:57] [173/459] TGNT
[02:20:59] [174/459] ASLC
[02:21:00] [175/459] SSST
[02:21:01] [176/459] KBTT
[02:21:02] [177/459] HKCP
[02:21:03] [178/459] SWLC
[02:21:05] [179/459] RTND
[02:21:06] [180/459] PKKT
[02:21:06] 🔄 Identity reset
[02:21:06] 🔄 Identity rotated (every 10 requests)
[02:21:07] [181/459] HSTK
[02:21:08] [182/459] SPTT
[02:21:09] [183/459] IMPM
[02:21:09] [184/459] SCMV
[02:21:11] [185/459] SPCT
[02:21:11] [186/459] JBCA
[02:21:13] [187/459] ATTR
[02:21:14] [188/459] SPMT
[02:21:15] [189/459] LCTM
[02:21:16] [190/459] SCVL
[02:21:16] 🔄 Identity reset
[02:21:16] 🔄 Identity rotated (every 10 requests)
[02:21:17] [191/459] SCVT
[02:21:18] [192/459] KRIC
[02:21:20] [193/459] CTMG
[02:21:21] [194/459] ACNC
[02:21:22] [195/459] DMCK
[02:21:23] [196/459] KMTV
[02:21:23] [197/459] PFCJ
[02:21:24] [198/459] VNMD
[02:21:25] [199/459] VPCZ
[02:21:27] [200/459] SRYR
[02:21:28] 🔄 Identity reset
[02:21:28] 🔄 Identity rotated (every 10 requests)
[02:21:29] [201/459] SYTR
[02:21:30] [202/459] GATR
[02:21:31] [203/459] URTR
[02:21:31] [204/459] MKSM
[02:21:32] [205/459] VSMH
[02:21:33] [206/459] SKRJ
[02:21:34] [207/459] SSJR
[02:21:35] [208/459] SVSM
[02:21:36] [209/459] RUCM
[02:21:37] [210/459] PRKN
[02:21:37] 🔄 Identity reset
[02:21:37] 🔄 Identity rotated (every 10 requests)
[02:21:38] [211/459] RROH
[02:21:39] [212/459] SCTN
[02:21:39] [213/459] RTDM
[02:21:40] [214/459] ASRM
[02:21:41] [215/459] SKMD
[02:21:42] [216/459] SUTD
[02:21:44] [217/459] SADM
[02:21:45] [218/459] WCNR
[02:21:46] [219/459] CNED
[02:21:48] [220/459] MPDB
[02:21:49] 🔄 Identity reset
[02:21:49] 🔄 Identity rotated (every 10 requests)
[02:21:49] [221/459] KTBH
[02:21:50] [222/459] IDRM
[02:21:52] [223/459] PJJT
[02:21:53] [224/459] PFCV
[02:21:54] [225/459] AACT
[02:21:54] [226/459] AAAD
[02:21:55] [227/459] ANES
[02:21:56] [228/459] MNCA
[02:21:57] [229/459] RMGU
[02:21:58] [230/459] DLCN
[02:21:59] 🔄 Identity reset
[02:21:59] 🔄 Identity rotated (every 10 requests)
[02:21:59] [231/459] LJWT
[02:22:00] [232/459] MCBG
[02:22:01] [233/459] MYBG
[02:22:02] [234/459] GCCA
[02:22:03] [235/459] GCGA
[02:22:04] [236/459] ECGN
[02:22:06] [237/459] PRAB
[02:22:06] [238/459] PNMP
[02:22:07] [239/459] GCPT
[02:22:09] [240/459] ROYN
[02:22:10] 🔄 Identity reset
[02:22:10] 🔄 Identity rotated (every 10 requests)
[02:22:10] [241/459] VATM
[02:22:11] [242/459] KSNT
[02:22:12] [243/459] ACTC
[02:22:13] [244/459] PLTD
[02:22:14] [245/459] SKMK
[02:22:14] [246/459] CMTT
[02:22:15] [247/459] SMXP
[02:22:16] [248/459] SCMX
[02:22:18] [249/459] ACXN
[02:22:19] [250/459] ASWT
[02:22:19] 🔄 Identity reset
[02:22:19] 🔄 Identity rotated (every 10 requests)
[02:22:20] [251/459] VVVL
[02:22:21] [252/459] NAGO
[02:22:22] [253/459] SNCN
[02:22:22] [254/459] MCKP
[02:22:24] [255/459] SAMO
[02:22:25] [256/459] JBTV
[02:22:26] [257/459] DCVV
[02:22:27] [258/459] KMSV
[02:22:28] [259/459] KDCN
[02:22:29] [260/459] CNCP
[02:22:29] 🔄 Identity reset
[02:22:29] 🔄 Identity rotated (every 10 requests)
[02:22:29] [261/459] HAMC
[02:22:30] [262/459] CCVZ
[02:22:31] [263/459] NCCK
[02:22:32] [264/459] MCHR
[02:22:33] [265/459] SCHT
[02:22:34] [266/459] ESSH
[02:22:35] [267/459] CUJC
[02:22:36] [268/459] PECP
[02:22:37] [269/459] PMMI
[02:22:38] [270/459] PCCH
[02:22:38] 🔄 Identity reset
[02:22:38] 🔄 Identity rotated (every 10 requests)
[02:22:39] [271/459] PRPM
[02:22:41] [272/459] PVKL
[02:22:42] [273/459] CBSM
[02:22:43] [274/459] PVCZ
[02:22:44] [275/459] PCVV
[02:22:45] [276/459] CTMJ
[02:22:46] [277/459] RCPS
[02:22:47] [278/459] PCIT
[02:22:48] [279/459] FNCH
[02:22:49] [280/459] INZD
[02:22:50] 🔄 Identity reset
[02:22:50] 🔄 Identity rotated (every 10 requests)
[02:22:50] [281/459] INPC
[02:22:51] [282/459] LCZP
[02:22:52] [283/459] SMCB
[02:22:53] [284/459] PTSB
[02:22:54] [285/459] TPSI
[02:22:55] [286/459] KHMJ
[02:22:56] [287/459] RCCJ
[02:22:57] [288/459] NCJA
[02:22:58] [289/459] NCJN
[02:23:00] [290/459] BTDP
[02:23:01] 🔄 Identity reset
[02:23:01] 🔄 Identity rotated (every 10 requests)
[02:23:02] [291/459] PADY
[02:23:03] [292/459] NYBH
[02:23:04] [293/459] MTBR
[02:23:05] [294/459] KRBC
[02:23:06] [295/459] DKTI
[02:23:07] [296/459] ANAN
[02:23:08] [297/459] INBP
[02:23:09] [298/459] PATB
[02:23:10] [299/459] RGNT
[02:23:11] [300/459] CGPM
[02:23:11] 🔄 Identity reset
[02:23:11] 🔄 Identity rotated (every 10 requests)
[02:23:12] [301/459] INTN
[02:23:13] [302/459] MCMP
[02:23:14] [303/459] ASRG
[02:23:15] [304/459] CXJD
[02:23:16] [305/459] SPCP
[02:23:17] [306/459] CSTP
[02:23:18] [307/459] PKVC
[02:23:20] [308/459] ESCP
[02:23:21] [309/459] CAEP
[02:23:22] [310/459] CCSP
[02:23:23] 🔄 Identity reset
[02:23:23] 🔄 Identity rotated (every 10 requests)
[02:23:24] [311/459] KTPC
[02:23:25] [312/459] DACA
[02:23:26] [313/459] NVKY
[02:23:27] [314/459] PTIN
[02:23:28] [315/459] SCIN
[02:23:29] [316/459] MCTY
[02:23:30] [317/459] PCMX
[02:23:32] [318/459] INIC
[02:23:33] [319/459] MMZM
[02:23:34] [320/459] SSLP
[02:23:35] 🔄 Identity reset
[02:23:35] 🔄 Identity rotated (every 10 requests)
[02:23:36] [321/459] DTDT
[02:23:37] [322/459] FFCX
[02:23:38] [323/459] RCMM
[02:23:39] [324/459] KYID
[02:23:40] [325/459] CSCI
[02:23:40] [326/459] FCMC
[02:23:41] [327/459] MMXI
[02:23:42] [328/459] ASTC
[02:23:43] [329/459] CMRA
[02:23:44] [330/459] DICI
[02:23:45] 🔄 Identity reset
[02:23:45] 🔄 Identity rotated (every 10 requests)
[02:23:45] [331/459] KDIN
[02:23:46] [332/459] PRFI
[02:23:47] [333/459] SVFC
[02:23:48] [334/459] UCPL
[02:23:49] [335/459] COOC
[02:23:50] [336/459] SCAL
[02:23:56] [337/459] SVFF
[02:23:57] [338/459] VCMG
[02:23:59] [339/459] UUCT
[02:24:00] [340/459] GCSE
[02:24:01] 🔄 Identity reset
[02:24:01] 🔄 Identity rotated (every 10 requests)
[02:24:01] [341/459] SUSC
[02:24:02] [342/459] MISC
[02:24:03] [343/459] RMBL
[02:24:04] [344/459] CMXN
[02:24:06] [345/459] PVBK
[02:24:06] [346/459] HHCG
[02:24:07] [347/459] SCAG
[02:24:08] [348/459] CNPR
[02:24:09] [349/459] CSER
[02:24:10] [350/459] HLWD
[02:24:11] 🔄 Identity reset
[02:24:11] 🔄 Identity rotated (every 10 requests)
[02:24:11] [351/459] BOLY
[02:24:12] [352/459] SSPG
[02:24:13] [353/459] MUPX
[02:24:14] [354/459] HAMR
[02:24:15] [355/459] SDNC
[02:24:16] [356/459] RTEN
[02:24:17] [357/459] SDTD
[02:24:18] [358/459] KAWS
[02:24:19] [359/459] CMZX
[02:24:20] [360/459] DCDD
[02:24:21] 🔄 Identity reset
[02:24:21] 🔄 Identity rotated (every 10 requests)
[02:24:21] [361/459] ALSN
[02:24:22] [362/459] IMXS
[02:24:23] [363/459] PVFF
[02:24:23] [364/459] PVOO
[02:24:24] [365/459] CFBS
[02:24:25] [366/459] PVER
[02:24:26] [367/459] PPNX
[02:24:27] [368/459] CNRM
[02:24:28] [369/459] PVWW
[02:24:29] [370/459] INMB
[02:24:29] 🔄 Identity reset
[02:24:29] 🔄 Identity rotated (every 10 requests)
[02:24:30] [371/459] CPJR
[02:24:31] [372/459] INRZ
[02:24:32] [373/459] PMSR
[02:24:33] [374/459] GPGM
[02:24:34] [375/459] PGWB
[02:24:35] [376/459] PMBR
[02:24:35] [377/459] GPAM
[02:24:36] [378/459] INBC
[02:24:37] [379/459] PZVK
[02:24:38] [380/459] CPEB
[02:24:39] 🔄 Identity reset
[02:24:39] 🔄 Identity rotated (every 10 requests)
[02:24:39] [381/459] FMLB
[02:24:40] [382/459] INBG
[02:24:41] [383/459] GPBR
[02:24:42] [384/459] PAAS
[02:24:43] [385/459] VTBR
[02:24:44] [386/459] GPMY
[02:24:45] [387/459] GYBU
[02:24:46] [388/459] INBJ
[02:24:47] [389/459] LKTH
[02:24:49] [390/459] NSBR
[02:24:49] 🔄 Identity reset
[02:24:49] 🔄 Identity rotated (every 10 requests)
[02:24:54] [391/459] PDRD
[02:24:55] [392/459] VRBL
[02:24:56] [393/459] VTGB
[02:24:57] [394/459] VTSK
[02:24:58] [395/459] BKDV
[02:25:00] [396/459] SVTB
[02:25:00] [397/459] MLDT
[02:25:01] [398/459] NRBL
[02:25:02] [399/459] SLTR
[02:25:03] [400/459] VNKA
[02:25:04] 🔄 Identity reset
[02:25:04] 🔄 Identity rotated (every 10 requests)
[02:25:04] [401/459] TDCA
[02:25:05] [402/459] INBM
[02:25:06] [403/459] SSNR
[02:25:07] [404/459] BHAC
[02:25:09] [405/459] SDSD
[02:25:09] [406/459] SAMP
[02:25:10] [407/459] RATK
[02:25:11] [408/459] KCBI
[02:25:12] [409/459] URBL
[02:25:13] [410/459] MKBG
[02:25:14] 🔄 Identity reset
[02:25:14] 🔄 Identity rotated (every 10 requests)
[02:25:15] [411/459] ASTB
[02:25:16] [412/459] VBWT
[02:25:17] [413/459] GPSM
[02:25:18] [414/459] ROON
[02:25:19] [415/459] CHTH
[02:25:20] [416/459] SSPA
[02:25:20] [417/459] ANBL
[02:25:22] [418/459] VTBE
[02:25:22] [419/459] SVKT
[02:25:23] [420/459] SVYK
[02:25:24] 🔄 Identity reset
[02:25:24] 🔄 Identity rotated (every 10 requests)
[02:25:24] [421/459] PTBK
[02:25:25] [422/459] RKTB
[02:25:27] [423/459] BALT
[02:25:28] [424/459] STSV
[02:25:29] [425/459] VCCB
[02:25:30] [426/459] SLTB
[02:25:31] [427/459] SBCR
[02:25:32] [428/459] VDCS
[02:25:33] [429/459] MDKI
[02:25:34] [430/459] SMRN
[02:25:34] 🔄 Identity reset
[02:25:34] 🔄 Identity rotated (every 10 requests)
[02:25:35] [431/459] PTBC
[02:25:36] [432/459] RADI
[02:25:36] [433/459] ADCR
[02:25:37] [434/459] SDCS
[02:25:38] [435/459] SRPJ
[02:25:39] [436/459] ARTS
[02:25:40] [437/459] SRHK
[02:25:41] [438/459] SPAY
[02:25:42] [439/459] GPTB
[02:25:43] [440/459] SNNN
[02:25:44] 🔄 Identity reset
[02:25:44] 🔄 Identity rotated (every 10 requests)
[02:25:44] [441/459] BALJ
[02:25:45] [442/459] TRIG
[02:25:46] [443/459] GTYT
[02:25:47] [444/459] ATGN
[02:25:48] [445/459] ANTE
[02:25:49] [446/459] BDCG
[02:25:49] [447/459] VECI
[02:25:50] [448/459] SCPR
[02:25:51] [449/459] RTEA
[02:25:52] [450/459] JSAI
[02:25:53] 🔄 Identity reset
[02:25:53] 🔄 Identity rotated (every 10 requests)
[02:25:53] [451/459] VJTP
[02:25:54] [452/459] GNDS
[02:25:55] [453/459] PAXA
[02:25:57] [454/459] CGGM
[02:25:57] [455/459] ACKZ
[02:25:58] [456/459] EMCC
[02:26:00] [457/459] KLSK
[02:26:00] [458/459] AVCK
[02:26:01] [459/459] JTCK
[02:26:02] ✅ DONE | Shows=0 | Movies=0
[03:17:02] 🚀 BMS DAILY TRACKER STARTED (enhanced anti‑detection)
[03:17:02] [1/459] NECA
[03:17:02] 🧠 New identity created
[03:17:03] [2/459] BJLC
[03:17:04] [3/459] BASU
[03:17:04] [4/459] RUPI
[03:17:05] [5/459] LCBK
[03:17:06] [6/459] PMAC
[03:17:07] [7/459] AMLC
[03:17:08] [8/459] LICL
[03:17:09] [9/459] UDMM
[03:17:10] [10/459] STBZ
[03:17:10] 🔄 Identity reset
[03:17:10] 🔄 Identity rotated (every 10 requests)
[03:17:11] [11/459] UUBT
[03:17:12] [12/459] SJKC
[03:17:12] [13/459] TUAL
[03:17:13] [14/459] MRSE
[03:17:14] [15/459] RMRK
[03:17:15] [16/459] TTKP
[03:17:16] [17/459] KTKO
[03:17:17] [18/459] SDBK
[03:17:18] [19/459] MCPR
[03:17:19] [20/459] CHTI
[03:17:19] 🔄 Identity reset
[03:17:19] 🔄 Identity rotated (every 10 requests)
[03:17:20] [21/459] GCCP
[03:17:21] [22/459] SRMY
[03:17:22] [23/459] NYST
[03:17:23] [24/459] NYAG
[03:17:24] [25/459] SBMT
[03:17:25] [26/459] INGA
[03:17:26] [27/459] WSIC
[03:17:27] [28/459] SCSS
[03:17:28] [29/459] COPG
[03:17:29] [30/459] RCGR
[03:17:30] 🔄 Identity reset
[03:17:30] 🔄 Identity rotated (every 10 requests)
[03:17:30] [31/459] TCZA
[03:17:31] [32/459] CNLP
[03:17:31] [33/459] CLKN
[03:17:32] [34/459] LHDF
[03:17:33] [35/459] ELKC
[03:17:34] [36/459] VCEM
[03:17:35] [37/459] SSZA
[03:17:36] [38/459] KRMT
[03:17:37] [39/459] LCMV
[03:17:38] [40/459] AYCZ
[03:17:39] 🔄 Identity reset
[03:17:39] 🔄 Identity rotated (every 10 requests)
[03:17:39] [41/459] CUMS
[03:17:40] [42/459] BOCK
[03:17:41] [43/459] PNMR
[03:17:41] [44/459] PJCP
[03:17:42] [45/459] JDDD
[03:17:43] [46/459] STMS
[03:17:44] [47/459] FLMB
[03:17:45] [48/459] PKCM
[03:17:46] [49/459] SPPR
[03:17:46] [50/459] EYLH
[03:17:47] 🔄 Identity reset
[03:17:47] 🔄 Identity rotated (every 10 requests)
[03:17:47] [51/459] RJCC
[03:17:48] [52/459] MMPS
[03:17:49] [53/459] SHMX
[03:17:50] [54/459] CCNL
[03:17:51] [55/459] RCNV
[03:17:52] [56/459] MAAG
[03:17:53] [57/459] LXCM
[03:17:54] [58/459] RCNI
[03:17:54] [59/459] SNNI
[03:17:55] [60/459] LALC
[03:17:56] 🔄 Identity reset
[03:17:56] 🔄 Identity rotated (every 10 requests)
[03:17:56] [61/459] SOCN
[03:17:57] [62/459] JHTP
[03:17:58] [63/459] PITP
[03:17:59] [64/459] CCKW
[03:18:00] [65/459] MCMC
[03:18:01] [66/459] DEES
[03:18:02] [67/459] SABT
[03:18:03] [68/459] VSPP
[03:18:03] [69/459] ABCT
[03:18:04] [70/459] JVTB
[03:18:05] 🔄 Identity reset
[03:18:05] 🔄 Identity rotated (every 10 requests)
[03:18:05] [71/459] VCBD
[03:18:06] [72/459] RMGG
[03:18:07] [73/459] RNMH
[03:18:07] [74/459] SPGL
[03:18:08] [75/459] JTTR
[03:18:09] [76/459] SICS
[03:18:10] [77/459] SRMI
[03:18:11] [78/459] SSIJ
[03:18:12] [79/459] KFMT
[03:18:13] [80/459] VBIT
[03:18:14] 🔄 Identity reset
[03:18:14] 🔄 Identity rotated (every 10 requests)
[03:18:14] [81/459] JKCT
[03:18:15] [82/459] GCGP
[03:18:16] [83/459] GDCS
[03:18:17] [84/459] TRBA
[03:18:18] [85/459] QUST
[03:18:19] [86/459] VSHM
[03:18:20] [87/459] SDCP
[03:18:21] [88/459] SNVS
[03:18:21] [89/459] NYTO
[03:18:22] [90/459] URWC
[03:18:23] 🔄 Identity reset
[03:18:23] 🔄 Identity rotated (every 10 requests)
[03:18:23] [91/459] GTWH
[03:18:24] [92/459] PFCM
[03:18:25] [93/459] KRTA
[03:18:26] [94/459] AXMC
[03:18:26] [95/459] EVMC
[03:18:27] [96/459] HGSM
[03:18:28] [97/459] ACVM
[03:18:29] [98/459] PSKL
[03:18:30] [99/459] RDMP
[03:18:31] [100/459] RHGH
[03:18:32] 🔄 Identity reset
[03:18:32] 🔄 Identity rotated (every 10 requests)
[03:18:32] [101/459] OMCM
[03:18:33] [102/459] DCCP
[03:18:34] [103/459] MCPB
[03:18:35] [104/459] ALCI
[03:18:36] [105/459] BLMX
[03:18:36] [106/459] BTMV
[03:18:37] [107/459] FVPN
[03:18:38] [108/459] CMAR
[03:18:39] [109/459] CEIM
[03:18:40] [110/459] CMVA
[03:18:41] 🔄 Identity reset
[03:18:41] 🔄 Identity rotated (every 10 requests)
[03:18:41] [111/459] CPIV
[03:18:43] [112/459] CNPE
[03:18:44] [113/459] COLV
[03:18:45] [114/459] DNNV
[03:18:46] [115/459] HCAD
[03:18:47] [116/459] TAKA
[03:18:48] [117/459] INVD
[03:18:49] [118/459] IRMM
[03:18:50] [119/459] INSE
[03:18:50] [120/459] MRSW
[03:18:51] 🔄 Identity reset
[03:18:51] 🔄 Identity rotated (every 10 requests)
[03:18:52] [121/459] MCVD
[03:18:53] [122/459] MCSO
[03:18:54] [123/459] PEVM
[03:18:55] [124/459] PVNL
[03:18:56] [125/459] PTCV
[03:18:57] [126/459] PRTC
[03:18:58] [127/459] RCVA
[03:18:58] [128/459] MTBN
[03:18:59] [129/459] LUCP
[03:19:00] [130/459] FMPT
[03:19:01] 🔄 Identity reset
[03:19:01] 🔄 Identity rotated (every 10 requests)
[03:19:01] [131/459] JLSL
[03:19:02] [132/459] SBHA
[03:19:03] [133/459] SHRC
[03:19:04] [134/459] AVPS
[03:19:04] [135/459] STPM
[03:19:05] [136/459] ATRD
[03:19:06] [137/459] VTED
[03:19:07] [138/459] ACAI
[03:19:08] [139/459] SMAE
[03:19:09] [140/459] VMAT
[03:19:10] 🔄 Identity reset
[03:19:10] 🔄 Identity rotated (every 10 requests)
[03:19:10] [141/459] LKCT
[03:19:11] [142/459] JTVK
[03:19:12] [143/459] PRTY
[03:19:13] [144/459] GETT
[03:19:14] [145/459] ESAP
[03:19:15] [146/459] NCPM
[03:19:16] [147/459] PCPA
[03:19:17] [148/459] MMOM
[03:19:18] [149/459] PHUP
[03:19:19] [150/459] CCPI
[03:19:20] 🔄 Identity reset
[03:19:20] 🔄 Identity rotated (every 10 requests)
[03:19:20] [151/459] CNTD
[03:19:21] [152/459] NLJR
[03:19:22] [153/459] SRNG
[03:19:23] [154/459] MHAL
[03:19:24] [155/459] PNSM
[03:19:25] [156/459] DRMY
[03:19:25] [157/459] CCMU
[03:19:26] [158/459] SCMY
[03:19:28] [159/459] PVSY
[03:19:29] [160/459] SDLM
[03:19:29] 🔄 Identity reset
[03:19:29] 🔄 Identity rotated (every 10 requests)
[03:19:30] [161/459] ICCM
[03:19:31] [162/459] PYSU
[03:19:31] [163/459] GATM
[03:19:32] [164/459] WOTM
[03:19:33] [165/459] RKTS
[03:19:35] [166/459] PMTY
[03:19:35] [167/459] LYMS
[03:19:37] [168/459] TGCA
[03:19:38] [169/459] DSTA
[03:19:39] [170/459] CNGE
[03:19:39] 🔄 Identity reset
[03:19:39] 🔄 Identity rotated (every 10 requests)
[03:19:39] [171/459] VSTG
[03:19:40] [172/459] GTCK
[03:19:41] [173/459] TGNT
[03:19:42] [174/459] ASLC
[03:19:43] [175/459] SSST
[03:19:44] [176/459] KBTT
[03:19:44] [177/459] HKCP
[03:19:45] [178/459] SWLC
[03:19:46] [179/459] RTND
[03:19:47] [180/459] PKKT
[03:19:48] 🔄 Identity reset
[03:19:48] 🔄 Identity rotated (every 10 requests)
[03:19:48] [181/459] HSTK
[03:19:49] [182/459] SPTT
[03:19:50] [183/459] IMPM
[03:19:51] [184/459] SCMV
[03:19:52] [185/459] SPCT
[03:19:52] [186/459] JBCA
[03:19:53] [187/459] ATTR
[03:19:54] [188/459] SPMT
[03:19:55] [189/459] LCTM
[03:19:56] [190/459] SCVL
[03:19:56] 🔄 Identity reset
[03:19:56] 🔄 Identity rotated (every 10 requests)
[03:19:57] [191/459] SCVT
[03:19:57] [192/459] KRIC
[03:19:58] [193/459] CTMG
[03:19:59] [194/459] ACNC
[03:20:01] [195/459] DMCK
[03:20:02] [196/459] KMTV
[03:20:03] [197/459] PFCJ
[03:20:03] [198/459] VNMD
[03:20:04] [199/459] VPCZ
[03:20:05] [200/459] SRYR
[03:20:06] 🔄 Identity reset
[03:20:06] 🔄 Identity rotated (every 10 requests)
[03:20:06] [201/459] SYTR
[03:20:07] [202/459] GATR
[03:20:08] [203/459] URTR
[03:20:09] [204/459] MKSM
[03:20:10] [205/459] VSMH
[03:20:11] [206/459] SKRJ
[03:20:13] [207/459] SSJR
[03:20:14] [208/459] SVSM
[03:20:15] [209/459] RUCM
[03:20:16] [210/459] PRKN
[03:20:16] 🔄 Identity reset
[03:20:16] 🔄 Identity rotated (every 10 requests)
[03:20:17] [211/459] RROH
[03:20:17] [212/459] SCTN
[03:20:18] [213/459] RTDM
[03:20:19] [214/459] ASRM
[03:20:20] [215/459] SKMD
[03:20:22] [216/459] SUTD
[03:20:23] [217/459] SADM
[03:20:23] [218/459] WCNR
[03:20:24] [219/459] CNED
[03:20:25] [220/459] MPDB
[03:20:26] 🔄 Identity reset
[03:20:26] 🔄 Identity rotated (every 10 requests)
[03:20:26] [221/459] KTBH
[03:20:27] [222/459] IDRM
[03:20:28] [223/459] PJJT
[03:20:29] [224/459] PFCV
[03:20:30] [225/459] AACT
[03:20:31] [226/459] AAAD
[03:20:31] [227/459] ANES
[03:20:32] [228/459] MNCA
[03:20:33] [229/459] RMGU
[03:20:34] [230/459] DLCN
[03:20:34] 🔄 Identity reset
[03:20:34] 🔄 Identity rotated (every 10 requests)
[03:20:35] [231/459] LJWT
[03:20:36] [232/459] MCBG
[03:20:36] [233/459] MYBG
[03:20:37] [234/459] GCCA
[03:20:38] [235/459] GCGA
[03:20:40] [236/459] ECGN
[03:20:41] [237/459] PRAB
[03:20:42] [238/459] PNMP
[03:20:43] [239/459] GCPT
[03:20:44] [240/459] ROYN
[03:20:45] 🔄 Identity reset
[03:20:45] 🔄 Identity rotated (every 10 requests)
[03:20:45] [241/459] VATM
[03:20:46] [242/459] KSNT
[03:20:47] [243/459] ACTC
[03:20:48] [244/459] PLTD
[03:20:49] [245/459] SKMK
[03:20:50] [246/459] CMTT
[03:20:51] [247/459] SMXP
[03:20:51] [248/459] SCMX
[03:20:52] [249/459] ACXN
[03:20:53] [250/459] ASWT
[03:20:54] 🔄 Identity reset
[03:20:54] 🔄 Identity rotated (every 10 requests)
[03:20:55] [251/459] VVVL
[03:20:56] [252/459] NAGO
[03:20:56] [253/459] SNCN
[03:20:57] [254/459] MCKP
[03:20:58] [255/459] SAMO
[03:20:59] [256/459] JBTV
[03:21:00] [257/459] DCVV
[03:21:01] [258/459] KMSV
[03:21:02] [259/459] KDCN
[03:21:03] [260/459] CNCP
[03:21:03] 🔄 Identity reset
[03:21:03] 🔄 Identity rotated (every 10 requests)
[03:21:03] [261/459] HAMC
[03:21:04] [262/459] CCVZ
[03:21:05] [263/459] NCCK
[03:21:05] [264/459] MCHR
[03:21:06] [265/459] SCHT
[03:21:07] [266/459] ESSH
[03:21:08] [267/459] CUJC
[03:21:09] [268/459] PECP
[03:21:11] [269/459] PMMI
[03:21:12] [270/459] PCCH
[03:21:12] 🔄 Identity reset
[03:21:12] 🔄 Identity rotated (every 10 requests)
[03:21:13] [271/459] PRPM
[03:21:13] [272/459] PVKL
[03:21:14] [273/459] CBSM
[03:21:15] [274/459] PVCZ
[03:21:16] [275/459] PCVV
[03:21:17] [276/459] CTMJ
[03:21:18] [277/459] RCPS
[03:21:19] [278/459] PCIT
[03:21:20] [279/459] FNCH
[03:21:21] [280/459] INZD
[03:21:21] 🔄 Identity reset
[03:21:21] 🔄 Identity rotated (every 10 requests)
[03:21:21] [281/459] INPC
[03:21:22] [282/459] LCZP
[03:21:23] [283/459] SMCB
[03:21:24] [284/459] PTSB
[03:21:25] [285/459] TPSI
[03:21:27] [286/459] KHMJ
[03:21:28] [287/459] RCCJ
[03:21:28] [288/459] NCJA
[03:21:29] [289/459] NCJN
[03:21:30] [290/459] BTDP
[03:21:30] 🔄 Identity reset
[03:21:30] 🔄 Identity rotated (every 10 requests)
[03:21:31] [291/459] PADY
[03:21:32] [292/459] NYBH
[03:21:32] [293/459] MTBR
[03:21:33] [294/459] KRBC
[03:21:34] [295/459] DKTI
[03:21:35] [296/459] ANAN
[03:21:36] [297/459] INBP
[03:21:37] [298/459] PATB
[03:21:38] [299/459] RGNT
[03:21:39] [300/459] CGPM
[03:21:39] 🔄 Identity reset
[03:21:39] 🔄 Identity rotated (every 10 requests)
[03:21:40] [301/459] INTN
[03:21:41] [302/459] MCMP
[03:21:42] [303/459] ASRG
[03:21:43] [304/459] CXJD
[03:21:44] [305/459] SPCP
[03:21:45] [306/459] CSTP
[03:21:46] [307/459] PKVC
[03:21:47] [308/459] ESCP
[03:21:47] [309/459] CAEP
[03:21:48] [310/459] CCSP
[03:21:49] 🔄 Identity reset
[03:21:49] 🔄 Identity rotated (every 10 requests)
[03:21:49] [311/459] KTPC
[03:21:50] [312/459] DACA
[03:21:51] [313/459] NVKY
[03:21:52] [314/459] PTIN
[03:21:53] [315/459] SCIN
[03:21:54] [316/459] MCTY
[03:21:55] [317/459] PCMX
[03:21:56] [318/459] INIC
[03:21:57] [319/459] MMZM
[03:21:58] [320/459] SSLP
[03:21:58] 🔄 Identity reset
[03:21:58] 🔄 Identity rotated (every 10 requests)
[03:21:59] [321/459] DTDT
[03:22:00] [322/459] FFCX
[03:22:01] [323/459] RCMM
[03:22:02] [324/459] KYID
[03:22:03] [325/459] CSCI
[03:22:03] [326/459] FCMC
[03:22:04] [327/459] MMXI
[03:22:05] [328/459] ASTC
[03:22:06] [329/459] CMRA
[03:22:07] [330/459] DICI
[03:22:08] 🔄 Identity reset
[03:22:08] 🔄 Identity rotated (every 10 requests)
[03:22:08] [331/459] KDIN
[03:22:09] [332/459] PRFI
[03:22:10] [333/459] SVFC
[03:22:11] [334/459] UCPL
[03:22:12] [335/459] COOC
[03:22:13] [336/459] SCAL
[03:22:14] [337/459] SVFF
[03:22:14] [338/459] VCMG
[03:22:15] [339/459] UUCT
[03:22:16] [340/459] GCSE
[03:22:17] 🔄 Identity reset
[03:22:17] 🔄 Identity rotated (every 10 requests)
[03:22:17] [341/459] SUSC
[03:22:18] [342/459] MISC
[03:22:19] [343/459] RMBL
[03:22:19] [344/459] CMXN
[03:22:20] [345/459] PVBK
[03:22:21] [346/459] HHCG
[03:22:22] [347/459] SCAG
[03:22:23] [348/459] CNPR
[03:22:25] [349/459] CSER
[03:22:26] [350/459] HLWD
[03:22:26] 🔄 Identity reset
[03:22:26] 🔄 Identity rotated (every 10 requests)
[03:22:27] [351/459] BOLY
[03:22:28] [352/459] SSPG
[03:22:28] [353/459] MUPX
[03:22:29] [354/459] HAMR
[03:22:31] [355/459] SDNC
[03:22:32] [356/459] RTEN
[03:22:33] [357/459] SDTD
[03:22:33] [358/459] KAWS
[03:22:34] [359/459] CMZX
[03:22:35] [360/459] DCDD
[03:22:36] 🔄 Identity reset
[03:22:36] 🔄 Identity rotated (every 10 requests)
[03:22:36] [361/459] ALSN
[03:22:38] [362/459] IMXS
[03:22:39] [363/459] PVFF
[03:22:40] [364/459] PVOO
[03:22:40] [365/459] CFBS
[03:22:41] [366/459] PVER
[03:22:42] [367/459] PPNX
[03:22:43] [368/459] CNRM
[03:22:44] [369/459] PVWW
[03:22:45] [370/459] INMB
[03:22:45] 🔄 Identity reset
[03:22:45] 🔄 Identity rotated (every 10 requests)
[03:22:46] [371/459] CPJR
[03:22:46] [372/459] INRZ
[03:22:47] [373/459] PMSR
[03:22:48] [374/459] GPGM
[03:22:49] [375/459] PGWB
[03:22:50] [376/459] PMBR
[03:22:51] [377/459] GPAM
[03:22:51] [378/459] INBC
[03:22:52] [379/459] PZVK
[03:22:53] [380/459] CPEB
[03:22:54] 🔄 Identity reset
[03:22:54] 🔄 Identity rotated (every 10 requests)
[03:22:54] [381/459] FMLB
[03:22:56] [382/459] INBG
[03:22:57] [383/459] GPBR
[03:22:58] [384/459] PAAS
[03:22:59] [385/459] VTBR
[03:22:59] [386/459] GPMY
[03:23:00] [387/459] GYBU
[03:23:01] [388/459] INBJ
[03:23:02] [389/459] LKTH
[03:23:03] [390/459] NSBR
[03:23:03] 🔄 Identity reset
[03:23:03] 🔄 Identity rotated (every 10 requests)
[03:23:04] [391/459] PDRD
[03:23:04] [392/459] VRBL
[03:23:05] [393/459] VTGB
[03:23:06] [394/459] VTSK
[03:23:07] [395/459] BKDV
[03:23:08] [396/459] SVTB
[03:23:09] [397/459] MLDT
[03:23:10] [398/459] NRBL
[03:23:11] [399/459] SLTR
[03:23:12] [400/459] VNKA
[03:23:12] 🔄 Identity reset
[03:23:12] 🔄 Identity rotated (every 10 requests)
[03:23:13] [401/459] TDCA
[03:23:13] [402/459] INBM
[03:23:15] [403/459] SSNR
[03:23:16] [404/459] BHAC
[03:23:17] [405/459] SDSD
[03:23:18] [406/459] SAMP
[03:23:20] [407/459] RATK
[03:23:21] [408/459] KCBI
[03:23:22] [409/459] URBL
[03:23:23] [410/459] MKBG
[03:23:23] 🔄 Identity reset
[03:23:23] 🔄 Identity rotated (every 10 requests)
[03:23:24] [411/459] ASTB
[03:23:25] [412/459] VBWT
[03:23:25] [413/459] GPSM
[03:23:26] [414/459] ROON
[03:23:28] [415/459] CHTH
[03:23:28] [416/459] SSPA
[03:23:29] [417/459] ANBL
[03:23:30] [418/459] VTBE
[03:23:31] [419/459] SVKT
[03:23:32] [420/459] SVYK
[03:23:33] 🔄 Identity reset
[03:23:33] 🔄 Identity rotated (every 10 requests)
[03:23:33] [421/459] PTBK
[03:23:34] [422/459] RKTB
[03:23:35] [423/459] BALT
[03:23:36] [424/459] STSV
[03:23:37] [425/459] VCCB
[03:23:39] [426/459] SLTB
[03:23:39] [427/459] SBCR
[03:23:40] [428/459] VDCS
[03:23:41] [429/459] MDKI
[03:23:42] [430/459] SMRN
[03:23:43] 🔄 Identity reset
[03:23:43] 🔄 Identity rotated (every 10 requests)
[03:23:44] [431/459] PTBC
[03:23:45] [432/459] RADI
[03:23:45] [433/459] ADCR
[03:23:46] [434/459] SDCS
[03:23:47] [435/459] SRPJ
[03:23:49] [436/459] ARTS
[03:23:50] [437/459] SRHK
[03:23:51] [438/459] SPAY
[03:23:52] [439/459] GPTB
[03:23:53] [440/459] SNNN
[03:23:53] 🔄 Identity reset
[03:23:53] 🔄 Identity rotated (every 10 requests)
[03:23:54] [441/459] BALJ
[03:23:55] [442/459] TRIG
[03:23:55] [443/459] GTYT
[03:23:56] [444/459] ATGN
[03:23:57] [445/459] ANTE
[03:23:58] [446/459] BDCG
[03:23:59] [447/459] VECI
[03:23:59] [448/459] SCPR
[03:24:00] [449/459] RTEA
[03:24:02] [450/459] JSAI
[03:24:02] 🔄 Identity reset
[03:24:02] 🔄 Identity rotated (every 10 requests)
[03:24:02] [451/459] VJTP
[03:24:03] [452/459] GNDS
[03:24:04] [453/459] PAXA
[03:24:05] [454/459] CGGM
[03:24:06] [455/459] ACKZ
[03:24:07] [456/459] EMCC
[03:24:08] [457/459] KLSK
[03:24:09] [458/459] AVCK
[03:24:10] [459/459] JTCK
[03:24:11] ✅ DONE | Shows=0 | Movies=0
[04:12:52] 🚀 BMS DAILY TRACKER STARTED (enhanced anti‑detection)
[04:12:52] [1/459] NECA
[04:12:53] 🧠 New identity created
[04:12:54] [2/459] BJLC
[04:12:55] [3/459] BASU
[04:12:56] [4/459] RUPI
[04:12:57] [5/459] LCBK
[04:12:58] [6/459] PMAC
[04:12:59] [7/459] AMLC
[04:13:00] [8/459] LICL
[04:13:01] [9/459] UDMM
[04:13:02] [10/459] STBZ
[04:13:02] 🔄 Identity reset
[04:13:03] 🔄 Identity rotated (every 10 requests)
[04:13:03] [11/459] UUBT
[04:13:04] [12/459] SJKC
[04:13:05] [13/459] TUAL
[04:13:06] [14/459] MRSE
[04:13:07] [15/459] RMRK
[04:13:08] [16/459] TTKP
[04:13:08] [17/459] KTKO
[04:13:09] [18/459] SDBK
[04:13:10] [19/459] MCPR
[04:13:12] [20/459] CHTI
[04:13:13] 🔄 Identity reset
[04:13:13] 🔄 Identity rotated (every 10 requests)
[04:13:13] [21/459] GCCP
[04:13:14] [22/459] SRMY
[04:13:15] [23/459] NYST
[04:13:16] [24/459] NYAG
[04:13:17] [25/459] SBMT
[04:13:18] [26/459] INGA
[04:13:19] [27/459] WSIC
[04:13:20] [28/459] SCSS
[04:13:21] [29/459] COPG
[04:13:21] [30/459] RCGR
[04:13:22] 🔄 Identity reset
[04:13:22] 🔄 Identity rotated (every 10 requests)
[04:13:22] [31/459] TCZA
[04:13:23] [32/459] CNLP
[04:13:25] [33/459] CLKN
[04:13:26] [34/459] LHDF
[04:13:27] [35/459] ELKC
[04:13:28] [36/459] VCEM
[04:13:29] [37/459] SSZA
[04:13:30] [38/459] KRMT
[04:13:31] [39/459] LCMV
[04:13:32] [40/459] AYCZ
[04:13:33] 🔄 Identity reset
[04:13:33] 🔄 Identity rotated (every 10 requests)
[04:13:33] [41/459] CUMS
[04:13:34] [42/459] BOCK
[04:13:35] [43/459] PNMR
[04:13:36] [44/459] PJCP
[04:13:37] [45/459] JDDD
[04:13:38] [46/459] STMS
[04:13:39] [47/459] FLMB
[04:13:41] [48/459] PKCM
[04:13:42] [49/459] SPPR
[04:13:43] [50/459] EYLH
[04:13:43] 🔄 Identity reset
[04:13:44] 🔄 Identity rotated (every 10 requests)
[04:13:44] [51/459] RJCC
[04:13:45] [52/459] MMPS
[04:13:46] [53/459] SHMX
[04:13:47] [54/459] CCNL
[04:13:49] [55/459] RCNV
[04:13:49] [56/459] MAAG
[04:13:50] [57/459] LXCM
[04:13:51] [58/459] RCNI
[04:13:52] [59/459] SNNI
[04:13:53] [60/459] LALC
[04:13:53] 🔄 Identity reset
[04:13:53] 🔄 Identity rotated (every 10 requests)
[04:13:55] [61/459] SOCN
[04:13:56] [62/459] JHTP
[04:13:56] [63/459] PITP
[04:13:57] [64/459] CCKW
[04:13:59] [65/459] MCMC
[04:14:00] [66/459] DEES
[04:14:01] [67/459] SABT
[04:14:02] [68/459] VSPP
[04:14:03] [69/459] ABCT
[04:14:04] [70/459] JVTB
[04:14:05] 🔄 Identity reset
[04:14:05] 🔄 Identity rotated (every 10 requests)
[04:14:05] [71/459] VCBD
[04:14:06] [72/459] RMGG
[04:14:08] [73/459] RNMH
[04:14:09] [74/459] SPGL
[04:14:10] [75/459] JTTR
[04:14:11] [76/459] SICS
[04:14:12] [77/459] SRMI
[04:14:13] [78/459] SSIJ
[04:14:14] [79/459] KFMT
[04:14:15] [80/459] VBIT
[04:14:15] 🔄 Identity reset
[04:14:15] 🔄 Identity rotated (every 10 requests)
[04:14:16] [81/459] JKCT
[04:14:17] [82/459] GCGP
[04:14:18] [83/459] GDCS
[04:14:19] [84/459] TRBA
[04:14:21] [85/459] QUST
[04:14:22] [86/459] VSHM
[04:14:23] [87/459] SDCP
[04:14:24] [88/459] SNVS
[04:14:25] [89/459] NYTO
[04:14:26] [90/459] URWC
[04:14:26] 🔄 Identity reset
[04:14:26] 🔄 Identity rotated (every 10 requests)
[04:14:27] [91/459] GTWH
[04:14:28] [92/459] PFCM
[04:14:28] [93/459] KRTA
[04:14:29] [94/459] AXMC
[04:14:30] [95/459] EVMC
[04:14:31] [96/459] HGSM
[04:14:32] [97/459] ACVM
[04:14:33] [98/459] PSKL
[04:14:34] [99/459] RDMP
[04:14:35] [100/459] RHGH
[04:14:36] 🔄 Identity reset
[04:14:36] 🔄 Identity rotated (every 10 requests)
[04:14:36] [101/459] OMCM
[04:14:37] [102/459] DCCP
[04:14:38] [103/459] MCPB
[04:14:39] [104/459] ALCI
[04:14:40] [105/459] BLMX
[04:14:41] [106/459] BTMV
[04:14:42] [107/459] FVPN
[04:14:43] [108/459] CMAR
[04:14:43] [109/459] CEIM
[04:14:44] [110/459] CMVA
[04:14:45] 🔄 Identity reset
[04:14:45] 🔄 Identity rotated (every 10 requests)
[04:14:45] [111/459] CPIV
[04:14:46] [112/459] CNPE
[04:14:47] [113/459] COLV
[04:14:48] [114/459] DNNV
[04:14:49] [115/459] HCAD
[04:14:50] [116/459] TAKA
[04:14:51] [117/459] INVD
[04:14:52] [118/459] IRMM
[04:14:53] [119/459] INSE
[04:14:54] [120/459] MRSW
[04:14:54] 🔄 Identity reset
[04:14:54] 🔄 Identity rotated (every 10 requests)
[04:14:56] [121/459] MCVD
[04:14:57] [122/459] MCSO
[04:14:59] [123/459] PEVM
[04:14:59] [124/459] PVNL
[04:15:00] [125/459] PTCV
[04:15:02] [126/459] PRTC
[04:15:02] [127/459] RCVA
[04:15:03] [128/459] MTBN
[04:15:04] [129/459] LUCP
[04:15:05] [130/459] FMPT
[04:15:06] 🔄 Identity reset
[04:15:06] 🔄 Identity rotated (every 10 requests)
[04:15:06] [131/459] JLSL
[04:15:07] [132/459] SBHA
[04:15:08] [133/459] SHRC
[04:15:09] [134/459] AVPS
[04:15:11] [135/459] STPM
[04:15:12] [136/459] ATRD
[04:15:13] [137/459] VTED
[04:15:14] [138/459] ACAI
[04:15:14] [139/459] SMAE
[04:15:15] [140/459] VMAT
[04:15:16] 🔄 Identity reset
[04:15:16] 🔄 Identity rotated (every 10 requests)
[04:15:16] [141/459] LKCT
[04:15:17] [142/459] JTVK
[04:15:18] [143/459] PRTY
[04:15:19] [144/459] GETT
[04:15:21] [145/459] ESAP
[04:15:22] [146/459] NCPM
[04:15:23] [147/459] PCPA
[04:15:24] [148/459] MMOM
[04:15:25] [149/459] PHUP
[04:15:26] [150/459] CCPI
[04:15:27] 🔄 Identity reset
[04:15:27] 🔄 Identity rotated (every 10 requests)
[04:15:27] [151/459] CNTD
[04:15:28] [152/459] NLJR
[04:15:29] [153/459] SRNG
[04:15:31] [154/459] MHAL
[04:15:32] [155/459] PNSM
[04:15:32] [156/459] DRMY
[04:15:33] [157/459] CCMU
[04:15:34] [158/459] SCMY
[04:15:35] [159/459] PVSY
[04:15:36] [160/459] SDLM
[04:15:37] 🔄 Identity reset
[04:15:37] 🔄 Identity rotated (every 10 requests)
[04:15:37] [161/459] ICCM
[04:15:38] [162/459] PYSU
[04:15:39] [163/459] GATM
[04:15:40] [164/459] WOTM
[04:15:41] [165/459] RKTS
[04:15:43] [166/459] PMTY
[04:15:43] [167/459] LYMS
[04:15:44] [168/459] TGCA
[04:15:45] [169/459] DSTA
[04:15:46] [170/459] CNGE
[04:15:46] 🔄 Identity reset
[04:15:46] 🔄 Identity rotated (every 10 requests)
[04:15:47] [171/459] VSTG
[04:15:48] [172/459] GTCK
[04:15:49] [173/459] TGNT
[04:15:50] [174/459] ASLC
[04:15:51] [175/459] SSST
[04:15:53] [176/459] KBTT
[04:15:55] [177/459] HKCP
[04:15:56] [178/459] SWLC
[04:15:56] [179/459] RTND
[04:15:58] [180/459] PKKT
[04:15:59] 🔄 Identity reset
[04:15:59] 🔄 Identity rotated (every 10 requests)
[04:15:59] [181/459] HSTK
[04:16:00] [182/459] SPTT
[04:16:01] [183/459] IMPM
[04:16:02] [184/459] SCMV
[04:16:03] [185/459] SPCT
[04:16:03] [186/459] JBCA
[04:16:04] [187/459] ATTR
[04:16:05] [188/459] SPMT
[04:16:06] [189/459] LCTM
[04:16:07] [190/459] SCVL
[04:16:08] 🔄 Identity reset
[04:16:08] 🔄 Identity rotated (every 10 requests)
[04:16:08] [191/459] SCVT
[04:16:10] [192/459] KRIC
[04:16:11] [193/459] CTMG
[04:16:12] [194/459] ACNC
[04:16:13] [195/459] DMCK
[04:16:14] [196/459] KMTV
[04:16:15] [197/459] PFCJ
[04:16:16] [198/459] VNMD
[04:16:17] [199/459] VPCZ
[04:16:18] [200/459] SRYR
[04:16:18] 🔄 Identity reset
[04:16:18] 🔄 Identity rotated (every 10 requests)
[04:16:19] [201/459] SYTR
[04:16:19] [202/459] GATR
[04:16:21] [203/459] URTR
[04:16:22] [204/459] MKSM
[04:16:22] [205/459] VSMH
[04:16:23] [206/459] SKRJ
[04:16:24] [207/459] SSJR
[04:16:25] [208/459] SVSM
[04:16:27] [209/459] RUCM
[04:16:27] [210/459] PRKN
[04:16:28] 🔄 Identity reset
[04:16:28] 🔄 Identity rotated (every 10 requests)
[04:16:28] [211/459] RROH
[04:16:29] [212/459] SCTN
[04:16:31] [213/459] RTDM
[04:16:31] [214/459] ASRM
[04:16:32] [215/459] SKMD
[04:16:33] [216/459] SUTD
[04:16:34] [217/459] SADM
[04:16:35] [218/459] WCNR
[04:16:36] [219/459] CNED
[04:16:37] [220/459] MPDB
[04:16:38] 🔄 Identity reset
[04:16:38] 🔄 Identity rotated (every 10 requests)
[04:16:38] [221/459] KTBH
[04:16:39] [222/459] IDRM
[04:16:40] [223/459] PJJT
[04:16:41] [224/459] PFCV
[04:16:42] [225/459] AACT
[04:16:43] [226/459] AAAD
[04:16:44] [227/459] ANES
[04:16:45] [228/459] MNCA
[04:16:47] [229/459] RMGU
[04:16:48] [230/459] DLCN
[04:16:48] 🔄 Identity reset
[04:16:48] 🔄 Identity rotated (every 10 requests)
[04:16:49] [231/459] LJWT
[04:16:50] [232/459] MCBG
[04:16:50] [233/459] MYBG
[04:16:51] [234/459] GCCA
[04:16:52] [235/459] GCGA
[04:16:53] [236/459] ECGN
[04:16:54] [237/459] PRAB
[04:16:55] [238/459] PNMP
[04:16:56] [239/459] GCPT
[04:16:57] [240/459] ROYN
[04:16:58] 🔄 Identity reset
[04:16:58] 🔄 Identity rotated (every 10 requests)
[04:16:59] [241/459] VATM
[04:17:00] [242/459] KSNT
[04:17:01] [243/459] ACTC
[04:17:02] [244/459] PLTD
[04:17:03] [245/459] SKMK
[04:17:04] [246/459] CMTT
[04:17:05] [247/459] SMXP
[04:17:06] [248/459] SCMX
[04:17:07] [249/459] ACXN
[04:17:08] [250/459] ASWT
[04:17:08] 🔄 Identity reset
[04:17:08] 🔄 Identity rotated (every 10 requests)
[04:17:10] [251/459] VVVL
[04:17:11] [252/459] NAGO
[04:17:11] [253/459] SNCN
[04:17:13] [254/459] MCKP
[04:17:14] [255/459] SAMO
[04:17:15] [256/459] JBTV
[04:17:16] [257/459] DCVV
[04:17:17] [258/459] KMSV
[04:17:18] [259/459] KDCN
[04:17:19] [260/459] CNCP
[04:17:19] 🔄 Identity reset
[04:17:19] 🔄 Identity rotated (every 10 requests)
[04:17:20] [261/459] HAMC
[04:17:21] [262/459] CCVZ
[04:17:22] [263/459] NCCK
[04:17:22] [264/459] MCHR
[04:17:24] [265/459] SCHT
[04:17:25] [266/459] ESSH
[04:17:26] [267/459] CUJC
[04:17:28] [268/459] PECP
[04:17:30] [269/459] PMMI
[04:17:31] [270/459] PCCH
[04:17:31] 🔄 Identity reset
[04:17:31] 🔄 Identity rotated (every 10 requests)
[04:17:32] [271/459] PRPM
[04:17:33] [272/459] PVKL
[04:17:33] [273/459] CBSM
[04:17:34] [274/459] PVCZ
[04:17:35] [275/459] PCVV
[04:17:36] [276/459] CTMJ
[04:17:37] [277/459] RCPS
[04:17:39] [278/459] PCIT
[04:17:40] [279/459] FNCH
[04:17:40] [280/459] INZD
[04:17:41] 🔄 Identity reset
[04:17:41] 🔄 Identity rotated (every 10 requests)
[04:17:41] [281/459] INPC
[04:17:42] [282/459] LCZP
[04:17:43] [283/459] SMCB
[04:17:44] [284/459] PTSB
[04:17:45] [285/459] TPSI
[04:17:46] [286/459] KHMJ
[04:17:47] [287/459] RCCJ
[04:17:48] [288/459] NCJA
[04:17:49] [289/459] NCJN
[04:17:49] [290/459] BTDP
[04:17:50] 🔄 Identity reset
[04:17:50] 🔄 Identity rotated (every 10 requests)
[04:17:51] [291/459] PADY
[04:17:52] [292/459] NYBH
[04:17:53] [293/459] MTBR
[04:17:54] [294/459] KRBC
[04:17:55] [295/459] DKTI
[04:17:56] [296/459] ANAN
[04:17:57] [297/459] INBP
[04:17:58] [298/459] PATB
[04:17:59] [299/459] RGNT
[04:18:00] [300/459] CGPM
[04:18:00] 🔄 Identity reset
[04:18:00] 🔄 Identity rotated (every 10 requests)
[04:18:01] [301/459] INTN
[04:18:02] [302/459] MCMP
[04:18:03] [303/459] ASRG
[04:18:04] [304/459] CXJD
[04:18:05] [305/459] SPCP
[04:18:06] [306/459] CSTP
[04:18:07] [307/459] PKVC
[04:18:08] [308/459] ESCP
[04:18:09] [309/459] CAEP
[04:18:10] [310/459] CCSP
[04:18:10] 🔄 Identity reset
[04:18:10] 🔄 Identity rotated (every 10 requests)
[04:18:11] [311/459] KTPC
[04:18:11] [312/459] DACA
[04:18:12] [313/459] NVKY
[04:18:13] [314/459] PTIN
[04:18:14] [315/459] SCIN
[04:18:15] [316/459] MCTY
[04:18:16] [317/459] PCMX
[04:18:17] [318/459] INIC
[04:18:18] [319/459] MMZM
[04:18:19] [320/459] SSLP
[04:18:19] 🔄 Identity reset
[04:18:19] 🔄 Identity rotated (every 10 requests)
[04:18:20] [321/459] DTDT
[04:18:20] [322/459] FFCX
[04:18:21] [323/459] RCMM
[04:18:22] [324/459] KYID
[04:18:23] [325/459] CSCI
[04:18:24] [326/459] FCMC
[04:18:25] [327/459] MMXI
[04:18:26] [328/459] ASTC
[04:18:27] [329/459] CMRA
[04:18:28] [330/459] DICI
[04:18:28] 🔄 Identity reset
[04:18:28] 🔄 Identity rotated (every 10 requests)
[04:18:29] [331/459] KDIN
[04:18:30] [332/459] PRFI
[04:18:30] [333/459] SVFC
[04:18:31] [334/459] UCPL
[04:18:32] [335/459] COOC
[04:18:33] [336/459] SCAL
[04:18:35] [337/459] SVFF
[04:18:36] [338/459] VCMG
[04:18:37] [339/459] UUCT
[04:18:38] [340/459] GCSE
[04:18:39] 🔄 Identity reset
[04:18:39] 🔄 Identity rotated (every 10 requests)
[04:18:39] [341/459] SUSC
[04:18:40] [342/459] MISC
[04:18:41] [343/459] RMBL
[04:18:42] [344/459] CMXN
[04:18:43] [345/459] PVBK
[04:18:43] [346/459] HHCG
[04:18:44] [347/459] SCAG
[04:18:45] [348/459] CNPR
[04:18:46] [349/459] CSER
[04:18:47] [350/459] HLWD
[04:18:48] 🔄 Identity reset
[04:18:48] 🔄 Identity rotated (every 10 requests)
[04:18:48] [351/459] BOLY
[04:18:49] [352/459] SSPG
[04:18:50] [353/459] MUPX
[04:18:51] [354/459] HAMR
[04:18:52] [355/459] SDNC
[04:18:53] [356/459] RTEN
[04:18:54] [357/459] SDTD
[04:18:55] [358/459] KAWS
[04:18:56] [359/459] CMZX
[04:18:57] [360/459] DCDD
[04:18:57] 🔄 Identity reset
[04:18:57] 🔄 Identity rotated (every 10 requests)
[04:18:57] [361/459] ALSN
[04:18:58] [362/459] IMXS
[04:18:59] [363/459] PVFF
[04:19:00] [364/459] PVOO
[04:19:01] [365/459] CFBS
[04:19:02] [366/459] PVER
[04:19:03] [367/459] PPNX
[04:19:04] [368/459] CNRM
[04:19:06] [369/459] PVWW
[04:19:07] [370/459] INMB
[04:19:08] 🔄 Identity reset
[04:19:08] 🔄 Identity rotated (every 10 requests)
[04:19:08] [371/459] CPJR
[04:19:09] [372/459] INRZ
[04:19:10] [373/459] PMSR
[04:19:10] [374/459] GPGM
[04:19:11] [375/459] PGWB
[04:19:12] [376/459] PMBR
[04:19:13] [377/459] GPAM
[04:19:14] [378/459] INBC
[04:19:15] [379/459] PZVK
[04:19:16] [380/459] CPEB
[04:19:16] 🔄 Identity reset
[04:19:16] 🔄 Identity rotated (every 10 requests)
[04:19:17] [381/459] FMLB
[04:19:18] [382/459] INBG
[04:19:18] [383/459] GPBR
[04:19:19] [384/459] PAAS
[04:19:21] [385/459] VTBR
[04:19:22] [386/459] GPMY
[04:19:23] [387/459] GYBU
[04:19:24] [388/459] INBJ
[04:19:25] [389/459] LKTH
[04:19:25] [390/459] NSBR
[04:19:26] 🔄 Identity reset
[04:19:26] 🔄 Identity rotated (every 10 requests)
[04:19:26] [391/459] PDRD
[04:19:27] [392/459] VRBL
[04:19:28] [393/459] VTGB
[04:19:29] [394/459] VTSK
[04:19:30] [395/459] BKDV
[04:19:31] [396/459] SVTB
[04:19:32] [397/459] MLDT
[04:19:33] [398/459] NRBL
[04:19:34] [399/459] SLTR
[04:19:36] [400/459] VNKA
[04:19:37] 🔄 Identity reset
[04:19:37] 🔄 Identity rotated (every 10 requests)
[04:19:37] [401/459] TDCA
[04:19:38] [402/459] INBM
[04:19:39] [403/459] SSNR
[04:19:40] [404/459] BHAC
[04:19:42] [405/459] SDSD
[04:19:44] [406/459] SAMP
[04:19:45] [407/459] RATK
[04:19:45] [408/459] KCBI
[04:19:46] [409/459] URBL
[04:19:47] [410/459] MKBG
[04:19:48] 🔄 Identity reset
[04:19:48] 🔄 Identity rotated (every 10 requests)
[04:19:48] [411/459] ASTB
[04:19:50] [412/459] VBWT
[04:19:51] [413/459] GPSM
[04:19:52] [414/459] ROON
[04:19:53] [415/459] CHTH
[04:19:54] [416/459] SSPA
[04:19:55] [417/459] ANBL
[04:19:56] [418/459] VTBE
[04:19:57] [419/459] SVKT
[04:19:58] [420/459] SVYK
[04:19:58] 🔄 Identity reset
[04:19:58] 🔄 Identity rotated (every 10 requests)
[04:19:59] [421/459] PTBK
[04:19:59] [422/459] RKTB
[04:20:00] [423/459] BALT
[04:20:01] [424/459] STSV
[04:20:02] [425/459] VCCB
[04:20:03] [426/459] SLTB
[04:20:04] [427/459] SBCR
[04:20:05] [428/459] VDCS
[04:20:06] [429/459] MDKI
[04:20:07] [430/459] SMRN
[04:20:07] 🔄 Identity reset
[04:20:07] 🔄 Identity rotated (every 10 requests)
[04:20:08] [431/459] PTBC
[04:20:08] [432/459] RADI
[04:20:09] [433/459] ADCR
[04:20:10] [434/459] SDCS
[04:20:11] [435/459] SRPJ
[04:20:12] [436/459] ARTS
[04:20:13] [437/459] SRHK
[04:20:14] [438/459] SPAY
[04:20:15] [439/459] GPTB
[04:20:16] [440/459] SNNN
[04:20:16] 🔄 Identity reset
[04:20:16] 🔄 Identity rotated (every 10 requests)
[04:20:17] [441/459] BALJ
[04:20:18] [442/459] TRIG
[04:20:18] [443/459] GTYT
[04:20:19] [444/459] ATGN
[04:20:21] [445/459] ANTE
[04:20:21] [446/459] BDCG
[04:20:23] [447/459] VECI
[04:20:24] [448/459] SCPR
[04:20:25] [449/459] RTEA
[04:20:26] [450/459] JSAI
[04:20:27] 🔄 Identity reset
[04:20:27] 🔄 Identity rotated (every 10 requests)
[04:20:27] [451/459] VJTP
[04:20:28] [452/459] GNDS
[04:20:29] [453/459] PAXA
[04:20:30] [454/459] CGGM
[04:20:31] [455/459] ACKZ
[04:20:32] [456/459] EMCC
[04:20:33] [457/459] KLSK
[04:20:33] [458/459] AVCK
[04:20:34] [459/459] JTCK
[04:20:35] ✅ DONE | Shows=0 | Movies=0
