[00:16:56] 🚀 BMS DAILY TRACKER STARTED (enhanced anti‑detection)
[00:16:56] [1/326] BSAT
[00:16:57] 🧠 New identity created
[00:16:57] [2/326] RSSM
[00:16:58] [3/326] GCTA
[00:16:59] [4/326] TOPN
[00:17:00] [5/326] MCUS
[00:17:01] [6/326] SHRL
[00:17:02] [7/326] UPTP
[00:17:02] [8/326] TMMP
[00:17:03] [9/326] DNRP
[00:17:05] [10/326] SRLT
[00:17:05] 🔄 Identity reset
[00:17:05] 🔄 Identity rotated (every 10 requests)
[00:17:06] [11/326] RCNS
[00:17:06] [12/326] DCBH
[00:17:07] [13/326] NAGJ
[00:17:08] [14/326] JVRC
[00:17:09] [15/326] KRJG
[00:17:10] [16/326] SRTJ
[00:17:11] [17/326] CMXM
[00:17:12] [18/326] STMI
[00:17:13] [19/326] SLST
[00:17:14] [20/326] DTCN
[00:17:14] 🔄 Identity reset
[00:17:14] 🔄 Identity rotated (every 10 requests)
[00:17:14] [21/326] STYN
[00:17:15] [22/326] SZVR
[00:17:16] [23/326] SRKO
[00:17:17] [24/326] JTGT
[00:17:18] [25/326] SVFD
[00:17:19] [26/326] SISD
[00:17:20] [27/326] ABDD
[00:17:21] [28/326] DRCA
[00:17:22] [29/326] AVCS
[00:17:23] [30/326] MVKH
[00:17:23] 🔄 Identity reset
[00:17:23] 🔄 Identity rotated (every 10 requests)
[00:17:24] [31/326] ACPR
[00:17:25] [32/326] STIP
[00:17:25] [33/326] MTRA
[00:17:26] [34/326] RMKH
[00:17:27] [35/326] NKRL
[00:17:28] [36/326] PCWN
[00:17:28] [37/326] BLMT
[00:17:29] [38/326] GDPG
[00:17:30] [39/326] SRMX
[00:17:31] [40/326] JACP
[00:17:31] 🔄 Identity reset
[00:17:32] 🔄 Identity rotated (every 10 requests)
[00:17:32] [41/326] CPSH
[00:17:33] [42/326] MCCD
[00:17:34] [43/326] ECGH
[00:17:35] [44/326] MKCK
[00:17:35] [45/326] SRMM
[00:17:36] [46/326] SKYR
[00:17:37] [47/326] PCKC
[00:17:38] [48/326] JCMA
[00:17:39] [49/326] BSMP
[00:17:40] [50/326] VSPA
[00:17:40] 🔄 Identity reset
[00:17:40] 🔄 Identity rotated (every 10 requests)
[00:17:41] [51/326] DJYA
[00:17:41] [52/326] DIMP
[00:17:42] [53/326] FXDR
[00:17:43] [54/326] SSRC
[00:17:44] [55/326] STHP
[00:17:45] [56/326] CPPD
[00:17:45] [57/326] FCLK
[00:17:46] [58/326] SCPP
[00:17:47] [59/326] DCMJ
[00:17:48] [60/326] RCCR
[00:17:49] 🔄 Identity reset
[00:17:49] 🔄 Identity rotated (every 10 requests)
[00:17:49] [61/326] INMT
[00:17:50] [62/326] LXTK
[00:17:51] [63/326] SRYK
[00:17:53] [64/326] SGDK
[00:17:54] [65/326] PPKA
[00:17:54] [66/326] SPKA
[00:17:55] [67/326] CGHH
[00:17:57] [68/326] DCJN
[00:17:57] [69/326] SRKV
[00:17:58] [70/326] SAJC
[00:17:59] 🔄 Identity reset
[00:17:59] 🔄 Identity rotated (every 10 requests)
[00:17:59] [71/326] SUSR
[00:18:00] [72/326] STYG
[00:18:01] [73/326] NTKP
[00:18:02] [74/326] AKTG
[00:18:03] [75/326] CGCM
[00:18:04] [76/326] TULC
[00:18:05] [77/326] NYYZ
[00:18:06] [78/326] NYBW
[00:18:06] [79/326] MACB
[00:18:07] [80/326] SLVT
[00:18:08] 🔄 Identity reset
[00:18:08] 🔄 Identity rotated (every 10 requests)
[00:18:08] [81/326] SANA
[00:18:09] [82/326] ACMR
[00:18:10] [83/326] CPKN
[00:18:11] [84/326] DLGK
[00:18:12] [85/326] CWCK
[00:18:13] [86/326] FDDH
[00:18:13] [87/326] MMMD
[00:18:14] [88/326] CMEH
[00:18:15] [89/326] GGGV
[00:18:16] [90/326] SPJL
[00:18:17] 🔄 Identity reset
[00:18:17] 🔄 Identity rotated (every 10 requests)
[00:18:17] [91/326] RCCD
[00:18:18] [92/326] STTZ
[00:18:19] [93/326] BTCF
[00:18:20] [94/326] TSTZ
[00:18:20] [95/326] IPMM
[00:18:21] [96/326] PMPW
[00:18:22] [97/326] PCMZ
[00:18:23] [98/326] ESEM
[00:18:24] [99/326] PIPO
[00:18:25] [100/326] MATK
[00:18:25] 🔄 Identity reset
[00:18:25] 🔄 Identity rotated (every 10 requests)
[00:18:26] [101/326] PGHM
[00:18:26] [102/326] CTSR
[00:18:27] [103/326] CYKR
[00:18:29] [104/326] MSCM
[00:18:30] [105/326] RFNP
[00:18:30] [106/326] PDCP
[00:18:31] [107/326] NPSE
[00:18:32] [108/326] MKML
[00:18:32] [109/326] FTDP
[00:18:34] [110/326] MMXA
[00:18:34] 🔄 Identity reset
[00:18:34] 🔄 Identity rotated (every 10 requests)
[00:18:35] [111/326] CEPO
[00:18:36] [112/326] CMVP
[00:18:37] [113/326] SGTH
[00:18:38] [114/326] SAYN
[00:18:38] [115/326] URVS
[00:18:39] [116/326] VJTN
[00:18:41] [117/326] BBYK
[00:18:42] [118/326] SHBO
[00:18:43] [119/326] VCMR
[00:18:44] [120/326] MACT
[00:18:44] 🔄 Identity reset
[00:18:44] 🔄 Identity rotated (every 10 requests)
[00:18:45] [121/326] JMNP
[00:18:46] [122/326] VICS
[00:18:46] [123/326] VCDA
[00:18:47] [124/326] GCMM
[00:18:48] [125/326] INVS
[00:18:49] [126/326] SCGM
[00:18:49] [127/326] PCDA
[00:18:50] [128/326] KDCT
[00:18:52] [129/326] JACS
[00:18:52] [130/326] GMMC
[00:18:53] 🔄 Identity reset
[00:18:53] 🔄 Identity rotated (every 10 requests)
[00:18:53] [131/326] AICM
[00:18:54] [132/326] TJCM
[00:18:55] [133/326] RMTI
[00:18:56] [134/326] SHAC
[00:18:57] [135/326] APJC
[00:18:59] [136/326] GCTG
[00:19:00] [137/326] SSMC
[00:19:00] [138/326] THRM
[00:19:01] [139/326] RBCT
[00:19:02] [140/326] DIKT
[00:19:02] 🔄 Identity reset
[00:19:02] 🔄 Identity rotated (every 10 requests)
[00:19:02] [141/326] MIDL
[00:19:03] [142/326] VCSN
[00:19:04] [143/326] SKTG
[00:19:05] [144/326] SMWC
[00:19:06] [145/326] MNKH
[00:19:07] [146/326] PIAT
[00:19:08] [147/326] LTTP
[00:19:09] [148/326] PTPU
[00:19:09] [149/326] ACMG
[00:19:10] [150/326] SHMM
[00:19:11] 🔄 Identity reset
[00:19:11] 🔄 Identity rotated (every 10 requests)
[00:19:11] [151/326] MCMN
[00:19:12] [152/326] GLDC
[00:19:13] [153/326] HOUT
[00:19:14] [154/326] SVRP
[00:19:15] [155/326] PVDN
[00:19:16] [156/326] SCPY
[00:19:16] [157/326] DTPY
[00:19:17] [158/326] GKCS
[00:19:18] [159/326] NCAM
[00:19:18] [160/326] BSRM
[00:19:19] 🔄 Identity reset
[00:19:19] 🔄 Identity rotated (every 10 requests)
[00:19:19] [161/326] RCLC
[00:19:20] [162/326] SKKD
[00:19:21] [163/326] ACHU
[00:19:22] [164/326] RSCF
[00:19:23] [165/326] IMSH
[00:19:25] [166/326] MACX
[00:19:26] [167/326] HMMW
[00:19:27] [168/326] JTCP
[00:19:28] [169/326] SREN
[00:19:30] [170/326] PJRR
[00:19:30] 🔄 Identity reset
[00:19:30] 🔄 Identity rotated (every 10 requests)
[00:19:31] [171/326] INAC
[00:19:32] [172/326] BMCA
[00:19:33] [173/326] SHCB
[00:19:34] [174/326] GABA
[00:19:34] [175/326] SBCT
[00:19:35] [176/326] GCMA
[00:19:36] [177/326] MYTK
[00:19:37] [178/326] INZS
[00:19:38] [179/326] RMIK
[00:19:39] [180/326] NYCH
[00:19:39] 🔄 Identity reset
[00:19:39] 🔄 Identity rotated (every 10 requests)
[00:19:40] [181/326] RAVE
[00:19:41] [182/326] PSXM
[00:19:42] [183/326] MCGP
[00:19:42] [184/326] PDDK
[00:19:43] [185/326] SPCK
[00:19:44] [186/326] MCRL
[00:19:45] [187/326] MHKT
[00:19:45] [188/326] ANRR
[00:19:46] [189/326] SAPK
[00:19:47] [190/326] NCUK
[00:19:47] 🔄 Identity reset
[00:19:47] 🔄 Identity rotated (every 10 requests)
[00:19:47] [191/326] JUGA
[00:19:48] [192/326] DBSC
[00:19:49] [193/326] LALK
[00:19:50] [194/326] GUCK
[00:19:51] [195/326] STSG
[00:19:53] [196/326] PPPZ
[00:19:53] [197/326] CNCY
[00:19:54] [198/326] MTAR
[00:19:55] [199/326] VNKD
[00:19:56] [200/326] KMAJ
[00:19:56] 🔄 Identity reset
[00:19:56] 🔄 Identity rotated (every 10 requests)
[00:19:57] [201/326] ACXK
[00:19:58] [202/326] UTKC
[00:19:59] [203/326] PBLK
[00:20:00] [204/326] ACBX
[00:20:02] [205/326] PTGM
[00:20:03] [206/326] BTDA
[00:20:04] [207/326] PJMB
[00:20:04] [208/326] TPDA
[00:20:05] [209/326] AMOE
[00:20:06] [210/326] PRHT
[00:20:07] 🔄 Identity reset
[00:20:07] 🔄 Identity rotated (every 10 requests)
[00:20:07] [211/326] PRTA
[00:20:08] [212/326] STAM
[00:20:09] [213/326] MSAA
[00:20:09] [214/326] SDLU
[00:20:10] [215/326] RCHH
[00:20:11] [216/326] KANT
[00:20:12] [217/326] FCRT
[00:20:12] [218/326] DNKM
[00:20:13] [219/326] RYCP
[00:20:14] [220/326] MYRP
[00:20:14] 🔄 Identity reset
[00:20:14] 🔄 Identity rotated (every 10 requests)
[00:20:15] [221/326] PPAK
[00:20:15] [222/326] NVPK
[00:20:17] [223/326] PRMC
[00:20:18] [224/326] JBCS
[00:20:18] [225/326] GXCK
[00:20:19] [226/326] USKO
[00:20:20] [227/326] GTEM
[00:20:20] [228/326] SMBU
[00:20:21] [229/326] VETC
[00:20:22] [230/326] LCDA
[00:20:23] 🔄 Identity reset
[00:20:23] 🔄 Identity rotated (every 10 requests)
[00:20:23] [231/326] MTVT
[00:20:24] [232/326] PYCP
[00:20:25] [233/326] PNSC
[00:20:26] [234/326] PPCC
[00:20:26] [235/326] TGRT
[00:20:27] [236/326] JYOT
[00:20:28] [237/326] SRCZ
[00:20:29] [238/326] SJTE
[00:20:30] [239/326] DESC
[00:20:30] [240/326] JHVN
[00:20:31] 🔄 Identity reset
[00:20:31] 🔄 Identity rotated (every 10 requests)
[00:20:31] [241/326] IPSG
[00:20:32] [242/326] IPCM
[00:20:33] [243/326] PDRS
[00:20:34] [244/326] ANCV
[00:20:35] [245/326] CMVV
[00:20:35] [246/326] SHYP
[00:20:36] [247/326] DNCS
[00:20:37] [248/326] GAJK
[00:20:38] [249/326] AKTN
[00:20:39] [250/326] KAYA
[00:20:39] 🔄 Identity reset
[00:20:39] 🔄 Identity rotated (every 10 requests)
[00:20:40] [251/326] SBRC
[00:20:41] [252/326] CHTP
[00:20:41] [253/326] SHRT
[00:20:42] [254/326] BCKU
[00:20:43] [255/326] FCPS
[00:20:43] [256/326] ARDD
[00:20:44] [257/326] CPCM
[00:20:45] [258/326] CGSM
[00:20:46] [259/326] PSMP
[00:20:46] [260/326] SDAL
[00:20:47] 🔄 Identity reset
[00:20:47] 🔄 Identity rotated (every 10 requests)
[00:20:47] [261/326] RTNB
[00:20:48] [262/326] LMCR
[00:20:49] [263/326] CIMA
[00:20:49] [264/326] RNAS
[00:20:50] [265/326] LITH
[00:20:51] [266/326] PBOX
[00:20:52] [267/326] FRTS
[00:20:52] [268/326] RKIC
[00:20:53] [269/326] PTAI
[00:20:54] [270/326] GCIC
[00:20:54] 🔄 Identity reset
[00:20:55] 🔄 Identity rotated (every 10 requests)
[00:20:56] [271/326] FNAS
[00:20:56] [272/326] SCAR
[00:20:57] [273/326] MTCA
[00:20:58] [274/326] SCTS
[00:20:59] [275/326] SYCS
[00:21:00] [276/326] RDMS
[00:21:01] [277/326] KAMP
[00:21:02] [278/326] ERSD
[00:21:02] [279/326] MJMJ
[00:21:03] [280/326] SRCJ
[00:21:04] 🔄 Identity reset
[00:21:04] 🔄 Identity rotated (every 10 requests)
[00:21:04] [281/326] SCXE
[00:21:05] [282/326] SVFR
[00:21:06] [283/326] BHCS
[00:21:06] [284/326] IMCC
[00:21:07] [285/326] PCBO
[00:21:08] [286/326] PRVN
[00:21:09] [287/326] AUPM
[00:21:10] [288/326] INBW
[00:21:11] [289/326] SVCW
[00:21:11] [290/326] RKCF
[00:21:12] 🔄 Identity reset
[00:21:12] 🔄 Identity rotated (every 10 requests)
[00:21:12] [291/326] UVBH
[00:21:13] [292/326] DNCY
[00:21:14] [293/326] ABCN
[00:21:14] [294/326] PRUR
[00:21:15] [295/326] PFMR
[00:21:16] [296/326] RKCN
[00:21:17] [297/326] CFEA
[00:21:18] [298/326] SDBG
[00:21:19] [299/326] SNAR
[00:21:19] [300/326] YISI
[00:21:20] 🔄 Identity reset
[00:21:20] 🔄 Identity rotated (every 10 requests)
[00:21:20] [301/326] JCFF
[00:21:21] [302/326] VTRK
[00:21:22] [303/326] PCLZ
[00:21:23] [304/326] DIMY
[00:21:24] [305/326] BBTS
[00:21:25] [306/326] GATH
[00:21:25] [307/326] GTMN
[00:21:26] [308/326] VTMH
[00:21:27] [309/326] CCKP
[00:21:28] [310/326] GPKA
[00:21:28] 🔄 Identity reset
[00:21:28] 🔄 Identity rotated (every 10 requests)
[00:21:29] [311/326] MHCL
[00:21:30] [312/326] ATCL
[00:21:30] [313/326] SBCK
[00:21:31] [314/326] AMMR
[00:21:32] [315/326] MADC
[00:21:33] [316/326] TMMA
[00:21:34] [317/326] CACC
[00:21:35] [318/326] CHAL
[00:21:35] [319/326] DURG
[00:21:36] [320/326] GMKU
[00:21:37] 🔄 Identity reset
[00:21:37] 🔄 Identity rotated (every 10 requests)
[00:21:37] [321/326] GECA
[00:21:38] [322/326] KYRR
[00:21:39] [323/326] KSDE
[00:21:40] [324/326] LMCI
[00:21:40] [325/326] NKCP
[00:21:41] [326/326] BGTC
[00:21:42] ✅ DONE | Shows=0 | Movies=0
[02:16:47] 🚀 BMS DAILY TRACKER STARTED (enhanced anti‑detection)
[02:16:47] [1/326] BSAT
[02:16:48] 🧠 New identity created
[02:16:48] [2/326] RSSM
[02:16:49] [3/326] GCTA
[02:16:50] [4/326] TOPN
[02:16:51] [5/326] MCUS
[02:16:52] [6/326] SHRL
[02:16:53] [7/326] UPTP
[02:16:54] [8/326] TMMP
[02:16:55] [9/326] DNRP
[02:16:57] [10/326] SRLT
[02:16:57] 🔄 Identity reset
[02:16:57] 🔄 Identity rotated (every 10 requests)
[02:16:58] [11/326] RCNS
[02:16:59] [12/326] DCBH
[02:17:00] [13/326] NAGJ
[02:17:01] [14/326] JVRC
[02:17:02] [15/326] KRJG
[02:17:03] [16/326] SRTJ
[02:17:04] [17/326] CMXM
[02:17:04] [18/326] STMI
[02:17:06] [19/326] SLST
[02:17:07] [20/326] DTCN
[02:17:08] 🔄 Identity reset
[02:17:08] 🔄 Identity rotated (every 10 requests)
[02:17:08] [21/326] STYN
[02:17:09] [22/326] SZVR
[02:17:10] [23/326] SRKO
[02:17:11] [24/326] JTGT
[02:17:12] [25/326] SVFD
[02:17:13] [26/326] SISD
[02:17:14] [27/326] ABDD
[02:17:15] [28/326] DRCA
[02:17:16] [29/326] AVCS
[02:17:17] [30/326] MVKH
[02:17:17] 🔄 Identity reset
[02:17:18] 🔄 Identity rotated (every 10 requests)
[02:17:18] [31/326] ACPR
[02:17:19] [32/326] STIP
[02:17:21] [33/326] MTRA
[02:17:21] [34/326] RMKH
[02:17:22] [35/326] NKRL
[02:17:23] [36/326] PCWN
[02:17:25] [37/326] BLMT
[02:17:26] [38/326] GDPG
[02:17:27] [39/326] SRMX
[02:17:28] [40/326] JACP
[02:17:29] 🔄 Identity reset
[02:17:29] 🔄 Identity rotated (every 10 requests)
[02:17:29] [41/326] CPSH
[02:17:30] [42/326] MCCD
[02:17:31] [43/326] ECGH
[02:17:32] [44/326] MKCK
[02:17:34] [45/326] SRMM
[02:17:35] [46/326] SKYR
[02:17:36] [47/326] PCKC
[02:17:37] [48/326] JCMA
[02:17:37] [49/326] BSMP
[02:17:38] [50/326] VSPA
[02:17:39] 🔄 Identity reset
[02:17:39] 🔄 Identity rotated (every 10 requests)
[02:17:39] [51/326] DJYA
[02:17:40] [52/326] DIMP
[02:17:41] [53/326] FXDR
[02:17:42] [54/326] SSRC
[02:17:43] [55/326] STHP
[02:17:45] [56/326] CPPD
[02:17:46] [57/326] FCLK
[02:17:47] [58/326] SCPP
[02:17:48] [59/326] DCMJ
[02:17:49] [60/326] RCCR
[02:17:49] 🔄 Identity reset
[02:17:49] 🔄 Identity rotated (every 10 requests)
[02:17:50] [61/326] INMT
[02:17:51] [62/326] LXTK
[02:17:51] [63/326] SRYK
[02:17:52] [64/326] SGDK
[02:17:53] [65/326] PPKA
[02:17:55] [66/326] SPKA
[02:17:56] [67/326] CGHH
[02:17:57] [68/326] DCJN
[02:17:58] [69/326] SRKV
[02:17:59] [70/326] SAJC
[02:17:59] 🔄 Identity reset
[02:17:59] 🔄 Identity rotated (every 10 requests)
[02:17:59] [71/326] SUSR
[02:18:01] [72/326] STYG
[02:18:02] [73/326] NTKP
[02:18:04] [74/326] AKTG
[02:18:05] [75/326] CGCM
[02:18:06] [76/326] TULC
[02:18:07] [77/326] NYYZ
[02:18:08] [78/326] NYBW
[02:18:08] [79/326] MACB
[02:18:09] [80/326] SLVT
[02:18:10] 🔄 Identity reset
[02:18:10] 🔄 Identity rotated (every 10 requests)
[02:18:10] [81/326] SANA
[02:18:12] [82/326] ACMR
[02:18:13] [83/326] CPKN
[02:18:14] [84/326] DLGK
[02:18:15] [85/326] CWCK
[02:18:16] [86/326] FDDH
[02:18:17] [87/326] MMMD
[02:18:18] [88/326] CMEH
[02:18:19] [89/326] GGGV
[02:18:20] [90/326] SPJL
[02:18:20] 🔄 Identity reset
[02:18:20] 🔄 Identity rotated (every 10 requests)
[02:18:21] [91/326] RCCD
[02:18:22] [92/326] STTZ
[02:18:23] [93/326] BTCF
[02:18:24] [94/326] TSTZ
[02:18:25] [95/326] IPMM
[02:18:25] [96/326] PMPW
[02:18:26] [97/326] PCMZ
[02:18:27] [98/326] ESEM
[02:18:28] [99/326] PIPO
[02:18:29] [100/326] MATK
[02:18:29] 🔄 Identity reset
[02:18:29] 🔄 Identity rotated (every 10 requests)
[02:18:31] [101/326] PGHM
[02:18:32] [102/326] CTSR
[02:18:34] [103/326] CYKR
[02:18:35] [104/326] MSCM
[02:18:36] [105/326] RFNP
[02:18:37] [106/326] PDCP
[02:18:38] [107/326] NPSE
[02:18:39] [108/326] MKML
[02:18:40] [109/326] FTDP
[02:18:41] [110/326] MMXA
[02:18:42] 🔄 Identity reset
[02:18:42] 🔄 Identity rotated (every 10 requests)
[02:18:42] [111/326] CEPO
[02:18:43] [112/326] CMVP
[02:18:44] [113/326] SGTH
[02:18:45] [114/326] SAYN
[02:18:45] [115/326] URVS
[02:18:46] [116/326] VJTN
[02:18:47] [117/326] BBYK
[02:18:49] [118/326] SHBO
[02:18:50] [119/326] VCMR
[02:18:51] [120/326] MACT
[02:18:51] 🔄 Identity reset
[02:18:51] 🔄 Identity rotated (every 10 requests)
[02:18:52] [121/326] JMNP
[02:18:53] [122/326] VICS
[02:18:54] [123/326] VCDA
[02:18:55] [124/326] GCMM
[02:18:56] [125/326] INVS
[02:18:57] [126/326] SCGM
[02:18:58] [127/326] PCDA
[02:18:59] [128/326] KDCT
[02:19:00] [129/326] JACS
[02:19:01] [130/326] GMMC
[02:19:02] 🔄 Identity reset
[02:19:02] 🔄 Identity rotated (every 10 requests)
[02:19:02] [131/326] AICM
[02:19:03] [132/326] TJCM
[02:19:04] [133/326] RMTI
[02:19:05] [134/326] SHAC
[02:19:07] [135/326] APJC
[02:19:07] [136/326] GCTG
[02:19:08] [137/326] SSMC
[02:19:09] [138/326] THRM
[02:19:10] [139/326] RBCT
[02:19:11] [140/326] DIKT
[02:19:12] 🔄 Identity reset
[02:19:12] 🔄 Identity rotated (every 10 requests)
[02:19:13] [141/326] MIDL
[02:19:14] [142/326] VCSN
[02:19:15] [143/326] SKTG
[02:19:16] [144/326] SMWC
[02:19:17] [145/326] MNKH
[02:19:18] [146/326] PIAT
[02:19:19] [147/326] LTTP
[02:19:20] [148/326] PTPU
[02:19:21] [149/326] ACMG
[02:19:22] [150/326] SHMM
[02:19:22] 🔄 Identity reset
[02:19:22] 🔄 Identity rotated (every 10 requests)
[02:19:23] [151/326] MCMN
[02:19:24] [152/326] GLDC
[02:19:24] [153/326] HOUT
[02:19:25] [154/326] SVRP
[02:19:27] [155/326] PVDN
[02:19:27] [156/326] SCPY
[02:19:28] [157/326] DTPY
[02:19:30] [158/326] GKCS
[02:19:30] [159/326] NCAM
[02:19:31] [160/326] BSRM
[02:19:32] 🔄 Identity reset
[02:19:32] 🔄 Identity rotated (every 10 requests)
[02:19:33] [161/326] RCLC
[02:19:33] [162/326] SKKD
[02:19:35] [163/326] ACHU
[02:19:36] [164/326] RSCF
[02:19:36] [165/326] IMSH
[02:19:37] [166/326] MACX
[02:19:38] [167/326] HMMW
[02:19:39] [168/326] JTCP
[02:19:40] [169/326] SREN
[02:19:41] [170/326] PJRR
[02:19:42] 🔄 Identity reset
[02:19:42] 🔄 Identity rotated (every 10 requests)
[02:19:42] [171/326] INAC
[02:19:43] [172/326] BMCA
[02:19:44] [173/326] SHCB
[02:19:45] [174/326] GABA
[02:19:46] [175/326] SBCT
[02:19:48] [176/326] GCMA
[02:19:49] [177/326] MYTK
[02:19:49] [178/326] INZS
[02:19:51] [179/326] RMIK
[02:19:52] [180/326] NYCH
[02:19:53] 🔄 Identity reset
[02:19:53] 🔄 Identity rotated (every 10 requests)
[02:19:53] [181/326] RAVE
[02:19:54] [182/326] PSXM
[02:19:55] [183/326] MCGP
[02:19:56] [184/326] PDDK
[02:19:57] [185/326] SPCK
[02:19:58] [186/326] MCRL
[02:19:59] [187/326] MHKT
[02:20:00] [188/326] ANRR
[02:20:01] [189/326] SAPK
[02:20:02] [190/326] NCUK
[02:20:03] 🔄 Identity reset
[02:20:03] 🔄 Identity rotated (every 10 requests)
[02:20:03] [191/326] JUGA
[02:20:04] [192/326] DBSC
[02:20:06] [193/326] LALK
[02:20:07] [194/326] GUCK
[02:20:08] [195/326] STSG
[02:20:09] [196/326] PPPZ
[02:20:11] [197/326] CNCY
[02:20:11] [198/326] MTAR
[02:20:12] [199/326] VNKD
[02:20:13] [200/326] KMAJ
[02:20:14] 🔄 Identity reset
[02:20:14] 🔄 Identity rotated (every 10 requests)
[02:20:14] [201/326] ACXK
[02:20:15] [202/326] UTKC
[02:20:16] [203/326] PBLK
[02:20:17] [204/326] ACBX
[02:20:18] [205/326] PTGM
[02:20:19] [206/326] BTDA
[02:20:20] [207/326] PJMB
[02:20:21] [208/326] TPDA
[02:20:22] [209/326] AMOE
[02:20:23] [210/326] PRHT
[02:20:23] 🔄 Identity reset
[02:20:23] 🔄 Identity rotated (every 10 requests)
[02:20:24] [211/326] PRTA
[02:20:25] [212/326] STAM
[02:20:25] [213/326] MSAA
[02:20:26] [214/326] SDLU
[02:20:27] [215/326] RCHH
[02:20:29] [216/326] KANT
[02:20:30] [217/326] FCRT
[02:20:31] [218/326] DNKM
[02:20:32] [219/326] RYCP
[02:20:33] [220/326] MYRP
[02:20:33] 🔄 Identity reset
[02:20:33] 🔄 Identity rotated (every 10 requests)
[02:20:34] [221/326] PPAK
[02:20:35] [222/326] NVPK
[02:20:36] [223/326] PRMC
[02:20:37] [224/326] JBCS
[02:20:38] [225/326] GXCK
[02:20:39] [226/326] USKO
[02:20:40] [227/326] GTEM
[02:20:41] [228/326] SMBU
[02:20:42] [229/326] VETC
[02:20:43] [230/326] LCDA
[02:20:43] 🔄 Identity reset
[02:20:43] 🔄 Identity rotated (every 10 requests)
[02:20:44] [231/326] MTVT
[02:20:45] [232/326] PYCP
[02:20:46] [233/326] PNSC
[02:20:47] [234/326] PPCC
[02:20:48] [235/326] TGRT
[02:20:49] [236/326] JYOT
[02:20:49] [237/326] SRCZ
[02:20:50] [238/326] SJTE
[02:20:52] [239/326] DESC
[02:20:54] [240/326] JHVN
[02:20:54] 🔄 Identity reset
[02:20:54] 🔄 Identity rotated (every 10 requests)
[02:20:55] [241/326] IPSG
[02:20:55] [242/326] IPCM
[02:20:56] [243/326] PDRS
[02:20:57] [244/326] ANCV
[02:20:58] [245/326] CMVV
[02:20:59] [246/326] SHYP
[02:21:00] [247/326] DNCS
[02:21:01] [248/326] GAJK
[02:21:02] [249/326] AKTN
[02:21:03] [250/326] KAYA
[02:21:03] 🔄 Identity reset
[02:21:03] 🔄 Identity rotated (every 10 requests)
[02:21:04] [251/326] SBRC
[02:21:04] [252/326] CHTP
[02:21:05] [253/326] SHRT
[02:21:06] [254/326] BCKU
[02:21:07] [255/326] FCPS
[02:21:09] [256/326] ARDD
[02:21:10] [257/326] CPCM
[02:21:11] [258/326] CGSM
[02:21:12] [259/326] PSMP
[02:21:13] [260/326] SDAL
[02:21:13] 🔄 Identity reset
[02:21:13] 🔄 Identity rotated (every 10 requests)
[02:21:14] [261/326] RTNB
[02:21:15] [262/326] LMCR
[02:21:16] [263/326] CIMA
[02:21:17] [264/326] RNAS
[02:21:17] [265/326] LITH
[02:21:19] [266/326] PBOX
[02:21:20] [267/326] FRTS
[02:21:21] [268/326] RKIC
[02:21:22] [269/326] PTAI
[02:21:23] [270/326] GCIC
[02:21:24] 🔄 Identity reset
[02:21:24] 🔄 Identity rotated (every 10 requests)
[02:21:24] [271/326] FNAS
[02:21:25] [272/326] SCAR
[02:21:26] [273/326] MTCA
[02:21:27] [274/326] SCTS
[02:21:28] [275/326] SYCS
[02:21:29] [276/326] RDMS
[02:21:30] [277/326] KAMP
[02:21:31] [278/326] ERSD
[02:21:32] [279/326] MJMJ
[02:21:33] [280/326] SRCJ
[02:21:34] 🔄 Identity reset
[02:21:34] 🔄 Identity rotated (every 10 requests)
[02:21:35] [281/326] SCXE
[02:21:35] [282/326] SVFR
[02:21:37] [283/326] BHCS
[02:21:37] [284/326] IMCC
[02:21:39] [285/326] PCBO
[02:21:40] [286/326] PRVN
[02:21:41] [287/326] AUPM
[02:21:42] [288/326] INBW
[02:21:43] [289/326] SVCW
[02:21:44] [290/326] RKCF
[02:21:45] 🔄 Identity reset
[02:21:45] 🔄 Identity rotated (every 10 requests)
[02:21:45] [291/326] UVBH
[02:21:46] [292/326] DNCY
[02:21:47] [293/326] ABCN
[02:21:48] [294/326] PRUR
[02:21:49] [295/326] PFMR
[02:21:50] [296/326] RKCN
[02:21:51] [297/326] CFEA
[02:21:52] [298/326] SDBG
[02:21:53] [299/326] SNAR
[02:21:55] [300/326] YISI
[02:21:56] 🔄 Identity reset
[02:21:56] 🔄 Identity rotated (every 10 requests)
[02:21:56] [301/326] JCFF
[02:21:57] [302/326] VTRK
[02:21:59] [303/326] PCLZ
[02:22:00] [304/326] DIMY
[02:22:00] [305/326] BBTS
[02:22:01] [306/326] GATH
[02:22:02] [307/326] GTMN
[02:22:03] [308/326] VTMH
[02:22:04] [309/326] CCKP
[02:22:05] [310/326] GPKA
[02:22:05] 🔄 Identity reset
[02:22:05] 🔄 Identity rotated (every 10 requests)
[02:22:06] [311/326] MHCL
[02:22:07] [312/326] ATCL
[02:22:08] [313/326] SBCK
[02:22:08] [314/326] AMMR
[02:22:10] [315/326] MADC
[02:22:11] [316/326] TMMA
[02:22:12] [317/326] CACC
[02:22:13] [318/326] CHAL
[02:22:14] [319/326] DURG
[02:22:14] [320/326] GMKU
[02:22:15] 🔄 Identity reset
[02:22:15] 🔄 Identity rotated (every 10 requests)
[02:22:16] [321/326] GECA
[02:22:17] [322/326] KYRR
[02:22:18] [323/326] KSDE
[02:22:19] [324/326] LMCI
[02:22:21] [325/326] NKCP
[02:22:22] [326/326] BGTC
[02:22:22] ✅ DONE | Shows=0 | Movies=0
[03:16:59] 🚀 BMS DAILY TRACKER STARTED (enhanced anti‑detection)
[03:16:59] [1/326] BSAT
[03:17:00] 🧠 New identity created
[03:17:00] [2/326] RSSM
[03:17:01] [3/326] GCTA
[03:17:02] [4/326] TOPN
[03:17:03] [5/326] MCUS
[03:17:04] [6/326] SHRL
[03:17:05] [7/326] UPTP
[03:17:06] [8/326] TMMP
[03:17:08] [9/326] DNRP
[03:17:09] [10/326] SRLT
[03:17:10] 🔄 Identity reset
[03:17:10] 🔄 Identity rotated (every 10 requests)
[03:17:10] [11/326] RCNS
[03:17:11] [12/326] DCBH
[03:17:11] [13/326] NAGJ
[03:17:12] [14/326] JVRC
[03:17:12] [15/326] KRJG
[03:17:14] [16/326] SRTJ
[03:17:15] [17/326] CMXM
[03:17:16] [18/326] STMI
[03:17:17] [19/326] SLST
[03:17:17] [20/326] DTCN
[03:17:18] 🔄 Identity reset
[03:17:18] 🔄 Identity rotated (every 10 requests)
[03:17:18] [21/326] STYN
[03:17:19] [22/326] SZVR
[03:17:20] [23/326] SRKO
[03:17:22] [24/326] JTGT
[03:17:23] [25/326] SVFD
[03:17:24] [26/326] SISD
[03:17:24] [27/326] ABDD
[03:17:26] [28/326] DRCA
[03:17:27] [29/326] AVCS
[03:17:29] [30/326] MVKH
[03:17:29] 🔄 Identity reset
[03:17:29] 🔄 Identity rotated (every 10 requests)
[03:17:29] [31/326] ACPR
[03:17:30] [32/326] STIP
[03:17:31] [33/326] MTRA
[03:17:32] [34/326] RMKH
[03:17:33] [35/326] NKRL
[03:17:34] [36/326] PCWN
[03:17:35] [37/326] BLMT
[03:17:36] [38/326] GDPG
[03:17:37] [39/326] SRMX
[03:17:38] [40/326] JACP
[03:17:39] 🔄 Identity reset
[03:17:39] 🔄 Identity rotated (every 10 requests)
[03:17:39] [41/326] CPSH
[03:17:40] [42/326] MCCD
[03:17:40] [43/326] ECGH
[03:17:41] [44/326] MKCK
[03:17:42] [45/326] SRMM
[03:17:43] [46/326] SKYR
[03:17:44] [47/326] PCKC
[03:17:44] [48/326] JCMA
[03:17:45] [49/326] BSMP
[03:17:46] [50/326] VSPA
[03:17:46] 🔄 Identity reset
[03:17:46] 🔄 Identity rotated (every 10 requests)
[03:17:47] [51/326] DJYA
[03:17:48] [52/326] DIMP
[03:17:48] [53/326] FXDR
[03:17:49] [54/326] SSRC
[03:17:50] [55/326] STHP
[03:17:51] [56/326] CPPD
[03:17:52] [57/326] FCLK
[03:17:53] [58/326] SCPP
[03:17:54] [59/326] DCMJ
[03:17:54] [60/326] RCCR
[03:17:55] 🔄 Identity reset
[03:17:55] 🔄 Identity rotated (every 10 requests)
[03:17:55] [61/326] INMT
[03:17:56] [62/326] LXTK
[03:17:57] [63/326] SRYK
[03:17:59] [64/326] SGDK
[03:18:00] [65/326] PPKA
[03:18:01] [66/326] SPKA
[03:18:01] [67/326] CGHH
[03:18:02] [68/326] DCJN
[03:18:03] [69/326] SRKV
[03:18:04] [70/326] SAJC
[03:18:05] 🔄 Identity reset
[03:18:05] 🔄 Identity rotated (every 10 requests)
[03:18:05] [71/326] SUSR
[03:18:06] [72/326] STYG
[03:18:07] [73/326] NTKP
[03:18:08] [74/326] AKTG
[03:18:09] [75/326] CGCM
[03:18:10] [76/326] TULC
[03:18:10] [77/326] NYYZ
[03:18:11] [78/326] NYBW
[03:18:12] [79/326] MACB
[03:18:13] [80/326] SLVT
[03:18:14] 🔄 Identity reset
[03:18:14] 🔄 Identity rotated (every 10 requests)
[03:18:14] [81/326] SANA
[03:18:15] [82/326] ACMR
[03:18:16] [83/326] CPKN
[03:18:16] [84/326] DLGK
[03:18:17] [85/326] CWCK
[03:18:18] [86/326] FDDH
[03:18:19] [87/326] MMMD
[03:18:20] [88/326] CMEH
[03:18:21] [89/326] GGGV
[03:18:22] [90/326] SPJL
[03:18:23] 🔄 Identity reset
[03:18:23] 🔄 Identity rotated (every 10 requests)
[03:18:23] [91/326] RCCD
[03:18:24] [92/326] STTZ
[03:18:25] [93/326] BTCF
[03:18:26] [94/326] TSTZ
[03:18:27] [95/326] IPMM
[03:18:27] [96/326] PMPW
[03:18:29] [97/326] PCMZ
[03:18:30] [98/326] ESEM
[03:18:30] [99/326] PIPO
[03:18:31] [100/326] MATK
[03:18:32] 🔄 Identity reset
[03:18:32] 🔄 Identity rotated (every 10 requests)
[03:18:32] [101/326] PGHM
[03:18:33] [102/326] CTSR
[03:18:34] [103/326] CYKR
[03:18:35] [104/326] MSCM
[03:18:36] [105/326] RFNP
[03:18:36] [106/326] PDCP
[03:18:37] [107/326] NPSE
[03:18:38] [108/326] MKML
[03:18:39] [109/326] FTDP
[03:18:40] [110/326] MMXA
[03:18:40] 🔄 Identity reset
[03:18:40] 🔄 Identity rotated (every 10 requests)
[03:18:41] [111/326] CEPO
[03:18:42] [112/326] CMVP
[03:18:43] [113/326] SGTH
[03:18:43] [114/326] SAYN
[03:18:44] [115/326] URVS
[03:18:45] [116/326] VJTN
[03:18:46] [117/326] BBYK
[03:18:47] [118/326] SHBO
[03:18:48] [119/326] VCMR
[03:18:48] [120/326] MACT
[03:18:49] 🔄 Identity reset
[03:18:49] 🔄 Identity rotated (every 10 requests)
[03:18:49] [121/326] JMNP
[03:18:50] [122/326] VICS
[03:18:51] [123/326] VCDA
[03:18:52] [124/326] GCMM
[03:18:53] [125/326] INVS
[03:18:54] [126/326] SCGM
[03:18:55] [127/326] PCDA
[03:18:56] [128/326] KDCT
[03:18:57] [129/326] JACS
[03:18:57] [130/326] GMMC
[03:18:58] 🔄 Identity reset
[03:18:58] 🔄 Identity rotated (every 10 requests)
[03:18:58] [131/326] AICM
[03:18:59] [132/326] TJCM
[03:19:00] [133/326] RMTI
[03:19:01] [134/326] SHAC
[03:19:02] [135/326] APJC
[03:19:03] [136/326] GCTG
[03:19:04] [137/326] SSMC
[03:19:04] [138/326] THRM
[03:19:05] [139/326] RBCT
[03:19:06] [140/326] DIKT
[03:19:07] 🔄 Identity reset
[03:19:07] 🔄 Identity rotated (every 10 requests)
[03:19:07] [141/326] MIDL
[03:19:08] [142/326] VCSN
[03:19:09] [143/326] SKTG
[03:19:09] [144/326] SMWC
[03:19:10] [145/326] MNKH
[03:19:12] [146/326] PIAT
[03:19:12] [147/326] LTTP
[03:19:13] [148/326] PTPU
[03:19:15] [149/326] ACMG
[03:19:16] [150/326] SHMM
[03:19:17] 🔄 Identity reset
[03:19:17] 🔄 Identity rotated (every 10 requests)
[03:19:17] [151/326] MCMN
[03:19:18] [152/326] GLDC
[03:19:19] [153/326] HOUT
[03:19:20] [154/326] SVRP
[03:19:21] [155/326] PVDN
[03:19:22] [156/326] SCPY
[03:19:23] [157/326] DTPY
[03:19:24] [158/326] GKCS
[03:19:25] [159/326] NCAM
[03:19:26] [160/326] BSRM
[03:19:27] 🔄 Identity reset
[03:19:27] 🔄 Identity rotated (every 10 requests)
[03:19:27] [161/326] RCLC
[03:19:28] [162/326] SKKD
[03:19:29] [163/326] ACHU
[03:19:30] [164/326] RSCF
[03:19:31] [165/326] IMSH
[03:19:32] [166/326] MACX
[03:19:32] [167/326] HMMW
[03:19:34] [168/326] JTCP
[03:19:35] [169/326] SREN
[03:19:37] [170/326] PJRR
[03:19:37] 🔄 Identity reset
[03:19:37] 🔄 Identity rotated (every 10 requests)
[03:19:38] [171/326] INAC
[03:19:38] [172/326] BMCA
[03:19:39] [173/326] SHCB
[03:19:40] [174/326] GABA
[03:19:41] [175/326] SBCT
[03:19:42] [176/326] GCMA
[03:19:43] [177/326] MYTK
[03:19:44] [178/326] INZS
[03:19:44] [179/326] RMIK
[03:19:46] [180/326] NYCH
[03:19:47] 🔄 Identity reset
[03:19:47] 🔄 Identity rotated (every 10 requests)
[03:19:47] [181/326] RAVE
[03:19:48] [182/326] PSXM
[03:19:49] [183/326] MCGP
[03:19:50] [184/326] PDDK
[03:19:51] [185/326] SPCK
[03:19:53] [186/326] MCRL
[03:19:54] [187/326] MHKT
[03:19:54] [188/326] ANRR
[03:19:56] [189/326] SAPK
[03:19:57] [190/326] NCUK
[03:19:57] 🔄 Identity reset
[03:19:57] 🔄 Identity rotated (every 10 requests)
[03:19:58] [191/326] JUGA
[03:19:58] [192/326] DBSC
[03:19:59] [193/326] LALK
[03:20:00] [194/326] GUCK
[03:20:01] [195/326] STSG
[03:20:02] [196/326] PPPZ
[03:20:04] [197/326] CNCY
[03:20:05] [198/326] MTAR
[03:20:05] [199/326] VNKD
[03:20:06] [200/326] KMAJ
[03:20:07] 🔄 Identity reset
[03:20:07] 🔄 Identity rotated (every 10 requests)
[03:20:07] [201/326] ACXK
[03:20:08] [202/326] UTKC
[03:20:09] [203/326] PBLK
[03:20:10] [204/326] ACBX
[03:20:11] [205/326] PTGM
[03:20:12] [206/326] BTDA
[03:20:13] [207/326] PJMB
[03:20:14] [208/326] TPDA
[03:20:15] [209/326] AMOE
[03:20:16] [210/326] PRHT
[03:20:17] 🔄 Identity reset
[03:20:17] 🔄 Identity rotated (every 10 requests)
[03:20:17] [211/326] PRTA
[03:20:18] [212/326] STAM
[03:20:19] [213/326] MSAA
[03:20:20] [214/326] SDLU
[03:20:21] [215/326] RCHH
[03:20:22] [216/326] KANT
[03:20:23] [217/326] FCRT
[03:20:24] [218/326] DNKM
[03:20:25] [219/326] RYCP
[03:20:26] [220/326] MYRP
[03:20:26] 🔄 Identity reset
[03:20:26] 🔄 Identity rotated (every 10 requests)
[03:20:27] [221/326] PPAK
[03:20:28] [222/326] NVPK
[03:20:29] [223/326] PRMC
[03:20:30] [224/326] JBCS
[03:20:31] [225/326] GXCK
[03:20:32] [226/326] USKO
[03:20:33] [227/326] GTEM
[03:20:34] [228/326] SMBU
[03:20:35] [229/326] VETC
[03:20:36] [230/326] LCDA
[03:20:36] 🔄 Identity reset
[03:20:36] 🔄 Identity rotated (every 10 requests)
[03:20:36] [231/326] MTVT
[03:20:37] [232/326] PYCP
[03:20:38] [233/326] PNSC
[03:20:39] [234/326] PPCC
[03:20:40] [235/326] TGRT
[03:20:41] [236/326] JYOT
[03:20:42] [237/326] SRCZ
[03:20:42] [238/326] SJTE
[03:20:43] [239/326] DESC
[03:20:44] [240/326] JHVN
[03:20:45] 🔄 Identity reset
[03:20:45] 🔄 Identity rotated (every 10 requests)
[03:20:45] [241/326] IPSG
[03:20:46] [242/326] IPCM
[03:20:47] [243/326] PDRS
[03:20:48] [244/326] ANCV
[03:20:49] [245/326] CMVV
[03:20:50] [246/326] SHYP
[03:20:51] [247/326] DNCS
[03:20:52] [248/326] GAJK
[03:20:53] [249/326] AKTN
[03:20:54] [250/326] KAYA
[03:20:54] 🔄 Identity reset
[03:20:54] 🔄 Identity rotated (every 10 requests)
[03:20:55] [251/326] SBRC
[03:20:56] [252/326] CHTP
[03:20:57] [253/326] SHRT
[03:20:58] [254/326] BCKU
[03:20:58] [255/326] FCPS
[03:20:59] [256/326] ARDD
[03:21:00] [257/326] CPCM
[03:21:01] [258/326] CGSM
[03:21:01] [259/326] PSMP
[03:21:02] [260/326] SDAL
[03:21:03] 🔄 Identity reset
[03:21:03] 🔄 Identity rotated (every 10 requests)
[03:21:03] [261/326] RTNB
[03:21:04] [262/326] LMCR
[03:21:05] [263/326] CIMA
[03:21:06] [264/326] RNAS
[03:21:06] [265/326] LITH
[03:21:07] [266/326] PBOX
[03:21:08] [267/326] FRTS
[03:21:09] [268/326] RKIC
[03:21:10] [269/326] PTAI
[03:21:11] [270/326] GCIC
[03:21:12] 🔄 Identity reset
[03:21:12] 🔄 Identity rotated (every 10 requests)
[03:21:12] [271/326] FNAS
[03:21:13] [272/326] SCAR
[03:21:13] [273/326] MTCA
[03:21:14] [274/326] SCTS
[03:21:15] [275/326] SYCS
[03:21:16] [276/326] RDMS
[03:21:17] [277/326] KAMP
[03:21:18] [278/326] ERSD
[03:21:19] [279/326] MJMJ
[03:21:20] [280/326] SRCJ
[03:21:20] 🔄 Identity reset
[03:21:20] 🔄 Identity rotated (every 10 requests)
[03:21:21] [281/326] SCXE
[03:21:22] [282/326] SVFR
[03:21:22] [283/326] BHCS
[03:21:23] [284/326] IMCC
[03:21:24] [285/326] PCBO
[03:21:25] [286/326] PRVN
[03:21:26] [287/326] AUPM
[03:21:27] [288/326] INBW
[03:21:28] [289/326] SVCW
[03:21:29] [290/326] RKCF
[03:21:30] 🔄 Identity reset
[03:21:30] 🔄 Identity rotated (every 10 requests)
[03:21:30] [291/326] UVBH
[03:21:31] [292/326] DNCY
[03:21:31] [293/326] ABCN
[03:21:32] [294/326] PRUR
[03:21:33] [295/326] PFMR
[03:21:34] [296/326] RKCN
[03:21:35] [297/326] CFEA
[03:21:36] [298/326] SDBG
[03:21:37] [299/326] SNAR
[03:21:38] [300/326] YISI
[03:21:38] 🔄 Identity reset
[03:21:38] 🔄 Identity rotated (every 10 requests)
[03:21:39] [301/326] JCFF
[03:21:40] [302/326] VTRK
[03:21:41] [303/326] PCLZ
[03:21:41] [304/326] DIMY
[03:21:42] [305/326] BBTS
[03:21:43] [306/326] GATH
[03:21:44] [307/326] GTMN
[03:21:45] [308/326] VTMH
[03:21:45] [309/326] CCKP
[03:21:46] [310/326] GPKA
[03:21:47] 🔄 Identity reset
[03:21:47] 🔄 Identity rotated (every 10 requests)
[03:21:47] [311/326] MHCL
[03:21:48] [312/326] ATCL
[03:21:48] [313/326] SBCK
[03:21:49] [314/326] AMMR
[03:21:50] [315/326] MADC
[03:21:51] [316/326] TMMA
[03:21:52] [317/326] CACC
[03:21:54] [318/326] CHAL
[03:21:54] [319/326] DURG
[03:21:55] [320/326] GMKU
[03:21:56] 🔄 Identity reset
[03:21:56] 🔄 Identity rotated (every 10 requests)
[03:21:56] [321/326] GECA
[03:21:57] [322/326] KYRR
[03:21:58] [323/326] KSDE
[03:21:59] [324/326] LMCI
[03:22:00] [325/326] NKCP
[03:22:01] [326/326] BGTC
[03:22:02] ✅ DONE | Shows=0 | Movies=0
[04:12:50] 🚀 BMS DAILY TRACKER STARTED (enhanced anti‑detection)
[04:12:50] [1/326] BSAT
[04:12:51] 🧠 New identity created
[04:12:51] [2/326] RSSM
[04:12:52] [3/326] GCTA
[04:12:53] [4/326] TOPN
[04:12:54] [5/326] MCUS
[04:12:55] [6/326] SHRL
[04:12:56] [7/326] UPTP
[04:12:56] [8/326] TMMP
[04:12:57] [9/326] DNRP
[04:12:58] [10/326] SRLT
[04:12:58] 🔄 Identity reset
[04:12:58] 🔄 Identity rotated (every 10 requests)
[04:12:58] [11/326] RCNS
[04:12:59] [12/326] DCBH
[04:13:00] [13/326] NAGJ
[04:13:01] [14/326] JVRC
[04:13:02] [15/326] KRJG
[04:13:03] [16/326] SRTJ
[04:13:03] [17/326] CMXM
[04:13:04] [18/326] STMI
[04:13:05] [19/326] SLST
[04:13:06] [20/326] DTCN
[04:13:06] 🔄 Identity reset
[04:13:06] 🔄 Identity rotated (every 10 requests)
[04:13:06] [21/326] STYN
[04:13:07] [22/326] SZVR
[04:13:08] [23/326] SRKO
[04:13:08] [24/326] JTGT
[04:13:09] [25/326] SVFD
[04:13:10] [26/326] SISD
[04:13:11] [27/326] ABDD
[04:13:11] [28/326] DRCA
[04:13:12] [29/326] AVCS
[04:13:13] [30/326] MVKH
[04:13:13] 🔄 Identity reset
[04:13:13] 🔄 Identity rotated (every 10 requests)
[04:13:14] [31/326] ACPR
[04:13:15] [32/326] STIP
[04:13:16] [33/326] MTRA
[04:13:17] [34/326] RMKH
[04:13:18] [35/326] NKRL
[04:13:19] [36/326] PCWN
[04:13:20] [37/326] BLMT
[04:13:20] [38/326] GDPG
[04:13:21] [39/326] SRMX
[04:13:22] [40/326] JACP
[04:13:22] 🔄 Identity reset
[04:13:22] 🔄 Identity rotated (every 10 requests)
[04:13:23] [41/326] CPSH
[04:13:23] [42/326] MCCD
[04:13:24] [43/326] ECGH
[04:13:25] [44/326] MKCK
[04:13:26] [45/326] SRMM
[04:13:26] [46/326] SKYR
[04:13:27] [47/326] PCKC
[04:13:28] [48/326] JCMA
[04:13:29] [49/326] BSMP
[04:13:30] [50/326] VSPA
[04:13:30] 🔄 Identity reset
[04:13:30] 🔄 Identity rotated (every 10 requests)
[04:13:31] [51/326] DJYA
[04:13:31] [52/326] DIMP
[04:13:32] [53/326] FXDR
[04:13:33] [54/326] SSRC
[04:13:34] [55/326] STHP
[04:13:35] [56/326] CPPD
[04:13:36] [57/326] FCLK
[04:13:37] [58/326] SCPP
[04:13:38] [59/326] DCMJ
[04:13:39] [60/326] RCCR
[04:13:39] 🔄 Identity reset
[04:13:39] 🔄 Identity rotated (every 10 requests)
[04:13:40] [61/326] INMT
[04:13:40] [62/326] LXTK
[04:13:41] [63/326] SRYK
[04:13:42] [64/326] SGDK
[04:13:43] [65/326] PPKA
[04:13:44] [66/326] SPKA
[04:13:45] [67/326] CGHH
[04:13:46] [68/326] DCJN
[04:13:47] [69/326] SRKV
[04:13:48] [70/326] SAJC
[04:13:48] 🔄 Identity reset
[04:13:48] 🔄 Identity rotated (every 10 requests)
[04:13:49] [71/326] SUSR
[04:13:49] [72/326] STYG
[04:13:50] [73/326] NTKP
[04:13:51] [74/326] AKTG
[04:13:52] [75/326] CGCM
[04:13:53] [76/326] TULC
[04:13:55] [77/326] NYYZ
[04:13:55] [78/326] NYBW
[04:13:56] [79/326] MACB
[04:13:57] [80/326] SLVT
[04:13:58] 🔄 Identity reset
[04:13:58] 🔄 Identity rotated (every 10 requests)
[04:13:58] [81/326] SANA
[04:13:59] [82/326] ACMR
[04:14:00] [83/326] CPKN
[04:14:01] [84/326] DLGK
[04:14:01] [85/326] CWCK
[04:14:02] [86/326] FDDH
[04:14:03] [87/326] MMMD
[04:14:04] [88/326] CMEH
[04:14:05] [89/326] GGGV
[04:14:05] [90/326] SPJL
[04:14:06] 🔄 Identity reset
[04:14:06] 🔄 Identity rotated (every 10 requests)
[04:14:06] [91/326] RCCD
[04:14:07] [92/326] STTZ
[04:14:08] [93/326] BTCF
[04:14:10] [94/326] TSTZ
[04:14:11] [95/326] IPMM
[04:14:11] [96/326] PMPW
[04:14:12] [97/326] PCMZ
[04:14:12] [98/326] ESEM
[04:14:13] [99/326] PIPO
[04:14:14] [100/326] MATK
[04:14:15] 🔄 Identity reset
[04:14:15] 🔄 Identity rotated (every 10 requests)
[04:14:15] [101/326] PGHM
[04:14:16] [102/326] CTSR
[04:14:17] [103/326] CYKR
[04:14:17] [104/326] MSCM
[04:14:18] [105/326] RFNP
[04:14:19] [106/326] PDCP
[04:14:19] [107/326] NPSE
[04:14:20] [108/326] MKML
[04:14:21] [109/326] FTDP
[04:14:22] [110/326] MMXA
[04:14:22] 🔄 Identity reset
[04:14:22] 🔄 Identity rotated (every 10 requests)
[04:14:23] [111/326] CEPO
[04:14:24] [112/326] CMVP
[04:14:24] [113/326] SGTH
[04:14:26] [114/326] SAYN
[04:14:27] [115/326] URVS
[04:14:27] [116/326] VJTN
[04:14:28] [117/326] BBYK
[04:14:29] [118/326] SHBO
[04:14:30] [119/326] VCMR
[04:14:31] [120/326] MACT
[04:14:32] 🔄 Identity reset
[04:14:32] 🔄 Identity rotated (every 10 requests)
[04:14:32] [121/326] JMNP
[04:14:33] [122/326] VICS
[04:14:33] [123/326] VCDA
[04:14:34] [124/326] GCMM
[04:14:35] [125/326] INVS
[04:14:36] [126/326] SCGM
[04:14:37] [127/326] PCDA
[04:14:38] [128/326] KDCT
[04:14:39] [129/326] JACS
[04:14:40] [130/326] GMMC
[04:14:41] 🔄 Identity reset
[04:14:41] 🔄 Identity rotated (every 10 requests)
[04:14:41] [131/326] AICM
[04:14:42] [132/326] TJCM
[04:14:43] [133/326] RMTI
[04:14:44] [134/326] SHAC
[04:14:45] [135/326] APJC
[04:14:46] [136/326] GCTG
[04:14:47] [137/326] SSMC
[04:14:47] [138/326] THRM
[04:14:48] [139/326] RBCT
[04:14:49] [140/326] DIKT
[04:14:49] 🔄 Identity reset
[04:14:49] 🔄 Identity rotated (every 10 requests)
[04:14:50] [141/326] MIDL
[04:14:51] [142/326] VCSN
[04:14:51] [143/326] SKTG
[04:14:52] [144/326] SMWC
[04:14:53] [145/326] MNKH
[04:14:53] [146/326] PIAT
[04:14:54] [147/326] LTTP
[04:14:55] [148/326] PTPU
[04:14:56] [149/326] ACMG
[04:14:57] [150/326] SHMM
[04:14:57] 🔄 Identity reset
[04:14:57] 🔄 Identity rotated (every 10 requests)
[04:14:57] [151/326] MCMN
[04:14:58] [152/326] GLDC
[04:14:59] [153/326] HOUT
[04:15:00] [154/326] SVRP
[04:15:01] [155/326] PVDN
[04:15:01] [156/326] SCPY
[04:15:02] [157/326] DTPY
[04:15:03] [158/326] GKCS
[04:15:04] [159/326] NCAM
[04:15:04] [160/326] BSRM
[04:15:05] 🔄 Identity reset
[04:15:05] 🔄 Identity rotated (every 10 requests)
[04:15:05] [161/326] RCLC
[04:15:06] [162/326] SKKD
[04:15:08] [163/326] ACHU
[04:15:09] [164/326] RSCF
[04:15:09] [165/326] IMSH
[04:15:10] [166/326] MACX
[04:15:11] [167/326] HMMW
[04:15:11] [168/326] JTCP
[04:15:12] [169/326] SREN
[04:15:13] [170/326] PJRR
[04:15:14] 🔄 Identity reset
[04:15:14] 🔄 Identity rotated (every 10 requests)
[04:15:14] [171/326] INAC
[04:15:15] [172/326] BMCA
[04:15:16] [173/326] SHCB
[04:15:17] [174/326] GABA
[04:15:17] [175/326] SBCT
[04:15:18] [176/326] GCMA
[04:15:19] [177/326] MYTK
[04:15:19] [178/326] INZS
[04:15:21] [179/326] RMIK
[04:15:21] [180/326] NYCH
[04:15:22] 🔄 Identity reset
[04:15:22] 🔄 Identity rotated (every 10 requests)
[04:15:22] [181/326] RAVE
[04:15:23] [182/326] PSXM
[04:15:24] [183/326] MCGP
[04:15:24] [184/326] PDDK
[04:15:25] [185/326] SPCK
[04:15:26] [186/326] MCRL
[04:15:26] [187/326] MHKT
[04:15:27] [188/326] ANRR
[04:15:28] [189/326] SAPK
[04:15:28] [190/326] NCUK
[04:15:29] 🔄 Identity reset
[04:15:29] 🔄 Identity rotated (every 10 requests)
[04:15:29] [191/326] JUGA
[04:15:30] [192/326] DBSC
[04:15:31] [193/326] LALK
[04:15:32] [194/326] GUCK
[04:15:32] [195/326] STSG
[04:15:33] [196/326] PPPZ
[04:15:34] [197/326] CNCY
[04:15:35] [198/326] MTAR
[04:15:36] [199/326] VNKD
[04:15:37] [200/326] KMAJ
[04:15:38] 🔄 Identity reset
[04:15:38] 🔄 Identity rotated (every 10 requests)
[04:15:38] [201/326] ACXK
[04:15:39] [202/326] UTKC
[04:15:40] [203/326] PBLK
[04:15:41] [204/326] ACBX
[04:15:41] [205/326] PTGM
[04:15:42] [206/326] BTDA
[04:15:43] [207/326] PJMB
[04:15:44] [208/326] TPDA
[04:15:45] [209/326] AMOE
[04:15:45] [210/326] PRHT
[04:15:46] 🔄 Identity reset
[04:15:46] 🔄 Identity rotated (every 10 requests)
[04:15:46] [211/326] PRTA
[04:15:47] [212/326] STAM
[04:15:48] [213/326] MSAA
[04:15:49] [214/326] SDLU
[04:15:50] [215/326] RCHH
[04:15:50] [216/326] KANT
[04:15:51] [217/326] FCRT
[04:15:52] [218/326] DNKM
[04:15:53] [219/326] RYCP
[04:15:54] [220/326] MYRP
[04:15:54] 🔄 Identity reset
[04:15:54] 🔄 Identity rotated (every 10 requests)
[04:15:55] [221/326] PPAK
[04:15:56] [222/326] NVPK
[04:15:56] [223/326] PRMC
[04:15:57] [224/326] JBCS
[04:15:58] [225/326] GXCK
[04:15:58] [226/326] USKO
[04:15:59] [227/326] GTEM
[04:16:00] [228/326] SMBU
[04:16:01] [229/326] VETC
[04:16:02] [230/326] LCDA
[04:16:02] 🔄 Identity reset
[04:16:02] 🔄 Identity rotated (every 10 requests)
[04:16:03] [231/326] MTVT
[04:16:04] [232/326] PYCP
[04:16:04] [233/326] PNSC
[04:16:05] [234/326] PPCC
[04:16:06] [235/326] TGRT
[04:16:07] [236/326] JYOT
[04:16:07] [237/326] SRCZ
[04:16:08] [238/326] SJTE
[04:16:09] [239/326] DESC
[04:16:10] [240/326] JHVN
[04:16:10] 🔄 Identity reset
[04:16:10] 🔄 Identity rotated (every 10 requests)
[04:16:10] [241/326] IPSG
[04:16:11] [242/326] IPCM
[04:16:12] [243/326] PDRS
[04:16:13] [244/326] ANCV
[04:16:14] [245/326] CMVV
[04:16:15] [246/326] SHYP
[04:16:15] [247/326] DNCS
[04:16:16] [248/326] GAJK
[04:16:17] [249/326] AKTN
[04:16:18] [250/326] KAYA
[04:16:18] 🔄 Identity reset
[04:16:18] 🔄 Identity rotated (every 10 requests)
[04:16:18] [251/326] SBRC
[04:16:19] [252/326] CHTP
[04:16:20] [253/326] SHRT
[04:16:21] [254/326] BCKU
[04:16:22] [255/326] FCPS
[04:16:22] [256/326] ARDD
[04:16:23] [257/326] CPCM
[04:16:24] [258/326] CGSM
[04:16:25] [259/326] PSMP
[04:16:26] [260/326] SDAL
[04:16:26] 🔄 Identity reset
[04:16:26] 🔄 Identity rotated (every 10 requests)
[04:16:26] [261/326] RTNB
[04:16:27] [262/326] LMCR
[04:16:28] [263/326] CIMA
[04:16:29] [264/326] RNAS
[04:16:29] [265/326] LITH
[04:16:30] [266/326] PBOX
[04:16:31] [267/326] FRTS
[04:16:31] [268/326] RKIC
[04:16:32] [269/326] PTAI
[04:16:33] [270/326] GCIC
[04:16:33] 🔄 Identity reset
[04:16:33] 🔄 Identity rotated (every 10 requests)
[04:16:34] [271/326] FNAS
[04:16:35] [272/326] SCAR
[04:16:35] [273/326] MTCA
[04:16:36] [274/326] SCTS
[04:16:37] [275/326] SYCS
[04:16:38] [276/326] RDMS
[04:16:39] [277/326] KAMP
[04:16:40] [278/326] ERSD
[04:16:41] [279/326] MJMJ
[04:16:42] [280/326] SRCJ
[04:16:42] 🔄 Identity reset
[04:16:42] 🔄 Identity rotated (every 10 requests)
[04:16:42] [281/326] SCXE
[04:16:43] [282/326] SVFR
[04:16:44] [283/326] BHCS
[04:16:45] [284/326] IMCC
[04:16:46] [285/326] PCBO
[04:16:46] [286/326] PRVN
[04:16:47] [287/326] AUPM
[04:16:48] [288/326] INBW
[04:16:49] [289/326] SVCW
[04:16:49] [290/326] RKCF
[04:16:50] 🔄 Identity reset
[04:16:50] 🔄 Identity rotated (every 10 requests)
[04:16:50] [291/326] UVBH
[04:16:51] [292/326] DNCY
[04:16:51] [293/326] ABCN
[04:16:52] [294/326] PRUR
[04:16:53] [295/326] PFMR
[04:16:54] [296/326] RKCN
[04:16:54] [297/326] CFEA
[04:16:55] [298/326] SDBG
[04:16:56] [299/326] SNAR
[04:16:57] [300/326] YISI
[04:16:58] 🔄 Identity reset
[04:16:58] 🔄 Identity rotated (every 10 requests)
[04:16:58] [301/326] JCFF
[04:16:58] [302/326] VTRK
[04:16:59] [303/326] PCLZ
[04:17:00] [304/326] DIMY
[04:17:01] [305/326] BBTS
[04:17:02] [306/326] GATH
[04:17:02] [307/326] GTMN
[04:17:03] [308/326] VTMH
[04:17:04] [309/326] CCKP
[04:17:05] [310/326] GPKA
[04:17:06] 🔄 Identity reset
[04:17:06] 🔄 Identity rotated (every 10 requests)
[04:17:07] [311/326] MHCL
[04:17:08] [312/326] ATCL
[04:17:09] [313/326] SBCK
[04:17:09] [314/326] AMMR
[04:17:10] [315/326] MADC
[04:17:11] [316/326] TMMA
[04:17:13] [317/326] CACC
[04:17:14] [318/326] CHAL
[04:17:15] [319/326] DURG
[04:17:15] [320/326] GMKU
[04:17:16] 🔄 Identity reset
[04:17:16] 🔄 Identity rotated (every 10 requests)
[04:17:16] [321/326] GECA
[04:17:17] [322/326] KYRR
[04:17:18] [323/326] KSDE
[04:17:19] [324/326] LMCI
[04:17:20] [325/326] NKCP
[04:17:21] [326/326] BGTC
[04:17:22] ✅ DONE | Shows=0 | Movies=0
