[01:16:59] 🚀 BMS DAILY TRACKER STARTED (enhanced anti‑detection)
[01:16:59] [1/445] TGMR
[01:16:59] 🧠 New identity created
[01:17:00] [2/445] CXKR
[01:17:01] [3/445] SROP
[01:17:02] [4/445] GTSV
[01:17:02] [5/445] SNTY
[01:17:03] [6/445] SMYY
[01:17:04] [7/445] CNCS
[01:17:05] [8/445] CSTM
[01:17:06] [9/445] NUCD
[01:17:07] [10/445] SHCZ
[01:17:08] 🔄 Identity reset
[01:17:08] 🔄 Identity rotated (every 10 requests)
[01:17:09] [11/445] NJCT
[01:17:10] [12/445] COPC
[01:17:10] [13/445] STVV
[01:17:11] [14/445] SKRN
[01:17:13] [15/445] APPZ
[01:17:14] [16/445] YMGN
[01:17:15] [17/445] SVTU
[01:17:16] [18/445] GTAD
[01:17:17] [19/445] PSUS
[01:17:18] [20/445] SMCD
[01:17:19] 🔄 Identity reset
[01:17:19] 🔄 Identity rotated (every 10 requests)
[01:17:19] [21/445] CMCM
[01:17:20] [22/445] SYCT
[01:17:21] [23/445] STLY
[01:17:22] [24/445] CMHU
[01:17:24] [25/445] CMSA
[01:17:26] [26/445] CLCU
[01:17:27] [27/445] PPNT
[01:17:28] [28/445] JTAB
[01:17:28] [29/445] BUUC
[01:17:29] [30/445] BSVK
[01:17:30] 🔄 Identity reset
[01:17:30] 🔄 Identity rotated (every 10 requests)
[01:17:30] [31/445] VVVQ
[01:17:31] [32/445] TKMU
[01:17:32] [33/445] ESYL
[01:17:33] [34/445] ACHP
[01:17:34] [35/445] BTKD
[01:17:35] [36/445] DESA
[01:17:36] [37/445] GBCT
[01:17:37] [38/445] BLLD
[01:17:38] [39/445] SKNT
[01:17:39] [40/445] SSTE
[01:17:40] 🔄 Identity reset
[01:17:40] 🔄 Identity rotated (every 10 requests)
[01:17:40] [41/445] VJMR
[01:17:41] [42/445] NTPU
[01:17:42] [43/445] RDKN
[01:17:43] [44/445] ADGC
[01:17:44] [45/445] VRBP
[01:17:45] [46/445] NMNA
[01:17:46] [47/445] CMMX
[01:17:47] [48/445] PTKO
[01:17:48] [49/445] RBML
[01:17:49] [50/445] SAIC
[01:17:50] 🔄 Identity reset
[01:17:50] 🔄 Identity rotated (every 10 requests)
[01:17:50] [51/445] SVTJ
[01:17:51] [52/445] MRTE
[01:17:52] [53/445] RBTP
[01:17:53] [54/445] NLPS
[01:17:54] [55/445] GTNA
[01:17:55] [56/445] DGGC
[01:17:56] [57/445] SMCR
[01:17:57] [58/445] SCGD
[01:17:58] [59/445] SRRJ
[01:17:59] [60/445] CNRY
[01:17:59] 🔄 Identity reset
[01:17:59] 🔄 Identity rotated (every 10 requests)
[01:18:00] [61/445] KTDI
[01:18:01] [62/445] SNJL
[01:18:02] [63/445] RKMD
[01:18:03] [64/445] SMDC
[01:18:04] [65/445] TADG
[01:18:05] [66/445] MCGS
[01:18:06] [67/445] PETK
[01:18:07] [68/445] CHAG
[01:18:08] [69/445] KSTL
[01:18:09] [70/445] AADS
[01:18:09] 🔄 Identity reset
[01:18:09] 🔄 Identity rotated (every 10 requests)
[01:18:10] [71/445] NTHZ
[01:18:10] [72/445] HCKI
[01:18:11] [73/445] SSEF
[01:18:12] [74/445] MCGX
[01:18:13] [75/445] ERRA
[01:18:14] [76/445] SDTW
[01:18:15] [77/445] RMPK
[01:18:16] [78/445] PTHK
[01:18:17] [79/445] PXCS
[01:18:18] [80/445] SVLU
[01:18:19] 🔄 Identity reset
[01:18:19] 🔄 Identity rotated (every 10 requests)
[01:18:19] [81/445] STAH
[01:18:20] [82/445] JRGF
[01:18:22] [83/445] CDOK
[01:18:23] [84/445] CMSG
[01:18:24] [85/445] APTD
[01:18:25] [86/445] KMPG
[01:18:26] [87/445] MUTJ
[01:18:27] [88/445] VCCI
[01:18:28] [89/445] URBE
[01:18:29] [90/445] TCTS
[01:18:30] 🔄 Identity reset
[01:18:30] 🔄 Identity rotated (every 10 requests)
[01:18:30] [91/445] STSN
[01:18:31] [92/445] AKCH
[01:18:32] [93/445] APSC
[01:18:34] [94/445] VLTB
[01:18:35] [95/445] SANU
[01:18:36] [96/445] AXAM
[01:18:37] [97/445] MGMG
[01:18:37] [98/445] HTBY
[01:18:39] [99/445] MMZS
[01:18:39] [100/445] SUDR
[01:18:40] 🔄 Identity reset
[01:18:40] 🔄 Identity rotated (every 10 requests)
[01:18:40] [101/445] CCAD
[01:18:41] [102/445] SKKC
[01:18:42] [103/445] RMCD
[01:18:43] [104/445] SBCQ
[01:18:44] [105/445] DCCT
[01:18:45] [106/445] VTKP
[01:18:46] [107/445] MLAM
[01:18:47] [108/445] SAVT
[01:18:48] [109/445] GEPL
[01:18:48] [110/445] AMCD
[01:18:49] 🔄 Identity reset
[01:18:49] 🔄 Identity rotated (every 10 requests)
[01:18:49] [111/445] CCXR
[01:18:50] [112/445] GRNG
[01:18:52] [113/445] EBCA
[01:18:53] [114/445] CNVG
[01:18:54] [115/445] MWSS
[01:18:55] [116/445] VBOR
[01:18:56] [117/445] NEEB
[01:18:57] [118/445] SUTH
[01:18:58] [119/445] ANDB
[01:18:58] [120/445] MMXS
[01:18:59] 🔄 Identity reset
[01:18:59] 🔄 Identity rotated (every 10 requests)
[01:18:59] [121/445] CNPD
[01:19:01] [122/445] SDCE
[01:19:02] [123/445] DHCB
[01:19:03] [124/445] ODEN
[01:19:04] [125/445] TNTC
[01:19:06] [126/445] VBKM
[01:19:07] [127/445] RZYM
[01:19:08] [128/445] JEMC
[01:19:09] [129/445] CMAU
[01:19:10] [130/445] SIVP
[01:19:10] 🔄 Identity reset
[01:19:10] 🔄 Identity rotated (every 10 requests)
[01:19:11] [131/445] ATAG
[01:19:12] [132/445] CHTM
[01:19:13] [133/445] AAEE
[01:19:14] [134/445] IWPM
[01:19:15] [135/445] KCMW
[01:19:16] [136/445] MCTD
[01:19:18] [137/445] SPWR
[01:19:19] [138/445] SDPO
[01:19:20] [139/445] PCSK
[01:19:21] [140/445] ACHV
[01:19:21] 🔄 Identity reset
[01:19:22] 🔄 Identity rotated (every 10 requests)
[01:19:22] [141/445] SVLA
[01:19:23] [142/445] PICT
[01:19:24] [143/445] BXDR
[01:19:25] [144/445] SPWA
[01:19:25] [145/445] MCKO
[01:19:26] [146/445] RTHK
[01:19:27] [147/445] CCMF
[01:19:28] [148/445] MRGB
[01:19:29] [149/445] CPLC
[01:19:30] [150/445] RACD
[01:19:31] 🔄 Identity reset
[01:19:31] 🔄 Identity rotated (every 10 requests)
[01:19:31] [151/445] ATKT
[01:19:32] [152/445] SARN
[01:19:33] [153/445] KKUI
[01:19:34] [154/445] RGCM
[01:19:36] [155/445] BRVP
[01:19:37] [156/445] HRSR
[01:19:38] [157/445] GKGM
[01:19:39] [158/445] TTCD
[01:19:40] [159/445] PTTI
[01:19:41] [160/445] MPTT
[01:19:41] 🔄 Identity reset
[01:19:41] 🔄 Identity rotated (every 10 requests)
[01:19:41] [161/445] CVTT
[01:19:42] [162/445] PCXD
[01:19:43] [163/445] GCDC
[01:19:44] [164/445] CCCF
[01:19:46] [165/445] MRAD
[01:19:47] [166/445] CPLK
[01:19:49] [167/445] SATB
[01:19:49] [168/445] SNVG
[01:19:50] [169/445] JMBA
[01:19:52] [170/445] TEJA
[01:19:52] 🔄 Identity reset
[01:19:52] 🔄 Identity rotated (every 10 requests)
[01:19:53] [171/445] STYO
[01:19:54] [172/445] JTBP
[01:19:55] [173/445] KRGD
[01:19:56] [174/445] SLJJ
[01:19:57] [175/445] SPTJ
[01:19:58] [176/445] SWJG
[01:20:00] [177/445] LKRT
[01:20:01] [178/445] KCKA
[01:20:02] [179/445] SNCR
[01:20:03] [180/445] SMKL
[01:20:03] 🔄 Identity reset
[01:20:03] 🔄 Identity rotated (every 10 requests)
[01:20:04] [181/445] GCFA
[01:20:05] [182/445] DDCK
[01:20:06] [183/445] NCHJ
[01:20:07] [184/445] RDMA
[01:20:08] [185/445] SVSV
[01:20:09] [186/445] SCJG
[01:20:10] [187/445] VKLP
[01:20:11] [188/445] NWCC
[01:20:13] [189/445] VKNS
[01:20:14] [190/445] SDDP
[01:20:15] 🔄 Identity reset
[01:20:15] 🔄 Identity rotated (every 10 requests)
[01:20:15] [191/445] ACSI
[01:20:16] [192/445] SATG
[01:20:17] [193/445] SCMW
[01:20:18] [194/445] LKTK
[01:20:19] [195/445] VCKV
[01:20:20] [196/445] KKPE
[01:20:21] [197/445] KIGH
[01:20:22] [198/445] SRPM
[01:20:23] [199/445] SCAH
[01:20:24] [200/445] MUTA
[01:20:24] 🔄 Identity reset
[01:20:25] 🔄 Identity rotated (every 10 requests)
[01:20:25] [201/445] SEPU
[01:20:27] [202/445] INOA
[01:20:28] [203/445] BASK
[01:20:29] [204/445] NECB
[01:20:30] [205/445] GTTG
[01:20:31] [206/445] ASSA
[01:20:32] [207/445] ANCL
[01:20:33] [208/445] GCTI
[01:20:34] [209/445] RCTS
[01:20:35] [210/445] ACNL
[01:20:35] 🔄 Identity reset
[01:20:35] 🔄 Identity rotated (every 10 requests)
[01:20:36] [211/445] MYCT
[01:20:37] [212/445] NMHT
[01:20:37] [213/445] MDIT
[01:20:38] [214/445] LATG
[01:20:40] [215/445] SMTY
[01:20:41] [216/445] CVCT
[01:20:42] [217/445] RAMB
[01:20:43] [218/445] TGMS
[01:20:44] [219/445] BHEL
[01:20:45] [220/445] SHCT
[01:20:45] 🔄 Identity reset
[01:20:45] 🔄 Identity rotated (every 10 requests)
[01:20:46] [221/445] SVCT
[01:20:47] [222/445] MRIY
[01:20:48] [223/445] SARO
[01:20:48] [224/445] STCT
[01:20:49] [225/445] JKKC
[01:20:50] [226/445] PLTT
[01:20:51] [227/445] SRNT
[01:20:52] [228/445] YAST
[01:20:53] [229/445] PERL
[01:20:54] [230/445] CICM
[01:20:55] 🔄 Identity reset
[01:20:55] 🔄 Identity rotated (every 10 requests)
[01:20:55] [231/445] MMTR
[01:20:56] [232/445] ABTK
[01:20:57] [233/445] ATYY
[01:20:58] [234/445] ASTK
[01:21:00] [235/445] VVCK
[01:21:01] [236/445] ATKY
[01:21:02] [237/445] GWEK
[01:21:03] [238/445] SVFH
[01:21:04] [239/445] SLTA
[01:21:05] [240/445] AASH
[01:21:06] 🔄 Identity reset
[01:21:06] 🔄 Identity rotated (every 10 requests)
[01:21:06] [241/445] ACXB
[01:21:07] [242/445] SMTX
[01:21:08] [243/445] AZDH
[01:21:09] [244/445] CMMH
[01:21:10] [245/445] SCSZ
[01:21:11] [246/445] SCKP
[01:21:12] [247/445] NXTM
[01:21:13] [248/445] NWCS
[01:21:15] [249/445] CXMH
[01:21:16] [250/445] PCMA
[01:21:16] 🔄 Identity reset
[01:21:17] 🔄 Identity rotated (every 10 requests)
[01:21:17] [251/445] SGCM
[01:21:18] [252/445] SDTU
[01:21:19] [253/445] MMVI
[01:21:20] [254/445] JKCM
[01:21:21] [255/445] VCMM
[01:21:22] [256/445] SYEE
[01:21:23] [257/445] VASD
[01:21:24] [258/445] BDRB
[01:21:25] [259/445] LASM
[01:21:26] [260/445] DCRL
[01:21:26] 🔄 Identity reset
[01:21:26] 🔄 Identity rotated (every 10 requests)
[01:21:27] [261/445] DVPM
[01:21:28] [262/445] SBMJ
[01:21:29] [263/445] CBMU
[01:21:30] [264/445] IUBS
[01:21:31] [265/445] INAP
[01:21:32] [266/445] SRRC
[01:21:33] [267/445] SAGR
[01:21:34] [268/445] CPMJ
[01:21:35] [269/445] ATJL
[01:21:36] [270/445] NNTD
[01:21:36] 🔄 Identity reset
[01:21:36] 🔄 Identity rotated (every 10 requests)
[01:21:37] [271/445] JHCJ
[01:21:37] [272/445] CMMP
[01:21:39] [273/445] RSDR
[01:21:40] [274/445] AMTI
[01:21:41] [275/445] NYSG
[01:21:42] [276/445] AVSG
[01:21:43] [277/445] SYTP
[01:21:44] [278/445] LARC
[01:21:46] [279/445] RJTP
[01:21:48] [280/445] LAKC
[01:21:48] 🔄 Identity reset
[01:21:48] 🔄 Identity rotated (every 10 requests)
[01:21:49] [281/445] MCXE
[01:21:50] [282/445] CCZC
[01:21:51] [283/445] AVCH
[01:21:51] [284/445] CMBE
[01:21:52] [285/445] MRRC
[01:21:53] [286/445] PCPY
[01:21:54] [287/445] SRMH
[01:21:55] [288/445] SVGS
[01:21:57] [289/445] PCSE
[01:21:58] [290/445] SVFT
[01:21:58] 🔄 Identity reset
[01:21:58] 🔄 Identity rotated (every 10 requests)
[01:21:59] [291/445] TNZP
[01:22:00] [292/445] ICTP
[01:22:00] [293/445] ACTZ
[01:22:01] [294/445] GTUR
[01:22:02] [295/445] MAFC
[01:22:03] [296/445] MINL
[01:22:04] [297/445] MRCL
[01:22:05] [298/445] RCRP
[01:22:06] [299/445] RFFG
[01:22:07] [300/445] RMAS
[01:22:07] 🔄 Identity reset
[01:22:07] 🔄 Identity rotated (every 10 requests)
[01:22:08] [301/445] INVR
[01:22:09] [302/445] RMAR
[01:22:10] [303/445] CNIS
[01:22:12] [304/445] RHRJ
[01:22:14] [305/445] INXR
[01:22:15] [306/445] VALT
[01:22:15] [307/445] LCSH
[01:22:16] [308/445] CMVS
[01:22:17] [309/445] CNMS
[01:22:18] [310/445] ROOG
[01:22:19] 🔄 Identity reset
[01:22:19] 🔄 Identity rotated (every 10 requests)
[01:22:19] [311/445] ISRM
[01:22:20] [312/445] RCRM
[01:22:21] [313/445] ACJA
[01:22:23] [314/445] RCVS
[01:22:24] [315/445] CPUS
[01:22:24] [316/445] TGCS
[01:22:25] [317/445] RKCJ
[01:22:26] [318/445] MKSB
[01:22:27] [319/445] TCSJ
[01:22:28] [320/445] RMGP
[01:22:29] 🔄 Identity reset
[01:22:29] 🔄 Identity rotated (every 10 requests)
[01:22:30] [321/445] CLLP
[01:22:31] [322/445] RCMV
[01:22:32] [323/445] CCKS
[01:22:33] [324/445] RSRP
[01:22:34] [325/445] APLP
[01:22:35] [326/445] CNVS
[01:22:36] [327/445] RMVY
[01:22:38] [328/445] PGBD
[01:22:39] [329/445] KLMS
[01:22:40] [330/445] RUST
[01:22:40] 🔄 Identity reset
[01:22:40] 🔄 Identity rotated (every 10 requests)
[01:22:41] [331/445] MASM
[01:22:43] [332/445] BACS
[01:22:44] [333/445] BWST
[01:22:45] [334/445] RRFH
[01:22:46] [335/445] SJTM
[01:22:47] [336/445] BEMR
[01:22:48] [337/445] MCGR
[01:22:49] [338/445] SDSK
[01:22:50] [339/445] VBOL
[01:22:52] [340/445] RMGM
[01:22:53] 🔄 Identity reset
[01:22:53] 🔄 Identity rotated (every 10 requests)
[01:22:53] [341/445] NOPL
[01:22:54] [342/445] MKJK
[01:22:55] [343/445] CVRN
[01:22:56] [344/445] MMEN
[01:22:57] [345/445] AMNG
[01:22:58] [346/445] INTM
[01:22:58] [347/445] SLCZ
[01:22:59] [348/445] AMJN
[01:23:00] [349/445] ACJN
[01:23:01] [350/445] AMKN
[01:23:02] 🔄 Identity reset
[01:23:02] 🔄 Identity rotated (every 10 requests)
[01:23:03] [351/445] BTCN
[01:23:04] [352/445] AMBT
[01:23:05] [353/445] PACN
[01:23:06] [354/445] LCNS
[01:23:07] [355/445] PPKC
[01:23:08] [356/445] JYYN
[01:23:09] [357/445] JTNR
[01:23:09] [358/445] GTEE
[01:23:11] [359/445] SRNM
[01:23:12] [360/445] SDTC
[01:23:12] 🔄 Identity reset
[01:23:12] 🔄 Identity rotated (every 10 requests)
[01:23:13] [361/445] VPCA
[01:23:14] [362/445] VLRA
[01:23:15] [363/445] SHKR
[01:23:16] [364/445] SBKD
[01:23:17] [365/445] SAAD
[01:23:19] [366/445] JTGN
[01:23:20] [367/445] SLAM
[01:23:21] [368/445] VTPM
[01:23:22] [369/445] ANPT
[01:23:23] [370/445] PUNB
[01:23:23] 🔄 Identity reset
[01:23:23] 🔄 Identity rotated (every 10 requests)
[01:23:24] [371/445] CPKT
[01:23:25] [372/445] CNWE
[01:23:26] [373/445] ECPP
[01:23:26] [374/445] CPAR
[01:23:27] [375/445] ESBW
[01:23:28] [376/445] PKPU
[01:23:29] [377/445] CPRP
[01:23:30] [378/445] RAHU
[01:23:31] [379/445] RHMN
[01:23:32] [380/445] FMJP
[01:23:32] 🔄 Identity reset
[01:23:33] 🔄 Identity rotated (every 10 requests)
[01:23:34] [381/445] CTMP
[01:23:35] [382/445] INPN
[01:23:36] [383/445] STTG
[01:23:37] [384/445] CTRD
[01:23:38] [385/445] PUVB
[01:23:39] [386/445] ESVP
[01:23:40] [387/445] CPFT
[01:23:40] [388/445] LCPC
[01:23:42] [389/445] VBCT
[01:23:42] [390/445] FSCW
[01:23:43] 🔄 Identity reset
[01:23:43] 🔄 Identity rotated (every 10 requests)
[01:23:43] [391/445] VCMP
[01:23:44] [392/445] ASHC
[01:23:45] [393/445] VLCX
[01:23:46] [394/445] SHEV
[01:23:47] [395/445] APCO
[01:23:48] [396/445] SILC
[01:23:49] [397/445] SNMR
[01:23:50] [398/445] KYBO
[01:23:51] [399/445] SATK
[01:23:52] [400/445] SSCS
[01:23:52] 🔄 Identity reset
[01:23:52] 🔄 Identity rotated (every 10 requests)
[01:23:53] [401/445] CLSB
[01:23:54] [402/445] KMJR
[01:23:54] [403/445] FSCK
[01:23:55] [404/445] NNKA
[01:23:56] [405/445] CLMK
[01:23:57] [406/445] DMPZ
[01:23:58] [407/445] INQM
[01:23:59] [408/445] CAML
[01:24:00] [409/445] INRK
[01:24:01] [410/445] IMKN
[01:24:01] 🔄 Identity reset
[01:24:01] 🔄 Identity rotated (every 10 requests)
[01:24:03] [411/445] SVNR
[01:24:04] [412/445] INSL
[01:24:04] [413/445] MSMA
[01:24:05] [414/445] MCKK
[01:24:07] [415/445] FCHP
[01:24:08] [416/445] SFCR
[01:24:09] [417/445] NACK
[01:24:11] [418/445] PVAK
[01:24:12] [419/445] INER
[01:24:13] [420/445] RDBK
[01:24:13] 🔄 Identity reset
[01:24:13] 🔄 Identity rotated (every 10 requests)
[01:24:14] [421/445] SVFN
[01:24:14] [422/445] IFRM
[01:24:15] [423/445] ATCK
[01:24:16] [424/445] ASKO
[01:24:17] [425/445] STKT
[01:24:18] [426/445] SVFB
[01:24:19] [427/445] INKS
[01:24:20] [428/445] PCRA
[01:24:21] [429/445] ATJA
[01:24:22] [430/445] IMJN
[01:24:22] 🔄 Identity reset
[01:24:22] 🔄 Identity rotated (every 10 requests)
[01:24:23] [431/445] INHD
[01:24:24] [432/445] BARA
[01:24:25] [433/445] MCSL
[01:24:26] [434/445] RTOY
[01:24:27] [435/445] MENO
[01:24:29] [436/445] PUDM
[01:24:30] [437/445] PRCN
[01:24:32] [438/445] JMJR
[01:24:33] [439/445] SSGK
[01:24:34] [440/445] SSRL
[01:24:34] 🔄 Identity reset
[01:24:34] 🔄 Identity rotated (every 10 requests)
[01:24:35] [441/445] JYKL
[01:24:36] [442/445] ACNB
[01:24:37] [443/445] SONP
[01:24:38] [444/445] EMCI
[01:24:39] [445/445] MRJH
[01:24:40] ✅ DONE | Shows=1 | Movies=1
[02:17:01] 🚀 BMS DAILY TRACKER STARTED (enhanced anti‑detection)
[02:17:01] [1/445] TGMR
[02:17:02] 🧠 New identity created
[02:17:02] [2/445] CXKR
[02:17:03] [3/445] SROP
[02:17:04] [4/445] GTSV
[02:17:05] [5/445] SNTY
[02:17:06] [6/445] SMYY
[02:17:07] [7/445] CNCS
[02:17:08] [8/445] CSTM
[02:17:09] [9/445] NUCD
[02:17:10] [10/445] SHCZ
[02:17:10] 🔄 Identity reset
[02:17:10] 🔄 Identity rotated (every 10 requests)
[02:17:11] [11/445] NJCT
[02:17:12] [12/445] COPC
[02:17:12] [13/445] STVV
[02:17:13] [14/445] SKRN
[02:17:14] [15/445] APPZ
[02:17:16] [16/445] YMGN
[02:17:17] [17/445] SVTU
[02:17:18] [18/445] GTAD
[02:17:19] [19/445] PSUS
[02:17:20] [20/445] SMCD
[02:17:21] 🔄 Identity reset
[02:17:21] 🔄 Identity rotated (every 10 requests)
[02:17:21] [21/445] CMCM
[02:17:22] [22/445] SYCT
[02:17:23] [23/445] STLY
[02:17:24] [24/445] CMHU
[02:17:26] [25/445] CMSA
[02:17:27] [26/445] CLCU
[02:17:28] [27/445] PPNT
[02:17:29] [28/445] JTAB
[02:17:31] [29/445] BUUC
[02:17:32] [30/445] BSVK
[02:17:32] 🔄 Identity reset
[02:17:32] 🔄 Identity rotated (every 10 requests)
[02:17:32] [31/445] VVVQ
[02:17:33] [32/445] TKMU
[02:17:34] [33/445] ESYL
[02:17:35] [34/445] ACHP
[02:17:36] [35/445] BTKD
[02:17:37] [36/445] DESA
[02:17:38] [37/445] GBCT
[02:17:39] [38/445] BLLD
[02:17:40] [39/445] SKNT
[02:17:41] [40/445] SSTE
[02:17:42] 🔄 Identity reset
[02:17:42] 🔄 Identity rotated (every 10 requests)
[02:17:42] [41/445] VJMR
[02:17:43] [42/445] NTPU
[02:17:44] [43/445] RDKN
[02:17:45] [44/445] ADGC
[02:17:46] [45/445] VRBP
[02:17:47] [46/445] NMNA
[02:17:48] [47/445] CMMX
[02:17:49] [48/445] PTKO
[02:17:50] [49/445] RBML
[02:17:51] [50/445] SAIC
[02:17:51] 🔄 Identity reset
[02:17:51] 🔄 Identity rotated (every 10 requests)
[02:17:52] [51/445] SVTJ
[02:17:53] [52/445] MRTE
[02:17:54] [53/445] RBTP
[02:17:55] [54/445] NLPS
[02:17:55] [55/445] GTNA
[02:17:56] [56/445] DGGC
[02:17:57] [57/445] SMCR
[02:17:58] [58/445] SCGD
[02:17:59] [59/445] SRRJ
[02:18:00] [60/445] CNRY
[02:18:01] 🔄 Identity reset
[02:18:01] 🔄 Identity rotated (every 10 requests)
[02:18:01] [61/445] KTDI
[02:18:03] [62/445] SNJL
[02:18:04] [63/445] RKMD
[02:18:04] [64/445] SMDC
[02:18:05] [65/445] TADG
[02:18:06] [66/445] MCGS
[02:18:07] [67/445] PETK
[02:18:08] [68/445] CHAG
[02:18:09] [69/445] KSTL
[02:18:10] [70/445] AADS
[02:18:11] 🔄 Identity reset
[02:18:11] 🔄 Identity rotated (every 10 requests)
[02:18:11] [71/445] NTHZ
[02:18:12] [72/445] HCKI
[02:18:13] [73/445] SSEF
[02:18:14] [74/445] MCGX
[02:18:16] [75/445] ERRA
[02:18:17] [76/445] SDTW
[02:18:18] [77/445] RMPK
[02:18:19] [78/445] PTHK
[02:18:20] [79/445] PXCS
[02:18:21] [80/445] SVLU
[02:18:21] 🔄 Identity reset
[02:18:21] 🔄 Identity rotated (every 10 requests)
[02:18:21] [81/445] STAH
[02:18:22] [82/445] JRGF
[02:18:23] [83/445] CDOK
[02:18:24] [84/445] CMSG
[02:18:25] [85/445] APTD
[02:18:26] [86/445] KMPG
[02:18:28] [87/445] MUTJ
[02:18:29] [88/445] VCCI
[02:18:30] [89/445] URBE
[02:18:31] [90/445] TCTS
[02:18:31] 🔄 Identity reset
[02:18:31] 🔄 Identity rotated (every 10 requests)
[02:18:32] [91/445] STSN
[02:18:32] [92/445] AKCH
[02:18:33] [93/445] APSC
[02:18:34] [94/445] VLTB
[02:18:35] [95/445] SANU
[02:18:36] [96/445] AXAM
[02:18:37] [97/445] MGMG
[02:18:38] [98/445] HTBY
[02:18:39] [99/445] MMZS
[02:18:40] [100/445] SUDR
[02:18:40] 🔄 Identity reset
[02:18:40] 🔄 Identity rotated (every 10 requests)
[02:18:41] [101/445] CCAD
[02:18:42] [102/445] SKKC
[02:18:42] [103/445] RMCD
[02:18:43] [104/445] SBCQ
[02:18:44] [105/445] DCCT
[02:18:45] [106/445] VTKP
[02:18:46] [107/445] MLAM
[02:18:47] [108/445] SAVT
[02:18:48] [109/445] GEPL
[02:18:49] [110/445] AMCD
[02:18:49] 🔄 Identity reset
[02:18:49] 🔄 Identity rotated (every 10 requests)
[02:18:49] [111/445] CCXR
[02:18:50] [112/445] GRNG
[02:18:51] [113/445] EBCA
[02:18:52] [114/445] CNVG
[02:18:54] [115/445] MWSS
[02:18:55] [116/445] VBOR
[02:18:56] [117/445] NEEB
[02:18:57] [118/445] SUTH
[02:18:58] [119/445] ANDB
[02:18:59] [120/445] MMXS
[02:18:59] 🔄 Identity reset
[02:18:59] 🔄 Identity rotated (every 10 requests)
[02:19:00] [121/445] CNPD
[02:19:01] [122/445] SDCE
[02:19:01] [123/445] DHCB
[02:19:03] [124/445] ODEN
[02:19:04] [125/445] TNTC
[02:19:05] [126/445] VBKM
[02:19:05] [127/445] RZYM
[02:19:06] [128/445] JEMC
[02:19:07] [129/445] CMAU
[02:19:08] [130/445] SIVP
[02:19:09] 🔄 Identity reset
[02:19:09] 🔄 Identity rotated (every 10 requests)
[02:19:09] [131/445] ATAG
[02:19:10] [132/445] CHTM
[02:19:11] [133/445] AAEE
[02:19:12] [134/445] IWPM
[02:19:13] [135/445] KCMW
[02:19:15] [136/445] MCTD
[02:19:16] [137/445] SPWR
[02:19:17] [138/445] SDPO
[02:19:18] [139/445] PCSK
[02:19:19] [140/445] ACHV
[02:19:20] 🔄 Identity reset
[02:19:20] 🔄 Identity rotated (every 10 requests)
[02:19:20] [141/445] SVLA
[02:19:21] [142/445] PICT
[02:19:22] [143/445] BXDR
[02:19:23] [144/445] SPWA
[02:19:24] [145/445] MCKO
[02:19:25] [146/445] RTHK
[02:19:26] [147/445] CCMF
[02:19:27] [148/445] MRGB
[02:19:29] [149/445] CPLC
[02:19:30] [150/445] RACD
[02:19:30] 🔄 Identity reset
[02:19:30] 🔄 Identity rotated (every 10 requests)
[02:19:31] [151/445] ATKT
[02:19:31] [152/445] SARN
[02:19:32] [153/445] KKUI
[02:19:33] [154/445] RGCM
[02:19:34] [155/445] BRVP
[02:19:35] [156/445] HRSR
[02:19:36] [157/445] GKGM
[02:19:37] [158/445] TTCD
[02:19:38] [159/445] PTTI
[02:19:39] [160/445] MPTT
[02:19:40] 🔄 Identity reset
[02:19:40] 🔄 Identity rotated (every 10 requests)
[02:19:40] [161/445] CVTT
[02:19:42] [162/445] PCXD
[02:19:43] [163/445] GCDC
[02:19:44] [164/445] CCCF
[02:19:45] [165/445] MRAD
[02:19:46] [166/445] CPLK
[02:19:48] [167/445] SATB
[02:19:49] [168/445] SNVG
[02:19:50] [169/445] JMBA
[02:19:51] [170/445] TEJA
[02:19:52] 🔄 Identity reset
[02:19:52] 🔄 Identity rotated (every 10 requests)
[02:19:52] [171/445] STYO
[02:19:53] [172/445] JTBP
[02:19:54] [173/445] KRGD
[02:19:55] [174/445] SLJJ
[02:19:56] [175/445] SPTJ
[02:19:57] [176/445] SWJG
[02:19:58] [177/445] LKRT
[02:19:59] [178/445] KCKA
[02:20:00] [179/445] SNCR
[02:20:01] [180/445] SMKL
[02:20:01] 🔄 Identity reset
[02:20:01] 🔄 Identity rotated (every 10 requests)
[02:20:02] [181/445] GCFA
[02:20:03] [182/445] DDCK
[02:20:04] [183/445] NCHJ
[02:20:05] [184/445] RDMA
[02:20:07] [185/445] SVSV
[02:20:07] [186/445] SCJG
[02:20:08] [187/445] VKLP
[02:20:09] [188/445] NWCC
[02:20:10] [189/445] VKNS
[02:20:11] [190/445] SDDP
[02:20:12] 🔄 Identity reset
[02:20:12] 🔄 Identity rotated (every 10 requests)
[02:20:12] [191/445] ACSI
[02:20:14] [192/445] SATG
[02:20:14] [193/445] SCMW
[02:20:15] [194/445] LKTK
[02:20:16] [195/445] VCKV
[02:20:17] [196/445] KKPE
[02:20:18] [197/445] KIGH
[02:20:19] [198/445] SRPM
[02:20:20] [199/445] SCAH
[02:20:21] [200/445] MUTA
[02:20:21] 🔄 Identity reset
[02:20:21] 🔄 Identity rotated (every 10 requests)
[02:20:21] [201/445] SEPU
[02:20:22] [202/445] INOA
[02:20:23] [203/445] BASK
[02:20:24] [204/445] NECB
[02:20:26] [205/445] GTTG
[02:20:27] [206/445] ASSA
[02:20:28] [207/445] ANCL
[02:20:29] [208/445] GCTI
[02:20:30] [209/445] RCTS
[02:20:31] [210/445] ACNL
[02:20:31] 🔄 Identity reset
[02:20:31] 🔄 Identity rotated (every 10 requests)
[02:20:32] [211/445] MYCT
[02:20:33] [212/445] NMHT
[02:20:34] [213/445] MDIT
[02:20:34] [214/445] LATG
[02:20:35] [215/445] SMTY
[02:20:36] [216/445] CVCT
[02:20:37] [217/445] RAMB
[02:20:38] [218/445] TGMS
[02:20:39] [219/445] BHEL
[02:20:40] [220/445] SHCT
[02:20:40] 🔄 Identity reset
[02:20:40] 🔄 Identity rotated (every 10 requests)
[02:20:41] [221/445] SVCT
[02:20:42] [222/445] MRIY
[02:20:43] [223/445] SARO
[02:20:45] [224/445] STCT
[02:20:46] [225/445] JKKC
[02:20:47] [226/445] PLTT
[02:20:48] [227/445] SRNT
[02:20:50] [228/445] YAST
[02:20:52] [229/445] PERL
[02:20:53] [230/445] CICM
[02:20:54] 🔄 Identity reset
[02:20:54] 🔄 Identity rotated (every 10 requests)
[02:20:54] [231/445] MMTR
[02:20:55] [232/445] ABTK
[02:20:56] [233/445] ATYY
[02:20:57] [234/445] ASTK
[02:20:58] [235/445] VVCK
[02:20:59] [236/445] ATKY
[02:21:00] [237/445] GWEK
[02:21:01] [238/445] SVFH
[02:21:02] [239/445] SLTA
[02:21:03] [240/445] AASH
[02:21:03] 🔄 Identity reset
[02:21:03] 🔄 Identity rotated (every 10 requests)
[02:21:04] [241/445] ACXB
[02:21:04] [242/445] SMTX
[02:21:06] [243/445] AZDH
[02:21:07] [244/445] CMMH
[02:21:08] [245/445] SCSZ
[02:21:09] [246/445] SCKP
[02:21:10] [247/445] NXTM
[02:21:11] [248/445] NWCS
[02:21:12] [249/445] CXMH
[02:21:13] [250/445] PCMA
[02:21:13] 🔄 Identity reset
[02:21:13] 🔄 Identity rotated (every 10 requests)
[02:21:14] [251/445] SGCM
[02:21:14] [252/445] SDTU
[02:21:16] [253/445] MMVI
[02:21:17] [254/445] JKCM
[02:21:18] [255/445] VCMM
[02:21:19] [256/445] SYEE
[02:21:21] [257/445] VASD
[02:21:21] [258/445] BDRB
[02:21:22] [259/445] LASM
[02:21:23] [260/445] DCRL
[02:21:24] 🔄 Identity reset
[02:21:24] 🔄 Identity rotated (every 10 requests)
[02:21:24] [261/445] DVPM
[02:21:25] [262/445] SBMJ
[02:21:26] [263/445] CBMU
[02:21:27] [264/445] IUBS
[02:21:28] [265/445] INAP
[02:21:29] [266/445] SRRC
[02:21:30] [267/445] SAGR
[02:21:31] [268/445] CPMJ
[02:21:31] [269/445] ATJL
[02:21:33] [270/445] NNTD
[02:21:33] 🔄 Identity reset
[02:21:33] 🔄 Identity rotated (every 10 requests)
[02:21:34] [271/445] JHCJ
[02:21:36] [272/445] CMMP
[02:21:37] [273/445] RSDR
[02:21:38] [274/445] AMTI
[02:21:40] [275/445] NYSG
[02:21:40] [276/445] AVSG
[02:21:41] [277/445] SYTP
[02:21:42] [278/445] LARC
[02:21:43] [279/445] RJTP
[02:21:44] [280/445] LAKC
[02:21:45] 🔄 Identity reset
[02:21:45] 🔄 Identity rotated (every 10 requests)
[02:21:46] [281/445] MCXE
[02:21:47] [282/445] CCZC
[02:21:48] [283/445] AVCH
[02:21:49] [284/445] CMBE
[02:21:50] [285/445] MRRC
[02:21:51] [286/445] PCPY
[02:21:52] [287/445] SRMH
[02:21:53] [288/445] SVGS
[02:21:53] [289/445] PCSE
[02:21:54] [290/445] SVFT
[02:21:55] 🔄 Identity reset
[02:21:55] 🔄 Identity rotated (every 10 requests)
[02:21:55] [291/445] TNZP
[02:21:56] [292/445] ICTP
[02:21:57] [293/445] ACTZ
[02:21:58] [294/445] GTUR
[02:21:59] [295/445] MAFC
[02:22:00] [296/445] MINL
[02:22:01] [297/445] MRCL
[02:22:02] [298/445] RCRP
[02:22:03] [299/445] RFFG
[02:22:04] [300/445] RMAS
[02:22:04] 🔄 Identity reset
[02:22:04] 🔄 Identity rotated (every 10 requests)
[02:22:05] [301/445] INVR
[02:22:06] [302/445] RMAR
[02:22:07] [303/445] CNIS
[02:22:07] [304/445] RHRJ
[02:22:09] [305/445] INXR
[02:22:10] [306/445] VALT
[02:22:11] [307/445] LCSH
[02:22:12] [308/445] CMVS
[02:22:14] [309/445] CNMS
[02:22:15] [310/445] ROOG
[02:22:15] 🔄 Identity reset
[02:22:15] 🔄 Identity rotated (every 10 requests)
[02:22:16] [311/445] ISRM
[02:22:17] [312/445] RCRM
[02:22:18] [313/445] ACJA
[02:22:19] [314/445] RCVS
[02:22:19] [315/445] CPUS
[02:22:20] [316/445] TGCS
[02:22:21] [317/445] RKCJ
[02:22:22] [318/445] MKSB
[02:22:23] [319/445] TCSJ
[02:22:24] [320/445] RMGP
[02:22:25] 🔄 Identity reset
[02:22:25] 🔄 Identity rotated (every 10 requests)
[02:22:25] [321/445] CLLP
[02:22:26] [322/445] RCMV
[02:22:27] [323/445] CCKS
[02:22:29] [324/445] RSRP
[02:22:31] [325/445] APLP
[02:22:32] [326/445] CNVS
[02:22:32] [327/445] RMVY
[02:22:33] [328/445] PGBD
[02:22:34] [329/445] KLMS
[02:22:36] [330/445] RUST
[02:22:36] 🔄 Identity reset
[02:22:36] 🔄 Identity rotated (every 10 requests)
[02:22:37] [331/445] MASM
[02:22:37] [332/445] BACS
[02:22:38] [333/445] BWST
[02:22:39] [334/445] RRFH
[02:22:40] [335/445] SJTM
[02:22:41] [336/445] BEMR
[02:22:42] [337/445] MCGR
[02:22:43] [338/445] SDSK
[02:22:44] [339/445] VBOL
[02:22:45] [340/445] RMGM
[02:22:46] 🔄 Identity reset
[02:22:46] 🔄 Identity rotated (every 10 requests)
[02:22:46] [341/445] NOPL
[02:22:47] [342/445] MKJK
[02:22:48] [343/445] CVRN
[02:22:49] [344/445] MMEN
[02:22:51] [345/445] AMNG
[02:22:52] [346/445] INTM
[02:22:53] [347/445] SLCZ
[02:22:54] [348/445] AMJN
[02:22:55] [349/445] ACJN
[02:22:56] [350/445] AMKN
[02:22:56] 🔄 Identity reset
[02:22:56] 🔄 Identity rotated (every 10 requests)
[02:22:57] [351/445] BTCN
[02:22:58] [352/445] AMBT
[02:22:59] [353/445] PACN
[02:22:59] [354/445] LCNS
[02:23:00] [355/445] PPKC
[02:23:01] [356/445] JYYN
[02:23:02] [357/445] JTNR
[02:23:03] [358/445] GTEE
[02:23:04] [359/445] SRNM
[02:23:05] [360/445] SDTC
[02:23:05] 🔄 Identity reset
[02:23:05] 🔄 Identity rotated (every 10 requests)
[02:23:06] [361/445] VPCA
[02:23:07] [362/445] VLRA
[02:23:08] [363/445] SHKR
[02:23:09] [364/445] SBKD
[02:23:10] [365/445] SAAD
[02:23:11] [366/445] JTGN
[02:23:12] [367/445] SLAM
[02:23:12] [368/445] VTPM
[02:23:13] [369/445] ANPT
[02:23:14] [370/445] PUNB
[02:23:15] 🔄 Identity reset
[02:23:15] 🔄 Identity rotated (every 10 requests)
[02:23:16] [371/445] CPKT
[02:23:17] [372/445] CNWE
[02:23:18] [373/445] ECPP
[02:23:19] [374/445] CPAR
[02:23:20] [375/445] ESBW
[02:23:21] [376/445] PKPU
[02:23:22] [377/445] CPRP
[02:23:23] [378/445] RAHU
[02:23:25] [379/445] RHMN
[02:23:26] [380/445] FMJP
[02:23:26] 🔄 Identity reset
[02:23:26] 🔄 Identity rotated (every 10 requests)
[02:23:27] [381/445] CTMP
[02:23:27] [382/445] INPN
[02:23:28] [383/445] STTG
[02:23:29] [384/445] CTRD
[02:23:31] [385/445] PUVB
[02:23:32] [386/445] ESVP
[02:23:33] [387/445] CPFT
[02:23:34] [388/445] LCPC
[02:23:35] [389/445] VBCT
[02:23:36] [390/445] FSCW
[02:23:36] 🔄 Identity reset
[02:23:36] 🔄 Identity rotated (every 10 requests)
[02:23:37] [391/445] VCMP
[02:23:44] [392/445] ASHC
[02:23:44] [393/445] VLCX
[02:23:45] [394/445] SHEV
[02:23:46] [395/445] APCO
[02:23:47] [396/445] SILC
[02:23:48] [397/445] SNMR
[02:23:50] [398/445] KYBO
[02:23:51] [399/445] SATK
[02:23:52] [400/445] SSCS
[02:23:53] 🔄 Identity reset
[02:23:53] 🔄 Identity rotated (every 10 requests)
[02:23:53] [401/445] CLSB
[02:23:54] [402/445] KMJR
[02:23:55] [403/445] FSCK
[02:23:57] [404/445] NNKA
[02:23:58] [405/445] CLMK
[02:23:59] [406/445] DMPZ
[02:24:00] [407/445] INQM
[02:24:01] [408/445] CAML
[02:24:03] [409/445] INRK
[02:24:03] [410/445] IMKN
[02:24:04] 🔄 Identity reset
[02:24:04] 🔄 Identity rotated (every 10 requests)
[02:24:05] [411/445] SVNR
[02:24:06] [412/445] INSL
[02:24:07] [413/445] MSMA
[02:24:08] [414/445] MCKK
[02:24:09] [415/445] FCHP
[02:24:11] [416/445] SFCR
[02:24:11] [417/445] NACK
[02:24:12] [418/445] PVAK
[02:24:13] [419/445] INER
[02:24:15] [420/445] RDBK
[02:24:16] 🔄 Identity reset
[02:24:16] 🔄 Identity rotated (every 10 requests)
[02:24:16] [421/445] SVFN
[02:24:17] [422/445] IFRM
[02:24:18] [423/445] ATCK
[02:24:19] [424/445] ASKO
[02:24:20] [425/445] STKT
[02:24:21] [426/445] SVFB
[02:24:22] [427/445] INKS
[02:24:23] [428/445] PCRA
[02:24:24] [429/445] ATJA
[02:24:25] [430/445] IMJN
[02:24:26] 🔄 Identity reset
[02:24:26] 🔄 Identity rotated (every 10 requests)
[02:24:26] [431/445] INHD
[02:24:27] [432/445] BARA
[02:24:28] [433/445] MCSL
[02:24:29] [434/445] RTOY
[02:24:30] [435/445] MENO
[02:24:31] [436/445] PUDM
[02:24:32] [437/445] PRCN
[02:24:34] [438/445] JMJR
[02:24:34] [439/445] SSGK
[02:24:35] [440/445] SSRL
[02:24:36] 🔄 Identity reset
[02:24:36] 🔄 Identity rotated (every 10 requests)
[02:24:36] [441/445] JYKL
[02:24:37] [442/445] ACNB
[02:24:38] [443/445] SONP
[02:24:39] [444/445] EMCI
[02:24:40] [445/445] MRJH
[02:24:41] ✅ DONE | Shows=1 | Movies=1
