[09:45:24] 🚀 SCRIPT STARTED (enhanced anti‑detection)
[09:45:24] [1/326] VCHA
[09:45:24] 🧠 New identity created
[09:45:25] [2/326] SCKO
[09:45:25] [3/326] VKTK
[09:45:26] [4/326] DXEC
[09:45:27] [5/326] CDCA
[09:45:28] [6/326] VBCZ
[09:45:29] [7/326] MSDR
[09:45:30] [8/326] ACPV
[09:45:31] [9/326] PVHB
[09:45:32] [10/326] RCNH
[09:45:33] 🔄 Identity reset
[09:45:33] 🔄 Identity rotated (every 10 requests)
[09:45:33] [11/326] IOMH
[09:45:34] [12/326] ILKS
[09:45:35] [13/326] AMSN
[09:45:36] [14/326] ANTP
[09:45:36] [15/326] SSEK
[09:45:37] [16/326] PICP
[09:45:38] [17/326] SICO
[09:45:39] [18/326] SISP
[09:45:40] [19/326] SCPI
[09:45:41] [20/326] CRPR
[09:45:41] 🔄 Identity reset
[09:45:41] 🔄 Identity rotated (every 10 requests)
[09:45:42] [21/326] DCTW
[09:45:42] [22/326] DCSP
[09:45:43] [23/326] KRPM
[09:45:44] [24/326] THKK
[09:45:45] [25/326] SNMY
[09:45:46] [26/326] AKCC
[09:45:47] [27/326] PCAT
[09:45:48] [28/326] RFGO
[09:45:48] [29/326] GGCS
[09:45:49] [30/326] ACKR
[09:45:50] 🔄 Identity reset
[09:45:50] 🔄 Identity rotated (every 10 requests)
[09:45:50] [31/326] STDO
[09:45:51] [32/326] ACKB
[09:45:52] [33/326] ALUC
[09:45:53] [34/326] MNSR
[09:45:54] [35/326] CSSL
[09:45:55] [36/326] BGGM
[09:45:56] [37/326] MANT
[09:45:58] [38/326] SOOY
[09:45:59] [39/326] VPPK
[09:46:00] [40/326] MYHJ
[09:46:01] 🔄 Identity reset
[09:46:01] 🔄 Identity rotated (every 10 requests)
[09:46:01] [41/326] KSCK
[09:46:02] [42/326] KATK
[09:46:03] [43/326] RTRT
[09:46:03] [44/326] SSTT
[09:46:05] [45/326] SSTV
[09:46:06] [46/326] LACM
[09:46:07] [47/326] SGMG
[09:46:08] [48/326] KACX
[09:46:09] [49/326] GVCP
[09:46:09] [50/326] CSNC
[09:46:10] 🔄 Identity reset
[09:46:10] 🔄 Identity rotated (every 10 requests)
[09:46:10] [51/326] SXCB
[09:46:11] [52/326] BAHS
[09:46:12] [53/326] PCBI
[09:46:13] [54/326] PSSM
[09:46:15] [55/326] RCOK
[09:46:15] [56/326] SCPF
[09:46:16] [57/326] SSAS
[09:46:17] [58/326] EVMM
[09:46:18] [59/326] SYCB
[09:46:19] [60/326] GCKI
[09:46:19] 🔄 Identity reset
[09:46:19] 🔄 Identity rotated (every 10 requests)
[09:46:20] [61/326] IAET
[09:46:21] [62/326] DDTD
[09:46:22] [63/326] GMDH
[09:46:22] [64/326] STLE
[09:46:23] [65/326] JTRA
[09:46:25] [66/326] RPPA
[09:46:26] [67/326] ARUT
[09:46:26] [68/326] JTVM
[09:46:28] [69/326] SWRH
[09:46:29] [70/326] DCPC
[09:46:29] 🔄 Identity reset
[09:46:29] 🔄 Identity rotated (every 10 requests)
[09:46:30] [71/326] RAPR
[09:46:30] [72/326] GCRT
[09:46:31] [73/326] ATUN
[09:46:32] [74/326] LTRM
[09:46:33] [75/326] TASR
[09:46:34] [76/326] RLLC
[09:46:35] [77/326] MABI
[09:46:36] [78/326] SVHB
[09:46:37] [79/326] NVTB
[09:46:38] [80/326] KCKG
[09:46:38] 🔄 Identity reset
[09:46:38] 🔄 Identity rotated (every 10 requests)
[09:46:39] [81/326] SSRN
[09:46:40] [82/326] VDDC
[09:46:40] [83/326] GKTK
[09:46:41] [84/326] YFSN
[09:46:42] [85/326] GCSG
[09:46:43] [86/326] ESSM
[09:46:44] [87/326] KRIH
[09:46:45] [88/326] GCDS
[09:46:46] [89/326] CCSH
[09:46:47] [90/326] ACSK
[09:46:48] 🔄 Identity reset
[09:46:48] 🔄 Identity rotated (every 10 requests)
[09:46:48] [91/326] APRK
[09:46:49] [92/326] ADKM
[09:46:50] [93/326] SRDM
[09:46:51] [94/326] SJMY
[09:46:52] [95/326] PGGC
[09:46:53] [96/326] INGM
[09:46:54] [97/326] LSCB
[09:46:55] [98/326] STAD
[09:46:56] [99/326] MCCR
[09:46:57] [100/326] ABCC
[09:46:57] 🔄 Identity reset
[09:46:57] 🔄 Identity rotated (every 10 requests)
[09:46:57] 🔄 Retry 1/5 for ABCC in 2.9s
[09:46:57] 🔄 Identity reset
[09:47:00] 🧠 New identity created
[09:47:00] 🔄 Retry 2/5 for ABCC in 4.3s
[09:47:00] 🔄 Identity reset
[09:47:05] 🧠 New identity created
[09:47:05] [101/326] RKCC
[09:47:06] [102/326] RTCR
[09:47:06] [103/326] GGBC
[09:47:07] [104/326] GCSD
[09:47:08] [105/326] LPTY
[09:47:09] [106/326] MCFD
[09:47:10] [107/326] HENN
[09:47:11] [108/326] SMKU
[09:47:11] 🔄 Identity reset
[09:47:11] 🔄 Identity rotated (every 10 requests)
[09:47:12] [109/326] TNZC
[09:47:13] [110/326] DRCD
[09:47:14] [111/326] DLCD
[09:47:14] [112/326] RCDA
[09:47:15] [113/326] COSM
[09:47:16] [114/326] MCMJ
[09:47:17] [115/326] CSTR
[09:47:18] [116/326] CVDK
[09:47:19] [117/326] INRR
[09:47:19] [118/326] RJRT
[09:47:20] 🔄 Identity reset
[09:47:20] 🔄 Identity rotated (every 10 requests)
[09:47:20] [119/326] IRMR
[09:47:21] [120/326] SRCF
[09:47:22] [121/326] GRCR
[09:47:23] [122/326] SURC
[09:47:24] [123/326] NMNH
[09:47:25] [124/326] SVBL
[09:47:26] [125/326] KACI
[09:47:27] [126/326] TDGO
[09:47:28] [127/326] KTBR
[09:47:29] [128/326] PMAD
[09:47:29] 🔄 Identity reset
[09:47:29] 🔄 Identity rotated (every 10 requests)
[09:47:30] [129/326] CCPN
[09:47:31] [130/326] SBTK
[09:47:31] [131/326] LMDK
[09:47:32] [132/326] PGDA
[09:47:34] [133/326] SRML
[09:47:35] [134/326] EVCK
[09:47:35] [135/326] RTTK
[09:47:36] [136/326] SRTU
[09:47:37] [137/326] VRSA
[09:47:38] [138/326] VARS
[09:47:38] 🔄 Identity reset
[09:47:39] 🔄 Identity rotated (every 10 requests)
[09:47:39] [139/326] DSCZ
[09:47:40] [140/326] GAGA
[09:47:41] [141/326] SARV
[09:47:42] [142/326] SEEG
[09:47:43] [143/326] GLCA
[09:47:44] [144/326] APAS
[09:47:45] [145/326] VCIA
[09:47:45] [146/326] SJTA
[09:47:46] [147/326] SABM
[09:47:47] [148/326] PPAG
[09:47:48] 🔄 Identity reset
[09:47:48] 🔄 Identity rotated (every 10 requests)
[09:47:48] [149/326] RVCA
[09:47:49] [150/326] CCIA
[09:47:49] [151/326] HTAG
[09:47:50] [152/326] SMBI
[09:47:51] [153/326] MCJR
[09:47:52] [154/326] CCJR
[09:47:53] [155/326] SINF
[09:47:54] [156/326] CPLX
[09:47:55] [157/326] KKTJ
[09:47:56] [158/326] GDBW
[09:47:57] 🔄 Identity reset
[09:47:57] 🔄 Identity rotated (every 10 requests)
[09:47:57] [159/326] CSUB
[09:47:58] [160/326] DABA
[09:47:59] [161/326] TITR
[09:48:00] [162/326] NYCR
[09:48:01] [163/326] RTRY
[09:48:02] [164/326] JTJL
[09:48:02] [165/326] SJCP
[09:48:04] [166/326] KCCA
[09:48:05] [167/326] MLPG
[09:48:06] [168/326] VRCK
[09:48:06] 🔄 Identity reset
[09:48:06] 🔄 Identity rotated (every 10 requests)
[09:48:06] [169/326] SRIN
[09:48:07] [170/326] CXMK
[09:48:08] [171/326] SKAD
[09:48:09] [172/326] AVTR
[09:48:10] [173/326] PTAJ
[09:48:11] [174/326] SCNK
[09:48:12] [175/326] STTI
[09:48:13] [176/326] KACR
[09:48:14] [177/326] SSDX
[09:48:16] [178/326] VRTJ
[09:48:16] 🔄 Identity reset
[09:48:16] 🔄 Identity rotated (every 10 requests)
[09:48:17] [179/326] RAJD
[09:48:18] [180/326] SCIP
[09:48:19] [181/326] RJSL
[09:48:20] [182/326] ARRS
[09:48:22] [183/326] ASMS
[09:48:22] [184/326] RDTS
[09:48:23] [185/326] DVMY
[09:48:24] [186/326] RASA
[09:48:26] [187/326] INOM
[09:48:27] [188/326] SPRS
[09:48:27] 🔄 Identity reset
[09:48:27] 🔄 Identity rotated (every 10 requests)
[09:48:27] 🔄 Retry 1/5 for SPRS in 2.8s
[09:48:27] 🔄 Identity reset
[09:48:30] 🧠 New identity created
[09:48:30] [189/326] SGCS
[09:48:32] [190/326] SALM
[09:48:33] [191/326] PKHC
[09:48:34] [192/326] RCSV
[09:48:35] [193/326] CPKC
[09:48:36] [194/326] AACD
[09:48:37] [195/326] GGCV
[09:48:38] [196/326] SMKD
[09:48:38] [197/326] NBCH
[09:48:39] 🔄 Identity reset
[09:48:39] 🔄 Identity rotated (every 10 requests)
[09:48:39] [198/326] AMCB
[09:48:40] [199/326] OPCN
[09:48:41] [200/326] DCIN
[09:48:42] [201/326] INGW
[09:48:42] [202/326] PKKW
[09:48:43] [203/326] FNGW
[09:48:44] [204/326] GCGD
[09:48:45] [205/326] MSTW
[09:48:47] [206/326] KCCG
[09:48:48] [207/326] MRSS
[09:48:49] 🔄 Identity reset
[09:48:49] 🔄 Identity rotated (every 10 requests)
[09:48:49] [208/326] CLCF
[09:48:50] [209/326] EETS
[09:48:51] [210/326] AATR
[09:48:51] [211/326] CMMN
[09:48:52] [212/326] SCCJ
[09:48:53] [213/326] CDTK
[09:48:54] [214/326] AICP
[09:48:55] [215/326] FNBP
[09:48:56] [216/326] CBPB
[09:48:56] [217/326] CPAS
[09:48:57] 🔄 Identity reset
[09:48:57] 🔄 Identity rotated (every 10 requests)
[09:48:57] [218/326] MAPM
[09:48:59] [219/326] PASD
[09:49:00] [220/326] JCMN
[09:49:01] [221/326] MALB
[09:49:02] [222/326] SACG
[09:49:03] [223/326] DDRX
[09:49:04] [224/326] DDXB
[09:49:04] [225/326] RAMC
[09:49:05] [226/326] SANC
[09:49:06] [227/326] BCBP
[09:49:07] 🔄 Identity reset
[09:49:07] 🔄 Identity rotated (every 10 requests)
[09:49:08] [228/326] ALPC
[09:49:09] [229/326] RBAC
[09:49:10] [230/326] RAJL
[09:49:10] [231/326] MPDX
[09:49:11] [232/326] MUSC
[09:49:12] [233/326] VKMK
[09:49:13] [234/326] SKCG
[09:49:14] [235/326] ANCN
[09:49:15] [236/326] MMCJ
[09:49:16] [237/326] DCAK
[09:49:17] 🔄 Identity reset
[09:49:17] 🔄 Identity rotated (every 10 requests)
[09:49:17] 🔄 Retry 1/5 for DCAK in 2.3s
[09:49:17] 🔄 Identity reset
[09:49:19] 🧠 New identity created
[09:49:19] [238/326] SCKG
[09:49:20] [239/326] LMCK
[09:49:21] [240/326] CKKX
[09:49:23] [241/326] ANKU
[09:49:24] [242/326] CSMD
[09:49:25] [243/326] MKMP
[09:49:26] [244/326] SVBG
[09:49:27] [245/326] ROOP
[09:49:28] [246/326] GDMT
[09:49:28] 🔄 Identity reset
[09:49:28] 🔄 Identity rotated (every 10 requests)
[09:49:29] [247/326] FPPF
[09:49:29] [248/326] SFUU
[09:49:31] [249/326] ANCB
[09:49:32] [250/326] SMMC
[09:49:33] [251/326] UGKT
[09:49:34] [252/326] JVRM
[09:49:34] [253/326] BATG
[09:49:35] [254/326] RATE
[09:49:36] [255/326] SKME
[09:49:37] [256/326] LMTP
[09:49:38] 🔄 Identity reset
[09:49:38] 🔄 Identity rotated (every 10 requests)
[09:49:38] [257/326] TCBD
[09:49:39] [258/326] ESBD
[09:49:40] [259/326] GDCU
[09:49:41] [260/326] SNKT
[09:49:42] [261/326] SRNK
[09:49:42] [262/326] SMED
[09:49:43] [263/326] CSQS
[09:49:44] [264/326] ALCS
[09:49:45] [265/326] KCKN
[09:49:46] [266/326] VCCL
[09:49:47] 🔄 Identity reset
[09:49:47] 🔄 Identity rotated (every 10 requests)
[09:49:47] [267/326] MCDA
[09:49:48] [268/326] SHMI
[09:49:49] [269/326] SKHA
[09:49:50] [270/326] SVFK
[09:49:51] [271/326] INVB
[09:49:52] [272/326] MELD
[09:49:53] [273/326] JTYS
[09:49:54] [274/326] INCM
[09:49:55] [275/326] MCDV
[09:49:57] [276/326] KSGK
[09:49:57] 🔄 Identity reset
[09:49:57] 🔄 Identity rotated (every 10 requests)
[09:49:57] [277/326] ICMG
[09:49:58] [278/326] CSCV
[09:49:59] [279/326] STMD
[09:50:00] [280/326] STTR
[09:50:01] [281/326] INVC
[09:50:01] [282/326] JTBL
[09:50:02] [283/326] SRVV
[09:50:03] [284/326] MAVC
[09:50:04] [285/326] SRPP
[09:50:05] [286/326] JGDM
[09:50:05] 🔄 Identity reset
[09:50:05] 🔄 Identity rotated (every 10 requests)
[09:50:05] [287/326] MBSJ
[09:50:06] [288/326] SSLL
[09:50:07] [289/326] SLKP
[09:50:09] [290/326] NSRV
[09:50:10] [291/326] UTDV
[09:50:11] [292/326] KICM
[09:50:13] [293/326] KCMD
[09:50:14] [294/326] TTPP
[09:50:15] [295/326] KMPV
[09:50:15] [296/326] SKTV
[09:50:16] 🔄 Identity reset
[09:50:16] 🔄 Identity rotated (every 10 requests)
[09:50:16] [297/326] STCV
[09:50:17] [298/326] SRDA
[09:50:18] [299/326] JTSX
[09:50:19] [300/326] STBV
[09:50:20] [301/326] APVZ
[09:50:21] [302/326] GSTV
[09:50:22] [303/326] NMVS
[09:50:23] [304/326] SKRT
[09:50:24] [305/326] RMDV
[09:50:25] [306/326] RATG
[09:50:25] 🔄 Identity reset
[09:50:25] 🔄 Identity rotated (every 10 requests)
[09:50:26] [307/326] SJYV
[09:50:27] [308/326] NDGP
[09:50:27] [309/326] SNDG
[09:50:28] [310/326] INSR
[09:50:29] [311/326] INSO
[09:50:31] [312/326] CCSI
[09:50:32] [313/326] RASM
[09:50:33] [314/326] NEWC
[09:50:33] [315/326] VSHL
[09:50:34] [316/326] BISW
[09:50:35] 🔄 Identity reset
[09:50:35] 🔄 Identity rotated (every 10 requests)
[09:50:35] [317/326] GCNG
[09:50:36] [318/326] CWSC
[09:50:37] [319/326] SKAN
[09:50:38] [320/326] CCOA
[09:50:39] [321/326] MCAJ
[09:50:40] [322/326] ACDE
[09:50:41] [323/326] AACM
[09:50:43] [324/326] JJCK
[09:50:43] [325/326] RCMO
[09:50:44] [326/326] GDAW
[09:50:45] 🔄 Identity reset
[09:50:45] 🔄 Identity rotated (every 10 requests)
[09:50:45] 🔄 Retry 1/5 for GDAW in 2.8s
[09:50:45] 🔄 Identity reset
[09:50:48] 🧠 New identity created
[09:50:48] 🧹 Deduping shows
[09:50:48] ✅ DONE | Shows=195 | Movies=12
[16:34:21] 🚀 SCRIPT STARTED (enhanced anti‑detection)
[16:34:21] [1/326] VCHA
[16:34:21] 🧠 New identity created
[16:34:22] [2/326] SCKO
[16:34:22] [3/326] VKTK
[16:34:23] [4/326] DXEC
[16:34:24] [5/326] CDCA
[16:34:26] [6/326] VBCZ
[16:34:27] [7/326] MSDR
[16:34:27] [8/326] ACPV
[16:34:28] [9/326] PVHB
[16:34:29] [10/326] RCNH
[16:34:30] 🔄 Identity reset
[16:34:30] 🔄 Identity rotated (every 10 requests)
[16:34:30] 🔄 Retry 1/5 for RCNH in 2.5s
[16:34:30] 🔄 Identity reset
[16:34:32] 🧠 New identity created
[16:34:32] 🔄 Retry 2/5 for RCNH in 4.6s
[16:34:32] 🔄 Identity reset
[16:34:37] 🧠 New identity created
[16:34:37] [11/326] IOMH
[16:34:39] [12/326] ILKS
[16:34:40] [13/326] AMSN
[16:34:41] [14/326] ANTP
[16:34:41] [15/326] SSEK
[16:34:42] [16/326] PICP
[16:34:43] [17/326] SICO
[16:34:44] [18/326] SISP
[16:34:44] 🔄 Identity reset
[16:34:44] 🔄 Identity rotated (every 10 requests)
[16:34:45] [19/326] SCPI
[16:34:46] [20/326] CRPR
[16:34:46] [21/326] DCTW
[16:34:47] [22/326] DCSP
[16:34:48] [23/326] KRPM
[16:34:49] [24/326] THKK
[16:34:50] [25/326] SNMY
[16:34:51] [26/326] AKCC
[16:34:52] [27/326] PCAT
[16:34:53] [28/326] RFGO
[16:34:54] 🔄 Identity reset
[16:34:54] 🔄 Identity rotated (every 10 requests)
[16:34:54] [29/326] GGCS
[16:34:55] [30/326] ACKR
[16:34:56] [31/326] STDO
[16:34:57] [32/326] ACKB
[16:34:57] [33/326] ALUC
[16:34:58] [34/326] MNSR
[16:34:59] [35/326] CSSL
[16:35:00] [36/326] BGGM
[16:35:01] [37/326] MANT
[16:35:03] [38/326] SOOY
[16:35:03] 🔄 Identity reset
[16:35:03] 🔄 Identity rotated (every 10 requests)
[16:35:03] [39/326] VPPK
[16:35:04] [40/326] MYHJ
[16:35:06] [41/326] KSCK
[16:35:06] [42/326] KATK
[16:35:07] [43/326] RTRT
[16:35:08] [44/326] SSTT
[16:35:09] [45/326] SSTV
[16:35:10] [46/326] LACM
[16:35:11] [47/326] SGMG
[16:35:11] [48/326] KACX
[16:35:12] 🔄 Identity reset
[16:35:12] 🔄 Identity rotated (every 10 requests)
[16:35:12] [49/326] GVCP
[16:35:13] [50/326] CSNC
[16:35:14] [51/326] SXCB
[16:35:15] [52/326] BAHS
[16:35:15] [53/326] PCBI
[16:35:16] [54/326] PSSM
[16:35:17] [55/326] RCOK
[16:35:18] [56/326] SCPF
[16:35:19] [57/326] SSAS
[16:35:20] [58/326] EVMM
[16:35:21] 🔄 Identity reset
[16:35:21] 🔄 Identity rotated (every 10 requests)
[16:35:21] [59/326] SYCB
[16:35:22] [60/326] GCKI
[16:35:23] [61/326] IAET
[16:35:23] [62/326] DDTD
[16:35:24] [63/326] GMDH
[16:35:25] [64/326] STLE
[16:35:26] [65/326] JTRA
[16:35:27] [66/326] RPPA
[16:35:28] [67/326] ARUT
[16:35:29] [68/326] JTVM
[16:35:29] 🔄 Identity reset
[16:35:29] 🔄 Identity rotated (every 10 requests)
[16:35:30] [69/326] SWRH
[16:35:32] [70/326] DCPC
[16:35:33] [71/326] RAPR
[16:35:34] [72/326] GCRT
[16:35:35] [73/326] ATUN
[16:35:36] [74/326] LTRM
[16:35:37] [75/326] TASR
[16:35:38] [76/326] RLLC
[16:35:39] [77/326] MABI
[16:35:40] [78/326] SVHB
[16:35:40] 🔄 Identity reset
[16:35:40] 🔄 Identity rotated (every 10 requests)
[16:35:40] [79/326] NVTB
[16:35:41] [80/326] KCKG
[16:35:43] [81/326] SSRN
[16:35:44] [82/326] VDDC
[16:35:46] [83/326] GKTK
[16:35:47] [84/326] YFSN
[16:35:48] [85/326] GCSG
[16:35:48] [86/326] ESSM
[16:35:49] [87/326] KRIH
[16:35:50] [88/326] GCDS
[16:35:50] 🔄 Identity reset
[16:35:50] 🔄 Identity rotated (every 10 requests)
[16:35:51] 🔄 Retry 1/5 for GCDS in 2.1s
[16:35:51] 🔄 Identity reset
[16:35:53] 🧠 New identity created
[16:35:53] [89/326] CCSH
[16:35:54] [90/326] ACSK
[16:35:55] [91/326] APRK
[16:35:56] [92/326] ADKM
[16:35:57] [93/326] SRDM
[16:35:57] [94/326] SJMY
[16:35:58] [95/326] PGGC
[16:35:59] [96/326] INGM
[16:36:00] [97/326] LSCB
[16:36:00] 🔄 Identity reset
[16:36:01] 🔄 Identity rotated (every 10 requests)
[16:36:01] [98/326] STAD
[16:36:02] [99/326] MCCR
[16:36:02] [100/326] ABCC
[16:36:03] [101/326] RKCC
[16:36:04] [102/326] RTCR
[16:36:05] [103/326] GGBC
[16:36:06] [104/326] GCSD
[16:36:07] [105/326] LPTY
[16:36:07] [106/326] MCFD
[16:36:08] [107/326] HENN
[16:36:09] 🔄 Identity reset
[16:36:09] 🔄 Identity rotated (every 10 requests)
[16:36:10] [108/326] SMKU
[16:36:11] [109/326] TNZC
[16:36:11] [110/326] DRCD
[16:36:12] [111/326] DLCD
[16:36:13] [112/326] RCDA
[16:36:14] [113/326] COSM
[16:36:15] [114/326] MCMJ
[16:36:16] [115/326] CSTR
[16:36:17] [116/326] CVDK
[16:36:17] [117/326] INRR
[16:36:18] 🔄 Identity reset
[16:36:18] 🔄 Identity rotated (every 10 requests)
[16:36:18] [118/326] RJRT
[16:36:19] [119/326] IRMR
[16:36:21] [120/326] SRCF
[16:36:22] [121/326] GRCR
[16:36:23] [122/326] SURC
[16:36:24] [123/326] NMNH
[16:36:25] [124/326] SVBL
[16:36:26] [125/326] KACI
[16:36:27] [126/326] TDGO
[16:36:28] [127/326] KTBR
[16:36:28] 🔄 Identity reset
[16:36:28] 🔄 Identity rotated (every 10 requests)
[16:36:29] [128/326] PMAD
[16:36:30] [129/326] CCPN
[16:36:31] [130/326] SBTK
[16:36:32] [131/326] LMDK
[16:36:32] [132/326] PGDA
[16:36:33] [133/326] SRML
[16:36:34] [134/326] EVCK
[16:36:35] [135/326] RTTK
[16:36:36] [136/326] SRTU
[16:36:37] [137/326] VRSA
[16:36:38] 🔄 Identity reset
[16:36:38] 🔄 Identity rotated (every 10 requests)
[16:36:38] [138/326] VARS
[16:36:39] [139/326] DSCZ
[16:36:40] [140/326] GAGA
[16:36:41] [141/326] SARV
[16:36:42] [142/326] SEEG
[16:36:42] [143/326] GLCA
[16:36:43] [144/326] APAS
[16:36:44] [145/326] VCIA
[16:36:45] [146/326] SJTA
[16:36:46] [147/326] SABM
[16:36:47] 🔄 Identity reset
[16:36:47] 🔄 Identity rotated (every 10 requests)
[16:36:47] [148/326] PPAG
[16:36:48] [149/326] RVCA
[16:36:49] [150/326] CCIA
[16:36:50] [151/326] HTAG
[16:36:51] [152/326] SMBI
[16:36:51] [153/326] MCJR
[16:36:52] [154/326] CCJR
[16:36:53] [155/326] SINF
[16:36:54] [156/326] CPLX
[16:36:55] [157/326] KKTJ
[16:36:56] 🔄 Identity reset
[16:36:56] 🔄 Identity rotated (every 10 requests)
[16:36:56] [158/326] GDBW
[16:36:57] [159/326] CSUB
[16:36:58] [160/326] DABA
[16:36:58] [161/326] TITR
[16:36:59] [162/326] NYCR
[16:37:00] [163/326] RTRY
[16:37:01] [164/326] JTJL
[16:37:02] [165/326] SJCP
[16:37:03] [166/326] KCCA
[16:37:03] [167/326] MLPG
[16:37:04] 🔄 Identity reset
[16:37:04] 🔄 Identity rotated (every 10 requests)
[16:37:04] [168/326] VRCK
[16:37:05] [169/326] SRIN
[16:37:06] [170/326] CXMK
[16:37:07] [171/326] SKAD
[16:37:08] [172/326] AVTR
[16:37:09] [173/326] PTAJ
[16:37:10] [174/326] SCNK
[16:37:11] [175/326] STTI
[16:37:12] [176/326] KACR
[16:37:13] [177/326] SSDX
[16:37:14] 🔄 Identity reset
[16:37:14] 🔄 Identity rotated (every 10 requests)
[16:37:15] [178/326] VRTJ
[16:37:17] [179/326] RAJD
[16:37:18] [180/326] SCIP
[16:37:19] [181/326] RJSL
[16:37:20] [182/326] ARRS
[16:37:21] [183/326] ASMS
[16:37:22] [184/326] RDTS
[16:37:23] [185/326] DVMY
[16:37:24] [186/326] RASA
[16:37:25] [187/326] INOM
[16:37:26] 🔄 Identity reset
[16:37:26] 🔄 Identity rotated (every 10 requests)
[16:37:26] 🔄 Retry 1/5 for INOM in 2.0s
[16:37:26] 🔄 Identity reset
[16:37:28] 🧠 New identity created
[16:37:28] [188/326] SPRS
[16:37:29] [189/326] SGCS
[16:37:30] [190/326] SALM
[16:37:31] [191/326] PKHC
[16:37:32] [192/326] RCSV
[16:37:32] [193/326] CPKC
[16:37:34] [194/326] AACD
[16:37:35] [195/326] GGCV
[16:37:36] [196/326] SMKD
[16:37:36] 🔄 Identity reset
[16:37:36] 🔄 Identity rotated (every 10 requests)
[16:37:37] [197/326] NBCH
[16:37:38] [198/326] AMCB
[16:37:38] [199/326] OPCN
[16:37:40] [200/326] DCIN
[16:37:41] [201/326] INGW
[16:37:42] [202/326] PKKW
[16:37:43] [203/326] FNGW
[16:37:44] [204/326] GCGD
[16:37:45] [205/326] MSTW
[16:37:46] [206/326] KCCG
[16:37:47] 🔄 Identity reset
[16:37:47] 🔄 Identity rotated (every 10 requests)
[16:37:47] [207/326] MRSS
[16:37:48] [208/326] CLCF
[16:37:49] [209/326] EETS
[16:37:50] [210/326] AATR
[16:37:51] [211/326] CMMN
[16:37:52] [212/326] SCCJ
[16:37:52] [213/326] CDTK
[16:37:53] [214/326] AICP
[16:37:55] [215/326] FNBP
[16:37:55] [216/326] CBPB
[16:37:56] 🔄 Identity reset
[16:37:56] 🔄 Identity rotated (every 10 requests)
[16:37:57] [217/326] CPAS
[16:37:58] [218/326] MAPM
[16:37:58] [219/326] PASD
[16:37:59] [220/326] JCMN
[16:38:00] [221/326] MALB
[16:38:01] [222/326] SACG
[16:38:02] [223/326] DDRX
[16:38:03] [224/326] DDXB
[16:38:03] [225/326] RAMC
[16:38:04] [226/326] SANC
[16:38:05] 🔄 Identity reset
[16:38:05] 🔄 Identity rotated (every 10 requests)
[16:38:06] [227/326] BCBP
[16:38:07] [228/326] ALPC
[16:38:08] [229/326] RBAC
[16:38:10] [230/326] RAJL
[16:38:11] [231/326] MPDX
[16:38:12] [232/326] MUSC
[16:38:13] [233/326] VKMK
[16:38:13] [234/326] SKCG
[16:38:14] [235/326] ANCN
[16:38:15] [236/326] MMCJ
[16:38:15] 🔄 Identity reset
[16:38:15] 🔄 Identity rotated (every 10 requests)
[16:38:16] [237/326] DCAK
[16:38:16] [238/326] SCKG
[16:38:17] [239/326] LMCK
[16:38:19] [240/326] CKKX
[16:38:20] [241/326] ANKU
[16:38:21] [242/326] CSMD
[16:38:22] [243/326] MKMP
[16:38:23] [244/326] SVBG
[16:38:23] [245/326] ROOP
[16:38:24] [246/326] GDMT
[16:38:25] 🔄 Identity reset
[16:38:25] 🔄 Identity rotated (every 10 requests)
[16:38:25] [247/326] FPPF
[16:38:26] [248/326] SFUU
[16:38:28] [249/326] ANCB
[16:38:29] [250/326] SMMC
[16:38:31] [251/326] UGKT
[16:38:32] [252/326] JVRM
[16:38:32] [253/326] BATG
[16:38:33] [254/326] RATE
[16:38:34] [255/326] SKME
[16:38:35] [256/326] LMTP
[16:38:36] 🔄 Identity reset
[16:38:36] 🔄 Identity rotated (every 10 requests)
[16:38:37] [257/326] TCBD
[16:38:38] [258/326] ESBD
[16:38:38] [259/326] GDCU
[16:38:39] [260/326] SNKT
[16:38:40] [261/326] SRNK
[16:38:41] [262/326] SMED
[16:38:42] [263/326] CSQS
[16:38:43] [264/326] ALCS
[16:38:44] [265/326] KCKN
[16:38:46] [266/326] VCCL
[16:38:46] 🔄 Identity reset
[16:38:46] 🔄 Identity rotated (every 10 requests)
[16:38:47] [267/326] MCDA
[16:38:47] [268/326] SHMI
[16:38:48] [269/326] SKHA
[16:38:49] [270/326] SVFK
[16:38:50] [271/326] INVB
[16:38:51] [272/326] MELD
[16:38:53] [273/326] JTYS
[16:38:53] [274/326] INCM
[16:38:54] [275/326] MCDV
[16:38:55] [276/326] KSGK
[16:38:56] 🔄 Identity reset
[16:38:56] 🔄 Identity rotated (every 10 requests)
[16:38:56] [277/326] ICMG
[16:38:58] [278/326] CSCV
[16:38:58] [279/326] STMD
[16:38:59] [280/326] STTR
[16:39:00] [281/326] INVC
[16:39:01] [282/326] JTBL
[16:39:02] [283/326] SRVV
[16:39:03] [284/326] MAVC
[16:39:03] [285/326] SRPP
[16:39:04] [286/326] JGDM
[16:39:05] 🔄 Identity reset
[16:39:05] 🔄 Identity rotated (every 10 requests)
[16:39:05] 🔄 Retry 1/5 for JGDM in 2.2s
[16:39:05] 🔄 Identity reset
[16:39:07] 🧠 New identity created
[16:39:07] 🔄 Retry 2/5 for JGDM in 4.3s
[16:39:07] 🔄 Identity reset
[16:39:11] 🧠 New identity created
[16:39:12] [287/326] MBSJ
[16:39:13] [288/326] SSLL
[16:39:14] [289/326] SLKP
[16:39:14] [290/326] NSRV
[16:39:15] [291/326] UTDV
[16:39:16] [292/326] KICM
[16:39:17] [293/326] KCMD
[16:39:18] [294/326] TTPP
[16:39:18] 🔄 Identity reset
[16:39:18] 🔄 Identity rotated (every 10 requests)
[16:39:19] [295/326] KMPV
[16:39:19] [296/326] SKTV
[16:39:20] [297/326] STCV
[16:39:21] [298/326] SRDA
[16:39:23] [299/326] JTSX
[16:39:24] [300/326] STBV
[16:39:26] [301/326] APVZ
[16:39:27] [302/326] GSTV
[16:39:29] [303/326] NMVS
[16:39:29] [304/326] SKRT
[16:39:30] 🔄 Identity reset
[16:39:30] 🔄 Identity rotated (every 10 requests)
[16:39:30] [305/326] RMDV
[16:39:31] [306/326] RATG
[16:39:32] [307/326] SJYV
[16:39:34] [308/326] NDGP
[16:39:35] [309/326] SNDG
[16:39:36] [310/326] INSR
[16:39:37] [311/326] INSO
[16:39:37] [312/326] CCSI
[16:39:38] [313/326] RASM
[16:39:39] [314/326] NEWC
[16:39:40] 🔄 Identity reset
[16:39:40] 🔄 Identity rotated (every 10 requests)
[16:39:40] 🔄 Retry 1/5 for NEWC in 2.5s
[16:39:40] 🔄 Identity reset
[16:39:42] 🧠 New identity created
[16:39:43] [315/326] VSHL
[16:39:44] [316/326] BISW
[16:39:44] [317/326] GCNG
[16:39:45] [318/326] CWSC
[16:39:46] [319/326] SKAN
[16:39:47] [320/326] CCOA
[16:39:48] [321/326] MCAJ
[16:39:49] [322/326] ACDE
[16:39:50] [323/326] AACM
[16:39:50] 🔄 Identity reset
[16:39:50] 🔄 Identity rotated (every 10 requests)
[16:39:51] [324/326] JJCK
[16:39:51] [325/326] RCMO
[16:39:52] [326/326] GDAW
[16:39:53] 🧹 Deduping shows
[16:39:53] ✅ DONE | Shows=365 | Movies=19
[04:33:13] 🚀 SCRIPT STARTED (enhanced anti‑detection)
[04:33:13] [1/326] VCHA
[04:33:14] 🧠 New identity created
[04:33:14] [2/326] SCKO
[04:33:15] [3/326] VKTK
[04:33:17] [4/326] DXEC
[04:33:18] [5/326] CDCA
[04:33:19] [6/326] VBCZ
[04:33:20] [7/326] MSDR
[04:33:20] [8/326] ACPV
[04:33:21] [9/326] PVHB
[04:33:22] [10/326] RCNH
[04:33:23] 🔄 Identity reset
[04:33:23] 🔄 Identity rotated (every 10 requests)
[04:33:23] [11/326] IOMH
[04:33:25] [12/326] ILKS
[04:33:26] [13/326] AMSN
[04:33:26] [14/326] ANTP
[04:33:27] [15/326] SSEK
[04:33:28] [16/326] PICP
[04:33:29] [17/326] SICO
[04:33:30] [18/326] SISP
[04:33:31] [19/326] SCPI
[04:33:32] [20/326] CRPR
[04:33:32] 🔄 Identity reset
[04:33:32] 🔄 Identity rotated (every 10 requests)
[04:33:33] [21/326] DCTW
[04:33:34] [22/326] DCSP
[04:33:36] [23/326] KRPM
[04:33:36] [24/326] THKK
[04:33:37] [25/326] SNMY
[04:33:38] [26/326] AKCC
[04:33:39] [27/326] PCAT
[04:33:40] [28/326] RFGO
[04:33:41] [29/326] GGCS
[04:33:42] [30/326] ACKR
[04:33:42] 🔄 Identity reset
[04:33:42] 🔄 Identity rotated (every 10 requests)
[04:33:42] 🔄 Retry 1/5 for ACKR in 2.9s
[04:33:42] 🔄 Identity reset
[04:33:45] 🧠 New identity created
[04:33:46] [31/326] STDO
[04:33:46] [32/326] ACKB
[04:33:47] [33/326] ALUC
[04:33:48] [34/326] MNSR
[04:33:49] [35/326] CSSL
[04:33:50] [36/326] BGGM
[04:33:50] [37/326] MANT
[04:33:51] [38/326] SOOY
[04:33:52] [39/326] VPPK
[04:33:53] 🔄 Identity reset
[04:33:53] 🔄 Identity rotated (every 10 requests)
[04:33:53] [40/326] MYHJ
[04:33:54] [41/326] KSCK
[04:33:55] [42/326] KATK
[04:33:56] [43/326] RTRT
[04:33:57] [44/326] SSTT
[04:33:58] [45/326] SSTV
[04:33:58] [46/326] LACM
[04:33:59] [47/326] SGMG
[04:34:00] [48/326] KACX
[04:34:01] [49/326] GVCP
[04:34:02] 🔄 Identity reset
[04:34:02] 🔄 Identity rotated (every 10 requests)
[04:34:02] [50/326] CSNC
[04:34:03] [51/326] SXCB
[04:34:04] [52/326] BAHS
[04:34:05] [53/326] PCBI
[04:34:05] [54/326] PSSM
[04:34:06] [55/326] RCOK
[04:34:07] [56/326] SCPF
[04:34:08] [57/326] SSAS
[04:34:09] [58/326] EVMM
[04:34:10] [59/326] SYCB
[04:34:10] 🔄 Identity reset
[04:34:10] 🔄 Identity rotated (every 10 requests)
[04:34:10] [60/326] GCKI
[04:34:11] [61/326] IAET
[04:34:12] [62/326] DDTD
[04:34:13] [63/326] GMDH
[04:34:14] [64/326] STLE
[04:34:15] [65/326] JTRA
[04:34:16] [66/326] RPPA
[04:34:17] [67/326] ARUT
[04:34:18] [68/326] JTVM
[04:34:19] [69/326] SWRH
[04:34:20] 🔄 Identity reset
[04:34:20] 🔄 Identity rotated (every 10 requests)
[04:34:20] 🔄 Retry 1/5 for SWRH in 2.1s
[04:34:20] 🔄 Identity reset
[04:34:22] 🧠 New identity created
[04:34:22] [70/326] DCPC
[04:34:23] [71/326] RAPR
[04:34:24] [72/326] GCRT
[04:34:25] [73/326] ATUN
[04:34:26] [74/326] LTRM
[04:34:26] [75/326] TASR
[04:34:27] [76/326] RLLC
[04:34:28] [77/326] MABI
[04:34:29] [78/326] SVHB
[04:34:29] 🔄 Identity reset
[04:34:29] 🔄 Identity rotated (every 10 requests)
[04:34:29] 🔄 Retry 1/5 for SVHB in 2.4s
[04:34:29] 🔄 Identity reset
[04:34:32] 🧠 New identity created
[04:34:32] [79/326] NVTB
[04:34:34] [80/326] KCKG
[04:34:35] [81/326] SSRN
[04:34:36] [82/326] VDDC
[04:34:37] [83/326] GKTK
[04:34:37] [84/326] YFSN
[04:34:38] [85/326] GCSG
[04:34:39] [86/326] ESSM
[04:34:40] [87/326] KRIH
[04:34:41] 🔄 Identity reset
[04:34:41] 🔄 Identity rotated (every 10 requests)
[04:34:41] 🔄 Retry 1/5 for KRIH in 2.9s
[04:34:41] 🔄 Identity reset
[04:34:44] 🧠 New identity created
[04:34:44] [88/326] GCDS
[04:34:46] [89/326] CCSH
[04:34:47] [90/326] ACSK
[04:34:48] [91/326] APRK
[04:34:48] [92/326] ADKM
[04:34:49] [93/326] SRDM
[04:34:50] [94/326] SJMY
[04:34:51] [95/326] PGGC
[04:34:52] [96/326] INGM
[04:34:52] 🔄 Identity reset
[04:34:53] 🔄 Identity rotated (every 10 requests)
[04:34:53] [97/326] LSCB
[04:34:54] [98/326] STAD
[04:34:55] [99/326] MCCR
[04:34:56] [100/326] ABCC
[04:34:56] [101/326] RKCC
[04:34:58] [102/326] RTCR
[04:34:59] [103/326] GGBC
[04:35:01] [104/326] GCSD
[04:35:01] [105/326] LPTY
[04:35:02] [106/326] MCFD
[04:35:03] 🔄 Identity reset
[04:35:03] 🔄 Identity rotated (every 10 requests)
[04:35:03] [107/326] HENN
[04:35:04] [108/326] SMKU
[04:35:05] [109/326] TNZC
[04:35:06] [110/326] DRCD
[04:35:07] [111/326] DLCD
[04:35:08] [112/326] RCDA
[04:35:09] [113/326] COSM
[04:35:10] [114/326] MCMJ
[04:35:11] [115/326] CSTR
[04:35:12] [116/326] CVDK
[04:35:13] 🔄 Identity reset
[04:35:13] 🔄 Identity rotated (every 10 requests)
[04:35:13] [117/326] INRR
[04:35:14] [118/326] RJRT
[04:35:16] [119/326] IRMR
[04:35:16] [120/326] SRCF
[04:35:17] [121/326] GRCR
[04:35:18] [122/326] SURC
[04:35:19] [123/326] NMNH
[04:35:20] [124/326] SVBL
[04:35:21] [125/326] KACI
[04:35:22] [126/326] TDGO
[04:35:22] 🔄 Identity reset
[04:35:22] 🔄 Identity rotated (every 10 requests)
[04:35:22] 🔄 Retry 1/5 for TDGO in 2.4s
[04:35:22] 🔄 Identity reset
[04:35:25] 🧠 New identity created
[04:35:25] [127/326] KTBR
[04:35:26] [128/326] PMAD
[04:35:26] [129/326] CCPN
[04:35:27] [130/326] SBTK
[04:35:28] [131/326] LMDK
[04:35:29] [132/326] PGDA
[04:35:30] [133/326] SRML
[04:35:31] [134/326] EVCK
[04:35:32] [135/326] RTTK
[04:35:32] 🔄 Identity reset
[04:35:32] 🔄 Identity rotated (every 10 requests)
[04:35:33] [136/326] SRTU
[04:35:34] [137/326] VRSA
[04:35:35] [138/326] VARS
[04:35:36] [139/326] DSCZ
[04:35:37] [140/326] GAGA
[04:35:38] [141/326] SARV
[04:35:39] [142/326] SEEG
[04:35:40] [143/326] GLCA
[04:35:41] [144/326] APAS
[04:35:42] [145/326] VCIA
[04:35:43] 🔄 Identity reset
[04:35:43] 🔄 Identity rotated (every 10 requests)
[04:35:43] [146/326] SJTA
[04:35:44] [147/326] SABM
[04:35:45] [148/326] PPAG
[04:35:45] [149/326] RVCA
[04:35:46] [150/326] CCIA
[04:35:47] [151/326] HTAG
[04:35:48] [152/326] SMBI
[04:35:49] [153/326] MCJR
[04:35:50] [154/326] CCJR
[04:35:51] [155/326] SINF
[04:35:52] 🔄 Identity reset
[04:35:52] 🔄 Identity rotated (every 10 requests)
[04:35:52] [156/326] CPLX
[04:35:53] [157/326] KKTJ
[04:35:55] [158/326] GDBW
[04:35:57] [159/326] CSUB
[04:35:58] [160/326] DABA
[04:35:59] [161/326] TITR
[04:36:01] [162/326] NYCR
[04:36:01] [163/326] RTRY
[04:36:02] [164/326] JTJL
[04:36:03] [165/326] SJCP
[04:36:04] 🔄 Identity reset
[04:36:04] 🔄 Identity rotated (every 10 requests)
[04:36:04] [166/326] KCCA
[04:36:05] [167/326] MLPG
[04:36:06] [168/326] VRCK
[04:36:07] [169/326] SRIN
[04:36:08] [170/326] CXMK
[04:36:09] [171/326] SKAD
[04:36:10] [172/326] AVTR
[04:36:11] [173/326] PTAJ
[04:36:12] [174/326] SCNK
[04:36:12] [175/326] STTI
[04:36:13] 🔄 Identity reset
[04:36:13] 🔄 Identity rotated (every 10 requests)
[04:36:13] [176/326] KACR
[04:36:14] [177/326] SSDX
[04:36:15] [178/326] VRTJ
[04:36:16] [179/326] RAJD
[04:36:17] [180/326] SCIP
[04:36:18] [181/326] RJSL
[04:36:19] [182/326] ARRS
[04:36:20] [183/326] ASMS
[04:36:21] [184/326] RDTS
[04:36:22] [185/326] DVMY
[04:36:23] 🔄 Identity reset
[04:36:23] 🔄 Identity rotated (every 10 requests)
[04:36:23] 🔄 Retry 1/5 for DVMY in 2.8s
[04:36:23] 🔄 Identity reset
[04:36:26] 🧠 New identity created
[04:36:26] [186/326] RASA
[04:36:27] [187/326] INOM
[04:36:28] [188/326] SPRS
[04:36:30] [189/326] SGCS
[04:36:30] [190/326] SALM
[04:36:31] [191/326] PKHC
[04:36:32] [192/326] RCSV
[04:36:33] [193/326] CPKC
[04:36:35] [194/326] AACD
[04:36:35] 🔄 Identity reset
[04:36:35] 🔄 Identity rotated (every 10 requests)
[04:36:36] [195/326] GGCV
[04:36:37] [196/326] SMKD
[04:36:38] [197/326] NBCH
[04:36:39] [198/326] AMCB
[04:36:40] [199/326] OPCN
[04:36:41] [200/326] DCIN
[04:36:41] [201/326] INGW
[04:36:42] [202/326] PKKW
[04:36:43] [203/326] FNGW
[04:36:44] [204/326] GCGD
[04:36:45] 🔄 Identity reset
[04:36:45] 🔄 Identity rotated (every 10 requests)
[04:36:45] [205/326] MSTW
[04:36:46] [206/326] KCCG
[04:36:47] [207/326] MRSS
[04:36:48] [208/326] CLCF
[04:36:49] [209/326] EETS
[04:36:50] [210/326] AATR
[04:36:51] [211/326] CMMN
[04:36:52] [212/326] SCCJ
[04:36:53] [213/326] CDTK
[04:36:54] [214/326] AICP
[04:36:54] 🔄 Identity reset
[04:36:54] 🔄 Identity rotated (every 10 requests)
[04:36:55] [215/326] FNBP
[04:36:55] [216/326] CBPB
[04:36:56] [217/326] CPAS
[04:36:58] [218/326] MAPM
[04:36:59] [219/326] PASD
[04:37:00] [220/326] JCMN
[04:37:01] [221/326] MALB
[04:37:02] [222/326] SACG
[04:37:02] [223/326] DDRX
[04:37:03] [224/326] DDXB
[04:37:04] 🔄 Identity reset
[04:37:04] 🔄 Identity rotated (every 10 requests)
[04:37:04] [225/326] RAMC
[04:37:05] [226/326] SANC
[04:37:06] [227/326] BCBP
[04:37:07] [228/326] ALPC
[04:37:09] [229/326] RBAC
[04:37:09] [230/326] RAJL
[04:37:10] [231/326] MPDX
[04:37:11] [232/326] MUSC
[04:37:12] [233/326] VKMK
[04:37:14] [234/326] SKCG
[04:37:14] 🔄 Identity reset
[04:37:14] 🔄 Identity rotated (every 10 requests)
[04:37:14] 🔄 Retry 1/5 for SKCG in 2.1s
[04:37:14] 🔄 Identity reset
[04:37:16] 🧠 New identity created
[04:37:17] [235/326] ANCN
[04:37:18] [236/326] MMCJ
[04:37:18] [237/326] DCAK
[04:37:19] [238/326] SCKG
[04:37:20] [239/326] LMCK
[04:37:21] [240/326] CKKX
[04:37:22] [241/326] ANKU
[04:37:23] [242/326] CSMD
[04:37:24] [243/326] MKMP
[04:37:24] 🔄 Identity reset
[04:37:24] 🔄 Identity rotated (every 10 requests)
[04:37:25] [244/326] SVBG
[04:37:26] [245/326] ROOP
[04:37:26] [246/326] GDMT
[04:37:28] [247/326] FPPF
[04:37:29] [248/326] SFUU
[04:37:29] [249/326] ANCB
[04:37:30] [250/326] SMMC
[04:37:31] [251/326] UGKT
[04:37:32] [252/326] JVRM
[04:37:33] [253/326] BATG
[04:37:33] 🔄 Identity reset
[04:37:33] 🔄 Identity rotated (every 10 requests)
[04:37:33] 🔄 Retry 1/5 for BATG in 2.8s
[04:37:33] 🔄 Identity reset
[04:37:36] 🧠 New identity created
[04:37:36] [254/326] RATE
[04:37:38] [255/326] SKME
[04:37:39] [256/326] LMTP
[04:37:40] [257/326] TCBD
[04:37:41] [258/326] ESBD
[04:37:41] [259/326] GDCU
[04:37:42] [260/326] SNKT
[04:37:43] [261/326] SRNK
[04:37:44] [262/326] SMED
[04:37:45] 🔄 Identity reset
[04:37:45] 🔄 Identity rotated (every 10 requests)
[04:37:45] [263/326] CSQS
[04:37:46] [264/326] ALCS
[04:37:47] [265/326] KCKN
[04:37:48] [266/326] VCCL
[04:37:48] [267/326] MCDA
[04:37:49] [268/326] SHMI
[04:37:50] [269/326] SKHA
[04:37:51] [270/326] SVFK
[04:37:52] [271/326] INVB
[04:37:53] [272/326] MELD
[04:37:54] 🔄 Identity reset
[04:37:54] 🔄 Identity rotated (every 10 requests)
[04:37:54] [273/326] JTYS
[04:37:55] [274/326] INCM
[04:37:56] [275/326] MCDV
[04:37:57] [276/326] KSGK
[04:37:58] [277/326] ICMG
[04:38:00] [278/326] CSCV
[04:38:00] [279/326] STMD
[04:38:01] [280/326] STTR
[04:38:02] [281/326] INVC
[04:38:04] [282/326] JTBL
[04:38:04] 🔄 Identity reset
[04:38:04] 🔄 Identity rotated (every 10 requests)
[04:38:05] [283/326] SRVV
[04:38:05] [284/326] MAVC
[04:38:06] [285/326] SRPP
[04:38:07] [286/326] JGDM
[04:38:09] [287/326] MBSJ
[04:38:10] [288/326] SSLL
[04:38:11] [289/326] SLKP
[04:38:11] [290/326] NSRV
[04:38:12] [291/326] UTDV
[04:38:13] [292/326] KICM
[04:38:14] 🔄 Identity reset
[04:38:14] 🔄 Identity rotated (every 10 requests)
[04:38:14] [293/326] KCMD
[04:38:15] [294/326] TTPP
[04:38:16] [295/326] KMPV
[04:38:17] [296/326] SKTV
[04:38:18] [297/326] STCV
[04:38:19] [298/326] SRDA
[04:38:20] [299/326] JTSX
[04:38:21] [300/326] STBV
[04:38:21] [301/326] APVZ
[04:38:22] [302/326] GSTV
[04:38:23] 🔄 Identity reset
[04:38:23] 🔄 Identity rotated (every 10 requests)
[04:38:23] [303/326] NMVS
[04:38:24] [304/326] SKRT
[04:38:25] [305/326] RMDV
[04:38:27] [306/326] RATG
[04:38:27] [307/326] SJYV
[04:38:28] [308/326] NDGP
[04:38:29] [309/326] SNDG
[04:38:30] [310/326] INSR
[04:38:31] [311/326] INSO
[04:38:33] [312/326] CCSI
[04:38:33] 🔄 Identity reset
[04:38:33] 🔄 Identity rotated (every 10 requests)
[04:38:34] [313/326] RASM
[04:38:34] [314/326] NEWC
[04:38:35] [315/326] VSHL
[04:38:36] [316/326] BISW
[04:38:37] [317/326] GCNG
[04:38:38] [318/326] CWSC
[04:38:39] [319/326] SKAN
[04:38:40] [320/326] CCOA
[04:38:40] [321/326] MCAJ
[04:38:41] [322/326] ACDE
[04:38:42] 🔄 Identity reset
[04:38:42] 🔄 Identity rotated (every 10 requests)
[04:38:42] [323/326] AACM
[04:38:43] [324/326] JJCK
[04:38:44] [325/326] RCMO
[04:38:45] [326/326] GDAW
[04:38:46] 🧹 Deduping shows
[04:38:46] ✅ DONE | Shows=454 | Movies=25
[21:48:07] 🚀 SCRIPT STARTED (enhanced anti‑detection)
[21:48:07] [1/326] VCHA
[21:48:08] 🧠 New identity created
[21:48:08] [2/326] SCKO
[21:48:09] [3/326] VKTK
[21:48:10] [4/326] DXEC
[21:48:11] [5/326] CDCA
[21:48:12] [6/326] VBCZ
[21:48:13] [7/326] MSDR
[21:48:14] [8/326] ACPV
[21:48:14] [9/326] PVHB
[21:48:15] [10/326] RCNH
[21:48:16] 🔄 Identity reset
[21:48:16] 🔄 Identity rotated (every 10 requests)
[21:48:16] [11/326] IOMH
[21:48:17] [12/326] ILKS
[21:48:18] [13/326] AMSN
[21:48:19] [14/326] ANTP
[21:48:20] [15/326] SSEK
[21:48:21] [16/326] PICP
[21:48:22] [17/326] SICO
[21:48:22] [18/326] SISP
[21:48:23] [19/326] SCPI
[21:48:25] [20/326] CRPR
[21:48:26] 🔄 Identity reset
[21:48:26] 🔄 Identity rotated (every 10 requests)
[21:48:26] [21/326] DCTW
[21:48:27] [22/326] DCSP
[21:48:28] [23/326] KRPM
[21:48:30] [24/326] THKK
[21:48:30] [25/326] SNMY
[21:48:31] [26/326] AKCC
[21:48:32] [27/326] PCAT
[21:48:33] [28/326] RFGO
[21:48:34] [29/326] GGCS
[21:48:35] [30/326] ACKR
[21:48:36] 🔄 Identity reset
[21:48:36] 🔄 Identity rotated (every 10 requests)
[21:48:36] [31/326] STDO
[21:48:37] [32/326] ACKB
[21:48:38] [33/326] ALUC
[21:48:39] [34/326] MNSR
[21:48:40] [35/326] CSSL
[21:48:41] [36/326] BGGM
[21:48:42] [37/326] MANT
[21:48:43] [38/326] SOOY
[21:48:45] [39/326] VPPK
[21:48:46] [40/326] MYHJ
[21:48:46] 🔄 Identity reset
[21:48:46] 🔄 Identity rotated (every 10 requests)
[21:48:47] [41/326] KSCK
[21:48:48] [42/326] KATK
[21:48:49] [43/326] RTRT
[21:48:49] [44/326] SSTT
[21:48:51] [45/326] SSTV
[21:48:51] [46/326] LACM
[21:48:52] [47/326] SGMG
[21:48:53] [48/326] KACX
[21:48:55] [49/326] GVCP
[21:48:55] [50/326] CSNC
[21:48:56] 🔄 Identity reset
[21:48:56] 🔄 Identity rotated (every 10 requests)
[21:48:56] [51/326] SXCB
[21:48:57] [52/326] BAHS
[21:48:59] [53/326] PCBI
[21:49:01] [54/326] PSSM
[21:49:01] [55/326] RCOK
[21:49:02] [56/326] SCPF
[21:49:03] [57/326] SSAS
[21:49:04] [58/326] EVMM
[21:49:05] [59/326] SYCB
[21:49:06] [60/326] GCKI
[21:49:07] 🔄 Identity reset
[21:49:07] 🔄 Identity rotated (every 10 requests)
[21:49:07] [61/326] IAET
[21:49:08] [62/326] DDTD
[21:49:09] [63/326] GMDH
[21:49:10] [64/326] STLE
[21:49:11] [65/326] JTRA
[21:49:12] [66/326] RPPA
[21:49:13] [67/326] ARUT
[21:49:14] [68/326] JTVM
[21:49:15] [69/326] SWRH
[21:49:16] [70/326] DCPC
[21:49:16] 🔄 Identity reset
[21:49:16] 🔄 Identity rotated (every 10 requests)
[21:49:17] [71/326] RAPR
[21:49:18] [72/326] GCRT
[21:49:19] [73/326] ATUN
[21:49:19] [74/326] LTRM
[21:49:20] [75/326] TASR
[21:49:21] [76/326] RLLC
[21:49:22] [77/326] MABI
[21:49:23] [78/326] SVHB
[21:49:24] [79/326] NVTB
[21:49:25] [80/326] KCKG
[21:49:26] 🔄 Identity reset
[21:49:26] 🔄 Identity rotated (every 10 requests)
[21:49:26] [81/326] SSRN
[21:49:27] [82/326] VDDC
[21:49:28] [83/326] GKTK
[21:49:28] [84/326] YFSN
[21:49:29] [85/326] GCSG
[21:49:30] [86/326] ESSM
[21:49:31] [87/326] KRIH
[21:49:32] [88/326] GCDS
[21:49:33] [89/326] CCSH
[21:49:34] [90/326] ACSK
[21:49:34] 🔄 Identity reset
[21:49:34] 🔄 Identity rotated (every 10 requests)
[21:49:35] [91/326] APRK
[21:49:36] [92/326] ADKM
[21:49:37] [93/326] SRDM
[21:49:38] [94/326] SJMY
[21:49:39] [95/326] PGGC
[21:49:40] [96/326] INGM
[21:49:41] [97/326] LSCB
[21:49:42] [98/326] STAD
[21:49:43] [99/326] MCCR
[21:49:44] [100/326] ABCC
[21:49:45] 🔄 Identity reset
[21:49:45] 🔄 Identity rotated (every 10 requests)
[21:49:45] [101/326] RKCC
[21:49:46] [102/326] RTCR
[21:49:47] [103/326] GGBC
[21:49:48] [104/326] GCSD
[21:49:48] [105/326] LPTY
[21:49:49] [106/326] MCFD
[21:49:50] [107/326] HENN
[21:49:51] [108/326] SMKU
[21:49:53] [109/326] TNZC
[21:49:53] [110/326] DRCD
[21:49:54] 🔄 Identity reset
[21:49:54] 🔄 Identity rotated (every 10 requests)
[21:49:54] [111/326] DLCD
[21:49:55] [112/326] RCDA
[21:49:56] [113/326] COSM
[21:49:57] [114/326] MCMJ
[21:49:58] [115/326] CSTR
[21:49:59] [116/326] CVDK
[21:50:01] [117/326] INRR
[21:50:02] [118/326] RJRT
[21:50:03] [119/326] IRMR
[21:50:04] [120/326] SRCF
[21:50:04] 🔄 Identity reset
[21:50:04] 🔄 Identity rotated (every 10 requests)
[21:50:05] [121/326] GRCR
[21:50:06] [122/326] SURC
[21:50:07] [123/326] NMNH
[21:50:07] [124/326] SVBL
[21:50:09] [125/326] KACI
[21:50:10] [126/326] TDGO
[21:50:11] [127/326] KTBR
[21:50:12] [128/326] PMAD
[21:50:12] [129/326] CCPN
[21:50:13] [130/326] SBTK
[21:50:14] 🔄 Identity reset
[21:50:14] 🔄 Identity rotated (every 10 requests)
[21:50:14] [131/326] LMDK
[21:50:15] [132/326] PGDA
[21:50:17] [133/326] SRML
[21:50:18] [134/326] EVCK
[21:50:18] [135/326] RTTK
[21:50:19] [136/326] SRTU
[21:50:20] [137/326] VRSA
[21:50:21] [138/326] VARS
[21:50:22] [139/326] DSCZ
[21:50:23] [140/326] GAGA
[21:50:24] 🔄 Identity reset
[21:50:24] 🔄 Identity rotated (every 10 requests)
[21:50:24] [141/326] SARV
[21:50:26] [142/326] SEEG
[21:50:27] [143/326] GLCA
[21:50:28] [144/326] APAS
[21:50:29] [145/326] VCIA
[21:50:30] [146/326] SJTA
[21:50:31] [147/326] SABM
[21:50:32] [148/326] PPAG
[21:50:34] [149/326] RVCA
[21:50:35] [150/326] CCIA
[21:50:36] 🔄 Identity reset
[21:50:36] 🔄 Identity rotated (every 10 requests)
[21:50:36] [151/326] HTAG
[21:50:37] [152/326] SMBI
[21:50:38] [153/326] MCJR
[21:50:39] [154/326] CCJR
[21:50:40] [155/326] SINF
[21:50:42] [156/326] CPLX
[21:50:42] [157/326] KKTJ
[21:50:43] [158/326] GDBW
[21:50:45] [159/326] CSUB
[21:50:46] [160/326] DABA
[21:50:47] 🔄 Identity reset
[21:50:47] 🔄 Identity rotated (every 10 requests)
[21:50:47] [161/326] TITR
[21:50:49] [162/326] NYCR
[21:50:50] [163/326] RTRY
[21:50:50] [164/326] JTJL
[21:50:51] [165/326] SJCP
[21:50:52] [166/326] KCCA
[21:50:53] [167/326] MLPG
[21:50:54] [168/326] VRCK
[21:50:56] [169/326] SRIN
[21:50:56] [170/326] CXMK
[21:50:57] 🔄 Identity reset
[21:50:57] 🔄 Identity rotated (every 10 requests)
[21:50:57] [171/326] SKAD
[21:50:58] [172/326] AVTR
[21:50:59] [173/326] PTAJ
[21:51:00] [174/326] SCNK
[21:51:01] [175/326] STTI
[21:51:02] [176/326] KACR
[21:51:02] [177/326] SSDX
[21:51:03] [178/326] VRTJ
[21:51:04] [179/326] RAJD
[21:51:05] [180/326] SCIP
[21:51:06] 🔄 Identity reset
[21:51:06] 🔄 Identity rotated (every 10 requests)
[21:51:06] [181/326] RJSL
[21:51:07] [182/326] ARRS
[21:51:08] [183/326] ASMS
[21:51:09] [184/326] RDTS
[21:51:10] [185/326] DVMY
[21:51:10] [186/326] RASA
[21:51:11] [187/326] INOM
[21:51:12] [188/326] SPRS
[21:51:13] [189/326] SGCS
[21:51:14] [190/326] SALM
[21:51:15] 🔄 Identity reset
[21:51:15] 🔄 Identity rotated (every 10 requests)
[21:51:15] [191/326] PKHC
[21:51:16] [192/326] RCSV
[21:51:17] [193/326] CPKC
[21:51:18] [194/326] AACD
[21:51:19] [195/326] GGCV
[21:51:20] [196/326] SMKD
[21:51:21] [197/326] NBCH
[21:51:21] [198/326] AMCB
[21:51:22] [199/326] OPCN
[21:51:23] [200/326] DCIN
[21:51:24] 🔄 Identity reset
[21:51:24] 🔄 Identity rotated (every 10 requests)
[21:51:24] [201/326] INGW
[21:51:25] [202/326] PKKW
[21:51:26] [203/326] FNGW
[21:51:27] [204/326] GCGD
[21:51:28] [205/326] MSTW
[21:51:28] [206/326] KCCG
[21:51:29] [207/326] MRSS
[21:51:31] [208/326] CLCF
[21:51:32] [209/326] EETS
[21:51:33] [210/326] AATR
[21:51:33] 🔄 Identity reset
[21:51:33] 🔄 Identity rotated (every 10 requests)
[21:51:34] [211/326] CMMN
[21:51:35] [212/326] SCCJ
[21:51:36] [213/326] CDTK
[21:51:37] [214/326] AICP
[21:51:37] [215/326] FNBP
[21:51:38] [216/326] CBPB
[21:51:39] [217/326] CPAS
[21:51:40] [218/326] MAPM
[21:51:41] [219/326] PASD
[21:51:42] [220/326] JCMN
[21:51:42] 🔄 Identity reset
[21:51:42] 🔄 Identity rotated (every 10 requests)
[21:51:43] [221/326] MALB
[21:51:44] [222/326] SACG
[21:51:44] [223/326] DDRX
[21:51:46] [224/326] DDXB
[21:51:46] [225/326] RAMC
[21:51:47] [226/326] SANC
[21:51:48] [227/326] BCBP
[21:51:49] [228/326] ALPC
[21:51:50] [229/326] RBAC
[21:51:51] [230/326] RAJL
[21:51:51] 🔄 Identity reset
[21:51:51] 🔄 Identity rotated (every 10 requests)
[21:51:52] [231/326] MPDX
[21:51:53] [232/326] MUSC
[21:51:54] [233/326] VKMK
[21:51:54] [234/326] SKCG
[21:51:55] [235/326] ANCN
[21:51:56] [236/326] MMCJ
[21:51:57] [237/326] DCAK
[21:51:58] [238/326] SCKG
[21:51:59] [239/326] LMCK
[21:52:00] [240/326] CKKX
[21:52:01] 🔄 Identity reset
[21:52:01] 🔄 Identity rotated (every 10 requests)
[21:52:01] [241/326] ANKU
[21:52:02] [242/326] CSMD
[21:52:03] [243/326] MKMP
[21:52:04] [244/326] SVBG
[21:52:05] [245/326] ROOP
[21:52:06] [246/326] GDMT
[21:52:07] [247/326] FPPF
[21:52:07] [248/326] SFUU
[21:52:08] [249/326] ANCB
[21:52:10] [250/326] SMMC
[21:52:11] 🔄 Identity reset
[21:52:11] 🔄 Identity rotated (every 10 requests)
[21:52:11] 🔄 Retry 1/5 for SMMC in 2.1s
[21:52:11] 🔄 Identity reset
[21:52:13] 🧠 New identity created
[21:52:13] [251/326] UGKT
[21:52:14] [252/326] JVRM
[21:52:15] [253/326] BATG
[21:52:17] [254/326] RATE
[21:52:18] [255/326] SKME
[21:52:18] [256/326] LMTP
[21:52:20] [257/326] TCBD
[21:52:20] [258/326] ESBD
[21:52:21] [259/326] GDCU
[21:52:22] 🔄 Identity reset
[21:52:22] 🔄 Identity rotated (every 10 requests)
[21:52:22] [260/326] SNKT
[21:52:23] [261/326] SRNK
[21:52:24] [262/326] SMED
[21:52:25] [263/326] CSQS
[21:52:26] [264/326] ALCS
[21:52:27] [265/326] KCKN
[21:52:27] [266/326] VCCL
[21:52:28] [267/326] MCDA
[21:52:29] [268/326] SHMI
[21:52:30] [269/326] SKHA
[21:52:31] 🔄 Identity reset
[21:52:31] 🔄 Identity rotated (every 10 requests)
[21:52:31] [270/326] SVFK
[21:52:32] [271/326] INVB
[21:52:33] [272/326] MELD
[21:52:34] [273/326] JTYS
[21:52:35] [274/326] INCM
[21:52:36] [275/326] MCDV
[21:52:37] [276/326] KSGK
[21:52:38] [277/326] ICMG
[21:52:39] [278/326] CSCV
[21:52:40] [279/326] STMD
[21:52:41] 🔄 Identity reset
[21:52:41] 🔄 Identity rotated (every 10 requests)
[21:52:41] [280/326] STTR
[21:52:42] [281/326] INVC
[21:52:44] [282/326] JTBL
[21:52:45] [283/326] SRVV
[21:52:46] [284/326] MAVC
[21:52:47] [285/326] SRPP
[21:52:48] [286/326] JGDM
[21:52:50] [287/326] MBSJ
[21:52:50] [288/326] SSLL
[21:52:51] [289/326] SLKP
[21:52:52] 🔄 Identity reset
[21:52:52] 🔄 Identity rotated (every 10 requests)
[21:52:52] [290/326] NSRV
[21:52:53] [291/326] UTDV
[21:52:54] [292/326] KICM
[21:52:55] [293/326] KCMD
[21:52:56] [294/326] TTPP
[21:52:57] [295/326] KMPV
[21:52:58] [296/326] SKTV
[21:52:59] [297/326] STCV
[21:53:00] [298/326] SRDA
[21:53:01] [299/326] JTSX
[21:53:02] 🔄 Identity reset
[21:53:02] 🔄 Identity rotated (every 10 requests)
[21:53:02] [300/326] STBV
[21:53:03] [301/326] APVZ
[21:53:04] [302/326] GSTV
[21:53:05] [303/326] NMVS
[21:53:06] [304/326] SKRT
[21:53:07] [305/326] RMDV
[21:53:08] [306/326] RATG
[21:53:09] [307/326] SJYV
[21:53:10] [308/326] NDGP
[21:53:11] [309/326] SNDG
[21:53:11] 🔄 Identity reset
[21:53:11] 🔄 Identity rotated (every 10 requests)
[21:53:12] [310/326] INSR
[21:53:13] [311/326] INSO
[21:53:14] [312/326] CCSI
[21:53:15] [313/326] RASM
[21:53:16] [314/326] NEWC
[21:53:16] [315/326] VSHL
[21:53:17] [316/326] BISW
[21:53:19] [317/326] GCNG
[21:53:20] [318/326] CWSC
[21:53:22] [319/326] SKAN
[21:53:22] 🔄 Identity reset
[21:53:22] 🔄 Identity rotated (every 10 requests)
[21:53:23] [320/326] CCOA
[21:53:23] [321/326] MCAJ
[21:53:24] [322/326] ACDE
[21:53:25] [323/326] AACM
[21:53:27] [324/326] JJCK
[21:53:29] [325/326] RCMO
[21:53:30] [326/326] GDAW
[21:53:31] 🧹 Deduping shows
[21:53:31] ✅ DONE | Shows=513 | Movies=26
[20:54:25] 🚀 SCRIPT STARTED (enhanced anti‑detection)
[20:54:25] [1/326] VCHA
[20:54:26] 🧠 New identity created
[20:54:27] [2/326] SCKO
[20:54:27] [3/326] VKTK
[20:54:28] [4/326] DXEC
[20:54:29] [5/326] CDCA
[20:54:30] [6/326] VBCZ
[20:54:31] [7/326] MSDR
[20:54:31] [8/326] ACPV
[20:54:32] [9/326] PVHB
[20:54:33] [10/326] RCNH
[20:54:34] 🔄 Identity reset
[20:54:34] 🔄 Identity rotated (every 10 requests)
[20:54:34] [11/326] IOMH
[20:54:35] [12/326] ILKS
[20:54:36] [13/326] AMSN
[20:54:37] [14/326] ANTP
[20:54:38] [15/326] SSEK
[20:54:38] [16/326] PICP
[20:54:39] [17/326] SICO
[20:54:40] [18/326] SISP
[20:54:41] [19/326] SCPI
[20:54:42] [20/326] CRPR
[20:54:43] 🔄 Identity reset
[20:54:43] 🔄 Identity rotated (every 10 requests)
[20:54:43] [21/326] DCTW
[20:54:45] [22/326] DCSP
[20:54:46] [23/326] KRPM
[20:54:47] [24/326] THKK
[20:54:48] [25/326] SNMY
[20:54:49] [26/326] AKCC
[20:54:50] [27/326] PCAT
[20:54:51] [28/326] RFGO
[20:54:52] [29/326] GGCS
[20:54:53] [30/326] ACKR
[20:54:53] 🔄 Identity reset
[20:54:53] 🔄 Identity rotated (every 10 requests)
[20:54:54] [31/326] STDO
[20:54:54] [32/326] ACKB
[20:54:55] [33/326] ALUC
[20:54:56] [34/326] MNSR
[20:54:57] [35/326] CSSL
[20:54:58] [36/326] BGGM
[20:54:59] [37/326] MANT
[20:55:00] [38/326] SOOY
[20:55:01] [39/326] VPPK
[20:55:02] [40/326] MYHJ
[20:55:03] 🔄 Identity reset
[20:55:03] 🔄 Identity rotated (every 10 requests)
[20:55:04] [41/326] KSCK
[20:55:05] [42/326] KATK
[20:55:05] [43/326] RTRT
[20:55:06] [44/326] SSTT
[20:55:07] [45/326] SSTV
[20:55:08] [46/326] LACM
[20:55:08] [47/326] SGMG
[20:55:10] [48/326] KACX
[20:55:11] [49/326] GVCP
[20:55:12] [50/326] CSNC
[20:55:12] 🔄 Identity reset
[20:55:12] 🔄 Identity rotated (every 10 requests)
[20:55:12] [51/326] SXCB
[20:55:13] [52/326] BAHS
[20:55:14] [53/326] PCBI
[20:55:15] [54/326] PSSM
[20:55:16] [55/326] RCOK
[20:55:16] [56/326] SCPF
[20:55:18] [57/326] SSAS
[20:55:19] [58/326] EVMM
[20:55:20] [59/326] SYCB
[20:55:21] [60/326] GCKI
[20:55:21] 🔄 Identity reset
[20:55:21] 🔄 Identity rotated (every 10 requests)
[20:55:22] [61/326] IAET
[20:55:22] [62/326] DDTD
[20:55:24] [63/326] GMDH
[20:55:25] [64/326] STLE
[20:55:26] [65/326] JTRA
[20:55:27] [66/326] RPPA
[20:55:28] [67/326] ARUT
[20:55:29] [68/326] JTVM
[20:55:30] [69/326] SWRH
[20:55:31] [70/326] DCPC
[20:55:32] 🔄 Identity reset
[20:55:32] 🔄 Identity rotated (every 10 requests)
[20:55:32] [71/326] RAPR
[20:55:33] [72/326] GCRT
[20:55:33] [73/326] ATUN
[20:55:34] [74/326] LTRM
[20:55:35] [75/326] TASR
[20:55:36] [76/326] RLLC
[20:55:37] [77/326] MABI
[20:55:38] [78/326] SVHB
[20:55:39] [79/326] NVTB
[20:55:40] [80/326] KCKG
[20:55:40] 🔄 Identity reset
[20:55:40] 🔄 Identity rotated (every 10 requests)
[20:55:41] [81/326] SSRN
[20:55:42] [82/326] VDDC
[20:55:43] [83/326] GKTK
[20:55:43] [84/326] YFSN
[20:55:44] [85/326] GCSG
[20:55:45] [86/326] ESSM
[20:55:46] [87/326] KRIH
[20:55:47] [88/326] GCDS
[20:55:47] [89/326] CCSH
[20:55:48] [90/326] ACSK
[20:55:49] 🔄 Identity reset
[20:55:49] 🔄 Identity rotated (every 10 requests)
[20:55:49] 🔄 Retry 1/5 for ACSK in 2.6s
[20:55:49] 🔄 Identity reset
[20:55:52] 🧠 New identity created
[20:55:52] [91/326] APRK
[20:55:53] [92/326] ADKM
[20:55:55] [93/326] SRDM
[20:55:56] [94/326] SJMY
[20:55:57] [95/326] PGGC
[20:55:58] [96/326] INGM
[20:55:59] [97/326] LSCB
[20:56:00] [98/326] STAD
[20:56:01] [99/326] MCCR
[20:56:02] 🔄 Identity reset
[20:56:02] 🔄 Identity rotated (every 10 requests)
[20:56:02] [100/326] ABCC
[20:56:03] [101/326] RKCC
[20:56:03] [102/326] RTCR
[20:56:04] [103/326] GGBC
[20:56:05] [104/326] GCSD
[20:56:06] [105/326] LPTY
[20:56:07] [106/326] MCFD
[20:56:08] [107/326] HENN
[20:56:08] [108/326] SMKU
[20:56:09] [109/326] TNZC
[20:56:10] 🔄 Identity reset
[20:56:10] 🔄 Identity rotated (every 10 requests)
[20:56:11] [110/326] DRCD
[20:56:12] [111/326] DLCD
[20:56:12] [112/326] RCDA
[20:56:13] [113/326] COSM
[20:56:14] [114/326] MCMJ
[20:56:15] [115/326] CSTR
[20:56:16] [116/326] CVDK
[20:56:17] [117/326] INRR
[20:56:19] [118/326] RJRT
[20:56:20] [119/326] IRMR
[20:56:21] 🔄 Identity reset
[20:56:21] 🔄 Identity rotated (every 10 requests)
[20:56:21] [120/326] SRCF
[20:56:22] [121/326] GRCR
[20:56:23] [122/326] SURC
[20:56:24] [123/326] NMNH
[20:56:25] [124/326] SVBL
[20:56:26] [125/326] KACI
[20:56:27] [126/326] TDGO
[20:56:28] [127/326] KTBR
[20:56:29] [128/326] PMAD
[20:56:30] [129/326] CCPN
[20:56:30] 🔄 Identity reset
[20:56:30] 🔄 Identity rotated (every 10 requests)
[20:56:30] 🔄 Retry 1/5 for CCPN in 2.3s
[20:56:30] 🔄 Identity reset
[20:56:32] 🧠 New identity created
[20:56:33] [130/326] SBTK
[20:56:34] [131/326] LMDK
[20:56:34] [132/326] PGDA
[20:56:35] [133/326] SRML
[20:56:37] [134/326] EVCK
[20:56:38] [135/326] RTTK
[20:56:39] [136/326] SRTU
[20:56:40] [137/326] VRSA
[20:56:41] [138/326] VARS
[20:56:41] 🔄 Identity reset
[20:56:41] 🔄 Identity rotated (every 10 requests)
[20:56:42] [139/326] DSCZ
[20:56:42] [140/326] GAGA
[20:56:43] [141/326] SARV
[20:56:44] [142/326] SEEG
[20:56:45] [143/326] GLCA
[20:56:46] [144/326] APAS
[20:56:48] [145/326] VCIA
[20:56:48] [146/326] SJTA
[20:56:49] [147/326] SABM
[20:56:51] [148/326] PPAG
[20:56:51] 🔄 Identity reset
[20:56:51] 🔄 Identity rotated (every 10 requests)
[20:56:52] [149/326] RVCA
[20:56:53] [150/326] CCIA
[20:56:53] [151/326] HTAG
[20:56:54] [152/326] SMBI
[20:56:55] [153/326] MCJR
[20:56:56] [154/326] CCJR
[20:56:57] [155/326] SINF
[20:56:58] [156/326] CPLX
[20:56:58] [157/326] KKTJ
[20:56:59] [158/326] GDBW
[20:57:00] 🔄 Identity reset
[20:57:00] 🔄 Identity rotated (every 10 requests)
[20:57:00] [159/326] CSUB
[20:57:01] [160/326] DABA
[20:57:02] [161/326] TITR
[20:57:02] [162/326] NYCR
[20:57:03] [163/326] RTRY
[20:57:04] [164/326] JTJL
[20:57:06] [165/326] SJCP
[20:57:07] [166/326] KCCA
[20:57:08] [167/326] MLPG
[20:57:09] [168/326] VRCK
[20:57:09] 🔄 Identity reset
[20:57:09] 🔄 Identity rotated (every 10 requests)
[20:57:10] [169/326] SRIN
[20:57:11] [170/326] CXMK
[20:57:12] [171/326] SKAD
[20:57:14] [172/326] AVTR
[20:57:14] [173/326] PTAJ
[20:57:15] [174/326] SCNK
[20:57:17] [175/326] STTI
[20:57:17] [176/326] KACR
[20:57:18] [177/326] SSDX
[20:57:19] [178/326] VRTJ
[20:57:20] 🔄 Identity reset
[20:57:20] 🔄 Identity rotated (every 10 requests)
[20:57:20] [179/326] RAJD
[20:57:21] [180/326] SCIP
[20:57:22] [181/326] RJSL
[20:57:23] [182/326] ARRS
[20:57:24] [183/326] ASMS
[20:57:26] [184/326] RDTS
[20:57:27] [185/326] DVMY
[20:57:28] [186/326] RASA
[20:57:29] [187/326] INOM
[20:57:30] [188/326] SPRS
[20:57:30] 🔄 Identity reset
[20:57:30] 🔄 Identity rotated (every 10 requests)
[20:57:31] [189/326] SGCS
[20:57:31] [190/326] SALM
[20:57:33] [191/326] PKHC
[20:57:34] [192/326] RCSV
[20:57:35] [193/326] CPKC
[20:57:36] [194/326] AACD
[20:57:37] [195/326] GGCV
[20:57:38] [196/326] SMKD
[20:57:39] [197/326] NBCH
[20:57:40] [198/326] AMCB
[20:57:41] 🔄 Identity reset
[20:57:41] 🔄 Identity rotated (every 10 requests)
[20:57:41] [199/326] OPCN
[20:57:42] [200/326] DCIN
[20:57:43] [201/326] INGW
[20:57:44] [202/326] PKKW
[20:57:45] [203/326] FNGW
[20:57:46] [204/326] GCGD
[20:57:47] [205/326] MSTW
[20:57:48] [206/326] KCCG
[20:57:49] [207/326] MRSS
[20:57:50] [208/326] CLCF
[20:57:51] 🔄 Identity reset
[20:57:51] 🔄 Identity rotated (every 10 requests)
[20:57:51] 🔄 Retry 1/5 for CLCF in 2.6s
[20:57:51] 🔄 Identity reset
[20:57:53] 🧠 New identity created
[20:57:53] [209/326] EETS
[20:57:54] [210/326] AATR
[20:57:55] [211/326] CMMN
[20:57:56] [212/326] SCCJ
[20:57:57] [213/326] CDTK
[20:57:57] [214/326] AICP
[20:57:58] [215/326] FNBP
[20:58:00] [216/326] CBPB
[20:58:01] [217/326] CPAS
[20:58:01] 🔄 Identity reset
[20:58:01] 🔄 Identity rotated (every 10 requests)
[20:58:02] [218/326] MAPM
[20:58:03] [219/326] PASD
[20:58:03] [220/326] JCMN
[20:58:04] [221/326] MALB
[20:58:05] [222/326] SACG
[20:58:06] [223/326] DDRX
[20:58:07] [224/326] DDXB
[20:58:08] [225/326] RAMC
[20:58:08] [226/326] SANC
[20:58:09] [227/326] BCBP
[20:58:10] 🔄 Identity reset
[20:58:10] 🔄 Identity rotated (every 10 requests)
[20:58:10] [228/326] ALPC
[20:58:11] [229/326] RBAC
[20:58:12] [230/326] RAJL
[20:58:13] [231/326] MPDX
[20:58:14] [232/326] MUSC
[20:58:15] [233/326] VKMK
[20:58:16] [234/326] SKCG
[20:58:17] [235/326] ANCN
[20:58:18] [236/326] MMCJ
[20:58:19] [237/326] DCAK
[20:58:19] 🔄 Identity reset
[20:58:19] 🔄 Identity rotated (every 10 requests)
[20:58:20] [238/326] SCKG
[20:58:20] [239/326] LMCK
[20:58:21] [240/326] CKKX
[20:58:22] [241/326] ANKU
[20:58:23] [242/326] CSMD
[20:58:24] [243/326] MKMP
[20:58:25] [244/326] SVBG
[20:58:26] [245/326] ROOP
[20:58:26] [246/326] GDMT
[20:58:27] [247/326] FPPF
[20:58:28] 🔄 Identity reset
[20:58:28] 🔄 Identity rotated (every 10 requests)
[20:58:28] [248/326] SFUU
[20:58:29] [249/326] ANCB
[20:58:29] [250/326] SMMC
[20:58:30] [251/326] UGKT
[20:58:31] [252/326] JVRM
[20:58:32] [253/326] BATG
[20:58:33] [254/326] RATE
[20:58:33] [255/326] SKME
[20:58:34] [256/326] LMTP
[20:58:36] [257/326] TCBD
[20:58:36] 🔄 Identity reset
[20:58:36] 🔄 Identity rotated (every 10 requests)
[20:58:37] [258/326] ESBD
[20:58:37] [259/326] GDCU
[20:58:38] [260/326] SNKT
[20:58:39] [261/326] SRNK
[20:58:40] [262/326] SMED
[20:58:41] [263/326] CSQS
[20:58:42] [264/326] ALCS
[20:58:43] [265/326] KCKN
[20:58:43] [266/326] VCCL
[20:58:44] [267/326] MCDA
[20:58:45] 🔄 Identity reset
[20:58:45] 🔄 Identity rotated (every 10 requests)
[20:58:46] [268/326] SHMI
[20:58:47] [269/326] SKHA
[20:58:48] [270/326] SVFK
[20:58:49] [271/326] INVB
[20:58:51] [272/326] MELD
[20:58:51] [273/326] JTYS
[20:58:52] [274/326] INCM
[20:58:54] [275/326] MCDV
[20:58:55] [276/326] KSGK
[20:58:56] [277/326] ICMG
[20:58:56] 🔄 Identity reset
[20:58:56] 🔄 Identity rotated (every 10 requests)
[20:58:57] [278/326] CSCV
[20:58:57] [279/326] STMD
[20:58:58] [280/326] STTR
[20:58:59] [281/326] INVC
[20:59:00] [282/326] JTBL
[20:59:02] [283/326] SRVV
[20:59:03] [284/326] MAVC
[20:59:04] [285/326] SRPP
[20:59:04] [286/326] JGDM
[20:59:05] [287/326] MBSJ
[20:59:06] 🔄 Identity reset
[20:59:06] 🔄 Identity rotated (every 10 requests)
[20:59:06] [288/326] SSLL
[20:59:07] [289/326] SLKP
[20:59:08] [290/326] NSRV
[20:59:08] [291/326] UTDV
[20:59:09] [292/326] KICM
[20:59:11] [293/326] KCMD
[20:59:11] [294/326] TTPP
[20:59:12] [295/326] KMPV
[20:59:13] [296/326] SKTV
[20:59:14] [297/326] STCV
[20:59:15] 🔄 Identity reset
[20:59:15] 🔄 Identity rotated (every 10 requests)
[20:59:15] 🔄 Retry 1/5 for STCV in 2.2s
[20:59:15] 🔄 Identity reset
[20:59:17] 🧠 New identity created
[20:59:17] [298/326] SRDA
[20:59:18] [299/326] JTSX
[20:59:19] [300/326] STBV
[20:59:20] [301/326] APVZ
[20:59:21] [302/326] GSTV
[20:59:22] [303/326] NMVS
[20:59:23] [304/326] SKRT
[20:59:24] [305/326] RMDV
[20:59:25] [306/326] RATG
[20:59:25] 🔄 Identity reset
[20:59:25] 🔄 Identity rotated (every 10 requests)
[20:59:25] [307/326] SJYV
[20:59:27] [308/326] NDGP
[20:59:28] [309/326] SNDG
[20:59:29] [310/326] INSR
[20:59:30] [311/326] INSO
[20:59:31] [312/326] CCSI
[20:59:32] [313/326] RASM
[20:59:33] [314/326] NEWC
[20:59:34] [315/326] VSHL
[20:59:34] [316/326] BISW
[20:59:35] 🔄 Identity reset
[20:59:35] 🔄 Identity rotated (every 10 requests)
[20:59:35] [317/326] GCNG
[20:59:36] [318/326] CWSC
[20:59:38] [319/326] SKAN
[20:59:39] [320/326] CCOA
[20:59:40] [321/326] MCAJ
[20:59:41] [322/326] ACDE
[20:59:42] [323/326] AACM
[20:59:43] [324/326] JJCK
[20:59:43] [325/326] RCMO
[20:59:44] [326/326] GDAW
[20:59:45] 🔄 Identity reset
[20:59:45] 🔄 Identity rotated (every 10 requests)
[20:59:46] 🧹 Deduping shows
[20:59:46] ✅ DONE | Shows=972 | Movies=47
