[00:16:47] 🚀 BMS DAILY TRACKER STARTED (enhanced anti‑detection)
[00:16:47] [1/326] VCHA
[00:16:48] 🧠 New identity created
[00:16:48] [2/326] SCKO
[00:16:49] [3/326] VKTK
[00:16:50] [4/326] DXEC
[00:16:51] [5/326] CDCA
[00:16:53] [6/326] VBCZ
[00:16:54] [7/326] MSDR
[00:16:55] [8/326] ACPV
[00:16:55] [9/326] PVHB
[00:16:56] [10/326] RCNH
[00:16:57] 🔄 Identity reset
[00:16:57] 🔄 Identity rotated (every 10 requests)
[00:16:57] [11/326] IOMH
[00:16:58] [12/326] ILKS
[00:16:59] [13/326] AMSN
[00:17:01] [14/326] ANTP
[00:17:02] [15/326] SSEK
[00:17:03] [16/326] PICP
[00:17:04] [17/326] SICO
[00:17:05] [18/326] SISP
[00:17:07] [19/326] SCPI
[00:17:08] [20/326] CRPR
[00:17:08] 🔄 Identity reset
[00:17:08] 🔄 Identity rotated (every 10 requests)
[00:17:09] [21/326] DCTW
[00:17:10] [22/326] DCSP
[00:17:11] [23/326] KRPM
[00:17:12] [24/326] THKK
[00:17:13] [25/326] SNMY
[00:17:14] [26/326] AKCC
[00:17:15] [27/326] PCAT
[00:17:16] [28/326] RFGO
[00:17:17] [29/326] GGCS
[00:17:18] [30/326] ACKR
[00:17:18] 🔄 Identity reset
[00:17:18] 🔄 Identity rotated (every 10 requests)
[00:17:18] [31/326] STDO
[00:17:19] [32/326] ACKB
[00:17:20] [33/326] ALUC
[00:17:21] [34/326] MNSR
[00:17:22] [35/326] CSSL
[00:17:23] [36/326] BGGM
[00:17:24] [37/326] MANT
[00:17:25] [38/326] SOOY
[00:17:26] [39/326] VPPK
[00:17:27] [40/326] MYHJ
[00:17:27] 🔄 Identity reset
[00:17:27] 🔄 Identity rotated (every 10 requests)
[00:17:28] [41/326] KSCK
[00:17:29] [42/326] KATK
[00:17:30] [43/326] RTRT
[00:17:31] [44/326] SSTT
[00:17:32] [45/326] SSTV
[00:17:33] [46/326] LACM
[00:17:34] [47/326] SGMG
[00:17:35] [48/326] KACX
[00:17:36] [49/326] GVCP
[00:17:36] [50/326] CSNC
[00:17:37] 🔄 Identity reset
[00:17:37] 🔄 Identity rotated (every 10 requests)
[00:17:37] [51/326] SXCB
[00:17:38] [52/326] BAHS
[00:17:39] [53/326] PCBI
[00:17:40] [54/326] PSSM
[00:17:41] [55/326] RCOK
[00:17:42] [56/326] SCPF
[00:17:43] [57/326] SSAS
[00:17:44] [58/326] EVMM
[00:17:45] [59/326] SYCB
[00:17:46] [60/326] GCKI
[00:17:46] 🔄 Identity reset
[00:17:46] 🔄 Identity rotated (every 10 requests)
[00:17:47] [61/326] IAET
[00:17:48] [62/326] DDTD
[00:17:49] [63/326] GMDH
[00:17:50] [64/326] STLE
[00:17:51] [65/326] JTRA
[00:17:53] [66/326] RPPA
[00:17:54] [67/326] ARUT
[00:17:55] [68/326] JTVM
[00:17:56] [69/326] SWRH
[00:17:57] [70/326] DCPC
[00:17:58] 🔄 Identity reset
[00:17:58] 🔄 Identity rotated (every 10 requests)
[00:17:58] [71/326] RAPR
[00:18:00] [72/326] GCRT
[00:18:01] [73/326] ATUN
[00:18:01] [74/326] LTRM
[00:18:02] [75/326] TASR
[00:18:04] [76/326] RLLC
[00:18:05] [77/326] MABI
[00:18:06] [78/326] SVHB
[00:18:07] [79/326] NVTB
[00:18:08] [80/326] KCKG
[00:18:08] 🔄 Identity reset
[00:18:08] 🔄 Identity rotated (every 10 requests)
[00:18:08] [81/326] SSRN
[00:18:09] [82/326] VDDC
[00:18:10] [83/326] GKTK
[00:18:11] [84/326] YFSN
[00:18:12] [85/326] GCSG
[00:18:13] [86/326] ESSM
[00:18:13] [87/326] KRIH
[00:18:14] [88/326] GCDS
[00:18:15] [89/326] CCSH
[00:18:16] [90/326] ACSK
[00:18:17] 🔄 Identity reset
[00:18:17] 🔄 Identity rotated (every 10 requests)
[00:18:18] [91/326] APRK
[00:18:18] [92/326] ADKM
[00:18:19] [93/326] SRDM
[00:18:20] [94/326] SJMY
[00:18:21] [95/326] PGGC
[00:18:22] [96/326] INGM
[00:18:23] [97/326] LSCB
[00:18:25] [98/326] STAD
[00:18:26] [99/326] MCCR
[00:18:27] [100/326] ABCC
[00:18:28] 🔄 Identity reset
[00:18:28] 🔄 Identity rotated (every 10 requests)
[00:18:28] [101/326] RKCC
[00:18:29] [102/326] RTCR
[00:18:30] [103/326] GGBC
[00:18:31] [104/326] GCSD
[00:18:32] [105/326] LPTY
[00:18:33] [106/326] MCFD
[00:18:34] [107/326] HENN
[00:18:35] [108/326] SMKU
[00:18:36] [109/326] TNZC
[00:18:37] [110/326] DRCD
[00:18:38] 🔄 Identity reset
[00:18:38] 🔄 Identity rotated (every 10 requests)
[00:18:38] [111/326] DLCD
[00:18:39] [112/326] RCDA
[00:18:40] [113/326] COSM
[00:18:41] [114/326] MCMJ
[00:18:43] [115/326] CSTR
[00:18:44] [116/326] CVDK
[00:18:45] [117/326] INRR
[00:18:46] [118/326] RJRT
[00:18:46] [119/326] IRMR
[00:18:48] [120/326] SRCF
[00:18:49] 🔄 Identity reset
[00:18:49] 🔄 Identity rotated (every 10 requests)
[00:18:49] [121/326] GRCR
[00:18:50] [122/326] SURC
[00:18:51] [123/326] NMNH
[00:18:52] [124/326] SVBL
[00:18:53] [125/326] KACI
[00:18:54] [126/326] TDGO
[00:18:55] [127/326] KTBR
[00:18:56] [128/326] PMAD
[00:18:57] [129/326] CCPN
[00:18:58] [130/326] SBTK
[00:18:59] 🔄 Identity reset
[00:18:59] 🔄 Identity rotated (every 10 requests)
[00:18:59] [131/326] LMDK
[00:19:00] [132/326] PGDA
[00:19:01] [133/326] SRML
[00:19:03] [134/326] EVCK
[00:19:04] [135/326] RTTK
[00:19:05] [136/326] SRTU
[00:19:06] [137/326] VRSA
[00:19:07] [138/326] VARS
[00:19:08] [139/326] DSCZ
[00:19:09] [140/326] GAGA
[00:19:09] 🔄 Identity reset
[00:19:09] 🔄 Identity rotated (every 10 requests)
[00:19:10] [141/326] SARV
[00:19:11] [142/326] SEEG
[00:19:11] [143/326] GLCA
[00:19:13] [144/326] APAS
[00:19:14] [145/326] VCIA
[00:19:15] [146/326] SJTA
[00:19:16] [147/326] SABM
[00:19:17] [148/326] PPAG
[00:19:17] [149/326] RVCA
[00:19:19] [150/326] CCIA
[00:19:20] 🔄 Identity reset
[00:19:20] 🔄 Identity rotated (every 10 requests)
[00:19:20] [151/326] HTAG
[00:19:21] [152/326] SMBI
[00:19:22] [153/326] MCJR
[00:19:23] [154/326] CCJR
[00:19:24] [155/326] SINF
[00:19:25] [156/326] CPLX
[00:19:26] [157/326] KKTJ
[00:19:27] [158/326] GDBW
[00:19:28] [159/326] CSUB
[00:19:29] [160/326] DABA
[00:19:30] 🔄 Identity reset
[00:19:30] 🔄 Identity rotated (every 10 requests)
[00:19:31] [161/326] TITR
[00:19:32] [162/326] NYCR
[00:19:33] [163/326] RTRY
[00:19:33] [164/326] JTJL
[00:19:35] [165/326] SJCP
[00:19:36] [166/326] KCCA
[00:19:37] [167/326] MLPG
[00:19:38] [168/326] VRCK
[00:19:39] [169/326] SRIN
[00:19:40] [170/326] CXMK
[00:19:40] 🔄 Identity reset
[00:19:40] 🔄 Identity rotated (every 10 requests)
[00:19:41] [171/326] SKAD
[00:19:42] [172/326] AVTR
[00:19:43] [173/326] PTAJ
[00:19:44] [174/326] SCNK
[00:19:45] [175/326] STTI
[00:19:46] [176/326] KACR
[00:19:47] [177/326] SSDX
[00:19:47] [178/326] VRTJ
[00:19:48] [179/326] RAJD
[00:19:49] [180/326] SCIP
[00:19:50] 🔄 Identity reset
[00:19:50] 🔄 Identity rotated (every 10 requests)
[00:19:50] [181/326] RJSL
[00:19:51] [182/326] ARRS
[00:19:52] [183/326] ASMS
[00:19:54] [184/326] RDTS
[00:19:55] [185/326] DVMY
[00:19:56] [186/326] RASA
[00:19:56] [187/326] INOM
[00:19:57] [188/326] SPRS
[00:19:58] [189/326] SGCS
[00:19:59] [190/326] SALM
[00:20:00] 🔄 Identity reset
[00:20:00] 🔄 Identity rotated (every 10 requests)
[00:20:00] [191/326] PKHC
[00:20:01] [192/326] RCSV
[00:20:02] [193/326] CPKC
[00:20:03] [194/326] AACD
[00:20:04] [195/326] GGCV
[00:20:05] [196/326] SMKD
[00:20:06] [197/326] NBCH
[00:20:07] [198/326] AMCB
[00:20:08] [199/326] OPCN
[00:20:09] [200/326] DCIN
[00:20:10] 🔄 Identity reset
[00:20:10] 🔄 Identity rotated (every 10 requests)
[00:20:10] [201/326] INGW
[00:20:11] [202/326] PKKW
[00:20:12] [203/326] FNGW
[00:20:13] [204/326] GCGD
[00:20:15] [205/326] MSTW
[00:20:16] [206/326] KCCG
[00:20:17] [207/326] MRSS
[00:20:18] [208/326] CLCF
[00:20:19] [209/326] EETS
[00:20:20] [210/326] AATR
[00:20:21] 🔄 Identity reset
[00:20:21] 🔄 Identity rotated (every 10 requests)
[00:20:21] [211/326] CMMN
[00:20:22] [212/326] SCCJ
[00:20:23] [213/326] CDTK
[00:20:25] [214/326] AICP
[00:20:26] [215/326] FNBP
[00:20:27] [216/326] CBPB
[00:20:27] [217/326] CPAS
[00:20:28] [218/326] MAPM
[00:20:29] [219/326] PASD
[00:20:30] [220/326] JCMN
[00:20:31] 🔄 Identity reset
[00:20:31] 🔄 Identity rotated (every 10 requests)
[00:20:31] [221/326] MALB
[00:20:32] [222/326] SACG
[00:20:33] [223/326] DDRX
[00:20:34] [224/326] DDXB
[00:20:35] [225/326] RAMC
[00:20:35] [226/326] SANC
[00:20:36] [227/326] BCBP
[00:20:37] [228/326] ALPC
[00:20:38] [229/326] RBAC
[00:20:40] [230/326] RAJL
[00:20:41] 🔄 Identity reset
[00:20:41] 🔄 Identity rotated (every 10 requests)
[00:20:42] [231/326] MPDX
[00:20:43] [232/326] MUSC
[00:20:43] [233/326] VKMK
[00:20:44] [234/326] SKCG
[00:20:45] [235/326] ANCN
[00:20:46] [236/326] MMCJ
[00:20:47] [237/326] DCAK
[00:20:48] [238/326] SCKG
[00:20:49] [239/326] LMCK
[00:20:50] [240/326] CKKX
[00:20:50] 🔄 Identity reset
[00:20:50] 🔄 Identity rotated (every 10 requests)
[00:20:51] [241/326] ANKU
[00:20:51] [242/326] CSMD
[00:20:52] [243/326] MKMP
[00:20:53] [244/326] SVBG
[00:20:55] [245/326] ROOP
[00:20:56] [246/326] GDMT
[00:20:57] [247/326] FPPF
[00:20:58] [248/326] SFUU
[00:20:59] [249/326] ANCB
[00:21:00] [250/326] SMMC
[00:21:00] 🔄 Identity reset
[00:21:00] 🔄 Identity rotated (every 10 requests)
[00:21:00] [251/326] UGKT
[00:21:01] [252/326] JVRM
[00:21:03] [253/326] BATG
[00:21:04] [254/326] RATE
[00:21:05] [255/326] SKME
[00:21:06] [256/326] LMTP
[00:21:07] [257/326] TCBD
[00:21:08] [258/326] ESBD
[00:21:09] [259/326] GDCU
[00:21:09] [260/326] SNKT
[00:21:10] 🔄 Identity reset
[00:21:10] 🔄 Identity rotated (every 10 requests)
[00:21:10] [261/326] SRNK
[00:21:12] [262/326] SMED
[00:21:14] [263/326] CSQS
[00:21:14] [264/326] ALCS
[00:21:15] [265/326] KCKN
[00:21:16] [266/326] VCCL
[00:21:18] [267/326] MCDA
[00:21:19] [268/326] SHMI
[00:21:20] [269/326] SKHA
[00:21:21] [270/326] SVFK
[00:21:22] 🔄 Identity reset
[00:21:22] 🔄 Identity rotated (every 10 requests)
[00:21:22] [271/326] INVB
[00:21:23] [272/326] MELD
[00:21:24] [273/326] JTYS
[00:21:25] [274/326] INCM
[00:21:26] [275/326] MCDV
[00:21:27] [276/326] KSGK
[00:21:28] [277/326] ICMG
[00:21:28] [278/326] CSCV
[00:21:30] [279/326] STMD
[00:21:31] [280/326] STTR
[00:21:32] 🔄 Identity reset
[00:21:32] 🔄 Identity rotated (every 10 requests)
[00:21:32] [281/326] INVC
[00:21:33] [282/326] JTBL
[00:21:34] [283/326] SRVV
[00:21:34] [284/326] MAVC
[00:21:35] [285/326] SRPP
[00:21:36] [286/326] JGDM
[00:21:37] [287/326] MBSJ
[00:21:38] [288/326] SSLL
[00:21:39] [289/326] SLKP
[00:21:40] [290/326] NSRV
[00:21:40] 🔄 Identity reset
[00:21:41] 🔄 Identity rotated (every 10 requests)
[00:21:41] [291/326] UTDV
[00:21:42] [292/326] KICM
[00:21:43] [293/326] KCMD
[00:21:45] [294/326] TTPP
[00:21:46] [295/326] KMPV
[00:21:46] [296/326] SKTV
[00:21:47] [297/326] STCV
[00:21:48] [298/326] SRDA
[00:21:49] [299/326] JTSX
[00:21:50] [300/326] STBV
[00:21:51] 🔄 Identity reset
[00:21:51] 🔄 Identity rotated (every 10 requests)
[00:21:51] [301/326] APVZ
[00:21:52] [302/326] GSTV
[00:21:53] [303/326] NMVS
[00:21:54] [304/326] SKRT
[00:21:55] [305/326] RMDV
[00:21:56] [306/326] RATG
[00:21:57] [307/326] SJYV
[00:21:59] [308/326] NDGP
[00:22:00] [309/326] SNDG
[00:22:01] [310/326] INSR
[00:22:02] 🔄 Identity reset
[00:22:02] 🔄 Identity rotated (every 10 requests)
[00:22:02] [311/326] INSO
[00:22:03] [312/326] CCSI
[00:22:04] [313/326] RASM
[00:22:05] [314/326] NEWC
[00:22:06] [315/326] VSHL
[00:22:07] [316/326] BISW
[00:22:07] [317/326] GCNG
[00:22:08] [318/326] CWSC
[00:22:09] [319/326] SKAN
[00:22:10] [320/326] CCOA
[00:22:11] 🔄 Identity reset
[00:22:11] 🔄 Identity rotated (every 10 requests)
[00:22:12] [321/326] MCAJ
[00:22:13] [322/326] ACDE
[00:22:14] [323/326] AACM
[00:22:15] [324/326] JJCK
[00:22:16] [325/326] RCMO
[00:22:16] [326/326] GDAW
[00:22:17] ✅ DONE | Shows=0 | Movies=0
[01:16:36] 🚀 BMS DAILY TRACKER STARTED (enhanced anti‑detection)
[01:16:36] [1/326] VCHA
[01:16:36] 🧠 New identity created
[01:16:37] [2/326] SCKO
[01:16:39] [3/326] VKTK
[01:16:40] [4/326] DXEC
[01:16:41] [5/326] CDCA
[01:16:42] [6/326] VBCZ
[01:16:43] [7/326] MSDR
[01:16:44] [8/326] ACPV
[01:16:45] [9/326] PVHB
[01:16:45] [10/326] RCNH
[01:16:46] 🔄 Identity reset
[01:16:46] 🔄 Identity rotated (every 10 requests)
[01:16:46] [11/326] IOMH
[01:16:47] [12/326] ILKS
[01:16:48] [13/326] AMSN
[01:16:49] [14/326] ANTP
[01:16:50] [15/326] SSEK
[01:16:51] [16/326] PICP
[01:16:52] [17/326] SICO
[01:16:53] [18/326] SISP
[01:16:54] [19/326] SCPI
[01:16:55] [20/326] CRPR
[01:16:56] 🔄 Identity reset
[01:16:56] 🔄 Identity rotated (every 10 requests)
[01:16:56] [21/326] DCTW
[01:16:57] [22/326] DCSP
[01:16:58] [23/326] KRPM
[01:16:59] [24/326] THKK
[01:16:59] [25/326] SNMY
[01:17:01] [26/326] AKCC
[01:17:02] [27/326] PCAT
[01:17:03] [28/326] RFGO
[01:17:04] [29/326] GGCS
[01:17:05] [30/326] ACKR
[01:17:05] 🔄 Identity reset
[01:17:05] 🔄 Identity rotated (every 10 requests)
[01:17:05] [31/326] STDO
[01:17:07] [32/326] ACKB
[01:17:08] [33/326] ALUC
[01:17:08] [34/326] MNSR
[01:17:09] [35/326] CSSL
[01:17:10] [36/326] BGGM
[01:17:11] [37/326] MANT
[01:17:12] [38/326] SOOY
[01:17:12] [39/326] VPPK
[01:17:13] [40/326] MYHJ
[01:17:14] 🔄 Identity reset
[01:17:14] 🔄 Identity rotated (every 10 requests)
[01:17:14] [41/326] KSCK
[01:17:15] [42/326] KATK
[01:17:16] [43/326] RTRT
[01:17:17] [44/326] SSTT
[01:17:18] [45/326] SSTV
[01:17:19] [46/326] LACM
[01:17:20] [47/326] SGMG
[01:17:22] [48/326] KACX
[01:17:22] [49/326] GVCP
[01:17:23] [50/326] CSNC
[01:17:24] 🔄 Identity reset
[01:17:24] 🔄 Identity rotated (every 10 requests)
[01:17:24] [51/326] SXCB
[01:17:25] [52/326] BAHS
[01:17:26] [53/326] PCBI
[01:17:27] [54/326] PSSM
[01:17:28] [55/326] RCOK
[01:17:29] [56/326] SCPF
[01:17:30] [57/326] SSAS
[01:17:31] [58/326] EVMM
[01:17:32] [59/326] SYCB
[01:17:33] [60/326] GCKI
[01:17:33] 🔄 Identity reset
[01:17:33] 🔄 Identity rotated (every 10 requests)
[01:17:34] [61/326] IAET
[01:17:35] [62/326] DDTD
[01:17:35] [63/326] GMDH
[01:17:36] [64/326] STLE
[01:17:37] [65/326] JTRA
[01:17:38] [66/326] RPPA
[01:17:39] [67/326] ARUT
[01:17:40] [68/326] JTVM
[01:17:41] [69/326] SWRH
[01:17:41] [70/326] DCPC
[01:17:42] 🔄 Identity reset
[01:17:42] 🔄 Identity rotated (every 10 requests)
[01:17:42] [71/326] RAPR
[01:17:43] [72/326] GCRT
[01:17:44] [73/326] ATUN
[01:17:45] [74/326] LTRM
[01:17:46] [75/326] TASR
[01:17:47] [76/326] RLLC
[01:17:48] [77/326] MABI
[01:17:48] [78/326] SVHB
[01:17:49] [79/326] NVTB
[01:17:50] [80/326] KCKG
[01:17:51] 🔄 Identity reset
[01:17:51] 🔄 Identity rotated (every 10 requests)
[01:17:51] [81/326] SSRN
[01:17:52] [82/326] VDDC
[01:17:53] [83/326] GKTK
[01:17:53] [84/326] YFSN
[01:17:55] [85/326] GCSG
[01:17:56] [86/326] ESSM
[01:17:57] [87/326] KRIH
[01:17:58] [88/326] GCDS
[01:17:59] [89/326] CCSH
[01:18:00] [90/326] ACSK
[01:18:01] 🔄 Identity reset
[01:18:01] 🔄 Identity rotated (every 10 requests)
[01:18:01] [91/326] APRK
[01:18:02] [92/326] ADKM
[01:18:03] [93/326] SRDM
[01:18:04] [94/326] SJMY
[01:18:05] [95/326] PGGC
[01:18:05] [96/326] INGM
[01:18:06] [97/326] LSCB
[01:18:07] [98/326] STAD
[01:18:08] [99/326] MCCR
[01:18:08] [100/326] ABCC
[01:18:09] 🔄 Identity reset
[01:18:09] 🔄 Identity rotated (every 10 requests)
[01:18:09] [101/326] RKCC
[01:18:10] [102/326] RTCR
[01:18:11] [103/326] GGBC
[01:18:12] [104/326] GCSD
[01:18:13] [105/326] LPTY
[01:18:13] [106/326] MCFD
[01:18:14] [107/326] HENN
[01:18:15] [108/326] SMKU
[01:18:16] [109/326] TNZC
[01:18:17] [110/326] DRCD
[01:18:17] 🔄 Identity reset
[01:18:17] 🔄 Identity rotated (every 10 requests)
[01:18:18] [111/326] DLCD
[01:18:19] [112/326] RCDA
[01:18:20] [113/326] COSM
[01:18:21] [114/326] MCMJ
[01:18:21] [115/326] CSTR
[01:18:22] [116/326] CVDK
[01:18:23] [117/326] INRR
[01:18:24] [118/326] RJRT
[01:18:24] [119/326] IRMR
[01:18:25] [120/326] SRCF
[01:18:26] 🔄 Identity reset
[01:18:26] 🔄 Identity rotated (every 10 requests)
[01:18:26] [121/326] GRCR
[01:18:27] [122/326] SURC
[01:18:28] [123/326] NMNH
[01:18:29] [124/326] SVBL
[01:18:30] [125/326] KACI
[01:18:31] [126/326] TDGO
[01:18:32] [127/326] KTBR
[01:18:33] [128/326] PMAD
[01:18:33] [129/326] CCPN
[01:18:34] [130/326] SBTK
[01:18:35] 🔄 Identity reset
[01:18:35] 🔄 Identity rotated (every 10 requests)
[01:18:35] 🔄 Retry 1/5 for SBTK in 2.7s
[01:18:35] 🔄 Identity reset
[01:18:38] 🧠 New identity created
[01:18:38] [131/326] LMDK
[01:18:39] [132/326] PGDA
[01:18:40] [133/326] SRML
[01:18:41] [134/326] EVCK
[01:18:42] [135/326] RTTK
[01:18:43] [136/326] SRTU
[01:18:44] [137/326] VRSA
[01:18:45] [138/326] VARS
[01:18:46] [139/326] DSCZ
[01:18:46] 🔄 Identity reset
[01:18:46] 🔄 Identity rotated (every 10 requests)
[01:18:47] [140/326] GAGA
[01:18:48] [141/326] SARV
[01:18:49] [142/326] SEEG
[01:18:50] [143/326] GLCA
[01:18:51] [144/326] APAS
[01:18:52] [145/326] VCIA
[01:18:53] [146/326] SJTA
[01:18:54] [147/326] SABM
[01:18:54] [148/326] PPAG
[01:18:55] [149/326] RVCA
[01:18:56] 🔄 Identity reset
[01:18:56] 🔄 Identity rotated (every 10 requests)
[01:18:57] [150/326] CCIA
[01:18:57] [151/326] HTAG
[01:18:58] [152/326] SMBI
[01:18:59] [153/326] MCJR
[01:19:00] [154/326] CCJR
[01:19:01] [155/326] SINF
[01:19:01] [156/326] CPLX
[01:19:02] [157/326] KKTJ
[01:19:03] [158/326] GDBW
[01:19:04] [159/326] CSUB
[01:19:05] 🔄 Identity reset
[01:19:05] 🔄 Identity rotated (every 10 requests)
[01:19:05] [160/326] DABA
[01:19:06] [161/326] TITR
[01:19:07] [162/326] NYCR
[01:19:08] [163/326] RTRY
[01:19:09] [164/326] JTJL
[01:19:10] [165/326] SJCP
[01:19:11] [166/326] KCCA
[01:19:12] [167/326] MLPG
[01:19:13] [168/326] VRCK
[01:19:13] [169/326] SRIN
[01:19:14] 🔄 Identity reset
[01:19:14] 🔄 Identity rotated (every 10 requests)
[01:19:14] 🔄 Retry 1/5 for SRIN in 2.4s
[01:19:14] 🔄 Identity reset
[01:19:17] 🧠 New identity created
[01:19:17] [170/326] CXMK
[01:19:18] [171/326] SKAD
[01:19:18] [172/326] AVTR
[01:19:19] [173/326] PTAJ
[01:19:20] [174/326] SCNK
[01:19:21] [175/326] STTI
[01:19:22] [176/326] KACR
[01:19:22] [177/326] SSDX
[01:19:23] [178/326] VRTJ
[01:19:24] 🔄 Identity reset
[01:19:24] 🔄 Identity rotated (every 10 requests)
[01:19:24] [179/326] RAJD
[01:19:25] [180/326] SCIP
[01:19:26] [181/326] RJSL
[01:19:27] [182/326] ARRS
[01:19:28] [183/326] ASMS
[01:19:29] [184/326] RDTS
[01:19:29] [185/326] DVMY
[01:19:30] [186/326] RASA
[01:19:32] [187/326] INOM
[01:19:32] [188/326] SPRS
[01:19:33] 🔄 Identity reset
[01:19:33] 🔄 Identity rotated (every 10 requests)
[01:19:33] [189/326] SGCS
[01:19:34] [190/326] SALM
[01:19:35] [191/326] PKHC
[01:19:36] [192/326] RCSV
[01:19:37] [193/326] CPKC
[01:19:38] [194/326] AACD
[01:19:39] [195/326] GGCV
[01:19:40] [196/326] SMKD
[01:19:41] [197/326] NBCH
[01:19:42] [198/326] AMCB
[01:19:43] 🔄 Identity reset
[01:19:43] 🔄 Identity rotated (every 10 requests)
[01:19:43] [199/326] OPCN
[01:19:44] [200/326] DCIN
[01:19:45] [201/326] INGW
[01:19:46] [202/326] PKKW
[01:19:47] [203/326] FNGW
[01:19:48] [204/326] GCGD
[01:19:49] [205/326] MSTW
[01:19:49] [206/326] KCCG
[01:19:50] [207/326] MRSS
[01:19:52] [208/326] CLCF
[01:19:52] 🔄 Identity reset
[01:19:52] 🔄 Identity rotated (every 10 requests)
[01:19:53] [209/326] EETS
[01:19:54] [210/326] AATR
[01:19:54] [211/326] CMMN
[01:19:55] [212/326] SCCJ
[01:19:56] [213/326] CDTK
[01:19:57] [214/326] AICP
[01:19:58] [215/326] FNBP
[01:19:59] [216/326] CBPB
[01:20:00] [217/326] CPAS
[01:20:01] [218/326] MAPM
[01:20:02] 🔄 Identity reset
[01:20:02] 🔄 Identity rotated (every 10 requests)
[01:20:02] [219/326] PASD
[01:20:03] [220/326] JCMN
[01:20:04] [221/326] MALB
[01:20:05] [222/326] SACG
[01:20:05] [223/326] DDRX
[01:20:06] [224/326] DDXB
[01:20:07] [225/326] RAMC
[01:20:08] [226/326] SANC
[01:20:09] [227/326] BCBP
[01:20:10] [228/326] ALPC
[01:20:10] 🔄 Identity reset
[01:20:10] 🔄 Identity rotated (every 10 requests)
[01:20:11] [229/326] RBAC
[01:20:12] [230/326] RAJL
[01:20:12] [231/326] MPDX
[01:20:14] [232/326] MUSC
[01:20:15] [233/326] VKMK
[01:20:16] [234/326] SKCG
[01:20:17] [235/326] ANCN
[01:20:18] [236/326] MMCJ
[01:20:18] [237/326] DCAK
[01:20:19] [238/326] SCKG
[01:20:20] 🔄 Identity reset
[01:20:20] 🔄 Identity rotated (every 10 requests)
[01:20:20] [239/326] LMCK
[01:20:21] [240/326] CKKX
[01:20:22] [241/326] ANKU
[01:20:23] [242/326] CSMD
[01:20:24] [243/326] MKMP
[01:20:25] [244/326] SVBG
[01:20:26] [245/326] ROOP
[01:20:26] [246/326] GDMT
[01:20:27] [247/326] FPPF
[01:20:28] [248/326] SFUU
[01:20:28] 🔄 Identity reset
[01:20:28] 🔄 Identity rotated (every 10 requests)
[01:20:29] [249/326] ANCB
[01:20:30] [250/326] SMMC
[01:20:30] [251/326] UGKT
[01:20:31] [252/326] JVRM
[01:20:32] [253/326] BATG
[01:20:33] [254/326] RATE
[01:20:34] [255/326] SKME
[01:20:35] [256/326] LMTP
[01:20:36] [257/326] TCBD
[01:20:37] [258/326] ESBD
[01:20:38] 🔄 Identity reset
[01:20:38] 🔄 Identity rotated (every 10 requests)
[01:20:38] [259/326] GDCU
[01:20:40] [260/326] SNKT
[01:20:40] [261/326] SRNK
[01:20:41] [262/326] SMED
[01:20:43] [263/326] CSQS
[01:20:44] [264/326] ALCS
[01:20:45] [265/326] KCKN
[01:20:46] [266/326] VCCL
[01:20:48] [267/326] MCDA
[01:20:48] [268/326] SHMI
[01:20:49] 🔄 Identity reset
[01:20:49] 🔄 Identity rotated (every 10 requests)
[01:20:49] [269/326] SKHA
[01:20:50] [270/326] SVFK
[01:20:51] [271/326] INVB
[01:20:52] [272/326] MELD
[01:20:52] [273/326] JTYS
[01:20:53] [274/326] INCM
[01:20:54] [275/326] MCDV
[01:20:55] [276/326] KSGK
[01:20:56] [277/326] ICMG
[01:20:57] [278/326] CSCV
[01:20:57] 🔄 Identity reset
[01:20:57] 🔄 Identity rotated (every 10 requests)
[01:20:58] [279/326] STMD
[01:20:59] [280/326] STTR
[01:21:00] [281/326] INVC
[01:21:01] [282/326] JTBL
[01:21:02] [283/326] SRVV
[01:21:03] [284/326] MAVC
[01:21:04] [285/326] SRPP
[01:21:05] [286/326] JGDM
[01:21:05] [287/326] MBSJ
[01:21:06] [288/326] SSLL
[01:21:07] 🔄 Identity reset
[01:21:07] 🔄 Identity rotated (every 10 requests)
[01:21:07] [289/326] SLKP
[01:21:08] [290/326] NSRV
[01:21:09] [291/326] UTDV
[01:21:10] [292/326] KICM
[01:21:11] [293/326] KCMD
[01:21:12] [294/326] TTPP
[01:21:13] [295/326] KMPV
[01:21:14] [296/326] SKTV
[01:21:15] [297/326] STCV
[01:21:16] [298/326] SRDA
[01:21:16] 🔄 Identity reset
[01:21:16] 🔄 Identity rotated (every 10 requests)
[01:21:17] [299/326] JTSX
[01:21:18] [300/326] STBV
[01:21:19] [301/326] APVZ
[01:21:20] [302/326] GSTV
[01:21:21] [303/326] NMVS
[01:21:22] [304/326] SKRT
[01:21:23] [305/326] RMDV
[01:21:24] [306/326] RATG
[01:21:25] [307/326] SJYV
[01:21:26] [308/326] NDGP
[01:21:26] 🔄 Identity reset
[01:21:26] 🔄 Identity rotated (every 10 requests)
[01:21:27] [309/326] SNDG
[01:21:28] [310/326] INSR
[01:21:29] [311/326] INSO
[01:21:29] [312/326] CCSI
[01:21:30] [313/326] RASM
[01:21:31] [314/326] NEWC
[01:21:32] [315/326] VSHL
[01:21:33] [316/326] BISW
[01:21:34] [317/326] GCNG
[01:21:35] [318/326] CWSC
[01:21:35] 🔄 Identity reset
[01:21:35] 🔄 Identity rotated (every 10 requests)
[01:21:35] [319/326] SKAN
[01:21:36] [320/326] CCOA
[01:21:38] [321/326] MCAJ
[01:21:39] [322/326] ACDE
[01:21:40] [323/326] AACM
[01:21:41] [324/326] JJCK
[01:21:41] [325/326] RCMO
[01:21:43] [326/326] GDAW
[01:21:44] ✅ DONE | Shows=0 | Movies=0
[02:16:40] 🚀 BMS DAILY TRACKER STARTED (enhanced anti‑detection)
[02:16:40] [1/326] VCHA
[02:16:40] 🧠 New identity created
[02:16:41] [2/326] SCKO
[02:16:43] [3/326] VKTK
[02:16:44] [4/326] DXEC
[02:16:44] [5/326] CDCA
[02:16:46] [6/326] VBCZ
[02:16:47] [7/326] MSDR
[02:16:48] [8/326] ACPV
[02:16:49] [9/326] PVHB
[02:16:51] [10/326] RCNH
[02:16:51] 🔄 Identity reset
[02:16:51] 🔄 Identity rotated (every 10 requests)
[02:16:52] [11/326] IOMH
[02:16:53] [12/326] ILKS
[02:16:54] [13/326] AMSN
[02:16:55] [14/326] ANTP
[02:16:55] [15/326] SSEK
[02:16:56] [16/326] PICP
[02:16:57] [17/326] SICO
[02:16:58] [18/326] SISP
[02:16:59] [19/326] SCPI
[02:17:01] [20/326] CRPR
[02:17:02] 🔄 Identity reset
[02:17:02] 🔄 Identity rotated (every 10 requests)
[02:17:02] [21/326] DCTW
[02:17:03] [22/326] DCSP
[02:17:04] [23/326] KRPM
[02:17:05] [24/326] THKK
[02:17:06] [25/326] SNMY
[02:17:07] [26/326] AKCC
[02:17:07] [27/326] PCAT
[02:17:09] [28/326] RFGO
[02:17:10] [29/326] GGCS
[02:17:11] [30/326] ACKR
[02:17:11] 🔄 Identity reset
[02:17:11] 🔄 Identity rotated (every 10 requests)
[02:17:12] [31/326] STDO
[02:17:13] [32/326] ACKB
[02:17:14] [33/326] ALUC
[02:17:15] [34/326] MNSR
[02:17:16] [35/326] CSSL
[02:17:17] [36/326] BGGM
[02:17:18] [37/326] MANT
[02:17:18] [38/326] SOOY
[02:17:20] [39/326] VPPK
[02:17:22] [40/326] MYHJ
[02:17:22] 🔄 Identity reset
[02:17:22] 🔄 Identity rotated (every 10 requests)
[02:17:23] [41/326] KSCK
[02:17:24] [42/326] KATK
[02:17:25] [43/326] RTRT
[02:17:25] [44/326] SSTT
[02:17:26] [45/326] SSTV
[02:17:27] [46/326] LACM
[02:17:28] [47/326] SGMG
[02:17:30] [48/326] KACX
[02:17:31] [49/326] GVCP
[02:17:32] [50/326] CSNC
[02:17:32] 🔄 Identity reset
[02:17:32] 🔄 Identity rotated (every 10 requests)
[02:17:34] [51/326] SXCB
[02:17:34] [52/326] BAHS
[02:17:35] [53/326] PCBI
[02:17:36] [54/326] PSSM
[02:17:37] [55/326] RCOK
[02:17:38] [56/326] SCPF
[02:17:39] [57/326] SSAS
[02:17:40] [58/326] EVMM
[02:17:41] [59/326] SYCB
[02:17:42] [60/326] GCKI
[02:17:42] 🔄 Identity reset
[02:17:42] 🔄 Identity rotated (every 10 requests)
[02:17:43] [61/326] IAET
[02:17:44] [62/326] DDTD
[02:17:45] [63/326] GMDH
[02:17:46] [64/326] STLE
[02:17:47] [65/326] JTRA
[02:17:48] [66/326] RPPA
[02:17:49] [67/326] ARUT
[02:17:49] [68/326] JTVM
[02:17:50] [69/326] SWRH
[02:17:52] [70/326] DCPC
[02:17:53] 🔄 Identity reset
[02:17:53] 🔄 Identity rotated (every 10 requests)
[02:17:53] [71/326] RAPR
[02:17:55] [72/326] GCRT
[02:17:57] [73/326] ATUN
[02:17:58] [74/326] LTRM
[02:17:59] [75/326] TASR
[02:18:00] [76/326] RLLC
[02:18:01] [77/326] MABI
[02:18:02] [78/326] SVHB
[02:18:02] [79/326] NVTB
[02:18:03] [80/326] KCKG
[02:18:04] 🔄 Identity reset
[02:18:04] 🔄 Identity rotated (every 10 requests)
[02:18:05] [81/326] SSRN
[02:18:06] [82/326] VDDC
[02:18:07] [83/326] GKTK
[02:18:08] [84/326] YFSN
[02:18:09] [85/326] GCSG
[02:18:10] [86/326] ESSM
[02:18:11] [87/326] KRIH
[02:18:12] [88/326] GCDS
[02:18:13] [89/326] CCSH
[02:18:14] [90/326] ACSK
[02:18:15] 🔄 Identity reset
[02:18:15] 🔄 Identity rotated (every 10 requests)
[02:18:16] [91/326] APRK
[02:18:17] [92/326] ADKM
[02:18:18] [93/326] SRDM
[02:18:19] [94/326] SJMY
[02:18:20] [95/326] PGGC
[02:18:20] [96/326] INGM
[02:18:21] [97/326] LSCB
[02:18:23] [98/326] STAD
[02:18:24] [99/326] MCCR
[02:18:24] [100/326] ABCC
[02:18:25] 🔄 Identity reset
[02:18:25] 🔄 Identity rotated (every 10 requests)
[02:18:25] [101/326] RKCC
[02:18:26] [102/326] RTCR
[02:18:27] [103/326] GGBC
[02:18:29] [104/326] GCSD
[02:18:30] [105/326] LPTY
[02:18:31] [106/326] MCFD
[02:18:33] [107/326] HENN
[02:18:34] [108/326] SMKU
[02:18:36] [109/326] TNZC
[02:18:37] [110/326] DRCD
[02:18:37] 🔄 Identity reset
[02:18:37] 🔄 Identity rotated (every 10 requests)
[02:18:38] [111/326] DLCD
[02:18:39] [112/326] RCDA
[02:18:40] [113/326] COSM
[02:18:41] [114/326] MCMJ
[02:18:43] [115/326] CSTR
[02:18:44] [116/326] CVDK
[02:18:45] [117/326] INRR
[02:18:46] [118/326] RJRT
[02:18:47] [119/326] IRMR
[02:18:48] [120/326] SRCF
[02:18:49] 🔄 Identity reset
[02:18:49] 🔄 Identity rotated (every 10 requests)
[02:18:49] [121/326] GRCR
[02:18:50] [122/326] SURC
[02:18:51] [123/326] NMNH
[02:18:52] [124/326] SVBL
[02:18:53] [125/326] KACI
[02:18:54] [126/326] TDGO
[02:18:55] [127/326] KTBR
[02:18:57] [128/326] PMAD
[02:18:58] [129/326] CCPN
[02:18:59] [130/326] SBTK
[02:18:59] 🔄 Identity reset
[02:18:59] 🔄 Identity rotated (every 10 requests)
[02:19:00] [131/326] LMDK
[02:19:01] [132/326] PGDA
[02:19:02] [133/326] SRML
[02:19:03] [134/326] EVCK
[02:19:05] [135/326] RTTK
[02:19:06] [136/326] SRTU
[02:19:07] [137/326] VRSA
[02:19:08] [138/326] VARS
[02:19:10] [139/326] DSCZ
[02:19:11] [140/326] GAGA
[02:19:11] 🔄 Identity reset
[02:19:11] 🔄 Identity rotated (every 10 requests)
[02:19:12] [141/326] SARV
[02:19:12] [142/326] SEEG
[02:19:13] [143/326] GLCA
[02:19:14] [144/326] APAS
[02:19:15] [145/326] VCIA
[02:19:16] [146/326] SJTA
[02:19:17] [147/326] SABM
[02:19:18] [148/326] PPAG
[02:19:19] [149/326] RVCA
[02:19:19] [150/326] CCIA
[02:19:20] 🔄 Identity reset
[02:19:20] 🔄 Identity rotated (every 10 requests)
[02:19:20] [151/326] HTAG
[02:19:22] [152/326] SMBI
[02:19:23] [153/326] MCJR
[02:19:23] [154/326] CCJR
[02:19:25] [155/326] SINF
[02:19:26] [156/326] CPLX
[02:19:27] [157/326] KKTJ
[02:19:29] [158/326] GDBW
[02:19:29] [159/326] CSUB
[02:19:31] [160/326] DABA
[02:19:32] 🔄 Identity reset
[02:19:32] 🔄 Identity rotated (every 10 requests)
[02:19:33] [161/326] TITR
[02:19:34] [162/326] NYCR
[02:19:35] [163/326] RTRY
[02:19:36] [164/326] JTJL
[02:19:37] [165/326] SJCP
[02:19:38] [166/326] KCCA
[02:19:39] [167/326] MLPG
[02:19:40] [168/326] VRCK
[02:19:41] [169/326] SRIN
[02:19:41] [170/326] CXMK
[02:19:42] 🔄 Identity reset
[02:19:42] 🔄 Identity rotated (every 10 requests)
[02:19:43] [171/326] SKAD
[02:19:44] [172/326] AVTR
[02:19:45] [173/326] PTAJ
[02:19:46] [174/326] SCNK
[02:19:47] [175/326] STTI
[02:19:48] [176/326] KACR
[02:19:49] [177/326] SSDX
[02:19:49] [178/326] VRTJ
[02:19:50] [179/326] RAJD
[02:19:51] [180/326] SCIP
[02:19:52] 🔄 Identity reset
[02:19:52] 🔄 Identity rotated (every 10 requests)
[02:19:52] [181/326] RJSL
[02:19:53] [182/326] ARRS
[02:19:54] [183/326] ASMS
[02:19:55] [184/326] RDTS
[02:19:56] [185/326] DVMY
[02:19:57] [186/326] RASA
[02:19:58] [187/326] INOM
[02:19:59] [188/326] SPRS
[02:20:00] [189/326] SGCS
[02:20:01] [190/326] SALM
[02:20:02] 🔄 Identity reset
[02:20:02] 🔄 Identity rotated (every 10 requests)
[02:20:02] [191/326] PKHC
[02:20:04] [192/326] RCSV
[02:20:05] [193/326] CPKC
[02:20:06] [194/326] AACD
[02:20:07] [195/326] GGCV
[02:20:08] [196/326] SMKD
[02:20:09] [197/326] NBCH
[02:20:11] [198/326] AMCB
[02:20:11] [199/326] OPCN
[02:20:13] [200/326] DCIN
[02:20:14] 🔄 Identity reset
[02:20:14] 🔄 Identity rotated (every 10 requests)
[02:20:14] [201/326] INGW
[02:20:15] [202/326] PKKW
[02:20:16] [203/326] FNGW
[02:20:17] [204/326] GCGD
[02:20:18] [205/326] MSTW
[02:20:19] [206/326] KCCG
[02:20:20] [207/326] MRSS
[02:20:21] [208/326] CLCF
[02:20:22] [209/326] EETS
[02:20:23] [210/326] AATR
[02:20:24] 🔄 Identity reset
[02:20:24] 🔄 Identity rotated (every 10 requests)
[02:20:25] [211/326] CMMN
[02:20:26] [212/326] SCCJ
[02:20:27] [213/326] CDTK
[02:20:28] [214/326] AICP
[02:20:29] [215/326] FNBP
[02:20:30] [216/326] CBPB
[02:20:31] [217/326] CPAS
[02:20:32] [218/326] MAPM
[02:20:33] [219/326] PASD
[02:20:34] [220/326] JCMN
[02:20:35] 🔄 Identity reset
[02:20:35] 🔄 Identity rotated (every 10 requests)
[02:20:35] [221/326] MALB
[02:20:36] [222/326] SACG
[02:20:37] [223/326] DDRX
[02:20:38] [224/326] DDXB
[02:20:39] [225/326] RAMC
[02:20:40] [226/326] SANC
[02:20:42] [227/326] BCBP
[02:20:43] [228/326] ALPC
[02:20:44] [229/326] RBAC
[02:20:45] [230/326] RAJL
[02:20:45] 🔄 Identity reset
[02:20:45] 🔄 Identity rotated (every 10 requests)
[02:20:46] [231/326] MPDX
[02:20:47] [232/326] MUSC
[02:20:48] [233/326] VKMK
[02:20:49] [234/326] SKCG
[02:20:50] [235/326] ANCN
[02:20:51] [236/326] MMCJ
[02:20:51] [237/326] DCAK
[02:20:52] [238/326] SCKG
[02:20:53] [239/326] LMCK
[02:20:54] [240/326] CKKX
[02:20:55] 🔄 Identity reset
[02:20:55] 🔄 Identity rotated (every 10 requests)
[02:20:55] [241/326] ANKU
[02:20:56] [242/326] CSMD
[02:20:57] [243/326] MKMP
[02:20:58] [244/326] SVBG
[02:20:59] [245/326] ROOP
[02:21:00] [246/326] GDMT
[02:21:01] [247/326] FPPF
[02:21:02] [248/326] SFUU
[02:21:03] [249/326] ANCB
[02:21:04] [250/326] SMMC
[02:21:04] 🔄 Identity reset
[02:21:05] 🔄 Identity rotated (every 10 requests)
[02:21:05] [251/326] UGKT
[02:21:07] [252/326] JVRM
[02:21:07] [253/326] BATG
[02:21:09] [254/326] RATE
[02:21:09] [255/326] SKME
[02:21:10] [256/326] LMTP
[02:21:11] [257/326] TCBD
[02:21:12] [258/326] ESBD
[02:21:14] [259/326] GDCU
[02:21:15] [260/326] SNKT
[02:21:15] 🔄 Identity reset
[02:21:15] 🔄 Identity rotated (every 10 requests)
[02:21:16] [261/326] SRNK
[02:21:17] [262/326] SMED
[02:21:18] [263/326] CSQS
[02:21:19] [264/326] ALCS
[02:21:19] [265/326] KCKN
[02:21:20] [266/326] VCCL
[02:21:21] [267/326] MCDA
[02:21:22] [268/326] SHMI
[02:21:23] [269/326] SKHA
[02:21:25] [270/326] SVFK
[02:21:25] 🔄 Identity reset
[02:21:26] 🔄 Identity rotated (every 10 requests)
[02:21:26] [271/326] INVB
[02:21:27] [272/326] MELD
[02:21:28] [273/326] JTYS
[02:21:29] [274/326] INCM
[02:21:30] [275/326] MCDV
[02:21:30] [276/326] KSGK
[02:21:31] [277/326] ICMG
[02:21:32] [278/326] CSCV
[02:21:33] [279/326] STMD
[02:21:34] [280/326] STTR
[02:21:35] 🔄 Identity reset
[02:21:35] 🔄 Identity rotated (every 10 requests)
[02:21:35] [281/326] INVC
[02:21:36] [282/326] JTBL
[02:21:37] [283/326] SRVV
[02:21:38] [284/326] MAVC
[02:21:40] [285/326] SRPP
[02:21:41] [286/326] JGDM
[02:21:43] [287/326] MBSJ
[02:21:43] [288/326] SSLL
[02:21:44] [289/326] SLKP
[02:21:45] [290/326] NSRV
[02:21:46] 🔄 Identity reset
[02:21:46] 🔄 Identity rotated (every 10 requests)
[02:21:46] [291/326] UTDV
[02:21:47] [292/326] KICM
[02:21:48] [293/326] KCMD
[02:21:49] [294/326] TTPP
[02:21:50] [295/326] KMPV
[02:21:51] [296/326] SKTV
[02:21:52] [297/326] STCV
[02:21:53] [298/326] SRDA
[02:21:54] [299/326] JTSX
[02:21:54] [300/326] STBV
[02:21:55] 🔄 Identity reset
[02:21:55] 🔄 Identity rotated (every 10 requests)
[02:21:55] [301/326] APVZ
[02:21:56] [302/326] GSTV
[02:21:57] [303/326] NMVS
[02:21:58] [304/326] SKRT
[02:21:59] [305/326] RMDV
[02:22:01] [306/326] RATG
[02:22:02] [307/326] SJYV
[02:22:03] [308/326] NDGP
[02:22:04] [309/326] SNDG
[02:22:05] [310/326] INSR
[02:22:05] 🔄 Identity reset
[02:22:05] 🔄 Identity rotated (every 10 requests)
[02:22:07] [311/326] INSO
[02:22:08] [312/326] CCSI
[02:22:09] [313/326] RASM
[02:22:10] [314/326] NEWC
[02:22:10] [315/326] VSHL
[02:22:11] [316/326] BISW
[02:22:12] [317/326] GCNG
[02:22:13] [318/326] CWSC
[02:22:14] [319/326] SKAN
[02:22:15] [320/326] CCOA
[02:22:15] 🔄 Identity reset
[02:22:15] 🔄 Identity rotated (every 10 requests)
[02:22:16] [321/326] MCAJ
[02:22:17] [322/326] ACDE
[02:22:18] [323/326] AACM
[02:22:20] [324/326] JJCK
[02:22:21] [325/326] RCMO
[02:22:22] [326/326] GDAW
[02:22:23] ✅ DONE | Shows=0 | Movies=0
[03:16:34] 🚀 BMS DAILY TRACKER STARTED (enhanced anti‑detection)
[03:16:34] [1/326] VCHA
[03:16:34] 🧠 New identity created
[03:16:35] [2/326] SCKO
[03:16:35] [3/326] VKTK
[03:16:36] [4/326] DXEC
[03:16:37] [5/326] CDCA
[03:16:38] [6/326] VBCZ
[03:16:38] [7/326] MSDR
[03:16:40] [8/326] ACPV
[03:16:40] [9/326] PVHB
[03:16:41] [10/326] RCNH
[03:16:42] 🔄 Identity reset
[03:16:42] 🔄 Identity rotated (every 10 requests)
[03:16:42] [11/326] IOMH
[03:16:43] [12/326] ILKS
[03:16:44] [13/326] AMSN
[03:16:45] [14/326] ANTP
[03:16:47] [15/326] SSEK
[03:16:48] [16/326] PICP
[03:16:49] [17/326] SICO
[03:16:50] [18/326] SISP
[03:16:50] [19/326] SCPI
[03:16:52] [20/326] CRPR
[03:16:52] 🔄 Identity reset
[03:16:52] 🔄 Identity rotated (every 10 requests)
[03:16:52] [21/326] DCTW
[03:16:54] [22/326] DCSP
[03:16:55] [23/326] KRPM
[03:16:56] [24/326] THKK
[03:16:57] [25/326] SNMY
[03:16:58] [26/326] AKCC
[03:16:59] [27/326] PCAT
[03:17:00] [28/326] RFGO
[03:17:01] [29/326] GGCS
[03:17:02] [30/326] ACKR
[03:17:03] 🔄 Identity reset
[03:17:03] 🔄 Identity rotated (every 10 requests)
[03:17:03] [31/326] STDO
[03:17:04] [32/326] ACKB
[03:17:05] [33/326] ALUC
[03:17:06] [34/326] MNSR
[03:17:07] [35/326] CSSL
[03:17:07] [36/326] BGGM
[03:17:08] [37/326] MANT
[03:17:09] [38/326] SOOY
[03:17:10] [39/326] VPPK
[03:17:12] [40/326] MYHJ
[03:17:12] 🔄 Identity reset
[03:17:12] 🔄 Identity rotated (every 10 requests)
[03:17:12] [41/326] KSCK
[03:17:13] [42/326] KATK
[03:17:14] [43/326] RTRT
[03:17:15] [44/326] SSTT
[03:17:16] [45/326] SSTV
[03:17:16] [46/326] LACM
[03:17:17] [47/326] SGMG
[03:17:18] [48/326] KACX
[03:17:19] [49/326] GVCP
[03:17:20] [50/326] CSNC
[03:17:21] 🔄 Identity reset
[03:17:21] 🔄 Identity rotated (every 10 requests)
[03:17:21] 🔄 Retry 1/5 for CSNC in 2.9s
[03:17:21] 🔄 Identity reset
[03:17:24] 🧠 New identity created
[03:17:24] [51/326] SXCB
[03:17:25] [52/326] BAHS
[03:17:25] [53/326] PCBI
[03:17:26] [54/326] PSSM
[03:17:27] [55/326] RCOK
[03:17:27] [56/326] SCPF
[03:17:28] [57/326] SSAS
[03:17:29] [58/326] EVMM
[03:17:29] [59/326] SYCB
[03:17:30] 🔄 Identity reset
[03:17:30] 🔄 Identity rotated (every 10 requests)
[03:17:30] [60/326] GCKI
[03:17:31] [61/326] IAET
[03:17:32] [62/326] DDTD
[03:17:34] [63/326] GMDH
[03:17:35] [64/326] STLE
[03:17:35] [65/326] JTRA
[03:17:36] [66/326] RPPA
[03:17:37] [67/326] ARUT
[03:17:37] [68/326] JTVM
[03:17:38] [69/326] SWRH
[03:17:38] 🔄 Identity reset
[03:17:38] 🔄 Identity rotated (every 10 requests)
[03:17:39] [70/326] DCPC
[03:17:40] [71/326] RAPR
[03:17:40] [72/326] GCRT
[03:17:41] [73/326] ATUN
[03:17:42] [74/326] LTRM
[03:17:42] [75/326] TASR
[03:17:43] [76/326] RLLC
[03:17:44] [77/326] MABI
[03:17:45] [78/326] SVHB
[03:17:46] [79/326] NVTB
[03:17:46] 🔄 Identity reset
[03:17:46] 🔄 Identity rotated (every 10 requests)
[03:17:47] [80/326] KCKG
[03:17:48] [81/326] SSRN
[03:17:48] [82/326] VDDC
[03:17:49] [83/326] GKTK
[03:17:50] [84/326] YFSN
[03:17:50] [85/326] GCSG
[03:17:51] [86/326] ESSM
[03:17:52] [87/326] KRIH
[03:17:53] [88/326] GCDS
[03:17:53] [89/326] CCSH
[03:17:54] 🔄 Identity reset
[03:17:54] 🔄 Identity rotated (every 10 requests)
[03:17:54] [90/326] ACSK
[03:17:55] [91/326] APRK
[03:17:56] [92/326] ADKM
[03:17:57] [93/326] SRDM
[03:17:58] [94/326] SJMY
[03:17:58] [95/326] PGGC
[03:17:59] [96/326] INGM
[03:18:00] [97/326] LSCB
[03:18:00] [98/326] STAD
[03:18:01] [99/326] MCCR
[03:18:02] 🔄 Identity reset
[03:18:02] 🔄 Identity rotated (every 10 requests)
[03:18:02] [100/326] ABCC
[03:18:03] [101/326] RKCC
[03:18:03] [102/326] RTCR
[03:18:04] [103/326] GGBC
[03:18:05] [104/326] GCSD
[03:18:06] [105/326] LPTY
[03:18:07] [106/326] MCFD
[03:18:08] [107/326] HENN
[03:18:08] [108/326] SMKU
[03:18:09] [109/326] TNZC
[03:18:10] 🔄 Identity reset
[03:18:10] 🔄 Identity rotated (every 10 requests)
[03:18:11] [110/326] DRCD
[03:18:12] [111/326] DLCD
[03:18:13] [112/326] RCDA
[03:18:14] [113/326] COSM
[03:18:14] [114/326] MCMJ
[03:18:15] [115/326] CSTR
[03:18:16] [116/326] CVDK
[03:18:16] [117/326] INRR
[03:18:17] [118/326] RJRT
[03:18:18] [119/326] IRMR
[03:18:18] 🔄 Identity reset
[03:18:18] 🔄 Identity rotated (every 10 requests)
[03:18:19] [120/326] SRCF
[03:18:19] [121/326] GRCR
[03:18:20] [122/326] SURC
[03:18:22] [123/326] NMNH
[03:18:22] [124/326] SVBL
[03:18:23] [125/326] KACI
[03:18:24] [126/326] TDGO
[03:18:25] [127/326] KTBR
[03:18:25] [128/326] PMAD
[03:18:26] [129/326] CCPN
[03:18:26] 🔄 Identity reset
[03:18:26] 🔄 Identity rotated (every 10 requests)
[03:18:26] [130/326] SBTK
[03:18:27] [131/326] LMDK
[03:18:29] [132/326] PGDA
[03:18:30] [133/326] SRML
[03:18:30] [134/326] EVCK
[03:18:31] [135/326] RTTK
[03:18:32] [136/326] SRTU
[03:18:33] [137/326] VRSA
[03:18:33] [138/326] VARS
[03:18:34] [139/326] DSCZ
[03:18:35] 🔄 Identity reset
[03:18:35] 🔄 Identity rotated (every 10 requests)
[03:18:35] [140/326] GAGA
[03:18:36] [141/326] SARV
[03:18:37] [142/326] SEEG
[03:18:37] [143/326] GLCA
[03:18:39] [144/326] APAS
[03:18:39] [145/326] VCIA
[03:18:40] [146/326] SJTA
[03:18:41] [147/326] SABM
[03:18:42] [148/326] PPAG
[03:18:42] [149/326] RVCA
[03:18:43] 🔄 Identity reset
[03:18:43] 🔄 Identity rotated (every 10 requests)
[03:18:43] [150/326] CCIA
[03:18:44] [151/326] HTAG
[03:18:45] [152/326] SMBI
[03:18:46] [153/326] MCJR
[03:18:47] [154/326] CCJR
[03:18:47] [155/326] SINF
[03:18:49] [156/326] CPLX
[03:18:50] [157/326] KKTJ
[03:18:51] [158/326] GDBW
[03:18:52] [159/326] CSUB
[03:18:52] 🔄 Identity reset
[03:18:52] 🔄 Identity rotated (every 10 requests)
[03:18:52] [160/326] DABA
[03:18:53] [161/326] TITR
[03:18:54] [162/326] NYCR
[03:18:54] [163/326] RTRY
[03:18:56] [164/326] JTJL
[03:18:57] [165/326] SJCP
[03:18:57] [166/326] KCCA
[03:18:58] [167/326] MLPG
[03:18:59] [168/326] VRCK
[03:19:01] [169/326] SRIN
[03:19:01] 🔄 Identity reset
[03:19:01] 🔄 Identity rotated (every 10 requests)
[03:19:01] [170/326] CXMK
[03:19:02] [171/326] SKAD
[03:19:03] [172/326] AVTR
[03:19:04] [173/326] PTAJ
[03:19:05] [174/326] SCNK
[03:19:06] [175/326] STTI
[03:19:06] [176/326] KACR
[03:19:07] [177/326] SSDX
[03:19:08] [178/326] VRTJ
[03:19:09] [179/326] RAJD
[03:19:09] 🔄 Identity reset
[03:19:09] 🔄 Identity rotated (every 10 requests)
[03:19:09] [180/326] SCIP
[03:19:10] [181/326] RJSL
[03:19:11] [182/326] ARRS
[03:19:12] [183/326] ASMS
[03:19:13] [184/326] RDTS
[03:19:15] [185/326] DVMY
[03:19:15] [186/326] RASA
[03:19:16] [187/326] INOM
[03:19:17] [188/326] SPRS
[03:19:18] [189/326] SGCS
[03:19:19] 🔄 Identity reset
[03:19:19] 🔄 Identity rotated (every 10 requests)
[03:19:19] [190/326] SALM
[03:19:20] [191/326] PKHC
[03:19:20] [192/326] RCSV
[03:19:21] [193/326] CPKC
[03:19:22] [194/326] AACD
[03:19:22] [195/326] GGCV
[03:19:24] [196/326] SMKD
[03:19:24] [197/326] NBCH
[03:19:25] [198/326] AMCB
[03:19:26] [199/326] OPCN
[03:19:27] 🔄 Identity reset
[03:19:27] 🔄 Identity rotated (every 10 requests)
[03:19:28] [200/326] DCIN
[03:19:29] [201/326] INGW
[03:19:29] [202/326] PKKW
[03:19:30] [203/326] FNGW
[03:19:31] [204/326] GCGD
[03:19:32] [205/326] MSTW
[03:19:33] [206/326] KCCG
[03:19:35] [207/326] MRSS
[03:19:35] [208/326] CLCF
[03:19:36] [209/326] EETS
[03:19:37] 🔄 Identity reset
[03:19:37] 🔄 Identity rotated (every 10 requests)
[03:19:38] [210/326] AATR
[03:19:39] [211/326] CMMN
[03:19:41] [212/326] SCCJ
[03:19:41] [213/326] CDTK
[03:19:42] [214/326] AICP
[03:19:44] [215/326] FNBP
[03:19:45] [216/326] CBPB
[03:19:47] [217/326] CPAS
[03:19:48] [218/326] MAPM
[03:19:48] [219/326] PASD
[03:19:49] 🔄 Identity reset
[03:19:49] 🔄 Identity rotated (every 10 requests)
[03:19:49] [220/326] JCMN
[03:19:50] [221/326] MALB
[03:19:51] [222/326] SACG
[03:19:51] [223/326] DDRX
[03:19:52] [224/326] DDXB
[03:19:53] [225/326] RAMC
[03:19:53] [226/326] SANC
[03:19:54] [227/326] BCBP
[03:19:56] [228/326] ALPC
[03:19:56] [229/326] RBAC
[03:19:57] 🔄 Identity reset
[03:19:57] 🔄 Identity rotated (every 10 requests)
[03:19:57] [230/326] RAJL
[03:19:58] [231/326] MPDX
[03:19:58] [232/326] MUSC
[03:19:59] [233/326] VKMK
[03:20:00] [234/326] SKCG
[03:20:01] [235/326] ANCN
[03:20:02] [236/326] MMCJ
[03:20:03] [237/326] DCAK
[03:20:04] [238/326] SCKG
[03:20:06] [239/326] LMCK
[03:20:06] 🔄 Identity reset
[03:20:06] 🔄 Identity rotated (every 10 requests)
[03:20:07] [240/326] CKKX
[03:20:08] [241/326] ANKU
[03:20:08] [242/326] CSMD
[03:20:10] [243/326] MKMP
[03:20:11] [244/326] SVBG
[03:20:12] [245/326] ROOP
[03:20:12] [246/326] GDMT
[03:20:13] [247/326] FPPF
[03:20:14] [248/326] SFUU
[03:20:15] [249/326] ANCB
[03:20:15] 🔄 Identity reset
[03:20:15] 🔄 Identity rotated (every 10 requests)
[03:20:15] [250/326] SMMC
[03:20:16] [251/326] UGKT
[03:20:17] [252/326] JVRM
[03:20:18] [253/326] BATG
[03:20:19] [254/326] RATE
[03:20:20] [255/326] SKME
[03:20:20] [256/326] LMTP
[03:20:21] [257/326] TCBD
[03:20:22] [258/326] ESBD
[03:20:23] [259/326] GDCU
[03:20:23] 🔄 Identity reset
[03:20:23] 🔄 Identity rotated (every 10 requests)
[03:20:24] [260/326] SNKT
[03:20:26] [261/326] SRNK
[03:20:27] [262/326] SMED
[03:20:27] [263/326] CSQS
[03:20:28] [264/326] ALCS
[03:20:29] [265/326] KCKN
[03:20:30] [266/326] VCCL
[03:20:31] [267/326] MCDA
[03:20:31] [268/326] SHMI
[03:20:32] [269/326] SKHA
[03:20:33] 🔄 Identity reset
[03:20:33] 🔄 Identity rotated (every 10 requests)
[03:20:33] [270/326] SVFK
[03:20:34] [271/326] INVB
[03:20:35] [272/326] MELD
[03:20:37] [273/326] JTYS
[03:20:38] [274/326] INCM
[03:20:38] [275/326] MCDV
[03:20:39] [276/326] KSGK
[03:20:40] [277/326] ICMG
[03:20:41] [278/326] CSCV
[03:20:42] [279/326] STMD
[03:20:43] 🔄 Identity reset
[03:20:43] 🔄 Identity rotated (every 10 requests)
[03:20:43] [280/326] STTR
[03:20:44] [281/326] INVC
[03:20:45] [282/326] JTBL
[03:20:46] [283/326] SRVV
[03:20:47] [284/326] MAVC
[03:20:47] [285/326] SRPP
[03:20:48] [286/326] JGDM
[03:20:49] [287/326] MBSJ
[03:20:49] [288/326] SSLL
[03:20:50] [289/326] SLKP
[03:20:51] 🔄 Identity reset
[03:20:51] 🔄 Identity rotated (every 10 requests)
[03:20:51] [290/326] NSRV
[03:20:52] [291/326] UTDV
[03:20:53] [292/326] KICM
[03:20:54] [293/326] KCMD
[03:20:55] [294/326] TTPP
[03:20:56] [295/326] KMPV
[03:20:57] [296/326] SKTV
[03:20:57] [297/326] STCV
[03:20:58] [298/326] SRDA
[03:20:59] [299/326] JTSX
[03:21:00] 🔄 Identity reset
[03:21:00] 🔄 Identity rotated (every 10 requests)
[03:21:00] [300/326] STBV
[03:21:01] [301/326] APVZ
[03:21:01] [302/326] GSTV
[03:21:02] [303/326] NMVS
[03:21:04] [304/326] SKRT
[03:21:04] [305/326] RMDV
[03:21:05] [306/326] RATG
[03:21:06] [307/326] SJYV
[03:21:07] [308/326] NDGP
[03:21:07] [309/326] SNDG
[03:21:08] 🔄 Identity reset
[03:21:08] 🔄 Identity rotated (every 10 requests)
[03:21:08] [310/326] INSR
[03:21:08] [311/326] INSO
[03:21:09] [312/326] CCSI
[03:21:11] [313/326] RASM
[03:21:11] [314/326] NEWC
[03:21:12] [315/326] VSHL
[03:21:13] [316/326] BISW
[03:21:13] [317/326] GCNG
[03:21:14] [318/326] CWSC
[03:21:15] [319/326] SKAN
[03:21:16] 🔄 Identity reset
[03:21:16] 🔄 Identity rotated (every 10 requests)
[03:21:16] [320/326] CCOA
[03:21:17] [321/326] MCAJ
[03:21:18] [322/326] ACDE
[03:21:20] [323/326] AACM
[03:21:20] [324/326] JJCK
[03:21:21] [325/326] RCMO
[03:21:22] [326/326] GDAW
[03:21:23] ✅ DONE | Shows=0 | Movies=0
[04:16:41] 🚀 BMS DAILY TRACKER STARTED (enhanced anti‑detection)
[04:16:41] [1/326] VCHA
[04:16:41] 🧠 New identity created
[04:16:42] [2/326] SCKO
[04:16:44] [3/326] VKTK
[04:16:45] [4/326] DXEC
[04:16:46] [5/326] CDCA
[04:16:47] [6/326] VBCZ
[04:16:49] [7/326] MSDR
[04:16:50] [8/326] ACPV
[04:16:52] [9/326] PVHB
[04:16:53] [10/326] RCNH
[04:16:53] 🔄 Identity reset
[04:16:53] 🔄 Identity rotated (every 10 requests)
[04:16:53] [11/326] IOMH
[04:16:55] [12/326] ILKS
[04:16:56] [13/326] AMSN
[04:16:58] [14/326] ANTP
[04:17:00] [15/326] SSEK
[04:17:01] [16/326] PICP
[04:17:01] [17/326] SICO
[04:17:02] [18/326] SISP
[04:17:03] [19/326] SCPI
[04:17:04] [20/326] CRPR
[04:17:05] 🔄 Identity reset
[04:17:05] 🔄 Identity rotated (every 10 requests)
[04:17:05] [21/326] DCTW
[04:17:07] [22/326] DCSP
[04:17:08] [23/326] KRPM
[04:17:09] [24/326] THKK
[04:17:10] [25/326] SNMY
[04:17:11] [26/326] AKCC
[04:17:12] [27/326] PCAT
[04:17:14] [28/326] RFGO
[04:17:16] [29/326] GGCS
[04:17:17] [30/326] ACKR
[04:17:17] 🔄 Identity reset
[04:17:17] 🔄 Identity rotated (every 10 requests)
[04:17:18] [31/326] STDO
[04:17:19] [32/326] ACKB
[04:17:20] [33/326] ALUC
[04:17:21] [34/326] MNSR
[04:17:23] [35/326] CSSL
[04:17:24] [36/326] BGGM
[04:17:25] [37/326] MANT
[04:17:26] [38/326] SOOY
[04:17:28] [39/326] VPPK
[04:17:28] [40/326] MYHJ
[04:17:29] 🔄 Identity reset
[04:17:29] 🔄 Identity rotated (every 10 requests)
[04:17:30] [41/326] KSCK
[04:17:30] [42/326] KATK
[04:17:31] [43/326] RTRT
[04:17:32] [44/326] SSTT
[04:17:33] [45/326] SSTV
[04:17:35] [46/326] LACM
[04:17:36] [47/326] SGMG
[04:17:37] [48/326] KACX
[04:17:38] [49/326] GVCP
[04:17:39] [50/326] CSNC
[04:17:40] 🔄 Identity reset
[04:17:40] 🔄 Identity rotated (every 10 requests)
[04:17:41] [51/326] SXCB
[04:17:42] [52/326] BAHS
[04:17:43] [53/326] PCBI
[04:17:44] [54/326] PSSM
[04:17:45] [55/326] RCOK
[04:17:46] [56/326] SCPF
[04:17:47] [57/326] SSAS
[04:17:48] [58/326] EVMM
[04:17:49] [59/326] SYCB
[04:17:50] [60/326] GCKI
[04:17:51] 🔄 Identity reset
[04:17:51] 🔄 Identity rotated (every 10 requests)
[04:17:51] [61/326] IAET
[04:17:52] [62/326] DDTD
[04:17:53] [63/326] GMDH
[04:17:54] [64/326] STLE
[04:17:55] [65/326] JTRA
[04:17:56] [66/326] RPPA
[04:17:58] [67/326] ARUT
[04:17:59] [68/326] JTVM
[04:18:00] [69/326] SWRH
[04:18:01] [70/326] DCPC
[04:18:02] 🔄 Identity reset
[04:18:02] 🔄 Identity rotated (every 10 requests)
[04:18:03] [71/326] RAPR
[04:18:04] [72/326] GCRT
[04:18:04] [73/326] ATUN
[04:18:05] [74/326] LTRM
[04:18:06] [75/326] TASR
[04:18:07] [76/326] RLLC
[04:18:08] [77/326] MABI
[04:18:09] [78/326] SVHB
[04:18:09] [79/326] NVTB
[04:18:10] [80/326] KCKG
[04:18:11] 🔄 Identity reset
[04:18:11] 🔄 Identity rotated (every 10 requests)
[04:18:11] [81/326] SSRN
[04:18:12] [82/326] VDDC
[04:18:14] [83/326] GKTK
[04:18:15] [84/326] YFSN
[04:18:16] [85/326] GCSG
[04:18:17] [86/326] ESSM
[04:18:18] [87/326] KRIH
[04:18:20] [88/326] GCDS
[04:18:21] [89/326] CCSH
[04:18:22] [90/326] ACSK
[04:18:22] 🔄 Identity reset
[04:18:22] 🔄 Identity rotated (every 10 requests)
[04:18:23] [91/326] APRK
[04:18:25] [92/326] ADKM
[04:18:25] [93/326] SRDM
[04:18:26] [94/326] SJMY
[04:18:27] [95/326] PGGC
[04:18:28] [96/326] INGM
[04:18:30] [97/326] LSCB
[04:18:32] [98/326] STAD
[04:18:33] [99/326] MCCR
[04:18:33] [100/326] ABCC
[04:18:34] 🔄 Identity reset
[04:18:34] 🔄 Identity rotated (every 10 requests)
[04:18:34] [101/326] RKCC
[04:18:35] [102/326] RTCR
[04:18:37] [103/326] GGBC
[04:18:38] [104/326] GCSD
[04:18:39] [105/326] LPTY
[04:18:40] [106/326] MCFD
[04:18:41] [107/326] HENN
[04:18:42] [108/326] SMKU
[04:18:43] [109/326] TNZC
[04:18:45] [110/326] DRCD
[04:18:45] 🔄 Identity reset
[04:18:45] 🔄 Identity rotated (every 10 requests)
[04:18:45] [111/326] DLCD
[04:18:47] [112/326] RCDA
[04:18:48] [113/326] COSM
[04:18:49] [114/326] MCMJ
[04:18:50] [115/326] CSTR
[04:18:52] [116/326] CVDK
[04:18:53] [117/326] INRR
[04:18:54] [118/326] RJRT
[04:18:55] [119/326] IRMR
[04:18:57] [120/326] SRCF
[04:18:57] 🔄 Identity reset
[04:18:57] 🔄 Identity rotated (every 10 requests)
[04:18:57] [121/326] GRCR
[04:18:59] [122/326] SURC
[04:19:01] [123/326] NMNH
[04:19:02] [124/326] SVBL
[04:19:03] [125/326] KACI
[04:19:04] [126/326] TDGO
[04:19:05] [127/326] KTBR
[04:19:05] [128/326] PMAD
[04:19:06] [129/326] CCPN
[04:19:07] [130/326] SBTK
[04:19:08] 🔄 Identity reset
[04:19:08] 🔄 Identity rotated (every 10 requests)
[04:19:09] [131/326] LMDK
[04:19:10] [132/326] PGDA
[04:19:11] [133/326] SRML
[04:19:13] [134/326] EVCK
[04:19:15] [135/326] RTTK
[04:19:16] [136/326] SRTU
[04:19:17] [137/326] VRSA
[04:19:17] [138/326] VARS
[04:19:18] [139/326] DSCZ
[04:19:20] [140/326] GAGA
[04:19:20] 🔄 Identity reset
[04:19:21] 🔄 Identity rotated (every 10 requests)
[04:19:21] [141/326] SARV
[04:19:23] [142/326] SEEG
[04:19:23] [143/326] GLCA
[04:19:24] [144/326] APAS
[04:19:25] [145/326] VCIA
[04:19:27] [146/326] SJTA
[04:19:28] [147/326] SABM
[04:19:29] [148/326] PPAG
[04:19:30] [149/326] RVCA
[04:19:31] [150/326] CCIA
[04:19:32] 🔄 Identity reset
[04:19:32] 🔄 Identity rotated (every 10 requests)
[04:19:32] [151/326] HTAG
[04:19:34] [152/326] SMBI
[04:19:35] [153/326] MCJR
[04:19:36] [154/326] CCJR
[04:19:37] [155/326] SINF
[04:19:38] [156/326] CPLX
[04:19:40] [157/326] KKTJ
[04:19:42] [158/326] GDBW
[04:19:42] [159/326] CSUB
[04:19:43] [160/326] DABA
[04:19:44] 🔄 Identity reset
[04:19:44] 🔄 Identity rotated (every 10 requests)
[04:19:45] [161/326] TITR
[04:19:46] [162/326] NYCR
[04:19:47] [163/326] RTRY
[04:19:48] [164/326] JTJL
[04:19:49] [165/326] SJCP
[04:19:50] [166/326] KCCA
[04:19:51] [167/326] MLPG
[04:19:53] [168/326] VRCK
[04:19:54] [169/326] SRIN
[04:19:55] [170/326] CXMK
[04:19:56] 🔄 Identity reset
[04:19:56] 🔄 Identity rotated (every 10 requests)
[04:19:56] [171/326] SKAD
[04:19:57] [172/326] AVTR
[04:19:59] [173/326] PTAJ
[04:20:00] [174/326] SCNK
[04:20:01] [175/326] STTI
[04:20:02] [176/326] KACR
[04:20:04] [177/326] SSDX
[04:20:06] [178/326] VRTJ
[04:20:07] [179/326] RAJD
[04:20:08] [180/326] SCIP
[04:20:09] 🔄 Identity reset
[04:20:09] 🔄 Identity rotated (every 10 requests)
[04:20:09] [181/326] RJSL
[04:20:10] [182/326] ARRS
[04:20:12] [183/326] ASMS
[04:20:13] [184/326] RDTS
[04:20:14] [185/326] DVMY
[04:20:15] [186/326] RASA
[04:20:17] [187/326] INOM
[04:20:19] [188/326] SPRS
[04:20:20] [189/326] SGCS
[04:20:21] [190/326] SALM
[04:20:22] 🔄 Identity reset
[04:20:22] 🔄 Identity rotated (every 10 requests)
[04:20:22] [191/326] PKHC
[04:20:23] [192/326] RCSV
[04:20:24] [193/326] CPKC
[04:20:25] [194/326] AACD
[04:20:26] [195/326] GGCV
[04:20:28] [196/326] SMKD
[04:20:29] [197/326] NBCH
[04:20:30] [198/326] AMCB
[04:20:31] [199/326] OPCN
[04:20:32] [200/326] DCIN
[04:20:33] 🔄 Identity reset
[04:20:33] 🔄 Identity rotated (every 10 requests)
[04:20:33] [201/326] INGW
[04:20:35] [202/326] PKKW
[04:20:37] [203/326] FNGW
[04:20:38] [204/326] GCGD
[04:20:39] [205/326] MSTW
[04:20:39] [206/326] KCCG
[04:20:40] [207/326] MRSS
[04:20:41] [208/326] CLCF
[04:20:42] [209/326] EETS
[04:20:43] [210/326] AATR
[04:20:44] 🔄 Identity reset
[04:20:44] 🔄 Identity rotated (every 10 requests)
[04:20:44] [211/326] CMMN
[04:20:45] [212/326] SCCJ
[04:20:46] [213/326] CDTK
[04:20:48] [214/326] AICP
[04:20:48] [215/326] FNBP
[04:20:49] [216/326] CBPB
[04:20:50] [217/326] CPAS
[04:20:51] [218/326] MAPM
[04:20:53] [219/326] PASD
[04:20:54] [220/326] JCMN
[04:20:55] 🔄 Identity reset
[04:20:55] 🔄 Identity rotated (every 10 requests)
[04:20:55] [221/326] MALB
[04:20:56] [222/326] SACG
[04:20:57] [223/326] DDRX
[04:20:58] [224/326] DDXB
[04:20:59] [225/326] RAMC
[04:21:00] [226/326] SANC
[04:21:02] [227/326] BCBP
[04:21:04] [228/326] ALPC
[04:21:05] [229/326] RBAC
[04:21:06] [230/326] RAJL
[04:21:07] 🔄 Identity reset
[04:21:07] 🔄 Identity rotated (every 10 requests)
[04:21:07] [231/326] MPDX
[04:21:08] [232/326] MUSC
[04:21:09] [233/326] VKMK
[04:21:11] [234/326] SKCG
[04:21:12] [235/326] ANCN
[04:21:14] [236/326] MMCJ
[04:21:15] [237/326] DCAK
[04:21:16] [238/326] SCKG
[04:21:18] [239/326] LMCK
[04:21:19] [240/326] CKKX
[04:21:19] 🔄 Identity reset
[04:21:19] 🔄 Identity rotated (every 10 requests)
[04:21:20] [241/326] ANKU
[04:21:21] [242/326] CSMD
[04:21:21] [243/326] MKMP
[04:21:22] [244/326] SVBG
[04:21:23] [245/326] ROOP
[04:21:25] [246/326] GDMT
[04:21:27] [247/326] FPPF
[04:21:27] [248/326] SFUU
[04:21:28] [249/326] ANCB
[04:21:29] [250/326] SMMC
[04:21:30] 🔄 Identity reset
[04:21:30] 🔄 Identity rotated (every 10 requests)
[04:21:30] [251/326] UGKT
[04:21:31] [252/326] JVRM
[04:21:32] [253/326] BATG
[04:21:34] [254/326] RATE
[04:21:35] [255/326] SKME
[04:21:37] [256/326] LMTP
[04:21:38] [257/326] TCBD
[04:21:39] [258/326] ESBD
[04:21:40] [259/326] GDCU
[04:21:42] [260/326] SNKT
[04:21:42] 🔄 Identity reset
[04:21:42] 🔄 Identity rotated (every 10 requests)
[04:21:43] [261/326] SRNK
[04:21:45] [262/326] SMED
[04:21:45] [263/326] CSQS
[04:21:47] [264/326] ALCS
[04:21:48] [265/326] KCKN
[04:21:49] [266/326] VCCL
[04:21:51] [267/326] MCDA
[04:21:51] [268/326] SHMI
[04:21:52] [269/326] SKHA
[04:21:54] [270/326] SVFK
[04:21:55] 🔄 Identity reset
[04:21:55] 🔄 Identity rotated (every 10 requests)
[04:21:55] [271/326] INVB
[04:21:57] [272/326] MELD
[04:21:58] [273/326] JTYS
[04:21:59] [274/326] INCM
[04:22:00] [275/326] MCDV
[04:22:02] [276/326] KSGK
[04:22:04] [277/326] ICMG
[04:22:05] [278/326] CSCV
[04:22:06] [279/326] STMD
[04:22:07] [280/326] STTR
[04:22:08] 🔄 Identity reset
[04:22:08] 🔄 Identity rotated (every 10 requests)
[04:22:09] [281/326] INVC
[04:22:10] [282/326] JTBL
[04:22:11] [283/326] SRVV
[04:22:12] [284/326] MAVC
[04:22:14] [285/326] SRPP
[04:22:15] [286/326] JGDM
[04:22:16] [287/326] MBSJ
[04:22:17] [288/326] SSLL
[04:22:18] [289/326] SLKP
[04:22:19] [290/326] NSRV
[04:22:20] 🔄 Identity reset
[04:22:20] 🔄 Identity rotated (every 10 requests)
[04:22:20] [291/326] UTDV
[04:22:21] [292/326] KICM
[04:22:22] [293/326] KCMD
[04:22:23] [294/326] TTPP
[04:22:24] [295/326] KMPV
[04:22:25] [296/326] SKTV
[04:22:26] [297/326] STCV
[04:22:27] [298/326] SRDA
[04:22:28] [299/326] JTSX
[04:22:29] [300/326] STBV
[04:22:29] 🔄 Identity reset
[04:22:29] 🔄 Identity rotated (every 10 requests)
[04:22:30] [301/326] APVZ
[04:22:30] [302/326] GSTV
[04:22:31] [303/326] NMVS
[04:22:33] [304/326] SKRT
[04:22:34] [305/326] RMDV
[04:22:35] [306/326] RATG
[04:22:36] [307/326] SJYV
[04:22:37] [308/326] NDGP
[04:22:38] [309/326] SNDG
[04:22:39] [310/326] INSR
[04:22:40] 🔄 Identity reset
[04:22:40] 🔄 Identity rotated (every 10 requests)
[04:22:40] [311/326] INSO
[04:22:41] [312/326] CCSI
[04:22:42] [313/326] RASM
[04:22:43] [314/326] NEWC
[04:22:44] [315/326] VSHL
[04:22:46] [316/326] BISW
[04:22:47] [317/326] GCNG
[04:22:48] [318/326] CWSC
[04:22:48] [319/326] SKAN
[04:22:49] [320/326] CCOA
[04:22:50] 🔄 Identity reset
[04:22:50] 🔄 Identity rotated (every 10 requests)
[04:22:51] [321/326] MCAJ
[04:22:52] [322/326] ACDE
[04:22:53] [323/326] AACM
[04:22:54] [324/326] JJCK
[04:22:55] [325/326] RCMO
[04:22:56] [326/326] GDAW
[04:22:58] ✅ DONE | Shows=0 | Movies=0
