[00:16:39] 🚀 BMS DAILY TRACKER STARTED (enhanced anti‑detection)
[00:16:39] [1/458] MBDC
[00:16:39] 🧠 New identity created
[00:16:40] [2/458] CHKM
[00:16:40] [3/458] JTKZ
[00:16:41] [4/458] CMCT
[00:16:42] [5/458] ASHO
[00:16:42] [6/458] ECDG
[00:16:43] [7/458] SPAT
[00:16:44] [8/458] HILC
[00:16:45] [9/458] SPPH
[00:16:46] [10/458] SBHN
[00:16:46] 🔄 Identity reset
[00:16:46] 🔄 Identity rotated (every 10 requests)
[00:16:47] [11/458] RRCA
[00:16:47] [12/458] APAA
[00:16:48] [13/458] RAME
[00:16:49] [14/458] TMMS
[00:16:50] [15/458] BATK
[00:16:51] [16/458] LKOP
[00:16:52] [17/458] AMTT
[00:16:53] [18/458] PTGK
[00:16:53] [19/458] ANRS
[00:16:55] [20/458] VWBW
[00:16:55] 🔄 Identity reset
[00:16:56] 🔄 Identity rotated (every 10 requests)
[00:16:56] [21/458] SVFG
[00:16:57] [22/458] STAT
[00:16:58] [23/458] GDCV
[00:16:58] [24/458] VEBI
[00:16:59] [25/458] VDSS
[00:17:00] [26/458] NTHV
[00:17:01] [27/458] AOCH
[00:17:02] [28/458] KASR
[00:17:02] [29/458] AYCS
[00:17:03] [30/458] SHAI
[00:17:04] 🔄 Identity reset
[00:17:04] 🔄 Identity rotated (every 10 requests)
[00:17:04] [31/458] SKPE
[00:17:05] [32/458] SBTA
[00:17:06] [33/458] RTTD
[00:17:07] [34/458] CCJD
[00:17:07] [35/458] RSJJ
[00:17:08] [36/458] RKND
[00:17:09] [37/458] SVTX
[00:17:10] [38/458] BAKM
[00:17:11] [39/458] SVDC
[00:17:12] [40/458] MNCV
[00:17:12] 🔄 Identity reset
[00:17:12] 🔄 Identity rotated (every 10 requests)
[00:17:12] [41/458] SJGC
[00:17:13] [42/458] MTPK
[00:17:15] [43/458] GATP
[00:17:15] [44/458] ABTS
[00:17:16] [45/458] ABDE
[00:17:17] [46/458] RCNM
[00:17:18] [47/458] KTHV
[00:17:19] [48/458] MDGJ
[00:17:20] [49/458] SMLM
[00:17:21] [50/458] JTMA
[00:17:21] 🔄 Identity reset
[00:17:22] 🔄 Identity rotated (every 10 requests)
[00:17:22] [51/458] ACKP
[00:17:23] [52/458] SRTA
[00:17:23] [53/458] STAY
[00:17:24] [54/458] MAVO
[00:17:25] [55/458] APTS
[00:17:26] [56/458] OMEA
[00:17:27] [57/458] TTFD
[00:17:28] [58/458] MJCU
[00:17:29] [59/458] CXTE
[00:17:30] [60/458] CTPX
[00:17:30] 🔄 Identity reset
[00:17:30] 🔄 Identity rotated (every 10 requests)
[00:17:30] [61/458] ASSL
[00:17:31] [62/458] CMVB
[00:17:32] [63/458] VPUR
[00:17:33] [64/458] JJDA
[00:17:34] [65/458] INBL
[00:17:35] [66/458] BIKB
[00:17:36] [67/458] NTBB
[00:17:37] [68/458] GLOB
[00:17:38] [69/458] SNTB
[00:17:39] [70/458] CHGV
[00:17:40] 🔄 Identity reset
[00:17:40] 🔄 Identity rotated (every 10 requests)
[00:17:40] [71/458] SSBZ
[00:17:41] [72/458] PRDB
[00:17:42] [73/458] ISMT
[00:17:43] [74/458] MCSD
[00:17:43] [75/458] JBTT
[00:17:44] [76/458] GEKR
[00:17:45] [77/458] PVUN
[00:17:46] [78/458] NRTB
[00:17:47] [79/458] PRAA
[00:17:48] [80/458] PCBL
[00:17:49] 🔄 Identity reset
[00:17:49] 🔄 Identity rotated (every 10 requests)
[00:17:49] [81/458] PTCM
[00:17:50] [82/458] KHNN
[00:17:51] [83/458] OMJE
[00:17:52] [84/458] STGN
[00:17:53] [85/458] RPMS
[00:17:54] [86/458] NWAD
[00:17:55] [87/458] BLCK
[00:17:56] [88/458] SVAA
[00:17:57] [89/458] URVM
[00:17:57] [90/458] ANTM
[00:17:58] 🔄 Identity reset
[00:17:58] 🔄 Identity rotated (every 10 requests)
[00:17:58] [91/458] VJYM
[00:17:59] [92/458] MAZZ
[00:18:00] [93/458] CSHM
[00:18:01] [94/458] WGMH
[00:18:02] [95/458] SALN
[00:18:03] [96/458] BRTP
[00:18:04] [97/458] SVTA
[00:18:05] [98/458] SBTP
[00:18:06] [99/458] VLSS
[00:18:07] [100/458] SRJA
[00:18:07] 🔄 Identity reset
[00:18:07] 🔄 Identity rotated (every 10 requests)
[00:18:08] [101/458] ANCG
[00:18:08] [102/458] CGGC
[00:18:10] [103/458] CRJA
[00:18:11] [104/458] USCR
[00:18:11] [105/458] MMEF
[00:18:12] [106/458] JCRJ
[00:18:13] [107/458] ADCM
[00:18:14] [108/458] BMYK
[00:18:15] [109/458] KICS
[00:18:16] [110/458] MBBT
[00:18:16] 🔄 Identity reset
[00:18:17] 🔄 Identity rotated (every 10 requests)
[00:18:17] [111/458] MACK
[00:18:17] [112/458] CLDR
[00:18:18] [113/458] JYCR
[00:18:19] [114/458] DCRP
[00:18:20] [115/458] RAHT
[00:18:21] [116/458] CSSM
[00:18:22] [117/458] ATPK
[00:18:23] [118/458] KLRT
[00:18:24] [119/458] SRDD
[00:18:25] [120/458] CKMC
[00:18:25] 🔄 Identity reset
[00:18:25] 🔄 Identity rotated (every 10 requests)
[00:18:26] [121/458] KRVM
[00:18:27] [122/458] AKCP
[00:18:27] [123/458] CNCV
[00:18:28] [124/458] PACT
[00:18:29] [125/458] NATP
[00:18:30] [126/458] PCPK
[00:18:31] [127/458] SMHO
[00:18:32] [128/458] CWTK
[00:18:32] [129/458] RVKZ
[00:18:33] [130/458] ASPD
[00:18:34] 🔄 Identity reset
[00:18:34] 🔄 Identity rotated (every 10 requests)
[00:18:34] [131/458] VTKZ
[00:18:35] [132/458] LCSO
[00:18:36] [133/458] PRDY
[00:18:36] [134/458] RCAP
[00:18:37] [135/458] RGAR
[00:18:38] [136/458] RCAC
[00:18:39] [137/458] PMOD
[00:18:40] [138/458] PVCN
[00:18:41] [139/458] SCRZ
[00:18:41] [140/458] PVPC
[00:18:42] 🔄 Identity reset
[00:18:42] 🔄 Identity rotated (every 10 requests)
[00:18:42] [141/458] STID
[00:18:43] [142/458] NEDD
[00:18:44] [143/458] BNBA
[00:18:44] [144/458] NTCD
[00:18:46] [145/458] OCDE
[00:18:47] [146/458] CCDU
[00:18:48] [147/458] CRXH
[00:18:49] [148/458] VLVT
[00:18:50] [149/458] CICI
[00:18:51] [150/458] SUCB
[00:18:52] 🔄 Identity reset
[00:18:52] 🔄 Identity rotated (every 10 requests)
[00:18:52] [151/458] TCBP
[00:18:53] [152/458] SCCY
[00:18:54] [153/458] LXCY
[00:18:55] [154/458] NCMD
[00:18:55] [155/458] PHCS
[00:18:56] [156/458] DUXR
[00:18:57] [157/458] VNKS
[00:18:57] [158/458] SEDP
[00:18:58] [159/458] SVEN
[00:18:59] [160/458] SRKM
[00:18:59] 🔄 Identity reset
[00:18:59] 🔄 Identity rotated (every 10 requests)
[00:19:00] [161/458] JTLT
[00:19:00] [162/458] SVSS
[00:19:01] [163/458] AMDE
[00:19:02] [164/458] WVRN
[00:19:03] [165/458] ISMG
[00:19:04] [166/458] WVKS
[00:19:04] [167/458] USCG
[00:19:05] [168/458] IOTG
[00:19:06] [169/458] RRJM
[00:19:07] [170/458] EDMP
[00:19:08] 🔄 Identity reset
[00:19:08] 🔄 Identity rotated (every 10 requests)
[00:19:08] [171/458] SCGZ
[00:19:09] [172/458] GMGX
[00:19:10] [173/458] OMTP
[00:19:11] [174/458] MITD
[00:19:12] [175/458] SMMD
[00:19:13] [176/458] STML
[00:19:13] [177/458] MCFS
[00:19:14] [178/458] FPKA
[00:19:15] [179/458] OMLR
[00:19:15] [180/458] KKSC
[00:19:16] 🔄 Identity reset
[00:19:16] 🔄 Identity rotated (every 10 requests)
[00:19:16] [181/458] RVMA
[00:19:17] [182/458] SCLL
[00:19:18] [183/458] SCDK
[00:19:19] [184/458] SXMI
[00:19:20] [185/458] SHDN
[00:19:21] [186/458] PAAD
[00:19:21] [187/458] UUCB
[00:19:22] [188/458] JHOL
[00:19:23] [189/458] SGWT
[00:19:24] [190/458] SRII
[00:19:25] 🔄 Identity reset
[00:19:25] 🔄 Identity rotated (every 10 requests)
[00:19:25] [191/458] SGCK
[00:19:26] [192/458] SVVB
[00:19:27] [193/458] DMHA
[00:19:27] [194/458] PPNL
[00:19:28] [195/458] CPNL
[00:19:29] [196/458] WVLD
[00:19:30] [197/458] PSLV
[00:19:30] [198/458] VTTL
[00:19:32] [199/458] NPAD
[00:19:33] [200/458] PVCS
[00:19:33] 🔄 Identity reset
[00:19:33] 🔄 Identity rotated (every 10 requests)
[00:19:34] [201/458] MCHL
[00:19:35] [202/458] PPLL
[00:19:36] [203/458] MALO
[00:19:36] [204/458] SWBH
[00:19:37] [205/458] PUGB
[00:19:38] [206/458] INBB
[00:19:39] [207/458] INNS
[00:19:40] [208/458] MCPT
[00:19:41] [209/458] SCMI
[00:19:42] [210/458] OCON
[00:19:42] 🔄 Identity reset
[00:19:42] 🔄 Identity rotated (every 10 requests)
[00:19:42] [211/458] SCSM
[00:19:43] [212/458] RJVN
[00:19:44] [213/458] AMDK
[00:19:44] [214/458] ISMR
[00:19:45] [215/458] SMTD
[00:19:46] [216/458] VTDD
[00:19:47] [217/458] PDDZ
[00:19:48] [218/458] PCCK
[00:19:48] [219/458] INAM
[00:19:49] [220/458] FNKT
[00:19:50] 🔄 Identity reset
[00:19:50] 🔄 Identity rotated (every 10 requests)
[00:19:50] [221/458] GDKA
[00:19:51] [222/458] MAYU
[00:19:52] [223/458] TCGU
[00:19:53] [224/458] KDCA
[00:19:53] [225/458] DOMY
[00:19:54] [226/458] PDDD
[00:19:55] [227/458] BJTS
[00:19:55] [228/458] VTCA
[00:19:56] [229/458] SBTM
[00:19:57] [230/458] SEET
[00:19:58] 🔄 Identity reset
[00:19:58] 🔄 Identity rotated (every 10 requests)
[00:19:58] [231/458] SSTJ
[00:19:59] [232/458] SVNT
[00:19:59] [233/458] PPPR
[00:20:00] [234/458] PVYS
[00:20:01] [235/458] IOSE
[00:20:02] [236/458] ACTV
[00:20:02] [237/458] APVE
[00:20:03] [238/458] TCCL
[00:20:04] [239/458] SCMO
[00:20:05] [240/458] SAUM
[00:20:06] 🔄 Identity reset
[00:20:06] 🔄 Identity rotated (every 10 requests)
[00:20:06] [241/458] KCJS
[00:20:07] [242/458] NJCJ
[00:20:07] [243/458] NECF
[00:20:08] [244/458] CCGW
[00:20:09] [245/458] CCMG
[00:20:09] [246/458] NYRG
[00:20:10] [247/458] NCSQ
[00:20:12] [248/458] GRCG
[00:20:12] [249/458] CCBT
[00:20:13] [250/458] ACGA
[00:20:14] 🔄 Identity reset
[00:20:14] 🔄 Identity rotated (every 10 requests)
[00:20:14] [251/458] INAG
[00:20:15] [252/458] FUCG
[00:20:15] [253/458] AICF
[00:20:16] [254/458] GRGA
[00:20:17] [255/458] GDCN
[00:20:18] [256/458] RRCG
[00:20:18] [257/458] SDCH
[00:20:19] [258/458] WVJM
[00:20:20] [259/458] JCCZ
[00:20:20] [260/458] CNCL
[00:20:21] 🔄 Identity reset
[00:20:21] 🔄 Identity rotated (every 10 requests)
[00:20:21] [261/458] TMLV
[00:20:22] [262/458] MEMB
[00:20:22] [263/458] SGTD
[00:20:23] [264/458] CONX
[00:20:25] [265/458] CCMH
[00:20:26] [266/458] ACMC
[00:20:27] [267/458] DTPD
[00:20:28] [268/458] POJA
[00:20:28] [269/458] FNBH
[00:20:29] [270/458] CGCB
[00:20:30] 🔄 Identity reset
[00:20:30] 🔄 Identity rotated (every 10 requests)
[00:20:30] [271/458] RACN
[00:20:30] [272/458] JTSM
[00:20:31] [273/458] SCDN
[00:20:32] [274/458] AACK
[00:20:33] [275/458] RMCE
[00:20:35] [276/458] BSGB
[00:20:35] [277/458] MRCB
[00:20:36] [278/458] SRVR
[00:20:37] [279/458] VTKK
[00:20:38] [280/458] AMST
[00:20:38] 🔄 Identity reset
[00:20:38] 🔄 Identity rotated (every 10 requests)
[00:20:39] [281/458] APCY
[00:20:39] [282/458] LMHO
[00:20:40] [283/458] MTZH
[00:20:41] [284/458] AMZB
[00:20:42] [285/458] SUVT
[00:20:43] [286/458] RCIP
[00:20:43] [287/458] KESR
[00:20:44] [288/458] SNKC
[00:20:45] [289/458] SCED
[00:20:46] [290/458] DVCA
[00:20:46] 🔄 Identity reset
[00:20:46] 🔄 Identity rotated (every 10 requests)
[00:20:47] [291/458] VCDT
[00:20:48] [292/458] RRDI
[00:20:49] [293/458] DFCH
[00:20:50] [294/458] INSC
[00:20:50] [295/458] RGTR
[00:20:51] [296/458] FMOT
[00:20:52] [297/458] SCPM
[00:20:53] [298/458] GCDT
[00:20:53] [299/458] BRKT
[00:20:54] [300/458] DEMP
[00:20:55] 🔄 Identity reset
[00:20:55] 🔄 Identity rotated (every 10 requests)
[00:20:56] [301/458] SRLC
[00:20:56] [302/458] KSTT
[00:20:57] [303/458] SMMT
[00:20:58] [304/458] SILM
[00:20:59] [305/458] JCVM
[00:20:59] [306/458] KCSV
[00:21:00] [307/458] MHLK
[00:21:01] [308/458] SLVL
[00:21:02] [309/458] RJKP
[00:21:02] [310/458] BBPC
[00:21:03] 🔄 Identity reset
[00:21:03] 🔄 Identity rotated (every 10 requests)
[00:21:03] [311/458] MXCB
[00:21:04] [312/458] TCPK
[00:21:05] [313/458] RTBR
[00:21:06] [314/458] GAUT
[00:21:07] [315/458] DVCF
[00:21:08] [316/458] JTSB
[00:21:08] [317/458] SBLS
[00:21:09] [318/458] UDAY
[00:21:10] [319/458] PTNP
[00:21:11] [320/458] DMKT
[00:21:11] 🔄 Identity reset
[00:21:11] 🔄 Identity rotated (every 10 requests)
[00:21:11] [321/458] NTDT
[00:21:13] [322/458] SHDJ
[00:21:14] [323/458] OTNC
[00:21:15] [324/458] RNTW
[00:21:15] [325/458] GCMI
[00:21:16] [326/458] CRCM
[00:21:17] [327/458] NNCZ
[00:21:18] [328/458] OEMO
[00:21:18] [329/458] PVJM
[00:21:19] [330/458] CPJI
[00:21:20] 🔄 Identity reset
[00:21:20] 🔄 Identity rotated (every 10 requests)
[00:21:21] [331/458] RMCJ
[00:21:21] [332/458] CNWJ
[00:21:22] [333/458] EPJM
[00:21:23] [334/458] FNJJ
[00:21:24] [335/458] GCMJ
[00:21:25] [336/458] INPS
[00:21:26] [337/458] BICJ
[00:21:26] [338/458] ISTJ
[00:21:27] [339/458] INJC
[00:21:28] [340/458] GLXJ
[00:21:29] 🔄 Identity reset
[00:21:29] 🔄 Identity rotated (every 10 requests)
[00:21:29] [341/458] INEM
[00:21:30] [342/458] JTMN
[00:21:30] [343/458] FRCJ
[00:21:31] [344/458] DDJP
[00:21:32] [345/458] INJV
[00:21:33] [346/458] GOLC
[00:21:34] [347/458] KOCI
[00:21:34] [348/458] FSTD
[00:21:35] [349/458] PACJ
[00:21:36] [350/458] GMCN
[00:21:37] 🔄 Identity reset
[00:21:37] 🔄 Identity rotated (every 10 requests)
[00:21:37] [351/458] MMDJ
[00:21:37] [352/458] GODH
[00:21:38] [353/458] SKYN
[00:21:39] [354/458] NCTH
[00:21:40] [355/458] SKVZ
[00:21:41] [356/458] SVML
[00:21:42] [357/458] ACVZ
[00:21:43] [358/458] SURA
[00:21:44] [359/458] RTRB
[00:21:44] [360/458] LLCT
[00:21:45] 🔄 Identity reset
[00:21:45] 🔄 Identity rotated (every 10 requests)
[00:21:45] [361/458] ATTS
[00:21:46] [362/458] JYCM
[00:21:47] [363/458] CTKR
[00:21:48] [364/458] LCKR
[00:21:49] [365/458] NYCV
[00:21:49] [366/458] NYOH
[00:21:50] [367/458] NOVX
[00:21:51] [368/458] MRGK
[00:21:51] [369/458] MOON
[00:21:52] [370/458] SBUC
[00:21:53] 🔄 Identity reset
[00:21:53] 🔄 Identity rotated (every 10 requests)
[00:21:54] [371/458] GSVA
[00:21:54] [372/458] VIAK
[00:21:55] [373/458] SMVZ
[00:21:56] [374/458] MATE
[00:21:57] [375/458] RDCN
[00:21:58] [376/458] ASBL
[00:21:59] [377/458] ASVS
[00:22:01] [378/458] ASSR
[00:22:01] [379/458] SSKN
[00:22:02] [380/458] DRPV
[00:22:03] 🔄 Identity reset
[00:22:03] 🔄 Identity rotated (every 10 requests)
[00:22:03] [381/458] MRHT
[00:22:03] [382/458] BSCN
[00:22:04] [383/458] RKNX
[00:22:05] [384/458] MSMC
[00:22:06] [385/458] MSCJ
[00:22:07] [386/458] BTBJ
[00:22:08] [387/458] MJCC
[00:22:09] [388/458] IOMM
[00:22:09] [389/458] ADGR
[00:22:10] [390/458] MYCP
[00:22:10] 🔄 Identity reset
[00:22:10] 🔄 Identity rotated (every 10 requests)
[00:22:11] [391/458] IGCM
[00:22:11] [392/458] PGRK
[00:22:12] [393/458] VPGO
[00:22:13] [394/458] KOMS
[00:22:14] [395/458] URGG
[00:22:14] [396/458] GOST
[00:22:15] [397/458] LACT
[00:22:16] [398/458] BWCM
[00:22:17] [399/458] NCCW
[00:22:17] [400/458] SKYC
[00:22:18] 🔄 Identity reset
[00:22:18] 🔄 Identity rotated (every 10 requests)
[00:22:18] [401/458] CCPM
[00:22:19] [402/458] VCBT
[00:22:20] [403/458] SDKR
[00:22:21] [404/458] CTYB
[00:22:22] [405/458] SHCX
[00:22:22] [406/458] RCUN
[00:22:23] [407/458] CNRA
[00:22:24] [408/458] RFCA
[00:22:25] [409/458] RDCU
[00:22:26] [410/458] SARK
[00:22:26] 🔄 Identity reset
[00:22:26] 🔄 Identity rotated (every 10 requests)
[00:22:27] [411/458] SPPP
[00:22:27] [412/458] ADMB
[00:22:28] [413/458] JYOE
[00:22:29] [414/458] SRMD
[00:22:30] [415/458] RJDH
[00:22:30] [416/458] SSTD
[00:22:31] [417/458] AACV
[00:22:32] [418/458] PPVD
[00:22:33] [419/458] STCP
[00:22:34] [420/458] ANLS
[00:22:35] 🔄 Identity reset
[00:22:35] 🔄 Identity rotated (every 10 requests)
[00:22:35] [421/458] BIJO
[00:22:36] [422/458] AVAB
[00:22:36] [423/458] SPMD
[00:22:37] [424/458] SVJL
[00:22:38] [425/458] SDDJ
[00:22:39] [426/458] SLTU
[00:22:40] [427/458] SAKA
[00:22:41] [428/458] PMAM
[00:22:41] [429/458] FNAM
[00:22:42] [430/458] ACAM
[00:22:42] 🔄 Identity reset
[00:22:42] 🔄 Identity rotated (every 10 requests)
[00:22:43] [431/458] SCMM
[00:22:43] [432/458] PMAK
[00:22:45] [433/458] NYSA
[00:22:45] [434/458] FCPA
[00:22:46] [435/458] GDAN
[00:22:47] [436/458] RSCA
[00:22:48] [437/458] DMAN
[00:22:48] [438/458] DZCM
[00:22:49] [439/458] NSGL
[00:22:50] [440/458] CCPP
[00:22:51] 🔄 Identity reset
[00:22:51] 🔄 Identity rotated (every 10 requests)
[00:22:51] [441/458] PSMG
[00:22:52] [442/458] GSER
[00:22:53] [443/458] FCCT
[00:22:53] [444/458] FCTB
[00:22:54] [445/458] LCNK
[00:22:55] [446/458] SKTY
[00:22:56] [447/458] INAA
[00:22:57] [448/458] RCWN
[00:22:57] [449/458] VAIS
[00:22:59] [450/458] CVMN
[00:22:59] 🔄 Identity reset
[00:23:00] 🔄 Identity rotated (every 10 requests)
[00:23:00] [451/458] INTS
[00:23:00] [452/458] FRGS
[00:23:01] [453/458] DTCK
[00:23:02] [454/458] MCMH
[00:23:03] [455/458] ECRR
[00:23:04] [456/458] RLLP
[00:23:05] [457/458] CCSN
[00:23:06] [458/458] CCBA
[00:23:07] ✅ DONE | Shows=0 | Movies=0
