[23:35:28] 🚀 SCRIPT STARTED (enhanced anti‑detection)
[23:35:28] [1/445] TGMR
[23:35:28] 🧠 New identity created
[23:35:29] [2/445] CXKR
[23:35:30] [3/445] SROP
[23:35:31] [4/445] GTSV
[23:35:32] [5/445] SNTY
[23:35:33] [6/445] SMYY
[23:35:34] [7/445] CNCS
[23:35:35] [8/445] CSTM
[23:35:37] [9/445] NUCD
[23:35:38] [10/445] SHCZ
[23:35:38] 🔄 Identity reset
[23:35:38] 🔄 Identity rotated (every 10 requests)
[23:35:39] [11/445] NJCT
[23:35:39] [12/445] COPC
[23:35:41] [13/445] STVV
[23:35:42] [14/445] SKRN
[23:35:42] [15/445] APPZ
[23:35:43] [16/445] YMGN
[23:35:44] [17/445] SVTU
[23:35:45] [18/445] GTAD
[23:35:46] [19/445] PSUS
[23:35:47] [20/445] SMCD
[23:35:48] 🔄 Identity reset
[23:35:48] 🔄 Identity rotated (every 10 requests)
[23:35:48] [21/445] CMCM
[23:35:49] [22/445] SYCT
[23:35:50] [23/445] STLY
[23:35:51] [24/445] CMHU
[23:35:52] [25/445] CMSA
[23:35:52] [26/445] CLCU
[23:35:54] [27/445] PPNT
[23:35:55] [28/445] JTAB
[23:35:55] [29/445] BUUC
[23:35:56] [30/445] BSVK
[23:35:57] 🔄 Identity reset
[23:35:57] 🔄 Identity rotated (every 10 requests)
[23:35:57] [31/445] VVVQ
[23:35:58] [32/445] TKMU
[23:35:59] [33/445] ESYL
[23:36:00] [34/445] ACHP
[23:36:02] [35/445] BTKD
[23:36:03] [36/445] DESA
[23:36:04] [37/445] GBCT
[23:36:05] [38/445] BLLD
[23:36:07] [39/445] SKNT
[23:36:08] [40/445] SSTE
[23:36:08] 🔄 Identity reset
[23:36:08] 🔄 Identity rotated (every 10 requests)
[23:36:09] [41/445] VJMR
[23:36:10] [42/445] NTPU
[23:36:11] [43/445] RDKN
[23:36:12] [44/445] ADGC
[23:36:12] [45/445] VRBP
[23:36:14] [46/445] NMNA
[23:36:15] [47/445] CMMX
[23:36:16] [48/445] PTKO
[23:36:17] [49/445] RBML
[23:36:18] [50/445] SAIC
[23:36:19] 🔄 Identity reset
[23:36:19] 🔄 Identity rotated (every 10 requests)
[23:36:19] 🔄 Retry 1/5 for SAIC in 2.0s
[23:36:19] 🔄 Identity reset
[23:36:21] 🧠 New identity created
[23:36:21] [51/445] SVTJ
[23:36:22] [52/445] MRTE
[23:36:23] [53/445] RBTP
[23:36:24] [54/445] NLPS
[23:36:25] [55/445] GTNA
[23:36:26] [56/445] DGGC
[23:36:27] [57/445] SMCR
[23:36:28] [58/445] SCGD
[23:36:29] [59/445] SRRJ
[23:36:29] 🔄 Identity reset
[23:36:29] 🔄 Identity rotated (every 10 requests)
[23:36:29] [60/445] CNRY
[23:36:30] [61/445] KTDI
[23:36:31] [62/445] SNJL
[23:36:32] [63/445] RKMD
[23:36:33] [64/445] SMDC
[23:36:34] [65/445] TADG
[23:36:35] [66/445] MCGS
[23:36:36] [67/445] PETK
[23:36:36] [68/445] CHAG
[23:36:37] [69/445] KSTL
[23:36:38] 🔄 Identity reset
[23:36:38] 🔄 Identity rotated (every 10 requests)
[23:36:38] [70/445] AADS
[23:36:39] [71/445] NTHZ
[23:36:41] [72/445] HCKI
[23:36:42] [73/445] SSEF
[23:36:43] [74/445] MCGX
[23:36:44] [75/445] ERRA
[23:36:44] [76/445] SDTW
[23:36:45] [77/445] RMPK
[23:36:47] [78/445] PTHK
[23:36:48] [79/445] PXCS
[23:36:48] 🔄 Identity reset
[23:36:48] 🔄 Identity rotated (every 10 requests)
[23:36:49] [80/445] SVLU
[23:36:49] [81/445] STAH
[23:36:50] [82/445] JRGF
[23:36:51] [83/445] CDOK
[23:36:52] [84/445] CMSG
[23:36:53] [85/445] APTD
[23:36:54] [86/445] KMPG
[23:36:56] [87/445] MUTJ
[23:36:57] [88/445] VCCI
[23:36:58] [89/445] URBE
[23:36:59] 🔄 Identity reset
[23:36:59] 🔄 Identity rotated (every 10 requests)
[23:36:59] [90/445] TCTS
[23:37:00] [91/445] STSN
[23:37:01] [92/445] AKCH
[23:37:03] [93/445] APSC
[23:37:03] [94/445] VLTB
[23:37:04] [95/445] SANU
[23:37:05] [96/445] AXAM
[23:37:06] [97/445] MGMG
[23:37:07] [98/445] HTBY
[23:37:08] [99/445] MMZS
[23:37:09] 🔄 Identity reset
[23:37:09] 🔄 Identity rotated (every 10 requests)
[23:37:09] [100/445] SUDR
[23:37:10] [101/445] CCAD
[23:37:11] [102/445] SKKC
[23:37:12] [103/445] RMCD
[23:37:13] [104/445] SBCQ
[23:37:13] [105/445] DCCT
[23:37:15] [106/445] VTKP
[23:37:15] [107/445] MLAM
[23:37:16] [108/445] SAVT
[23:37:17] [109/445] GEPL
[23:37:18] 🔄 Identity reset
[23:37:18] 🔄 Identity rotated (every 10 requests)
[23:37:18] [110/445] AMCD
[23:37:19] [111/445] CCXR
[23:37:20] [112/445] GRNG
[23:37:22] [113/445] EBCA
[23:37:23] [114/445] CNVG
[23:37:24] [115/445] MWSS
[23:37:25] [116/445] VBOR
[23:37:25] [117/445] NEEB
[23:37:26] [118/445] SUTH
[23:37:27] [119/445] ANDB
[23:37:28] 🔄 Identity reset
[23:37:28] 🔄 Identity rotated (every 10 requests)
[23:37:28] [120/445] MMXS
[23:37:29] [121/445] CNPD
[23:37:30] [122/445] SDCE
[23:37:31] [123/445] DHCB
[23:37:32] [124/445] ODEN
[23:37:33] [125/445] TNTC
[23:37:34] [126/445] VBKM
[23:37:35] [127/445] RZYM
[23:37:35] [128/445] JEMC
[23:37:36] [129/445] CMAU
[23:37:37] 🔄 Identity reset
[23:37:37] 🔄 Identity rotated (every 10 requests)
[23:37:37] [130/445] SIVP
[23:37:38] [131/445] ATAG
[23:37:39] [132/445] CHTM
[23:37:40] [133/445] AAEE
[23:37:40] [134/445] IWPM
[23:37:41] [135/445] KCMW
[23:37:42] [136/445] MCTD
[23:37:43] [137/445] SPWR
[23:37:44] [138/445] SDPO
[23:37:45] [139/445] PCSK
[23:37:46] 🔄 Identity reset
[23:37:46] 🔄 Identity rotated (every 10 requests)
[23:37:46] [140/445] ACHV
[23:37:47] [141/445] SVLA
[23:37:48] [142/445] PICT
[23:37:48] [143/445] BXDR
[23:37:49] [144/445] SPWA
[23:37:50] [145/445] MCKO
[23:37:51] [146/445] RTHK
[23:37:52] [147/445] CCMF
[23:37:52] [148/445] MRGB
[23:37:53] [149/445] CPLC
[23:37:54] 🔄 Identity reset
[23:37:54] 🔄 Identity rotated (every 10 requests)
[23:37:54] [150/445] RACD
[23:37:55] [151/445] ATKT
[23:37:56] [152/445] SARN
[23:37:57] [153/445] KKUI
[23:37:58] [154/445] RGCM
[23:37:58] [155/445] BRVP
[23:37:59] [156/445] HRSR
[23:38:00] [157/445] GKGM
[23:38:01] [158/445] TTCD
[23:38:03] [159/445] PTTI
[23:38:03] 🔄 Identity reset
[23:38:03] 🔄 Identity rotated (every 10 requests)
[23:38:03] [160/445] MPTT
[23:38:04] [161/445] CVTT
[23:38:05] [162/445] PCXD
[23:38:06] [163/445] GCDC
[23:38:07] [164/445] CCCF
[23:38:08] [165/445] MRAD
[23:38:09] [166/445] CPLK
[23:38:10] [167/445] SATB
[23:38:11] [168/445] SNVG
[23:38:13] [169/445] JMBA
[23:38:14] 🔄 Identity reset
[23:38:14] 🔄 Identity rotated (every 10 requests)
[23:38:14] [170/445] TEJA
[23:38:15] [171/445] STYO
[23:38:16] [172/445] JTBP
[23:38:17] [173/445] KRGD
[23:38:18] [174/445] SLJJ
[23:38:19] [175/445] SPTJ
[23:38:20] [176/445] SWJG
[23:38:21] [177/445] LKRT
[23:38:22] [178/445] KCKA
[23:38:22] [179/445] SNCR
[23:38:23] 🔄 Identity reset
[23:38:23] 🔄 Identity rotated (every 10 requests)
[23:38:23] [180/445] SMKL
[23:38:24] [181/445] GCFA
[23:38:25] [182/445] DDCK
[23:38:26] [183/445] NCHJ
[23:38:27] [184/445] RDMA
[23:38:28] [185/445] SVSV
[23:38:29] [186/445] SCJG
[23:38:30] [187/445] VKLP
[23:38:31] [188/445] NWCC
[23:38:32] [189/445] VKNS
[23:38:33] 🔄 Identity reset
[23:38:33] 🔄 Identity rotated (every 10 requests)
[23:38:33] [190/445] SDDP
[23:38:34] [191/445] ACSI
[23:38:35] [192/445] SATG
[23:38:36] [193/445] SCMW
[23:38:37] [194/445] LKTK
[23:38:38] [195/445] VCKV
[23:38:38] [196/445] KKPE
[23:38:39] [197/445] KIGH
[23:38:40] [198/445] SRPM
[23:38:41] [199/445] SCAH
[23:38:42] 🔄 Identity reset
[23:38:42] 🔄 Identity rotated (every 10 requests)
[23:38:42] [200/445] MUTA
[23:38:43] [201/445] SEPU
[23:38:44] [202/445] INOA
[23:38:45] [203/445] BASK
[23:38:46] [204/445] NECB
[23:38:46] [205/445] GTTG
[23:38:47] [206/445] ASSA
[23:38:48] [207/445] ANCL
[23:38:49] [208/445] GCTI
[23:38:50] [209/445] RCTS
[23:38:51] 🔄 Identity reset
[23:38:51] 🔄 Identity rotated (every 10 requests)
[23:38:51] [210/445] ACNL
[23:38:52] [211/445] MYCT
[23:38:53] [212/445] NMHT
[23:38:54] [213/445] MDIT
[23:38:55] [214/445] LATG
[23:38:56] [215/445] SMTY
[23:38:56] [216/445] CVCT
[23:38:57] [217/445] RAMB
[23:38:58] [218/445] TGMS
[23:38:59] [219/445] BHEL
[23:38:59] 🔄 Identity reset
[23:39:00] 🔄 Identity rotated (every 10 requests)
[23:39:00] [220/445] SHCT
[23:39:01] [221/445] SVCT
[23:39:01] [222/445] MRIY
[23:39:02] [223/445] SARO
[23:39:03] [224/445] STCT
[23:39:04] [225/445] JKKC
[23:39:05] [226/445] PLTT
[23:39:05] [227/445] SRNT
[23:39:06] [228/445] YAST
[23:39:07] [229/445] PERL
[23:39:08] 🔄 Identity reset
[23:39:08] 🔄 Identity rotated (every 10 requests)
[23:39:08] [230/445] CICM
[23:39:10] [231/445] MMTR
[23:39:10] [232/445] ABTK
[23:39:11] [233/445] ATYY
[23:39:12] [234/445] ASTK
[23:39:13] [235/445] VVCK
[23:39:14] [236/445] ATKY
[23:39:15] [237/445] GWEK
[23:39:15] [238/445] SVFH
[23:39:16] [239/445] SLTA
[23:39:17] 🔄 Identity reset
[23:39:17] 🔄 Identity rotated (every 10 requests)
[23:39:17] [240/445] AASH
[23:39:18] [241/445] ACXB
[23:39:19] [242/445] SMTX
[23:39:20] [243/445] AZDH
[23:39:21] [244/445] CMMH
[23:39:22] [245/445] SCSZ
[23:39:23] [246/445] SCKP
[23:39:23] [247/445] NXTM
[23:39:24] [248/445] NWCS
[23:39:25] [249/445] CXMH
[23:39:26] 🔄 Identity reset
[23:39:26] 🔄 Identity rotated (every 10 requests)
[23:39:27] [250/445] PCMA
[23:39:28] [251/445] SGCM
[23:39:29] [252/445] SDTU
[23:39:29] [253/445] MMVI
[23:39:30] [254/445] JKCM
[23:39:31] [255/445] VCMM
[23:39:32] [256/445] SYEE
[23:39:33] [257/445] VASD
[23:39:34] [258/445] BDRB
[23:39:35] [259/445] LASM
[23:39:36] 🔄 Identity reset
[23:39:36] 🔄 Identity rotated (every 10 requests)
[23:39:36] [260/445] DCRL
[23:39:38] [261/445] DVPM
[23:39:38] [262/445] SBMJ
[23:39:39] [263/445] CBMU
[23:39:40] [264/445] IUBS
[23:39:41] [265/445] INAP
[23:39:42] [266/445] SRRC
[23:39:43] [267/445] SAGR
[23:39:44] [268/445] CPMJ
[23:39:45] [269/445] ATJL
[23:39:46] 🔄 Identity reset
[23:39:46] 🔄 Identity rotated (every 10 requests)
[23:39:46] [270/445] NNTD
[23:39:47] [271/445] JHCJ
[23:39:48] [272/445] CMMP
[23:39:49] [273/445] RSDR
[23:39:50] [274/445] AMTI
[23:39:50] [275/445] NYSG
[23:39:51] [276/445] AVSG
[23:39:52] [277/445] SYTP
[23:39:53] [278/445] LARC
[23:39:54] [279/445] RJTP
[23:39:55] 🔄 Identity reset
[23:39:55] 🔄 Identity rotated (every 10 requests)
[23:39:55] [280/445] LAKC
[23:39:56] [281/445] MCXE
[23:39:57] [282/445] CCZC
[23:39:57] [283/445] AVCH
[23:39:58] [284/445] CMBE
[23:39:59] [285/445] MRRC
[23:40:00] [286/445] PCPY
[23:40:01] [287/445] SRMH
[23:40:02] [288/445] SVGS
[23:40:03] [289/445] PCSE
[23:40:03] 🔄 Identity reset
[23:40:04] 🔄 Identity rotated (every 10 requests)
[23:40:04] [290/445] SVFT
[23:40:05] [291/445] TNZP
[23:40:06] [292/445] ICTP
[23:40:07] [293/445] ACTZ
[23:40:08] [294/445] GTUR
[23:40:09] [295/445] MAFC
[23:40:10] [296/445] MINL
[23:40:11] [297/445] MRCL
[23:40:12] [298/445] RCRP
[23:40:13] [299/445] RFFG
[23:40:13] 🔄 Identity reset
[23:40:13] 🔄 Identity rotated (every 10 requests)
[23:40:14] [300/445] RMAS
[23:40:15] [301/445] INVR
[23:40:16] [302/445] RMAR
[23:40:17] [303/445] CNIS
[23:40:18] [304/445] RHRJ
[23:40:19] [305/445] INXR
[23:40:20] [306/445] VALT
[23:40:21] [307/445] LCSH
[23:40:22] [308/445] CMVS
[23:40:23] [309/445] CNMS
[23:40:23] 🔄 Identity reset
[23:40:23] 🔄 Identity rotated (every 10 requests)
[23:40:24] [310/445] ROOG
[23:40:24] [311/445] ISRM
[23:40:25] [312/445] RCRM
[23:40:26] [313/445] ACJA
[23:40:27] [314/445] RCVS
[23:40:28] [315/445] CPUS
[23:40:29] [316/445] TGCS
[23:40:30] [317/445] RKCJ
[23:40:31] [318/445] MKSB
[23:40:31] [319/445] TCSJ
[23:40:32] 🔄 Identity reset
[23:40:32] 🔄 Identity rotated (every 10 requests)
[23:40:32] [320/445] RMGP
[23:40:33] [321/445] CLLP
[23:40:34] [322/445] RCMV
[23:40:35] [323/445] CCKS
[23:40:36] [324/445] RSRP
[23:40:37] [325/445] APLP
[23:40:37] [326/445] CNVS
[23:40:38] [327/445] RMVY
[23:40:39] [328/445] PGBD
[23:40:40] [329/445] KLMS
[23:40:41] 🔄 Identity reset
[23:40:41] 🔄 Identity rotated (every 10 requests)
[23:40:41] [330/445] RUST
[23:40:42] [331/445] MASM
[23:40:43] [332/445] BACS
[23:40:43] [333/445] BWST
[23:40:44] [334/445] RRFH
[23:40:45] [335/445] SJTM
[23:40:46] [336/445] BEMR
[23:40:47] [337/445] MCGR
[23:40:48] [338/445] SDSK
[23:40:49] [339/445] VBOL
[23:40:49] 🔄 Identity reset
[23:40:49] 🔄 Identity rotated (every 10 requests)
[23:40:50] [340/445] RMGM
[23:40:50] [341/445] NOPL
[23:40:51] [342/445] MKJK
[23:40:52] [343/445] CVRN
[23:40:53] [344/445] MMEN
[23:40:54] [345/445] AMNG
[23:40:55] [346/445] INTM
[23:40:56] [347/445] SLCZ
[23:40:57] [348/445] AMJN
[23:40:58] [349/445] ACJN
[23:40:58] 🔄 Identity reset
[23:40:58] 🔄 Identity rotated (every 10 requests)
[23:40:59] [350/445] AMKN
[23:40:59] [351/445] BTCN
[23:41:00] [352/445] AMBT
[23:41:02] [353/445] PACN
[23:41:03] [354/445] LCNS
[23:41:03] [355/445] PPKC
[23:41:04] [356/445] JYYN
[23:41:05] [357/445] JTNR
[23:41:07] [358/445] GTEE
[23:41:08] [359/445] SRNM
[23:41:08] 🔄 Identity reset
[23:41:08] 🔄 Identity rotated (every 10 requests)
[23:41:09] [360/445] SDTC
[23:41:10] [361/445] VPCA
[23:41:11] [362/445] VLRA
[23:41:13] [363/445] SHKR
[23:41:13] [364/445] SBKD
[23:41:14] [365/445] SAAD
[23:41:15] [366/445] JTGN
[23:41:16] [367/445] SLAM
[23:41:17] [368/445] VTPM
[23:41:18] [369/445] ANPT
[23:41:19] 🔄 Identity reset
[23:41:19] 🔄 Identity rotated (every 10 requests)
[23:41:19] [370/445] PUNB
[23:41:20] [371/445] CPKT
[23:41:21] [372/445] CNWE
[23:41:21] [373/445] ECPP
[23:41:22] [374/445] CPAR
[23:41:24] [375/445] ESBW
[23:41:25] [376/445] PKPU
[23:41:25] [377/445] CPRP
[23:41:26] [378/445] RAHU
[23:41:27] [379/445] RHMN
[23:41:27] 🔄 Identity reset
[23:41:27] 🔄 Identity rotated (every 10 requests)
[23:41:28] [380/445] FMJP
[23:41:29] [381/445] CTMP
[23:41:29] [382/445] INPN
[23:41:30] [383/445] STTG
[23:41:31] [384/445] CTRD
[23:41:32] [385/445] PUVB
[23:41:33] [386/445] ESVP
[23:41:34] [387/445] CPFT
[23:41:35] [388/445] LCPC
[23:41:36] [389/445] VBCT
[23:41:37] 🔄 Identity reset
[23:41:37] 🔄 Identity rotated (every 10 requests)
[23:41:37] [390/445] FSCW
[23:41:38] [391/445] VCMP
[23:41:39] [392/445] ASHC
[23:41:39] [393/445] VLCX
[23:41:40] [394/445] SHEV
[23:41:41] [395/445] APCO
[23:41:42] [396/445] SILC
[23:41:43] [397/445] SNMR
[23:41:44] [398/445] KYBO
[23:41:45] [399/445] SATK
[23:41:46] 🔄 Identity reset
[23:41:46] 🔄 Identity rotated (every 10 requests)
[23:41:46] [400/445] SSCS
[23:41:47] [401/445] CLSB
[23:41:48] [402/445] KMJR
[23:41:49] [403/445] FSCK
[23:41:49] [404/445] NNKA
[23:41:50] [405/445] CLMK
[23:41:51] [406/445] DMPZ
[23:41:52] [407/445] INQM
[23:41:53] [408/445] CAML
[23:41:54] [409/445] INRK
[23:41:54] 🔄 Identity reset
[23:41:54] 🔄 Identity rotated (every 10 requests)
[23:41:55] [410/445] IMKN
[23:41:57] [411/445] SVNR
[23:41:59] [412/445] INSL
[23:41:59] [413/445] MSMA
[23:42:00] [414/445] MCKK
[23:42:01] [415/445] FCHP
[23:42:02] [416/445] SFCR
[23:42:03] [417/445] NACK
[23:42:03] [418/445] PVAK
[23:42:04] [419/445] INER
[23:42:05] 🔄 Identity reset
[23:42:05] 🔄 Identity rotated (every 10 requests)
[23:42:05] [420/445] RDBK
[23:42:06] [421/445] SVFN
[23:42:07] [422/445] IFRM
[23:42:09] [423/445] ATCK
[23:42:09] [424/445] ASKO
[23:42:10] [425/445] STKT
[23:42:11] [426/445] SVFB
[23:42:12] [427/445] INKS
[23:42:13] [428/445] PCRA
[23:42:14] [429/445] ATJA
[23:42:14] 🔄 Identity reset
[23:42:14] 🔄 Identity rotated (every 10 requests)
[23:42:15] [430/445] IMJN
[23:42:15] [431/445] INHD
[23:42:16] [432/445] BARA
[23:42:17] [433/445] MCSL
[23:42:18] [434/445] RTOY
[23:42:19] [435/445] MENO
[23:42:20] [436/445] PUDM
[23:42:21] [437/445] PRCN
[23:42:21] [438/445] JMJR
[23:42:22] [439/445] SSGK
[23:42:23] 🔄 Identity reset
[23:42:23] 🔄 Identity rotated (every 10 requests)
[23:42:23] [440/445] SSRL
[23:42:24] [441/445] JYKL
[23:42:25] [442/445] ACNB
[23:42:26] [443/445] SONP
[23:42:26] [444/445] EMCI
[23:42:27] [445/445] MRJH
[23:42:28] 🧹 Deduping shows
[23:42:28] ✅ DONE | Shows=26 | Movies=4
[05:25:22] 🚀 SCRIPT STARTED (enhanced anti‑detection)
[05:25:22] [1/445] TGMR
[05:25:23] 🧠 New identity created
[05:25:24] [2/445] CXKR
[05:25:25] [3/445] SROP
[05:25:25] [4/445] GTSV
[05:25:26] [5/445] SNTY
[05:25:27] [6/445] SMYY
[05:25:29] [7/445] CNCS
[05:25:29] [8/445] CSTM
[05:25:30] [9/445] NUCD
[05:25:31] [10/445] SHCZ
[05:25:32] 🔄 Identity reset
[05:25:32] 🔄 Identity rotated (every 10 requests)
[05:25:33] [11/445] NJCT
[05:25:34] [12/445] COPC
[05:25:36] [13/445] STVV
[05:25:36] [14/445] SKRN
[05:25:37] [15/445] APPZ
[05:25:38] [16/445] YMGN
[05:25:39] [17/445] SVTU
[05:25:40] [18/445] GTAD
[05:25:41] [19/445] PSUS
[05:25:42] [20/445] SMCD
[05:25:42] 🔄 Identity reset
[05:25:43] 🔄 Identity rotated (every 10 requests)
[05:25:43] [21/445] CMCM
[05:25:44] [22/445] SYCT
[05:25:45] [23/445] STLY
[05:25:46] [24/445] CMHU
[05:25:47] [25/445] CMSA
[05:25:49] [26/445] CLCU
[05:25:49] [27/445] PPNT
[05:25:50] [28/445] JTAB
[05:25:51] [29/445] BUUC
[05:25:52] [30/445] BSVK
[05:25:53] 🔄 Identity reset
[05:25:53] 🔄 Identity rotated (every 10 requests)
[05:25:53] [31/445] VVVQ
[05:25:54] [32/445] TKMU
[05:25:55] [33/445] ESYL
[05:25:56] [34/445] ACHP
[05:25:56] [35/445] BTKD
[05:25:57] [36/445] DESA
[05:25:58] [37/445] GBCT
[05:25:59] [38/445] BLLD
[05:26:01] [39/445] SKNT
[05:26:02] [40/445] SSTE
[05:26:02] 🔄 Identity reset
[05:26:02] 🔄 Identity rotated (every 10 requests)
[05:26:02] [41/445] VJMR
[05:26:03] [42/445] NTPU
[05:26:05] [43/445] RDKN
[05:26:07] [44/445] ADGC
[05:26:08] [45/445] VRBP
[05:26:08] [46/445] NMNA
[05:26:09] [47/445] CMMX
[05:26:10] [48/445] PTKO
[05:26:11] [49/445] RBML
[05:26:12] [50/445] SAIC
[05:26:13] 🔄 Identity reset
[05:26:13] 🔄 Identity rotated (every 10 requests)
[05:26:13] [51/445] SVTJ
[05:26:14] [52/445] MRTE
[05:26:15] [53/445] RBTP
[05:26:16] [54/445] NLPS
[05:26:16] [55/445] GTNA
[05:26:17] [56/445] DGGC
[05:26:18] [57/445] SMCR
[05:26:19] [58/445] SCGD
[05:26:20] [59/445] SRRJ
[05:26:21] [60/445] CNRY
[05:26:21] 🔄 Identity reset
[05:26:21] 🔄 Identity rotated (every 10 requests)
[05:26:22] [61/445] KTDI
[05:26:22] [62/445] SNJL
[05:26:23] [63/445] RKMD
[05:26:24] [64/445] SMDC
[05:26:25] [65/445] TADG
[05:26:26] [66/445] MCGS
[05:26:27] [67/445] PETK
[05:26:28] [68/445] CHAG
[05:26:29] [69/445] KSTL
[05:26:29] [70/445] AADS
[05:26:30] 🔄 Identity reset
[05:26:30] 🔄 Identity rotated (every 10 requests)
[05:26:30] [71/445] NTHZ
[05:26:31] [72/445] HCKI
[05:26:32] [73/445] SSEF
[05:26:33] [74/445] MCGX
[05:26:34] [75/445] ERRA
[05:26:35] [76/445] SDTW
[05:26:36] [77/445] RMPK
[05:26:36] [78/445] PTHK
[05:26:37] [79/445] PXCS
[05:26:39] [80/445] SVLU
[05:26:39] 🔄 Identity reset
[05:26:39] 🔄 Identity rotated (every 10 requests)
[05:26:40] [81/445] STAH
[05:26:41] [82/445] JRGF
[05:26:42] [83/445] CDOK
[05:26:42] [84/445] CMSG
[05:26:43] [85/445] APTD
[05:26:44] [86/445] KMPG
[05:26:45] [87/445] MUTJ
[05:26:46] [88/445] VCCI
[05:26:47] [89/445] URBE
[05:26:48] [90/445] TCTS
[05:26:48] 🔄 Identity reset
[05:26:48] 🔄 Identity rotated (every 10 requests)
[05:26:48] [91/445] STSN
[05:26:49] [92/445] AKCH
[05:26:50] [93/445] APSC
[05:26:51] [94/445] VLTB
[05:26:52] [95/445] SANU
[05:26:52] [96/445] AXAM
[05:26:53] [97/445] MGMG
[05:26:54] [98/445] HTBY
[05:26:55] [99/445] MMZS
[05:26:56] [100/445] SUDR
[05:26:56] 🔄 Identity reset
[05:26:56] 🔄 Identity rotated (every 10 requests)
[05:26:57] [101/445] CCAD
[05:26:57] [102/445] SKKC
[05:26:58] [103/445] RMCD
[05:26:59] [104/445] SBCQ
[05:27:00] [105/445] DCCT
[05:27:02] [106/445] VTKP
[05:27:03] [107/445] MLAM
[05:27:03] [108/445] SAVT
[05:27:04] [109/445] GEPL
[05:27:05] [110/445] AMCD
[05:27:06] 🔄 Identity reset
[05:27:06] 🔄 Identity rotated (every 10 requests)
[05:27:06] [111/445] CCXR
[05:27:07] [112/445] GRNG
[05:27:08] [113/445] EBCA
[05:27:09] [114/445] CNVG
[05:27:10] [115/445] MWSS
[05:27:11] [116/445] VBOR
[05:27:12] [117/445] NEEB
[05:27:13] [118/445] SUTH
[05:27:14] [119/445] ANDB
[05:27:15] [120/445] MMXS
[05:27:16] 🔄 Identity reset
[05:27:16] 🔄 Identity rotated (every 10 requests)
[05:27:16] [121/445] CNPD
[05:27:17] [122/445] SDCE
[05:27:18] [123/445] DHCB
[05:27:18] [124/445] ODEN
[05:27:20] [125/445] TNTC
[05:27:21] [126/445] VBKM
[05:27:22] [127/445] RZYM
[05:27:22] [128/445] JEMC
[05:27:23] [129/445] CMAU
[05:27:24] [130/445] SIVP
[05:27:25] 🔄 Identity reset
[05:27:25] 🔄 Identity rotated (every 10 requests)
[05:27:25] [131/445] ATAG
[05:27:26] [132/445] CHTM
[05:27:27] [133/445] AAEE
[05:27:27] [134/445] IWPM
[05:27:28] [135/445] KCMW
[05:27:29] [136/445] MCTD
[05:27:30] [137/445] SPWR
[05:27:31] [138/445] SDPO
[05:27:31] [139/445] PCSK
[05:27:32] [140/445] ACHV
[05:27:33] 🔄 Identity reset
[05:27:33] 🔄 Identity rotated (every 10 requests)
[05:27:33] [141/445] SVLA
[05:27:35] [142/445] PICT
[05:27:35] [143/445] BXDR
[05:27:36] [144/445] SPWA
[05:27:37] [145/445] MCKO
[05:27:38] [146/445] RTHK
[05:27:39] [147/445] CCMF
[05:27:40] [148/445] MRGB
[05:27:41] [149/445] CPLC
[05:27:42] [150/445] RACD
[05:27:43] 🔄 Identity reset
[05:27:43] 🔄 Identity rotated (every 10 requests)
[05:27:43] [151/445] ATKT
[05:27:44] [152/445] SARN
[05:27:45] [153/445] KKUI
[05:27:46] [154/445] RGCM
[05:27:46] [155/445] BRVP
[05:27:47] [156/445] HRSR
[05:27:49] [157/445] GKGM
[05:27:50] [158/445] TTCD
[05:27:50] [159/445] PTTI
[05:27:51] [160/445] MPTT
[05:27:52] 🔄 Identity reset
[05:27:52] 🔄 Identity rotated (every 10 requests)
[05:27:53] [161/445] CVTT
[05:27:53] [162/445] PCXD
[05:27:54] [163/445] GCDC
[05:27:55] [164/445] CCCF
[05:27:56] [165/445] MRAD
[05:27:57] [166/445] CPLK
[05:27:57] [167/445] SATB
[05:27:58] [168/445] SNVG
[05:27:59] [169/445] JMBA
[05:28:00] [170/445] TEJA
[05:28:01] 🔄 Identity reset
[05:28:01] 🔄 Identity rotated (every 10 requests)
[05:28:01] [171/445] STYO
[05:28:02] [172/445] JTBP
[05:28:03] [173/445] KRGD
[05:28:04] [174/445] SLJJ
[05:28:04] [175/445] SPTJ
[05:28:05] [176/445] SWJG
[05:28:06] [177/445] LKRT
[05:28:07] [178/445] KCKA
[05:28:08] [179/445] SNCR
[05:28:09] [180/445] SMKL
[05:28:09] 🔄 Identity reset
[05:28:09] 🔄 Identity rotated (every 10 requests)
[05:28:10] [181/445] GCFA
[05:28:10] [182/445] DDCK
[05:28:11] [183/445] NCHJ
[05:28:12] [184/445] RDMA
[05:28:13] [185/445] SVSV
[05:28:14] [186/445] SCJG
[05:28:15] [187/445] VKLP
[05:28:15] [188/445] NWCC
[05:28:16] [189/445] VKNS
[05:28:17] [190/445] SDDP
[05:28:18] 🔄 Identity reset
[05:28:18] 🔄 Identity rotated (every 10 requests)
[05:28:18] [191/445] ACSI
[05:28:19] [192/445] SATG
[05:28:20] [193/445] SCMW
[05:28:20] [194/445] LKTK
[05:28:21] [195/445] VCKV
[05:28:22] [196/445] KKPE
[05:28:23] [197/445] KIGH
[05:28:24] [198/445] SRPM
[05:28:24] [199/445] SCAH
[05:28:25] [200/445] MUTA
[05:28:26] 🔄 Identity reset
[05:28:26] 🔄 Identity rotated (every 10 requests)
[05:28:26] [201/445] SEPU
[05:28:27] [202/445] INOA
[05:28:28] [203/445] BASK
[05:28:29] [204/445] NECB
[05:28:30] [205/445] GTTG
[05:28:30] [206/445] ASSA
[05:28:31] [207/445] ANCL
[05:28:32] [208/445] GCTI
[05:28:33] [209/445] RCTS
[05:28:33] [210/445] ACNL
[05:28:34] 🔄 Identity reset
[05:28:34] 🔄 Identity rotated (every 10 requests)
[05:28:34] [211/445] MYCT
[05:28:36] [212/445] NMHT
[05:28:36] [213/445] MDIT
[05:28:37] [214/445] LATG
[05:28:38] [215/445] SMTY
[05:28:39] [216/445] CVCT
[05:28:40] [217/445] RAMB
[05:28:41] [218/445] TGMS
[05:28:42] [219/445] BHEL
[05:28:43] [220/445] SHCT
[05:28:44] 🔄 Identity reset
[05:28:44] 🔄 Identity rotated (every 10 requests)
[05:28:45] [221/445] SVCT
[05:28:46] [222/445] MRIY
[05:28:47] [223/445] SARO
[05:28:48] [224/445] STCT
[05:28:49] [225/445] JKKC
[05:28:49] [226/445] PLTT
[05:28:50] [227/445] SRNT
[05:28:51] [228/445] YAST
[05:28:52] [229/445] PERL
[05:28:53] [230/445] CICM
[05:28:54] 🔄 Identity reset
[05:28:54] 🔄 Identity rotated (every 10 requests)
[05:28:54] [231/445] MMTR
[05:28:55] [232/445] ABTK
[05:28:56] [233/445] ATYY
[05:28:57] [234/445] ASTK
[05:28:58] [235/445] VVCK
[05:28:59] [236/445] ATKY
[05:28:59] [237/445] GWEK
[05:29:00] [238/445] SVFH
[05:29:01] [239/445] SLTA
[05:29:02] [240/445] AASH
[05:29:03] 🔄 Identity reset
[05:29:03] 🔄 Identity rotated (every 10 requests)
[05:29:03] [241/445] ACXB
[05:29:04] [242/445] SMTX
[05:29:05] [243/445] AZDH
[05:29:06] [244/445] CMMH
[05:29:08] [245/445] SCSZ
[05:29:09] [246/445] SCKP
[05:29:10] [247/445] NXTM
[05:29:11] [248/445] NWCS
[05:29:12] [249/445] CXMH
[05:29:13] [250/445] PCMA
[05:29:13] 🔄 Identity reset
[05:29:13] 🔄 Identity rotated (every 10 requests)
[05:29:14] [251/445] SGCM
[05:29:15] [252/445] SDTU
[05:29:16] [253/445] MMVI
[05:29:17] [254/445] JKCM
[05:29:18] [255/445] VCMM
[05:29:19] [256/445] SYEE
[05:29:20] [257/445] VASD
[05:29:21] [258/445] BDRB
[05:29:22] [259/445] LASM
[05:29:23] [260/445] DCRL
[05:29:24] 🔄 Identity reset
[05:29:24] 🔄 Identity rotated (every 10 requests)
[05:29:24] [261/445] DVPM
[05:29:25] [262/445] SBMJ
[05:29:26] [263/445] CBMU
[05:29:27] [264/445] IUBS
[05:29:27] [265/445] INAP
[05:29:28] [266/445] SRRC
[05:29:29] [267/445] SAGR
[05:29:30] [268/445] CPMJ
[05:29:31] [269/445] ATJL
[05:29:32] [270/445] NNTD
[05:29:32] 🔄 Identity reset
[05:29:32] 🔄 Identity rotated (every 10 requests)
[05:29:33] [271/445] JHCJ
[05:29:33] [272/445] CMMP
[05:29:34] [273/445] RSDR
[05:29:35] [274/445] AMTI
[05:29:36] [275/445] NYSG
[05:29:37] [276/445] AVSG
[05:29:38] [277/445] SYTP
[05:29:39] [278/445] LARC
[05:29:40] [279/445] RJTP
[05:29:41] [280/445] LAKC
[05:29:41] 🔄 Identity reset
[05:29:41] 🔄 Identity rotated (every 10 requests)
[05:29:41] [281/445] MCXE
[05:29:42] [282/445] CCZC
[05:29:44] [283/445] AVCH
[05:29:45] [284/445] CMBE
[05:29:45] [285/445] MRRC
[05:29:46] [286/445] PCPY
[05:29:47] [287/445] SRMH
[05:29:48] [288/445] SVGS
[05:29:49] [289/445] PCSE
[05:29:50] [290/445] SVFT
[05:29:50] 🔄 Identity reset
[05:29:50] 🔄 Identity rotated (every 10 requests)
[05:29:51] [291/445] TNZP
[05:29:52] [292/445] ICTP
[05:29:53] [293/445] ACTZ
[05:29:53] [294/445] GTUR
[05:29:54] [295/445] MAFC
[05:29:55] [296/445] MINL
[05:29:57] [297/445] MRCL
[05:29:57] [298/445] RCRP
[05:29:58] [299/445] RFFG
[05:29:59] [300/445] RMAS
[05:30:00] 🔄 Identity reset
[05:30:00] 🔄 Identity rotated (every 10 requests)
[05:30:00] [301/445] INVR
[05:30:01] [302/445] RMAR
[05:30:02] [303/445] CNIS
[05:30:03] [304/445] RHRJ
[05:30:04] [305/445] INXR
[05:30:05] [306/445] VALT
[05:30:06] [307/445] LCSH
[05:30:07] [308/445] CMVS
[05:30:08] [309/445] CNMS
[05:30:09] [310/445] ROOG
[05:30:09] 🔄 Identity reset
[05:30:09] 🔄 Identity rotated (every 10 requests)
[05:30:09] [311/445] ISRM
[05:30:10] [312/445] RCRM
[05:30:12] [313/445] ACJA
[05:30:13] [314/445] RCVS
[05:30:14] [315/445] CPUS
[05:30:15] [316/445] TGCS
[05:30:16] [317/445] RKCJ
[05:30:17] [318/445] MKSB
[05:30:18] [319/445] TCSJ
[05:30:19] [320/445] RMGP
[05:30:20] 🔄 Identity reset
[05:30:20] 🔄 Identity rotated (every 10 requests)
[05:30:21] [321/445] CLLP
[05:30:22] [322/445] RCMV
[05:30:22] [323/445] CCKS
[05:30:23] [324/445] RSRP
[05:30:24] [325/445] APLP
[05:30:25] [326/445] CNVS
[05:30:26] [327/445] RMVY
[05:30:27] [328/445] PGBD
[05:30:28] [329/445] KLMS
[05:30:29] [330/445] RUST
[05:30:29] 🔄 Identity reset
[05:30:29] 🔄 Identity rotated (every 10 requests)
[05:30:30] [331/445] MASM
[05:30:31] [332/445] BACS
[05:30:32] [333/445] BWST
[05:30:33] [334/445] RRFH
[05:30:33] [335/445] SJTM
[05:30:34] [336/445] BEMR
[05:30:36] [337/445] MCGR
[05:30:36] [338/445] SDSK
[05:30:37] [339/445] VBOL
[05:30:39] [340/445] RMGM
[05:30:39] 🔄 Identity reset
[05:30:40] 🔄 Identity rotated (every 10 requests)
[05:30:40] [341/445] NOPL
[05:30:41] [342/445] MKJK
[05:30:42] [343/445] CVRN
[05:30:42] [344/445] MMEN
[05:30:43] [345/445] AMNG
[05:30:44] [346/445] INTM
[05:30:45] [347/445] SLCZ
[05:30:47] [348/445] AMJN
[05:30:47] [349/445] ACJN
[05:30:48] [350/445] AMKN
[05:30:49] 🔄 Identity reset
[05:30:49] 🔄 Identity rotated (every 10 requests)
[05:30:49] [351/445] BTCN
[05:30:50] [352/445] AMBT
[05:30:51] [353/445] PACN
[05:30:52] [354/445] LCNS
[05:30:53] [355/445] PPKC
[05:30:54] [356/445] JYYN
[05:30:55] [357/445] JTNR
[05:30:56] [358/445] GTEE
[05:30:57] [359/445] SRNM
[05:30:58] [360/445] SDTC
[05:30:58] 🔄 Identity reset
[05:30:58] 🔄 Identity rotated (every 10 requests)
[05:30:59] [361/445] VPCA
[05:30:59] [362/445] VLRA
[05:31:00] [363/445] SHKR
[05:31:01] [364/445] SBKD
[05:31:02] [365/445] SAAD
[05:31:03] [366/445] JTGN
[05:31:04] [367/445] SLAM
[05:31:05] [368/445] VTPM
[05:31:06] [369/445] ANPT
[05:31:07] [370/445] PUNB
[05:31:08] 🔄 Identity reset
[05:31:08] 🔄 Identity rotated (every 10 requests)
[05:31:08] [371/445] CPKT
[05:31:09] [372/445] CNWE
[05:31:10] [373/445] ECPP
[05:31:11] [374/445] CPAR
[05:31:12] [375/445] ESBW
[05:31:12] [376/445] PKPU
[05:31:13] [377/445] CPRP
[05:31:15] [378/445] RAHU
[05:31:16] [379/445] RHMN
[05:31:17] [380/445] FMJP
[05:31:17] 🔄 Identity reset
[05:31:17] 🔄 Identity rotated (every 10 requests)
[05:31:17] [381/445] CTMP
[05:31:18] [382/445] INPN
[05:31:19] [383/445] STTG
[05:31:20] [384/445] CTRD
[05:31:21] [385/445] PUVB
[05:31:22] [386/445] ESVP
[05:31:23] [387/445] CPFT
[05:31:24] [388/445] LCPC
[05:31:24] [389/445] VBCT
[05:31:25] [390/445] FSCW
[05:31:26] 🔄 Identity reset
[05:31:26] 🔄 Identity rotated (every 10 requests)
[05:31:26] [391/445] VCMP
[05:31:27] [392/445] ASHC
[05:31:28] [393/445] VLCX
[05:31:29] [394/445] SHEV
[05:31:30] [395/445] APCO
[05:31:31] [396/445] SILC
[05:31:32] [397/445] SNMR
[05:31:33] [398/445] KYBO
[05:31:34] [399/445] SATK
[05:31:35] [400/445] SSCS
[05:31:35] 🔄 Identity reset
[05:31:36] 🔄 Identity rotated (every 10 requests)
[05:31:36] [401/445] CLSB
[05:31:37] [402/445] KMJR
[05:31:38] [403/445] FSCK
[05:31:39] [404/445] NNKA
[05:31:40] [405/445] CLMK
[05:31:42] [406/445] DMPZ
[05:31:43] [407/445] INQM
[05:31:44] [408/445] CAML
[05:31:45] [409/445] INRK
[05:31:46] [410/445] IMKN
[05:31:46] 🔄 Identity reset
[05:31:46] 🔄 Identity rotated (every 10 requests)
[05:31:47] [411/445] SVNR
[05:31:47] [412/445] INSL
[05:31:49] [413/445] MSMA
[05:31:50] [414/445] MCKK
[05:31:51] [415/445] FCHP
[05:31:52] [416/445] SFCR
[05:31:52] [417/445] NACK
[05:31:53] [418/445] PVAK
[05:31:54] [419/445] INER
[05:31:55] [420/445] RDBK
[05:31:56] 🔄 Identity reset
[05:31:56] 🔄 Identity rotated (every 10 requests)
[05:31:56] [421/445] SVFN
[05:31:57] [422/445] IFRM
[05:31:58] [423/445] ATCK
[05:31:59] [424/445] ASKO
[05:31:59] [425/445] STKT
[05:32:00] [426/445] SVFB
[05:32:02] [427/445] INKS
[05:32:03] [428/445] PCRA
[05:32:04] [429/445] ATJA
[05:32:05] [430/445] IMJN
[05:32:05] 🔄 Identity reset
[05:32:05] 🔄 Identity rotated (every 10 requests)
[05:32:06] [431/445] INHD
[05:32:07] [432/445] BARA
[05:32:08] [433/445] MCSL
[05:32:09] [434/445] RTOY
[05:32:10] [435/445] MENO
[05:32:10] [436/445] PUDM
[05:32:11] [437/445] PRCN
[05:32:12] [438/445] JMJR
[05:32:13] [439/445] SSGK
[05:32:14] [440/445] SSRL
[05:32:14] 🔄 Identity reset
[05:32:14] 🔄 Identity rotated (every 10 requests)
[05:32:15] [441/445] JYKL
[05:32:16] [442/445] ACNB
[05:32:17] [443/445] SONP
[05:32:18] [444/445] EMCI
[05:32:19] [445/445] MRJH
[05:32:19] 🧹 Deduping shows
[05:32:20] ✅ DONE | Shows=26 | Movies=4
[03:59:13] 🚀 SCRIPT STARTED (enhanced anti‑detection)
[03:59:13] [1/445] TGMR
[03:59:14] 🧠 New identity created
[03:59:14] [2/445] CXKR
[03:59:15] [3/445] SROP
[03:59:16] [4/445] GTSV
[03:59:17] [5/445] SNTY
[03:59:18] [6/445] SMYY
[03:59:19] [7/445] CNCS
[03:59:20] [8/445] CSTM
[03:59:20] [9/445] NUCD
[03:59:21] [10/445] SHCZ
[03:59:22] 🔄 Identity reset
[03:59:22] 🔄 Identity rotated (every 10 requests)
[03:59:22] [11/445] NJCT
[03:59:23] [12/445] COPC
[03:59:24] [13/445] STVV
[03:59:26] [14/445] SKRN
[03:59:27] [15/445] APPZ
[03:59:28] [16/445] YMGN
[03:59:29] [17/445] SVTU
[03:59:30] [18/445] GTAD
[03:59:31] [19/445] PSUS
[03:59:31] [20/445] SMCD
[03:59:32] 🔄 Identity reset
[03:59:32] 🔄 Identity rotated (every 10 requests)
[03:59:33] [21/445] CMCM
[03:59:34] [22/445] SYCT
[03:59:36] [23/445] STLY
[03:59:37] [24/445] CMHU
[03:59:38] [25/445] CMSA
[03:59:39] [26/445] CLCU
[03:59:40] [27/445] PPNT
[03:59:41] [28/445] JTAB
[03:59:43] [29/445] BUUC
[03:59:44] [30/445] BSVK
[03:59:45] 🔄 Identity reset
[03:59:45] 🔄 Identity rotated (every 10 requests)
[03:59:46] [31/445] VVVQ
[03:59:47] [32/445] TKMU
[03:59:47] [33/445] ESYL
[03:59:48] [34/445] ACHP
[03:59:49] [35/445] BTKD
[03:59:50] [36/445] DESA
[03:59:51] [37/445] GBCT
[03:59:52] [38/445] BLLD
[03:59:53] [39/445] SKNT
[03:59:55] [40/445] SSTE
[03:59:55] 🔄 Identity reset
[03:59:55] 🔄 Identity rotated (every 10 requests)
[03:59:55] [41/445] VJMR
[03:59:56] [42/445] NTPU
[03:59:57] [43/445] RDKN
[03:59:58] [44/445] ADGC
[03:59:59] [45/445] VRBP
[04:00:00] [46/445] NMNA
[04:00:02] [47/445] CMMX
[04:00:03] [48/445] PTKO
[04:00:04] [49/445] RBML
[04:00:05] [50/445] SAIC
[04:00:06] 🔄 Identity reset
[04:00:06] 🔄 Identity rotated (every 10 requests)
[04:00:06] [51/445] SVTJ
[04:00:07] [52/445] MRTE
[04:00:08] [53/445] RBTP
[04:00:09] [54/445] NLPS
[04:00:10] [55/445] GTNA
[04:00:11] [56/445] DGGC
[04:00:12] [57/445] SMCR
[04:00:13] [58/445] SCGD
[04:00:14] [59/445] SRRJ
[04:00:14] [60/445] CNRY
[04:00:15] 🔄 Identity reset
[04:00:15] 🔄 Identity rotated (every 10 requests)
[04:00:16] [61/445] KTDI
[04:00:17] [62/445] SNJL
[04:00:18] [63/445] RKMD
[04:00:19] [64/445] SMDC
[04:00:20] [65/445] TADG
[04:00:22] [66/445] MCGS
[04:00:23] [67/445] PETK
[04:00:24] [68/445] CHAG
[04:00:24] [69/445] KSTL
[04:00:25] [70/445] AADS
[04:00:26] 🔄 Identity reset
[04:00:26] 🔄 Identity rotated (every 10 requests)
[04:00:26] [71/445] NTHZ
[04:00:27] [72/445] HCKI
[04:00:28] [73/445] SSEF
[04:00:29] [74/445] MCGX
[04:00:30] [75/445] ERRA
[04:00:32] [76/445] SDTW
[04:00:33] [77/445] RMPK
[04:00:33] [78/445] PTHK
[04:00:34] [79/445] PXCS
[04:00:35] [80/445] SVLU
[04:00:36] 🔄 Identity reset
[04:00:36] 🔄 Identity rotated (every 10 requests)
[04:00:36] [81/445] STAH
[04:00:37] [82/445] JRGF
[04:00:38] [83/445] CDOK
[04:00:38] [84/445] CMSG
[04:00:39] [85/445] APTD
[04:00:41] [86/445] KMPG
[04:00:41] [87/445] MUTJ
[04:00:43] [88/445] VCCI
[04:00:44] [89/445] URBE
[04:00:45] [90/445] TCTS
[04:00:45] 🔄 Identity reset
[04:00:45] 🔄 Identity rotated (every 10 requests)
[04:00:46] [91/445] STSN
[04:00:47] [92/445] AKCH
[04:00:48] [93/445] APSC
[04:00:49] [94/445] VLTB
[04:00:50] [95/445] SANU
[04:00:51] [96/445] AXAM
[04:00:52] [97/445] MGMG
[04:00:53] [98/445] HTBY
[04:00:54] [99/445] MMZS
[04:00:55] [100/445] SUDR
[04:00:56] 🔄 Identity reset
[04:00:56] 🔄 Identity rotated (every 10 requests)
[04:00:56] [101/445] CCAD
[04:00:57] [102/445] SKKC
[04:00:58] [103/445] RMCD
[04:00:59] [104/445] SBCQ
[04:00:59] [105/445] DCCT
[04:01:01] [106/445] VTKP
[04:01:02] [107/445] MLAM
[04:01:03] [108/445] SAVT
[04:01:04] [109/445] GEPL
[04:01:05] [110/445] AMCD
[04:01:06] 🔄 Identity reset
[04:01:06] 🔄 Identity rotated (every 10 requests)
[04:01:06] [111/445] CCXR
[04:01:07] [112/445] GRNG
[04:01:08] [113/445] EBCA
[04:01:08] [114/445] CNVG
[04:01:10] [115/445] MWSS
[04:01:11] [116/445] VBOR
[04:01:12] [117/445] NEEB
[04:01:13] [118/445] SUTH
[04:01:14] [119/445] ANDB
[04:01:15] [120/445] MMXS
[04:01:15] 🔄 Identity reset
[04:01:15] 🔄 Identity rotated (every 10 requests)
[04:01:16] [121/445] CNPD
[04:01:17] [122/445] SDCE
[04:01:18] [123/445] DHCB
[04:01:20] [124/445] ODEN
[04:01:21] [125/445] TNTC
[04:01:22] [126/445] VBKM
[04:01:22] [127/445] RZYM
[04:01:23] [128/445] JEMC
[04:01:24] [129/445] CMAU
[04:01:25] [130/445] SIVP
[04:01:26] 🔄 Identity reset
[04:01:26] 🔄 Identity rotated (every 10 requests)
[04:01:27] [131/445] ATAG
[04:01:28] [132/445] CHTM
[04:01:29] [133/445] AAEE
[04:01:30] [134/445] IWPM
[04:01:31] [135/445] KCMW
[04:01:32] [136/445] MCTD
[04:01:33] [137/445] SPWR
[04:01:34] [138/445] SDPO
[04:01:35] [139/445] PCSK
[04:01:36] [140/445] ACHV
[04:01:36] 🔄 Identity reset
[04:01:36] 🔄 Identity rotated (every 10 requests)
[04:01:37] [141/445] SVLA
[04:01:37] [142/445] PICT
[04:01:38] [143/445] BXDR
[04:01:39] [144/445] SPWA
[04:01:40] [145/445] MCKO
[04:01:41] [146/445] RTHK
[04:01:42] [147/445] CCMF
[04:01:43] [148/445] MRGB
[04:01:44] [149/445] CPLC
[04:01:45] [150/445] RACD
[04:01:45] 🔄 Identity reset
[04:01:45] 🔄 Identity rotated (every 10 requests)
[04:01:46] [151/445] ATKT
[04:01:47] [152/445] SARN
[04:01:48] [153/445] KKUI
[04:01:50] [154/445] RGCM
[04:01:51] [155/445] BRVP
[04:01:52] [156/445] HRSR
[04:01:52] [157/445] GKGM
[04:01:53] [158/445] TTCD
[04:01:54] [159/445] PTTI
[04:01:55] [160/445] MPTT
[04:01:56] 🔄 Identity reset
[04:01:56] 🔄 Identity rotated (every 10 requests)
[04:01:56] [161/445] CVTT
[04:01:57] [162/445] PCXD
[04:01:58] [163/445] GCDC
[04:01:59] [164/445] CCCF
[04:01:59] [165/445] MRAD
[04:02:00] [166/445] CPLK
[04:02:01] [167/445] SATB
[04:02:02] [168/445] SNVG
[04:02:03] [169/445] JMBA
[04:02:05] [170/445] TEJA
[04:02:05] 🔄 Identity reset
[04:02:05] 🔄 Identity rotated (every 10 requests)
[04:02:06] [171/445] STYO
[04:02:06] [172/445] JTBP
[04:02:08] [173/445] KRGD
[04:02:08] [174/445] SLJJ
[04:02:09] [175/445] SPTJ
[04:02:10] [176/445] SWJG
[04:02:11] [177/445] LKRT
[04:02:12] [178/445] KCKA
[04:02:12] [179/445] SNCR
[04:02:13] [180/445] SMKL
[04:02:14] 🔄 Identity reset
[04:02:14] 🔄 Identity rotated (every 10 requests)
[04:02:14] [181/445] GCFA
[04:02:15] [182/445] DDCK
[04:02:16] [183/445] NCHJ
[04:02:17] [184/445] RDMA
[04:02:18] [185/445] SVSV
[04:02:19] [186/445] SCJG
[04:02:20] [187/445] VKLP
[04:02:21] [188/445] NWCC
[04:02:22] [189/445] VKNS
[04:02:23] [190/445] SDDP
[04:02:24] 🔄 Identity reset
[04:02:24] 🔄 Identity rotated (every 10 requests)
[04:02:24] [191/445] ACSI
[04:02:25] [192/445] SATG
[04:02:25] [193/445] SCMW
[04:02:26] [194/445] LKTK
[04:02:27] [195/445] VCKV
[04:02:28] [196/445] KKPE
[04:02:29] [197/445] KIGH
[04:02:30] [198/445] SRPM
[04:02:31] [199/445] SCAH
[04:02:32] [200/445] MUTA
[04:02:33] 🔄 Identity reset
[04:02:33] 🔄 Identity rotated (every 10 requests)
[04:02:34] [201/445] SEPU
[04:02:35] [202/445] INOA
[04:02:36] [203/445] BASK
[04:02:37] [204/445] NECB
[04:02:38] [205/445] GTTG
[04:02:39] [206/445] ASSA
[04:02:40] [207/445] ANCL
[04:02:41] [208/445] GCTI
[04:02:42] [209/445] RCTS
[04:02:43] [210/445] ACNL
[04:02:44] 🔄 Identity reset
[04:02:44] 🔄 Identity rotated (every 10 requests)
[04:02:44] [211/445] MYCT
[04:02:45] [212/445] NMHT
[04:02:46] [213/445] MDIT
[04:02:47] [214/445] LATG
[04:02:48] [215/445] SMTY
[04:02:49] [216/445] CVCT
[04:02:50] [217/445] RAMB
[04:02:50] [218/445] TGMS
[04:02:51] [219/445] BHEL
[04:02:52] [220/445] SHCT
[04:02:53] 🔄 Identity reset
[04:02:53] 🔄 Identity rotated (every 10 requests)
[04:02:53] [221/445] SVCT
[04:02:54] [222/445] MRIY
[04:02:56] [223/445] SARO
[04:02:57] [224/445] STCT
[04:02:59] [225/445] JKKC
[04:02:59] [226/445] PLTT
[04:03:00] [227/445] SRNT
[04:03:01] [228/445] YAST
[04:03:01] [229/445] PERL
[04:03:02] [230/445] CICM
[04:03:03] 🔄 Identity reset
[04:03:03] 🔄 Identity rotated (every 10 requests)
[04:03:03] [231/445] MMTR
[04:03:04] [232/445] ABTK
[04:03:04] [233/445] ATYY
[04:03:05] [234/445] ASTK
[04:03:06] [235/445] VVCK
[04:03:06] [236/445] ATKY
[04:03:07] [237/445] GWEK
[04:03:09] [238/445] SVFH
[04:03:10] [239/445] SLTA
[04:03:12] [240/445] AASH
[04:03:12] 🔄 Identity reset
[04:03:12] 🔄 Identity rotated (every 10 requests)
[04:03:13] [241/445] ACXB
[04:03:13] [242/445] SMTX
[04:03:14] [243/445] AZDH
[04:03:16] [244/445] CMMH
[04:03:17] [245/445] SCSZ
[04:03:18] [246/445] SCKP
[04:03:19] [247/445] NXTM
[04:03:19] [248/445] NWCS
[04:03:20] [249/445] CXMH
[04:03:21] [250/445] PCMA
[04:03:22] 🔄 Identity reset
[04:03:22] 🔄 Identity rotated (every 10 requests)
[04:03:22] [251/445] SGCM
[04:03:23] [252/445] SDTU
[04:03:24] [253/445] MMVI
[04:03:24] [254/445] JKCM
[04:03:25] [255/445] VCMM
[04:03:26] [256/445] SYEE
[04:03:27] [257/445] VASD
[04:03:27] [258/445] BDRB
[04:03:28] [259/445] LASM
[04:03:29] [260/445] DCRL
[04:03:29] 🔄 Identity reset
[04:03:29] 🔄 Identity rotated (every 10 requests)
[04:03:29] [261/445] DVPM
[04:03:30] [262/445] SBMJ
[04:03:31] [263/445] CBMU
[04:03:33] [264/445] IUBS
[04:03:33] [265/445] INAP
[04:03:34] [266/445] SRRC
[04:03:35] [267/445] SAGR
[04:03:36] [268/445] CPMJ
[04:03:37] [269/445] ATJL
[04:03:37] [270/445] NNTD
[04:03:38] 🔄 Identity reset
[04:03:38] 🔄 Identity rotated (every 10 requests)
[04:03:38] [271/445] JHCJ
[04:03:39] [272/445] CMMP
[04:03:39] [273/445] RSDR
[04:03:40] [274/445] AMTI
[04:03:41] [275/445] NYSG
[04:03:43] [276/445] AVSG
[04:03:44] [277/445] SYTP
[04:03:44] [278/445] LARC
[04:03:45] [279/445] RJTP
[04:03:46] [280/445] LAKC
[04:03:47] 🔄 Identity reset
[04:03:47] 🔄 Identity rotated (every 10 requests)
[04:03:47] [281/445] MCXE
[04:03:48] [282/445] CCZC
[04:03:49] [283/445] AVCH
[04:03:50] [284/445] CMBE
[04:03:51] [285/445] MRRC
[04:03:51] [286/445] PCPY
[04:03:52] [287/445] SRMH
[04:03:53] [288/445] SVGS
[04:03:54] [289/445] PCSE
[04:03:55] [290/445] SVFT
[04:03:56] 🔄 Identity reset
[04:03:56] 🔄 Identity rotated (every 10 requests)
[04:03:56] [291/445] TNZP
[04:03:57] [292/445] ICTP
[04:03:58] [293/445] ACTZ
[04:03:58] [294/445] GTUR
[04:03:59] [295/445] MAFC
[04:04:01] [296/445] MINL
[04:04:02] [297/445] MRCL
[04:04:03] [298/445] RCRP
[04:04:04] [299/445] RFFG
[04:04:05] [300/445] RMAS
[04:04:06] 🔄 Identity reset
[04:04:06] 🔄 Identity rotated (every 10 requests)
[04:04:06] [301/445] INVR
[04:04:07] [302/445] RMAR
[04:04:08] [303/445] CNIS
[04:04:09] [304/445] RHRJ
[04:04:10] [305/445] INXR
[04:04:11] [306/445] VALT
[04:04:12] [307/445] LCSH
[04:04:13] [308/445] CMVS
[04:04:13] [309/445] CNMS
[04:04:14] [310/445] ROOG
[04:04:15] 🔄 Identity reset
[04:04:15] 🔄 Identity rotated (every 10 requests)
[04:04:15] [311/445] ISRM
[04:04:16] [312/445] RCRM
[04:04:17] [313/445] ACJA
[04:04:18] [314/445] RCVS
[04:04:20] [315/445] CPUS
[04:04:21] [316/445] TGCS
[04:04:23] [317/445] RKCJ
[04:04:24] [318/445] MKSB
[04:04:25] [319/445] TCSJ
[04:04:26] [320/445] RMGP
[04:04:27] 🔄 Identity reset
[04:04:27] 🔄 Identity rotated (every 10 requests)
[04:04:27] [321/445] CLLP
[04:04:28] [322/445] RCMV
[04:04:29] [323/445] CCKS
[04:04:30] [324/445] RSRP
[04:04:31] [325/445] APLP
[04:04:32] [326/445] CNVS
[04:04:32] [327/445] RMVY
[04:04:33] [328/445] PGBD
[04:04:34] [329/445] KLMS
[04:04:35] [330/445] RUST
[04:04:36] 🔄 Identity reset
[04:04:36] 🔄 Identity rotated (every 10 requests)
[04:04:36] [331/445] MASM
[04:04:37] [332/445] BACS
[04:04:38] [333/445] BWST
[04:04:39] [334/445] RRFH
[04:04:40] [335/445] SJTM
[04:04:41] [336/445] BEMR
[04:04:43] [337/445] MCGR
[04:04:44] [338/445] SDSK
[04:04:45] [339/445] VBOL
[04:04:46] [340/445] RMGM
[04:04:46] 🔄 Identity reset
[04:04:46] 🔄 Identity rotated (every 10 requests)
[04:04:47] [341/445] NOPL
[04:04:48] [342/445] MKJK
[04:04:49] [343/445] CVRN
[04:04:49] [344/445] MMEN
[04:04:50] [345/445] AMNG
[04:04:51] [346/445] INTM
[04:04:52] [347/445] SLCZ
[04:04:53] [348/445] AMJN
[04:04:54] [349/445] ACJN
[04:04:55] [350/445] AMKN
[04:04:56] 🔄 Identity reset
[04:04:56] 🔄 Identity rotated (every 10 requests)
[04:04:56] [351/445] BTCN
[04:04:57] [352/445] AMBT
[04:04:58] [353/445] PACN
[04:04:59] [354/445] LCNS
[04:05:00] [355/445] PPKC
[04:05:00] [356/445] JYYN
[04:05:01] [357/445] JTNR
[04:05:02] [358/445] GTEE
[04:05:03] [359/445] SRNM
[04:05:04] [360/445] SDTC
[04:05:05] 🔄 Identity reset
[04:05:05] 🔄 Identity rotated (every 10 requests)
[04:05:05] [361/445] VPCA
[04:05:06] [362/445] VLRA
[04:05:07] [363/445] SHKR
[04:05:08] [364/445] SBKD
[04:05:08] [365/445] SAAD
[04:05:09] [366/445] JTGN
[04:05:10] [367/445] SLAM
[04:05:11] [368/445] VTPM
[04:05:13] [369/445] ANPT
[04:05:14] [370/445] PUNB
[04:05:15] 🔄 Identity reset
[04:05:15] 🔄 Identity rotated (every 10 requests)
[04:05:15] [371/445] CPKT
[04:05:16] [372/445] CNWE
[04:05:17] [373/445] ECPP
[04:05:18] [374/445] CPAR
[04:05:19] [375/445] ESBW
[04:05:20] [376/445] PKPU
[04:05:21] [377/445] CPRP
[04:05:23] [378/445] RAHU
[04:05:24] [379/445] RHMN
[04:05:25] [380/445] FMJP
[04:05:25] 🔄 Identity reset
[04:05:25] 🔄 Identity rotated (every 10 requests)
[04:05:26] [381/445] CTMP
[04:05:27] [382/445] INPN
[04:05:29] [383/445] STTG
[04:05:30] [384/445] CTRD
[04:05:31] [385/445] PUVB
[04:05:32] [386/445] ESVP
[04:05:33] [387/445] CPFT
[04:05:34] [388/445] LCPC
[04:05:35] [389/445] VBCT
[04:05:36] [390/445] FSCW
[04:05:36] 🔄 Identity reset
[04:05:36] 🔄 Identity rotated (every 10 requests)
[04:05:37] [391/445] VCMP
[04:05:37] [392/445] ASHC
[04:05:38] [393/445] VLCX
[04:05:39] [394/445] SHEV
[04:05:40] [395/445] APCO
[04:05:41] [396/445] SILC
[04:05:42] [397/445] SNMR
[04:05:43] [398/445] KYBO
[04:05:44] [399/445] SATK
[04:05:45] [400/445] SSCS
[04:05:46] 🔄 Identity reset
[04:05:46] 🔄 Identity rotated (every 10 requests)
[04:05:46] [401/445] CLSB
[04:05:47] [402/445] KMJR
[04:05:48] [403/445] FSCK
[04:05:50] [404/445] NNKA
[04:05:51] [405/445] CLMK
[04:05:52] [406/445] DMPZ
[04:05:53] [407/445] INQM
[04:05:54] [408/445] CAML
[04:05:55] [409/445] INRK
[04:05:56] [410/445] IMKN
[04:05:56] 🔄 Identity reset
[04:05:56] 🔄 Identity rotated (every 10 requests)
[04:05:57] [411/445] SVNR
[04:05:57] [412/445] INSL
[04:05:58] [413/445] MSMA
[04:05:59] [414/445] MCKK
[04:06:00] [415/445] FCHP
[04:06:01] [416/445] SFCR
[04:06:02] [417/445] NACK
[04:06:03] [418/445] PVAK
[04:06:04] [419/445] INER
[04:06:05] [420/445] RDBK
[04:06:06] 🔄 Identity reset
[04:06:06] 🔄 Identity rotated (every 10 requests)
[04:06:06] [421/445] SVFN
[04:06:07] [422/445] IFRM
[04:06:08] [423/445] ATCK
[04:06:09] [424/445] ASKO
[04:06:10] [425/445] STKT
[04:06:11] [426/445] SVFB
[04:06:12] [427/445] INKS
[04:06:13] [428/445] PCRA
[04:06:14] [429/445] ATJA
[04:06:15] [430/445] IMJN
[04:06:16] 🔄 Identity reset
[04:06:16] 🔄 Identity rotated (every 10 requests)
[04:06:16] [431/445] INHD
[04:06:17] [432/445] BARA
[04:06:18] [433/445] MCSL
[04:06:19] [434/445] RTOY
[04:06:20] [435/445] MENO
[04:06:21] [436/445] PUDM
[04:06:22] [437/445] PRCN
[04:06:22] [438/445] JMJR
[04:06:23] [439/445] SSGK
[04:06:24] [440/445] SSRL
[04:06:25] 🔄 Identity reset
[04:06:25] 🔄 Identity rotated (every 10 requests)
[04:06:25] [441/445] JYKL
[04:06:26] [442/445] ACNB
[04:06:27] [443/445] SONP
[04:06:29] [444/445] EMCI
[04:06:29] [445/445] MRJH
[04:06:31] 🧹 Deduping shows
[04:06:31] ✅ DONE | Shows=40 | Movies=6
