[23:35:27] 🚀 SCRIPT STARTED (enhanced anti‑detection)
[23:35:27] [1/459] NECA
[23:35:28] 🧠 New identity created
[23:35:29] [2/459] BJLC
[23:35:30] [3/459] BASU
[23:35:31] [4/459] RUPI
[23:35:32] [5/459] LCBK
[23:35:33] [6/459] PMAC
[23:35:34] [7/459] AMLC
[23:35:34] [8/459] LICL
[23:35:35] [9/459] UDMM
[23:35:36] [10/459] STBZ
[23:35:37] 🔄 Identity reset
[23:35:37] 🔄 Identity rotated (every 10 requests)
[23:35:38] [11/459] UUBT
[23:35:38] [12/459] SJKC
[23:35:39] [13/459] TUAL
[23:35:40] [14/459] MRSE
[23:35:41] [15/459] RMRK
[23:35:42] [16/459] TTKP
[23:35:44] [17/459] KTKO
[23:35:45] [18/459] SDBK
[23:35:46] [19/459] MCPR
[23:35:47] [20/459] CHTI
[23:35:47] 🔄 Identity reset
[23:35:47] 🔄 Identity rotated (every 10 requests)
[23:35:47] [21/459] GCCP
[23:35:48] [22/459] SRMY
[23:35:49] [23/459] NYST
[23:35:50] [24/459] NYAG
[23:35:51] [25/459] SBMT
[23:35:52] [26/459] INGA
[23:35:53] [27/459] WSIC
[23:35:53] [28/459] SCSS
[23:35:54] [29/459] COPG
[23:35:55] [30/459] RCGR
[23:35:56] 🔄 Identity reset
[23:35:56] 🔄 Identity rotated (every 10 requests)
[23:35:56] [31/459] TCZA
[23:35:57] [32/459] CNLP
[23:35:58] [33/459] CLKN
[23:35:59] [34/459] LHDF
[23:35:59] [35/459] ELKC
[23:36:01] [36/459] VCEM
[23:36:02] [37/459] SSZA
[23:36:02] [38/459] KRMT
[23:36:03] [39/459] LCMV
[23:36:04] [40/459] AYCZ
[23:36:04] 🔄 Identity reset
[23:36:05] 🔄 Identity rotated (every 10 requests)
[23:36:05] [41/459] CUMS
[23:36:06] [42/459] BOCK
[23:36:07] [43/459] PNMR
[23:36:08] [44/459] PJCP
[23:36:09] [45/459] JDDD
[23:36:10] [46/459] STMS
[23:36:11] [47/459] FLMB
[23:36:12] [48/459] PKCM
[23:36:12] [49/459] SPPR
[23:36:13] [50/459] EYLH
[23:36:14] 🔄 Identity reset
[23:36:14] 🔄 Identity rotated (every 10 requests)
[23:36:14] [51/459] RJCC
[23:36:15] [52/459] MMPS
[23:36:16] [53/459] SHMX
[23:36:17] [54/459] CCNL
[23:36:17] [55/459] RCNV
[23:36:18] [56/459] MAAG
[23:36:19] [57/459] LXCM
[23:36:20] [58/459] RCNI
[23:36:21] [59/459] SNNI
[23:36:21] [60/459] LALC
[23:36:22] 🔄 Identity reset
[23:36:22] 🔄 Identity rotated (every 10 requests)
[23:36:23] [61/459] SOCN
[23:36:24] [62/459] JHTP
[23:36:25] [63/459] PITP
[23:36:26] [64/459] CCKW
[23:36:26] [65/459] MCMC
[23:36:27] [66/459] DEES
[23:36:28] [67/459] SABT
[23:36:29] [68/459] VSPP
[23:36:30] [69/459] ABCT
[23:36:30] [70/459] JVTB
[23:36:31] 🔄 Identity reset
[23:36:31] 🔄 Identity rotated (every 10 requests)
[23:36:31] [71/459] VCBD
[23:36:32] [72/459] RMGG
[23:36:33] [73/459] RNMH
[23:36:35] [74/459] SPGL
[23:36:35] [75/459] JTTR
[23:36:36] [76/459] SICS
[23:36:37] [77/459] SRMI
[23:36:38] [78/459] SSIJ
[23:36:39] [79/459] KFMT
[23:36:40] [80/459] VBIT
[23:36:41] 🔄 Identity reset
[23:36:41] 🔄 Identity rotated (every 10 requests)
[23:36:41] [81/459] JKCT
[23:36:42] [82/459] GCGP
[23:36:43] [83/459] GDCS
[23:36:45] [84/459] TRBA
[23:36:45] [85/459] QUST
[23:36:46] [86/459] VSHM
[23:36:47] [87/459] SDCP
[23:36:48] [88/459] SNVS
[23:36:49] [89/459] NYTO
[23:36:51] [90/459] URWC
[23:36:51] 🔄 Identity reset
[23:36:51] 🔄 Identity rotated (every 10 requests)
[23:36:52] [91/459] GTWH
[23:36:53] [92/459] PFCM
[23:36:54] [93/459] KRTA
[23:36:55] [94/459] AXMC
[23:36:56] [95/459] EVMC
[23:36:57] [96/459] HGSM
[23:36:58] [97/459] ACVM
[23:36:59] [98/459] PSKL
[23:37:00] [99/459] RDMP
[23:37:01] [100/459] RHGH
[23:37:02] 🔄 Identity reset
[23:37:02] 🔄 Identity rotated (every 10 requests)
[23:37:02] [101/459] OMCM
[23:37:03] [102/459] DCCP
[23:37:04] [103/459] MCPB
[23:37:04] [104/459] ALCI
[23:37:05] [105/459] BLMX
[23:37:06] [106/459] BTMV
[23:37:07] [107/459] FVPN
[23:37:08] [108/459] CMAR
[23:37:09] [109/459] CEIM
[23:37:10] [110/459] CMVA
[23:37:11] 🔄 Identity reset
[23:37:11] 🔄 Identity rotated (every 10 requests)
[23:37:12] [111/459] CPIV
[23:37:13] [112/459] CNPE
[23:37:13] [113/459] COLV
[23:37:14] [114/459] DNNV
[23:37:16] [115/459] HCAD
[23:37:16] [116/459] TAKA
[23:37:18] [117/459] INVD
[23:37:19] [118/459] IRMM
[23:37:20] [119/459] INSE
[23:37:21] [120/459] MRSW
[23:37:21] 🔄 Identity reset
[23:37:21] 🔄 Identity rotated (every 10 requests)
[23:37:22] [121/459] MCVD
[23:37:22] [122/459] MCSO
[23:37:23] [123/459] PEVM
[23:37:24] [124/459] PVNL
[23:37:25] [125/459] PTCV
[23:37:26] [126/459] PRTC
[23:37:27] [127/459] RCVA
[23:37:28] [128/459] MTBN
[23:37:29] [129/459] LUCP
[23:37:30] [130/459] FMPT
[23:37:31] 🔄 Identity reset
[23:37:31] 🔄 Identity rotated (every 10 requests)
[23:37:31] [131/459] JLSL
[23:37:32] [132/459] SBHA
[23:37:33] [133/459] SHRC
[23:37:34] [134/459] AVPS
[23:37:35] [135/459] STPM
[23:37:36] [136/459] ATRD
[23:37:37] [137/459] VTED
[23:37:38] [138/459] ACAI
[23:37:38] [139/459] SMAE
[23:37:39] [140/459] VMAT
[23:37:40] 🔄 Identity reset
[23:37:40] 🔄 Identity rotated (every 10 requests)
[23:37:40] [141/459] LKCT
[23:37:42] [142/459] JTVK
[23:37:43] [143/459] PRTY
[23:37:44] [144/459] GETT
[23:37:44] [145/459] ESAP
[23:37:45] [146/459] NCPM
[23:37:46] [147/459] PCPA
[23:37:47] [148/459] MMOM
[23:37:48] [149/459] PHUP
[23:37:49] [150/459] CCPI
[23:37:49] 🔄 Identity reset
[23:37:49] 🔄 Identity rotated (every 10 requests)
[23:37:50] [151/459] CNTD
[23:37:51] [152/459] NLJR
[23:37:53] [153/459] SRNG
[23:37:53] [154/459] MHAL
[23:37:55] [155/459] PNSM
[23:37:56] [156/459] DRMY
[23:37:57] [157/459] CCMU
[23:37:57] [158/459] SCMY
[23:37:58] [159/459] PVSY
[23:38:00] [160/459] SDLM
[23:38:00] 🔄 Identity reset
[23:38:00] 🔄 Identity rotated (every 10 requests)
[23:38:00] [161/459] ICCM
[23:38:01] [162/459] PYSU
[23:38:02] [163/459] GATM
[23:38:03] [164/459] WOTM
[23:38:03] [165/459] RKTS
[23:38:04] [166/459] PMTY
[23:38:05] [167/459] LYMS
[23:38:06] [168/459] TGCA
[23:38:07] [169/459] DSTA
[23:38:08] [170/459] CNGE
[23:38:08] 🔄 Identity reset
[23:38:08] 🔄 Identity rotated (every 10 requests)
[23:38:08] [171/459] VSTG
[23:38:09] [172/459] GTCK
[23:38:10] [173/459] TGNT
[23:38:11] [174/459] ASLC
[23:38:12] [175/459] SSST
[23:38:13] [176/459] KBTT
[23:38:14] [177/459] HKCP
[23:38:15] [178/459] SWLC
[23:38:16] [179/459] RTND
[23:38:17] [180/459] PKKT
[23:38:17] 🔄 Identity reset
[23:38:17] 🔄 Identity rotated (every 10 requests)
[23:38:17] [181/459] HSTK
[23:38:18] [182/459] SPTT
[23:38:19] [183/459] IMPM
[23:38:20] [184/459] SCMV
[23:38:21] [185/459] SPCT
[23:38:22] [186/459] JBCA
[23:38:23] [187/459] ATTR
[23:38:23] [188/459] SPMT
[23:38:24] [189/459] LCTM
[23:38:25] [190/459] SCVL
[23:38:26] 🔄 Identity reset
[23:38:26] 🔄 Identity rotated (every 10 requests)
[23:38:26] [191/459] SCVT
[23:38:27] [192/459] KRIC
[23:38:28] [193/459] CTMG
[23:38:29] [194/459] ACNC
[23:38:29] [195/459] DMCK
[23:38:30] [196/459] KMTV
[23:38:32] [197/459] PFCJ
[23:38:33] [198/459] VNMD
[23:38:33] [199/459] VPCZ
[23:38:34] [200/459] SRYR
[23:38:35] 🔄 Identity reset
[23:38:35] 🔄 Identity rotated (every 10 requests)
[23:38:36] [201/459] SYTR
[23:38:37] [202/459] GATR
[23:38:37] [203/459] URTR
[23:38:38] [204/459] MKSM
[23:38:39] [205/459] VSMH
[23:38:40] [206/459] SKRJ
[23:38:41] [207/459] SSJR
[23:38:41] [208/459] SVSM
[23:38:42] [209/459] RUCM
[23:38:43] [210/459] PRKN
[23:38:43] 🔄 Identity reset
[23:38:44] 🔄 Identity rotated (every 10 requests)
[23:38:44] [211/459] RROH
[23:38:45] [212/459] SCTN
[23:38:45] [213/459] RTDM
[23:38:46] [214/459] ASRM
[23:38:47] [215/459] SKMD
[23:38:48] [216/459] SUTD
[23:38:49] [217/459] SADM
[23:38:50] [218/459] WCNR
[23:38:51] [219/459] CNED
[23:38:51] [220/459] MPDB
[23:38:52] 🔄 Identity reset
[23:38:52] 🔄 Identity rotated (every 10 requests)
[23:38:52] [221/459] KTBH
[23:38:53] [222/459] IDRM
[23:38:54] [223/459] PJJT
[23:38:56] [224/459] PFCV
[23:38:57] [225/459] AACT
[23:38:57] [226/459] AAAD
[23:38:58] [227/459] ANES
[23:38:59] [228/459] MNCA
[23:39:01] [229/459] RMGU
[23:39:01] [230/459] DLCN
[23:39:02] 🔄 Identity reset
[23:39:02] 🔄 Identity rotated (every 10 requests)
[23:39:02] [231/459] LJWT
[23:39:03] [232/459] MCBG
[23:39:04] [233/459] MYBG
[23:39:05] [234/459] GCCA
[23:39:06] [235/459] GCGA
[23:39:07] [236/459] ECGN
[23:39:08] [237/459] PRAB
[23:39:08] [238/459] PNMP
[23:39:09] [239/459] GCPT
[23:39:11] [240/459] ROYN
[23:39:11] 🔄 Identity reset
[23:39:11] 🔄 Identity rotated (every 10 requests)
[23:39:12] [241/459] VATM
[23:39:12] [242/459] KSNT
[23:39:13] [243/459] ACTC
[23:39:14] [244/459] PLTD
[23:39:15] [245/459] SKMK
[23:39:16] [246/459] CMTT
[23:39:17] [247/459] SMXP
[23:39:18] [248/459] SCMX
[23:39:18] [249/459] ACXN
[23:39:19] [250/459] ASWT
[23:39:20] 🔄 Identity reset
[23:39:20] 🔄 Identity rotated (every 10 requests)
[23:39:20] [251/459] VVVL
[23:39:21] [252/459] NAGO
[23:39:22] [253/459] SNCN
[23:39:23] [254/459] MCKP
[23:39:24] [255/459] SAMO
[23:39:25] [256/459] JBTV
[23:39:26] [257/459] DCVV
[23:39:27] [258/459] KMSV
[23:39:27] [259/459] KDCN
[23:39:28] [260/459] CNCP
[23:39:29] 🔄 Identity reset
[23:39:29] 🔄 Identity rotated (every 10 requests)
[23:39:29] [261/459] HAMC
[23:39:30] [262/459] CCVZ
[23:39:31] [263/459] NCCK
[23:39:32] [264/459] MCHR
[23:39:33] [265/459] SCHT
[23:39:34] [266/459] ESSH
[23:39:35] [267/459] CUJC
[23:39:35] [268/459] PECP
[23:39:36] [269/459] PMMI
[23:39:37] [270/459] PCCH
[23:39:38] 🔄 Identity reset
[23:39:38] 🔄 Identity rotated (every 10 requests)
[23:39:38] [271/459] PRPM
[23:39:39] [272/459] PVKL
[23:39:40] [273/459] CBSM
[23:39:41] [274/459] PVCZ
[23:39:42] [275/459] PCVV
[23:39:43] [276/459] CTMJ
[23:39:43] [277/459] RCPS
[23:39:44] [278/459] PCIT
[23:39:45] [279/459] FNCH
[23:39:46] [280/459] INZD
[23:39:47] 🔄 Identity reset
[23:39:47] 🔄 Identity rotated (every 10 requests)
[23:39:47] [281/459] INPC
[23:39:48] [282/459] LCZP
[23:39:49] [283/459] SMCB
[23:39:50] [284/459] PTSB
[23:39:51] [285/459] TPSI
[23:39:52] [286/459] KHMJ
[23:39:53] [287/459] RCCJ
[23:39:54] [288/459] NCJA
[23:39:55] [289/459] NCJN
[23:39:56] [290/459] BTDP
[23:39:57] 🔄 Identity reset
[23:39:57] 🔄 Identity rotated (every 10 requests)
[23:39:57] [291/459] PADY
[23:39:58] [292/459] NYBH
[23:39:59] [293/459] MTBR
[23:40:00] [294/459] KRBC
[23:40:00] [295/459] DKTI
[23:40:01] [296/459] ANAN
[23:40:02] [297/459] INBP
[23:40:03] [298/459] PATB
[23:40:03] [299/459] RGNT
[23:40:04] [300/459] CGPM
[23:40:05] 🔄 Identity reset
[23:40:05] 🔄 Identity rotated (every 10 requests)
[23:40:05] [301/459] INTN
[23:40:06] [302/459] MCMP
[23:40:07] [303/459] ASRG
[23:40:08] [304/459] CXJD
[23:40:09] [305/459] SPCP
[23:40:10] [306/459] CSTP
[23:40:11] [307/459] PKVC
[23:40:12] [308/459] ESCP
[23:40:12] [309/459] CAEP
[23:40:13] [310/459] CCSP
[23:40:14] 🔄 Identity reset
[23:40:14] 🔄 Identity rotated (every 10 requests)
[23:40:14] [311/459] KTPC
[23:40:15] [312/459] DACA
[23:40:16] [313/459] NVKY
[23:40:17] [314/459] PTIN
[23:40:19] [315/459] SCIN
[23:40:20] [316/459] MCTY
[23:40:21] [317/459] PCMX
[23:40:21] [318/459] INIC
[23:40:22] [319/459] MMZM
[23:40:23] [320/459] SSLP
[23:40:24] 🔄 Identity reset
[23:40:24] 🔄 Identity rotated (every 10 requests)
[23:40:25] [321/459] DTDT
[23:40:26] [322/459] FFCX
[23:40:27] [323/459] RCMM
[23:40:27] [324/459] KYID
[23:40:28] [325/459] CSCI
[23:40:29] [326/459] FCMC
[23:40:30] [327/459] MMXI
[23:40:31] [328/459] ASTC
[23:40:32] [329/459] CMRA
[23:40:33] [330/459] DICI
[23:40:33] 🔄 Identity reset
[23:40:33] 🔄 Identity rotated (every 10 requests)
[23:40:33] [331/459] KDIN
[23:40:35] [332/459] PRFI
[23:40:36] [333/459] SVFC
[23:40:36] [334/459] UCPL
[23:40:37] [335/459] COOC
[23:40:38] [336/459] SCAL
[23:40:40] [337/459] SVFF
[23:40:40] [338/459] VCMG
[23:40:41] [339/459] UUCT
[23:40:42] [340/459] GCSE
[23:40:43] 🔄 Identity reset
[23:40:43] 🔄 Identity rotated (every 10 requests)
[23:40:43] [341/459] SUSC
[23:40:44] [342/459] MISC
[23:40:45] [343/459] RMBL
[23:40:46] [344/459] CMXN
[23:40:46] [345/459] PVBK
[23:40:47] [346/459] HHCG
[23:40:48] [347/459] SCAG
[23:40:49] [348/459] CNPR
[23:40:50] [349/459] CSER
[23:40:52] [350/459] HLWD
[23:40:52] 🔄 Identity reset
[23:40:52] 🔄 Identity rotated (every 10 requests)
[23:40:53] [351/459] BOLY
[23:40:54] [352/459] SSPG
[23:40:55] [353/459] MUPX
[23:40:57] [354/459] HAMR
[23:40:57] [355/459] SDNC
[23:40:59] [356/459] RTEN
[23:41:00] [357/459] SDTD
[23:41:01] [358/459] KAWS
[23:41:02] [359/459] CMZX
[23:41:03] [360/459] DCDD
[23:41:03] 🔄 Identity reset
[23:41:03] 🔄 Identity rotated (every 10 requests)
[23:41:03] [361/459] ALSN
[23:41:04] [362/459] IMXS
[23:41:05] [363/459] PVFF
[23:41:06] [364/459] PVOO
[23:41:07] [365/459] CFBS
[23:41:08] [366/459] PVER
[23:41:09] [367/459] PPNX
[23:41:10] [368/459] CNRM
[23:41:11] [369/459] PVWW
[23:41:12] [370/459] INMB
[23:41:12] 🔄 Identity reset
[23:41:12] 🔄 Identity rotated (every 10 requests)
[23:41:13] [371/459] CPJR
[23:41:13] [372/459] INRZ
[23:41:14] [373/459] PMSR
[23:41:16] [374/459] GPGM
[23:41:17] [375/459] PGWB
[23:41:18] [376/459] PMBR
[23:41:18] [377/459] GPAM
[23:41:19] [378/459] INBC
[23:41:20] [379/459] PZVK
[23:41:21] [380/459] CPEB
[23:41:22] 🔄 Identity reset
[23:41:22] 🔄 Identity rotated (every 10 requests)
[23:41:23] [381/459] FMLB
[23:41:24] [382/459] INBG
[23:41:24] [383/459] GPBR
[23:41:26] [384/459] PAAS
[23:41:27] [385/459] VTBR
[23:41:28] [386/459] GPMY
[23:41:30] [387/459] GYBU
[23:41:31] [388/459] INBJ
[23:41:31] [389/459] LKTH
[23:41:32] [390/459] NSBR
[23:41:33] 🔄 Identity reset
[23:41:33] 🔄 Identity rotated (every 10 requests)
[23:41:33] [391/459] PDRD
[23:41:35] [392/459] VRBL
[23:41:36] [393/459] VTGB
[23:41:36] [394/459] VTSK
[23:41:37] [395/459] BKDV
[23:41:38] [396/459] SVTB
[23:41:39] [397/459] MLDT
[23:41:40] [398/459] NRBL
[23:41:41] [399/459] SLTR
[23:41:42] [400/459] VNKA
[23:41:43] 🔄 Identity reset
[23:41:43] 🔄 Identity rotated (every 10 requests)
[23:41:43] [401/459] TDCA
[23:41:45] [402/459] INBM
[23:41:46] [403/459] SSNR
[23:41:46] [404/459] BHAC
[23:41:47] [405/459] SDSD
[23:41:48] [406/459] SAMP
[23:41:49] [407/459] RATK
[23:41:50] [408/459] KCBI
[23:41:51] [409/459] URBL
[23:41:52] [410/459] MKBG
[23:41:53] 🔄 Identity reset
[23:41:53] 🔄 Identity rotated (every 10 requests)
[23:41:53] [411/459] ASTB
[23:41:54] [412/459] VBWT
[23:41:55] [413/459] GPSM
[23:41:55] [414/459] ROON
[23:41:56] [415/459] CHTH
[23:41:57] [416/459] SSPA
[23:41:58] [417/459] ANBL
[23:41:59] [418/459] VTBE
[23:41:59] [419/459] SVKT
[23:42:00] [420/459] SVYK
[23:42:01] 🔄 Identity reset
[23:42:01] 🔄 Identity rotated (every 10 requests)
[23:42:01] [421/459] PTBK
[23:42:02] [422/459] RKTB
[23:42:03] [423/459] BALT
[23:42:03] [424/459] STSV
[23:42:04] [425/459] VCCB
[23:42:05] [426/459] SLTB
[23:42:07] [427/459] SBCR
[23:42:07] [428/459] VDCS
[23:42:08] [429/459] MDKI
[23:42:09] [430/459] SMRN
[23:42:09] 🔄 Identity reset
[23:42:09] 🔄 Identity rotated (every 10 requests)
[23:42:10] [431/459] PTBC
[23:42:11] [432/459] RADI
[23:42:11] [433/459] ADCR
[23:42:12] [434/459] SDCS
[23:42:13] [435/459] SRPJ
[23:42:14] [436/459] ARTS
[23:42:15] [437/459] SRHK
[23:42:16] [438/459] SPAY
[23:42:17] [439/459] GPTB
[23:42:18] [440/459] SNNN
[23:42:18] 🔄 Identity reset
[23:42:18] 🔄 Identity rotated (every 10 requests)
[23:42:19] [441/459] BALJ
[23:42:20] [442/459] TRIG
[23:42:21] [443/459] GTYT
[23:42:22] [444/459] ATGN
[23:42:23] [445/459] ANTE
[23:42:25] [446/459] BDCG
[23:42:26] [447/459] VECI
[23:42:26] [448/459] SCPR
[23:42:27] [449/459] RTEA
[23:42:28] [450/459] JSAI
[23:42:29] 🔄 Identity reset
[23:42:29] 🔄 Identity rotated (every 10 requests)
[23:42:29] [451/459] VJTP
[23:42:30] [452/459] GNDS
[23:42:31] [453/459] PAXA
[23:42:32] [454/459] CGGM
[23:42:34] [455/459] ACKZ
[23:42:35] [456/459] EMCC
[23:42:36] [457/459] KLSK
[23:42:37] [458/459] AVCK
[23:42:38] [459/459] JTCK
[23:42:39] 🧹 Deduping shows
[23:42:39] ✅ DONE | Shows=13 | Movies=2
