[23:39:07] 🚀 DISTRICT → BMS9 CONVERTER STARTED
[23:39:07] 📅 DATE_CODE: 20261009
[23:39:07] 📅 Date: 2026-10-09
[23:39:07] 🚫 Worker logic: DISABLED
[23:39:07] 🔑 Venue matching: ID ONLY
[23:39:07] 🚫 alldistrictvenues.json: NOT USED
[23:39:07] 🚫 Venue-name matching: NOT USED
[23:39:07] 📍 Selected venue records: 756
[23:39:07] 🎯 Selected venue IDs: 756
[23:39:07] 📡 Fetching Detailed JSON:
[23:39:07]    https://districtdata2026.pages.dev/advance/2026-10-09_Detailed.json
[23:39:07] ✅ Source loaded
[23:39:07]    Source date: 2026-10-09
[23:39:07]    Last updated: 11:36 PM, 04 October 2026
[23:39:07]    Movie keys: 6
[23:39:07] 🎬 Source movie keys: 6
[23:39:07] 🎟️ Selected-venue show rows: 35
[23:39:07] 🚫 Non-selected show rows ignored: 56
[23:39:07] ℹ️ Non-selected venue IDs encountered: 11
[23:39:07]    ⏭️ Source venue ID not selected: 59132
[23:39:07]    ⏭️ Source venue ID not selected: 1001169
[23:39:07]    ⏭️ Source venue ID not selected: 59129
[23:39:07]    ⏭️ Source venue ID not selected: 59128
[23:39:07]    ⏭️ Source venue ID not selected: 14388
[23:39:07]    ⏭️ Source venue ID not selected: 27027
[23:39:07]    ⏭️ Source venue ID not selected: 45099
[23:39:07]    ⏭️ Source venue ID not selected: 1025280
[23:39:07]    ⏭️ Source venue ID not selected: 27023
[23:39:07]    ⏭️ Source venue ID not selected: 27028
[23:39:07]    ⏭️ Source venue ID not selected: 1039974
[23:39:07] 📦 Previous shows: 0
[23:39:07] 🆕 Fresh shows: 35
[23:39:07] 📦 Final shows: 35
[23:39:07] ✅ DONE | Shows=35 | Movies=4
[23:39:07] 📄 Detailed: advance/data/20261009/detailed9.json
[23:39:07] 📄 Summary: advance/data/20261009/movie_summary9.json
