[00:16:42] 🚀 BMS DAILY TRACKER STARTED (enhanced anti‑detection)
[00:16:42] [1/445] TGMR
[00:16:43] 🧠 New identity created
[00:16:43] [2/445] CXKR
[00:16:45] [3/445] SROP
[00:16:47] [4/445] GTSV
[00:16:48] [5/445] SNTY
[00:16:50] [6/445] SMYY
[00:16:51] [7/445] CNCS
[00:16:52] [8/445] CSTM
[00:16:54] [9/445] NUCD
[00:16:55] [10/445] SHCZ
[00:16:56] 🔄 Identity reset
[00:16:56] 🔄 Identity rotated (every 10 requests)
[00:16:56] [11/445] NJCT
[00:16:57] [12/445] COPC
[00:16:59] [13/445] STVV
[00:17:00] [14/445] SKRN
[00:17:01] [15/445] APPZ
[00:17:02] [16/445] YMGN
[00:17:03] [17/445] SVTU
[00:17:05] [18/445] GTAD
[00:17:06] [19/445] PSUS
[00:17:07] [20/445] SMCD
[00:17:07] 🔄 Identity reset
[00:17:07] 🔄 Identity rotated (every 10 requests)
[00:17:08] [21/445] CMCM
[00:17:09] [22/445] SYCT
[00:17:11] [23/445] STLY
[00:17:13] [24/445] CMHU
[00:17:15] [25/445] CMSA
[00:17:16] [26/445] CLCU
[00:17:18] [27/445] PPNT
[00:17:20] [28/445] JTAB
[00:17:21] [29/445] BUUC
[00:17:23] [30/445] BSVK
[00:17:23] 🔄 Identity reset
[00:17:23] 🔄 Identity rotated (every 10 requests)
[00:17:23] [31/445] VVVQ
[00:17:25] [32/445] TKMU
[00:17:26] [33/445] ESYL
[00:17:28] [34/445] ACHP
[00:17:29] [35/445] BTKD
[00:17:31] [36/445] DESA
[00:17:32] [37/445] GBCT
[00:17:34] [38/445] BLLD
[00:17:36] [39/445] SKNT
[00:17:37] [40/445] SSTE
[00:17:38] 🔄 Identity reset
[00:17:38] 🔄 Identity rotated (every 10 requests)
[00:17:39] [41/445] VJMR
[00:17:40] [42/445] NTPU
[00:17:42] [43/445] RDKN
[00:17:42] [44/445] ADGC
[00:17:44] [45/445] VRBP
[00:17:45] [46/445] NMNA
[00:17:47] [47/445] CMMX
[00:17:49] [48/445] PTKO
[00:17:51] [49/445] RBML
[00:17:53] [50/445] SAIC
[00:17:53] 🔄 Identity reset
[00:17:53] 🔄 Identity rotated (every 10 requests)
[00:17:53] 🔄 Retry 1/5 for SAIC in 2.8s
[00:17:53] 🔄 Identity reset
[00:17:56] 🧠 New identity created
[00:17:57] [51/445] SVTJ
[00:17:58] [52/445] MRTE
[00:18:00] [53/445] RBTP
[00:18:01] [54/445] NLPS
[00:18:03] [55/445] GTNA
[00:18:04] [56/445] DGGC
[00:18:05] [57/445] SMCR
[00:18:07] [58/445] SCGD
[00:18:08] [59/445] SRRJ
[00:18:08] 🔄 Identity reset
[00:18:08] 🔄 Identity rotated (every 10 requests)
[00:18:10] [60/445] CNRY
[00:18:11] [61/445] KTDI
[00:18:11] [62/445] SNJL
[00:18:13] [63/445] RKMD
[00:18:14] [64/445] SMDC
[00:18:15] [65/445] TADG
[00:18:16] [66/445] MCGS
[00:18:17] [67/445] PETK
[00:18:18] [68/445] CHAG
[00:18:20] [69/445] KSTL
[00:18:21] 🔄 Identity reset
[00:18:21] 🔄 Identity rotated (every 10 requests)
[00:18:21] 🔄 Retry 1/5 for KSTL in 2.8s
[00:18:21] 🔄 Identity reset
[00:18:24] 🧠 New identity created
[00:18:24] [70/445] AADS
[00:18:25] [71/445] NTHZ
[00:18:26] [72/445] HCKI
[00:18:27] [73/445] SSEF
[00:18:28] [74/445] MCGX
[00:18:30] [75/445] ERRA
[00:18:32] [76/445] SDTW
[00:18:33] [77/445] RMPK
[00:18:35] [78/445] PTHK
[00:18:36] 🔄 Identity reset
[00:18:36] 🔄 Identity rotated (every 10 requests)
[00:18:36] 🔄 Retry 1/5 for PTHK in 2.0s
[00:18:36] 🔄 Identity reset
[00:18:38] 🧠 New identity created
[00:18:39] [79/445] PXCS
[00:18:41] [80/445] SVLU
[00:18:42] [81/445] STAH
[00:18:43] [82/445] JRGF
[00:18:44] [83/445] CDOK
[00:18:46] [84/445] CMSG
[00:18:48] [85/445] APTD
[00:18:49] [86/445] KMPG
[00:18:50] [87/445] MUTJ
[00:18:51] 🔄 Identity reset
[00:18:51] 🔄 Identity rotated (every 10 requests)
[00:18:51] [88/445] VCCI
[00:18:52] [89/445] URBE
[00:18:53] [90/445] TCTS
[00:18:55] [91/445] STSN
[00:18:57] [92/445] AKCH
[00:18:58] [93/445] APSC
[00:19:00] [94/445] VLTB
[00:19:01] [95/445] SANU
[00:19:03] [96/445] AXAM
[00:19:05] [97/445] MGMG
[00:19:05] 🔄 Identity reset
[00:19:05] 🔄 Identity rotated (every 10 requests)
[00:19:06] [98/445] HTBY
[00:19:07] [99/445] MMZS
[00:19:08] [100/445] SUDR
[00:19:10] [101/445] CCAD
[00:19:11] [102/445] SKKC
[00:19:13] [103/445] RMCD
[00:19:14] [104/445] SBCQ
[00:19:15] [105/445] DCCT
[00:19:17] [106/445] VTKP
[00:19:18] [107/445] MLAM
[00:19:19] 🔄 Identity reset
[00:19:19] 🔄 Identity rotated (every 10 requests)
[00:19:20] [108/445] SAVT
[00:19:21] [109/445] GEPL
[00:19:22] [110/445] AMCD
[00:19:23] [111/445] CCXR
[00:19:24] [112/445] GRNG
[00:19:25] [113/445] EBCA
[00:19:26] [114/445] CNVG
[00:19:27] [115/445] MWSS
[00:19:29] [116/445] VBOR
[00:19:31] [117/445] NEEB
[00:19:31] 🔄 Identity reset
[00:19:31] 🔄 Identity rotated (every 10 requests)
[00:19:32] [118/445] SUTH
[00:19:33] [119/445] ANDB
[00:19:34] [120/445] MMXS
[00:19:35] [121/445] CNPD
[00:19:36] [122/445] SDCE
[00:19:38] [123/445] DHCB
[00:19:39] [124/445] ODEN
[00:19:40] [125/445] TNTC
[00:19:41] [126/445] VBKM
[00:19:43] [127/445] RZYM
[00:19:44] 🔄 Identity reset
[00:19:44] 🔄 Identity rotated (every 10 requests)
[00:19:45] [128/445] JEMC
[00:19:46] [129/445] CMAU
[00:19:48] [130/445] SIVP
[00:19:49] [131/445] ATAG
[00:19:50] [132/445] CHTM
[00:19:51] [133/445] AAEE
[00:19:54] [134/445] IWPM
[00:19:55] [135/445] KCMW
[00:19:56] [136/445] MCTD
[00:19:57] [137/445] SPWR
[00:19:57] 🔄 Identity reset
[00:19:57] 🔄 Identity rotated (every 10 requests)
[00:19:58] [138/445] SDPO
[00:20:00] [139/445] PCSK
[00:20:01] [140/445] ACHV
[00:20:02] [141/445] SVLA
[00:20:04] [142/445] PICT
[00:20:05] [143/445] BXDR
[00:20:06] [144/445] SPWA
[00:20:07] [145/445] MCKO
[00:20:08] [146/445] RTHK
[00:20:10] [147/445] CCMF
[00:20:10] 🔄 Identity reset
[00:20:10] 🔄 Identity rotated (every 10 requests)
[00:20:11] [148/445] MRGB
[00:20:12] [149/445] CPLC
[00:20:14] [150/445] RACD
[00:20:16] [151/445] ATKT
[00:20:17] [152/445] SARN
[00:20:19] [153/445] KKUI
[00:20:20] [154/445] RGCM
[00:20:21] [155/445] BRVP
[00:20:21] [156/445] HRSR
[00:20:23] [157/445] GKGM
[00:20:24] 🔄 Identity reset
[00:20:24] 🔄 Identity rotated (every 10 requests)
[00:20:24] [158/445] TTCD
[00:20:26] [159/445] PTTI
[00:20:28] [160/445] MPTT
[00:20:29] [161/445] CVTT
[00:20:30] [162/445] PCXD
[00:20:32] [163/445] GCDC
[00:20:33] [164/445] CCCF
[00:20:34] [165/445] MRAD
[00:20:35] [166/445] CPLK
[00:20:36] [167/445] SATB
[00:20:37] 🔄 Identity reset
[00:20:37] 🔄 Identity rotated (every 10 requests)
[00:20:38] [168/445] SNVG
[00:20:39] [169/445] JMBA
[00:20:41] [170/445] TEJA
[00:20:42] [171/445] STYO
[00:20:44] [172/445] JTBP
[00:20:46] [173/445] KRGD
[00:20:47] [174/445] SLJJ
[00:20:48] [175/445] SPTJ
[00:20:50] [176/445] SWJG
[00:20:51] [177/445] LKRT
[00:20:51] 🔄 Identity reset
[00:20:51] 🔄 Identity rotated (every 10 requests)
[00:20:52] [178/445] KCKA
[00:20:53] [179/445] SNCR
[00:20:55] [180/445] SMKL
[00:20:56] [181/445] GCFA
[00:20:57] [182/445] DDCK
[00:20:59] [183/445] NCHJ
[00:21:01] [184/445] RDMA
[00:21:02] [185/445] SVSV
[00:21:03] [186/445] SCJG
[00:21:04] [187/445] VKLP
[00:21:05] 🔄 Identity reset
[00:21:05] 🔄 Identity rotated (every 10 requests)
[00:21:06] [188/445] NWCC
[00:21:07] [189/445] VKNS
[00:21:08] [190/445] SDDP
[00:21:09] [191/445] ACSI
[00:21:10] [192/445] SATG
[00:21:11] [193/445] SCMW
[00:21:13] [194/445] LKTK
[00:21:15] [195/445] VCKV
[00:21:15] [196/445] KKPE
[00:21:17] [197/445] KIGH
[00:21:18] 🔄 Identity reset
[00:21:18] 🔄 Identity rotated (every 10 requests)
[00:21:18] [198/445] SRPM
[00:21:19] [199/445] SCAH
[00:21:20] [200/445] MUTA
[00:21:21] [201/445] SEPU
[00:21:23] [202/445] INOA
[00:21:24] [203/445] BASK
[00:21:24] [204/445] NECB
[00:21:26] [205/445] GTTG
[00:21:27] [206/445] ASSA
[00:21:29] [207/445] ANCL
[00:21:29] 🔄 Identity reset
[00:21:29] 🔄 Identity rotated (every 10 requests)
[00:21:30] [208/445] GCTI
[00:21:31] [209/445] RCTS
[00:21:32] [210/445] ACNL
[00:21:34] [211/445] MYCT
[00:21:36] [212/445] NMHT
[00:21:37] [213/445] MDIT
[00:21:38] [214/445] LATG
[00:21:39] [215/445] SMTY
[00:21:40] [216/445] CVCT
[00:21:41] [217/445] RAMB
[00:21:41] 🔄 Identity reset
[00:21:41] 🔄 Identity rotated (every 10 requests)
[00:21:41] 🔄 Retry 1/5 for RAMB in 2.9s
[00:21:41] 🔄 Identity reset
[00:21:44] 🧠 New identity created
[00:21:45] [218/445] TGMS
[00:21:46] [219/445] BHEL
[00:21:47] [220/445] SHCT
[00:21:48] [221/445] SVCT
[00:21:49] [222/445] MRIY
[00:21:50] [223/445] SARO
[00:21:51] [224/445] STCT
[00:21:52] [225/445] JKKC
[00:21:53] [226/445] PLTT
[00:21:53] 🔄 Identity reset
[00:21:53] 🔄 Identity rotated (every 10 requests)
[00:21:53] 🔄 Retry 1/5 for PLTT in 2.9s
[00:21:53] 🔄 Identity reset
[00:21:56] 🧠 New identity created
[00:21:56] [227/445] SRNT
[00:21:58] [228/445] YAST
[00:22:00] [229/445] PERL
[00:22:01] [230/445] CICM
[00:22:02] [231/445] MMTR
[00:22:03] [232/445] ABTK
[00:22:04] [233/445] ATYY
[00:22:06] [234/445] ASTK
[00:22:06] [235/445] VVCK
[00:22:07] 🔄 Identity reset
[00:22:07] 🔄 Identity rotated (every 10 requests)
[00:22:07] 🔄 Retry 1/5 for VVCK in 2.6s
[00:22:07] 🔄 Identity reset
[00:22:10] 🧠 New identity created
[00:22:10] [236/445] ATKY
[00:22:12] [237/445] GWEK
[00:22:13] [238/445] SVFH
[00:22:14] [239/445] SLTA
[00:22:15] [240/445] AASH
[00:22:17] [241/445] ACXB
[00:22:18] [242/445] SMTX
[00:22:20] [243/445] AZDH
[00:22:21] [244/445] CMMH
[00:22:21] 🔄 Identity reset
[00:22:21] 🔄 Identity rotated (every 10 requests)
[00:22:23] [245/445] SCSZ
[00:22:24] [246/445] SCKP
[00:22:25] [247/445] NXTM
[00:22:26] [248/445] NWCS
[00:22:27] [249/445] CXMH
[00:22:28] [250/445] PCMA
[00:22:30] [251/445] SGCM
[00:22:31] [252/445] SDTU
[00:22:33] [253/445] MMVI
[00:22:34] [254/445] JKCM
[00:22:35] 🔄 Identity reset
[00:22:35] 🔄 Identity rotated (every 10 requests)
[00:22:36] [255/445] VCMM
[00:22:37] [256/445] SYEE
[00:22:38] [257/445] VASD
[00:22:40] [258/445] BDRB
[00:22:41] [259/445] LASM
[00:22:42] [260/445] DCRL
[00:22:44] [261/445] DVPM
[00:22:45] [262/445] SBMJ
[00:22:46] [263/445] CBMU
[00:22:47] [264/445] IUBS
[00:22:48] 🔄 Identity reset
[00:22:48] 🔄 Identity rotated (every 10 requests)
[00:22:48] [265/445] INAP
[00:22:50] [266/445] SRRC
[00:22:51] [267/445] SAGR
[00:22:53] [268/445] CPMJ
[00:22:55] [269/445] ATJL
[00:22:56] [270/445] NNTD
[00:22:56] [271/445] JHCJ
[00:22:57] [272/445] CMMP
[00:22:58] [273/445] RSDR
[00:22:59] [274/445] AMTI
[00:23:00] 🔄 Identity reset
[00:23:00] 🔄 Identity rotated (every 10 requests)
[00:23:01] [275/445] NYSG
[00:23:02] [276/445] AVSG
[00:23:04] [277/445] SYTP
[00:23:05] [278/445] LARC
[00:23:06] [279/445] RJTP
[00:23:07] [280/445] LAKC
[00:23:08] [281/445] MCXE
[00:23:09] [282/445] CCZC
[00:23:11] [283/445] AVCH
[00:23:12] [284/445] CMBE
[00:23:13] 🔄 Identity reset
[00:23:13] 🔄 Identity rotated (every 10 requests)
[00:23:14] [285/445] MRRC
[00:23:15] [286/445] PCPY
[00:23:16] [287/445] SRMH
[00:23:18] [288/445] SVGS
[00:23:19] [289/445] PCSE
[00:23:21] [290/445] SVFT
[00:23:22] [291/445] TNZP
[00:23:23] [292/445] ICTP
[00:23:24] [293/445] ACTZ
[00:23:26] [294/445] GTUR
[00:23:27] 🔄 Identity reset
[00:23:27] 🔄 Identity rotated (every 10 requests)
[00:23:28] [295/445] MAFC
[00:23:29] [296/445] MINL
[00:23:30] [297/445] MRCL
[00:23:32] [298/445] RCRP
[00:23:33] [299/445] RFFG
[00:23:35] [300/445] RMAS
[00:23:36] [301/445] INVR
[00:23:38] [302/445] RMAR
[00:23:40] [303/445] CNIS
[00:23:41] [304/445] RHRJ
[00:23:42] 🔄 Identity reset
[00:23:42] 🔄 Identity rotated (every 10 requests)
[00:23:43] [305/445] INXR
[00:23:44] [306/445] VALT
[00:23:45] [307/445] LCSH
[00:23:46] [308/445] CMVS
[00:23:47] [309/445] CNMS
[00:23:48] [310/445] ROOG
[00:23:50] [311/445] ISRM
[00:23:52] [312/445] RCRM
[00:23:53] [313/445] ACJA
[00:23:55] [314/445] RCVS
[00:23:55] 🔄 Identity reset
[00:23:55] 🔄 Identity rotated (every 10 requests)
[00:23:56] [315/445] CPUS
[00:23:57] [316/445] TGCS
[00:23:58] [317/445] RKCJ
[00:23:59] [318/445] MKSB
[00:24:00] [319/445] TCSJ
[00:24:02] [320/445] RMGP
[00:24:03] [321/445] CLLP
[00:24:05] [322/445] RCMV
[00:24:06] [323/445] CCKS
[00:24:07] [324/445] RSRP
[00:24:08] 🔄 Identity reset
[00:24:08] 🔄 Identity rotated (every 10 requests)
[00:24:09] [325/445] APLP
[00:24:10] [326/445] CNVS
[00:24:12] [327/445] RMVY
[00:24:13] [328/445] PGBD
[00:24:15] [329/445] KLMS
[00:24:17] [330/445] RUST
[00:24:18] [331/445] MASM
[00:24:19] [332/445] BACS
[00:24:20] [333/445] BWST
[00:24:21] [334/445] RRFH
[00:24:21] 🔄 Identity reset
[00:24:21] 🔄 Identity rotated (every 10 requests)
[00:24:22] [335/445] SJTM
[00:24:24] [336/445] BEMR
[00:24:26] [337/445] MCGR
[00:24:27] [338/445] SDSK
[00:24:29] [339/445] VBOL
[00:24:30] [340/445] RMGM
[00:24:32] [341/445] NOPL
[00:24:34] [342/445] MKJK
[00:24:35] [343/445] CVRN
[00:24:36] [344/445] MMEN
[00:24:37] 🔄 Identity reset
[00:24:37] 🔄 Identity rotated (every 10 requests)
[00:24:38] [345/445] AMNG
[00:24:39] [346/445] INTM
[00:24:40] [347/445] SLCZ
[00:24:41] [348/445] AMJN
[00:24:43] [349/445] ACJN
[00:24:44] [350/445] AMKN
[00:24:45] [351/445] BTCN
[00:24:47] [352/445] AMBT
[00:24:48] [353/445] PACN
[00:24:48] [354/445] LCNS
[00:24:49] 🔄 Identity reset
[00:24:49] 🔄 Identity rotated (every 10 requests)
[00:24:50] [355/445] PPKC
[00:24:52] [356/445] JYYN
[00:24:53] [357/445] JTNR
[00:24:55] [358/445] GTEE
[00:24:57] [359/445] SRNM
[00:24:58] [360/445] SDTC
[00:24:59] [361/445] VPCA
[00:25:00] [362/445] VLRA
[00:25:01] [363/445] SHKR
[00:25:02] [364/445] SBKD
[00:25:03] 🔄 Identity reset
[00:25:03] 🔄 Identity rotated (every 10 requests)
[00:25:04] [365/445] SAAD
[00:25:05] [366/445] JTGN
[00:25:06] [367/445] SLAM
[00:25:08] [368/445] VTPM
[00:25:10] [369/445] ANPT
[00:25:11] [370/445] PUNB
[00:25:11] [371/445] CPKT
[00:25:12] [372/445] CNWE
[00:25:13] [373/445] ECPP
[00:25:14] [374/445] CPAR
[00:25:15] 🔄 Identity reset
[00:25:15] 🔄 Identity rotated (every 10 requests)
[00:25:17] [375/445] ESBW
[00:25:18] [376/445] PKPU
[00:25:20] [377/445] CPRP
[00:25:21] [378/445] RAHU
[00:25:23] [379/445] RHMN
[00:25:24] [380/445] FMJP
[00:25:25] [381/445] CTMP
[00:25:26] [382/445] INPN
[00:25:27] [383/445] STTG
[00:25:29] [384/445] CTRD
[00:25:29] 🔄 Identity reset
[00:25:29] 🔄 Identity rotated (every 10 requests)
[00:25:32] [385/445] PUVB
[00:25:33] [386/445] ESVP
[00:25:34] [387/445] CPFT
[00:25:35] [388/445] LCPC
[00:25:36] [389/445] VBCT
[00:25:37] [390/445] FSCW
[00:25:39] [391/445] VCMP
[00:25:41] [392/445] ASHC
[00:25:42] [393/445] VLCX
[00:25:43] [394/445] SHEV
[00:25:44] 🔄 Identity reset
[00:25:44] 🔄 Identity rotated (every 10 requests)
[00:25:44] [395/445] APCO
[00:25:46] [396/445] SILC
[00:25:48] [397/445] SNMR
[00:25:49] [398/445] KYBO
[00:25:50] [399/445] SATK
[00:25:51] [400/445] SSCS
[00:25:52] [401/445] CLSB
[00:25:54] [402/445] KMJR
[00:25:55] [403/445] FSCK
[00:25:56] [404/445] NNKA
[00:25:56] 🔄 Identity reset
[00:25:57] 🔄 Identity rotated (every 10 requests)
[00:25:58] [405/445] CLMK
[00:25:59] [406/445] DMPZ
[00:26:00] [407/445] INQM
[00:26:01] [408/445] CAML
[00:26:02] [409/445] INRK
[00:26:04] [410/445] IMKN
[00:26:05] [411/445] SVNR
[00:26:07] [412/445] INSL
[00:26:08] [413/445] MSMA
[00:26:10] [414/445] MCKK
[00:26:10] 🔄 Identity reset
[00:26:10] 🔄 Identity rotated (every 10 requests)
[00:26:10] [415/445] FCHP
[00:26:12] [416/445] SFCR
[00:26:13] [417/445] NACK
[00:26:15] [418/445] PVAK
[00:26:16] [419/445] INER
[00:26:17] [420/445] RDBK
[00:26:18] [421/445] SVFN
[00:26:19] [422/445] IFRM
[00:26:20] [423/445] ATCK
[00:26:22] [424/445] ASKO
[00:26:23] 🔄 Identity reset
[00:26:23] 🔄 Identity rotated (every 10 requests)
[00:26:23] [425/445] STKT
[00:26:25] [426/445] SVFB
[00:26:26] [427/445] INKS
[00:26:28] [428/445] PCRA
[00:26:28] [429/445] ATJA
[00:26:29] [430/445] IMJN
[00:26:30] [431/445] INHD
[00:26:31] [432/445] BARA
[00:26:33] [433/445] MCSL
[00:26:34] [434/445] RTOY
[00:26:34] 🔄 Identity reset
[00:26:34] 🔄 Identity rotated (every 10 requests)
[00:26:35] [435/445] MENO
[00:26:36] [436/445] PUDM
[00:26:38] [437/445] PRCN
[00:26:39] [438/445] JMJR
[00:26:40] [439/445] SSGK
[00:26:41] [440/445] SSRL
[00:26:42] [441/445] JYKL
[00:26:44] [442/445] ACNB
[00:26:45] [443/445] SONP
[00:26:46] [444/445] EMCI
[00:26:46] 🔄 Identity reset
[00:26:46] 🔄 Identity rotated (every 10 requests)
[00:26:48] [445/445] MRJH
[00:26:49] ✅ DONE | Shows=5 | Movies=1
[01:16:33] 🚀 BMS DAILY TRACKER STARTED (enhanced anti‑detection)
[01:16:33] [1/445] TGMR
[01:16:34] 🧠 New identity created
[01:16:34] [2/445] CXKR
[01:16:35] [3/445] SROP
[01:16:37] [4/445] GTSV
[01:16:38] [5/445] SNTY
[01:16:39] [6/445] SMYY
[01:16:40] [7/445] CNCS
[01:16:41] [8/445] CSTM
[01:16:43] [9/445] NUCD
[01:16:44] [10/445] SHCZ
[01:16:45] 🔄 Identity reset
[01:16:45] 🔄 Identity rotated (every 10 requests)
[01:16:46] [11/445] NJCT
[01:16:47] [12/445] COPC
[01:16:47] [13/445] STVV
[01:16:49] [14/445] SKRN
[01:16:49] [15/445] APPZ
[01:16:50] [16/445] YMGN
[01:16:51] [17/445] SVTU
[01:16:52] [18/445] GTAD
[01:16:53] [19/445] PSUS
[01:16:54] [20/445] SMCD
[01:16:55] 🔄 Identity reset
[01:16:55] 🔄 Identity rotated (every 10 requests)
[01:16:55] [21/445] CMCM
[01:16:56] [22/445] SYCT
[01:16:57] [23/445] STLY
[01:16:58] [24/445] CMHU
[01:16:59] [25/445] CMSA
[01:17:00] [26/445] CLCU
[01:17:01] [27/445] PPNT
[01:17:02] [28/445] JTAB
[01:17:03] [29/445] BUUC
[01:17:04] [30/445] BSVK
[01:17:05] 🔄 Identity reset
[01:17:05] 🔄 Identity rotated (every 10 requests)
[01:17:06] [31/445] VVVQ
[01:17:06] [32/445] TKMU
[01:17:07] [33/445] ESYL
[01:17:08] [34/445] ACHP
[01:17:09] [35/445] BTKD
[01:17:10] [36/445] DESA
[01:17:11] [37/445] GBCT
[01:17:12] [38/445] BLLD
[01:17:13] [39/445] SKNT
[01:17:14] [40/445] SSTE
[01:17:15] 🔄 Identity reset
[01:17:15] 🔄 Identity rotated (every 10 requests)
[01:17:16] [41/445] VJMR
[01:17:17] [42/445] NTPU
[01:17:18] [43/445] RDKN
[01:17:19] [44/445] ADGC
[01:17:20] [45/445] VRBP
[01:17:21] [46/445] NMNA
[01:17:22] [47/445] CMMX
[01:17:23] [48/445] PTKO
[01:17:24] [49/445] RBML
[01:17:25] [50/445] SAIC
[01:17:26] 🔄 Identity reset
[01:17:26] 🔄 Identity rotated (every 10 requests)
[01:17:26] [51/445] SVTJ
[01:17:27] [52/445] MRTE
[01:17:28] [53/445] RBTP
[01:17:30] [54/445] NLPS
[01:17:31] [55/445] GTNA
[01:17:32] [56/445] DGGC
[01:17:33] [57/445] SMCR
[01:17:34] [58/445] SCGD
[01:17:35] [59/445] SRRJ
[01:17:36] [60/445] CNRY
[01:17:36] 🔄 Identity reset
[01:17:37] 🔄 Identity rotated (every 10 requests)
[01:17:37] [61/445] KTDI
[01:17:38] [62/445] SNJL
[01:17:39] [63/445] RKMD
[01:17:41] [64/445] SMDC
[01:17:43] [65/445] TADG
[01:17:44] [66/445] MCGS
[01:17:46] [67/445] PETK
[01:17:47] [68/445] CHAG
[01:17:48] [69/445] KSTL
[01:17:49] [70/445] AADS
[01:17:50] 🔄 Identity reset
[01:17:50] 🔄 Identity rotated (every 10 requests)
[01:17:51] [71/445] NTHZ
[01:17:52] [72/445] HCKI
[01:17:53] [73/445] SSEF
[01:17:55] [74/445] MCGX
[01:17:56] [75/445] ERRA
[01:17:57] [76/445] SDTW
[01:17:58] [77/445] RMPK
[01:17:58] [78/445] PTHK
[01:17:59] [79/445] PXCS
[01:18:00] [80/445] SVLU
[01:18:01] 🔄 Identity reset
[01:18:01] 🔄 Identity rotated (every 10 requests)
[01:18:02] [81/445] STAH
[01:18:03] [82/445] JRGF
[01:18:04] [83/445] CDOK
[01:18:05] [84/445] CMSG
[01:18:06] [85/445] APTD
[01:18:07] [86/445] KMPG
[01:18:09] [87/445] MUTJ
[01:18:11] [88/445] VCCI
[01:18:12] [89/445] URBE
[01:18:13] [90/445] TCTS
[01:18:14] 🔄 Identity reset
[01:18:14] 🔄 Identity rotated (every 10 requests)
[01:18:14] [91/445] STSN
[01:18:16] [92/445] AKCH
[01:18:17] [93/445] APSC
[01:18:18] [94/445] VLTB
[01:18:19] [95/445] SANU
[01:18:20] [96/445] AXAM
[01:18:21] [97/445] MGMG
[01:18:23] [98/445] HTBY
[01:18:24] [99/445] MMZS
[01:18:25] [100/445] SUDR
[01:18:26] 🔄 Identity reset
[01:18:26] 🔄 Identity rotated (every 10 requests)
[01:18:26] [101/445] CCAD
[01:18:27] [102/445] SKKC
[01:18:28] [103/445] RMCD
[01:18:29] [104/445] SBCQ
[01:18:29] [105/445] DCCT
[01:18:30] [106/445] VTKP
[01:18:31] [107/445] MLAM
[01:18:32] [108/445] SAVT
[01:18:33] [109/445] GEPL
[01:18:34] [110/445] AMCD
[01:18:35] 🔄 Identity reset
[01:18:35] 🔄 Identity rotated (every 10 requests)
[01:18:36] [111/445] CCXR
[01:18:37] [112/445] GRNG
[01:18:37] [113/445] EBCA
[01:18:38] [114/445] CNVG
[01:18:40] [115/445] MWSS
[01:18:41] [116/445] VBOR
[01:18:42] [117/445] NEEB
[01:18:43] [118/445] SUTH
[01:18:44] [119/445] ANDB
[01:18:46] [120/445] MMXS
[01:18:46] 🔄 Identity reset
[01:18:46] 🔄 Identity rotated (every 10 requests)
[01:18:47] [121/445] CNPD
[01:18:48] [122/445] SDCE
[01:18:49] [123/445] DHCB
[01:18:50] [124/445] ODEN
[01:18:51] [125/445] TNTC
[01:18:52] [126/445] VBKM
[01:18:52] [127/445] RZYM
[01:18:53] [128/445] JEMC
[01:18:55] [129/445] CMAU
[01:18:56] [130/445] SIVP
[01:18:56] 🔄 Identity reset
[01:18:56] 🔄 Identity rotated (every 10 requests)
[01:18:57] [131/445] ATAG
[01:18:58] [132/445] CHTM
[01:18:59] [133/445] AAEE
[01:19:01] [134/445] IWPM
[01:19:01] [135/445] KCMW
[01:19:02] [136/445] MCTD
[01:19:04] [137/445] SPWR
[01:19:04] [138/445] SDPO
[01:19:06] [139/445] PCSK
[01:19:08] [140/445] ACHV
[01:19:08] 🔄 Identity reset
[01:19:08] 🔄 Identity rotated (every 10 requests)
[01:19:09] [141/445] SVLA
[01:19:09] [142/445] PICT
[01:19:10] [143/445] BXDR
[01:19:12] [144/445] SPWA
[01:19:13] [145/445] MCKO
[01:19:14] [146/445] RTHK
[01:19:15] [147/445] CCMF
[01:19:16] [148/445] MRGB
[01:19:17] [149/445] CPLC
[01:19:19] [150/445] RACD
[01:19:19] 🔄 Identity reset
[01:19:19] 🔄 Identity rotated (every 10 requests)
[01:19:20] [151/445] ATKT
[01:19:21] [152/445] SARN
[01:19:22] [153/445] KKUI
[01:19:23] [154/445] RGCM
[01:19:23] [155/445] BRVP
[01:19:24] [156/445] HRSR
[01:19:25] [157/445] GKGM
[01:19:26] [158/445] TTCD
[01:19:27] [159/445] PTTI
[01:19:28] [160/445] MPTT
[01:19:29] 🔄 Identity reset
[01:19:29] 🔄 Identity rotated (every 10 requests)
[01:19:29] [161/445] CVTT
[01:19:30] [162/445] PCXD
[01:19:32] [163/445] GCDC
[01:19:33] [164/445] CCCF
[01:19:34] [165/445] MRAD
[01:19:35] [166/445] CPLK
[01:19:36] [167/445] SATB
[01:19:37] [168/445] SNVG
[01:19:38] [169/445] JMBA
[01:19:39] [170/445] TEJA
[01:19:39] 🔄 Identity reset
[01:19:39] 🔄 Identity rotated (every 10 requests)
[01:19:40] [171/445] STYO
[01:19:41] [172/445] JTBP
[01:19:42] [173/445] KRGD
[01:19:44] [174/445] SLJJ
[01:19:45] [175/445] SPTJ
[01:19:46] [176/445] SWJG
[01:19:46] [177/445] LKRT
[01:19:48] [178/445] KCKA
[01:19:49] [179/445] SNCR
[01:19:50] [180/445] SMKL
[01:19:51] 🔄 Identity reset
[01:19:51] 🔄 Identity rotated (every 10 requests)
[01:19:51] [181/445] GCFA
[01:19:52] [182/445] DDCK
[01:19:53] [183/445] NCHJ
[01:19:54] [184/445] RDMA
[01:19:55] [185/445] SVSV
[01:19:56] [186/445] SCJG
[01:19:57] [187/445] VKLP
[01:19:58] [188/445] NWCC
[01:19:59] [189/445] VKNS
[01:20:01] [190/445] SDDP
[01:20:01] 🔄 Identity reset
[01:20:02] 🔄 Identity rotated (every 10 requests)
[01:20:02] [191/445] ACSI
[01:20:04] [192/445] SATG
[01:20:05] [193/445] SCMW
[01:20:06] [194/445] LKTK
[01:20:07] [195/445] VCKV
[01:20:08] [196/445] KKPE
[01:20:09] [197/445] KIGH
[01:20:11] [198/445] SRPM
[01:20:12] [199/445] SCAH
[01:20:13] [200/445] MUTA
[01:20:14] 🔄 Identity reset
[01:20:14] 🔄 Identity rotated (every 10 requests)
[01:20:15] [201/445] SEPU
[01:20:17] [202/445] INOA
[01:20:18] [203/445] BASK
[01:20:18] [204/445] NECB
[01:20:20] [205/445] GTTG
[01:20:22] [206/445] ASSA
[01:20:23] [207/445] ANCL
[01:20:24] [208/445] GCTI
[01:20:26] [209/445] RCTS
[01:20:27] [210/445] ACNL
[01:20:28] 🔄 Identity reset
[01:20:28] 🔄 Identity rotated (every 10 requests)
[01:20:28] [211/445] MYCT
[01:20:29] [212/445] NMHT
[01:20:30] [213/445] MDIT
[01:20:32] [214/445] LATG
[01:20:33] [215/445] SMTY
[01:20:34] [216/445] CVCT
[01:20:35] [217/445] RAMB
[01:20:36] [218/445] TGMS
[01:20:37] [219/445] BHEL
[01:20:38] [220/445] SHCT
[01:20:39] 🔄 Identity reset
[01:20:39] 🔄 Identity rotated (every 10 requests)
[01:20:39] [221/445] SVCT
[01:20:40] [222/445] MRIY
[01:20:42] [223/445] SARO
[01:20:43] [224/445] STCT
[01:20:44] [225/445] JKKC
[01:20:45] [226/445] PLTT
[01:20:46] [227/445] SRNT
[01:20:47] [228/445] YAST
[01:20:48] [229/445] PERL
[01:20:50] [230/445] CICM
[01:20:50] 🔄 Identity reset
[01:20:50] 🔄 Identity rotated (every 10 requests)
[01:20:51] [231/445] MMTR
[01:20:52] [232/445] ABTK
[01:20:52] [233/445] ATYY
[01:20:54] [234/445] ASTK
[01:20:55] [235/445] VVCK
[01:20:56] [236/445] ATKY
[01:20:57] [237/445] GWEK
[01:20:58] [238/445] SVFH
[01:20:58] [239/445] SLTA
[01:20:59] [240/445] AASH
[01:21:00] 🔄 Identity reset
[01:21:00] 🔄 Identity rotated (every 10 requests)
[01:21:00] [241/445] ACXB
[01:21:01] [242/445] SMTX
[01:21:02] [243/445] AZDH
[01:21:03] [244/445] CMMH
[01:21:04] [245/445] SCSZ
[01:21:05] [246/445] SCKP
[01:21:06] [247/445] NXTM
[01:21:07] [248/445] NWCS
[01:21:08] [249/445] CXMH
[01:21:10] [250/445] PCMA
[01:21:10] 🔄 Identity reset
[01:21:10] 🔄 Identity rotated (every 10 requests)
[01:21:11] [251/445] SGCM
[01:21:13] [252/445] SDTU
[01:21:14] [253/445] MMVI
[01:21:15] [254/445] JKCM
[01:21:16] [255/445] VCMM
[01:21:17] [256/445] SYEE
[01:21:18] [257/445] VASD
[01:21:19] [258/445] BDRB
[01:21:20] [259/445] LASM
[01:21:21] [260/445] DCRL
[01:21:22] 🔄 Identity reset
[01:21:22] 🔄 Identity rotated (every 10 requests)
[01:21:22] [261/445] DVPM
[01:21:23] [262/445] SBMJ
[01:21:25] [263/445] CBMU
[01:21:25] [264/445] IUBS
[01:21:26] [265/445] INAP
[01:21:27] [266/445] SRRC
[01:21:29] [267/445] SAGR
[01:21:30] [268/445] CPMJ
[01:21:31] [269/445] ATJL
[01:21:32] [270/445] NNTD
[01:21:33] 🔄 Identity reset
[01:21:33] 🔄 Identity rotated (every 10 requests)
[01:21:33] [271/445] JHCJ
[01:21:34] [272/445] CMMP
[01:21:35] [273/445] RSDR
[01:21:36] [274/445] AMTI
[01:21:37] [275/445] NYSG
[01:21:39] [276/445] AVSG
[01:21:40] [277/445] SYTP
[01:21:41] [278/445] LARC
[01:21:42] [279/445] RJTP
[01:21:43] [280/445] LAKC
[01:21:44] 🔄 Identity reset
[01:21:44] 🔄 Identity rotated (every 10 requests)
[01:21:44] [281/445] MCXE
[01:21:45] [282/445] CCZC
[01:21:46] [283/445] AVCH
[01:21:47] [284/445] CMBE
[01:21:48] [285/445] MRRC
[01:21:49] [286/445] PCPY
[01:21:50] [287/445] SRMH
[01:21:51] [288/445] SVGS
[01:21:52] [289/445] PCSE
[01:21:54] [290/445] SVFT
[01:21:54] 🔄 Identity reset
[01:21:54] 🔄 Identity rotated (every 10 requests)
[01:21:55] [291/445] TNZP
[01:21:56] [292/445] ICTP
[01:21:57] [293/445] ACTZ
[01:21:58] [294/445] GTUR
[01:22:00] [295/445] MAFC
[01:22:00] [296/445] MINL
[01:22:01] [297/445] MRCL
[01:22:02] [298/445] RCRP
[01:22:03] [299/445] RFFG
[01:22:05] [300/445] RMAS
[01:22:05] 🔄 Identity reset
[01:22:05] 🔄 Identity rotated (every 10 requests)
[01:22:06] [301/445] INVR
[01:22:07] [302/445] RMAR
[01:22:08] [303/445] CNIS
[01:22:09] [304/445] RHRJ
[01:22:10] [305/445] INXR
[01:22:11] [306/445] VALT
[01:22:12] [307/445] LCSH
[01:22:13] [308/445] CMVS
[01:22:14] [309/445] CNMS
[01:22:15] [310/445] ROOG
[01:22:16] 🔄 Identity reset
[01:22:16] 🔄 Identity rotated (every 10 requests)
[01:22:16] [311/445] ISRM
[01:22:17] [312/445] RCRM
[01:22:18] [313/445] ACJA
[01:22:19] [314/445] RCVS
[01:22:20] [315/445] CPUS
[01:22:21] [316/445] TGCS
[01:22:22] [317/445] RKCJ
[01:22:24] [318/445] MKSB
[01:22:26] [319/445] TCSJ
[01:22:27] [320/445] RMGP
[01:22:28] 🔄 Identity reset
[01:22:28] 🔄 Identity rotated (every 10 requests)
[01:22:28] [321/445] CLLP
[01:22:29] [322/445] RCMV
[01:22:30] [323/445] CCKS
[01:22:32] [324/445] RSRP
[01:22:33] [325/445] APLP
[01:22:33] [326/445] CNVS
[01:22:35] [327/445] RMVY
[01:22:36] [328/445] PGBD
[01:22:37] [329/445] KLMS
[01:22:38] [330/445] RUST
[01:22:38] 🔄 Identity reset
[01:22:38] 🔄 Identity rotated (every 10 requests)
[01:22:39] [331/445] MASM
[01:22:40] [332/445] BACS
[01:22:41] [333/445] BWST
[01:22:42] [334/445] RRFH
[01:22:42] [335/445] SJTM
[01:22:44] [336/445] BEMR
[01:22:45] [337/445] MCGR
[01:22:45] [338/445] SDSK
[01:22:46] [339/445] VBOL
[01:22:47] [340/445] RMGM
[01:22:48] 🔄 Identity reset
[01:22:48] 🔄 Identity rotated (every 10 requests)
[01:22:48] [341/445] NOPL
[01:22:49] [342/445] MKJK
[01:22:51] [343/445] CVRN
[01:22:52] [344/445] MMEN
[01:22:53] [345/445] AMNG
[01:22:54] [346/445] INTM
[01:22:55] [347/445] SLCZ
[01:22:56] [348/445] AMJN
[01:22:57] [349/445] ACJN
[01:22:58] [350/445] AMKN
[01:22:58] 🔄 Identity reset
[01:22:58] 🔄 Identity rotated (every 10 requests)
[01:22:59] [351/445] BTCN
[01:23:00] [352/445] AMBT
[01:23:01] [353/445] PACN
[01:23:02] [354/445] LCNS
[01:23:03] [355/445] PPKC
[01:23:04] [356/445] JYYN
[01:23:05] [357/445] JTNR
[01:23:06] [358/445] GTEE
[01:23:07] [359/445] SRNM
[01:23:08] [360/445] SDTC
[01:23:08] 🔄 Identity reset
[01:23:08] 🔄 Identity rotated (every 10 requests)
[01:23:09] [361/445] VPCA
[01:23:10] [362/445] VLRA
[01:23:11] [363/445] SHKR
[01:23:12] [364/445] SBKD
[01:23:13] [365/445] SAAD
[01:23:14] [366/445] JTGN
[01:23:15] [367/445] SLAM
[01:23:16] [368/445] VTPM
[01:23:17] [369/445] ANPT
[01:23:17] [370/445] PUNB
[01:23:18] 🔄 Identity reset
[01:23:18] 🔄 Identity rotated (every 10 requests)
[01:23:18] [371/445] CPKT
[01:23:19] [372/445] CNWE
[01:23:20] [373/445] ECPP
[01:23:21] [374/445] CPAR
[01:23:22] [375/445] ESBW
[01:23:23] [376/445] PKPU
[01:23:24] [377/445] CPRP
[01:23:26] [378/445] RAHU
[01:23:26] [379/445] RHMN
[01:23:28] [380/445] FMJP
[01:23:29] 🔄 Identity reset
[01:23:29] 🔄 Identity rotated (every 10 requests)
[01:23:30] [381/445] CTMP
[01:23:31] [382/445] INPN
[01:23:32] [383/445] STTG
[01:23:34] [384/445] CTRD
[01:23:35] [385/445] PUVB
[01:23:36] [386/445] ESVP
[01:23:37] [387/445] CPFT
[01:23:38] [388/445] LCPC
[01:23:38] [389/445] VBCT
[01:23:39] [390/445] FSCW
[01:23:40] 🔄 Identity reset
[01:23:40] 🔄 Identity rotated (every 10 requests)
[01:23:40] [391/445] VCMP
[01:23:41] [392/445] ASHC
[01:23:42] [393/445] VLCX
[01:23:43] [394/445] SHEV
[01:23:44] [395/445] APCO
[01:23:46] [396/445] SILC
[01:23:47] [397/445] SNMR
[01:23:48] [398/445] KYBO
[01:23:49] [399/445] SATK
[01:23:50] [400/445] SSCS
[01:23:50] 🔄 Identity reset
[01:23:50] 🔄 Identity rotated (every 10 requests)
[01:23:52] [401/445] CLSB
[01:23:52] [402/445] KMJR
[01:23:54] [403/445] FSCK
[01:23:55] [404/445] NNKA
[01:23:56] [405/445] CLMK
[01:23:57] [406/445] DMPZ
[01:23:59] [407/445] INQM
[01:24:00] [408/445] CAML
[01:24:01] [409/445] INRK
[01:24:02] [410/445] IMKN
[01:24:03] 🔄 Identity reset
[01:24:03] 🔄 Identity rotated (every 10 requests)
[01:24:03] [411/445] SVNR
[01:24:05] [412/445] INSL
[01:24:05] [413/445] MSMA
[01:24:06] [414/445] MCKK
[01:24:08] [415/445] FCHP
[01:24:09] [416/445] SFCR
[01:24:10] [417/445] NACK
[01:24:11] [418/445] PVAK
[01:24:12] [419/445] INER
[01:24:12] [420/445] RDBK
[01:24:13] 🔄 Identity reset
[01:24:13] 🔄 Identity rotated (every 10 requests)
[01:24:13] [421/445] SVFN
[01:24:14] [422/445] IFRM
[01:24:16] [423/445] ATCK
[01:24:17] [424/445] ASKO
[01:24:18] [425/445] STKT
[01:24:19] [426/445] SVFB
[01:24:20] [427/445] INKS
[01:24:21] [428/445] PCRA
[01:24:22] [429/445] ATJA
[01:24:23] [430/445] IMJN
[01:24:24] 🔄 Identity reset
[01:24:24] 🔄 Identity rotated (every 10 requests)
[01:24:24] [431/445] INHD
[01:24:25] [432/445] BARA
[01:24:26] [433/445] MCSL
[01:24:27] [434/445] RTOY
[01:24:28] [435/445] MENO
[01:24:29] [436/445] PUDM
[01:24:30] [437/445] PRCN
[01:24:31] [438/445] JMJR
[01:24:32] [439/445] SSGK
[01:24:34] [440/445] SSRL
[01:24:35] 🔄 Identity reset
[01:24:35] 🔄 Identity rotated (every 10 requests)
[01:24:35] [441/445] JYKL
[01:24:36] [442/445] ACNB
[01:24:38] [443/445] SONP
[01:24:39] [444/445] EMCI
[01:24:39] [445/445] MRJH
[01:24:40] ✅ DONE | Shows=10 | Movies=1
