[06:37:59] 🚀 SCRIPT STARTED (enhanced anti‑detection)
[06:37:59] [1/445] TGMR
[06:37:59] 🧠 New identity created
[06:38:00] [2/445] CXKR
[06:38:01] [3/445] SROP
[06:38:01] [4/445] GTSV
[06:38:02] [5/445] SNTY
[06:38:03] [6/445] SMYY
[06:38:04] [7/445] CNCS
[06:38:05] [8/445] CSTM
[06:38:05] [9/445] NUCD
[06:38:06] [10/445] SHCZ
[06:38:07] 🔄 Identity reset
[06:38:07] 🔄 Identity rotated (every 10 requests)
[06:38:08] [11/445] NJCT
[06:38:08] [12/445] COPC
[06:38:09] [13/445] STVV
[06:38:10] [14/445] SKRN
[06:38:11] [15/445] APPZ
[06:38:12] [16/445] YMGN
[06:38:13] [17/445] SVTU
[06:38:14] [18/445] GTAD
[06:38:15] [19/445] PSUS
[06:38:16] [20/445] SMCD
[06:38:16] 🔄 Identity reset
[06:38:16] 🔄 Identity rotated (every 10 requests)
[06:38:17] [21/445] CMCM
[06:38:18] [22/445] SYCT
[06:38:19] [23/445] STLY
[06:38:20] [24/445] CMHU
[06:38:21] [25/445] CMSA
[06:38:22] [26/445] CLCU
[06:38:24] [27/445] PPNT
[06:38:25] [28/445] JTAB
[06:38:26] [29/445] BUUC
[06:38:27] [30/445] BSVK
[06:38:28] 🔄 Identity reset
[06:38:28] 🔄 Identity rotated (every 10 requests)
[06:38:28] [31/445] VVVQ
[06:38:29] [32/445] TKMU
[06:38:30] [33/445] ESYL
[06:38:31] [34/445] ACHP
[06:38:32] [35/445] BTKD
[06:38:32] [36/445] DESA
[06:38:33] [37/445] GBCT
[06:38:34] [38/445] BLLD
[06:38:36] [39/445] SKNT
[06:38:37] [40/445] SSTE
[06:38:38] 🔄 Identity reset
[06:38:38] 🔄 Identity rotated (every 10 requests)
[06:38:38] [41/445] VJMR
[06:38:39] [42/445] NTPU
[06:38:39] [43/445] RDKN
[06:38:40] [44/445] ADGC
[06:38:42] [45/445] VRBP
[06:38:43] [46/445] NMNA
[06:38:44] [47/445] CMMX
[06:38:45] [48/445] PTKO
[06:38:46] [49/445] RBML
[06:38:47] [50/445] SAIC
[06:38:48] 🔄 Identity reset
[06:38:48] 🔄 Identity rotated (every 10 requests)
[06:38:48] [51/445] SVTJ
[06:38:49] [52/445] MRTE
[06:38:50] [53/445] RBTP
[06:38:51] [54/445] NLPS
[06:38:52] [55/445] GTNA
[06:38:53] [56/445] DGGC
[06:38:54] [57/445] SMCR
[06:38:55] [58/445] SCGD
[06:38:56] [59/445] SRRJ
[06:38:57] [60/445] CNRY
[06:38:58] 🔄 Identity reset
[06:38:58] 🔄 Identity rotated (every 10 requests)
[06:38:58] [61/445] KTDI
[06:38:59] [62/445] SNJL
[06:39:00] [63/445] RKMD
[06:39:00] [64/445] SMDC
[06:39:02] [65/445] TADG
[06:39:03] [66/445] MCGS
[06:39:04] [67/445] PETK
[06:39:04] [68/445] CHAG
[06:39:05] [69/445] KSTL
[06:39:06] [70/445] AADS
[06:39:07] 🔄 Identity reset
[06:39:07] 🔄 Identity rotated (every 10 requests)
[06:39:07] [71/445] NTHZ
[06:39:08] [72/445] HCKI
[06:39:09] [73/445] SSEF
[06:39:10] [74/445] MCGX
[06:39:11] [75/445] ERRA
[06:39:13] [76/445] SDTW
[06:39:13] [77/445] RMPK
[06:39:14] [78/445] PTHK
[06:39:16] [79/445] PXCS
[06:39:18] [80/445] SVLU
[06:39:18] 🔄 Identity reset
[06:39:18] 🔄 Identity rotated (every 10 requests)
[06:39:18] [81/445] STAH
[06:39:19] [82/445] JRGF
[06:39:20] [83/445] CDOK
[06:39:21] [84/445] CMSG
[06:39:22] [85/445] APTD
[06:39:23] [86/445] KMPG
[06:39:23] [87/445] MUTJ
[06:39:24] [88/445] VCCI
[06:39:25] [89/445] URBE
[06:39:26] [90/445] TCTS
[06:39:27] 🔄 Identity reset
[06:39:27] 🔄 Identity rotated (every 10 requests)
[06:39:27] [91/445] STSN
[06:39:28] [92/445] AKCH
[06:39:29] [93/445] APSC
[06:39:30] [94/445] VLTB
[06:39:31] [95/445] SANU
[06:39:32] [96/445] AXAM
[06:39:34] [97/445] MGMG
[06:39:34] [98/445] HTBY
[06:39:35] [99/445] MMZS
[06:39:37] [100/445] SUDR
[06:39:38] 🔄 Identity reset
[06:39:38] 🔄 Identity rotated (every 10 requests)
[06:39:38] [101/445] CCAD
[06:39:39] [102/445] SKKC
[06:39:40] [103/445] RMCD
[06:39:41] [104/445] SBCQ
[06:39:42] [105/445] DCCT
[06:39:42] [106/445] VTKP
[06:39:43] [107/445] MLAM
[06:39:45] [108/445] SAVT
[06:39:45] [109/445] GEPL
[06:39:47] [110/445] AMCD
[06:39:48] 🔄 Identity reset
[06:39:48] 🔄 Identity rotated (every 10 requests)
[06:39:48] [111/445] CCXR
[06:39:49] [112/445] GRNG
[06:39:49] [113/445] EBCA
[06:39:50] [114/445] CNVG
[06:39:51] [115/445] MWSS
[06:39:52] [116/445] VBOR
[06:39:53] [117/445] NEEB
[06:39:53] [118/445] SUTH
[06:39:54] [119/445] ANDB
[06:39:56] [120/445] MMXS
[06:39:56] 🔄 Identity reset
[06:39:56] 🔄 Identity rotated (every 10 requests)
[06:39:57] [121/445] CNPD
[06:39:58] [122/445] SDCE
[06:39:58] [123/445] DHCB
[06:39:59] [124/445] ODEN
[06:40:00] [125/445] TNTC
[06:40:01] [126/445] VBKM
[06:40:02] [127/445] RZYM
[06:40:02] [128/445] JEMC
[06:40:03] [129/445] CMAU
[06:40:04] [130/445] SIVP
[06:40:04] 🔄 Identity reset
[06:40:04] 🔄 Identity rotated (every 10 requests)
[06:40:05] [131/445] ATAG
[06:40:06] [132/445] CHTM
[06:40:07] [133/445] AAEE
[06:40:08] [134/445] IWPM
[06:40:09] [135/445] KCMW
[06:40:10] [136/445] MCTD
[06:40:11] [137/445] SPWR
[06:40:12] [138/445] SDPO
[06:40:13] [139/445] PCSK
[06:40:14] [140/445] ACHV
[06:40:15] 🔄 Identity reset
[06:40:15] 🔄 Identity rotated (every 10 requests)
[06:40:15] [141/445] SVLA
[06:40:17] [142/445] PICT
[06:40:18] [143/445] BXDR
[06:40:19] [144/445] SPWA
[06:40:20] [145/445] MCKO
[06:40:21] [146/445] RTHK
[06:40:22] [147/445] CCMF
[06:40:22] [148/445] MRGB
[06:40:23] [149/445] CPLC
[06:40:24] [150/445] RACD
[06:40:25] 🔄 Identity reset
[06:40:25] 🔄 Identity rotated (every 10 requests)
[06:40:25] [151/445] ATKT
[06:40:26] [152/445] SARN
[06:40:27] [153/445] KKUI
[06:40:28] [154/445] RGCM
[06:40:29] [155/445] BRVP
[06:40:30] [156/445] HRSR
[06:40:31] [157/445] GKGM
[06:40:32] [158/445] TTCD
[06:40:33] [159/445] PTTI
[06:40:34] [160/445] MPTT
[06:40:35] 🔄 Identity reset
[06:40:35] 🔄 Identity rotated (every 10 requests)
[06:40:35] [161/445] CVTT
[06:40:36] [162/445] PCXD
[06:40:37] [163/445] GCDC
[06:40:37] [164/445] CCCF
[06:40:38] [165/445] MRAD
[06:40:39] [166/445] CPLK
[06:40:41] [167/445] SATB
[06:40:42] [168/445] SNVG
[06:40:43] [169/445] JMBA
[06:40:44] [170/445] TEJA
[06:40:44] 🔄 Identity reset
[06:40:44] 🔄 Identity rotated (every 10 requests)
[06:40:45] [171/445] STYO
[06:40:46] [172/445] JTBP
[06:40:47] [173/445] KRGD
[06:40:48] [174/445] SLJJ
[06:40:49] [175/445] SPTJ
[06:40:50] [176/445] SWJG
[06:40:51] [177/445] LKRT
[06:40:52] [178/445] KCKA
[06:40:53] [179/445] SNCR
[06:40:55] [180/445] SMKL
[06:40:55] 🔄 Identity reset
[06:40:55] 🔄 Identity rotated (every 10 requests)
[06:40:55] [181/445] GCFA
[06:40:56] [182/445] DDCK
[06:40:57] [183/445] NCHJ
[06:40:59] [184/445] RDMA
[06:41:00] [185/445] SVSV
[06:41:00] [186/445] SCJG
[06:41:01] [187/445] VKLP
[06:41:02] [188/445] NWCC
[06:41:03] [189/445] VKNS
[06:41:04] [190/445] SDDP
[06:41:04] 🔄 Identity reset
[06:41:04] 🔄 Identity rotated (every 10 requests)
[06:41:05] [191/445] ACSI
[06:41:06] [192/445] SATG
[06:41:07] [193/445] SCMW
[06:41:09] [194/445] LKTK
[06:41:10] [195/445] VCKV
[06:41:12] [196/445] KKPE
[06:41:12] [197/445] KIGH
[06:41:13] [198/445] SRPM
[06:41:14] [199/445] SCAH
[06:41:15] [200/445] MUTA
[06:41:15] 🔄 Identity reset
[06:41:15] 🔄 Identity rotated (every 10 requests)
[06:41:16] [201/445] SEPU
[06:41:17] [202/445] INOA
[06:41:17] [203/445] BASK
[06:41:18] [204/445] NECB
[06:41:19] [205/445] GTTG
[06:41:20] [206/445] ASSA
[06:41:21] [207/445] ANCL
[06:41:22] [208/445] GCTI
[06:41:23] [209/445] RCTS
[06:41:24] [210/445] ACNL
[06:41:24] 🔄 Identity reset
[06:41:24] 🔄 Identity rotated (every 10 requests)
[06:41:25] [211/445] MYCT
[06:41:27] [212/445] NMHT
[06:41:28] [213/445] MDIT
[06:41:29] [214/445] LATG
[06:41:30] [215/445] SMTY
[06:41:31] [216/445] CVCT
[06:41:32] [217/445] RAMB
[06:41:33] [218/445] TGMS
[06:41:34] [219/445] BHEL
[06:41:35] [220/445] SHCT
[06:41:35] 🔄 Identity reset
[06:41:35] 🔄 Identity rotated (every 10 requests)
[06:41:36] [221/445] SVCT
[06:41:37] [222/445] MRIY
[06:41:38] [223/445] SARO
[06:41:39] [224/445] STCT
[06:41:40] [225/445] JKKC
[06:41:41] [226/445] PLTT
[06:41:42] [227/445] SRNT
[06:41:43] [228/445] YAST
[06:41:44] [229/445] PERL
[06:41:44] [230/445] CICM
[06:41:45] 🔄 Identity reset
[06:41:45] 🔄 Identity rotated (every 10 requests)
[06:41:45] [231/445] MMTR
[06:41:46] [232/445] ABTK
[06:41:47] [233/445] ATYY
[06:41:48] [234/445] ASTK
[06:41:49] [235/445] VVCK
[06:41:50] [236/445] ATKY
[06:41:51] [237/445] GWEK
[06:41:52] [238/445] SVFH
[06:41:53] [239/445] SLTA
[06:41:53] [240/445] AASH
[06:41:54] 🔄 Identity reset
[06:41:54] 🔄 Identity rotated (every 10 requests)
[06:41:55] [241/445] ACXB
[06:41:56] [242/445] SMTX
[06:41:57] [243/445] AZDH
[06:41:57] [244/445] CMMH
[06:41:58] [245/445] SCSZ
[06:41:59] [246/445] SCKP
[06:42:00] [247/445] NXTM
[06:42:01] [248/445] NWCS
[06:42:02] [249/445] CXMH
[06:42:03] [250/445] PCMA
[06:42:04] 🔄 Identity reset
[06:42:04] 🔄 Identity rotated (every 10 requests)
[06:42:04] [251/445] SGCM
[06:42:05] [252/445] SDTU
[06:42:06] [253/445] MMVI
[06:42:06] [254/445] JKCM
[06:42:07] [255/445] VCMM
[06:42:08] [256/445] SYEE
[06:42:09] [257/445] VASD
[06:42:10] [258/445] BDRB
[06:42:11] [259/445] LASM
[06:42:12] [260/445] DCRL
[06:42:13] 🔄 Identity reset
[06:42:13] 🔄 Identity rotated (every 10 requests)
[06:42:13] [261/445] DVPM
[06:42:14] [262/445] SBMJ
[06:42:14] [263/445] CBMU
[06:42:16] [264/445] IUBS
[06:42:17] [265/445] INAP
[06:42:18] [266/445] SRRC
[06:42:19] [267/445] SAGR
[06:42:19] [268/445] CPMJ
[06:42:20] [269/445] ATJL
[06:42:21] [270/445] NNTD
[06:42:21] 🔄 Identity reset
[06:42:21] 🔄 Identity rotated (every 10 requests)
[06:42:22] [271/445] JHCJ
[06:42:23] [272/445] CMMP
[06:42:23] [273/445] RSDR
[06:42:24] [274/445] AMTI
[06:42:25] [275/445] NYSG
[06:42:26] [276/445] AVSG
[06:42:27] [277/445] SYTP
[06:42:28] [278/445] LARC
[06:42:29] [279/445] RJTP
[06:42:29] [280/445] LAKC
[06:42:30] 🔄 Identity reset
[06:42:30] 🔄 Identity rotated (every 10 requests)
[06:42:31] [281/445] MCXE
[06:42:31] [282/445] CCZC
[06:42:33] [283/445] AVCH
[06:42:34] [284/445] CMBE
[06:42:35] [285/445] MRRC
[06:42:37] [286/445] PCPY
[06:42:37] [287/445] SRMH
[06:42:38] [288/445] SVGS
[06:42:39] [289/445] PCSE
[06:42:40] [290/445] SVFT
[06:42:41] 🔄 Identity reset
[06:42:41] 🔄 Identity rotated (every 10 requests)
[06:42:41] [291/445] TNZP
[06:42:42] [292/445] ICTP
[06:42:43] [293/445] ACTZ
[06:42:44] [294/445] GTUR
[06:42:45] [295/445] MAFC
[06:42:46] [296/445] MINL
[06:42:47] [297/445] MRCL
[06:42:48] [298/445] RCRP
[06:42:48] [299/445] RFFG
[06:42:49] [300/445] RMAS
[06:42:50] 🔄 Identity reset
[06:42:50] 🔄 Identity rotated (every 10 requests)
[06:42:50] [301/445] INVR
[06:42:51] [302/445] RMAR
[06:42:52] [303/445] CNIS
[06:42:53] [304/445] RHRJ
[06:42:54] [305/445] INXR
[06:42:55] [306/445] VALT
[06:42:55] [307/445] LCSH
[06:42:56] [308/445] CMVS
[06:42:57] [309/445] CNMS
[06:42:58] [310/445] ROOG
[06:42:58] 🔄 Identity reset
[06:42:58] 🔄 Identity rotated (every 10 requests)
[06:42:59] [311/445] ISRM
[06:43:00] [312/445] RCRM
[06:43:02] [313/445] ACJA
[06:43:03] [314/445] RCVS
[06:43:04] [315/445] CPUS
[06:43:04] [316/445] TGCS
[06:43:05] [317/445] RKCJ
[06:43:06] [318/445] MKSB
[06:43:07] [319/445] TCSJ
[06:43:08] [320/445] RMGP
[06:43:09] 🔄 Identity reset
[06:43:09] 🔄 Identity rotated (every 10 requests)
[06:43:10] [321/445] CLLP
[06:43:11] [322/445] RCMV
[06:43:12] [323/445] CCKS
[06:43:13] [324/445] RSRP
[06:43:13] [325/445] APLP
[06:43:14] [326/445] CNVS
[06:43:15] [327/445] RMVY
[06:43:16] [328/445] PGBD
[06:43:17] [329/445] KLMS
[06:43:18] [330/445] RUST
[06:43:18] 🔄 Identity reset
[06:43:18] 🔄 Identity rotated (every 10 requests)
[06:43:19] [331/445] MASM
[06:43:20] [332/445] BACS
[06:43:20] [333/445] BWST
[06:43:21] [334/445] RRFH
[06:43:22] [335/445] SJTM
[06:43:23] [336/445] BEMR
[06:43:24] [337/445] MCGR
[06:43:25] [338/445] SDSK
[06:43:26] [339/445] VBOL
[06:43:27] [340/445] RMGM
[06:43:28] 🔄 Identity reset
[06:43:28] 🔄 Identity rotated (every 10 requests)
[06:43:29] [341/445] NOPL
[06:43:29] [342/445] MKJK
[06:43:30] [343/445] CVRN
[06:43:31] [344/445] MMEN
[06:43:32] [345/445] AMNG
[06:43:33] [346/445] INTM
[06:43:34] [347/445] SLCZ
[06:43:35] [348/445] AMJN
[06:43:36] [349/445] ACJN
[06:43:37] [350/445] AMKN
[06:43:38] 🔄 Identity reset
[06:43:38] 🔄 Identity rotated (every 10 requests)
[06:43:38] [351/445] BTCN
[06:43:39] [352/445] AMBT
[06:43:40] [353/445] PACN
[06:43:41] [354/445] LCNS
[06:43:42] [355/445] PPKC
[06:43:42] [356/445] JYYN
[06:43:43] [357/445] JTNR
[06:43:44] [358/445] GTEE
[06:43:45] [359/445] SRNM
[06:43:46] [360/445] SDTC
[06:43:46] 🔄 Identity reset
[06:43:47] 🔄 Identity rotated (every 10 requests)
[06:43:48] [361/445] VPCA
[06:43:48] [362/445] VLRA
[06:43:49] [363/445] SHKR
[06:43:50] [364/445] SBKD
[06:43:52] [365/445] SAAD
[06:43:53] [366/445] JTGN
[06:43:53] [367/445] SLAM
[06:43:54] [368/445] VTPM
[06:43:55] [369/445] ANPT
[06:43:56] [370/445] PUNB
[06:43:57] 🔄 Identity reset
[06:43:57] 🔄 Identity rotated (every 10 requests)
[06:43:57] [371/445] CPKT
[06:43:59] [372/445] CNWE
[06:44:00] [373/445] ECPP
[06:44:01] [374/445] CPAR
[06:44:02] [375/445] ESBW
[06:44:03] [376/445] PKPU
[06:44:04] [377/445] CPRP
[06:44:05] [378/445] RAHU
[06:44:06] [379/445] RHMN
[06:44:07] [380/445] FMJP
[06:44:08] 🔄 Identity reset
[06:44:08] 🔄 Identity rotated (every 10 requests)
[06:44:08] [381/445] CTMP
[06:44:09] [382/445] INPN
[06:44:10] [383/445] STTG
[06:44:11] [384/445] CTRD
[06:44:11] [385/445] PUVB
[06:44:13] [386/445] ESVP
[06:44:14] [387/445] CPFT
[06:44:15] [388/445] LCPC
[06:44:16] [389/445] VBCT
[06:44:17] [390/445] FSCW
[06:44:18] 🔄 Identity reset
[06:44:18] 🔄 Identity rotated (every 10 requests)
[06:44:18] [391/445] VCMP
[06:44:19] [392/445] ASHC
[06:44:20] [393/445] VLCX
[06:44:21] [394/445] SHEV
[06:44:23] [395/445] APCO
[06:44:24] [396/445] SILC
[06:44:25] [397/445] SNMR
[06:44:26] [398/445] KYBO
[06:44:27] [399/445] SATK
[06:44:28] [400/445] SSCS
[06:44:28] 🔄 Identity reset
[06:44:28] 🔄 Identity rotated (every 10 requests)
[06:44:29] [401/445] CLSB
[06:44:30] [402/445] KMJR
[06:44:30] [403/445] FSCK
[06:44:32] [404/445] NNKA
[06:44:33] [405/445] CLMK
[06:44:34] [406/445] DMPZ
[06:44:35] [407/445] INQM
[06:44:36] [408/445] CAML
[06:44:37] [409/445] INRK
[06:44:37] [410/445] IMKN
[06:44:38] 🔄 Identity reset
[06:44:38] 🔄 Identity rotated (every 10 requests)
[06:44:38] [411/445] SVNR
[06:44:39] [412/445] INSL
[06:44:40] [413/445] MSMA
[06:44:41] [414/445] MCKK
[06:44:42] [415/445] FCHP
[06:44:43] [416/445] SFCR
[06:44:44] [417/445] NACK
[06:44:44] [418/445] PVAK
[06:44:45] [419/445] INER
[06:44:47] [420/445] RDBK
[06:44:47] 🔄 Identity reset
[06:44:48] 🔄 Identity rotated (every 10 requests)
[06:44:49] [421/445] SVFN
[06:44:49] [422/445] IFRM
[06:44:50] [423/445] ATCK
[06:44:51] [424/445] ASKO
[06:44:52] [425/445] STKT
[06:44:53] [426/445] SVFB
[06:44:55] [427/445] INKS
[06:44:56] [428/445] PCRA
[06:44:57] [429/445] ATJA
[06:44:58] [430/445] IMJN
[06:44:58] 🔄 Identity reset
[06:44:58] 🔄 Identity rotated (every 10 requests)
[06:44:59] [431/445] INHD
[06:44:59] [432/445] BARA
[06:45:00] [433/445] MCSL
[06:45:01] [434/445] RTOY
[06:45:02] [435/445] MENO
[06:45:03] [436/445] PUDM
[06:45:04] [437/445] PRCN
[06:45:05] [438/445] JMJR
[06:45:05] [439/445] SSGK
[06:45:06] [440/445] SSRL
[06:45:07] 🔄 Identity reset
[06:45:07] 🔄 Identity rotated (every 10 requests)
[06:45:07] [441/445] JYKL
[06:45:08] [442/445] ACNB
[06:45:09] [443/445] SONP
[06:45:10] [444/445] EMCI
[06:45:11] [445/445] MRJH
[06:45:12] 🧹 Deduping shows
[06:45:12] ✅ DONE | Shows=747 | Movies=51
