[06:38:41] 🚀 SCRIPT STARTED (enhanced anti‑detection)
[06:38:41] [1/326] VCHA
[06:38:41] 🧠 New identity created
[06:38:42] [2/326] SCKO
[06:38:44] [3/326] VKTK
[06:38:45] [4/326] DXEC
[06:38:46] [5/326] CDCA
[06:38:47] [6/326] VBCZ
[06:38:48] [7/326] MSDR
[06:38:50] [8/326] ACPV
[06:38:51] [9/326] PVHB
[06:38:52] [10/326] RCNH
[06:38:52] 🔄 Identity reset
[06:38:52] 🔄 Identity rotated (every 10 requests)
[06:38:53] [11/326] IOMH
[06:38:54] [12/326] ILKS
[06:38:56] [13/326] AMSN
[06:38:57] [14/326] ANTP
[06:38:59] [15/326] SSEK
[06:39:00] [16/326] PICP
[06:39:01] [17/326] SICO
[06:39:03] [18/326] SISP
[06:39:04] [19/326] SCPI
[06:39:05] [20/326] CRPR
[06:39:05] 🔄 Identity reset
[06:39:05] 🔄 Identity rotated (every 10 requests)
[06:39:06] [21/326] DCTW
[06:39:07] [22/326] DCSP
[06:39:08] [23/326] KRPM
[06:39:10] [24/326] THKK
[06:39:11] [25/326] SNMY
[06:39:13] [26/326] AKCC
[06:39:15] [27/326] PCAT
[06:39:16] [28/326] RFGO
[06:39:17] [29/326] GGCS
[06:39:17] [30/326] ACKR
[06:39:18] 🔄 Identity reset
[06:39:18] 🔄 Identity rotated (every 10 requests)
[06:39:18] [31/326] STDO
[06:39:19] [32/326] ACKB
[06:39:20] [33/326] ALUC
[06:39:21] [34/326] MNSR
[06:39:23] [35/326] CSSL
[06:39:24] [36/326] BGGM
[06:39:25] [37/326] MANT
[06:39:26] [38/326] SOOY
[06:39:27] [39/326] VPPK
[06:39:28] [40/326] MYHJ
[06:39:29] 🔄 Identity reset
[06:39:29] 🔄 Identity rotated (every 10 requests)
[06:39:29] [41/326] KSCK
[06:39:30] [42/326] KATK
[06:39:31] [43/326] RTRT
[06:39:32] [44/326] SSTT
[06:39:34] [45/326] SSTV
[06:39:36] [46/326] LACM
[06:39:37] [47/326] SGMG
[06:39:38] [48/326] KACX
[06:39:40] [49/326] GVCP
[06:39:41] [50/326] CSNC
[06:39:41] 🔄 Identity reset
[06:39:41] 🔄 Identity rotated (every 10 requests)
[06:39:42] [51/326] SXCB
[06:39:42] [52/326] BAHS
[06:39:43] [53/326] PCBI
[06:39:44] [54/326] PSSM
[06:39:45] [55/326] RCOK
[06:39:46] [56/326] SCPF
[06:39:47] [57/326] SSAS
[06:39:48] [58/326] EVMM
[06:39:49] [59/326] SYCB
[06:39:49] [60/326] GCKI
[06:39:50] 🔄 Identity reset
[06:39:50] 🔄 Identity rotated (every 10 requests)
[06:39:51] [61/326] IAET
[06:39:52] [62/326] DDTD
[06:39:53] [63/326] GMDH
[06:39:55] [64/326] STLE
[06:39:56] [65/326] JTRA
[06:39:57] [66/326] RPPA
[06:39:59] [67/326] ARUT
[06:40:00] [68/326] JTVM
[06:40:02] [69/326] SWRH
[06:40:03] [70/326] DCPC
[06:40:04] 🔄 Identity reset
[06:40:04] 🔄 Identity rotated (every 10 requests)
[06:40:04] [71/326] RAPR
[06:40:05] [72/326] GCRT
[06:40:07] [73/326] ATUN
[06:40:07] [74/326] LTRM
[06:40:08] [75/326] TASR
[06:40:09] [76/326] RLLC
[06:40:10] [77/326] MABI
[06:40:12] [78/326] SVHB
[06:40:13] [79/326] NVTB
[06:40:14] [80/326] KCKG
[06:40:15] 🔄 Identity reset
[06:40:15] 🔄 Identity rotated (every 10 requests)
[06:40:16] [81/326] SSRN
[06:40:18] [82/326] VDDC
[06:40:18] [83/326] GKTK
[06:40:19] [84/326] YFSN
[06:40:20] [85/326] GCSG
[06:40:22] [86/326] ESSM
[06:40:23] [87/326] KRIH
[06:40:24] [88/326] GCDS
[06:40:25] [89/326] CCSH
[06:40:26] [90/326] ACSK
[06:40:26] 🔄 Identity reset
[06:40:26] 🔄 Identity rotated (every 10 requests)
[06:40:27] [91/326] APRK
[06:40:28] [92/326] ADKM
[06:40:29] [93/326] SRDM
[06:40:31] [94/326] SJMY
[06:40:32] [95/326] PGGC
[06:40:33] [96/326] INGM
[06:40:35] [97/326] LSCB
[06:40:36] [98/326] STAD
[06:40:37] [99/326] MCCR
[06:40:39] [100/326] ABCC
[06:40:40] 🔄 Identity reset
[06:40:40] 🔄 Identity rotated (every 10 requests)
[06:40:40] [101/326] RKCC
[06:40:41] [102/326] RTCR
[06:40:43] [103/326] GGBC
[06:40:44] [104/326] GCSD
[06:40:46] [105/326] LPTY
[06:40:47] [106/326] MCFD
[06:40:48] [107/326] HENN
[06:40:50] [108/326] SMKU
[06:40:51] [109/326] TNZC
[06:40:52] [110/326] DRCD
[06:40:53] 🔄 Identity reset
[06:40:53] 🔄 Identity rotated (every 10 requests)
[06:40:53] [111/326] DLCD
[06:40:54] [112/326] RCDA
[06:40:56] [113/326] COSM
[06:40:57] [114/326] MCMJ
[06:40:58] [115/326] CSTR
[06:40:59] [116/326] CVDK
[06:41:00] [117/326] INRR
[06:41:02] [118/326] RJRT
[06:41:03] [119/326] IRMR
[06:41:04] [120/326] SRCF
[06:41:04] 🔄 Identity reset
[06:41:04] 🔄 Identity rotated (every 10 requests)
[06:41:05] [121/326] GRCR
[06:41:07] [122/326] SURC
[06:41:08] [123/326] NMNH
[06:41:10] [124/326] SVBL
[06:41:10] [125/326] KACI
[06:41:12] [126/326] TDGO
[06:41:13] [127/326] KTBR
[06:41:14] [128/326] PMAD
[06:41:15] [129/326] CCPN
[06:41:16] [130/326] SBTK
[06:41:16] 🔄 Identity reset
[06:41:16] 🔄 Identity rotated (every 10 requests)
[06:41:17] [131/326] LMDK
[06:41:19] [132/326] PGDA
[06:41:20] [133/326] SRML
[06:41:21] [134/326] EVCK
[06:41:22] [135/326] RTTK
[06:41:24] [136/326] SRTU
[06:41:25] [137/326] VRSA
[06:41:26] [138/326] VARS
[06:41:27] [139/326] DSCZ
[06:41:28] [140/326] GAGA
[06:41:28] 🔄 Identity reset
[06:41:28] 🔄 Identity rotated (every 10 requests)
[06:41:29] [141/326] SARV
[06:41:30] [142/326] SEEG
[06:41:31] [143/326] GLCA
[06:41:32] [144/326] APAS
[06:41:33] [145/326] VCIA
[06:41:35] [146/326] SJTA
[06:41:36] [147/326] SABM
[06:41:37] [148/326] PPAG
[06:41:38] [149/326] RVCA
[06:41:40] [150/326] CCIA
[06:41:41] 🔄 Identity reset
[06:41:41] 🔄 Identity rotated (every 10 requests)
[06:41:41] [151/326] HTAG
[06:41:42] [152/326] SMBI
[06:41:43] [153/326] MCJR
[06:41:44] [154/326] CCJR
[06:41:45] [155/326] SINF
[06:41:47] [156/326] CPLX
[06:41:48] [157/326] KKTJ
[06:41:49] [158/326] GDBW
[06:41:49] [159/326] CSUB
[06:41:50] [160/326] DABA
[06:41:51] 🔄 Identity reset
[06:41:51] 🔄 Identity rotated (every 10 requests)
[06:41:52] [161/326] TITR
[06:41:53] [162/326] NYCR
[06:41:54] [163/326] RTRY
[06:41:55] [164/326] JTJL
[06:41:57] [165/326] SJCP
[06:41:58] [166/326] KCCA
[06:41:59] [167/326] MLPG
[06:42:00] [168/326] VRCK
[06:42:01] [169/326] SRIN
[06:42:03] [170/326] CXMK
[06:42:04] 🔄 Identity reset
[06:42:04] 🔄 Identity rotated (every 10 requests)
[06:42:05] [171/326] SKAD
[06:42:06] [172/326] AVTR
[06:42:07] [173/326] PTAJ
[06:42:09] [174/326] SCNK
[06:42:11] [175/326] STTI
[06:42:11] [176/326] KACR
[06:42:12] [177/326] SSDX
[06:42:14] [178/326] VRTJ
[06:42:15] [179/326] RAJD
[06:42:16] [180/326] SCIP
[06:42:17] 🔄 Identity reset
[06:42:17] 🔄 Identity rotated (every 10 requests)
[06:42:17] [181/326] RJSL
[06:42:18] [182/326] ARRS
[06:42:19] [183/326] ASMS
[06:42:20] [184/326] RDTS
[06:42:22] [185/326] DVMY
[06:42:23] [186/326] RASA
[06:42:24] [187/326] INOM
[06:42:24] [188/326] SPRS
[06:42:26] [189/326] SGCS
[06:42:27] [190/326] SALM
[06:42:28] 🔄 Identity reset
[06:42:28] 🔄 Identity rotated (every 10 requests)
[06:42:29] [191/326] PKHC
[06:42:30] [192/326] RCSV
[06:42:31] [193/326] CPKC
[06:42:32] [194/326] AACD
[06:42:33] [195/326] GGCV
[06:42:35] [196/326] SMKD
[06:42:36] [197/326] NBCH
[06:42:37] [198/326] AMCB
[06:42:38] [199/326] OPCN
[06:42:39] [200/326] DCIN
[06:42:40] 🔄 Identity reset
[06:42:40] 🔄 Identity rotated (every 10 requests)
[06:42:40] [201/326] INGW
[06:42:41] [202/326] PKKW
[06:42:42] [203/326] FNGW
[06:42:43] [204/326] GCGD
[06:42:45] [205/326] MSTW
[06:42:47] [206/326] KCCG
[06:42:48] [207/326] MRSS
[06:42:48] [208/326] CLCF
[06:42:50] [209/326] EETS
[06:42:51] [210/326] AATR
[06:42:51] 🔄 Identity reset
[06:42:51] 🔄 Identity rotated (every 10 requests)
[06:42:52] [211/326] CMMN
[06:42:54] [212/326] SCCJ
[06:42:55] [213/326] CDTK
[06:42:56] [214/326] AICP
[06:42:57] [215/326] FNBP
[06:42:58] [216/326] CBPB
[06:42:59] [217/326] CPAS
[06:43:01] [218/326] MAPM
[06:43:01] [219/326] PASD
[06:43:03] [220/326] JCMN
[06:43:04] 🔄 Identity reset
[06:43:04] 🔄 Identity rotated (every 10 requests)
[06:43:05] [221/326] MALB
[06:43:06] [222/326] SACG
[06:43:08] [223/326] DDRX
[06:43:09] [224/326] DDXB
[06:43:11] [225/326] RAMC
[06:43:13] [226/326] SANC
[06:43:14] [227/326] BCBP
[06:43:15] [228/326] ALPC
[06:43:16] [229/326] RBAC
[06:43:18] [230/326] RAJL
[06:43:19] 🔄 Identity reset
[06:43:19] 🔄 Identity rotated (every 10 requests)
[06:43:19] [231/326] MPDX
[06:43:20] [232/326] MUSC
[06:43:21] [233/326] VKMK
[06:43:22] [234/326] SKCG
[06:43:24] [235/326] ANCN
[06:43:25] [236/326] MMCJ
[06:43:26] [237/326] DCAK
[06:43:28] [238/326] SCKG
[06:43:29] [239/326] LMCK
[06:43:31] [240/326] CKKX
[06:43:32] 🔄 Identity reset
[06:43:32] 🔄 Identity rotated (every 10 requests)
[06:43:32] [241/326] ANKU
[06:43:33] [242/326] CSMD
[06:43:34] [243/326] MKMP
[06:43:35] [244/326] SVBG
[06:43:37] [245/326] ROOP
[06:43:38] [246/326] GDMT
[06:43:39] [247/326] FPPF
[06:43:41] [248/326] SFUU
[06:43:43] [249/326] ANCB
[06:43:44] [250/326] SMMC
[06:43:44] 🔄 Identity reset
[06:43:44] 🔄 Identity rotated (every 10 requests)
[06:43:45] [251/326] UGKT
[06:43:46] [252/326] JVRM
[06:43:48] [253/326] BATG
[06:43:49] [254/326] RATE
[06:43:51] [255/326] SKME
[06:43:52] [256/326] LMTP
[06:43:52] [257/326] TCBD
[06:43:53] [258/326] ESBD
[06:43:55] [259/326] GDCU
[06:43:56] [260/326] SNKT
[06:43:57] 🔄 Identity reset
[06:43:57] 🔄 Identity rotated (every 10 requests)
[06:43:57] [261/326] SRNK
[06:43:58] [262/326] SMED
[06:43:59] [263/326] CSQS
[06:44:01] [264/326] ALCS
[06:44:02] [265/326] KCKN
[06:44:03] [266/326] VCCL
[06:44:04] [267/326] MCDA
[06:44:05] [268/326] SHMI
[06:44:07] [269/326] SKHA
[06:44:08] [270/326] SVFK
[06:44:08] 🔄 Identity reset
[06:44:08] 🔄 Identity rotated (every 10 requests)
[06:44:09] [271/326] INVB
[06:44:09] [272/326] MELD
[06:44:11] [273/326] JTYS
[06:44:12] [274/326] INCM
[06:44:13] [275/326] MCDV
[06:44:14] [276/326] KSGK
[06:44:15] [277/326] ICMG
[06:44:16] [278/326] CSCV
[06:44:17] [279/326] STMD
[06:44:18] [280/326] STTR
[06:44:19] 🔄 Identity reset
[06:44:19] 🔄 Identity rotated (every 10 requests)
[06:44:20] [281/326] INVC
[06:44:21] [282/326] JTBL
[06:44:23] [283/326] SRVV
[06:44:24] [284/326] MAVC
[06:44:25] [285/326] SRPP
[06:44:26] [286/326] JGDM
[06:44:28] [287/326] MBSJ
[06:44:29] [288/326] SSLL
[06:44:30] [289/326] SLKP
[06:44:31] [290/326] NSRV
[06:44:31] 🔄 Identity reset
[06:44:31] 🔄 Identity rotated (every 10 requests)
[06:44:32] [291/326] UTDV
[06:44:33] [292/326] KICM
[06:44:34] [293/326] KCMD
[06:44:35] [294/326] TTPP
[06:44:36] [295/326] KMPV
[06:44:37] [296/326] SKTV
[06:44:37] [297/326] STCV
[06:44:39] [298/326] SRDA
[06:44:41] [299/326] JTSX
[06:44:42] [300/326] STBV
[06:44:43] 🔄 Identity reset
[06:44:43] 🔄 Identity rotated (every 10 requests)
[06:44:43] [301/326] APVZ
[06:44:44] [302/326] GSTV
[06:44:44] [303/326] NMVS
[06:44:45] [304/326] SKRT
[06:44:46] [305/326] RMDV
[06:44:48] [306/326] RATG
[06:44:50] [307/326] SJYV
[06:44:51] [308/326] NDGP
[06:44:52] [309/326] SNDG
[06:44:54] [310/326] INSR
[06:44:54] 🔄 Identity reset
[06:44:54] 🔄 Identity rotated (every 10 requests)
[06:44:56] [311/326] INSO
[06:44:56] [312/326] CCSI
[06:44:58] [313/326] RASM
[06:44:59] [314/326] NEWC
[06:45:00] [315/326] VSHL
[06:45:01] [316/326] BISW
[06:45:02] [317/326] GCNG
[06:45:03] [318/326] CWSC
[06:45:04] [319/326] SKAN
[06:45:06] [320/326] CCOA
[06:45:06] 🔄 Identity reset
[06:45:06] 🔄 Identity rotated (every 10 requests)
[06:45:07] [321/326] MCAJ
[06:45:09] [322/326] ACDE
[06:45:11] [323/326] AACM
[06:45:12] [324/326] JJCK
[06:45:13] [325/326] RCMO
[06:45:14] [326/326] GDAW
[06:45:16] 🧹 Deduping shows
[06:45:16] ✅ DONE | Shows=513 | Movies=36
[06:11:08] 🚀 SCRIPT STARTED (enhanced anti‑detection)
[06:11:08] [1/326] VCHA
[06:11:09] 🧠 New identity created
[06:11:09] [2/326] SCKO
[06:11:10] [3/326] VKTK
[06:11:10] [4/326] DXEC
[06:11:12] [5/326] CDCA
[06:11:13] [6/326] VBCZ
[06:11:14] [7/326] MSDR
[06:11:15] [8/326] ACPV
[06:11:16] [9/326] PVHB
[06:11:17] [10/326] RCNH
[06:11:18] 🔄 Identity reset
[06:11:18] 🔄 Identity rotated (every 10 requests)
[06:11:18] [11/326] IOMH
[06:11:20] [12/326] ILKS
[06:11:21] [13/326] AMSN
[06:11:21] [14/326] ANTP
[06:11:22] [15/326] SSEK
[06:11:23] [16/326] PICP
[06:11:24] [17/326] SICO
[06:11:25] [18/326] SISP
[06:11:26] [19/326] SCPI
[06:11:27] [20/326] CRPR
[06:11:27] 🔄 Identity reset
[06:11:27] 🔄 Identity rotated (every 10 requests)
[06:11:28] [21/326] DCTW
[06:11:28] [22/326] DCSP
[06:11:29] [23/326] KRPM
[06:11:31] [24/326] THKK
[06:11:32] [25/326] SNMY
[06:11:33] [26/326] AKCC
[06:11:33] [27/326] PCAT
[06:11:35] [28/326] RFGO
[06:11:36] [29/326] GGCS
[06:11:37] [30/326] ACKR
[06:11:37] 🔄 Identity reset
[06:11:37] 🔄 Identity rotated (every 10 requests)
[06:11:38] [31/326] STDO
[06:11:39] [32/326] ACKB
[06:11:40] [33/326] ALUC
[06:11:41] [34/326] MNSR
[06:11:42] [35/326] CSSL
[06:11:43] [36/326] BGGM
[06:11:44] [37/326] MANT
[06:11:45] [38/326] SOOY
[06:11:45] [39/326] VPPK
[06:11:46] [40/326] MYHJ
[06:11:47] 🔄 Identity reset
[06:11:47] 🔄 Identity rotated (every 10 requests)
[06:11:47] [41/326] KSCK
[06:11:49] [42/326] KATK
[06:11:50] [43/326] RTRT
[06:11:51] [44/326] SSTT
[06:11:51] [45/326] SSTV
[06:11:52] [46/326] LACM
[06:11:53] [47/326] SGMG
[06:11:54] [48/326] KACX
[06:11:55] [49/326] GVCP
[06:11:56] [50/326] CSNC
[06:11:57] 🔄 Identity reset
[06:11:57] 🔄 Identity rotated (every 10 requests)
[06:11:57] [51/326] SXCB
[06:11:58] [52/326] BAHS
[06:11:59] [53/326] PCBI
[06:12:01] [54/326] PSSM
[06:12:01] [55/326] RCOK
[06:12:02] [56/326] SCPF
[06:12:03] [57/326] SSAS
[06:12:04] [58/326] EVMM
[06:12:05] [59/326] SYCB
[06:12:05] [60/326] GCKI
[06:12:06] 🔄 Identity reset
[06:12:06] 🔄 Identity rotated (every 10 requests)
[06:12:06] [61/326] IAET
[06:12:07] [62/326] DDTD
[06:12:08] [63/326] GMDH
[06:12:09] [64/326] STLE
[06:12:10] [65/326] JTRA
[06:12:11] [66/326] RPPA
[06:12:12] [67/326] ARUT
[06:12:12] [68/326] JTVM
[06:12:14] [69/326] SWRH
[06:12:15] [70/326] DCPC
[06:12:15] 🔄 Identity reset
[06:12:15] 🔄 Identity rotated (every 10 requests)
[06:12:16] [71/326] RAPR
[06:12:17] [72/326] GCRT
[06:12:18] [73/326] ATUN
[06:12:19] [74/326] LTRM
[06:12:20] [75/326] TASR
[06:12:21] [76/326] RLLC
[06:12:22] [77/326] MABI
[06:12:22] [78/326] SVHB
[06:12:23] [79/326] NVTB
[06:12:24] [80/326] KCKG
[06:12:25] 🔄 Identity reset
[06:12:25] 🔄 Identity rotated (every 10 requests)
[06:12:25] [81/326] SSRN
[06:12:26] [82/326] VDDC
[06:12:27] [83/326] GKTK
[06:12:28] [84/326] YFSN
[06:12:28] [85/326] GCSG
[06:12:29] [86/326] ESSM
[06:12:30] [87/326] KRIH
[06:12:31] [88/326] GCDS
[06:12:32] [89/326] CCSH
[06:12:33] [90/326] ACSK
[06:12:33] 🔄 Identity reset
[06:12:33] 🔄 Identity rotated (every 10 requests)
[06:12:33] [91/326] APRK
[06:12:34] [92/326] ADKM
[06:12:35] [93/326] SRDM
[06:12:36] [94/326] SJMY
[06:12:37] [95/326] PGGC
[06:12:37] [96/326] INGM
[06:12:39] [97/326] LSCB
[06:12:40] [98/326] STAD
[06:12:40] [99/326] MCCR
[06:12:41] [100/326] ABCC
[06:12:42] 🔄 Identity reset
[06:12:42] 🔄 Identity rotated (every 10 requests)
[06:12:42] [101/326] RKCC
[06:12:43] [102/326] RTCR
[06:12:44] [103/326] GGBC
[06:12:45] [104/326] GCSD
[06:12:46] [105/326] LPTY
[06:12:47] [106/326] MCFD
[06:12:48] [107/326] HENN
[06:12:49] [108/326] SMKU
[06:12:50] [109/326] TNZC
[06:12:50] [110/326] DRCD
[06:12:51] 🔄 Identity reset
[06:12:51] 🔄 Identity rotated (every 10 requests)
[06:12:51] [111/326] DLCD
[06:12:52] [112/326] RCDA
[06:12:53] [113/326] COSM
[06:12:54] [114/326] MCMJ
[06:12:55] [115/326] CSTR
[06:12:56] [116/326] CVDK
[06:12:56] [117/326] INRR
[06:12:57] [118/326] RJRT
[06:12:58] [119/326] IRMR
[06:12:59] [120/326] SRCF
[06:12:59] 🔄 Identity reset
[06:12:59] 🔄 Identity rotated (every 10 requests)
[06:13:00] [121/326] GRCR
[06:13:00] [122/326] SURC
[06:13:01] [123/326] NMNH
[06:13:02] [124/326] SVBL
[06:13:03] [125/326] KACI
[06:13:04] [126/326] TDGO
[06:13:05] [127/326] KTBR
[06:13:06] [128/326] PMAD
[06:13:07] [129/326] CCPN
[06:13:07] [130/326] SBTK
[06:13:08] 🔄 Identity reset
[06:13:08] 🔄 Identity rotated (every 10 requests)
[06:13:08] [131/326] LMDK
[06:13:09] [132/326] PGDA
[06:13:10] [133/326] SRML
[06:13:11] [134/326] EVCK
[06:13:12] [135/326] RTTK
[06:13:12] [136/326] SRTU
[06:13:14] [137/326] VRSA
[06:13:15] [138/326] VARS
[06:13:16] [139/326] DSCZ
[06:13:17] [140/326] GAGA
[06:13:17] 🔄 Identity reset
[06:13:17] 🔄 Identity rotated (every 10 requests)
[06:13:18] [141/326] SARV
[06:13:19] [142/326] SEEG
[06:13:20] [143/326] GLCA
[06:13:21] [144/326] APAS
[06:13:22] [145/326] VCIA
[06:13:23] [146/326] SJTA
[06:13:24] [147/326] SABM
[06:13:25] [148/326] PPAG
[06:13:26] [149/326] RVCA
[06:13:27] [150/326] CCIA
[06:13:27] 🔄 Identity reset
[06:13:27] 🔄 Identity rotated (every 10 requests)
[06:13:28] [151/326] HTAG
[06:13:29] [152/326] SMBI
[06:13:30] [153/326] MCJR
[06:13:31] [154/326] CCJR
[06:13:32] [155/326] SINF
[06:13:33] [156/326] CPLX
[06:13:34] [157/326] KKTJ
[06:13:34] [158/326] GDBW
[06:13:35] [159/326] CSUB
[06:13:36] [160/326] DABA
[06:13:37] 🔄 Identity reset
[06:13:37] 🔄 Identity rotated (every 10 requests)
[06:13:37] [161/326] TITR
[06:13:37] [162/326] NYCR
[06:13:38] [163/326] RTRY
[06:13:39] [164/326] JTJL
[06:13:41] [165/326] SJCP
[06:13:42] [166/326] KCCA
[06:13:43] [167/326] MLPG
[06:13:43] [168/326] VRCK
[06:13:44] [169/326] SRIN
[06:13:45] [170/326] CXMK
[06:13:46] 🔄 Identity reset
[06:13:46] 🔄 Identity rotated (every 10 requests)
[06:13:46] [171/326] SKAD
[06:13:47] [172/326] AVTR
[06:13:48] [173/326] PTAJ
[06:13:48] [174/326] SCNK
[06:13:50] [175/326] STTI
[06:13:50] [176/326] KACR
[06:13:51] [177/326] SSDX
[06:13:52] [178/326] VRTJ
[06:13:53] [179/326] RAJD
[06:13:55] [180/326] SCIP
[06:13:55] 🔄 Identity reset
[06:13:55] 🔄 Identity rotated (every 10 requests)
[06:13:55] [181/326] RJSL
[06:13:56] [182/326] ARRS
[06:13:57] [183/326] ASMS
[06:13:58] [184/326] RDTS
[06:13:59] [185/326] DVMY
[06:14:00] [186/326] RASA
[06:14:01] [187/326] INOM
[06:14:02] [188/326] SPRS
[06:14:02] [189/326] SGCS
[06:14:03] [190/326] SALM
[06:14:04] 🔄 Identity reset
[06:14:04] 🔄 Identity rotated (every 10 requests)
[06:14:04] [191/326] PKHC
[06:14:05] [192/326] RCSV
[06:14:06] [193/326] CPKC
[06:14:07] [194/326] AACD
[06:14:07] [195/326] GGCV
[06:14:09] [196/326] SMKD
[06:14:09] [197/326] NBCH
[06:14:10] [198/326] AMCB
[06:14:11] [199/326] OPCN
[06:14:12] [200/326] DCIN
[06:14:12] 🔄 Identity reset
[06:14:12] 🔄 Identity rotated (every 10 requests)
[06:14:13] [201/326] INGW
[06:14:13] [202/326] PKKW
[06:14:14] [203/326] FNGW
[06:14:15] [204/326] GCGD
[06:14:16] [205/326] MSTW
[06:14:17] [206/326] KCCG
[06:14:17] [207/326] MRSS
[06:14:19] [208/326] CLCF
[06:14:20] [209/326] EETS
[06:14:21] [210/326] AATR
[06:14:21] 🔄 Identity reset
[06:14:21] 🔄 Identity rotated (every 10 requests)
[06:14:22] [211/326] CMMN
[06:14:24] [212/326] SCCJ
[06:14:25] [213/326] CDTK
[06:14:26] [214/326] AICP
[06:14:27] [215/326] FNBP
[06:14:28] [216/326] CBPB
[06:14:28] [217/326] CPAS
[06:14:29] [218/326] MAPM
[06:14:30] [219/326] PASD
[06:14:31] [220/326] JCMN
[06:14:31] 🔄 Identity reset
[06:14:31] 🔄 Identity rotated (every 10 requests)
[06:14:32] [221/326] MALB
[06:14:33] [222/326] SACG
[06:14:34] [223/326] DDRX
[06:14:35] [224/326] DDXB
[06:14:36] [225/326] RAMC
[06:14:37] [226/326] SANC
[06:14:38] [227/326] BCBP
[06:14:39] [228/326] ALPC
[06:14:39] [229/326] RBAC
[06:14:40] [230/326] RAJL
[06:14:41] 🔄 Identity reset
[06:14:41] 🔄 Identity rotated (every 10 requests)
[06:14:42] [231/326] MPDX
[06:14:42] [232/326] MUSC
[06:14:43] [233/326] VKMK
[06:14:44] [234/326] SKCG
[06:14:45] [235/326] ANCN
[06:14:46] [236/326] MMCJ
[06:14:47] [237/326] DCAK
[06:14:48] [238/326] SCKG
[06:14:49] [239/326] LMCK
[06:14:50] [240/326] CKKX
[06:14:51] 🔄 Identity reset
[06:14:51] 🔄 Identity rotated (every 10 requests)
[06:14:51] [241/326] ANKU
[06:14:52] [242/326] CSMD
[06:14:52] [243/326] MKMP
[06:14:53] [244/326] SVBG
[06:14:54] [245/326] ROOP
[06:14:55] [246/326] GDMT
[06:14:56] [247/326] FPPF
[06:14:57] [248/326] SFUU
[06:14:58] [249/326] ANCB
[06:14:59] [250/326] SMMC
[06:14:59] 🔄 Identity reset
[06:14:59] 🔄 Identity rotated (every 10 requests)
[06:14:59] [251/326] UGKT
[06:15:00] [252/326] JVRM
[06:15:01] [253/326] BATG
[06:15:02] [254/326] RATE
[06:15:03] [255/326] SKME
[06:15:04] [256/326] LMTP
[06:15:05] [257/326] TCBD
[06:15:06] [258/326] ESBD
[06:15:07] [259/326] GDCU
[06:15:08] [260/326] SNKT
[06:15:09] 🔄 Identity reset
[06:15:09] 🔄 Identity rotated (every 10 requests)
[06:15:09] [261/326] SRNK
[06:15:10] [262/326] SMED
[06:15:11] [263/326] CSQS
[06:15:12] [264/326] ALCS
[06:15:13] [265/326] KCKN
[06:15:14] [266/326] VCCL
[06:15:15] [267/326] MCDA
[06:15:15] [268/326] SHMI
[06:15:16] [269/326] SKHA
[06:15:17] [270/326] SVFK
[06:15:18] 🔄 Identity reset
[06:15:18] 🔄 Identity rotated (every 10 requests)
[06:15:19] [271/326] INVB
[06:15:19] [272/326] MELD
[06:15:20] [273/326] JTYS
[06:15:21] [274/326] INCM
[06:15:22] [275/326] MCDV
[06:15:23] [276/326] KSGK
[06:15:24] [277/326] ICMG
[06:15:24] [278/326] CSCV
[06:15:26] [279/326] STMD
[06:15:27] [280/326] STTR
[06:15:28] 🔄 Identity reset
[06:15:28] 🔄 Identity rotated (every 10 requests)
[06:15:28] [281/326] INVC
[06:15:30] [282/326] JTBL
[06:15:31] [283/326] SRVV
[06:15:32] [284/326] MAVC
[06:15:33] [285/326] SRPP
[06:15:34] [286/326] JGDM
[06:15:35] [287/326] MBSJ
[06:15:36] [288/326] SSLL
[06:15:37] [289/326] SLKP
[06:15:38] [290/326] NSRV
[06:15:38] 🔄 Identity reset
[06:15:38] 🔄 Identity rotated (every 10 requests)
[06:15:39] [291/326] UTDV
[06:15:39] [292/326] KICM
[06:15:40] [293/326] KCMD
[06:15:42] [294/326] TTPP
[06:15:42] [295/326] KMPV
[06:15:43] [296/326] SKTV
[06:15:44] [297/326] STCV
[06:15:45] [298/326] SRDA
[06:15:46] [299/326] JTSX
[06:15:47] [300/326] STBV
[06:15:47] 🔄 Identity reset
[06:15:47] 🔄 Identity rotated (every 10 requests)
[06:15:48] [301/326] APVZ
[06:15:49] [302/326] GSTV
[06:15:49] [303/326] NMVS
[06:15:50] [304/326] SKRT
[06:15:51] [305/326] RMDV
[06:15:52] [306/326] RATG
[06:15:53] [307/326] SJYV
[06:15:54] [308/326] NDGP
[06:15:55] [309/326] SNDG
[06:15:56] [310/326] INSR
[06:15:56] 🔄 Identity reset
[06:15:56] 🔄 Identity rotated (every 10 requests)
[06:15:57] [311/326] INSO
[06:15:57] [312/326] CCSI
[06:15:58] [313/326] RASM
[06:15:59] [314/326] NEWC
[06:16:01] [315/326] VSHL
[06:16:02] [316/326] BISW
[06:16:02] [317/326] GCNG
[06:16:03] [318/326] CWSC
[06:16:04] [319/326] SKAN
[06:16:05] [320/326] CCOA
[06:16:05] 🔄 Identity reset
[06:16:05] 🔄 Identity rotated (every 10 requests)
[06:16:05] [321/326] MCAJ
[06:16:06] [322/326] ACDE
[06:16:07] [323/326] AACM
[06:16:08] [324/326] JJCK
[06:16:09] [325/326] RCMO
[06:16:10] [326/326] GDAW
[06:16:11] 🧹 Deduping shows
[06:16:11] ✅ DONE | Shows=591 | Movies=40
[13:52:06] 🚀 SCRIPT STARTED (enhanced anti‑detection)
[13:52:06] [1/326] VCHA
[13:52:07] 🧠 New identity created
[13:52:07] [2/326] SCKO
[13:52:08] [3/326] VKTK
[13:52:09] [4/326] DXEC
[13:52:10] [5/326] CDCA
[13:52:11] [6/326] VBCZ
[13:52:12] [7/326] MSDR
[13:52:13] [8/326] ACPV
[13:52:14] [9/326] PVHB
[13:52:15] [10/326] RCNH
[13:52:15] 🔄 Identity reset
[13:52:15] 🔄 Identity rotated (every 10 requests)
[13:52:16] [11/326] IOMH
[13:52:17] [12/326] ILKS
[13:52:18] [13/326] AMSN
[13:52:19] [14/326] ANTP
[13:52:20] [15/326] SSEK
[13:52:22] [16/326] PICP
[13:52:23] [17/326] SICO
[13:52:24] [18/326] SISP
[13:52:26] [19/326] SCPI
[13:52:27] [20/326] CRPR
[13:52:27] 🔄 Identity reset
[13:52:27] 🔄 Identity rotated (every 10 requests)
[13:52:27] [21/326] DCTW
[13:52:28] [22/326] DCSP
[13:52:29] [23/326] KRPM
[13:52:30] [24/326] THKK
[13:52:31] [25/326] SNMY
[13:52:32] [26/326] AKCC
[13:52:33] [27/326] PCAT
[13:52:34] [28/326] RFGO
[13:52:35] [29/326] GGCS
[13:52:36] [30/326] ACKR
[13:52:36] 🔄 Identity reset
[13:52:36] 🔄 Identity rotated (every 10 requests)
[13:52:37] [31/326] STDO
[13:52:38] [32/326] ACKB
[13:52:39] [33/326] ALUC
[13:52:41] [34/326] MNSR
[13:52:42] [35/326] CSSL
[13:52:43] [36/326] BGGM
[13:52:44] [37/326] MANT
[13:52:45] [38/326] SOOY
[13:52:46] [39/326] VPPK
[13:52:47] [40/326] MYHJ
[13:52:47] 🔄 Identity reset
[13:52:47] 🔄 Identity rotated (every 10 requests)
[13:52:48] [41/326] KSCK
[13:52:49] [42/326] KATK
[13:52:50] [43/326] RTRT
[13:52:51] [44/326] SSTT
[13:52:53] [45/326] SSTV
[13:52:53] [46/326] LACM
[13:52:54] [47/326] SGMG
[13:52:56] [48/326] KACX
[13:52:57] [49/326] GVCP
[13:52:58] [50/326] CSNC
[13:52:58] 🔄 Identity reset
[13:52:58] 🔄 Identity rotated (every 10 requests)
[13:53:00] [51/326] SXCB
[13:53:01] [52/326] BAHS
[13:53:01] [53/326] PCBI
[13:53:02] [54/326] PSSM
[13:53:03] [55/326] RCOK
[13:53:04] [56/326] SCPF
[13:53:06] [57/326] SSAS
[13:53:07] [58/326] EVMM
[13:53:08] [59/326] SYCB
[13:53:09] [60/326] GCKI
[13:53:10] 🔄 Identity reset
[13:53:10] 🔄 Identity rotated (every 10 requests)
[13:53:11] [61/326] IAET
[13:53:12] [62/326] DDTD
[13:53:12] [63/326] GMDH
[13:53:14] [64/326] STLE
[13:53:14] [65/326] JTRA
[13:53:15] [66/326] RPPA
[13:53:16] [67/326] ARUT
[13:53:17] [68/326] JTVM
[13:53:19] [69/326] SWRH
[13:53:20] [70/326] DCPC
[13:53:21] 🔄 Identity reset
[13:53:21] 🔄 Identity rotated (every 10 requests)
[13:53:21] [71/326] RAPR
[13:53:23] [72/326] GCRT
[13:53:24] [73/326] ATUN
[13:53:25] [74/326] LTRM
[13:53:26] [75/326] TASR
[13:53:27] [76/326] RLLC
[13:53:27] [77/326] MABI
[13:53:28] [78/326] SVHB
[13:53:29] [79/326] NVTB
[13:53:30] [80/326] KCKG
[13:53:30] 🔄 Identity reset
[13:53:30] 🔄 Identity rotated (every 10 requests)
[13:53:31] [81/326] SSRN
[13:53:32] [82/326] VDDC
[13:53:33] [83/326] GKTK
[13:53:34] [84/326] YFSN
[13:53:34] [85/326] GCSG
[13:53:35] [86/326] ESSM
[13:53:36] [87/326] KRIH
[13:53:37] [88/326] GCDS
[13:53:38] [89/326] CCSH
[13:53:39] [90/326] ACSK
[13:53:40] 🔄 Identity reset
[13:53:40] 🔄 Identity rotated (every 10 requests)
[13:53:40] [91/326] APRK
[13:53:41] [92/326] ADKM
[13:53:42] [93/326] SRDM
[13:53:44] [94/326] SJMY
[13:53:45] [95/326] PGGC
[13:53:46] [96/326] INGM
[13:53:47] [97/326] LSCB
[13:53:48] [98/326] STAD
[13:53:50] [99/326] MCCR
[13:53:50] [100/326] ABCC
[13:53:51] 🔄 Identity reset
[13:53:51] 🔄 Identity rotated (every 10 requests)
[13:53:51] [101/326] RKCC
[13:53:52] [102/326] RTCR
[13:53:54] [103/326] GGBC
[13:53:54] [104/326] GCSD
[13:53:55] [105/326] LPTY
[13:53:56] [106/326] MCFD
[13:53:57] [107/326] HENN
[13:53:58] [108/326] SMKU
[13:53:59] [109/326] TNZC
[13:54:00] [110/326] DRCD
[13:54:01] 🔄 Identity reset
[13:54:01] 🔄 Identity rotated (every 10 requests)
[13:54:01] [111/326] DLCD
[13:54:02] [112/326] RCDA
[13:54:03] [113/326] COSM
[13:54:04] [114/326] MCMJ
[13:54:05] [115/326] CSTR
[13:54:06] [116/326] CVDK
[13:54:07] [117/326] INRR
[13:54:08] [118/326] RJRT
[13:54:09] [119/326] IRMR
[13:54:10] [120/326] SRCF
[13:54:11] 🔄 Identity reset
[13:54:11] 🔄 Identity rotated (every 10 requests)
[13:54:11] [121/326] GRCR
[13:54:12] [122/326] SURC
[13:54:13] [123/326] NMNH
[13:54:14] [124/326] SVBL
[13:54:15] [125/326] KACI
[13:54:15] [126/326] TDGO
[13:54:17] [127/326] KTBR
[13:54:19] [128/326] PMAD
[13:54:20] [129/326] CCPN
[13:54:21] [130/326] SBTK
[13:54:22] 🔄 Identity reset
[13:54:22] 🔄 Identity rotated (every 10 requests)
[13:54:23] [131/326] LMDK
[13:54:24] [132/326] PGDA
[13:54:25] [133/326] SRML
[13:54:27] [134/326] EVCK
[13:54:28] [135/326] RTTK
[13:54:28] [136/326] SRTU
[13:54:29] [137/326] VRSA
[13:54:30] [138/326] VARS
[13:54:32] [139/326] DSCZ
[13:54:34] [140/326] GAGA
[13:54:34] 🔄 Identity reset
[13:54:34] 🔄 Identity rotated (every 10 requests)
[13:54:36] [141/326] SARV
[13:54:37] [142/326] SEEG
[13:54:38] [143/326] GLCA
[13:54:40] [144/326] APAS
[13:54:40] [145/326] VCIA
[13:54:41] [146/326] SJTA
[13:54:42] [147/326] SABM
[13:54:43] [148/326] PPAG
[13:54:44] [149/326] RVCA
[13:54:45] [150/326] CCIA
[13:54:46] 🔄 Identity reset
[13:54:46] 🔄 Identity rotated (every 10 requests)
[13:54:46] [151/326] HTAG
[13:54:47] [152/326] SMBI
[13:54:48] [153/326] MCJR
[13:54:49] [154/326] CCJR
[13:54:50] [155/326] SINF
[13:54:51] [156/326] CPLX
[13:54:51] [157/326] KKTJ
[13:54:52] [158/326] GDBW
[13:54:53] [159/326] CSUB
[13:54:54] [160/326] DABA
[13:54:55] 🔄 Identity reset
[13:54:55] 🔄 Identity rotated (every 10 requests)
[13:54:55] [161/326] TITR
[13:54:57] [162/326] NYCR
[13:54:58] [163/326] RTRY
[13:54:59] [164/326] JTJL
[13:55:00] [165/326] SJCP
[13:55:01] [166/326] KCCA
[13:55:02] [167/326] MLPG
[13:55:03] [168/326] VRCK
[13:55:04] [169/326] SRIN
[13:55:05] [170/326] CXMK
[13:55:05] 🔄 Identity reset
[13:55:05] 🔄 Identity rotated (every 10 requests)
[13:55:05] [171/326] SKAD
[13:55:06] [172/326] AVTR
[13:55:07] [173/326] PTAJ
[13:55:08] [174/326] SCNK
[13:55:09] [175/326] STTI
[13:55:11] [176/326] KACR
[13:55:11] [177/326] SSDX
[13:55:13] [178/326] VRTJ
[13:55:14] [179/326] RAJD
[13:55:15] [180/326] SCIP
[13:55:16] 🔄 Identity reset
[13:55:16] 🔄 Identity rotated (every 10 requests)
[13:55:16] [181/326] RJSL
[13:55:17] [182/326] ARRS
[13:55:18] [183/326] ASMS
[13:55:19] [184/326] RDTS
[13:55:20] [185/326] DVMY
[13:55:21] [186/326] RASA
[13:55:22] [187/326] INOM
[13:55:23] [188/326] SPRS
[13:55:24] [189/326] SGCS
[13:55:25] [190/326] SALM
[13:55:26] 🔄 Identity reset
[13:55:26] 🔄 Identity rotated (every 10 requests)
[13:55:26] [191/326] PKHC
[13:55:27] [192/326] RCSV
[13:55:28] [193/326] CPKC
[13:55:29] [194/326] AACD
[13:55:30] [195/326] GGCV
[13:55:30] [196/326] SMKD
[13:55:31] [197/326] NBCH
[13:55:32] [198/326] AMCB
[13:55:34] [199/326] OPCN
[13:55:35] [200/326] DCIN
[13:55:36] 🔄 Identity reset
[13:55:36] 🔄 Identity rotated (every 10 requests)
[13:55:36] [201/326] INGW
[13:55:37] [202/326] PKKW
[13:55:38] [203/326] FNGW
[13:55:39] [204/326] GCGD
[13:55:40] [205/326] MSTW
[13:55:41] [206/326] KCCG
[13:55:42] [207/326] MRSS
[13:55:43] [208/326] CLCF
[13:55:44] [209/326] EETS
[13:55:45] [210/326] AATR
[13:55:45] 🔄 Identity reset
[13:55:45] 🔄 Identity rotated (every 10 requests)
[13:55:46] [211/326] CMMN
[13:55:47] [212/326] SCCJ
[13:55:48] [213/326] CDTK
[13:55:49] [214/326] AICP
[13:55:50] [215/326] FNBP
[13:55:51] [216/326] CBPB
[13:55:52] [217/326] CPAS
[13:55:53] [218/326] MAPM
[13:55:54] [219/326] PASD
[13:55:55] [220/326] JCMN
[13:55:55] 🔄 Identity reset
[13:55:55] 🔄 Identity rotated (every 10 requests)
[13:55:56] [221/326] MALB
[13:55:57] [222/326] SACG
[13:55:58] [223/326] DDRX
[13:55:59] [224/326] DDXB
[13:56:00] [225/326] RAMC
[13:56:01] [226/326] SANC
[13:56:02] [227/326] BCBP
[13:56:04] [228/326] ALPC
[13:56:05] [229/326] RBAC
[13:56:06] [230/326] RAJL
[13:56:07] 🔄 Identity reset
[13:56:07] 🔄 Identity rotated (every 10 requests)
[13:56:07] [231/326] MPDX
[13:56:08] [232/326] MUSC
[13:56:09] [233/326] VKMK
[13:56:10] [234/326] SKCG
[13:56:12] [235/326] ANCN
[13:56:13] [236/326] MMCJ
[13:56:14] [237/326] DCAK
[13:56:15] [238/326] SCKG
[13:56:16] [239/326] LMCK
[13:56:17] [240/326] CKKX
[13:56:18] 🔄 Identity reset
[13:56:18] 🔄 Identity rotated (every 10 requests)
[13:56:18] [241/326] ANKU
[13:56:19] [242/326] CSMD
[13:56:20] [243/326] MKMP
[13:56:21] [244/326] SVBG
[13:56:22] [245/326] ROOP
[13:56:23] [246/326] GDMT
[13:56:24] [247/326] FPPF
[13:56:25] [248/326] SFUU
[13:56:26] [249/326] ANCB
[13:56:27] [250/326] SMMC
[13:56:27] 🔄 Identity reset
[13:56:27] 🔄 Identity rotated (every 10 requests)
[13:56:28] [251/326] UGKT
[13:56:29] [252/326] JVRM
[13:56:30] [253/326] BATG
[13:56:31] [254/326] RATE
[13:56:32] [255/326] SKME
[13:56:33] [256/326] LMTP
[13:56:34] [257/326] TCBD
[13:56:35] [258/326] ESBD
[13:56:36] [259/326] GDCU
[13:56:37] [260/326] SNKT
[13:56:37] 🔄 Identity reset
[13:56:37] 🔄 Identity rotated (every 10 requests)
[13:56:38] [261/326] SRNK
[13:56:38] [262/326] SMED
[13:56:39] [263/326] CSQS
[13:56:40] [264/326] ALCS
[13:56:41] [265/326] KCKN
[13:56:42] [266/326] VCCL
[13:56:43] [267/326] MCDA
[13:56:44] [268/326] SHMI
[13:56:45] [269/326] SKHA
[13:56:46] [270/326] SVFK
[13:56:46] 🔄 Identity reset
[13:56:46] 🔄 Identity rotated (every 10 requests)
[13:56:47] [271/326] INVB
[13:56:48] [272/326] MELD
[13:56:49] [273/326] JTYS
[13:56:51] [274/326] INCM
[13:56:52] [275/326] MCDV
[13:56:53] [276/326] KSGK
[13:56:54] [277/326] ICMG
[13:56:55] [278/326] CSCV
[13:56:56] [279/326] STMD
[13:56:57] [280/326] STTR
[13:56:58] 🔄 Identity reset
[13:56:58] 🔄 Identity rotated (every 10 requests)
[13:56:58] [281/326] INVC
[13:56:59] [282/326] JTBL
[13:57:00] [283/326] SRVV
[13:57:01] [284/326] MAVC
[13:57:02] [285/326] SRPP
[13:57:03] [286/326] JGDM
[13:57:04] [287/326] MBSJ
[13:57:05] [288/326] SSLL
[13:57:06] [289/326] SLKP
[13:57:07] [290/326] NSRV
[13:57:07] 🔄 Identity reset
[13:57:07] 🔄 Identity rotated (every 10 requests)
[13:57:08] [291/326] UTDV
[13:57:09] [292/326] KICM
[13:57:10] [293/326] KCMD
[13:57:11] [294/326] TTPP
[13:57:12] [295/326] KMPV
[13:57:12] [296/326] SKTV
[13:57:14] [297/326] STCV
[13:57:15] [298/326] SRDA
[13:57:17] [299/326] JTSX
[13:57:18] [300/326] STBV
[13:57:18] 🔄 Identity reset
[13:57:18] 🔄 Identity rotated (every 10 requests)
[13:57:18] [301/326] APVZ
[13:57:20] [302/326] GSTV
[13:57:22] [303/326] NMVS
[13:57:23] [304/326] SKRT
[13:57:24] [305/326] RMDV
[13:57:25] [306/326] RATG
[13:57:26] [307/326] SJYV
[13:57:27] [308/326] NDGP
[13:57:28] [309/326] SNDG
[13:57:28] [310/326] INSR
[13:57:29] 🔄 Identity reset
[13:57:29] 🔄 Identity rotated (every 10 requests)
[13:57:29] [311/326] INSO
[13:57:30] [312/326] CCSI
[13:57:31] [313/326] RASM
[13:57:32] [314/326] NEWC
[13:57:33] [315/326] VSHL
[13:57:34] [316/326] BISW
[13:57:35] [317/326] GCNG
[13:57:36] [318/326] CWSC
[13:57:37] [319/326] SKAN
[13:57:38] [320/326] CCOA
[13:57:39] 🔄 Identity reset
[13:57:39] 🔄 Identity rotated (every 10 requests)
[13:57:39] [321/326] MCAJ
[13:57:40] [322/326] ACDE
[13:57:41] [323/326] AACM
[13:57:42] [324/326] JJCK
[13:57:43] [325/326] RCMO
[13:57:43] [326/326] GDAW
[13:57:44] 🧹 Deduping shows
[13:57:44] ✅ DONE | Shows=720 | Movies=55
[00:18:07] 🚀 SCRIPT STARTED
[00:18:07] [1/326] VCHA
[00:18:07] 🧠 New identity created
[00:18:08] [2/326] SCKO
[00:18:09] [3/326] VKTK
[00:18:10] [4/326] DXEC
[00:18:10] [5/326] CDCA
[00:18:11] [6/326] VBCZ
[00:18:12] [7/326] MSDR
[00:18:13] [8/326] ACPV
[00:18:14] [9/326] PVHB
[00:18:15] [10/326] RCNH
[00:18:15] 🔄 Identity reset
[00:18:15] 🔄 Identity rotated (every 10 requests)
[00:18:16] [11/326] IOMH
[00:18:16] [12/326] ILKS
[00:18:17] [13/326] AMSN
[00:18:18] [14/326] ANTP
[00:18:20] [15/326] SSEK
[00:18:20] [16/326] PICP
[00:18:21] [17/326] SICO
[00:18:22] [18/326] SISP
[00:18:23] [19/326] SCPI
[00:18:24] [20/326] CRPR
[00:18:24] 🔄 Identity reset
[00:18:24] 🔄 Identity rotated (every 10 requests)
[00:18:25] [21/326] DCTW
[00:18:25] [22/326] DCSP
[00:18:26] [23/326] KRPM
[00:18:27] [24/326] THKK
[00:18:28] [25/326] SNMY
[00:18:30] [26/326] AKCC
[00:18:31] [27/326] PCAT
[00:18:32] [28/326] RFGO
[00:18:32] [29/326] GGCS
[00:18:33] [30/326] ACKR
[00:18:33] 🔄 Identity reset
[00:18:33] 🔄 Identity rotated (every 10 requests)
[00:18:34] [31/326] STDO
[00:18:35] [32/326] ACKB
[00:18:36] [33/326] ALUC
[00:18:37] [34/326] MNSR
[00:18:38] [35/326] CSSL
[00:18:39] [36/326] BGGM
[00:18:40] [37/326] MANT
[00:18:40] [38/326] SOOY
[00:18:41] [39/326] VPPK
[00:18:42] [40/326] MYHJ
[00:18:42] 🔄 Identity reset
[00:18:42] 🔄 Identity rotated (every 10 requests)
[00:18:43] [41/326] KSCK
[00:18:44] [42/326] KATK
[00:18:45] [43/326] RTRT
[00:18:46] [44/326] SSTT
[00:18:47] [45/326] SSTV
[00:18:48] [46/326] LACM
[00:18:49] [47/326] SGMG
[00:18:50] [48/326] KACX
[00:18:51] [49/326] GVCP
[00:18:52] [50/326] CSNC
[00:18:52] 🔄 Identity reset
[00:18:52] 🔄 Identity rotated (every 10 requests)
[00:18:54] [51/326] SXCB
[00:18:55] [52/326] BAHS
[00:18:55] [53/326] PCBI
[00:18:56] [54/326] PSSM
[00:18:57] [55/326] RCOK
[00:18:58] [56/326] SCPF
[00:19:00] [57/326] SSAS
[00:19:01] [58/326] EVMM
[00:19:01] [59/326] SYCB
[00:19:02] [60/326] GCKI
[00:19:02] 🔄 Identity reset
[00:19:02] 🔄 Identity rotated (every 10 requests)
[00:19:03] [61/326] IAET
[00:19:04] [62/326] DDTD
[00:19:05] [63/326] GMDH
[00:19:06] [64/326] STLE
[00:19:07] [65/326] JTRA
[00:19:07] [66/326] RPPA
[00:19:08] [67/326] ARUT
[00:19:09] [68/326] JTVM
[00:19:10] [69/326] SWRH
[00:19:11] [70/326] DCPC
[00:19:11] 🔄 Identity reset
[00:19:11] 🔄 Identity rotated (every 10 requests)
[00:19:12] [71/326] RAPR
[00:19:13] [72/326] GCRT
[00:19:14] [73/326] ATUN
[00:19:15] [74/326] LTRM
[00:19:15] [75/326] TASR
[00:19:16] [76/326] RLLC
[00:19:17] [77/326] MABI
[00:19:18] [78/326] SVHB
[00:19:19] [79/326] NVTB
[00:19:20] [80/326] KCKG
[00:19:20] 🔄 Identity reset
[00:19:20] 🔄 Identity rotated (every 10 requests)
[00:19:21] [81/326] SSRN
[00:19:25] [82/326] VDDC
[00:19:26] [83/326] GKTK
[00:19:27] [84/326] YFSN
[00:19:28] [85/326] GCSG
[00:19:29] [86/326] ESSM
[00:19:29] [87/326] KRIH
[00:19:31] [88/326] GCDS
[00:19:32] [89/326] CCSH
[00:19:33] [90/326] ACSK
[00:19:33] 🔄 Identity reset
[00:19:33] 🔄 Identity rotated (every 10 requests)
[00:19:34] [91/326] APRK
[00:19:35] [92/326] ADKM
[00:19:36] [93/326] SRDM
[00:19:36] [94/326] SJMY
[00:19:37] [95/326] PGGC
[00:19:38] [96/326] INGM
[00:19:39] [97/326] LSCB
[00:19:40] [98/326] STAD
[00:19:41] [99/326] MCCR
[00:19:42] [100/326] ABCC
[00:19:42] 🔄 Identity reset
[00:19:42] 🔄 Identity rotated (every 10 requests)
[00:19:43] [101/326] RKCC
[00:19:44] [102/326] RTCR
[00:19:45] [103/326] GGBC
[00:19:46] [104/326] GCSD
[00:19:48] [105/326] LPTY
[00:19:48] [106/326] MCFD
[00:19:49] [107/326] HENN
[00:19:50] [108/326] SMKU
[00:19:51] [109/326] TNZC
[00:19:52] [110/326] DRCD
[00:19:52] 🔄 Identity reset
[00:19:52] 🔄 Identity rotated (every 10 requests)
[00:19:53] [111/326] DLCD
[00:19:54] [112/326] RCDA
[00:19:55] [113/326] COSM
[00:19:56] [114/326] MCMJ
[00:19:57] [115/326] CSTR
[00:19:57] [116/326] CVDK
[00:19:58] [117/326] INRR
[00:19:59] [118/326] RJRT
[00:20:00] [119/326] IRMR
[00:20:01] [120/326] SRCF
[00:20:01] 🔄 Identity reset
[00:20:01] 🔄 Identity rotated (every 10 requests)
[00:20:02] [121/326] GRCR
[00:20:04] [122/326] SURC
[00:20:05] [123/326] NMNH
[00:20:06] [124/326] SVBL
[00:20:07] [125/326] KACI
[00:20:08] [126/326] TDGO
[00:20:09] [127/326] KTBR
[00:20:10] [128/326] PMAD
[00:20:10] [129/326] CCPN
[00:20:12] [130/326] SBTK
[00:20:12] 🔄 Identity reset
[00:20:12] 🔄 Identity rotated (every 10 requests)
[00:20:13] [131/326] LMDK
[00:20:14] [132/326] PGDA
[00:20:16] [133/326] SRML
[00:20:17] [134/326] EVCK
[00:20:19] [135/326] RTTK
[00:20:20] [136/326] SRTU
[00:20:21] [137/326] VRSA
[00:20:22] [138/326] VARS
[00:20:23] [139/326] DSCZ
[00:20:24] [140/326] GAGA
[00:20:24] 🔄 Identity reset
[00:20:24] 🔄 Identity rotated (every 10 requests)
[00:20:25] [141/326] SARV
[00:20:26] [142/326] SEEG
[00:20:27] [143/326] GLCA
[00:20:28] [144/326] APAS
[00:20:29] [145/326] VCIA
[00:20:30] [146/326] SJTA
[00:20:31] [147/326] SABM
[00:20:31] [148/326] PPAG
[00:20:32] [149/326] RVCA
[00:20:33] [150/326] CCIA
[00:20:33] 🔄 Identity reset
[00:20:33] 🔄 Identity rotated (every 10 requests)
[00:20:34] [151/326] HTAG
[00:20:36] [152/326] SMBI
[00:20:37] [153/326] MCJR
[00:20:38] [154/326] CCJR
[00:20:39] [155/326] SINF
[00:20:40] [156/326] CPLX
[00:20:41] [157/326] KKTJ
[00:20:42] [158/326] GDBW
[00:20:42] [159/326] CSUB
[00:20:43] [160/326] DABA
[00:20:43] 🔄 Identity reset
[00:20:43] 🔄 Identity rotated (every 10 requests)
[00:20:44] [161/326] TITR
[00:20:45] [162/326] NYCR
[00:20:46] [163/326] RTRY
[00:20:47] [164/326] JTJL
[00:20:48] [165/326] SJCP
[00:20:49] [166/326] KCCA
[00:20:50] [167/326] MLPG
[00:20:50] [168/326] VRCK
[00:20:51] [169/326] SRIN
[00:20:53] [170/326] CXMK
[00:20:53] 🔄 Identity reset
[00:20:53] 🔄 Identity rotated (every 10 requests)
[00:20:54] [171/326] SKAD
[00:20:55] [172/326] AVTR
[00:20:56] [173/326] PTAJ
[00:20:57] [174/326] SCNK
[00:20:58] [175/326] STTI
[00:20:59] [176/326] KACR
[00:21:00] [177/326] SSDX
[00:21:01] [178/326] VRTJ
[00:21:02] [179/326] RAJD
[00:21:03] [180/326] SCIP
[00:21:03] 🔄 Identity reset
[00:21:03] 🔄 Identity rotated (every 10 requests)
[00:21:04] [181/326] RJSL
[00:21:04] [182/326] ARRS
[00:21:05] [183/326] ASMS
[00:21:06] [184/326] RDTS
[00:21:07] [185/326] DVMY
[00:21:08] [186/326] RASA
[00:21:09] [187/326] INOM
[00:21:10] [188/326] SPRS
[00:21:11] [189/326] SGCS
[00:21:12] [190/326] SALM
[00:21:12] 🔄 Identity reset
[00:21:12] 🔄 Identity rotated (every 10 requests)
[00:21:13] [191/326] PKHC
[00:21:13] [192/326] RCSV
[00:21:14] [193/326] CPKC
[00:21:15] [194/326] AACD
[00:21:16] [195/326] GGCV
[00:21:17] [196/326] SMKD
[00:21:18] [197/326] NBCH
[00:21:18] [198/326] AMCB
[00:21:19] [199/326] OPCN
[00:21:20] [200/326] DCIN
[00:21:20] 🔄 Identity reset
[00:21:20] 🔄 Identity rotated (every 10 requests)
[00:21:21] [201/326] INGW
[00:21:22] [202/326] PKKW
[00:21:24] [203/326] FNGW
[00:21:25] [204/326] GCGD
[00:21:26] [205/326] MSTW
[00:21:27] [206/326] KCCG
[00:21:28] [207/326] MRSS
[00:21:30] [208/326] CLCF
[00:21:30] [209/326] EETS
[00:21:31] [210/326] AATR
[00:21:31] 🔄 Identity reset
[00:21:31] 🔄 Identity rotated (every 10 requests)
[00:21:32] [211/326] CMMN
[00:21:33] [212/326] SCCJ
[00:21:34] [213/326] CDTK
[00:21:36] [214/326] AICP
[00:21:37] [215/326] FNBP
[00:21:39] [216/326] CBPB
[00:21:40] [217/326] CPAS
[00:21:41] [218/326] MAPM
[00:21:43] [219/326] PASD
[00:21:44] [220/326] JCMN
[00:21:44] 🔄 Identity reset
[00:21:44] 🔄 Identity rotated (every 10 requests)
[00:21:46] [221/326] MALB
[00:21:47] [222/326] SACG
[00:21:48] [223/326] DDRX
[00:21:49] [224/326] DDXB
[00:21:50] [225/326] RAMC
[00:21:51] [226/326] SANC
[00:21:52] [227/326] BCBP
[00:21:53] [228/326] ALPC
[00:21:53] [229/326] RBAC
[00:21:55] [230/326] RAJL
[00:21:55] 🔄 Identity reset
[00:21:55] 🔄 Identity rotated (every 10 requests)
[00:21:56] [231/326] MPDX
[00:21:58] [232/326] MUSC
[00:21:59] [233/326] VKMK
[00:21:59] [234/326] SKCG
[00:22:01] [235/326] ANCN
[00:22:01] [236/326] MMCJ
[00:22:02] [237/326] DCAK
[00:22:03] [238/326] SCKG
[00:22:04] [239/326] LMCK
[00:22:06] [240/326] CKKX
[00:22:06] 🔄 Identity reset
[00:22:06] 🔄 Identity rotated (every 10 requests)
[00:22:07] [241/326] ANKU
[00:22:09] [242/326] CSMD
[00:22:10] [243/326] MKMP
[00:22:12] [244/326] SVBG
[00:22:14] [245/326] ROOP
[00:22:15] [246/326] GDMT
[00:22:16] [247/326] FPPF
[00:22:18] [248/326] SFUU
[00:22:19] [249/326] ANCB
[00:22:20] [250/326] SMMC
[00:22:20] 🔄 Identity reset
[00:22:20] 🔄 Identity rotated (every 10 requests)
[00:22:21] [251/326] UGKT
[00:22:22] [252/326] JVRM
[00:22:23] [253/326] BATG
[00:22:23] [254/326] RATE
[00:22:24] [255/326] SKME
[00:22:25] [256/326] LMTP
[00:22:26] [257/326] TCBD
[00:22:27] [258/326] ESBD
[00:22:28] [259/326] GDCU
[00:22:29] [260/326] SNKT
[00:22:29] 🔄 Identity reset
[00:22:29] 🔄 Identity rotated (every 10 requests)
[00:22:30] [261/326] SRNK
[00:22:31] [262/326] SMED
[00:22:32] [263/326] CSQS
[00:22:33] [264/326] ALCS
[00:22:34] [265/326] KCKN
[00:22:35] [266/326] VCCL
[00:22:35] [267/326] MCDA
[00:22:36] [268/326] SHMI
[00:22:37] [269/326] SKHA
[00:22:38] [270/326] SVFK
[00:22:38] 🔄 Identity reset
[00:22:38] 🔄 Identity rotated (every 10 requests)
[00:22:39] [271/326] INVB
[00:22:40] [272/326] MELD
[00:22:41] [273/326] JTYS
[00:22:42] [274/326] INCM
[00:22:43] [275/326] MCDV
[00:22:44] [276/326] KSGK
[00:22:44] [277/326] ICMG
[00:22:45] [278/326] CSCV
[00:22:46] [279/326] STMD
[00:22:47] [280/326] STTR
[00:22:47] 🔄 Identity reset
[00:22:47] 🔄 Identity rotated (every 10 requests)
[00:22:49] [281/326] INVC
[00:22:50] [282/326] JTBL
[00:22:51] [283/326] SRVV
[00:22:53] [284/326] MAVC
[00:22:53] [285/326] SRPP
[00:22:55] [286/326] JGDM
[00:22:56] [287/326] MBSJ
[00:22:57] [288/326] SSLL
[00:22:58] [289/326] SLKP
[00:22:59] [290/326] NSRV
[00:22:59] 🔄 Identity reset
[00:22:59] 🔄 Identity rotated (every 10 requests)
[00:23:00] [291/326] UTDV
[00:23:01] [292/326] KICM
[00:23:02] [293/326] KCMD
[00:23:03] [294/326] TTPP
[00:23:03] [295/326] KMPV
[00:23:04] [296/326] SKTV
[00:23:06] [297/326] STCV
[00:23:07] [298/326] SRDA
[00:23:08] [299/326] JTSX
[00:23:09] [300/326] STBV
[00:23:09] 🔄 Identity reset
[00:23:09] 🔄 Identity rotated (every 10 requests)
[00:23:10] [301/326] APVZ
[00:23:11] [302/326] GSTV
[00:23:12] [303/326] NMVS
[00:23:13] [304/326] SKRT
[00:23:14] [305/326] RMDV
[00:23:14] [306/326] RATG
[00:23:15] [307/326] SJYV
[00:23:16] [308/326] NDGP
[00:23:17] [309/326] SNDG
[00:23:18] [310/326] INSR
[00:23:18] 🔄 Identity reset
[00:23:18] 🔄 Identity rotated (every 10 requests)
[00:23:19] [311/326] INSO
[00:23:20] [312/326] CCSI
[00:23:21] [313/326] RASM
[00:23:23] [314/326] NEWC
[00:23:25] [315/326] VSHL
[00:23:26] [316/326] BISW
[00:23:26] [317/326] GCNG
[00:23:28] [318/326] CWSC
[00:23:29] [319/326] SKAN
[00:23:29] [320/326] CCOA
[00:23:29] 🔄 Identity reset
[00:23:30] 🔄 Identity rotated (every 10 requests)
[00:23:31] [321/326] MCAJ
[00:23:32] [322/326] ACDE
[00:23:33] [323/326] AACM
[00:23:34] [324/326] JJCK
[00:23:35] [325/326] RCMO
[00:23:36] [326/326] GDAW
[00:23:37] 🧹 Deduping shows
[00:23:37] ✅ DONE | Shows=1409 | Movies=73
