[06:38:21] 🚀 SCRIPT STARTED (enhanced anti‑detection)
[06:38:21] [1/326] BSAT
[06:38:22] 🧠 New identity created
[06:38:23] [2/326] RSSM
[06:38:23] [3/326] GCTA
[06:38:24] [4/326] TOPN
[06:38:25] [5/326] MCUS
[06:38:26] [6/326] SHRL
[06:38:27] [7/326] UPTP
[06:38:28] [8/326] TMMP
[06:38:29] [9/326] DNRP
[06:38:30] [10/326] SRLT
[06:38:30] 🔄 Identity reset
[06:38:30] 🔄 Identity rotated (every 10 requests)
[06:38:31] [11/326] RCNS
[06:38:32] [12/326] DCBH
[06:38:33] [13/326] NAGJ
[06:38:34] [14/326] JVRC
[06:38:35] [15/326] KRJG
[06:38:35] [16/326] SRTJ
[06:38:36] [17/326] CMXM
[06:38:37] [18/326] STMI
[06:38:38] [19/326] SLST
[06:38:40] [20/326] DTCN
[06:38:40] 🔄 Identity reset
[06:38:40] 🔄 Identity rotated (every 10 requests)
[06:38:40] [21/326] STYN
[06:38:41] [22/326] SZVR
[06:38:42] [23/326] SRKO
[06:38:43] [24/326] JTGT
[06:38:44] [25/326] SVFD
[06:38:45] [26/326] SISD
[06:38:46] [27/326] ABDD
[06:38:46] [28/326] DRCA
[06:38:47] [29/326] AVCS
[06:38:48] [30/326] MVKH
[06:38:49] 🔄 Identity reset
[06:38:49] 🔄 Identity rotated (every 10 requests)
[06:38:49] [31/326] ACPR
[06:38:50] [32/326] STIP
[06:38:51] [33/326] MTRA
[06:38:52] [34/326] RMKH
[06:38:53] [35/326] NKRL
[06:38:54] [36/326] PCWN
[06:38:54] [37/326] BLMT
[06:38:55] [38/326] GDPG
[06:38:56] [39/326] SRMX
[06:38:57] [40/326] JACP
[06:38:58] 🔄 Identity reset
[06:38:58] 🔄 Identity rotated (every 10 requests)
[06:38:58] [41/326] CPSH
[06:38:59] [42/326] MCCD
[06:39:00] [43/326] ECGH
[06:39:01] [44/326] MKCK
[06:39:01] [45/326] SRMM
[06:39:03] [46/326] SKYR
[06:39:04] [47/326] PCKC
[06:39:05] [48/326] JCMA
[06:39:06] [49/326] BSMP
[06:39:07] [50/326] VSPA
[06:39:07] 🔄 Identity reset
[06:39:07] 🔄 Identity rotated (every 10 requests)
[06:39:08] [51/326] DJYA
[06:39:09] [52/326] DIMP
[06:39:09] [53/326] FXDR
[06:39:10] [54/326] SSRC
[06:39:11] [55/326] STHP
[06:39:12] [56/326] CPPD
[06:39:13] [57/326] FCLK
[06:39:14] [58/326] SCPP
[06:39:15] [59/326] DCMJ
[06:39:17] [60/326] RCCR
[06:39:17] 🔄 Identity reset
[06:39:17] 🔄 Identity rotated (every 10 requests)
[06:39:17] [61/326] INMT
[06:39:18] [62/326] LXTK
[06:39:19] [63/326] SRYK
[06:39:20] [64/326] SGDK
[06:39:21] [65/326] PPKA
[06:39:22] [66/326] SPKA
[06:39:23] [67/326] CGHH
[06:39:24] [68/326] DCJN
[06:39:25] [69/326] SRKV
[06:39:26] [70/326] SAJC
[06:39:27] 🔄 Identity reset
[06:39:27] 🔄 Identity rotated (every 10 requests)
[06:39:27] [71/326] SUSR
[06:39:28] [72/326] STYG
[06:39:29] [73/326] NTKP
[06:39:30] [74/326] AKTG
[06:39:31] [75/326] CGCM
[06:39:32] [76/326] TULC
[06:39:33] [77/326] NYYZ
[06:39:34] [78/326] NYBW
[06:39:34] [79/326] MACB
[06:39:35] [80/326] SLVT
[06:39:36] 🔄 Identity reset
[06:39:36] 🔄 Identity rotated (every 10 requests)
[06:39:36] [81/326] SANA
[06:39:37] [82/326] ACMR
[06:39:37] [83/326] CPKN
[06:39:38] [84/326] DLGK
[06:39:39] [85/326] CWCK
[06:39:40] [86/326] FDDH
[06:39:41] [87/326] MMMD
[06:39:42] [88/326] CMEH
[06:39:43] [89/326] GGGV
[06:39:43] [90/326] SPJL
[06:39:44] 🔄 Identity reset
[06:39:44] 🔄 Identity rotated (every 10 requests)
[06:39:45] [91/326] RCCD
[06:39:46] [92/326] STTZ
[06:39:48] [93/326] BTCF
[06:39:49] [94/326] TSTZ
[06:39:49] [95/326] IPMM
[06:39:51] [96/326] PMPW
[06:39:53] [97/326] PCMZ
[06:39:53] [98/326] ESEM
[06:39:54] [99/326] PIPO
[06:39:55] [100/326] MATK
[06:39:56] 🔄 Identity reset
[06:39:56] 🔄 Identity rotated (every 10 requests)
[06:39:56] [101/326] PGHM
[06:39:56] [102/326] CTSR
[06:39:58] [103/326] CYKR
[06:39:59] [104/326] MSCM
[06:40:00] [105/326] RFNP
[06:40:01] [106/326] PDCP
[06:40:02] [107/326] NPSE
[06:40:03] [108/326] MKML
[06:40:04] [109/326] FTDP
[06:40:05] [110/326] MMXA
[06:40:05] 🔄 Identity reset
[06:40:05] 🔄 Identity rotated (every 10 requests)
[06:40:06] [111/326] CEPO
[06:40:07] [112/326] CMVP
[06:40:07] [113/326] SGTH
[06:40:08] [114/326] SAYN
[06:40:09] [115/326] URVS
[06:40:10] [116/326] VJTN
[06:40:11] [117/326] BBYK
[06:40:12] [118/326] SHBO
[06:40:13] [119/326] VCMR
[06:40:14] [120/326] MACT
[06:40:14] 🔄 Identity reset
[06:40:14] 🔄 Identity rotated (every 10 requests)
[06:40:15] [121/326] JMNP
[06:40:16] [122/326] VICS
[06:40:16] [123/326] VCDA
[06:40:18] [124/326] GCMM
[06:40:18] [125/326] INVS
[06:40:20] [126/326] SCGM
[06:40:20] [127/326] PCDA
[06:40:22] [128/326] KDCT
[06:40:23] [129/326] JACS
[06:40:24] [130/326] GMMC
[06:40:25] 🔄 Identity reset
[06:40:25] 🔄 Identity rotated (every 10 requests)
[06:40:26] [131/326] AICM
[06:40:27] [132/326] TJCM
[06:40:28] [133/326] RMTI
[06:40:29] [134/326] SHAC
[06:40:30] [135/326] APJC
[06:40:30] [136/326] GCTG
[06:40:31] [137/326] SSMC
[06:40:32] [138/326] THRM
[06:40:33] [139/326] RBCT
[06:40:34] [140/326] DIKT
[06:40:35] 🔄 Identity reset
[06:40:35] 🔄 Identity rotated (every 10 requests)
[06:40:35] [141/326] MIDL
[06:40:36] [142/326] VCSN
[06:40:37] [143/326] SKTG
[06:40:38] [144/326] SMWC
[06:40:39] [145/326] MNKH
[06:40:40] [146/326] PIAT
[06:40:41] [147/326] LTTP
[06:40:42] [148/326] PTPU
[06:40:43] [149/326] ACMG
[06:40:44] [150/326] SHMM
[06:40:45] 🔄 Identity reset
[06:40:45] 🔄 Identity rotated (every 10 requests)
[06:40:45] [151/326] MCMN
[06:40:46] [152/326] GLDC
[06:40:47] [153/326] HOUT
[06:40:48] [154/326] SVRP
[06:40:49] [155/326] PVDN
[06:40:50] [156/326] SCPY
[06:40:50] [157/326] DTPY
[06:40:52] [158/326] GKCS
[06:40:53] [159/326] NCAM
[06:40:53] [160/326] BSRM
[06:40:54] 🔄 Identity reset
[06:40:54] 🔄 Identity rotated (every 10 requests)
[06:40:55] [161/326] RCLC
[06:40:56] [162/326] SKKD
[06:40:57] [163/326] ACHU
[06:40:58] [164/326] RSCF
[06:41:00] [165/326] IMSH
[06:41:02] [166/326] MACX
[06:41:03] [167/326] HMMW
[06:41:04] [168/326] JTCP
[06:41:04] [169/326] SREN
[06:41:06] [170/326] PJRR
[06:41:07] 🔄 Identity reset
[06:41:07] 🔄 Identity rotated (every 10 requests)
[06:41:07] [171/326] INAC
[06:41:08] [172/326] BMCA
[06:41:09] [173/326] SHCB
[06:41:10] [174/326] GABA
[06:41:11] [175/326] SBCT
[06:41:11] [176/326] GCMA
[06:41:12] [177/326] MYTK
[06:41:13] [178/326] INZS
[06:41:14] [179/326] RMIK
[06:41:15] [180/326] NYCH
[06:41:16] 🔄 Identity reset
[06:41:16] 🔄 Identity rotated (every 10 requests)
[06:41:16] [181/326] RAVE
[06:41:17] [182/326] PSXM
[06:41:18] [183/326] MCGP
[06:41:19] [184/326] PDDK
[06:41:20] [185/326] SPCK
[06:41:21] [186/326] MCRL
[06:41:22] [187/326] MHKT
[06:41:23] [188/326] ANRR
[06:41:24] [189/326] SAPK
[06:41:25] [190/326] NCUK
[06:41:25] 🔄 Identity reset
[06:41:25] 🔄 Identity rotated (every 10 requests)
[06:41:26] [191/326] JUGA
[06:41:27] [192/326] DBSC
[06:41:27] [193/326] LALK
[06:41:28] [194/326] GUCK
[06:41:29] [195/326] STSG
[06:41:30] [196/326] PPPZ
[06:41:30] [197/326] CNCY
[06:41:31] [198/326] MTAR
[06:41:32] [199/326] VNKD
[06:41:33] [200/326] KMAJ
[06:41:34] 🔄 Identity reset
[06:41:34] 🔄 Identity rotated (every 10 requests)
[06:41:35] [201/326] ACXK
[06:41:35] [202/326] UTKC
[06:41:37] [203/326] PBLK
[06:41:38] [204/326] ACBX
[06:41:39] [205/326] PTGM
[06:41:40] [206/326] BTDA
[06:41:41] [207/326] PJMB
[06:41:42] [208/326] TPDA
[06:41:43] [209/326] AMOE
[06:41:44] [210/326] PRHT
[06:41:44] 🔄 Identity reset
[06:41:44] 🔄 Identity rotated (every 10 requests)
[06:41:45] [211/326] PRTA
[06:41:46] [212/326] STAM
[06:41:48] [213/326] MSAA
[06:41:49] [214/326] SDLU
[06:41:50] [215/326] RCHH
[06:41:50] [216/326] KANT
[06:41:51] [217/326] FCRT
[06:41:52] [218/326] DNKM
[06:41:53] [219/326] RYCP
[06:41:54] [220/326] MYRP
[06:41:55] 🔄 Identity reset
[06:41:55] 🔄 Identity rotated (every 10 requests)
[06:41:56] [221/326] PPAK
[06:41:57] [222/326] NVPK
[06:41:58] [223/326] PRMC
[06:42:00] [224/326] JBCS
[06:42:01] [225/326] GXCK
[06:42:02] [226/326] USKO
[06:42:04] [227/326] GTEM
[06:42:05] [228/326] SMBU
[06:42:07] [229/326] VETC
[06:42:08] [230/326] LCDA
[06:42:09] 🔄 Identity reset
[06:42:09] 🔄 Identity rotated (every 10 requests)
[06:42:10] [231/326] MTVT
[06:42:12] [232/326] PYCP
[06:42:13] [233/326] PNSC
[06:42:14] [234/326] PPCC
[06:42:15] [235/326] TGRT
[06:42:16] [236/326] JYOT
[06:42:17] [237/326] SRCZ
[06:42:18] [238/326] SJTE
[06:42:19] [239/326] DESC
[06:42:20] [240/326] JHVN
[06:42:21] 🔄 Identity reset
[06:42:21] 🔄 Identity rotated (every 10 requests)
[06:42:22] [241/326] IPSG
[06:42:22] [242/326] IPCM
[06:42:24] [243/326] PDRS
[06:42:24] [244/326] ANCV
[06:42:25] [245/326] CMVV
[06:42:26] [246/326] SHYP
[06:42:27] [247/326] DNCS
[06:42:28] [248/326] GAJK
[06:42:29] [249/326] AKTN
[06:42:30] [250/326] KAYA
[06:42:30] 🔄 Identity reset
[06:42:30] 🔄 Identity rotated (every 10 requests)
[06:42:31] [251/326] SBRC
[06:42:31] [252/326] CHTP
[06:42:32] [253/326] SHRT
[06:42:33] [254/326] BCKU
[06:42:34] [255/326] FCPS
[06:42:36] [256/326] ARDD
[06:42:37] [257/326] CPCM
[06:42:37] [258/326] CGSM
[06:42:38] [259/326] PSMP
[06:42:40] [260/326] SDAL
[06:42:41] 🔄 Identity reset
[06:42:41] 🔄 Identity rotated (every 10 requests)
[06:42:41] [261/326] RTNB
[06:42:42] [262/326] LMCR
[06:42:44] [263/326] CIMA
[06:42:44] [264/326] RNAS
[06:42:45] [265/326] LITH
[06:42:46] [266/326] PBOX
[06:42:47] [267/326] FRTS
[06:42:48] [268/326] RKIC
[06:42:49] [269/326] PTAI
[06:42:50] [270/326] GCIC
[06:42:50] 🔄 Identity reset
[06:42:50] 🔄 Identity rotated (every 10 requests)
[06:42:50] [271/326] FNAS
[06:42:52] [272/326] SCAR
[06:42:53] [273/326] MTCA
[06:42:54] [274/326] SCTS
[06:42:55] [275/326] SYCS
[06:42:55] [276/326] RDMS
[06:42:56] [277/326] KAMP
[06:42:58] [278/326] ERSD
[06:42:59] [279/326] MJMJ
[06:43:00] [280/326] SRCJ
[06:43:00] 🔄 Identity reset
[06:43:00] 🔄 Identity rotated (every 10 requests)
[06:43:01] [281/326] SCXE
[06:43:02] [282/326] SVFR
[06:43:03] [283/326] BHCS
[06:43:04] [284/326] IMCC
[06:43:04] [285/326] PCBO
[06:43:05] [286/326] PRVN
[06:43:07] [287/326] AUPM
[06:43:08] [288/326] INBW
[06:43:09] [289/326] SVCW
[06:43:10] [290/326] RKCF
[06:43:10] 🔄 Identity reset
[06:43:10] 🔄 Identity rotated (every 10 requests)
[06:43:11] [291/326] UVBH
[06:43:12] [292/326] DNCY
[06:43:12] [293/326] ABCN
[06:43:13] [294/326] PRUR
[06:43:14] [295/326] PFMR
[06:43:15] [296/326] RKCN
[06:43:16] [297/326] CFEA
[06:43:17] [298/326] SDBG
[06:43:18] [299/326] SNAR
[06:43:19] [300/326] YISI
[06:43:19] 🔄 Identity reset
[06:43:19] 🔄 Identity rotated (every 10 requests)
[06:43:20] [301/326] JCFF
[06:43:21] [302/326] VTRK
[06:43:22] [303/326] PCLZ
[06:43:23] [304/326] DIMY
[06:43:24] [305/326] BBTS
[06:43:26] [306/326] GATH
[06:43:27] [307/326] GTMN
[06:43:28] [308/326] VTMH
[06:43:30] [309/326] CCKP
[06:43:31] [310/326] GPKA
[06:43:32] 🔄 Identity reset
[06:43:32] 🔄 Identity rotated (every 10 requests)
[06:43:32] [311/326] MHCL
[06:43:33] [312/326] ATCL
[06:43:34] [313/326] SBCK
[06:43:35] [314/326] AMMR
[06:43:36] [315/326] MADC
[06:43:37] [316/326] TMMA
[06:43:38] [317/326] CACC
[06:43:39] [318/326] CHAL
[06:43:40] [319/326] DURG
[06:43:41] [320/326] GMKU
[06:43:42] 🔄 Identity reset
[06:43:42] 🔄 Identity rotated (every 10 requests)
[06:43:42] [321/326] GECA
[06:43:43] [322/326] KYRR
[06:43:44] [323/326] KSDE
[06:43:45] [324/326] LMCI
[06:43:46] [325/326] NKCP
[06:43:47] [326/326] BGTC
[06:43:48] 🧹 Deduping shows
[06:43:48] ✅ DONE | Shows=497 | Movies=36
[06:11:36] 🚀 SCRIPT STARTED (enhanced anti‑detection)
[06:11:36] [1/326] BSAT
[06:11:37] 🧠 New identity created
[06:11:37] [2/326] RSSM
[06:11:38] [3/326] GCTA
[06:11:39] [4/326] TOPN
[06:11:40] [5/326] MCUS
[06:11:41] [6/326] SHRL
[06:11:41] [7/326] UPTP
[06:11:42] [8/326] TMMP
[06:11:43] [9/326] DNRP
[06:11:44] [10/326] SRLT
[06:11:45] 🔄 Identity reset
[06:11:45] 🔄 Identity rotated (every 10 requests)
[06:11:45] [11/326] RCNS
[06:11:46] [12/326] DCBH
[06:11:47] [13/326] NAGJ
[06:11:48] [14/326] JVRC
[06:11:48] [15/326] KRJG
[06:11:50] [16/326] SRTJ
[06:11:51] [17/326] CMXM
[06:11:52] [18/326] STMI
[06:11:53] [19/326] SLST
[06:11:54] [20/326] DTCN
[06:11:55] 🔄 Identity reset
[06:11:55] 🔄 Identity rotated (every 10 requests)
[06:11:55] [21/326] STYN
[06:11:56] [22/326] SZVR
[06:11:57] [23/326] SRKO
[06:11:58] [24/326] JTGT
[06:11:58] [25/326] SVFD
[06:12:00] [26/326] SISD
[06:12:01] [27/326] ABDD
[06:12:02] [28/326] DRCA
[06:12:03] [29/326] AVCS
[06:12:04] [30/326] MVKH
[06:12:04] 🔄 Identity reset
[06:12:04] 🔄 Identity rotated (every 10 requests)
[06:12:05] [31/326] ACPR
[06:12:06] [32/326] STIP
[06:12:07] [33/326] MTRA
[06:12:08] [34/326] RMKH
[06:12:09] [35/326] NKRL
[06:12:10] [36/326] PCWN
[06:12:11] [37/326] BLMT
[06:12:12] [38/326] GDPG
[06:12:13] [39/326] SRMX
[06:12:14] [40/326] JACP
[06:12:14] 🔄 Identity reset
[06:12:14] 🔄 Identity rotated (every 10 requests)
[06:12:15] [41/326] CPSH
[06:12:15] [42/326] MCCD
[06:12:16] [43/326] ECGH
[06:12:17] [44/326] MKCK
[06:12:18] [45/326] SRMM
[06:12:19] [46/326] SKYR
[06:12:20] [47/326] PCKC
[06:12:20] [48/326] JCMA
[06:12:21] [49/326] BSMP
[06:12:22] [50/326] VSPA
[06:12:23] 🔄 Identity reset
[06:12:23] 🔄 Identity rotated (every 10 requests)
[06:12:23] [51/326] DJYA
[06:12:24] [52/326] DIMP
[06:12:25] [53/326] FXDR
[06:12:26] [54/326] SSRC
[06:12:27] [55/326] STHP
[06:12:28] [56/326] CPPD
[06:12:29] [57/326] FCLK
[06:12:30] [58/326] SCPP
[06:12:31] [59/326] DCMJ
[06:12:32] [60/326] RCCR
[06:12:32] 🔄 Identity reset
[06:12:32] 🔄 Identity rotated (every 10 requests)
[06:12:32] [61/326] INMT
[06:12:33] [62/326] LXTK
[06:12:34] [63/326] SRYK
[06:12:35] [64/326] SGDK
[06:12:36] [65/326] PPKA
[06:12:37] [66/326] SPKA
[06:12:38] [67/326] CGHH
[06:12:38] [68/326] DCJN
[06:12:40] [69/326] SRKV
[06:12:41] [70/326] SAJC
[06:12:41] 🔄 Identity reset
[06:12:41] 🔄 Identity rotated (every 10 requests)
[06:12:42] [71/326] SUSR
[06:12:43] [72/326] STYG
[06:12:43] [73/326] NTKP
[06:12:44] [74/326] AKTG
[06:12:45] [75/326] CGCM
[06:12:46] [76/326] TULC
[06:12:47] [77/326] NYYZ
[06:12:48] [78/326] NYBW
[06:12:50] [79/326] MACB
[06:12:51] [80/326] SLVT
[06:12:51] 🔄 Identity reset
[06:12:51] 🔄 Identity rotated (every 10 requests)
[06:12:52] [81/326] SANA
[06:12:52] [82/326] ACMR
[06:12:53] [83/326] CPKN
[06:12:54] [84/326] DLGK
[06:12:55] [85/326] CWCK
[06:12:57] [86/326] FDDH
[06:12:58] [87/326] MMMD
[06:12:58] [88/326] CMEH
[06:12:59] [89/326] GGGV
[06:13:00] [90/326] SPJL
[06:13:01] 🔄 Identity reset
[06:13:01] 🔄 Identity rotated (every 10 requests)
[06:13:01] [91/326] RCCD
[06:13:02] [92/326] STTZ
[06:13:03] [93/326] BTCF
[06:13:03] [94/326] TSTZ
[06:13:05] [95/326] IPMM
[06:13:05] [96/326] PMPW
[06:13:06] [97/326] PCMZ
[06:13:07] [98/326] ESEM
[06:13:08] [99/326] PIPO
[06:13:09] [100/326] MATK
[06:13:09] 🔄 Identity reset
[06:13:09] 🔄 Identity rotated (every 10 requests)
[06:13:10] [101/326] PGHM
[06:13:10] [102/326] CTSR
[06:13:11] [103/326] CYKR
[06:13:12] [104/326] MSCM
[06:13:13] [105/326] RFNP
[06:13:14] [106/326] PDCP
[06:13:15] [107/326] NPSE
[06:13:16] [108/326] MKML
[06:13:17] [109/326] FTDP
[06:13:18] [110/326] MMXA
[06:13:18] 🔄 Identity reset
[06:13:18] 🔄 Identity rotated (every 10 requests)
[06:13:19] [111/326] CEPO
[06:13:21] [112/326] CMVP
[06:13:22] [113/326] SGTH
[06:13:23] [114/326] SAYN
[06:13:23] [115/326] URVS
[06:13:24] [116/326] VJTN
[06:13:25] [117/326] BBYK
[06:13:26] [118/326] SHBO
[06:13:27] [119/326] VCMR
[06:13:27] [120/326] MACT
[06:13:28] 🔄 Identity reset
[06:13:28] 🔄 Identity rotated (every 10 requests)
[06:13:28] [121/326] JMNP
[06:13:29] [122/326] VICS
[06:13:30] [123/326] VCDA
[06:13:30] [124/326] GCMM
[06:13:31] [125/326] INVS
[06:13:32] [126/326] SCGM
[06:13:33] [127/326] PCDA
[06:13:34] [128/326] KDCT
[06:13:34] [129/326] JACS
[06:13:35] [130/326] GMMC
[06:13:36] 🔄 Identity reset
[06:13:36] 🔄 Identity rotated (every 10 requests)
[06:13:37] [131/326] AICM
[06:13:38] [132/326] TJCM
[06:13:39] [133/326] RMTI
[06:13:40] [134/326] SHAC
[06:13:40] [135/326] APJC
[06:13:41] [136/326] GCTG
[06:13:42] [137/326] SSMC
[06:13:43] [138/326] THRM
[06:13:44] [139/326] RBCT
[06:13:45] [140/326] DIKT
[06:13:46] 🔄 Identity reset
[06:13:46] 🔄 Identity rotated (every 10 requests)
[06:13:46] [141/326] MIDL
[06:13:47] [142/326] VCSN
[06:13:48] [143/326] SKTG
[06:13:49] [144/326] SMWC
[06:13:50] [145/326] MNKH
[06:13:50] [146/326] PIAT
[06:13:51] [147/326] LTTP
[06:13:52] [148/326] PTPU
[06:13:54] [149/326] ACMG
[06:13:56] [150/326] SHMM
[06:13:56] 🔄 Identity reset
[06:13:56] 🔄 Identity rotated (every 10 requests)
[06:13:57] [151/326] MCMN
[06:13:57] [152/326] GLDC
[06:13:58] [153/326] HOUT
[06:13:59] [154/326] SVRP
[06:14:00] [155/326] PVDN
[06:14:01] [156/326] SCPY
[06:14:02] [157/326] DTPY
[06:14:03] [158/326] GKCS
[06:14:04] [159/326] NCAM
[06:14:05] [160/326] BSRM
[06:14:05] 🔄 Identity reset
[06:14:05] 🔄 Identity rotated (every 10 requests)
[06:14:06] [161/326] RCLC
[06:14:07] [162/326] SKKD
[06:14:08] [163/326] ACHU
[06:14:08] [164/326] RSCF
[06:14:09] [165/326] IMSH
[06:14:10] [166/326] MACX
[06:14:11] [167/326] HMMW
[06:14:12] [168/326] JTCP
[06:14:13] [169/326] SREN
[06:14:14] [170/326] PJRR
[06:14:14] 🔄 Identity reset
[06:14:14] 🔄 Identity rotated (every 10 requests)
[06:14:14] [171/326] INAC
[06:14:15] [172/326] BMCA
[06:14:16] [173/326] SHCB
[06:14:16] [174/326] GABA
[06:14:17] [175/326] SBCT
[06:14:18] [176/326] GCMA
[06:14:19] [177/326] MYTK
[06:14:20] [178/326] INZS
[06:14:21] [179/326] RMIK
[06:14:22] [180/326] NYCH
[06:14:22] 🔄 Identity reset
[06:14:22] 🔄 Identity rotated (every 10 requests)
[06:14:23] [181/326] RAVE
[06:14:24] [182/326] PSXM
[06:14:24] [183/326] MCGP
[06:14:25] [184/326] PDDK
[06:14:26] [185/326] SPCK
[06:14:27] [186/326] MCRL
[06:14:28] [187/326] MHKT
[06:14:29] [188/326] ANRR
[06:14:29] [189/326] SAPK
[06:14:30] [190/326] NCUK
[06:14:31] 🔄 Identity reset
[06:14:31] 🔄 Identity rotated (every 10 requests)
[06:14:31] [191/326] JUGA
[06:14:32] [192/326] DBSC
[06:14:33] [193/326] LALK
[06:14:34] [194/326] GUCK
[06:14:35] [195/326] STSG
[06:14:36] [196/326] PPPZ
[06:14:36] [197/326] CNCY
[06:14:37] [198/326] MTAR
[06:14:38] [199/326] VNKD
[06:14:39] [200/326] KMAJ
[06:14:40] 🔄 Identity reset
[06:14:40] 🔄 Identity rotated (every 10 requests)
[06:14:40] [201/326] ACXK
[06:14:42] [202/326] UTKC
[06:14:43] [203/326] PBLK
[06:14:44] [204/326] ACBX
[06:14:45] [205/326] PTGM
[06:14:46] [206/326] BTDA
[06:14:47] [207/326] PJMB
[06:14:49] [208/326] TPDA
[06:14:50] [209/326] AMOE
[06:14:52] [210/326] PRHT
[06:14:52] 🔄 Identity reset
[06:14:52] 🔄 Identity rotated (every 10 requests)
[06:14:53] [211/326] PRTA
[06:14:53] [212/326] STAM
[06:14:54] [213/326] MSAA
[06:14:56] [214/326] SDLU
[06:14:57] [215/326] RCHH
[06:14:58] [216/326] KANT
[06:14:59] [217/326] FCRT
[06:15:00] [218/326] DNKM
[06:15:01] [219/326] RYCP
[06:15:02] [220/326] MYRP
[06:15:03] 🔄 Identity reset
[06:15:03] 🔄 Identity rotated (every 10 requests)
[06:15:03] [221/326] PPAK
[06:15:04] [222/326] NVPK
[06:15:05] [223/326] PRMC
[06:15:06] [224/326] JBCS
[06:15:07] [225/326] GXCK
[06:15:08] [226/326] USKO
[06:15:09] [227/326] GTEM
[06:15:09] [228/326] SMBU
[06:15:10] [229/326] VETC
[06:15:11] [230/326] LCDA
[06:15:11] 🔄 Identity reset
[06:15:11] 🔄 Identity rotated (every 10 requests)
[06:15:12] [231/326] MTVT
[06:15:13] [232/326] PYCP
[06:15:13] [233/326] PNSC
[06:15:15] [234/326] PPCC
[06:15:16] [235/326] TGRT
[06:15:17] [236/326] JYOT
[06:15:17] [237/326] SRCZ
[06:15:18] [238/326] SJTE
[06:15:19] [239/326] DESC
[06:15:20] [240/326] JHVN
[06:15:20] 🔄 Identity reset
[06:15:20] 🔄 Identity rotated (every 10 requests)
[06:15:21] [241/326] IPSG
[06:15:21] [242/326] IPCM
[06:15:22] [243/326] PDRS
[06:15:23] [244/326] ANCV
[06:15:24] [245/326] CMVV
[06:15:25] [246/326] SHYP
[06:15:26] [247/326] DNCS
[06:15:27] [248/326] GAJK
[06:15:28] [249/326] AKTN
[06:15:29] [250/326] KAYA
[06:15:29] 🔄 Identity reset
[06:15:29] 🔄 Identity rotated (every 10 requests)
[06:15:30] [251/326] SBRC
[06:15:31] [252/326] CHTP
[06:15:32] [253/326] SHRT
[06:15:33] [254/326] BCKU
[06:15:33] [255/326] FCPS
[06:15:34] [256/326] ARDD
[06:15:35] [257/326] CPCM
[06:15:36] [258/326] CGSM
[06:15:37] [259/326] PSMP
[06:15:38] [260/326] SDAL
[06:15:39] 🔄 Identity reset
[06:15:39] 🔄 Identity rotated (every 10 requests)
[06:15:39] [261/326] RTNB
[06:15:40] [262/326] LMCR
[06:15:41] [263/326] CIMA
[06:15:42] [264/326] RNAS
[06:15:42] [265/326] LITH
[06:15:43] [266/326] PBOX
[06:15:44] [267/326] FRTS
[06:15:45] [268/326] RKIC
[06:15:46] [269/326] PTAI
[06:15:47] [270/326] GCIC
[06:15:48] 🔄 Identity reset
[06:15:48] 🔄 Identity rotated (every 10 requests)
[06:15:48] [271/326] FNAS
[06:15:49] [272/326] SCAR
[06:15:49] [273/326] MTCA
[06:15:50] [274/326] SCTS
[06:15:51] [275/326] SYCS
[06:15:52] [276/326] RDMS
[06:15:53] [277/326] KAMP
[06:15:54] [278/326] ERSD
[06:15:54] [279/326] MJMJ
[06:15:55] [280/326] SRCJ
[06:15:56] 🔄 Identity reset
[06:15:56] 🔄 Identity rotated (every 10 requests)
[06:15:56] [281/326] SCXE
[06:15:57] [282/326] SVFR
[06:15:58] [283/326] BHCS
[06:15:59] [284/326] IMCC
[06:16:00] [285/326] PCBO
[06:16:01] [286/326] PRVN
[06:16:02] [287/326] AUPM
[06:16:04] [288/326] INBW
[06:16:05] [289/326] SVCW
[06:16:06] [290/326] RKCF
[06:16:07] 🔄 Identity reset
[06:16:07] 🔄 Identity rotated (every 10 requests)
[06:16:07] [291/326] UVBH
[06:16:08] [292/326] DNCY
[06:16:09] [293/326] ABCN
[06:16:11] [294/326] PRUR
[06:16:12] [295/326] PFMR
[06:16:12] [296/326] RKCN
[06:16:13] [297/326] CFEA
[06:16:14] [298/326] SDBG
[06:16:15] [299/326] SNAR
[06:16:16] [300/326] YISI
[06:16:16] 🔄 Identity reset
[06:16:16] 🔄 Identity rotated (every 10 requests)
[06:16:17] [301/326] JCFF
[06:16:17] [302/326] VTRK
[06:16:18] [303/326] PCLZ
[06:16:19] [304/326] DIMY
[06:16:21] [305/326] BBTS
[06:16:21] [306/326] GATH
[06:16:22] [307/326] GTMN
[06:16:23] [308/326] VTMH
[06:16:24] [309/326] CCKP
[06:16:25] [310/326] GPKA
[06:16:25] 🔄 Identity reset
[06:16:25] 🔄 Identity rotated (every 10 requests)
[06:16:25] [311/326] MHCL
[06:16:27] [312/326] ATCL
[06:16:27] [313/326] SBCK
[06:16:28] [314/326] AMMR
[06:16:29] [315/326] MADC
[06:16:30] [316/326] TMMA
[06:16:31] [317/326] CACC
[06:16:32] [318/326] CHAL
[06:16:33] [319/326] DURG
[06:16:34] [320/326] GMKU
[06:16:34] 🔄 Identity reset
[06:16:34] 🔄 Identity rotated (every 10 requests)
[06:16:34] [321/326] GECA
[06:16:35] [322/326] KYRR
[06:16:35] [323/326] KSDE
[06:16:36] [324/326] LMCI
[06:16:37] [325/326] NKCP
[06:16:38] [326/326] BGTC
[06:16:39] 🧹 Deduping shows
[06:16:39] ✅ DONE | Shows=618 | Movies=48
[13:52:10] 🚀 SCRIPT STARTED (enhanced anti‑detection)
[13:52:10] [1/326] BSAT
[13:52:11] 🧠 New identity created
[13:52:11] [2/326] RSSM
[13:52:12] [3/326] GCTA
[13:52:13] [4/326] TOPN
[13:52:14] [5/326] MCUS
[13:52:15] [6/326] SHRL
[13:52:16] [7/326] UPTP
[13:52:17] [8/326] TMMP
[13:52:18] [9/326] DNRP
[13:52:19] [10/326] SRLT
[13:52:19] 🔄 Identity reset
[13:52:19] 🔄 Identity rotated (every 10 requests)
[13:52:20] [11/326] RCNS
[13:52:21] [12/326] DCBH
[13:52:22] [13/326] NAGJ
[13:52:23] [14/326] JVRC
[13:52:24] [15/326] KRJG
[13:52:25] [16/326] SRTJ
[13:52:26] [17/326] CMXM
[13:52:27] [18/326] STMI
[13:52:28] [19/326] SLST
[13:52:29] [20/326] DTCN
[13:52:29] 🔄 Identity reset
[13:52:29] 🔄 Identity rotated (every 10 requests)
[13:52:30] [21/326] STYN
[13:52:31] [22/326] SZVR
[13:52:32] [23/326] SRKO
[13:52:32] [24/326] JTGT
[13:52:33] [25/326] SVFD
[13:52:34] [26/326] SISD
[13:52:35] [27/326] ABDD
[13:52:37] [28/326] DRCA
[13:52:38] [29/326] AVCS
[13:52:39] [30/326] MVKH
[13:52:39] 🔄 Identity reset
[13:52:39] 🔄 Identity rotated (every 10 requests)
[13:52:40] [31/326] ACPR
[13:52:41] [32/326] STIP
[13:52:41] [33/326] MTRA
[13:52:43] [34/326] RMKH
[13:52:44] [35/326] NKRL
[13:52:45] [36/326] PCWN
[13:52:45] [37/326] BLMT
[13:52:47] [38/326] GDPG
[13:52:48] [39/326] SRMX
[13:52:49] [40/326] JACP
[13:52:50] 🔄 Identity reset
[13:52:50] 🔄 Identity rotated (every 10 requests)
[13:52:50] [41/326] CPSH
[13:52:51] [42/326] MCCD
[13:52:52] [43/326] ECGH
[13:52:53] [44/326] MKCK
[13:52:54] [45/326] SRMM
[13:52:55] [46/326] SKYR
[13:52:56] [47/326] PCKC
[13:52:57] [48/326] JCMA
[13:52:58] [49/326] BSMP
[13:52:59] [50/326] VSPA
[13:53:00] 🔄 Identity reset
[13:53:00] 🔄 Identity rotated (every 10 requests)
[13:53:00] [51/326] DJYA
[13:53:01] [52/326] DIMP
[13:53:02] [53/326] FXDR
[13:53:03] [54/326] SSRC
[13:53:04] [55/326] STHP
[13:53:05] [56/326] CPPD
[13:53:06] [57/326] FCLK
[13:53:06] [58/326] SCPP
[13:53:07] [59/326] DCMJ
[13:53:09] [60/326] RCCR
[13:53:10] 🔄 Identity reset
[13:53:10] 🔄 Identity rotated (every 10 requests)
[13:53:10] [61/326] INMT
[13:53:12] [62/326] LXTK
[13:53:13] [63/326] SRYK
[13:53:14] [64/326] SGDK
[13:53:15] [65/326] PPKA
[13:53:16] [66/326] SPKA
[13:53:17] [67/326] CGHH
[13:53:17] [68/326] DCJN
[13:53:18] [69/326] SRKV
[13:53:19] [70/326] SAJC
[13:53:20] 🔄 Identity reset
[13:53:20] 🔄 Identity rotated (every 10 requests)
[13:53:20] [71/326] SUSR
[13:53:21] [72/326] STYG
[13:53:23] [73/326] NTKP
[13:53:24] [74/326] AKTG
[13:53:26] [75/326] CGCM
[13:53:28] [76/326] TULC
[13:53:29] [77/326] NYYZ
[13:53:30] [78/326] NYBW
[13:53:31] [79/326] MACB
[13:53:31] [80/326] SLVT
[13:53:32] 🔄 Identity reset
[13:53:32] 🔄 Identity rotated (every 10 requests)
[13:53:32] [81/326] SANA
[13:53:34] [82/326] ACMR
[13:53:36] [83/326] CPKN
[13:53:37] [84/326] DLGK
[13:53:38] [85/326] CWCK
[13:53:39] [86/326] FDDH
[13:53:40] [87/326] MMMD
[13:53:41] [88/326] CMEH
[13:53:42] [89/326] GGGV
[13:53:43] [90/326] SPJL
[13:53:43] 🔄 Identity reset
[13:53:43] 🔄 Identity rotated (every 10 requests)
[13:53:44] [91/326] RCCD
[13:53:44] [92/326] STTZ
[13:53:45] [93/326] BTCF
[13:53:46] [94/326] TSTZ
[13:53:47] [95/326] IPMM
[13:53:48] [96/326] PMPW
[13:53:49] [97/326] PCMZ
[13:53:50] [98/326] ESEM
[13:53:51] [99/326] PIPO
[13:53:52] [100/326] MATK
[13:53:52] 🔄 Identity reset
[13:53:52] 🔄 Identity rotated (every 10 requests)
[13:53:53] [101/326] PGHM
[13:53:54] [102/326] CTSR
[13:53:54] [103/326] CYKR
[13:53:55] [104/326] MSCM
[13:53:56] [105/326] RFNP
[13:53:57] [106/326] PDCP
[13:53:58] [107/326] NPSE
[13:53:59] [108/326] MKML
[13:54:00] [109/326] FTDP
[13:54:01] [110/326] MMXA
[13:54:02] 🔄 Identity reset
[13:54:02] 🔄 Identity rotated (every 10 requests)
[13:54:02] [111/326] CEPO
[13:54:03] [112/326] CMVP
[13:54:04] [113/326] SGTH
[13:54:05] [114/326] SAYN
[13:54:06] [115/326] URVS
[13:54:07] [116/326] VJTN
[13:54:09] [117/326] BBYK
[13:54:10] [118/326] SHBO
[13:54:11] [119/326] VCMR
[13:54:12] [120/326] MACT
[13:54:12] 🔄 Identity reset
[13:54:12] 🔄 Identity rotated (every 10 requests)
[13:54:13] [121/326] JMNP
[13:54:13] [122/326] VICS
[13:54:14] [123/326] VCDA
[13:54:15] [124/326] GCMM
[13:54:16] [125/326] INVS
[13:54:17] [126/326] SCGM
[13:54:18] [127/326] PCDA
[13:54:19] [128/326] KDCT
[13:54:21] [129/326] JACS
[13:54:22] [130/326] GMMC
[13:54:22] 🔄 Identity reset
[13:54:22] 🔄 Identity rotated (every 10 requests)
[13:54:23] [131/326] AICM
[13:54:23] [132/326] TJCM
[13:54:24] [133/326] RMTI
[13:54:25] [134/326] SHAC
[13:54:26] [135/326] APJC
[13:54:27] [136/326] GCTG
[13:54:28] [137/326] SSMC
[13:54:29] [138/326] THRM
[13:54:30] [139/326] RBCT
[13:54:31] [140/326] DIKT
[13:54:32] 🔄 Identity reset
[13:54:32] 🔄 Identity rotated (every 10 requests)
[13:54:32] [141/326] MIDL
[13:54:33] [142/326] VCSN
[13:54:34] [143/326] SKTG
[13:54:35] [144/326] SMWC
[13:54:37] [145/326] MNKH
[13:54:38] [146/326] PIAT
[13:54:39] [147/326] LTTP
[13:54:40] [148/326] PTPU
[13:54:41] [149/326] ACMG
[13:54:43] [150/326] SHMM
[13:54:44] 🔄 Identity reset
[13:54:44] 🔄 Identity rotated (every 10 requests)
[13:54:44] [151/326] MCMN
[13:54:45] [152/326] GLDC
[13:54:46] [153/326] HOUT
[13:54:47] [154/326] SVRP
[13:54:48] [155/326] PVDN
[13:54:49] [156/326] SCPY
[13:54:50] [157/326] DTPY
[13:54:51] [158/326] GKCS
[13:54:52] [159/326] NCAM
[13:54:53] [160/326] BSRM
[13:54:53] 🔄 Identity reset
[13:54:53] 🔄 Identity rotated (every 10 requests)
[13:54:54] [161/326] RCLC
[13:54:54] [162/326] SKKD
[13:54:55] [163/326] ACHU
[13:54:56] [164/326] RSCF
[13:54:57] [165/326] IMSH
[13:54:58] [166/326] MACX
[13:54:59] [167/326] HMMW
[13:55:00] [168/326] JTCP
[13:55:01] [169/326] SREN
[13:55:02] [170/326] PJRR
[13:55:03] 🔄 Identity reset
[13:55:03] 🔄 Identity rotated (every 10 requests)
[13:55:03] [171/326] INAC
[13:55:04] [172/326] BMCA
[13:55:05] [173/326] SHCB
[13:55:06] [174/326] GABA
[13:55:07] [175/326] SBCT
[13:55:08] [176/326] GCMA
[13:55:09] [177/326] MYTK
[13:55:10] [178/326] INZS
[13:55:10] [179/326] RMIK
[13:55:11] [180/326] NYCH
[13:55:12] 🔄 Identity reset
[13:55:12] 🔄 Identity rotated (every 10 requests)
[13:55:12] [181/326] RAVE
[13:55:13] [182/326] PSXM
[13:55:14] [183/326] MCGP
[13:55:15] [184/326] PDDK
[13:55:16] [185/326] SPCK
[13:55:17] [186/326] MCRL
[13:55:18] [187/326] MHKT
[13:55:18] [188/326] ANRR
[13:55:19] [189/326] SAPK
[13:55:20] [190/326] NCUK
[13:55:21] 🔄 Identity reset
[13:55:21] 🔄 Identity rotated (every 10 requests)
[13:55:21] [191/326] JUGA
[13:55:22] [192/326] DBSC
[13:55:23] [193/326] LALK
[13:55:24] [194/326] GUCK
[13:55:26] [195/326] STSG
[13:55:26] [196/326] PPPZ
[13:55:27] [197/326] CNCY
[13:55:29] [198/326] MTAR
[13:55:30] [199/326] VNKD
[13:55:31] [200/326] KMAJ
[13:55:31] 🔄 Identity reset
[13:55:31] 🔄 Identity rotated (every 10 requests)
[13:55:32] [201/326] ACXK
[13:55:33] [202/326] UTKC
[13:55:33] [203/326] PBLK
[13:55:34] [204/326] ACBX
[13:55:35] [205/326] PTGM
[13:55:36] [206/326] BTDA
[13:55:37] [207/326] PJMB
[13:55:38] [208/326] TPDA
[13:55:39] [209/326] AMOE
[13:55:40] [210/326] PRHT
[13:55:40] 🔄 Identity reset
[13:55:40] 🔄 Identity rotated (every 10 requests)
[13:55:41] [211/326] PRTA
[13:55:41] [212/326] STAM
[13:55:43] [213/326] MSAA
[13:55:44] [214/326] SDLU
[13:55:45] [215/326] RCHH
[13:55:46] [216/326] KANT
[13:55:46] [217/326] FCRT
[13:55:47] [218/326] DNKM
[13:55:48] [219/326] RYCP
[13:55:49] [220/326] MYRP
[13:55:50] 🔄 Identity reset
[13:55:50] 🔄 Identity rotated (every 10 requests)
[13:55:50] [221/326] PPAK
[13:55:51] [222/326] NVPK
[13:55:52] [223/326] PRMC
[13:55:53] [224/326] JBCS
[13:55:54] [225/326] GXCK
[13:55:55] [226/326] USKO
[13:55:56] [227/326] GTEM
[13:55:57] [228/326] SMBU
[13:55:58] [229/326] VETC
[13:55:59] [230/326] LCDA
[13:56:00] 🔄 Identity reset
[13:56:00] 🔄 Identity rotated (every 10 requests)
[13:56:00] [231/326] MTVT
[13:56:01] [232/326] PYCP
[13:56:02] [233/326] PNSC
[13:56:03] [234/326] PPCC
[13:56:03] [235/326] TGRT
[13:56:05] [236/326] JYOT
[13:56:06] [237/326] SRCZ
[13:56:07] [238/326] SJTE
[13:56:08] [239/326] DESC
[13:56:09] [240/326] JHVN
[13:56:09] 🔄 Identity reset
[13:56:09] 🔄 Identity rotated (every 10 requests)
[13:56:10] [241/326] IPSG
[13:56:12] [242/326] IPCM
[13:56:13] [243/326] PDRS
[13:56:13] [244/326] ANCV
[13:56:14] [245/326] CMVV
[13:56:15] [246/326] SHYP
[13:56:16] [247/326] DNCS
[13:56:17] [248/326] GAJK
[13:56:18] [249/326] AKTN
[13:56:19] [250/326] KAYA
[13:56:20] 🔄 Identity reset
[13:56:20] 🔄 Identity rotated (every 10 requests)
[13:56:20] [251/326] SBRC
[13:56:21] [252/326] CHTP
[13:56:22] [253/326] SHRT
[13:56:23] [254/326] BCKU
[13:56:24] [255/326] FCPS
[13:56:25] [256/326] ARDD
[13:56:27] [257/326] CPCM
[13:56:27] [258/326] CGSM
[13:56:28] [259/326] PSMP
[13:56:29] [260/326] SDAL
[13:56:30] 🔄 Identity reset
[13:56:30] 🔄 Identity rotated (every 10 requests)
[13:56:30] [261/326] RTNB
[13:56:31] [262/326] LMCR
[13:56:32] [263/326] CIMA
[13:56:33] [264/326] RNAS
[13:56:34] [265/326] LITH
[13:56:35] [266/326] PBOX
[13:56:35] [267/326] FRTS
[13:56:36] [268/326] RKIC
[13:56:37] [269/326] PTAI
[13:56:38] [270/326] GCIC
[13:56:39] 🔄 Identity reset
[13:56:39] 🔄 Identity rotated (every 10 requests)
[13:56:39] [271/326] FNAS
[13:56:41] [272/326] SCAR
[13:56:42] [273/326] MTCA
[13:56:43] [274/326] SCTS
[13:56:44] [275/326] SYCS
[13:56:45] [276/326] RDMS
[13:56:46] [277/326] KAMP
[13:56:47] [278/326] ERSD
[13:56:48] [279/326] MJMJ
[13:56:49] [280/326] SRCJ
[13:56:49] 🔄 Identity reset
[13:56:50] 🔄 Identity rotated (every 10 requests)
[13:56:50] [281/326] SCXE
[13:56:51] [282/326] SVFR
[13:56:52] [283/326] BHCS
[13:56:53] [284/326] IMCC
[13:56:53] [285/326] PCBO
[13:56:54] [286/326] PRVN
[13:56:55] [287/326] AUPM
[13:56:56] [288/326] INBW
[13:56:57] [289/326] SVCW
[13:56:58] [290/326] RKCF
[13:56:59] 🔄 Identity reset
[13:56:59] 🔄 Identity rotated (every 10 requests)
[13:56:59] [291/326] UVBH
[13:57:00] [292/326] DNCY
[13:57:00] [293/326] ABCN
[13:57:01] [294/326] PRUR
[13:57:02] [295/326] PFMR
[13:57:03] [296/326] RKCN
[13:57:04] [297/326] CFEA
[13:57:05] [298/326] SDBG
[13:57:07] [299/326] SNAR
[13:57:08] [300/326] YISI
[13:57:08] 🔄 Identity reset
[13:57:08] 🔄 Identity rotated (every 10 requests)
[13:57:09] [301/326] JCFF
[13:57:10] [302/326] VTRK
[13:57:11] [303/326] PCLZ
[13:57:12] [304/326] DIMY
[13:57:13] [305/326] BBTS
[13:57:14] [306/326] GATH
[13:57:15] [307/326] GTMN
[13:57:16] [308/326] VTMH
[13:57:17] [309/326] CCKP
[13:57:18] [310/326] GPKA
[13:57:18] 🔄 Identity reset
[13:57:18] 🔄 Identity rotated (every 10 requests)
[13:57:19] [311/326] MHCL
[13:57:19] [312/326] ATCL
[13:57:20] [313/326] SBCK
[13:57:21] [314/326] AMMR
[13:57:22] [315/326] MADC
[13:57:23] [316/326] TMMA
[13:57:23] [317/326] CACC
[13:57:24] [318/326] CHAL
[13:57:25] [319/326] DURG
[13:57:26] [320/326] GMKU
[13:57:27] 🔄 Identity reset
[13:57:27] 🔄 Identity rotated (every 10 requests)
[13:57:27] [321/326] GECA
[13:57:28] [322/326] KYRR
[13:57:29] [323/326] KSDE
[13:57:31] [324/326] LMCI
[13:57:32] [325/326] NKCP
[13:57:33] [326/326] BGTC
[13:57:34] 🧹 Deduping shows
[13:57:34] ✅ DONE | Shows=668 | Movies=50
[00:18:01] 🚀 SCRIPT STARTED
[00:18:01] [1/326] BSAT
[00:18:01] 🧠 New identity created
[00:18:02] [2/326] RSSM
[00:18:03] [3/326] GCTA
[00:18:04] [4/326] TOPN
[00:18:05] [5/326] MCUS
[00:18:06] [6/326] SHRL
[00:18:07] [7/326] UPTP
[00:18:07] [8/326] TMMP
[00:18:08] [9/326] DNRP
[00:18:09] [10/326] SRLT
[00:18:09] 🔄 Identity reset
[00:18:09] 🔄 Identity rotated (every 10 requests)
[00:18:11] [11/326] RCNS
[00:18:12] [12/326] DCBH
[00:18:12] [13/326] NAGJ
[00:18:13] [14/326] JVRC
[00:18:14] [15/326] KRJG
[00:18:15] [16/326] SRTJ
[00:18:16] [17/326] CMXM
[00:18:17] [18/326] STMI
[00:18:17] [19/326] SLST
[00:18:18] [20/326] DTCN
[00:18:18] 🔄 Identity reset
[00:18:18] 🔄 Identity rotated (every 10 requests)
[00:18:20] [21/326] STYN
[00:18:21] [22/326] SZVR
[00:18:22] [23/326] SRKO
[00:18:23] [24/326] JTGT
[00:18:25] [25/326] SVFD
[00:18:25] [26/326] SISD
[00:18:27] [27/326] ABDD
[00:18:28] [28/326] DRCA
[00:18:29] [29/326] AVCS
[00:18:30] [30/326] MVKH
[00:18:30] 🔄 Identity reset
[00:18:30] 🔄 Identity rotated (every 10 requests)
[00:18:30] [31/326] ACPR
[00:18:31] [32/326] STIP
[00:18:32] [33/326] MTRA
[00:18:33] [34/326] RMKH
[00:18:33] [35/326] NKRL
[00:18:34] [36/326] PCWN
[00:18:35] [37/326] BLMT
[00:18:36] [38/326] GDPG
[00:18:37] [39/326] SRMX
[00:18:38] [40/326] JACP
[00:18:38] 🔄 Identity reset
[00:18:38] 🔄 Identity rotated (every 10 requests)
[00:18:39] [41/326] CPSH
[00:18:41] [42/326] MCCD
[00:18:41] [43/326] ECGH
[00:18:42] [44/326] MKCK
[00:18:43] [45/326] SRMM
[00:18:44] [46/326] SKYR
[00:18:45] [47/326] PCKC
[00:18:46] [48/326] JCMA
[00:18:47] [49/326] BSMP
[00:18:48] [50/326] VSPA
[00:18:48] 🔄 Identity reset
[00:18:48] 🔄 Identity rotated (every 10 requests)
[00:18:49] [51/326] DJYA
[00:18:50] [52/326] DIMP
[00:18:51] [53/326] FXDR
[00:18:51] [54/326] SSRC
[00:18:52] [55/326] STHP
[00:18:53] [56/326] CPPD
[00:18:54] [57/326] FCLK
[00:18:55] [58/326] SCPP
[00:18:56] [59/326] DCMJ
[00:18:58] [60/326] RCCR
[00:18:58] 🔄 Identity reset
[00:18:58] 🔄 Identity rotated (every 10 requests)
[00:18:59] [61/326] INMT
[00:19:00] [62/326] LXTK
[00:19:01] [63/326] SRYK
[00:19:02] [64/326] SGDK
[00:19:02] [65/326] PPKA
[00:19:03] [66/326] SPKA
[00:19:05] [67/326] CGHH
[00:19:06] [68/326] DCJN
[00:19:07] [69/326] SRKV
[00:19:08] [70/326] SAJC
[00:19:08] 🔄 Identity reset
[00:19:08] 🔄 Identity rotated (every 10 requests)
[00:19:10] [71/326] SUSR
[00:19:11] [72/326] STYG
[00:19:12] [73/326] NTKP
[00:19:13] [74/326] AKTG
[00:19:14] [75/326] CGCM
[00:19:15] [76/326] TULC
[00:19:15] [77/326] NYYZ
[00:19:16] [78/326] NYBW
[00:19:17] [79/326] MACB
[00:19:18] [80/326] SLVT
[00:19:18] 🔄 Identity reset
[00:19:18] 🔄 Identity rotated (every 10 requests)
[00:19:19] [81/326] SANA
[00:19:20] [82/326] ACMR
[00:19:21] [83/326] CPKN
[00:19:22] [84/326] DLGK
[00:19:23] [85/326] CWCK
[00:19:24] [86/326] FDDH
[00:19:25] [87/326] MMMD
[00:19:26] [88/326] CMEH
[00:19:26] [89/326] GGGV
[00:19:27] [90/326] SPJL
[00:19:27] 🔄 Identity reset
[00:19:27] 🔄 Identity rotated (every 10 requests)
[00:19:28] [91/326] RCCD
[00:19:29] [92/326] STTZ
[00:19:30] [93/326] BTCF
[00:19:31] [94/326] TSTZ
[00:19:32] [95/326] IPMM
[00:19:33] [96/326] PMPW
[00:19:34] [97/326] PCMZ
[00:19:35] [98/326] ESEM
[00:19:36] [99/326] PIPO
[00:19:36] [100/326] MATK
[00:19:36] 🔄 Identity reset
[00:19:36] 🔄 Identity rotated (every 10 requests)
[00:19:37] [101/326] PGHM
[00:19:38] [102/326] CTSR
[00:19:39] [103/326] CYKR
[00:19:40] [104/326] MSCM
[00:19:41] [105/326] RFNP
[00:19:42] [106/326] PDCP
[00:19:43] [107/326] NPSE
[00:19:44] [108/326] MKML
[00:19:45] [109/326] FTDP
[00:19:46] [110/326] MMXA
[00:19:46] 🔄 Identity reset
[00:19:46] 🔄 Identity rotated (every 10 requests)
[00:19:47] [111/326] CEPO
[00:19:48] [112/326] CMVP
[00:19:49] [113/326] SGTH
[00:19:51] [114/326] SAYN
[00:19:51] [115/326] URVS
[00:19:53] [116/326] VJTN
[00:19:54] [117/326] BBYK
[00:19:56] [118/326] SHBO
[00:19:57] [119/326] VCMR
[00:19:58] [120/326] MACT
[00:19:58] 🔄 Identity reset
[00:19:58] 🔄 Identity rotated (every 10 requests)
[00:20:00] [121/326] JMNP
[00:20:01] [122/326] VICS
[00:20:02] [123/326] VCDA
[00:20:03] [124/326] GCMM
[00:20:04] [125/326] INVS
[00:20:05] [126/326] SCGM
[00:20:06] [127/326] PCDA
[00:20:07] [128/326] KDCT
[00:20:07] [129/326] JACS
[00:20:09] [130/326] GMMC
[00:20:09] 🔄 Identity reset
[00:20:09] 🔄 Identity rotated (every 10 requests)
[00:20:09] [131/326] AICM
[00:20:10] [132/326] TJCM
[00:20:11] [133/326] RMTI
[00:20:12] [134/326] SHAC
[00:20:13] [135/326] APJC
[00:20:14] [136/326] GCTG
[00:20:15] [137/326] SSMC
[00:20:16] [138/326] THRM
[00:20:17] [139/326] RBCT
[00:20:18] [140/326] DIKT
[00:20:18] 🔄 Identity reset
[00:20:18] 🔄 Identity rotated (every 10 requests)
[00:20:19] [141/326] MIDL
[00:20:20] [142/326] VCSN
[00:20:21] [143/326] SKTG
[00:20:22] [144/326] SMWC
[00:20:22] [145/326] MNKH
[00:20:24] [146/326] PIAT
[00:20:25] [147/326] LTTP
[00:20:27] [148/326] PTPU
[00:20:27] [149/326] ACMG
[00:20:28] [150/326] SHMM
[00:20:28] 🔄 Identity reset
[00:20:28] 🔄 Identity rotated (every 10 requests)
[00:20:29] [151/326] MCMN
[00:20:30] [152/326] GLDC
[00:20:31] [153/326] HOUT
[00:20:32] [154/326] SVRP
[00:20:33] [155/326] PVDN
[00:20:34] [156/326] SCPY
[00:20:35] [157/326] DTPY
[00:20:36] [158/326] GKCS
[00:20:38] [159/326] NCAM
[00:20:39] [160/326] BSRM
[00:20:39] 🔄 Identity reset
[00:20:39] 🔄 Identity rotated (every 10 requests)
[00:20:40] [161/326] RCLC
[00:20:40] [162/326] SKKD
[00:20:41] [163/326] ACHU
[00:20:42] [164/326] RSCF
[00:20:43] [165/326] IMSH
[00:20:45] [166/326] MACX
[00:20:46] [167/326] HMMW
[00:20:48] [168/326] JTCP
[00:20:50] [169/326] SREN
[00:20:50] [170/326] PJRR
[00:20:50] 🔄 Identity reset
[00:20:50] 🔄 Identity rotated (every 10 requests)
[00:20:52] [171/326] INAC
[00:20:53] [172/326] BMCA
[00:20:54] [173/326] SHCB
[00:20:55] [174/326] GABA
[00:20:56] [175/326] SBCT
[00:20:57] [176/326] GCMA
[00:20:58] [177/326] MYTK
[00:20:59] [178/326] INZS
[00:21:00] [179/326] RMIK
[00:21:02] [180/326] NYCH
[00:21:02] 🔄 Identity reset
[00:21:02] 🔄 Identity rotated (every 10 requests)
[00:21:03] [181/326] RAVE
[00:21:04] [182/326] PSXM
[00:21:05] [183/326] MCGP
[00:21:05] [184/326] PDDK
[00:21:06] [185/326] SPCK
[00:21:08] [186/326] MCRL
[00:21:09] [187/326] MHKT
[00:21:10] [188/326] ANRR
[00:21:10] [189/326] SAPK
[00:21:11] [190/326] NCUK
[00:21:11] 🔄 Identity reset
[00:21:11] 🔄 Identity rotated (every 10 requests)
[00:21:13] [191/326] JUGA
[00:21:14] [192/326] DBSC
[00:21:15] [193/326] LALK
[00:21:16] [194/326] GUCK
[00:21:17] [195/326] STSG
[00:21:18] [196/326] PPPZ
[00:21:19] [197/326] CNCY
[00:21:19] [198/326] MTAR
[00:21:20] [199/326] VNKD
[00:21:21] [200/326] KMAJ
[00:21:21] 🔄 Identity reset
[00:21:21] 🔄 Identity rotated (every 10 requests)
[00:21:22] [201/326] ACXK
[00:21:23] [202/326] UTKC
[00:21:24] [203/326] PBLK
[00:21:25] [204/326] ACBX
[00:21:26] [205/326] PTGM
[00:21:27] [206/326] BTDA
[00:21:28] [207/326] PJMB
[00:21:29] [208/326] TPDA
[00:21:30] [209/326] AMOE
[00:21:30] [210/326] PRHT
[00:21:30] 🔄 Identity reset
[00:21:30] 🔄 Identity rotated (every 10 requests)
[00:21:32] [211/326] PRTA
[00:21:33] [212/326] STAM
[00:21:34] [213/326] MSAA
[00:21:34] [214/326] SDLU
[00:21:35] [215/326] RCHH
[00:21:36] [216/326] KANT
[00:21:37] [217/326] FCRT
[00:21:39] [218/326] DNKM
[00:21:40] [219/326] RYCP
[00:21:40] [220/326] MYRP
[00:21:40] 🔄 Identity reset
[00:21:40] 🔄 Identity rotated (every 10 requests)
[00:21:41] [221/326] PPAK
[00:21:42] [222/326] NVPK
[00:21:43] [223/326] PRMC
[00:21:45] [224/326] JBCS
[00:21:46] [225/326] GXCK
[00:21:47] [226/326] USKO
[00:21:47] [227/326] GTEM
[00:21:48] [228/326] SMBU
[00:21:49] [229/326] VETC
[00:21:50] [230/326] LCDA
[00:21:50] 🔄 Identity reset
[00:21:50] 🔄 Identity rotated (every 10 requests)
[00:21:51] [231/326] MTVT
[00:21:52] [232/326] PYCP
[00:21:53] [233/326] PNSC
[00:21:54] [234/326] PPCC
[00:21:55] [235/326] TGRT
[00:21:56] [236/326] JYOT
[00:21:58] [237/326] SRCZ
[00:21:58] [238/326] SJTE
[00:21:59] [239/326] DESC
[00:22:00] [240/326] JHVN
[00:22:00] 🔄 Identity reset
[00:22:00] 🔄 Identity rotated (every 10 requests)
[00:22:01] [241/326] IPSG
[00:22:02] [242/326] IPCM
[00:22:03] [243/326] PDRS
[00:22:04] [244/326] ANCV
[00:22:05] [245/326] CMVV
[00:22:06] [246/326] SHYP
[00:22:07] [247/326] DNCS
[00:22:09] [248/326] GAJK
[00:22:10] [249/326] AKTN
[00:22:11] [250/326] KAYA
[00:22:11] 🔄 Identity reset
[00:22:11] 🔄 Identity rotated (every 10 requests)
[00:22:12] [251/326] SBRC
[00:22:13] [252/326] CHTP
[00:22:15] [253/326] SHRT
[00:22:16] [254/326] BCKU
[00:22:17] [255/326] FCPS
[00:22:18] [256/326] ARDD
[00:22:19] [257/326] CPCM
[00:22:20] [258/326] CGSM
[00:22:20] [259/326] PSMP
[00:22:22] [260/326] SDAL
[00:22:22] 🔄 Identity reset
[00:22:22] 🔄 Identity rotated (every 10 requests)
[00:22:22] [261/326] RTNB
[00:22:24] [262/326] LMCR
[00:22:25] [263/326] CIMA
[00:22:26] [264/326] RNAS
[00:22:27] [265/326] LITH
[00:22:28] [266/326] PBOX
[00:22:29] [267/326] FRTS
[00:22:30] [268/326] RKIC
[00:22:31] [269/326] PTAI
[00:22:32] [270/326] GCIC
[00:22:32] 🔄 Identity reset
[00:22:32] 🔄 Identity rotated (every 10 requests)
[00:22:33] [271/326] FNAS
[00:22:34] [272/326] SCAR
[00:22:35] [273/326] MTCA
[00:22:36] [274/326] SCTS
[00:22:37] [275/326] SYCS
[00:22:38] [276/326] RDMS
[00:22:39] [277/326] KAMP
[00:22:40] [278/326] ERSD
[00:22:41] [279/326] MJMJ
[00:22:42] [280/326] SRCJ
[00:22:42] 🔄 Identity reset
[00:22:42] 🔄 Identity rotated (every 10 requests)
[00:22:43] [281/326] SCXE
[00:22:43] [282/326] SVFR
[00:22:44] [283/326] BHCS
[00:22:45] [284/326] IMCC
[00:22:46] [285/326] PCBO
[00:22:47] [286/326] PRVN
[00:22:48] [287/326] AUPM
[00:22:49] [288/326] INBW
[00:22:50] [289/326] SVCW
[00:22:51] [290/326] RKCF
[00:22:51] 🔄 Identity reset
[00:22:51] 🔄 Identity rotated (every 10 requests)
[00:22:52] [291/326] UVBH
[00:22:53] [292/326] DNCY
[00:22:54] [293/326] ABCN
[00:22:55] [294/326] PRUR
[00:22:56] [295/326] PFMR
[00:22:57] [296/326] RKCN
[00:22:57] [297/326] CFEA
[00:22:59] [298/326] SDBG
[00:23:00] [299/326] SNAR
[00:23:01] [300/326] YISI
[00:23:01] 🔄 Identity reset
[00:23:01] 🔄 Identity rotated (every 10 requests)
[00:23:02] [301/326] JCFF
[00:23:03] [302/326] VTRK
[00:23:04] [303/326] PCLZ
[00:23:05] [304/326] DIMY
[00:23:06] [305/326] BBTS
[00:23:07] [306/326] GATH
[00:23:08] [307/326] GTMN
[00:23:10] [308/326] VTMH
[00:23:12] [309/326] CCKP
[00:23:13] [310/326] GPKA
[00:23:13] 🔄 Identity reset
[00:23:13] 🔄 Identity rotated (every 10 requests)
[00:23:14] [311/326] MHCL
[00:23:15] [312/326] ATCL
[00:23:15] [313/326] SBCK
[00:23:16] [314/326] AMMR
[00:23:17] [315/326] MADC
[00:23:18] [316/326] TMMA
[00:23:19] [317/326] CACC
[00:23:20] [318/326] CHAL
[00:23:21] [319/326] DURG
[00:23:23] [320/326] GMKU
[00:23:23] 🔄 Identity reset
[00:23:23] 🔄 Identity rotated (every 10 requests)
[00:23:24] [321/326] GECA
[00:23:24] [322/326] KYRR
[00:23:25] [323/326] KSDE
[00:23:26] [324/326] LMCI
[00:23:27] [325/326] NKCP
[00:23:28] [326/326] BGTC
[00:23:29] 🧹 Deduping shows
[00:23:29] ✅ DONE | Shows=1427 | Movies=71
