[00:16:11] 🚀 BMS DAILY TRACKER STARTED (enhanced anti‑detection)
[00:16:11] [1/459] NECA
[00:16:11] 🧠 New identity created
[00:16:11] [2/459] BJLC
[00:16:12] [3/459] BASU
[00:16:13] [4/459] RUPI
[00:16:14] [5/459] LCBK
[00:16:15] [6/459] PMAC
[00:16:16] [7/459] AMLC
[00:16:17] [8/459] LICL
[00:16:19] [9/459] UDMM
[00:16:19] [10/459] STBZ
[00:16:20] 🔄 Identity reset
[00:16:20] 🔄 Identity rotated (every 10 requests)
[00:16:20] [11/459] UUBT
[00:16:21] [12/459] SJKC
[00:16:22] [13/459] TUAL
[00:16:23] [14/459] MRSE
[00:16:23] [15/459] RMRK
[00:16:24] [16/459] TTKP
[00:16:26] [17/459] KTKO
[00:16:27] [18/459] SDBK
[00:16:27] [19/459] MCPR
[00:16:29] [20/459] CHTI
[00:16:30] 🔄 Identity reset
[00:16:30] 🔄 Identity rotated (every 10 requests)
[00:16:30] [21/459] GCCP
[00:16:31] [22/459] SRMY
[00:16:32] [23/459] NYST
[00:16:32] [24/459] NYAG
[00:16:33] [25/459] SBMT
[00:16:34] [26/459] INGA
[00:16:35] [27/459] WSIC
[00:16:36] [28/459] SCSS
[00:16:37] [29/459] COPG
[00:16:37] [30/459] RCGR
[00:16:38] 🔄 Identity reset
[00:16:38] 🔄 Identity rotated (every 10 requests)
[00:16:38] [31/459] TCZA
[00:16:39] [32/459] CNLP
[00:16:40] [33/459] CLKN
[00:16:40] [34/459] LHDF
[00:16:41] [35/459] ELKC
[00:16:42] [36/459] VCEM
[00:16:43] [37/459] SSZA
[00:16:44] [38/459] KRMT
[00:16:45] [39/459] LCMV
[00:16:46] [40/459] AYCZ
[00:16:46] 🔄 Identity reset
[00:16:46] 🔄 Identity rotated (every 10 requests)
[00:16:47] [41/459] CUMS
[00:16:48] [42/459] BOCK
[00:16:49] [43/459] PNMR
[00:16:50] [44/459] PJCP
[00:16:51] [45/459] JDDD
[00:16:52] [46/459] STMS
[00:16:53] [47/459] FLMB
[00:16:54] [48/459] PKCM
[00:16:54] [49/459] SPPR
[00:16:56] [50/459] EYLH
[00:16:56] 🔄 Identity reset
[00:16:56] 🔄 Identity rotated (every 10 requests)
[00:16:57] [51/459] RJCC
[00:16:58] [52/459] MMPS
[00:16:58] [53/459] SHMX
[00:16:59] [54/459] CCNL
[00:17:01] [55/459] RCNV
[00:17:02] [56/459] MAAG
[00:17:02] [57/459] LXCM
[00:17:03] [58/459] RCNI
[00:17:04] [59/459] SNNI
[00:17:05] [60/459] LALC
[00:17:05] 🔄 Identity reset
[00:17:05] 🔄 Identity rotated (every 10 requests)
[00:17:06] [61/459] SOCN
[00:17:07] [62/459] JHTP
[00:17:08] [63/459] PITP
[00:17:09] [64/459] CCKW
[00:17:10] [65/459] MCMC
[00:17:10] [66/459] DEES
[00:17:11] [67/459] SABT
[00:17:12] [68/459] VSPP
[00:17:13] [69/459] ABCT
[00:17:14] [70/459] JVTB
[00:17:14] 🔄 Identity reset
[00:17:14] 🔄 Identity rotated (every 10 requests)
[00:17:14] 🔄 Retry 1/5 for JVTB in 2.4s
[00:17:14] 🔄 Identity reset
[00:17:17] 🧠 New identity created
[00:17:17] [71/459] VCBD
[00:17:18] [72/459] RMGG
[00:17:18] [73/459] RNMH
[00:17:20] [74/459] SPGL
[00:17:21] [75/459] JTTR
[00:17:22] [76/459] SICS
[00:17:23] [77/459] SRMI
[00:17:24] [78/459] SSIJ
[00:17:26] [79/459] KFMT
[00:17:26] 🔄 Identity reset
[00:17:26] 🔄 Identity rotated (every 10 requests)
[00:17:27] [80/459] VBIT
[00:17:28] [81/459] JKCT
[00:17:29] [82/459] GCGP
[00:17:30] [83/459] GDCS
[00:17:30] [84/459] TRBA
[00:17:31] [85/459] QUST
[00:17:32] [86/459] VSHM
[00:17:33] [87/459] SDCP
[00:17:34] [88/459] SNVS
[00:17:35] [89/459] NYTO
[00:17:35] 🔄 Identity reset
[00:17:35] 🔄 Identity rotated (every 10 requests)
[00:17:36] [90/459] URWC
[00:17:37] [91/459] GTWH
[00:17:37] [92/459] PFCM
[00:17:38] [93/459] KRTA
[00:17:39] [94/459] AXMC
[00:17:39] [95/459] EVMC
[00:17:40] [96/459] HGSM
[00:17:41] [97/459] ACVM
[00:17:42] [98/459] PSKL
[00:17:42] [99/459] RDMP
[00:17:43] 🔄 Identity reset
[00:17:43] 🔄 Identity rotated (every 10 requests)
[00:17:43] 🔄 Retry 1/5 for RDMP in 2.4s
[00:17:43] 🔄 Identity reset
[00:17:45] 🧠 New identity created
[00:17:46] [100/459] RHGH
[00:17:47] [101/459] OMCM
[00:17:48] [102/459] DCCP
[00:17:48] [103/459] MCPB
[00:17:49] [104/459] ALCI
[00:17:50] [105/459] BLMX
[00:17:50] [106/459] BTMV
[00:17:51] [107/459] FVPN
[00:17:52] [108/459] CMAR
[00:17:53] 🔄 Identity reset
[00:17:53] 🔄 Identity rotated (every 10 requests)
[00:17:53] [109/459] CEIM
[00:17:54] [110/459] CMVA
[00:17:54] [111/459] CPIV
[00:17:55] [112/459] CNPE
[00:17:55] [113/459] COLV
[00:17:56] [114/459] DNNV
[00:17:56] [115/459] HCAD
[00:17:57] [116/459] TAKA
[00:17:58] [117/459] INVD
[00:17:58] [118/459] IRMM
[00:17:59] 🔄 Identity reset
[00:17:59] 🔄 Identity rotated (every 10 requests)
[00:17:59] [119/459] INSE
[00:18:00] [120/459] MRSW
[00:18:01] [121/459] MCVD
[00:18:01] [122/459] MCSO
[00:18:02] [123/459] PEVM
[00:18:03] [124/459] PVNL
[00:18:04] [125/459] PTCV
[00:18:04] [126/459] PRTC
[00:18:05] [127/459] RCVA
[00:18:07] [128/459] MTBN
[00:18:07] 🔄 Identity reset
[00:18:07] 🔄 Identity rotated (every 10 requests)
[00:18:07] [129/459] LUCP
[00:18:08] [130/459] FMPT
[00:18:09] [131/459] JLSL
[00:18:10] [132/459] SBHA
[00:18:11] [133/459] SHRC
[00:18:11] [134/459] AVPS
[00:18:12] [135/459] STPM
[00:18:13] [136/459] ATRD
[00:18:14] [137/459] VTED
[00:18:15] [138/459] ACAI
[00:18:16] 🔄 Identity reset
[00:18:16] 🔄 Identity rotated (every 10 requests)
[00:18:16] 🔄 Retry 1/5 for ACAI in 2.5s
[00:18:16] 🔄 Identity reset
[00:18:18] 🧠 New identity created
[00:18:18] [139/459] SMAE
[00:18:19] [140/459] VMAT
[00:18:20] [141/459] LKCT
[00:18:20] [142/459] JTVK
[00:18:21] [143/459] PRTY
[00:18:22] [144/459] GETT
[00:18:23] [145/459] ESAP
[00:18:23] [146/459] NCPM
[00:18:24] [147/459] PCPA
[00:18:24] 🔄 Identity reset
[00:18:24] 🔄 Identity rotated (every 10 requests)
[00:18:25] [148/459] MMOM
[00:18:25] [149/459] PHUP
[00:18:26] [150/459] CCPI
[00:18:27] [151/459] CNTD
[00:18:28] [152/459] NLJR
[00:18:29] [153/459] SRNG
[00:18:30] [154/459] MHAL
[00:18:30] [155/459] PNSM
[00:18:31] [156/459] DRMY
[00:18:32] [157/459] CCMU
[00:18:32] 🔄 Identity reset
[00:18:32] 🔄 Identity rotated (every 10 requests)
[00:18:32] [158/459] SCMY
[00:18:33] [159/459] PVSY
[00:18:34] [160/459] SDLM
[00:18:35] [161/459] ICCM
[00:18:36] [162/459] PYSU
[00:18:36] [163/459] GATM
[00:18:37] [164/459] WOTM
[00:18:38] [165/459] RKTS
[00:18:39] [166/459] PMTY
[00:18:40] [167/459] LYMS
[00:18:40] 🔄 Identity reset
[00:18:40] 🔄 Identity rotated (every 10 requests)
[00:18:40] [168/459] TGCA
[00:18:41] [169/459] DSTA
[00:18:42] [170/459] CNGE
[00:18:43] [171/459] VSTG
[00:18:43] [172/459] GTCK
[00:18:44] [173/459] TGNT
[00:18:46] [174/459] ASLC
[00:18:46] [175/459] SSST
[00:18:47] [176/459] KBTT
[00:18:47] [177/459] HKCP
[00:18:48] 🔄 Identity reset
[00:18:48] 🔄 Identity rotated (every 10 requests)
[00:18:48] [178/459] SWLC
[00:18:49] [179/459] RTND
[00:18:50] [180/459] PKKT
[00:18:51] [181/459] HSTK
[00:18:51] [182/459] SPTT
[00:18:52] [183/459] IMPM
[00:18:54] [184/459] SCMV
[00:18:55] [185/459] SPCT
[00:18:56] [186/459] JBCA
[00:18:57] [187/459] ATTR
[00:18:58] 🔄 Identity reset
[00:18:58] 🔄 Identity rotated (every 10 requests)
[00:18:58] 🔄 Retry 1/5 for ATTR in 2.8s
[00:18:58] 🔄 Identity reset
[00:19:01] 🧠 New identity created
[00:19:01] [188/459] SPMT
[00:19:01] [189/459] LCTM
[00:19:02] [190/459] SCVL
[00:19:03] [191/459] SCVT
[00:19:04] [192/459] KRIC
[00:19:05] [193/459] CTMG
[00:19:05] [194/459] ACNC
[00:19:06] [195/459] DMCK
[00:19:07] [196/459] KMTV
[00:19:07] 🔄 Identity reset
[00:19:07] 🔄 Identity rotated (every 10 requests)
[00:19:07] 🔄 Retry 1/5 for KMTV in 2.1s
[00:19:07] 🔄 Identity reset
[00:19:10] 🧠 New identity created
[00:19:10] [197/459] PFCJ
[00:19:11] [198/459] VNMD
[00:19:11] [199/459] VPCZ
[00:19:12] [200/459] SRYR
[00:19:13] [201/459] SYTR
[00:19:14] [202/459] GATR
[00:19:14] [203/459] URTR
[00:19:15] [204/459] MKSM
[00:19:16] [205/459] VSMH
[00:19:17] 🔄 Identity reset
[00:19:17] 🔄 Identity rotated (every 10 requests)
[00:19:17] [206/459] SKRJ
[00:19:18] [207/459] SSJR
[00:19:19] [208/459] SVSM
[00:19:20] [209/459] RUCM
[00:19:21] [210/459] PRKN
[00:19:22] [211/459] RROH
[00:19:23] [212/459] SCTN
[00:19:24] [213/459] RTDM
[00:19:24] [214/459] ASRM
[00:19:25] [215/459] SKMD
[00:19:25] 🔄 Identity reset
[00:19:25] 🔄 Identity rotated (every 10 requests)
[00:19:25] [216/459] SUTD
[00:19:26] [217/459] SADM
[00:19:27] [218/459] WCNR
[00:19:28] [219/459] CNED
[00:19:29] [220/459] MPDB
[00:19:30] [221/459] KTBH
[00:19:31] [222/459] IDRM
[00:19:32] [223/459] PJJT
[00:19:32] [224/459] PFCV
[00:19:33] [225/459] AACT
[00:19:34] 🔄 Identity reset
[00:19:34] 🔄 Identity rotated (every 10 requests)
[00:19:35] [226/459] AAAD
[00:19:36] [227/459] ANES
[00:19:36] [228/459] MNCA
[00:19:37] [229/459] RMGU
[00:19:38] [230/459] DLCN
[00:19:38] [231/459] LJWT
[00:19:39] [232/459] MCBG
[00:19:40] [233/459] MYBG
[00:19:40] [234/459] GCCA
[00:19:41] [235/459] GCGA
[00:19:42] 🔄 Identity reset
[00:19:42] 🔄 Identity rotated (every 10 requests)
[00:19:42] [236/459] ECGN
[00:19:43] [237/459] PRAB
[00:19:44] [238/459] PNMP
[00:19:44] [239/459] GCPT
[00:19:45] [240/459] ROYN
[00:19:46] [241/459] VATM
[00:19:47] [242/459] KSNT
[00:19:48] [243/459] ACTC
[00:19:48] [244/459] PLTD
[00:19:49] [245/459] SKMK
[00:19:50] 🔄 Identity reset
[00:19:50] 🔄 Identity rotated (every 10 requests)
[00:19:50] [246/459] CMTT
[00:19:51] [247/459] SMXP
[00:19:52] [248/459] SCMX
[00:19:53] [249/459] ACXN
[00:19:53] [250/459] ASWT
[00:19:54] [251/459] VVVL
[00:19:55] [252/459] NAGO
[00:19:55] [253/459] SNCN
[00:19:56] [254/459] MCKP
[00:19:57] [255/459] SAMO
[00:19:57] 🔄 Identity reset
[00:19:57] 🔄 Identity rotated (every 10 requests)
[00:19:57] [256/459] JBTV
[00:19:58] [257/459] DCVV
[00:19:59] [258/459] KMSV
[00:20:00] [259/459] KDCN
[00:20:01] [260/459] CNCP
[00:20:02] [261/459] HAMC
[00:20:02] [262/459] CCVZ
[00:20:03] [263/459] NCCK
[00:20:04] [264/459] MCHR
[00:20:04] [265/459] SCHT
[00:20:05] 🔄 Identity reset
[00:20:05] 🔄 Identity rotated (every 10 requests)
[00:20:05] [266/459] ESSH
[00:20:06] [267/459] CUJC
[00:20:07] [268/459] PECP
[00:20:08] [269/459] PMMI
[00:20:09] [270/459] PCCH
[00:20:10] [271/459] PRPM
[00:20:10] [272/459] PVKL
[00:20:11] [273/459] CBSM
[00:20:12] [274/459] PVCZ
[00:20:13] [275/459] PCVV
[00:20:13] 🔄 Identity reset
[00:20:13] 🔄 Identity rotated (every 10 requests)
[00:20:14] [276/459] CTMJ
[00:20:15] [277/459] RCPS
[00:20:16] [278/459] PCIT
[00:20:16] [279/459] FNCH
[00:20:17] [280/459] INZD
[00:20:18] [281/459] INPC
[00:20:18] [282/459] LCZP
[00:20:19] [283/459] SMCB
[00:20:20] [284/459] PTSB
[00:20:21] [285/459] TPSI
[00:20:21] 🔄 Identity reset
[00:20:21] 🔄 Identity rotated (every 10 requests)
[00:20:22] [286/459] KHMJ
[00:20:22] [287/459] RCCJ
[00:20:23] [288/459] NCJA
[00:20:24] [289/459] NCJN
[00:20:25] [290/459] BTDP
[00:20:25] [291/459] PADY
[00:20:26] [292/459] NYBH
[00:20:27] [293/459] MTBR
[00:20:27] [294/459] KRBC
[00:20:28] [295/459] DKTI
[00:20:28] 🔄 Identity reset
[00:20:28] 🔄 Identity rotated (every 10 requests)
[00:20:29] [296/459] ANAN
[00:20:29] [297/459] INBP
[00:20:30] [298/459] PATB
[00:20:30] [299/459] RGNT
[00:20:31] [300/459] CGPM
[00:20:32] [301/459] INTN
[00:20:32] [302/459] MCMP
[00:20:33] [303/459] ASRG
[00:20:34] [304/459] CXJD
[00:20:35] [305/459] SPCP
[00:20:36] 🔄 Identity reset
[00:20:36] 🔄 Identity rotated (every 10 requests)
[00:20:36] [306/459] CSTP
[00:20:36] [307/459] PKVC
[00:20:37] [308/459] ESCP
[00:20:38] [309/459] CAEP
[00:20:39] [310/459] CCSP
[00:20:39] [311/459] KTPC
[00:20:40] [312/459] DACA
[00:20:41] [313/459] NVKY
[00:20:42] [314/459] PTIN
[00:20:43] [315/459] SCIN
[00:20:43] 🔄 Identity reset
[00:20:43] 🔄 Identity rotated (every 10 requests)
[00:20:43] 🔄 Retry 1/5 for SCIN in 2.5s
[00:20:43] 🔄 Identity reset
[00:20:46] 🧠 New identity created
[00:20:46] [316/459] MCTY
[00:20:47] [317/459] PCMX
[00:20:47] [318/459] INIC
[00:20:48] [319/459] MMZM
[00:20:49] [320/459] SSLP
[00:20:50] [321/459] DTDT
[00:20:50] [322/459] FFCX
[00:20:51] [323/459] RCMM
[00:20:52] [324/459] KYID
[00:20:52] 🔄 Identity reset
[00:20:52] 🔄 Identity rotated (every 10 requests)
[00:20:52] [325/459] CSCI
[00:20:53] [326/459] FCMC
[00:20:54] [327/459] MMXI
[00:20:55] [328/459] ASTC
[00:20:56] [329/459] CMRA
[00:20:57] [330/459] DICI
[00:20:58] [331/459] KDIN
[00:20:59] [332/459] PRFI
[00:21:00] [333/459] SVFC
[00:21:01] [334/459] UCPL
[00:21:01] 🔄 Identity reset
[00:21:01] 🔄 Identity rotated (every 10 requests)
[00:21:01] 🔄 Retry 1/5 for UCPL in 2.5s
[00:21:01] 🔄 Identity reset
[00:21:04] 🧠 New identity created
[00:21:04] [335/459] COOC
[00:21:05] [336/459] SCAL
[00:21:05] [337/459] SVFF
[00:21:06] [338/459] VCMG
[00:21:07] [339/459] UUCT
[00:21:07] [340/459] GCSE
[00:21:09] [341/459] SUSC
[00:21:10] [342/459] MISC
[00:21:10] [343/459] RMBL
[00:21:11] 🔄 Identity reset
[00:21:11] 🔄 Identity rotated (every 10 requests)
[00:21:11] [344/459] CMXN
[00:21:12] [345/459] PVBK
[00:21:12] [346/459] HHCG
[00:21:13] [347/459] SCAG
[00:21:14] [348/459] CNPR
[00:21:14] [349/459] CSER
[00:21:15] [350/459] HLWD
[00:21:16] [351/459] BOLY
[00:21:17] [352/459] SSPG
[00:21:18] [353/459] MUPX
[00:21:18] 🔄 Identity reset
[00:21:18] 🔄 Identity rotated (every 10 requests)
[00:21:18] 🔄 Retry 1/5 for MUPX in 2.0s
[00:21:18] 🔄 Identity reset
[00:21:21] 🧠 New identity created
[00:21:21] [354/459] HAMR
[00:21:22] [355/459] SDNC
[00:21:22] [356/459] RTEN
[00:21:23] [357/459] SDTD
[00:21:24] [358/459] KAWS
[00:21:24] [359/459] CMZX
[00:21:25] [360/459] DCDD
[00:21:26] [361/459] ALSN
[00:21:27] [362/459] IMXS
[00:21:28] 🔄 Identity reset
[00:21:28] 🔄 Identity rotated (every 10 requests)
[00:21:28] [363/459] PVFF
[00:21:28] [364/459] PVOO
[00:21:30] [365/459] CFBS
[00:21:31] [366/459] PVER
[00:21:31] [367/459] PPNX
[00:21:32] [368/459] CNRM
[00:21:33] [369/459] PVWW
[00:21:33] [370/459] INMB
[00:21:34] [371/459] CPJR
[00:21:35] [372/459] INRZ
[00:21:35] 🔄 Identity reset
[00:21:36] 🔄 Identity rotated (every 10 requests)
[00:21:36] [373/459] PMSR
[00:21:36] [374/459] GPGM
[00:21:37] [375/459] PGWB
[00:21:38] [376/459] PMBR
[00:21:39] [377/459] GPAM
[00:21:39] [378/459] INBC
[00:21:40] [379/459] PZVK
[00:21:41] [380/459] CPEB
[00:21:42] [381/459] FMLB
[00:21:43] [382/459] INBG
[00:21:43] 🔄 Identity reset
[00:21:43] 🔄 Identity rotated (every 10 requests)
[00:21:43] [383/459] GPBR
[00:21:44] [384/459] PAAS
[00:21:45] [385/459] VTBR
[00:21:45] [386/459] GPMY
[00:21:46] [387/459] GYBU
[00:21:47] [388/459] INBJ
[00:21:47] [389/459] LKTH
[00:21:48] [390/459] NSBR
[00:21:49] [391/459] PDRD
[00:21:50] [392/459] VRBL
[00:21:50] 🔄 Identity reset
[00:21:50] 🔄 Identity rotated (every 10 requests)
[00:21:50] [393/459] VTGB
[00:21:51] [394/459] VTSK
[00:21:53] [395/459] BKDV
[00:21:53] [396/459] SVTB
[00:21:54] [397/459] MLDT
[00:21:55] [398/459] NRBL
[00:21:56] [399/459] SLTR
[00:21:57] [400/459] VNKA
[00:21:57] [401/459] TDCA
[00:21:58] [402/459] INBM
[00:21:59] 🔄 Identity reset
[00:21:59] 🔄 Identity rotated (every 10 requests)
[00:21:59] [403/459] SSNR
[00:22:00] [404/459] BHAC
[00:22:01] [405/459] SDSD
[00:22:02] [406/459] SAMP
[00:22:02] [407/459] RATK
[00:22:03] [408/459] KCBI
[00:22:04] [409/459] URBL
[00:22:04] [410/459] MKBG
[00:22:05] [411/459] ASTB
[00:22:06] [412/459] VBWT
[00:22:07] 🔄 Identity reset
[00:22:07] 🔄 Identity rotated (every 10 requests)
[00:22:07] [413/459] GPSM
[00:22:08] [414/459] ROON
[00:22:09] [415/459] CHTH
[00:22:09] [416/459] SSPA
[00:22:10] [417/459] ANBL
[00:22:11] [418/459] VTBE
[00:22:12] [419/459] SVKT
[00:22:12] [420/459] SVYK
[00:22:13] [421/459] PTBK
[00:22:14] [422/459] RKTB
[00:22:15] 🔄 Identity reset
[00:22:15] 🔄 Identity rotated (every 10 requests)
[00:22:15] [423/459] BALT
[00:22:16] [424/459] STSV
[00:22:16] [425/459] VCCB
[00:22:17] [426/459] SLTB
[00:22:18] [427/459] SBCR
[00:22:18] [428/459] VDCS
[00:22:19] [429/459] MDKI
[00:22:19] [430/459] SMRN
[00:22:20] [431/459] PTBC
[00:22:21] [432/459] RADI
[00:22:21] 🔄 Identity reset
[00:22:21] 🔄 Identity rotated (every 10 requests)
[00:22:22] [433/459] ADCR
[00:22:23] [434/459] SDCS
[00:22:24] [435/459] SRPJ
[00:22:25] [436/459] ARTS
[00:22:26] [437/459] SRHK
[00:22:26] [438/459] SPAY
[00:22:27] [439/459] GPTB
[00:22:28] [440/459] SNNN
[00:22:29] [441/459] BALJ
[00:22:29] [442/459] TRIG
[00:22:30] 🔄 Identity reset
[00:22:30] 🔄 Identity rotated (every 10 requests)
[00:22:30] [443/459] GTYT
[00:22:31] [444/459] ATGN
[00:22:32] [445/459] ANTE
[00:22:33] [446/459] BDCG
[00:22:34] [447/459] VECI
[00:22:35] [448/459] SCPR
[00:22:35] [449/459] RTEA
[00:22:36] [450/459] JSAI
[00:22:38] [451/459] VJTP
[00:22:38] [452/459] GNDS
[00:22:39] 🔄 Identity reset
[00:22:39] 🔄 Identity rotated (every 10 requests)
[00:22:39] [453/459] PAXA
[00:22:40] [454/459] CGGM
[00:22:41] [455/459] ACKZ
[00:22:42] [456/459] EMCC
[00:22:43] [457/459] KLSK
[00:22:44] [458/459] AVCK
[00:22:44] [459/459] JTCK
[00:22:45] ✅ DONE | Shows=1 | Movies=1
