[00:16:27] 🚀 BMS DAILY TRACKER STARTED (enhanced anti‑detection)
[00:16:27] [1/326] VCHA
[00:16:28] 🧠 New identity created
[00:16:28] [2/326] SCKO
[00:16:29] [3/326] VKTK
[00:16:30] [4/326] DXEC
[00:16:37] [5/326] CDCA
[00:16:38] [6/326] VBCZ
[00:16:39] [7/326] MSDR
[00:16:40] [8/326] ACPV
[00:16:41] [9/326] PVHB
[00:16:42] [10/326] RCNH
[00:16:42] 🔄 Identity reset
[00:16:42] 🔄 Identity rotated (every 10 requests)
[00:16:42] [11/326] IOMH
[00:16:44] [12/326] ILKS
[00:16:46] [13/326] AMSN
[00:16:46] [14/326] ANTP
[00:16:47] [15/326] SSEK
[00:16:48] [16/326] PICP
[00:16:49] [17/326] SICO
[00:16:50] [18/326] SISP
[00:16:50] [19/326] SCPI
[00:16:51] [20/326] CRPR
[00:16:52] 🔄 Identity reset
[00:16:52] 🔄 Identity rotated (every 10 requests)
[00:16:52] [21/326] DCTW
[00:16:53] [22/326] DCSP
[00:16:54] [23/326] KRPM
[00:16:55] [24/326] THKK
[00:16:57] [25/326] SNMY
[00:16:58] [26/326] AKCC
[00:17:00] [27/326] PCAT
[00:17:01] [28/326] RFGO
[00:17:01] [29/326] GGCS
[00:17:02] [30/326] ACKR
[00:17:03] 🔄 Identity reset
[00:17:03] 🔄 Identity rotated (every 10 requests)
[00:17:03] [31/326] STDO
[00:17:05] [32/326] ACKB
[00:17:06] [33/326] ALUC
[00:17:07] [34/326] MNSR
[00:17:08] [35/326] CSSL
[00:17:09] [36/326] BGGM
[00:17:09] [37/326] MANT
[00:17:10] [38/326] SOOY
[00:17:11] [39/326] VPPK
[00:17:12] [40/326] MYHJ
[00:17:13] 🔄 Identity reset
[00:17:13] 🔄 Identity rotated (every 10 requests)
[00:17:13] [41/326] KSCK
[00:17:14] [42/326] KATK
[00:17:16] [43/326] RTRT
[00:17:17] [44/326] SSTT
[00:17:18] [45/326] SSTV
[00:17:20] [46/326] LACM
[00:17:21] [47/326] SGMG
[00:17:21] [48/326] KACX
[00:17:23] [49/326] GVCP
[00:17:23] [50/326] CSNC
[00:17:24] 🔄 Identity reset
[00:17:24] 🔄 Identity rotated (every 10 requests)
[00:17:24] [51/326] SXCB
[00:17:25] [52/326] BAHS
[00:17:26] [53/326] PCBI
[00:17:27] [54/326] PSSM
[00:17:28] [55/326] RCOK
[00:17:29] [56/326] SCPF
[00:17:30] [57/326] SSAS
[00:17:31] [58/326] EVMM
[00:17:32] [59/326] SYCB
[00:17:32] [60/326] GCKI
[00:17:33] 🔄 Identity reset
[00:17:33] 🔄 Identity rotated (every 10 requests)
[00:17:33] 🔄 Retry 1/5 for GCKI in 2.7s
[00:17:33] 🔄 Identity reset
[00:17:36] 🧠 New identity created
[00:17:36] [61/326] IAET
[00:17:37] [62/326] DDTD
[00:17:38] [63/326] GMDH
[00:17:39] [64/326] STLE
[00:17:41] [65/326] JTRA
[00:17:42] [66/326] RPPA
[00:17:43] [67/326] ARUT
[00:17:44] [68/326] JTVM
[00:17:45] [69/326] SWRH
[00:17:45] 🔄 Identity reset
[00:17:45] 🔄 Identity rotated (every 10 requests)
[00:17:46] [70/326] DCPC
[00:17:47] [71/326] RAPR
[00:17:48] [72/326] GCRT
[00:17:49] [73/326] ATUN
[00:17:49] [74/326] LTRM
[00:17:51] [75/326] TASR
[00:17:51] [76/326] RLLC
[00:17:52] [77/326] MABI
[00:17:53] [78/326] SVHB
[00:17:54] [79/326] NVTB
[00:17:55] 🔄 Identity reset
[00:17:55] 🔄 Identity rotated (every 10 requests)
[00:17:55] [80/326] KCKG
[00:17:56] [81/326] SSRN
[00:17:58] [82/326] VDDC
[00:17:58] [83/326] GKTK
[00:18:00] [84/326] YFSN
[00:18:01] [85/326] GCSG
[00:18:01] [86/326] ESSM
[00:18:02] [87/326] KRIH
[00:18:03] [88/326] GCDS
[00:18:04] [89/326] CCSH
[00:18:05] 🔄 Identity reset
[00:18:05] 🔄 Identity rotated (every 10 requests)
[00:18:05] [90/326] ACSK
[00:18:06] [91/326] APRK
[00:18:07] [92/326] ADKM
[00:18:08] [93/326] SRDM
[00:18:09] [94/326] SJMY
[00:18:10] [95/326] PGGC
[00:18:11] [96/326] INGM
[00:18:11] [97/326] LSCB
[00:18:12] [98/326] STAD
[00:18:13] [99/326] MCCR
[00:18:14] 🔄 Identity reset
[00:18:14] 🔄 Identity rotated (every 10 requests)
[00:18:14] [100/326] ABCC
[00:18:15] [101/326] RKCC
[00:18:16] [102/326] RTCR
[00:18:17] [103/326] GGBC
[00:18:17] [104/326] GCSD
[00:18:18] [105/326] LPTY
[00:18:19] [106/326] MCFD
[00:18:20] [107/326] HENN
[00:18:21] [108/326] SMKU
[00:18:22] [109/326] TNZC
[00:18:23] 🔄 Identity reset
[00:18:23] 🔄 Identity rotated (every 10 requests)
[00:18:24] [110/326] DRCD
[00:18:25] [111/326] DLCD
[00:18:26] [112/326] RCDA
[00:18:26] [113/326] COSM
[00:18:27] [114/326] MCMJ
[00:18:28] [115/326] CSTR
[00:18:29] [116/326] CVDK
[00:18:30] [117/326] INRR
[00:18:31] [118/326] RJRT
[00:18:32] [119/326] IRMR
[00:18:33] 🔄 Identity reset
[00:18:33] 🔄 Identity rotated (every 10 requests)
[00:18:33] [120/326] SRCF
[00:18:35] [121/326] GRCR
[00:18:36] [122/326] SURC
[00:18:36] [123/326] NMNH
[00:18:37] [124/326] SVBL
[00:18:38] [125/326] KACI
[00:18:39] [126/326] TDGO
[00:18:40] [127/326] KTBR
[00:18:41] [128/326] PMAD
[00:18:42] [129/326] CCPN
[00:18:42] 🔄 Identity reset
[00:18:42] 🔄 Identity rotated (every 10 requests)
[00:18:43] [130/326] SBTK
[00:18:44] [131/326] LMDK
[00:18:44] [132/326] PGDA
[00:18:45] [133/326] SRML
[00:18:46] [134/326] EVCK
[00:18:47] [135/326] RTTK
[00:18:48] [136/326] SRTU
[00:18:49] [137/326] VRSA
[00:18:50] [138/326] VARS
[00:18:51] [139/326] DSCZ
[00:18:52] 🔄 Identity reset
[00:18:52] 🔄 Identity rotated (every 10 requests)
[00:18:52] [140/326] GAGA
[00:18:54] [141/326] SARV
[00:18:55] [142/326] SEEG
[00:18:56] [143/326] GLCA
[00:18:57] [144/326] APAS
[00:18:57] [145/326] VCIA
[00:18:58] [146/326] SJTA
[00:18:59] [147/326] SABM
[00:19:01] [148/326] PPAG
[00:19:02] [149/326] RVCA
[00:19:03] 🔄 Identity reset
[00:19:03] 🔄 Identity rotated (every 10 requests)
[00:19:03] [150/326] CCIA
[00:19:04] [151/326] HTAG
[00:19:05] [152/326] SMBI
[00:19:06] [153/326] MCJR
[00:19:07] [154/326] CCJR
[00:19:08] [155/326] SINF
[00:19:09] [156/326] CPLX
[00:19:10] [157/326] KKTJ
[00:19:11] [158/326] GDBW
[00:19:12] [159/326] CSUB
[00:19:12] 🔄 Identity reset
[00:19:12] 🔄 Identity rotated (every 10 requests)
[00:19:13] [160/326] DABA
[00:19:14] [161/326] TITR
[00:19:15] [162/326] NYCR
[00:19:16] [163/326] RTRY
[00:19:17] [164/326] JTJL
[00:19:18] [165/326] SJCP
[00:19:19] [166/326] KCCA
[00:19:19] [167/326] MLPG
[00:19:20] [168/326] VRCK
[00:19:21] [169/326] SRIN
[00:19:22] 🔄 Identity reset
[00:19:22] 🔄 Identity rotated (every 10 requests)
[00:19:22] [170/326] CXMK
[00:19:23] [171/326] SKAD
[00:19:24] [172/326] AVTR
[00:19:25] [173/326] PTAJ
[00:19:26] [174/326] SCNK
[00:19:27] [175/326] STTI
[00:19:27] [176/326] KACR
[00:19:29] [177/326] SSDX
[00:19:30] [178/326] VRTJ
[00:19:31] [179/326] RAJD
[00:19:32] 🔄 Identity reset
[00:19:32] 🔄 Identity rotated (every 10 requests)
[00:19:32] 🔄 Retry 1/5 for RAJD in 2.9s
[00:19:32] 🔄 Identity reset
[00:19:35] 🧠 New identity created
[00:19:35] 🔄 Retry 2/5 for RAJD in 4.3s
[00:19:35] 🔄 Identity reset
[00:19:39] 🧠 New identity created
[00:19:40] [180/326] SCIP
[00:19:40] [181/326] RJSL
[00:19:41] [182/326] ARRS
[00:19:42] [183/326] ASMS
[00:19:43] [184/326] RDTS
[00:19:44] [185/326] DVMY
[00:19:45] [186/326] RASA
[00:19:46] [187/326] INOM
[00:19:46] 🔄 Identity reset
[00:19:46] 🔄 Identity rotated (every 10 requests)
[00:19:46] 🔄 Retry 1/5 for INOM in 2.8s
[00:19:46] 🔄 Identity reset
[00:19:49] 🧠 New identity created
[00:19:50] [188/326] SPRS
[00:19:51] [189/326] SGCS
[00:19:51] [190/326] SALM
[00:19:52] [191/326] PKHC
[00:19:53] [192/326] RCSV
[00:19:54] [193/326] CPKC
[00:19:55] [194/326] AACD
[00:19:56] [195/326] GGCV
[00:19:57] [196/326] SMKD
[00:19:57] 🔄 Identity reset
[00:19:57] 🔄 Identity rotated (every 10 requests)
[00:19:58] [197/326] NBCH
[00:19:59] [198/326] AMCB
[00:19:59] [199/326] OPCN
[00:20:00] [200/326] DCIN
[00:20:01] [201/326] INGW
[00:20:02] [202/326] PKKW
[00:20:03] [203/326] FNGW
[00:20:04] [204/326] GCGD
[00:20:05] [205/326] MSTW
[00:20:06] [206/326] KCCG
[00:20:06] 🔄 Identity reset
[00:20:06] 🔄 Identity rotated (every 10 requests)
[00:20:09] [207/326] MRSS
[00:20:10] [208/326] CLCF
[00:20:11] [209/326] EETS
[00:20:12] [210/326] AATR
[00:20:14] [211/326] CMMN
[00:20:15] [212/326] SCCJ
[00:20:16] [213/326] CDTK
[00:20:17] [214/326] AICP
[00:20:18] [215/326] FNBP
[00:20:19] [216/326] CBPB
[00:20:20] 🔄 Identity reset
[00:20:20] 🔄 Identity rotated (every 10 requests)
[00:20:20] [217/326] CPAS
[00:20:22] [218/326] MAPM
[00:20:24] [219/326] PASD
[00:20:24] [220/326] JCMN
[00:20:25] [221/326] MALB
[00:20:26] [222/326] SACG
[00:20:27] [223/326] DDRX
[00:20:28] [224/326] DDXB
[00:20:29] [225/326] RAMC
[00:20:30] [226/326] SANC
[00:20:30] 🔄 Identity reset
[00:20:30] 🔄 Identity rotated (every 10 requests)
[00:20:31] [227/326] BCBP
[00:20:31] [228/326] ALPC
[00:20:32] [229/326] RBAC
[00:20:33] [230/326] RAJL
[00:20:34] [231/326] MPDX
[00:20:35] [232/326] MUSC
[00:20:36] [233/326] VKMK
[00:20:37] [234/326] SKCG
[00:20:38] [235/326] ANCN
[00:20:39] [236/326] MMCJ
[00:20:40] 🔄 Identity reset
[00:20:40] 🔄 Identity rotated (every 10 requests)
[00:20:40] [237/326] DCAK
[00:20:41] [238/326] SCKG
[00:20:43] [239/326] LMCK
[00:20:44] [240/326] CKKX
[00:20:44] [241/326] ANKU
[00:20:45] [242/326] CSMD
[00:20:47] [243/326] MKMP
[00:20:48] [244/326] SVBG
[00:20:49] [245/326] ROOP
[00:20:50] [246/326] GDMT
[00:20:50] 🔄 Identity reset
[00:20:50] 🔄 Identity rotated (every 10 requests)
[00:20:50] 🔄 Retry 1/5 for GDMT in 2.8s
[00:20:50] 🔄 Identity reset
[00:20:53] 🧠 New identity created
[00:20:53] [247/326] FPPF
[00:20:54] [248/326] SFUU
[00:20:55] [249/326] ANCB
[00:20:57] [250/326] SMMC
[00:20:58] [251/326] UGKT
[00:20:59] [252/326] JVRM
[00:21:00] [253/326] BATG
[00:21:00] [254/326] RATE
[00:21:01] [255/326] SKME
[00:21:02] 🔄 Identity reset
[00:21:02] 🔄 Identity rotated (every 10 requests)
[00:21:02] 🔄 Retry 1/5 for SKME in 3.0s
[00:21:02] 🔄 Identity reset
[00:21:05] 🧠 New identity created
[00:21:06] [256/326] LMTP
[00:21:07] [257/326] TCBD
[00:21:08] [258/326] ESBD
[00:21:09] [259/326] GDCU
[00:21:10] [260/326] SNKT
[00:21:11] [261/326] SRNK
[00:21:12] [262/326] SMED
[00:21:12] [263/326] CSQS
[00:21:13] [264/326] ALCS
[00:21:14] 🔄 Identity reset
[00:21:14] 🔄 Identity rotated (every 10 requests)
[00:21:14] [265/326] KCKN
[00:21:15] [266/326] VCCL
[00:21:17] [267/326] MCDA
[00:21:18] [268/326] SHMI
[00:21:19] [269/326] SKHA
[00:21:20] [270/326] SVFK
[00:21:21] [271/326] INVB
[00:21:22] [272/326] MELD
[00:21:22] [273/326] JTYS
[00:21:23] [274/326] INCM
[00:21:24] 🔄 Identity reset
[00:21:24] 🔄 Identity rotated (every 10 requests)
[00:21:25] [275/326] MCDV
[00:21:26] [276/326] KSGK
[00:21:27] [277/326] ICMG
[00:21:28] [278/326] CSCV
[00:21:29] [279/326] STMD
[00:21:30] [280/326] STTR
[00:21:30] [281/326] INVC
[00:21:31] [282/326] JTBL
[00:21:33] [283/326] SRVV
[00:21:34] [284/326] MAVC
[00:21:35] 🔄 Identity reset
[00:21:35] 🔄 Identity rotated (every 10 requests)
[00:21:35] [285/326] SRPP
[00:21:36] [286/326] JGDM
[00:21:37] [287/326] MBSJ
[00:21:38] [288/326] SSLL
[00:21:39] [289/326] SLKP
[00:21:40] [290/326] NSRV
[00:21:41] [291/326] UTDV
[00:21:42] [292/326] KICM
[00:21:43] [293/326] KCMD
[00:21:44] [294/326] TTPP
[00:21:44] 🔄 Identity reset
[00:21:44] 🔄 Identity rotated (every 10 requests)
[00:21:45] [295/326] KMPV
[00:21:46] [296/326] SKTV
[00:21:47] [297/326] STCV
[00:21:47] [298/326] SRDA
[00:21:48] [299/326] JTSX
[00:21:49] [300/326] STBV
[00:21:50] [301/326] APVZ
[00:21:51] [302/326] GSTV
[00:21:52] [303/326] NMVS
[00:21:53] [304/326] SKRT
[00:21:54] 🔄 Identity reset
[00:21:54] 🔄 Identity rotated (every 10 requests)
[00:21:54] [305/326] RMDV
[00:21:55] [306/326] RATG
[00:21:56] [307/326] SJYV
[00:21:57] [308/326] NDGP
[00:21:58] [309/326] SNDG
[00:21:58] [310/326] INSR
[00:21:59] [311/326] INSO
[00:22:00] [312/326] CCSI
[00:22:01] [313/326] RASM
[00:22:02] [314/326] NEWC
[00:22:03] 🔄 Identity reset
[00:22:03] 🔄 Identity rotated (every 10 requests)
[00:22:03] [315/326] VSHL
[00:22:04] [316/326] BISW
[00:22:06] [317/326] GCNG
[00:22:06] [318/326] CWSC
[00:22:07] [319/326] SKAN
[00:22:08] [320/326] CCOA
[00:22:09] [321/326] MCAJ
[00:22:10] [322/326] ACDE
[00:22:11] [323/326] AACM
[00:22:11] [324/326] JJCK
[00:22:12] 🔄 Identity reset
[00:22:12] 🔄 Identity rotated (every 10 requests)
[00:22:12] [325/326] RCMO
[00:22:13] [326/326] GDAW
[00:22:14] ✅ DONE | Shows=0 | Movies=0
[01:02:35] 🚀 BMS DAILY TRACKER STARTED (enhanced anti‑detection)
[01:02:35] [1/326] VCHA
[01:02:36] 🧠 New identity created
[01:02:37] [2/326] SCKO
[01:02:37] [3/326] VKTK
[01:02:38] [4/326] DXEC
[01:02:39] [5/326] CDCA
[01:02:40] [6/326] VBCZ
[01:02:41] [7/326] MSDR
[01:02:42] [8/326] ACPV
[01:02:43] [9/326] PVHB
[01:02:44] [10/326] RCNH
[01:02:44] 🔄 Identity reset
[01:02:44] 🔄 Identity rotated (every 10 requests)
[01:02:44] [11/326] IOMH
[01:02:46] [12/326] ILKS
[01:02:47] [13/326] AMSN
[01:02:48] [14/326] ANTP
[01:02:49] [15/326] SSEK
[01:02:50] [16/326] PICP
[01:02:51] [17/326] SICO
[01:02:52] [18/326] SISP
[01:02:53] [19/326] SCPI
[01:02:55] [20/326] CRPR
[01:02:55] 🔄 Identity reset
[01:02:55] 🔄 Identity rotated (every 10 requests)
[01:02:56] [21/326] DCTW
[01:02:58] [22/326] DCSP
[01:02:58] [23/326] KRPM
[01:02:59] [24/326] THKK
[01:03:00] [25/326] SNMY
[01:03:01] [26/326] AKCC
[01:03:02] [27/326] PCAT
[01:03:03] [28/326] RFGO
[01:03:04] [29/326] GGCS
[01:03:05] [30/326] ACKR
[01:03:06] 🔄 Identity reset
[01:03:06] 🔄 Identity rotated (every 10 requests)
[01:03:06] [31/326] STDO
[01:03:08] [32/326] ACKB
[01:03:09] [33/326] ALUC
[01:03:10] [34/326] MNSR
[01:03:12] [35/326] CSSL
[01:03:13] [36/326] BGGM
[01:03:14] [37/326] MANT
[01:03:14] [38/326] SOOY
[01:03:15] [39/326] VPPK
[01:03:16] [40/326] MYHJ
[01:03:17] 🔄 Identity reset
[01:03:17] 🔄 Identity rotated (every 10 requests)
[01:03:17] [41/326] KSCK
[01:03:18] [42/326] KATK
[01:03:19] [43/326] RTRT
[01:03:20] [44/326] SSTT
[01:03:21] [45/326] SSTV
[01:03:22] [46/326] LACM
[01:03:23] [47/326] SGMG
[01:03:24] [48/326] KACX
[01:03:25] [49/326] GVCP
[01:03:26] [50/326] CSNC
[01:03:27] 🔄 Identity reset
[01:03:27] 🔄 Identity rotated (every 10 requests)
[01:03:27] [51/326] SXCB
[01:03:28] [52/326] BAHS
[01:03:29] [53/326] PCBI
[01:03:30] [54/326] PSSM
[01:03:31] [55/326] RCOK
[01:03:32] [56/326] SCPF
[01:03:33] [57/326] SSAS
[01:03:34] [58/326] EVMM
[01:03:35] [59/326] SYCB
[01:03:36] [60/326] GCKI
[01:03:36] 🔄 Identity reset
[01:03:36] 🔄 Identity rotated (every 10 requests)
[01:03:37] [61/326] IAET
[01:03:38] [62/326] DDTD
[01:03:39] [63/326] GMDH
[01:03:39] [64/326] STLE
[01:03:41] [65/326] JTRA
[01:03:42] [66/326] RPPA
[01:03:42] [67/326] ARUT
[01:03:43] [68/326] JTVM
[01:03:44] [69/326] SWRH
[01:03:45] [70/326] DCPC
[01:03:46] 🔄 Identity reset
[01:03:46] 🔄 Identity rotated (every 10 requests)
[01:03:46] [71/326] RAPR
[01:03:47] [72/326] GCRT
[01:03:48] [73/326] ATUN
[01:03:49] [74/326] LTRM
[01:03:49] [75/326] TASR
[01:03:50] [76/326] RLLC
[01:03:51] [77/326] MABI
[01:03:52] [78/326] SVHB
[01:03:53] [79/326] NVTB
[01:03:54] [80/326] KCKG
[01:03:55] 🔄 Identity reset
[01:03:55] 🔄 Identity rotated (every 10 requests)
[01:03:56] [81/326] SSRN
[01:03:57] [82/326] VDDC
[01:03:58] [83/326] GKTK
[01:03:59] [84/326] YFSN
[01:03:59] [85/326] GCSG
[01:04:02] [86/326] ESSM
[01:04:03] [87/326] KRIH
[01:04:04] [88/326] GCDS
[01:04:05] [89/326] CCSH
[01:04:06] [90/326] ACSK
[01:04:06] 🔄 Identity reset
[01:04:06] 🔄 Identity rotated (every 10 requests)
[01:04:08] [91/326] APRK
[01:04:09] [92/326] ADKM
[01:04:09] [93/326] SRDM
[01:04:10] [94/326] SJMY
[01:04:11] [95/326] PGGC
[01:04:12] [96/326] INGM
[01:04:13] [97/326] LSCB
[01:04:14] [98/326] STAD
[01:04:15] [99/326] MCCR
[01:04:16] [100/326] ABCC
[01:04:17] 🔄 Identity reset
[01:04:17] 🔄 Identity rotated (every 10 requests)
[01:04:18] [101/326] RKCC
[01:04:19] [102/326] RTCR
[01:04:20] [103/326] GGBC
[01:04:21] [104/326] GCSD
[01:04:22] [105/326] LPTY
[01:04:23] [106/326] MCFD
[01:04:24] [107/326] HENN
[01:04:25] [108/326] SMKU
[01:04:26] [109/326] TNZC
[01:04:27] [110/326] DRCD
[01:04:28] 🔄 Identity reset
[01:04:28] 🔄 Identity rotated (every 10 requests)
[01:04:28] [111/326] DLCD
[01:04:29] [112/326] RCDA
[01:04:30] [113/326] COSM
[01:04:31] [114/326] MCMJ
[01:04:32] [115/326] CSTR
[01:04:33] [116/326] CVDK
[01:04:34] [117/326] INRR
[01:04:35] [118/326] RJRT
[01:04:37] [119/326] IRMR
[01:04:38] [120/326] SRCF
[01:04:38] 🔄 Identity reset
[01:04:38] 🔄 Identity rotated (every 10 requests)
[01:04:39] [121/326] GRCR
[01:04:40] [122/326] SURC
[01:04:40] [123/326] NMNH
[01:04:41] [124/326] SVBL
[01:04:43] [125/326] KACI
[01:04:44] [126/326] TDGO
[01:04:44] [127/326] KTBR
[01:04:45] [128/326] PMAD
[01:04:46] [129/326] CCPN
[01:04:47] [130/326] SBTK
[01:04:48] 🔄 Identity reset
[01:04:48] 🔄 Identity rotated (every 10 requests)
[01:04:48] [131/326] LMDK
[01:04:49] [132/326] PGDA
[01:04:50] [133/326] SRML
[01:04:51] [134/326] EVCK
[01:04:52] [135/326] RTTK
[01:04:53] [136/326] SRTU
[01:04:54] [137/326] VRSA
[01:04:55] [138/326] VARS
[01:04:56] [139/326] DSCZ
[01:04:57] [140/326] GAGA
[01:04:57] 🔄 Identity reset
[01:04:57] 🔄 Identity rotated (every 10 requests)
[01:04:58] [141/326] SARV
[01:04:59] [142/326] SEEG
[01:05:01] [143/326] GLCA
[01:05:02] [144/326] APAS
[01:05:02] [145/326] VCIA
[01:05:03] [146/326] SJTA
[01:05:04] [147/326] SABM
[01:05:05] [148/326] PPAG
[01:05:06] [149/326] RVCA
[01:05:07] [150/326] CCIA
[01:05:08] 🔄 Identity reset
[01:05:08] 🔄 Identity rotated (every 10 requests)
[01:05:08] [151/326] HTAG
[01:05:09] [152/326] SMBI
[01:05:10] [153/326] MCJR
[01:05:12] [154/326] CCJR
[01:05:13] [155/326] SINF
[01:05:14] [156/326] CPLX
[01:05:15] [157/326] KKTJ
[01:05:17] [158/326] GDBW
[01:05:17] [159/326] CSUB
[01:05:18] [160/326] DABA
[01:05:19] 🔄 Identity reset
[01:05:19] 🔄 Identity rotated (every 10 requests)
[01:05:19] [161/326] TITR
[01:05:20] [162/326] NYCR
[01:05:21] [163/326] RTRY
[01:05:22] [164/326] JTJL
[01:05:23] [165/326] SJCP
[01:05:24] [166/326] KCCA
[01:05:25] [167/326] MLPG
[01:05:26] [168/326] VRCK
[01:05:27] [169/326] SRIN
[01:05:28] [170/326] CXMK
[01:05:28] 🔄 Identity reset
[01:05:28] 🔄 Identity rotated (every 10 requests)
[01:05:29] [171/326] SKAD
[01:05:29] [172/326] AVTR
[01:05:30] [173/326] PTAJ
[01:05:32] [174/326] SCNK
[01:05:33] [175/326] STTI
[01:05:34] [176/326] KACR
[01:05:35] [177/326] SSDX
[01:05:36] [178/326] VRTJ
[01:05:37] [179/326] RAJD
[01:05:37] [180/326] SCIP
[01:05:38] 🔄 Identity reset
[01:05:38] 🔄 Identity rotated (every 10 requests)
[01:05:39] [181/326] RJSL
[01:05:40] [182/326] ARRS
[01:05:41] [183/326] ASMS
[01:05:42] [184/326] RDTS
[01:05:42] [185/326] DVMY
[01:05:43] [186/326] RASA
[01:05:44] [187/326] INOM
[01:05:45] [188/326] SPRS
[01:05:46] [189/326] SGCS
[01:05:47] [190/326] SALM
[01:05:47] 🔄 Identity reset
[01:05:47] 🔄 Identity rotated (every 10 requests)
[01:05:48] [191/326] PKHC
[01:05:48] [192/326] RCSV
[01:05:49] [193/326] CPKC
[01:05:50] [194/326] AACD
[01:05:51] [195/326] GGCV
[01:05:52] [196/326] SMKD
[01:05:54] [197/326] NBCH
[01:05:55] [198/326] AMCB
[01:05:56] [199/326] OPCN
[01:05:57] [200/326] DCIN
[01:05:57] 🔄 Identity reset
[01:05:57] 🔄 Identity rotated (every 10 requests)
[01:05:58] [201/326] INGW
[01:05:59] [202/326] PKKW
[01:06:00] [203/326] FNGW
[01:06:00] [204/326] GCGD
[01:06:01] [205/326] MSTW
[01:06:02] [206/326] KCCG
[01:06:03] [207/326] MRSS
[01:06:04] [208/326] CLCF
[01:06:05] [209/326] EETS
[01:06:06] [210/326] AATR
[01:06:06] 🔄 Identity reset
[01:06:06] 🔄 Identity rotated (every 10 requests)
[01:06:07] [211/326] CMMN
[01:06:08] [212/326] SCCJ
[01:06:08] [213/326] CDTK
[01:06:09] [214/326] AICP
[01:06:10] [215/326] FNBP
[01:06:11] [216/326] CBPB
[01:06:12] [217/326] CPAS
[01:06:13] [218/326] MAPM
[01:06:14] [219/326] PASD
[01:06:14] [220/326] JCMN
[01:06:15] 🔄 Identity reset
[01:06:15] 🔄 Identity rotated (every 10 requests)
[01:06:15] [221/326] MALB
[01:06:16] [222/326] SACG
[01:06:17] [223/326] DDRX
[01:06:18] [224/326] DDXB
[01:06:19] [225/326] RAMC
[01:06:20] [226/326] SANC
[01:06:21] [227/326] BCBP
[01:06:22] [228/326] ALPC
[01:06:23] [229/326] RBAC
[01:06:24] [230/326] RAJL
[01:06:24] 🔄 Identity reset
[01:06:24] 🔄 Identity rotated (every 10 requests)
[01:06:25] [231/326] MPDX
[01:06:26] [232/326] MUSC
[01:06:27] [233/326] VKMK
[01:06:28] [234/326] SKCG
[01:06:29] [235/326] ANCN
[01:06:30] [236/326] MMCJ
[01:06:31] [237/326] DCAK
[01:06:32] [238/326] SCKG
[01:06:34] [239/326] LMCK
[01:06:35] [240/326] CKKX
[01:06:36] 🔄 Identity reset
[01:06:36] 🔄 Identity rotated (every 10 requests)
[01:06:36] [241/326] ANKU
[01:06:37] [242/326] CSMD
[01:06:38] [243/326] MKMP
[01:06:39] [244/326] SVBG
[01:06:40] [245/326] ROOP
[01:06:41] [246/326] GDMT
[01:06:41] [247/326] FPPF
[01:06:44] [248/326] SFUU
[01:06:45] [249/326] ANCB
[01:06:46] [250/326] SMMC
[01:06:46] 🔄 Identity reset
[01:06:46] 🔄 Identity rotated (every 10 requests)
[01:06:48] [251/326] UGKT
[01:06:48] [252/326] JVRM
[01:06:49] [253/326] BATG
[01:06:50] [254/326] RATE
[01:06:51] [255/326] SKME
[01:06:52] [256/326] LMTP
[01:06:53] [257/326] TCBD
[01:06:54] [258/326] ESBD
[01:06:55] [259/326] GDCU
[01:06:56] [260/326] SNKT
[01:06:57] 🔄 Identity reset
[01:06:57] 🔄 Identity rotated (every 10 requests)
[01:06:57] [261/326] SRNK
[01:06:58] [262/326] SMED
[01:06:59] [263/326] CSQS
[01:07:00] [264/326] ALCS
[01:07:01] [265/326] KCKN
[01:07:02] [266/326] VCCL
[01:07:03] [267/326] MCDA
[01:07:04] [268/326] SHMI
[01:07:06] [269/326] SKHA
[01:07:06] [270/326] SVFK
[01:07:07] 🔄 Identity reset
[01:07:07] 🔄 Identity rotated (every 10 requests)
[01:07:07] [271/326] INVB
[01:07:08] [272/326] MELD
[01:07:09] [273/326] JTYS
[01:07:10] [274/326] INCM
[01:07:10] [275/326] MCDV
[01:07:11] [276/326] KSGK
[01:07:12] [277/326] ICMG
[01:07:13] [278/326] CSCV
[01:07:14] [279/326] STMD
[01:07:15] [280/326] STTR
[01:07:16] 🔄 Identity reset
[01:07:16] 🔄 Identity rotated (every 10 requests)
[01:07:16] [281/326] INVC
[01:07:17] [282/326] JTBL
[01:07:18] [283/326] SRVV
[01:07:19] [284/326] MAVC
[01:07:20] [285/326] SRPP
[01:07:23] [286/326] JGDM
[01:07:25] [287/326] MBSJ
[01:07:26] [288/326] SSLL
[01:07:27] [289/326] SLKP
[01:07:28] [290/326] NSRV
[01:07:29] 🔄 Identity reset
[01:07:29] 🔄 Identity rotated (every 10 requests)
[01:07:29] [291/326] UTDV
[01:07:30] [292/326] KICM
[01:07:31] [293/326] KCMD
[01:07:32] [294/326] TTPP
[01:07:33] [295/326] KMPV
[01:07:34] [296/326] SKTV
[01:07:34] [297/326] STCV
[01:07:35] [298/326] SRDA
[01:07:36] [299/326] JTSX
[01:07:37] [300/326] STBV
[01:07:38] 🔄 Identity reset
[01:07:38] 🔄 Identity rotated (every 10 requests)
[01:07:38] [301/326] APVZ
[01:07:39] [302/326] GSTV
[01:07:40] [303/326] NMVS
[01:07:41] [304/326] SKRT
[01:07:42] [305/326] RMDV
[01:07:43] [306/326] RATG
[01:07:44] [307/326] SJYV
[01:07:45] [308/326] NDGP
[01:07:46] [309/326] SNDG
[01:07:48] [310/326] INSR
[01:07:48] 🔄 Identity reset
[01:07:48] 🔄 Identity rotated (every 10 requests)
[01:07:49] [311/326] INSO
[01:07:50] [312/326] CCSI
[01:07:51] [313/326] RASM
[01:07:51] [314/326] NEWC
[01:07:53] [315/326] VSHL
[01:07:54] [316/326] BISW
[01:07:55] [317/326] GCNG
[01:07:56] [318/326] CWSC
[01:07:57] [319/326] SKAN
[01:07:58] [320/326] CCOA
[01:07:58] 🔄 Identity reset
[01:07:58] 🔄 Identity rotated (every 10 requests)
[01:07:59] [321/326] MCAJ
[01:08:00] [322/326] ACDE
[01:08:01] [323/326] AACM
[01:08:02] [324/326] JJCK
[01:08:03] [325/326] RCMO
[01:08:03] [326/326] GDAW
[01:08:04] ✅ DONE | Shows=0 | Movies=0
