[00:16:30] 🚀 BMS DAILY TRACKER STARTED (enhanced anti‑detection)
[00:16:30] [1/458] MBDC
[00:16:31] 🧠 New identity created
[00:16:31] 🔄 Retry 1/5 for MBDC in 2.5s
[00:16:31] 🔄 Identity reset
[00:16:34] 🧠 New identity created
[00:16:34] [2/458] CHKM
[00:16:35] [3/458] JTKZ
[00:16:36] [4/458] CMCT
[00:16:37] [5/458] ASHO
[00:16:38] [6/458] ECDG
[00:16:39] [7/458] SPAT
[00:16:40] [8/458] HILC
[00:16:41] [9/458] SPPH
[00:16:42] 🔄 Identity reset
[00:16:42] 🔄 Identity rotated (every 10 requests)
[00:16:42] [10/458] SBHN
[00:16:43] [11/458] RRCA
[00:16:44] [12/458] APAA
[00:16:45] [13/458] RAME
[00:16:46] [14/458] TMMS
[00:16:47] [15/458] BATK
[00:16:48] [16/458] LKOP
[00:16:49] [17/458] AMTT
[00:16:50] [18/458] PTGK
[00:16:50] [19/458] ANRS
[00:16:51] 🔄 Identity reset
[00:16:51] 🔄 Identity rotated (every 10 requests)
[00:16:51] [20/458] VWBW
[00:16:52] [21/458] SVFG
[00:16:53] [22/458] STAT
[00:16:54] [23/458] GDCV
[00:16:55] [24/458] VEBI
[00:16:56] [25/458] VDSS
[00:16:57] [26/458] NTHV
[00:16:58] [27/458] AOCH
[00:16:59] [28/458] KASR
[00:17:00] [29/458] AYCS
[00:17:00] 🔄 Identity reset
[00:17:00] 🔄 Identity rotated (every 10 requests)
[00:17:01] [30/458] SHAI
[00:17:02] [31/458] SKPE
[00:17:03] [32/458] SBTA
[00:17:04] [33/458] RTTD
[00:17:05] [34/458] CCJD
[00:17:06] [35/458] RSJJ
[00:17:07] [36/458] RKND
[00:17:08] [37/458] SVTX
[00:17:09] [38/458] BAKM
[00:17:10] [39/458] SVDC
[00:17:11] 🔄 Identity reset
[00:17:11] 🔄 Identity rotated (every 10 requests)
[00:17:11] [40/458] MNCV
[00:17:12] [41/458] SJGC
[00:17:13] [42/458] MTPK
[00:17:14] [43/458] GATP
[00:17:15] [44/458] ABTS
[00:17:16] [45/458] ABDE
[00:17:17] [46/458] RCNM
[00:17:18] [47/458] KTHV
[00:17:19] [48/458] MDGJ
[00:17:19] [49/458] SMLM
[00:17:20] 🔄 Identity reset
[00:17:20] 🔄 Identity rotated (every 10 requests)
[00:17:20] [50/458] JTMA
[00:17:21] [51/458] ACKP
[00:17:22] [52/458] SRTA
[00:17:23] [53/458] STAY
[00:17:24] [54/458] MAVO
[00:17:25] [55/458] APTS
[00:17:26] [56/458] OMEA
[00:17:28] [57/458] TTFD
[00:17:29] [58/458] MJCU
[00:17:30] [59/458] CXTE
[00:17:30] 🔄 Identity reset
[00:17:30] 🔄 Identity rotated (every 10 requests)
[00:17:30] [60/458] CTPX
[00:17:31] [61/458] ASSL
[00:17:32] [62/458] CMVB
[00:17:33] [63/458] VPUR
[00:17:34] [64/458] JJDA
[00:17:35] [65/458] INBL
[00:17:36] [66/458] BIKB
[00:17:37] [67/458] NTBB
[00:17:38] [68/458] GLOB
[00:17:39] [69/458] SNTB
[00:17:40] 🔄 Identity reset
[00:17:40] 🔄 Identity rotated (every 10 requests)
[00:17:40] [70/458] CHGV
[00:17:41] [71/458] SSBZ
[00:17:42] [72/458] PRDB
[00:17:43] [73/458] ISMT
[00:17:44] [74/458] MCSD
[00:17:45] [75/458] JBTT
[00:17:45] [76/458] GEKR
[00:17:46] [77/458] PVUN
[00:17:47] [78/458] NRTB
[00:17:48] [79/458] PRAA
[00:17:49] 🔄 Identity reset
[00:17:49] 🔄 Identity rotated (every 10 requests)
[00:17:49] [80/458] PCBL
[00:17:50] [81/458] PTCM
[00:17:51] [82/458] KHNN
[00:17:52] [83/458] OMJE
[00:17:53] [84/458] STGN
[00:17:54] [85/458] RPMS
[00:17:55] [86/458] NWAD
[00:17:56] [87/458] BLCK
[00:17:58] [88/458] SVAA
[00:17:59] [89/458] URVM
[00:17:59] 🔄 Identity reset
[00:17:59] 🔄 Identity rotated (every 10 requests)
[00:18:00] [90/458] ANTM
[00:18:01] [91/458] VJYM
[00:18:01] [92/458] MAZZ
[00:18:02] [93/458] CSHM
[00:18:03] [94/458] WGMH
[00:18:05] [95/458] SALN
[00:18:06] [96/458] BRTP
[00:18:07] [97/458] SVTA
[00:18:08] [98/458] SBTP
[00:18:09] [99/458] VLSS
[00:18:09] 🔄 Identity reset
[00:18:09] 🔄 Identity rotated (every 10 requests)
[00:18:10] [100/458] SRJA
[00:18:10] [101/458] ANCG
[00:18:11] [102/458] CGGC
[00:18:12] [103/458] CRJA
[00:18:13] [104/458] USCR
[00:18:14] [105/458] MMEF
[00:18:15] [106/458] JCRJ
[00:18:16] [107/458] ADCM
[00:18:17] [108/458] BMYK
[00:18:18] [109/458] KICS
[00:18:18] 🔄 Identity reset
[00:18:18] 🔄 Identity rotated (every 10 requests)
[00:18:19] [110/458] MBBT
[00:18:19] [111/458] MACK
[00:18:20] [112/458] CLDR
[00:18:21] [113/458] JYCR
[00:18:22] [114/458] DCRP
[00:18:23] [115/458] RAHT
[00:18:24] [116/458] CSSM
[00:18:25] [117/458] ATPK
[00:18:26] [118/458] KLRT
[00:18:27] [119/458] SRDD
[00:18:28] 🔄 Identity reset
[00:18:28] 🔄 Identity rotated (every 10 requests)
[00:18:28] [120/458] CKMC
[00:18:29] [121/458] KRVM
[00:18:30] [122/458] AKCP
[00:18:31] [123/458] CNCV
[00:18:32] [124/458] PACT
[00:18:33] [125/458] NATP
[00:18:34] [126/458] PCPK
[00:18:34] [127/458] SMHO
[00:18:36] [128/458] CWTK
[00:18:37] [129/458] RVKZ
[00:18:37] 🔄 Identity reset
[00:18:37] 🔄 Identity rotated (every 10 requests)
[00:18:38] [130/458] ASPD
[00:18:38] [131/458] VTKZ
[00:18:39] [132/458] LCSO
[00:18:40] [133/458] PRDY
[00:18:42] [134/458] RCAP
[00:18:43] [135/458] RGAR
[00:18:44] [136/458] RCAC
[00:18:45] [137/458] PMOD
[00:18:46] [138/458] PVCN
[00:18:46] [139/458] SCRZ
[00:18:47] 🔄 Identity reset
[00:18:47] 🔄 Identity rotated (every 10 requests)
[00:18:48] [140/458] PVPC
[00:18:48] [141/458] STID
[00:18:49] [142/458] NEDD
[00:18:50] [143/458] BNBA
[00:18:51] [144/458] NTCD
[00:18:52] [145/458] OCDE
[00:18:53] [146/458] CCDU
[00:18:54] [147/458] CRXH
[00:18:55] [148/458] VLVT
[00:18:56] [149/458] CICI
[00:18:57] 🔄 Identity reset
[00:18:57] 🔄 Identity rotated (every 10 requests)
[00:18:57] [150/458] SUCB
[00:18:59] [151/458] TCBP
[00:18:59] [152/458] SCCY
[00:19:00] [153/458] LXCY
[00:19:01] [154/458] NCMD
[00:19:02] [155/458] PHCS
[00:19:03] [156/458] DUXR
[00:19:04] [157/458] VNKS
[00:19:05] [158/458] SEDP
[00:19:06] [159/458] SVEN
[00:19:06] 🔄 Identity reset
[00:19:06] 🔄 Identity rotated (every 10 requests)
[00:19:06] 🔄 Retry 1/5 for SVEN in 2.4s
[00:19:06] 🔄 Identity reset
[00:19:09] 🧠 New identity created
[00:19:09] [160/458] SRKM
[00:19:10] [161/458] JTLT
[00:19:11] [162/458] SVSS
[00:19:12] [163/458] AMDE
[00:19:13] [164/458] WVRN
[00:19:14] [165/458] ISMG
[00:19:15] [166/458] WVKS
[00:19:16] [167/458] USCG
[00:19:17] [168/458] IOTG
[00:19:18] 🔄 Identity reset
[00:19:18] 🔄 Identity rotated (every 10 requests)
[00:19:18] [169/458] RRJM
[00:19:19] [170/458] EDMP
[00:19:20] [171/458] SCGZ
[00:19:21] [172/458] GMGX
[00:19:21] [173/458] OMTP
[00:19:23] [174/458] MITD
[00:19:23] [175/458] SMMD
[00:19:24] [176/458] STML
[00:19:25] [177/458] MCFS
[00:19:27] [178/458] FPKA
[00:19:28] 🔄 Identity reset
[00:19:28] 🔄 Identity rotated (every 10 requests)
[00:19:28] [179/458] OMLR
[00:19:29] [180/458] KKSC
[00:19:42] 🔄 Retry 1/5 for KKSC in 2.9s
[00:19:42] 🔄 Identity reset
[00:19:45] 🧠 New identity created
[00:19:45] 🔄 Retry 2/5 for KKSC in 4.3s
[00:19:45] 🔄 Identity reset
[00:19:49] 🧠 New identity created
[00:19:50] [181/458] RVMA
[00:19:51] [182/458] SCLL
[00:19:52] [183/458] SCDK
[00:19:53] [184/458] SXMI
[00:19:53] [185/458] SHDN
[00:19:54] [186/458] PAAD
[00:19:55] 🔄 Identity reset
[00:19:55] 🔄 Identity rotated (every 10 requests)
[00:19:55] [187/458] UUCB
[00:19:56] [188/458] JHOL
[00:19:57] [189/458] SGWT
[00:19:59] [190/458] SRII
[00:20:00] [191/458] SGCK
[00:20:01] [192/458] SVVB
[00:20:02] [193/458] DMHA
[00:20:04] [194/458] PPNL
[00:20:05] [195/458] CPNL
[00:20:06] [196/458] WVLD
[00:20:07] 🔄 Identity reset
[00:20:07] 🔄 Identity rotated (every 10 requests)
[00:20:07] [197/458] PSLV
[00:20:08] [198/458] VTTL
[00:20:09] [199/458] NPAD
[00:20:10] [200/458] PVCS
[00:20:10] [201/458] MCHL
[00:20:11] [202/458] PPLL
[00:20:12] [203/458] MALO
[00:20:13] [204/458] SWBH
[00:20:14] [205/458] PUGB
[00:20:15] [206/458] INBB
[00:20:16] 🔄 Identity reset
[00:20:16] 🔄 Identity rotated (every 10 requests)
[00:20:16] [207/458] INNS
[00:20:17] [208/458] MCPT
[00:20:19] [209/458] SCMI
[00:20:20] [210/458] OCON
[00:20:21] [211/458] SCSM
[00:20:21] [212/458] RJVN
[00:20:22] [213/458] AMDK
[00:20:23] [214/458] ISMR
[00:20:24] [215/458] SMTD
[00:20:25] [216/458] VTDD
[00:20:25] 🔄 Identity reset
[00:20:26] 🔄 Identity rotated (every 10 requests)
[00:20:26] [217/458] PDDZ
[00:20:27] [218/458] PCCK
[00:20:28] [219/458] INAM
[00:20:29] [220/458] FNKT
[00:20:30] [221/458] GDKA
[00:20:31] [222/458] MAYU
[00:20:32] [223/458] TCGU
[00:20:33] [224/458] KDCA
[00:20:34] [225/458] DOMY
[00:20:34] [226/458] PDDD
[00:20:35] 🔄 Identity reset
[00:20:35] 🔄 Identity rotated (every 10 requests)
[00:20:36] [227/458] BJTS
[00:20:37] [228/458] VTCA
[00:20:38] [229/458] SBTM
[00:20:39] [230/458] SEET
[00:20:40] [231/458] SSTJ
[00:20:41] [232/458] SVNT
[00:20:42] [233/458] PPPR
[00:20:43] [234/458] PVYS
[00:20:44] [235/458] IOSE
[00:20:45] [236/458] ACTV
[00:20:45] 🔄 Identity reset
[00:20:45] 🔄 Identity rotated (every 10 requests)
[00:20:45] [237/458] APVE
[00:20:47] [238/458] TCCL
[00:20:49] [239/458] SCMO
[00:20:50] [240/458] SAUM
[00:20:51] [241/458] KCJS
[00:20:52] [242/458] NJCJ
[00:20:52] [243/458] NECF
[00:20:53] [244/458] CCGW
[00:20:54] [245/458] CCMG
[00:20:55] [246/458] NYRG
[00:20:56] 🔄 Identity reset
[00:20:56] 🔄 Identity rotated (every 10 requests)
[00:20:56] [247/458] NCSQ
[00:20:57] [248/458] GRCG
[00:20:59] [249/458] CCBT
[00:21:00] [250/458] ACGA
[00:21:01] [251/458] INAG
[00:21:02] [252/458] FUCG
[00:21:03] [253/458] AICF
[00:21:04] [254/458] GRGA
[00:21:04] [255/458] GDCN
[00:21:05] [256/458] RRCG
[00:21:06] 🔄 Identity reset
[00:21:06] 🔄 Identity rotated (every 10 requests)
[00:21:06] [257/458] SDCH
[00:21:07] [258/458] WVJM
[00:21:08] [259/458] JCCZ
[00:21:09] [260/458] CNCL
[00:21:10] [261/458] TMLV
[00:21:12] [262/458] MEMB
[00:21:13] [263/458] SGTD
[00:21:14] [264/458] CONX
[00:21:15] [265/458] CCMH
[00:21:15] [266/458] ACMC
[00:21:16] 🔄 Identity reset
[00:21:16] 🔄 Identity rotated (every 10 requests)
[00:21:17] [267/458] DTPD
[00:21:17] [268/458] POJA
[00:21:18] [269/458] FNBH
[00:21:19] [270/458] CGCB
[00:21:20] [271/458] RACN
[00:21:21] [272/458] JTSM
[00:21:22] [273/458] SCDN
[00:21:23] [274/458] AACK
[00:21:24] [275/458] RMCE
[00:21:25] [276/458] BSGB
[00:21:25] 🔄 Identity reset
[00:21:25] 🔄 Identity rotated (every 10 requests)
[00:21:26] [277/458] MRCB
[00:21:27] [278/458] SRVR
[00:21:28] [279/458] VTKK
[00:21:29] [280/458] AMST
[00:21:30] [281/458] APCY
[00:21:31] [282/458] LMHO
[00:21:32] [283/458] MTZH
[00:21:33] [284/458] AMZB
[00:21:34] [285/458] SUVT
[00:21:36] [286/458] RCIP
[00:21:36] 🔄 Identity reset
[00:21:36] 🔄 Identity rotated (every 10 requests)
[00:21:37] [287/458] KESR
[00:21:38] [288/458] SNKC
[00:21:39] [289/458] SCED
[00:21:41] [290/458] DVCA
[00:21:42] [291/458] VCDT
[00:21:44] [292/458] RRDI
[00:21:45] [293/458] DFCH
[00:21:46] [294/458] INSC
[00:21:47] [295/458] RGTR
[00:21:47] [296/458] FMOT
[00:21:48] 🔄 Identity reset
[00:21:48] 🔄 Identity rotated (every 10 requests)
[00:21:48] [297/458] SCPM
[00:21:49] [298/458] GCDT
[00:21:50] [299/458] BRKT
[00:21:51] [300/458] DEMP
[00:21:52] [301/458] SRLC
[00:21:53] [302/458] KSTT
[00:21:55] [303/458] SMMT
[00:21:56] [304/458] SILM
[00:21:56] [305/458] JCVM
[00:22:00] [306/458] KCSV
[00:22:00] 🔄 Identity reset
[00:22:00] 🔄 Identity rotated (every 10 requests)
[00:22:01] [307/458] MHLK
[00:22:02] [308/458] SLVL
[00:22:02] [309/458] RJKP
[00:22:03] [310/458] BBPC
[00:22:04] [311/458] MXCB
[00:22:05] [312/458] TCPK
[00:22:06] [313/458] RTBR
[00:22:07] [314/458] GAUT
[00:22:08] [315/458] DVCF
[00:22:09] [316/458] JTSB
[00:22:10] 🔄 Identity reset
[00:22:10] 🔄 Identity rotated (every 10 requests)
[00:22:10] [317/458] SBLS
[00:22:11] [318/458] UDAY
[00:22:12] [319/458] PTNP
[00:22:14] [320/458] DMKT
[00:22:15] [321/458] NTDT
[00:22:16] [322/458] SHDJ
[00:22:17] [323/458] OTNC
[00:22:19] [324/458] RNTW
[00:22:19] [325/458] GCMI
[00:22:20] [326/458] CRCM
[00:22:21] 🔄 Identity reset
[00:22:21] 🔄 Identity rotated (every 10 requests)
[00:22:21] [327/458] NNCZ
[00:22:22] [328/458] OEMO
[00:22:23] [329/458] PVJM
[00:22:24] [330/458] CPJI
[00:22:25] [331/458] RMCJ
[00:22:26] [332/458] CNWJ
[00:22:27] [333/458] EPJM
[00:22:28] [334/458] FNJJ
[00:22:28] [335/458] GCMJ
[00:22:29] [336/458] INPS
[00:22:30] 🔄 Identity reset
[00:22:30] 🔄 Identity rotated (every 10 requests)
[00:22:31] [337/458] BICJ
[00:22:32] [338/458] ISTJ
[00:22:33] [339/458] INJC
[00:22:34] [340/458] GLXJ
[00:22:35] [341/458] INEM
[00:22:36] [342/458] JTMN
[00:22:37] [343/458] FRCJ
[00:22:38] [344/458] DDJP
[00:22:39] [345/458] INJV
[00:22:40] [346/458] GOLC
[00:22:40] 🔄 Identity reset
[00:22:40] 🔄 Identity rotated (every 10 requests)
[00:22:40] [347/458] KOCI
[00:22:41] [348/458] FSTD
[00:22:42] [349/458] PACJ
[00:22:43] [350/458] GMCN
[00:22:45] [351/458] MMDJ
[00:22:46] [352/458] GODH
[00:22:47] [353/458] SKYN
[00:22:48] [354/458] NCTH
[00:22:48] [355/458] SKVZ
[00:22:50] [356/458] SVML
[00:22:51] 🔄 Identity reset
[00:22:51] 🔄 Identity rotated (every 10 requests)
[00:22:51] 🔄 Retry 1/5 for SVML in 2.7s
[00:22:51] 🔄 Identity reset
[00:22:53] 🧠 New identity created
[00:22:54] [357/458] ACVZ
[00:22:55] [358/458] SURA
[00:22:56] [359/458] RTRB
[00:22:57] [360/458] LLCT
[00:22:58] [361/458] ATTS
[00:22:59] [362/458] JYCM
[00:22:59] [363/458] CTKR
[00:23:00] [364/458] LCKR
[00:23:02] [365/458] NYCV
[00:23:03] 🔄 Identity reset
[00:23:03] 🔄 Identity rotated (every 10 requests)
[00:23:03] [366/458] NYOH
[00:23:05] [367/458] NOVX
[00:23:06] [368/458] MRGK
[00:23:06] [369/458] MOON
[00:23:07] [370/458] SBUC
[00:23:08] [371/458] GSVA
[00:23:09] [372/458] VIAK
[00:23:10] [373/458] SMVZ
[00:23:11] [374/458] MATE
[00:23:12] [375/458] RDCN
[00:23:12] 🔄 Identity reset
[00:23:12] 🔄 Identity rotated (every 10 requests)
[00:23:13] [376/458] ASBL
[00:23:14] [377/458] ASVS
[00:23:14] [378/458] ASSR
[00:23:15] [379/458] SSKN
[00:23:16] [380/458] DRPV
[00:23:17] [381/458] MRHT
[00:23:19] [382/458] BSCN
[00:23:19] [383/458] RKNX
[00:23:20] [384/458] MSMC
[00:23:21] [385/458] MSCJ
[00:23:22] 🔄 Identity reset
[00:23:22] 🔄 Identity rotated (every 10 requests)
[00:23:22] [386/458] BTBJ
[00:23:23] [387/458] MJCC
[00:23:25] [388/458] IOMM
[00:23:25] [389/458] ADGR
[00:23:26] [390/458] MYCP
[00:23:27] [391/458] IGCM
[00:23:28] [392/458] PGRK
[00:23:29] [393/458] VPGO
[00:23:30] [394/458] KOMS
[00:23:32] [395/458] URGG
[00:23:33] 🔄 Identity reset
[00:23:33] 🔄 Identity rotated (every 10 requests)
[00:23:33] [396/458] GOST
[00:23:35] [397/458] LACT
[00:23:36] [398/458] BWCM
[00:23:37] [399/458] NCCW
[00:23:38] [400/458] SKYC
[00:23:39] [401/458] CCPM
[00:23:40] [402/458] VCBT
[00:23:41] [403/458] SDKR
[00:23:42] [404/458] CTYB
[00:23:42] [405/458] SHCX
[00:23:43] 🔄 Identity reset
[00:23:43] 🔄 Identity rotated (every 10 requests)
[00:23:43] [406/458] RCUN
[00:23:44] [407/458] CNRA
[00:23:45] [408/458] RFCA
[00:23:46] [409/458] RDCU
[00:23:47] [410/458] SARK
[00:23:48] [411/458] SPPP
[00:23:49] [412/458] ADMB
[00:23:49] [413/458] JYOE
[00:23:50] [414/458] SRMD
[00:23:51] [415/458] RJDH
[00:23:52] 🔄 Identity reset
[00:23:52] 🔄 Identity rotated (every 10 requests)
[00:23:52] [416/458] SSTD
[00:23:54] [417/458] AACV
[00:23:55] [418/458] PPVD
[00:23:57] [419/458] STCP
[00:23:58] [420/458] ANLS
[00:23:59] [421/458] BIJO
[00:24:00] [422/458] AVAB
[00:24:01] [423/458] SPMD
[00:24:02] [424/458] SVJL
[00:24:03] [425/458] SDDJ
[00:24:03] 🔄 Identity reset
[00:24:03] 🔄 Identity rotated (every 10 requests)
[00:24:04] [426/458] SLTU
[00:24:05] [427/458] SAKA
[00:24:06] [428/458] PMAM
[00:24:07] [429/458] FNAM
[00:24:08] [430/458] ACAM
[00:24:09] [431/458] SCMM
[00:24:10] [432/458] PMAK
[00:24:10] [433/458] NYSA
[00:24:12] [434/458] FCPA
[00:24:13] [435/458] GDAN
[00:24:13] 🔄 Identity reset
[00:24:13] 🔄 Identity rotated (every 10 requests)
[00:24:13] [436/458] RSCA
[00:24:14] [437/458] DMAN
[00:24:15] [438/458] DZCM
[00:24:16] [439/458] NSGL
[00:24:17] [440/458] CCPP
[00:24:18] [441/458] PSMG
[00:24:19] [442/458] GSER
[00:24:21] [443/458] FCCT
[00:24:22] [444/458] FCTB
[00:24:22] [445/458] LCNK
[00:24:23] 🔄 Identity reset
[00:24:23] 🔄 Identity rotated (every 10 requests)
[00:24:23] [446/458] SKTY
[00:24:25] [447/458] INAA
[00:24:25] [448/458] RCWN
[00:24:26] [449/458] VAIS
[00:24:27] [450/458] CVMN
[00:24:28] [451/458] INTS
[00:24:29] [452/458] FRGS
[00:24:30] [453/458] DTCK
[00:24:31] [454/458] MCMH
[00:24:32] [455/458] ECRR
[00:24:32] 🔄 Identity reset
[00:24:33] 🔄 Identity rotated (every 10 requests)
[00:24:33] [456/458] RLLP
[00:24:34] [457/458] CCSN
[00:24:34] [458/458] CCBA
[00:24:35] ✅ DONE | Shows=0 | Movies=0
[01:02:22] 🚀 BMS DAILY TRACKER STARTED (enhanced anti‑detection)
[01:02:22] [1/458] MBDC
[01:02:22] 🧠 New identity created
[01:02:23] [2/458] CHKM
[01:02:25] [3/458] JTKZ
[01:02:26] [4/458] CMCT
[01:02:27] [5/458] ASHO
[01:02:28] [6/458] ECDG
[01:02:28] [7/458] SPAT
[01:02:29] [8/458] HILC
[01:02:30] [9/458] SPPH
[01:02:31] [10/458] SBHN
[01:02:31] 🔄 Identity reset
[01:02:31] 🔄 Identity rotated (every 10 requests)
[01:02:32] [11/458] RRCA
[01:02:33] [12/458] APAA
[01:02:35] [13/458] RAME
[01:02:36] [14/458] TMMS
[01:02:37] [15/458] BATK
[01:02:38] [16/458] LKOP
[01:02:38] [17/458] AMTT
[01:02:39] [18/458] PTGK
[01:02:40] [19/458] ANRS
[01:02:42] [20/458] VWBW
[01:02:42] 🔄 Identity reset
[01:02:42] 🔄 Identity rotated (every 10 requests)
[01:02:42] 🔄 Retry 1/5 for VWBW in 2.2s
[01:02:42] 🔄 Identity reset
[01:02:45] 🧠 New identity created
[01:02:45] [21/458] SVFG
[01:02:46] [22/458] STAT
[01:02:47] [23/458] GDCV
[01:02:47] [24/458] VEBI
[01:02:48] [25/458] VDSS
[01:02:49] [26/458] NTHV
[01:02:50] [27/458] AOCH
[01:02:51] [28/458] KASR
[01:02:52] [29/458] AYCS
[01:02:52] 🔄 Identity reset
[01:02:52] 🔄 Identity rotated (every 10 requests)
[01:02:52] [30/458] SHAI
[01:02:53] [31/458] SKPE
[01:02:54] [32/458] SBTA
[01:02:55] [33/458] RTTD
[01:02:56] [34/458] CCJD
[01:02:57] [35/458] RSJJ
[01:02:58] [36/458] RKND
[01:02:58] [37/458] SVTX
[01:02:59] [38/458] BAKM
[01:03:00] [39/458] SVDC
[01:03:01] 🔄 Identity reset
[01:03:01] 🔄 Identity rotated (every 10 requests)
[01:03:01] 🔄 Retry 1/5 for SVDC in 2.1s
[01:03:01] 🔄 Identity reset
[01:03:03] 🧠 New identity created
[01:03:03] [40/458] MNCV
[01:03:04] [41/458] SJGC
[01:03:05] [42/458] MTPK
[01:03:06] [43/458] GATP
[01:03:07] [44/458] ABTS
[01:03:08] [45/458] ABDE
[01:03:08] [46/458] RCNM
[01:03:09] [47/458] KTHV
[01:03:10] [48/458] MDGJ
[01:03:11] 🔄 Identity reset
[01:03:11] 🔄 Identity rotated (every 10 requests)
[01:03:11] [49/458] SMLM
[01:03:12] [50/458] JTMA
[01:03:13] [51/458] ACKP
[01:03:14] [52/458] SRTA
[01:03:15] [53/458] STAY
[01:03:16] [54/458] MAVO
[01:03:17] [55/458] APTS
[01:03:18] [56/458] OMEA
[01:03:19] [57/458] TTFD
[01:03:20] [58/458] MJCU
[01:03:20] 🔄 Identity reset
[01:03:20] 🔄 Identity rotated (every 10 requests)
[01:03:20] 🔄 Retry 1/5 for MJCU in 2.5s
[01:03:20] 🔄 Identity reset
[01:03:23] 🧠 New identity created
[01:03:23] [59/458] CXTE
[01:03:24] [60/458] CTPX
[01:03:25] [61/458] ASSL
[01:03:25] [62/458] CMVB
[01:03:26] [63/458] VPUR
[01:03:27] [64/458] JJDA
[01:03:28] [65/458] INBL
[01:03:29] [66/458] BIKB
[01:03:30] [67/458] NTBB
[01:03:30] 🔄 Identity reset
[01:03:30] 🔄 Identity rotated (every 10 requests)
[01:03:31] [68/458] GLOB
[01:03:31] [69/458] SNTB
[01:03:32] [70/458] CHGV
[01:03:33] [71/458] SSBZ
[01:03:34] [72/458] PRDB
[01:03:35] [73/458] ISMT
[01:03:36] [74/458] MCSD
[01:03:37] [75/458] JBTT
[01:03:38] [76/458] GEKR
[01:03:38] [77/458] PVUN
[01:03:39] 🔄 Identity reset
[01:03:39] 🔄 Identity rotated (every 10 requests)
[01:03:39] 🔄 Retry 1/5 for PVUN in 2.9s
[01:03:39] 🔄 Identity reset
[01:03:42] 🧠 New identity created
[01:03:42] [78/458] NRTB
[01:03:43] [79/458] PRAA
[01:03:44] [80/458] PCBL
[01:03:45] [81/458] PTCM
[01:03:46] [82/458] KHNN
[01:03:47] [83/458] OMJE
[01:03:48] [84/458] STGN
[01:03:49] [85/458] RPMS
[01:03:50] [86/458] NWAD
[01:03:50] 🔄 Identity reset
[01:03:50] 🔄 Identity rotated (every 10 requests)
[01:03:50] [87/458] BLCK
[01:03:51] [88/458] SVAA
[01:03:52] [89/458] URVM
[01:03:53] [90/458] ANTM
[01:03:54] [91/458] VJYM
[01:03:54] [92/458] MAZZ
[01:03:55] [93/458] CSHM
[01:03:56] [94/458] WGMH
[01:03:57] [95/458] SALN
[01:03:58] [96/458] BRTP
[01:03:59] 🔄 Identity reset
[01:03:59] 🔄 Identity rotated (every 10 requests)
[01:03:59] [97/458] SVTA
[01:04:00] [98/458] SBTP
[01:04:01] [99/458] VLSS
[01:04:02] [100/458] SRJA
[01:04:03] [101/458] ANCG
[01:04:04] [102/458] CGGC
[01:04:05] [103/458] CRJA
[01:04:05] [104/458] USCR
[01:04:06] [105/458] MMEF
[01:04:07] [106/458] JCRJ
[01:04:08] 🔄 Identity reset
[01:04:08] 🔄 Identity rotated (every 10 requests)
[01:04:08] [107/458] ADCM
[01:04:09] [108/458] BMYK
[01:04:10] [109/458] KICS
[01:04:11] [110/458] MBBT
[01:04:12] [111/458] MACK
[01:04:13] [112/458] CLDR
[01:04:15] [113/458] JYCR
[01:04:16] [114/458] DCRP
[01:04:16] [115/458] RAHT
[01:04:17] [116/458] CSSM
[01:04:18] 🔄 Identity reset
[01:04:18] 🔄 Identity rotated (every 10 requests)
[01:04:18] [117/458] ATPK
[01:04:20] [118/458] KLRT
[01:04:20] [119/458] SRDD
[01:04:22] [120/458] CKMC
[01:04:23] [121/458] KRVM
[01:04:24] [122/458] AKCP
[01:04:25] [123/458] CNCV
[01:04:27] [124/458] PACT
[01:04:28] [125/458] NATP
[01:04:29] [126/458] PCPK
[01:04:29] 🔄 Identity reset
[01:04:29] 🔄 Identity rotated (every 10 requests)
[01:04:30] [127/458] SMHO
[01:04:31] [128/458] CWTK
[01:04:31] [129/458] RVKZ
[01:04:32] [130/458] ASPD
[01:04:33] [131/458] VTKZ
[01:04:34] [132/458] LCSO
[01:04:35] [133/458] PRDY
[01:04:36] [134/458] RCAP
[01:04:36] [135/458] RGAR
[01:04:37] [136/458] RCAC
[01:04:38] 🔄 Identity reset
[01:04:38] 🔄 Identity rotated (every 10 requests)
[01:04:38] [137/458] PMOD
[01:04:39] [138/458] PVCN
[01:04:40] [139/458] SCRZ
[01:04:41] [140/458] PVPC
[01:04:42] [141/458] STID
[01:04:43] [142/458] NEDD
[01:04:44] [143/458] BNBA
[01:04:44] [144/458] NTCD
[01:04:45] [145/458] OCDE
[01:04:46] [146/458] CCDU
[01:04:47] 🔄 Identity reset
[01:04:47] 🔄 Identity rotated (every 10 requests)
[01:04:47] [147/458] CRXH
[01:04:48] [148/458] VLVT
[01:04:49] [149/458] CICI
[01:04:49] [150/458] SUCB
[01:04:50] [151/458] TCBP
[01:04:51] [152/458] SCCY
[01:04:52] [153/458] LXCY
[01:04:53] [154/458] NCMD
[01:04:54] [155/458] PHCS
[01:04:54] [156/458] DUXR
[01:04:55] 🔄 Identity reset
[01:04:55] 🔄 Identity rotated (every 10 requests)
[01:04:55] [157/458] VNKS
[01:04:57] [158/458] SEDP
[01:04:58] [159/458] SVEN
[01:04:58] [160/458] SRKM
[01:04:59] [161/458] JTLT
[01:05:00] [162/458] SVSS
[01:05:01] [163/458] AMDE
[01:05:03] [164/458] WVRN
[01:05:03] [165/458] ISMG
[01:05:04] [166/458] WVKS
[01:05:05] 🔄 Identity reset
[01:05:05] 🔄 Identity rotated (every 10 requests)
[01:05:05] [167/458] USCG
[01:05:06] [168/458] IOTG
[01:05:07] [169/458] RRJM
[01:05:08] [170/458] EDMP
[01:05:09] [171/458] SCGZ
[01:05:09] [172/458] GMGX
[01:05:10] [173/458] OMTP
[01:05:11] [174/458] MITD
[01:05:12] [175/458] SMMD
[01:05:13] [176/458] STML
[01:05:13] 🔄 Identity reset
[01:05:13] 🔄 Identity rotated (every 10 requests)
[01:05:14] [177/458] MCFS
[01:05:14] [178/458] FPKA
[01:05:15] [179/458] OMLR
[01:05:16] [180/458] KKSC
[01:05:17] [181/458] RVMA
[01:05:18] [182/458] SCLL
[01:05:19] [183/458] SCDK
[01:05:20] [184/458] SXMI
[01:05:21] [185/458] SHDN
[01:05:22] [186/458] PAAD
[01:05:22] 🔄 Identity reset
[01:05:22] 🔄 Identity rotated (every 10 requests)
[01:05:23] [187/458] UUCB
[01:05:23] [188/458] JHOL
[01:05:24] [189/458] SGWT
[01:05:26] [190/458] SRII
[01:05:26] [191/458] SGCK
[01:05:27] [192/458] SVVB
[01:05:28] [193/458] DMHA
[01:05:29] [194/458] PPNL
[01:05:30] [195/458] CPNL
[01:05:31] [196/458] WVLD
[01:05:32] 🔄 Identity reset
[01:05:32] 🔄 Identity rotated (every 10 requests)
[01:05:32] 🔄 Retry 1/5 for WVLD in 2.2s
[01:05:32] 🔄 Identity reset
[01:05:34] 🧠 New identity created
[01:05:34] [197/458] PSLV
[01:05:35] [198/458] VTTL
[01:05:36] [199/458] NPAD
[01:05:37] [200/458] PVCS
[01:05:38] [201/458] MCHL
[01:05:38] [202/458] PPLL
[01:05:39] [203/458] MALO
[01:05:40] [204/458] SWBH
[01:05:41] [205/458] PUGB
[01:05:41] 🔄 Identity reset
[01:05:41] 🔄 Identity rotated (every 10 requests)
[01:05:42] [206/458] INBB
[01:05:43] [207/458] INNS
[01:05:44] [208/458] MCPT
[01:05:45] [209/458] SCMI
[01:05:46] [210/458] OCON
[01:05:47] [211/458] SCSM
[01:05:48] [212/458] RJVN
[01:05:49] [213/458] AMDK
[01:05:50] [214/458] ISMR
[01:05:51] [215/458] SMTD
[01:05:51] 🔄 Identity reset
[01:05:51] 🔄 Identity rotated (every 10 requests)
[01:05:52] [216/458] VTDD
[01:05:53] [217/458] PDDZ
[01:05:54] [218/458] PCCK
[01:05:55] [219/458] INAM
[01:05:56] [220/458] FNKT
[01:05:57] [221/458] GDKA
[01:05:57] [222/458] MAYU
[01:05:58] [223/458] TCGU
[01:05:59] [224/458] KDCA
[01:06:00] [225/458] DOMY
[01:06:01] 🔄 Identity reset
[01:06:01] 🔄 Identity rotated (every 10 requests)
[01:06:01] [226/458] PDDD
[01:06:02] [227/458] BJTS
[01:06:03] [228/458] VTCA
[01:06:04] [229/458] SBTM
[01:06:05] [230/458] SEET
[01:06:06] [231/458] SSTJ
[01:06:07] [232/458] SVNT
[01:06:07] [233/458] PPPR
[01:06:08] [234/458] PVYS
[01:06:09] [235/458] IOSE
[01:06:10] 🔄 Identity reset
[01:06:10] 🔄 Identity rotated (every 10 requests)
[01:06:10] [236/458] ACTV
[01:06:11] [237/458] APVE
[01:06:12] [238/458] TCCL
[01:06:13] [239/458] SCMO
[01:06:13] [240/458] SAUM
[01:06:14] [241/458] KCJS
[01:06:15] [242/458] NJCJ
[01:06:17] [243/458] NECF
[01:06:18] [244/458] CCGW
[01:06:19] [245/458] CCMG
[01:06:19] 🔄 Identity reset
[01:06:19] 🔄 Identity rotated (every 10 requests)
[01:06:20] [246/458] NYRG
[01:06:20] [247/458] NCSQ
[01:06:21] [248/458] GRCG
[01:06:22] [249/458] CCBT
[01:06:23] [250/458] ACGA
[01:06:24] [251/458] INAG
[01:06:25] [252/458] FUCG
[01:06:26] [253/458] AICF
[01:06:27] [254/458] GRGA
[01:06:28] [255/458] GDCN
[01:06:28] 🔄 Identity reset
[01:06:28] 🔄 Identity rotated (every 10 requests)
[01:06:28] [256/458] RRCG
[01:06:29] [257/458] SDCH
[01:06:30] [258/458] WVJM
[01:06:31] [259/458] JCCZ
[01:06:32] [260/458] CNCL
[01:06:33] [261/458] TMLV
[01:06:34] [262/458] MEMB
[01:06:35] [263/458] SGTD
[01:06:36] [264/458] CONX
[01:06:37] [265/458] CCMH
[01:06:37] 🔄 Identity reset
[01:06:37] 🔄 Identity rotated (every 10 requests)
[01:06:37] [266/458] ACMC
[01:06:39] [267/458] DTPD
[01:06:40] [268/458] POJA
[01:06:41] [269/458] FNBH
[01:06:42] [270/458] CGCB
[01:06:43] [271/458] RACN
[01:06:44] [272/458] JTSM
[01:06:44] [273/458] SCDN
[01:06:45] [274/458] AACK
[01:06:46] [275/458] RMCE
[01:06:47] 🔄 Identity reset
[01:06:47] 🔄 Identity rotated (every 10 requests)
[01:06:47] [276/458] BSGB
[01:06:48] [277/458] MRCB
[01:06:49] [278/458] SRVR
[01:06:50] [279/458] VTKK
[01:06:51] [280/458] AMST
[01:06:52] [281/458] APCY
[01:06:53] [282/458] LMHO
[01:06:54] [283/458] MTZH
[01:06:55] [284/458] AMZB
[01:06:56] [285/458] SUVT
[01:06:57] 🔄 Identity reset
[01:06:57] 🔄 Identity rotated (every 10 requests)
[01:06:57] [286/458] RCIP
[01:06:58] [287/458] KESR
[01:06:59] [288/458] SNKC
[01:07:01] [289/458] SCED
[01:07:01] [290/458] DVCA
[01:07:02] [291/458] VCDT
[01:07:03] [292/458] RRDI
[01:07:04] [293/458] DFCH
[01:07:05] [294/458] INSC
[01:07:06] [295/458] RGTR
[01:07:07] 🔄 Identity reset
[01:07:07] 🔄 Identity rotated (every 10 requests)
[01:07:07] [296/458] FMOT
[01:07:09] [297/458] SCPM
[01:07:10] [298/458] GCDT
[01:07:11] [299/458] BRKT
[01:07:12] [300/458] DEMP
[01:07:13] [301/458] SRLC
[01:07:14] [302/458] KSTT
[01:07:15] [303/458] SMMT
[01:07:16] [304/458] SILM
[01:07:18] [305/458] JCVM
[01:07:19] 🔄 Identity reset
[01:07:19] 🔄 Identity rotated (every 10 requests)
[01:07:19] 🔄 Retry 1/5 for JCVM in 2.5s
[01:07:19] 🔄 Identity reset
[01:07:21] 🧠 New identity created
[01:07:22] [306/458] KCSV
[01:07:23] [307/458] MHLK
[01:07:24] [308/458] SLVL
[01:07:25] [309/458] RJKP
[01:07:26] [310/458] BBPC
[01:07:26] [311/458] MXCB
[01:07:27] [312/458] TCPK
[01:07:28] [313/458] RTBR
[01:07:29] [314/458] GAUT
[01:07:30] 🔄 Identity reset
[01:07:30] 🔄 Identity rotated (every 10 requests)
[01:07:30] [315/458] DVCF
[01:07:31] [316/458] JTSB
[01:07:32] [317/458] SBLS
[01:07:33] [318/458] UDAY
[01:07:34] [319/458] PTNP
[01:07:35] [320/458] DMKT
[01:07:35] [321/458] NTDT
[01:07:37] [322/458] SHDJ
[01:07:38] [323/458] OTNC
[01:07:39] [324/458] RNTW
[01:07:39] 🔄 Identity reset
[01:07:39] 🔄 Identity rotated (every 10 requests)
[01:07:40] [325/458] GCMI
[01:07:40] [326/458] CRCM
[01:07:41] [327/458] NNCZ
[01:07:42] [328/458] OEMO
[01:07:43] [329/458] PVJM
[01:07:44] [330/458] CPJI
[01:07:45] [331/458] RMCJ
[01:07:46] [332/458] CNWJ
[01:07:47] [333/458] EPJM
[01:07:48] [334/458] FNJJ
[01:07:49] 🔄 Identity reset
[01:07:49] 🔄 Identity rotated (every 10 requests)
[01:07:49] [335/458] GCMJ
[01:07:50] [336/458] INPS
[01:07:51] [337/458] BICJ
[01:07:52] [338/458] ISTJ
[01:07:53] [339/458] INJC
[01:07:54] [340/458] GLXJ
[01:07:56] [341/458] INEM
[01:07:56] [342/458] JTMN
[01:07:57] [343/458] FRCJ
[01:07:58] [344/458] DDJP
[01:07:58] 🔄 Identity reset
[01:07:58] 🔄 Identity rotated (every 10 requests)
[01:07:59] [345/458] INJV
[01:08:00] [346/458] GOLC
[01:08:01] [347/458] KOCI
[01:08:02] [348/458] FSTD
[01:08:03] [349/458] PACJ
[01:08:04] [350/458] GMCN
[01:08:05] [351/458] MMDJ
[01:08:05] [352/458] GODH
[01:08:06] [353/458] SKYN
[01:08:07] [354/458] NCTH
[01:08:08] 🔄 Identity reset
[01:08:08] 🔄 Identity rotated (every 10 requests)
[01:08:08] [355/458] SKVZ
[01:08:09] [356/458] SVML
[01:08:10] [357/458] ACVZ
[01:08:11] [358/458] SURA
[01:08:11] [359/458] RTRB
[01:08:12] [360/458] LLCT
[01:08:13] [361/458] ATTS
[01:08:14] [362/458] JYCM
[01:08:15] [363/458] CTKR
[01:08:16] [364/458] LCKR
[01:08:16] 🔄 Identity reset
[01:08:16] 🔄 Identity rotated (every 10 requests)
[01:08:17] [365/458] NYCV
[01:08:18] [366/458] NYOH
[01:08:19] [367/458] NOVX
[01:08:20] [368/458] MRGK
[01:08:20] [369/458] MOON
[01:08:21] [370/458] SBUC
[01:08:22] [371/458] GSVA
[01:08:24] [372/458] VIAK
[01:08:24] [373/458] SMVZ
[01:08:25] [374/458] MATE
[01:08:26] 🔄 Identity reset
[01:08:26] 🔄 Identity rotated (every 10 requests)
[01:08:26] 🔄 Retry 1/5 for MATE in 2.3s
[01:08:26] 🔄 Identity reset
[01:08:28] 🧠 New identity created
[01:08:29] [375/458] RDCN
[01:08:30] [376/458] ASBL
[01:08:30] [377/458] ASVS
[01:08:31] [378/458] ASSR
[01:08:32] [379/458] SSKN
[01:08:33] [380/458] DRPV
[01:08:34] [381/458] MRHT
[01:08:34] [382/458] BSCN
[01:08:35] [383/458] RKNX
[01:08:36] 🔄 Identity reset
[01:08:36] 🔄 Identity rotated (every 10 requests)
[01:08:36] [384/458] MSMC
[01:08:37] [385/458] MSCJ
[01:08:38] [386/458] BTBJ
[01:08:39] [387/458] MJCC
[01:08:39] [388/458] IOMM
[01:08:41] [389/458] ADGR
[01:08:42] [390/458] MYCP
[01:08:43] [391/458] IGCM
[01:08:43] [392/458] PGRK
[01:08:44] [393/458] VPGO
[01:08:45] 🔄 Identity reset
[01:08:45] 🔄 Identity rotated (every 10 requests)
[01:08:46] [394/458] KOMS
[01:08:47] [395/458] URGG
[01:08:48] [396/458] GOST
[01:08:48] [397/458] LACT
[01:08:49] [398/458] BWCM
[01:08:51] [399/458] NCCW
[01:08:52] [400/458] SKYC
[01:08:53] [401/458] CCPM
[01:08:53] [402/458] VCBT
[01:08:54] [403/458] SDKR
[01:08:55] 🔄 Identity reset
[01:08:55] 🔄 Identity rotated (every 10 requests)
[01:08:55] [404/458] CTYB
[01:08:56] [405/458] SHCX
[01:08:57] [406/458] RCUN
[01:08:58] [407/458] CNRA
[01:08:59] [408/458] RFCA
[01:09:00] [409/458] RDCU
[01:09:01] [410/458] SARK
[01:09:02] [411/458] SPPP
[01:09:03] [412/458] ADMB
[01:09:04] [413/458] JYOE
[01:09:04] 🔄 Identity reset
[01:09:04] 🔄 Identity rotated (every 10 requests)
[01:09:05] [414/458] SRMD
[01:09:06] [415/458] RJDH
[01:09:07] [416/458] SSTD
[01:09:07] [417/458] AACV
[01:09:08] [418/458] PPVD
[01:09:09] [419/458] STCP
[01:09:10] [420/458] ANLS
[01:09:11] [421/458] BIJO
[01:09:12] [422/458] AVAB
[01:09:13] [423/458] SPMD
[01:09:14] 🔄 Identity reset
[01:09:14] 🔄 Identity rotated (every 10 requests)
[01:09:15] [424/458] SVJL
[01:09:16] [425/458] SDDJ
[01:09:16] [426/458] SLTU
[01:09:17] [427/458] SAKA
[01:09:18] [428/458] PMAM
[01:09:19] [429/458] FNAM
[01:09:21] [430/458] ACAM
[01:09:21] [431/458] SCMM
[01:09:22] [432/458] PMAK
[01:09:23] [433/458] NYSA
[01:09:24] 🔄 Identity reset
[01:09:24] 🔄 Identity rotated (every 10 requests)
[01:09:24] [434/458] FCPA
[01:09:25] [435/458] GDAN
[01:09:26] [436/458] RSCA
[01:09:27] [437/458] DMAN
[01:09:28] [438/458] DZCM
[01:09:29] [439/458] NSGL
[01:09:30] [440/458] CCPP
[01:09:31] [441/458] PSMG
[01:09:32] [442/458] GSER
[01:09:32] [443/458] FCCT
[01:09:33] 🔄 Identity reset
[01:09:33] 🔄 Identity rotated (every 10 requests)
[01:09:34] [444/458] FCTB
[01:09:34] [445/458] LCNK
[01:09:35] [446/458] SKTY
[01:09:36] [447/458] INAA
[01:09:37] [448/458] RCWN
[01:09:38] [449/458] VAIS
[01:09:38] [450/458] CVMN
[01:09:39] [451/458] INTS
[01:09:40] [452/458] FRGS
[01:09:41] [453/458] DTCK
[01:09:42] 🔄 Identity reset
[01:09:42] 🔄 Identity rotated (every 10 requests)
[01:09:42] [454/458] MCMH
[01:09:43] [455/458] ECRR
[01:09:44] [456/458] RLLP
[01:09:45] [457/458] CCSN
[01:09:46] [458/458] CCBA
[01:09:47] ✅ DONE | Shows=0 | Movies=0
[01:16:19] 🚀 BMS DAILY TRACKER STARTED (enhanced anti‑detection)
[01:16:19] [1/458] MBDC
[01:16:20] 🧠 New identity created
[01:16:20] [2/458] CHKM
[01:16:21] [3/458] JTKZ
[01:16:22] [4/458] CMCT
[01:16:23] [5/458] ASHO
[01:16:24] [6/458] ECDG
[01:16:25] [7/458] SPAT
[01:16:26] [8/458] HILC
[01:16:27] [9/458] SPPH
[01:16:28] [10/458] SBHN
[01:16:28] 🔄 Identity reset
[01:16:28] 🔄 Identity rotated (every 10 requests)
[01:16:29] [11/458] RRCA
[01:16:30] [12/458] APAA
[01:16:31] [13/458] RAME
[01:16:32] [14/458] TMMS
[01:16:33] [15/458] BATK
[01:16:34] [16/458] LKOP
[01:16:35] [17/458] AMTT
[01:16:35] [18/458] PTGK
[01:16:36] [19/458] ANRS
[01:16:37] [20/458] VWBW
[01:16:38] 🔄 Identity reset
[01:16:38] 🔄 Identity rotated (every 10 requests)
[01:16:39] [21/458] SVFG
[01:16:40] [22/458] STAT
[01:16:41] [23/458] GDCV
[01:16:43] [24/458] VEBI
[01:16:45] [25/458] VDSS
[01:16:46] [26/458] NTHV
[01:16:47] [27/458] AOCH
[01:16:48] [28/458] KASR
[01:16:48] [29/458] AYCS
[01:16:49] [30/458] SHAI
[01:16:50] 🔄 Identity reset
[01:16:50] 🔄 Identity rotated (every 10 requests)
[01:16:50] [31/458] SKPE
[01:16:51] [32/458] SBTA
[01:16:53] [33/458] RTTD
[01:16:54] [34/458] CCJD
[01:16:55] [35/458] RSJJ
[01:16:55] [36/458] RKND
[01:16:56] [37/458] SVTX
[01:16:57] [38/458] BAKM
[01:16:59] [39/458] SVDC
[01:17:01] [40/458] MNCV
[01:17:01] 🔄 Identity reset
[01:17:01] 🔄 Identity rotated (every 10 requests)
[01:17:02] [41/458] SJGC
[01:17:03] [42/458] MTPK
[01:17:04] [43/458] GATP
[01:17:05] [44/458] ABTS
[01:17:06] [45/458] ABDE
[01:17:07] [46/458] RCNM
[01:17:08] [47/458] KTHV
[01:17:09] [48/458] MDGJ
[01:17:10] [49/458] SMLM
[01:17:11] [50/458] JTMA
[01:17:11] 🔄 Identity reset
[01:17:11] 🔄 Identity rotated (every 10 requests)
[01:17:12] [51/458] ACKP
[01:17:13] [52/458] SRTA
[01:17:14] [53/458] STAY
[01:17:15] [54/458] MAVO
[01:17:16] [55/458] APTS
[01:17:17] [56/458] OMEA
[01:17:18] [57/458] TTFD
[01:17:19] [58/458] MJCU
[01:17:19] [59/458] CXTE
[01:17:21] [60/458] CTPX
[01:17:22] 🔄 Identity reset
[01:17:22] 🔄 Identity rotated (every 10 requests)
[01:17:23] [61/458] ASSL
[01:17:24] [62/458] CMVB
[01:17:25] [63/458] VPUR
[01:17:26] [64/458] JJDA
[01:17:27] [65/458] INBL
[01:17:28] [66/458] BIKB
[01:17:29] [67/458] NTBB
[01:17:30] [68/458] GLOB
[01:17:31] [69/458] SNTB
[01:17:32] [70/458] CHGV
[01:17:32] 🔄 Identity reset
[01:17:32] 🔄 Identity rotated (every 10 requests)
[01:17:33] [71/458] SSBZ
[01:17:34] [72/458] PRDB
[01:17:35] [73/458] ISMT
[01:17:36] [74/458] MCSD
[01:17:37] [75/458] JBTT
[01:17:39] [76/458] GEKR
[01:17:39] [77/458] PVUN
[01:17:40] [78/458] NRTB
[01:17:41] [79/458] PRAA
[01:17:43] [80/458] PCBL
[01:17:43] 🔄 Identity reset
[01:17:43] 🔄 Identity rotated (every 10 requests)
[01:17:44] [81/458] PTCM
[01:17:45] [82/458] KHNN
[01:17:46] [83/458] OMJE
[01:17:47] [84/458] STGN
[01:17:47] [85/458] RPMS
[01:17:48] [86/458] NWAD
[01:17:49] [87/458] BLCK
[01:17:50] [88/458] SVAA
[01:17:51] [89/458] URVM
[01:17:53] [90/458] ANTM
[01:17:53] 🔄 Identity reset
[01:17:53] 🔄 Identity rotated (every 10 requests)
[01:17:54] [91/458] VJYM
[01:17:55] [92/458] MAZZ
[01:17:56] [93/458] CSHM
[01:17:56] [94/458] WGMH
[01:17:57] [95/458] SALN
[01:17:59] [96/458] BRTP
[01:17:59] [97/458] SVTA
[01:18:00] [98/458] SBTP
[01:18:01] [99/458] VLSS
[01:18:02] [100/458] SRJA
[01:18:03] 🔄 Identity reset
[01:18:03] 🔄 Identity rotated (every 10 requests)
[01:18:03] [101/458] ANCG
[01:18:04] [102/458] CGGC
[01:18:05] [103/458] CRJA
[01:18:06] [104/458] USCR
[01:18:08] [105/458] MMEF
[01:18:09] [106/458] JCRJ
[01:18:10] [107/458] ADCM
[01:18:12] [108/458] BMYK
[01:18:13] [109/458] KICS
[01:18:13] [110/458] MBBT
[01:18:14] 🔄 Identity reset
[01:18:14] 🔄 Identity rotated (every 10 requests)
[01:18:15] [111/458] MACK
[01:18:16] [112/458] CLDR
[01:18:17] [113/458] JYCR
[01:18:18] [114/458] DCRP
[01:18:19] [115/458] RAHT
[01:18:20] [116/458] CSSM
[01:18:21] [117/458] ATPK
[01:18:22] [118/458] KLRT
[01:18:23] [119/458] SRDD
[01:18:24] [120/458] CKMC
[01:18:24] 🔄 Identity reset
[01:18:24] 🔄 Identity rotated (every 10 requests)
[01:18:26] [121/458] KRVM
[01:18:26] [122/458] AKCP
[01:18:27] [123/458] CNCV
[01:18:28] [124/458] PACT
[01:18:29] [125/458] NATP
[01:18:31] [126/458] PCPK
[01:18:32] [127/458] SMHO
[01:18:33] [128/458] CWTK
[01:18:34] [129/458] RVKZ
[01:18:35] [130/458] ASPD
[01:18:36] 🔄 Identity reset
[01:18:36] 🔄 Identity rotated (every 10 requests)
[01:18:37] [131/458] VTKZ
[01:18:38] [132/458] LCSO
[01:18:39] [133/458] PRDY
[01:18:40] [134/458] RCAP
[01:18:41] [135/458] RGAR
[01:18:42] [136/458] RCAC
[01:18:43] [137/458] PMOD
[01:18:44] [138/458] PVCN
[01:18:45] [139/458] SCRZ
[01:18:46] [140/458] PVPC
[01:18:46] 🔄 Identity reset
[01:18:46] 🔄 Identity rotated (every 10 requests)
[01:18:47] [141/458] STID
[01:18:48] [142/458] NEDD
[01:18:49] [143/458] BNBA
[01:18:50] [144/458] NTCD
[01:18:51] [145/458] OCDE
[01:18:52] [146/458] CCDU
[01:18:53] [147/458] CRXH
[01:18:54] [148/458] VLVT
[01:18:55] [149/458] CICI
[01:18:56] [150/458] SUCB
[01:18:56] 🔄 Identity reset
[01:18:56] 🔄 Identity rotated (every 10 requests)
[01:18:57] [151/458] TCBP
[01:18:58] [152/458] SCCY
[01:18:59] [153/458] LXCY
[01:19:00] [154/458] NCMD
[01:19:01] [155/458] PHCS
[01:19:02] [156/458] DUXR
[01:19:03] [157/458] VNKS
[01:19:04] [158/458] SEDP
[01:19:05] [159/458] SVEN
[01:19:07] [160/458] SRKM
[01:19:07] 🔄 Identity reset
[01:19:07] 🔄 Identity rotated (every 10 requests)
[01:19:07] [161/458] JTLT
[01:19:08] [162/458] SVSS
[01:19:09] [163/458] AMDE
[01:19:10] [164/458] WVRN
[01:19:11] [165/458] ISMG
[01:19:13] [166/458] WVKS
[01:19:14] [167/458] USCG
[01:19:15] [168/458] IOTG
[01:19:17] [169/458] RRJM
[01:19:18] [170/458] EDMP
[01:19:18] 🔄 Identity reset
[01:19:18] 🔄 Identity rotated (every 10 requests)
[01:19:19] [171/458] SCGZ
[01:19:20] [172/458] GMGX
[01:19:21] [173/458] OMTP
[01:19:22] [174/458] MITD
[01:19:23] [175/458] SMMD
[01:19:24] [176/458] STML
[01:19:25] [177/458] MCFS
[01:19:26] [178/458] FPKA
[01:19:28] [179/458] OMLR
[01:19:28] [180/458] KKSC
[01:19:29] 🔄 Identity reset
[01:19:29] 🔄 Identity rotated (every 10 requests)
[01:19:30] [181/458] RVMA
[01:19:31] [182/458] SCLL
[01:19:32] [183/458] SCDK
[01:19:33] [184/458] SXMI
[01:19:34] [185/458] SHDN
[01:19:35] [186/458] PAAD
[01:19:36] [187/458] UUCB
[01:19:37] [188/458] JHOL
[01:19:38] [189/458] SGWT
[01:19:39] [190/458] SRII
[01:19:40] 🔄 Identity reset
[01:19:40] 🔄 Identity rotated (every 10 requests)
[01:19:40] [191/458] SGCK
[01:19:41] [192/458] SVVB
[01:19:42] [193/458] DMHA
[01:19:43] [194/458] PPNL
[01:19:44] [195/458] CPNL
[01:19:45] [196/458] WVLD
[01:19:46] [197/458] PSLV
[01:19:47] [198/458] VTTL
[01:19:48] [199/458] NPAD
[01:19:49] [200/458] PVCS
[01:19:50] 🔄 Identity reset
[01:19:50] 🔄 Identity rotated (every 10 requests)
[01:19:50] [201/458] MCHL
[01:19:51] [202/458] PPLL
[01:19:52] [203/458] MALO
[01:19:54] [204/458] SWBH
[01:19:55] [205/458] PUGB
[01:19:55] [206/458] INBB
[01:19:56] [207/458] INNS
[01:19:57] [208/458] MCPT
[01:19:58] [209/458] SCMI
[01:19:59] [210/458] OCON
[01:20:00] 🔄 Identity reset
[01:20:00] 🔄 Identity rotated (every 10 requests)
[01:20:00] [211/458] SCSM
[01:20:01] [212/458] RJVN
[01:20:02] [213/458] AMDK
[01:20:03] [214/458] ISMR
[01:20:04] [215/458] SMTD
[01:20:05] [216/458] VTDD
[01:20:07] [217/458] PDDZ
[01:20:08] [218/458] PCCK
[01:20:09] [219/458] INAM
[01:20:10] [220/458] FNKT
[01:20:10] 🔄 Identity reset
[01:20:10] 🔄 Identity rotated (every 10 requests)
[01:20:11] [221/458] GDKA
[01:20:12] [222/458] MAYU
[01:20:12] [223/458] TCGU
[01:20:13] [224/458] KDCA
[01:20:14] [225/458] DOMY
[01:20:15] [226/458] PDDD
[01:20:16] [227/458] BJTS
[01:20:17] [228/458] VTCA
[01:20:18] [229/458] SBTM
[01:20:19] [230/458] SEET
[01:20:19] 🔄 Identity reset
[01:20:19] 🔄 Identity rotated (every 10 requests)
[01:20:20] [231/458] SSTJ
[01:20:21] [232/458] SVNT
[01:20:22] [233/458] PPPR
[01:20:22] [234/458] PVYS
[01:20:23] [235/458] IOSE
[01:20:24] [236/458] ACTV
[01:20:25] [237/458] APVE
[01:20:27] [238/458] TCCL
[01:20:28] [239/458] SCMO
[01:20:29] [240/458] SAUM
[01:20:29] 🔄 Identity reset
[01:20:29] 🔄 Identity rotated (every 10 requests)
[01:20:31] [241/458] KCJS
[01:20:32] [242/458] NJCJ
[01:20:32] [243/458] NECF
[01:20:33] [244/458] CCGW
[01:20:34] [245/458] CCMG
[01:20:35] [246/458] NYRG
[01:20:36] [247/458] NCSQ
[01:20:37] [248/458] GRCG
[01:20:38] [249/458] CCBT
[01:20:39] [250/458] ACGA
[01:20:39] 🔄 Identity reset
[01:20:39] 🔄 Identity rotated (every 10 requests)
[01:20:41] [251/458] INAG
[01:20:41] [252/458] FUCG
[01:20:42] [253/458] AICF
[01:20:43] [254/458] GRGA
[01:20:44] [255/458] GDCN
[01:20:46] [256/458] RRCG
[01:20:47] [257/458] SDCH
[01:20:48] [258/458] WVJM
[01:20:49] [259/458] JCCZ
[01:20:50] [260/458] CNCL
[01:20:50] 🔄 Identity reset
[01:20:50] 🔄 Identity rotated (every 10 requests)
[01:20:51] [261/458] TMLV
[01:20:52] [262/458] MEMB
[01:20:52] [263/458] SGTD
[01:20:53] [264/458] CONX
[01:20:54] [265/458] CCMH
[01:20:55] [266/458] ACMC
[01:20:56] [267/458] DTPD
[01:20:57] [268/458] POJA
[01:20:58] [269/458] FNBH
[01:20:59] [270/458] CGCB
[01:21:00] 🔄 Identity reset
[01:21:00] 🔄 Identity rotated (every 10 requests)
[01:21:00] [271/458] RACN
[01:21:01] [272/458] JTSM
[01:21:02] [273/458] SCDN
[01:21:03] [274/458] AACK
[01:21:05] [275/458] RMCE
[01:21:06] [276/458] BSGB
[01:21:06] [277/458] MRCB
[01:21:08] [278/458] SRVR
[01:21:08] [279/458] VTKK
[01:21:09] [280/458] AMST
[01:21:10] 🔄 Identity reset
[01:21:10] 🔄 Identity rotated (every 10 requests)
[01:21:10] [281/458] APCY
[01:21:12] [282/458] LMHO
[01:21:12] [283/458] MTZH
[01:21:13] [284/458] AMZB
[01:21:14] [285/458] SUVT
[01:21:15] [286/458] RCIP
[01:21:16] [287/458] KESR
[01:21:17] [288/458] SNKC
[01:21:18] [289/458] SCED
[01:21:19] [290/458] DVCA
[01:21:20] 🔄 Identity reset
[01:21:20] 🔄 Identity rotated (every 10 requests)
[01:21:20] [291/458] VCDT
[01:21:21] [292/458] RRDI
[01:21:22] [293/458] DFCH
[01:21:23] [294/458] INSC
[01:21:24] [295/458] RGTR
[01:21:25] [296/458] FMOT
[01:21:26] [297/458] SCPM
[01:21:27] [298/458] GCDT
[01:21:27] [299/458] BRKT
[01:21:29] [300/458] DEMP
[01:21:30] 🔄 Identity reset
[01:21:30] 🔄 Identity rotated (every 10 requests)
[01:21:30] [301/458] SRLC
[01:21:32] [302/458] KSTT
[01:21:34] [303/458] SMMT
[01:21:35] [304/458] SILM
[01:21:36] [305/458] JCVM
[01:21:36] [306/458] KCSV
[01:21:37] [307/458] MHLK
[01:21:38] [308/458] SLVL
[01:21:39] [309/458] RJKP
[01:21:40] [310/458] BBPC
[01:21:41] 🔄 Identity reset
[01:21:41] 🔄 Identity rotated (every 10 requests)
[01:21:41] [311/458] MXCB
[01:21:42] [312/458] TCPK
[01:21:43] [313/458] RTBR
[01:21:44] [314/458] GAUT
[01:21:45] [315/458] DVCF
[01:21:46] [316/458] JTSB
[01:21:47] [317/458] SBLS
[01:21:48] [318/458] UDAY
[01:21:50] [319/458] PTNP
[01:21:51] [320/458] DMKT
[01:21:51] 🔄 Identity reset
[01:21:51] 🔄 Identity rotated (every 10 requests)
[01:21:52] [321/458] NTDT
[01:21:52] [322/458] SHDJ
[01:21:54] [323/458] OTNC
[01:21:54] [324/458] RNTW
[01:21:56] [325/458] GCMI
[01:21:57] [326/458] CRCM
[01:21:57] [327/458] NNCZ
[01:21:58] [328/458] OEMO
[01:21:59] [329/458] PVJM
[01:22:00] [330/458] CPJI
[01:22:01] 🔄 Identity reset
[01:22:01] 🔄 Identity rotated (every 10 requests)
[01:22:01] [331/458] RMCJ
[01:22:02] [332/458] CNWJ
[01:22:03] [333/458] EPJM
[01:22:04] [334/458] FNJJ
[01:22:05] [335/458] GCMJ
[01:22:06] [336/458] INPS
[01:22:07] [337/458] BICJ
[01:22:08] [338/458] ISTJ
[01:22:09] [339/458] INJC
[01:22:10] [340/458] GLXJ
[01:22:10] 🔄 Identity reset
[01:22:10] 🔄 Identity rotated (every 10 requests)
[01:22:11] [341/458] INEM
[01:22:12] [342/458] JTMN
[01:22:13] [343/458] FRCJ
[01:22:13] [344/458] DDJP
[01:22:14] [345/458] INJV
[01:22:15] [346/458] GOLC
[01:22:17] [347/458] KOCI
[01:22:17] [348/458] FSTD
[01:22:18] [349/458] PACJ
[01:22:19] [350/458] GMCN
[01:22:20] 🔄 Identity reset
[01:22:20] 🔄 Identity rotated (every 10 requests)
[01:22:20] [351/458] MMDJ
[01:22:21] [352/458] GODH
[01:22:22] [353/458] SKYN
[01:22:23] [354/458] NCTH
[01:22:24] [355/458] SKVZ
[01:22:25] [356/458] SVML
[01:22:26] [357/458] ACVZ
[01:22:27] [358/458] SURA
[01:22:28] [359/458] RTRB
[01:22:29] [360/458] LLCT
[01:22:29] 🔄 Identity reset
[01:22:29] 🔄 Identity rotated (every 10 requests)
[01:22:30] [361/458] ATTS
[01:22:31] [362/458] JYCM
[01:22:34] [363/458] CTKR
[01:22:35] [364/458] LCKR
[01:22:36] [365/458] NYCV
[01:22:37] [366/458] NYOH
[01:22:37] [367/458] NOVX
[01:22:39] [368/458] MRGK
[01:22:40] [369/458] MOON
[01:22:41] [370/458] SBUC
[01:22:42] 🔄 Identity reset
[01:22:42] 🔄 Identity rotated (every 10 requests)
[01:22:42] 🔄 Retry 1/5 for SBUC in 2.5s
[01:22:42] 🔄 Identity reset
[01:22:44] 🧠 New identity created
[01:22:45] [371/458] GSVA
[01:22:46] [372/458] VIAK
[01:22:47] [373/458] SMVZ
[01:22:47] [374/458] MATE
[01:22:48] [375/458] RDCN
[01:22:50] [376/458] ASBL
[01:22:51] [377/458] ASVS
[01:22:52] [378/458] ASSR
[01:22:52] [379/458] SSKN
[01:22:53] 🔄 Identity reset
[01:22:53] 🔄 Identity rotated (every 10 requests)
[01:22:53] [380/458] DRPV
[01:22:54] [381/458] MRHT
[01:22:56] [382/458] BSCN
[01:22:57] [383/458] RKNX
[01:22:58] [384/458] MSMC
[01:22:59] [385/458] MSCJ
[01:23:00] [386/458] BTBJ
[01:23:01] [387/458] MJCC
[01:23:02] [388/458] IOMM
[01:23:03] [389/458] ADGR
[01:23:04] 🔄 Identity reset
[01:23:04] 🔄 Identity rotated (every 10 requests)
[01:23:04] [390/458] MYCP
[01:23:05] [391/458] IGCM
[01:23:06] [392/458] PGRK
[01:23:07] [393/458] VPGO
[01:23:08] [394/458] KOMS
[01:23:09] [395/458] URGG
[01:23:10] [396/458] GOST
[01:23:11] [397/458] LACT
[01:23:12] [398/458] BWCM
[01:23:13] [399/458] NCCW
[01:23:13] 🔄 Identity reset
[01:23:13] 🔄 Identity rotated (every 10 requests)
[01:23:14] [400/458] SKYC
[01:23:14] [401/458] CCPM
[01:23:15] [402/458] VCBT
[01:23:16] [403/458] SDKR
[01:23:17] [404/458] CTYB
[01:23:18] [405/458] SHCX
[01:23:20] [406/458] RCUN
[01:23:20] [407/458] CNRA
[01:23:21] [408/458] RFCA
[01:23:23] [409/458] RDCU
[01:23:24] 🔄 Identity reset
[01:23:24] 🔄 Identity rotated (every 10 requests)
[01:23:24] [410/458] SARK
[01:23:25] [411/458] SPPP
[01:23:26] [412/458] ADMB
[01:23:27] [413/458] JYOE
[01:23:28] [414/458] SRMD
[01:23:29] [415/458] RJDH
[01:23:30] [416/458] SSTD
[01:23:31] [417/458] AACV
[01:23:32] [418/458] PPVD
[01:23:32] [419/458] STCP
[01:23:33] 🔄 Identity reset
[01:23:33] 🔄 Identity rotated (every 10 requests)
[01:23:33] [420/458] ANLS
[01:23:35] [421/458] BIJO
[01:23:36] [422/458] AVAB
[01:23:37] [423/458] SPMD
[01:23:38] [424/458] SVJL
[01:23:39] [425/458] SDDJ
[01:23:40] [426/458] SLTU
[01:23:41] [427/458] SAKA
[01:23:41] [428/458] PMAM
[01:23:42] [429/458] FNAM
[01:23:43] 🔄 Identity reset
[01:23:43] 🔄 Identity rotated (every 10 requests)
[01:23:43] [430/458] ACAM
[01:23:44] [431/458] SCMM
[01:23:45] [432/458] PMAK
[01:23:46] [433/458] NYSA
[01:23:47] [434/458] FCPA
[01:23:48] [435/458] GDAN
[01:23:49] [436/458] RSCA
[01:23:50] [437/458] DMAN
[01:23:51] [438/458] DZCM
[01:23:52] [439/458] NSGL
[01:23:53] 🔄 Identity reset
[01:23:53] 🔄 Identity rotated (every 10 requests)
[01:23:53] [440/458] CCPP
[01:23:54] [441/458] PSMG
[01:23:55] [442/458] GSER
[01:23:55] [443/458] FCCT
[01:23:56] [444/458] FCTB
[01:23:57] [445/458] LCNK
[01:23:58] [446/458] SKTY
[01:23:59] [447/458] INAA
[01:24:00] [448/458] RCWN
[01:24:01] [449/458] VAIS
[01:24:02] 🔄 Identity reset
[01:24:02] 🔄 Identity rotated (every 10 requests)
[01:24:02] [450/458] CVMN
[01:24:03] [451/458] INTS
[01:24:04] [452/458] FRGS
[01:24:05] [453/458] DTCK
[01:24:06] [454/458] MCMH
[01:24:07] [455/458] ECRR
[01:24:08] [456/458] RLLP
[01:24:09] [457/458] CCSN
[01:24:11] [458/458] CCBA
[01:24:11] ✅ DONE | Shows=0 | Movies=0
[02:16:14] 🚀 BMS DAILY TRACKER STARTED (enhanced anti‑detection)
[02:16:14] [1/458] MBDC
[02:16:15] 🧠 New identity created
[02:16:15] [2/458] CHKM
[02:16:16] [3/458] JTKZ
[02:16:17] [4/458] CMCT
[02:16:18] [5/458] ASHO
[02:16:19] [6/458] ECDG
[02:16:20] [7/458] SPAT
[02:16:20] [8/458] HILC
[02:16:21] [9/458] SPPH
[02:16:22] [10/458] SBHN
[02:16:23] 🔄 Identity reset
[02:16:23] 🔄 Identity rotated (every 10 requests)
[02:16:23] [11/458] RRCA
[02:16:24] [12/458] APAA
[02:16:25] [13/458] RAME
[02:16:25] [14/458] TMMS
[02:16:26] [15/458] BATK
[02:16:27] [16/458] LKOP
[02:16:28] [17/458] AMTT
[02:16:29] [18/458] PTGK
[02:16:30] [19/458] ANRS
[02:16:31] [20/458] VWBW
[02:16:32] 🔄 Identity reset
[02:16:32] 🔄 Identity rotated (every 10 requests)
[02:16:32] [21/458] SVFG
[02:16:33] [22/458] STAT
[02:16:34] [23/458] GDCV
[02:16:35] [24/458] VEBI
[02:16:36] [25/458] VDSS
[02:16:36] [26/458] NTHV
[02:16:37] [27/458] AOCH
[02:16:38] [28/458] KASR
[02:16:39] [29/458] AYCS
[02:16:40] [30/458] SHAI
[02:16:40] 🔄 Identity reset
[02:16:40] 🔄 Identity rotated (every 10 requests)
[02:16:41] [31/458] SKPE
[02:16:42] [32/458] SBTA
[02:16:42] [33/458] RTTD
[02:16:43] [34/458] CCJD
[02:16:44] [35/458] RSJJ
[02:16:45] [36/458] RKND
[02:16:46] [37/458] SVTX
[02:16:47] [38/458] BAKM
[02:16:48] [39/458] SVDC
[02:16:49] [40/458] MNCV
[02:16:49] 🔄 Identity reset
[02:16:49] 🔄 Identity rotated (every 10 requests)
[02:16:49] 🔄 Retry 1/5 for MNCV in 2.8s
[02:16:49] 🔄 Identity reset
[02:16:52] 🧠 New identity created
[02:16:52] [41/458] SJGC
[02:16:53] [42/458] MTPK
[02:16:54] [43/458] GATP
[02:16:55] [44/458] ABTS
[02:16:56] [45/458] ABDE
[02:16:57] [46/458] RCNM
[02:16:57] [47/458] KTHV
[02:16:58] [48/458] MDGJ
[02:16:59] [49/458] SMLM
[02:17:00] 🔄 Identity reset
[02:17:00] 🔄 Identity rotated (every 10 requests)
[02:17:00] [50/458] JTMA
[02:17:01] [51/458] ACKP
[02:17:02] [52/458] SRTA
[02:17:03] [53/458] STAY
[02:17:04] [54/458] MAVO
[02:17:05] [55/458] APTS
[02:17:06] [56/458] OMEA
[02:17:06] [57/458] TTFD
[02:17:07] [58/458] MJCU
[02:17:08] [59/458] CXTE
[02:17:09] 🔄 Identity reset
[02:17:09] 🔄 Identity rotated (every 10 requests)
[02:17:09] [60/458] CTPX
[02:17:10] [61/458] ASSL
[02:17:11] [62/458] CMVB
[02:17:12] [63/458] VPUR
[02:17:13] [64/458] JJDA
[02:17:14] [65/458] INBL
[02:17:15] [66/458] BIKB
[02:17:16] [67/458] NTBB
[02:17:16] [68/458] GLOB
[02:17:17] [69/458] SNTB
[02:17:18] 🔄 Identity reset
[02:17:18] 🔄 Identity rotated (every 10 requests)
[02:17:18] [70/458] CHGV
[02:17:19] [71/458] SSBZ
[02:17:20] [72/458] PRDB
[02:17:21] [73/458] ISMT
[02:17:21] [74/458] MCSD
[02:17:22] [75/458] JBTT
[02:17:23] [76/458] GEKR
[02:17:24] [77/458] PVUN
[02:17:26] [78/458] NRTB
[02:17:27] [79/458] PRAA
[02:17:27] 🔄 Identity reset
[02:17:27] 🔄 Identity rotated (every 10 requests)
[02:17:28] [80/458] PCBL
[02:17:29] [81/458] PTCM
[02:17:29] [82/458] KHNN
[02:17:30] [83/458] OMJE
[02:17:32] [84/458] STGN
[02:17:32] [85/458] RPMS
[02:17:34] [86/458] NWAD
[02:17:34] [87/458] BLCK
[02:17:35] [88/458] SVAA
[02:17:36] [89/458] URVM
[02:17:37] 🔄 Identity reset
[02:17:37] 🔄 Identity rotated (every 10 requests)
[02:17:37] [90/458] ANTM
[02:17:38] [91/458] VJYM
[02:17:39] [92/458] MAZZ
[02:17:40] [93/458] CSHM
[02:17:41] [94/458] WGMH
[02:17:42] [95/458] SALN
[02:17:43] [96/458] BRTP
[02:17:44] [97/458] SVTA
[02:17:45] [98/458] SBTP
[02:17:46] [99/458] VLSS
[02:17:46] 🔄 Identity reset
[02:17:46] 🔄 Identity rotated (every 10 requests)
[02:17:46] 🔄 Retry 1/5 for VLSS in 2.5s
[02:17:46] 🔄 Identity reset
[02:17:49] 🧠 New identity created
[02:17:49] [100/458] SRJA
[02:17:51] [101/458] ANCG
[02:17:52] [102/458] CGGC
[02:17:52] [103/458] CRJA
[02:17:53] [104/458] USCR
[02:17:54] [105/458] MMEF
[02:17:55] [106/458] JCRJ
[02:17:56] [107/458] ADCM
[02:17:56] [108/458] BMYK
[02:17:57] 🔄 Identity reset
[02:17:57] 🔄 Identity rotated (every 10 requests)
[02:17:57] [109/458] KICS
[02:17:58] [110/458] MBBT
[02:17:59] [111/458] MACK
[02:18:00] [112/458] CLDR
[02:18:01] [113/458] JYCR
[02:18:02] [114/458] DCRP
[02:18:04] [115/458] RAHT
[02:18:04] [116/458] CSSM
[02:18:05] [117/458] ATPK
[02:18:06] [118/458] KLRT
[02:18:06] 🔄 Identity reset
[02:18:06] 🔄 Identity rotated (every 10 requests)
[02:18:06] 🔄 Retry 1/5 for KLRT in 2.1s
[02:18:06] 🔄 Identity reset
[02:18:09] 🧠 New identity created
[02:18:09] [119/458] SRDD
[02:18:10] [120/458] CKMC
[02:18:11] [121/458] KRVM
[02:18:12] [122/458] AKCP
[02:18:12] [123/458] CNCV
[02:18:14] [124/458] PACT
[02:18:15] [125/458] NATP
[02:18:17] [126/458] PCPK
[02:18:17] [127/458] SMHO
[02:18:18] 🔄 Identity reset
[02:18:18] 🔄 Identity rotated (every 10 requests)
[02:18:18] [128/458] CWTK
[02:18:19] [129/458] RVKZ
[02:18:21] [130/458] ASPD
[02:18:22] [131/458] VTKZ
[02:18:23] [132/458] LCSO
[02:18:23] [133/458] PRDY
[02:18:24] [134/458] RCAP
[02:18:25] [135/458] RGAR
[02:18:26] [136/458] RCAC
[02:18:27] [137/458] PMOD
[02:18:28] 🔄 Identity reset
[02:18:28] 🔄 Identity rotated (every 10 requests)
[02:18:28] [138/458] PVCN
[02:18:29] [139/458] SCRZ
[02:18:30] [140/458] PVPC
[02:18:31] [141/458] STID
[02:18:32] [142/458] NEDD
[02:18:33] [143/458] BNBA
[02:18:34] [144/458] NTCD
[02:18:35] [145/458] OCDE
[02:18:36] [146/458] CCDU
[02:18:37] [147/458] CRXH
[02:18:37] 🔄 Identity reset
[02:18:37] 🔄 Identity rotated (every 10 requests)
[02:18:38] [148/458] VLVT
[02:18:39] [149/458] CICI
[02:18:40] [150/458] SUCB
[02:18:41] [151/458] TCBP
[02:18:41] [152/458] SCCY
[02:18:42] [153/458] LXCY
[02:18:43] [154/458] NCMD
[02:18:44] [155/458] PHCS
[02:18:45] [156/458] DUXR
[02:18:46] [157/458] VNKS
[02:18:46] 🔄 Identity reset
[02:18:46] 🔄 Identity rotated (every 10 requests)
[02:18:47] [158/458] SEDP
[02:18:48] [159/458] SVEN
[02:18:49] [160/458] SRKM
[02:18:50] [161/458] JTLT
[02:18:51] [162/458] SVSS
[02:18:52] [163/458] AMDE
[02:18:53] [164/458] WVRN
[02:18:54] [165/458] ISMG
[02:18:55] [166/458] WVKS
[02:18:55] [167/458] USCG
[02:18:56] 🔄 Identity reset
[02:18:56] 🔄 Identity rotated (every 10 requests)
[02:18:56] [168/458] IOTG
[02:18:57] [169/458] RRJM
[02:18:58] [170/458] EDMP
[02:18:59] [171/458] SCGZ
[02:19:00] [172/458] GMGX
[02:19:01] [173/458] OMTP
[02:19:01] [174/458] MITD
[02:19:02] [175/458] SMMD
[02:19:03] [176/458] STML
[02:19:04] [177/458] MCFS
[02:19:05] 🔄 Identity reset
[02:19:05] 🔄 Identity rotated (every 10 requests)
[02:19:05] [178/458] FPKA
[02:19:06] [179/458] OMLR
[02:19:07] [180/458] KKSC
[02:19:08] [181/458] RVMA
[02:19:09] [182/458] SCLL
[02:19:10] [183/458] SCDK
[02:19:10] [184/458] SXMI
[02:19:11] [185/458] SHDN
[02:19:12] [186/458] PAAD
[02:19:13] [187/458] UUCB
[02:19:14] 🔄 Identity reset
[02:19:14] 🔄 Identity rotated (every 10 requests)
[02:19:14] [188/458] JHOL
[02:19:15] [189/458] SGWT
[02:19:16] [190/458] SRII
[02:19:18] [191/458] SGCK
[02:19:19] [192/458] SVVB
[02:19:20] [193/458] DMHA
[02:19:21] [194/458] PPNL
[02:19:21] [195/458] CPNL
[02:19:22] [196/458] WVLD
[02:19:23] [197/458] PSLV
[02:19:24] 🔄 Identity reset
[02:19:24] 🔄 Identity rotated (every 10 requests)
[02:19:24] [198/458] VTTL
[02:19:26] [199/458] NPAD
[02:19:27] [200/458] PVCS
[02:19:28] [201/458] MCHL
[02:19:29] [202/458] PPLL
[02:19:30] [203/458] MALO
[02:19:31] [204/458] SWBH
[02:19:32] [205/458] PUGB
[02:19:32] [206/458] INBB
[02:19:33] [207/458] INNS
[02:19:34] 🔄 Identity reset
[02:19:34] 🔄 Identity rotated (every 10 requests)
[02:19:34] [208/458] MCPT
[02:19:35] [209/458] SCMI
[02:19:37] [210/458] OCON
[02:19:38] [211/458] SCSM
[02:19:38] [212/458] RJVN
[02:19:39] [213/458] AMDK
[02:19:40] [214/458] ISMR
[02:19:41] [215/458] SMTD
[02:19:42] [216/458] VTDD
[02:19:43] [217/458] PDDZ
[02:19:44] 🔄 Identity reset
[02:19:44] 🔄 Identity rotated (every 10 requests)
[02:19:44] [218/458] PCCK
[02:19:45] [219/458] INAM
[02:19:46] [220/458] FNKT
[02:19:47] [221/458] GDKA
[02:19:48] [222/458] MAYU
[02:19:49] [223/458] TCGU
[02:19:50] [224/458] KDCA
[02:19:51] [225/458] DOMY
[02:19:52] [226/458] PDDD
[02:19:53] [227/458] BJTS
[02:19:54] 🔄 Identity reset
[02:19:54] 🔄 Identity rotated (every 10 requests)
[02:19:54] [228/458] VTCA
[02:19:55] [229/458] SBTM
[02:19:56] [230/458] SEET
[02:19:57] [231/458] SSTJ
[02:19:58] [232/458] SVNT
[02:19:59] [233/458] PPPR
[02:20:00] [234/458] PVYS
[02:20:00] [235/458] IOSE
[02:20:01] [236/458] ACTV
[02:20:02] [237/458] APVE
[02:20:03] 🔄 Identity reset
[02:20:03] 🔄 Identity rotated (every 10 requests)
[02:20:03] [238/458] TCCL
[02:20:04] [239/458] SCMO
[02:20:05] [240/458] SAUM
[02:20:06] [241/458] KCJS
[02:20:07] [242/458] NJCJ
[02:20:08] [243/458] NECF
[02:20:09] [244/458] CCGW
[02:20:10] [245/458] CCMG
[02:20:10] [246/458] NYRG
[02:20:11] [247/458] NCSQ
[02:20:12] 🔄 Identity reset
[02:20:12] 🔄 Identity rotated (every 10 requests)
[02:20:12] [248/458] GRCG
[02:20:13] [249/458] CCBT
[02:20:14] [250/458] ACGA
[02:20:15] [251/458] INAG
[02:20:16] [252/458] FUCG
[02:20:17] [253/458] AICF
[02:20:18] [254/458] GRGA
[02:20:19] [255/458] GDCN
[02:20:20] [256/458] RRCG
[02:20:22] [257/458] SDCH
[02:20:22] 🔄 Identity reset
[02:20:22] 🔄 Identity rotated (every 10 requests)
[02:20:23] [258/458] WVJM
[02:20:24] [259/458] JCCZ
[02:20:25] [260/458] CNCL
[02:20:25] [261/458] TMLV
[02:20:26] [262/458] MEMB
[02:20:27] [263/458] SGTD
[02:20:28] [264/458] CONX
[02:20:29] [265/458] CCMH
[02:20:30] [266/458] ACMC
[02:20:31] [267/458] DTPD
[02:20:32] 🔄 Identity reset
[02:20:32] 🔄 Identity rotated (every 10 requests)
[02:20:32] [268/458] POJA
[02:20:33] [269/458] FNBH
[02:20:34] [270/458] CGCB
[02:20:34] [271/458] RACN
[02:20:35] [272/458] JTSM
[02:20:36] [273/458] SCDN
[02:20:37] [274/458] AACK
[02:20:38] [275/458] RMCE
[02:20:39] [276/458] BSGB
[02:20:40] [277/458] MRCB
[02:20:40] 🔄 Identity reset
[02:20:40] 🔄 Identity rotated (every 10 requests)
[02:20:40] [278/458] SRVR
[02:20:41] [279/458] VTKK
[02:20:43] [280/458] AMST
[02:20:44] [281/458] APCY
[02:20:45] [282/458] LMHO
[02:20:46] [283/458] MTZH
[02:20:46] [284/458] AMZB
[02:20:47] [285/458] SUVT
[02:20:48] [286/458] RCIP
[02:20:49] [287/458] KESR
[02:20:50] 🔄 Identity reset
[02:20:50] 🔄 Identity rotated (every 10 requests)
[02:20:51] [288/458] SNKC
[02:20:52] [289/458] SCED
[02:20:52] [290/458] DVCA
[02:20:53] [291/458] VCDT
[02:20:54] [292/458] RRDI
[02:20:55] [293/458] DFCH
[02:20:56] [294/458] INSC
[02:20:57] [295/458] RGTR
[02:20:57] [296/458] FMOT
[02:20:58] [297/458] SCPM
[02:20:59] 🔄 Identity reset
[02:20:59] 🔄 Identity rotated (every 10 requests)
[02:20:59] [298/458] GCDT
[02:21:00] [299/458] BRKT
[02:21:01] [300/458] DEMP
[02:21:02] [301/458] SRLC
[02:21:03] [302/458] KSTT
[02:21:04] [303/458] SMMT
[02:21:05] [304/458] SILM
[02:21:06] [305/458] JCVM
[02:21:07] [306/458] KCSV
[02:21:08] [307/458] MHLK
[02:21:09] 🔄 Identity reset
[02:21:09] 🔄 Identity rotated (every 10 requests)
[02:21:09] [308/458] SLVL
[02:21:10] [309/458] RJKP
[02:21:11] [310/458] BBPC
[02:21:12] [311/458] MXCB
[02:21:12] [312/458] TCPK
[02:21:13] [313/458] RTBR
[02:21:14] [314/458] GAUT
[02:21:15] [315/458] DVCF
[02:21:16] [316/458] JTSB
[02:21:17] [317/458] SBLS
[02:21:18] 🔄 Identity reset
[02:21:18] 🔄 Identity rotated (every 10 requests)
[02:21:18] 🔄 Retry 1/5 for SBLS in 2.0s
[02:21:18] 🔄 Identity reset
[02:21:20] 🧠 New identity created
[02:21:20] [318/458] UDAY
[02:21:21] [319/458] PTNP
[02:21:22] [320/458] DMKT
[02:21:23] [321/458] NTDT
[02:21:24] [322/458] SHDJ
[02:21:25] [323/458] OTNC
[02:21:26] [324/458] RNTW
[02:21:27] [325/458] GCMI
[02:21:28] [326/458] CRCM
[02:21:28] 🔄 Identity reset
[02:21:28] 🔄 Identity rotated (every 10 requests)
[02:21:29] [327/458] NNCZ
[02:21:29] [328/458] OEMO
[02:21:30] [329/458] PVJM
[02:21:31] [330/458] CPJI
[02:21:32] [331/458] RMCJ
[02:21:33] [332/458] CNWJ
[02:21:34] [333/458] EPJM
[02:21:35] [334/458] FNJJ
[02:21:36] [335/458] GCMJ
[02:21:36] [336/458] INPS
[02:21:37] 🔄 Identity reset
[02:21:37] 🔄 Identity rotated (every 10 requests)
[02:21:37] [337/458] BICJ
[02:21:38] [338/458] ISTJ
[02:21:39] [339/458] INJC
[02:21:39] [340/458] GLXJ
[02:21:40] [341/458] INEM
[02:21:42] [342/458] JTMN
[02:21:43] [343/458] FRCJ
[02:21:43] [344/458] DDJP
[02:21:44] [345/458] INJV
[02:21:45] [346/458] GOLC
[02:21:46] 🔄 Identity reset
[02:21:46] 🔄 Identity rotated (every 10 requests)
[02:21:46] [347/458] KOCI
[02:21:47] [348/458] FSTD
[02:21:48] [349/458] PACJ
[02:21:49] [350/458] GMCN
[02:21:50] [351/458] MMDJ
[02:21:51] [352/458] GODH
[02:21:52] [353/458] SKYN
[02:21:53] [354/458] NCTH
[02:21:54] [355/458] SKVZ
[02:21:55] [356/458] SVML
[02:21:56] 🔄 Identity reset
[02:21:56] 🔄 Identity rotated (every 10 requests)
[02:21:56] [357/458] ACVZ
[02:21:57] [358/458] SURA
[02:21:58] [359/458] RTRB
[02:21:59] [360/458] LLCT
[02:22:00] [361/458] ATTS
[02:22:01] [362/458] JYCM
[02:22:02] [363/458] CTKR
[02:22:03] [364/458] LCKR
[02:22:04] [365/458] NYCV
[02:22:04] [366/458] NYOH
[02:22:05] 🔄 Identity reset
[02:22:05] 🔄 Identity rotated (every 10 requests)
[02:22:05] [367/458] NOVX
[02:22:06] [368/458] MRGK
[02:22:07] [369/458] MOON
[02:22:08] [370/458] SBUC
[02:22:09] [371/458] GSVA
[02:22:10] [372/458] VIAK
[02:22:11] [373/458] SMVZ
[02:22:11] [374/458] MATE
[02:22:12] [375/458] RDCN
[02:22:14] [376/458] ASBL
[02:22:14] 🔄 Identity reset
[02:22:14] 🔄 Identity rotated (every 10 requests)
[02:22:15] [377/458] ASVS
[02:22:16] [378/458] ASSR
[02:22:17] [379/458] SSKN
[02:22:17] [380/458] DRPV
[02:22:18] [381/458] MRHT
[02:22:19] [382/458] BSCN
[02:22:20] [383/458] RKNX
[02:22:21] [384/458] MSMC
[02:22:22] [385/458] MSCJ
[02:22:23] [386/458] BTBJ
[02:22:24] 🔄 Identity reset
[02:22:24] 🔄 Identity rotated (every 10 requests)
[02:22:24] [387/458] MJCC
[02:22:25] [388/458] IOMM
[02:22:26] [389/458] ADGR
[02:22:27] [390/458] MYCP
[02:22:28] [391/458] IGCM
[02:22:28] [392/458] PGRK
[02:22:29] [393/458] VPGO
[02:22:30] [394/458] KOMS
[02:22:31] [395/458] URGG
[02:22:32] [396/458] GOST
[02:22:32] 🔄 Identity reset
[02:22:32] 🔄 Identity rotated (every 10 requests)
[02:22:33] [397/458] LACT
[02:22:34] [398/458] BWCM
[02:22:35] [399/458] NCCW
[02:22:35] [400/458] SKYC
[02:22:36] [401/458] CCPM
[02:22:37] [402/458] VCBT
[02:22:38] [403/458] SDKR
[02:22:39] [404/458] CTYB
[02:22:39] [405/458] SHCX
[02:22:40] [406/458] RCUN
[02:22:41] 🔄 Identity reset
[02:22:41] 🔄 Identity rotated (every 10 requests)
[02:22:42] [407/458] CNRA
[02:22:42] [408/458] RFCA
[02:22:43] [409/458] RDCU
[02:22:45] [410/458] SARK
[02:22:46] [411/458] SPPP
[02:22:46] [412/458] ADMB
[02:22:47] [413/458] JYOE
[02:22:48] [414/458] SRMD
[02:22:49] [415/458] RJDH
[02:22:50] [416/458] SSTD
[02:22:50] 🔄 Identity reset
[02:22:50] 🔄 Identity rotated (every 10 requests)
[02:22:51] [417/458] AACV
[02:22:51] [418/458] PPVD
[02:22:52] [419/458] STCP
[02:22:53] [420/458] ANLS
[02:22:54] [421/458] BIJO
[02:22:55] [422/458] AVAB
[02:22:56] [423/458] SPMD
[02:22:57] [424/458] SVJL
[02:22:57] [425/458] SDDJ
[02:22:58] [426/458] SLTU
[02:22:59] 🔄 Identity reset
[02:22:59] 🔄 Identity rotated (every 10 requests)
[02:22:59] [427/458] SAKA
[02:23:00] [428/458] PMAM
[02:23:01] [429/458] FNAM
[02:23:02] [430/458] ACAM
[02:23:03] [431/458] SCMM
[02:23:04] [432/458] PMAK
[02:23:05] [433/458] NYSA
[02:23:06] [434/458] FCPA
[02:23:06] [435/458] GDAN
[02:23:07] [436/458] RSCA
[02:23:08] 🔄 Identity reset
[02:23:08] 🔄 Identity rotated (every 10 requests)
[02:23:08] [437/458] DMAN
[02:23:09] [438/458] DZCM
[02:23:10] [439/458] NSGL
[02:23:11] [440/458] CCPP
[02:23:12] [441/458] PSMG
[02:23:13] [442/458] GSER
[02:23:13] [443/458] FCCT
[02:23:14] [444/458] FCTB
[02:23:15] [445/458] LCNK
[02:23:16] [446/458] SKTY
[02:23:17] 🔄 Identity reset
[02:23:17] 🔄 Identity rotated (every 10 requests)
[02:23:17] [447/458] INAA
[02:23:18] [448/458] RCWN
[02:23:19] [449/458] VAIS
[02:23:19] [450/458] CVMN
[02:23:20] [451/458] INTS
[02:23:21] [452/458] FRGS
[02:23:22] [453/458] DTCK
[02:23:23] [454/458] MCMH
[02:23:24] [455/458] ECRR
[02:23:25] [456/458] RLLP
[02:23:25] 🔄 Identity reset
[02:23:25] 🔄 Identity rotated (every 10 requests)
[02:23:26] [457/458] CCSN
[02:23:27] [458/458] CCBA
[02:23:27] ✅ DONE | Shows=0 | Movies=0
[03:16:24] 🚀 BMS DAILY TRACKER STARTED (enhanced anti‑detection)
[03:16:24] [1/458] MBDC
[03:16:24] 🧠 New identity created
[03:16:25] [2/458] CHKM
[03:16:26] [3/458] JTKZ
[03:16:26] [4/458] CMCT
[03:16:27] [5/458] ASHO
[03:16:28] [6/458] ECDG
[03:16:29] [7/458] SPAT
[03:16:30] [8/458] HILC
[03:16:31] [9/458] SPPH
[03:16:32] [10/458] SBHN
[03:16:32] 🔄 Identity reset
[03:16:32] 🔄 Identity rotated (every 10 requests)
[03:16:33] [11/458] RRCA
[03:16:34] [12/458] APAA
[03:16:35] [13/458] RAME
[03:16:35] [14/458] TMMS
[03:16:36] [15/458] BATK
[03:16:37] [16/458] LKOP
[03:16:38] [17/458] AMTT
[03:16:39] [18/458] PTGK
[03:16:40] [19/458] ANRS
[03:16:41] [20/458] VWBW
[03:16:42] 🔄 Identity reset
[03:16:42] 🔄 Identity rotated (every 10 requests)
[03:16:42] [21/458] SVFG
[03:16:43] [22/458] STAT
[03:16:44] [23/458] GDCV
[03:16:45] [24/458] VEBI
[03:16:46] [25/458] VDSS
[03:16:47] [26/458] NTHV
[03:16:48] [27/458] AOCH
[03:16:48] [28/458] KASR
[03:16:49] [29/458] AYCS
[03:16:50] [30/458] SHAI
[03:16:51] 🔄 Identity reset
[03:16:51] 🔄 Identity rotated (every 10 requests)
[03:16:51] [31/458] SKPE
[03:16:52] [32/458] SBTA
[03:16:54] [33/458] RTTD
[03:16:55] [34/458] CCJD
[03:16:56] [35/458] RSJJ
[03:16:57] [36/458] RKND
[03:16:58] [37/458] SVTX
[03:16:59] [38/458] BAKM
[03:17:00] [39/458] SVDC
[03:17:01] [40/458] MNCV
[03:17:01] 🔄 Identity reset
[03:17:01] 🔄 Identity rotated (every 10 requests)
[03:17:02] [41/458] SJGC
[03:17:03] [42/458] MTPK
[03:17:04] [43/458] GATP
[03:17:04] [44/458] ABTS
[03:17:05] [45/458] ABDE
[03:17:06] [46/458] RCNM
[03:17:07] [47/458] KTHV
[03:17:08] [48/458] MDGJ
[03:17:09] [49/458] SMLM
[03:17:10] [50/458] JTMA
[03:17:10] 🔄 Identity reset
[03:17:11] 🔄 Identity rotated (every 10 requests)
[03:17:12] [51/458] ACKP
[03:17:13] [52/458] SRTA
[03:17:14] [53/458] STAY
[03:17:14] [54/458] MAVO
[03:17:15] [55/458] APTS
[03:17:16] [56/458] OMEA
[03:17:17] [57/458] TTFD
[03:17:18] [58/458] MJCU
[03:17:19] [59/458] CXTE
[03:17:20] [60/458] CTPX
[03:17:20] 🔄 Identity reset
[03:17:20] 🔄 Identity rotated (every 10 requests)
[03:17:21] [61/458] ASSL
[03:17:22] [62/458] CMVB
[03:17:22] [63/458] VPUR
[03:17:23] [64/458] JJDA
[03:17:24] [65/458] INBL
[03:17:26] [66/458] BIKB
[03:17:27] [67/458] NTBB
[03:17:28] [68/458] GLOB
[03:17:30] [69/458] SNTB
[03:17:31] [70/458] CHGV
[03:17:32] 🔄 Identity reset
[03:17:32] 🔄 Identity rotated (every 10 requests)
[03:17:32] [71/458] SSBZ
[03:17:33] [72/458] PRDB
[03:17:34] [73/458] ISMT
[03:17:35] [74/458] MCSD
[03:17:35] [75/458] JBTT
[03:17:37] [76/458] GEKR
[03:17:38] [77/458] PVUN
[03:17:39] [78/458] NRTB
[03:17:40] [79/458] PRAA
[03:17:40] [80/458] PCBL
[03:17:41] 🔄 Identity reset
[03:17:41] 🔄 Identity rotated (every 10 requests)
[03:17:41] [81/458] PTCM
[03:17:42] [82/458] KHNN
[03:17:43] [83/458] OMJE
[03:17:44] [84/458] STGN
[03:17:45] [85/458] RPMS
[03:17:46] [86/458] NWAD
[03:17:47] [87/458] BLCK
[03:17:48] [88/458] SVAA
[03:17:49] [89/458] URVM
[03:17:50] [90/458] ANTM
[03:17:50] 🔄 Identity reset
[03:17:50] 🔄 Identity rotated (every 10 requests)
[03:17:51] [91/458] VJYM
[03:17:52] [92/458] MAZZ
[03:17:53] [93/458] CSHM
[03:17:54] [94/458] WGMH
[03:17:55] [95/458] SALN
[03:17:56] [96/458] BRTP
[03:17:57] [97/458] SVTA
[03:17:58] [98/458] SBTP
[03:17:59] [99/458] VLSS
[03:17:59] [100/458] SRJA
[03:18:00] 🔄 Identity reset
[03:18:00] 🔄 Identity rotated (every 10 requests)
[03:18:01] [101/458] ANCG
[03:18:02] [102/458] CGGC
[03:18:03] [103/458] CRJA
[03:18:03] [104/458] USCR
[03:18:04] [105/458] MMEF
[03:18:05] [106/458] JCRJ
[03:18:06] [107/458] ADCM
[03:18:07] [108/458] BMYK
[03:18:08] [109/458] KICS
[03:18:09] [110/458] MBBT
[03:18:10] 🔄 Identity reset
[03:18:10] 🔄 Identity rotated (every 10 requests)
[03:18:10] [111/458] MACK
[03:18:11] [112/458] CLDR
[03:18:12] [113/458] JYCR
[03:18:13] [114/458] DCRP
[03:18:14] [115/458] RAHT
[03:18:15] [116/458] CSSM
[03:18:16] [117/458] ATPK
[03:18:16] [118/458] KLRT
[03:18:18] [119/458] SRDD
[03:18:18] [120/458] CKMC
[03:18:19] 🔄 Identity reset
[03:18:19] 🔄 Identity rotated (every 10 requests)
[03:18:19] [121/458] KRVM
[03:18:21] [122/458] AKCP
[03:18:22] [123/458] CNCV
[03:18:23] [124/458] PACT
[03:18:24] [125/458] NATP
[03:18:26] [126/458] PCPK
[03:18:27] [127/458] SMHO
[03:18:28] [128/458] CWTK
[03:18:29] [129/458] RVKZ
[03:18:29] [130/458] ASPD
[03:18:30] 🔄 Identity reset
[03:18:30] 🔄 Identity rotated (every 10 requests)
[03:18:30] [131/458] VTKZ
[03:18:31] [132/458] LCSO
[03:18:32] [133/458] PRDY
[03:18:33] [134/458] RCAP
[03:18:34] [135/458] RGAR
[03:18:35] [136/458] RCAC
[03:18:36] [137/458] PMOD
[03:18:37] [138/458] PVCN
[03:18:38] [139/458] SCRZ
[03:18:39] [140/458] PVPC
[03:18:39] 🔄 Identity reset
[03:18:39] 🔄 Identity rotated (every 10 requests)
[03:18:40] [141/458] STID
[03:18:41] [142/458] NEDD
[03:18:42] [143/458] BNBA
[03:18:42] [144/458] NTCD
[03:18:43] [145/458] OCDE
[03:18:44] [146/458] CCDU
[03:18:45] [147/458] CRXH
[03:18:46] [148/458] VLVT
[03:18:47] [149/458] CICI
[03:18:49] [150/458] SUCB
[03:18:49] 🔄 Identity reset
[03:18:49] 🔄 Identity rotated (every 10 requests)
[03:18:50] [151/458] TCBP
[03:18:51] [152/458] SCCY
[03:18:51] [153/458] LXCY
[03:18:52] [154/458] NCMD
[03:18:53] [155/458] PHCS
[03:18:54] [156/458] DUXR
[03:18:55] [157/458] VNKS
[03:18:56] [158/458] SEDP
[03:18:57] [159/458] SVEN
[03:18:58] [160/458] SRKM
[03:18:59] 🔄 Identity reset
[03:18:59] 🔄 Identity rotated (every 10 requests)
[03:18:59] [161/458] JTLT
[03:19:00] [162/458] SVSS
[03:19:01] [163/458] AMDE
[03:19:02] [164/458] WVRN
[03:19:03] [165/458] ISMG
[03:19:04] [166/458] WVKS
[03:19:05] [167/458] USCG
[03:19:06] [168/458] IOTG
[03:19:07] [169/458] RRJM
[03:19:07] [170/458] EDMP
[03:19:08] 🔄 Identity reset
[03:19:08] 🔄 Identity rotated (every 10 requests)
[03:19:09] [171/458] SCGZ
[03:19:10] [172/458] GMGX
[03:19:11] [173/458] OMTP
[03:19:12] [174/458] MITD
[03:19:12] [175/458] SMMD
[03:19:13] [176/458] STML
[03:19:14] [177/458] MCFS
[03:19:16] [178/458] FPKA
[03:19:17] [179/458] OMLR
[03:19:18] [180/458] KKSC
[03:19:18] 🔄 Identity reset
[03:19:18] 🔄 Identity rotated (every 10 requests)
[03:19:18] [181/458] RVMA
[03:19:20] [182/458] SCLL
[03:19:20] [183/458] SCDK
[03:19:22] [184/458] SXMI
[03:19:24] [185/458] SHDN
[03:19:25] [186/458] PAAD
[03:19:26] [187/458] UUCB
[03:19:27] [188/458] JHOL
[03:19:28] [189/458] SGWT
[03:19:29] [190/458] SRII
[03:19:29] 🔄 Identity reset
[03:19:29] 🔄 Identity rotated (every 10 requests)
[03:19:30] [191/458] SGCK
[03:19:30] [192/458] SVVB
[03:19:31] [193/458] DMHA
[03:19:32] [194/458] PPNL
[03:19:33] [195/458] CPNL
[03:19:34] [196/458] WVLD
[03:19:35] [197/458] PSLV
[03:19:36] [198/458] VTTL
[03:19:37] [199/458] NPAD
[03:19:38] [200/458] PVCS
[03:19:38] 🔄 Identity reset
[03:19:38] 🔄 Identity rotated (every 10 requests)
[03:19:39] [201/458] MCHL
[03:19:40] [202/458] PPLL
[03:19:41] [203/458] MALO
[03:19:42] [204/458] SWBH
[03:19:43] [205/458] PUGB
[03:19:44] [206/458] INBB
[03:19:45] [207/458] INNS
[03:19:47] [208/458] MCPT
[03:19:48] [209/458] SCMI
[03:19:49] [210/458] OCON
[03:19:50] 🔄 Identity reset
[03:19:50] 🔄 Identity rotated (every 10 requests)
[03:19:50] [211/458] SCSM
[03:19:51] [212/458] RJVN
[03:19:52] [213/458] AMDK
[03:19:53] [214/458] ISMR
[03:19:54] [215/458] SMTD
[03:19:55] [216/458] VTDD
[03:19:56] [217/458] PDDZ
[03:19:57] [218/458] PCCK
[03:19:57] [219/458] INAM
[03:19:58] [220/458] FNKT
[03:19:59] 🔄 Identity reset
[03:19:59] 🔄 Identity rotated (every 10 requests)
[03:20:00] [221/458] GDKA
[03:20:01] [222/458] MAYU
[03:20:02] [223/458] TCGU
[03:20:03] [224/458] KDCA
[03:20:04] [225/458] DOMY
[03:20:06] [226/458] PDDD
[03:20:07] [227/458] BJTS
[03:20:07] [228/458] VTCA
[03:20:08] [229/458] SBTM
[03:20:09] [230/458] SEET
[03:20:10] 🔄 Identity reset
[03:20:10] 🔄 Identity rotated (every 10 requests)
[03:20:10] [231/458] SSTJ
[03:20:11] [232/458] SVNT
[03:20:12] [233/458] PPPR
[03:20:13] [234/458] PVYS
[03:20:14] [235/458] IOSE
[03:20:15] [236/458] ACTV
[03:20:16] [237/458] APVE
[03:20:17] [238/458] TCCL
[03:20:18] [239/458] SCMO
[03:20:19] [240/458] SAUM
[03:20:19] 🔄 Identity reset
[03:20:19] 🔄 Identity rotated (every 10 requests)
[03:20:20] [241/458] KCJS
[03:20:21] [242/458] NJCJ
[03:20:23] [243/458] NECF
[03:20:23] [244/458] CCGW
[03:20:24] [245/458] CCMG
[03:20:25] [246/458] NYRG
[03:20:26] [247/458] NCSQ
[03:20:27] [248/458] GRCG
[03:20:28] [249/458] CCBT
[03:20:29] [250/458] ACGA
[03:20:29] 🔄 Identity reset
[03:20:29] 🔄 Identity rotated (every 10 requests)
[03:20:30] [251/458] INAG
[03:20:31] [252/458] FUCG
[03:20:31] [253/458] AICF
[03:20:32] [254/458] GRGA
[03:20:33] [255/458] GDCN
[03:20:34] [256/458] RRCG
[03:20:35] [257/458] SDCH
[03:20:36] [258/458] WVJM
[03:20:37] [259/458] JCCZ
[03:20:38] [260/458] CNCL
[03:20:38] 🔄 Identity reset
[03:20:38] 🔄 Identity rotated (every 10 requests)
[03:20:39] [261/458] TMLV
[03:20:40] [262/458] MEMB
[03:20:41] [263/458] SGTD
[03:20:42] [264/458] CONX
[03:20:43] [265/458] CCMH
[03:20:45] [266/458] ACMC
[03:20:46] [267/458] DTPD
[03:20:47] [268/458] POJA
[03:20:48] [269/458] FNBH
[03:20:49] [270/458] CGCB
[03:20:49] 🔄 Identity reset
[03:20:49] 🔄 Identity rotated (every 10 requests)
[03:20:50] [271/458] RACN
[03:20:51] [272/458] JTSM
[03:20:51] [273/458] SCDN
[03:20:52] [274/458] AACK
[03:20:53] [275/458] RMCE
[03:20:54] [276/458] BSGB
[03:20:55] [277/458] MRCB
[03:20:56] [278/458] SRVR
[03:20:57] [279/458] VTKK
[03:20:58] [280/458] AMST
[03:20:59] 🔄 Identity reset
[03:20:59] 🔄 Identity rotated (every 10 requests)
[03:20:59] [281/458] APCY
[03:21:00] [282/458] LMHO
[03:21:01] [283/458] MTZH
[03:21:02] [284/458] AMZB
[03:21:03] [285/458] SUVT
[03:21:03] [286/458] RCIP
[03:21:04] [287/458] KESR
[03:21:05] [288/458] SNKC
[03:21:07] [289/458] SCED
[03:21:07] [290/458] DVCA
[03:21:08] 🔄 Identity reset
[03:21:08] 🔄 Identity rotated (every 10 requests)
[03:21:08] [291/458] VCDT
[03:21:09] [292/458] RRDI
[03:21:10] [293/458] DFCH
[03:21:11] [294/458] INSC
[03:21:12] [295/458] RGTR
[03:21:13] [296/458] FMOT
[03:21:14] [297/458] SCPM
[03:21:14] [298/458] GCDT
[03:21:16] [299/458] BRKT
[03:21:17] [300/458] DEMP
[03:21:17] 🔄 Identity reset
[03:21:17] 🔄 Identity rotated (every 10 requests)
[03:21:18] [301/458] SRLC
[03:21:19] [302/458] KSTT
[03:21:20] [303/458] SMMT
[03:21:20] [304/458] SILM
[03:21:21] [305/458] JCVM
[03:21:23] [306/458] KCSV
[03:21:24] [307/458] MHLK
[03:21:25] [308/458] SLVL
[03:21:26] [309/458] RJKP
[03:21:27] [310/458] BBPC
[03:21:27] 🔄 Identity reset
[03:21:27] 🔄 Identity rotated (every 10 requests)
[03:21:27] [311/458] MXCB
[03:21:28] [312/458] TCPK
[03:21:29] [313/458] RTBR
[03:21:30] [314/458] GAUT
[03:21:31] [315/458] DVCF
[03:21:32] [316/458] JTSB
[03:21:33] [317/458] SBLS
[03:21:34] [318/458] UDAY
[03:21:35] [319/458] PTNP
[03:21:36] [320/458] DMKT
[03:21:36] 🔄 Identity reset
[03:21:36] 🔄 Identity rotated (every 10 requests)
[03:21:37] [321/458] NTDT
[03:21:38] [322/458] SHDJ
[03:21:39] [323/458] OTNC
[03:21:39] [324/458] RNTW
[03:21:40] [325/458] GCMI
[03:21:41] [326/458] CRCM
[03:21:42] [327/458] NNCZ
[03:21:43] [328/458] OEMO
[03:21:44] [329/458] PVJM
[03:21:45] [330/458] CPJI
[03:21:45] 🔄 Identity reset
[03:21:45] 🔄 Identity rotated (every 10 requests)
[03:21:47] [331/458] RMCJ
[03:21:48] [332/458] CNWJ
[03:21:49] [333/458] EPJM
[03:21:50] [334/458] FNJJ
[03:21:51] [335/458] GCMJ
[03:21:52] [336/458] INPS
[03:21:53] [337/458] BICJ
[03:21:54] [338/458] ISTJ
[03:21:55] [339/458] INJC
[03:21:56] [340/458] GLXJ
[03:21:56] 🔄 Identity reset
[03:21:56] 🔄 Identity rotated (every 10 requests)
[03:21:57] [341/458] INEM
[03:21:57] [342/458] JTMN
[03:21:58] [343/458] FRCJ
[03:21:59] [344/458] DDJP
[03:22:00] [345/458] INJV
[03:22:02] [346/458] GOLC
[03:22:03] [347/458] KOCI
[03:22:04] [348/458] FSTD
[03:22:05] [349/458] PACJ
[03:22:06] [350/458] GMCN
[03:22:07] 🔄 Identity reset
[03:22:07] 🔄 Identity rotated (every 10 requests)
[03:22:07] [351/458] MMDJ
[03:22:08] [352/458] GODH
[03:22:09] [353/458] SKYN
[03:22:10] [354/458] NCTH
[03:22:11] [355/458] SKVZ
[03:22:12] [356/458] SVML
[03:22:12] [357/458] ACVZ
[03:22:13] [358/458] SURA
[03:22:15] [359/458] RTRB
[03:22:16] [360/458] LLCT
[03:22:17] 🔄 Identity reset
[03:22:17] 🔄 Identity rotated (every 10 requests)
[03:22:18] [361/458] ATTS
[03:22:19] [362/458] JYCM
[03:22:20] [363/458] CTKR
[03:22:21] [364/458] LCKR
[03:22:21] [365/458] NYCV
[03:22:22] [366/458] NYOH
[03:22:23] [367/458] NOVX
[03:22:25] [368/458] MRGK
[03:22:26] [369/458] MOON
[03:22:27] [370/458] SBUC
[03:22:27] 🔄 Identity reset
[03:22:27] 🔄 Identity rotated (every 10 requests)
[03:22:28] [371/458] GSVA
[03:22:29] [372/458] VIAK
[03:22:30] [373/458] SMVZ
[03:22:31] [374/458] MATE
[03:22:32] [375/458] RDCN
[03:22:33] [376/458] ASBL
[03:22:34] [377/458] ASVS
[03:22:35] [378/458] ASSR
[03:22:36] [379/458] SSKN
[03:22:37] [380/458] DRPV
[03:22:37] 🔄 Identity reset
[03:22:37] 🔄 Identity rotated (every 10 requests)
[03:22:38] [381/458] MRHT
[03:22:39] [382/458] BSCN
[03:22:40] [383/458] RKNX
[03:22:41] [384/458] MSMC
[03:22:41] [385/458] MSCJ
[03:22:42] [386/458] BTBJ
[03:22:44] [387/458] MJCC
[03:22:45] [388/458] IOMM
[03:22:46] [389/458] ADGR
[03:22:47] [390/458] MYCP
[03:22:48] 🔄 Identity reset
[03:22:48] 🔄 Identity rotated (every 10 requests)
[03:22:48] [391/458] IGCM
[03:22:49] [392/458] PGRK
[03:22:50] [393/458] VPGO
[03:22:51] [394/458] KOMS
[03:22:52] [395/458] URGG
[03:22:53] [396/458] GOST
[03:22:54] [397/458] LACT
[03:22:55] [398/458] BWCM
[03:22:56] [399/458] NCCW
[03:22:57] [400/458] SKYC
[03:22:57] 🔄 Identity reset
[03:22:57] 🔄 Identity rotated (every 10 requests)
[03:22:58] [401/458] CCPM
[03:22:59] [402/458] VCBT
[03:23:01] [403/458] SDKR
[03:23:02] [404/458] CTYB
[03:23:03] [405/458] SHCX
[03:23:04] [406/458] RCUN
[03:23:05] [407/458] CNRA
[03:23:06] [408/458] RFCA
[03:23:06] [409/458] RDCU
[03:23:08] [410/458] SARK
[03:23:09] 🔄 Identity reset
[03:23:09] 🔄 Identity rotated (every 10 requests)
[03:23:10] [411/458] SPPP
[03:23:11] [412/458] ADMB
[03:23:12] [413/458] JYOE
[03:23:13] [414/458] SRMD
[03:23:14] [415/458] RJDH
[03:23:15] [416/458] SSTD
[03:23:18] [417/458] AACV
[03:23:19] [418/458] PPVD
[03:23:20] [419/458] STCP
[03:23:21] [420/458] ANLS
[03:23:21] 🔄 Identity reset
[03:23:21] 🔄 Identity rotated (every 10 requests)
[03:23:21] [421/458] BIJO
[03:23:22] [422/458] AVAB
[03:23:23] [423/458] SPMD
[03:23:25] [424/458] SVJL
[03:23:26] [425/458] SDDJ
[03:23:27] [426/458] SLTU
[03:23:28] [427/458] SAKA
[03:23:29] [428/458] PMAM
[03:23:30] [429/458] FNAM
[03:23:31] [430/458] ACAM
[03:23:31] 🔄 Identity reset
[03:23:31] 🔄 Identity rotated (every 10 requests)
[03:23:32] [431/458] SCMM
[03:23:33] [432/458] PMAK
[03:23:34] [433/458] NYSA
[03:23:35] [434/458] FCPA
[03:23:36] [435/458] GDAN
[03:23:36] [436/458] RSCA
[03:23:37] [437/458] DMAN
[03:23:38] [438/458] DZCM
[03:23:39] [439/458] NSGL
[03:23:40] [440/458] CCPP
[03:23:40] 🔄 Identity reset
[03:23:40] 🔄 Identity rotated (every 10 requests)
[03:23:41] [441/458] PSMG
[03:23:42] [442/458] GSER
[03:23:43] [443/458] FCCT
[03:23:43] [444/458] FCTB
[03:23:47] [445/458] LCNK
[03:23:48] [446/458] SKTY
[03:23:49] [447/458] INAA
[03:23:50] [448/458] RCWN
[03:23:51] [449/458] VAIS
[03:23:52] [450/458] CVMN
[03:23:53] 🔄 Identity reset
[03:23:53] 🔄 Identity rotated (every 10 requests)
[03:23:53] [451/458] INTS
[03:23:54] [452/458] FRGS
[03:23:55] [453/458] DTCK
[03:23:56] [454/458] MCMH
[03:23:57] [455/458] ECRR
[03:23:58] [456/458] RLLP
[03:23:58] [457/458] CCSN
[03:24:00] [458/458] CCBA
[03:24:01] ✅ DONE | Shows=0 | Movies=0
