[00:16:26] 🚀 BMS DAILY TRACKER STARTED (enhanced anti‑detection)
[00:16:26] [1/456] FNDB
[00:16:27] 🧠 New identity created
[00:16:28] [2/456] AMBH
[00:16:29] [3/456] PRHN
[00:16:30] [4/456] ACPM
[00:16:30] [5/456] PVFS
[00:16:31] [6/456] AACN
[00:16:32] [7/456] ACAS
[00:16:33] [8/456] CTNR
[00:16:34] [9/456] MMAH
[00:16:35] [10/456] CPMH
[00:16:36] 🔄 Identity reset
[00:16:36] 🔄 Identity rotated (every 10 requests)
[00:16:36] [11/456] IGMH
[00:16:37] [12/456] ABCS
[00:16:38] [13/456] CMMA
[00:16:39] [14/456] GPRH
[00:16:40] [15/456] PNNG
[00:16:41] [16/456] AMCA
[00:16:42] [17/456] ISTN
[00:16:43] [18/456] PIIC
[00:16:44] [19/456] AHMH
[00:16:46] [20/456] ASHN
[00:16:46] 🔄 Identity reset
[00:16:46] 🔄 Identity rotated (every 10 requests)
[00:16:47] [21/456] INHY
[00:16:48] [22/456] SRMO
[00:17:00] 🔄 Retry 1/5 for SRMO in 2.3s
[00:17:00] 🔄 Identity reset
[00:17:03] 🧠 New identity created
[00:17:09] [23/456] PIMH
[00:17:10] [24/456] PVTS
[00:17:11] [25/456] MMCA
[00:17:11] [26/456] AKYJ
[00:17:12] [27/456] BRKH
[00:17:13] [28/456] MAHM
[00:17:14] [29/456] CPHY
[00:17:15] 🔄 Identity reset
[00:17:15] 🔄 Identity rotated (every 10 requests)
[00:17:16] [30/456] PVTP
[00:17:17] [31/456] SMMR
[00:17:18] [32/456] PVHM
[00:17:19] [33/456] SNDY
[00:17:21] [34/456] GOKU
[00:17:22] [35/456] ACEV
[00:17:23] [36/456] PVUM
[00:17:24] [37/456] VSWA
[00:17:25] [38/456] IPRS
[00:17:26] [39/456] BKMV
[00:17:26] 🔄 Identity reset
[00:17:26] 🔄 Identity rotated (every 10 requests)
[00:17:27] [40/456] PVYH
[00:17:28] [41/456] INKM
[00:17:29] [42/456] ARJU
[00:17:30] [43/456] JJPP
[00:17:32] [44/456] SSRM
[00:17:33] [45/456] HMHD
[00:17:33] [46/456] SNKH
[00:17:35] [47/456] ACHI
[00:17:36] [48/456] MRAA
[00:17:37] [49/456] INMH
[00:17:38] 🔄 Identity reset
[00:17:38] 🔄 Identity rotated (every 10 requests)
[00:17:38] [50/456] ARMH
[00:17:39] [51/456] DVRR
[00:17:40] [52/456] SUDA
[00:17:42] [53/456] MCSS
[00:17:43] [54/456] VRKC
[00:17:44] [55/456] PRCX
[00:17:45] [56/456] ASJY
[00:17:46] [57/456] MTHY
[00:17:47] [58/456] SRCM
[00:17:48] [59/456] TVHY
[00:17:48] 🔄 Identity reset
[00:17:48] 🔄 Identity rotated (every 10 requests)
[00:17:49] [60/456] STHD
[00:17:50] [61/456] CPCL
[00:17:51] [62/456] PSMJ
[00:17:52] [63/456] MRGT
[00:17:53] [64/456] ARYH
[00:17:54] [65/456] VTRB
[00:17:55] [66/456] SCHC
[00:17:56] [67/456] MRRG
[00:17:57] [68/456] SPCB
[00:17:58] [69/456] AMCM
[00:17:59] 🔄 Identity reset
[00:17:59] 🔄 Identity rotated (every 10 requests)
[00:17:59] [70/456] IVNM
[00:18:01] [71/456] TRHY
[00:18:02] [72/456] PTTH
[00:18:03] [73/456] RKMH
[00:18:04] [74/456] PRCS
[00:18:07] [75/456] VAJA
[00:18:08] [76/456] BJNG
[00:18:09] [77/456] SCVM
[00:18:10] [78/456] GNHB
[00:18:11] [79/456] TLUR
[00:18:11] 🔄 Identity reset
[00:18:11] 🔄 Identity rotated (every 10 requests)
[00:18:12] [80/456] UKCC
[00:18:13] [81/456] SRKR
[00:18:14] [82/456] RMKN
[00:18:17] [83/456] SLRT
[00:18:18] [84/456] LKMT
[00:18:19] [85/456] SSRJ
[00:18:19] [86/456] SPHT
[00:18:20] [87/456] ANTT
[00:18:21] [88/456] SRCH
[00:18:22] [89/456] SRCA
[00:18:23] 🔄 Identity reset
[00:18:23] 🔄 Identity rotated (every 10 requests)
[00:18:23] [90/456] ARTH
[00:18:24] [91/456] MCBH
[00:18:25] [92/456] SNIB
[00:18:26] [93/456] SART
[00:18:27] [94/456] SKTA
[00:18:28] [95/456] YAKT
[00:18:29] [96/456] MLCK
[00:18:29] [97/456] ANTS
[00:18:30] [98/456] DGCA
[00:18:31] [99/456] SGMP
[00:18:32] 🔄 Identity reset
[00:18:32] 🔄 Identity rotated (every 10 requests)
[00:18:32] [100/456] ASWN
[00:18:33] [101/456] KFVU
[00:18:34] [102/456] POOR
[00:18:35] [103/456] GKDN
[00:18:36] [104/456] EOSE
[00:18:37] [105/456] GTTT
[00:18:38] [106/456] ARRO
[00:18:39] [107/456] CMMK
[00:18:40] [108/456] MSCN
[00:18:41] [109/456] GDKH
[00:18:41] 🔄 Identity reset
[00:18:41] 🔄 Identity rotated (every 10 requests)
[00:18:42] [110/456] DLMT
[00:18:43] [111/456] PVMF
[00:18:44] [112/456] CPCK
[00:18:45] [113/456] VMHE
[00:18:46] [114/456] PVLC
[00:18:46] [115/456] PCVB
[00:18:47] [116/456] SNYK
[00:18:48] [117/456] KTEK
[00:18:49] [118/456] PCNM
[00:18:50] [119/456] NTTR
[00:18:50] 🔄 Identity reset
[00:18:50] 🔄 Identity rotated (every 10 requests)
[00:18:51] [120/456] CPSK
[00:18:52] [121/456] JMMA
[00:18:53] [122/456] GCFK
[00:18:54] [123/456] MYCA
[00:18:55] [124/456] KSNP
[00:18:56] [125/456] PMCE
[00:18:57] [126/456] SCKI
[00:18:58] [127/456] FSMA
[00:18:59] [128/456] CETA
[00:19:00] [129/456] MCIK
[00:19:01] 🔄 Identity reset
[00:19:01] 🔄 Identity rotated (every 10 requests)
[00:19:01] [130/456] MYCR
[00:19:02] [131/456] EVMP
[00:19:03] [132/456] SSGT
[00:19:05] [133/456] KCTK
[00:19:06] [134/456] ZTKC
[00:19:07] [135/456] MMTA
[00:19:08] [136/456] MAJT
[00:19:09] [137/456] ACPK
[00:19:10] [138/456] JMAX
[00:19:11] [139/456] SETK
[00:19:11] 🔄 Identity reset
[00:19:11] 🔄 Identity rotated (every 10 requests)
[00:19:12] [140/456] CAIS
[00:19:13] [141/456] AGCD
[00:19:14] [142/456] URCL
[00:19:15] [143/456] VTDS
[00:19:16] [144/456] JCNM
[00:19:20] [145/456] KCAM
[00:19:21] [146/456] ADCU
[00:19:22] [147/456] GXYN
[00:19:23] [148/456] SMJG
[00:19:24] [149/456] EYCJ
[00:19:25] 🔄 Identity reset
[00:19:25] 🔄 Identity rotated (every 10 requests)
[00:19:25] [150/456] CCEJ
[00:19:26] [151/456] MARS
[00:19:27] [152/456] CPVJ
[00:19:28] [153/456] INVP
[00:19:29] [154/456] CPOV
[00:19:30] [155/456] VIJK
[00:19:31] [156/456] LAIM
[00:19:32] [157/456] STHV
[00:19:33] [158/456] SVLJ
[00:19:34] [159/456] ATVJ
[00:19:34] 🔄 Identity reset
[00:19:34] 🔄 Identity rotated (every 10 requests)
[00:19:35] [160/456] JTSC
[00:19:36] [161/456] RMTV
[00:19:37] [162/456] MGGG
[00:19:37] [163/456] SWTH
[00:19:38] [164/456] INVJ
[00:19:40] [165/456] PRSV
[00:19:42] [166/456] JATV
[00:19:43] [167/456] RCVD
[00:19:44] [168/456] BDMA
[00:19:46] [169/456] BLJI
[00:19:46] 🔄 Identity reset
[00:19:46] 🔄 Identity rotated (every 10 requests)
[00:19:47] [170/456] SWOT
[00:19:48] [171/456] SWRN
[00:19:48] [172/456] TVRA
[00:19:49] [173/456] NVRN
[00:19:50] [174/456] SIKC
[00:19:51] [175/456] VAKR
[00:19:52] [176/456] SYLN
[00:19:53] [177/456] KLJL
[00:19:54] [178/456] LKMY
[00:19:55] [179/456] VSLY
[00:19:56] 🔄 Identity reset
[00:19:56] 🔄 Identity rotated (every 10 requests)
[00:19:56] [180/456] CIKO
[00:19:58] [181/456] GPBG
[00:19:59] [182/456] CECM
[00:20:00] [183/456] SLKB
[00:20:01] [184/456] MTBO
[00:20:02] [185/456] SSHB
[00:20:03] [186/456] VPCS
[00:20:04] [187/456] RCSR
[00:20:04] [188/456] RJRM
[00:20:05] [189/456] KPPB
[00:20:06] 🔄 Identity reset
[00:20:06] 🔄 Identity rotated (every 10 requests)
[00:20:07] [190/456] SEDC
[00:20:08] [191/456] SCAI
[00:20:09] [192/456] RMTR
[00:20:13] [193/456] ASST
[00:20:14] [194/456] GCAK
[00:20:15] [195/456] ANNK
[00:20:16] [196/456] KDDF
[00:20:17] [197/456] NRDP
[00:20:17] [198/456] PLAK
[00:20:18] [199/456] GCMC
[00:20:19] 🔄 Identity reset
[00:20:19] 🔄 Identity rotated (every 10 requests)
[00:20:19] [200/456] ALPY
[00:20:21] [201/456] SICE
[00:20:22] [202/456] SISR
[00:20:23] [203/456] SRPZ
[00:20:25] [204/456] SRSW
[00:20:25] [205/456] SUYA
[00:20:26] [206/456] AMMT
[00:20:27] [207/456] BHCU
[00:20:28] [208/456] KLPA
[00:20:29] [209/456] NVKH
[00:20:30] 🔄 Identity reset
[00:20:30] 🔄 Identity rotated (every 10 requests)
[00:20:30] [210/456] JMRC
[00:20:31] [211/456] KTTT
[00:20:32] [212/456] MAGH
[00:20:33] [213/456] MMMX
[00:20:34] [214/456] SALJ
[00:20:34] [215/456] GTJA
[00:20:36] [216/456] MAHT
[00:20:36] [217/456] SSNN
[00:20:37] [218/456] ARRP
[00:20:38] [219/456] ATNS
[00:20:39] 🔄 Identity reset
[00:20:39] 🔄 Identity rotated (every 10 requests)
[00:20:39] [220/456] SKDT
[00:20:40] [221/456] ACAT
[00:20:41] [222/456] APRC
[00:20:42] [223/456] SWAG
[00:20:43] [224/456] SDPT
[00:20:44] [225/456] STPS
[00:20:45] [226/456] WWCZ
[00:20:46] [227/456] LLCH
[00:20:47] [228/456] MZHA
[00:20:48] [229/456] CRJG
[00:20:49] 🔄 Identity reset
[00:20:49] 🔄 Identity rotated (every 10 requests)
[00:20:49] [230/456] JGTK
[00:20:51] [231/456] KCSR
[00:20:52] [232/456] CHTL
[00:20:53] [233/456] EDSR
[00:20:54] [234/456] CSWO
[00:20:55] [235/456] CPVM
[00:20:56] [236/456] MXBY
[00:20:57] [237/456] FMMA
[00:20:58] [238/456] POVI
[00:20:59] [239/456] MTHB
[00:20:59] 🔄 Identity reset
[00:20:59] 🔄 Identity rotated (every 10 requests)
[00:21:00] [240/456] INRC
[00:21:01] [241/456] PIPP
[00:21:02] [242/456] BMXC
[00:21:02] [243/456] PCMM
[00:21:03] [244/456] PMKM
[00:21:04] [245/456] GATY
[00:21:05] [246/456] IMCM
[00:21:06] [247/456] POPE
[00:21:07] [248/456] MTCR
[00:21:08] [249/456] PVAE
[00:21:08] 🔄 Identity reset
[00:21:08] 🔄 Identity rotated (every 10 requests)
[00:21:09] [250/456] PVMI
[00:21:10] [251/456] CPNM
[00:21:11] [252/456] FMRL
[00:21:12] [253/456] MCIW
[00:21:13] [254/456] MXBO
[00:21:14] [255/456] FMKY
[00:21:15] [256/456] FMDA
[00:21:16] [257/456] THAB
[00:21:17] [258/456] PRCW
[00:21:18] [259/456] PITI
[00:21:19] 🔄 Identity reset
[00:21:19] 🔄 Identity rotated (every 10 requests)
[00:21:19] [260/456] MCFF
[00:21:20] [261/456] PDDV
[00:21:21] [262/456] MCRM
[00:21:22] [263/456] KKMB
[00:21:23] [264/456] INKO
[00:21:24] [265/456] PLXP
[00:21:25] [266/456] MMHA
[00:21:25] [267/456] FMVS
[00:21:26] [268/456] POLM
[00:21:27] [269/456] STER
[00:21:28] 🔄 Identity reset
[00:21:28] 🔄 Identity rotated (every 10 requests)
[00:21:28] [270/456] PVWJ
[00:21:30] [271/456] IMJW
[00:21:31] [272/456] FNAN
[00:21:32] [273/456] CAGL
[00:21:33] [274/456] IPBG
[00:21:34] [275/456] SMFV
[00:21:35] [276/456] MMMR
[00:21:35] [277/456] MMWM
[00:21:36] [278/456] FNCM
[00:21:37] [279/456] MDVA
[00:21:38] 🔄 Identity reset
[00:21:38] 🔄 Identity rotated (every 10 requests)
[00:21:38] [280/456] MMET
[00:21:39] [281/456] MIDO
[00:21:40] [282/456] INNP
[00:21:41] [283/456] MIFU
[00:21:42] [284/456] MMSZ
[00:21:43] [285/456] BMXA
[00:21:45] [286/456] MCAA
[00:21:46] [287/456] SCVP
[00:21:47] [288/456] PLUS
[00:21:48] [289/456] MUCK
[00:21:48] 🔄 Identity reset
[00:21:48] 🔄 Identity rotated (every 10 requests)
[00:21:49] [290/456] MTMA
[00:21:50] [291/456] HPVR
[00:21:51] [292/456] PMPK
[00:21:52] [293/456] MAJB
[00:21:53] [294/456] CTRR
[00:21:54] [295/456] MCTG
[00:21:55] [296/456] MACE
[00:21:56] [297/456] AAAS
[00:21:57] [298/456] CPVV
[00:21:58] [299/456] RCHG
[00:21:59] 🔄 Identity reset
[00:21:59] 🔄 Identity rotated (every 10 requests)
[00:21:59] [300/456] MCNE
[00:22:00] [301/456] EMNC
[00:22:01] [302/456] MCAN
[00:22:02] [303/456] TCDM
[00:22:03] [304/456] IRGT
[00:22:04] [305/456] GCMG
[00:22:04] [306/456] MXSN
[00:22:05] [307/456] MXCK
[00:22:06] [308/456] MCRC
[00:22:08] [309/456] RSMI
[00:22:09] 🔄 Identity reset
[00:22:09] 🔄 Identity rotated (every 10 requests)
[00:22:09] [310/456] WAML
[00:22:10] [311/456] MTSC
[00:22:11] [312/456] FMDR
[00:22:12] [313/456] LEPV
[00:22:13] [314/456] MTGD
[00:22:14] [315/456] IMOB
[00:22:15] [316/456] CLMM
[00:22:16] [317/456] PZCD
[00:22:17] [318/456] GOCS
[00:22:17] [319/456] KCMA
[00:22:18] 🔄 Identity reset
[00:22:18] 🔄 Identity rotated (every 10 requests)
[00:22:18] [320/456] CCMP
[00:22:19] [321/456] MTSU
[00:22:20] [322/456] SNGL
[00:22:21] [323/456] MMMC
[00:22:23] [324/456] MMAA
[00:22:24] [325/456] GCDM
[00:22:25] [326/456] KTMV
[00:22:26] [327/456] AETE
[00:22:27] [328/456] OMCS
[00:22:28] [329/456] GDCD
[00:22:29] 🔄 Identity reset
[00:22:29] 🔄 Identity rotated (every 10 requests)
[00:22:29] [330/456] NYMD
[00:22:30] [331/456] RNCV
[00:22:31] [332/456] KKMT
[00:22:32] [333/456] GDTH
[00:22:33] [334/456] KMMV
[00:22:34] [335/456] NHCG
[00:22:35] [336/456] PJDW
[00:22:36] [337/456] MMCV
[00:22:37] [338/456] FQSA
[00:22:38] [339/456] KURL
[00:22:39] 🔄 Identity reset
[00:22:39] 🔄 Identity rotated (every 10 requests)
[00:22:39] [340/456] NNNX
[00:22:40] [341/456] AMAU
[00:22:41] [342/456] VVVM
[00:22:42] [343/456] VECU
[00:22:43] [344/456] WCVR
[00:22:44] [345/456] MTGG
[00:22:45] [346/456] SGTG
[00:22:46] [347/456] MNTG
[00:22:47] [348/456] JDDG
[00:22:48] [349/456] MBTK
[00:22:48] 🔄 Identity reset
[00:22:48] 🔄 Identity rotated (every 10 requests)
[00:22:49] [350/456] SGCD
[00:22:50] [351/456] MCTC
[00:22:51] [352/456] JTPC
[00:22:52] [353/456] SDKT
[00:22:53] [354/456] KRCC
[00:22:53] [355/456] RMMD
[00:22:54] [356/456] AAME
[00:22:55] [357/456] TMWC
[00:22:56] [358/456] NRWY
[00:22:57] [359/456] CITD
[00:22:57] 🔄 Identity reset
[00:22:58] 🔄 Identity rotated (every 10 requests)
[00:22:58] [360/456] VERD
[00:22:59] [361/456] MKSK
[00:23:00] [362/456] STSM
[00:23:01] [363/456] MJDG
[00:23:02] [364/456] RKPM
[00:23:03] [365/456] SSCE
[00:23:04] [366/456] VMAE
[00:23:05] [367/456] SBRU
[00:23:06] [368/456] AMBC
[00:23:07] [369/456] AMLU
[00:23:08] 🔄 Identity reset
[00:23:08] 🔄 Identity rotated (every 10 requests)
[00:23:08] [370/456] INVZ
[00:23:09] [371/456] LGTV
[00:23:10] [372/456] SVAD
[00:23:11] [373/456] SMSA
[00:23:12] [374/456] SPCZ
[00:23:13] [375/456] GTCX
[00:23:14] [376/456] SCSL
[00:23:15] [377/456] SAHU
[00:23:15] [378/456] NCDA
[00:23:16] [379/456] SCCG
[00:23:17] 🔄 Identity reset
[00:23:17] 🔄 Identity rotated (every 10 requests)
[00:23:17] [380/456] VKTL
[00:23:18] [381/456] PUUJ
[00:23:19] [382/456] STEJ
[00:23:20] [383/456] RJAL
[00:23:21] [384/456] ACJC
[00:23:21] [385/456] ARVB
[00:23:22] [386/456] AUBB
[00:23:23] [387/456] GDBR
[00:23:24] [388/456] PVND
[00:23:25] [389/456] BGRJ
[00:23:25] 🔄 Identity reset
[00:23:25] 🔄 Identity rotated (every 10 requests)
[00:23:26] [390/456] RJMM
[00:23:27] [391/456] MCSA
[00:23:28] [392/456] BODA
[00:23:29] [393/456] JAGG
[00:23:30] [394/456] SCGA
[00:23:31] [395/456] LRCM
[00:23:32] [396/456] CPCN
[00:23:33] [397/456] SSTF
[00:23:34] [398/456] SRXP
[00:23:35] [399/456] CNFX
[00:23:35] 🔄 Identity reset
[00:23:35] 🔄 Identity rotated (every 10 requests)
[00:23:36] [400/456] ANDI
[00:23:37] [401/456] SYEW
[00:23:38] [402/456] RCRE
[00:23:39] [403/456] SCRW
[00:23:39] [404/456] MBKR
[00:23:41] [405/456] ASNT
[00:23:42] [406/456] JTMT
[00:23:43] [407/456] SHAY
[00:23:45] [408/456] VRTH
[00:23:45] [409/456] SPTI
[00:23:46] 🔄 Identity reset
[00:23:46] 🔄 Identity rotated (every 10 requests)
[00:23:47] [410/456] DPTD
[00:23:47] [411/456] TGSN
[00:23:48] [412/456] RCWV
[00:23:49] [413/456] OCUR
[00:23:50] [414/456] KSTC
[00:23:51] [415/456] SANI
[00:23:52] [416/456] MLCA
[00:23:53] [417/456] EGCA
[00:23:54] [418/456] SYSN
[00:23:56] [419/456] PKTA
[00:23:57] 🔄 Identity reset
[00:23:57] 🔄 Identity rotated (every 10 requests)
[00:23:57] [420/456] PRCC
[00:23:58] [421/456] KSTR
[00:23:59] [422/456] SNTP
[00:24:00] [423/456] RCHA
[00:24:01] [424/456] SEEA
[00:24:02] [425/456] ALAT
[00:24:03] [426/456] AATV
[00:24:04] [427/456] RJTE
[00:24:05] [428/456] AAPP
[00:24:06] [429/456] PMMH
[00:24:07] 🔄 Identity reset
[00:24:07] 🔄 Identity rotated (every 10 requests)
[00:24:08] [430/456] INRJ
[00:24:08] [431/456] SARB
[00:24:09] [432/456] PCJL
[00:24:10] [433/456] PFJJ
[00:24:11] [434/456] GRDC
[00:24:12] [435/456] BCBA
[00:24:13] [436/456] VIXL
[00:24:14] [437/456] CSTL
[00:24:15] [438/456] MTDK
[00:24:16] [439/456] TDAC
[00:24:16] 🔄 Identity reset
[00:24:16] 🔄 Identity rotated (every 10 requests)
[00:24:17] [440/456] GTDN
[00:24:17] [441/456] TTDE
[00:24:18] [442/456] ASTS
[00:24:19] [443/456] CPNS
[00:24:20] [444/456] PVVW
[00:24:21] [445/456] USEB
[00:24:22] [446/456] DTYN
[00:24:23] [447/456] PVLE
[00:24:24] [448/456] CIPS
[00:24:25] [449/456] PAEG
[00:24:25] 🔄 Identity reset
[00:24:25] 🔄 Identity rotated (every 10 requests)
[00:24:26] [450/456] PTCW
[00:24:27] [451/456] G3SR
[00:24:28] [452/456] PGND
[00:24:30] [453/456] INVM
[00:24:30] [454/456] SPIA
[00:24:31] [455/456] PCSN
[00:24:32] [456/456] PPGV
[00:24:33] ✅ DONE | Shows=0 | Movies=0
[01:02:25] 🚀 BMS DAILY TRACKER STARTED (enhanced anti‑detection)
[01:02:25] [1/456] FNDB
[01:02:25] 🧠 New identity created
[01:02:26] 🔄 Retry 1/5 for FNDB in 2.1s
[01:02:26] 🔄 Identity reset
[01:02:28] 🧠 New identity created
[01:02:29] [2/456] AMBH
[01:02:29] [3/456] PRHN
[01:02:30] [4/456] ACPM
[01:02:31] [5/456] PVFS
[01:02:32] [6/456] AACN
[01:02:33] [7/456] ACAS
[01:02:34] [8/456] CTNR
[01:02:35] [9/456] MMAH
[01:02:35] 🔄 Identity reset
[01:02:35] 🔄 Identity rotated (every 10 requests)
[01:02:36] [10/456] CPMH
[01:02:37] [11/456] IGMH
[01:02:37] [12/456] ABCS
[01:02:38] [13/456] CMMA
[01:02:39] [14/456] GPRH
[01:02:40] [15/456] PNNG
[01:02:41] [16/456] AMCA
[01:02:42] [17/456] ISTN
[01:02:43] [18/456] PIIC
[01:02:44] [19/456] AHMH
[01:02:44] 🔄 Identity reset
[01:02:44] 🔄 Identity rotated (every 10 requests)
[01:02:45] [20/456] ASHN
[01:02:46] [21/456] INHY
[01:02:47] [22/456] SRMO
[01:02:48] [23/456] PIMH
[01:02:49] [24/456] PVTS
[01:02:50] [25/456] MMCA
[01:02:50] [26/456] AKYJ
[01:02:51] [27/456] BRKH
[01:02:52] [28/456] MAHM
[01:02:54] [29/456] CPHY
[01:02:54] 🔄 Identity reset
[01:02:54] 🔄 Identity rotated (every 10 requests)
[01:02:55] [30/456] PVTP
[01:02:56] [31/456] SMMR
[01:02:57] [32/456] PVHM
[01:02:58] [33/456] SNDY
[01:02:58] [34/456] GOKU
[01:02:59] [35/456] ACEV
[01:03:00] [36/456] PVUM
[01:03:01] [37/456] VSWA
[01:03:02] [38/456] IPRS
[01:03:03] [39/456] BKMV
[01:03:03] 🔄 Identity reset
[01:03:03] 🔄 Identity rotated (every 10 requests)
[01:03:04] [40/456] PVYH
[01:03:04] [41/456] INKM
[01:03:05] [42/456] ARJU
[01:03:06] [43/456] JJPP
[01:03:07] [44/456] SSRM
[01:03:08] [45/456] HMHD
[01:03:10] [46/456] SNKH
[01:03:12] [47/456] ACHI
[01:03:12] [48/456] MRAA
[01:03:13] [49/456] INMH
[01:03:14] 🔄 Identity reset
[01:03:14] 🔄 Identity rotated (every 10 requests)
[01:03:14] [50/456] ARMH
[01:03:15] [51/456] DVRR
[01:03:15] [52/456] SUDA
[01:03:17] [53/456] MCSS
[01:03:17] [54/456] VRKC
[01:03:18] [55/456] PRCX
[01:03:19] [56/456] ASJY
[01:03:20] [57/456] MTHY
[01:03:21] [58/456] SRCM
[01:03:22] [59/456] TVHY
[01:03:23] 🔄 Identity reset
[01:03:23] 🔄 Identity rotated (every 10 requests)
[01:03:23] [60/456] STHD
[01:03:24] [61/456] CPCL
[01:03:25] [62/456] PSMJ
[01:03:26] [63/456] MRGT
[01:03:27] [64/456] ARYH
[01:03:28] [65/456] VTRB
[01:03:29] [66/456] SCHC
[01:03:30] [67/456] MRRG
[01:03:31] [68/456] SPCB
[01:03:32] [69/456] AMCM
[01:03:32] 🔄 Identity reset
[01:03:32] 🔄 Identity rotated (every 10 requests)
[01:03:32] [70/456] IVNM
[01:03:33] [71/456] TRHY
[01:03:34] [72/456] PTTH
[01:03:35] [73/456] RKMH
[01:03:36] [74/456] PRCS
[01:03:37] [75/456] VAJA
[01:03:37] [76/456] BJNG
[01:03:38] [77/456] SCVM
[01:03:39] [78/456] GNHB
[01:03:40] [79/456] TLUR
[01:03:41] 🔄 Identity reset
[01:03:41] 🔄 Identity rotated (every 10 requests)
[01:03:41] [80/456] UKCC
[01:03:42] [81/456] SRKR
[01:03:43] [82/456] RMKN
[01:03:44] [83/456] SLRT
[01:03:45] [84/456] LKMT
[01:03:46] [85/456] SSRJ
[01:03:47] [86/456] SPHT
[01:03:48] [87/456] ANTT
[01:03:49] [88/456] SRCH
[01:03:50] [89/456] SRCA
[01:03:50] 🔄 Identity reset
[01:03:50] 🔄 Identity rotated (every 10 requests)
[01:03:51] [90/456] ARTH
[01:03:51] [91/456] MCBH
[01:03:52] [92/456] SNIB
[01:03:53] [93/456] SART
[01:03:54] [94/456] SKTA
[01:03:55] [95/456] YAKT
[01:03:56] [96/456] MLCK
[01:03:56] [97/456] ANTS
[01:03:57] [98/456] DGCA
[01:03:58] [99/456] SGMP
[01:03:59] 🔄 Identity reset
[01:03:59] 🔄 Identity rotated (every 10 requests)
[01:03:59] [100/456] ASWN
[01:04:00] [101/456] KFVU
[01:04:01] [102/456] POOR
[01:04:02] [103/456] GKDN
[01:04:03] [104/456] EOSE
[01:04:04] [105/456] GTTT
[01:04:05] [106/456] ARRO
[01:04:05] [107/456] CMMK
[01:04:06] [108/456] MSCN
[01:04:07] [109/456] GDKH
[01:04:08] 🔄 Identity reset
[01:04:08] 🔄 Identity rotated (every 10 requests)
[01:04:09] [110/456] DLMT
[01:04:10] [111/456] PVMF
[01:04:11] [112/456] CPCK
[01:04:12] [113/456] VMHE
[01:04:13] [114/456] PVLC
[01:04:14] [115/456] PCVB
[01:04:14] [116/456] SNYK
[01:04:15] [117/456] KTEK
[01:04:16] [118/456] PCNM
[01:04:17] [119/456] NTTR
[01:04:18] 🔄 Identity reset
[01:04:18] 🔄 Identity rotated (every 10 requests)
[01:04:18] 🔄 Retry 1/5 for NTTR in 2.7s
[01:04:18] 🔄 Identity reset
[01:04:21] 🧠 New identity created
[01:04:21] [120/456] CPSK
[01:04:22] [121/456] JMMA
[01:04:23] [122/456] GCFK
[01:04:24] [123/456] MYCA
[01:04:25] [124/456] KSNP
[01:04:26] [125/456] PMCE
[01:04:27] [126/456] SCKI
[01:04:27] [127/456] FSMA
[01:04:28] [128/456] CETA
[01:04:29] 🔄 Identity reset
[01:04:29] 🔄 Identity rotated (every 10 requests)
[01:04:29] [129/456] MCIK
[01:04:30] [130/456] MYCR
[01:04:31] [131/456] EVMP
[01:04:32] [132/456] SSGT
[01:04:33] [133/456] KCTK
[01:04:34] [134/456] ZTKC
[01:04:34] [135/456] MMTA
[01:04:35] [136/456] MAJT
[01:04:37] [137/456] ACPK
[01:04:38] [138/456] JMAX
[01:04:38] 🔄 Identity reset
[01:04:38] 🔄 Identity rotated (every 10 requests)
[01:04:39] [139/456] SETK
[01:04:39] [140/456] CAIS
[01:04:40] [141/456] AGCD
[01:04:41] [142/456] URCL
[01:04:43] [143/456] VTDS
[01:04:44] [144/456] JCNM
[01:04:45] [145/456] KCAM
[01:04:46] [146/456] ADCU
[01:04:46] [147/456] GXYN
[01:04:48] [148/456] SMJG
[01:04:48] 🔄 Identity reset
[01:04:48] 🔄 Identity rotated (every 10 requests)
[01:04:48] 🔄 Retry 1/5 for SMJG in 2.8s
[01:04:48] 🔄 Identity reset
[01:04:51] 🧠 New identity created
[01:04:52] [149/456] EYCJ
[01:04:52] [150/456] CCEJ
[01:04:53] [151/456] MARS
[01:04:54] [152/456] CPVJ
[01:04:55] [153/456] INVP
[01:04:56] [154/456] CPOV
[01:04:57] [155/456] VIJK
[01:04:58] [156/456] LAIM
[01:04:59] [157/456] STHV
[01:04:59] 🔄 Identity reset
[01:04:59] 🔄 Identity rotated (every 10 requests)
[01:04:59] [158/456] SVLJ
[01:05:00] [159/456] ATVJ
[01:05:01] [160/456] JTSC
[01:05:02] [161/456] RMTV
[01:05:03] [162/456] MGGG
[01:05:04] [163/456] SWTH
[01:05:05] [164/456] INVJ
[01:05:06] [165/456] PRSV
[01:05:07] [166/456] JATV
[01:05:08] [167/456] RCVD
[01:05:08] 🔄 Identity reset
[01:05:08] 🔄 Identity rotated (every 10 requests)
[01:05:09] [168/456] BDMA
[01:05:10] [169/456] BLJI
[01:05:10] [170/456] SWOT
[01:05:11] [171/456] SWRN
[01:05:12] [172/456] TVRA
[01:05:13] [173/456] NVRN
[01:05:14] [174/456] SIKC
[01:05:15] [175/456] VAKR
[01:05:16] [176/456] SYLN
[01:05:18] [177/456] KLJL
[01:05:19] 🔄 Identity reset
[01:05:19] 🔄 Identity rotated (every 10 requests)
[01:05:19] 🔄 Retry 1/5 for KLJL in 2.4s
[01:05:19] 🔄 Identity reset
[01:05:21] 🧠 New identity created
[01:05:21] 🔄 Retry 2/5 for KLJL in 4.6s
[01:05:21] 🔄 Identity reset
[01:05:26] 🧠 New identity created
[01:05:26] 🔄 Retry 3/5 for KLJL in 8.5s
[01:05:26] 🔄 Identity reset
[01:05:34] 🧠 New identity created
[01:05:35] [178/456] LKMY
[01:05:36] [179/456] VSLY
[01:05:36] [180/456] CIKO
[01:05:37] [181/456] GPBG
[01:05:38] [182/456] CECM
[01:05:39] [183/456] SLKB
[01:05:40] [184/456] MTBO
[01:05:41] 🔄 Identity reset
[01:05:41] 🔄 Identity rotated (every 10 requests)
[01:05:41] [185/456] SSHB
[01:05:42] [186/456] VPCS
[01:05:43] [187/456] RCSR
[01:05:44] [188/456] RJRM
[01:05:45] [189/456] KPPB
[01:05:46] [190/456] SEDC
[01:05:46] [191/456] SCAI
[01:05:47] [192/456] RMTR
[01:05:48] [193/456] ASST
[01:05:49] [194/456] GCAK
[01:05:49] 🔄 Identity reset
[01:05:49] 🔄 Identity rotated (every 10 requests)
[01:05:50] [195/456] ANNK
[01:05:51] [196/456] KDDF
[01:05:51] [197/456] NRDP
[01:05:52] [198/456] PLAK
[01:05:53] [199/456] GCMC
[01:05:54] [200/456] ALPY
[01:05:55] [201/456] SICE
[01:05:56] [202/456] SISR
[01:05:57] [203/456] SRPZ
[01:05:58] [204/456] SRSW
[01:05:59] 🔄 Identity reset
[01:05:59] 🔄 Identity rotated (every 10 requests)
[01:05:59] [205/456] SUYA
[01:06:01] [206/456] AMMT
[01:06:02] [207/456] BHCU
[01:06:02] [208/456] KLPA
[01:06:03] [209/456] NVKH
[01:06:04] [210/456] JMRC
[01:06:05] [211/456] KTTT
[01:06:06] [212/456] MAGH
[01:06:07] [213/456] MMMX
[01:06:08] [214/456] SALJ
[01:06:08] 🔄 Identity reset
[01:06:08] 🔄 Identity rotated (every 10 requests)
[01:06:09] [215/456] GTJA
[01:06:10] [216/456] MAHT
[01:06:10] [217/456] SSNN
[01:06:11] [218/456] ARRP
[01:06:12] [219/456] ATNS
[01:06:13] [220/456] SKDT
[01:06:14] [221/456] ACAT
[01:06:14] [222/456] APRC
[01:06:15] [223/456] SWAG
[01:06:16] [224/456] SDPT
[01:06:17] 🔄 Identity reset
[01:06:17] 🔄 Identity rotated (every 10 requests)
[01:06:17] [225/456] STPS
[01:06:18] [226/456] WWCZ
[01:06:19] [227/456] LLCH
[01:06:20] [228/456] MZHA
[01:06:21] [229/456] CRJG
[01:06:22] [230/456] JGTK
[01:06:23] [231/456] KCSR
[01:06:24] [232/456] CHTL
[01:06:26] [233/456] EDSR
[01:06:27] [234/456] CSWO
[01:06:27] 🔄 Identity reset
[01:06:27] 🔄 Identity rotated (every 10 requests)
[01:06:28] [235/456] CPVM
[01:06:29] [236/456] MXBY
[01:06:29] [237/456] FMMA
[01:06:30] [238/456] POVI
[01:06:31] [239/456] MTHB
[01:06:32] [240/456] INRC
[01:06:33] [241/456] PIPP
[01:06:34] [242/456] BMXC
[01:06:34] [243/456] PCMM
[01:06:35] [244/456] PMKM
[01:06:36] 🔄 Identity reset
[01:06:36] 🔄 Identity rotated (every 10 requests)
[01:06:36] [245/456] GATY
[01:06:37] [246/456] IMCM
[01:06:38] [247/456] POPE
[01:06:39] [248/456] MTCR
[01:06:40] [249/456] PVAE
[01:06:41] [250/456] PVMI
[01:06:41] [251/456] CPNM
[01:06:42] [252/456] FMRL
[01:06:43] [253/456] MCIW
[01:06:44] [254/456] MXBO
[01:06:45] 🔄 Identity reset
[01:06:45] 🔄 Identity rotated (every 10 requests)
[01:06:45] [255/456] FMKY
[01:06:46] [256/456] FMDA
[01:06:47] [257/456] THAB
[01:06:47] [258/456] PRCW
[01:06:48] [259/456] PITI
[01:06:50] [260/456] MCFF
[01:06:51] [261/456] PDDV
[01:06:51] [262/456] MCRM
[01:06:52] [263/456] KKMB
[01:06:53] [264/456] INKO
[01:06:54] 🔄 Identity reset
[01:06:54] 🔄 Identity rotated (every 10 requests)
[01:06:54] [265/456] PLXP
[01:06:55] [266/456] MMHA
[01:06:56] [267/456] FMVS
[01:06:57] [268/456] POLM
[01:06:58] [269/456] STER
[01:06:59] [270/456] PVWJ
[01:07:00] [271/456] IMJW
[01:07:01] [272/456] FNAN
[01:07:02] [273/456] CAGL
[01:07:03] [274/456] IPBG
[01:07:03] 🔄 Identity reset
[01:07:03] 🔄 Identity rotated (every 10 requests)
[01:07:04] [275/456] SMFV
[01:07:04] [276/456] MMMR
[01:07:05] [277/456] MMWM
[01:07:06] [278/456] FNCM
[01:07:07] [279/456] MDVA
[01:07:08] [280/456] MMET
[01:07:09] [281/456] MIDO
[01:07:10] [282/456] INNP
[01:07:11] [283/456] MIFU
[01:07:12] [284/456] MMSZ
[01:07:12] 🔄 Identity reset
[01:07:12] 🔄 Identity rotated (every 10 requests)
[01:07:13] [285/456] BMXA
[01:07:14] [286/456] MCAA
[01:07:15] [287/456] SCVP
[01:07:16] [288/456] PLUS
[01:07:17] [289/456] MUCK
[01:07:18] [290/456] MTMA
[01:07:18] [291/456] HPVR
[01:07:19] [292/456] PMPK
[01:07:20] [293/456] MAJB
[01:07:21] [294/456] CTRR
[01:07:21] 🔄 Identity reset
[01:07:21] 🔄 Identity rotated (every 10 requests)
[01:07:22] [295/456] MCTG
[01:07:23] [296/456] MACE
[01:07:24] [297/456] AAAS
[01:07:25] [298/456] CPVV
[01:07:26] [299/456] RCHG
[01:07:27] [300/456] MCNE
[01:07:28] [301/456] EMNC
[01:07:29] [302/456] MCAN
[01:07:30] [303/456] TCDM
[01:07:30] [304/456] IRGT
[01:07:31] 🔄 Identity reset
[01:07:31] 🔄 Identity rotated (every 10 requests)
[01:07:31] [305/456] GCMG
[01:07:32] [306/456] MXSN
[01:07:34] [307/456] MXCK
[01:07:35] [308/456] MCRC
[01:07:35] [309/456] RSMI
[01:07:36] [310/456] WAML
[01:07:37] [311/456] MTSC
[01:07:38] [312/456] FMDR
[01:07:39] [313/456] LEPV
[01:07:40] [314/456] MTGD
[01:07:40] 🔄 Identity reset
[01:07:40] 🔄 Identity rotated (every 10 requests)
[01:07:41] [315/456] IMOB
[01:07:42] [316/456] CLMM
[01:07:43] [317/456] PZCD
[01:07:45] [318/456] GOCS
[01:07:46] [319/456] KCMA
[01:07:46] [320/456] CCMP
[01:07:48] [321/456] MTSU
[01:07:49] [322/456] SNGL
[01:07:50] [323/456] MMMC
[01:07:51] [324/456] MMAA
[01:07:51] 🔄 Identity reset
[01:07:51] 🔄 Identity rotated (every 10 requests)
[01:07:52] [325/456] GCDM
[01:07:53] [326/456] KTMV
[01:07:54] [327/456] AETE
[01:07:55] [328/456] OMCS
[01:07:56] [329/456] GDCD
[01:07:57] [330/456] NYMD
[01:07:58] [331/456] RNCV
[01:07:59] [332/456] KKMT
[01:08:00] [333/456] GDTH
[01:08:01] [334/456] KMMV
[01:08:01] 🔄 Identity reset
[01:08:01] 🔄 Identity rotated (every 10 requests)
[01:08:02] [335/456] NHCG
[01:08:03] [336/456] PJDW
[01:08:04] [337/456] MMCV
[01:08:04] [338/456] FQSA
[01:08:05] [339/456] KURL
[01:08:06] [340/456] NNNX
[01:08:07] [341/456] AMAU
[01:08:08] [342/456] VVVM
[01:08:09] [343/456] VECU
[01:08:10] [344/456] WCVR
[01:08:11] 🔄 Identity reset
[01:08:11] 🔄 Identity rotated (every 10 requests)
[01:08:12] [345/456] MTGG
[01:08:13] [346/456] SGTG
[01:08:13] [347/456] MNTG
[01:08:14] [348/456] JDDG
[01:08:15] [349/456] MBTK
[01:08:16] [350/456] SGCD
[01:08:17] [351/456] MCTC
[01:08:18] [352/456] JTPC
[01:08:19] [353/456] SDKT
[01:08:19] [354/456] KRCC
[01:08:20] 🔄 Identity reset
[01:08:20] 🔄 Identity rotated (every 10 requests)
[01:08:20] [355/456] RMMD
[01:08:21] [356/456] AAME
[01:08:23] [357/456] TMWC
[01:08:24] [358/456] NRWY
[01:08:25] [359/456] CITD
[01:08:26] [360/456] VERD
[01:08:27] [361/456] MKSK
[01:08:27] [362/456] STSM
[01:08:28] [363/456] MJDG
[01:08:29] [364/456] RKPM
[01:08:30] 🔄 Identity reset
[01:08:30] 🔄 Identity rotated (every 10 requests)
[01:08:30] [365/456] SSCE
[01:08:31] [366/456] VMAE
[01:08:32] [367/456] SBRU
[01:08:33] [368/456] AMBC
[01:08:34] [369/456] AMLU
[01:08:35] [370/456] INVZ
[01:08:36] [371/456] LGTV
[01:08:37] [372/456] SVAD
[01:08:38] [373/456] SMSA
[01:08:39] [374/456] SPCZ
[01:08:39] 🔄 Identity reset
[01:08:39] 🔄 Identity rotated (every 10 requests)
[01:08:39] [375/456] GTCX
[01:08:40] [376/456] SCSL
[01:08:41] [377/456] SAHU
[01:08:42] [378/456] NCDA
[01:08:43] [379/456] SCCG
[01:08:44] [380/456] VKTL
[01:08:45] [381/456] PUUJ
[01:08:46] [382/456] STEJ
[01:08:47] [383/456] RJAL
[01:08:48] [384/456] ACJC
[01:08:48] 🔄 Identity reset
[01:08:48] 🔄 Identity rotated (every 10 requests)
[01:08:49] [385/456] ARVB
[01:08:50] [386/456] AUBB
[01:08:51] [387/456] GDBR
[01:08:52] [388/456] PVND
[01:08:52] [389/456] BGRJ
[01:08:53] [390/456] RJMM
[01:08:54] [391/456] MCSA
[01:08:55] [392/456] BODA
[01:08:56] [393/456] JAGG
[01:08:57] [394/456] SCGA
[01:08:58] 🔄 Identity reset
[01:08:58] 🔄 Identity rotated (every 10 requests)
[01:08:58] [395/456] LRCM
[01:08:59] [396/456] CPCN
[01:09:00] [397/456] SSTF
[01:09:01] [398/456] SRXP
[01:09:02] [399/456] CNFX
[01:09:03] [400/456] ANDI
[01:09:03] [401/456] SYEW
[01:09:04] [402/456] RCRE
[01:09:05] [403/456] SCRW
[01:09:07] [404/456] MBKR
[01:09:07] 🔄 Identity reset
[01:09:07] 🔄 Identity rotated (every 10 requests)
[01:09:08] [405/456] ASNT
[01:09:08] [406/456] JTMT
[01:09:09] [407/456] SHAY
[01:09:10] [408/456] VRTH
[01:09:11] [409/456] SPTI
[01:09:12] [410/456] DPTD
[01:09:12] [411/456] TGSN
[01:09:14] [412/456] RCWV
[01:09:15] [413/456] OCUR
[01:09:16] [414/456] KSTC
[01:09:17] 🔄 Identity reset
[01:09:17] 🔄 Identity rotated (every 10 requests)
[01:09:17] [415/456] SANI
[01:09:19] [416/456] MLCA
[01:09:19] [417/456] EGCA
[01:09:20] [418/456] SYSN
[01:09:21] [419/456] PKTA
[01:09:22] [420/456] PRCC
[01:09:23] [421/456] KSTR
[01:09:24] [422/456] SNTP
[01:09:25] [423/456] RCHA
[01:09:25] [424/456] SEEA
[01:09:26] 🔄 Identity reset
[01:09:26] 🔄 Identity rotated (every 10 requests)
[01:09:27] [425/456] ALAT
[01:09:28] [426/456] AATV
[01:09:29] [427/456] RJTE
[01:09:30] [428/456] AAPP
[01:09:31] [429/456] PMMH
[01:09:32] [430/456] INRJ
[01:09:33] [431/456] SARB
[01:09:34] [432/456] PCJL
[01:09:35] [433/456] PFJJ
[01:09:36] [434/456] GRDC
[01:09:36] 🔄 Identity reset
[01:09:36] 🔄 Identity rotated (every 10 requests)
[01:09:37] [435/456] BCBA
[01:09:38] [436/456] VIXL
[01:09:38] [437/456] CSTL
[01:09:39] [438/456] MTDK
[01:09:40] [439/456] TDAC
[01:09:41] [440/456] GTDN
[01:09:41] [441/456] TTDE
[01:09:42] [442/456] ASTS
[01:09:43] [443/456] CPNS
[01:09:44] [444/456] PVVW
[01:09:44] 🔄 Identity reset
[01:09:44] 🔄 Identity rotated (every 10 requests)
[01:09:45] [445/456] USEB
[01:09:46] [446/456] DTYN
[01:09:47] [447/456] PVLE
[01:09:48] [448/456] CIPS
[01:09:49] [449/456] PAEG
[01:09:50] [450/456] PTCW
[01:09:51] [451/456] G3SR
[01:09:52] [452/456] PGND
[01:09:52] [453/456] INVM
[01:09:53] [454/456] SPIA
[01:09:54] 🔄 Identity reset
[01:09:54] 🔄 Identity rotated (every 10 requests)
[01:09:55] [455/456] PCSN
[01:09:56] [456/456] PPGV
[01:09:57] ✅ DONE | Shows=0 | Movies=0
