[09:46:33] 🚀 SCRIPT STARTED (enhanced anti‑detection)
[09:46:33] [1/459] NECA
[09:46:34] 🧠 New identity created
[09:46:34] [2/459] BJLC
[09:46:35] [3/459] BASU
[09:46:36] [4/459] RUPI
[09:46:37] [5/459] LCBK
[09:46:38] [6/459] PMAC
[09:46:39] [7/459] AMLC
[09:46:40] [8/459] LICL
[09:46:41] [9/459] UDMM
[09:46:42] [10/459] STBZ
[09:46:42] 🔄 Identity reset
[09:46:42] 🔄 Identity rotated (every 10 requests)
[09:46:43] [11/459] UUBT
[09:46:44] [12/459] SJKC
[09:46:45] [13/459] TUAL
[09:46:46] [14/459] MRSE
[09:46:47] [15/459] RMRK
[09:46:48] [16/459] TTKP
[09:46:49] [17/459] KTKO
[09:46:50] [18/459] SDBK
[09:46:51] [19/459] MCPR
[09:46:52] [20/459] CHTI
[09:46:53] 🔄 Identity reset
[09:46:53] 🔄 Identity rotated (every 10 requests)
[09:46:53] [21/459] GCCP
[09:46:54] [22/459] SRMY
[09:46:55] [23/459] NYST
[09:46:56] [24/459] NYAG
[09:46:57] [25/459] SBMT
[09:46:58] [26/459] INGA
[09:46:59] [27/459] WSIC
[09:47:00] [28/459] SCSS
[09:47:02] [29/459] COPG
[09:47:03] [30/459] RCGR
[09:47:03] 🔄 Identity reset
[09:47:03] 🔄 Identity rotated (every 10 requests)
[09:47:04] [31/459] TCZA
[09:47:04] [32/459] CNLP
[09:47:06] [33/459] CLKN
[09:47:07] [34/459] LHDF
[09:47:08] [35/459] ELKC
[09:47:09] [36/459] VCEM
[09:47:10] [37/459] SSZA
[09:47:11] [38/459] KRMT
[09:47:12] [39/459] LCMV
[09:47:13] [40/459] AYCZ
[09:47:13] 🔄 Identity reset
[09:47:13] 🔄 Identity rotated (every 10 requests)
[09:47:14] [41/459] CUMS
[09:47:15] [42/459] BOCK
[09:47:17] [43/459] PNMR
[09:47:18] [44/459] PJCP
[09:47:19] [45/459] JDDD
[09:47:19] [46/459] STMS
[09:47:20] [47/459] FLMB
[09:47:21] [48/459] PKCM
[09:47:22] [49/459] SPPR
[09:47:23] [50/459] EYLH
[09:47:24] 🔄 Identity reset
[09:47:24] 🔄 Identity rotated (every 10 requests)
[09:47:24] [51/459] RJCC
[09:47:25] [52/459] MMPS
[09:47:26] [53/459] SHMX
[09:47:27] [54/459] CCNL
[09:47:28] [55/459] RCNV
[09:47:29] [56/459] MAAG
[09:47:30] [57/459] LXCM
[09:47:31] [58/459] RCNI
[09:47:31] [59/459] SNNI
[09:47:32] [60/459] LALC
[09:47:33] 🔄 Identity reset
[09:47:33] 🔄 Identity rotated (every 10 requests)
[09:47:33] [61/459] SOCN
[09:47:34] [62/459] JHTP
[09:47:35] [63/459] PITP
[09:47:36] [64/459] CCKW
[09:47:37] [65/459] MCMC
[09:47:38] [66/459] DEES
[09:47:39] [67/459] SABT
[09:47:40] [68/459] VSPP
[09:47:40] [69/459] ABCT
[09:47:41] [70/459] JVTB
[09:47:42] 🔄 Identity reset
[09:47:42] 🔄 Identity rotated (every 10 requests)
[09:47:42] 🔄 Retry 1/5 for JVTB in 2.8s
[09:47:42] 🔄 Identity reset
[09:47:45] 🧠 New identity created
[09:47:45] [71/459] VCBD
[09:47:46] [72/459] RMGG
[09:47:47] [73/459] RNMH
[09:47:49] [74/459] SPGL
[09:47:50] [75/459] JTTR
[09:47:51] [76/459] SICS
[09:47:52] [77/459] SRMI
[09:47:53] [78/459] SSIJ
[09:47:54] [79/459] KFMT
[09:47:54] 🔄 Identity reset
[09:47:54] 🔄 Identity rotated (every 10 requests)
[09:47:54] [80/459] VBIT
[09:47:55] [81/459] JKCT
[09:47:56] [82/459] GCGP
[09:47:57] [83/459] GDCS
[09:47:58] [84/459] TRBA
[09:47:59] [85/459] QUST
[09:48:00] [86/459] VSHM
[09:48:01] [87/459] SDCP
[09:48:01] [88/459] SNVS
[09:48:02] [89/459] NYTO
[09:48:03] 🔄 Identity reset
[09:48:03] 🔄 Identity rotated (every 10 requests)
[09:48:03] [90/459] URWC
[09:48:05] [91/459] GTWH
[09:48:06] [92/459] PFCM
[09:48:07] [93/459] KRTA
[09:48:09] [94/459] AXMC
[09:48:09] [95/459] EVMC
[09:48:10] [96/459] HGSM
[09:48:11] [97/459] ACVM
[09:48:12] [98/459] PSKL
[09:48:13] [99/459] RDMP
[09:48:13] 🔄 Identity reset
[09:48:13] 🔄 Identity rotated (every 10 requests)
[09:48:14] [100/459] RHGH
[09:48:15] [101/459] OMCM
[09:48:16] [102/459] DCCP
[09:48:17] [103/459] MCPB
[09:48:18] [104/459] ALCI
[09:48:19] [105/459] BLMX
[09:48:20] [106/459] BTMV
[09:48:22] [107/459] FVPN
[09:48:23] [108/459] CMAR
[09:48:24] [109/459] CEIM
[09:48:24] 🔄 Identity reset
[09:48:24] 🔄 Identity rotated (every 10 requests)
[09:48:25] [110/459] CMVA
[09:48:25] [111/459] CPIV
[09:48:26] [112/459] CNPE
[09:48:27] [113/459] COLV
[09:48:28] [114/459] DNNV
[09:48:30] [115/459] HCAD
[09:48:31] [116/459] TAKA
[09:48:32] [117/459] INVD
[09:48:34] [118/459] IRMM
[09:48:35] [119/459] INSE
[09:48:35] 🔄 Identity reset
[09:48:35] 🔄 Identity rotated (every 10 requests)
[09:48:37] [120/459] MRSW
[09:48:37] [121/459] MCVD
[09:48:38] [122/459] MCSO
[09:48:39] [123/459] PEVM
[09:48:40] [124/459] PVNL
[09:48:41] [125/459] PTCV
[09:48:41] [126/459] PRTC
[09:48:42] [127/459] RCVA
[09:48:43] [128/459] MTBN
[09:48:44] [129/459] LUCP
[09:48:45] 🔄 Identity reset
[09:48:45] 🔄 Identity rotated (every 10 requests)
[09:48:45] [130/459] FMPT
[09:48:46] [131/459] JLSL
[09:48:47] [132/459] SBHA
[09:48:48] [133/459] SHRC
[09:48:49] [134/459] AVPS
[09:48:50] [135/459] STPM
[09:48:52] [136/459] ATRD
[09:48:52] [137/459] VTED
[09:48:53] [138/459] ACAI
[09:48:54] [139/459] SMAE
[09:48:55] 🔄 Identity reset
[09:48:55] 🔄 Identity rotated (every 10 requests)
[09:48:55] [140/459] VMAT
[09:48:56] [141/459] LKCT
[09:48:57] [142/459] JTVK
[09:48:58] [143/459] PRTY
[09:48:59] [144/459] GETT
[09:49:00] [145/459] ESAP
[09:49:01] [146/459] NCPM
[09:49:03] [147/459] PCPA
[09:49:04] [148/459] MMOM
[09:49:05] [149/459] PHUP
[09:49:05] 🔄 Identity reset
[09:49:05] 🔄 Identity rotated (every 10 requests)
[09:49:07] [150/459] CCPI
[09:49:07] [151/459] CNTD
[09:49:08] [152/459] NLJR
[09:49:09] [153/459] SRNG
[09:49:10] [154/459] MHAL
[09:49:11] [155/459] PNSM
[09:49:12] [156/459] DRMY
[09:49:13] [157/459] CCMU
[09:49:14] [158/459] SCMY
[09:49:15] [159/459] PVSY
[09:49:16] 🔄 Identity reset
[09:49:16] 🔄 Identity rotated (every 10 requests)
[09:49:16] [160/459] SDLM
[09:49:17] [161/459] ICCM
[09:49:18] [162/459] PYSU
[09:49:19] [163/459] GATM
[09:49:20] [164/459] WOTM
[09:49:20] [165/459] RKTS
[09:49:21] [166/459] PMTY
[09:49:22] [167/459] LYMS
[09:49:23] [168/459] TGCA
[09:49:24] [169/459] DSTA
[09:49:25] 🔄 Identity reset
[09:49:25] 🔄 Identity rotated (every 10 requests)
[09:49:25] 🔄 Retry 1/5 for DSTA in 2.8s
[09:49:25] 🔄 Identity reset
[09:49:28] 🧠 New identity created
[09:49:28] [170/459] CNGE
[09:49:29] [171/459] VSTG
[09:49:30] [172/459] GTCK
[09:49:31] [173/459] TGNT
[09:49:32] [174/459] ASLC
[09:49:33] [175/459] SSST
[09:49:34] [176/459] KBTT
[09:49:34] [177/459] HKCP
[09:49:35] [178/459] SWLC
[09:49:36] 🔄 Identity reset
[09:49:36] 🔄 Identity rotated (every 10 requests)
[09:49:36] [179/459] RTND
[09:49:37] [180/459] PKKT
[09:49:38] [181/459] HSTK
[09:49:40] [182/459] SPTT
[09:49:41] [183/459] IMPM
[09:49:42] [184/459] SCMV
[09:49:43] [185/459] SPCT
[09:49:44] [186/459] JBCA
[09:49:45] [187/459] ATTR
[09:49:46] [188/459] SPMT
[09:49:47] 🔄 Identity reset
[09:49:47] 🔄 Identity rotated (every 10 requests)
[09:49:47] [189/459] LCTM
[09:49:48] [190/459] SCVL
[09:49:49] [191/459] SCVT
[09:49:50] [192/459] KRIC
[09:49:51] [193/459] CTMG
[09:49:53] [194/459] ACNC
[09:49:54] [195/459] DMCK
[09:49:55] [196/459] KMTV
[09:49:56] [197/459] PFCJ
[09:49:57] [198/459] VNMD
[09:49:57] 🔄 Identity reset
[09:49:57] 🔄 Identity rotated (every 10 requests)
[09:49:57] [199/459] VPCZ
[09:49:58] [200/459] SRYR
[09:49:59] [201/459] SYTR
[09:50:00] [202/459] GATR
[09:50:01] [203/459] URTR
[09:50:02] [204/459] MKSM
[09:50:03] [205/459] VSMH
[09:50:04] [206/459] SKRJ
[09:50:06] [207/459] SSJR
[09:50:07] [208/459] SVSM
[09:50:07] 🔄 Identity reset
[09:50:07] 🔄 Identity rotated (every 10 requests)
[09:50:07] [209/459] RUCM
[09:50:08] [210/459] PRKN
[09:50:09] [211/459] RROH
[09:50:10] [212/459] SCTN
[09:50:11] [213/459] RTDM
[09:50:12] [214/459] ASRM
[09:50:13] [215/459] SKMD
[09:50:14] [216/459] SUTD
[09:50:14] [217/459] SADM
[09:50:15] [218/459] WCNR
[09:50:16] 🔄 Identity reset
[09:50:16] 🔄 Identity rotated (every 10 requests)
[09:50:16] [219/459] CNED
[09:50:17] [220/459] MPDB
[09:50:18] [221/459] KTBH
[09:50:19] [222/459] IDRM
[09:50:21] [223/459] PJJT
[09:50:22] [224/459] PFCV
[09:50:22] [225/459] AACT
[09:50:23] [226/459] AAAD
[09:50:24] [227/459] ANES
[09:50:25] [228/459] MNCA
[09:50:26] 🔄 Identity reset
[09:50:26] 🔄 Identity rotated (every 10 requests)
[09:50:26] [229/459] RMGU
[09:50:27] [230/459] DLCN
[09:50:28] [231/459] LJWT
[09:50:29] [232/459] MCBG
[09:50:30] [233/459] MYBG
[09:50:31] [234/459] GCCA
[09:50:32] [235/459] GCGA
[09:50:33] [236/459] ECGN
[09:50:34] [237/459] PRAB
[09:50:34] [238/459] PNMP
[09:50:35] 🔄 Identity reset
[09:50:35] 🔄 Identity rotated (every 10 requests)
[09:50:35] [239/459] GCPT
[09:50:37] [240/459] ROYN
[09:50:39] [241/459] VATM
[09:50:40] [242/459] KSNT
[09:50:42] [243/459] ACTC
[09:50:43] [244/459] PLTD
[09:50:44] [245/459] SKMK
[09:50:45] [246/459] CMTT
[09:50:46] [247/459] SMXP
[09:50:47] [248/459] SCMX
[09:50:48] 🔄 Identity reset
[09:50:48] 🔄 Identity rotated (every 10 requests)
[09:50:48] [249/459] ACXN
[09:50:49] [250/459] ASWT
[09:50:50] [251/459] VVVL
[09:50:51] [252/459] NAGO
[09:50:52] [253/459] SNCN
[09:50:53] [254/459] MCKP
[09:50:53] [255/459] SAMO
[09:50:54] [256/459] JBTV
[09:50:55] [257/459] DCVV
[09:50:56] [258/459] KMSV
[09:50:57] 🔄 Identity reset
[09:50:57] 🔄 Identity rotated (every 10 requests)
[09:50:57] [259/459] KDCN
[09:50:59] [260/459] CNCP
[09:51:00] [261/459] HAMC
[09:51:00] [262/459] CCVZ
[09:51:01] [263/459] NCCK
[09:51:02] [264/459] MCHR
[09:51:03] [265/459] SCHT
[09:51:04] [266/459] ESSH
[09:51:05] [267/459] CUJC
[09:51:06] [268/459] PECP
[09:51:06] 🔄 Identity reset
[09:51:06] 🔄 Identity rotated (every 10 requests)
[09:51:07] [269/459] PMMI
[09:51:07] [270/459] PCCH
[09:51:09] [271/459] PRPM
[09:51:10] [272/459] PVKL
[09:51:11] [273/459] CBSM
[09:51:13] [274/459] PVCZ
[09:51:14] [275/459] PCVV
[09:51:14] [276/459] CTMJ
[09:51:15] [277/459] RCPS
[09:51:16] [278/459] PCIT
[09:51:17] 🔄 Identity reset
[09:51:17] 🔄 Identity rotated (every 10 requests)
[09:51:17] [279/459] FNCH
[09:51:18] [280/459] INZD
[09:51:19] [281/459] INPC
[09:51:20] [282/459] LCZP
[09:51:21] [283/459] SMCB
[09:51:22] [284/459] PTSB
[09:51:23] [285/459] TPSI
[09:51:24] [286/459] KHMJ
[09:51:25] [287/459] RCCJ
[09:51:26] [288/459] NCJA
[09:51:26] 🔄 Identity reset
[09:51:26] 🔄 Identity rotated (every 10 requests)
[09:51:27] [289/459] NCJN
[09:51:28] [290/459] BTDP
[09:51:29] [291/459] PADY
[09:51:30] [292/459] NYBH
[09:51:31] [293/459] MTBR
[09:51:32] [294/459] KRBC
[09:51:33] [295/459] DKTI
[09:51:34] [296/459] ANAN
[09:51:35] [297/459] INBP
[09:51:36] [298/459] PATB
[09:51:37] 🔄 Identity reset
[09:51:37] 🔄 Identity rotated (every 10 requests)
[09:51:37] [299/459] RGNT
[09:51:39] [300/459] CGPM
[09:51:40] [301/459] INTN
[09:51:41] [302/459] MCMP
[09:51:42] [303/459] ASRG
[09:51:43] [304/459] CXJD
[09:51:44] [305/459] SPCP
[09:51:45] [306/459] CSTP
[09:51:45] [307/459] PKVC
[09:51:46] [308/459] ESCP
[09:51:47] 🔄 Identity reset
[09:51:47] 🔄 Identity rotated (every 10 requests)
[09:51:47] [309/459] CAEP
[09:51:48] [310/459] CCSP
[09:51:49] [311/459] KTPC
[09:51:50] [312/459] DACA
[09:51:52] [313/459] NVKY
[09:51:53] [314/459] PTIN
[09:51:53] [315/459] SCIN
[09:51:54] [316/459] MCTY
[09:51:55] [317/459] PCMX
[09:51:56] [318/459] INIC
[09:51:57] 🔄 Identity reset
[09:51:57] 🔄 Identity rotated (every 10 requests)
[09:51:57] [319/459] MMZM
[09:51:59] [320/459] SSLP
[09:52:00] [321/459] DTDT
[09:52:01] [322/459] FFCX
[09:52:02] [323/459] RCMM
[09:52:03] [324/459] KYID
[09:52:04] [325/459] CSCI
[09:52:05] [326/459] FCMC
[09:52:06] [327/459] MMXI
[09:52:06] [328/459] ASTC
[09:52:07] 🔄 Identity reset
[09:52:07] 🔄 Identity rotated (every 10 requests)
[09:52:07] [329/459] CMRA
[09:52:08] [330/459] DICI
[09:52:09] [331/459] KDIN
[09:52:10] [332/459] PRFI
[09:52:11] [333/459] SVFC
[09:52:12] [334/459] UCPL
[09:52:13] [335/459] COOC
[09:52:14] [336/459] SCAL
[09:52:15] [337/459] SVFF
[09:52:16] [338/459] VCMG
[09:52:16] 🔄 Identity reset
[09:52:17] 🔄 Identity rotated (every 10 requests)
[09:52:17] [339/459] UUCT
[09:52:18] [340/459] GCSE
[09:52:19] [341/459] SUSC
[09:52:20] [342/459] MISC
[09:52:21] [343/459] RMBL
[09:52:22] [344/459] CMXN
[09:52:22] [345/459] PVBK
[09:52:23] [346/459] HHCG
[09:52:24] [347/459] SCAG
[09:52:25] [348/459] CNPR
[09:52:26] 🔄 Identity reset
[09:52:26] 🔄 Identity rotated (every 10 requests)
[09:52:26] [349/459] CSER
[09:52:27] [350/459] HLWD
[09:52:28] [351/459] BOLY
[09:52:29] [352/459] SSPG
[09:52:30] [353/459] MUPX
[09:52:31] [354/459] HAMR
[09:52:32] [355/459] SDNC
[09:52:33] [356/459] RTEN
[09:52:35] [357/459] SDTD
[09:52:36] [358/459] KAWS
[09:52:36] 🔄 Identity reset
[09:52:36] 🔄 Identity rotated (every 10 requests)
[09:52:37] [359/459] CMZX
[09:52:38] [360/459] DCDD
[09:52:39] [361/459] ALSN
[09:52:39] [362/459] IMXS
[09:52:40] [363/459] PVFF
[09:52:41] [364/459] PVOO
[09:52:42] [365/459] CFBS
[09:52:43] [366/459] PVER
[09:52:44] [367/459] PPNX
[09:52:45] [368/459] CNRM
[09:52:46] 🔄 Identity reset
[09:52:46] 🔄 Identity rotated (every 10 requests)
[09:52:46] [369/459] PVWW
[09:52:47] [370/459] INMB
[09:52:48] [371/459] CPJR
[09:52:49] [372/459] INRZ
[09:52:51] [373/459] PMSR
[09:52:52] [374/459] GPGM
[09:52:53] [375/459] PGWB
[09:52:54] [376/459] PMBR
[09:52:55] [377/459] GPAM
[09:52:56] [378/459] INBC
[09:52:56] 🔄 Identity reset
[09:52:56] 🔄 Identity rotated (every 10 requests)
[09:52:57] [379/459] PZVK
[09:52:58] [380/459] CPEB
[09:52:59] [381/459] FMLB
[09:52:59] [382/459] INBG
[09:53:01] [383/459] GPBR
[09:53:01] [384/459] PAAS
[09:53:02] [385/459] VTBR
[09:53:03] [386/459] GPMY
[09:53:04] [387/459] GYBU
[09:53:05] [388/459] INBJ
[09:53:05] 🔄 Identity reset
[09:53:05] 🔄 Identity rotated (every 10 requests)
[09:53:06] [389/459] LKTH
[09:53:07] [390/459] NSBR
[09:53:08] [391/459] PDRD
[09:53:09] [392/459] VRBL
[09:53:10] [393/459] VTGB
[09:53:11] [394/459] VTSK
[09:53:11] [395/459] BKDV
[09:53:12] [396/459] SVTB
[09:53:13] [397/459] MLDT
[09:53:14] [398/459] NRBL
[09:53:15] 🔄 Identity reset
[09:53:15] 🔄 Identity rotated (every 10 requests)
[09:53:15] [399/459] SLTR
[09:53:16] [400/459] VNKA
[09:53:17] [401/459] TDCA
[09:53:18] [402/459] INBM
[09:53:19] [403/459] SSNR
[09:53:20] [404/459] BHAC
[09:53:21] [405/459] SDSD
[09:53:22] [406/459] SAMP
[09:53:23] [407/459] RATK
[09:53:23] [408/459] KCBI
[09:53:24] 🔄 Identity reset
[09:53:24] 🔄 Identity rotated (every 10 requests)
[09:53:24] [409/459] URBL
[09:53:25] [410/459] MKBG
[09:53:26] [411/459] ASTB
[09:53:27] [412/459] VBWT
[09:53:28] [413/459] GPSM
[09:53:29] [414/459] ROON
[09:53:30] [415/459] CHTH
[09:53:31] [416/459] SSPA
[09:53:32] [417/459] ANBL
[09:53:32] [418/459] VTBE
[09:53:33] 🔄 Identity reset
[09:53:33] 🔄 Identity rotated (every 10 requests)
[09:53:33] [419/459] SVKT
[09:53:35] [420/459] SVYK
[09:53:35] [421/459] PTBK
[09:53:36] [422/459] RKTB
[09:53:37] [423/459] BALT
[09:53:38] [424/459] STSV
[09:53:40] [425/459] VCCB
[09:53:41] [426/459] SLTB
[09:53:42] [427/459] SBCR
[09:53:43] [428/459] VDCS
[09:53:43] 🔄 Identity reset
[09:53:43] 🔄 Identity rotated (every 10 requests)
[09:53:44] [429/459] MDKI
[09:53:45] [430/459] SMRN
[09:53:46] [431/459] PTBC
[09:53:47] [432/459] RADI
[09:53:48] [433/459] ADCR
[09:53:49] [434/459] SDCS
[09:53:50] [435/459] SRPJ
[09:53:51] [436/459] ARTS
[09:53:52] [437/459] SRHK
[09:53:53] [438/459] SPAY
[09:53:53] 🔄 Identity reset
[09:53:53] 🔄 Identity rotated (every 10 requests)
[09:53:54] [439/459] GPTB
[09:53:55] [440/459] SNNN
[09:53:56] [441/459] BALJ
[09:53:57] [442/459] TRIG
[09:53:58] [443/459] GTYT
[09:53:59] [444/459] ATGN
[09:54:00] [445/459] ANTE
[09:54:01] [446/459] BDCG
[09:54:02] [447/459] VECI
[09:54:03] [448/459] SCPR
[09:54:04] 🔄 Identity reset
[09:54:04] 🔄 Identity rotated (every 10 requests)
[09:54:04] [449/459] RTEA
[09:54:05] [450/459] JSAI
[09:54:06] [451/459] VJTP
[09:54:07] [452/459] GNDS
[09:54:08] [453/459] PAXA
[09:54:09] [454/459] CGGM
[09:54:10] [455/459] ACKZ
[09:54:11] [456/459] EMCC
[09:54:12] [457/459] KLSK
[09:54:12] [458/459] AVCK
[09:54:13] 🔄 Identity reset
[09:54:13] 🔄 Identity rotated (every 10 requests)
[09:54:13] [459/459] JTCK
[09:54:14] 🧹 Deduping shows
[09:54:14] ✅ DONE | Shows=417 | Movies=45
[20:17:58] 🚀 SCRIPT STARTED (enhanced anti‑detection)
[20:17:58] [1/459] NECA
[20:17:59] 🧠 New identity created
[20:17:59] [2/459] BJLC
[20:18:00] [3/459] BASU
[20:18:01] [4/459] RUPI
[20:18:03] [5/459] LCBK
[20:18:04] [6/459] PMAC
[20:18:05] [7/459] AMLC
[20:18:06] [8/459] LICL
[20:18:08] [9/459] UDMM
[20:18:09] [10/459] STBZ
[20:18:09] 🔄 Identity reset
[20:18:09] 🔄 Identity rotated (every 10 requests)
[20:18:09] 🔄 Retry 1/5 for STBZ in 2.1s
[20:18:09] 🔄 Identity reset
[20:18:11] 🧠 New identity created
[20:18:12] [11/459] UUBT
[20:18:12] [12/459] SJKC
[20:18:13] [13/459] TUAL
[20:18:14] [14/459] MRSE
[20:18:15] [15/459] RMRK
[20:18:16] [16/459] TTKP
[20:18:17] [17/459] KTKO
[20:18:19] [18/459] SDBK
[20:18:20] [19/459] MCPR
[20:18:20] 🔄 Identity reset
[20:18:20] 🔄 Identity rotated (every 10 requests)
[20:18:21] [20/459] CHTI
[20:18:22] [21/459] GCCP
[20:18:23] [22/459] SRMY
[20:18:24] [23/459] NYST
[20:18:26] [24/459] NYAG
[20:18:27] [25/459] SBMT
[20:18:28] [26/459] INGA
[20:18:29] [27/459] WSIC
[20:18:30] [28/459] SCSS
[20:18:31] [29/459] COPG
[20:18:32] 🔄 Identity reset
[20:18:32] 🔄 Identity rotated (every 10 requests)
[20:18:33] [30/459] RCGR
[20:18:35] [31/459] TCZA
[20:18:36] [32/459] CNLP
[20:18:36] [33/459] CLKN
[20:18:38] [34/459] LHDF
[20:18:39] [35/459] ELKC
[20:18:39] [36/459] VCEM
[20:18:41] [37/459] SSZA
[20:18:43] [38/459] KRMT
[20:18:44] [39/459] LCMV
[20:18:44] 🔄 Identity reset
[20:18:44] 🔄 Identity rotated (every 10 requests)
[20:18:44] 🔄 Retry 1/5 for LCMV in 2.5s
[20:18:44] 🔄 Identity reset
[20:18:47] 🧠 New identity created
[20:18:47] [40/459] AYCZ
[20:18:49] [41/459] CUMS
[20:18:50] [42/459] BOCK
[20:18:50] [43/459] PNMR
[20:18:51] [44/459] PJCP
[20:18:52] [45/459] JDDD
[20:18:53] [46/459] STMS
[20:18:54] [47/459] FLMB
[20:18:55] [48/459] PKCM
[20:18:55] 🔄 Identity reset
[20:18:55] 🔄 Identity rotated (every 10 requests)
[20:18:56] [49/459] SPPR
[20:18:57] [50/459] EYLH
[20:18:58] [51/459] RJCC
[20:18:59] [52/459] MMPS
[20:19:00] [53/459] SHMX
[20:19:02] [54/459] CCNL
[20:19:03] [55/459] RCNV
[20:19:04] [56/459] MAAG
[20:19:05] [57/459] LXCM
[20:19:06] [58/459] RCNI
[20:19:07] 🔄 Identity reset
[20:19:07] 🔄 Identity rotated (every 10 requests)
[20:19:07] [59/459] SNNI
[20:19:09] [60/459] LALC
[20:19:10] [61/459] SOCN
[20:19:10] [62/459] JHTP
[20:19:11] [63/459] PITP
[20:19:12] [64/459] CCKW
[20:19:13] [65/459] MCMC
[20:19:15] [66/459] DEES
[20:19:16] [67/459] SABT
[20:19:16] [68/459] VSPP
[20:19:17] 🔄 Identity reset
[20:19:17] 🔄 Identity rotated (every 10 requests)
[20:19:17] [69/459] ABCT
[20:19:18] [70/459] JVTB
[20:19:19] [71/459] VCBD
[20:19:20] [72/459] RMGG
[20:19:21] [73/459] RNMH
[20:19:21] [74/459] SPGL
[20:19:22] [75/459] JTTR
[20:19:24] [76/459] SICS
[20:19:25] [77/459] SRMI
[20:19:26] [78/459] SSIJ
[20:19:26] 🔄 Identity reset
[20:19:26] 🔄 Identity rotated (every 10 requests)
[20:19:27] [79/459] KFMT
[20:19:29] [80/459] VBIT
[20:19:30] [81/459] JKCT
[20:19:31] [82/459] GCGP
[20:19:32] [83/459] GDCS
[20:19:33] [84/459] TRBA
[20:19:33] [85/459] QUST
[20:19:34] [86/459] VSHM
[20:19:35] [87/459] SDCP
[20:19:36] [88/459] SNVS
[20:19:36] 🔄 Identity reset
[20:19:36] 🔄 Identity rotated (every 10 requests)
[20:19:36] 🔄 Retry 1/5 for SNVS in 2.7s
[20:19:36] 🔄 Identity reset
[20:19:39] 🧠 New identity created
[20:19:39] [89/459] NYTO
[20:19:41] [90/459] URWC
[20:19:42] [91/459] GTWH
[20:19:43] [92/459] PFCM
[20:19:44] [93/459] KRTA
[20:19:44] [94/459] AXMC
[20:19:45] [95/459] EVMC
[20:19:46] [96/459] HGSM
[20:19:47] [97/459] ACVM
[20:19:48] 🔄 Identity reset
[20:19:48] 🔄 Identity rotated (every 10 requests)
[20:19:48] [98/459] PSKL
[20:19:50] [99/459] RDMP
[20:19:51] [100/459] RHGH
[20:19:51] [101/459] OMCM
[20:19:52] [102/459] DCCP
[20:19:53] [103/459] MCPB
[20:19:54] [104/459] ALCI
[20:19:55] [105/459] BLMX
[20:19:56] [106/459] BTMV
[20:19:57] [107/459] FVPN
[20:19:57] 🔄 Identity reset
[20:19:57] 🔄 Identity rotated (every 10 requests)
[20:19:57] 🔄 Retry 1/5 for FVPN in 2.1s
[20:19:57] 🔄 Identity reset
[20:19:59] 🧠 New identity created
[20:20:00] [108/459] CMAR
[20:20:00] [109/459] CEIM
[20:20:02] [110/459] CMVA
[20:20:03] [111/459] CPIV
[20:20:04] [112/459] CNPE
[20:20:06] [113/459] COLV
[20:20:07] [114/459] DNNV
[20:20:08] [115/459] HCAD
[20:20:09] [116/459] TAKA
[20:20:10] 🔄 Identity reset
[20:20:10] 🔄 Identity rotated (every 10 requests)
[20:20:10] [117/459] INVD
[20:20:12] [118/459] IRMM
[20:20:13] [119/459] INSE
[20:20:13] [120/459] MRSW
[20:20:14] [121/459] MCVD
[20:20:15] [122/459] MCSO
[20:20:16] [123/459] PEVM
[20:20:17] [124/459] PVNL
[20:20:18] [125/459] PTCV
[20:20:19] [126/459] PRTC
[20:20:19] 🔄 Identity reset
[20:20:19] 🔄 Identity rotated (every 10 requests)
[20:20:19] 🔄 Retry 1/5 for PRTC in 2.5s
[20:20:19] 🔄 Identity reset
[20:20:22] 🧠 New identity created
[20:20:23] [127/459] RCVA
[20:20:24] [128/459] MTBN
[20:20:25] [129/459] LUCP
[20:20:26] [130/459] FMPT
[20:20:28] [131/459] JLSL
[20:20:29] [132/459] SBHA
[20:20:30] [133/459] SHRC
[20:20:31] [134/459] AVPS
[20:20:32] [135/459] STPM
[20:20:33] 🔄 Identity reset
[20:20:33] 🔄 Identity rotated (every 10 requests)
[20:20:33] [136/459] ATRD
[20:20:34] [137/459] VTED
[20:20:35] [138/459] ACAI
[20:20:36] [139/459] SMAE
[20:20:37] [140/459] VMAT
[20:20:37] [141/459] LKCT
[20:20:38] [142/459] JTVK
[20:20:40] [143/459] PRTY
[20:20:41] [144/459] GETT
[20:20:42] [145/459] ESAP
[20:20:43] 🔄 Identity reset
[20:20:43] 🔄 Identity rotated (every 10 requests)
[20:20:43] [146/459] NCPM
[20:20:44] [147/459] PCPA
[20:20:45] [148/459] MMOM
[20:20:46] [149/459] PHUP
[20:20:46] [150/459] CCPI
[20:20:47] [151/459] CNTD
[20:20:49] [152/459] NLJR
[20:20:50] [153/459] SRNG
[20:20:50] [154/459] MHAL
[20:20:51] [155/459] PNSM
[20:20:52] 🔄 Identity reset
[20:20:52] 🔄 Identity rotated (every 10 requests)
[20:20:52] [156/459] DRMY
[20:20:54] [157/459] CCMU
[20:20:56] [158/459] SCMY
[20:20:57] [159/459] PVSY
[20:20:57] [160/459] SDLM
[20:20:58] [161/459] ICCM
[20:20:59] [162/459] PYSU
[20:21:01] [163/459] GATM
[20:21:01] [164/459] WOTM
[20:21:02] [165/459] RKTS
[20:21:03] 🔄 Identity reset
[20:21:03] 🔄 Identity rotated (every 10 requests)
[20:21:04] [166/459] PMTY
[20:21:05] [167/459] LYMS
[20:21:06] [168/459] TGCA
[20:21:07] [169/459] DSTA
[20:21:07] [170/459] CNGE
[20:21:08] [171/459] VSTG
[20:21:09] [172/459] GTCK
[20:21:10] [173/459] TGNT
[20:21:11] [174/459] ASLC
[20:21:12] [175/459] SSST
[20:21:12] 🔄 Identity reset
[20:21:12] 🔄 Identity rotated (every 10 requests)
[20:21:13] [176/459] KBTT
[20:21:14] [177/459] HKCP
[20:21:14] [178/459] SWLC
[20:21:15] [179/459] RTND
[20:21:17] [180/459] PKKT
[20:21:18] [181/459] HSTK
[20:21:19] [182/459] SPTT
[20:21:20] [183/459] IMPM
[20:21:21] [184/459] SCMV
[20:21:22] [185/459] SPCT
[20:21:22] 🔄 Identity reset
[20:21:22] 🔄 Identity rotated (every 10 requests)
[20:21:23] [186/459] JBCA
[20:21:23] [187/459] ATTR
[20:21:24] [188/459] SPMT
[20:21:25] [189/459] LCTM
[20:21:26] [190/459] SCVL
[20:21:27] [191/459] SCVT
[20:21:28] [192/459] KRIC
[20:21:29] [193/459] CTMG
[20:21:30] [194/459] ACNC
[20:21:32] [195/459] DMCK
[20:21:32] 🔄 Identity reset
[20:21:32] 🔄 Identity rotated (every 10 requests)
[20:21:33] [196/459] KMTV
[20:21:34] [197/459] PFCJ
[20:21:35] [198/459] VNMD
[20:21:35] [199/459] VPCZ
[20:21:36] [200/459] SRYR
[20:21:37] [201/459] SYTR
[20:21:39] [202/459] GATR
[20:21:40] [203/459] URTR
[20:21:41] [204/459] MKSM
[20:21:41] [205/459] VSMH
[20:21:42] 🔄 Identity reset
[20:21:42] 🔄 Identity rotated (every 10 requests)
[20:21:42] 🔄 Retry 1/5 for VSMH in 2.8s
[20:21:42] 🔄 Identity reset
[20:21:45] 🧠 New identity created
[20:21:45] 🔄 Retry 2/5 for VSMH in 4.6s
[20:21:45] 🔄 Identity reset
[20:21:50] 🧠 New identity created
[20:21:50] 🔄 Retry 3/5 for VSMH in 8.4s
[20:21:50] 🔄 Identity reset
[20:21:58] 🧠 New identity created
[20:21:59] [206/459] SKRJ
[20:22:00] [207/459] SSJR
[20:22:00] [208/459] SVSM
[20:22:02] [209/459] RUCM
[20:22:04] [210/459] PRKN
[20:22:04] [211/459] RROH
[20:22:05] [212/459] SCTN
[20:22:06] 🔄 Identity reset
[20:22:06] 🔄 Identity rotated (every 10 requests)
[20:22:06] 🔄 Retry 1/5 for SCTN in 2.5s
[20:22:06] 🔄 Identity reset
[20:22:08] 🧠 New identity created
[20:22:09] [213/459] RTDM
[20:22:10] [214/459] ASRM
[20:22:11] [215/459] SKMD
[20:22:12] [216/459] SUTD
[20:22:13] [217/459] SADM
[20:22:14] [218/459] WCNR
[20:22:15] [219/459] CNED
[20:22:15] [220/459] MPDB
[20:22:16] [221/459] KTBH
[20:22:17] 🔄 Identity reset
[20:22:17] 🔄 Identity rotated (every 10 requests)
[20:22:17] [222/459] IDRM
[20:22:18] [223/459] PJJT
[20:22:19] [224/459] PFCV
[20:22:20] [225/459] AACT
[20:22:21] [226/459] AAAD
[20:22:23] [227/459] ANES
[20:22:24] [228/459] MNCA
[20:22:25] [229/459] RMGU
[20:22:26] [230/459] DLCN
[20:22:27] [231/459] LJWT
[20:22:28] 🔄 Identity reset
[20:22:28] 🔄 Identity rotated (every 10 requests)
[20:22:28] 🔄 Retry 1/5 for LJWT in 2.8s
[20:22:28] 🔄 Identity reset
[20:22:30] 🧠 New identity created
[20:22:31] [232/459] MCBG
[20:22:32] [233/459] MYBG
[20:22:33] [234/459] GCCA
[20:22:34] [235/459] GCGA
[20:22:35] [236/459] ECGN
[20:22:35] [237/459] PRAB
[20:22:36] [238/459] PNMP
[20:22:37] [239/459] GCPT
[20:22:38] [240/459] ROYN
[20:22:39] 🔄 Identity reset
[20:22:39] 🔄 Identity rotated (every 10 requests)
[20:22:39] [241/459] VATM
[20:22:40] [242/459] KSNT
[20:22:40] [243/459] ACTC
[20:22:41] [244/459] PLTD
[20:22:42] [245/459] SKMK
[20:22:43] [246/459] CMTT
[20:22:44] [247/459] SMXP
[20:22:45] [248/459] SCMX
[20:22:46] [249/459] ACXN
[20:22:47] [250/459] ASWT
[20:22:48] 🔄 Identity reset
[20:22:48] 🔄 Identity rotated (every 10 requests)
[20:22:48] [251/459] VVVL
[20:22:49] [252/459] NAGO
[20:22:50] [253/459] SNCN
[20:22:51] [254/459] MCKP
[20:22:52] [255/459] SAMO
[20:22:53] [256/459] JBTV
[20:22:54] [257/459] DCVV
[20:22:55] [258/459] KMSV
[20:22:56] [259/459] KDCN
[20:22:57] [260/459] CNCP
[20:22:57] 🔄 Identity reset
[20:22:57] 🔄 Identity rotated (every 10 requests)
[20:22:58] [261/459] HAMC
[20:23:00] [262/459] CCVZ
[20:23:00] [263/459] NCCK
[20:23:01] [264/459] MCHR
[20:23:02] [265/459] SCHT
[20:23:03] [266/459] ESSH
[20:23:04] [267/459] CUJC
[20:23:05] [268/459] PECP
[20:23:06] [269/459] PMMI
[20:23:07] [270/459] PCCH
[20:23:07] 🔄 Identity reset
[20:23:07] 🔄 Identity rotated (every 10 requests)
[20:23:07] [271/459] PRPM
[20:23:08] [272/459] PVKL
[20:23:09] [273/459] CBSM
[20:23:10] [274/459] PVCZ
[20:23:12] [275/459] PCVV
[20:23:13] [276/459] CTMJ
[20:23:14] [277/459] RCPS
[20:23:15] [278/459] PCIT
[20:23:16] [279/459] FNCH
[20:23:17] [280/459] INZD
[20:23:18] 🔄 Identity reset
[20:23:18] 🔄 Identity rotated (every 10 requests)
[20:23:18] 🔄 Retry 1/5 for INZD in 2.9s
[20:23:18] 🔄 Identity reset
[20:23:21] 🧠 New identity created
[20:23:22] [281/459] INPC
[20:23:22] [282/459] LCZP
[20:23:23] [283/459] SMCB
[20:23:24] [284/459] PTSB
[20:23:25] [285/459] TPSI
[20:23:26] [286/459] KHMJ
[20:23:28] [287/459] RCCJ
[20:23:29] [288/459] NCJA
[20:23:30] [289/459] NCJN
[20:23:30] 🔄 Identity reset
[20:23:30] 🔄 Identity rotated (every 10 requests)
[20:23:30] 🔄 Retry 1/5 for NCJN in 2.4s
[20:23:30] 🔄 Identity reset
[20:23:33] 🧠 New identity created
[20:23:34] [290/459] BTDP
[20:23:35] [291/459] PADY
[20:23:36] [292/459] NYBH
[20:23:37] [293/459] MTBR
[20:23:38] [294/459] KRBC
[20:23:39] [295/459] DKTI
[20:23:39] [296/459] ANAN
[20:23:41] [297/459] INBP
[20:23:41] [298/459] PATB
[20:23:42] 🔄 Identity reset
[20:23:42] 🔄 Identity rotated (every 10 requests)
[20:23:42] [299/459] RGNT
[20:23:43] [300/459] CGPM
[20:23:44] [301/459] INTN
[20:23:45] [302/459] MCMP
[20:23:47] [303/459] ASRG
[20:23:48] [304/459] CXJD
[20:23:48] [305/459] SPCP
[20:23:49] [306/459] CSTP
[20:23:50] [307/459] PKVC
[20:23:51] [308/459] ESCP
[20:23:52] 🔄 Identity reset
[20:23:52] 🔄 Identity rotated (every 10 requests)
[20:23:52] [309/459] CAEP
[20:23:53] [310/459] CCSP
[20:23:53] [311/459] KTPC
[20:23:54] [312/459] DACA
[20:23:55] [313/459] NVKY
[20:23:56] [314/459] PTIN
[20:23:57] [315/459] SCIN
[20:23:58] [316/459] MCTY
[20:23:59] [317/459] PCMX
[20:24:00] [318/459] INIC
[20:24:01] 🔄 Identity reset
[20:24:01] 🔄 Identity rotated (every 10 requests)
[20:24:01] 🔄 Retry 1/5 for INIC in 2.8s
[20:24:01] 🔄 Identity reset
[20:24:04] 🧠 New identity created
[20:24:04] [319/459] MMZM
[20:24:05] [320/459] SSLP
[20:24:06] [321/459] DTDT
[20:24:07] [322/459] FFCX
[20:24:07] [323/459] RCMM
[20:24:09] [324/459] KYID
[20:24:10] [325/459] CSCI
[20:24:12] [326/459] FCMC
[20:24:12] [327/459] MMXI
[20:24:13] 🔄 Identity reset
[20:24:13] 🔄 Identity rotated (every 10 requests)
[20:24:14] [328/459] ASTC
[20:24:14] [329/459] CMRA
[20:24:15] [330/459] DICI
[20:24:16] [331/459] KDIN
[20:24:18] [332/459] PRFI
[20:24:19] [333/459] SVFC
[20:24:19] [334/459] UCPL
[20:24:20] [335/459] COOC
[20:24:22] [336/459] SCAL
[20:24:23] [337/459] SVFF
[20:24:23] 🔄 Identity reset
[20:24:23] 🔄 Identity rotated (every 10 requests)
[20:24:24] [338/459] VCMG
[20:24:25] [339/459] UUCT
[20:24:25] [340/459] GCSE
[20:24:27] [341/459] SUSC
[20:24:27] [342/459] MISC
[20:24:28] [343/459] RMBL
[20:24:30] [344/459] CMXN
[20:24:30] [345/459] PVBK
[20:24:32] [346/459] HHCG
[20:24:33] [347/459] SCAG
[20:24:33] 🔄 Identity reset
[20:24:34] 🔄 Identity rotated (every 10 requests)
[20:24:34] [348/459] CNPR
[20:24:35] [349/459] CSER
[20:24:36] [350/459] HLWD
[20:24:37] [351/459] BOLY
[20:24:39] [352/459] SSPG
[20:24:40] [353/459] MUPX
[20:24:41] [354/459] HAMR
[20:24:42] [355/459] SDNC
[20:24:43] [356/459] RTEN
[20:24:44] [357/459] SDTD
[20:24:44] 🔄 Identity reset
[20:24:44] 🔄 Identity rotated (every 10 requests)
[20:24:44] [358/459] KAWS
[20:24:46] [359/459] CMZX
[20:24:47] [360/459] DCDD
[20:24:49] [361/459] ALSN
[20:24:50] [362/459] IMXS
[20:24:51] [363/459] PVFF
[20:24:53] [364/459] PVOO
[20:24:54] [365/459] CFBS
[20:24:55] [366/459] PVER
[20:24:55] [367/459] PPNX
[20:24:56] 🔄 Identity reset
[20:24:56] 🔄 Identity rotated (every 10 requests)
[20:24:56] [368/459] CNRM
[20:24:58] [369/459] PVWW
[20:24:59] [370/459] INMB
[20:25:00] [371/459] CPJR
[20:25:01] [372/459] INRZ
[20:25:02] [373/459] PMSR
[20:25:03] [374/459] GPGM
[20:25:05] [375/459] PGWB
[20:25:05] [376/459] PMBR
[20:25:06] [377/459] GPAM
[20:25:07] 🔄 Identity reset
[20:25:07] 🔄 Identity rotated (every 10 requests)
[20:25:07] 🔄 Retry 1/5 for GPAM in 2.3s
[20:25:07] 🔄 Identity reset
[20:25:09] 🧠 New identity created
[20:25:10] [378/459] INBC
[20:25:11] [379/459] PZVK
[20:25:12] [380/459] CPEB
[20:25:13] [381/459] FMLB
[20:25:15] [382/459] INBG
[20:25:15] [383/459] GPBR
[20:25:16] [384/459] PAAS
[20:25:17] [385/459] VTBR
[20:25:18] [386/459] GPMY
[20:25:19] 🔄 Identity reset
[20:25:19] 🔄 Identity rotated (every 10 requests)
[20:25:19] [387/459] GYBU
[20:25:20] [388/459] INBJ
[20:25:21] [389/459] LKTH
[20:25:21] [390/459] NSBR
[20:25:23] [391/459] PDRD
[20:25:23] [392/459] VRBL
[20:25:24] [393/459] VTGB
[20:25:26] [394/459] VTSK
[20:25:27] [395/459] BKDV
[20:25:28] [396/459] SVTB
[20:25:29] 🔄 Identity reset
[20:25:29] 🔄 Identity rotated (every 10 requests)
[20:25:29] [397/459] MLDT
[20:25:30] [398/459] NRBL
[20:25:31] [399/459] SLTR
[20:25:32] [400/459] VNKA
[20:25:33] [401/459] TDCA
[20:25:34] [402/459] INBM
[20:25:35] [403/459] SSNR
[20:25:37] [404/459] BHAC
[20:25:38] [405/459] SDSD
[20:25:39] [406/459] SAMP
[20:25:40] 🔄 Identity reset
[20:25:40] 🔄 Identity rotated (every 10 requests)
[20:25:40] [407/459] RATK
[20:25:41] [408/459] KCBI
[20:25:42] [409/459] URBL
[20:25:43] [410/459] MKBG
[20:25:44] [411/459] ASTB
[20:25:45] [412/459] VBWT
[20:25:46] [413/459] GPSM
[20:25:47] [414/459] ROON
[20:25:48] [415/459] CHTH
[20:25:49] [416/459] SSPA
[20:25:49] 🔄 Identity reset
[20:25:49] 🔄 Identity rotated (every 10 requests)
[20:25:49] [417/459] ANBL
[20:25:50] [418/459] VTBE
[20:25:51] [419/459] SVKT
[20:25:52] [420/459] SVYK
[20:25:53] [421/459] PTBK
[20:25:54] [422/459] RKTB
[20:25:54] [423/459] BALT
[20:25:55] [424/459] STSV
[20:25:56] [425/459] VCCB
[20:25:57] [426/459] SLTB
[20:25:58] 🔄 Identity reset
[20:25:58] 🔄 Identity rotated (every 10 requests)
[20:25:59] [427/459] SBCR
[20:26:00] [428/459] VDCS
[20:26:00] [429/459] MDKI
[20:26:01] [430/459] SMRN
[20:26:02] [431/459] PTBC
[20:26:03] [432/459] RADI
[20:26:04] [433/459] ADCR
[20:26:05] [434/459] SDCS
[20:26:05] [435/459] SRPJ
[20:26:06] [436/459] ARTS
[20:26:07] 🔄 Identity reset
[20:26:07] 🔄 Identity rotated (every 10 requests)
[20:26:07] [437/459] SRHK
[20:26:08] [438/459] SPAY
[20:26:09] [439/459] GPTB
[20:26:09] [440/459] SNNN
[20:26:10] [441/459] BALJ
[20:26:11] [442/459] TRIG
[20:26:12] [443/459] GTYT
[20:26:13] [444/459] ATGN
[20:26:14] [445/459] ANTE
[20:26:15] [446/459] BDCG
[20:26:15] 🔄 Identity reset
[20:26:15] 🔄 Identity rotated (every 10 requests)
[20:26:16] [447/459] VECI
[20:26:16] [448/459] SCPR
[20:26:17] [449/459] RTEA
[20:26:18] [450/459] JSAI
[20:26:19] [451/459] VJTP
[20:26:20] [452/459] GNDS
[20:26:21] [453/459] PAXA
[20:26:22] [454/459] CGGM
[20:26:22] [455/459] ACKZ
[20:26:25] [456/459] EMCC
[20:26:26] 🔄 Identity reset
[20:26:26] 🔄 Identity rotated (every 10 requests)
[20:26:26] [457/459] KLSK
[20:26:27] [458/459] AVCK
[20:26:28] [459/459] JTCK
[20:26:29] 🧹 Deduping shows
[20:26:29] ✅ DONE | Shows=944 | Movies=58
