[09:46:29] 🚀 SCRIPT STARTED (enhanced anti‑detection)
[09:46:29] [1/456] FNDB
[09:46:30] 🧠 New identity created
[09:46:30] [2/456] AMBH
[09:46:31] [3/456] PRHN
[09:46:32] [4/456] ACPM
[09:46:34] [5/456] PVFS
[09:46:35] [6/456] AACN
[09:46:36] [7/456] ACAS
[09:46:37] [8/456] CTNR
[09:46:38] [9/456] MMAH
[09:46:39] [10/456] CPMH
[09:46:40] 🔄 Identity reset
[09:46:40] 🔄 Identity rotated (every 10 requests)
[09:46:40] [11/456] IGMH
[09:46:41] [12/456] ABCS
[09:46:42] [13/456] CMMA
[09:46:43] [14/456] GPRH
[09:46:44] [15/456] PNNG
[09:46:45] [16/456] AMCA
[09:46:46] [17/456] ISTN
[09:46:48] [18/456] PIIC
[09:46:48] [19/456] AHMH
[09:46:49] [20/456] ASHN
[09:46:50] 🔄 Identity reset
[09:46:50] 🔄 Identity rotated (every 10 requests)
[09:46:50] [21/456] INHY
[09:46:51] [22/456] SRMO
[09:46:53] [23/456] PIMH
[09:46:54] [24/456] PVTS
[09:46:55] [25/456] MMCA
[09:46:56] [26/456] AKYJ
[09:46:56] [27/456] BRKH
[09:46:57] [28/456] MAHM
[09:46:58] [29/456] CPHY
[09:46:59] [30/456] PVTP
[09:47:00] 🔄 Identity reset
[09:47:00] 🔄 Identity rotated (every 10 requests)
[09:47:01] [31/456] SMMR
[09:47:02] [32/456] PVHM
[09:47:03] [33/456] SNDY
[09:47:04] [34/456] GOKU
[09:47:05] [35/456] ACEV
[09:47:06] [36/456] PVUM
[09:47:06] [37/456] VSWA
[09:47:08] [38/456] IPRS
[09:47:08] [39/456] BKMV
[09:47:09] [40/456] PVYH
[09:47:10] 🔄 Identity reset
[09:47:10] 🔄 Identity rotated (every 10 requests)
[09:47:10] [41/456] INKM
[09:47:11] [42/456] ARJU
[09:47:12] [43/456] JJPP
[09:47:13] [44/456] SSRM
[09:47:14] [45/456] HMHD
[09:47:15] [46/456] SNKH
[09:47:16] [47/456] ACHI
[09:47:17] [48/456] MRAA
[09:47:18] [49/456] INMH
[09:47:19] [50/456] ARMH
[09:47:20] 🔄 Identity reset
[09:47:20] 🔄 Identity rotated (every 10 requests)
[09:47:21] [51/456] DVRR
[09:47:21] [52/456] SUDA
[09:47:22] [53/456] MCSS
[09:47:23] [54/456] VRKC
[09:47:24] [55/456] PRCX
[09:47:25] [56/456] ASJY
[09:47:26] [57/456] MTHY
[09:47:27] [58/456] SRCM
[09:47:28] [59/456] TVHY
[09:47:29] [60/456] STHD
[09:47:29] 🔄 Identity reset
[09:47:29] 🔄 Identity rotated (every 10 requests)
[09:47:29] [61/456] CPCL
[09:47:31] [62/456] PSMJ
[09:47:32] [63/456] MRGT
[09:47:33] [64/456] ARYH
[09:47:34] [65/456] VTRB
[09:47:36] [66/456] SCHC
[09:47:36] [67/456] MRRG
[09:47:37] [68/456] SPCB
[09:47:38] [69/456] AMCM
[09:47:39] [70/456] IVNM
[09:47:40] 🔄 Identity reset
[09:47:40] 🔄 Identity rotated (every 10 requests)
[09:47:40] [71/456] TRHY
[09:47:41] [72/456] PTTH
[09:47:42] [73/456] RKMH
[09:47:43] [74/456] PRCS
[09:47:44] [75/456] VAJA
[09:47:45] [76/456] BJNG
[09:47:45] [77/456] SCVM
[09:47:47] [78/456] GNHB
[09:47:48] [79/456] TLUR
[09:47:49] [80/456] UKCC
[09:47:50] 🔄 Identity reset
[09:47:50] 🔄 Identity rotated (every 10 requests)
[09:47:50] [81/456] SRKR
[09:47:52] [82/456] RMKN
[09:47:53] [83/456] SLRT
[09:47:54] [84/456] LKMT
[09:47:55] [85/456] SSRJ
[09:47:56] [86/456] SPHT
[09:47:57] [87/456] ANTT
[09:47:57] [88/456] SRCH
[09:47:58] [89/456] SRCA
[09:47:59] [90/456] ARTH
[09:48:00] 🔄 Identity reset
[09:48:00] 🔄 Identity rotated (every 10 requests)
[09:48:00] [91/456] MCBH
[09:48:01] [92/456] SNIB
[09:48:02] [93/456] SART
[09:48:03] [94/456] SKTA
[09:48:04] [95/456] YAKT
[09:48:05] [96/456] MLCK
[09:48:06] [97/456] ANTS
[09:48:07] [98/456] DGCA
[09:48:07] [99/456] SGMP
[09:48:09] [100/456] ASWN
[09:48:10] 🔄 Identity reset
[09:48:10] 🔄 Identity rotated (every 10 requests)
[09:48:11] [101/456] KFVU
[09:48:12] [102/456] POOR
[09:48:13] [103/456] GKDN
[09:48:13] [104/456] EOSE
[09:48:14] [105/456] GTTT
[09:48:15] [106/456] ARRO
[09:48:17] [107/456] CMMK
[09:48:18] [108/456] MSCN
[09:48:19] [109/456] GDKH
[09:48:20] [110/456] DLMT
[09:48:20] 🔄 Identity reset
[09:48:20] 🔄 Identity rotated (every 10 requests)
[09:48:21] [111/456] PVMF
[09:48:22] [112/456] CPCK
[09:48:22] [113/456] VMHE
[09:48:23] [114/456] PVLC
[09:48:24] [115/456] PCVB
[09:48:25] [116/456] SNYK
[09:48:26] [117/456] KTEK
[09:48:27] [118/456] PCNM
[09:48:28] [119/456] NTTR
[09:48:29] [120/456] CPSK
[09:48:29] 🔄 Identity reset
[09:48:29] 🔄 Identity rotated (every 10 requests)
[09:48:30] [121/456] JMMA
[09:48:31] [122/456] GCFK
[09:48:32] [123/456] MYCA
[09:48:33] [124/456] KSNP
[09:48:34] [125/456] PMCE
[09:48:35] [126/456] SCKI
[09:48:36] [127/456] FSMA
[09:48:37] [128/456] CETA
[09:48:38] [129/456] MCIK
[09:48:39] [130/456] MYCR
[09:48:39] 🔄 Identity reset
[09:48:39] 🔄 Identity rotated (every 10 requests)
[09:48:40] [131/456] EVMP
[09:48:41] [132/456] SSGT
[09:48:43] [133/456] KCTK
[09:48:44] [134/456] ZTKC
[09:48:45] [135/456] MMTA
[09:48:46] [136/456] MAJT
[09:48:47] [137/456] ACPK
[09:48:47] [138/456] JMAX
[09:48:48] [139/456] SETK
[09:48:49] [140/456] CAIS
[09:48:50] 🔄 Identity reset
[09:48:50] 🔄 Identity rotated (every 10 requests)
[09:48:50] [141/456] AGCD
[09:48:51] [142/456] URCL
[09:48:52] [143/456] VTDS
[09:48:53] [144/456] JCNM
[09:48:54] [145/456] KCAM
[09:48:55] [146/456] ADCU
[09:48:56] [147/456] GXYN
[09:48:57] [148/456] SMJG
[09:48:57] [149/456] EYCJ
[09:48:58] [150/456] CCEJ
[09:48:59] 🔄 Identity reset
[09:48:59] 🔄 Identity rotated (every 10 requests)
[09:48:59] [151/456] MARS
[09:49:01] [152/456] CPVJ
[09:49:02] [153/456] INVP
[09:49:03] [154/456] CPOV
[09:49:04] [155/456] VIJK
[09:49:05] [156/456] LAIM
[09:49:06] [157/456] STHV
[09:49:07] [158/456] SVLJ
[09:49:07] [159/456] ATVJ
[09:49:08] [160/456] JTSC
[09:49:09] 🔄 Identity reset
[09:49:09] 🔄 Identity rotated (every 10 requests)
[09:49:09] [161/456] RMTV
[09:49:10] [162/456] MGGG
[09:49:11] [163/456] SWTH
[09:49:12] [164/456] INVJ
[09:49:13] [165/456] PRSV
[09:49:14] [166/456] JATV
[09:49:15] [167/456] RCVD
[09:49:16] [168/456] BDMA
[09:49:18] [169/456] BLJI
[09:49:19] [170/456] SWOT
[09:49:19] 🔄 Identity reset
[09:49:19] 🔄 Identity rotated (every 10 requests)
[09:49:20] [171/456] SWRN
[09:49:21] [172/456] TVRA
[09:49:22] [173/456] NVRN
[09:49:23] [174/456] SIKC
[09:49:24] [175/456] VAKR
[09:49:25] [176/456] SYLN
[09:49:26] [177/456] KLJL
[09:49:27] [178/456] LKMY
[09:49:28] [179/456] VSLY
[09:49:29] [180/456] CIKO
[09:49:29] 🔄 Identity reset
[09:49:29] 🔄 Identity rotated (every 10 requests)
[09:49:30] [181/456] GPBG
[09:49:32] [182/456] CECM
[09:49:33] [183/456] SLKB
[09:49:33] [184/456] MTBO
[09:49:35] [185/456] SSHB
[09:49:36] [186/456] VPCS
[09:49:37] [187/456] RCSR
[09:49:38] [188/456] RJRM
[09:49:39] [189/456] KPPB
[09:49:40] [190/456] SEDC
[09:49:41] 🔄 Identity reset
[09:49:41] 🔄 Identity rotated (every 10 requests)
[09:49:41] [191/456] SCAI
[09:49:42] [192/456] RMTR
[09:49:43] [193/456] ASST
[09:49:44] [194/456] GCAK
[09:49:44] [195/456] ANNK
[09:49:45] [196/456] KDDF
[09:49:46] [197/456] NRDP
[09:49:47] [198/456] PLAK
[09:49:48] [199/456] GCMC
[09:49:49] [200/456] ALPY
[09:49:50] 🔄 Identity reset
[09:49:50] 🔄 Identity rotated (every 10 requests)
[09:49:50] [201/456] SICE
[09:49:51] [202/456] SISR
[09:49:52] [203/456] SRPZ
[09:49:53] [204/456] SRSW
[09:49:54] [205/456] SUYA
[09:49:54] [206/456] AMMT
[09:49:55] [207/456] BHCU
[09:49:56] [208/456] KLPA
[09:49:57] [209/456] NVKH
[09:49:58] [210/456] JMRC
[09:49:59] 🔄 Identity reset
[09:49:59] 🔄 Identity rotated (every 10 requests)
[09:49:59] [211/456] KTTT
[09:50:00] [212/456] MAGH
[09:50:01] [213/456] MMMX
[09:50:02] [214/456] SALJ
[09:50:03] [215/456] GTJA
[09:50:04] [216/456] MAHT
[09:50:05] [217/456] SSNN
[09:50:05] [218/456] ARRP
[09:50:06] [219/456] ATNS
[09:50:08] [220/456] SKDT
[09:50:09] 🔄 Identity reset
[09:50:09] 🔄 Identity rotated (every 10 requests)
[09:50:09] [221/456] ACAT
[09:50:10] [222/456] APRC
[09:50:11] [223/456] SWAG
[09:50:12] [224/456] SDPT
[09:50:12] [225/456] STPS
[09:50:13] [226/456] WWCZ
[09:50:14] [227/456] LLCH
[09:50:15] [228/456] MZHA
[09:50:16] [229/456] CRJG
[09:50:17] [230/456] JGTK
[09:50:18] 🔄 Identity reset
[09:50:18] 🔄 Identity rotated (every 10 requests)
[09:50:18] [231/456] KCSR
[09:50:19] [232/456] CHTL
[09:50:20] [233/456] EDSR
[09:50:21] [234/456] CSWO
[09:50:22] [235/456] CPVM
[09:50:23] [236/456] MXBY
[09:50:24] [237/456] FMMA
[09:50:24] [238/456] POVI
[09:50:25] [239/456] MTHB
[09:50:26] [240/456] INRC
[09:50:27] 🔄 Identity reset
[09:50:27] 🔄 Identity rotated (every 10 requests)
[09:50:27] [241/456] PIPP
[09:50:28] [242/456] BMXC
[09:50:29] [243/456] PCMM
[09:50:30] [244/456] PMKM
[09:50:31] [245/456] GATY
[09:50:32] [246/456] IMCM
[09:50:33] [247/456] POPE
[09:50:33] [248/456] MTCR
[09:50:34] [249/456] PVAE
[09:50:35] [250/456] PVMI
[09:50:36] 🔄 Identity reset
[09:50:36] 🔄 Identity rotated (every 10 requests)
[09:50:37] [251/456] CPNM
[09:50:38] [252/456] FMRL
[09:50:39] [253/456] MCIW
[09:50:40] [254/456] MXBO
[09:50:41] [255/456] FMKY
[09:50:42] [256/456] FMDA
[09:50:43] [257/456] THAB
[09:50:45] [258/456] PRCW
[09:50:46] [259/456] PITI
[09:50:47] [260/456] MCFF
[09:50:48] 🔄 Identity reset
[09:50:48] 🔄 Identity rotated (every 10 requests)
[09:50:49] [261/456] PDDV
[09:50:50] [262/456] MCRM
[09:50:51] [263/456] KKMB
[09:50:52] [264/456] INKO
[09:50:52] [265/456] PLXP
[09:50:53] [266/456] MMHA
[09:50:54] [267/456] FMVS
[09:50:55] [268/456] POLM
[09:50:56] [269/456] STER
[09:50:57] [270/456] PVWJ
[09:50:57] 🔄 Identity reset
[09:50:57] 🔄 Identity rotated (every 10 requests)
[09:50:58] [271/456] IMJW
[09:50:59] [272/456] FNAN
[09:51:00] [273/456] CAGL
[09:51:01] [274/456] IPBG
[09:51:02] [275/456] SMFV
[09:51:03] [276/456] MMMR
[09:51:04] [277/456] MMWM
[09:51:04] [278/456] FNCM
[09:51:05] [279/456] MDVA
[09:51:06] [280/456] MMET
[09:51:07] 🔄 Identity reset
[09:51:07] 🔄 Identity rotated (every 10 requests)
[09:51:07] [281/456] MIDO
[09:51:08] [282/456] INNP
[09:51:09] [283/456] MIFU
[09:51:11] [284/456] MMSZ
[09:51:11] [285/456] BMXA
[09:51:12] [286/456] MCAA
[09:51:13] [287/456] SCVP
[09:51:14] [288/456] PLUS
[09:51:15] [289/456] MUCK
[09:51:16] [290/456] MTMA
[09:51:16] 🔄 Identity reset
[09:51:16] 🔄 Identity rotated (every 10 requests)
[09:51:17] [291/456] HPVR
[09:51:18] [292/456] PMPK
[09:51:19] [293/456] MAJB
[09:51:20] [294/456] CTRR
[09:51:21] [295/456] MCTG
[09:51:23] [296/456] MACE
[09:51:25] [297/456] AAAS
[09:51:25] [298/456] CPVV
[09:51:26] [299/456] RCHG
[09:51:27] [300/456] MCNE
[09:51:28] 🔄 Identity reset
[09:51:28] 🔄 Identity rotated (every 10 requests)
[09:51:28] [301/456] EMNC
[09:51:29] [302/456] MCAN
[09:51:30] [303/456] TCDM
[09:51:32] [304/456] IRGT
[09:51:33] [305/456] GCMG
[09:51:34] [306/456] MXSN
[09:51:35] [307/456] MXCK
[09:51:35] [308/456] MCRC
[09:51:36] [309/456] RSMI
[09:51:37] [310/456] WAML
[09:51:38] 🔄 Identity reset
[09:51:38] 🔄 Identity rotated (every 10 requests)
[09:51:38] [311/456] MTSC
[09:51:39] [312/456] FMDR
[09:51:40] [313/456] LEPV
[09:51:41] [314/456] MTGD
[09:51:42] [315/456] IMOB
[09:51:43] [316/456] CLMM
[09:51:44] [317/456] PZCD
[09:51:45] [318/456] GOCS
[09:51:46] [319/456] KCMA
[09:51:46] [320/456] CCMP
[09:51:47] 🔄 Identity reset
[09:51:47] 🔄 Identity rotated (every 10 requests)
[09:51:47] [321/456] MTSU
[09:51:49] [322/456] SNGL
[09:51:50] [323/456] MMMC
[09:51:51] [324/456] MMAA
[09:51:51] [325/456] GCDM
[09:51:52] [326/456] KTMV
[09:51:53] [327/456] AETE
[09:51:54] [328/456] OMCS
[09:51:55] [329/456] GDCD
[09:51:56] [330/456] NYMD
[09:51:57] 🔄 Identity reset
[09:51:57] 🔄 Identity rotated (every 10 requests)
[09:51:57] [331/456] RNCV
[09:51:58] [332/456] KKMT
[09:51:59] [333/456] GDTH
[09:52:00] [334/456] KMMV
[09:52:01] [335/456] NHCG
[09:52:02] [336/456] PJDW
[09:52:02] [337/456] MMCV
[09:52:03] [338/456] FQSA
[09:52:04] [339/456] KURL
[09:52:05] [340/456] NNNX
[09:52:06] 🔄 Identity reset
[09:52:06] 🔄 Identity rotated (every 10 requests)
[09:52:06] [341/456] AMAU
[09:52:07] [342/456] VVVM
[09:52:08] [343/456] VECU
[09:52:09] [344/456] WCVR
[09:52:10] [345/456] MTGG
[09:52:10] [346/456] SGTG
[09:52:11] [347/456] MNTG
[09:52:12] [348/456] JDDG
[09:52:13] [349/456] MBTK
[09:52:14] [350/456] SGCD
[09:52:14] 🔄 Identity reset
[09:52:14] 🔄 Identity rotated (every 10 requests)
[09:52:15] [351/456] MCTC
[09:52:15] [352/456] JTPC
[09:52:16] [353/456] SDKT
[09:52:18] [354/456] KRCC
[09:52:19] [355/456] RMMD
[09:52:19] [356/456] AAME
[09:52:20] [357/456] TMWC
[09:52:21] [358/456] NRWY
[09:52:22] [359/456] CITD
[09:52:23] [360/456] VERD
[09:52:24] 🔄 Identity reset
[09:52:24] 🔄 Identity rotated (every 10 requests)
[09:52:24] [361/456] MKSK
[09:52:25] [362/456] STSM
[09:52:26] [363/456] MJDG
[09:52:27] [364/456] RKPM
[09:52:28] [365/456] SSCE
[09:52:29] [366/456] VMAE
[09:52:30] [367/456] SBRU
[09:52:31] [368/456] AMBC
[09:52:32] [369/456] AMLU
[09:52:33] [370/456] INVZ
[09:52:33] 🔄 Identity reset
[09:52:33] 🔄 Identity rotated (every 10 requests)
[09:52:34] [371/456] LGTV
[09:52:34] [372/456] SVAD
[09:52:35] [373/456] SMSA
[09:52:36] [374/456] SPCZ
[09:52:37] [375/456] GTCX
[09:52:38] [376/456] SCSL
[09:52:39] [377/456] SAHU
[09:52:41] [378/456] NCDA
[09:52:42] [379/456] SCCG
[09:52:43] [380/456] VKTL
[09:52:43] 🔄 Identity reset
[09:52:43] 🔄 Identity rotated (every 10 requests)
[09:52:44] [381/456] PUUJ
[09:52:45] [382/456] STEJ
[09:52:46] [383/456] RJAL
[09:52:47] [384/456] ACJC
[09:52:48] [385/456] ARVB
[09:52:49] [386/456] AUBB
[09:52:49] [387/456] GDBR
[09:52:50] [388/456] PVND
[09:52:51] [389/456] BGRJ
[09:52:52] [390/456] RJMM
[09:52:53] 🔄 Identity reset
[09:52:53] 🔄 Identity rotated (every 10 requests)
[09:52:53] [391/456] MCSA
[09:52:54] [392/456] BODA
[09:52:55] [393/456] JAGG
[09:52:56] [394/456] SCGA
[09:52:57] [395/456] LRCM
[09:52:58] [396/456] CPCN
[09:52:59] [397/456] SSTF
[09:53:00] [398/456] SRXP
[09:53:01] [399/456] CNFX
[09:53:02] [400/456] ANDI
[09:53:02] 🔄 Identity reset
[09:53:02] 🔄 Identity rotated (every 10 requests)
[09:53:03] [401/456] SYEW
[09:53:04] [402/456] RCRE
[09:53:05] [403/456] SCRW
[09:53:06] [404/456] MBKR
[09:53:08] [405/456] ASNT
[09:53:08] [406/456] JTMT
[09:53:10] [407/456] SHAY
[09:53:11] [408/456] VRTH
[09:53:11] [409/456] SPTI
[09:53:12] [410/456] DPTD
[09:53:13] 🔄 Identity reset
[09:53:13] 🔄 Identity rotated (every 10 requests)
[09:53:13] [411/456] TGSN
[09:53:14] [412/456] RCWV
[09:53:15] [413/456] OCUR
[09:53:16] [414/456] KSTC
[09:53:17] [415/456] SANI
[09:53:18] [416/456] MLCA
[09:53:19] [417/456] EGCA
[09:53:20] [418/456] SYSN
[09:53:21] [419/456] PKTA
[09:53:22] [420/456] PRCC
[09:53:23] 🔄 Identity reset
[09:53:23] 🔄 Identity rotated (every 10 requests)
[09:53:23] [421/456] KSTR
[09:53:25] [422/456] SNTP
[09:53:26] [423/456] RCHA
[09:53:27] [424/456] SEEA
[09:53:28] [425/456] ALAT
[09:53:28] [426/456] AATV
[09:53:29] [427/456] RJTE
[09:53:30] [428/456] AAPP
[09:53:31] [429/456] PMMH
[09:53:33] [430/456] INRJ
[09:53:34] 🔄 Identity reset
[09:53:34] 🔄 Identity rotated (every 10 requests)
[09:53:34] [431/456] SARB
[09:53:35] [432/456] PCJL
[09:53:36] [433/456] PFJJ
[09:53:37] [434/456] GRDC
[09:53:38] [435/456] BCBA
[09:53:39] [436/456] VIXL
[09:53:40] [437/456] CSTL
[09:53:41] [438/456] MTDK
[09:53:42] [439/456] TDAC
[09:53:44] [440/456] GTDN
[09:53:44] 🔄 Identity reset
[09:53:44] 🔄 Identity rotated (every 10 requests)
[09:53:45] [441/456] TTDE
[09:53:46] [442/456] ASTS
[09:53:47] [443/456] CPNS
[09:53:48] [444/456] PVVW
[09:53:49] [445/456] USEB
[09:53:50] [446/456] DTYN
[09:53:51] [447/456] PVLE
[09:53:52] [448/456] CIPS
[09:53:53] [449/456] PAEG
[09:53:55] [450/456] PTCW
[09:53:55] 🔄 Identity reset
[09:53:55] 🔄 Identity rotated (every 10 requests)
[09:53:56] [451/456] G3SR
[09:53:57] [452/456] PGND
[09:53:58] [453/456] INVM
[09:53:58] [454/456] SPIA
[09:54:00] [455/456] PCSN
[09:54:01] [456/456] PPGV
[09:54:02] 🧹 Deduping shows
[09:54:02] ✅ DONE | Shows=428 | Movies=45
[20:17:58] 🚀 SCRIPT STARTED (enhanced anti‑detection)
[20:17:58] [1/456] FNDB
[20:17:58] 🧠 New identity created
[20:17:59] [2/456] AMBH
[20:18:00] [3/456] PRHN
[20:18:01] [4/456] ACPM
[20:18:01] [5/456] PVFS
[20:18:02] [6/456] AACN
[20:18:03] [7/456] ACAS
[20:18:04] [8/456] CTNR
[20:18:05] [9/456] MMAH
[20:18:06] [10/456] CPMH
[20:18:07] 🔄 Identity reset
[20:18:07] 🔄 Identity rotated (every 10 requests)
[20:18:08] [11/456] IGMH
[20:18:09] [12/456] ABCS
[20:18:10] [13/456] CMMA
[20:18:11] [14/456] GPRH
[20:18:12] [15/456] PNNG
[20:18:13] [16/456] AMCA
[20:18:14] [17/456] ISTN
[20:18:15] [18/456] PIIC
[20:18:16] [19/456] AHMH
[20:18:16] [20/456] ASHN
[20:18:17] 🔄 Identity reset
[20:18:17] 🔄 Identity rotated (every 10 requests)
[20:18:18] [21/456] INHY
[20:18:19] [22/456] SRMO
[20:18:20] [23/456] PIMH
[20:18:21] [24/456] PVTS
[20:18:22] [25/456] MMCA
[20:18:23] [26/456] AKYJ
[20:18:24] [27/456] BRKH
[20:18:25] [28/456] MAHM
[20:18:26] [29/456] CPHY
[20:18:27] [30/456] PVTP
[20:18:28] 🔄 Identity reset
[20:18:28] 🔄 Identity rotated (every 10 requests)
[20:18:28] [31/456] SMMR
[20:18:29] [32/456] PVHM
[20:18:30] [33/456] SNDY
[20:18:31] [34/456] GOKU
[20:18:32] [35/456] ACEV
[20:18:33] [36/456] PVUM
[20:18:34] [37/456] VSWA
[20:18:34] [38/456] IPRS
[20:18:35] [39/456] BKMV
[20:18:36] [40/456] PVYH
[20:18:37] 🔄 Identity reset
[20:18:37] 🔄 Identity rotated (every 10 requests)
[20:18:37] [41/456] INKM
[20:18:38] [42/456] ARJU
[20:18:39] [43/456] JJPP
[20:18:40] [44/456] SSRM
[20:18:41] [45/456] HMHD
[20:18:42] [46/456] SNKH
[20:18:43] [47/456] ACHI
[20:18:44] [48/456] MRAA
[20:18:45] [49/456] INMH
[20:18:46] [50/456] ARMH
[20:18:47] 🔄 Identity reset
[20:18:47] 🔄 Identity rotated (every 10 requests)
[20:18:47] [51/456] DVRR
[20:18:48] [52/456] SUDA
[20:18:49] [53/456] MCSS
[20:18:50] [54/456] VRKC
[20:18:51] [55/456] PRCX
[20:18:52] [56/456] ASJY
[20:18:53] [57/456] MTHY
[20:18:54] [58/456] SRCM
[20:18:55] [59/456] TVHY
[20:18:56] [60/456] STHD
[20:18:57] 🔄 Identity reset
[20:18:57] 🔄 Identity rotated (every 10 requests)
[20:18:57] [61/456] CPCL
[20:18:58] [62/456] PSMJ
[20:18:59] [63/456] MRGT
[20:19:00] [64/456] ARYH
[20:19:02] [65/456] VTRB
[20:19:03] [66/456] SCHC
[20:19:03] [67/456] MRRG
[20:19:05] [68/456] SPCB
[20:19:06] [69/456] AMCM
[20:19:07] [70/456] IVNM
[20:19:08] 🔄 Identity reset
[20:19:08] 🔄 Identity rotated (every 10 requests)
[20:19:08] [71/456] TRHY
[20:19:09] [72/456] PTTH
[20:19:10] [73/456] RKMH
[20:19:11] [74/456] PRCS
[20:19:12] [75/456] VAJA
[20:19:13] [76/456] BJNG
[20:19:13] [77/456] SCVM
[20:19:14] [78/456] GNHB
[20:19:15] [79/456] TLUR
[20:19:16] [80/456] UKCC
[20:19:16] 🔄 Identity reset
[20:19:16] 🔄 Identity rotated (every 10 requests)
[20:19:17] [81/456] SRKR
[20:19:18] [82/456] RMKN
[20:19:19] [83/456] SLRT
[20:19:19] [84/456] LKMT
[20:19:20] [85/456] SSRJ
[20:19:21] [86/456] SPHT
[20:19:22] [87/456] ANTT
[20:19:23] [88/456] SRCH
[20:19:24] [89/456] SRCA
[20:19:25] [90/456] ARTH
[20:19:25] 🔄 Identity reset
[20:19:25] 🔄 Identity rotated (every 10 requests)
[20:19:27] [91/456] MCBH
[20:19:28] [92/456] SNIB
[20:19:29] [93/456] SART
[20:19:30] [94/456] SKTA
[20:19:31] [95/456] YAKT
[20:19:31] [96/456] MLCK
[20:19:32] [97/456] ANTS
[20:19:33] [98/456] DGCA
[20:19:34] [99/456] SGMP
[20:19:35] [100/456] ASWN
[20:19:36] 🔄 Identity reset
[20:19:36] 🔄 Identity rotated (every 10 requests)
[20:19:36] [101/456] KFVU
[20:19:37] [102/456] POOR
[20:19:38] [103/456] GKDN
[20:19:39] [104/456] EOSE
[20:19:40] [105/456] GTTT
[20:19:41] [106/456] ARRO
[20:19:43] [107/456] CMMK
[20:19:43] [108/456] MSCN
[20:19:44] [109/456] GDKH
[20:19:45] [110/456] DLMT
[20:19:46] 🔄 Identity reset
[20:19:46] 🔄 Identity rotated (every 10 requests)
[20:19:46] [111/456] PVMF
[20:19:47] [112/456] CPCK
[20:19:48] [113/456] VMHE
[20:19:49] [114/456] PVLC
[20:19:50] [115/456] PCVB
[20:19:51] [116/456] SNYK
[20:19:52] [117/456] KTEK
[20:19:53] [118/456] PCNM
[20:19:54] [119/456] NTTR
[20:19:54] [120/456] CPSK
[20:19:55] 🔄 Identity reset
[20:19:55] 🔄 Identity rotated (every 10 requests)
[20:19:56] [121/456] JMMA
[20:19:56] [122/456] GCFK
[20:19:57] [123/456] MYCA
[20:19:58] [124/456] KSNP
[20:19:59] [125/456] PMCE
[20:20:00] [126/456] SCKI
[20:20:01] [127/456] FSMA
[20:20:02] [128/456] CETA
[20:20:03] [129/456] MCIK
[20:20:04] [130/456] MYCR
[20:20:05] 🔄 Identity reset
[20:20:05] 🔄 Identity rotated (every 10 requests)
[20:20:05] [131/456] EVMP
[20:20:06] [132/456] SSGT
[20:20:08] [133/456] KCTK
[20:20:08] [134/456] ZTKC
[20:20:09] [135/456] MMTA
[20:20:10] [136/456] MAJT
[20:20:11] [137/456] ACPK
[20:20:12] [138/456] JMAX
[20:20:13] [139/456] SETK
[20:20:14] [140/456] CAIS
[20:20:15] 🔄 Identity reset
[20:20:15] 🔄 Identity rotated (every 10 requests)
[20:20:15] [141/456] AGCD
[20:20:16] [142/456] URCL
[20:20:17] [143/456] VTDS
[20:20:18] [144/456] JCNM
[20:20:19] [145/456] KCAM
[20:20:20] [146/456] ADCU
[20:20:21] [147/456] GXYN
[20:20:22] [148/456] SMJG
[20:20:24] [149/456] EYCJ
[20:20:25] [150/456] CCEJ
[20:20:25] 🔄 Identity reset
[20:20:25] 🔄 Identity rotated (every 10 requests)
[20:20:26] [151/456] MARS
[20:20:27] [152/456] CPVJ
[20:20:28] [153/456] INVP
[20:20:29] [154/456] CPOV
[20:20:30] [155/456] VIJK
[20:20:31] [156/456] LAIM
[20:20:32] [157/456] STHV
[20:20:32] [158/456] SVLJ
[20:20:33] [159/456] ATVJ
[20:20:34] [160/456] JTSC
[20:20:35] 🔄 Identity reset
[20:20:35] 🔄 Identity rotated (every 10 requests)
[20:20:35] [161/456] RMTV
[20:20:36] [162/456] MGGG
[20:20:37] [163/456] SWTH
[20:20:38] [164/456] INVJ
[20:20:39] [165/456] PRSV
[20:20:40] [166/456] JATV
[20:20:41] [167/456] RCVD
[20:20:41] [168/456] BDMA
[20:20:42] [169/456] BLJI
[20:20:43] [170/456] SWOT
[20:20:44] 🔄 Identity reset
[20:20:44] 🔄 Identity rotated (every 10 requests)
[20:20:45] [171/456] SWRN
[20:20:47] [172/456] TVRA
[20:20:48] [173/456] NVRN
[20:20:49] [174/456] SIKC
[20:20:50] [175/456] VAKR
[20:20:51] [176/456] SYLN
[20:20:52] [177/456] KLJL
[20:20:53] [178/456] LKMY
[20:20:54] [179/456] VSLY
[20:20:55] [180/456] CIKO
[20:20:55] 🔄 Identity reset
[20:20:55] 🔄 Identity rotated (every 10 requests)
[20:20:56] [181/456] GPBG
[20:20:57] [182/456] CECM
[20:20:59] [183/456] SLKB
[20:21:00] [184/456] MTBO
[20:21:01] [185/456] SSHB
[20:21:01] [186/456] VPCS
[20:21:02] [187/456] RCSR
[20:21:03] [188/456] RJRM
[20:21:05] [189/456] KPPB
[20:21:06] [190/456] SEDC
[20:21:07] 🔄 Identity reset
[20:21:07] 🔄 Identity rotated (every 10 requests)
[20:21:07] [191/456] SCAI
[20:21:08] [192/456] RMTR
[20:21:09] [193/456] ASST
[20:21:10] [194/456] GCAK
[20:21:11] [195/456] ANNK
[20:21:12] [196/456] KDDF
[20:21:13] [197/456] NRDP
[20:21:14] [198/456] PLAK
[20:21:15] [199/456] GCMC
[20:21:15] [200/456] ALPY
[20:21:16] 🔄 Identity reset
[20:21:16] 🔄 Identity rotated (every 10 requests)
[20:21:16] [201/456] SICE
[20:21:18] [202/456] SISR
[20:21:19] [203/456] SRPZ
[20:21:20] [204/456] SRSW
[20:21:21] [205/456] SUYA
[20:21:22] [206/456] AMMT
[20:21:23] [207/456] BHCU
[20:21:24] [208/456] KLPA
[20:21:25] [209/456] NVKH
[20:21:26] [210/456] JMRC
[20:21:27] 🔄 Identity reset
[20:21:27] 🔄 Identity rotated (every 10 requests)
[20:21:27] [211/456] KTTT
[20:21:28] [212/456] MAGH
[20:21:29] [213/456] MMMX
[20:21:30] [214/456] SALJ
[20:21:31] [215/456] GTJA
[20:21:32] [216/456] MAHT
[20:21:33] [217/456] SSNN
[20:21:34] [218/456] ARRP
[20:21:35] [219/456] ATNS
[20:21:36] [220/456] SKDT
[20:21:36] 🔄 Identity reset
[20:21:36] 🔄 Identity rotated (every 10 requests)
[20:21:37] [221/456] ACAT
[20:21:37] [222/456] APRC
[20:21:38] [223/456] SWAG
[20:21:39] [224/456] SDPT
[20:21:40] [225/456] STPS
[20:21:41] [226/456] WWCZ
[20:21:42] [227/456] LLCH
[20:21:43] [228/456] MZHA
[20:21:44] [229/456] CRJG
[20:21:45] [230/456] JGTK
[20:21:45] 🔄 Identity reset
[20:21:45] 🔄 Identity rotated (every 10 requests)
[20:21:46] [231/456] KCSR
[20:21:47] [232/456] CHTL
[20:21:47] [233/456] EDSR
[20:21:49] [234/456] CSWO
[20:21:50] [235/456] CPVM
[20:21:51] [236/456] MXBY
[20:21:52] [237/456] FMMA
[20:21:54] [238/456] POVI
[20:21:55] [239/456] MTHB
[20:21:55] [240/456] INRC
[20:21:56] 🔄 Identity reset
[20:21:56] 🔄 Identity rotated (every 10 requests)
[20:21:56] [241/456] PIPP
[20:21:57] [242/456] BMXC
[20:21:58] [243/456] PCMM
[20:21:59] [244/456] PMKM
[20:22:01] [245/456] GATY
[20:22:02] [246/456] IMCM
[20:22:03] [247/456] POPE
[20:22:04] [248/456] MTCR
[20:22:05] [249/456] PVAE
[20:22:06] [250/456] PVMI
[20:22:06] 🔄 Identity reset
[20:22:06] 🔄 Identity rotated (every 10 requests)
[20:22:07] [251/456] CPNM
[20:22:07] [252/456] FMRL
[20:22:08] [253/456] MCIW
[20:22:09] [254/456] MXBO
[20:22:10] [255/456] FMKY
[20:22:11] [256/456] FMDA
[20:22:12] [257/456] THAB
[20:22:13] [258/456] PRCW
[20:22:14] [259/456] PITI
[20:22:15] [260/456] MCFF
[20:22:15] 🔄 Identity reset
[20:22:15] 🔄 Identity rotated (every 10 requests)
[20:22:16] [261/456] PDDV
[20:22:17] [262/456] MCRM
[20:22:18] [263/456] KKMB
[20:22:19] [264/456] INKO
[20:22:20] [265/456] PLXP
[20:22:21] [266/456] MMHA
[20:22:22] [267/456] FMVS
[20:22:23] [268/456] POLM
[20:22:24] [269/456] STER
[20:22:25] [270/456] PVWJ
[20:22:25] 🔄 Identity reset
[20:22:25] 🔄 Identity rotated (every 10 requests)
[20:22:26] [271/456] IMJW
[20:22:27] [272/456] FNAN
[20:22:28] [273/456] CAGL
[20:22:28] [274/456] IPBG
[20:22:29] [275/456] SMFV
[20:22:30] [276/456] MMMR
[20:22:31] [277/456] MMWM
[20:22:32] [278/456] FNCM
[20:22:33] [279/456] MDVA
[20:22:34] [280/456] MMET
[20:22:35] 🔄 Identity reset
[20:22:35] 🔄 Identity rotated (every 10 requests)
[20:22:35] [281/456] MIDO
[20:22:36] [282/456] INNP
[20:22:37] [283/456] MIFU
[20:22:38] [284/456] MMSZ
[20:22:39] [285/456] BMXA
[20:22:40] [286/456] MCAA
[20:22:41] [287/456] SCVP
[20:22:42] [288/456] PLUS
[20:22:43] [289/456] MUCK
[20:22:44] [290/456] MTMA
[20:22:45] 🔄 Identity reset
[20:22:45] 🔄 Identity rotated (every 10 requests)
[20:22:45] [291/456] HPVR
[20:22:46] [292/456] PMPK
[20:22:47] [293/456] MAJB
[20:22:48] [294/456] CTRR
[20:22:49] [295/456] MCTG
[20:22:50] [296/456] MACE
[20:22:50] [297/456] AAAS
[20:22:52] [298/456] CPVV
[20:22:53] [299/456] RCHG
[20:22:54] [300/456] MCNE
[20:22:54] 🔄 Identity reset
[20:22:54] 🔄 Identity rotated (every 10 requests)
[20:22:55] [301/456] EMNC
[20:22:55] [302/456] MCAN
[20:22:56] [303/456] TCDM
[20:22:57] [304/456] IRGT
[20:22:59] [305/456] GCMG
[20:23:00] [306/456] MXSN
[20:23:00] [307/456] MXCK
[20:23:01] [308/456] MCRC
[20:23:03] [309/456] RSMI
[20:23:05] [310/456] WAML
[20:23:05] 🔄 Identity reset
[20:23:05] 🔄 Identity rotated (every 10 requests)
[20:23:05] [311/456] MTSC
[20:23:06] [312/456] FMDR
[20:23:08] [313/456] LEPV
[20:23:10] [314/456] MTGD
[20:23:10] [315/456] IMOB
[20:23:11] [316/456] CLMM
[20:23:12] [317/456] PZCD
[20:23:14] [318/456] GOCS
[20:23:16] [319/456] KCMA
[20:23:17] [320/456] CCMP
[20:23:17] 🔄 Identity reset
[20:23:17] 🔄 Identity rotated (every 10 requests)
[20:23:17] 🔄 Retry 1/5 for CCMP in 2.8s
[20:23:17] 🔄 Identity reset
[20:23:20] 🧠 New identity created
[20:23:20] 🔄 Retry 2/5 for CCMP in 4.9s
[20:23:20] 🔄 Identity reset
[20:23:25] 🧠 New identity created
[20:23:25] 🔄 Retry 3/5 for CCMP in 8.9s
[20:23:25] 🔄 Identity reset
[20:23:34] 🧠 New identity created
[20:23:35] [321/456] MTSU
[20:23:36] [322/456] SNGL
[20:23:37] [323/456] MMMC
[20:23:38] [324/456] MMAA
[20:23:39] [325/456] GCDM
[20:23:40] [326/456] KTMV
[20:23:41] [327/456] AETE
[20:23:41] 🔄 Identity reset
[20:23:41] 🔄 Identity rotated (every 10 requests)
[20:23:42] [328/456] OMCS
[20:23:43] [329/456] GDCD
[20:23:44] [330/456] NYMD
[20:23:44] [331/456] RNCV
[20:23:46] [332/456] KKMT
[20:23:46] [333/456] GDTH
[20:23:47] [334/456] KMMV
[20:23:49] [335/456] NHCG
[20:23:50] [336/456] PJDW
[20:23:51] [337/456] MMCV
[20:23:51] 🔄 Identity reset
[20:23:51] 🔄 Identity rotated (every 10 requests)
[20:23:52] [338/456] FQSA
[20:23:52] [339/456] KURL
[20:23:53] [340/456] NNNX
[20:23:55] [341/456] AMAU
[20:23:56] [342/456] VVVM
[20:23:57] [343/456] VECU
[20:23:58] [344/456] WCVR
[20:23:59] [345/456] MTGG
[20:24:00] [346/456] SGTG
[20:24:01] [347/456] MNTG
[20:24:01] 🔄 Identity reset
[20:24:01] 🔄 Identity rotated (every 10 requests)
[20:24:01] [348/456] JDDG
[20:24:02] [349/456] MBTK
[20:24:03] [350/456] SGCD
[20:24:04] [351/456] MCTC
[20:24:05] [352/456] JTPC
[20:24:06] [353/456] SDKT
[20:24:07] [354/456] KRCC
[20:24:08] [355/456] RMMD
[20:24:09] [356/456] AAME
[20:24:10] [357/456] TMWC
[20:24:11] 🔄 Identity reset
[20:24:11] 🔄 Identity rotated (every 10 requests)
[20:24:11] [358/456] NRWY
[20:24:12] [359/456] CITD
[20:24:14] [360/456] VERD
[20:24:15] [361/456] MKSK
[20:24:16] [362/456] STSM
[20:24:16] [363/456] MJDG
[20:24:17] [364/456] RKPM
[20:24:18] [365/456] SSCE
[20:24:19] [366/456] VMAE
[20:24:20] [367/456] SBRU
[20:24:20] 🔄 Identity reset
[20:24:21] 🔄 Identity rotated (every 10 requests)
[20:24:21] [368/456] AMBC
[20:24:22] [369/456] AMLU
[20:24:23] [370/456] INVZ
[20:24:23] [371/456] LGTV
[20:24:24] [372/456] SVAD
[20:24:25] [373/456] SMSA
[20:24:27] [374/456] SPCZ
[20:24:28] [375/456] GTCX
[20:24:29] [376/456] SCSL
[20:24:30] [377/456] SAHU
[20:24:31] 🔄 Identity reset
[20:24:31] 🔄 Identity rotated (every 10 requests)
[20:24:31] 🔄 Retry 1/5 for SAHU in 2.0s
[20:24:31] 🔄 Identity reset
[20:24:33] 🧠 New identity created
[20:24:33] [378/456] NCDA
[20:24:34] [379/456] SCCG
[20:24:35] [380/456] VKTL
[20:24:36] [381/456] PUUJ
[20:24:37] [382/456] STEJ
[20:24:38] [383/456] RJAL
[20:24:39] [384/456] ACJC
[20:24:40] [385/456] ARVB
[20:24:41] [386/456] AUBB
[20:24:41] 🔄 Identity reset
[20:24:41] 🔄 Identity rotated (every 10 requests)
[20:24:42] [387/456] GDBR
[20:24:43] [388/456] PVND
[20:24:44] [389/456] BGRJ
[20:24:45] [390/456] RJMM
[20:24:45] [391/456] MCSA
[20:24:46] [392/456] BODA
[20:24:47] [393/456] JAGG
[20:24:49] [394/456] SCGA
[20:24:50] [395/456] LRCM
[20:24:51] [396/456] CPCN
[20:24:51] 🔄 Identity reset
[20:24:51] 🔄 Identity rotated (every 10 requests)
[20:24:52] [397/456] SSTF
[20:24:53] [398/456] SRXP
[20:24:54] [399/456] CNFX
[20:24:55] [400/456] ANDI
[20:24:56] [401/456] SYEW
[20:24:57] [402/456] RCRE
[20:24:58] [403/456] SCRW
[20:24:59] [404/456] MBKR
[20:25:00] [405/456] ASNT
[20:25:01] [406/456] JTMT
[20:25:01] 🔄 Identity reset
[20:25:01] 🔄 Identity rotated (every 10 requests)
[20:25:02] [407/456] SHAY
[20:25:03] [408/456] VRTH
[20:25:03] [409/456] SPTI
[20:25:04] [410/456] DPTD
[20:25:05] [411/456] TGSN
[20:25:06] [412/456] RCWV
[20:25:07] [413/456] OCUR
[20:25:08] [414/456] KSTC
[20:25:09] [415/456] SANI
[20:25:11] [416/456] MLCA
[20:25:11] 🔄 Identity reset
[20:25:11] 🔄 Identity rotated (every 10 requests)
[20:25:12] [417/456] EGCA
[20:25:13] [418/456] SYSN
[20:25:14] [419/456] PKTA
[20:25:15] [420/456] PRCC
[20:25:16] [421/456] KSTR
[20:25:16] [422/456] SNTP
[20:25:17] [423/456] RCHA
[20:25:18] [424/456] SEEA
[20:25:19] [425/456] ALAT
[20:25:20] [426/456] AATV
[20:25:20] 🔄 Identity reset
[20:25:20] 🔄 Identity rotated (every 10 requests)
[20:25:21] [427/456] RJTE
[20:25:22] [428/456] AAPP
[20:25:23] [429/456] PMMH
[20:25:24] [430/456] INRJ
[20:25:25] [431/456] SARB
[20:25:26] [432/456] PCJL
[20:25:28] [433/456] PFJJ
[20:25:28] [434/456] GRDC
[20:25:29] [435/456] BCBA
[20:25:30] [436/456] VIXL
[20:25:31] 🔄 Identity reset
[20:25:31] 🔄 Identity rotated (every 10 requests)
[20:25:31] [437/456] CSTL
[20:25:32] [438/456] MTDK
[20:25:33] [439/456] TDAC
[20:25:34] [440/456] GTDN
[20:25:36] [441/456] TTDE
[20:25:37] [442/456] ASTS
[20:25:38] [443/456] CPNS
[20:25:39] [444/456] PVVW
[20:25:39] [445/456] USEB
[20:25:40] [446/456] DTYN
[20:25:41] 🔄 Identity reset
[20:25:41] 🔄 Identity rotated (every 10 requests)
[20:25:41] [447/456] PVLE
[20:25:42] [448/456] CIPS
[20:25:43] [449/456] PAEG
[20:25:44] [450/456] PTCW
[20:25:45] [451/456] G3SR
[20:25:46] [452/456] PGND
[20:25:47] [453/456] INVM
[20:25:48] [454/456] SPIA
[20:25:48] [455/456] PCSN
[20:25:49] [456/456] PPGV
[20:25:50] 🔄 Identity reset
[20:25:50] 🔄 Identity rotated (every 10 requests)
[20:25:50] 🧹 Deduping shows
[20:25:51] ✅ DONE | Shows=849 | Movies=58
