[09:46:27] 🚀 SCRIPT STARTED (enhanced anti‑detection)
[09:46:27] [1/326] VCHA
[09:46:28] 🧠 New identity created
[09:46:29] [2/326] SCKO
[09:46:30] [3/326] VKTK
[09:46:31] [4/326] DXEC
[09:46:31] [5/326] CDCA
[09:46:32] [6/326] VBCZ
[09:46:33] [7/326] MSDR
[09:46:34] [8/326] ACPV
[09:46:35] [9/326] PVHB
[09:46:36] [10/326] RCNH
[09:46:37] 🔄 Identity reset
[09:46:37] 🔄 Identity rotated (every 10 requests)
[09:46:37] [11/326] IOMH
[09:46:39] [12/326] ILKS
[09:46:40] [13/326] AMSN
[09:46:42] [14/326] ANTP
[09:46:43] [15/326] SSEK
[09:46:43] [16/326] PICP
[09:46:45] [17/326] SICO
[09:46:45] [18/326] SISP
[09:46:46] [19/326] SCPI
[09:46:48] [20/326] CRPR
[09:46:49] 🔄 Identity reset
[09:46:49] 🔄 Identity rotated (every 10 requests)
[09:46:49] [21/326] DCTW
[09:46:50] [22/326] DCSP
[09:46:51] [23/326] KRPM
[09:46:52] [24/326] THKK
[09:46:53] [25/326] SNMY
[09:46:54] [26/326] AKCC
[09:46:55] [27/326] PCAT
[09:46:55] [28/326] RFGO
[09:46:57] [29/326] GGCS
[09:46:58] [30/326] ACKR
[09:46:58] 🔄 Identity reset
[09:46:58] 🔄 Identity rotated (every 10 requests)
[09:46:59] [31/326] STDO
[09:46:59] [32/326] ACKB
[09:47:01] [33/326] ALUC
[09:47:02] [34/326] MNSR
[09:47:03] [35/326] CSSL
[09:47:04] [36/326] BGGM
[09:47:05] [37/326] MANT
[09:47:06] [38/326] SOOY
[09:47:06] [39/326] VPPK
[09:47:07] [40/326] MYHJ
[09:47:08] 🔄 Identity reset
[09:47:08] 🔄 Identity rotated (every 10 requests)
[09:47:08] [41/326] KSCK
[09:47:09] [42/326] KATK
[09:47:10] [43/326] RTRT
[09:47:11] [44/326] SSTT
[09:47:12] [45/326] SSTV
[09:47:13] [46/326] LACM
[09:47:14] [47/326] SGMG
[09:47:15] [48/326] KACX
[09:47:16] [49/326] GVCP
[09:47:17] [50/326] CSNC
[09:47:17] 🔄 Identity reset
[09:47:17] 🔄 Identity rotated (every 10 requests)
[09:47:18] [51/326] SXCB
[09:47:19] [52/326] BAHS
[09:47:20] [53/326] PCBI
[09:47:21] [54/326] PSSM
[09:47:22] [55/326] RCOK
[09:47:23] [56/326] SCPF
[09:47:23] [57/326] SSAS
[09:47:24] [58/326] EVMM
[09:47:25] [59/326] SYCB
[09:47:26] [60/326] GCKI
[09:47:27] 🔄 Identity reset
[09:47:27] 🔄 Identity rotated (every 10 requests)
[09:47:27] [61/326] IAET
[09:47:28] [62/326] DDTD
[09:47:29] [63/326] GMDH
[09:47:30] [64/326] STLE
[09:47:31] [65/326] JTRA
[09:47:32] [66/326] RPPA
[09:47:33] [67/326] ARUT
[09:47:33] [68/326] JTVM
[09:47:34] [69/326] SWRH
[09:47:35] [70/326] DCPC
[09:47:36] 🔄 Identity reset
[09:47:36] 🔄 Identity rotated (every 10 requests)
[09:47:36] [71/326] RAPR
[09:47:37] [72/326] GCRT
[09:47:38] [73/326] ATUN
[09:47:39] [74/326] LTRM
[09:47:39] [75/326] TASR
[09:47:40] [76/326] RLLC
[09:47:42] [77/326] MABI
[09:47:43] [78/326] SVHB
[09:47:44] [79/326] NVTB
[09:47:45] [80/326] KCKG
[09:47:45] 🔄 Identity reset
[09:47:45] 🔄 Identity rotated (every 10 requests)
[09:47:46] [81/326] SSRN
[09:47:47] [82/326] VDDC
[09:47:48] [83/326] GKTK
[09:47:49] [84/326] YFSN
[09:47:49] [85/326] GCSG
[09:47:51] [86/326] ESSM
[09:47:52] [87/326] KRIH
[09:47:53] [88/326] GCDS
[09:47:54] [89/326] CCSH
[09:47:54] [90/326] ACSK
[09:47:55] 🔄 Identity reset
[09:47:55] 🔄 Identity rotated (every 10 requests)
[09:47:55] [91/326] APRK
[09:47:56] [92/326] ADKM
[09:47:57] [93/326] SRDM
[09:47:59] [94/326] SJMY
[09:48:00] [95/326] PGGC
[09:48:01] [96/326] INGM
[09:48:01] [97/326] LSCB
[09:48:02] [98/326] STAD
[09:48:03] [99/326] MCCR
[09:48:04] [100/326] ABCC
[09:48:05] 🔄 Identity reset
[09:48:05] 🔄 Identity rotated (every 10 requests)
[09:48:05] [101/326] RKCC
[09:48:06] [102/326] RTCR
[09:48:07] [103/326] GGBC
[09:48:08] [104/326] GCSD
[09:48:09] [105/326] LPTY
[09:48:10] [106/326] MCFD
[09:48:11] [107/326] HENN
[09:48:12] [108/326] SMKU
[09:48:13] [109/326] TNZC
[09:48:13] [110/326] DRCD
[09:48:14] 🔄 Identity reset
[09:48:14] 🔄 Identity rotated (every 10 requests)
[09:48:14] [111/326] DLCD
[09:48:15] [112/326] RCDA
[09:48:16] [113/326] COSM
[09:48:17] [114/326] MCMJ
[09:48:18] [115/326] CSTR
[09:48:19] [116/326] CVDK
[09:48:20] [117/326] INRR
[09:48:21] [118/326] RJRT
[09:48:22] [119/326] IRMR
[09:48:23] [120/326] SRCF
[09:48:24] 🔄 Identity reset
[09:48:24] 🔄 Identity rotated (every 10 requests)
[09:48:24] [121/326] GRCR
[09:48:25] [122/326] SURC
[09:48:26] [123/326] NMNH
[09:48:26] [124/326] SVBL
[09:48:27] [125/326] KACI
[09:48:28] [126/326] TDGO
[09:48:29] [127/326] KTBR
[09:48:30] [128/326] PMAD
[09:48:31] [129/326] CCPN
[09:48:32] [130/326] SBTK
[09:48:32] 🔄 Identity reset
[09:48:32] 🔄 Identity rotated (every 10 requests)
[09:48:33] [131/326] LMDK
[09:48:34] [132/326] PGDA
[09:48:35] [133/326] SRML
[09:48:36] [134/326] EVCK
[09:48:37] [135/326] RTTK
[09:48:38] [136/326] SRTU
[09:48:38] [137/326] VRSA
[09:48:39] [138/326] VARS
[09:48:40] [139/326] DSCZ
[09:48:41] [140/326] GAGA
[09:48:42] 🔄 Identity reset
[09:48:42] 🔄 Identity rotated (every 10 requests)
[09:48:42] [141/326] SARV
[09:48:43] [142/326] SEEG
[09:48:44] [143/326] GLCA
[09:48:45] [144/326] APAS
[09:48:46] [145/326] VCIA
[09:48:46] [146/326] SJTA
[09:48:48] [147/326] SABM
[09:48:48] [148/326] PPAG
[09:48:49] [149/326] RVCA
[09:48:50] [150/326] CCIA
[09:48:51] 🔄 Identity reset
[09:48:51] 🔄 Identity rotated (every 10 requests)
[09:48:51] [151/326] HTAG
[09:48:52] [152/326] SMBI
[09:48:53] [153/326] MCJR
[09:48:54] [154/326] CCJR
[09:48:55] [155/326] SINF
[09:48:57] [156/326] CPLX
[09:48:58] [157/326] KKTJ
[09:48:58] [158/326] GDBW
[09:48:59] [159/326] CSUB
[09:49:00] [160/326] DABA
[09:49:01] 🔄 Identity reset
[09:49:01] 🔄 Identity rotated (every 10 requests)
[09:49:01] [161/326] TITR
[09:49:02] [162/326] NYCR
[09:49:03] [163/326] RTRY
[09:49:03] [164/326] JTJL
[09:49:04] [165/326] SJCP
[09:49:05] [166/326] KCCA
[09:49:06] [167/326] MLPG
[09:49:07] [168/326] VRCK
[09:49:08] [169/326] SRIN
[09:49:09] [170/326] CXMK
[09:49:10] 🔄 Identity reset
[09:49:10] 🔄 Identity rotated (every 10 requests)
[09:49:10] [171/326] SKAD
[09:49:11] [172/326] AVTR
[09:49:12] [173/326] PTAJ
[09:49:13] [174/326] SCNK
[09:49:14] [175/326] STTI
[09:49:15] [176/326] KACR
[09:49:16] [177/326] SSDX
[09:49:17] [178/326] VRTJ
[09:49:18] [179/326] RAJD
[09:49:19] [180/326] SCIP
[09:49:20] 🔄 Identity reset
[09:49:20] 🔄 Identity rotated (every 10 requests)
[09:49:20] [181/326] RJSL
[09:49:21] [182/326] ARRS
[09:49:22] [183/326] ASMS
[09:49:23] [184/326] RDTS
[09:49:24] [185/326] DVMY
[09:49:25] [186/326] RASA
[09:49:26] [187/326] INOM
[09:49:26] [188/326] SPRS
[09:49:27] [189/326] SGCS
[09:49:28] [190/326] SALM
[09:49:29] 🔄 Identity reset
[09:49:29] 🔄 Identity rotated (every 10 requests)
[09:49:29] [191/326] PKHC
[09:49:30] [192/326] RCSV
[09:49:31] [193/326] CPKC
[09:49:32] [194/326] AACD
[09:49:33] [195/326] GGCV
[09:49:34] [196/326] SMKD
[09:49:35] [197/326] NBCH
[09:49:36] [198/326] AMCB
[09:49:37] [199/326] OPCN
[09:49:38] [200/326] DCIN
[09:49:39] 🔄 Identity reset
[09:49:39] 🔄 Identity rotated (every 10 requests)
[09:49:39] [201/326] INGW
[09:49:40] [202/326] PKKW
[09:49:41] [203/326] FNGW
[09:49:42] [204/326] GCGD
[09:49:43] [205/326] MSTW
[09:49:44] [206/326] KCCG
[09:49:45] [207/326] MRSS
[09:49:45] [208/326] CLCF
[09:49:46] [209/326] EETS
[09:49:47] [210/326] AATR
[09:49:48] 🔄 Identity reset
[09:49:48] 🔄 Identity rotated (every 10 requests)
[09:49:48] [211/326] CMMN
[09:49:50] [212/326] SCCJ
[09:49:51] [213/326] CDTK
[09:49:52] [214/326] AICP
[09:49:53] [215/326] FNBP
[09:49:54] [216/326] CBPB
[09:49:56] [217/326] CPAS
[09:49:56] [218/326] MAPM
[09:49:57] [219/326] PASD
[09:49:58] [220/326] JCMN
[09:49:59] 🔄 Identity reset
[09:49:59] 🔄 Identity rotated (every 10 requests)
[09:49:59] [221/326] MALB
[09:50:00] [222/326] SACG
[09:50:01] [223/326] DDRX
[09:50:01] [224/326] DDXB
[09:50:03] [225/326] RAMC
[09:50:04] [226/326] SANC
[09:50:05] [227/326] BCBP
[09:50:06] [228/326] ALPC
[09:50:07] [229/326] RBAC
[09:50:08] [230/326] RAJL
[09:50:08] 🔄 Identity reset
[09:50:08] 🔄 Identity rotated (every 10 requests)
[09:50:09] [231/326] MPDX
[09:50:10] [232/326] MUSC
[09:50:11] [233/326] VKMK
[09:50:12] [234/326] SKCG
[09:50:13] [235/326] ANCN
[09:50:14] [236/326] MMCJ
[09:50:15] [237/326] DCAK
[09:50:16] [238/326] SCKG
[09:50:17] [239/326] LMCK
[09:50:18] [240/326] CKKX
[09:50:19] 🔄 Identity reset
[09:50:19] 🔄 Identity rotated (every 10 requests)
[09:50:19] [241/326] ANKU
[09:50:20] [242/326] CSMD
[09:50:21] [243/326] MKMP
[09:50:22] [244/326] SVBG
[09:50:23] [245/326] ROOP
[09:50:24] [246/326] GDMT
[09:50:25] [247/326] FPPF
[09:50:26] [248/326] SFUU
[09:50:27] [249/326] ANCB
[09:50:28] [250/326] SMMC
[09:50:28] 🔄 Identity reset
[09:50:28] 🔄 Identity rotated (every 10 requests)
[09:50:29] [251/326] UGKT
[09:50:29] [252/326] JVRM
[09:50:30] [253/326] BATG
[09:50:31] [254/326] RATE
[09:50:32] [255/326] SKME
[09:50:33] [256/326] LMTP
[09:50:34] [257/326] TCBD
[09:50:35] [258/326] ESBD
[09:50:36] [259/326] GDCU
[09:50:37] [260/326] SNKT
[09:50:38] 🔄 Identity reset
[09:50:38] 🔄 Identity rotated (every 10 requests)
[09:50:38] [261/326] SRNK
[09:50:39] [262/326] SMED
[09:50:40] [263/326] CSQS
[09:50:41] [264/326] ALCS
[09:50:42] [265/326] KCKN
[09:50:43] [266/326] VCCL
[09:50:44] [267/326] MCDA
[09:50:45] [268/326] SHMI
[09:50:46] [269/326] SKHA
[09:50:46] [270/326] SVFK
[09:50:47] 🔄 Identity reset
[09:50:47] 🔄 Identity rotated (every 10 requests)
[09:50:47] [271/326] INVB
[09:50:48] [272/326] MELD
[09:50:49] [273/326] JTYS
[09:50:50] [274/326] INCM
[09:50:51] [275/326] MCDV
[09:50:52] [276/326] KSGK
[09:50:53] [277/326] ICMG
[09:50:54] [278/326] CSCV
[09:50:55] [279/326] STMD
[09:50:55] [280/326] STTR
[09:50:56] 🔄 Identity reset
[09:50:56] 🔄 Identity rotated (every 10 requests)
[09:50:56] [281/326] INVC
[09:50:57] [282/326] JTBL
[09:50:58] [283/326] SRVV
[09:50:59] [284/326] MAVC
[09:51:00] [285/326] SRPP
[09:51:01] [286/326] JGDM
[09:51:02] [287/326] MBSJ
[09:51:04] [288/326] SSLL
[09:51:04] [289/326] SLKP
[09:51:06] [290/326] NSRV
[09:51:06] 🔄 Identity reset
[09:51:06] 🔄 Identity rotated (every 10 requests)
[09:51:07] [291/326] UTDV
[09:51:07] [292/326] KICM
[09:51:08] [293/326] KCMD
[09:51:09] [294/326] TTPP
[09:51:10] [295/326] KMPV
[09:51:11] [296/326] SKTV
[09:51:13] [297/326] STCV
[09:51:14] [298/326] SRDA
[09:51:14] [299/326] JTSX
[09:51:15] [300/326] STBV
[09:51:16] 🔄 Identity reset
[09:51:16] 🔄 Identity rotated (every 10 requests)
[09:51:16] [301/326] APVZ
[09:51:17] [302/326] GSTV
[09:51:18] [303/326] NMVS
[09:51:19] [304/326] SKRT
[09:51:19] [305/326] RMDV
[09:51:20] [306/326] RATG
[09:51:21] [307/326] SJYV
[09:51:23] [308/326] NDGP
[09:51:24] [309/326] SNDG
[09:51:25] [310/326] INSR
[09:51:25] 🔄 Identity reset
[09:51:25] 🔄 Identity rotated (every 10 requests)
[09:51:26] [311/326] INSO
[09:51:27] [312/326] CCSI
[09:51:27] [313/326] RASM
[09:51:28] [314/326] NEWC
[09:51:29] [315/326] VSHL
[09:51:30] [316/326] BISW
[09:51:31] [317/326] GCNG
[09:51:32] [318/326] CWSC
[09:51:33] [319/326] SKAN
[09:51:33] [320/326] CCOA
[09:51:34] 🔄 Identity reset
[09:51:34] 🔄 Identity rotated (every 10 requests)
[09:51:34] [321/326] MCAJ
[09:51:35] [322/326] ACDE
[09:51:37] [323/326] AACM
[09:51:38] [324/326] JJCK
[09:51:39] [325/326] RCMO
[09:51:40] [326/326] GDAW
[09:51:41] 🧹 Deduping shows
[09:51:41] ✅ DONE | Shows=385 | Movies=39
