[09:43:24] 🚀 SCRIPT STARTED (enhanced anti‑detection)
[09:43:24] [1/456] FNDB
[09:43:24] 🧠 New identity created
[09:43:25] [2/456] AMBH
[09:43:26] [3/456] PRHN
[09:43:27] [4/456] ACPM
[09:43:28] [5/456] PVFS
[09:43:28] [6/456] AACN
[09:43:29] [7/456] ACAS
[09:43:30] [8/456] CTNR
[09:43:31] [9/456] MMAH
[09:43:32] [10/456] CPMH
[09:43:33] 🔄 Identity reset
[09:43:33] 🔄 Identity rotated (every 10 requests)
[09:43:33] [11/456] IGMH
[09:43:34] [12/456] ABCS
[09:43:35] [13/456] CMMA
[09:43:36] [14/456] GPRH
[09:43:37] [15/456] PNNG
[09:43:38] [16/456] AMCA
[09:43:39] [17/456] ISTN
[09:43:40] [18/456] PIIC
[09:43:42] [19/456] AHMH
[09:43:42] [20/456] ASHN
[09:43:43] 🔄 Identity reset
[09:43:43] 🔄 Identity rotated (every 10 requests)
[09:43:43] [21/456] INHY
[09:43:44] [22/456] SRMO
[09:43:45] [23/456] PIMH
[09:43:46] [24/456] PVTS
[09:43:47] [25/456] MMCA
[09:43:48] [26/456] AKYJ
[09:43:49] [27/456] BRKH
[09:43:50] [28/456] MAHM
[09:43:51] [29/456] CPHY
[09:43:51] [30/456] PVTP
[09:43:52] 🔄 Identity reset
[09:43:52] 🔄 Identity rotated (every 10 requests)
[09:43:52] [31/456] SMMR
[09:43:53] [32/456] PVHM
[09:43:54] [33/456] SNDY
[09:43:55] [34/456] GOKU
[09:43:56] [35/456] ACEV
[09:43:57] [36/456] PVUM
[09:43:58] [37/456] VSWA
[09:43:59] [38/456] IPRS
[09:44:00] [39/456] BKMV
[09:44:01] [40/456] PVYH
[09:44:01] 🔄 Identity reset
[09:44:01] 🔄 Identity rotated (every 10 requests)
[09:44:01] 🔄 Retry 1/5 for PVYH in 2.2s
[09:44:01] 🔄 Identity reset
[09:44:03] 🧠 New identity created
[09:44:04] [41/456] INKM
[09:44:05] [42/456] ARJU
[09:44:05] [43/456] JJPP
[09:44:06] [44/456] SSRM
[09:44:07] [45/456] HMHD
[09:44:08] [46/456] SNKH
[09:44:09] [47/456] ACHI
[09:44:09] [48/456] MRAA
[09:44:10] [49/456] INMH
[09:44:11] 🔄 Identity reset
[09:44:11] 🔄 Identity rotated (every 10 requests)
[09:44:11] 🔄 Retry 1/5 for INMH in 2.9s
[09:44:11] 🔄 Identity reset
[09:44:14] 🧠 New identity created
[09:44:14] [50/456] ARMH
[09:44:15] [51/456] DVRR
[09:44:16] [52/456] SUDA
[09:44:17] [53/456] MCSS
[09:44:18] [54/456] VRKC
[09:44:18] [55/456] PRCX
[09:44:19] [56/456] ASJY
[09:44:20] [57/456] MTHY
[09:44:22] [58/456] SRCM
[09:44:22] 🔄 Identity reset
[09:44:22] 🔄 Identity rotated (every 10 requests)
[09:44:22] 🔄 Retry 1/5 for SRCM in 2.1s
[09:44:22] 🔄 Identity reset
[09:44:24] 🧠 New identity created
[09:44:25] [59/456] TVHY
[09:44:26] [60/456] STHD
[09:44:26] [61/456] CPCL
[09:44:27] [62/456] PSMJ
[09:44:28] [63/456] MRGT
[09:44:29] [64/456] ARYH
[09:44:30] [65/456] VTRB
[09:44:31] [66/456] SCHC
[09:44:31] [67/456] MRRG
[09:44:32] 🔄 Identity reset
[09:44:32] 🔄 Identity rotated (every 10 requests)
[09:44:32] 🔄 Retry 1/5 for MRRG in 2.8s
[09:44:32] 🔄 Identity reset
[09:44:35] 🧠 New identity created
[09:44:35] [68/456] SPCB
[09:44:36] [69/456] AMCM
[09:44:37] [70/456] IVNM
[09:44:38] [71/456] TRHY
[09:44:39] [72/456] PTTH
[09:44:40] [73/456] RKMH
[09:44:41] [74/456] PRCS
[09:44:42] [75/456] VAJA
[09:44:42] [76/456] BJNG
[09:44:43] 🔄 Identity reset
[09:44:43] 🔄 Identity rotated (every 10 requests)
[09:44:43] [77/456] SCVM
[09:44:44] [78/456] GNHB
[09:44:45] [79/456] TLUR
[09:44:46] [80/456] UKCC
[09:44:47] [81/456] SRKR
[09:44:48] [82/456] RMKN
[09:44:49] [83/456] SLRT
[09:44:50] [84/456] LKMT
[09:44:51] [85/456] SSRJ
[09:44:52] [86/456] SPHT
[09:44:52] 🔄 Identity reset
[09:44:52] 🔄 Identity rotated (every 10 requests)
[09:44:52] [87/456] ANTT
[09:44:53] [88/456] SRCH
[09:44:55] [89/456] SRCA
[09:44:56] [90/456] ARTH
[09:44:57] [91/456] MCBH
[09:44:59] [92/456] SNIB
[09:45:00] [93/456] SART
[09:45:01] [94/456] SKTA
[09:45:02] [95/456] YAKT
[09:45:03] [96/456] MLCK
[09:45:04] 🔄 Identity reset
[09:45:04] 🔄 Identity rotated (every 10 requests)
[09:45:04] [97/456] ANTS
[09:45:05] [98/456] DGCA
[09:45:06] [99/456] SGMP
[09:45:07] [100/456] ASWN
[09:45:08] [101/456] KFVU
[09:45:09] [102/456] POOR
[09:45:10] [103/456] GKDN
[09:45:11] [104/456] EOSE
[09:45:12] [105/456] GTTT
[09:45:13] [106/456] ARRO
[09:45:14] 🔄 Identity reset
[09:45:14] 🔄 Identity rotated (every 10 requests)
[09:45:14] [107/456] CMMK
[09:45:15] [108/456] MSCN
[09:45:16] [109/456] GDKH
[09:45:16] [110/456] DLMT
[09:45:17] [111/456] PVMF
[09:45:18] [112/456] CPCK
[09:45:19] [113/456] VMHE
[09:45:20] [114/456] PVLC
[09:45:21] [115/456] PCVB
[09:45:22] [116/456] SNYK
[09:45:22] 🔄 Identity reset
[09:45:22] 🔄 Identity rotated (every 10 requests)
[09:45:23] [117/456] KTEK
[09:45:24] [118/456] PCNM
[09:45:24] [119/456] NTTR
[09:45:25] [120/456] CPSK
[09:45:26] [121/456] JMMA
[09:45:27] [122/456] GCFK
[09:45:28] [123/456] MYCA
[09:45:28] [124/456] KSNP
[09:45:29] [125/456] PMCE
[09:45:30] [126/456] SCKI
[09:45:31] 🔄 Identity reset
[09:45:31] 🔄 Identity rotated (every 10 requests)
[09:45:31] [127/456] FSMA
[09:45:32] [128/456] CETA
[09:45:33] [129/456] MCIK
[09:45:34] [130/456] MYCR
[09:45:35] [131/456] EVMP
[09:45:36] [132/456] SSGT
[09:45:37] [133/456] KCTK
[09:45:38] [134/456] ZTKC
[09:45:39] [135/456] MMTA
[09:45:40] [136/456] MAJT
[09:45:40] 🔄 Identity reset
[09:45:40] 🔄 Identity rotated (every 10 requests)
[09:45:41] [137/456] ACPK
[09:45:42] [138/456] JMAX
[09:45:43] [139/456] SETK
[09:45:44] [140/456] CAIS
[09:45:46] [141/456] AGCD
[09:45:47] [142/456] URCL
[09:45:48] [143/456] VTDS
[09:45:48] [144/456] JCNM
[09:45:49] [145/456] KCAM
[09:45:50] [146/456] ADCU
[09:45:51] 🔄 Identity reset
[09:45:51] 🔄 Identity rotated (every 10 requests)
[09:45:51] [147/456] GXYN
[09:45:52] [148/456] SMJG
[09:45:53] [149/456] EYCJ
[09:45:54] [150/456] CCEJ
[09:45:55] [151/456] MARS
[09:45:55] [152/456] CPVJ
[09:45:56] [153/456] INVP
[09:45:57] [154/456] CPOV
[09:45:58] [155/456] VIJK
[09:45:59] [156/456] LAIM
[09:46:00] 🔄 Identity reset
[09:46:00] 🔄 Identity rotated (every 10 requests)
[09:46:00] [157/456] STHV
[09:46:01] [158/456] SVLJ
[09:46:02] [159/456] ATVJ
[09:46:03] [160/456] JTSC
[09:46:03] [161/456] RMTV
[09:46:05] [162/456] MGGG
[09:46:06] [163/456] SWTH
[09:46:07] [164/456] INVJ
[09:46:09] [165/456] PRSV
[09:46:10] [166/456] JATV
[09:46:10] 🔄 Identity reset
[09:46:10] 🔄 Identity rotated (every 10 requests)
[09:46:11] [167/456] RCVD
[09:46:11] [168/456] BDMA
[09:46:12] [169/456] BLJI
[09:46:13] [170/456] SWOT
[09:46:14] [171/456] SWRN
[09:46:15] [172/456] TVRA
[09:46:16] [173/456] NVRN
[09:46:16] [174/456] SIKC
[09:46:17] [175/456] VAKR
[09:46:18] [176/456] SYLN
[09:46:19] 🔄 Identity reset
[09:46:19] 🔄 Identity rotated (every 10 requests)
[09:46:19] [177/456] KLJL
[09:46:20] [178/456] LKMY
[09:46:21] [179/456] VSLY
[09:46:22] [180/456] CIKO
[09:46:23] [181/456] GPBG
[09:46:24] [182/456] CECM
[09:46:25] [183/456] SLKB
[09:46:26] [184/456] MTBO
[09:46:27] [185/456] SSHB
[09:46:27] [186/456] VPCS
[09:46:28] 🔄 Identity reset
[09:46:28] 🔄 Identity rotated (every 10 requests)
[09:46:28] [187/456] RCSR
[09:46:29] [188/456] RJRM
[09:46:30] [189/456] KPPB
[09:46:31] [190/456] SEDC
[09:46:32] [191/456] SCAI
[09:46:33] [192/456] RMTR
[09:46:33] [193/456] ASST
[09:46:34] [194/456] GCAK
[09:46:35] [195/456] ANNK
[09:46:36] [196/456] KDDF
[09:46:37] 🔄 Identity reset
[09:46:37] 🔄 Identity rotated (every 10 requests)
[09:46:37] [197/456] NRDP
[09:46:38] [198/456] PLAK
[09:46:39] [199/456] GCMC
[09:46:40] [200/456] ALPY
[09:46:40] [201/456] SICE
[09:46:41] [202/456] SISR
[09:46:42] [203/456] SRPZ
[09:46:43] [204/456] SRSW
[09:46:44] [205/456] SUYA
[09:46:45] [206/456] AMMT
[09:46:45] 🔄 Identity reset
[09:46:45] 🔄 Identity rotated (every 10 requests)
[09:46:46] [207/456] BHCU
[09:46:47] [208/456] KLPA
[09:46:47] [209/456] NVKH
[09:46:48] [210/456] JMRC
[09:46:50] [211/456] KTTT
[09:46:50] [212/456] MAGH
[09:46:51] [213/456] MMMX
[09:46:52] [214/456] SALJ
[09:46:53] [215/456] GTJA
[09:46:54] [216/456] MAHT
[09:46:54] 🔄 Identity reset
[09:46:54] 🔄 Identity rotated (every 10 requests)
[09:46:55] 🔄 Retry 1/5 for MAHT in 2.0s
[09:46:55] 🔄 Identity reset
[09:46:57] 🧠 New identity created
[09:46:57] 🔄 Retry 2/5 for MAHT in 4.1s
[09:46:57] 🔄 Identity reset
[09:47:01] 🧠 New identity created
[09:47:01] [217/456] SSNN
[09:47:02] [218/456] ARRP
[09:47:02] [219/456] ATNS
[09:47:03] [220/456] SKDT
[09:47:04] [221/456] ACAT
[09:47:05] [222/456] APRC
[09:47:07] [223/456] SWAG
[09:47:08] [224/456] SDPT
[09:47:08] 🔄 Identity reset
[09:47:08] 🔄 Identity rotated (every 10 requests)
[09:47:09] [225/456] STPS
[09:47:10] [226/456] WWCZ
[09:47:11] [227/456] LLCH
[09:47:13] [228/456] MZHA
[09:47:14] [229/456] CRJG
[09:47:15] [230/456] JGTK
[09:47:16] [231/456] KCSR
[09:47:16] [232/456] CHTL
[09:47:17] [233/456] EDSR
[09:47:18] [234/456] CSWO
[09:47:19] 🔄 Identity reset
[09:47:19] 🔄 Identity rotated (every 10 requests)
[09:47:19] [235/456] CPVM
[09:47:20] [236/456] MXBY
[09:47:21] [237/456] FMMA
[09:47:22] [238/456] POVI
[09:47:23] [239/456] MTHB
[09:47:24] [240/456] INRC
[09:47:24] [241/456] PIPP
[09:47:25] [242/456] BMXC
[09:47:26] [243/456] PCMM
[09:47:27] [244/456] PMKM
[09:47:28] 🔄 Identity reset
[09:47:28] 🔄 Identity rotated (every 10 requests)
[09:47:28] [245/456] GATY
[09:47:29] [246/456] IMCM
[09:47:29] [247/456] POPE
[09:47:31] [248/456] MTCR
[09:47:32] [249/456] PVAE
[09:47:33] [250/456] PVMI
[09:47:34] [251/456] CPNM
[09:47:35] [252/456] FMRL
[09:47:36] [253/456] MCIW
[09:47:37] [254/456] MXBO
[09:47:37] 🔄 Identity reset
[09:47:37] 🔄 Identity rotated (every 10 requests)
[09:47:38] [255/456] FMKY
[09:47:39] [256/456] FMDA
[09:47:40] [257/456] THAB
[09:47:41] [258/456] PRCW
[09:47:42] [259/456] PITI
[09:47:43] [260/456] MCFF
[09:47:44] [261/456] PDDV
[09:47:45] [262/456] MCRM
[09:47:46] [263/456] KKMB
[09:47:47] [264/456] INKO
[09:47:48] 🔄 Identity reset
[09:47:48] 🔄 Identity rotated (every 10 requests)
[09:47:48] [265/456] PLXP
[09:47:49] [266/456] MMHA
[09:47:50] [267/456] FMVS
[09:47:51] [268/456] POLM
[09:47:52] [269/456] STER
[09:47:52] [270/456] PVWJ
[09:47:53] [271/456] IMJW
[09:47:54] [272/456] FNAN
[09:47:55] [273/456] CAGL
[09:47:56] [274/456] IPBG
[09:47:57] 🔄 Identity reset
[09:47:57] 🔄 Identity rotated (every 10 requests)
[09:47:57] [275/456] SMFV
[09:47:59] [276/456] MMMR
[09:48:00] [277/456] MMWM
[09:48:01] [278/456] FNCM
[09:48:02] [279/456] MDVA
[09:48:02] [280/456] MMET
[09:48:03] [281/456] MIDO
[09:48:04] [282/456] INNP
[09:48:05] [283/456] MIFU
[09:48:06] [284/456] MMSZ
[09:48:06] 🔄 Identity reset
[09:48:06] 🔄 Identity rotated (every 10 requests)
[09:48:07] [285/456] BMXA
[09:48:08] [286/456] MCAA
[09:48:09] [287/456] SCVP
[09:48:10] [288/456] PLUS
[09:48:11] [289/456] MUCK
[09:48:12] [290/456] MTMA
[09:48:12] [291/456] HPVR
[09:48:13] [292/456] PMPK
[09:48:14] [293/456] MAJB
[09:48:15] [294/456] CTRR
[09:48:16] 🔄 Identity reset
[09:48:16] 🔄 Identity rotated (every 10 requests)
[09:48:16] [295/456] MCTG
[09:48:17] [296/456] MACE
[09:48:18] [297/456] AAAS
[09:48:19] [298/456] CPVV
[09:48:20] [299/456] RCHG
[09:48:21] [300/456] MCNE
[09:48:22] [301/456] EMNC
[09:48:22] [302/456] MCAN
[09:48:23] [303/456] TCDM
[09:48:24] [304/456] IRGT
[09:48:25] 🔄 Identity reset
[09:48:25] 🔄 Identity rotated (every 10 requests)
[09:48:25] [305/456] GCMG
[09:48:27] [306/456] MXSN
[09:48:27] [307/456] MXCK
[09:48:28] [308/456] MCRC
[09:48:30] [309/456] RSMI
[09:48:31] [310/456] WAML
[09:48:31] [311/456] MTSC
[09:48:32] [312/456] FMDR
[09:48:33] [313/456] LEPV
[09:48:34] [314/456] MTGD
[09:48:34] 🔄 Identity reset
[09:48:34] 🔄 Identity rotated (every 10 requests)
[09:48:35] [315/456] IMOB
[09:48:36] [316/456] CLMM
[09:48:37] [317/456] PZCD
[09:48:37] [318/456] GOCS
[09:48:38] [319/456] KCMA
[09:48:39] [320/456] CCMP
[09:48:40] [321/456] MTSU
[09:48:41] [322/456] SNGL
[09:48:42] [323/456] MMMC
[09:48:43] [324/456] MMAA
[09:48:44] 🔄 Identity reset
[09:48:44] 🔄 Identity rotated (every 10 requests)
[09:48:44] [325/456] GCDM
[09:48:45] [326/456] KTMV
[09:48:46] [327/456] AETE
[09:48:47] [328/456] OMCS
[09:48:48] [329/456] GDCD
[09:48:49] [330/456] NYMD
[09:48:50] [331/456] RNCV
[09:48:51] [332/456] KKMT
[09:48:52] [333/456] GDTH
[09:48:53] [334/456] KMMV
[09:48:54] 🔄 Identity reset
[09:48:54] 🔄 Identity rotated (every 10 requests)
[09:48:54] [335/456] NHCG
[09:48:55] [336/456] PJDW
[09:48:56] [337/456] MMCV
[09:48:57] [338/456] FQSA
[09:48:58] [339/456] KURL
[09:48:59] [340/456] NNNX
[09:48:59] [341/456] AMAU
[09:49:00] [342/456] VVVM
[09:49:01] [343/456] VECU
[09:49:02] [344/456] WCVR
[09:49:03] 🔄 Identity reset
[09:49:03] 🔄 Identity rotated (every 10 requests)
[09:49:03] [345/456] MTGG
[09:49:04] [346/456] SGTG
[09:49:05] [347/456] MNTG
[09:49:06] [348/456] JDDG
[09:49:07] [349/456] MBTK
[09:49:08] [350/456] SGCD
[09:49:08] [351/456] MCTC
[09:49:09] [352/456] JTPC
[09:49:10] [353/456] SDKT
[09:49:11] [354/456] KRCC
[09:49:12] 🔄 Identity reset
[09:49:12] 🔄 Identity rotated (every 10 requests)
[09:49:12] [355/456] RMMD
[09:49:13] [356/456] AAME
[09:49:14] [357/456] TMWC
[09:49:14] [358/456] NRWY
[09:49:15] [359/456] CITD
[09:49:17] [360/456] VERD
[09:49:18] [361/456] MKSK
[09:49:18] [362/456] STSM
[09:49:19] [363/456] MJDG
[09:49:20] [364/456] RKPM
[09:49:21] 🔄 Identity reset
[09:49:21] 🔄 Identity rotated (every 10 requests)
[09:49:21] 🔄 Retry 1/5 for RKPM in 2.2s
[09:49:21] 🔄 Identity reset
[09:49:23] 🧠 New identity created
[09:49:23] [365/456] SSCE
[09:49:24] [366/456] VMAE
[09:49:25] [367/456] SBRU
[09:49:26] [368/456] AMBC
[09:49:27] [369/456] AMLU
[09:49:28] [370/456] INVZ
[09:49:29] [371/456] LGTV
[09:49:30] [372/456] SVAD
[09:49:31] [373/456] SMSA
[09:49:32] 🔄 Identity reset
[09:49:32] 🔄 Identity rotated (every 10 requests)
[09:49:32] [374/456] SPCZ
[09:49:33] [375/456] GTCX
[09:49:34] [376/456] SCSL
[09:49:35] [377/456] SAHU
[09:49:37] [378/456] NCDA
[09:49:37] [379/456] SCCG
[09:49:38] [380/456] VKTL
[09:49:39] [381/456] PUUJ
[09:49:40] [382/456] STEJ
[09:49:40] [383/456] RJAL
[09:49:41] 🔄 Identity reset
[09:49:41] 🔄 Identity rotated (every 10 requests)
[09:49:41] [384/456] ACJC
[09:49:42] [385/456] ARVB
[09:49:43] [386/456] AUBB
[09:49:44] [387/456] GDBR
[09:49:45] [388/456] PVND
[09:49:46] [389/456] BGRJ
[09:49:47] [390/456] RJMM
[09:49:48] [391/456] MCSA
[09:49:49] [392/456] BODA
[09:49:50] [393/456] JAGG
[09:49:50] 🔄 Identity reset
[09:49:50] 🔄 Identity rotated (every 10 requests)
[09:49:50] 🔄 Retry 1/5 for JAGG in 2.7s
[09:49:50] 🔄 Identity reset
[09:49:53] 🧠 New identity created
[09:49:53] [394/456] SCGA
[09:49:54] [395/456] LRCM
[09:49:55] [396/456] CPCN
[09:49:56] [397/456] SSTF
[09:49:57] [398/456] SRXP
[09:49:58] [399/456] CNFX
[09:49:59] [400/456] ANDI
[09:49:59] [401/456] SYEW
[09:50:01] [402/456] RCRE
[09:50:01] 🔄 Identity reset
[09:50:01] 🔄 Identity rotated (every 10 requests)
[09:50:02] [403/456] SCRW
[09:50:03] [404/456] MBKR
[09:50:04] [405/456] ASNT
[09:50:04] [406/456] JTMT
[09:50:06] [407/456] SHAY
[09:50:07] [408/456] VRTH
[09:50:08] [409/456] SPTI
[09:50:09] [410/456] DPTD
[09:50:10] [411/456] TGSN
[09:50:11] [412/456] RCWV
[09:50:12] 🔄 Identity reset
[09:50:12] 🔄 Identity rotated (every 10 requests)
[09:50:12] [413/456] OCUR
[09:50:13] [414/456] KSTC
[09:50:14] [415/456] SANI
[09:50:15] [416/456] MLCA
[09:50:15] [417/456] EGCA
[09:50:16] [418/456] SYSN
[09:50:17] [419/456] PKTA
[09:50:18] [420/456] PRCC
[09:50:19] [421/456] KSTR
[09:50:20] [422/456] SNTP
[09:50:21] 🔄 Identity reset
[09:50:21] 🔄 Identity rotated (every 10 requests)
[09:50:21] [423/456] RCHA
[09:50:22] [424/456] SEEA
[09:50:23] [425/456] ALAT
[09:50:24] [426/456] AATV
[09:50:24] [427/456] RJTE
[09:50:25] [428/456] AAPP
[09:50:26] [429/456] PMMH
[09:50:27] [430/456] INRJ
[09:50:28] [431/456] SARB
[09:50:29] [432/456] PCJL
[09:50:29] 🔄 Identity reset
[09:50:29] 🔄 Identity rotated (every 10 requests)
[09:50:29] [433/456] PFJJ
[09:50:30] [434/456] GRDC
[09:50:31] [435/456] BCBA
[09:50:32] [436/456] VIXL
[09:50:33] [437/456] CSTL
[09:50:34] [438/456] MTDK
[09:50:35] [439/456] TDAC
[09:50:36] [440/456] GTDN
[09:50:37] [441/456] TTDE
[09:50:38] [442/456] ASTS
[09:50:38] 🔄 Identity reset
[09:50:38] 🔄 Identity rotated (every 10 requests)
[09:50:38] 🔄 Retry 1/5 for ASTS in 2.9s
[09:50:38] 🔄 Identity reset
[09:50:41] 🧠 New identity created
[09:50:41] [443/456] CPNS
[09:50:42] [444/456] PVVW
[09:50:43] [445/456] USEB
[09:50:44] [446/456] DTYN
[09:50:45] [447/456] PVLE
[09:50:46] [448/456] CIPS
[09:50:47] [449/456] PAEG
[09:50:48] [450/456] PTCW
[09:50:49] [451/456] G3SR
[09:50:49] 🔄 Identity reset
[09:50:49] 🔄 Identity rotated (every 10 requests)
[09:50:50] [452/456] PGND
[09:50:50] [453/456] INVM
[09:50:51] [454/456] SPIA
[09:50:52] [455/456] PCSN
[09:50:53] [456/456] PPGV
[09:50:54] 🧹 Deduping shows
[09:50:54] ✅ DONE | Shows=108 | Movies=5
[16:32:33] 🚀 SCRIPT STARTED (enhanced anti‑detection)
[16:32:33] [1/456] FNDB
[16:32:34] 🧠 New identity created
[16:32:35] [2/456] AMBH
[16:32:36] [3/456] PRHN
[16:32:37] [4/456] ACPM
[16:32:38] [5/456] PVFS
[16:32:39] [6/456] AACN
[16:32:40] [7/456] ACAS
[16:32:41] [8/456] CTNR
[16:32:42] [9/456] MMAH
[16:32:43] [10/456] CPMH
[16:32:43] 🔄 Identity reset
[16:32:43] 🔄 Identity rotated (every 10 requests)
[16:32:43] [11/456] IGMH
[16:32:44] [12/456] ABCS
[16:32:45] [13/456] CMMA
[16:32:46] [14/456] GPRH
[16:32:47] [15/456] PNNG
[16:32:48] [16/456] AMCA
[16:32:48] [17/456] ISTN
[16:32:49] [18/456] PIIC
[16:32:50] [19/456] AHMH
[16:32:51] [20/456] ASHN
[16:32:52] 🔄 Identity reset
[16:32:52] 🔄 Identity rotated (every 10 requests)
[16:32:52] [21/456] INHY
[16:32:53] [22/456] SRMO
[16:32:54] [23/456] PIMH
[16:32:55] [24/456] PVTS
[16:32:56] [25/456] MMCA
[16:32:56] [26/456] AKYJ
[16:32:58] [27/456] BRKH
[16:32:59] [28/456] MAHM
[16:33:00] [29/456] CPHY
[16:33:01] [30/456] PVTP
[16:33:02] 🔄 Identity reset
[16:33:02] 🔄 Identity rotated (every 10 requests)
[16:33:02] [31/456] SMMR
[16:33:03] [32/456] PVHM
[16:33:04] [33/456] SNDY
[16:33:05] [34/456] GOKU
[16:33:06] [35/456] ACEV
[16:33:06] [36/456] PVUM
[16:33:07] [37/456] VSWA
[16:33:08] [38/456] IPRS
[16:33:10] [39/456] BKMV
[16:33:11] [40/456] PVYH
[16:33:11] 🔄 Identity reset
[16:33:11] 🔄 Identity rotated (every 10 requests)
[16:33:12] [41/456] INKM
[16:33:13] [42/456] ARJU
[16:33:14] [43/456] JJPP
[16:33:15] [44/456] SSRM
[16:33:16] [45/456] HMHD
[16:33:17] [46/456] SNKH
[16:33:17] [47/456] ACHI
[16:33:18] [48/456] MRAA
[16:33:19] [49/456] INMH
[16:33:20] [50/456] ARMH
[16:33:21] 🔄 Identity reset
[16:33:21] 🔄 Identity rotated (every 10 requests)
[16:33:21] [51/456] DVRR
[16:33:22] [52/456] SUDA
[16:33:23] [53/456] MCSS
[16:33:24] [54/456] VRKC
[16:33:24] [55/456] PRCX
[16:33:25] [56/456] ASJY
[16:33:26] [57/456] MTHY
[16:33:27] [58/456] SRCM
[16:33:28] [59/456] TVHY
[16:33:29] [60/456] STHD
[16:33:29] 🔄 Identity reset
[16:33:30] 🔄 Identity rotated (every 10 requests)
[16:33:30] [61/456] CPCL
[16:33:31] [62/456] PSMJ
[16:33:32] [63/456] MRGT
[16:33:32] [64/456] ARYH
[16:33:33] [65/456] VTRB
[16:33:34] [66/456] SCHC
[16:33:35] [67/456] MRRG
[16:33:36] [68/456] SPCB
[16:33:37] [69/456] AMCM
[16:33:38] [70/456] IVNM
[16:33:38] 🔄 Identity reset
[16:33:38] 🔄 Identity rotated (every 10 requests)
[16:33:38] 🔄 Retry 1/5 for IVNM in 2.7s
[16:33:38] 🔄 Identity reset
[16:33:41] 🧠 New identity created
[16:33:41] [71/456] TRHY
[16:33:42] [72/456] PTTH
[16:33:43] [73/456] RKMH
[16:33:44] [74/456] PRCS
[16:33:45] [75/456] VAJA
[16:33:46] [76/456] BJNG
[16:33:46] [77/456] SCVM
[16:33:47] [78/456] GNHB
[16:33:48] [79/456] TLUR
[16:33:49] 🔄 Identity reset
[16:33:49] 🔄 Identity rotated (every 10 requests)
[16:33:49] [80/456] UKCC
[16:33:50] [81/456] SRKR
[16:33:51] [82/456] RMKN
[16:33:52] [83/456] SLRT
[16:33:53] [84/456] LKMT
[16:33:54] [85/456] SSRJ
[16:33:55] [86/456] SPHT
[16:33:55] [87/456] ANTT
[16:33:56] [88/456] SRCH
[16:33:57] [89/456] SRCA
[16:33:57] 🔄 Identity reset
[16:33:57] 🔄 Identity rotated (every 10 requests)
[16:33:58] [90/456] ARTH
[16:33:59] [91/456] MCBH
[16:34:00] [92/456] SNIB
[16:34:01] [93/456] SART
[16:34:03] [94/456] SKTA
[16:34:04] [95/456] YAKT
[16:34:04] [96/456] MLCK
[16:34:05] [97/456] ANTS
[16:34:06] [98/456] DGCA
[16:34:07] [99/456] SGMP
[16:34:08] 🔄 Identity reset
[16:34:08] 🔄 Identity rotated (every 10 requests)
[16:34:08] [100/456] ASWN
[16:34:09] [101/456] KFVU
[16:34:09] [102/456] POOR
[16:34:10] [103/456] GKDN
[16:34:11] [104/456] EOSE
[16:34:12] [105/456] GTTT
[16:34:13] [106/456] ARRO
[16:34:14] [107/456] CMMK
[16:34:14] [108/456] MSCN
[16:34:15] [109/456] GDKH
[16:34:16] 🔄 Identity reset
[16:34:16] 🔄 Identity rotated (every 10 requests)
[16:34:16] [110/456] DLMT
[16:34:17] [111/456] PVMF
[16:34:18] [112/456] CPCK
[16:34:19] [113/456] VMHE
[16:34:20] [114/456] PVLC
[16:34:21] [115/456] PCVB
[16:34:21] [116/456] SNYK
[16:34:22] [117/456] KTEK
[16:34:23] [118/456] PCNM
[16:34:24] [119/456] NTTR
[16:34:24] 🔄 Identity reset
[16:34:25] 🔄 Identity rotated (every 10 requests)
[16:34:25] [120/456] CPSK
[16:34:26] [121/456] JMMA
[16:34:27] [122/456] GCFK
[16:34:28] [123/456] MYCA
[16:34:28] [124/456] KSNP
[16:34:29] [125/456] PMCE
[16:34:30] [126/456] SCKI
[16:34:31] [127/456] FSMA
[16:34:32] [128/456] CETA
[16:34:33] [129/456] MCIK
[16:34:33] 🔄 Identity reset
[16:34:34] 🔄 Identity rotated (every 10 requests)
[16:34:34] [130/456] MYCR
[16:34:35] [131/456] EVMP
[16:34:35] [132/456] SSGT
[16:34:37] [133/456] KCTK
[16:34:38] [134/456] ZTKC
[16:34:38] [135/456] MMTA
[16:34:39] [136/456] MAJT
[16:34:40] [137/456] ACPK
[16:34:41] [138/456] JMAX
[16:34:42] [139/456] SETK
[16:34:42] 🔄 Identity reset
[16:34:42] 🔄 Identity rotated (every 10 requests)
[16:34:43] [140/456] CAIS
[16:34:44] [141/456] AGCD
[16:34:44] [142/456] URCL
[16:34:46] [143/456] VTDS
[16:34:47] [144/456] JCNM
[16:34:48] [145/456] KCAM
[16:34:49] [146/456] ADCU
[16:34:50] [147/456] GXYN
[16:34:51] [148/456] SMJG
[16:34:52] [149/456] EYCJ
[16:34:53] 🔄 Identity reset
[16:34:53] 🔄 Identity rotated (every 10 requests)
[16:34:53] [150/456] CCEJ
[16:34:54] [151/456] MARS
[16:34:55] [152/456] CPVJ
[16:34:56] [153/456] INVP
[16:34:57] [154/456] CPOV
[16:34:57] [155/456] VIJK
[16:34:58] [156/456] LAIM
[16:34:59] [157/456] STHV
[16:35:00] [158/456] SVLJ
[16:35:01] [159/456] ATVJ
[16:35:02] 🔄 Identity reset
[16:35:02] 🔄 Identity rotated (every 10 requests)
[16:35:02] [160/456] JTSC
[16:35:03] [161/456] RMTV
[16:35:03] [162/456] MGGG
[16:35:04] [163/456] SWTH
[16:35:05] [164/456] INVJ
[16:35:06] [165/456] PRSV
[16:35:07] [166/456] JATV
[16:35:07] [167/456] RCVD
[16:35:09] [168/456] BDMA
[16:35:10] [169/456] BLJI
[16:35:10] 🔄 Identity reset
[16:35:10] 🔄 Identity rotated (every 10 requests)
[16:35:11] [170/456] SWOT
[16:35:11] [171/456] SWRN
[16:35:12] [172/456] TVRA
[16:35:13] [173/456] NVRN
[16:35:14] [174/456] SIKC
[16:35:15] [175/456] VAKR
[16:35:16] [176/456] SYLN
[16:35:17] [177/456] KLJL
[16:35:17] [178/456] LKMY
[16:35:18] [179/456] VSLY
[16:35:19] 🔄 Identity reset
[16:35:19] 🔄 Identity rotated (every 10 requests)
[16:35:19] [180/456] CIKO
[16:35:20] [181/456] GPBG
[16:35:21] [182/456] CECM
[16:35:21] [183/456] SLKB
[16:35:22] [184/456] MTBO
[16:35:23] [185/456] SSHB
[16:35:24] [186/456] VPCS
[16:35:25] [187/456] RCSR
[16:35:26] [188/456] RJRM
[16:35:27] [189/456] KPPB
[16:35:27] 🔄 Identity reset
[16:35:27] 🔄 Identity rotated (every 10 requests)
[16:35:28] [190/456] SEDC
[16:35:28] [191/456] SCAI
[16:35:29] [192/456] RMTR
[16:35:30] [193/456] ASST
[16:35:31] [194/456] GCAK
[16:35:32] [195/456] ANNK
[16:35:33] [196/456] KDDF
[16:35:34] [197/456] NRDP
[16:35:34] [198/456] PLAK
[16:35:35] [199/456] GCMC
[16:35:36] 🔄 Identity reset
[16:35:36] 🔄 Identity rotated (every 10 requests)
[16:35:36] [200/456] ALPY
[16:35:37] [201/456] SICE
[16:35:38] [202/456] SISR
[16:35:39] [203/456] SRPZ
[16:35:39] [204/456] SRSW
[16:35:40] [205/456] SUYA
[16:35:41] [206/456] AMMT
[16:35:42] [207/456] BHCU
[16:35:43] [208/456] KLPA
[16:35:44] [209/456] NVKH
[16:35:44] 🔄 Identity reset
[16:35:44] 🔄 Identity rotated (every 10 requests)
[16:35:45] [210/456] JMRC
[16:35:46] [211/456] KTTT
[16:35:47] [212/456] MAGH
[16:35:48] [213/456] MMMX
[16:35:49] [214/456] SALJ
[16:35:50] [215/456] GTJA
[16:35:51] [216/456] MAHT
[16:35:52] [217/456] SSNN
[16:35:53] [218/456] ARRP
[16:35:54] [219/456] ATNS
[16:35:54] 🔄 Identity reset
[16:35:54] 🔄 Identity rotated (every 10 requests)
[16:35:55] [220/456] SKDT
[16:35:56] [221/456] ACAT
[16:35:58] [222/456] APRC
[16:35:59] [223/456] SWAG
[16:36:00] [224/456] SDPT
[16:36:01] [225/456] STPS
[16:36:01] [226/456] WWCZ
[16:36:02] [227/456] LLCH
[16:36:03] [228/456] MZHA
[16:36:04] [229/456] CRJG
[16:36:05] 🔄 Identity reset
[16:36:05] 🔄 Identity rotated (every 10 requests)
[16:36:05] [230/456] JGTK
[16:36:06] [231/456] KCSR
[16:36:06] [232/456] CHTL
[16:36:08] [233/456] EDSR
[16:36:09] [234/456] CSWO
[16:36:09] [235/456] CPVM
[16:36:10] [236/456] MXBY
[16:36:11] [237/456] FMMA
[16:36:12] [238/456] POVI
[16:36:14] [239/456] MTHB
[16:36:14] 🔄 Identity reset
[16:36:14] 🔄 Identity rotated (every 10 requests)
[16:36:14] 🔄 Retry 1/5 for MTHB in 2.8s
[16:36:14] 🔄 Identity reset
[16:36:17] 🧠 New identity created
[16:36:17] [240/456] INRC
[16:36:18] [241/456] PIPP
[16:36:19] [242/456] BMXC
[16:36:20] [243/456] PCMM
[16:36:21] [244/456] PMKM
[16:36:22] [245/456] GATY
[16:36:23] [246/456] IMCM
[16:36:24] [247/456] POPE
[16:36:25] [248/456] MTCR
[16:36:25] 🔄 Identity reset
[16:36:25] 🔄 Identity rotated (every 10 requests)
[16:36:26] [249/456] PVAE
[16:36:27] [250/456] PVMI
[16:36:28] [251/456] CPNM
[16:36:29] [252/456] FMRL
[16:36:29] [253/456] MCIW
[16:36:30] [254/456] MXBO
[16:36:31] [255/456] FMKY
[16:36:32] [256/456] FMDA
[16:36:33] [257/456] THAB
[16:36:34] [258/456] PRCW
[16:36:34] 🔄 Identity reset
[16:36:34] 🔄 Identity rotated (every 10 requests)
[16:36:35] [259/456] PITI
[16:36:36] [260/456] MCFF
[16:36:36] [261/456] PDDV
[16:36:37] [262/456] MCRM
[16:36:38] [263/456] KKMB
[16:36:39] [264/456] INKO
[16:36:39] [265/456] PLXP
[16:36:40] [266/456] MMHA
[16:36:42] [267/456] FMVS
[16:36:43] [268/456] POLM
[16:36:43] 🔄 Identity reset
[16:36:43] 🔄 Identity rotated (every 10 requests)
[16:36:44] [269/456] STER
[16:36:45] [270/456] PVWJ
[16:36:46] [271/456] IMJW
[16:36:47] [272/456] FNAN
[16:36:48] [273/456] CAGL
[16:36:49] [274/456] IPBG
[16:36:49] [275/456] SMFV
[16:36:50] [276/456] MMMR
[16:36:51] [277/456] MMWM
[16:36:52] [278/456] FNCM
[16:36:53] 🔄 Identity reset
[16:36:53] 🔄 Identity rotated (every 10 requests)
[16:36:53] [279/456] MDVA
[16:36:54] [280/456] MMET
[16:36:55] [281/456] MIDO
[16:36:56] [282/456] INNP
[16:36:57] [283/456] MIFU
[16:36:58] [284/456] MMSZ
[16:36:58] [285/456] BMXA
[16:36:59] [286/456] MCAA
[16:37:00] [287/456] SCVP
[16:37:01] [288/456] PLUS
[16:37:02] 🔄 Identity reset
[16:37:02] 🔄 Identity rotated (every 10 requests)
[16:37:02] [289/456] MUCK
[16:37:03] [290/456] MTMA
[16:37:04] [291/456] HPVR
[16:37:05] [292/456] PMPK
[16:37:05] [293/456] MAJB
[16:37:06] [294/456] CTRR
[16:37:07] [295/456] MCTG
[16:37:08] [296/456] MACE
[16:37:09] [297/456] AAAS
[16:37:10] [298/456] CPVV
[16:37:11] 🔄 Identity reset
[16:37:11] 🔄 Identity rotated (every 10 requests)
[16:37:11] [299/456] RCHG
[16:37:12] [300/456] MCNE
[16:37:13] [301/456] EMNC
[16:37:14] [302/456] MCAN
[16:37:15] [303/456] TCDM
[16:37:15] [304/456] IRGT
[16:37:16] [305/456] GCMG
[16:37:17] [306/456] MXSN
[16:37:18] [307/456] MXCK
[16:37:19] [308/456] MCRC
[16:37:19] 🔄 Identity reset
[16:37:19] 🔄 Identity rotated (every 10 requests)
[16:37:20] [309/456] RSMI
[16:37:21] [310/456] WAML
[16:37:22] [311/456] MTSC
[16:37:23] [312/456] FMDR
[16:37:25] [313/456] LEPV
[16:37:26] [314/456] MTGD
[16:37:26] [315/456] IMOB
[16:37:27] [316/456] CLMM
[16:37:28] [317/456] PZCD
[16:37:29] [318/456] GOCS
[16:37:30] 🔄 Identity reset
[16:37:30] 🔄 Identity rotated (every 10 requests)
[16:37:30] [319/456] KCMA
[16:37:31] [320/456] CCMP
[16:37:32] [321/456] MTSU
[16:37:33] [322/456] SNGL
[16:37:34] [323/456] MMMC
[16:37:35] [324/456] MMAA
[16:37:36] [325/456] GCDM
[16:37:37] [326/456] KTMV
[16:37:38] [327/456] AETE
[16:37:38] [328/456] OMCS
[16:37:39] 🔄 Identity reset
[16:37:39] 🔄 Identity rotated (every 10 requests)
[16:37:40] [329/456] GDCD
[16:37:40] [330/456] NYMD
[16:37:41] [331/456] RNCV
[16:37:42] [332/456] KKMT
[16:37:43] [333/456] GDTH
[16:37:44] [334/456] KMMV
[16:37:45] [335/456] NHCG
[16:37:46] [336/456] PJDW
[16:37:47] [337/456] MMCV
[16:37:48] [338/456] FQSA
[16:37:48] 🔄 Identity reset
[16:37:48] 🔄 Identity rotated (every 10 requests)
[16:37:48] 🔄 Retry 1/5 for FQSA in 2.9s
[16:37:48] 🔄 Identity reset
[16:37:51] 🧠 New identity created
[16:37:52] [339/456] KURL
[16:37:53] [340/456] NNNX
[16:37:54] [341/456] AMAU
[16:37:55] [342/456] VVVM
[16:37:55] [343/456] VECU
[16:37:57] [344/456] WCVR
[16:37:58] [345/456] MTGG
[16:37:59] [346/456] SGTG
[16:37:59] [347/456] MNTG
[16:38:00] 🔄 Identity reset
[16:38:00] 🔄 Identity rotated (every 10 requests)
[16:38:00] [348/456] JDDG
[16:38:01] [349/456] MBTK
[16:38:02] [350/456] SGCD
[16:38:03] [351/456] MCTC
[16:38:04] [352/456] JTPC
[16:38:05] [353/456] SDKT
[16:38:06] [354/456] KRCC
[16:38:06] [355/456] RMMD
[16:38:07] [356/456] AAME
[16:38:08] [357/456] TMWC
[16:38:09] 🔄 Identity reset
[16:38:09] 🔄 Identity rotated (every 10 requests)
[16:38:10] [358/456] NRWY
[16:38:11] [359/456] CITD
[16:38:12] [360/456] VERD
[16:38:13] [361/456] MKSK
[16:38:14] [362/456] STSM
[16:38:15] [363/456] MJDG
[16:38:16] [364/456] RKPM
[16:38:17] [365/456] SSCE
[16:38:18] [366/456] VMAE
[16:38:18] [367/456] SBRU
[16:38:19] 🔄 Identity reset
[16:38:19] 🔄 Identity rotated (every 10 requests)
[16:38:20] [368/456] AMBC
[16:38:21] [369/456] AMLU
[16:38:22] [370/456] INVZ
[16:38:23] [371/456] LGTV
[16:38:24] [372/456] SVAD
[16:38:25] [373/456] SMSA
[16:38:25] [374/456] SPCZ
[16:38:26] [375/456] GTCX
[16:38:27] [376/456] SCSL
[16:38:29] [377/456] SAHU
[16:38:29] 🔄 Identity reset
[16:38:29] 🔄 Identity rotated (every 10 requests)
[16:38:29] 🔄 Retry 1/5 for SAHU in 2.3s
[16:38:29] 🔄 Identity reset
[16:38:32] 🧠 New identity created
[16:38:32] [378/456] NCDA
[16:38:33] [379/456] SCCG
[16:38:34] [380/456] VKTL
[16:38:34] [381/456] PUUJ
[16:38:35] [382/456] STEJ
[16:38:36] [383/456] RJAL
[16:38:37] [384/456] ACJC
[16:38:39] [385/456] ARVB
[16:38:39] [386/456] AUBB
[16:38:40] 🔄 Identity reset
[16:38:40] 🔄 Identity rotated (every 10 requests)
[16:38:40] [387/456] GDBR
[16:38:41] [388/456] PVND
[16:38:42] [389/456] BGRJ
[16:38:43] [390/456] RJMM
[16:38:44] [391/456] MCSA
[16:38:45] [392/456] BODA
[16:38:45] [393/456] JAGG
[16:38:46] [394/456] SCGA
[16:38:47] [395/456] LRCM
[16:38:48] [396/456] CPCN
[16:38:48] 🔄 Identity reset
[16:38:48] 🔄 Identity rotated (every 10 requests)
[16:38:49] [397/456] SSTF
[16:38:50] [398/456] SRXP
[16:38:50] [399/456] CNFX
[16:38:51] [400/456] ANDI
[16:38:52] [401/456] SYEW
[16:38:53] [402/456] RCRE
[16:38:54] [403/456] SCRW
[16:38:55] [404/456] MBKR
[16:38:56] [405/456] ASNT
[16:38:57] [406/456] JTMT
[16:38:57] 🔄 Identity reset
[16:38:57] 🔄 Identity rotated (every 10 requests)
[16:38:57] [407/456] SHAY
[16:38:59] [408/456] VRTH
[16:39:01] [409/456] SPTI
[16:39:01] [410/456] DPTD
[16:39:02] [411/456] TGSN
[16:39:03] [412/456] RCWV
[16:39:04] [413/456] OCUR
[16:39:05] [414/456] KSTC
[16:39:06] [415/456] SANI
[16:39:07] [416/456] MLCA
[16:39:07] 🔄 Identity reset
[16:39:07] 🔄 Identity rotated (every 10 requests)
[16:39:07] [417/456] EGCA
[16:39:08] [418/456] SYSN
[16:39:09] [419/456] PKTA
[16:39:10] [420/456] PRCC
[16:39:11] [421/456] KSTR
[16:39:12] [422/456] SNTP
[16:39:12] [423/456] RCHA
[16:39:13] [424/456] SEEA
[16:39:14] [425/456] ALAT
[16:39:15] [426/456] AATV
[16:39:16] 🔄 Identity reset
[16:39:16] 🔄 Identity rotated (every 10 requests)
[16:39:16] [427/456] RJTE
[16:39:17] [428/456] AAPP
[16:39:18] [429/456] PMMH
[16:39:19] [430/456] INRJ
[16:39:19] [431/456] SARB
[16:39:20] [432/456] PCJL
[16:39:21] [433/456] PFJJ
[16:39:22] [434/456] GRDC
[16:39:23] [435/456] BCBA
[16:39:23] [436/456] VIXL
[16:39:24] 🔄 Identity reset
[16:39:24] 🔄 Identity rotated (every 10 requests)
[16:39:25] [437/456] CSTL
[16:39:26] [438/456] MTDK
[16:39:27] [439/456] TDAC
[16:39:27] [440/456] GTDN
[16:39:28] [441/456] TTDE
[16:39:30] [442/456] ASTS
[16:39:31] [443/456] CPNS
[16:39:32] [444/456] PVVW
[16:39:33] [445/456] USEB
[16:39:34] [446/456] DTYN
[16:39:35] 🔄 Identity reset
[16:39:35] 🔄 Identity rotated (every 10 requests)
[16:39:35] [447/456] PVLE
[16:39:36] [448/456] CIPS
[16:39:38] [449/456] PAEG
[16:39:39] [450/456] PTCW
[16:39:39] [451/456] G3SR
[16:39:40] [452/456] PGND
[16:39:41] [453/456] INVM
[16:39:42] [454/456] SPIA
[16:39:43] [455/456] PCSN
[16:39:44] [456/456] PPGV
[16:39:44] 🔄 Identity reset
[16:39:44] 🔄 Identity rotated (every 10 requests)
[16:39:45] 🧹 Deduping shows
[16:39:45] ✅ DONE | Shows=260 | Movies=16
