[09:43:15] 🚀 SCRIPT STARTED (enhanced anti‑detection)
[09:43:15] [1/326] VCHA
[09:43:16] 🧠 New identity created
[09:43:16] 🔄 Retry 1/5 for VCHA in 2.7s
[09:43:16] 🔄 Identity reset
[09:43:19] 🧠 New identity created
[09:43:19] [2/326] SCKO
[09:43:20] [3/326] VKTK
[09:43:22] [4/326] DXEC
[09:43:22] [5/326] CDCA
[09:43:23] [6/326] VBCZ
[09:43:24] [7/326] MSDR
[09:43:25] [8/326] ACPV
[09:43:26] [9/326] PVHB
[09:43:27] 🔄 Identity reset
[09:43:27] 🔄 Identity rotated (every 10 requests)
[09:43:27] [10/326] RCNH
[09:43:28] [11/326] IOMH
[09:43:29] [12/326] ILKS
[09:43:30] [13/326] AMSN
[09:43:31] [14/326] ANTP
[09:43:32] [15/326] SSEK
[09:43:33] [16/326] PICP
[09:43:34] [17/326] SICO
[09:43:35] [18/326] SISP
[09:43:35] [19/326] SCPI
[09:43:36] 🔄 Identity reset
[09:43:36] 🔄 Identity rotated (every 10 requests)
[09:43:37] [20/326] CRPR
[09:43:37] [21/326] DCTW
[09:43:38] [22/326] DCSP
[09:43:40] [23/326] KRPM
[09:43:41] [24/326] THKK
[09:43:42] [25/326] SNMY
[09:43:42] [26/326] AKCC
[09:43:43] [27/326] PCAT
[09:43:44] [28/326] RFGO
[09:43:45] [29/326] GGCS
[09:43:46] 🔄 Identity reset
[09:43:46] 🔄 Identity rotated (every 10 requests)
[09:43:46] [30/326] ACKR
[09:43:47] [31/326] STDO
[09:43:48] [32/326] ACKB
[09:43:49] [33/326] ALUC
[09:43:49] [34/326] MNSR
[09:43:51] [35/326] CSSL
[09:43:52] [36/326] BGGM
[09:43:53] [37/326] MANT
[09:43:53] [38/326] SOOY
[09:43:54] [39/326] VPPK
[09:43:55] 🔄 Identity reset
[09:43:55] 🔄 Identity rotated (every 10 requests)
[09:43:55] 🔄 Retry 1/5 for VPPK in 2.6s
[09:43:55] 🔄 Identity reset
[09:43:58] 🧠 New identity created
[09:43:58] [40/326] MYHJ
[09:43:59] [41/326] KSCK
[09:44:00] [42/326] KATK
[09:44:01] [43/326] RTRT
[09:44:01] [44/326] SSTT
[09:44:02] [45/326] SSTV
[09:44:03] [46/326] LACM
[09:44:04] [47/326] SGMG
[09:44:05] [48/326] KACX
[09:44:06] 🔄 Identity reset
[09:44:06] 🔄 Identity rotated (every 10 requests)
[09:44:06] [49/326] GVCP
[09:44:07] [50/326] CSNC
[09:44:08] [51/326] SXCB
[09:44:09] [52/326] BAHS
[09:44:10] [53/326] PCBI
[09:44:11] [54/326] PSSM
[09:44:11] [55/326] RCOK
[09:44:12] [56/326] SCPF
[09:44:13] [57/326] SSAS
[09:44:14] [58/326] EVMM
[09:44:15] 🔄 Identity reset
[09:44:15] 🔄 Identity rotated (every 10 requests)
[09:44:15] [59/326] SYCB
[09:44:16] [60/326] GCKI
[09:44:17] [61/326] IAET
[09:44:18] [62/326] DDTD
[09:44:19] [63/326] GMDH
[09:44:19] [64/326] STLE
[09:44:20] [65/326] JTRA
[09:44:21] [66/326] RPPA
[09:44:22] [67/326] ARUT
[09:44:23] [68/326] JTVM
[09:44:24] 🔄 Identity reset
[09:44:24] 🔄 Identity rotated (every 10 requests)
[09:44:25] [69/326] SWRH
[09:44:26] [70/326] DCPC
[09:44:27] [71/326] RAPR
[09:44:28] [72/326] GCRT
[09:44:29] [73/326] ATUN
[09:44:30] [74/326] LTRM
[09:44:31] [75/326] TASR
[09:44:32] [76/326] RLLC
[09:44:33] [77/326] MABI
[09:44:34] [78/326] SVHB
[09:44:34] 🔄 Identity reset
[09:44:34] 🔄 Identity rotated (every 10 requests)
[09:44:35] [79/326] NVTB
[09:44:35] [80/326] KCKG
[09:44:36] [81/326] SSRN
[09:44:37] [82/326] VDDC
[09:44:38] [83/326] GKTK
[09:44:39] [84/326] YFSN
[09:44:40] [85/326] GCSG
[09:44:41] [86/326] ESSM
[09:44:42] [87/326] KRIH
[09:44:43] [88/326] GCDS
[09:44:44] 🔄 Identity reset
[09:44:44] 🔄 Identity rotated (every 10 requests)
[09:44:44] [89/326] CCSH
[09:44:45] [90/326] ACSK
[09:44:45] [91/326] APRK
[09:44:46] [92/326] ADKM
[09:44:47] [93/326] SRDM
[09:44:48] [94/326] SJMY
[09:44:49] [95/326] PGGC
[09:44:49] [96/326] INGM
[09:44:50] [97/326] LSCB
[09:44:51] [98/326] STAD
[09:44:52] 🔄 Identity reset
[09:44:52] 🔄 Identity rotated (every 10 requests)
[09:44:52] [99/326] MCCR
[09:44:53] [100/326] ABCC
[09:44:54] [101/326] RKCC
[09:44:55] [102/326] RTCR
[09:44:55] [103/326] GGBC
[09:44:56] [104/326] GCSD
[09:44:57] [105/326] LPTY
[09:44:58] [106/326] MCFD
[09:44:59] [107/326] HENN
[09:45:00] [108/326] SMKU
[09:45:00] 🔄 Identity reset
[09:45:00] 🔄 Identity rotated (every 10 requests)
[09:45:00] [109/326] TNZC
[09:45:01] [110/326] DRCD
[09:45:02] [111/326] DLCD
[09:45:03] [112/326] RCDA
[09:45:04] [113/326] COSM
[09:45:05] [114/326] MCMJ
[09:45:05] [115/326] CSTR
[09:45:06] [116/326] CVDK
[09:45:07] [117/326] INRR
[09:45:08] [118/326] RJRT
[09:45:09] 🔄 Identity reset
[09:45:09] 🔄 Identity rotated (every 10 requests)
[09:45:09] 🔄 Retry 1/5 for RJRT in 2.1s
[09:45:09] 🔄 Identity reset
[09:45:11] 🧠 New identity created
[09:45:11] [119/326] IRMR
[09:45:12] [120/326] SRCF
[09:45:13] [121/326] GRCR
[09:45:14] [122/326] SURC
[09:45:14] [123/326] NMNH
[09:45:15] [124/326] SVBL
[09:45:17] [125/326] KACI
[09:45:18] [126/326] TDGO
[09:45:19] [127/326] KTBR
[09:45:19] 🔄 Identity reset
[09:45:19] 🔄 Identity rotated (every 10 requests)
[09:45:20] [128/326] PMAD
[09:45:21] [129/326] CCPN
[09:45:22] [130/326] SBTK
[09:45:22] [131/326] LMDK
[09:45:23] [132/326] PGDA
[09:45:24] [133/326] SRML
[09:45:26] [134/326] EVCK
[09:45:27] [135/326] RTTK
[09:45:28] [136/326] SRTU
[09:45:29] [137/326] VRSA
[09:45:29] 🔄 Identity reset
[09:45:29] 🔄 Identity rotated (every 10 requests)
[09:45:29] 🔄 Retry 1/5 for VRSA in 2.7s
[09:45:29] 🔄 Identity reset
[09:45:32] 🧠 New identity created
[09:45:33] [138/326] VARS
[09:45:33] [139/326] DSCZ
[09:45:34] [140/326] GAGA
[09:45:35] [141/326] SARV
[09:45:36] [142/326] SEEG
[09:45:37] [143/326] GLCA
[09:45:37] [144/326] APAS
[09:45:38] [145/326] VCIA
[09:45:39] [146/326] SJTA
[09:45:40] 🔄 Identity reset
[09:45:40] 🔄 Identity rotated (every 10 requests)
[09:45:40] [147/326] SABM
[09:45:41] [148/326] PPAG
[09:45:42] [149/326] RVCA
[09:45:42] [150/326] CCIA
[09:45:44] [151/326] HTAG
[09:45:45] [152/326] SMBI
[09:45:46] [153/326] MCJR
[09:45:47] [154/326] CCJR
[09:45:48] [155/326] SINF
[09:45:49] [156/326] CPLX
[09:45:50] 🔄 Identity reset
[09:45:50] 🔄 Identity rotated (every 10 requests)
[09:45:50] [157/326] KKTJ
[09:45:51] [158/326] GDBW
[09:45:52] [159/326] CSUB
[09:45:53] [160/326] DABA
[09:45:54] [161/326] TITR
[09:45:55] [162/326] NYCR
[09:45:56] [163/326] RTRY
[09:45:57] [164/326] JTJL
[09:45:58] [165/326] SJCP
[09:45:59] [166/326] KCCA
[09:45:59] 🔄 Identity reset
[09:45:59] 🔄 Identity rotated (every 10 requests)
[09:46:00] [167/326] MLPG
[09:46:01] [168/326] VRCK
[09:46:01] [169/326] SRIN
[09:46:02] [170/326] CXMK
[09:46:03] [171/326] SKAD
[09:46:04] [172/326] AVTR
[09:46:05] [173/326] PTAJ
[09:46:06] [174/326] SCNK
[09:46:06] [175/326] STTI
[09:46:07] [176/326] KACR
[09:46:08] 🔄 Identity reset
[09:46:08] 🔄 Identity rotated (every 10 requests)
[09:46:08] [177/326] SSDX
[09:46:09] [178/326] VRTJ
[09:46:10] [179/326] RAJD
[09:46:10] [180/326] SCIP
[09:46:11] [181/326] RJSL
[09:46:12] [182/326] ARRS
[09:46:13] [183/326] ASMS
[09:46:15] [184/326] RDTS
[09:46:15] [185/326] DVMY
[09:46:16] [186/326] RASA
[09:46:17] 🔄 Identity reset
[09:46:17] 🔄 Identity rotated (every 10 requests)
[09:46:17] [187/326] INOM
[09:46:18] [188/326] SPRS
[09:46:19] [189/326] SGCS
[09:46:20] [190/326] SALM
[09:46:21] [191/326] PKHC
[09:46:22] [192/326] RCSV
[09:46:23] [193/326] CPKC
[09:46:24] [194/326] AACD
[09:46:25] [195/326] GGCV
[09:46:26] [196/326] SMKD
[09:46:27] 🔄 Identity reset
[09:46:27] 🔄 Identity rotated (every 10 requests)
[09:46:27] [197/326] NBCH
[09:46:28] [198/326] AMCB
[09:46:29] [199/326] OPCN
[09:46:30] [200/326] DCIN
[09:46:31] [201/326] INGW
[09:46:32] [202/326] PKKW
[09:46:33] [203/326] FNGW
[09:46:34] [204/326] GCGD
[09:46:34] [205/326] MSTW
[09:46:35] [206/326] KCCG
[09:46:36] 🔄 Identity reset
[09:46:36] 🔄 Identity rotated (every 10 requests)
[09:46:36] [207/326] MRSS
[09:46:37] [208/326] CLCF
[09:46:38] [209/326] EETS
[09:46:39] [210/326] AATR
[09:46:40] [211/326] CMMN
[09:46:41] [212/326] SCCJ
[09:46:42] [213/326] CDTK
[09:46:42] [214/326] AICP
[09:46:43] [215/326] FNBP
[09:46:44] [216/326] CBPB
[09:46:44] 🔄 Identity reset
[09:46:44] 🔄 Identity rotated (every 10 requests)
[09:46:45] [217/326] CPAS
[09:46:46] [218/326] MAPM
[09:46:46] [219/326] PASD
[09:46:47] [220/326] JCMN
[09:46:48] [221/326] MALB
[09:46:49] [222/326] SACG
[09:46:50] [223/326] DDRX
[09:46:51] [224/326] DDXB
[09:46:52] [225/326] RAMC
[09:46:53] [226/326] SANC
[09:46:54] 🔄 Identity reset
[09:46:54] 🔄 Identity rotated (every 10 requests)
[09:46:54] 🔄 Retry 1/5 for SANC in 3.0s
[09:46:54] 🔄 Identity reset
[09:46:57] 🧠 New identity created
[09:46:57] [227/326] BCBP
[09:46:58] [228/326] ALPC
[09:47:00] [229/326] RBAC
[09:47:00] [230/326] RAJL
[09:47:01] [231/326] MPDX
[09:47:02] [232/326] MUSC
[09:47:03] [233/326] VKMK
[09:47:03] [234/326] SKCG
[09:47:05] [235/326] ANCN
[09:47:06] 🔄 Identity reset
[09:47:06] 🔄 Identity rotated (every 10 requests)
[09:47:06] [236/326] MMCJ
[09:47:07] [237/326] DCAK
[09:47:08] [238/326] SCKG
[09:47:09] [239/326] LMCK
[09:47:10] [240/326] CKKX
[09:47:11] [241/326] ANKU
[09:47:12] [242/326] CSMD
[09:47:13] [243/326] MKMP
[09:47:14] [244/326] SVBG
[09:47:15] [245/326] ROOP
[09:47:15] 🔄 Identity reset
[09:47:15] 🔄 Identity rotated (every 10 requests)
[09:47:16] [246/326] GDMT
[09:47:17] [247/326] FPPF
[09:47:18] [248/326] SFUU
[09:47:19] [249/326] ANCB
[09:47:20] [250/326] SMMC
[09:47:21] [251/326] UGKT
[09:47:21] [252/326] JVRM
[09:47:22] [253/326] BATG
[09:47:23] [254/326] RATE
[09:47:24] [255/326] SKME
[09:47:25] 🔄 Identity reset
[09:47:25] 🔄 Identity rotated (every 10 requests)
[09:47:25] [256/326] LMTP
[09:47:26] [257/326] TCBD
[09:47:27] [258/326] ESBD
[09:47:28] [259/326] GDCU
[09:47:29] [260/326] SNKT
[09:47:30] [261/326] SRNK
[09:47:31] [262/326] SMED
[09:47:31] [263/326] CSQS
[09:47:32] [264/326] ALCS
[09:47:33] [265/326] KCKN
[09:47:34] 🔄 Identity reset
[09:47:34] 🔄 Identity rotated (every 10 requests)
[09:47:34] 🔄 Retry 1/5 for KCKN in 2.0s
[09:47:34] 🔄 Identity reset
[09:47:36] 🧠 New identity created
[09:47:36] [266/326] VCCL
[09:47:37] [267/326] MCDA
[09:47:37] [268/326] SHMI
[09:47:39] [269/326] SKHA
[09:47:40] [270/326] SVFK
[09:47:40] [271/326] INVB
[09:47:41] [272/326] MELD
[09:47:42] [273/326] JTYS
[09:47:43] [274/326] INCM
[09:47:43] 🔄 Identity reset
[09:47:43] 🔄 Identity rotated (every 10 requests)
[09:47:44] [275/326] MCDV
[09:47:44] [276/326] KSGK
[09:47:45] [277/326] ICMG
[09:47:46] [278/326] CSCV
[09:47:47] [279/326] STMD
[09:47:48] [280/326] STTR
[09:47:49] [281/326] INVC
[09:47:49] [282/326] JTBL
[09:47:50] [283/326] SRVV
[09:47:51] [284/326] MAVC
[09:47:51] 🔄 Identity reset
[09:47:52] 🔄 Identity rotated (every 10 requests)
[09:47:52] [285/326] SRPP
[09:47:53] [286/326] JGDM
[09:47:54] [287/326] MBSJ
[09:47:55] [288/326] SSLL
[09:47:55] [289/326] SLKP
[09:47:56] [290/326] NSRV
[09:47:57] [291/326] UTDV
[09:47:58] [292/326] KICM
[09:47:59] [293/326] KCMD
[09:48:00] [294/326] TTPP
[09:48:00] 🔄 Identity reset
[09:48:00] 🔄 Identity rotated (every 10 requests)
[09:48:01] [295/326] KMPV
[09:48:02] [296/326] SKTV
[09:48:02] [297/326] STCV
[09:48:03] [298/326] SRDA
[09:48:04] [299/326] JTSX
[09:48:05] [300/326] STBV
[09:48:06] [301/326] APVZ
[09:48:07] [302/326] GSTV
[09:48:08] [303/326] NMVS
[09:48:09] [304/326] SKRT
[09:48:09] 🔄 Identity reset
[09:48:09] 🔄 Identity rotated (every 10 requests)
[09:48:10] [305/326] RMDV
[09:48:10] [306/326] RATG
[09:48:11] [307/326] SJYV
[09:48:13] [308/326] NDGP
[09:48:14] [309/326] SNDG
[09:48:15] [310/326] INSR
[09:48:16] [311/326] INSO
[09:48:16] [312/326] CCSI
[09:48:17] [313/326] RASM
[09:48:18] [314/326] NEWC
[09:48:19] 🔄 Identity reset
[09:48:19] 🔄 Identity rotated (every 10 requests)
[09:48:19] [315/326] VSHL
[09:48:20] [316/326] BISW
[09:48:20] [317/326] GCNG
[09:48:21] [318/326] CWSC
[09:48:22] [319/326] SKAN
[09:48:23] [320/326] CCOA
[09:48:24] [321/326] MCAJ
[09:48:25] [322/326] ACDE
[09:48:26] [323/326] AACM
[09:48:27] [324/326] JJCK
[09:48:28] 🔄 Identity reset
[09:48:28] 🔄 Identity rotated (every 10 requests)
[09:48:29] [325/326] RCMO
[09:48:30] [326/326] GDAW
[09:48:30] 🧹 Deduping shows
[09:48:30] ✅ DONE | Shows=75 | Movies=9
[16:32:35] 🚀 SCRIPT STARTED (enhanced anti‑detection)
[16:32:35] [1/326] VCHA
[16:32:36] 🧠 New identity created
[16:32:36] [2/326] SCKO
[16:32:37] [3/326] VKTK
[16:32:38] [4/326] DXEC
[16:32:39] [5/326] CDCA
[16:32:40] [6/326] VBCZ
[16:32:41] [7/326] MSDR
[16:32:42] [8/326] ACPV
[16:32:43] [9/326] PVHB
[16:32:44] [10/326] RCNH
[16:32:45] 🔄 Identity reset
[16:32:45] 🔄 Identity rotated (every 10 requests)
[16:32:45] [11/326] IOMH
[16:32:47] [12/326] ILKS
[16:32:48] [13/326] AMSN
[16:32:49] [14/326] ANTP
[16:32:49] [15/326] SSEK
[16:32:50] [16/326] PICP
[16:32:51] [17/326] SICO
[16:32:52] [18/326] SISP
[16:32:54] [19/326] SCPI
[16:32:55] [20/326] CRPR
[16:32:55] 🔄 Identity reset
[16:32:55] 🔄 Identity rotated (every 10 requests)
[16:32:56] [21/326] DCTW
[16:32:57] [22/326] DCSP
[16:32:58] [23/326] KRPM
[16:32:59] [24/326] THKK
[16:33:00] [25/326] SNMY
[16:33:00] [26/326] AKCC
[16:33:01] [27/326] PCAT
[16:33:02] [28/326] RFGO
[16:33:03] [29/326] GGCS
[16:33:05] [30/326] ACKR
[16:33:05] 🔄 Identity reset
[16:33:05] 🔄 Identity rotated (every 10 requests)
[16:33:06] [31/326] STDO
[16:33:06] [32/326] ACKB
[16:33:07] [33/326] ALUC
[16:33:08] [34/326] MNSR
[16:33:09] [35/326] CSSL
[16:33:10] [36/326] BGGM
[16:33:11] [37/326] MANT
[16:33:12] [38/326] SOOY
[16:33:13] [39/326] VPPK
[16:33:14] [40/326] MYHJ
[16:33:15] 🔄 Identity reset
[16:33:15] 🔄 Identity rotated (every 10 requests)
[16:33:15] [41/326] KSCK
[16:33:16] [42/326] KATK
[16:33:17] [43/326] RTRT
[16:33:18] [44/326] SSTT
[16:33:19] [45/326] SSTV
[16:33:19] [46/326] LACM
[16:33:20] [47/326] SGMG
[16:33:21] [48/326] KACX
[16:33:22] [49/326] GVCP
[16:33:24] [50/326] CSNC
[16:33:24] 🔄 Identity reset
[16:33:25] 🔄 Identity rotated (every 10 requests)
[16:33:25] 🔄 Retry 1/5 for CSNC in 2.1s
[16:33:25] 🔄 Identity reset
[16:33:27] 🧠 New identity created
[16:33:27] [51/326] SXCB
[16:33:28] [52/326] BAHS
[16:33:29] [53/326] PCBI
[16:33:30] [54/326] PSSM
[16:33:31] [55/326] RCOK
[16:33:32] [56/326] SCPF
[16:33:32] [57/326] SSAS
[16:33:33] [58/326] EVMM
[16:33:34] [59/326] SYCB
[16:33:35] 🔄 Identity reset
[16:33:35] 🔄 Identity rotated (every 10 requests)
[16:33:35] [60/326] GCKI
[16:33:36] [61/326] IAET
[16:33:37] [62/326] DDTD
[16:33:38] [63/326] GMDH
[16:33:39] [64/326] STLE
[16:33:40] [65/326] JTRA
[16:33:41] [66/326] RPPA
[16:33:42] [67/326] ARUT
[16:33:43] [68/326] JTVM
[16:33:44] [69/326] SWRH
[16:33:44] 🔄 Identity reset
[16:33:44] 🔄 Identity rotated (every 10 requests)
[16:33:44] 🔄 Retry 1/5 for SWRH in 2.3s
[16:33:44] 🔄 Identity reset
[16:33:47] 🧠 New identity created
[16:33:47] 🔄 Retry 2/5 for SWRH in 4.1s
[16:33:47] 🔄 Identity reset
[16:33:51] 🧠 New identity created
[16:33:51] [70/326] DCPC
[16:33:52] [71/326] RAPR
[16:33:53] [72/326] GCRT
[16:33:55] [73/326] ATUN
[16:33:56] [74/326] LTRM
[16:33:57] [75/326] TASR
[16:33:58] [76/326] RLLC
[16:33:59] [77/326] MABI
[16:33:59] 🔄 Identity reset
[16:33:59] 🔄 Identity rotated (every 10 requests)
[16:34:00] [78/326] SVHB
[16:34:01] [79/326] NVTB
[16:34:02] [80/326] KCKG
[16:34:03] [81/326] SSRN
[16:34:04] [82/326] VDDC
[16:34:05] [83/326] GKTK
[16:34:06] [84/326] YFSN
[16:34:06] [85/326] GCSG
[16:34:07] [86/326] ESSM
[16:34:08] [87/326] KRIH
[16:34:09] 🔄 Identity reset
[16:34:09] 🔄 Identity rotated (every 10 requests)
[16:34:09] [88/326] GCDS
[16:34:10] [89/326] CCSH
[16:34:11] [90/326] ACSK
[16:34:12] [91/326] APRK
[16:34:13] [92/326] ADKM
[16:34:14] [93/326] SRDM
[16:34:15] [94/326] SJMY
[16:34:16] [95/326] PGGC
[16:34:17] [96/326] INGM
[16:34:18] [97/326] LSCB
[16:34:19] 🔄 Identity reset
[16:34:19] 🔄 Identity rotated (every 10 requests)
[16:34:19] [98/326] STAD
[16:34:20] [99/326] MCCR
[16:34:21] [100/326] ABCC
[16:34:22] [101/326] RKCC
[16:34:23] [102/326] RTCR
[16:34:24] [103/326] GGBC
[16:34:25] [104/326] GCSD
[16:34:25] [105/326] LPTY
[16:34:26] [106/326] MCFD
[16:34:27] [107/326] HENN
[16:34:28] 🔄 Identity reset
[16:34:28] 🔄 Identity rotated (every 10 requests)
[16:34:28] [108/326] SMKU
[16:34:29] [109/326] TNZC
[16:34:29] [110/326] DRCD
[16:34:30] [111/326] DLCD
[16:34:31] [112/326] RCDA
[16:34:32] [113/326] COSM
[16:34:33] [114/326] MCMJ
[16:34:34] [115/326] CSTR
[16:34:34] [116/326] CVDK
[16:34:35] [117/326] INRR
[16:34:36] 🔄 Identity reset
[16:34:36] 🔄 Identity rotated (every 10 requests)
[16:34:36] 🔄 Retry 1/5 for INRR in 2.6s
[16:34:36] 🔄 Identity reset
[16:34:39] 🧠 New identity created
[16:34:39] [118/326] RJRT
[16:34:40] [119/326] IRMR
[16:34:42] [120/326] SRCF
[16:34:43] [121/326] GRCR
[16:34:44] [122/326] SURC
[16:34:44] [123/326] NMNH
[16:34:45] [124/326] SVBL
[16:34:46] [125/326] KACI
[16:34:47] [126/326] TDGO
[16:34:48] 🔄 Identity reset
[16:34:48] 🔄 Identity rotated (every 10 requests)
[16:34:48] 🔄 Retry 1/5 for TDGO in 2.3s
[16:34:48] 🔄 Identity reset
[16:34:50] 🧠 New identity created
[16:34:51] [127/326] KTBR
[16:34:52] [128/326] PMAD
[16:34:52] [129/326] CCPN
[16:34:54] [130/326] SBTK
[16:34:55] [131/326] LMDK
[16:34:56] [132/326] PGDA
[16:34:58] [133/326] SRML
[16:34:59] [134/326] EVCK
[16:35:00] [135/326] RTTK
[16:35:01] 🔄 Identity reset
[16:35:01] 🔄 Identity rotated (every 10 requests)
[16:35:01] [136/326] SRTU
[16:35:02] [137/326] VRSA
[16:35:03] [138/326] VARS
[16:35:04] [139/326] DSCZ
[16:35:05] [140/326] GAGA
[16:35:06] [141/326] SARV
[16:35:07] [142/326] SEEG
[16:35:08] [143/326] GLCA
[16:35:09] [144/326] APAS
[16:35:09] [145/326] VCIA
[16:35:10] 🔄 Identity reset
[16:35:10] 🔄 Identity rotated (every 10 requests)
[16:35:10] [146/326] SJTA
[16:35:11] [147/326] SABM
[16:35:12] [148/326] PPAG
[16:35:13] [149/326] RVCA
[16:35:14] [150/326] CCIA
[16:35:16] [151/326] HTAG
[16:35:17] [152/326] SMBI
[16:35:18] [153/326] MCJR
[16:35:19] [154/326] CCJR
[16:35:20] [155/326] SINF
[16:35:21] 🔄 Identity reset
[16:35:21] 🔄 Identity rotated (every 10 requests)
[16:35:21] [156/326] CPLX
[16:35:22] [157/326] KKTJ
[16:35:23] [158/326] GDBW
[16:35:24] [159/326] CSUB
[16:35:25] [160/326] DABA
[16:35:26] [161/326] TITR
[16:35:27] [162/326] NYCR
[16:35:28] [163/326] RTRY
[16:35:29] [164/326] JTJL
[16:35:29] [165/326] SJCP
[16:35:30] 🔄 Identity reset
[16:35:30] 🔄 Identity rotated (every 10 requests)
[16:35:30] 🔄 Retry 1/5 for SJCP in 2.3s
[16:35:30] 🔄 Identity reset
[16:35:32] 🧠 New identity created
[16:35:33] [166/326] KCCA
[16:35:34] [167/326] MLPG
[16:35:35] [168/326] VRCK
[16:35:35] [169/326] SRIN
[16:35:37] [170/326] CXMK
[16:35:38] [171/326] SKAD
[16:35:39] [172/326] AVTR
[16:35:40] [173/326] PTAJ
[16:35:40] [174/326] SCNK
[16:35:41] 🔄 Identity reset
[16:35:41] 🔄 Identity rotated (every 10 requests)
[16:35:41] [175/326] STTI
[16:35:42] [176/326] KACR
[16:35:43] [177/326] SSDX
[16:35:44] [178/326] VRTJ
[16:35:46] [179/326] RAJD
[16:35:46] [180/326] SCIP
[16:35:48] [181/326] RJSL
[16:35:49] [182/326] ARRS
[16:35:50] [183/326] ASMS
[16:35:51] [184/326] RDTS
[16:35:51] 🔄 Identity reset
[16:35:51] 🔄 Identity rotated (every 10 requests)
[16:35:51] [185/326] DVMY
[16:35:52] [186/326] RASA
[16:35:53] [187/326] INOM
[16:35:54] [188/326] SPRS
[16:35:55] [189/326] SGCS
[16:35:56] [190/326] SALM
[16:35:57] [191/326] PKHC
[16:35:58] [192/326] RCSV
[16:35:58] [193/326] CPKC
[16:35:59] [194/326] AACD
[16:36:00] 🔄 Identity reset
[16:36:00] 🔄 Identity rotated (every 10 requests)
[16:36:00] [195/326] GGCV
[16:36:01] [196/326] SMKD
[16:36:02] [197/326] NBCH
[16:36:03] [198/326] AMCB
[16:36:04] [199/326] OPCN
[16:36:05] [200/326] DCIN
[16:36:06] [201/326] INGW
[16:36:07] [202/326] PKKW
[16:36:08] [203/326] FNGW
[16:36:08] [204/326] GCGD
[16:36:09] 🔄 Identity reset
[16:36:09] 🔄 Identity rotated (every 10 requests)
[16:36:09] [205/326] MSTW
[16:36:10] [206/326] KCCG
[16:36:11] [207/326] MRSS
[16:36:12] [208/326] CLCF
[16:36:13] [209/326] EETS
[16:36:14] [210/326] AATR
[16:36:14] [211/326] CMMN
[16:36:15] [212/326] SCCJ
[16:36:16] [213/326] CDTK
[16:36:17] [214/326] AICP
[16:36:17] 🔄 Identity reset
[16:36:17] 🔄 Identity rotated (every 10 requests)
[16:36:18] [215/326] FNBP
[16:36:19] [216/326] CBPB
[16:36:20] [217/326] CPAS
[16:36:21] [218/326] MAPM
[16:36:21] [219/326] PASD
[16:36:22] [220/326] JCMN
[16:36:23] [221/326] MALB
[16:36:24] [222/326] SACG
[16:36:25] [223/326] DDRX
[16:36:26] [224/326] DDXB
[16:36:26] 🔄 Identity reset
[16:36:26] 🔄 Identity rotated (every 10 requests)
[16:36:27] [225/326] RAMC
[16:36:28] [226/326] SANC
[16:36:28] [227/326] BCBP
[16:36:29] [228/326] ALPC
[16:36:30] [229/326] RBAC
[16:36:31] [230/326] RAJL
[16:36:32] [231/326] MPDX
[16:36:33] [232/326] MUSC
[16:36:33] [233/326] VKMK
[16:36:34] [234/326] SKCG
[16:36:35] 🔄 Identity reset
[16:36:35] 🔄 Identity rotated (every 10 requests)
[16:36:35] [235/326] ANCN
[16:36:36] [236/326] MMCJ
[16:36:37] [237/326] DCAK
[16:36:38] [238/326] SCKG
[16:36:39] [239/326] LMCK
[16:36:40] [240/326] CKKX
[16:36:42] [241/326] ANKU
[16:36:43] [242/326] CSMD
[16:36:43] [243/326] MKMP
[16:36:44] [244/326] SVBG
[16:36:45] 🔄 Identity reset
[16:36:45] 🔄 Identity rotated (every 10 requests)
[16:36:45] 🔄 Retry 1/5 for SVBG in 2.9s
[16:36:45] 🔄 Identity reset
[16:36:48] 🧠 New identity created
[16:36:48] [245/326] ROOP
[16:36:49] [246/326] GDMT
[16:36:50] [247/326] FPPF
[16:36:51] [248/326] SFUU
[16:36:52] [249/326] ANCB
[16:36:53] [250/326] SMMC
[16:36:54] [251/326] UGKT
[16:36:55] [252/326] JVRM
[16:36:56] [253/326] BATG
[16:36:57] 🔄 Identity reset
[16:36:57] 🔄 Identity rotated (every 10 requests)
[16:36:57] [254/326] RATE
[16:36:59] [255/326] SKME
[16:37:00] [256/326] LMTP
[16:37:01] [257/326] TCBD
[16:37:02] [258/326] ESBD
[16:37:03] [259/326] GDCU
[16:37:04] [260/326] SNKT
[16:37:06] [261/326] SRNK
[16:37:07] [262/326] SMED
[16:37:08] [263/326] CSQS
[16:37:08] 🔄 Identity reset
[16:37:08] 🔄 Identity rotated (every 10 requests)
[16:37:09] [264/326] ALCS
[16:37:10] [265/326] KCKN
[16:37:10] [266/326] VCCL
[16:37:11] [267/326] MCDA
[16:37:12] [268/326] SHMI
[16:37:13] [269/326] SKHA
[16:37:14] [270/326] SVFK
[16:37:15] [271/326] INVB
[16:37:17] [272/326] MELD
[16:37:18] [273/326] JTYS
[16:37:18] 🔄 Identity reset
[16:37:18] 🔄 Identity rotated (every 10 requests)
[16:37:19] [274/326] INCM
[16:37:20] [275/326] MCDV
[16:37:21] [276/326] KSGK
[16:37:21] [277/326] ICMG
[16:37:22] [278/326] CSCV
[16:37:23] [279/326] STMD
[16:37:24] [280/326] STTR
[16:37:25] [281/326] INVC
[16:37:26] [282/326] JTBL
[16:37:26] [283/326] SRVV
[16:37:27] 🔄 Identity reset
[16:37:27] 🔄 Identity rotated (every 10 requests)
[16:37:28] [284/326] MAVC
[16:37:28] [285/326] SRPP
[16:37:29] [286/326] JGDM
[16:37:30] [287/326] MBSJ
[16:37:31] [288/326] SSLL
[16:37:32] [289/326] SLKP
[16:37:33] [290/326] NSRV
[16:37:34] [291/326] UTDV
[16:37:35] [292/326] KICM
[16:37:35] [293/326] KCMD
[16:37:36] 🔄 Identity reset
[16:37:36] 🔄 Identity rotated (every 10 requests)
[16:37:36] [294/326] TTPP
[16:37:37] [295/326] KMPV
[16:37:38] [296/326] SKTV
[16:37:40] [297/326] STCV
[16:37:41] [298/326] SRDA
[16:37:42] [299/326] JTSX
[16:37:43] [300/326] STBV
[16:37:44] [301/326] APVZ
[16:37:44] [302/326] GSTV
[16:37:45] [303/326] NMVS
[16:37:46] 🔄 Identity reset
[16:37:46] 🔄 Identity rotated (every 10 requests)
[16:37:46] [304/326] SKRT
[16:37:48] [305/326] RMDV
[16:37:49] [306/326] RATG
[16:37:50] [307/326] SJYV
[16:37:51] [308/326] NDGP
[16:37:52] [309/326] SNDG
[16:37:53] [310/326] INSR
[16:37:54] [311/326] INSO
[16:37:55] [312/326] CCSI
[16:37:56] [313/326] RASM
[16:37:57] 🔄 Identity reset
[16:37:57] 🔄 Identity rotated (every 10 requests)
[16:37:57] [314/326] NEWC
[16:37:58] [315/326] VSHL
[16:38:00] [316/326] BISW
[16:38:01] [317/326] GCNG
[16:38:02] [318/326] CWSC
[16:38:03] [319/326] SKAN
[16:38:04] [320/326] CCOA
[16:38:05] [321/326] MCAJ
[16:38:05] [322/326] ACDE
[16:38:06] [323/326] AACM
[16:38:07] 🔄 Identity reset
[16:38:07] 🔄 Identity rotated (every 10 requests)
[16:38:07] [324/326] JJCK
[16:38:08] [325/326] RCMO
[16:38:09] [326/326] GDAW
[16:38:10] 🧹 Deduping shows
[16:38:10] ✅ DONE | Shows=140 | Movies=10
[04:47:29] 🚀 SCRIPT STARTED (enhanced anti‑detection)
[04:47:29] [1/326] VCHA
[04:47:30] 🧠 New identity created
[04:47:30] [2/326] SCKO
[04:47:31] [3/326] VKTK
[04:47:32] [4/326] DXEC
[04:47:33] [5/326] CDCA
[04:47:34] [6/326] VBCZ
[04:47:35] [7/326] MSDR
[04:47:35] [8/326] ACPV
[04:47:36] [9/326] PVHB
[04:47:37] [10/326] RCNH
[04:47:38] 🔄 Identity reset
[04:47:38] 🔄 Identity rotated (every 10 requests)
[04:47:38] [11/326] IOMH
[04:47:39] [12/326] ILKS
[04:47:40] [13/326] AMSN
[04:47:41] [14/326] ANTP
[04:47:42] [15/326] SSEK
[04:47:43] [16/326] PICP
[04:47:44] [17/326] SICO
[04:47:44] [18/326] SISP
[04:47:45] [19/326] SCPI
[04:47:46] [20/326] CRPR
[04:47:47] 🔄 Identity reset
[04:47:47] 🔄 Identity rotated (every 10 requests)
[04:47:47] [21/326] DCTW
[04:47:48] [22/326] DCSP
[04:47:50] [23/326] KRPM
[04:47:50] [24/326] THKK
[04:47:52] [25/326] SNMY
[04:47:53] [26/326] AKCC
[04:47:54] [27/326] PCAT
[04:47:55] [28/326] RFGO
[04:47:56] [29/326] GGCS
[04:47:57] [30/326] ACKR
[04:47:57] 🔄 Identity reset
[04:47:57] 🔄 Identity rotated (every 10 requests)
[04:47:57] 🔄 Retry 1/5 for ACKR in 2.6s
[04:47:57] 🔄 Identity reset
[04:48:00] 🧠 New identity created
[04:48:00] [31/326] STDO
[04:48:01] [32/326] ACKB
[04:48:02] [33/326] ALUC
[04:48:03] [34/326] MNSR
[04:48:04] [35/326] CSSL
[04:48:05] [36/326] BGGM
[04:48:05] [37/326] MANT
[04:48:06] [38/326] SOOY
[04:48:07] [39/326] VPPK
[04:48:08] 🔄 Identity reset
[04:48:08] 🔄 Identity rotated (every 10 requests)
[04:48:08] 🔄 Retry 1/5 for VPPK in 2.1s
[04:48:08] 🔄 Identity reset
[04:48:10] 🧠 New identity created
[04:48:10] [40/326] MYHJ
[04:48:11] [41/326] KSCK
[04:48:12] [42/326] KATK
[04:48:13] [43/326] RTRT
[04:48:14] [44/326] SSTT
[04:48:15] [45/326] SSTV
[04:48:15] [46/326] LACM
[04:48:17] [47/326] SGMG
[04:48:18] [48/326] KACX
[04:48:19] 🔄 Identity reset
[04:48:19] 🔄 Identity rotated (every 10 requests)
[04:48:19] [49/326] GVCP
[04:48:20] [50/326] CSNC
[04:48:21] [51/326] SXCB
[04:48:22] [52/326] BAHS
[04:48:22] [53/326] PCBI
[04:48:23] [54/326] PSSM
[04:48:24] [55/326] RCOK
[04:48:25] [56/326] SCPF
[04:48:26] [57/326] SSAS
[04:48:27] [58/326] EVMM
[04:48:28] 🔄 Identity reset
[04:48:28] 🔄 Identity rotated (every 10 requests)
[04:48:28] [59/326] SYCB
[04:48:29] [60/326] GCKI
[04:48:29] [61/326] IAET
[04:48:30] [62/326] DDTD
[04:48:31] [63/326] GMDH
[04:48:32] [64/326] STLE
[04:48:33] [65/326] JTRA
[04:48:34] [66/326] RPPA
[04:48:35] [67/326] ARUT
[04:48:36] [68/326] JTVM
[04:48:36] 🔄 Identity reset
[04:48:37] 🔄 Identity rotated (every 10 requests)
[04:48:37] [69/326] SWRH
[04:48:38] [70/326] DCPC
[04:48:39] [71/326] RAPR
[04:48:39] [72/326] GCRT
[04:48:40] [73/326] ATUN
[04:48:41] [74/326] LTRM
[04:48:42] [75/326] TASR
[04:48:43] [76/326] RLLC
[04:48:44] [77/326] MABI
[04:48:46] [78/326] SVHB
[04:48:47] 🔄 Identity reset
[04:48:47] 🔄 Identity rotated (every 10 requests)
[04:48:47] [79/326] NVTB
[04:48:48] [80/326] KCKG
[04:48:49] [81/326] SSRN
[04:48:50] [82/326] VDDC
[04:48:51] [83/326] GKTK
[04:48:52] [84/326] YFSN
[04:48:53] [85/326] GCSG
[04:48:54] [86/326] ESSM
[04:48:55] [87/326] KRIH
[04:48:56] [88/326] GCDS
[04:48:57] 🔄 Identity reset
[04:48:57] 🔄 Identity rotated (every 10 requests)
[04:48:57] [89/326] CCSH
[04:48:58] [90/326] ACSK
[04:48:59] [91/326] APRK
[04:48:59] [92/326] ADKM
[04:49:00] [93/326] SRDM
[04:49:01] [94/326] SJMY
[04:49:02] [95/326] PGGC
[04:49:03] [96/326] INGM
[04:49:04] [97/326] LSCB
[04:49:05] [98/326] STAD
[04:49:05] 🔄 Identity reset
[04:49:05] 🔄 Identity rotated (every 10 requests)
[04:49:05] 🔄 Retry 1/5 for STAD in 2.4s
[04:49:05] 🔄 Identity reset
[04:49:08] 🧠 New identity created
[04:49:08] [99/326] MCCR
[04:49:09] [100/326] ABCC
[04:49:10] [101/326] RKCC
[04:49:12] [102/326] RTCR
[04:49:12] [103/326] GGBC
[04:49:13] [104/326] GCSD
[04:49:15] [105/326] LPTY
[04:49:16] [106/326] MCFD
[04:49:16] [107/326] HENN
[04:49:17] 🔄 Identity reset
[04:49:17] 🔄 Identity rotated (every 10 requests)
[04:49:17] [108/326] SMKU
[04:49:18] [109/326] TNZC
[04:49:19] [110/326] DRCD
[04:49:20] [111/326] DLCD
[04:49:21] [112/326] RCDA
[04:49:23] [113/326] COSM
[04:49:24] [114/326] MCMJ
[04:49:24] [115/326] CSTR
[04:49:25] [116/326] CVDK
[04:49:26] [117/326] INRR
[04:49:27] 🔄 Identity reset
[04:49:27] 🔄 Identity rotated (every 10 requests)
[04:49:27] [118/326] RJRT
[04:49:28] [119/326] IRMR
[04:49:29] [120/326] SRCF
[04:49:30] [121/326] GRCR
[04:49:31] [122/326] SURC
[04:49:32] [123/326] NMNH
[04:49:33] [124/326] SVBL
[04:49:34] [125/326] KACI
[04:49:35] [126/326] TDGO
[04:49:35] [127/326] KTBR
[04:49:36] 🔄 Identity reset
[04:49:36] 🔄 Identity rotated (every 10 requests)
[04:49:37] [128/326] PMAD
[04:49:37] [129/326] CCPN
[04:49:38] [130/326] SBTK
[04:49:39] [131/326] LMDK
[04:49:40] [132/326] PGDA
[04:49:41] [133/326] SRML
[04:49:42] [134/326] EVCK
[04:49:44] [135/326] RTTK
[04:49:45] [136/326] SRTU
[04:49:46] [137/326] VRSA
[04:49:46] 🔄 Identity reset
[04:49:46] 🔄 Identity rotated (every 10 requests)
[04:49:47] [138/326] VARS
[04:49:48] [139/326] DSCZ
[04:49:48] [140/326] GAGA
[04:49:49] [141/326] SARV
[04:49:50] [142/326] SEEG
[04:49:51] [143/326] GLCA
[04:49:52] [144/326] APAS
[04:49:53] [145/326] VCIA
[04:49:54] [146/326] SJTA
[04:49:55] [147/326] SABM
[04:49:56] 🔄 Identity reset
[04:49:56] 🔄 Identity rotated (every 10 requests)
[04:49:56] 🔄 Retry 1/5 for SABM in 2.4s
[04:49:56] 🔄 Identity reset
[04:49:58] 🧠 New identity created
[04:49:58] [148/326] PPAG
[04:49:59] [149/326] RVCA
[04:50:00] [150/326] CCIA
[04:50:01] [151/326] HTAG
[04:50:02] [152/326] SMBI
[04:50:03] [153/326] MCJR
[04:50:04] [154/326] CCJR
[04:50:04] [155/326] SINF
[04:50:05] [156/326] CPLX
[04:50:06] 🔄 Identity reset
[04:50:06] 🔄 Identity rotated (every 10 requests)
[04:50:06] [157/326] KKTJ
[04:50:07] [158/326] GDBW
[04:50:08] [159/326] CSUB
[04:50:09] [160/326] DABA
[04:50:10] [161/326] TITR
[04:50:11] [162/326] NYCR
[04:50:12] [163/326] RTRY
[04:50:13] [164/326] JTJL
[04:50:14] [165/326] SJCP
[04:50:14] [166/326] KCCA
[04:50:15] 🔄 Identity reset
[04:50:15] 🔄 Identity rotated (every 10 requests)
[04:50:15] 🔄 Retry 1/5 for KCCA in 2.6s
[04:50:15] 🔄 Identity reset
[04:50:18] 🧠 New identity created
[04:50:18] [167/326] MLPG
[04:50:19] [168/326] VRCK
[04:50:20] [169/326] SRIN
[04:50:21] [170/326] CXMK
[04:50:22] [171/326] SKAD
[04:50:23] [172/326] AVTR
[04:50:24] [173/326] PTAJ
[04:50:25] [174/326] SCNK
[04:50:26] [175/326] STTI
[04:50:26] 🔄 Identity reset
[04:50:26] 🔄 Identity rotated (every 10 requests)
[04:50:26] [176/326] KACR
[04:50:27] [177/326] SSDX
[04:50:28] [178/326] VRTJ
[04:50:29] [179/326] RAJD
[04:50:30] [180/326] SCIP
[04:50:31] [181/326] RJSL
[04:50:32] [182/326] ARRS
[04:50:32] [183/326] ASMS
[04:50:33] [184/326] RDTS
[04:50:34] [185/326] DVMY
[04:50:35] 🔄 Identity reset
[04:50:35] 🔄 Identity rotated (every 10 requests)
[04:50:35] 🔄 Retry 1/5 for DVMY in 2.4s
[04:50:35] 🔄 Identity reset
[04:50:37] 🧠 New identity created
[04:50:37] [186/326] RASA
[04:50:39] [187/326] INOM
[04:50:40] [188/326] SPRS
[04:50:41] [189/326] SGCS
[04:50:42] [190/326] SALM
[04:50:43] [191/326] PKHC
[04:50:44] [192/326] RCSV
[04:50:45] [193/326] CPKC
[04:50:46] [194/326] AACD
[04:50:47] 🔄 Identity reset
[04:50:47] 🔄 Identity rotated (every 10 requests)
[04:50:47] [195/326] GGCV
[04:50:48] [196/326] SMKD
[04:50:49] [197/326] NBCH
[04:50:50] [198/326] AMCB
[04:50:51] [199/326] OPCN
[04:50:52] [200/326] DCIN
[04:50:53] [201/326] INGW
[04:50:54] [202/326] PKKW
[04:50:54] [203/326] FNGW
[04:50:55] [204/326] GCGD
[04:50:56] 🔄 Identity reset
[04:50:56] 🔄 Identity rotated (every 10 requests)
[04:50:56] [205/326] MSTW
[04:50:58] [206/326] KCCG
[04:50:59] [207/326] MRSS
[04:51:00] [208/326] CLCF
[04:51:01] [209/326] EETS
[04:51:01] [210/326] AATR
[04:51:02] [211/326] CMMN
[04:51:04] [212/326] SCCJ
[04:51:04] [213/326] CDTK
[04:51:05] [214/326] AICP
[04:51:06] 🔄 Identity reset
[04:51:06] 🔄 Identity rotated (every 10 requests)
[04:51:06] [215/326] FNBP
[04:51:07] [216/326] CBPB
[04:51:09] [217/326] CPAS
[04:51:10] [218/326] MAPM
[04:51:10] [219/326] PASD
[04:51:11] [220/326] JCMN
[04:51:12] [221/326] MALB
[04:51:13] [222/326] SACG
[04:51:14] [223/326] DDRX
[04:51:15] [224/326] DDXB
[04:51:15] 🔄 Identity reset
[04:51:15] 🔄 Identity rotated (every 10 requests)
[04:51:16] [225/326] RAMC
[04:51:17] [226/326] SANC
[04:51:17] [227/326] BCBP
[04:51:19] [228/326] ALPC
[04:51:19] [229/326] RBAC
[04:51:20] [230/326] RAJL
[04:51:21] [231/326] MPDX
[04:51:22] [232/326] MUSC
[04:51:23] [233/326] VKMK
[04:51:24] [234/326] SKCG
[04:51:24] 🔄 Identity reset
[04:51:24] 🔄 Identity rotated (every 10 requests)
[04:51:25] [235/326] ANCN
[04:51:26] [236/326] MMCJ
[04:51:27] [237/326] DCAK
[04:51:28] [238/326] SCKG
[04:51:29] [239/326] LMCK
[04:51:30] [240/326] CKKX
[04:51:32] [241/326] ANKU
[04:51:33] [242/326] CSMD
[04:51:33] [243/326] MKMP
[04:51:34] [244/326] SVBG
[04:51:35] 🔄 Identity reset
[04:51:35] 🔄 Identity rotated (every 10 requests)
[04:51:35] [245/326] ROOP
[04:51:36] [246/326] GDMT
[04:51:37] [247/326] FPPF
[04:51:38] [248/326] SFUU
[04:51:39] [249/326] ANCB
[04:51:40] [250/326] SMMC
[04:51:41] [251/326] UGKT
[04:51:42] [252/326] JVRM
[04:51:43] [253/326] BATG
[04:51:44] [254/326] RATE
[04:51:45] 🔄 Identity reset
[04:51:45] 🔄 Identity rotated (every 10 requests)
[04:51:46] [255/326] SKME
[04:51:47] [256/326] LMTP
[04:51:47] [257/326] TCBD
[04:51:48] [258/326] ESBD
[04:51:49] [259/326] GDCU
[04:51:50] [260/326] SNKT
[04:51:51] [261/326] SRNK
[04:51:52] [262/326] SMED
[04:51:53] [263/326] CSQS
[04:51:54] [264/326] ALCS
[04:51:54] 🔄 Identity reset
[04:51:55] 🔄 Identity rotated (every 10 requests)
[04:51:55] [265/326] KCKN
[04:51:56] [266/326] VCCL
[04:51:58] [267/326] MCDA
[04:51:58] [268/326] SHMI
[04:51:59] [269/326] SKHA
[04:52:00] [270/326] SVFK
[04:52:01] [271/326] INVB
[04:52:02] [272/326] MELD
[04:52:03] [273/326] JTYS
[04:52:04] [274/326] INCM
[04:52:05] 🔄 Identity reset
[04:52:05] 🔄 Identity rotated (every 10 requests)
[04:52:05] [275/326] MCDV
[04:52:06] [276/326] KSGK
[04:52:06] [277/326] ICMG
[04:52:07] [278/326] CSCV
[04:52:08] [279/326] STMD
[04:52:09] [280/326] STTR
[04:52:10] [281/326] INVC
[04:52:11] [282/326] JTBL
[04:52:12] [283/326] SRVV
[04:52:13] [284/326] MAVC
[04:52:14] 🔄 Identity reset
[04:52:14] 🔄 Identity rotated (every 10 requests)
[04:52:14] [285/326] SRPP
[04:52:15] [286/326] JGDM
[04:52:16] [287/326] MBSJ
[04:52:17] [288/326] SSLL
[04:52:18] [289/326] SLKP
[04:52:19] [290/326] NSRV
[04:52:19] [291/326] UTDV
[04:52:20] [292/326] KICM
[04:52:21] [293/326] KCMD
[04:52:22] [294/326] TTPP
[04:52:23] 🔄 Identity reset
[04:52:23] 🔄 Identity rotated (every 10 requests)
[04:52:23] [295/326] KMPV
[04:52:24] [296/326] SKTV
[04:52:25] [297/326] STCV
[04:52:26] [298/326] SRDA
[04:52:26] [299/326] JTSX
[04:52:27] [300/326] STBV
[04:52:28] [301/326] APVZ
[04:52:29] [302/326] GSTV
[04:52:30] [303/326] NMVS
[04:52:31] [304/326] SKRT
[04:52:31] 🔄 Identity reset
[04:52:31] 🔄 Identity rotated (every 10 requests)
[04:52:32] [305/326] RMDV
[04:52:32] [306/326] RATG
[04:52:33] [307/326] SJYV
[04:52:34] [308/326] NDGP
[04:52:35] [309/326] SNDG
[04:52:36] [310/326] INSR
[04:52:37] [311/326] INSO
[04:52:38] [312/326] CCSI
[04:52:39] [313/326] RASM
[04:52:40] [314/326] NEWC
[04:52:40] 🔄 Identity reset
[04:52:40] 🔄 Identity rotated (every 10 requests)
[04:52:41] [315/326] VSHL
[04:52:41] [316/326] BISW
[04:52:42] [317/326] GCNG
[04:52:43] [318/326] CWSC
[04:52:44] [319/326] SKAN
[04:52:45] [320/326] CCOA
[04:52:46] [321/326] MCAJ
[04:52:47] [322/326] ACDE
[04:52:48] [323/326] AACM
[04:52:49] [324/326] JJCK
[04:52:49] 🔄 Identity reset
[04:52:49] 🔄 Identity rotated (every 10 requests)
[04:52:50] [325/326] RCMO
[04:52:51] [326/326] GDAW
[04:52:52] 🧹 Deduping shows
[04:52:52] ✅ DONE | Shows=260 | Movies=13
[21:55:03] 🚀 SCRIPT STARTED (enhanced anti‑detection)
[21:55:03] [1/326] VCHA
[21:55:04] 🧠 New identity created
[21:55:04] 🔄 Retry 1/5 for VCHA in 2.4s
[21:55:04] 🔄 Identity reset
[21:55:06] 🧠 New identity created
[21:55:06] [2/326] SCKO
[21:55:07] [3/326] VKTK
[21:55:08] [4/326] DXEC
[21:55:09] [5/326] CDCA
[21:55:10] [6/326] VBCZ
[21:55:12] [7/326] MSDR
[21:55:13] [8/326] ACPV
[21:55:13] [9/326] PVHB
[21:55:14] 🔄 Identity reset
[21:55:14] 🔄 Identity rotated (every 10 requests)
[21:55:15] [10/326] RCNH
[21:55:15] [11/326] IOMH
[21:55:16] [12/326] ILKS
[21:55:17] [13/326] AMSN
[21:55:18] [14/326] ANTP
[21:55:19] [15/326] SSEK
[21:55:20] [16/326] PICP
[21:55:21] [17/326] SICO
[21:55:22] [18/326] SISP
[21:55:23] [19/326] SCPI
[21:55:23] 🔄 Identity reset
[21:55:23] 🔄 Identity rotated (every 10 requests)
[21:55:23] 🔄 Retry 1/5 for SCPI in 2.9s
[21:55:23] 🔄 Identity reset
[21:55:26] 🧠 New identity created
[21:55:27] [20/326] CRPR
[21:55:28] [21/326] DCTW
[21:55:29] [22/326] DCSP
[21:55:29] [23/326] KRPM
[21:55:30] [24/326] THKK
[21:55:31] [25/326] SNMY
[21:55:32] [26/326] AKCC
[21:55:33] [27/326] PCAT
[21:55:34] [28/326] RFGO
[21:55:34] 🔄 Identity reset
[21:55:34] 🔄 Identity rotated (every 10 requests)
[21:55:35] [29/326] GGCS
[21:55:36] [30/326] ACKR
[21:55:37] [31/326] STDO
[21:55:38] [32/326] ACKB
[21:55:39] [33/326] ALUC
[21:55:40] [34/326] MNSR
[21:55:41] [35/326] CSSL
[21:55:41] [36/326] BGGM
[21:55:43] [37/326] MANT
[21:55:44] [38/326] SOOY
[21:55:44] 🔄 Identity reset
[21:55:44] 🔄 Identity rotated (every 10 requests)
[21:55:45] [39/326] VPPK
[21:55:46] [40/326] MYHJ
[21:55:47] [41/326] KSCK
[21:55:48] [42/326] KATK
[21:55:49] [43/326] RTRT
[21:55:49] [44/326] SSTT
[21:55:50] [45/326] SSTV
[21:55:51] [46/326] LACM
[21:55:52] [47/326] SGMG
[21:55:53] [48/326] KACX
[21:55:54] 🔄 Identity reset
[21:55:54] 🔄 Identity rotated (every 10 requests)
[21:55:54] 🔄 Retry 1/5 for KACX in 2.5s
[21:55:54] 🔄 Identity reset
[21:55:57] 🧠 New identity created
[21:55:57] [49/326] GVCP
[21:55:58] [50/326] CSNC
[21:55:59] [51/326] SXCB
[21:56:00] [52/326] BAHS
[21:56:01] [53/326] PCBI
[21:56:02] [54/326] PSSM
[21:56:03] [55/326] RCOK
[21:56:05] [56/326] SCPF
[21:56:06] [57/326] SSAS
[21:56:07] 🔄 Identity reset
[21:56:07] 🔄 Identity rotated (every 10 requests)
[21:56:07] [58/326] EVMM
[21:56:08] [59/326] SYCB
[21:56:09] [60/326] GCKI
[21:56:10] [61/326] IAET
[21:56:11] [62/326] DDTD
[21:56:12] [63/326] GMDH
[21:56:13] [64/326] STLE
[21:56:14] [65/326] JTRA
[21:56:15] [66/326] RPPA
[21:56:16] [67/326] ARUT
[21:56:17] 🔄 Identity reset
[21:56:17] 🔄 Identity rotated (every 10 requests)
[21:56:17] 🔄 Retry 1/5 for ARUT in 2.6s
[21:56:17] 🔄 Identity reset
[21:56:19] 🧠 New identity created
[21:56:20] [68/326] JTVM
[21:56:22] [69/326] SWRH
[21:56:23] [70/326] DCPC
[21:56:24] [71/326] RAPR
[21:56:25] [72/326] GCRT
[21:56:26] [73/326] ATUN
[21:56:26] [74/326] LTRM
[21:56:27] [75/326] TASR
[21:56:28] [76/326] RLLC
[21:56:29] 🔄 Identity reset
[21:56:29] 🔄 Identity rotated (every 10 requests)
[21:56:29] [77/326] MABI
[21:56:30] [78/326] SVHB
[21:56:31] [79/326] NVTB
[21:56:32] [80/326] KCKG
[21:56:33] [81/326] SSRN
[21:56:34] [82/326] VDDC
[21:56:35] [83/326] GKTK
[21:56:35] [84/326] YFSN
[21:56:36] [85/326] GCSG
[21:56:37] [86/326] ESSM
[21:56:38] 🔄 Identity reset
[21:56:38] 🔄 Identity rotated (every 10 requests)
[21:56:38] [87/326] KRIH
[21:56:39] [88/326] GCDS
[21:56:40] [89/326] CCSH
[21:56:41] [90/326] ACSK
[21:56:41] [91/326] APRK
[21:56:42] [92/326] ADKM
[21:56:43] [93/326] SRDM
[21:56:44] [94/326] SJMY
[21:56:45] [95/326] PGGC
[21:56:46] [96/326] INGM
[21:56:47] 🔄 Identity reset
[21:56:47] 🔄 Identity rotated (every 10 requests)
[21:56:47] [97/326] LSCB
[21:56:48] [98/326] STAD
[21:56:49] [99/326] MCCR
[21:56:50] [100/326] ABCC
[21:56:51] [101/326] RKCC
[21:56:52] [102/326] RTCR
[21:56:52] [103/326] GGBC
[21:56:53] [104/326] GCSD
[21:56:54] [105/326] LPTY
[21:56:55] [106/326] MCFD
[21:56:55] 🔄 Identity reset
[21:56:55] 🔄 Identity rotated (every 10 requests)
[21:56:56] [107/326] HENN
[21:56:57] [108/326] SMKU
[21:56:58] [109/326] TNZC
[21:56:59] [110/326] DRCD
[21:57:00] [111/326] DLCD
[21:57:01] [112/326] RCDA
[21:57:02] [113/326] COSM
[21:57:03] [114/326] MCMJ
[21:57:04] [115/326] CSTR
[21:57:05] [116/326] CVDK
[21:57:05] 🔄 Identity reset
[21:57:05] 🔄 Identity rotated (every 10 requests)
[21:57:06] [117/326] INRR
[21:57:07] [118/326] RJRT
[21:57:08] [119/326] IRMR
[21:57:09] [120/326] SRCF
[21:57:09] [121/326] GRCR
[21:57:11] [122/326] SURC
[21:57:11] [123/326] NMNH
[21:57:12] [124/326] SVBL
[21:57:13] [125/326] KACI
[21:57:14] [126/326] TDGO
[21:57:15] 🔄 Identity reset
[21:57:15] 🔄 Identity rotated (every 10 requests)
[21:57:15] [127/326] KTBR
[21:57:16] [128/326] PMAD
[21:57:18] [129/326] CCPN
[21:57:19] [130/326] SBTK
[21:57:20] [131/326] LMDK
[21:57:21] [132/326] PGDA
[21:57:22] [133/326] SRML
[21:57:23] [134/326] EVCK
[21:57:24] [135/326] RTTK
[21:57:25] [136/326] SRTU
[21:57:26] 🔄 Identity reset
[21:57:26] 🔄 Identity rotated (every 10 requests)
[21:57:26] 🔄 Retry 1/5 for SRTU in 2.0s
[21:57:26] 🔄 Identity reset
[21:57:28] 🧠 New identity created
[21:57:28] [137/326] VRSA
[21:57:29] [138/326] VARS
[21:57:30] [139/326] DSCZ
[21:57:31] [140/326] GAGA
[21:57:32] [141/326] SARV
[21:57:32] [142/326] SEEG
[21:57:33] [143/326] GLCA
[21:57:34] [144/326] APAS
[21:57:35] [145/326] VCIA
[21:57:36] 🔄 Identity reset
[21:57:36] 🔄 Identity rotated (every 10 requests)
[21:57:36] 🔄 Retry 1/5 for VCIA in 2.9s
[21:57:36] 🔄 Identity reset
[21:57:39] 🧠 New identity created
[21:57:39] [146/326] SJTA
[21:57:40] [147/326] SABM
[21:57:41] [148/326] PPAG
[21:57:42] [149/326] RVCA
[21:57:43] [150/326] CCIA
[21:57:44] [151/326] HTAG
[21:57:45] [152/326] SMBI
[21:57:46] [153/326] MCJR
[21:57:47] [154/326] CCJR
[21:57:47] 🔄 Identity reset
[21:57:47] 🔄 Identity rotated (every 10 requests)
[21:57:48] [155/326] SINF
[21:57:49] [156/326] CPLX
[21:57:50] [157/326] KKTJ
[21:57:51] [158/326] GDBW
[21:57:52] [159/326] CSUB
[21:57:53] [160/326] DABA
[21:57:54] [161/326] TITR
[21:57:55] [162/326] NYCR
[21:57:56] [163/326] RTRY
[21:57:56] [164/326] JTJL
[21:57:57] 🔄 Identity reset
[21:57:57] 🔄 Identity rotated (every 10 requests)
[21:57:57] [165/326] SJCP
[21:57:58] [166/326] KCCA
[21:58:00] [167/326] MLPG
[21:58:01] [168/326] VRCK
[21:58:02] [169/326] SRIN
[21:58:03] [170/326] CXMK
[21:58:03] [171/326] SKAD
[21:58:04] [172/326] AVTR
[21:58:05] [173/326] PTAJ
[21:58:06] [174/326] SCNK
[21:58:07] 🔄 Identity reset
[21:58:07] 🔄 Identity rotated (every 10 requests)
[21:58:07] 🔄 Retry 1/5 for SCNK in 2.3s
[21:58:07] 🔄 Identity reset
[21:58:09] 🧠 New identity created
[21:58:09] [175/326] STTI
[21:58:10] [176/326] KACR
[21:58:11] [177/326] SSDX
[21:58:12] [178/326] VRTJ
[21:58:13] [179/326] RAJD
[21:58:14] [180/326] SCIP
[21:58:15] [181/326] RJSL
[21:58:16] [182/326] ARRS
[21:58:16] [183/326] ASMS
[21:58:17] 🔄 Identity reset
[21:58:17] 🔄 Identity rotated (every 10 requests)
[21:58:17] [184/326] RDTS
[21:58:18] [185/326] DVMY
[21:58:19] [186/326] RASA
[21:58:20] [187/326] INOM
[21:58:21] [188/326] SPRS
[21:58:22] [189/326] SGCS
[21:58:23] [190/326] SALM
[21:58:24] [191/326] PKHC
[21:58:25] [192/326] RCSV
[21:58:25] [193/326] CPKC
[21:58:26] 🔄 Identity reset
[21:58:26] 🔄 Identity rotated (every 10 requests)
[21:58:27] [194/326] AACD
[21:58:27] [195/326] GGCV
[21:58:28] [196/326] SMKD
[21:58:29] [197/326] NBCH
[21:58:30] [198/326] AMCB
[21:58:31] [199/326] OPCN
[21:58:32] [200/326] DCIN
[21:58:33] [201/326] INGW
[21:58:34] [202/326] PKKW
[21:58:35] [203/326] FNGW
[21:58:35] 🔄 Identity reset
[21:58:35] 🔄 Identity rotated (every 10 requests)
[21:58:36] [204/326] GCGD
[21:58:37] [205/326] MSTW
[21:58:38] [206/326] KCCG
[21:58:38] [207/326] MRSS
[21:58:39] [208/326] CLCF
[21:58:40] [209/326] EETS
[21:58:41] [210/326] AATR
[21:58:42] [211/326] CMMN
[21:58:43] [212/326] SCCJ
[21:58:44] [213/326] CDTK
[21:58:44] 🔄 Identity reset
[21:58:44] 🔄 Identity rotated (every 10 requests)
[21:58:45] [214/326] AICP
[21:58:46] [215/326] FNBP
[21:58:46] [216/326] CBPB
[21:58:47] [217/326] CPAS
[21:58:48] [218/326] MAPM
[21:58:49] [219/326] PASD
[21:58:50] [220/326] JCMN
[21:58:51] [221/326] MALB
[21:58:52] [222/326] SACG
[21:58:53] [223/326] DDRX
[21:58:54] 🔄 Identity reset
[21:58:54] 🔄 Identity rotated (every 10 requests)
[21:58:54] [224/326] DDXB
[21:58:55] [225/326] RAMC
[21:58:56] [226/326] SANC
[21:58:57] [227/326] BCBP
[21:58:59] [228/326] ALPC
[21:59:00] [229/326] RBAC
[21:59:01] [230/326] RAJL
[21:59:02] [231/326] MPDX
[21:59:03] [232/326] MUSC
[21:59:03] [233/326] VKMK
[21:59:04] 🔄 Identity reset
[21:59:04] 🔄 Identity rotated (every 10 requests)
[21:59:04] [234/326] SKCG
[21:59:05] [235/326] ANCN
[21:59:06] [236/326] MMCJ
[21:59:07] [237/326] DCAK
[21:59:08] [238/326] SCKG
[21:59:09] [239/326] LMCK
[21:59:10] [240/326] CKKX
[21:59:11] [241/326] ANKU
[21:59:12] [242/326] CSMD
[21:59:13] [243/326] MKMP
[21:59:14] 🔄 Identity reset
[21:59:14] 🔄 Identity rotated (every 10 requests)
[21:59:14] [244/326] SVBG
[21:59:15] [245/326] ROOP
[21:59:16] [246/326] GDMT
[21:59:17] [247/326] FPPF
[21:59:18] [248/326] SFUU
[21:59:19] [249/326] ANCB
[21:59:20] [250/326] SMMC
[21:59:21] [251/326] UGKT
[21:59:22] [252/326] JVRM
[21:59:23] [253/326] BATG
[21:59:24] 🔄 Identity reset
[21:59:24] 🔄 Identity rotated (every 10 requests)
[21:59:24] 🔄 Retry 1/5 for BATG in 2.5s
[21:59:24] 🔄 Identity reset
[21:59:27] 🧠 New identity created
[21:59:27] [254/326] RATE
[21:59:28] [255/326] SKME
[21:59:29] [256/326] LMTP
[21:59:30] [257/326] TCBD
[21:59:31] [258/326] ESBD
[21:59:32] [259/326] GDCU
[21:59:33] [260/326] SNKT
[21:59:34] [261/326] SRNK
[21:59:36] [262/326] SMED
[21:59:36] 🔄 Identity reset
[21:59:36] 🔄 Identity rotated (every 10 requests)
[21:59:37] [263/326] CSQS
[21:59:37] [264/326] ALCS
[21:59:39] [265/326] KCKN
[21:59:40] [266/326] VCCL
[21:59:41] [267/326] MCDA
[21:59:42] [268/326] SHMI
[21:59:43] [269/326] SKHA
[21:59:44] [270/326] SVFK
[21:59:45] [271/326] INVB
[21:59:46] [272/326] MELD
[21:59:46] 🔄 Identity reset
[21:59:46] 🔄 Identity rotated (every 10 requests)
[21:59:47] [273/326] JTYS
[21:59:48] [274/326] INCM
[21:59:50] [275/326] MCDV
[21:59:51] [276/326] KSGK
[21:59:52] [277/326] ICMG
[21:59:53] [278/326] CSCV
[21:59:54] [279/326] STMD
[21:59:54] [280/326] STTR
[21:59:55] [281/326] INVC
[21:59:56] [282/326] JTBL
[21:59:57] 🔄 Identity reset
[21:59:57] 🔄 Identity rotated (every 10 requests)
[21:59:57] [283/326] SRVV
[21:59:58] [284/326] MAVC
[21:59:59] [285/326] SRPP
[22:00:00] [286/326] JGDM
[22:00:01] [287/326] MBSJ
[22:00:02] [288/326] SSLL
[22:00:03] [289/326] SLKP
[22:00:04] [290/326] NSRV
[22:00:05] [291/326] UTDV
[22:00:06] [292/326] KICM
[22:00:07] 🔄 Identity reset
[22:00:07] 🔄 Identity rotated (every 10 requests)
[22:00:07] [293/326] KCMD
[22:00:08] [294/326] TTPP
[22:00:09] [295/326] KMPV
[22:00:10] [296/326] SKTV
[22:00:11] [297/326] STCV
[22:00:12] [298/326] SRDA
[22:00:13] [299/326] JTSX
[22:00:14] [300/326] STBV
[22:00:15] [301/326] APVZ
[22:00:16] [302/326] GSTV
[22:00:16] 🔄 Identity reset
[22:00:16] 🔄 Identity rotated (every 10 requests)
[22:00:17] [303/326] NMVS
[22:00:18] [304/326] SKRT
[22:00:18] [305/326] RMDV
[22:00:19] [306/326] RATG
[22:00:20] [307/326] SJYV
[22:00:21] [308/326] NDGP
[22:00:22] [309/326] SNDG
[22:00:23] [310/326] INSR
[22:00:24] [311/326] INSO
[22:00:25] [312/326] CCSI
[22:00:25] 🔄 Identity reset
[22:00:25] 🔄 Identity rotated (every 10 requests)
[22:00:26] [313/326] RASM
[22:00:27] [314/326] NEWC
[22:00:28] [315/326] VSHL
[22:00:28] [316/326] BISW
[22:00:29] [317/326] GCNG
[22:00:30] [318/326] CWSC
[22:00:31] [319/326] SKAN
[22:00:32] [320/326] CCOA
[22:00:33] [321/326] MCAJ
[22:00:34] [322/326] ACDE
[22:00:35] 🔄 Identity reset
[22:00:35] 🔄 Identity rotated (every 10 requests)
[22:00:35] [323/326] AACM
[22:00:36] [324/326] JJCK
[22:00:38] [325/326] RCMO
[22:00:39] [326/326] GDAW
[22:00:40] 🧹 Deduping shows
[22:00:40] ✅ DONE | Shows=707 | Movies=34
[10:23:03] 🚀 SCRIPT STARTED
[10:23:03] [1/326] VCHA
[10:23:03] 🧠 New identity created
[10:23:04] [2/326] SCKO
[10:23:05] [3/326] VKTK
[10:23:06] [4/326] DXEC
[10:23:07] [5/326] CDCA
[10:23:08] [6/326] VBCZ
[10:23:09] [7/326] MSDR
[10:23:10] [8/326] ACPV
[10:23:11] [9/326] PVHB
[10:23:12] [10/326] RCNH
[10:23:12] 🔄 Identity reset
[10:23:12] 🔄 Identity rotated (every 10 requests)
[10:23:13] [11/326] IOMH
[10:23:14] [12/326] ILKS
[10:23:16] [13/326] AMSN
[10:23:17] [14/326] ANTP
[10:23:18] [15/326] SSEK
[10:23:19] [16/326] PICP
[10:23:20] [17/326] SICO
[10:23:21] [18/326] SISP
[10:23:22] [19/326] SCPI
[10:23:23] [20/326] CRPR
[10:23:23] 🔄 Identity reset
[10:23:23] 🔄 Identity rotated (every 10 requests)
[10:23:24] [21/326] DCTW
[10:23:25] [22/326] DCSP
[10:23:26] [23/326] KRPM
[10:23:27] [24/326] THKK
[10:23:29] [25/326] SNMY
[10:23:29] [26/326] AKCC
[10:23:31] [27/326] PCAT
[10:23:31] [28/326] RFGO
[10:23:32] [29/326] GGCS
[10:23:33] [30/326] ACKR
[10:23:33] 🔄 Identity reset
[10:23:33] 🔄 Identity rotated (every 10 requests)
[10:23:35] [31/326] STDO
[10:23:35] [32/326] ACKB
[10:23:36] [33/326] ALUC
[10:23:38] [34/326] MNSR
[10:23:38] [35/326] CSSL
[10:23:39] [36/326] BGGM
[10:23:40] [37/326] MANT
[10:23:41] [38/326] SOOY
[10:23:42] [39/326] VPPK
[10:23:43] [40/326] MYHJ
[10:23:43] 🔄 Identity reset
[10:23:43] 🔄 Identity rotated (every 10 requests)
[10:23:44] [41/326] KSCK
[10:23:45] [42/326] KATK
[10:23:47] [43/326] RTRT
[10:23:48] [44/326] SSTT
[10:23:48] [45/326] SSTV
[10:23:49] [46/326] LACM
[10:23:51] [47/326] SGMG
[10:23:51] [48/326] KACX
[10:23:52] [49/326] GVCP
[10:23:53] [50/326] CSNC
[10:23:53] 🔄 Identity reset
[10:23:53] 🔄 Identity rotated (every 10 requests)
[10:23:55] [51/326] SXCB
[10:23:56] [52/326] BAHS
[10:23:57] [53/326] PCBI
[10:23:57] [54/326] PSSM
[10:23:58] [55/326] RCOK
[10:23:59] [56/326] SCPF
[10:24:00] [57/326] SSAS
[10:24:01] [58/326] EVMM
[10:24:02] [59/326] SYCB
[10:24:03] [60/326] GCKI
[10:24:03] 🔄 Identity reset
[10:24:03] 🔄 Identity rotated (every 10 requests)
[10:24:04] [61/326] IAET
[10:24:05] [62/326] DDTD
[10:24:06] [63/326] GMDH
[10:24:07] [64/326] STLE
[10:24:08] [65/326] JTRA
[10:24:09] [66/326] RPPA
[10:24:10] [67/326] ARUT
[10:24:11] [68/326] JTVM
[10:24:12] [69/326] SWRH
[10:24:13] [70/326] DCPC
[10:24:13] 🔄 Identity reset
[10:24:13] 🔄 Identity rotated (every 10 requests)
[10:24:14] [71/326] RAPR
[10:24:15] [72/326] GCRT
[10:24:16] [73/326] ATUN
[10:24:17] [74/326] LTRM
[10:24:18] [75/326] TASR
[10:24:19] [76/326] RLLC
[10:24:20] [77/326] MABI
[10:24:20] [78/326] SVHB
[10:24:21] [79/326] NVTB
[10:24:23] [80/326] KCKG
[10:24:23] 🔄 Identity reset
[10:24:23] 🔄 Identity rotated (every 10 requests)
[10:24:24] [81/326] SSRN
[10:24:25] [82/326] VDDC
[10:24:26] [83/326] GKTK
[10:24:27] [84/326] YFSN
[10:24:28] [85/326] GCSG
[10:24:29] [86/326] ESSM
[10:24:30] [87/326] KRIH
[10:24:31] [88/326] GCDS
[10:24:32] [89/326] CCSH
[10:24:34] [90/326] ACSK
[10:24:34] 🔄 Identity reset
[10:24:34] 🔄 Identity rotated (every 10 requests)
[10:24:35] [91/326] APRK
[10:24:36] [92/326] ADKM
[10:24:37] [93/326] SRDM
[10:24:38] [94/326] SJMY
[10:24:39] [95/326] PGGC
[10:24:41] [96/326] INGM
[10:24:42] [97/326] LSCB
[10:24:43] [98/326] STAD
[10:24:43] [99/326] MCCR
[10:24:44] [100/326] ABCC
[10:24:44] 🔄 Identity reset
[10:24:44] 🔄 Identity rotated (every 10 requests)
[10:24:45] [101/326] RKCC
[10:24:47] [102/326] RTCR
[10:24:48] [103/326] GGBC
[10:24:49] [104/326] GCSD
[10:24:49] [105/326] LPTY
[10:24:50] [106/326] MCFD
[10:24:52] [107/326] HENN
[10:24:53] [108/326] SMKU
[10:24:54] [109/326] TNZC
[10:24:55] [110/326] DRCD
[10:24:55] 🔄 Identity reset
[10:24:55] 🔄 Identity rotated (every 10 requests)
[10:24:56] [111/326] DLCD
[10:24:56] [112/326] RCDA
[10:24:57] [113/326] COSM
[10:24:58] [114/326] MCMJ
[10:24:59] [115/326] CSTR
[10:25:00] [116/326] CVDK
[10:25:01] [117/326] INRR
[10:25:02] [118/326] RJRT
[10:25:04] [119/326] IRMR
[10:25:05] [120/326] SRCF
[10:25:05] 🔄 Identity reset
[10:25:05] 🔄 Identity rotated (every 10 requests)
[10:25:06] [121/326] GRCR
[10:25:07] [122/326] SURC
[10:25:08] [123/326] NMNH
[10:25:09] [124/326] SVBL
[10:25:11] [125/326] KACI
[10:25:12] [126/326] TDGO
[10:25:13] [127/326] KTBR
[10:25:14] [128/326] PMAD
[10:25:15] [129/326] CCPN
[10:25:16] [130/326] SBTK
[10:25:16] 🔄 Identity reset
[10:25:16] 🔄 Identity rotated (every 10 requests)
[10:25:17] [131/326] LMDK
[10:25:18] [132/326] PGDA
[10:25:19] [133/326] SRML
[10:25:20] [134/326] EVCK
[10:25:20] [135/326] RTTK
[10:25:22] [136/326] SRTU
[10:25:23] [137/326] VRSA
[10:25:24] [138/326] VARS
[10:25:24] [139/326] DSCZ
[10:25:25] [140/326] GAGA
[10:25:25] 🔄 Identity reset
[10:25:25] 🔄 Identity rotated (every 10 requests)
[10:25:27] [141/326] SARV
[10:25:28] [142/326] SEEG
[10:25:29] [143/326] GLCA
[10:25:30] [144/326] APAS
[10:25:31] [145/326] VCIA
[10:25:32] [146/326] SJTA
[10:25:33] [147/326] SABM
[10:25:34] [148/326] PPAG
[10:25:35] [149/326] RVCA
[10:25:36] [150/326] CCIA
[10:25:36] 🔄 Identity reset
[10:25:36] 🔄 Identity rotated (every 10 requests)
[10:25:38] [151/326] HTAG
[10:25:40] [152/326] SMBI
[10:25:41] [153/326] MCJR
[10:25:42] [154/326] CCJR
[10:25:43] [155/326] SINF
[10:25:44] [156/326] CPLX
[10:25:44] [157/326] KKTJ
[10:25:46] [158/326] GDBW
[10:25:47] [159/326] CSUB
[10:25:48] [160/326] DABA
[10:25:48] 🔄 Identity reset
[10:25:48] 🔄 Identity rotated (every 10 requests)
[10:25:49] [161/326] TITR
[10:25:49] [162/326] NYCR
[10:25:51] [163/326] RTRY
[10:25:52] [164/326] JTJL
[10:25:53] [165/326] SJCP
[10:25:53] [166/326] KCCA
[10:25:55] [167/326] MLPG
[10:25:56] [168/326] VRCK
[10:25:57] [169/326] SRIN
[10:25:58] [170/326] CXMK
[10:25:58] 🔄 Identity reset
[10:25:58] 🔄 Identity rotated (every 10 requests)
[10:25:59] [171/326] SKAD
[10:26:00] [172/326] AVTR
[10:26:01] [173/326] PTAJ
[10:26:02] [174/326] SCNK
[10:26:03] [175/326] STTI
[10:26:04] [176/326] KACR
[10:26:05] [177/326] SSDX
[10:26:06] [178/326] VRTJ
[10:26:07] [179/326] RAJD
[10:26:08] [180/326] SCIP
[10:26:08] 🔄 Identity reset
[10:26:08] 🔄 Identity rotated (every 10 requests)
[10:26:09] [181/326] RJSL
[10:26:10] [182/326] ARRS
[10:26:11] [183/326] ASMS
[10:26:13] [184/326] RDTS
[10:26:14] [185/326] DVMY
[10:26:14] [186/326] RASA
[10:26:15] [187/326] INOM
[10:26:16] [188/326] SPRS
[10:26:17] [189/326] SGCS
[10:26:18] [190/326] SALM
[10:26:18] 🔄 Identity reset
[10:26:18] 🔄 Identity rotated (every 10 requests)
[10:26:19] [191/326] PKHC
[10:26:21] [192/326] RCSV
[10:26:22] [193/326] CPKC
[10:26:22] [194/326] AACD
[10:26:23] [195/326] GGCV
[10:26:24] [196/326] SMKD
[10:26:25] [197/326] NBCH
[10:26:27] [198/326] AMCB
[10:26:28] [199/326] OPCN
[10:26:29] [200/326] DCIN
[10:26:29] 🔄 Identity reset
[10:26:29] 🔄 Identity rotated (every 10 requests)
[10:26:30] [201/326] INGW
[10:26:31] [202/326] PKKW
[10:26:32] [203/326] FNGW
[10:26:33] [204/326] GCGD
[10:26:34] [205/326] MSTW
[10:26:35] [206/326] KCCG
[10:26:36] [207/326] MRSS
[10:26:37] [208/326] CLCF
[10:26:38] [209/326] EETS
[10:26:39] [210/326] AATR
[10:26:39] 🔄 Identity reset
[10:26:39] 🔄 Identity rotated (every 10 requests)
[10:26:40] [211/326] CMMN
[10:26:41] [212/326] SCCJ
[10:26:42] [213/326] CDTK
[10:26:43] [214/326] AICP
[10:26:44] [215/326] FNBP
[10:26:46] [216/326] CBPB
[10:26:47] [217/326] CPAS
[10:26:48] [218/326] MAPM
[10:26:49] [219/326] PASD
[10:26:50] [220/326] JCMN
[10:26:50] 🔄 Identity reset
[10:26:50] 🔄 Identity rotated (every 10 requests)
[10:26:51] [221/326] MALB
[10:26:52] [222/326] SACG
[10:26:53] [223/326] DDRX
[10:26:54] [224/326] DDXB
[10:26:56] [225/326] RAMC
[10:26:57] [226/326] SANC
[10:26:58] [227/326] BCBP
[10:26:59] [228/326] ALPC
[10:27:00] [229/326] RBAC
[10:27:01] [230/326] RAJL
[10:27:01] 🔄 Identity reset
[10:27:01] 🔄 Identity rotated (every 10 requests)
[10:27:02] [231/326] MPDX
[10:27:03] [232/326] MUSC
[10:27:04] [233/326] VKMK
[10:27:05] [234/326] SKCG
[10:27:06] [235/326] ANCN
[10:27:07] [236/326] MMCJ
[10:27:08] [237/326] DCAK
[10:27:08] [238/326] SCKG
[10:27:09] [239/326] LMCK
[10:27:10] [240/326] CKKX
[10:27:10] 🔄 Identity reset
[10:27:10] 🔄 Identity rotated (every 10 requests)
[10:27:11] [241/326] ANKU
[10:27:12] [242/326] CSMD
[10:27:13] [243/326] MKMP
[10:27:14] [244/326] SVBG
[10:27:15] [245/326] ROOP
[10:27:17] [246/326] GDMT
[10:27:18] [247/326] FPPF
[10:27:19] [248/326] SFUU
[10:27:19] [249/326] ANCB
[10:27:20] [250/326] SMMC
[10:27:20] 🔄 Identity reset
[10:27:20] 🔄 Identity rotated (every 10 requests)
[10:27:21] [251/326] UGKT
[10:27:23] [252/326] JVRM
[10:27:23] [253/326] BATG
[10:27:24] [254/326] RATE
[10:27:26] [255/326] SKME
[10:27:26] [256/326] LMTP
[10:27:27] [257/326] TCBD
[10:27:29] [258/326] ESBD
[10:27:29] [259/326] GDCU
[10:27:30] [260/326] SNKT
[10:27:30] 🔄 Identity reset
[10:27:30] 🔄 Identity rotated (every 10 requests)
[10:27:31] [261/326] SRNK
[10:27:32] [262/326] SMED
[10:27:34] [263/326] CSQS
[10:27:35] [264/326] ALCS
[10:27:36] [265/326] KCKN
[10:27:37] [266/326] VCCL
[10:27:38] [267/326] MCDA
[10:27:39] [268/326] SHMI
[10:27:40] [269/326] SKHA
[10:27:41] [270/326] SVFK
[10:27:41] 🔄 Identity reset
[10:27:41] 🔄 Identity rotated (every 10 requests)
[10:27:42] [271/326] INVB
[10:27:43] [272/326] MELD
[10:27:44] [273/326] JTYS
[10:27:45] [274/326] INCM
[10:27:46] [275/326] MCDV
[10:27:47] [276/326] KSGK
[10:27:48] [277/326] ICMG
[10:27:49] [278/326] CSCV
[10:27:50] [279/326] STMD
[10:27:51] [280/326] STTR
[10:27:51] 🔄 Identity reset
[10:27:51] 🔄 Identity rotated (every 10 requests)
[10:27:53] [281/326] INVC
[10:27:54] [282/326] JTBL
[10:27:55] [283/326] SRVV
[10:27:56] [284/326] MAVC
[10:27:57] [285/326] SRPP
[10:27:58] [286/326] JGDM
[10:27:59] [287/326] MBSJ
[10:28:00] [288/326] SSLL
[10:28:01] [289/326] SLKP
[10:28:02] [290/326] NSRV
[10:28:02] 🔄 Identity reset
[10:28:02] 🔄 Identity rotated (every 10 requests)
[10:28:03] [291/326] UTDV
[10:28:04] [292/326] KICM
[10:28:05] [293/326] KCMD
[10:28:06] [294/326] TTPP
[10:28:08] [295/326] KMPV
[10:28:09] [296/326] SKTV
[10:28:10] [297/326] STCV
[10:28:11] [298/326] SRDA
[10:28:12] [299/326] JTSX
[10:28:12] [300/326] STBV
[10:28:12] 🔄 Identity reset
[10:28:12] 🔄 Identity rotated (every 10 requests)
[10:28:13] [301/326] APVZ
[10:28:14] [302/326] GSTV
[10:28:15] [303/326] NMVS
[10:28:16] [304/326] SKRT
[10:28:18] [305/326] RMDV
[10:28:19] [306/326] RATG
[10:28:19] [307/326] SJYV
[10:28:21] [308/326] NDGP
[10:28:21] [309/326] SNDG
[10:28:22] [310/326] INSR
[10:28:22] 🔄 Identity reset
[10:28:22] 🔄 Identity rotated (every 10 requests)
[10:28:24] [311/326] INSO
[10:28:26] [312/326] CCSI
[10:28:27] [313/326] RASM
[10:28:28] [314/326] NEWC
[10:28:29] [315/326] VSHL
[10:28:30] [316/326] BISW
[10:28:31] [317/326] GCNG
[10:28:32] [318/326] CWSC
[10:28:33] [319/326] SKAN
[10:28:34] [320/326] CCOA
[10:28:34] 🔄 Identity reset
[10:28:34] 🔄 Identity rotated (every 10 requests)
[10:28:35] [321/326] MCAJ
[10:28:36] [322/326] ACDE
[10:28:37] [323/326] AACM
[10:28:38] [324/326] JJCK
[10:28:39] [325/326] RCMO
[10:28:39] [326/326] GDAW
[10:28:40] 🧹 Deduping shows
[10:28:40] ✅ DONE | Shows=2375 | Movies=60
[16:37:07] 🚀 SCRIPT STARTED
[16:37:07] [1/326] VCHA
[16:37:07] 🧠 New identity created
[16:37:08] [2/326] SCKO
[16:37:09] [3/326] VKTK
[16:37:10] [4/326] DXEC
[16:37:11] [5/326] CDCA
[16:37:12] [6/326] VBCZ
[16:37:14] [7/326] MSDR
[16:37:15] [8/326] ACPV
[16:37:16] [9/326] PVHB
[16:37:17] [10/326] RCNH
[16:37:17] 🔄 Identity reset
[16:37:17] 🔄 Identity rotated (every 10 requests)
[16:37:17] [11/326] IOMH
[16:37:18] [12/326] ILKS
[16:37:19] [13/326] AMSN
[16:37:20] [14/326] ANTP
[16:37:21] [15/326] SSEK
[16:37:22] [16/326] PICP
[16:37:23] [17/326] SICO
[16:37:24] [18/326] SISP
[16:37:25] [19/326] SCPI
[16:37:26] [20/326] CRPR
[16:37:26] 🔄 Identity reset
[16:37:26] 🔄 Identity rotated (every 10 requests)
[16:37:28] [21/326] DCTW
[16:37:28] [22/326] DCSP
[16:37:29] [23/326] KRPM
[16:37:30] [24/326] THKK
[16:37:31] [25/326] SNMY
[16:37:32] [26/326] AKCC
[16:37:34] [27/326] PCAT
[16:37:35] [28/326] RFGO
[16:37:36] [29/326] GGCS
[16:37:37] [30/326] ACKR
[16:37:37] 🔄 Identity reset
[16:37:37] 🔄 Identity rotated (every 10 requests)
[16:37:38] [31/326] STDO
[16:37:39] [32/326] ACKB
[16:37:40] [33/326] ALUC
[16:37:41] [34/326] MNSR
[16:37:42] [35/326] CSSL
[16:37:43] [36/326] BGGM
[16:37:44] [37/326] MANT
[16:37:45] [38/326] SOOY
[16:37:46] [39/326] VPPK
[16:37:47] [40/326] MYHJ
[16:37:47] 🔄 Identity reset
[16:37:47] 🔄 Identity rotated (every 10 requests)
[16:37:48] [41/326] KSCK
[16:37:49] [42/326] KATK
[16:37:50] [43/326] RTRT
[16:37:51] [44/326] SSTT
[16:37:51] [45/326] SSTV
[16:37:53] [46/326] LACM
[16:37:53] [47/326] SGMG
[16:37:54] [48/326] KACX
[16:37:56] [49/326] GVCP
[16:37:57] [50/326] CSNC
[16:37:57] 🔄 Identity reset
[16:37:57] 🔄 Identity rotated (every 10 requests)
[16:37:58] [51/326] SXCB
[16:37:59] [52/326] BAHS
[16:38:00] [53/326] PCBI
[16:38:01] [54/326] PSSM
[16:38:02] [55/326] RCOK
[16:38:03] [56/326] SCPF
[16:38:04] [57/326] SSAS
[16:38:05] [58/326] EVMM
[16:38:06] [59/326] SYCB
[16:38:06] [60/326] GCKI
[16:38:06] 🔄 Identity reset
[16:38:06] 🔄 Identity rotated (every 10 requests)
[16:38:07] [61/326] IAET
[16:38:09] [62/326] DDTD
[16:38:10] [63/326] GMDH
[16:38:11] [64/326] STLE
[16:38:12] [65/326] JTRA
[16:38:13] [66/326] RPPA
[16:38:14] [67/326] ARUT
[16:38:16] [68/326] JTVM
[16:38:17] [69/326] SWRH
[16:38:18] [70/326] DCPC
[16:38:18] 🔄 Identity reset
[16:38:18] 🔄 Identity rotated (every 10 requests)
[16:38:19] [71/326] RAPR
[16:38:20] [72/326] GCRT
[16:38:21] [73/326] ATUN
[16:38:22] [74/326] LTRM
[16:38:23] [75/326] TASR
[16:38:24] [76/326] RLLC
[16:38:25] [77/326] MABI
[16:38:26] [78/326] SVHB
[16:38:27] [79/326] NVTB
[16:38:28] [80/326] KCKG
[16:38:28] 🔄 Identity reset
[16:38:28] 🔄 Identity rotated (every 10 requests)
[16:38:30] [81/326] SSRN
[16:38:31] [82/326] VDDC
[16:38:32] [83/326] GKTK
[16:38:33] [84/326] YFSN
[16:38:34] [85/326] GCSG
[16:38:35] [86/326] ESSM
[16:38:36] [87/326] KRIH
[16:38:37] [88/326] GCDS
[16:38:38] [89/326] CCSH
[16:38:39] [90/326] ACSK
[16:38:39] 🔄 Identity reset
[16:38:39] 🔄 Identity rotated (every 10 requests)
[16:38:40] [91/326] APRK
[16:38:42] [92/326] ADKM
[16:38:43] [93/326] SRDM
[16:38:44] [94/326] SJMY
[16:38:45] [95/326] PGGC
[16:38:46] [96/326] INGM
[16:38:47] [97/326] LSCB
[16:38:48] [98/326] STAD
[16:38:49] [99/326] MCCR
[16:38:50] [100/326] ABCC
[16:38:50] 🔄 Identity reset
[16:38:50] 🔄 Identity rotated (every 10 requests)
[16:38:51] [101/326] RKCC
[16:38:52] [102/326] RTCR
[16:38:53] [103/326] GGBC
[16:38:54] [104/326] GCSD
[16:38:55] [105/326] LPTY
[16:38:56] [106/326] MCFD
[16:38:58] [107/326] HENN
[16:38:59] [108/326] SMKU
[16:39:01] [109/326] TNZC
[16:39:02] [110/326] DRCD
[16:39:02] 🔄 Identity reset
[16:39:02] 🔄 Identity rotated (every 10 requests)
[16:39:03] [111/326] DLCD
[16:39:04] [112/326] RCDA
[16:39:05] [113/326] COSM
[16:39:05] [114/326] MCMJ
[16:39:06] [115/326] CSTR
[16:39:08] [116/326] CVDK
[16:39:09] [117/326] INRR
[16:39:10] [118/326] RJRT
[16:39:11] [119/326] IRMR
[16:39:12] [120/326] SRCF
[16:39:12] 🔄 Identity reset
[16:39:12] 🔄 Identity rotated (every 10 requests)
[16:39:13] [121/326] GRCR
[16:39:15] [122/326] SURC
[16:39:16] [123/326] NMNH
[16:39:16] [124/326] SVBL
[16:39:17] [125/326] KACI
[16:39:18] [126/326] TDGO
[16:39:19] [127/326] KTBR
[16:39:20] [128/326] PMAD
[16:39:21] [129/326] CCPN
[16:39:22] [130/326] SBTK
[16:39:22] 🔄 Identity reset
[16:39:22] 🔄 Identity rotated (every 10 requests)
[16:39:23] [131/326] LMDK
[16:39:24] [132/326] PGDA
[16:39:25] [133/326] SRML
[16:39:26] [134/326] EVCK
[16:39:27] [135/326] RTTK
[16:39:28] [136/326] SRTU
[16:39:29] [137/326] VRSA
[16:39:30] [138/326] VARS
[16:39:31] [139/326] DSCZ
[16:39:32] [140/326] GAGA
[16:39:32] 🔄 Identity reset
[16:39:32] 🔄 Identity rotated (every 10 requests)
[16:39:33] [141/326] SARV
[16:39:34] [142/326] SEEG
[16:39:35] [143/326] GLCA
[16:39:36] [144/326] APAS
[16:39:37] [145/326] VCIA
[16:39:37] [146/326] SJTA
[16:39:39] [147/326] SABM
[16:39:40] [148/326] PPAG
[16:39:40] [149/326] RVCA
[16:39:41] [150/326] CCIA
[16:39:41] 🔄 Identity reset
[16:39:41] 🔄 Identity rotated (every 10 requests)
[16:39:42] [151/326] HTAG
[16:39:43] [152/326] SMBI
[16:39:44] [153/326] MCJR
[16:39:45] [154/326] CCJR
[16:39:46] [155/326] SINF
[16:39:47] [156/326] CPLX
[16:39:48] [157/326] KKTJ
[16:39:49] [158/326] GDBW
[16:39:50] [159/326] CSUB
[16:39:51] [160/326] DABA
[16:39:51] 🔄 Identity reset
[16:39:51] 🔄 Identity rotated (every 10 requests)
[16:39:52] [161/326] TITR
[16:39:53] [162/326] NYCR
[16:39:54] [163/326] RTRY
[16:39:56] [164/326] JTJL
[16:39:56] [165/326] SJCP
[16:39:57] [166/326] KCCA
[16:39:58] [167/326] MLPG
[16:39:59] [168/326] VRCK
[16:40:00] [169/326] SRIN
[16:40:01] [170/326] CXMK
[16:40:01] 🔄 Identity reset
[16:40:01] 🔄 Identity rotated (every 10 requests)
[16:40:03] [171/326] SKAD
[16:40:04] [172/326] AVTR
[16:40:05] [173/326] PTAJ
[16:40:05] [174/326] SCNK
[16:40:06] [175/326] STTI
[16:40:08] [176/326] KACR
[16:40:09] [177/326] SSDX
[16:40:10] [178/326] VRTJ
[16:40:11] [179/326] RAJD
[16:40:12] [180/326] SCIP
[16:40:12] 🔄 Identity reset
[16:40:12] 🔄 Identity rotated (every 10 requests)
[16:40:13] [181/326] RJSL
[16:40:14] [182/326] ARRS
[16:40:15] [183/326] ASMS
[16:40:16] [184/326] RDTS
[16:40:17] [185/326] DVMY
[16:40:18] [186/326] RASA
[16:40:19] [187/326] INOM
[16:40:20] [188/326] SPRS
[16:40:22] [189/326] SGCS
[16:40:22] [190/326] SALM
[16:40:22] 🔄 Identity reset
[16:40:22] 🔄 Identity rotated (every 10 requests)
[16:40:23] [191/326] PKHC
[16:40:24] [192/326] RCSV
[16:40:25] [193/326] CPKC
[16:40:26] [194/326] AACD
[16:40:28] [195/326] GGCV
[16:40:28] [196/326] SMKD
[16:40:29] [197/326] NBCH
[16:40:30] [198/326] AMCB
[16:40:31] [199/326] OPCN
[16:40:32] [200/326] DCIN
[16:40:32] 🔄 Identity reset
[16:40:32] 🔄 Identity rotated (every 10 requests)
[16:40:34] [201/326] INGW
[16:40:35] [202/326] PKKW
[16:40:36] [203/326] FNGW
[16:40:37] [204/326] GCGD
[16:40:38] [205/326] MSTW
[16:40:39] [206/326] KCCG
[16:40:40] [207/326] MRSS
[16:40:41] [208/326] CLCF
[16:40:42] [209/326] EETS
[16:40:43] [210/326] AATR
[16:40:43] 🔄 Identity reset
[16:40:43] 🔄 Identity rotated (every 10 requests)
[16:40:44] [211/326] CMMN
[16:40:44] [212/326] SCCJ
[16:40:45] [213/326] CDTK
[16:40:46] [214/326] AICP
[16:40:47] [215/326] FNBP
[16:40:48] [216/326] CBPB
[16:40:49] [217/326] CPAS
[16:40:50] [218/326] MAPM
[16:40:52] [219/326] PASD
[16:40:53] [220/326] JCMN
[16:40:53] 🔄 Identity reset
[16:40:53] 🔄 Identity rotated (every 10 requests)
[16:40:54] [221/326] MALB
[16:40:56] [222/326] SACG
[16:40:57] [223/326] DDRX
[16:40:58] [224/326] DDXB
[16:40:59] [225/326] RAMC
[16:40:59] [226/326] SANC
[16:41:01] [227/326] BCBP
[16:41:02] [228/326] ALPC
[16:41:04] [229/326] RBAC
[16:41:05] [230/326] RAJL
[16:41:05] 🔄 Identity reset
[16:41:05] 🔄 Identity rotated (every 10 requests)
[16:41:06] [231/326] MPDX
[16:41:07] [232/326] MUSC
[16:41:08] [233/326] VKMK
[16:41:09] [234/326] SKCG
[16:41:10] [235/326] ANCN
[16:41:11] [236/326] MMCJ
[16:41:12] [237/326] DCAK
[16:41:13] [238/326] SCKG
[16:41:14] [239/326] LMCK
[16:41:15] [240/326] CKKX
[16:41:15] 🔄 Identity reset
[16:41:15] 🔄 Identity rotated (every 10 requests)
[16:41:16] [241/326] ANKU
[16:41:17] [242/326] CSMD
[16:41:18] [243/326] MKMP
[16:41:19] [244/326] SVBG
[16:41:21] [245/326] ROOP
[16:41:22] [246/326] GDMT
[16:41:23] [247/326] FPPF
[16:41:23] [248/326] SFUU
[16:41:24] [249/326] ANCB
[16:41:25] [250/326] SMMC
[16:41:25] 🔄 Identity reset
[16:41:25] 🔄 Identity rotated (every 10 requests)
[16:41:25] 🔄 Retry 1/5 for SMMC in 2.4s
[16:41:25] 🔄 Identity reset
[16:41:28] 🧠 New identity created
[16:41:29] [251/326] UGKT
[16:41:30] [252/326] JVRM
[16:41:31] [253/326] BATG
[16:41:32] [254/326] RATE
[16:41:33] [255/326] SKME
[16:41:34] [256/326] LMTP
[16:41:35] [257/326] TCBD
[16:41:36] [258/326] ESBD
[16:41:37] [259/326] GDCU
[16:41:37] 🔄 Identity reset
[16:41:37] 🔄 Identity rotated (every 10 requests)
[16:41:38] [260/326] SNKT
[16:41:39] [261/326] SRNK
[16:41:40] [262/326] SMED
[16:41:41] [263/326] CSQS
[16:41:42] [264/326] ALCS
[16:41:43] [265/326] KCKN
[16:41:44] [266/326] VCCL
[16:41:45] [267/326] MCDA
[16:41:46] [268/326] SHMI
[16:41:48] [269/326] SKHA
[16:41:48] 🔄 Identity reset
[16:41:48] 🔄 Identity rotated (every 10 requests)
[16:41:49] [270/326] SVFK
[16:41:50] [271/326] INVB
[16:41:51] [272/326] MELD
[16:41:52] [273/326] JTYS
[16:41:53] [274/326] INCM
[16:41:54] [275/326] MCDV
[16:41:55] [276/326] KSGK
[16:41:57] [277/326] ICMG
[16:41:57] [278/326] CSCV
[16:41:58] [279/326] STMD
[16:41:58] 🔄 Identity reset
[16:41:58] 🔄 Identity rotated (every 10 requests)
[16:41:59] [280/326] STTR
[16:42:00] [281/326] INVC
[16:42:01] [282/326] JTBL
[16:42:02] [283/326] SRVV
[16:42:03] [284/326] MAVC
[16:42:05] [285/326] SRPP
[16:42:07] [286/326] JGDM
[16:42:08] [287/326] MBSJ
[16:42:10] [288/326] SSLL
[16:42:11] [289/326] SLKP
[16:42:11] 🔄 Identity reset
[16:42:11] 🔄 Identity rotated (every 10 requests)
[16:42:12] [290/326] NSRV
[16:42:13] [291/326] UTDV
[16:42:14] [292/326] KICM
[16:42:15] [293/326] KCMD
[16:42:16] [294/326] TTPP
[16:42:16] [295/326] KMPV
[16:42:18] [296/326] SKTV
[16:42:19] [297/326] STCV
[16:42:20] [298/326] SRDA
[16:42:21] [299/326] JTSX
[16:42:21] 🔄 Identity reset
[16:42:21] 🔄 Identity rotated (every 10 requests)
[16:42:22] [300/326] STBV
[16:42:23] [301/326] APVZ
[16:42:24] [302/326] GSTV
[16:42:25] [303/326] NMVS
[16:42:26] [304/326] SKRT
[16:42:26] [305/326] RMDV
[16:42:27] [306/326] RATG
[16:42:28] [307/326] SJYV
[16:42:29] [308/326] NDGP
[16:42:30] [309/326] SNDG
[16:42:30] 🔄 Identity reset
[16:42:30] 🔄 Identity rotated (every 10 requests)
[16:42:31] [310/326] INSR
[16:42:32] [311/326] INSO
[16:42:33] [312/326] CCSI
[16:42:34] [313/326] RASM
[16:42:35] [314/326] NEWC
[16:42:36] [315/326] VSHL
[16:42:37] [316/326] BISW
[16:42:38] [317/326] GCNG
[16:42:39] [318/326] CWSC
[16:42:40] [319/326] SKAN
[16:42:40] 🔄 Identity reset
[16:42:40] 🔄 Identity rotated (every 10 requests)
[16:42:41] [320/326] CCOA
[16:42:42] [321/326] MCAJ
[16:42:43] [322/326] ACDE
[16:42:44] [323/326] AACM
[16:42:45] [324/326] JJCK
[16:42:46] [325/326] RCMO
[16:42:47] [326/326] GDAW
[16:42:48] 🧹 Deduping shows
[16:42:48] ✅ DONE | Shows=2479 | Movies=61
[21:15:07] 🚀 SCRIPT STARTED
[21:15:07] [1/326] VCHA
[21:15:07] 🧠 New identity created
[21:15:08] [2/326] SCKO
[21:15:10] [3/326] VKTK
[21:15:11] [4/326] DXEC
[21:15:12] [5/326] CDCA
[21:15:13] [6/326] VBCZ
[21:15:14] [7/326] MSDR
[21:15:15] [8/326] ACPV
[21:15:16] [9/326] PVHB
[21:15:16] [10/326] RCNH
[21:15:16] 🔄 Identity reset
[21:15:16] 🔄 Identity rotated (every 10 requests)
[21:15:18] [11/326] IOMH
[21:15:20] [12/326] ILKS
[21:15:22] [13/326] AMSN
[21:15:23] [14/326] ANTP
[21:15:24] [15/326] SSEK
[21:15:24] [16/326] PICP
[21:15:25] [17/326] SICO
[21:15:26] [18/326] SISP
[21:15:28] [19/326] SCPI
[21:15:29] [20/326] CRPR
[21:15:29] 🔄 Identity reset
[21:15:29] 🔄 Identity rotated (every 10 requests)
[21:15:30] [21/326] DCTW
[21:15:31] [22/326] DCSP
[21:15:32] [23/326] KRPM
[21:15:33] [24/326] THKK
[21:15:33] [25/326] SNMY
[21:15:34] [26/326] AKCC
[21:15:35] [27/326] PCAT
[21:15:36] [28/326] RFGO
[21:15:37] [29/326] GGCS
[21:15:38] [30/326] ACKR
[21:15:38] 🔄 Identity reset
[21:15:38] 🔄 Identity rotated (every 10 requests)
[21:15:39] [31/326] STDO
[21:15:40] [32/326] ACKB
[21:15:41] [33/326] ALUC
[21:15:42] [34/326] MNSR
[21:15:43] [35/326] CSSL
[21:15:43] [36/326] BGGM
[21:15:44] [37/326] MANT
[21:15:45] [38/326] SOOY
[21:15:46] [39/326] VPPK
[21:15:47] [40/326] MYHJ
[21:15:47] 🔄 Identity reset
[21:15:47] 🔄 Identity rotated (every 10 requests)
[21:15:48] [41/326] KSCK
[21:15:49] [42/326] KATK
[21:15:50] [43/326] RTRT
[21:15:52] [44/326] SSTT
[21:15:54] [45/326] SSTV
[21:15:55] [46/326] LACM
[21:15:56] [47/326] SGMG
[21:15:57] [48/326] KACX
[21:15:58] [49/326] GVCP
[21:15:58] [50/326] CSNC
[21:15:58] 🔄 Identity reset
[21:15:58] 🔄 Identity rotated (every 10 requests)
[21:16:00] [51/326] SXCB
[21:16:02] [52/326] BAHS
[21:16:03] [53/326] PCBI
[21:16:04] [54/326] PSSM
[21:16:05] [55/326] RCOK
[21:16:06] [56/326] SCPF
[21:16:07] [57/326] SSAS
[21:16:09] [58/326] EVMM
[21:16:10] [59/326] SYCB
[21:16:11] [60/326] GCKI
[21:16:11] 🔄 Identity reset
[21:16:11] 🔄 Identity rotated (every 10 requests)
[21:16:12] [61/326] IAET
[21:16:13] [62/326] DDTD
[21:16:14] [63/326] GMDH
[21:16:15] [64/326] STLE
[21:16:16] [65/326] JTRA
[21:16:18] [66/326] RPPA
[21:16:19] [67/326] ARUT
[21:16:20] [68/326] JTVM
[21:16:21] [69/326] SWRH
[21:16:22] [70/326] DCPC
[21:16:22] 🔄 Identity reset
[21:16:22] 🔄 Identity rotated (every 10 requests)
[21:16:22] 🔄 Retry 1/5 for DCPC in 2.8s
[21:16:22] 🔄 Identity reset
[21:16:25] 🧠 New identity created
[21:16:26] [71/326] RAPR
[21:16:27] [72/326] GCRT
[21:16:28] [73/326] ATUN
[21:16:29] [74/326] LTRM
[21:16:30] [75/326] TASR
[21:16:31] [76/326] RLLC
[21:16:32] [77/326] MABI
[21:16:33] [78/326] SVHB
[21:16:35] [79/326] NVTB
[21:16:35] 🔄 Identity reset
[21:16:35] 🔄 Identity rotated (every 10 requests)
[21:16:36] [80/326] KCKG
[21:16:37] [81/326] SSRN
[21:16:38] [82/326] VDDC
[21:16:39] [83/326] GKTK
[21:16:40] [84/326] YFSN
[21:16:41] [85/326] GCSG
[21:16:42] [86/326] ESSM
[21:16:43] [87/326] KRIH
[21:16:44] [88/326] GCDS
[21:16:48] [89/326] CCSH
[21:16:48] 🔄 Identity reset
[21:16:48] 🔄 Identity rotated (every 10 requests)
[21:16:48] 🔄 Retry 1/5 for CCSH in 2.8s
[21:16:48] 🔄 Identity reset
[21:16:51] 🧠 New identity created
[21:16:52] [90/326] ACSK
[21:16:53] [91/326] APRK
[21:16:54] [92/326] ADKM
[21:16:54] [93/326] SRDM
[21:16:55] [94/326] SJMY
[21:16:57] [95/326] PGGC
[21:16:58] [96/326] INGM
[21:16:59] [97/326] LSCB
[21:17:00] [98/326] STAD
[21:17:00] 🔄 Identity reset
[21:17:00] 🔄 Identity rotated (every 10 requests)
[21:17:01] [99/326] MCCR
[21:17:02] [100/326] ABCC
[21:17:03] [101/326] RKCC
[21:17:04] [102/326] RTCR
[21:17:05] [103/326] GGBC
[21:17:06] [104/326] GCSD
[21:17:07] [105/326] LPTY
[21:17:08] [106/326] MCFD
[21:17:09] [107/326] HENN
[21:17:10] [108/326] SMKU
[21:17:10] 🔄 Identity reset
[21:17:10] 🔄 Identity rotated (every 10 requests)
[21:17:10] [109/326] TNZC
[21:17:12] [110/326] DRCD
[21:17:12] [111/326] DLCD
[21:17:13] [112/326] RCDA
[21:17:14] [113/326] COSM
[21:17:15] [114/326] MCMJ
[21:17:16] [115/326] CSTR
[21:17:17] [116/326] CVDK
[21:17:18] [117/326] INRR
[21:17:19] [118/326] RJRT
[21:17:19] 🔄 Identity reset
[21:17:19] 🔄 Identity rotated (every 10 requests)
[21:17:20] [119/326] IRMR
[21:17:21] [120/326] SRCF
[21:17:22] [121/326] GRCR
[21:17:24] [122/326] SURC
[21:17:25] [123/326] NMNH
[21:17:26] [124/326] SVBL
[21:17:27] [125/326] KACI
[21:17:28] [126/326] TDGO
[21:17:29] [127/326] KTBR
[21:17:30] [128/326] PMAD
[21:17:30] 🔄 Identity reset
[21:17:30] 🔄 Identity rotated (every 10 requests)
[21:17:31] [129/326] CCPN
[21:17:32] [130/326] SBTK
[21:17:33] [131/326] LMDK
[21:17:34] [132/326] PGDA
[21:17:35] [133/326] SRML
[21:17:36] [134/326] EVCK
[21:17:37] [135/326] RTTK
[21:17:38] [136/326] SRTU
[21:17:39] [137/326] VRSA
[21:17:40] [138/326] VARS
[21:17:40] 🔄 Identity reset
[21:17:40] 🔄 Identity rotated (every 10 requests)
[21:17:41] [139/326] DSCZ
[21:17:42] [140/326] GAGA
[21:17:43] [141/326] SARV
[21:17:44] [142/326] SEEG
[21:17:44] [143/326] GLCA
[21:17:46] [144/326] APAS
[21:17:47] [145/326] VCIA
[21:17:48] [146/326] SJTA
[21:17:49] [147/326] SABM
[21:17:51] [148/326] PPAG
[21:17:51] 🔄 Identity reset
[21:17:51] 🔄 Identity rotated (every 10 requests)
[21:17:52] [149/326] RVCA
[21:17:53] [150/326] CCIA
[21:17:54] [151/326] HTAG
[21:17:55] [152/326] SMBI
[21:17:56] [153/326] MCJR
[21:17:57] [154/326] CCJR
[21:17:58] [155/326] SINF
[21:17:59] [156/326] CPLX
[21:18:00] [157/326] KKTJ
[21:18:01] [158/326] GDBW
[21:18:01] 🔄 Identity reset
[21:18:01] 🔄 Identity rotated (every 10 requests)
[21:18:02] [159/326] CSUB
[21:18:03] [160/326] DABA
[21:18:03] [161/326] TITR
[21:18:04] [162/326] NYCR
[21:18:06] [163/326] RTRY
[21:18:07] [164/326] JTJL
[21:18:08] [165/326] SJCP
[21:18:09] [166/326] KCCA
[21:18:10] [167/326] MLPG
[21:18:11] [168/326] VRCK
[21:18:11] 🔄 Identity reset
[21:18:11] 🔄 Identity rotated (every 10 requests)
[21:18:12] [169/326] SRIN
[21:18:13] [170/326] CXMK
[21:18:14] [171/326] SKAD
[21:18:15] [172/326] AVTR
[21:18:16] [173/326] PTAJ
[21:18:17] [174/326] SCNK
[21:18:18] [175/326] STTI
[21:18:18] [176/326] KACR
[21:18:20] [177/326] SSDX
[21:18:21] [178/326] VRTJ
[21:18:21] 🔄 Identity reset
[21:18:21] 🔄 Identity rotated (every 10 requests)
[21:18:22] [179/326] RAJD
[21:18:23] [180/326] SCIP
[21:18:24] [181/326] RJSL
[21:18:25] [182/326] ARRS
[21:18:26] [183/326] ASMS
[21:18:27] [184/326] RDTS
[21:18:28] [185/326] DVMY
[21:18:29] [186/326] RASA
[21:18:30] [187/326] INOM
[21:18:31] [188/326] SPRS
[21:18:31] 🔄 Identity reset
[21:18:31] 🔄 Identity rotated (every 10 requests)
[21:18:32] [189/326] SGCS
[21:18:33] [190/326] SALM
[21:18:34] [191/326] PKHC
[21:18:34] [192/326] RCSV
[21:18:36] [193/326] CPKC
[21:18:37] [194/326] AACD
[21:18:38] [195/326] GGCV
[21:18:39] [196/326] SMKD
[21:18:40] [197/326] NBCH
[21:18:41] [198/326] AMCB
[21:18:41] 🔄 Identity reset
[21:18:41] 🔄 Identity rotated (every 10 requests)
[21:18:42] [199/326] OPCN
[21:18:43] [200/326] DCIN
[21:18:44] [201/326] INGW
[21:18:45] [202/326] PKKW
[21:18:47] [203/326] FNGW
[21:18:48] [204/326] GCGD
[21:18:48] [205/326] MSTW
[21:18:49] [206/326] KCCG
[21:18:50] [207/326] MRSS
[21:18:51] [208/326] CLCF
[21:18:51] 🔄 Identity reset
[21:18:51] 🔄 Identity rotated (every 10 requests)
[21:18:52] [209/326] EETS
[21:18:53] [210/326] AATR
[21:18:54] [211/326] CMMN
[21:18:56] [212/326] SCCJ
[21:18:56] [213/326] CDTK
[21:18:57] [214/326] AICP
[21:18:58] [215/326] FNBP
[21:18:59] [216/326] CBPB
[21:19:00] [217/326] CPAS
[21:19:01] [218/326] MAPM
[21:19:01] 🔄 Identity reset
[21:19:01] 🔄 Identity rotated (every 10 requests)
[21:19:02] [219/326] PASD
[21:19:04] [220/326] JCMN
[21:19:05] [221/326] MALB
[21:19:06] [222/326] SACG
[21:19:07] [223/326] DDRX
[21:19:08] [224/326] DDXB
[21:19:09] [225/326] RAMC
[21:19:10] [226/326] SANC
[21:19:11] [227/326] BCBP
[21:19:12] [228/326] ALPC
[21:19:12] 🔄 Identity reset
[21:19:12] 🔄 Identity rotated (every 10 requests)
[21:19:13] [229/326] RBAC
[21:19:13] [230/326] RAJL
[21:19:14] [231/326] MPDX
[21:19:15] [232/326] MUSC
[21:19:16] [233/326] VKMK
[21:19:17] [234/326] SKCG
[21:19:18] [235/326] ANCN
[21:19:19] [236/326] MMCJ
[21:19:20] [237/326] DCAK
[21:19:21] [238/326] SCKG
[21:19:21] 🔄 Identity reset
[21:19:21] 🔄 Identity rotated (every 10 requests)
[21:19:22] [239/326] LMCK
[21:19:23] [240/326] CKKX
[21:19:24] [241/326] ANKU
[21:19:25] [242/326] CSMD
[21:19:26] [243/326] MKMP
[21:19:27] [244/326] SVBG
[21:19:28] [245/326] ROOP
[21:19:29] [246/326] GDMT
[21:19:29] [247/326] FPPF
[21:19:30] [248/326] SFUU
[21:19:30] 🔄 Identity reset
[21:19:31] 🔄 Identity rotated (every 10 requests)
[21:19:32] [249/326] ANCB
[21:19:32] [250/326] SMMC
[21:19:33] [251/326] UGKT
[21:19:34] [252/326] JVRM
[21:19:35] [253/326] BATG
[21:19:36] [254/326] RATE
[21:19:37] [255/326] SKME
[21:19:38] [256/326] LMTP
[21:19:39] [257/326] TCBD
[21:19:40] [258/326] ESBD
[21:19:40] 🔄 Identity reset
[21:19:40] 🔄 Identity rotated (every 10 requests)
[21:19:42] [259/326] GDCU
[21:19:43] [260/326] SNKT
[21:19:44] [261/326] SRNK
[21:19:45] [262/326] SMED
[21:19:46] [263/326] CSQS
[21:19:46] [264/326] ALCS
[21:19:47] [265/326] KCKN
[21:19:48] [266/326] VCCL
[21:19:49] [267/326] MCDA
[21:19:50] [268/326] SHMI
[21:19:50] 🔄 Identity reset
[21:19:50] 🔄 Identity rotated (every 10 requests)
[21:19:51] [269/326] SKHA
[21:19:52] [270/326] SVFK
[21:19:53] [271/326] INVB
[21:19:54] [272/326] MELD
[21:19:55] [273/326] JTYS
[21:19:56] [274/326] INCM
[21:19:57] [275/326] MCDV
[21:19:58] [276/326] KSGK
[21:19:59] [277/326] ICMG
[21:20:00] [278/326] CSCV
[21:20:00] 🔄 Identity reset
[21:20:00] 🔄 Identity rotated (every 10 requests)
[21:20:01] [279/326] STMD
[21:20:02] [280/326] STTR
[21:20:03] [281/326] INVC
[21:20:04] [282/326] JTBL
[21:20:05] [283/326] SRVV
[21:20:06] [284/326] MAVC
[21:20:07] [285/326] SRPP
[21:20:08] [286/326] JGDM
[21:20:09] [287/326] MBSJ
[21:20:10] [288/326] SSLL
[21:20:10] 🔄 Identity reset
[21:20:10] 🔄 Identity rotated (every 10 requests)
[21:20:12] [289/326] SLKP
[21:20:13] [290/326] NSRV
[21:20:14] [291/326] UTDV
[21:20:15] [292/326] KICM
[21:20:16] [293/326] KCMD
[21:20:17] [294/326] TTPP
[21:20:18] [295/326] KMPV
[21:20:19] [296/326] SKTV
[21:20:20] [297/326] STCV
[21:20:21] [298/326] SRDA
[21:20:21] 🔄 Identity reset
[21:20:21] 🔄 Identity rotated (every 10 requests)
[21:20:22] [299/326] JTSX
[21:20:23] [300/326] STBV
[21:20:24] [301/326] APVZ
[21:20:25] [302/326] GSTV
[21:20:26] [303/326] NMVS
[21:20:27] [304/326] SKRT
[21:20:28] [305/326] RMDV
[21:20:29] [306/326] RATG
[21:20:30] [307/326] SJYV
[21:20:31] [308/326] NDGP
[21:20:31] 🔄 Identity reset
[21:20:31] 🔄 Identity rotated (every 10 requests)
[21:20:32] [309/326] SNDG
[21:20:33] [310/326] INSR
[21:20:34] [311/326] INSO
[21:20:35] [312/326] CCSI
[21:20:36] [313/326] RASM
[21:20:37] [314/326] NEWC
[21:20:38] [315/326] VSHL
[21:20:39] [316/326] BISW
[21:20:40] [317/326] GCNG
[21:20:41] [318/326] CWSC
[21:20:41] 🔄 Identity reset
[21:20:41] 🔄 Identity rotated (every 10 requests)
[21:20:42] [319/326] SKAN
[21:20:43] [320/326] CCOA
[21:20:44] [321/326] MCAJ
[21:20:45] [322/326] ACDE
[21:20:46] [323/326] AACM
[21:20:47] [324/326] JJCK
[21:20:49] [325/326] RCMO
[21:20:50] [326/326] GDAW
[21:20:51] 🧹 Deduping shows
[21:20:51] ✅ DONE | Shows=2527 | Movies=61
[23:31:29] 🚀 SCRIPT STARTED
[23:31:29] [1/326] VCHA
[23:31:29] 🧠 New identity created
[23:31:30] [2/326] SCKO
[23:31:31] [3/326] VKTK
[23:31:32] [4/326] DXEC
[23:31:32] [5/326] CDCA
[23:31:33] [6/326] VBCZ
[23:31:34] [7/326] MSDR
[23:31:35] [8/326] ACPV
[23:31:36] [9/326] PVHB
[23:31:37] [10/326] RCNH
[23:31:37] 🔄 Identity reset
[23:31:37] 🔄 Identity rotated (every 10 requests)
[23:31:38] [11/326] IOMH
[23:31:39] [12/326] ILKS
[23:31:40] [13/326] AMSN
[23:31:41] [14/326] ANTP
[23:31:42] [15/326] SSEK
[23:31:43] [16/326] PICP
[23:31:44] [17/326] SICO
[23:31:45] [18/326] SISP
[23:31:45] [19/326] SCPI
[23:31:46] [20/326] CRPR
[23:31:46] 🔄 Identity reset
[23:31:46] 🔄 Identity rotated (every 10 requests)
[23:31:48] [21/326] DCTW
[23:31:48] [22/326] DCSP
[23:31:49] [23/326] KRPM
[23:31:50] [24/326] THKK
[23:31:51] [25/326] SNMY
[23:31:52] [26/326] AKCC
[23:31:53] [27/326] PCAT
[23:31:54] [28/326] RFGO
[23:31:55] [29/326] GGCS
[23:31:56] [30/326] ACKR
[23:31:56] 🔄 Identity reset
[23:31:56] 🔄 Identity rotated (every 10 requests)
[23:31:56] 🔄 Retry 1/5 for ACKR in 2.2s
[23:31:56] 🔄 Identity reset
[23:31:58] 🧠 New identity created
[23:31:59] [31/326] STDO
[23:32:00] [32/326] ACKB
[23:32:01] [33/326] ALUC
[23:32:02] [34/326] MNSR
[23:32:03] [35/326] CSSL
[23:32:04] [36/326] BGGM
[23:32:04] [37/326] MANT
[23:32:05] [38/326] SOOY
[23:32:06] [39/326] VPPK
[23:32:06] 🔄 Identity reset
[23:32:06] 🔄 Identity rotated (every 10 requests)
[23:32:06] [40/326] MYHJ
[23:32:07] [41/326] KSCK
[23:32:08] [42/326] KATK
[23:32:08] [43/326] RTRT
[23:32:09] [44/326] SSTT
[23:32:10] [45/326] SSTV
[23:32:10] [46/326] LACM
[23:32:11] [47/326] SGMG
[23:32:12] [48/326] KACX
[23:32:13] [49/326] GVCP
[23:32:13] 🔄 Identity reset
[23:32:13] 🔄 Identity rotated (every 10 requests)
[23:32:13] [50/326] CSNC
[23:32:14] [51/326] SXCB
[23:32:14] [52/326] BAHS
[23:32:15] [53/326] PCBI
[23:32:15] [54/326] PSSM
[23:32:16] [55/326] RCOK
[23:32:17] [56/326] SCPF
[23:32:17] [57/326] SSAS
[23:32:18] [58/326] EVMM
[23:32:19] [59/326] SYCB
[23:32:19] 🔄 Identity reset
[23:32:19] 🔄 Identity rotated (every 10 requests)
[23:32:19] [60/326] GCKI
[23:32:20] [61/326] IAET
[23:32:21] [62/326] DDTD
[23:32:21] [63/326] GMDH
[23:32:22] [64/326] STLE
[23:32:23] [65/326] JTRA
[23:32:23] [66/326] RPPA
[23:32:24] [67/326] ARUT
[23:32:24] [68/326] JTVM
[23:32:25] [69/326] SWRH
[23:32:25] 🔄 Identity reset
[23:32:25] 🔄 Identity rotated (every 10 requests)
[23:32:25] 🔄 Retry 1/5 for SWRH in 2.4s
[23:32:25] 🔄 Identity reset
[23:32:28] 🧠 New identity created
[23:32:28] [70/326] DCPC
[23:32:29] [71/326] RAPR
[23:32:30] [72/326] GCRT
[23:32:30] [73/326] ATUN
[23:32:31] [74/326] LTRM
[23:32:32] [75/326] TASR
[23:32:32] [76/326] RLLC
[23:32:33] [77/326] MABI
[23:32:34] [78/326] SVHB
[23:32:34] 🔄 Identity reset
[23:32:34] 🔄 Identity rotated (every 10 requests)
[23:32:35] [79/326] NVTB
[23:32:35] [80/326] KCKG
[23:32:36] [81/326] SSRN
[23:32:37] [82/326] VDDC
[23:32:37] [83/326] GKTK
[23:32:38] [84/326] YFSN
[23:32:38] [85/326] GCSG
[23:32:39] [86/326] ESSM
[23:32:40] [87/326] KRIH
[23:32:40] [88/326] GCDS
[23:32:40] 🔄 Identity reset
[23:32:40] 🔄 Identity rotated (every 10 requests)
[23:32:40] 🔄 Retry 1/5 for GCDS in 2.7s
[23:32:40] 🔄 Identity reset
[23:32:43] 🧠 New identity created
[23:32:44] [89/326] CCSH
[23:32:44] [90/326] ACSK
[23:32:45] [91/326] APRK
[23:32:46] [92/326] ADKM
[23:32:46] [93/326] SRDM
[23:32:47] [94/326] SJMY
[23:32:48] [95/326] PGGC
[23:32:49] [96/326] INGM
[23:32:49] [97/326] LSCB
[23:32:49] 🔄 Identity reset
[23:32:49] 🔄 Identity rotated (every 10 requests)
[23:32:50] [98/326] STAD
[23:32:51] [99/326] MCCR
[23:32:51] [100/326] ABCC
[23:32:52] [101/326] RKCC
[23:32:52] [102/326] RTCR
[23:32:53] [103/326] GGBC
[23:32:54] [104/326] GCSD
[23:32:54] [105/326] LPTY
[23:32:55] [106/326] MCFD
[23:32:55] [107/326] HENN
[23:32:55] 🔄 Identity reset
[23:32:55] 🔄 Identity rotated (every 10 requests)
[23:32:56] [108/326] SMKU
[23:32:57] [109/326] TNZC
[23:32:57] [110/326] DRCD
[23:32:58] [111/326] DLCD
[23:32:59] [112/326] RCDA
[23:32:59] [113/326] COSM
[23:33:00] [114/326] MCMJ
[23:33:01] [115/326] CSTR
[23:33:01] [116/326] CVDK
[23:33:02] [117/326] INRR
[23:33:02] 🔄 Identity reset
[23:33:02] 🔄 Identity rotated (every 10 requests)
[23:33:03] [118/326] RJRT
[23:33:03] [119/326] IRMR
[23:33:04] [120/326] SRCF
[23:33:04] [121/326] GRCR
[23:33:05] [122/326] SURC
[23:33:05] [123/326] NMNH
[23:33:06] [124/326] SVBL
[23:33:07] [125/326] KACI
[23:33:07] [126/326] TDGO
[23:33:08] [127/326] KTBR
[23:33:08] 🔄 Identity reset
[23:33:08] 🔄 Identity rotated (every 10 requests)
[23:33:09] [128/326] PMAD
[23:33:10] [129/326] CCPN
[23:33:10] [130/326] SBTK
[23:33:11] [131/326] LMDK
[23:33:11] [132/326] PGDA
[23:33:12] [133/326] SRML
[23:33:13] [134/326] EVCK
[23:33:14] [135/326] RTTK
[23:33:14] [136/326] SRTU
[23:33:15] [137/326] VRSA
[23:33:15] 🔄 Identity reset
[23:33:15] 🔄 Identity rotated (every 10 requests)
[23:33:16] [138/326] VARS
[23:33:16] [139/326] DSCZ
[23:33:17] [140/326] GAGA
[23:33:18] [141/326] SARV
[23:33:19] [142/326] SEEG
[23:33:19] [143/326] GLCA
[23:33:20] [144/326] APAS
[23:33:20] [145/326] VCIA
[23:33:21] [146/326] SJTA
[23:33:22] [147/326] SABM
[23:33:22] 🔄 Identity reset
[23:33:22] 🔄 Identity rotated (every 10 requests)
[23:33:23] [148/326] PPAG
[23:33:23] [149/326] RVCA
[23:33:24] [150/326] CCIA
[23:33:25] [151/326] HTAG
[23:33:26] [152/326] SMBI
[23:33:26] [153/326] MCJR
[23:33:27] [154/326] CCJR
[23:33:28] [155/326] SINF
[23:33:28] [156/326] CPLX
[23:33:29] [157/326] KKTJ
[23:33:29] 🔄 Identity reset
[23:33:29] 🔄 Identity rotated (every 10 requests)
[23:33:30] [158/326] GDBW
[23:33:30] [159/326] CSUB
[23:33:31] [160/326] DABA
[23:33:32] [161/326] TITR
[23:33:32] [162/326] NYCR
[23:33:33] [163/326] RTRY
[23:33:33] [164/326] JTJL
[23:33:34] [165/326] SJCP
[23:33:35] [166/326] KCCA
[23:33:35] [167/326] MLPG
[23:33:35] 🔄 Identity reset
[23:33:35] 🔄 Identity rotated (every 10 requests)
[23:33:36] [168/326] VRCK
[23:33:36] [169/326] SRIN
[23:33:37] [170/326] CXMK
[23:33:38] [171/326] SKAD
[23:33:38] [172/326] AVTR
[23:33:39] [173/326] PTAJ
[23:33:40] [174/326] SCNK
[23:33:41] [175/326] STTI
[23:33:41] [176/326] KACR
[23:33:42] [177/326] SSDX
[23:33:42] 🔄 Identity reset
[23:33:42] 🔄 Identity rotated (every 10 requests)
[23:33:43] [178/326] VRTJ
[23:33:44] [179/326] RAJD
[23:33:45] [180/326] SCIP
[23:33:46] [181/326] RJSL
[23:33:47] [182/326] ARRS
[23:33:48] [183/326] ASMS
[23:33:48] [184/326] RDTS
[23:33:49] [185/326] DVMY
[23:33:50] [186/326] RASA
[23:33:51] [187/326] INOM
[23:33:51] 🔄 Identity reset
[23:33:51] 🔄 Identity rotated (every 10 requests)
[23:33:51] [188/326] SPRS
[23:33:52] [189/326] SGCS
[23:33:53] [190/326] SALM
[23:33:53] [191/326] PKHC
[23:33:54] [192/326] RCSV
[23:33:55] [193/326] CPKC
[23:33:57] [194/326] AACD
[23:33:58] [195/326] GGCV
[23:33:59] [196/326] SMKD
[23:33:59] [197/326] NBCH
[23:33:59] 🔄 Identity reset
[23:33:59] 🔄 Identity rotated (every 10 requests)
[23:34:00] [198/326] AMCB
[23:34:01] [199/326] OPCN
[23:34:02] [200/326] DCIN
[23:34:02] [201/326] INGW
[23:34:03] [202/326] PKKW
[23:34:04] [203/326] FNGW
[23:34:05] [204/326] GCGD
[23:34:05] [205/326] MSTW
[23:34:06] [206/326] KCCG
[23:34:07] [207/326] MRSS
[23:34:07] 🔄 Identity reset
[23:34:07] 🔄 Identity rotated (every 10 requests)
[23:34:08] [208/326] CLCF
[23:34:09] [209/326] EETS
[23:34:10] [210/326] AATR
[23:34:11] [211/326] CMMN
[23:34:11] [212/326] SCCJ
[23:34:12] [213/326] CDTK
[23:34:13] [214/326] AICP
[23:34:14] [215/326] FNBP
[23:34:14] [216/326] CBPB
[23:34:15] [217/326] CPAS
[23:34:15] 🔄 Identity reset
[23:34:15] 🔄 Identity rotated (every 10 requests)
[23:34:16] [218/326] MAPM
[23:34:17] [219/326] PASD
[23:34:18] [220/326] JCMN
[23:34:19] [221/326] MALB
[23:34:19] [222/326] SACG
[23:34:20] [223/326] DDRX
[23:34:21] [224/326] DDXB
[23:34:22] [225/326] RAMC
[23:34:23] [226/326] SANC
[23:34:23] [227/326] BCBP
[23:34:23] 🔄 Identity reset
[23:34:23] 🔄 Identity rotated (every 10 requests)
[23:34:24] [228/326] ALPC
[23:34:25] [229/326] RBAC
[23:34:25] [230/326] RAJL
[23:34:26] [231/326] MPDX
[23:34:27] [232/326] MUSC
[23:34:28] [233/326] VKMK
[23:34:29] [234/326] SKCG
[23:34:30] [235/326] ANCN
[23:34:30] [236/326] MMCJ
[23:34:31] [237/326] DCAK
[23:34:31] 🔄 Identity reset
[23:34:31] 🔄 Identity rotated (every 10 requests)
[23:34:32] [238/326] SCKG
[23:34:33] [239/326] LMCK
[23:34:34] [240/326] CKKX
[23:34:35] [241/326] ANKU
[23:34:36] [242/326] CSMD
[23:34:37] [243/326] MKMP
[23:34:38] [244/326] SVBG
[23:34:38] [245/326] ROOP
[23:34:40] [246/326] GDMT
[23:34:41] [247/326] FPPF
[23:34:41] 🔄 Identity reset
[23:34:41] 🔄 Identity rotated (every 10 requests)
[23:34:42] [248/326] SFUU
[23:34:42] [249/326] ANCB
[23:34:44] [250/326] SMMC
[23:34:45] [251/326] UGKT
[23:34:46] [252/326] JVRM
[23:34:46] [253/326] BATG
[23:34:47] [254/326] RATE
[23:34:48] [255/326] SKME
[23:34:48] [256/326] LMTP
[23:34:49] [257/326] TCBD
[23:34:49] 🔄 Identity reset
[23:34:49] 🔄 Identity rotated (every 10 requests)
[23:34:50] [258/326] ESBD
[23:34:50] [259/326] GDCU
[23:34:52] [260/326] SNKT
[23:34:53] [261/326] SRNK
[23:34:54] [262/326] SMED
[23:34:55] [263/326] CSQS
[23:34:55] [264/326] ALCS
[23:34:56] [265/326] KCKN
[23:34:57] [266/326] VCCL
[23:34:58] [267/326] MCDA
[23:34:58] 🔄 Identity reset
[23:34:58] 🔄 Identity rotated (every 10 requests)
[23:34:58] [268/326] SHMI
[23:34:59] [269/326] SKHA
[23:35:00] [270/326] SVFK
[23:35:01] [271/326] INVB
[23:35:02] [272/326] MELD
[23:35:02] [273/326] JTYS
[23:35:03] [274/326] INCM
[23:35:04] [275/326] MCDV
[23:35:05] [276/326] KSGK
[23:35:06] [277/326] ICMG
[23:35:06] 🔄 Identity reset
[23:35:06] 🔄 Identity rotated (every 10 requests)
[23:35:06] [278/326] CSCV
[23:35:07] [279/326] STMD
[23:35:07] [280/326] STTR
[23:35:08] [281/326] INVC
[23:35:09] [282/326] JTBL
[23:35:09] [283/326] SRVV
[23:35:10] [284/326] MAVC
[23:35:11] [285/326] SRPP
[23:35:11] [286/326] JGDM
[23:35:12] [287/326] MBSJ
[23:35:12] 🔄 Identity reset
[23:35:12] 🔄 Identity rotated (every 10 requests)
[23:35:13] [288/326] SSLL
[23:35:13] [289/326] SLKP
[23:35:14] [290/326] NSRV
[23:35:15] [291/326] UTDV
[23:35:15] [292/326] KICM
[23:35:16] [293/326] KCMD
[23:35:17] [294/326] TTPP
[23:35:17] [295/326] KMPV
[23:35:18] [296/326] SKTV
[23:35:19] [297/326] STCV
[23:35:19] 🔄 Identity reset
[23:35:19] 🔄 Identity rotated (every 10 requests)
[23:35:19] [298/326] SRDA
[23:35:20] [299/326] JTSX
[23:35:21] [300/326] STBV
[23:35:21] [301/326] APVZ
[23:35:22] [302/326] GSTV
[23:35:23] [303/326] NMVS
[23:35:23] [304/326] SKRT
[23:35:24] [305/326] RMDV
[23:35:25] [306/326] RATG
[23:35:25] [307/326] SJYV
[23:35:25] 🔄 Identity reset
[23:35:25] 🔄 Identity rotated (every 10 requests)
[23:35:25] 🔄 Retry 1/5 for SJYV in 2.1s
[23:35:25] 🔄 Identity reset
[23:35:27] 🧠 New identity created
[23:35:28] [308/326] NDGP
[23:35:29] [309/326] SNDG
[23:35:30] [310/326] INSR
[23:35:31] [311/326] INSO
[23:35:31] [312/326] CCSI
[23:35:32] [313/326] RASM
[23:35:33] [314/326] NEWC
[23:35:33] [315/326] VSHL
[23:35:34] [316/326] BISW
[23:35:34] 🔄 Identity reset
[23:35:34] 🔄 Identity rotated (every 10 requests)
[23:35:35] [317/326] GCNG
[23:35:35] [318/326] CWSC
[23:35:36] [319/326] SKAN
[23:35:37] [320/326] CCOA
[23:35:37] [321/326] MCAJ
[23:35:38] [322/326] ACDE
[23:35:39] [323/326] AACM
[23:35:39] [324/326] JJCK
[23:35:40] [325/326] RCMO
[23:35:41] [326/326] GDAW
[23:35:41] 🔄 Identity reset
[23:35:41] 🔄 Identity rotated (every 10 requests)
[23:35:42] 🧹 Deduping shows
[23:35:42] ✅ DONE | Shows=2538 | Movies=61
