[10:29:39] 🚀 SCRIPT STARTED (enhanced anti‑detection)
[10:29:39] [1/458] MBDC
[10:29:39] 🧠 New identity created
[10:29:40] [2/458] CHKM
[10:29:41] [3/458] JTKZ
[10:29:42] [4/458] CMCT
[10:29:43] [5/458] ASHO
[10:29:44] [6/458] ECDG
[10:29:45] [7/458] SPAT
[10:29:46] [8/458] HILC
[10:29:47] [9/458] SPPH
[10:29:48] [10/458] SBHN
[10:29:49] 🔄 Identity reset
[10:29:49] 🔄 Identity rotated (every 10 requests)
[10:29:49] [11/458] RRCA
[10:29:50] [12/458] APAA
[10:29:51] [13/458] RAME
[10:29:51] [14/458] TMMS
[10:29:52] [15/458] BATK
[10:29:53] [16/458] LKOP
[10:29:54] [17/458] AMTT
[10:29:55] [18/458] PTGK
[10:29:55] [19/458] ANRS
[10:29:56] [20/458] VWBW
[10:29:57] 🔄 Identity reset
[10:29:57] 🔄 Identity rotated (every 10 requests)
[10:29:57] [21/458] SVFG
[10:29:58] [22/458] STAT
[10:30:00] [23/458] GDCV
[10:30:00] [24/458] VEBI
[10:30:01] [25/458] VDSS
[10:30:02] [26/458] NTHV
[10:30:03] [27/458] AOCH
[10:30:04] [28/458] KASR
[10:30:05] [29/458] AYCS
[10:30:06] [30/458] SHAI
[10:30:07] 🔄 Identity reset
[10:30:07] 🔄 Identity rotated (every 10 requests)
[10:30:07] [31/458] SKPE
[10:30:08] [32/458] SBTA
[10:30:08] [33/458] RTTD
[10:30:09] [34/458] CCJD
[10:30:10] [35/458] RSJJ
[10:30:11] [36/458] RKND
[10:30:12] [37/458] SVTX
[10:30:12] [38/458] BAKM
[10:30:13] [39/458] SVDC
[10:30:14] [40/458] MNCV
[10:30:15] 🔄 Identity reset
[10:30:15] 🔄 Identity rotated (every 10 requests)
[10:30:16] [41/458] SJGC
[10:30:17] [42/458] MTPK
[10:30:17] [43/458] GATP
[10:30:18] [44/458] ABTS
[10:30:19] [45/458] ABDE
[10:30:20] [46/458] RCNM
[10:30:21] [47/458] KTHV
[10:30:22] [48/458] MDGJ
[10:30:23] [49/458] SMLM
[10:30:23] [50/458] JTMA
[10:30:24] 🔄 Identity reset
[10:30:24] 🔄 Identity rotated (every 10 requests)
[10:30:24] [51/458] ACKP
[10:30:25] [52/458] SRTA
[10:30:26] [53/458] STAY
[10:30:27] [54/458] MAVO
[10:30:28] [55/458] APTS
[10:30:28] [56/458] OMEA
[10:30:29] [57/458] TTFD
[10:30:30] [58/458] MJCU
[10:30:31] [59/458] CXTE
[10:30:32] [60/458] CTPX
[10:30:32] 🔄 Identity reset
[10:30:32] 🔄 Identity rotated (every 10 requests)
[10:30:32] [61/458] ASSL
[10:30:34] [62/458] CMVB
[10:30:35] [63/458] VPUR
[10:30:36] [64/458] JJDA
[10:30:37] [65/458] INBL
[10:30:38] [66/458] BIKB
[10:30:38] [67/458] NTBB
[10:30:40] [68/458] GLOB
[10:30:41] [69/458] SNTB
[10:30:41] [70/458] CHGV
[10:30:42] 🔄 Identity reset
[10:30:42] 🔄 Identity rotated (every 10 requests)
[10:30:43] [71/458] SSBZ
[10:30:44] [72/458] PRDB
[10:30:45] [73/458] ISMT
[10:30:45] [74/458] MCSD
[10:30:46] [75/458] JBTT
[10:30:47] [76/458] GEKR
[10:30:48] [77/458] PVUN
[10:30:49] [78/458] NRTB
[10:30:50] [79/458] PRAA
[10:30:50] [80/458] PCBL
[10:30:51] 🔄 Identity reset
[10:30:51] 🔄 Identity rotated (every 10 requests)
[10:30:51] [81/458] PTCM
[10:30:52] [82/458] KHNN
[10:30:53] [83/458] OMJE
[10:30:54] [84/458] STGN
[10:30:55] [85/458] RPMS
[10:30:56] [86/458] NWAD
[10:30:57] [87/458] BLCK
[10:30:58] [88/458] SVAA
[10:30:59] [89/458] URVM
[10:31:00] [90/458] ANTM
[10:31:00] 🔄 Identity reset
[10:31:00] 🔄 Identity rotated (every 10 requests)
[10:31:00] [91/458] VJYM
[10:31:01] [92/458] MAZZ
[10:31:02] [93/458] CSHM
[10:31:03] [94/458] WGMH
[10:31:04] [95/458] SALN
[10:31:05] [96/458] BRTP
[10:31:06] [97/458] SVTA
[10:31:06] [98/458] SBTP
[10:31:07] [99/458] VLSS
[10:31:08] [100/458] SRJA
[10:31:09] 🔄 Identity reset
[10:31:09] 🔄 Identity rotated (every 10 requests)
[10:31:09] [101/458] ANCG
[10:31:10] [102/458] CGGC
[10:31:12] [103/458] CRJA
[10:31:12] [104/458] USCR
[10:31:13] [105/458] MMEF
[10:31:14] [106/458] JCRJ
[10:31:15] [107/458] ADCM
[10:31:16] [108/458] BMYK
[10:31:17] [109/458] KICS
[10:31:17] [110/458] MBBT
[10:31:18] 🔄 Identity reset
[10:31:18] 🔄 Identity rotated (every 10 requests)
[10:31:18] [111/458] MACK
[10:31:19] [112/458] CLDR
[10:31:20] [113/458] JYCR
[10:31:21] [114/458] DCRP
[10:31:22] [115/458] RAHT
[10:31:23] [116/458] CSSM
[10:31:24] [117/458] ATPK
[10:31:24] [118/458] KLRT
[10:31:25] [119/458] SRDD
[10:31:26] [120/458] CKMC
[10:31:27] 🔄 Identity reset
[10:31:27] 🔄 Identity rotated (every 10 requests)
[10:31:28] [121/458] KRVM
[10:31:29] [122/458] AKCP
[10:31:30] [123/458] CNCV
[10:31:31] [124/458] PACT
[10:31:32] [125/458] NATP
[10:31:32] [126/458] PCPK
[10:31:34] [127/458] SMHO
[10:31:35] [128/458] CWTK
[10:31:36] [129/458] RVKZ
[10:31:37] [130/458] ASPD
[10:31:38] 🔄 Identity reset
[10:31:38] 🔄 Identity rotated (every 10 requests)
[10:31:38] [131/458] VTKZ
[10:31:39] [132/458] LCSO
[10:31:39] [133/458] PRDY
[10:31:40] [134/458] RCAP
[10:31:41] [135/458] RGAR
[10:31:42] [136/458] RCAC
[10:31:43] [137/458] PMOD
[10:31:44] [138/458] PVCN
[10:31:44] [139/458] SCRZ
[10:31:45] [140/458] PVPC
[10:31:46] 🔄 Identity reset
[10:31:46] 🔄 Identity rotated (every 10 requests)
[10:31:46] [141/458] STID
[10:31:47] [142/458] NEDD
[10:31:48] [143/458] BNBA
[10:31:49] [144/458] NTCD
[10:31:50] [145/458] OCDE
[10:31:50] [146/458] CCDU
[10:31:51] [147/458] CRXH
[10:31:52] [148/458] VLVT
[10:31:53] [149/458] CICI
[10:31:54] [150/458] SUCB
[10:31:54] 🔄 Identity reset
[10:31:54] 🔄 Identity rotated (every 10 requests)
[10:31:54] [151/458] TCBP
[10:31:55] [152/458] SCCY
[10:31:56] [153/458] LXCY
[10:31:57] [154/458] NCMD
[10:31:58] [155/458] PHCS
[10:31:59] [156/458] DUXR
[10:31:59] [157/458] VNKS
[10:32:00] [158/458] SEDP
[10:32:01] [159/458] SVEN
[10:32:02] [160/458] SRKM
[10:32:03] 🔄 Identity reset
[10:32:03] 🔄 Identity rotated (every 10 requests)
[10:32:03] [161/458] JTLT
[10:32:04] [162/458] SVSS
[10:32:05] [163/458] AMDE
[10:32:06] [164/458] WVRN
[10:32:07] [165/458] ISMG
[10:32:07] [166/458] WVKS
[10:32:08] [167/458] USCG
[10:32:09] [168/458] IOTG
[10:32:10] [169/458] RRJM
[10:32:11] [170/458] EDMP
[10:32:11] 🔄 Identity reset
[10:32:11] 🔄 Identity rotated (every 10 requests)
[10:32:12] [171/458] SCGZ
[10:32:13] [172/458] GMGX
[10:32:14] [173/458] OMTP
[10:32:14] [174/458] MITD
[10:32:15] [175/458] SMMD
[10:32:17] [176/458] STML
[10:32:18] [177/458] MCFS
[10:32:18] [178/458] FPKA
[10:32:19] [179/458] OMLR
[10:32:20] [180/458] KKSC
[10:32:21] 🔄 Identity reset
[10:32:21] 🔄 Identity rotated (every 10 requests)
[10:32:21] [181/458] RVMA
[10:32:22] [182/458] SCLL
[10:32:23] [183/458] SCDK
[10:32:23] [184/458] SXMI
[10:32:24] [185/458] SHDN
[10:32:25] [186/458] PAAD
[10:32:26] [187/458] UUCB
[10:32:27] [188/458] JHOL
[10:32:28] [189/458] SGWT
[10:32:29] [190/458] SRII
[10:32:30] 🔄 Identity reset
[10:32:30] 🔄 Identity rotated (every 10 requests)
[10:32:30] [191/458] SGCK
[10:32:31] [192/458] SVVB
[10:32:32] [193/458] DMHA
[10:32:32] [194/458] PPNL
[10:32:34] [195/458] CPNL
[10:32:34] [196/458] WVLD
[10:32:35] [197/458] PSLV
[10:32:36] [198/458] VTTL
[10:32:37] [199/458] NPAD
[10:32:38] [200/458] PVCS
[10:32:38] 🔄 Identity reset
[10:32:38] 🔄 Identity rotated (every 10 requests)
[10:32:39] [201/458] MCHL
[10:32:40] [202/458] PPLL
[10:32:41] [203/458] MALO
[10:32:42] [204/458] SWBH
[10:32:43] [205/458] PUGB
[10:32:44] [206/458] INBB
[10:32:45] [207/458] INNS
[10:32:46] [208/458] MCPT
[10:32:48] [209/458] SCMI
[10:32:48] [210/458] OCON
[10:32:49] 🔄 Identity reset
[10:32:49] 🔄 Identity rotated (every 10 requests)
[10:32:49] [211/458] SCSM
[10:32:50] [212/458] RJVN
[10:32:51] [213/458] AMDK
[10:32:52] [214/458] ISMR
[10:32:53] [215/458] SMTD
[10:32:54] [216/458] VTDD
[10:32:55] [217/458] PDDZ
[10:32:56] [218/458] PCCK
[10:32:56] [219/458] INAM
[10:32:57] [220/458] FNKT
[10:32:58] 🔄 Identity reset
[10:32:58] 🔄 Identity rotated (every 10 requests)
[10:32:58] [221/458] GDKA
[10:32:59] [222/458] MAYU
[10:33:00] [223/458] TCGU
[10:33:01] [224/458] KDCA
[10:33:02] [225/458] DOMY
[10:33:02] [226/458] PDDD
[10:33:03] [227/458] BJTS
[10:33:04] [228/458] VTCA
[10:33:05] [229/458] SBTM
[10:33:06] [230/458] SEET
[10:33:06] 🔄 Identity reset
[10:33:07] 🔄 Identity rotated (every 10 requests)
[10:33:07] [231/458] SSTJ
[10:33:08] [232/458] SVNT
[10:33:08] [233/458] PPPR
[10:33:09] [234/458] PVYS
[10:33:10] [235/458] IOSE
[10:33:11] [236/458] ACTV
[10:33:12] [237/458] APVE
[10:33:12] [238/458] TCCL
[10:33:13] [239/458] SCMO
[10:33:14] [240/458] SAUM
[10:33:14] 🔄 Identity reset
[10:33:14] 🔄 Identity rotated (every 10 requests)
[10:33:15] [241/458] KCJS
[10:33:16] [242/458] NJCJ
[10:33:17] [243/458] NECF
[10:33:18] [244/458] CCGW
[10:33:18] [245/458] CCMG
[10:33:19] [246/458] NYRG
[10:33:20] [247/458] NCSQ
[10:33:21] [248/458] GRCG
[10:33:22] [249/458] CCBT
[10:33:23] [250/458] ACGA
[10:33:23] 🔄 Identity reset
[10:33:23] 🔄 Identity rotated (every 10 requests)
[10:33:23] [251/458] INAG
[10:33:25] [252/458] FUCG
[10:33:26] [253/458] AICF
[10:33:27] [254/458] GRGA
[10:33:28] [255/458] GDCN
[10:33:28] [256/458] RRCG
[10:33:29] [257/458] SDCH
[10:33:30] [258/458] WVJM
[10:33:31] [259/458] JCCZ
[10:33:32] [260/458] CNCL
[10:33:33] 🔄 Identity reset
[10:33:33] 🔄 Identity rotated (every 10 requests)
[10:33:33] [261/458] TMLV
[10:33:34] [262/458] MEMB
[10:33:35] [263/458] SGTD
[10:33:35] [264/458] CONX
[10:33:36] [265/458] CCMH
[10:33:37] [266/458] ACMC
[10:33:38] [267/458] DTPD
[10:33:38] [268/458] POJA
[10:33:39] [269/458] FNBH
[10:33:40] [270/458] CGCB
[10:33:41] 🔄 Identity reset
[10:33:41] 🔄 Identity rotated (every 10 requests)
[10:33:41] [271/458] RACN
[10:33:42] [272/458] JTSM
[10:33:43] [273/458] SCDN
[10:33:43] [274/458] AACK
[10:33:44] [275/458] RMCE
[10:33:45] [276/458] BSGB
[10:33:46] [277/458] MRCB
[10:33:47] [278/458] SRVR
[10:33:47] [279/458] VTKK
[10:33:48] [280/458] AMST
[10:33:49] 🔄 Identity reset
[10:33:49] 🔄 Identity rotated (every 10 requests)
[10:33:49] [281/458] APCY
[10:33:50] [282/458] LMHO
[10:33:51] [283/458] MTZH
[10:33:52] [284/458] AMZB
[10:33:52] [285/458] SUVT
[10:33:53] [286/458] RCIP
[10:33:54] [287/458] KESR
[10:33:55] [288/458] SNKC
[10:33:56] [289/458] SCED
[10:33:57] [290/458] DVCA
[10:33:57] 🔄 Identity reset
[10:33:57] 🔄 Identity rotated (every 10 requests)
[10:33:58] [291/458] VCDT
[10:33:59] [292/458] RRDI
[10:33:59] [293/458] DFCH
[10:34:00] [294/458] INSC
[10:34:01] [295/458] RGTR
[10:34:02] [296/458] FMOT
[10:34:03] [297/458] SCPM
[10:34:04] [298/458] GCDT
[10:34:05] [299/458] BRKT
[10:34:06] [300/458] DEMP
[10:34:06] 🔄 Identity reset
[10:34:06] 🔄 Identity rotated (every 10 requests)
[10:34:06] [301/458] SRLC
[10:34:07] [302/458] KSTT
[10:34:08] [303/458] SMMT
[10:34:09] [304/458] SILM
[10:34:10] [305/458] JCVM
[10:34:10] [306/458] KCSV
[10:34:11] [307/458] MHLK
[10:34:12] [308/458] SLVL
[10:34:13] [309/458] RJKP
[10:34:14] [310/458] BBPC
[10:34:14] 🔄 Identity reset
[10:34:14] 🔄 Identity rotated (every 10 requests)
[10:34:15] [311/458] MXCB
[10:34:16] [312/458] TCPK
[10:34:17] [313/458] RTBR
[10:34:18] [314/458] GAUT
[10:34:19] [315/458] DVCF
[10:34:20] [316/458] JTSB
[10:34:20] [317/458] SBLS
[10:34:21] [318/458] UDAY
[10:34:22] [319/458] PTNP
[10:34:23] [320/458] DMKT
[10:34:23] 🔄 Identity reset
[10:34:23] 🔄 Identity rotated (every 10 requests)
[10:34:23] [321/458] NTDT
[10:34:24] [322/458] SHDJ
[10:34:25] [323/458] OTNC
[10:34:26] [324/458] RNTW
[10:34:27] [325/458] GCMI
[10:34:28] [326/458] CRCM
[10:34:29] [327/458] NNCZ
[10:34:30] [328/458] OEMO
[10:34:31] [329/458] PVJM
[10:34:32] [330/458] CPJI
[10:34:32] 🔄 Identity reset
[10:34:32] 🔄 Identity rotated (every 10 requests)
[10:34:32] 🔄 Retry 1/5 for CPJI in 2.9s
[10:34:32] 🔄 Identity reset
[10:34:35] 🧠 New identity created
[10:34:35] [331/458] RMCJ
[10:34:36] [332/458] CNWJ
[10:34:37] [333/458] EPJM
[10:34:38] [334/458] FNJJ
[10:34:39] [335/458] GCMJ
[10:34:39] [336/458] INPS
[10:34:40] [337/458] BICJ
[10:34:41] [338/458] ISTJ
[10:34:42] [339/458] INJC
[10:34:42] 🔄 Identity reset
[10:34:42] 🔄 Identity rotated (every 10 requests)
[10:34:43] [340/458] GLXJ
[10:34:44] [341/458] INEM
[10:34:45] [342/458] JTMN
[10:34:46] [343/458] FRCJ
[10:34:46] [344/458] DDJP
[10:34:47] [345/458] INJV
[10:34:48] [346/458] GOLC
[10:34:49] [347/458] KOCI
[10:34:50] [348/458] FSTD
[10:34:51] [349/458] PACJ
[10:34:51] 🔄 Identity reset
[10:34:51] 🔄 Identity rotated (every 10 requests)
[10:34:51] [350/458] GMCN
[10:34:52] [351/458] MMDJ
[10:34:53] [352/458] GODH
[10:34:54] [353/458] SKYN
[10:34:55] [354/458] NCTH
[10:34:56] [355/458] SKVZ
[10:34:57] [356/458] SVML
[10:34:57] [357/458] ACVZ
[10:34:58] [358/458] SURA
[10:34:59] [359/458] RTRB
[10:35:00] 🔄 Identity reset
[10:35:00] 🔄 Identity rotated (every 10 requests)
[10:35:01] [360/458] LLCT
[10:35:01] [361/458] ATTS
[10:35:02] [362/458] JYCM
[10:35:03] [363/458] CTKR
[10:35:04] [364/458] LCKR
[10:35:05] [365/458] NYCV
[10:35:06] [366/458] NYOH
[10:35:06] [367/458] NOVX
[10:35:08] [368/458] MRGK
[10:35:09] [369/458] MOON
[10:35:10] 🔄 Identity reset
[10:35:10] 🔄 Identity rotated (every 10 requests)
[10:35:10] [370/458] SBUC
[10:35:11] [371/458] GSVA
[10:35:12] [372/458] VIAK
[10:35:13] [373/458] SMVZ
[10:35:14] [374/458] MATE
[10:35:16] [375/458] RDCN
[10:35:17] [376/458] ASBL
[10:35:18] [377/458] ASVS
[10:35:19] [378/458] ASSR
[10:35:19] [379/458] SSKN
[10:35:20] 🔄 Identity reset
[10:35:20] 🔄 Identity rotated (every 10 requests)
[10:35:20] 🔄 Retry 1/5 for SSKN in 2.5s
[10:35:20] 🔄 Identity reset
[10:35:23] 🧠 New identity created
[10:35:23] [380/458] DRPV
[10:35:24] [381/458] MRHT
[10:35:25] [382/458] BSCN
[10:35:26] [383/458] RKNX
[10:35:27] [384/458] MSMC
[10:35:28] [385/458] MSCJ
[10:35:29] [386/458] BTBJ
[10:35:30] [387/458] MJCC
[10:35:30] [388/458] IOMM
[10:35:31] 🔄 Identity reset
[10:35:31] 🔄 Identity rotated (every 10 requests)
[10:35:31] [389/458] ADGR
[10:35:32] [390/458] MYCP
[10:35:33] [391/458] IGCM
[10:35:34] [392/458] PGRK
[10:35:34] [393/458] VPGO
[10:35:36] [394/458] KOMS
[10:35:37] [395/458] URGG
[10:35:38] [396/458] GOST
[10:35:39] [397/458] LACT
[10:35:41] [398/458] BWCM
[10:35:41] 🔄 Identity reset
[10:35:41] 🔄 Identity rotated (every 10 requests)
[10:35:41] [399/458] NCCW
[10:35:42] [400/458] SKYC
[10:35:43] [401/458] CCPM
[10:35:44] [402/458] VCBT
[10:35:45] [403/458] SDKR
[10:35:45] [404/458] CTYB
[10:35:46] [405/458] SHCX
[10:35:47] [406/458] RCUN
[10:35:48] [407/458] CNRA
[10:35:49] [408/458] RFCA
[10:35:49] 🔄 Identity reset
[10:35:49] 🔄 Identity rotated (every 10 requests)
[10:35:49] [409/458] RDCU
[10:35:50] [410/458] SARK
[10:35:51] [411/458] SPPP
[10:35:52] [412/458] ADMB
[10:35:53] [413/458] JYOE
[10:35:54] [414/458] SRMD
[10:35:55] [415/458] RJDH
[10:35:55] [416/458] SSTD
[10:35:56] [417/458] AACV
[10:35:57] [418/458] PPVD
[10:35:58] 🔄 Identity reset
[10:35:58] 🔄 Identity rotated (every 10 requests)
[10:35:58] [419/458] STCP
[10:35:59] [420/458] ANLS
[10:36:00] [421/458] BIJO
[10:36:01] [422/458] AVAB
[10:36:02] [423/458] SPMD
[10:36:03] [424/458] SVJL
[10:36:04] [425/458] SDDJ
[10:36:04] [426/458] SLTU
[10:36:05] [427/458] SAKA
[10:36:06] [428/458] PMAM
[10:36:07] 🔄 Identity reset
[10:36:07] 🔄 Identity rotated (every 10 requests)
[10:36:07] 🔄 Retry 1/5 for PMAM in 2.3s
[10:36:07] 🔄 Identity reset
[10:36:09] 🧠 New identity created
[10:36:10] [429/458] FNAM
[10:36:10] [430/458] ACAM
[10:36:11] [431/458] SCMM
[10:36:13] [432/458] PMAK
[10:36:14] [433/458] NYSA
[10:36:15] [434/458] FCPA
[10:36:15] [435/458] GDAN
[10:36:16] [436/458] RSCA
[10:36:17] [437/458] DMAN
[10:36:18] 🔄 Identity reset
[10:36:18] 🔄 Identity rotated (every 10 requests)
[10:36:18] [438/458] DZCM
[10:36:19] [439/458] NSGL
[10:36:20] [440/458] CCPP
[10:36:20] [441/458] PSMG
[10:36:21] [442/458] GSER
[10:36:23] [443/458] FCCT
[10:36:24] [444/458] FCTB
[10:36:24] [445/458] LCNK
[10:36:25] [446/458] SKTY
[10:36:26] [447/458] INAA
[10:36:27] 🔄 Identity reset
[10:36:27] 🔄 Identity rotated (every 10 requests)
[10:36:27] [448/458] RCWN
[10:36:28] [449/458] VAIS
[10:36:29] [450/458] CVMN
[10:36:30] [451/458] INTS
[10:36:31] [452/458] FRGS
[10:36:32] [453/458] DTCK
[10:36:33] [454/458] MCMH
[10:36:34] [455/458] ECRR
[10:36:35] [456/458] RLLP
[10:36:37] [457/458] CCSN
[10:36:37] 🔄 Identity reset
[10:36:37] 🔄 Identity rotated (every 10 requests)
[10:36:38] [458/458] CCBA
[10:36:39] 🧹 Deduping shows
[10:36:39] ✅ DONE | Shows=560 | Movies=3
[01:59:21] 🚀 SCRIPT STARTED (enhanced anti‑detection)
[01:59:21] [1/458] MBDC
[01:59:21] 🧠 New identity created
[01:59:22] [2/458] CHKM
[01:59:23] [3/458] JTKZ
[01:59:25] [4/458] CMCT
[01:59:27] [5/458] ASHO
[01:59:28] [6/458] ECDG
[01:59:29] [7/458] SPAT
[01:59:30] [8/458] HILC
[01:59:32] [9/458] SPPH
[01:59:33] [10/458] SBHN
[01:59:34] 🔄 Identity reset
[01:59:34] 🔄 Identity rotated (every 10 requests)
[01:59:34] [11/458] RRCA
[01:59:36] [12/458] APAA
[01:59:37] [13/458] RAME
[01:59:39] [14/458] TMMS
[01:59:40] [15/458] BATK
[01:59:41] [16/458] LKOP
[01:59:42] [17/458] AMTT
[01:59:43] [18/458] PTGK
[01:59:44] [19/458] ANRS
[01:59:45] [20/458] VWBW
[01:59:46] 🔄 Identity reset
[01:59:46] 🔄 Identity rotated (every 10 requests)
[01:59:46] [21/458] SVFG
[01:59:48] [22/458] STAT
[01:59:50] [23/458] GDCV
[01:59:50] [24/458] VEBI
[01:59:52] [25/458] VDSS
[01:59:53] [26/458] NTHV
[01:59:55] [27/458] AOCH
[01:59:56] [28/458] KASR
[01:59:57] [29/458] AYCS
[01:59:58] [30/458] SHAI
[01:59:59] 🔄 Identity reset
[01:59:59] 🔄 Identity rotated (every 10 requests)
[01:59:59] [31/458] SKPE
[02:00:00] [32/458] SBTA
[02:00:02] [33/458] RTTD
[02:00:04] [34/458] CCJD
[02:00:05] [35/458] RSJJ
[02:00:06] [36/458] RKND
[02:00:07] [37/458] SVTX
[02:00:08] [38/458] BAKM
[02:00:09] [39/458] SVDC
[02:00:10] [40/458] MNCV
[02:00:11] 🔄 Identity reset
[02:00:11] 🔄 Identity rotated (every 10 requests)
[02:00:11] 🔄 Retry 1/5 for MNCV in 2.9s
[02:00:11] 🔄 Identity reset
[02:00:14] 🧠 New identity created
[02:00:15] [41/458] SJGC
[02:00:17] [42/458] MTPK
[02:00:19] [43/458] GATP
[02:00:21] [44/458] ABTS
[02:00:21] [45/458] ABDE
[02:00:23] [46/458] RCNM
[02:00:24] [47/458] KTHV
[02:00:26] [48/458] MDGJ
[02:00:26] [49/458] SMLM
[02:00:27] 🔄 Identity reset
[02:00:27] 🔄 Identity rotated (every 10 requests)
[02:00:27] [50/458] JTMA
[02:00:28] [51/458] ACKP
[02:00:29] [52/458] SRTA
[02:00:30] [53/458] STAY
[02:00:31] [54/458] MAVO
[02:00:32] [55/458] APTS
[02:00:33] [56/458] OMEA
[02:00:34] [57/458] TTFD
[02:00:36] [58/458] MJCU
[02:00:38] [59/458] CXTE
[02:00:38] 🔄 Identity reset
[02:00:38] 🔄 Identity rotated (every 10 requests)
[02:00:39] [60/458] CTPX
[02:00:40] [61/458] ASSL
[02:00:41] [62/458] CMVB
[02:00:43] [63/458] VPUR
[02:00:44] [64/458] JJDA
[02:00:45] [65/458] INBL
[02:00:46] [66/458] BIKB
[02:00:47] [67/458] NTBB
[02:00:47] [68/458] GLOB
[02:00:48] [69/458] SNTB
[02:00:49] 🔄 Identity reset
[02:00:49] 🔄 Identity rotated (every 10 requests)
[02:00:50] [70/458] CHGV
[02:00:52] [71/458] SSBZ
[02:00:53] [72/458] PRDB
[02:00:54] [73/458] ISMT
[02:00:55] [74/458] MCSD
[02:00:56] [75/458] JBTT
[02:00:57] [76/458] GEKR
[02:00:58] [77/458] PVUN
[02:01:00] [78/458] NRTB
[02:01:01] [79/458] PRAA
[02:01:01] 🔄 Identity reset
[02:01:01] 🔄 Identity rotated (every 10 requests)
[02:01:01] [80/458] PCBL
[02:01:02] [81/458] PTCM
[02:01:04] [82/458] KHNN
[02:01:06] [83/458] OMJE
[02:01:07] [84/458] STGN
[02:01:07] [85/458] RPMS
[02:01:08] [86/458] NWAD
[02:01:09] [87/458] BLCK
[02:01:11] [88/458] SVAA
[02:01:13] [89/458] URVM
[02:01:13] 🔄 Identity reset
[02:01:13] 🔄 Identity rotated (every 10 requests)
[02:01:13] [90/458] ANTM
[02:01:14] [91/458] VJYM
[02:01:15] [92/458] MAZZ
[02:01:16] [93/458] CSHM
[02:01:17] [94/458] WGMH
[02:01:19] [95/458] SALN
[02:01:21] [96/458] BRTP
[02:01:21] [97/458] SVTA
[02:01:22] [98/458] SBTP
[02:01:24] [99/458] VLSS
[02:01:25] 🔄 Identity reset
[02:01:25] 🔄 Identity rotated (every 10 requests)
[02:01:25] [100/458] SRJA
[02:01:26] [101/458] ANCG
[02:01:27] [102/458] CGGC
[02:01:28] [103/458] CRJA
[02:01:29] [104/458] USCR
[02:01:30] [105/458] MMEF
[02:01:31] [106/458] JCRJ
[02:01:32] [107/458] ADCM
[02:01:33] [108/458] BMYK
[02:01:34] [109/458] KICS
[02:01:34] 🔄 Identity reset
[02:01:34] 🔄 Identity rotated (every 10 requests)
[02:01:35] [110/458] MBBT
[02:01:36] [111/458] MACK
[02:01:37] [112/458] CLDR
[02:01:38] [113/458] JYCR
[02:01:39] [114/458] DCRP
[02:01:40] [115/458] RAHT
[02:01:41] [116/458] CSSM
[02:01:43] [117/458] ATPK
[02:01:45] [118/458] KLRT
[02:01:46] [119/458] SRDD
[02:01:46] 🔄 Identity reset
[02:01:46] 🔄 Identity rotated (every 10 requests)
[02:01:47] [120/458] CKMC
[02:01:48] [121/458] KRVM
[02:01:49] [122/458] AKCP
[02:01:50] [123/458] CNCV
[02:01:52] [124/458] PACT
[02:01:54] [125/458] NATP
[02:01:55] [126/458] PCPK
[02:01:57] [127/458] SMHO
[02:01:58] [128/458] CWTK
[02:01:59] [129/458] RVKZ
[02:02:00] 🔄 Identity reset
[02:02:00] 🔄 Identity rotated (every 10 requests)
[02:02:01] [130/458] ASPD
[02:02:02] [131/458] VTKZ
[02:02:04] [132/458] LCSO
[02:02:04] [133/458] PRDY
[02:02:05] [134/458] RCAP
[02:02:07] [135/458] RGAR
[02:02:08] [136/458] RCAC
[02:02:09] [137/458] PMOD
[02:02:11] [138/458] PVCN
[02:02:12] [139/458] SCRZ
[02:02:13] 🔄 Identity reset
[02:02:13] 🔄 Identity rotated (every 10 requests)
[02:02:14] [140/458] PVPC
[02:02:15] [141/458] STID
[02:02:16] [142/458] NEDD
[02:02:17] [143/458] BNBA
[02:02:19] [144/458] NTCD
[02:02:20] [145/458] OCDE
[02:02:22] [146/458] CCDU
[02:02:22] [147/458] CRXH
[02:02:23] [148/458] VLVT
[02:02:24] [149/458] CICI
[02:02:25] 🔄 Identity reset
[02:02:25] 🔄 Identity rotated (every 10 requests)
[02:02:25] [150/458] SUCB
[02:02:26] [151/458] TCBP
[02:02:28] [152/458] SCCY
[02:02:29] [153/458] LXCY
[02:02:30] [154/458] NCMD
[02:02:31] [155/458] PHCS
[02:02:33] [156/458] DUXR
[02:02:34] [157/458] VNKS
[02:02:35] [158/458] SEDP
[02:02:37] [159/458] SVEN
[02:02:37] 🔄 Identity reset
[02:02:37] 🔄 Identity rotated (every 10 requests)
[02:02:38] [160/458] SRKM
[02:02:39] [161/458] JTLT
[02:02:40] [162/458] SVSS
[02:02:41] [163/458] AMDE
[02:02:42] [164/458] WVRN
[02:02:44] [165/458] ISMG
[02:02:45] [166/458] WVKS
[02:02:47] [167/458] USCG
[02:02:48] [168/458] IOTG
[02:02:49] [169/458] RRJM
[02:02:50] 🔄 Identity reset
[02:02:50] 🔄 Identity rotated (every 10 requests)
[02:02:50] [170/458] EDMP
[02:02:51] [171/458] SCGZ
[02:02:52] [172/458] GMGX
[02:02:54] [173/458] OMTP
[02:02:55] [174/458] MITD
[02:02:56] [175/458] SMMD
[02:02:58] [176/458] STML
[02:02:59] [177/458] MCFS
[02:03:01] [178/458] FPKA
[02:03:02] [179/458] OMLR
[02:03:02] 🔄 Identity reset
[02:03:02] 🔄 Identity rotated (every 10 requests)
[02:03:04] [180/458] KKSC
[02:03:05] [181/458] RVMA
[02:03:05] [182/458] SCLL
[02:03:06] [183/458] SCDK
[02:03:08] [184/458] SXMI
[02:03:09] [185/458] SHDN
[02:03:11] [186/458] PAAD
[02:03:12] [187/458] UUCB
[02:03:14] [188/458] JHOL
[02:03:15] [189/458] SGWT
[02:03:15] 🔄 Identity reset
[02:03:15] 🔄 Identity rotated (every 10 requests)
[02:03:16] [190/458] SRII
[02:03:18] [191/458] SGCK
[02:03:19] [192/458] SVVB
[02:03:20] [193/458] DMHA
[02:03:21] [194/458] PPNL
[02:03:23] [195/458] CPNL
[02:03:24] [196/458] WVLD
[02:03:26] [197/458] PSLV
[02:03:27] [198/458] VTTL
[02:03:29] [199/458] NPAD
[02:03:29] 🔄 Identity reset
[02:03:29] 🔄 Identity rotated (every 10 requests)
[02:03:30] [200/458] PVCS
[02:03:31] [201/458] MCHL
[02:03:32] [202/458] PPLL
[02:03:34] [203/458] MALO
[02:03:36] [204/458] SWBH
[02:03:37] [205/458] PUGB
[02:03:37] [206/458] INBB
[02:03:39] [207/458] INNS
[02:03:40] [208/458] MCPT
[02:03:42] [209/458] SCMI
[02:03:42] 🔄 Identity reset
[02:03:42] 🔄 Identity rotated (every 10 requests)
[02:03:43] [210/458] OCON
[02:03:44] [211/458] SCSM
[02:03:45] [212/458] RJVN
[02:03:47] [213/458] AMDK
[02:03:49] [214/458] ISMR
[02:03:50] [215/458] SMTD
[02:03:50] [216/458] VTDD
[02:03:52] [217/458] PDDZ
[02:03:53] [218/458] PCCK
[02:03:54] [219/458] INAM
[02:03:55] 🔄 Identity reset
[02:03:55] 🔄 Identity rotated (every 10 requests)
[02:03:56] [220/458] FNKT
[02:03:57] [221/458] GDKA
[02:03:58] [222/458] MAYU
[02:03:59] [223/458] TCGU
[02:04:00] [224/458] KDCA
[02:04:01] [225/458] DOMY
[02:04:02] [226/458] PDDD
[02:04:03] [227/458] BJTS
[02:04:05] [228/458] VTCA
[02:04:06] [229/458] SBTM
[02:04:06] 🔄 Identity reset
[02:04:06] 🔄 Identity rotated (every 10 requests)
[02:04:07] [230/458] SEET
[02:04:08] [231/458] SSTJ
[02:04:10] [232/458] SVNT
[02:04:11] [233/458] PPPR
[02:04:13] [234/458] PVYS
[02:04:15] [235/458] IOSE
[02:04:17] [236/458] ACTV
[02:04:18] [237/458] APVE
[02:04:19] [238/458] TCCL
[02:04:21] [239/458] SCMO
[02:04:22] 🔄 Identity reset
[02:04:22] 🔄 Identity rotated (every 10 requests)
[02:04:23] [240/458] SAUM
[02:04:24] [241/458] KCJS
[02:04:25] [242/458] NJCJ
[02:04:26] [243/458] NECF
[02:04:27] [244/458] CCGW
[02:04:28] [245/458] CCMG
[02:04:30] [246/458] NYRG
[02:04:31] [247/458] NCSQ
[02:04:32] [248/458] GRCG
[02:04:33] [249/458] CCBT
[02:04:33] 🔄 Identity reset
[02:04:33] 🔄 Identity rotated (every 10 requests)
[02:04:35] [250/458] ACGA
[02:04:36] [251/458] INAG
[02:04:37] [252/458] FUCG
[02:04:39] [253/458] AICF
[02:04:40] [254/458] GRGA
[02:04:42] [255/458] GDCN
[02:04:43] [256/458] RRCG
[02:04:43] [257/458] SDCH
[02:04:44] [258/458] WVJM
[02:04:46] [259/458] JCCZ
[02:04:47] 🔄 Identity reset
[02:04:47] 🔄 Identity rotated (every 10 requests)
[02:04:47] [260/458] CNCL
[02:04:49] [261/458] TMLV
[02:04:50] [262/458] MEMB
[02:04:51] [263/458] SGTD
[02:04:52] [264/458] CONX
[02:04:54] [265/458] CCMH
[02:04:55] [266/458] ACMC
[02:04:56] [267/458] DTPD
[02:04:57] [268/458] POJA
[02:04:59] [269/458] FNBH
[02:04:59] 🔄 Identity reset
[02:04:59] 🔄 Identity rotated (every 10 requests)
[02:05:00] [270/458] CGCB
[02:05:00] [271/458] RACN
[02:05:02] [272/458] JTSM
[02:05:03] [273/458] SCDN
[02:05:05] [274/458] AACK
[02:05:06] [275/458] RMCE
[02:05:07] [276/458] BSGB
[02:05:09] [277/458] MRCB
[02:05:11] [278/458] SRVR
[02:05:12] [279/458] VTKK
[02:05:12] 🔄 Identity reset
[02:05:12] 🔄 Identity rotated (every 10 requests)
[02:05:13] [280/458] AMST
[02:05:14] [281/458] APCY
[02:05:16] [282/458] LMHO
[02:05:17] [283/458] MTZH
[02:05:18] [284/458] AMZB
[02:05:19] [285/458] SUVT
[02:05:20] [286/458] RCIP
[02:05:21] [287/458] KESR
[02:05:23] [288/458] SNKC
[02:05:24] [289/458] SCED
[02:05:24] 🔄 Identity reset
[02:05:24] 🔄 Identity rotated (every 10 requests)
[02:05:25] [290/458] DVCA
[02:05:26] [291/458] VCDT
[02:05:28] [292/458] RRDI
[02:05:29] [293/458] DFCH
[02:05:30] [294/458] INSC
[02:05:31] [295/458] RGTR
[02:05:32] [296/458] FMOT
[02:05:33] [297/458] SCPM
[02:05:34] [298/458] GCDT
[02:05:36] [299/458] BRKT
[02:05:36] 🔄 Identity reset
[02:05:37] 🔄 Identity rotated (every 10 requests)
[02:05:38] [300/458] DEMP
[02:05:39] [301/458] SRLC
[02:05:40] [302/458] KSTT
[02:05:42] [303/458] SMMT
[02:05:43] [304/458] SILM
[02:05:44] [305/458] JCVM
[02:05:46] [306/458] KCSV
[02:05:47] [307/458] MHLK
[02:05:48] [308/458] SLVL
[02:05:50] [309/458] RJKP
[02:05:51] 🔄 Identity reset
[02:05:51] 🔄 Identity rotated (every 10 requests)
[02:05:51] [310/458] BBPC
[02:05:52] [311/458] MXCB
[02:05:54] [312/458] TCPK
[02:05:55] [313/458] RTBR
[02:05:56] [314/458] GAUT
[02:05:57] [315/458] DVCF
[02:05:59] [316/458] JTSB
[02:06:00] [317/458] SBLS
[02:06:01] [318/458] UDAY
[02:06:02] [319/458] PTNP
[02:06:02] 🔄 Identity reset
[02:06:02] 🔄 Identity rotated (every 10 requests)
[02:06:03] [320/458] DMKT
[02:06:03] [321/458] NTDT
[02:06:04] [322/458] SHDJ
[02:06:06] [323/458] OTNC
[02:06:07] [324/458] RNTW
[02:06:08] [325/458] GCMI
[02:06:09] [326/458] CRCM
[02:06:10] [327/458] NNCZ
[02:06:11] [328/458] OEMO
[02:06:12] [329/458] PVJM
[02:06:13] 🔄 Identity reset
[02:06:13] 🔄 Identity rotated (every 10 requests)
[02:06:13] [330/458] CPJI
[02:06:14] [331/458] RMCJ
[02:06:15] [332/458] CNWJ
[02:06:17] [333/458] EPJM
[02:06:18] [334/458] FNJJ
[02:06:19] [335/458] GCMJ
[02:06:21] [336/458] INPS
[02:06:23] [337/458] BICJ
[02:06:24] [338/458] ISTJ
[02:06:25] [339/458] INJC
[02:06:26] 🔄 Identity reset
[02:06:26] 🔄 Identity rotated (every 10 requests)
[02:06:27] [340/458] GLXJ
[02:06:28] [341/458] INEM
[02:06:28] [342/458] JTMN
[02:06:29] [343/458] FRCJ
[02:06:30] [344/458] DDJP
[02:06:31] [345/458] INJV
[02:06:31] [346/458] GOLC
[02:06:32] [347/458] KOCI
[02:06:33] [348/458] FSTD
[02:06:34] [349/458] PACJ
[02:06:35] 🔄 Identity reset
[02:06:35] 🔄 Identity rotated (every 10 requests)
[02:06:35] [350/458] GMCN
[02:06:36] [351/458] MMDJ
[02:06:37] [352/458] GODH
[02:06:38] [353/458] SKYN
[02:06:39] [354/458] NCTH
[02:06:40] [355/458] SKVZ
[02:06:41] [356/458] SVML
[02:06:41] [357/458] ACVZ
[02:06:43] [358/458] SURA
[02:06:45] [359/458] RTRB
[02:06:45] 🔄 Identity reset
[02:06:45] 🔄 Identity rotated (every 10 requests)
[02:06:45] [360/458] LLCT
[02:06:47] [361/458] ATTS
[02:06:48] [362/458] JYCM
[02:06:49] [363/458] CTKR
[02:06:49] [364/458] LCKR
[02:06:51] [365/458] NYCV
[02:06:52] [366/458] NYOH
[02:06:53] [367/458] NOVX
[02:06:54] [368/458] MRGK
[02:06:55] [369/458] MOON
[02:06:55] 🔄 Identity reset
[02:06:55] 🔄 Identity rotated (every 10 requests)
[02:06:57] [370/458] SBUC
[02:06:58] [371/458] GSVA
[02:06:58] [372/458] VIAK
[02:07:00] [373/458] SMVZ
[02:07:02] [374/458] MATE
[02:07:03] [375/458] RDCN
[02:07:04] [376/458] ASBL
[02:07:06] [377/458] ASVS
[02:07:06] [378/458] ASSR
[02:07:08] [379/458] SSKN
[02:07:09] 🔄 Identity reset
[02:07:09] 🔄 Identity rotated (every 10 requests)
[02:07:09] [380/458] DRPV
[02:07:09] [381/458] MRHT
[02:07:10] [382/458] BSCN
[02:07:12] [383/458] RKNX
[02:07:13] [384/458] MSMC
[02:07:15] [385/458] MSCJ
[02:07:15] [386/458] BTBJ
[02:07:17] [387/458] MJCC
[02:07:19] [388/458] IOMM
[02:07:19] [389/458] ADGR
[02:07:20] 🔄 Identity reset
[02:07:20] 🔄 Identity rotated (every 10 requests)
[02:07:20] [390/458] MYCP
[02:07:21] [391/458] IGCM
[02:07:23] [392/458] PGRK
[02:07:24] [393/458] VPGO
[02:07:25] [394/458] KOMS
[02:07:27] [395/458] URGG
[02:07:28] [396/458] GOST
[02:07:29] [397/458] LACT
[02:07:30] [398/458] BWCM
[02:07:31] [399/458] NCCW
[02:07:31] 🔄 Identity reset
[02:07:31] 🔄 Identity rotated (every 10 requests)
[02:07:31] [400/458] SKYC
[02:07:32] [401/458] CCPM
[02:07:33] [402/458] VCBT
[02:07:34] [403/458] SDKR
[02:07:35] [404/458] CTYB
[02:07:37] [405/458] SHCX
[02:07:38] [406/458] RCUN
[02:07:40] [407/458] CNRA
[02:07:41] [408/458] RFCA
[02:07:43] [409/458] RDCU
[02:07:44] 🔄 Identity reset
[02:07:44] 🔄 Identity rotated (every 10 requests)
[02:07:44] [410/458] SARK
[02:07:45] [411/458] SPPP
[02:07:46] [412/458] ADMB
[02:07:46] [413/458] JYOE
[02:07:47] [414/458] SRMD
[02:07:49] [415/458] RJDH
[02:07:50] [416/458] SSTD
[02:07:50] [417/458] AACV
[02:07:51] [418/458] PPVD
[02:07:52] [419/458] STCP
[02:07:53] 🔄 Identity reset
[02:07:53] 🔄 Identity rotated (every 10 requests)
[02:07:53] [420/458] ANLS
[02:07:54] [421/458] BIJO
[02:07:55] [422/458] AVAB
[02:07:56] [423/458] SPMD
[02:07:57] [424/458] SVJL
[02:07:58] [425/458] SDDJ
[02:08:00] [426/458] SLTU
[02:08:01] [427/458] SAKA
[02:08:02] [428/458] PMAM
[02:08:03] [429/458] FNAM
[02:08:04] 🔄 Identity reset
[02:08:04] 🔄 Identity rotated (every 10 requests)
[02:08:04] [430/458] ACAM
[02:08:05] [431/458] SCMM
[02:08:06] [432/458] PMAK
[02:08:07] [433/458] NYSA
[02:08:08] [434/458] FCPA
[02:08:10] [435/458] GDAN
[02:08:11] [436/458] RSCA
[02:08:12] [437/458] DMAN
[02:08:13] [438/458] DZCM
[02:08:15] [439/458] NSGL
[02:08:15] 🔄 Identity reset
[02:08:15] 🔄 Identity rotated (every 10 requests)
[02:08:15] [440/458] CCPP
[02:08:17] [441/458] PSMG
[02:08:18] [442/458] GSER
[02:08:19] [443/458] FCCT
[02:08:20] [444/458] FCTB
[02:08:22] [445/458] LCNK
[02:08:23] [446/458] SKTY
[02:08:25] [447/458] INAA
[02:08:26] [448/458] RCWN
[02:08:28] [449/458] VAIS
[02:08:29] 🔄 Identity reset
[02:08:29] 🔄 Identity rotated (every 10 requests)
[02:08:29] [450/458] CVMN
[02:08:30] [451/458] INTS
[02:08:30] [452/458] FRGS
[02:08:31] [453/458] DTCK
[02:08:32] [454/458] MCMH
[02:08:33] [455/458] ECRR
[02:08:34] [456/458] RLLP
[02:08:35] [457/458] CCSN
[02:08:36] [458/458] CCBA
[02:08:38] 🧹 Deduping shows
[02:08:38] ✅ DONE | Shows=729 | Movies=5
