[10:29:45] 🚀 SCRIPT STARTED (enhanced anti‑detection)
[10:29:45] [1/326] VCHA
[10:29:45] 🧠 New identity created
[10:29:46] [2/326] SCKO
[10:29:47] [3/326] VKTK
[10:29:48] [4/326] DXEC
[10:29:49] [5/326] CDCA
[10:29:51] [6/326] VBCZ
[10:29:51] [7/326] MSDR
[10:29:52] [8/326] ACPV
[10:29:54] [9/326] PVHB
[10:29:55] [10/326] RCNH
[10:29:56] 🔄 Identity reset
[10:29:56] 🔄 Identity rotated (every 10 requests)
[10:29:56] [11/326] IOMH
[10:29:57] [12/326] ILKS
[10:29:58] [13/326] AMSN
[10:29:59] [14/326] ANTP
[10:30:00] [15/326] SSEK
[10:30:01] [16/326] PICP
[10:30:02] [17/326] SICO
[10:30:03] [18/326] SISP
[10:30:05] [19/326] SCPI
[10:30:06] [20/326] CRPR
[10:30:06] 🔄 Identity reset
[10:30:07] 🔄 Identity rotated (every 10 requests)
[10:30:07] [21/326] DCTW
[10:30:09] [22/326] DCSP
[10:30:10] [23/326] KRPM
[10:30:11] [24/326] THKK
[10:30:11] [25/326] SNMY
[10:30:12] [26/326] AKCC
[10:30:13] [27/326] PCAT
[10:30:14] [28/326] RFGO
[10:30:16] [29/326] GGCS
[10:30:17] [30/326] ACKR
[10:30:17] 🔄 Identity reset
[10:30:17] 🔄 Identity rotated (every 10 requests)
[10:30:18] [31/326] STDO
[10:30:18] [32/326] ACKB
[10:30:19] [33/326] ALUC
[10:30:20] [34/326] MNSR
[10:30:21] [35/326] CSSL
[10:30:22] [36/326] BGGM
[10:30:23] [37/326] MANT
[10:30:24] [38/326] SOOY
[10:30:25] [39/326] VPPK
[10:30:26] [40/326] MYHJ
[10:30:27] 🔄 Identity reset
[10:30:27] 🔄 Identity rotated (every 10 requests)
[10:30:28] [41/326] KSCK
[10:30:29] [42/326] KATK
[10:30:30] [43/326] RTRT
[10:30:31] [44/326] SSTT
[10:30:32] [45/326] SSTV
[10:30:33] [46/326] LACM
[10:30:34] [47/326] SGMG
[10:30:35] [48/326] KACX
[10:30:36] [49/326] GVCP
[10:30:36] [50/326] CSNC
[10:30:37] 🔄 Identity reset
[10:30:37] 🔄 Identity rotated (every 10 requests)
[10:30:37] [51/326] SXCB
[10:30:38] [52/326] BAHS
[10:30:40] [53/326] PCBI
[10:30:41] [54/326] PSSM
[10:30:42] [55/326] RCOK
[10:30:43] [56/326] SCPF
[10:30:44] [57/326] SSAS
[10:30:46] [58/326] EVMM
[10:30:47] [59/326] SYCB
[10:30:48] [60/326] GCKI
[10:30:49] 🔄 Identity reset
[10:30:49] 🔄 Identity rotated (every 10 requests)
[10:30:49] [61/326] IAET
[10:30:50] [62/326] DDTD
[10:30:51] [63/326] GMDH
[10:30:52] [64/326] STLE
[10:30:53] [65/326] JTRA
[10:30:54] [66/326] RPPA
[10:30:55] [67/326] ARUT
[10:30:56] [68/326] JTVM
[10:30:57] [69/326] SWRH
[10:30:58] [70/326] DCPC
[10:30:58] 🔄 Identity reset
[10:30:58] 🔄 Identity rotated (every 10 requests)
[10:30:59] [71/326] RAPR
[10:31:00] [72/326] GCRT
[10:31:01] [73/326] ATUN
[10:31:02] [74/326] LTRM
[10:31:03] [75/326] TASR
[10:31:04] [76/326] RLLC
[10:31:05] [77/326] MABI
[10:31:06] [78/326] SVHB
[10:31:07] [79/326] NVTB
[10:31:08] [80/326] KCKG
[10:31:09] 🔄 Identity reset
[10:31:09] 🔄 Identity rotated (every 10 requests)
[10:31:09] [81/326] SSRN
[10:31:10] [82/326] VDDC
[10:31:11] [83/326] GKTK
[10:31:13] [84/326] YFSN
[10:31:15] [85/326] GCSG
[10:31:16] [86/326] ESSM
[10:31:16] [87/326] KRIH
[10:31:17] [88/326] GCDS
[10:31:18] [89/326] CCSH
[10:31:19] [90/326] ACSK
[10:31:20] 🔄 Identity reset
[10:31:20] 🔄 Identity rotated (every 10 requests)
[10:31:21] [91/326] APRK
[10:31:22] [92/326] ADKM
[10:31:23] [93/326] SRDM
[10:31:24] [94/326] SJMY
[10:31:25] [95/326] PGGC
[10:31:25] [96/326] INGM
[10:31:26] [97/326] LSCB
[10:31:28] [98/326] STAD
[10:31:29] [99/326] MCCR
[10:31:30] [100/326] ABCC
[10:31:31] 🔄 Identity reset
[10:31:31] 🔄 Identity rotated (every 10 requests)
[10:31:31] [101/326] RKCC
[10:31:32] [102/326] RTCR
[10:31:33] [103/326] GGBC
[10:31:34] [104/326] GCSD
[10:31:34] [105/326] LPTY
[10:31:35] [106/326] MCFD
[10:31:36] [107/326] HENN
[10:31:37] [108/326] SMKU
[10:31:38] [109/326] TNZC
[10:31:39] [110/326] DRCD
[10:31:40] 🔄 Identity reset
[10:31:40] 🔄 Identity rotated (every 10 requests)
[10:31:40] [111/326] DLCD
[10:31:41] [112/326] RCDA
[10:31:42] [113/326] COSM
[10:31:43] [114/326] MCMJ
[10:31:44] [115/326] CSTR
[10:31:45] [116/326] CVDK
[10:31:46] [117/326] INRR
[10:31:47] [118/326] RJRT
[10:31:48] [119/326] IRMR
[10:31:49] [120/326] SRCF
[10:31:50] 🔄 Identity reset
[10:31:50] 🔄 Identity rotated (every 10 requests)
[10:31:50] [121/326] GRCR
[10:31:51] [122/326] SURC
[10:31:52] [123/326] NMNH
[10:31:53] [124/326] SVBL
[10:31:54] [125/326] KACI
[10:31:55] [126/326] TDGO
[10:31:57] [127/326] KTBR
[10:31:57] [128/326] PMAD
[10:31:58] [129/326] CCPN
[10:31:59] [130/326] SBTK
[10:32:00] 🔄 Identity reset
[10:32:00] 🔄 Identity rotated (every 10 requests)
[10:32:01] [131/326] LMDK
[10:32:02] [132/326] PGDA
[10:32:03] [133/326] SRML
[10:32:04] [134/326] EVCK
[10:32:05] [135/326] RTTK
[10:32:06] [136/326] SRTU
[10:32:07] [137/326] VRSA
[10:32:08] [138/326] VARS
[10:32:09] [139/326] DSCZ
[10:32:10] [140/326] GAGA
[10:32:11] 🔄 Identity reset
[10:32:11] 🔄 Identity rotated (every 10 requests)
[10:32:11] [141/326] SARV
[10:32:12] [142/326] SEEG
[10:32:13] [143/326] GLCA
[10:32:14] [144/326] APAS
[10:32:15] [145/326] VCIA
[10:32:16] [146/326] SJTA
[10:32:17] [147/326] SABM
[10:32:18] [148/326] PPAG
[10:32:20] [149/326] RVCA
[10:32:22] [150/326] CCIA
[10:32:23] 🔄 Identity reset
[10:32:23] 🔄 Identity rotated (every 10 requests)
[10:32:23] [151/326] HTAG
[10:32:24] [152/326] SMBI
[10:32:26] [153/326] MCJR
[10:32:27] [154/326] CCJR
[10:32:28] [155/326] SINF
[10:32:29] [156/326] CPLX
[10:32:30] [157/326] KKTJ
[10:32:31] [158/326] GDBW
[10:32:32] [159/326] CSUB
[10:32:33] [160/326] DABA
[10:32:34] 🔄 Identity reset
[10:32:34] 🔄 Identity rotated (every 10 requests)
[10:32:34] [161/326] TITR
[10:32:35] [162/326] NYCR
[10:32:36] [163/326] RTRY
[10:32:38] [164/326] JTJL
[10:32:39] [165/326] SJCP
[10:32:40] [166/326] KCCA
[10:32:41] [167/326] MLPG
[10:32:43] [168/326] VRCK
[10:32:44] [169/326] SRIN
[10:32:45] [170/326] CXMK
[10:32:46] 🔄 Identity reset
[10:32:46] 🔄 Identity rotated (every 10 requests)
[10:32:46] [171/326] SKAD
[10:32:48] [172/326] AVTR
[10:32:49] [173/326] PTAJ
[10:32:50] [174/326] SCNK
[10:32:51] [175/326] STTI
[10:32:51] [176/326] KACR
[10:32:52] [177/326] SSDX
[10:32:53] [178/326] VRTJ
[10:32:54] [179/326] RAJD
[10:32:55] [180/326] SCIP
[10:32:56] 🔄 Identity reset
[10:32:56] 🔄 Identity rotated (every 10 requests)
[10:32:56] [181/326] RJSL
[10:32:57] [182/326] ARRS
[10:32:58] [183/326] ASMS
[10:32:59] [184/326] RDTS
[10:33:00] [185/326] DVMY
[10:33:01] [186/326] RASA
[10:33:03] [187/326] INOM
[10:33:04] [188/326] SPRS
[10:33:05] [189/326] SGCS
[10:33:05] [190/326] SALM
[10:33:06] 🔄 Identity reset
[10:33:06] 🔄 Identity rotated (every 10 requests)
[10:33:06] [191/326] PKHC
[10:33:07] [192/326] RCSV
[10:33:08] [193/326] CPKC
[10:33:09] [194/326] AACD
[10:33:10] [195/326] GGCV
[10:33:11] [196/326] SMKD
[10:33:12] [197/326] NBCH
[10:33:12] [198/326] AMCB
[10:33:13] [199/326] OPCN
[10:33:14] [200/326] DCIN
[10:33:15] 🔄 Identity reset
[10:33:15] 🔄 Identity rotated (every 10 requests)
[10:33:15] [201/326] INGW
[10:33:16] [202/326] PKKW
[10:33:17] [203/326] FNGW
[10:33:18] [204/326] GCGD
[10:33:19] [205/326] MSTW
[10:33:20] [206/326] KCCG
[10:33:21] [207/326] MRSS
[10:33:22] [208/326] CLCF
[10:33:23] [209/326] EETS
[10:33:24] [210/326] AATR
[10:33:25] 🔄 Identity reset
[10:33:25] 🔄 Identity rotated (every 10 requests)
[10:33:26] [211/326] CMMN
[10:33:27] [212/326] SCCJ
[10:33:28] [213/326] CDTK
[10:33:29] [214/326] AICP
[10:33:30] [215/326] FNBP
[10:33:31] [216/326] CBPB
[10:33:33] [217/326] CPAS
[10:33:34] [218/326] MAPM
[10:33:35] [219/326] PASD
[10:33:36] [220/326] JCMN
[10:33:37] 🔄 Identity reset
[10:33:37] 🔄 Identity rotated (every 10 requests)
[10:33:37] [221/326] MALB
[10:33:38] [222/326] SACG
[10:33:39] [223/326] DDRX
[10:33:40] [224/326] DDXB
[10:33:41] [225/326] RAMC
[10:33:42] [226/326] SANC
[10:33:42] [227/326] BCBP
[10:33:43] [228/326] ALPC
[10:33:44] [229/326] RBAC
[10:33:45] [230/326] RAJL
[10:33:46] 🔄 Identity reset
[10:33:46] 🔄 Identity rotated (every 10 requests)
[10:33:46] [231/326] MPDX
[10:33:47] [232/326] MUSC
[10:33:48] [233/326] VKMK
[10:33:49] [234/326] SKCG
[10:33:50] [235/326] ANCN
[10:33:51] [236/326] MMCJ
[10:33:52] [237/326] DCAK
[10:33:53] [238/326] SCKG
[10:33:54] [239/326] LMCK
[10:33:56] [240/326] CKKX
[10:33:56] 🔄 Identity reset
[10:33:56] 🔄 Identity rotated (every 10 requests)
[10:33:56] [241/326] ANKU
[10:33:57] [242/326] CSMD
[10:33:58] [243/326] MKMP
[10:33:59] [244/326] SVBG
[10:34:01] [245/326] ROOP
[10:34:01] [246/326] GDMT
[10:34:02] [247/326] FPPF
[10:34:03] [248/326] SFUU
[10:34:04] [249/326] ANCB
[10:34:05] [250/326] SMMC
[10:34:06] 🔄 Identity reset
[10:34:06] 🔄 Identity rotated (every 10 requests)
[10:34:06] [251/326] UGKT
[10:34:07] [252/326] JVRM
[10:34:09] [253/326] BATG
[10:34:10] [254/326] RATE
[10:34:11] [255/326] SKME
[10:34:12] [256/326] LMTP
[10:34:12] [257/326] TCBD
[10:34:14] [258/326] ESBD
[10:34:15] [259/326] GDCU
[10:34:16] [260/326] SNKT
[10:34:16] 🔄 Identity reset
[10:34:16] 🔄 Identity rotated (every 10 requests)
[10:34:17] [261/326] SRNK
[10:34:18] [262/326] SMED
[10:34:19] [263/326] CSQS
[10:34:20] [264/326] ALCS
[10:34:21] [265/326] KCKN
[10:34:22] [266/326] VCCL
[10:34:23] [267/326] MCDA
[10:34:24] [268/326] SHMI
[10:34:25] [269/326] SKHA
[10:34:26] [270/326] SVFK
[10:34:26] 🔄 Identity reset
[10:34:26] 🔄 Identity rotated (every 10 requests)
[10:34:27] [271/326] INVB
[10:34:28] [272/326] MELD
[10:34:29] [273/326] JTYS
[10:34:30] [274/326] INCM
[10:34:31] [275/326] MCDV
[10:34:32] [276/326] KSGK
[10:34:33] [277/326] ICMG
[10:34:34] [278/326] CSCV
[10:34:35] [279/326] STMD
[10:34:36] [280/326] STTR
[10:34:36] 🔄 Identity reset
[10:34:36] 🔄 Identity rotated (every 10 requests)
[10:34:37] [281/326] INVC
[10:34:38] [282/326] JTBL
[10:34:39] [283/326] SRVV
[10:34:41] [284/326] MAVC
[10:34:42] [285/326] SRPP
[10:34:42] [286/326] JGDM
[10:34:43] [287/326] MBSJ
[10:34:45] [288/326] SSLL
[10:34:46] [289/326] SLKP
[10:34:47] [290/326] NSRV
[10:34:48] 🔄 Identity reset
[10:34:48] 🔄 Identity rotated (every 10 requests)
[10:34:49] [291/326] UTDV
[10:34:49] [292/326] KICM
[10:34:50] [293/326] KCMD
[10:34:51] [294/326] TTPP
[10:34:52] [295/326] KMPV
[10:34:54] [296/326] SKTV
[10:34:56] [297/326] STCV
[10:34:57] [298/326] SRDA
[10:34:58] [299/326] JTSX
[10:34:59] [300/326] STBV
[10:35:00] 🔄 Identity reset
[10:35:00] 🔄 Identity rotated (every 10 requests)
[10:35:01] [301/326] APVZ
[10:35:02] [302/326] GSTV
[10:35:03] [303/326] NMVS
[10:35:04] [304/326] SKRT
[10:35:04] [305/326] RMDV
[10:35:05] [306/326] RATG
[10:35:06] [307/326] SJYV
[10:35:07] [308/326] NDGP
[10:35:09] [309/326] SNDG
[10:35:09] [310/326] INSR
[10:35:10] 🔄 Identity reset
[10:35:10] 🔄 Identity rotated (every 10 requests)
[10:35:10] [311/326] INSO
[10:35:11] [312/326] CCSI
[10:35:12] [313/326] RASM
[10:35:13] [314/326] NEWC
[10:35:14] [315/326] VSHL
[10:35:14] [316/326] BISW
[10:35:15] [317/326] GCNG
[10:35:17] [318/326] CWSC
[10:35:19] [319/326] SKAN
[10:35:20] [320/326] CCOA
[10:35:20] 🔄 Identity reset
[10:35:20] 🔄 Identity rotated (every 10 requests)
[10:35:22] [321/326] MCAJ
[10:35:22] [322/326] ACDE
[10:35:23] [323/326] AACM
[10:35:24] [324/326] JJCK
[10:35:26] [325/326] RCMO
[10:35:27] [326/326] GDAW
[10:35:28] 🧹 Deduping shows
[10:35:28] ✅ DONE | Shows=334 | Movies=6
