[21:42:49] 🚀 SCRIPT STARTED (enhanced anti‑detection)
[21:42:49] [1/459] NECA
[21:42:49] 🧠 New identity created
[21:42:50] [2/459] BJLC
[21:42:51] [3/459] BASU
[21:42:53] [4/459] RUPI
[21:42:54] [5/459] LCBK
[21:42:56] [6/459] PMAC
[21:42:57] [7/459] AMLC
[21:42:58] [8/459] LICL
[21:42:59] [9/459] UDMM
[21:43:00] [10/459] STBZ
[21:43:00] 🔄 Identity reset
[21:43:00] 🔄 Identity rotated (every 10 requests)
[21:43:00] [11/459] UUBT
[21:43:02] [12/459] SJKC
[21:43:03] [13/459] TUAL
[21:43:04] [14/459] MRSE
[21:43:05] [15/459] RMRK
[21:43:06] [16/459] TTKP
[21:43:06] [17/459] KTKO
[21:43:08] [18/459] SDBK
[21:43:09] [19/459] MCPR
[21:43:11] [20/459] CHTI
[21:43:11] 🔄 Identity reset
[21:43:11] 🔄 Identity rotated (every 10 requests)
[21:43:12] [21/459] GCCP
[21:43:12] [22/459] SRMY
[21:43:13] [23/459] NYST
[21:43:14] [24/459] NYAG
[21:43:15] [25/459] SBMT
[21:43:16] [26/459] INGA
[21:43:17] [27/459] WSIC
[21:43:18] [28/459] SCSS
[21:43:19] [29/459] COPG
[21:43:20] [30/459] RCGR
[21:43:20] 🔄 Identity reset
[21:43:21] 🔄 Identity rotated (every 10 requests)
[21:43:21] [31/459] TCZA
[21:43:22] [32/459] CNLP
[21:43:23] [33/459] CLKN
[21:43:24] [34/459] LHDF
[21:43:24] [35/459] ELKC
[21:43:25] [36/459] VCEM
[21:43:26] [37/459] SSZA
[21:43:28] [38/459] KRMT
[21:43:29] [39/459] LCMV
[21:43:30] [40/459] AYCZ
[21:43:30] 🔄 Identity reset
[21:43:30] 🔄 Identity rotated (every 10 requests)
[21:43:31] [41/459] CUMS
[21:43:32] [42/459] BOCK
[21:43:33] [43/459] PNMR
[21:43:34] [44/459] PJCP
[21:43:35] [45/459] JDDD
[21:43:36] [46/459] STMS
[21:43:37] [47/459] FLMB
[21:43:38] [48/459] PKCM
[21:43:40] [49/459] SPPR
[21:43:41] [50/459] EYLH
[21:43:41] 🔄 Identity reset
[21:43:41] 🔄 Identity rotated (every 10 requests)
[21:43:42] [51/459] RJCC
[21:43:42] [52/459] MMPS
[21:43:44] [53/459] SHMX
[21:43:45] [54/459] CCNL
[21:43:46] [55/459] RCNV
[21:43:47] [56/459] MAAG
[21:43:48] [57/459] LXCM
[21:43:49] [58/459] RCNI
[21:43:50] [59/459] SNNI
[21:43:51] [60/459] LALC
[21:43:51] 🔄 Identity reset
[21:43:51] 🔄 Identity rotated (every 10 requests)
[21:43:52] [61/459] SOCN
[21:43:52] [62/459] JHTP
[21:43:53] [63/459] PITP
[21:43:54] [64/459] CCKW
[21:43:55] [65/459] MCMC
[21:43:56] [66/459] DEES
[21:43:57] [67/459] SABT
[21:43:58] [68/459] VSPP
[21:44:00] [69/459] ABCT
[21:44:02] [70/459] JVTB
[21:44:02] 🔄 Identity reset
[21:44:03] 🔄 Identity rotated (every 10 requests)
[21:44:03] [71/459] VCBD
[21:44:04] [72/459] RMGG
[21:44:05] [73/459] RNMH
[21:44:06] [74/459] SPGL
[21:44:07] [75/459] JTTR
[21:44:08] [76/459] SICS
[21:44:08] [77/459] SRMI
[21:44:09] [78/459] SSIJ
[21:44:10] [79/459] KFMT
[21:44:11] [80/459] VBIT
[21:44:12] 🔄 Identity reset
[21:44:12] 🔄 Identity rotated (every 10 requests)
[21:44:12] [81/459] JKCT
[21:44:14] [82/459] GCGP
[21:44:15] [83/459] GDCS
[21:44:16] [84/459] TRBA
[21:44:17] [85/459] QUST
[21:44:17] [86/459] VSHM
[21:44:18] [87/459] SDCP
[21:44:19] [88/459] SNVS
[21:44:21] [89/459] NYTO
[21:44:22] [90/459] URWC
[21:44:22] 🔄 Identity reset
[21:44:23] 🔄 Identity rotated (every 10 requests)
[21:44:23] [91/459] GTWH
[21:44:24] [92/459] PFCM
[21:44:25] [93/459] KRTA
[21:44:26] [94/459] AXMC
[21:44:27] [95/459] EVMC
[21:44:27] [96/459] HGSM
[21:44:28] [97/459] ACVM
[21:44:29] [98/459] PSKL
[21:44:31] [99/459] RDMP
[21:44:32] [100/459] RHGH
[21:44:33] 🔄 Identity reset
[21:44:33] 🔄 Identity rotated (every 10 requests)
[21:44:33] [101/459] OMCM
[21:44:35] [102/459] DCCP
[21:44:36] [103/459] MCPB
[21:44:37] [104/459] ALCI
[21:44:38] [105/459] BLMX
[21:44:39] [106/459] BTMV
[21:44:39] [107/459] FVPN
[21:44:40] [108/459] CMAR
[21:44:41] [109/459] CEIM
[21:44:42] [110/459] CMVA
[21:44:43] 🔄 Identity reset
[21:44:43] 🔄 Identity rotated (every 10 requests)
[21:44:44] [111/459] CPIV
[21:44:45] [112/459] CNPE
[21:44:46] [113/459] COLV
[21:44:47] [114/459] DNNV
[21:44:48] [115/459] HCAD
[21:44:49] [116/459] TAKA
[21:44:50] [117/459] INVD
[21:44:51] [118/459] IRMM
[21:44:52] [119/459] INSE
[21:44:53] [120/459] MRSW
[21:44:53] 🔄 Identity reset
[21:44:53] 🔄 Identity rotated (every 10 requests)
[21:44:53] [121/459] MCVD
[21:44:54] [122/459] MCSO
[21:44:55] [123/459] PEVM
[21:44:56] [124/459] PVNL
[21:44:57] [125/459] PTCV
[21:44:58] [126/459] PRTC
[21:44:59] [127/459] RCVA
[21:45:00] [128/459] MTBN
[21:45:01] [129/459] LUCP
[21:45:02] [130/459] FMPT
[21:45:03] 🔄 Identity reset
[21:45:03] 🔄 Identity rotated (every 10 requests)
[21:45:03] [131/459] JLSL
[21:45:04] [132/459] SBHA
[21:45:05] [133/459] SHRC
[21:45:06] [134/459] AVPS
[21:45:07] [135/459] STPM
[21:45:08] [136/459] ATRD
[21:45:09] [137/459] VTED
[21:45:10] [138/459] ACAI
[21:45:11] [139/459] SMAE
[21:45:12] [140/459] VMAT
[21:45:13] 🔄 Identity reset
[21:45:13] 🔄 Identity rotated (every 10 requests)
[21:45:13] [141/459] LKCT
[21:45:14] [142/459] JTVK
[21:45:15] [143/459] PRTY
[21:45:17] [144/459] GETT
[21:45:18] [145/459] ESAP
[21:45:19] [146/459] NCPM
[21:45:20] [147/459] PCPA
[21:45:21] [148/459] MMOM
[21:45:22] [149/459] PHUP
[21:45:23] [150/459] CCPI
[21:45:24] 🔄 Identity reset
[21:45:24] 🔄 Identity rotated (every 10 requests)
[21:45:24] [151/459] CNTD
[21:45:25] [152/459] NLJR
[21:45:26] [153/459] SRNG
[21:45:27] [154/459] MHAL
[21:45:28] [155/459] PNSM
[21:45:29] [156/459] DRMY
[21:45:29] [157/459] CCMU
[21:45:30] [158/459] SCMY
[21:45:31] [159/459] PVSY
[21:45:32] [160/459] SDLM
[21:45:33] 🔄 Identity reset
[21:45:33] 🔄 Identity rotated (every 10 requests)
[21:45:33] [161/459] ICCM
[21:45:34] [162/459] PYSU
[21:45:36] [163/459] GATM
[21:45:37] [164/459] WOTM
[21:45:38] [165/459] RKTS
[21:45:39] [166/459] PMTY
[21:45:40] [167/459] LYMS
[21:45:42] [168/459] TGCA
[21:45:43] [169/459] DSTA
[21:45:44] [170/459] CNGE
[21:45:45] 🔄 Identity reset
[21:45:45] 🔄 Identity rotated (every 10 requests)
[21:45:46] [171/459] VSTG
[21:45:47] [172/459] GTCK
[21:45:48] [173/459] TGNT
[21:45:49] [174/459] ASLC
[21:45:50] [175/459] SSST
[21:45:51] [176/459] KBTT
[21:45:53] [177/459] HKCP
[21:45:54] [178/459] SWLC
[21:45:55] [179/459] RTND
[21:45:56] [180/459] PKKT
[21:45:56] 🔄 Identity reset
[21:45:56] 🔄 Identity rotated (every 10 requests)
[21:45:57] [181/459] HSTK
[21:45:58] [182/459] SPTT
[21:45:59] [183/459] IMPM
[21:46:00] [184/459] SCMV
[21:46:01] [185/459] SPCT
[21:46:02] [186/459] JBCA
[21:46:03] [187/459] ATTR
[21:46:04] [188/459] SPMT
[21:46:05] [189/459] LCTM
[21:46:06] [190/459] SCVL
[21:46:07] 🔄 Identity reset
[21:46:07] 🔄 Identity rotated (every 10 requests)
[21:46:07] [191/459] SCVT
[21:46:08] [192/459] KRIC
[21:46:09] [193/459] CTMG
[21:46:10] [194/459] ACNC
[21:46:12] [195/459] DMCK
[21:46:13] [196/459] KMTV
[21:46:14] [197/459] PFCJ
[21:46:15] [198/459] VNMD
[21:46:15] [199/459] VPCZ
[21:46:16] [200/459] SRYR
[21:46:17] 🔄 Identity reset
[21:46:17] 🔄 Identity rotated (every 10 requests)
[21:46:17] [201/459] SYTR
[21:46:18] [202/459] GATR
[21:46:19] [203/459] URTR
[21:46:21] [204/459] MKSM
[21:46:22] [205/459] VSMH
[21:46:23] [206/459] SKRJ
[21:46:24] [207/459] SSJR
[21:46:24] [208/459] SVSM
[21:46:25] [209/459] RUCM
[21:46:26] [210/459] PRKN
[21:46:27] 🔄 Identity reset
[21:46:27] 🔄 Identity rotated (every 10 requests)
[21:46:28] [211/459] RROH
[21:46:28] [212/459] SCTN
[21:46:29] [213/459] RTDM
[21:46:30] [214/459] ASRM
[21:46:31] [215/459] SKMD
[21:46:32] [216/459] SUTD
[21:46:33] [217/459] SADM
[21:46:34] [218/459] WCNR
[21:46:35] [219/459] CNED
[21:46:36] [220/459] MPDB
[21:46:37] 🔄 Identity reset
[21:46:37] 🔄 Identity rotated (every 10 requests)
[21:46:38] [221/459] KTBH
[21:46:39] [222/459] IDRM
[21:46:40] [223/459] PJJT
[21:46:41] [224/459] PFCV
[21:46:42] [225/459] AACT
[21:46:44] [226/459] AAAD
[21:46:45] [227/459] ANES
[21:46:45] [228/459] MNCA
[21:46:46] [229/459] RMGU
[21:46:47] [230/459] DLCN
[21:46:48] 🔄 Identity reset
[21:46:48] 🔄 Identity rotated (every 10 requests)
[21:46:48] [231/459] LJWT
[21:46:49] [232/459] MCBG
[21:46:50] [233/459] MYBG
[21:46:51] [234/459] GCCA
[21:46:52] [235/459] GCGA
[21:46:53] [236/459] ECGN
[21:46:54] [237/459] PRAB
[21:46:55] [238/459] PNMP
[21:46:56] [239/459] GCPT
[21:46:57] [240/459] ROYN
[21:46:58] 🔄 Identity reset
[21:46:58] 🔄 Identity rotated (every 10 requests)
[21:46:58] [241/459] VATM
[21:46:59] [242/459] KSNT
[21:47:00] [243/459] ACTC
[21:47:02] [244/459] PLTD
[21:47:02] [245/459] SKMK
[21:47:03] [246/459] CMTT
[21:47:09] [247/459] SMXP
[21:47:10] [248/459] SCMX
[21:47:11] [249/459] ACXN
[21:47:12] [250/459] ASWT
[21:47:13] 🔄 Identity reset
[21:47:13] 🔄 Identity rotated (every 10 requests)
[21:47:13] [251/459] VVVL
[21:47:14] [252/459] NAGO
[21:47:15] [253/459] SNCN
[21:47:16] [254/459] MCKP
[21:47:17] [255/459] SAMO
[21:47:18] [256/459] JBTV
[21:47:20] [257/459] DCVV
[21:47:21] [258/459] KMSV
[21:47:22] [259/459] KDCN
[21:47:23] [260/459] CNCP
[21:47:23] 🔄 Identity reset
[21:47:23] 🔄 Identity rotated (every 10 requests)
[21:47:23] [261/459] HAMC
[21:47:26] [262/459] CCVZ
[21:47:26] [263/459] NCCK
[21:47:28] [264/459] MCHR
[21:47:29] [265/459] SCHT
[21:47:30] [266/459] ESSH
[21:47:31] [267/459] CUJC
[21:47:32] [268/459] PECP
[21:47:33] [269/459] PMMI
[21:47:34] [270/459] PCCH
[21:47:34] 🔄 Identity reset
[21:47:34] 🔄 Identity rotated (every 10 requests)
[21:47:36] [271/459] PRPM
[21:47:37] [272/459] PVKL
[21:47:38] [273/459] CBSM
[21:47:39] [274/459] PVCZ
[21:47:40] [275/459] PCVV
[21:47:41] [276/459] CTMJ
[21:47:42] [277/459] RCPS
[21:47:43] [278/459] PCIT
[21:47:44] [279/459] FNCH
[21:47:45] [280/459] INZD
[21:47:45] 🔄 Identity reset
[21:47:45] 🔄 Identity rotated (every 10 requests)
[21:47:46] [281/459] INPC
[21:47:47] [282/459] LCZP
[21:47:48] [283/459] SMCB
[21:47:49] [284/459] PTSB
[21:47:50] [285/459] TPSI
[21:47:51] [286/459] KHMJ
[21:47:52] [287/459] RCCJ
[21:47:53] [288/459] NCJA
[21:47:54] [289/459] NCJN
[21:47:55] [290/459] BTDP
[21:47:55] 🔄 Identity reset
[21:47:55] 🔄 Identity rotated (every 10 requests)
[21:47:56] [291/459] PADY
[21:47:56] [292/459] NYBH
[21:47:57] [293/459] MTBR
[21:47:58] [294/459] KRBC
[21:47:59] [295/459] DKTI
[21:48:00] [296/459] ANAN
[21:48:01] [297/459] INBP
[21:48:02] [298/459] PATB
[21:48:04] [299/459] RGNT
[21:48:05] [300/459] CGPM
[21:48:05] 🔄 Identity reset
[21:48:05] 🔄 Identity rotated (every 10 requests)
[21:48:06] [301/459] INTN
[21:48:07] [302/459] MCMP
[21:48:08] [303/459] ASRG
[21:48:09] [304/459] CXJD
[21:48:10] [305/459] SPCP
[21:48:10] [306/459] CSTP
[21:48:11] [307/459] PKVC
[21:48:13] [308/459] ESCP
[21:48:14] [309/459] CAEP
[21:48:15] [310/459] CCSP
[21:48:15] 🔄 Identity reset
[21:48:15] 🔄 Identity rotated (every 10 requests)
[21:48:16] [311/459] KTPC
[21:48:16] [312/459] DACA
[21:48:17] [313/459] NVKY
[21:48:18] [314/459] PTIN
[21:48:19] [315/459] SCIN
[21:48:20] [316/459] MCTY
[21:48:22] [317/459] PCMX
[21:48:22] [318/459] INIC
[21:48:23] [319/459] MMZM
[21:48:25] [320/459] SSLP
[21:48:25] 🔄 Identity reset
[21:48:25] 🔄 Identity rotated (every 10 requests)
[21:48:26] [321/459] DTDT
[21:48:27] [322/459] FFCX
[21:48:28] [323/459] RCMM
[21:48:29] [324/459] KYID
[21:48:30] [325/459] CSCI
[21:48:31] [326/459] FCMC
[21:48:32] [327/459] MMXI
[21:48:33] [328/459] ASTC
[21:48:34] [329/459] CMRA
[21:48:35] [330/459] DICI
[21:48:35] 🔄 Identity reset
[21:48:35] 🔄 Identity rotated (every 10 requests)
[21:48:35] [331/459] KDIN
[21:48:37] [332/459] PRFI
[21:48:38] [333/459] SVFC
[21:48:40] [334/459] UCPL
[21:48:41] [335/459] COOC
[21:48:42] [336/459] SCAL
[21:48:43] [337/459] SVFF
[21:48:43] [338/459] VCMG
[21:48:44] [339/459] UUCT
[21:48:46] [340/459] GCSE
[21:48:46] 🔄 Identity reset
[21:48:46] 🔄 Identity rotated (every 10 requests)
[21:48:48] [341/459] SUSC
[21:48:49] [342/459] MISC
[21:48:49] [343/459] RMBL
[21:48:50] [344/459] CMXN
[21:48:51] [345/459] PVBK
[21:48:53] [346/459] HHCG
[21:48:54] [347/459] SCAG
[21:48:55] [348/459] CNPR
[21:48:56] [349/459] CSER
[21:48:57] [350/459] HLWD
[21:48:58] 🔄 Identity reset
[21:48:58] 🔄 Identity rotated (every 10 requests)
[21:48:58] [351/459] BOLY
[21:48:59] [352/459] SSPG
[21:49:00] [353/459] MUPX
[21:49:01] [354/459] HAMR
[21:49:02] [355/459] SDNC
[21:49:03] [356/459] RTEN
[21:49:04] [357/459] SDTD
[21:49:05] [358/459] KAWS
[21:49:06] [359/459] CMZX
[21:49:08] [360/459] DCDD
[21:49:08] 🔄 Identity reset
[21:49:08] 🔄 Identity rotated (every 10 requests)
[21:49:09] [361/459] ALSN
[21:49:10] [362/459] IMXS
[21:49:10] [363/459] PVFF
[21:49:11] [364/459] PVOO
[21:49:12] [365/459] CFBS
[21:49:13] [366/459] PVER
[21:49:14] [367/459] PPNX
[21:49:15] [368/459] CNRM
[21:49:17] [369/459] PVWW
[21:49:18] [370/459] INMB
[21:49:19] 🔄 Identity reset
[21:49:19] 🔄 Identity rotated (every 10 requests)
[21:49:19] [371/459] CPJR
[21:49:21] [372/459] INRZ
[21:49:22] [373/459] PMSR
[21:49:23] [374/459] GPGM
[21:49:24] [375/459] PGWB
[21:49:25] [376/459] PMBR
[21:49:26] [377/459] GPAM
[21:49:27] [378/459] INBC
[21:49:28] [379/459] PZVK
[21:49:29] [380/459] CPEB
[21:49:30] 🔄 Identity reset
[21:49:30] 🔄 Identity rotated (every 10 requests)
[21:49:30] [381/459] FMLB
[21:49:31] [382/459] INBG
[21:49:32] [383/459] GPBR
[21:49:33] [384/459] PAAS
[21:49:34] [385/459] VTBR
[21:49:36] [386/459] GPMY
[21:49:37] [387/459] GYBU
[21:49:37] [388/459] INBJ
[21:49:38] [389/459] LKTH
[21:49:39] [390/459] NSBR
[21:49:40] 🔄 Identity reset
[21:49:40] 🔄 Identity rotated (every 10 requests)
[21:49:40] [391/459] PDRD
[21:49:42] [392/459] VRBL
[21:49:43] [393/459] VTGB
[21:49:44] [394/459] VTSK
[21:49:45] [395/459] BKDV
[21:49:47] [396/459] SVTB
[21:49:48] [397/459] MLDT
[21:49:49] [398/459] NRBL
[21:49:50] [399/459] SLTR
[21:49:51] [400/459] VNKA
[21:49:51] 🔄 Identity reset
[21:49:51] 🔄 Identity rotated (every 10 requests)
[21:49:52] [401/459] TDCA
[21:49:53] [402/459] INBM
[21:49:54] [403/459] SSNR
[21:49:55] [404/459] BHAC
[21:49:57] [405/459] SDSD
[21:49:58] [406/459] SAMP
[21:49:59] [407/459] RATK
[21:50:00] [408/459] KCBI
[21:50:01] [409/459] URBL
[21:50:02] [410/459] MKBG
[21:50:02] 🔄 Identity reset
[21:50:02] 🔄 Identity rotated (every 10 requests)
[21:50:03] [411/459] ASTB
[21:50:04] [412/459] VBWT
[21:50:04] [413/459] GPSM
[21:50:05] [414/459] ROON
[21:50:06] [415/459] CHTH
[21:50:07] [416/459] SSPA
[21:50:08] [417/459] ANBL
[21:50:09] [418/459] VTBE
[21:50:10] [419/459] SVKT
[21:50:11] [420/459] SVYK
[21:50:12] 🔄 Identity reset
[21:50:12] 🔄 Identity rotated (every 10 requests)
[21:50:12] [421/459] PTBK
[21:50:13] [422/459] RKTB
[21:50:14] [423/459] BALT
[21:50:15] [424/459] STSV
[21:50:16] [425/459] VCCB
[21:50:17] [426/459] SLTB
[21:50:18] [427/459] SBCR
[21:50:19] [428/459] VDCS
[21:50:20] [429/459] MDKI
[21:50:21] [430/459] SMRN
[21:50:22] 🔄 Identity reset
[21:50:22] 🔄 Identity rotated (every 10 requests)
[21:50:22] [431/459] PTBC
[21:50:23] [432/459] RADI
[21:50:25] [433/459] ADCR
[21:50:26] [434/459] SDCS
[21:50:27] [435/459] SRPJ
[21:50:28] [436/459] ARTS
[21:50:29] [437/459] SRHK
[21:50:30] [438/459] SPAY
[21:50:30] [439/459] GPTB
[21:50:31] [440/459] SNNN
[21:50:32] 🔄 Identity reset
[21:50:32] 🔄 Identity rotated (every 10 requests)
[21:50:32] [441/459] BALJ
[21:50:33] [442/459] TRIG
[21:50:34] [443/459] GTYT
[21:50:35] [444/459] ATGN
[21:50:36] [445/459] ANTE
[21:50:37] [446/459] BDCG
[21:50:38] [447/459] VECI
[21:50:39] [448/459] SCPR
[21:50:40] [449/459] RTEA
[21:50:41] [450/459] JSAI
[21:50:42] 🔄 Identity reset
[21:50:42] 🔄 Identity rotated (every 10 requests)
[21:50:43] [451/459] VJTP
[21:50:44] [452/459] GNDS
[21:50:45] [453/459] PAXA
[21:50:47] [454/459] CGGM
[21:50:47] [455/459] ACKZ
[21:50:48] [456/459] EMCC
[21:50:49] [457/459] KLSK
[21:50:51] [458/459] AVCK
[21:50:52] [459/459] JTCK
[21:50:52] 🧹 Deduping shows
[21:50:53] ✅ DONE | Shows=669 | Movies=49
[11:35:06] 🚀 SCRIPT STARTED
[11:35:06] [1/459] NECA
[11:35:06] 🧠 New identity created
[11:35:07] [2/459] BJLC
[11:35:07] [3/459] BASU
[11:35:08] [4/459] RUPI
[11:35:09] [5/459] LCBK
[11:35:09] [6/459] PMAC
[11:35:10] [7/459] AMLC
[11:35:11] [8/459] LICL
[11:35:11] [9/459] UDMM
[11:35:12] [10/459] STBZ
[11:35:12] 🔄 Identity reset
[11:35:12] 🔄 Identity rotated (every 10 requests)
[11:35:13] [11/459] UUBT
[11:35:14] [12/459] SJKC
[11:35:14] [13/459] TUAL
[11:35:15] [14/459] MRSE
[11:35:16] [15/459] RMRK
[11:35:17] [16/459] TTKP
[11:35:17] [17/459] KTKO
[11:35:18] [18/459] SDBK
[11:35:19] [19/459] MCPR
[11:35:20] [20/459] CHTI
[11:35:20] 🔄 Identity reset
[11:35:20] 🔄 Identity rotated (every 10 requests)
[11:35:20] [21/459] GCCP
[11:35:21] [22/459] SRMY
[11:35:22] [23/459] NYST
[11:35:22] [24/459] NYAG
[11:35:23] [25/459] SBMT
[11:35:24] [26/459] INGA
[11:35:24] [27/459] WSIC
[11:35:25] [28/459] SCSS
[11:35:26] [29/459] COPG
[11:35:26] [30/459] RCGR
[11:35:26] 🔄 Identity reset
[11:35:26] 🔄 Identity rotated (every 10 requests)
[11:35:27] [31/459] TCZA
[11:35:28] [32/459] CNLP
[11:35:28] [33/459] CLKN
[11:35:29] [34/459] LHDF
[11:35:30] [35/459] ELKC
[11:35:30] [36/459] VCEM
[11:35:31] [37/459] SSZA
[11:35:32] [38/459] KRMT
[11:35:32] [39/459] LCMV
[11:35:33] [40/459] AYCZ
[11:35:33] 🔄 Identity reset
[11:35:33] 🔄 Identity rotated (every 10 requests)
[11:35:33] [41/459] CUMS
[11:35:34] [42/459] BOCK
[11:35:35] [43/459] PNMR
[11:35:36] [44/459] PJCP
[11:35:36] [45/459] JDDD
[11:35:37] [46/459] STMS
[11:35:38] [47/459] FLMB
[11:35:38] [48/459] PKCM
[11:35:39] [49/459] SPPR
[11:35:40] [50/459] EYLH
[11:35:40] 🔄 Identity reset
[11:35:40] 🔄 Identity rotated (every 10 requests)
[11:35:41] [51/459] RJCC
[11:35:41] [52/459] MMPS
[11:35:42] [53/459] SHMX
[11:35:43] [54/459] CCNL
[11:35:43] [55/459] RCNV
[11:35:44] [56/459] MAAG
[11:35:45] [57/459] LXCM
[11:35:45] [58/459] RCNI
[11:35:46] [59/459] SNNI
[11:35:47] [60/459] LALC
[11:35:47] 🔄 Identity reset
[11:35:47] 🔄 Identity rotated (every 10 requests)
[11:35:48] [61/459] SOCN
[11:35:48] [62/459] JHTP
[11:35:49] [63/459] PITP
[11:35:50] [64/459] CCKW
[11:35:51] [65/459] MCMC
[11:35:51] [66/459] DEES
[11:35:52] [67/459] SABT
[11:35:53] [68/459] VSPP
[11:35:53] [69/459] ABCT
[11:35:54] [70/459] JVTB
[11:35:54] 🔄 Identity reset
[11:35:54] 🔄 Identity rotated (every 10 requests)
[11:35:55] [71/459] VCBD
[11:35:56] [72/459] RMGG
[11:35:56] [73/459] RNMH
[11:35:57] [74/459] SPGL
[11:35:58] [75/459] JTTR
[11:35:58] [76/459] SICS
[11:35:59] [77/459] SRMI
[11:36:00] [78/459] SSIJ
[11:36:01] [79/459] KFMT
[11:36:01] [80/459] VBIT
[11:36:01] 🔄 Identity reset
[11:36:01] 🔄 Identity rotated (every 10 requests)
[11:36:02] [81/459] JKCT
[11:36:03] [82/459] GCGP
[11:36:04] [83/459] GDCS
[11:36:05] [84/459] TRBA
[11:36:05] [85/459] QUST
[11:36:06] [86/459] VSHM
[11:36:07] [87/459] SDCP
[11:36:08] [88/459] SNVS
[11:36:09] [89/459] NYTO
[11:36:09] [90/459] URWC
[11:36:09] 🔄 Identity reset
[11:36:09] 🔄 Identity rotated (every 10 requests)
[11:36:10] [91/459] GTWH
[11:36:11] [92/459] PFCM
[11:36:11] [93/459] KRTA
[11:36:12] [94/459] AXMC
[11:36:13] [95/459] EVMC
[11:36:13] [96/459] HGSM
[11:36:14] [97/459] ACVM
[11:36:15] [98/459] PSKL
[11:36:16] [99/459] RDMP
[11:36:17] [100/459] RHGH
[11:36:17] 🔄 Identity reset
[11:36:17] 🔄 Identity rotated (every 10 requests)
[11:36:18] [101/459] OMCM
[11:36:18] [102/459] DCCP
[11:36:19] [103/459] MCPB
[11:36:19] [104/459] ALCI
[11:36:20] [105/459] BLMX
[11:36:20] [106/459] BTMV
[11:36:21] [107/459] FVPN
[11:36:22] [108/459] CMAR
[11:36:23] [109/459] CEIM
[11:36:23] [110/459] CMVA
[11:36:23] 🔄 Identity reset
[11:36:23] 🔄 Identity rotated (every 10 requests)
[11:36:24] [111/459] CPIV
[11:36:25] [112/459] CNPE
[11:36:26] [113/459] COLV
[11:36:27] [114/459] DNNV
[11:36:27] [115/459] HCAD
[11:36:28] [116/459] TAKA
[11:36:29] [117/459] INVD
[11:36:30] [118/459] IRMM
[11:36:30] [119/459] INSE
[11:36:31] [120/459] MRSW
[11:36:31] 🔄 Identity reset
[11:36:31] 🔄 Identity rotated (every 10 requests)
[11:36:32] [121/459] MCVD
[11:36:33] [122/459] MCSO
[11:36:34] [123/459] PEVM
[11:36:34] [124/459] PVNL
[11:36:35] [125/459] PTCV
[11:36:36] [126/459] PRTC
[11:36:36] [127/459] RCVA
[11:36:37] [128/459] MTBN
[11:36:38] [129/459] LUCP
[11:36:39] [130/459] FMPT
[11:36:39] 🔄 Identity reset
[11:36:39] 🔄 Identity rotated (every 10 requests)
[11:36:39] [131/459] JLSL
[11:36:40] [132/459] SBHA
[11:36:41] [133/459] SHRC
[11:36:41] [134/459] AVPS
[11:36:42] [135/459] STPM
[11:36:43] [136/459] ATRD
[11:36:44] [137/459] VTED
[11:36:44] [138/459] ACAI
[11:36:45] [139/459] SMAE
[11:36:46] [140/459] VMAT
[11:36:46] 🔄 Identity reset
[11:36:46] 🔄 Identity rotated (every 10 requests)
[11:36:47] [141/459] LKCT
[11:36:48] [142/459] JTVK
[11:36:48] [143/459] PRTY
[11:36:49] [144/459] GETT
[11:36:50] [145/459] ESAP
[11:36:50] [146/459] NCPM
[11:36:51] [147/459] PCPA
[11:36:52] [148/459] MMOM
[11:36:52] [149/459] PHUP
[11:36:53] [150/459] CCPI
[11:36:53] 🔄 Identity reset
[11:36:53] 🔄 Identity rotated (every 10 requests)
[11:36:54] [151/459] CNTD
[11:36:55] [152/459] NLJR
[11:36:56] [153/459] SRNG
[11:36:56] [154/459] MHAL
[11:36:57] [155/459] PNSM
[11:36:58] [156/459] DRMY
[11:36:59] [157/459] CCMU
[11:36:59] [158/459] SCMY
[11:37:00] [159/459] PVSY
[11:37:01] [160/459] SDLM
[11:37:01] 🔄 Identity reset
[11:37:01] 🔄 Identity rotated (every 10 requests)
[11:37:02] [161/459] ICCM
[11:37:03] [162/459] PYSU
[11:37:03] [163/459] GATM
[11:37:04] [164/459] WOTM
[11:37:05] [165/459] RKTS
[11:37:05] [166/459] PMTY
[11:37:06] [167/459] LYMS
[11:37:06] [168/459] TGCA
[11:37:07] [169/459] DSTA
[11:37:08] [170/459] CNGE
[11:37:08] 🔄 Identity reset
[11:37:08] 🔄 Identity rotated (every 10 requests)
[11:37:09] [171/459] VSTG
[11:37:09] [172/459] GTCK
[11:37:10] [173/459] TGNT
[11:37:11] [174/459] ASLC
[11:37:11] [175/459] SSST
[11:37:12] [176/459] KBTT
[11:37:13] [177/459] HKCP
[11:37:14] [178/459] SWLC
[11:37:15] [179/459] RTND
[11:37:16] [180/459] PKKT
[11:37:16] 🔄 Identity reset
[11:37:16] 🔄 Identity rotated (every 10 requests)
[11:37:16] [181/459] HSTK
[11:37:17] [182/459] SPTT
[11:37:18] [183/459] IMPM
[11:37:18] [184/459] SCMV
[11:37:19] [185/459] SPCT
[11:37:20] [186/459] JBCA
[11:37:20] [187/459] ATTR
[11:37:21] [188/459] SPMT
[11:37:22] [189/459] LCTM
[11:37:23] [190/459] SCVL
[11:37:23] 🔄 Identity reset
[11:37:23] 🔄 Identity rotated (every 10 requests)
[11:37:23] [191/459] SCVT
[11:37:24] [192/459] KRIC
[11:37:25] [193/459] CTMG
[11:37:25] [194/459] ACNC
[11:37:26] [195/459] DMCK
[11:37:27] [196/459] KMTV
[11:37:28] [197/459] PFCJ
[11:37:28] [198/459] VNMD
[11:37:29] [199/459] VPCZ
[11:37:30] [200/459] SRYR
[11:37:30] 🔄 Identity reset
[11:37:30] 🔄 Identity rotated (every 10 requests)
[11:37:30] [201/459] SYTR
[11:37:31] [202/459] GATR
[11:37:32] [203/459] URTR
[11:37:32] [204/459] MKSM
[11:37:33] [205/459] VSMH
[11:37:34] [206/459] SKRJ
[11:37:35] [207/459] SSJR
[11:37:35] [208/459] SVSM
[11:37:36] [209/459] RUCM
[11:37:37] [210/459] PRKN
[11:37:37] 🔄 Identity reset
[11:37:37] 🔄 Identity rotated (every 10 requests)
[11:37:37] [211/459] RROH
[11:37:38] [212/459] SCTN
[11:37:39] [213/459] RTDM
[11:37:40] [214/459] ASRM
[11:37:40] [215/459] SKMD
[11:37:41] [216/459] SUTD
[11:37:42] [217/459] SADM
[11:37:43] [218/459] WCNR
[11:37:44] [219/459] CNED
[11:37:44] [220/459] MPDB
[11:37:44] 🔄 Identity reset
[11:37:44] 🔄 Identity rotated (every 10 requests)
[11:37:45] [221/459] KTBH
[11:37:46] [222/459] IDRM
[11:37:47] [223/459] PJJT
[11:37:47] [224/459] PFCV
[11:37:48] [225/459] AACT
[11:37:48] [226/459] AAAD
[11:37:49] [227/459] ANES
[11:37:50] [228/459] MNCA
[11:37:51] [229/459] RMGU
[11:37:51] [230/459] DLCN
[11:37:51] 🔄 Identity reset
[11:37:51] 🔄 Identity rotated (every 10 requests)
[11:37:52] [231/459] LJWT
[11:37:53] [232/459] MCBG
[11:37:54] [233/459] MYBG
[11:37:55] [234/459] GCCA
[11:37:55] [235/459] GCGA
[11:37:56] [236/459] ECGN
[11:37:56] [237/459] PRAB
[11:37:57] [238/459] PNMP
[11:37:58] [239/459] GCPT
[11:37:59] [240/459] ROYN
[11:37:59] 🔄 Identity reset
[11:37:59] 🔄 Identity rotated (every 10 requests)
[11:38:00] [241/459] VATM
[11:38:00] [242/459] KSNT
[11:38:01] [243/459] ACTC
[11:38:02] [244/459] PLTD
[11:38:03] [245/459] SKMK
[11:38:03] [246/459] CMTT
[11:38:04] [247/459] SMXP
[11:38:04] [248/459] SCMX
[11:38:05] [249/459] ACXN
[11:38:06] [250/459] ASWT
[11:38:06] 🔄 Identity reset
[11:38:06] 🔄 Identity rotated (every 10 requests)
[11:38:07] [251/459] VVVL
[11:38:08] [252/459] NAGO
[11:38:08] [253/459] SNCN
[11:38:09] [254/459] MCKP
[11:38:10] [255/459] SAMO
[11:38:10] [256/459] JBTV
[11:38:11] [257/459] DCVV
[11:38:12] [258/459] KMSV
[11:38:13] [259/459] KDCN
[11:38:13] [260/459] CNCP
[11:38:13] 🔄 Identity reset
[11:38:13] 🔄 Identity rotated (every 10 requests)
[11:38:14] [261/459] HAMC
[11:38:15] [262/459] CCVZ
[11:38:15] [263/459] NCCK
[11:38:16] [264/459] MCHR
[11:38:17] [265/459] SCHT
[11:38:18] [266/459] ESSH
[11:38:19] [267/459] CUJC
[11:38:20] [268/459] PECP
[11:38:20] [269/459] PMMI
[11:38:21] [270/459] PCCH
[11:38:21] 🔄 Identity reset
[11:38:21] 🔄 Identity rotated (every 10 requests)
[11:38:22] [271/459] PRPM
[11:38:23] [272/459] PVKL
[11:38:24] [273/459] CBSM
[11:38:24] [274/459] PVCZ
[11:38:25] [275/459] PCVV
[11:38:26] [276/459] CTMJ
[11:38:27] [277/459] RCPS
[11:38:27] [278/459] PCIT
[11:38:28] [279/459] FNCH
[11:38:29] [280/459] INZD
[11:38:29] 🔄 Identity reset
[11:38:29] 🔄 Identity rotated (every 10 requests)
[11:38:30] [281/459] INPC
[11:38:30] [282/459] LCZP
[11:38:31] [283/459] SMCB
[11:38:32] [284/459] PTSB
[11:38:32] [285/459] TPSI
[11:38:33] [286/459] KHMJ
[11:38:34] [287/459] RCCJ
[11:38:35] [288/459] NCJA
[11:38:36] [289/459] NCJN
[11:38:36] [290/459] BTDP
[11:38:36] 🔄 Identity reset
[11:38:36] 🔄 Identity rotated (every 10 requests)
[11:38:37] [291/459] PADY
[11:38:38] [292/459] NYBH
[11:38:39] [293/459] MTBR
[11:38:40] [294/459] KRBC
[11:38:40] [295/459] DKTI
[11:38:41] [296/459] ANAN
[11:38:42] [297/459] INBP
[11:38:43] [298/459] PATB
[11:38:43] [299/459] RGNT
[11:38:44] [300/459] CGPM
[11:38:44] 🔄 Identity reset
[11:38:44] 🔄 Identity rotated (every 10 requests)
[11:38:45] [301/459] INTN
[11:38:45] [302/459] MCMP
[11:38:46] [303/459] ASRG
[11:38:47] [304/459] CXJD
[11:38:48] [305/459] SPCP
[11:38:48] [306/459] CSTP
[11:38:49] [307/459] PKVC
[11:38:50] [308/459] ESCP
[11:38:51] [309/459] CAEP
[11:38:51] [310/459] CCSP
[11:38:51] 🔄 Identity reset
[11:38:51] 🔄 Identity rotated (every 10 requests)
[11:38:52] [311/459] KTPC
[11:38:53] [312/459] DACA
[11:38:54] [313/459] NVKY
[11:38:55] [314/459] PTIN
[11:38:55] [315/459] SCIN
[11:38:56] [316/459] MCTY
[11:38:57] [317/459] PCMX
[11:38:58] [318/459] INIC
[11:38:58] [319/459] MMZM
[11:38:59] [320/459] SSLP
[11:38:59] 🔄 Identity reset
[11:38:59] 🔄 Identity rotated (every 10 requests)
[11:39:00] [321/459] DTDT
[11:39:00] [322/459] FFCX
[11:39:01] [323/459] RCMM
[11:39:02] [324/459] KYID
[11:39:03] [325/459] CSCI
[11:39:03] [326/459] FCMC
[11:39:04] [327/459] MMXI
[11:39:05] [328/459] ASTC
[11:39:06] [329/459] CMRA
[11:39:06] [330/459] DICI
[11:39:06] 🔄 Identity reset
[11:39:06] 🔄 Identity rotated (every 10 requests)
[11:39:07] [331/459] KDIN
[11:39:08] [332/459] PRFI
[11:39:08] [333/459] SVFC
[11:39:09] [334/459] UCPL
[11:39:10] [335/459] COOC
[11:39:11] [336/459] SCAL
[11:39:11] [337/459] SVFF
[11:39:12] [338/459] VCMG
[11:39:13] [339/459] UUCT
[11:39:13] [340/459] GCSE
[11:39:13] 🔄 Identity reset
[11:39:13] 🔄 Identity rotated (every 10 requests)
[11:39:14] [341/459] SUSC
[11:39:15] [342/459] MISC
[11:39:15] [343/459] RMBL
[11:39:16] [344/459] CMXN
[11:39:17] [345/459] PVBK
[11:39:18] [346/459] HHCG
[11:39:19] [347/459] SCAG
[11:39:19] [348/459] CNPR
[11:39:20] [349/459] CSER
[11:39:21] [350/459] HLWD
[11:39:21] 🔄 Identity reset
[11:39:21] 🔄 Identity rotated (every 10 requests)
[11:39:22] [351/459] BOLY
[11:39:22] [352/459] SSPG
[11:39:23] [353/459] MUPX
[11:39:24] [354/459] HAMR
[11:39:24] [355/459] SDNC
[11:39:25] [356/459] RTEN
[11:39:26] [357/459] SDTD
[11:39:27] [358/459] KAWS
[11:39:27] [359/459] CMZX
[11:39:28] [360/459] DCDD
[11:39:28] 🔄 Identity reset
[11:39:28] 🔄 Identity rotated (every 10 requests)
[11:39:29] [361/459] ALSN
[11:39:29] [362/459] IMXS
[11:39:30] [363/459] PVFF
[11:39:31] [364/459] PVOO
[11:39:31] [365/459] CFBS
[11:39:32] [366/459] PVER
[11:39:33] [367/459] PPNX
[11:39:34] [368/459] CNRM
[11:39:35] [369/459] PVWW
[11:39:35] [370/459] INMB
[11:39:35] 🔄 Identity reset
[11:39:35] 🔄 Identity rotated (every 10 requests)
[11:39:36] [371/459] CPJR
[11:39:37] [372/459] INRZ
[11:39:38] [373/459] PMSR
[11:39:38] [374/459] GPGM
[11:39:39] [375/459] PGWB
[11:39:40] [376/459] PMBR
[11:39:40] [377/459] GPAM
[11:39:41] [378/459] INBC
[11:39:42] [379/459] PZVK
[11:39:43] [380/459] CPEB
[11:39:43] 🔄 Identity reset
[11:39:43] 🔄 Identity rotated (every 10 requests)
[11:39:43] [381/459] FMLB
[11:39:44] [382/459] INBG
[11:39:45] [383/459] GPBR
[11:39:46] [384/459] PAAS
[11:39:47] [385/459] VTBR
[11:39:47] [386/459] GPMY
[11:39:48] [387/459] GYBU
[11:39:49] [388/459] INBJ
[11:39:50] [389/459] LKTH
[11:39:51] [390/459] NSBR
[11:39:51] 🔄 Identity reset
[11:39:51] 🔄 Identity rotated (every 10 requests)
[11:39:51] [391/459] PDRD
[11:39:52] [392/459] VRBL
[11:39:53] [393/459] VTGB
[11:39:53] [394/459] VTSK
[11:39:54] [395/459] BKDV
[11:39:55] [396/459] SVTB
[11:39:56] [397/459] MLDT
[11:39:56] [398/459] NRBL
[11:39:57] [399/459] SLTR
[11:39:58] [400/459] VNKA
[11:39:58] 🔄 Identity reset
[11:39:58] 🔄 Identity rotated (every 10 requests)
[11:39:58] [401/459] TDCA
[11:39:59] [402/459] INBM
[11:40:00] [403/459] SSNR
[11:40:01] [404/459] BHAC
[11:40:01] [405/459] SDSD
[11:40:02] [406/459] SAMP
[11:40:03] [407/459] RATK
[11:40:03] [408/459] KCBI
[11:40:04] [409/459] URBL
[11:40:05] [410/459] MKBG
[11:40:05] 🔄 Identity reset
[11:40:05] 🔄 Identity rotated (every 10 requests)
[11:40:05] [411/459] ASTB
[11:40:06] [412/459] VBWT
[11:40:07] [413/459] GPSM
[11:40:08] [414/459] ROON
[11:40:08] [415/459] CHTH
[11:40:09] [416/459] SSPA
[11:40:10] [417/459] ANBL
[11:40:10] [418/459] VTBE
[11:40:11] [419/459] SVKT
[11:40:12] [420/459] SVYK
[11:40:12] 🔄 Identity reset
[11:40:12] 🔄 Identity rotated (every 10 requests)
[11:40:13] [421/459] PTBK
[11:40:13] [422/459] RKTB
[11:40:14] [423/459] BALT
[11:40:15] [424/459] STSV
[11:40:15] [425/459] VCCB
[11:40:16] [426/459] SLTB
[11:40:16] [427/459] SBCR
[11:40:17] [428/459] VDCS
[11:40:18] [429/459] MDKI
[11:40:19] [430/459] SMRN
[11:40:19] 🔄 Identity reset
[11:40:19] 🔄 Identity rotated (every 10 requests)
[11:40:19] [431/459] PTBC
[11:40:20] [432/459] RADI
[11:40:21] [433/459] ADCR
[11:40:21] [434/459] SDCS
[11:40:22] [435/459] SRPJ
[11:40:23] [436/459] ARTS
[11:40:24] [437/459] SRHK
[11:40:24] [438/459] SPAY
[11:40:25] [439/459] GPTB
[11:40:26] [440/459] SNNN
[11:40:26] 🔄 Identity reset
[11:40:26] 🔄 Identity rotated (every 10 requests)
[11:40:26] [441/459] BALJ
[11:40:27] [442/459] TRIG
[11:40:28] [443/459] GTYT
[11:40:28] [444/459] ATGN
[11:40:29] [445/459] ANTE
[11:40:30] [446/459] BDCG
[11:40:30] [447/459] VECI
[11:40:31] [448/459] SCPR
[11:40:32] [449/459] RTEA
[11:40:33] [450/459] JSAI
[11:40:33] 🔄 Identity reset
[11:40:33] 🔄 Identity rotated (every 10 requests)
[11:40:33] [451/459] VJTP
[11:40:34] [452/459] GNDS
[11:40:35] [453/459] PAXA
[11:40:36] [454/459] CGGM
[11:40:36] [455/459] ACKZ
[11:40:37] [456/459] EMCC
[11:40:38] [457/459] KLSK
[11:40:39] [458/459] AVCK
[11:40:39] [459/459] JTCK
[11:40:40] 🧹 Deduping shows
[11:40:40] ✅ DONE | Shows=4191 | Movies=87
