[21:42:48] 🚀 SCRIPT STARTED (enhanced anti‑detection)
[21:42:48] [1/326] VCHA
[21:42:49] 🧠 New identity created
[21:42:49] [2/326] SCKO
[21:42:50] [3/326] VKTK
[21:42:51] [4/326] DXEC
[21:42:52] [5/326] CDCA
[21:42:52] [6/326] VBCZ
[21:42:53] [7/326] MSDR
[21:42:54] [8/326] ACPV
[21:42:55] [9/326] PVHB
[21:42:56] [10/326] RCNH
[21:42:56] 🔄 Identity reset
[21:42:57] 🔄 Identity rotated (every 10 requests)
[21:42:57] [11/326] IOMH
[21:42:58] [12/326] ILKS
[21:42:59] [13/326] AMSN
[21:43:00] [14/326] ANTP
[21:43:01] [15/326] SSEK
[21:43:02] [16/326] PICP
[21:43:03] [17/326] SICO
[21:43:04] [18/326] SISP
[21:43:04] [19/326] SCPI
[21:43:05] [20/326] CRPR
[21:43:06] 🔄 Identity reset
[21:43:06] 🔄 Identity rotated (every 10 requests)
[21:43:06] [21/326] DCTW
[21:43:07] [22/326] DCSP
[21:43:08] [23/326] KRPM
[21:43:09] [24/326] THKK
[21:43:10] [25/326] SNMY
[21:43:11] [26/326] AKCC
[21:43:11] [27/326] PCAT
[21:43:12] [28/326] RFGO
[21:43:13] [29/326] GGCS
[21:43:14] [30/326] ACKR
[21:43:15] 🔄 Identity reset
[21:43:15] 🔄 Identity rotated (every 10 requests)
[21:43:15] [31/326] STDO
[21:43:17] [32/326] ACKB
[21:43:18] [33/326] ALUC
[21:43:18] [34/326] MNSR
[21:43:19] [35/326] CSSL
[21:43:20] [36/326] BGGM
[21:43:21] [37/326] MANT
[21:43:22] [38/326] SOOY
[21:43:23] [39/326] VPPK
[21:43:24] [40/326] MYHJ
[21:43:24] 🔄 Identity reset
[21:43:24] 🔄 Identity rotated (every 10 requests)
[21:43:24] [41/326] KSCK
[21:43:25] [42/326] KATK
[21:43:26] [43/326] RTRT
[21:43:28] [44/326] SSTT
[21:43:28] [45/326] SSTV
[21:43:29] [46/326] LACM
[21:43:30] [47/326] SGMG
[21:43:31] [48/326] KACX
[21:43:32] [49/326] GVCP
[21:43:33] [50/326] CSNC
[21:43:33] 🔄 Identity reset
[21:43:33] 🔄 Identity rotated (every 10 requests)
[21:43:34] [51/326] SXCB
[21:43:34] [52/326] BAHS
[21:43:35] [53/326] PCBI
[21:43:36] [54/326] PSSM
[21:43:37] [55/326] RCOK
[21:43:38] [56/326] SCPF
[21:43:39] [57/326] SSAS
[21:43:40] [58/326] EVMM
[21:43:40] [59/326] SYCB
[21:43:41] [60/326] GCKI
[21:43:42] 🔄 Identity reset
[21:43:42] 🔄 Identity rotated (every 10 requests)
[21:43:42] [61/326] IAET
[21:43:43] [62/326] DDTD
[21:43:44] [63/326] GMDH
[21:43:45] [64/326] STLE
[21:43:45] [65/326] JTRA
[21:43:46] [66/326] RPPA
[21:43:47] [67/326] ARUT
[21:43:48] [68/326] JTVM
[21:43:49] [69/326] SWRH
[21:43:50] [70/326] DCPC
[21:43:50] 🔄 Identity reset
[21:43:50] 🔄 Identity rotated (every 10 requests)
[21:43:51] [71/326] RAPR
[21:43:52] [72/326] GCRT
[21:43:52] [73/326] ATUN
[21:43:53] [74/326] LTRM
[21:43:54] [75/326] TASR
[21:43:55] [76/326] RLLC
[21:43:56] [77/326] MABI
[21:43:57] [78/326] SVHB
[21:43:58] [79/326] NVTB
[21:43:59] [80/326] KCKG
[21:43:59] 🔄 Identity reset
[21:43:59] 🔄 Identity rotated (every 10 requests)
[21:44:00] [81/326] SSRN
[21:44:00] [82/326] VDDC
[21:44:01] [83/326] GKTK
[21:44:02] [84/326] YFSN
[21:44:03] [85/326] GCSG
[21:44:04] [86/326] ESSM
[21:44:05] [87/326] KRIH
[21:44:06] [88/326] GCDS
[21:44:07] [89/326] CCSH
[21:44:08] [90/326] ACSK
[21:44:08] 🔄 Identity reset
[21:44:08] 🔄 Identity rotated (every 10 requests)
[21:44:09] [91/326] APRK
[21:44:10] [92/326] ADKM
[21:44:11] [93/326] SRDM
[21:44:11] [94/326] SJMY
[21:44:13] [95/326] PGGC
[21:44:14] [96/326] INGM
[21:44:15] [97/326] LSCB
[21:44:15] [98/326] STAD
[21:44:16] [99/326] MCCR
[21:44:17] [100/326] ABCC
[21:44:18] 🔄 Identity reset
[21:44:18] 🔄 Identity rotated (every 10 requests)
[21:44:18] [101/326] RKCC
[21:44:19] [102/326] RTCR
[21:44:20] [103/326] GGBC
[21:44:21] [104/326] GCSD
[21:44:22] [105/326] LPTY
[21:44:22] [106/326] MCFD
[21:44:23] [107/326] HENN
[21:44:24] [108/326] SMKU
[21:44:25] [109/326] TNZC
[21:44:26] [110/326] DRCD
[21:44:26] 🔄 Identity reset
[21:44:26] 🔄 Identity rotated (every 10 requests)
[21:44:27] [111/326] DLCD
[21:44:28] [112/326] RCDA
[21:44:28] [113/326] COSM
[21:44:29] [114/326] MCMJ
[21:44:30] [115/326] CSTR
[21:44:31] [116/326] CVDK
[21:44:32] [117/326] INRR
[21:44:33] [118/326] RJRT
[21:44:34] [119/326] IRMR
[21:44:34] [120/326] SRCF
[21:44:35] 🔄 Identity reset
[21:44:35] 🔄 Identity rotated (every 10 requests)
[21:44:36] [121/326] GRCR
[21:44:36] [122/326] SURC
[21:44:37] [123/326] NMNH
[21:44:38] [124/326] SVBL
[21:44:39] [125/326] KACI
[21:44:40] [126/326] TDGO
[21:44:40] [127/326] KTBR
[21:44:41] [128/326] PMAD
[21:44:43] [129/326] CCPN
[21:44:44] [130/326] SBTK
[21:44:44] 🔄 Identity reset
[21:44:44] 🔄 Identity rotated (every 10 requests)
[21:44:44] [131/326] LMDK
[21:44:45] [132/326] PGDA
[21:44:46] [133/326] SRML
[21:44:47] [134/326] EVCK
[21:44:48] [135/326] RTTK
[21:44:50] [136/326] SRTU
[21:44:51] [137/326] VRSA
[21:44:52] [138/326] VARS
[21:44:53] [139/326] DSCZ
[21:44:54] [140/326] GAGA
[21:44:54] 🔄 Identity reset
[21:44:54] 🔄 Identity rotated (every 10 requests)
[21:44:55] [141/326] SARV
[21:44:55] [142/326] SEEG
[21:44:56] [143/326] GLCA
[21:44:57] [144/326] APAS
[21:44:58] [145/326] VCIA
[21:44:59] [146/326] SJTA
[21:45:00] [147/326] SABM
[21:45:01] [148/326] PPAG
[21:45:02] [149/326] RVCA
[21:45:02] [150/326] CCIA
[21:45:03] 🔄 Identity reset
[21:45:03] 🔄 Identity rotated (every 10 requests)
[21:45:03] [151/326] HTAG
[21:45:04] [152/326] SMBI
[21:45:05] [153/326] MCJR
[21:45:06] [154/326] CCJR
[21:45:07] [155/326] SINF
[21:45:08] [156/326] CPLX
[21:45:08] [157/326] KKTJ
[21:45:09] [158/326] GDBW
[21:45:10] [159/326] CSUB
[21:45:11] [160/326] DABA
[21:45:12] 🔄 Identity reset
[21:45:12] 🔄 Identity rotated (every 10 requests)
[21:45:12] [161/326] TITR
[21:45:14] [162/326] NYCR
[21:45:15] [163/326] RTRY
[21:45:16] [164/326] JTJL
[21:45:17] [165/326] SJCP
[21:45:17] [166/326] KCCA
[21:45:18] [167/326] MLPG
[21:45:19] [168/326] VRCK
[21:45:20] [169/326] SRIN
[21:45:21] [170/326] CXMK
[21:45:21] 🔄 Identity reset
[21:45:21] 🔄 Identity rotated (every 10 requests)
[21:45:21] [171/326] SKAD
[21:45:22] [172/326] AVTR
[21:45:23] [173/326] PTAJ
[21:45:24] [174/326] SCNK
[21:45:25] [175/326] STTI
[21:45:26] [176/326] KACR
[21:45:27] [177/326] SSDX
[21:45:27] [178/326] VRTJ
[21:45:28] [179/326] RAJD
[21:45:29] [180/326] SCIP
[21:45:30] 🔄 Identity reset
[21:45:30] 🔄 Identity rotated (every 10 requests)
[21:45:30] [181/326] RJSL
[21:45:31] [182/326] ARRS
[21:45:32] [183/326] ASMS
[21:45:33] [184/326] RDTS
[21:45:35] [185/326] DVMY
[21:45:36] [186/326] RASA
[21:45:37] [187/326] INOM
[21:45:37] [188/326] SPRS
[21:45:38] [189/326] SGCS
[21:45:39] [190/326] SALM
[21:45:40] 🔄 Identity reset
[21:45:40] 🔄 Identity rotated (every 10 requests)
[21:45:40] [191/326] PKHC
[21:45:41] [192/326] RCSV
[21:45:42] [193/326] CPKC
[21:45:43] [194/326] AACD
[21:45:44] [195/326] GGCV
[21:45:45] [196/326] SMKD
[21:45:46] [197/326] NBCH
[21:45:47] [198/326] AMCB
[21:45:48] [199/326] OPCN
[21:45:49] [200/326] DCIN
[21:45:49] 🔄 Identity reset
[21:45:49] 🔄 Identity rotated (every 10 requests)
[21:45:50] [201/326] INGW
[21:45:51] [202/326] PKKW
[21:45:52] [203/326] FNGW
[21:45:53] [204/326] GCGD
[21:45:54] [205/326] MSTW
[21:45:55] [206/326] KCCG
[21:45:55] [207/326] MRSS
[21:45:56] [208/326] CLCF
[21:45:57] [209/326] EETS
[21:45:59] [210/326] AATR
[21:46:00] 🔄 Identity reset
[21:46:00] 🔄 Identity rotated (every 10 requests)
[21:46:01] [211/326] CMMN
[21:46:02] [212/326] SCCJ
[21:46:02] [213/326] CDTK
[21:46:03] [214/326] AICP
[21:46:05] [215/326] FNBP
[21:46:05] [216/326] CBPB
[21:46:06] [217/326] CPAS
[21:46:07] [218/326] MAPM
[21:46:08] [219/326] PASD
[21:46:09] [220/326] JCMN
[21:46:09] 🔄 Identity reset
[21:46:09] 🔄 Identity rotated (every 10 requests)
[21:46:10] [221/326] MALB
[21:46:10] [222/326] SACG
[21:46:12] [223/326] DDRX
[21:46:13] [224/326] DDXB
[21:46:13] [225/326] RAMC
[21:46:14] [226/326] SANC
[21:46:15] [227/326] BCBP
[21:46:16] [228/326] ALPC
[21:46:17] [229/326] RBAC
[21:46:18] [230/326] RAJL
[21:46:19] 🔄 Identity reset
[21:46:19] 🔄 Identity rotated (every 10 requests)
[21:46:19] [231/326] MPDX
[21:46:20] [232/326] MUSC
[21:46:21] [233/326] VKMK
[21:46:22] [234/326] SKCG
[21:46:23] [235/326] ANCN
[21:46:23] [236/326] MMCJ
[21:46:24] [237/326] DCAK
[21:46:25] [238/326] SCKG
[21:46:26] [239/326] LMCK
[21:46:27] [240/326] CKKX
[21:46:28] 🔄 Identity reset
[21:46:28] 🔄 Identity rotated (every 10 requests)
[21:46:28] [241/326] ANKU
[21:46:29] [242/326] CSMD
[21:46:30] [243/326] MKMP
[21:46:31] [244/326] SVBG
[21:46:31] [245/326] ROOP
[21:46:32] [246/326] GDMT
[21:46:33] [247/326] FPPF
[21:46:34] [248/326] SFUU
[21:46:35] [249/326] ANCB
[21:46:36] [250/326] SMMC
[21:46:37] 🔄 Identity reset
[21:46:37] 🔄 Identity rotated (every 10 requests)
[21:46:37] [251/326] UGKT
[21:46:38] [252/326] JVRM
[21:46:39] [253/326] BATG
[21:46:40] [254/326] RATE
[21:46:41] [255/326] SKME
[21:46:42] [256/326] LMTP
[21:46:42] [257/326] TCBD
[21:46:43] [258/326] ESBD
[21:46:44] [259/326] GDCU
[21:46:45] [260/326] SNKT
[21:46:46] 🔄 Identity reset
[21:46:46] 🔄 Identity rotated (every 10 requests)
[21:46:46] [261/326] SRNK
[21:46:47] [262/326] SMED
[21:46:48] [263/326] CSQS
[21:46:49] [264/326] ALCS
[21:46:50] [265/326] KCKN
[21:46:51] [266/326] VCCL
[21:46:52] [267/326] MCDA
[21:46:53] [268/326] SHMI
[21:46:54] [269/326] SKHA
[21:46:55] [270/326] SVFK
[21:46:55] 🔄 Identity reset
[21:46:55] 🔄 Identity rotated (every 10 requests)
[21:46:56] [271/326] INVB
[21:46:57] [272/326] MELD
[21:46:58] [273/326] JTYS
[21:46:59] [274/326] INCM
[21:47:00] [275/326] MCDV
[21:47:00] [276/326] KSGK
[21:47:01] [277/326] ICMG
[21:47:02] [278/326] CSCV
[21:47:03] [279/326] STMD
[21:47:03] [280/326] STTR
[21:47:04] 🔄 Identity reset
[21:47:04] 🔄 Identity rotated (every 10 requests)
[21:47:04] [281/326] INVC
[21:47:05] [282/326] JTBL
[21:47:06] [283/326] SRVV
[21:47:07] [284/326] MAVC
[21:47:08] [285/326] SRPP
[21:47:09] [286/326] JGDM
[21:47:10] [287/326] MBSJ
[21:47:11] [288/326] SSLL
[21:47:12] [289/326] SLKP
[21:47:13] [290/326] NSRV
[21:47:13] 🔄 Identity reset
[21:47:13] 🔄 Identity rotated (every 10 requests)
[21:47:14] [291/326] UTDV
[21:47:14] [292/326] KICM
[21:47:15] [293/326] KCMD
[21:47:16] [294/326] TTPP
[21:47:17] [295/326] KMPV
[21:47:18] [296/326] SKTV
[21:47:19] [297/326] STCV
[21:47:20] [298/326] SRDA
[21:47:21] [299/326] JTSX
[21:47:21] [300/326] STBV
[21:47:22] 🔄 Identity reset
[21:47:22] 🔄 Identity rotated (every 10 requests)
[21:47:22] [301/326] APVZ
[21:47:23] [302/326] GSTV
[21:47:24] [303/326] NMVS
[21:47:25] [304/326] SKRT
[21:47:26] [305/326] RMDV
[21:47:27] [306/326] RATG
[21:47:28] [307/326] SJYV
[21:47:29] [308/326] NDGP
[21:47:30] [309/326] SNDG
[21:47:31] [310/326] INSR
[21:47:31] 🔄 Identity reset
[21:47:31] 🔄 Identity rotated (every 10 requests)
[21:47:32] [311/326] INSO
[21:47:32] [312/326] CCSI
[21:47:34] [313/326] RASM
[21:47:35] [314/326] NEWC
[21:47:36] [315/326] VSHL
[21:47:37] [316/326] BISW
[21:47:39] [317/326] GCNG
[21:47:40] [318/326] CWSC
[21:47:41] [319/326] SKAN
[21:47:42] [320/326] CCOA
[21:47:43] 🔄 Identity reset
[21:47:43] 🔄 Identity rotated (every 10 requests)
[21:47:43] [321/326] MCAJ
[21:47:44] [322/326] ACDE
[21:47:45] [323/326] AACM
[21:47:46] [324/326] JJCK
[21:47:47] [325/326] RCMO
[21:47:48] [326/326] GDAW
[21:47:49] 🧹 Deduping shows
[21:47:49] ✅ DONE | Shows=518 | Movies=36
[11:34:55] 🚀 SCRIPT STARTED
[11:34:55] [1/326] VCHA
[11:34:55] 🧠 New identity created
[11:34:56] [2/326] SCKO
[11:34:57] [3/326] VKTK
[11:34:58] [4/326] DXEC
[11:34:59] [5/326] CDCA
[11:35:00] [6/326] VBCZ
[11:35:01] [7/326] MSDR
[11:35:02] [8/326] ACPV
[11:35:03] [9/326] PVHB
[11:35:04] [10/326] RCNH
[11:35:04] 🔄 Identity reset
[11:35:04] 🔄 Identity rotated (every 10 requests)
[11:35:05] [11/326] IOMH
[11:35:06] [12/326] ILKS
[11:35:07] [13/326] AMSN
[11:35:08] [14/326] ANTP
[11:35:09] [15/326] SSEK
[11:35:10] [16/326] PICP
[11:35:11] [17/326] SICO
[11:35:11] [18/326] SISP
[11:35:12] [19/326] SCPI
[11:35:13] [20/326] CRPR
[11:35:13] 🔄 Identity reset
[11:35:13] 🔄 Identity rotated (every 10 requests)
[11:35:14] [21/326] DCTW
[11:35:15] [22/326] DCSP
[11:35:16] [23/326] KRPM
[11:35:17] [24/326] THKK
[11:35:18] [25/326] SNMY
[11:35:18] [26/326] AKCC
[11:35:19] [27/326] PCAT
[11:35:20] [28/326] RFGO
[11:35:21] [29/326] GGCS
[11:35:22] [30/326] ACKR
[11:35:22] 🔄 Identity reset
[11:35:22] 🔄 Identity rotated (every 10 requests)
[11:35:23] [31/326] STDO
[11:35:23] [32/326] ACKB
[11:35:24] [33/326] ALUC
[11:35:25] [34/326] MNSR
[11:35:26] [35/326] CSSL
[11:35:27] [36/326] BGGM
[11:35:27] [37/326] MANT
[11:35:28] [38/326] SOOY
[11:35:28] [39/326] VPPK
[11:35:29] [40/326] MYHJ
[11:35:29] 🔄 Identity reset
[11:35:29] 🔄 Identity rotated (every 10 requests)
[11:35:29] [41/326] KSCK
[11:35:30] [42/326] KATK
[11:35:31] [43/326] RTRT
[11:35:32] [44/326] SSTT
[11:35:32] [45/326] SSTV
[11:35:33] [46/326] LACM
[11:35:33] [47/326] SGMG
[11:35:34] [48/326] KACX
[11:35:35] [49/326] GVCP
[11:35:35] [50/326] CSNC
[11:35:35] 🔄 Identity reset
[11:35:35] 🔄 Identity rotated (every 10 requests)
[11:35:35] 🔄 Retry 1/5 for CSNC in 2.2s
[11:35:35] 🔄 Identity reset
[11:35:37] 🧠 New identity created
[11:35:38] [51/326] SXCB
[11:35:39] [52/326] BAHS
[11:35:39] [53/326] PCBI
[11:35:40] [54/326] PSSM
[11:35:41] [55/326] RCOK
[11:35:42] [56/326] SCPF
[11:35:42] [57/326] SSAS
[11:35:43] [58/326] EVMM
[11:35:43] [59/326] SYCB
[11:35:43] 🔄 Identity reset
[11:35:43] 🔄 Identity rotated (every 10 requests)
[11:35:44] [60/326] GCKI
[11:35:44] [61/326] IAET
[11:35:45] [62/326] DDTD
[11:35:46] [63/326] GMDH
[11:35:46] [64/326] STLE
[11:35:47] [65/326] JTRA
[11:35:48] [66/326] RPPA
[11:35:48] [67/326] ARUT
[11:35:49] [68/326] JTVM
[11:35:50] [69/326] SWRH
[11:35:50] 🔄 Identity reset
[11:35:50] 🔄 Identity rotated (every 10 requests)
[11:35:50] [70/326] DCPC
[11:35:51] [71/326] RAPR
[11:35:52] [72/326] GCRT
[11:35:52] [73/326] ATUN
[11:35:53] [74/326] LTRM
[11:35:53] [75/326] TASR
[11:35:54] [76/326] RLLC
[11:35:54] [77/326] MABI
[11:35:55] [78/326] SVHB
[11:35:56] [79/326] NVTB
[11:35:56] 🔄 Identity reset
[11:35:56] 🔄 Identity rotated (every 10 requests)
[11:35:56] [80/326] KCKG
[11:35:57] [81/326] SSRN
[11:35:58] [82/326] VDDC
[11:35:58] [83/326] GKTK
[11:35:59] [84/326] YFSN
[11:35:59] [85/326] GCSG
[11:36:00] [86/326] ESSM
[11:36:00] [87/326] KRIH
[11:36:01] [88/326] GCDS
[11:36:02] [89/326] CCSH
[11:36:02] 🔄 Identity reset
[11:36:02] 🔄 Identity rotated (every 10 requests)
[11:36:03] [90/326] ACSK
[11:36:03] [91/326] APRK
[11:36:04] [92/326] ADKM
[11:36:05] [93/326] SRDM
[11:36:05] [94/326] SJMY
[11:36:06] [95/326] PGGC
[11:36:07] [96/326] INGM
[11:36:08] [97/326] LSCB
[11:36:08] [98/326] STAD
[11:36:09] [99/326] MCCR
[11:36:09] 🔄 Identity reset
[11:36:09] 🔄 Identity rotated (every 10 requests)
[11:36:10] [100/326] ABCC
[11:36:10] [101/326] RKCC
[11:36:11] [102/326] RTCR
[11:36:12] [103/326] GGBC
[11:36:12] [104/326] GCSD
[11:36:13] [105/326] LPTY
[11:36:14] [106/326] MCFD
[11:36:14] [107/326] HENN
[11:36:15] [108/326] SMKU
[11:36:15] [109/326] TNZC
[11:36:15] 🔄 Identity reset
[11:36:15] 🔄 Identity rotated (every 10 requests)
[11:36:16] [110/326] DRCD
[11:36:17] [111/326] DLCD
[11:36:18] [112/326] RCDA
[11:36:18] [113/326] COSM
[11:36:19] [114/326] MCMJ
[11:36:20] [115/326] CSTR
[11:36:20] [116/326] CVDK
[11:36:21] [117/326] INRR
[11:36:21] [118/326] RJRT
[11:36:22] [119/326] IRMR
[11:36:22] 🔄 Identity reset
[11:36:22] 🔄 Identity rotated (every 10 requests)
[11:36:23] [120/326] SRCF
[11:36:23] [121/326] GRCR
[11:36:24] [122/326] SURC
[11:36:24] [123/326] NMNH
[11:36:25] [124/326] SVBL
[11:36:26] [125/326] KACI
[11:36:27] [126/326] TDGO
[11:36:27] [127/326] KTBR
[11:36:28] [128/326] PMAD
[11:36:29] [129/326] CCPN
[11:36:29] 🔄 Identity reset
[11:36:29] 🔄 Identity rotated (every 10 requests)
[11:36:29] [130/326] SBTK
[11:36:30] [131/326] LMDK
[11:36:31] [132/326] PGDA
[11:36:31] [133/326] SRML
[11:36:32] [134/326] EVCK
[11:36:33] [135/326] RTTK
[11:36:34] [136/326] SRTU
[11:36:34] [137/326] VRSA
[11:36:35] [138/326] VARS
[11:36:36] [139/326] DSCZ
[11:36:36] 🔄 Identity reset
[11:36:36] 🔄 Identity rotated (every 10 requests)
[11:36:36] [140/326] GAGA
[11:36:37] [141/326] SARV
[11:36:37] [142/326] SEEG
[11:36:38] [143/326] GLCA
[11:36:39] [144/326] APAS
[11:36:39] [145/326] VCIA
[11:36:40] [146/326] SJTA
[11:36:41] [147/326] SABM
[11:36:42] [148/326] PPAG
[11:36:42] [149/326] RVCA
[11:36:42] 🔄 Identity reset
[11:36:42] 🔄 Identity rotated (every 10 requests)
[11:36:43] [150/326] CCIA
[11:36:43] [151/326] HTAG
[11:36:44] [152/326] SMBI
[11:36:45] [153/326] MCJR
[11:36:45] [154/326] CCJR
[11:36:46] [155/326] SINF
[11:36:47] [156/326] CPLX
[11:36:47] [157/326] KKTJ
[11:36:48] [158/326] GDBW
[11:36:49] [159/326] CSUB
[11:36:49] 🔄 Identity reset
[11:36:49] 🔄 Identity rotated (every 10 requests)
[11:36:49] [160/326] DABA
[11:36:50] [161/326] TITR
[11:36:51] [162/326] NYCR
[11:36:51] [163/326] RTRY
[11:36:52] [164/326] JTJL
[11:36:53] [165/326] SJCP
[11:36:53] [166/326] KCCA
[11:36:54] [167/326] MLPG
[11:36:55] [168/326] VRCK
[11:36:56] [169/326] SRIN
[11:36:56] 🔄 Identity reset
[11:36:56] 🔄 Identity rotated (every 10 requests)
[11:36:56] [170/326] CXMK
[11:36:57] [171/326] SKAD
[11:36:57] [172/326] AVTR
[11:36:58] [173/326] PTAJ
[11:36:58] [174/326] SCNK
[11:36:59] [175/326] STTI
[11:37:00] [176/326] KACR
[11:37:00] [177/326] SSDX
[11:37:01] [178/326] VRTJ
[11:37:02] [179/326] RAJD
[11:37:02] 🔄 Identity reset
[11:37:02] 🔄 Identity rotated (every 10 requests)
[11:37:02] [180/326] SCIP
[11:37:03] [181/326] RJSL
[11:37:04] [182/326] ARRS
[11:37:05] [183/326] ASMS
[11:37:05] [184/326] RDTS
[11:37:06] [185/326] DVMY
[11:37:07] [186/326] RASA
[11:37:07] [187/326] INOM
[11:37:08] [188/326] SPRS
[11:37:09] [189/326] SGCS
[11:37:09] 🔄 Identity reset
[11:37:09] 🔄 Identity rotated (every 10 requests)
[11:37:09] [190/326] SALM
[11:37:10] [191/326] PKHC
[11:37:11] [192/326] RCSV
[11:37:11] [193/326] CPKC
[11:37:12] [194/326] AACD
[11:37:13] [195/326] GGCV
[11:37:13] [196/326] SMKD
[11:37:14] [197/326] NBCH
[11:37:15] [198/326] AMCB
[11:37:15] [199/326] OPCN
[11:37:15] 🔄 Identity reset
[11:37:15] 🔄 Identity rotated (every 10 requests)
[11:37:16] [200/326] DCIN
[11:37:16] [201/326] INGW
[11:37:17] [202/326] PKKW
[11:37:18] [203/326] FNGW
[11:37:19] [204/326] GCGD
[11:37:19] [205/326] MSTW
[11:37:20] [206/326] KCCG
[11:37:21] [207/326] MRSS
[11:37:21] [208/326] CLCF
[11:37:22] [209/326] EETS
[11:37:22] 🔄 Identity reset
[11:37:22] 🔄 Identity rotated (every 10 requests)
[11:37:22] [210/326] AATR
[11:37:23] [211/326] CMMN
[11:37:24] [212/326] SCCJ
[11:37:25] [213/326] CDTK
[11:37:25] [214/326] AICP
[11:37:26] [215/326] FNBP
[11:37:26] [216/326] CBPB
[11:37:27] [217/326] CPAS
[11:37:28] [218/326] MAPM
[11:37:28] [219/326] PASD
[11:37:28] 🔄 Identity reset
[11:37:28] 🔄 Identity rotated (every 10 requests)
[11:37:29] [220/326] JCMN
[11:37:29] [221/326] MALB
[11:37:30] [222/326] SACG
[11:37:31] [223/326] DDRX
[11:37:31] [224/326] DDXB
[11:37:32] [225/326] RAMC
[11:37:33] [226/326] SANC
[11:37:33] [227/326] BCBP
[11:37:34] [228/326] ALPC
[11:37:34] [229/326] RBAC
[11:37:34] 🔄 Identity reset
[11:37:34] 🔄 Identity rotated (every 10 requests)
[11:37:34] 🔄 Retry 1/5 for RBAC in 2.4s
[11:37:34] 🔄 Identity reset
[11:37:37] 🧠 New identity created
[11:37:37] [230/326] RAJL
[11:37:38] [231/326] MPDX
[11:37:39] [232/326] MUSC
[11:37:39] [233/326] VKMK
[11:37:40] [234/326] SKCG
[11:37:41] [235/326] ANCN
[11:37:41] [236/326] MMCJ
[11:37:42] [237/326] DCAK
[11:37:43] [238/326] SCKG
[11:37:43] 🔄 Identity reset
[11:37:43] 🔄 Identity rotated (every 10 requests)
[11:37:43] [239/326] LMCK
[11:37:44] [240/326] CKKX
[11:37:45] [241/326] ANKU
[11:37:45] [242/326] CSMD
[11:37:46] [243/326] MKMP
[11:37:47] [244/326] SVBG
[11:37:48] [245/326] ROOP
[11:37:48] [246/326] GDMT
[11:37:49] [247/326] FPPF
[11:37:49] [248/326] SFUU
[11:37:49] 🔄 Identity reset
[11:37:50] 🔄 Identity rotated (every 10 requests)
[11:37:50] [249/326] ANCB
[11:37:51] [250/326] SMMC
[11:37:52] [251/326] UGKT
[11:37:52] [252/326] JVRM
[11:37:53] [253/326] BATG
[11:37:54] [254/326] RATE
[11:37:54] [255/326] SKME
[11:37:55] [256/326] LMTP
[11:37:56] [257/326] TCBD
[11:37:56] [258/326] ESBD
[11:37:56] 🔄 Identity reset
[11:37:56] 🔄 Identity rotated (every 10 requests)
[11:37:57] [259/326] GDCU
[11:37:58] [260/326] SNKT
[11:37:58] [261/326] SRNK
[11:37:59] [262/326] SMED
[11:37:59] [263/326] CSQS
[11:38:00] [264/326] ALCS
[11:38:01] [265/326] KCKN
[11:38:01] [266/326] VCCL
[11:38:02] [267/326] MCDA
[11:38:03] [268/326] SHMI
[11:38:03] 🔄 Identity reset
[11:38:03] 🔄 Identity rotated (every 10 requests)
[11:38:04] [269/326] SKHA
[11:38:04] [270/326] SVFK
[11:38:05] [271/326] INVB
[11:38:05] [272/326] MELD
[11:38:06] [273/326] JTYS
[11:38:07] [274/326] INCM
[11:38:08] [275/326] MCDV
[11:38:08] [276/326] KSGK
[11:38:09] [277/326] ICMG
[11:38:09] [278/326] CSCV
[11:38:09] 🔄 Identity reset
[11:38:09] 🔄 Identity rotated (every 10 requests)
[11:38:10] [279/326] STMD
[11:38:11] [280/326] STTR
[11:38:11] [281/326] INVC
[11:38:12] [282/326] JTBL
[11:38:13] [283/326] SRVV
[11:38:13] [284/326] MAVC
[11:38:14] [285/326] SRPP
[11:38:15] [286/326] JGDM
[11:38:15] [287/326] MBSJ
[11:38:16] [288/326] SSLL
[11:38:16] 🔄 Identity reset
[11:38:16] 🔄 Identity rotated (every 10 requests)
[11:38:16] [289/326] SLKP
[11:38:17] [290/326] NSRV
[11:38:18] [291/326] UTDV
[11:38:18] [292/326] KICM
[11:38:19] [293/326] KCMD
[11:38:20] [294/326] TTPP
[11:38:20] [295/326] KMPV
[11:38:21] [296/326] SKTV
[11:38:22] [297/326] STCV
[11:38:22] [298/326] SRDA
[11:38:22] 🔄 Identity reset
[11:38:22] 🔄 Identity rotated (every 10 requests)
[11:38:23] [299/326] JTSX
[11:38:24] [300/326] STBV
[11:38:24] [301/326] APVZ
[11:38:25] [302/326] GSTV
[11:38:26] [303/326] NMVS
[11:38:26] [304/326] SKRT
[11:38:27] [305/326] RMDV
[11:38:27] [306/326] RATG
[11:38:28] [307/326] SJYV
[11:38:29] [308/326] NDGP
[11:38:29] 🔄 Identity reset
[11:38:29] 🔄 Identity rotated (every 10 requests)
[11:38:29] [309/326] SNDG
[11:38:30] [310/326] INSR
[11:38:31] [311/326] INSO
[11:38:31] [312/326] CCSI
[11:38:32] [313/326] RASM
[11:38:33] [314/326] NEWC
[11:38:33] [315/326] VSHL
[11:38:34] [316/326] BISW
[11:38:34] [317/326] GCNG
[11:38:35] [318/326] CWSC
[11:38:35] 🔄 Identity reset
[11:38:35] 🔄 Identity rotated (every 10 requests)
[11:38:36] [319/326] SKAN
[11:38:37] [320/326] CCOA
[11:38:37] [321/326] MCAJ
[11:38:38] [322/326] ACDE
[11:38:39] [323/326] AACM
[11:38:39] [324/326] JJCK
[11:38:40] [325/326] RCMO
[11:38:41] [326/326] GDAW
[11:38:41] 🧹 Deduping shows
[11:38:41] ✅ DONE | Shows=2170 | Movies=68
