[01:17:11] 🚀 BMS DAILY TRACKER STARTED (enhanced anti‑detection)
[01:17:11] [1/326] VCHA
[01:17:12] 🧠 New identity created
[01:17:12] [2/326] SCKO
[01:17:13] [3/326] VKTK
[01:17:14] [4/326] DXEC
[01:17:15] [5/326] CDCA
[01:17:16] [6/326] VBCZ
[01:17:17] [7/326] MSDR
[01:17:17] [8/326] ACPV
[01:17:18] [9/326] PVHB
[01:17:19] [10/326] RCNH
[01:17:20] 🔄 Identity reset
[01:17:20] 🔄 Identity rotated (every 10 requests)
[01:17:21] [11/326] IOMH
[01:17:22] [12/326] ILKS
[01:17:22] [13/326] AMSN
[01:17:23] [14/326] ANTP
[01:17:24] [15/326] SSEK
[01:17:25] [16/326] PICP
[01:17:26] [17/326] SICO
[01:17:27] [18/326] SISP
[01:17:28] [19/326] SCPI
[01:17:29] [20/326] CRPR
[01:17:30] 🔄 Identity reset
[01:17:30] 🔄 Identity rotated (every 10 requests)
[01:17:30] [21/326] DCTW
[01:17:31] [22/326] DCSP
[01:17:31] [23/326] KRPM
[01:17:32] [24/326] THKK
[01:17:33] [25/326] SNMY
[01:17:34] [26/326] AKCC
[01:17:34] [27/326] PCAT
[01:17:35] [28/326] RFGO
[01:17:37] [29/326] GGCS
[01:17:37] [30/326] ACKR
[01:17:38] 🔄 Identity reset
[01:17:38] 🔄 Identity rotated (every 10 requests)
[01:17:38] [31/326] STDO
[01:17:39] [32/326] ACKB
[01:17:40] [33/326] ALUC
[01:17:41] [34/326] MNSR
[01:17:42] [35/326] CSSL
[01:17:43] [36/326] BGGM
[01:17:45] [37/326] MANT
[01:17:45] [38/326] SOOY
[01:17:46] [39/326] VPPK
[01:17:47] [40/326] MYHJ
[01:17:48] 🔄 Identity reset
[01:17:48] 🔄 Identity rotated (every 10 requests)
[01:17:48] [41/326] KSCK
[01:17:49] [42/326] KATK
[01:17:50] [43/326] RTRT
[01:17:51] [44/326] SSTT
[01:17:52] [45/326] SSTV
[01:17:53] [46/326] LACM
[01:17:54] [47/326] SGMG
[01:17:55] [48/326] KACX
[01:17:56] [49/326] GVCP
[01:17:57] [50/326] CSNC
[01:17:58] 🔄 Identity reset
[01:17:58] 🔄 Identity rotated (every 10 requests)
[01:17:58] [51/326] SXCB
[01:17:59] [52/326] BAHS
[01:18:00] [53/326] PCBI
[01:18:01] [54/326] PSSM
[01:18:02] [55/326] RCOK
[01:18:03] [56/326] SCPF
[01:18:04] [57/326] SSAS
[01:18:04] [58/326] EVMM
[01:18:05] [59/326] SYCB
[01:18:06] [60/326] GCKI
[01:18:07] 🔄 Identity reset
[01:18:07] 🔄 Identity rotated (every 10 requests)
[01:18:08] [61/326] IAET
[01:18:09] [62/326] DDTD
[01:18:10] [63/326] GMDH
[01:18:10] [64/326] STLE
[01:18:11] [65/326] JTRA
[01:18:13] [66/326] RPPA
[01:18:14] [67/326] ARUT
[01:18:15] [68/326] JTVM
[01:18:16] [69/326] SWRH
[01:18:17] [70/326] DCPC
[01:18:18] 🔄 Identity reset
[01:18:18] 🔄 Identity rotated (every 10 requests)
[01:18:19] [71/326] RAPR
[01:18:19] [72/326] GCRT
[01:18:20] [73/326] ATUN
[01:18:21] [74/326] LTRM
[01:18:22] [75/326] TASR
[01:18:23] [76/326] RLLC
[01:18:24] [77/326] MABI
[01:18:25] [78/326] SVHB
[01:18:25] [79/326] NVTB
[01:18:26] [80/326] KCKG
[01:18:27] 🔄 Identity reset
[01:18:27] 🔄 Identity rotated (every 10 requests)
[01:18:27] [81/326] SSRN
[01:18:29] [82/326] VDDC
[01:18:29] [83/326] GKTK
[01:18:30] [84/326] YFSN
[01:18:31] [85/326] GCSG
[01:18:32] [86/326] ESSM
[01:18:33] [87/326] KRIH
[01:18:34] [88/326] GCDS
[01:18:35] [89/326] CCSH
[01:18:36] [90/326] ACSK
[01:18:37] 🔄 Identity reset
[01:18:37] 🔄 Identity rotated (every 10 requests)
[01:18:37] [91/326] APRK
[01:18:38] [92/326] ADKM
[01:18:39] [93/326] SRDM
[01:18:40] [94/326] SJMY
[01:18:41] [95/326] PGGC
[01:18:42] [96/326] INGM
[01:18:43] [97/326] LSCB
[01:18:43] [98/326] STAD
[01:18:44] [99/326] MCCR
[01:18:45] [100/326] ABCC
[01:18:46] 🔄 Identity reset
[01:18:46] 🔄 Identity rotated (every 10 requests)
[01:18:46] [101/326] RKCC
[01:18:47] [102/326] RTCR
[01:18:48] [103/326] GGBC
[01:18:49] [104/326] GCSD
[01:18:50] [105/326] LPTY
[01:18:50] [106/326] MCFD
[01:18:51] [107/326] HENN
[01:18:52] [108/326] SMKU
[01:18:53] [109/326] TNZC
[01:18:54] [110/326] DRCD
[01:18:55] 🔄 Identity reset
[01:18:55] 🔄 Identity rotated (every 10 requests)
[01:18:56] [111/326] DLCD
[01:18:57] [112/326] RCDA
[01:18:57] [113/326] COSM
[01:18:58] [114/326] MCMJ
[01:18:59] [115/326] CSTR
[01:19:00] [116/326] CVDK
[01:19:01] [117/326] INRR
[01:19:02] [118/326] RJRT
[01:19:03] [119/326] IRMR
[01:19:04] [120/326] SRCF
[01:19:04] 🔄 Identity reset
[01:19:04] 🔄 Identity rotated (every 10 requests)
[01:19:05] [121/326] GRCR
[01:19:06] [122/326] SURC
[01:19:06] [123/326] NMNH
[01:19:07] [124/326] SVBL
[01:19:08] [125/326] KACI
[01:19:09] [126/326] TDGO
[01:19:10] [127/326] KTBR
[01:19:10] [128/326] PMAD
[01:19:12] [129/326] CCPN
[01:19:13] [130/326] SBTK
[01:19:13] 🔄 Identity reset
[01:19:13] 🔄 Identity rotated (every 10 requests)
[01:19:14] [131/326] LMDK
[01:19:15] [132/326] PGDA
[01:19:15] [133/326] SRML
[01:19:16] [134/326] EVCK
[01:19:17] [135/326] RTTK
[01:19:18] [136/326] SRTU
[01:19:19] [137/326] VRSA
[01:19:21] [138/326] VARS
[01:19:22] [139/326] DSCZ
[01:19:23] [140/326] GAGA
[01:19:24] 🔄 Identity reset
[01:19:24] 🔄 Identity rotated (every 10 requests)
[01:19:24] [141/326] SARV
[01:19:25] [142/326] SEEG
[01:19:26] [143/326] GLCA
[01:19:27] [144/326] APAS
[01:19:27] [145/326] VCIA
[01:19:28] [146/326] SJTA
[01:19:29] [147/326] SABM
[01:19:30] [148/326] PPAG
[01:19:31] [149/326] RVCA
[01:19:32] [150/326] CCIA
[01:19:32] 🔄 Identity reset
[01:19:32] 🔄 Identity rotated (every 10 requests)
[01:19:33] [151/326] HTAG
[01:19:34] [152/326] SMBI
[01:19:34] [153/326] MCJR
[01:19:35] [154/326] CCJR
[01:19:36] [155/326] SINF
[01:19:37] [156/326] CPLX
[01:19:38] [157/326] KKTJ
[01:19:39] [158/326] GDBW
[01:19:39] [159/326] CSUB
[01:19:40] [160/326] DABA
[01:19:41] 🔄 Identity reset
[01:19:41] 🔄 Identity rotated (every 10 requests)
[01:19:41] [161/326] TITR
[01:19:42] [162/326] NYCR
[01:19:43] [163/326] RTRY
[01:19:44] [164/326] JTJL
[01:19:45] [165/326] SJCP
[01:19:46] [166/326] KCCA
[01:19:47] [167/326] MLPG
[01:19:48] [168/326] VRCK
[01:19:49] [169/326] SRIN
[01:19:50] [170/326] CXMK
[01:19:50] 🔄 Identity reset
[01:19:50] 🔄 Identity rotated (every 10 requests)
[01:19:51] [171/326] SKAD
[01:19:51] [172/326] AVTR
[01:19:52] [173/326] PTAJ
[01:19:53] [174/326] SCNK
[01:19:54] [175/326] STTI
[01:19:55] [176/326] KACR
[01:19:56] [177/326] SSDX
[01:19:56] [178/326] VRTJ
[01:19:58] [179/326] RAJD
[01:19:59] [180/326] SCIP
[01:20:00] 🔄 Identity reset
[01:20:00] 🔄 Identity rotated (every 10 requests)
[01:20:00] [181/326] RJSL
[01:20:01] [182/326] ARRS
[01:20:02] [183/326] ASMS
[01:20:03] [184/326] RDTS
[01:20:04] [185/326] DVMY
[01:20:05] [186/326] RASA
[01:20:05] [187/326] INOM
[01:20:06] [188/326] SPRS
[01:20:07] [189/326] SGCS
[01:20:08] [190/326] SALM
[01:20:09] 🔄 Identity reset
[01:20:09] 🔄 Identity rotated (every 10 requests)
[01:20:09] [191/326] PKHC
[01:20:10] [192/326] RCSV
[01:20:11] [193/326] CPKC
[01:20:12] [194/326] AACD
[01:20:13] [195/326] GGCV
[01:20:13] [196/326] SMKD
[01:20:15] [197/326] NBCH
[01:20:16] [198/326] AMCB
[01:20:17] [199/326] OPCN
[01:20:18] [200/326] DCIN
[01:20:19] 🔄 Identity reset
[01:20:19] 🔄 Identity rotated (every 10 requests)
[01:20:19] [201/326] INGW
[01:20:21] [202/326] PKKW
[01:20:21] [203/326] FNGW
[01:20:23] [204/326] GCGD
[01:20:24] [205/326] MSTW
[01:20:25] [206/326] KCCG
[01:20:25] [207/326] MRSS
[01:20:26] [208/326] CLCF
[01:20:27] [209/326] EETS
[01:20:28] [210/326] AATR
[01:20:29] 🔄 Identity reset
[01:20:29] 🔄 Identity rotated (every 10 requests)
[01:20:29] [211/326] CMMN
[01:20:30] [212/326] SCCJ
[01:20:31] [213/326] CDTK
[01:20:32] [214/326] AICP
[01:20:33] [215/326] FNBP
[01:20:34] [216/326] CBPB
[01:20:36] [217/326] CPAS
[01:20:37] [218/326] MAPM
[01:20:38] [219/326] PASD
[01:20:39] [220/326] JCMN
[01:20:39] 🔄 Identity reset
[01:20:39] 🔄 Identity rotated (every 10 requests)
[01:20:40] [221/326] MALB
[01:20:41] [222/326] SACG
[01:20:42] [223/326] DDRX
[01:20:43] [224/326] DDXB
[01:20:44] [225/326] RAMC
[01:20:44] [226/326] SANC
[01:20:45] [227/326] BCBP
[01:20:46] [228/326] ALPC
[01:20:47] [229/326] RBAC
[01:20:48] [230/326] RAJL
[01:20:49] 🔄 Identity reset
[01:20:49] 🔄 Identity rotated (every 10 requests)
[01:20:49] [231/326] MPDX
[01:20:50] [232/326] MUSC
[01:20:51] [233/326] VKMK
[01:20:52] [234/326] SKCG
[01:20:53] [235/326] ANCN
[01:20:54] [236/326] MMCJ
[01:20:55] [237/326] DCAK
[01:20:56] [238/326] SCKG
[01:20:57] [239/326] LMCK
[01:20:58] [240/326] CKKX
[01:20:58] 🔄 Identity reset
[01:20:58] 🔄 Identity rotated (every 10 requests)
[01:20:58] [241/326] ANKU
[01:20:59] [242/326] CSMD
[01:21:00] [243/326] MKMP
[01:21:01] [244/326] SVBG
[01:21:02] [245/326] ROOP
[01:21:03] [246/326] GDMT
[01:21:04] [247/326] FPPF
[01:21:04] [248/326] SFUU
[01:21:05] [249/326] ANCB
[01:21:06] [250/326] SMMC
[01:21:07] 🔄 Identity reset
[01:21:07] 🔄 Identity rotated (every 10 requests)
[01:21:07] [251/326] UGKT
[01:21:08] [252/326] JVRM
[01:21:09] [253/326] BATG
[01:21:10] [254/326] RATE
[01:21:11] [255/326] SKME
[01:21:12] [256/326] LMTP
[01:21:13] [257/326] TCBD
[01:21:14] [258/326] ESBD
[01:21:15] [259/326] GDCU
[01:21:15] [260/326] SNKT
[01:21:16] 🔄 Identity reset
[01:21:16] 🔄 Identity rotated (every 10 requests)
[01:21:16] [261/326] SRNK
[01:21:17] [262/326] SMED
[01:21:18] [263/326] CSQS
[01:21:19] [264/326] ALCS
[01:21:20] [265/326] KCKN
[01:21:21] [266/326] VCCL
[01:21:22] [267/326] MCDA
[01:21:23] [268/326] SHMI
[01:21:24] [269/326] SKHA
[01:21:25] [270/326] SVFK
[01:21:26] 🔄 Identity reset
[01:21:26] 🔄 Identity rotated (every 10 requests)
[01:21:26] [271/326] INVB
[01:21:27] [272/326] MELD
[01:21:28] [273/326] JTYS
[01:21:28] [274/326] INCM
[01:21:29] [275/326] MCDV
[01:21:30] [276/326] KSGK
[01:21:31] [277/326] ICMG
[01:21:32] [278/326] CSCV
[01:21:33] [279/326] STMD
[01:21:34] [280/326] STTR
[01:21:34] 🔄 Identity reset
[01:21:34] 🔄 Identity rotated (every 10 requests)
[01:21:35] [281/326] INVC
[01:21:36] [282/326] JTBL
[01:21:36] [283/326] SRVV
[01:21:37] [284/326] MAVC
[01:21:38] [285/326] SRPP
[01:21:39] [286/326] JGDM
[01:21:40] [287/326] MBSJ
[01:21:40] [288/326] SSLL
[01:21:41] [289/326] SLKP
[01:21:42] [290/326] NSRV
[01:21:43] 🔄 Identity reset
[01:21:43] 🔄 Identity rotated (every 10 requests)
[01:21:43] [291/326] UTDV
[01:21:44] [292/326] KICM
[01:21:45] [293/326] KCMD
[01:21:46] [294/326] TTPP
[01:21:47] [295/326] KMPV
[01:21:48] [296/326] SKTV
[01:21:49] [297/326] STCV
[01:21:50] [298/326] SRDA
[01:21:50] [299/326] JTSX
[01:21:51] [300/326] STBV
[01:21:52] 🔄 Identity reset
[01:21:52] 🔄 Identity rotated (every 10 requests)
[01:21:52] [301/326] APVZ
[01:21:53] [302/326] GSTV
[01:21:54] [303/326] NMVS
[01:21:55] [304/326] SKRT
[01:21:56] [305/326] RMDV
[01:21:57] [306/326] RATG
[01:21:59] [307/326] SJYV
[01:22:00] [308/326] NDGP
[01:22:00] [309/326] SNDG
[01:22:01] [310/326] INSR
[01:22:02] 🔄 Identity reset
[01:22:02] 🔄 Identity rotated (every 10 requests)
[01:22:02] [311/326] INSO
[01:22:03] [312/326] CCSI
[01:22:04] [313/326] RASM
[01:22:05] [314/326] NEWC
[01:22:06] [315/326] VSHL
[01:22:07] [316/326] BISW
[01:22:08] [317/326] GCNG
[01:22:08] [318/326] CWSC
[01:22:09] [319/326] SKAN
[01:22:10] [320/326] CCOA
[01:22:11] 🔄 Identity reset
[01:22:11] 🔄 Identity rotated (every 10 requests)
[01:22:11] [321/326] MCAJ
[01:22:12] [322/326] ACDE
[01:22:13] [323/326] AACM
[01:22:14] [324/326] JJCK
[01:22:15] [325/326] RCMO
[01:22:16] [326/326] GDAW
[01:22:17] ✅ DONE | Shows=0 | Movies=0
