[00:20:24] 🚀 BMS DAILY TRACKER STARTED (enhanced anti‑detection)
[00:20:24] [1/459] NECA
[00:20:25] 🧠 New identity created
[00:20:25] [2/459] BJLC
[00:20:25] [3/459] BASU
[00:20:26] [4/459] RUPI
[00:20:27] [5/459] LCBK
[00:20:28] [6/459] PMAC
[00:20:28] [7/459] AMLC
[00:20:29] [8/459] LICL
[00:20:29] [9/459] UDMM
[00:20:30] [10/459] STBZ
[00:20:31] 🔄 Identity reset
[00:20:31] 🔄 Identity rotated (every 10 requests)
[00:20:31] [11/459] UUBT
[00:20:31] [12/459] SJKC
[00:20:32] [13/459] TUAL
[00:20:33] [14/459] MRSE
[00:20:33] [15/459] RMRK
[00:20:34] [16/459] TTKP
[00:20:34] [17/459] KTKO
[00:20:35] [18/459] SDBK
[00:20:36] [19/459] MCPR
[00:20:36] [20/459] CHTI
[00:20:37] 🔄 Identity reset
[00:20:37] 🔄 Identity rotated (every 10 requests)
[00:20:37] [21/459] GCCP
[00:20:38] [22/459] SRMY
[00:20:39] [23/459] NYST
[00:20:39] [24/459] NYAG
[00:20:40] [25/459] SBMT
[00:20:40] [26/459] INGA
[00:20:41] [27/459] WSIC
[00:20:42] [28/459] SCSS
[00:20:42] [29/459] COPG
[00:20:43] [30/459] RCGR
[00:20:43] 🔄 Identity reset
[00:20:43] 🔄 Identity rotated (every 10 requests)
[00:20:44] [31/459] TCZA
[00:20:44] [32/459] CNLP
[00:20:45] [33/459] CLKN
[00:20:46] [34/459] LHDF
[00:20:46] [35/459] ELKC
[00:20:47] [36/459] VCEM
[00:20:48] [37/459] SSZA
[00:20:48] [38/459] KRMT
[00:20:49] [39/459] LCMV
[00:20:50] [40/459] AYCZ
[00:20:50] 🔄 Identity reset
[00:20:50] 🔄 Identity rotated (every 10 requests)
[00:20:51] [41/459] CUMS
[00:20:51] [42/459] BOCK
[00:20:52] [43/459] PNMR
[00:20:52] [44/459] PJCP
[00:20:53] [45/459] JDDD
[00:20:54] [46/459] STMS
[00:20:54] [47/459] FLMB
[00:20:55] [48/459] PKCM
[00:20:56] [49/459] SPPR
[00:20:56] [50/459] EYLH
[00:20:57] 🔄 Identity reset
[00:20:57] 🔄 Identity rotated (every 10 requests)
[00:20:57] [51/459] RJCC
[00:20:57] [52/459] MMPS
[00:20:58] [53/459] SHMX
[00:20:59] [54/459] CCNL
[00:21:00] [55/459] RCNV
[00:21:00] [56/459] MAAG
[00:21:01] [57/459] LXCM
[00:21:02] [58/459] RCNI
[00:21:02] [59/459] SNNI
[00:21:03] [60/459] LALC
[00:21:04] 🔄 Identity reset
[00:21:04] 🔄 Identity rotated (every 10 requests)
[00:21:04] [61/459] SOCN
[00:21:05] [62/459] JHTP
[00:21:05] [63/459] PITP
[00:21:06] [64/459] CCKW
[00:21:07] [65/459] MCMC
[00:21:07] [66/459] DEES
[00:21:08] [67/459] SABT
[00:21:09] [68/459] VSPP
[00:21:09] [69/459] ABCT
[00:21:10] [70/459] JVTB
[00:21:11] 🔄 Identity reset
[00:21:11] 🔄 Identity rotated (every 10 requests)
[00:21:11] [71/459] VCBD
[00:21:12] [72/459] RMGG
[00:21:12] [73/459] RNMH
[00:21:13] [74/459] SPGL
[00:21:14] [75/459] JTTR
[00:21:14] [76/459] SICS
[00:21:15] [77/459] SRMI
[00:21:16] [78/459] SSIJ
[00:21:16] [79/459] KFMT
[00:21:17] [80/459] VBIT
[00:21:18] 🔄 Identity reset
[00:21:18] 🔄 Identity rotated (every 10 requests)
[00:21:18] [81/459] JKCT
[00:21:18] [82/459] GCGP
[00:21:19] [83/459] GDCS
[00:21:20] [84/459] TRBA
[00:21:21] [85/459] QUST
[00:21:21] [86/459] VSHM
[00:21:22] [87/459] SDCP
[00:21:23] [88/459] SNVS
[00:21:24] [89/459] NYTO
[00:21:24] [90/459] URWC
[00:21:25] 🔄 Identity reset
[00:21:25] 🔄 Identity rotated (every 10 requests)
[00:21:25] [91/459] GTWH
[00:21:26] [92/459] PFCM
[00:21:26] [93/459] KRTA
[00:21:27] [94/459] AXMC
[00:21:28] [95/459] EVMC
[00:21:29] [96/459] HGSM
[00:21:30] [97/459] ACVM
[00:21:31] [98/459] PSKL
[00:21:32] [99/459] RDMP
[00:21:33] [100/459] RHGH
[00:21:33] 🔄 Identity reset
[00:21:33] 🔄 Identity rotated (every 10 requests)
[00:21:33] [101/459] OMCM
[00:21:34] [102/459] DCCP
[00:21:35] [103/459] MCPB
[00:21:35] [104/459] ALCI
[00:21:36] [105/459] BLMX
[00:21:37] [106/459] BTMV
[00:21:38] [107/459] FVPN
[00:21:38] [108/459] CMAR
[00:21:39] [109/459] CEIM
[00:21:40] [110/459] CMVA
[00:21:40] 🔄 Identity reset
[00:21:40] 🔄 Identity rotated (every 10 requests)
[00:21:41] [111/459] CPIV
[00:21:41] [112/459] CNPE
[00:21:42] [113/459] COLV
[00:21:43] [114/459] DNNV
[00:21:45] [115/459] HCAD
[00:21:45] [116/459] TAKA
[00:21:46] [117/459] INVD
[00:21:47] [118/459] IRMM
[00:21:48] [119/459] INSE
[00:21:48] [120/459] MRSW
[00:21:49] 🔄 Identity reset
[00:21:49] 🔄 Identity rotated (every 10 requests)
[00:21:49] [121/459] MCVD
[00:21:50] [122/459] MCSO
[00:21:51] [123/459] PEVM
[00:21:51] [124/459] PVNL
[00:21:52] [125/459] PTCV
[00:21:53] [126/459] PRTC
[00:21:53] [127/459] RCVA
[00:21:54] [128/459] MTBN
[00:21:54] [129/459] LUCP
[00:21:55] [130/459] FMPT
[00:21:56] 🔄 Identity reset
[00:21:56] 🔄 Identity rotated (every 10 requests)
[00:21:56] [131/459] JLSL
[00:21:57] [132/459] SBHA
[00:21:57] [133/459] SHRC
[00:21:58] [134/459] AVPS
[00:21:59] [135/459] STPM
[00:21:59] [136/459] ATRD
[00:22:00] [137/459] VTED
[00:22:01] [138/459] ACAI
[00:22:02] [139/459] SMAE
[00:22:03] [140/459] VMAT
[00:22:04] 🔄 Identity reset
[00:22:04] 🔄 Identity rotated (every 10 requests)
[00:22:04] [141/459] LKCT
[00:22:04] [142/459] JTVK
[00:22:05] [143/459] PRTY
[00:22:06] [144/459] GETT
[00:22:06] [145/459] ESAP
[00:22:07] [146/459] NCPM
[00:22:08] [147/459] PCPA
[00:22:09] [148/459] MMOM
[00:22:09] [149/459] PHUP
[00:22:10] [150/459] CCPI
[00:22:11] 🔄 Identity reset
[00:22:11] 🔄 Identity rotated (every 10 requests)
[00:22:11] 🔄 Retry 1/5 for CCPI in 2.7s
[00:22:11] 🔄 Identity reset
[00:22:14] 🧠 New identity created
[00:22:14] [151/459] CNTD
[00:22:14] [152/459] NLJR
[00:22:15] [153/459] SRNG
[00:22:16] [154/459] MHAL
[00:22:17] [155/459] PNSM
[00:22:17] [156/459] DRMY
[00:22:18] [157/459] CCMU
[00:22:19] [158/459] SCMY
[00:22:20] [159/459] PVSY
[00:22:20] 🔄 Identity reset
[00:22:20] 🔄 Identity rotated (every 10 requests)
[00:22:20] [160/459] SDLM
[00:22:21] [161/459] ICCM
[00:22:22] [162/459] PYSU
[00:22:22] [163/459] GATM
[00:22:23] [164/459] WOTM
[00:22:24] [165/459] RKTS
[00:22:25] [166/459] PMTY
[00:22:25] [167/459] LYMS
[00:22:26] [168/459] TGCA
[00:22:27] [169/459] DSTA
[00:22:27] 🔄 Identity reset
[00:22:27] 🔄 Identity rotated (every 10 requests)
[00:22:27] [170/459] CNGE
[00:22:28] [171/459] VSTG
[00:22:29] [172/459] GTCK
[00:22:30] [173/459] TGNT
[00:22:30] [174/459] ASLC
[00:22:31] [175/459] SSST
[00:22:32] [176/459] KBTT
[00:22:33] [177/459] HKCP
[00:22:34] [178/459] SWLC
[00:22:34] [179/459] RTND
[00:22:35] 🔄 Identity reset
[00:22:35] 🔄 Identity rotated (every 10 requests)
[00:22:35] [180/459] PKKT
[00:22:35] [181/459] HSTK
[00:22:36] [182/459] SPTT
[00:22:37] [183/459] IMPM
[00:22:37] [184/459] SCMV
[00:22:38] [185/459] SPCT
[00:22:39] [186/459] JBCA
[00:22:40] [187/459] ATTR
[00:22:40] [188/459] SPMT
[00:22:41] [189/459] LCTM
[00:22:42] 🔄 Identity reset
[00:22:42] 🔄 Identity rotated (every 10 requests)
[00:22:42] [190/459] SCVL
[00:22:43] [191/459] SCVT
[00:22:43] [192/459] KRIC
[00:22:44] [193/459] CTMG
[00:22:45] [194/459] ACNC
[00:22:45] [195/459] DMCK
[00:22:46] [196/459] KMTV
[00:22:47] [197/459] PFCJ
[00:22:48] [198/459] VNMD
[00:22:48] [199/459] VPCZ
[00:22:49] 🔄 Identity reset
[00:22:49] 🔄 Identity rotated (every 10 requests)
[00:22:49] [200/459] SRYR
[00:22:50] [201/459] SYTR
[00:22:51] [202/459] GATR
[00:22:51] [203/459] URTR
[00:22:52] [204/459] MKSM
[00:22:53] [205/459] VSMH
[00:22:54] [206/459] SKRJ
[00:22:54] [207/459] SSJR
[00:22:55] [208/459] SVSM
[00:22:56] [209/459] RUCM
[00:22:56] 🔄 Identity reset
[00:22:56] 🔄 Identity rotated (every 10 requests)
[00:22:56] [210/459] PRKN
[00:22:57] [211/459] RROH
[00:22:58] [212/459] SCTN
[00:22:58] [213/459] RTDM
[00:22:59] [214/459] ASRM
[00:23:00] [215/459] SKMD
[00:23:00] [216/459] SUTD
[00:23:01] [217/459] SADM
[00:23:02] [218/459] WCNR
[00:23:03] [219/459] CNED
[00:23:03] 🔄 Identity reset
[00:23:03] 🔄 Identity rotated (every 10 requests)
[00:23:04] [220/459] MPDB
[00:23:04] [221/459] KTBH
[00:23:05] [222/459] IDRM
[00:23:05] [223/459] PJJT
[00:23:06] [224/459] PFCV
[00:23:06] [225/459] AACT
[00:23:07] [226/459] AAAD
[00:23:08] [227/459] ANES
[00:23:09] [228/459] MNCA
[00:23:10] [229/459] RMGU
[00:23:11] 🔄 Identity reset
[00:23:11] 🔄 Identity rotated (every 10 requests)
[00:23:11] [230/459] DLCN
[00:23:12] [231/459] LJWT
[00:23:12] [232/459] MCBG
[00:23:13] [233/459] MYBG
[00:23:14] [234/459] GCCA
[00:23:14] [235/459] GCGA
[00:23:16] [236/459] ECGN
[00:23:16] [237/459] PRAB
[00:23:17] [238/459] PNMP
[00:23:18] [239/459] GCPT
[00:23:18] 🔄 Identity reset
[00:23:18] 🔄 Identity rotated (every 10 requests)
[00:23:19] [240/459] ROYN
[00:23:20] [241/459] VATM
[00:23:21] [242/459] KSNT
[00:23:21] [243/459] ACTC
[00:23:22] [244/459] PLTD
[00:23:23] [245/459] SKMK
[00:23:23] [246/459] CMTT
[00:23:24] [247/459] SMXP
[00:23:24] [248/459] SCMX
[00:23:25] [249/459] ACXN
[00:23:26] 🔄 Identity reset
[00:23:26] 🔄 Identity rotated (every 10 requests)
[00:23:26] [250/459] ASWT
[00:23:27] [251/459] VVVL
[00:23:27] [252/459] NAGO
[00:23:28] [253/459] SNCN
[00:23:29] [254/459] MCKP
[00:23:30] [255/459] SAMO
[00:23:30] [256/459] JBTV
[00:23:31] [257/459] DCVV
[00:23:32] [258/459] KMSV
[00:23:33] [259/459] KDCN
[00:23:33] 🔄 Identity reset
[00:23:33] 🔄 Identity rotated (every 10 requests)
[00:23:33] [260/459] CNCP
[00:23:34] [261/459] HAMC
[00:23:35] [262/459] CCVZ
[00:23:36] [263/459] NCCK
[00:23:37] [264/459] MCHR
[00:23:38] [265/459] SCHT
[00:23:39] [266/459] ESSH
[00:23:39] [267/459] CUJC
[00:23:40] [268/459] PECP
[00:23:40] [269/459] PMMI
[00:23:41] 🔄 Identity reset
[00:23:41] 🔄 Identity rotated (every 10 requests)
[00:23:41] [270/459] PCCH
[00:23:42] [271/459] PRPM
[00:23:43] [272/459] PVKL
[00:23:43] [273/459] CBSM
[00:23:44] [274/459] PVCZ
[00:23:45] [275/459] PCVV
[00:23:45] [276/459] CTMJ
[00:23:46] [277/459] RCPS
[00:23:47] [278/459] PCIT
[00:23:48] [279/459] FNCH
[00:23:49] 🔄 Identity reset
[00:23:49] 🔄 Identity rotated (every 10 requests)
[00:23:50] [280/459] INZD
[00:23:51] [281/459] INPC
[00:23:51] [282/459] LCZP
[00:23:52] [283/459] SMCB
[00:23:53] [284/459] PTSB
[00:23:54] [285/459] TPSI
[00:23:54] [286/459] KHMJ
[00:23:55] [287/459] RCCJ
[00:23:56] [288/459] NCJA
[00:23:57] [289/459] NCJN
[00:23:57] 🔄 Identity reset
[00:23:57] 🔄 Identity rotated (every 10 requests)
[00:23:58] [290/459] BTDP
[00:23:58] [291/459] PADY
[00:23:59] [292/459] NYBH
[00:24:00] [293/459] MTBR
[00:24:00] [294/459] KRBC
[00:24:01] [295/459] DKTI
[00:24:02] [296/459] ANAN
[00:24:03] [297/459] INBP
[00:24:04] [298/459] PATB
[00:24:05] [299/459] RGNT
[00:24:06] 🔄 Identity reset
[00:24:06] 🔄 Identity rotated (every 10 requests)
[00:24:06] [300/459] CGPM
[00:24:07] [301/459] INTN
[00:24:08] [302/459] MCMP
[00:24:08] [303/459] ASRG
[00:24:09] [304/459] CXJD
[00:24:10] [305/459] SPCP
[00:24:10] [306/459] CSTP
[00:24:11] [307/459] PKVC
[00:24:12] [308/459] ESCP
[00:24:13] [309/459] CAEP
[00:24:13] 🔄 Identity reset
[00:24:13] 🔄 Identity rotated (every 10 requests)
[00:24:13] [310/459] CCSP
[00:24:14] [311/459] KTPC
[00:24:15] [312/459] DACA
[00:24:16] [313/459] NVKY
[00:24:17] [314/459] PTIN
[00:24:17] [315/459] SCIN
[00:24:18] [316/459] MCTY
[00:24:19] [317/459] PCMX
[00:24:19] [318/459] INIC
[00:24:20] [319/459] MMZM
[00:24:20] 🔄 Identity reset
[00:24:20] 🔄 Identity rotated (every 10 requests)
[00:24:21] [320/459] SSLP
[00:24:21] [321/459] DTDT
[00:24:22] [322/459] FFCX
[00:24:23] [323/459] RCMM
[00:24:23] [324/459] KYID
[00:24:25] [325/459] CSCI
[00:24:25] [326/459] FCMC
[00:24:26] [327/459] MMXI
[00:24:27] [328/459] ASTC
[00:24:27] [329/459] CMRA
[00:24:28] 🔄 Identity reset
[00:24:28] 🔄 Identity rotated (every 10 requests)
[00:24:28] [330/459] DICI
[00:24:29] [331/459] KDIN
[00:24:29] [332/459] PRFI
[00:24:30] [333/459] SVFC
[00:24:31] [334/459] UCPL
[00:24:31] [335/459] COOC
[00:24:32] [336/459] SCAL
[00:24:33] [337/459] SVFF
[00:24:33] [338/459] VCMG
[00:24:34] [339/459] UUCT
[00:24:35] 🔄 Identity reset
[00:24:35] 🔄 Identity rotated (every 10 requests)
[00:24:35] [340/459] GCSE
[00:24:35] [341/459] SUSC
[00:24:37] [342/459] MISC
[00:24:38] [343/459] RMBL
[00:24:38] [344/459] CMXN
[00:24:39] [345/459] PVBK
[00:24:40] [346/459] HHCG
[00:24:41] [347/459] SCAG
[00:24:42] [348/459] CNPR
[00:24:42] [349/459] CSER
[00:24:43] 🔄 Identity reset
[00:24:43] 🔄 Identity rotated (every 10 requests)
[00:24:43] 🔄 Retry 1/5 for CSER in 2.5s
[00:24:43] 🔄 Identity reset
[00:24:45] 🧠 New identity created
[00:24:45] [350/459] HLWD
[00:24:46] [351/459] BOLY
[00:24:47] [352/459] SSPG
[00:24:47] [353/459] MUPX
[00:24:48] [354/459] HAMR
[00:24:49] [355/459] SDNC
[00:24:50] [356/459] RTEN
[00:24:50] [357/459] SDTD
[00:24:51] [358/459] KAWS
[00:24:52] 🔄 Identity reset
[00:24:52] 🔄 Identity rotated (every 10 requests)
[00:24:52] 🔄 Retry 1/5 for KAWS in 2.6s
[00:24:52] 🔄 Identity reset
[00:24:55] 🧠 New identity created
[00:24:55] [359/459] CMZX
[00:24:56] [360/459] DCDD
[00:24:56] [361/459] ALSN
[00:24:57] [362/459] IMXS
[00:24:58] [363/459] PVFF
[00:25:00] [364/459] PVOO
[00:25:00] [365/459] CFBS
[00:25:01] [366/459] PVER
[00:25:01] [367/459] PPNX
[00:25:02] 🔄 Identity reset
[00:25:02] 🔄 Identity rotated (every 10 requests)
[00:25:02] [368/459] CNRM
[00:25:03] [369/459] PVWW
[00:25:04] [370/459] INMB
[00:25:05] [371/459] CPJR
[00:25:05] [372/459] INRZ
[00:25:06] [373/459] PMSR
[00:25:06] [374/459] GPGM
[00:25:07] [375/459] PGWB
[00:25:08] [376/459] PMBR
[00:25:09] [377/459] GPAM
[00:25:09] 🔄 Identity reset
[00:25:09] 🔄 Identity rotated (every 10 requests)
[00:25:09] [378/459] INBC
[00:25:10] [379/459] PZVK
[00:25:11] [380/459] CPEB
[00:25:11] [381/459] FMLB
[00:25:12] [382/459] INBG
[00:25:13] [383/459] GPBR
[00:25:14] [384/459] PAAS
[00:25:15] [385/459] VTBR
[00:25:15] [386/459] GPMY
[00:25:16] [387/459] GYBU
[00:25:17] 🔄 Identity reset
[00:25:17] 🔄 Identity rotated (every 10 requests)
[00:25:17] [388/459] INBJ
[00:25:17] [389/459] LKTH
[00:25:18] [390/459] NSBR
[00:25:19] [391/459] PDRD
[00:25:20] [392/459] VRBL
[00:25:21] [393/459] VTGB
[00:25:22] [394/459] VTSK
[00:25:22] [395/459] BKDV
[00:25:23] [396/459] SVTB
[00:25:24] [397/459] MLDT
[00:25:25] 🔄 Identity reset
[00:25:25] 🔄 Identity rotated (every 10 requests)
[00:25:25] [398/459] NRBL
[00:25:26] [399/459] SLTR
[00:25:27] [400/459] VNKA
[00:25:28] [401/459] TDCA
[00:25:29] [402/459] INBM
[00:25:29] [403/459] SSNR
[00:25:30] [404/459] BHAC
[00:25:31] [405/459] SDSD
[00:25:31] [406/459] SAMP
[00:25:32] [407/459] RATK
[00:25:33] 🔄 Identity reset
[00:25:33] 🔄 Identity rotated (every 10 requests)
[00:25:34] [408/459] KCBI
[00:25:35] [409/459] URBL
[00:25:35] [410/459] MKBG
[00:25:36] [411/459] ASTB
[00:25:37] [412/459] VBWT
[00:25:37] [413/459] GPSM
[00:25:38] [414/459] ROON
[00:25:39] [415/459] CHTH
[00:25:40] [416/459] SSPA
[00:25:41] [417/459] ANBL
[00:25:41] 🔄 Identity reset
[00:25:41] 🔄 Identity rotated (every 10 requests)
[00:25:41] [418/459] VTBE
[00:25:42] [419/459] SVKT
[00:25:43] [420/459] SVYK
[00:25:44] [421/459] PTBK
[00:25:45] [422/459] RKTB
[00:25:45] [423/459] BALT
[00:25:46] [424/459] STSV
[00:25:47] [425/459] VCCB
[00:25:47] [426/459] SLTB
[00:25:48] [427/459] SBCR
[00:25:49] 🔄 Identity reset
[00:25:49] 🔄 Identity rotated (every 10 requests)
[00:25:49] [428/459] VDCS
[00:25:50] [429/459] MDKI
[00:25:52] [430/459] SMRN
[00:25:52] [431/459] PTBC
[00:25:53] [432/459] RADI
[00:25:53] [433/459] ADCR
[00:25:54] [434/459] SDCS
[00:25:55] [435/459] SRPJ
[00:25:56] [436/459] ARTS
[00:25:56] [437/459] SRHK
[00:25:57] 🔄 Identity reset
[00:25:57] 🔄 Identity rotated (every 10 requests)
[00:25:57] [438/459] SPAY
[00:25:58] [439/459] GPTB
[00:25:59] [440/459] SNNN
[00:25:59] [441/459] BALJ
[00:26:00] [442/459] TRIG
[00:26:01] [443/459] GTYT
[00:26:02] [444/459] ATGN
[00:26:02] [445/459] ANTE
[00:26:03] [446/459] BDCG
[00:26:04] [447/459] VECI
[00:26:05] 🔄 Identity reset
[00:26:05] 🔄 Identity rotated (every 10 requests)
[00:26:05] [448/459] SCPR
[00:26:06] [449/459] RTEA
[00:26:07] [450/459] JSAI
[00:26:07] [451/459] VJTP
[00:26:09] [452/459] GNDS
[00:26:10] [453/459] PAXA
[00:26:10] [454/459] CGGM
[00:26:11] [455/459] ACKZ
[00:26:12] [456/459] EMCC
[00:26:12] [457/459] KLSK
[00:26:13] 🔄 Identity reset
[00:26:13] 🔄 Identity rotated (every 10 requests)
[00:26:13] 🔄 Retry 1/5 for KLSK in 3.0s
[00:26:13] 🔄 Identity reset
[00:26:16] 🧠 New identity created
[00:26:16] [458/459] AVCK
[00:26:17] [459/459] JTCK
[00:26:18] ✅ DONE | Shows=3 | Movies=1
[01:17:02] 🚀 BMS DAILY TRACKER STARTED (enhanced anti‑detection)
[01:17:02] [1/459] NECA
[01:17:02] 🧠 New identity created
[01:17:03] [2/459] BJLC
[01:17:04] [3/459] BASU
[01:17:04] [4/459] RUPI
[01:17:05] [5/459] LCBK
[01:17:06] [6/459] PMAC
[01:17:07] [7/459] AMLC
[01:17:08] [8/459] LICL
[01:17:09] [9/459] UDMM
[01:17:09] [10/459] STBZ
[01:17:10] 🔄 Identity reset
[01:17:10] 🔄 Identity rotated (every 10 requests)
[01:17:10] [11/459] UUBT
[01:17:11] [12/459] SJKC
[01:17:12] [13/459] TUAL
[01:17:13] [14/459] MRSE
[01:17:14] [15/459] RMRK
[01:17:14] [16/459] TTKP
[01:17:15] [17/459] KTKO
[01:17:17] [18/459] SDBK
[01:17:18] [19/459] MCPR
[01:17:19] [20/459] CHTI
[01:17:19] 🔄 Identity reset
[01:17:19] 🔄 Identity rotated (every 10 requests)
[01:17:20] [21/459] GCCP
[01:17:21] [22/459] SRMY
[01:17:21] [23/459] NYST
[01:17:22] [24/459] NYAG
[01:17:23] [25/459] SBMT
[01:17:24] [26/459] INGA
[01:17:25] [27/459] WSIC
[01:17:26] [28/459] SCSS
[01:17:27] [29/459] COPG
[01:17:28] [30/459] RCGR
[01:17:29] 🔄 Identity reset
[01:17:29] 🔄 Identity rotated (every 10 requests)
[01:17:29] [31/459] TCZA
[01:17:30] [32/459] CNLP
[01:17:31] [33/459] CLKN
[01:17:32] [34/459] LHDF
[01:17:32] [35/459] ELKC
[01:17:33] [36/459] VCEM
[01:17:34] [37/459] SSZA
[01:17:35] [38/459] KRMT
[01:17:36] [39/459] LCMV
[01:17:37] [40/459] AYCZ
[01:17:37] 🔄 Identity reset
[01:17:37] 🔄 Identity rotated (every 10 requests)
[01:17:37] [41/459] CUMS
[01:17:38] [42/459] BOCK
[01:17:40] [43/459] PNMR
[01:17:41] [44/459] PJCP
[01:17:42] [45/459] JDDD
[01:17:42] [46/459] STMS
[01:17:43] [47/459] FLMB
[01:17:44] [48/459] PKCM
[01:17:45] [49/459] SPPR
[01:17:47] [50/459] EYLH
[01:17:48] 🔄 Identity reset
[01:17:48] 🔄 Identity rotated (every 10 requests)
[01:17:48] 🔄 Retry 1/5 for EYLH in 2.3s
[01:17:48] 🔄 Identity reset
[01:17:50] 🧠 New identity created
[01:17:50] [51/459] RJCC
[01:17:51] [52/459] MMPS
[01:17:52] [53/459] SHMX
[01:17:53] [54/459] CCNL
[01:17:54] [55/459] RCNV
[01:17:55] [56/459] MAAG
[01:17:56] [57/459] LXCM
[01:17:57] [58/459] RCNI
[01:17:58] [59/459] SNNI
[01:17:59] 🔄 Identity reset
[01:17:59] 🔄 Identity rotated (every 10 requests)
[01:17:59] [60/459] LALC
[01:18:00] [61/459] SOCN
[01:18:01] [62/459] JHTP
[01:18:01] [63/459] PITP
[01:18:02] [64/459] CCKW
[01:18:03] [65/459] MCMC
[01:18:04] [66/459] DEES
[01:18:05] [67/459] SABT
[01:18:06] [68/459] VSPP
[01:18:06] [69/459] ABCT
[01:18:07] 🔄 Identity reset
[01:18:07] 🔄 Identity rotated (every 10 requests)
[01:18:07] [70/459] JVTB
[01:18:08] [71/459] VCBD
[01:18:09] [72/459] RMGG
[01:18:11] [73/459] RNMH
[01:18:12] [74/459] SPGL
[01:18:13] [75/459] JTTR
[01:18:13] [76/459] SICS
[01:18:14] [77/459] SRMI
[01:18:16] [78/459] SSIJ
[01:18:16] [79/459] KFMT
[01:18:17] 🔄 Identity reset
[01:18:17] 🔄 Identity rotated (every 10 requests)
[01:18:17] [80/459] VBIT
[01:18:18] [81/459] JKCT
[01:18:19] [82/459] GCGP
[01:18:20] [83/459] GDCS
[01:18:21] [84/459] TRBA
[01:18:22] [85/459] QUST
[01:18:23] [86/459] VSHM
[01:18:23] [87/459] SDCP
[01:18:24] [88/459] SNVS
[01:18:25] [89/459] NYTO
[01:18:26] 🔄 Identity reset
[01:18:26] 🔄 Identity rotated (every 10 requests)
[01:18:26] [90/459] URWC
[01:18:27] [91/459] GTWH
[01:18:28] [92/459] PFCM
[01:18:29] [93/459] KRTA
[01:18:31] [94/459] AXMC
[01:18:32] [95/459] EVMC
[01:18:33] [96/459] HGSM
[01:18:34] [97/459] ACVM
[01:18:34] [98/459] PSKL
[01:18:36] [99/459] RDMP
[01:18:37] 🔄 Identity reset
[01:18:37] 🔄 Identity rotated (every 10 requests)
[01:18:37] [100/459] RHGH
[01:18:38] [101/459] OMCM
[01:18:38] [102/459] DCCP
[01:18:39] [103/459] MCPB
[01:18:40] [104/459] ALCI
[01:18:41] [105/459] BLMX
[01:18:42] [106/459] BTMV
[01:18:43] [107/459] FVPN
[01:18:44] [108/459] CMAR
[01:18:45] [109/459] CEIM
[01:18:45] 🔄 Identity reset
[01:18:45] 🔄 Identity rotated (every 10 requests)
[01:18:46] [110/459] CMVA
[01:18:47] [111/459] CPIV
[01:18:48] [112/459] CNPE
[01:18:49] [113/459] COLV
[01:18:50] [114/459] DNNV
[01:18:51] [115/459] HCAD
[01:18:51] [116/459] TAKA
[01:18:52] [117/459] INVD
[01:18:53] [118/459] IRMM
[01:18:54] [119/459] INSE
[01:18:54] 🔄 Identity reset
[01:18:54] 🔄 Identity rotated (every 10 requests)
[01:18:55] [120/459] MRSW
[01:18:56] [121/459] MCVD
[01:18:57] [122/459] MCSO
[01:18:57] [123/459] PEVM
[01:18:58] [124/459] PVNL
[01:18:59] [125/459] PTCV
[01:19:00] [126/459] PRTC
[01:19:01] [127/459] RCVA
[01:19:02] [128/459] MTBN
[01:19:02] [129/459] LUCP
[01:19:03] 🔄 Identity reset
[01:19:03] 🔄 Identity rotated (every 10 requests)
[01:19:03] [130/459] FMPT
[01:19:04] [131/459] JLSL
[01:19:05] [132/459] SBHA
[01:19:06] [133/459] SHRC
[01:19:07] [134/459] AVPS
[01:19:08] [135/459] STPM
[01:19:09] [136/459] ATRD
[01:19:09] [137/459] VTED
[01:19:10] [138/459] ACAI
[01:19:11] [139/459] SMAE
[01:19:12] 🔄 Identity reset
[01:19:12] 🔄 Identity rotated (every 10 requests)
[01:19:12] [140/459] VMAT
[01:19:13] [141/459] LKCT
[01:19:14] [142/459] JTVK
[01:19:15] [143/459] PRTY
[01:19:16] [144/459] GETT
[01:19:16] [145/459] ESAP
[01:19:17] [146/459] NCPM
[01:19:18] [147/459] PCPA
[01:19:20] [148/459] MMOM
[01:19:21] [149/459] PHUP
[01:19:21] 🔄 Identity reset
[01:19:21] 🔄 Identity rotated (every 10 requests)
[01:19:22] [150/459] CCPI
[01:19:23] [151/459] CNTD
[01:19:24] [152/459] NLJR
[01:19:24] [153/459] SRNG
[01:19:25] [154/459] MHAL
[01:19:27] [155/459] PNSM
[01:19:28] [156/459] DRMY
[01:19:28] [157/459] CCMU
[01:19:29] [158/459] SCMY
[01:19:30] [159/459] PVSY
[01:19:31] 🔄 Identity reset
[01:19:31] 🔄 Identity rotated (every 10 requests)
[01:19:31] [160/459] SDLM
[01:19:32] [161/459] ICCM
[01:19:33] [162/459] PYSU
[01:19:34] [163/459] GATM
[01:19:35] [164/459] WOTM
[01:19:35] [165/459] RKTS
[01:19:36] [166/459] PMTY
[01:19:37] [167/459] LYMS
[01:19:38] [168/459] TGCA
[01:19:39] [169/459] DSTA
[01:19:39] 🔄 Identity reset
[01:19:39] 🔄 Identity rotated (every 10 requests)
[01:19:40] [170/459] CNGE
[01:19:40] [171/459] VSTG
[01:19:41] [172/459] GTCK
[01:19:43] [173/459] TGNT
[01:19:44] [174/459] ASLC
[01:19:45] [175/459] SSST
[01:19:46] [176/459] KBTT
[01:19:47] [177/459] HKCP
[01:19:48] [178/459] SWLC
[01:19:48] [179/459] RTND
[01:19:49] 🔄 Identity reset
[01:19:49] 🔄 Identity rotated (every 10 requests)
[01:19:49] [180/459] PKKT
[01:19:50] [181/459] HSTK
[01:19:51] [182/459] SPTT
[01:19:52] [183/459] IMPM
[01:19:53] [184/459] SCMV
[01:19:54] [185/459] SPCT
[01:19:55] [186/459] JBCA
[01:19:56] [187/459] ATTR
[01:19:57] [188/459] SPMT
[01:19:59] [189/459] LCTM
[01:19:59] 🔄 Identity reset
[01:19:59] 🔄 Identity rotated (every 10 requests)
[01:20:00] [190/459] SCVL
[01:20:01] [191/459] SCVT
[01:20:02] [192/459] KRIC
[01:20:04] [193/459] CTMG
[01:20:05] [194/459] ACNC
[01:20:05] [195/459] DMCK
[01:20:06] [196/459] KMTV
[01:20:07] [197/459] PFCJ
[01:20:08] [198/459] VNMD
[01:20:09] [199/459] VPCZ
[01:20:10] 🔄 Identity reset
[01:20:10] 🔄 Identity rotated (every 10 requests)
[01:20:10] [200/459] SRYR
[01:20:11] [201/459] SYTR
[01:20:13] [202/459] GATR
[01:20:13] [203/459] URTR
[01:20:14] [204/459] MKSM
[01:20:15] [205/459] VSMH
[01:20:16] [206/459] SKRJ
[01:20:17] [207/459] SSJR
[01:20:19] [208/459] SVSM
[01:20:19] [209/459] RUCM
[01:20:20] 🔄 Identity reset
[01:20:20] 🔄 Identity rotated (every 10 requests)
[01:20:20] [210/459] PRKN
[01:20:21] [211/459] RROH
[01:20:22] [212/459] SCTN
[01:20:23] [213/459] RTDM
[01:20:24] [214/459] ASRM
[01:20:24] [215/459] SKMD
[01:20:25] [216/459] SUTD
[01:20:26] [217/459] SADM
[01:20:27] [218/459] WCNR
[01:20:28] [219/459] CNED
[01:20:29] 🔄 Identity reset
[01:20:29] 🔄 Identity rotated (every 10 requests)
[01:20:30] [220/459] MPDB
[01:20:31] [221/459] KTBH
[01:20:32] [222/459] IDRM
[01:20:33] [223/459] PJJT
[01:20:34] [224/459] PFCV
[01:20:36] [225/459] AACT
[01:20:37] [226/459] AAAD
[01:20:38] [227/459] ANES
[01:20:38] [228/459] MNCA
[01:20:40] [229/459] RMGU
[01:20:40] 🔄 Identity reset
[01:20:40] 🔄 Identity rotated (every 10 requests)
[01:20:41] [230/459] DLCN
[01:20:42] [231/459] LJWT
[01:20:43] [232/459] MCBG
[01:20:44] [233/459] MYBG
[01:20:44] [234/459] GCCA
[01:20:45] [235/459] GCGA
[01:20:46] [236/459] ECGN
[01:20:48] [237/459] PRAB
[01:20:49] [238/459] PNMP
[01:20:49] [239/459] GCPT
[01:20:50] 🔄 Identity reset
[01:20:50] 🔄 Identity rotated (every 10 requests)
[01:20:50] [240/459] ROYN
[01:20:51] [241/459] VATM
[01:20:52] [242/459] KSNT
[01:20:53] [243/459] ACTC
[01:20:53] [244/459] PLTD
[01:20:54] [245/459] SKMK
[01:20:55] [246/459] CMTT
[01:20:56] [247/459] SMXP
[01:20:57] [248/459] SCMX
[01:20:58] [249/459] ACXN
[01:20:58] 🔄 Identity reset
[01:20:59] 🔄 Identity rotated (every 10 requests)
[01:20:59] [250/459] ASWT
[01:21:00] [251/459] VVVL
[01:21:00] [252/459] NAGO
[01:21:01] [253/459] SNCN
[01:21:02] [254/459] MCKP
[01:21:03] [255/459] SAMO
[01:21:04] [256/459] JBTV
[01:21:05] [257/459] DCVV
[01:21:06] [258/459] KMSV
[01:21:07] [259/459] KDCN
[01:21:08] 🔄 Identity reset
[01:21:08] 🔄 Identity rotated (every 10 requests)
[01:21:09] [260/459] CNCP
[01:21:10] [261/459] HAMC
[01:21:11] [262/459] CCVZ
[01:21:12] [263/459] NCCK
[01:21:12] [264/459] MCHR
[01:21:13] [265/459] SCHT
[01:21:14] [266/459] ESSH
[01:21:15] [267/459] CUJC
[01:21:17] [268/459] PECP
[01:21:18] [269/459] PMMI
[01:21:18] 🔄 Identity reset
[01:21:18] 🔄 Identity rotated (every 10 requests)
[01:21:19] [270/459] PCCH
[01:21:20] [271/459] PRPM
[01:21:21] [272/459] PVKL
[01:21:22] [273/459] CBSM
[01:21:23] [274/459] PVCZ
[01:21:24] [275/459] PCVV
[01:21:25] [276/459] CTMJ
[01:21:26] [277/459] RCPS
[01:21:27] [278/459] PCIT
[01:21:28] [279/459] FNCH
[01:21:29] 🔄 Identity reset
[01:21:29] 🔄 Identity rotated (every 10 requests)
[01:21:29] [280/459] INZD
[01:21:30] [281/459] INPC
[01:21:31] [282/459] LCZP
[01:21:32] [283/459] SMCB
[01:21:33] [284/459] PTSB
[01:21:34] [285/459] TPSI
[01:21:35] [286/459] KHMJ
[01:21:36] [287/459] RCCJ
[01:21:37] [288/459] NCJA
[01:21:37] [289/459] NCJN
[01:21:38] 🔄 Identity reset
[01:21:38] 🔄 Identity rotated (every 10 requests)
[01:21:38] [290/459] BTDP
[01:21:40] [291/459] PADY
[01:21:41] [292/459] NYBH
[01:21:42] [293/459] MTBR
[01:21:43] [294/459] KRBC
[01:21:44] [295/459] DKTI
[01:21:45] [296/459] ANAN
[01:21:46] [297/459] INBP
[01:21:47] [298/459] PATB
[01:21:48] [299/459] RGNT
[01:21:49] 🔄 Identity reset
[01:21:49] 🔄 Identity rotated (every 10 requests)
[01:21:49] [300/459] CGPM
[01:21:50] [301/459] INTN
[01:21:51] [302/459] MCMP
[01:21:52] [303/459] ASRG
[01:21:52] [304/459] CXJD
[01:21:53] [305/459] SPCP
[01:21:54] [306/459] CSTP
[01:21:55] [307/459] PKVC
[01:21:56] [308/459] ESCP
[01:21:57] [309/459] CAEP
[01:21:57] 🔄 Identity reset
[01:21:57] 🔄 Identity rotated (every 10 requests)
[01:21:58] [310/459] CCSP
[01:21:59] [311/459] KTPC
[01:21:59] [312/459] DACA
[01:22:00] [313/459] NVKY
[01:22:01] [314/459] PTIN
[01:22:02] [315/459] SCIN
[01:22:03] [316/459] MCTY
[01:22:04] [317/459] PCMX
[01:22:05] [318/459] INIC
[01:22:06] [319/459] MMZM
[01:22:06] 🔄 Identity reset
[01:22:06] 🔄 Identity rotated (every 10 requests)
[01:22:07] [320/459] SSLP
[01:22:08] [321/459] DTDT
[01:22:09] [322/459] FFCX
[01:22:09] [323/459] RCMM
[01:22:10] [324/459] KYID
[01:22:11] [325/459] CSCI
[01:22:12] [326/459] FCMC
[01:22:12] [327/459] MMXI
[01:22:13] [328/459] ASTC
[01:22:14] [329/459] CMRA
[01:22:15] 🔄 Identity reset
[01:22:15] 🔄 Identity rotated (every 10 requests)
[01:22:15] [330/459] DICI
[01:22:16] [331/459] KDIN
[01:22:17] [332/459] PRFI
[01:22:18] [333/459] SVFC
[01:22:19] [334/459] UCPL
[01:22:21] [335/459] COOC
[01:22:22] [336/459] SCAL
[01:22:23] [337/459] SVFF
[01:22:23] [338/459] VCMG
[01:22:24] [339/459] UUCT
[01:22:25] 🔄 Identity reset
[01:22:25] 🔄 Identity rotated (every 10 requests)
[01:22:25] [340/459] GCSE
[01:22:26] [341/459] SUSC
[01:22:27] [342/459] MISC
[01:22:28] [343/459] RMBL
[01:22:29] [344/459] CMXN
[01:22:29] [345/459] PVBK
[01:22:30] [346/459] HHCG
[01:22:31] [347/459] SCAG
[01:22:32] [348/459] CNPR
[01:22:33] [349/459] CSER
[01:22:34] 🔄 Identity reset
[01:22:34] 🔄 Identity rotated (every 10 requests)
[01:22:34] 🔄 Retry 1/5 for CSER in 3.0s
[01:22:34] 🔄 Identity reset
[01:22:37] 🧠 New identity created
[01:22:37] [350/459] HLWD
[01:22:38] [351/459] BOLY
[01:22:39] [352/459] SSPG
[01:22:40] [353/459] MUPX
[01:22:41] [354/459] HAMR
[01:22:42] [355/459] SDNC
[01:22:43] [356/459] RTEN
[01:22:44] [357/459] SDTD
[01:22:44] [358/459] KAWS
[01:22:45] 🔄 Identity reset
[01:22:45] 🔄 Identity rotated (every 10 requests)
[01:22:45] [359/459] CMZX
[01:22:46] [360/459] DCDD
[01:22:47] [361/459] ALSN
[01:22:48] [362/459] IMXS
[01:22:49] [363/459] PVFF
[01:22:50] [364/459] PVOO
[01:22:51] [365/459] CFBS
[01:22:52] [366/459] PVER
[01:22:53] [367/459] PPNX
[01:22:53] [368/459] CNRM
[01:22:54] 🔄 Identity reset
[01:22:54] 🔄 Identity rotated (every 10 requests)
[01:22:54] [369/459] PVWW
[01:22:55] [370/459] INMB
[01:22:56] [371/459] CPJR
[01:22:57] [372/459] INRZ
[01:22:59] [373/459] PMSR
[01:22:59] [374/459] GPGM
[01:23:00] [375/459] PGWB
[01:23:01] [376/459] PMBR
[01:23:02] [377/459] GPAM
[01:23:03] [378/459] INBC
[01:23:04] 🔄 Identity reset
[01:23:04] 🔄 Identity rotated (every 10 requests)
[01:23:04] [379/459] PZVK
[01:23:05] [380/459] CPEB
[01:23:06] [381/459] FMLB
[01:23:07] [382/459] INBG
[01:23:07] [383/459] GPBR
[01:23:08] [384/459] PAAS
[01:23:09] [385/459] VTBR
[01:23:10] [386/459] GPMY
[01:23:11] [387/459] GYBU
[01:23:12] [388/459] INBJ
[01:23:13] 🔄 Identity reset
[01:23:13] 🔄 Identity rotated (every 10 requests)
[01:23:13] 🔄 Retry 1/5 for INBJ in 2.4s
[01:23:13] 🔄 Identity reset
[01:23:15] 🧠 New identity created
[01:23:16] [389/459] LKTH
[01:23:17] [390/459] NSBR
[01:23:18] [391/459] PDRD
[01:23:19] [392/459] VRBL
[01:23:19] [393/459] VTGB
[01:23:21] [394/459] VTSK
[01:23:21] [395/459] BKDV
[01:23:23] [396/459] SVTB
[01:23:24] [397/459] MLDT
[01:23:25] 🔄 Identity reset
[01:23:25] 🔄 Identity rotated (every 10 requests)
[01:23:25] [398/459] NRBL
[01:23:26] [399/459] SLTR
[01:23:27] [400/459] VNKA
[01:23:28] [401/459] TDCA
[01:23:29] [402/459] INBM
[01:23:29] [403/459] SSNR
[01:23:31] [404/459] BHAC
[01:23:32] [405/459] SDSD
[01:23:33] [406/459] SAMP
[01:23:34] [407/459] RATK
[01:23:35] 🔄 Identity reset
[01:23:35] 🔄 Identity rotated (every 10 requests)
[01:23:35] [408/459] KCBI
[01:23:36] [409/459] URBL
[01:23:37] [410/459] MKBG
[01:23:38] [411/459] ASTB
[01:23:39] [412/459] VBWT
[01:23:40] [413/459] GPSM
[01:23:40] [414/459] ROON
[01:23:41] [415/459] CHTH
[01:23:42] [416/459] SSPA
[01:23:43] [417/459] ANBL
[01:23:44] 🔄 Identity reset
[01:23:44] 🔄 Identity rotated (every 10 requests)
[01:23:45] [418/459] VTBE
[01:23:46] [419/459] SVKT
[01:23:47] [420/459] SVYK
[01:23:48] [421/459] PTBK
[01:23:48] [422/459] RKTB
[01:23:49] [423/459] BALT
[01:23:50] [424/459] STSV
[01:23:51] [425/459] VCCB
[01:23:52] [426/459] SLTB
[01:23:53] [427/459] SBCR
[01:23:54] 🔄 Identity reset
[01:23:54] 🔄 Identity rotated (every 10 requests)
[01:23:54] [428/459] VDCS
[01:23:55] [429/459] MDKI
[01:23:56] [430/459] SMRN
[01:23:57] [431/459] PTBC
[01:23:58] [432/459] RADI
[01:23:59] [433/459] ADCR
[01:24:00] [434/459] SDCS
[01:24:01] [435/459] SRPJ
[01:24:02] [436/459] ARTS
[01:24:03] [437/459] SRHK
[01:24:03] 🔄 Identity reset
[01:24:03] 🔄 Identity rotated (every 10 requests)
[01:24:04] [438/459] SPAY
[01:24:04] [439/459] GPTB
[01:24:06] [440/459] SNNN
[01:24:07] [441/459] BALJ
[01:24:07] [442/459] TRIG
[01:24:08] [443/459] GTYT
[01:24:09] [444/459] ATGN
[01:24:11] [445/459] ANTE
[01:24:11] [446/459] BDCG
[01:24:13] [447/459] VECI
[01:24:13] 🔄 Identity reset
[01:24:13] 🔄 Identity rotated (every 10 requests)
[01:24:14] [448/459] SCPR
[01:24:15] [449/459] RTEA
[01:24:16] [450/459] JSAI
[01:24:17] [451/459] VJTP
[01:24:18] [452/459] GNDS
[01:24:19] [453/459] PAXA
[01:24:20] [454/459] CGGM
[01:24:20] [455/459] ACKZ
[01:24:22] [456/459] EMCC
[01:24:23] [457/459] KLSK
[01:24:24] 🔄 Identity reset
[01:24:24] 🔄 Identity rotated (every 10 requests)
[01:24:24] [458/459] AVCK
[01:24:26] [459/459] JTCK
[01:24:26] ✅ DONE | Shows=4 | Movies=1
