[01:17:05] 🚀 BMS DAILY TRACKER STARTED (enhanced anti‑detection)
[01:17:05] [1/326] BSAT
[01:17:06] 🧠 New identity created
[01:17:06] [2/326] RSSM
[01:17:08] [3/326] GCTA
[01:17:09] [4/326] TOPN
[01:17:10] [5/326] MCUS
[01:17:11] [6/326] SHRL
[01:17:12] [7/326] UPTP
[01:17:13] [8/326] TMMP
[01:17:14] [9/326] DNRP
[01:17:15] [10/326] SRLT
[01:17:16] 🔄 Identity reset
[01:17:16] 🔄 Identity rotated (every 10 requests)
[01:17:16] 🔄 Retry 1/5 for SRLT in 2.9s
[01:17:16] 🔄 Identity reset
[01:17:19] 🧠 New identity created
[01:17:19] 🔄 Retry 2/5 for SRLT in 4.4s
[01:17:19] 🔄 Identity reset
[01:17:23] 🧠 New identity created
[01:17:25] [11/326] RCNS
[01:17:25] [12/326] DCBH
[01:17:26] [13/326] NAGJ
[01:17:27] [14/326] JVRC
[01:17:29] [15/326] KRJG
[01:17:30] [16/326] SRTJ
[01:17:31] [17/326] CMXM
[01:17:32] [18/326] STMI
[01:17:32] 🔄 Identity reset
[01:17:33] 🔄 Identity rotated (every 10 requests)
[01:17:33] [19/326] SLST
[01:17:34] [20/326] DTCN
[01:17:35] [21/326] STYN
[01:17:36] [22/326] SZVR
[01:17:37] [23/326] SRKO
[01:17:38] [24/326] JTGT
[01:17:39] [25/326] SVFD
[01:17:40] [26/326] SISD
[01:17:42] [27/326] ABDD
[01:17:42] [28/326] DRCA
[01:17:43] 🔄 Identity reset
[01:17:43] 🔄 Identity rotated (every 10 requests)
[01:17:43] [29/326] AVCS
[01:17:44] [30/326] MVKH
[01:17:45] [31/326] ACPR
[01:17:46] [32/326] STIP
[01:17:47] [33/326] MTRA
[01:17:48] [34/326] RMKH
[01:17:49] [35/326] NKRL
[01:17:50] [36/326] PCWN
[01:17:50] [37/326] BLMT
[01:17:51] [38/326] GDPG
[01:17:52] 🔄 Identity reset
[01:17:52] 🔄 Identity rotated (every 10 requests)
[01:17:52] [39/326] SRMX
[01:17:53] [40/326] JACP
[01:17:55] [41/326] CPSH
[01:17:56] [42/326] MCCD
[01:17:56] [43/326] ECGH
[01:17:57] [44/326] MKCK
[01:17:58] [45/326] SRMM
[01:17:59] [46/326] SKYR
[01:18:00] [47/326] PCKC
[01:18:01] [48/326] JCMA
[01:18:02] 🔄 Identity reset
[01:18:02] 🔄 Identity rotated (every 10 requests)
[01:18:03] [49/326] BSMP
[01:18:04] [50/326] VSPA
[01:18:05] [51/326] DJYA
[01:18:06] [52/326] DIMP
[01:18:07] [53/326] FXDR
[01:18:08] [54/326] SSRC
[01:18:09] [55/326] STHP
[01:18:10] [56/326] CPPD
[01:18:11] [57/326] FCLK
[01:18:12] [58/326] SCPP
[01:18:13] 🔄 Identity reset
[01:18:13] 🔄 Identity rotated (every 10 requests)
[01:18:13] 🔄 Retry 1/5 for SCPP in 2.7s
[01:18:13] 🔄 Identity reset
[01:18:16] 🧠 New identity created
[01:18:16] [59/326] DCMJ
[01:18:17] [60/326] RCCR
[01:18:18] [61/326] INMT
[01:18:19] [62/326] LXTK
[01:18:20] [63/326] SRYK
[01:18:21] [64/326] SGDK
[01:18:22] [65/326] PPKA
[01:18:23] [66/326] SPKA
[01:18:23] [67/326] CGHH
[01:18:24] 🔄 Identity reset
[01:18:24] 🔄 Identity rotated (every 10 requests)
[01:18:24] [68/326] DCJN
[01:18:25] [69/326] SRKV
[01:18:26] [70/326] SAJC
[01:18:27] [71/326] SUSR
[01:18:28] [72/326] STYG
[01:18:29] [73/326] NTKP
[01:18:30] [74/326] AKTG
[01:18:31] [75/326] CGCM
[01:18:31] [76/326] TULC
[01:18:32] [77/326] NYYZ
[01:18:33] 🔄 Identity reset
[01:18:33] 🔄 Identity rotated (every 10 requests)
[01:18:33] [78/326] NYBW
[01:18:34] [79/326] MACB
[01:18:35] [80/326] SLVT
[01:18:36] [81/326] SANA
[01:18:37] [82/326] ACMR
[01:18:38] [83/326] CPKN
[01:18:39] [84/326] DLGK
[01:18:40] [85/326] CWCK
[01:18:41] [86/326] FDDH
[01:18:42] [87/326] MMMD
[01:18:43] 🔄 Identity reset
[01:18:43] 🔄 Identity rotated (every 10 requests)
[01:18:43] [88/326] CMEH
[01:18:45] [89/326] GGGV
[01:18:46] [90/326] SPJL
[01:18:47] [91/326] RCCD
[01:18:48] [92/326] STTZ
[01:18:49] [93/326] BTCF
[01:18:50] [94/326] TSTZ
[01:18:51] [95/326] IPMM
[01:18:52] [96/326] PMPW
[01:18:53] [97/326] PCMZ
[01:18:53] 🔄 Identity reset
[01:18:53] 🔄 Identity rotated (every 10 requests)
[01:18:54] [98/326] ESEM
[01:18:55] [99/326] PIPO
[01:18:56] [100/326] MATK
[01:18:57] [101/326] PGHM
[01:18:59] [102/326] CTSR
[01:19:00] [103/326] CYKR
[01:19:01] [104/326] MSCM
[01:19:02] [105/326] RFNP
[01:19:02] [106/326] PDCP
[01:19:03] [107/326] NPSE
[01:19:04] 🔄 Identity reset
[01:19:04] 🔄 Identity rotated (every 10 requests)
[01:19:04] [108/326] MKML
[01:19:05] [109/326] FTDP
[01:19:06] [110/326] MMXA
[01:19:07] [111/326] CEPO
[01:19:08] [112/326] CMVP
[01:19:09] [113/326] SGTH
[01:19:11] [114/326] SAYN
[01:19:12] [115/326] URVS
[01:19:13] [116/326] VJTN
[01:19:14] [117/326] BBYK
[01:19:14] 🔄 Identity reset
[01:19:14] 🔄 Identity rotated (every 10 requests)
[01:19:14] 🔄 Retry 1/5 for BBYK in 2.2s
[01:19:14] 🔄 Identity reset
[01:19:17] 🧠 New identity created
[01:19:17] [118/326] SHBO
[01:19:18] [119/326] VCMR
[01:19:19] [120/326] MACT
[01:19:20] [121/326] JMNP
[01:19:21] [122/326] VICS
[01:19:22] [123/326] VCDA
[01:19:23] [124/326] GCMM
[01:19:24] [125/326] INVS
[01:19:25] [126/326] SCGM
[01:19:26] 🔄 Identity reset
[01:19:26] 🔄 Identity rotated (every 10 requests)
[01:19:26] [127/326] PCDA
[01:19:28] [128/326] KDCT
[01:19:29] [129/326] JACS
[01:19:30] [130/326] GMMC
[01:19:31] [131/326] AICM
[01:19:32] [132/326] TJCM
[01:19:33] [133/326] RMTI
[01:19:34] [134/326] SHAC
[01:19:35] [135/326] APJC
[01:19:36] [136/326] GCTG
[01:19:36] 🔄 Identity reset
[01:19:36] 🔄 Identity rotated (every 10 requests)
[01:19:37] [137/326] SSMC
[01:19:38] [138/326] THRM
[01:19:39] [139/326] RBCT
[01:19:40] [140/326] DIKT
[01:19:41] [141/326] MIDL
[01:19:43] [142/326] VCSN
[01:19:44] [143/326] SKTG
[01:19:45] [144/326] SMWC
[01:19:46] [145/326] MNKH
[01:19:47] [146/326] PIAT
[01:19:47] 🔄 Identity reset
[01:19:47] 🔄 Identity rotated (every 10 requests)
[01:19:47] [147/326] LTTP
[01:19:48] [148/326] PTPU
[01:19:49] [149/326] ACMG
[01:19:51] [150/326] SHMM
[01:19:52] [151/326] MCMN
[01:19:53] [152/326] GLDC
[01:19:53] [153/326] HOUT
[01:19:54] [154/326] SVRP
[01:19:55] [155/326] PVDN
[01:19:56] [156/326] SCPY
[01:19:57] 🔄 Identity reset
[01:19:57] 🔄 Identity rotated (every 10 requests)
[01:19:57] [157/326] DTPY
[01:19:58] [158/326] GKCS
[01:19:59] [159/326] NCAM
[01:20:01] [160/326] BSRM
[01:20:02] [161/326] RCLC
[01:20:03] [162/326] SKKD
[01:20:04] [163/326] ACHU
[01:20:05] [164/326] RSCF
[01:20:05] [165/326] IMSH
[01:20:06] [166/326] MACX
[01:20:07] 🔄 Identity reset
[01:20:07] 🔄 Identity rotated (every 10 requests)
[01:20:07] 🔄 Retry 1/5 for MACX in 2.5s
[01:20:07] 🔄 Identity reset
[01:20:09] 🧠 New identity created
[01:20:11] [167/326] HMMW
[01:20:12] [168/326] JTCP
[01:20:14] [169/326] SREN
[01:20:15] [170/326] PJRR
[01:20:16] [171/326] INAC
[01:20:17] [172/326] BMCA
[01:20:17] [173/326] SHCB
[01:20:19] [174/326] GABA
[01:20:20] [175/326] SBCT
[01:20:21] 🔄 Identity reset
[01:20:21] 🔄 Identity rotated (every 10 requests)
[01:20:21] [176/326] GCMA
[01:20:22] [177/326] MYTK
[01:20:24] [178/326] INZS
[01:20:24] [179/326] RMIK
[01:20:25] [180/326] NYCH
[01:20:26] [181/326] RAVE
[01:20:27] [182/326] PSXM
[01:20:28] [183/326] MCGP
[01:20:29] [184/326] PDDK
[01:20:30] [185/326] SPCK
[01:20:31] 🔄 Identity reset
[01:20:31] 🔄 Identity rotated (every 10 requests)
[01:20:31] [186/326] MCRL
[01:20:32] [187/326] MHKT
[01:20:34] [188/326] ANRR
[01:20:35] [189/326] SAPK
[01:20:36] [190/326] NCUK
[01:20:37] [191/326] JUGA
[01:20:37] [192/326] DBSC
[01:20:38] [193/326] LALK
[01:20:39] [194/326] GUCK
[01:20:41] [195/326] STSG
[01:20:42] 🔄 Identity reset
[01:20:42] 🔄 Identity rotated (every 10 requests)
[01:20:42] [196/326] PPPZ
[01:20:43] [197/326] CNCY
[01:20:44] [198/326] MTAR
[01:20:45] [199/326] VNKD
[01:20:46] [200/326] KMAJ
[01:20:47] [201/326] ACXK
[01:20:48] [202/326] UTKC
[01:20:49] [203/326] PBLK
[01:20:50] [204/326] ACBX
[01:20:51] [205/326] PTGM
[01:20:51] 🔄 Identity reset
[01:20:51] 🔄 Identity rotated (every 10 requests)
[01:20:52] [206/326] BTDA
[01:20:52] [207/326] PJMB
[01:20:53] [208/326] TPDA
[01:20:55] [209/326] AMOE
[01:20:56] [210/326] PRHT
[01:20:57] [211/326] PRTA
[01:20:58] [212/326] STAM
[01:20:59] [213/326] MSAA
[01:21:00] [214/326] SDLU
[01:21:01] [215/326] RCHH
[01:21:01] 🔄 Identity reset
[01:21:01] 🔄 Identity rotated (every 10 requests)
[01:21:02] [216/326] KANT
[01:21:03] [217/326] FCRT
[01:21:03] [218/326] DNKM
[01:21:04] [219/326] RYCP
[01:21:05] [220/326] MYRP
[01:21:06] [221/326] PPAK
[01:21:07] [222/326] NVPK
[01:21:08] [223/326] PRMC
[01:21:09] [224/326] JBCS
[01:21:10] [225/326] GXCK
[01:21:10] 🔄 Identity reset
[01:21:10] 🔄 Identity rotated (every 10 requests)
[01:21:11] [226/326] USKO
[01:21:13] [227/326] GTEM
[01:21:14] [228/326] SMBU
[01:21:16] [229/326] VETC
[01:21:17] [230/326] LCDA
[01:21:18] [231/326] MTVT
[01:21:20] [232/326] PYCP
[01:21:22] [233/326] PNSC
[01:21:23] [234/326] PPCC
[01:21:24] [235/326] TGRT
[01:21:24] 🔄 Identity reset
[01:21:24] 🔄 Identity rotated (every 10 requests)
[01:21:25] [236/326] JYOT
[01:21:26] [237/326] SRCZ
[01:21:26] [238/326] SJTE
[01:21:27] [239/326] DESC
[01:21:28] [240/326] JHVN
[01:21:29] [241/326] IPSG
[01:21:30] [242/326] IPCM
[01:21:31] [243/326] PDRS
[01:21:32] [244/326] ANCV
[01:21:33] [245/326] CMVV
[01:21:33] 🔄 Identity reset
[01:21:33] 🔄 Identity rotated (every 10 requests)
[01:21:34] [246/326] SHYP
[01:21:35] [247/326] DNCS
[01:21:35] [248/326] GAJK
[01:21:37] [249/326] AKTN
[01:21:37] [250/326] KAYA
[01:21:38] [251/326] SBRC
[01:21:39] [252/326] CHTP
[01:21:40] [253/326] SHRT
[01:21:41] [254/326] BCKU
[01:21:42] [255/326] FCPS
[01:21:43] 🔄 Identity reset
[01:21:43] 🔄 Identity rotated (every 10 requests)
[01:21:43] [256/326] ARDD
[01:21:44] [257/326] CPCM
[01:21:46] [258/326] CGSM
[01:21:47] [259/326] PSMP
[01:21:48] [260/326] SDAL
[01:21:48] [261/326] RTNB
[01:21:49] [262/326] LMCR
[01:21:50] [263/326] CIMA
[01:21:51] [264/326] RNAS
[01:21:52] [265/326] LITH
[01:21:52] 🔄 Identity reset
[01:21:52] 🔄 Identity rotated (every 10 requests)
[01:21:53] [266/326] PBOX
[01:21:54] [267/326] FRTS
[01:21:55] [268/326] RKIC
[01:21:55] [269/326] PTAI
[01:21:56] [270/326] GCIC
[01:21:57] [271/326] FNAS
[01:21:58] [272/326] SCAR
[01:21:59] [273/326] MTCA
[01:22:00] [274/326] SCTS
[01:22:01] [275/326] SYCS
[01:22:02] 🔄 Identity reset
[01:22:02] 🔄 Identity rotated (every 10 requests)
[01:22:02] [276/326] RDMS
[01:22:03] [277/326] KAMP
[01:22:04] [278/326] ERSD
[01:22:05] [279/326] MJMJ
[01:22:06] [280/326] SRCJ
[01:22:07] [281/326] SCXE
[01:22:08] [282/326] SVFR
[01:22:10] [283/326] BHCS
[01:22:11] [284/326] IMCC
[01:22:12] [285/326] PCBO
[01:22:13] 🔄 Identity reset
[01:22:13] 🔄 Identity rotated (every 10 requests)
[01:22:13] [286/326] PRVN
[01:22:14] [287/326] AUPM
[01:22:15] [288/326] INBW
[01:22:16] [289/326] SVCW
[01:22:17] [290/326] RKCF
[01:22:18] [291/326] UVBH
[01:22:19] [292/326] DNCY
[01:22:20] [293/326] ABCN
[01:22:21] [294/326] PRUR
[01:22:22] [295/326] PFMR
[01:22:22] 🔄 Identity reset
[01:22:22] 🔄 Identity rotated (every 10 requests)
[01:22:23] [296/326] RKCN
[01:22:23] [297/326] CFEA
[01:22:25] [298/326] SDBG
[01:22:26] [299/326] SNAR
[01:22:27] [300/326] YISI
[01:22:28] [301/326] JCFF
[01:22:29] [302/326] VTRK
[01:22:30] [303/326] PCLZ
[01:22:31] [304/326] DIMY
[01:22:32] [305/326] BBTS
[01:22:32] 🔄 Identity reset
[01:22:32] 🔄 Identity rotated (every 10 requests)
[01:22:33] [306/326] GATH
[01:22:34] [307/326] GTMN
[01:22:34] [308/326] VTMH
[01:22:35] [309/326] CCKP
[01:22:36] [310/326] GPKA
[01:22:37] [311/326] MHCL
[01:22:38] [312/326] ATCL
[01:22:39] [313/326] SBCK
[01:22:40] [314/326] AMMR
[01:22:41] [315/326] MADC
[01:22:41] 🔄 Identity reset
[01:22:41] 🔄 Identity rotated (every 10 requests)
[01:22:42] [316/326] TMMA
[01:22:42] [317/326] CACC
[01:22:43] [318/326] CHAL
[01:22:44] [319/326] DURG
[01:22:45] [320/326] GMKU
[01:22:46] [321/326] GECA
[01:22:46] [322/326] KYRR
[01:22:47] [323/326] KSDE
[01:22:48] [324/326] LMCI
[01:22:49] [325/326] NKCP
[01:22:50] 🔄 Identity reset
[01:22:50] 🔄 Identity rotated (every 10 requests)
[01:22:51] [326/326] BGTC
[01:22:52] ✅ DONE | Shows=0 | Movies=0
[02:16:24] 🚀 BMS DAILY TRACKER STARTED (enhanced anti‑detection)
[02:16:24] [1/326] BSAT
[02:16:25] 🧠 New identity created
[02:16:25] [2/326] RSSM
[02:16:26] [3/326] GCTA
[02:16:26] [4/326] TOPN
[02:16:27] [5/326] MCUS
[02:16:28] [6/326] SHRL
[02:16:29] [7/326] UPTP
[02:16:29] [8/326] TMMP
[02:16:30] [9/326] DNRP
[02:16:31] [10/326] SRLT
[02:16:31] 🔄 Identity reset
[02:16:31] 🔄 Identity rotated (every 10 requests)
[02:16:31] [11/326] RCNS
[02:16:33] [12/326] DCBH
[02:16:34] [13/326] NAGJ
[02:16:34] [14/326] JVRC
[02:16:35] [15/326] KRJG
[02:16:36] [16/326] SRTJ
[02:16:37] [17/326] CMXM
[02:16:38] [18/326] STMI
[02:16:38] [19/326] SLST
[02:16:40] [20/326] DTCN
[02:16:41] 🔄 Identity reset
[02:16:41] 🔄 Identity rotated (every 10 requests)
[02:16:41] [21/326] STYN
[02:16:41] [22/326] SZVR
[02:16:42] [23/326] SRKO
[02:16:43] [24/326] JTGT
[02:16:44] [25/326] SVFD
[02:16:44] [26/326] SISD
[02:16:46] [27/326] ABDD
[02:16:47] [28/326] DRCA
[02:16:47] [29/326] AVCS
[02:16:48] [30/326] MVKH
[02:16:49] 🔄 Identity reset
[02:16:49] 🔄 Identity rotated (every 10 requests)
[02:16:49] [31/326] ACPR
[02:16:50] [32/326] STIP
[02:16:51] [33/326] MTRA
[02:16:52] [34/326] RMKH
[02:16:52] [35/326] NKRL
[02:16:53] [36/326] PCWN
[02:16:54] [37/326] BLMT
[02:16:55] [38/326] GDPG
[02:16:55] [39/326] SRMX
[02:16:56] [40/326] JACP
[02:16:56] 🔄 Identity reset
[02:16:56] 🔄 Identity rotated (every 10 requests)
[02:16:56] [41/326] CPSH
[02:16:57] [42/326] MCCD
[02:16:58] [43/326] ECGH
[02:16:59] [44/326] MKCK
[02:16:59] [45/326] SRMM
[02:17:00] [46/326] SKYR
[02:17:01] [47/326] PCKC
[02:17:01] [48/326] JCMA
[02:17:02] [49/326] BSMP
[02:17:03] [50/326] VSPA
[02:17:03] 🔄 Identity reset
[02:17:03] 🔄 Identity rotated (every 10 requests)
[02:17:04] [51/326] DJYA
[02:17:04] [52/326] DIMP
[02:17:05] [53/326] FXDR
[02:17:06] [54/326] SSRC
[02:17:07] [55/326] STHP
[02:17:08] [56/326] CPPD
[02:17:08] [57/326] FCLK
[02:17:09] [58/326] SCPP
[02:17:10] [59/326] DCMJ
[02:17:11] [60/326] RCCR
[02:17:12] 🔄 Identity reset
[02:17:12] 🔄 Identity rotated (every 10 requests)
[02:17:12] [61/326] INMT
[02:17:13] [62/326] LXTK
[02:17:14] [63/326] SRYK
[02:17:15] [64/326] SGDK
[02:17:16] [65/326] PPKA
[02:17:17] [66/326] SPKA
[02:17:18] [67/326] CGHH
[02:17:19] [68/326] DCJN
[02:17:20] [69/326] SRKV
[02:17:20] [70/326] SAJC
[02:17:21] 🔄 Identity reset
[02:17:21] 🔄 Identity rotated (every 10 requests)
[02:17:21] [71/326] SUSR
[02:17:22] [72/326] STYG
[02:17:23] [73/326] NTKP
[02:17:24] [74/326] AKTG
[02:17:24] [75/326] CGCM
[02:17:25] [76/326] TULC
[02:17:26] [77/326] NYYZ
[02:17:27] [78/326] NYBW
[02:17:27] [79/326] MACB
[02:17:28] [80/326] SLVT
[02:17:29] 🔄 Identity reset
[02:17:29] 🔄 Identity rotated (every 10 requests)
[02:17:29] [81/326] SANA
[02:17:30] [82/326] ACMR
[02:17:30] [83/326] CPKN
[02:17:31] [84/326] DLGK
[02:17:31] [85/326] CWCK
[02:17:32] [86/326] FDDH
[02:17:33] [87/326] MMMD
[02:17:33] [88/326] CMEH
[02:17:34] [89/326] GGGV
[02:17:35] [90/326] SPJL
[02:17:36] 🔄 Identity reset
[02:17:36] 🔄 Identity rotated (every 10 requests)
[02:17:36] [91/326] RCCD
[02:17:36] [92/326] STTZ
[02:17:37] [93/326] BTCF
[02:17:38] [94/326] TSTZ
[02:17:39] [95/326] IPMM
[02:17:40] [96/326] PMPW
[02:17:40] [97/326] PCMZ
[02:17:41] [98/326] ESEM
[02:17:42] [99/326] PIPO
[02:17:43] [100/326] MATK
[02:17:43] 🔄 Identity reset
[02:17:43] 🔄 Identity rotated (every 10 requests)
[02:17:43] [101/326] PGHM
[02:17:44] [102/326] CTSR
[02:17:45] [103/326] CYKR
[02:17:46] [104/326] MSCM
[02:17:46] [105/326] RFNP
[02:17:47] [106/326] PDCP
[02:17:48] [107/326] NPSE
[02:17:49] [108/326] MKML
[02:17:49] [109/326] FTDP
[02:17:50] [110/326] MMXA
[02:17:51] 🔄 Identity reset
[02:17:51] 🔄 Identity rotated (every 10 requests)
[02:17:51] [111/326] CEPO
[02:17:52] [112/326] CMVP
[02:17:53] [113/326] SGTH
[02:17:54] [114/326] SAYN
[02:17:54] [115/326] URVS
[02:17:55] [116/326] VJTN
[02:17:56] [117/326] BBYK
[02:17:57] [118/326] SHBO
[02:17:57] [119/326] VCMR
[02:17:58] [120/326] MACT
[02:17:58] 🔄 Identity reset
[02:17:58] 🔄 Identity rotated (every 10 requests)
[02:17:59] [121/326] JMNP
[02:18:00] [122/326] VICS
[02:18:00] [123/326] VCDA
[02:18:01] [124/326] GCMM
[02:18:02] [125/326] INVS
[02:18:03] [126/326] SCGM
[02:18:04] [127/326] PCDA
[02:18:04] [128/326] KDCT
[02:18:05] [129/326] JACS
[02:18:06] [130/326] GMMC
[02:18:07] 🔄 Identity reset
[02:18:07] 🔄 Identity rotated (every 10 requests)
[02:18:07] [131/326] AICM
[02:18:08] [132/326] TJCM
[02:18:08] [133/326] RMTI
[02:18:09] [134/326] SHAC
[02:18:10] [135/326] APJC
[02:18:11] [136/326] GCTG
[02:18:11] [137/326] SSMC
[02:18:12] [138/326] THRM
[02:18:13] [139/326] RBCT
[02:18:13] [140/326] DIKT
[02:18:14] 🔄 Identity reset
[02:18:14] 🔄 Identity rotated (every 10 requests)
[02:18:14] [141/326] MIDL
[02:18:15] [142/326] VCSN
[02:18:15] [143/326] SKTG
[02:18:16] [144/326] SMWC
[02:18:17] [145/326] MNKH
[02:18:18] [146/326] PIAT
[02:18:18] [147/326] LTTP
[02:18:20] [148/326] PTPU
[02:18:21] [149/326] ACMG
[02:18:21] [150/326] SHMM
[02:18:22] 🔄 Identity reset
[02:18:22] 🔄 Identity rotated (every 10 requests)
[02:18:22] [151/326] MCMN
[02:18:23] [152/326] GLDC
[02:18:24] [153/326] HOUT
[02:18:25] [154/326] SVRP
[02:18:26] [155/326] PVDN
[02:18:27] [156/326] SCPY
[02:18:27] [157/326] DTPY
[02:18:28] [158/326] GKCS
[02:18:29] [159/326] NCAM
[02:18:29] [160/326] BSRM
[02:18:30] 🔄 Identity reset
[02:18:30] 🔄 Identity rotated (every 10 requests)
[02:18:30] [161/326] RCLC
[02:18:31] [162/326] SKKD
[02:18:32] [163/326] ACHU
[02:18:33] [164/326] RSCF
[02:18:34] [165/326] IMSH
[02:18:35] [166/326] MACX
[02:18:35] [167/326] HMMW
[02:18:36] [168/326] JTCP
[02:18:37] [169/326] SREN
[02:18:38] [170/326] PJRR
[02:18:39] 🔄 Identity reset
[02:18:39] 🔄 Identity rotated (every 10 requests)
[02:18:39] [171/326] INAC
[02:18:40] [172/326] BMCA
[02:18:40] [173/326] SHCB
[02:18:41] [174/326] GABA
[02:18:42] [175/326] SBCT
[02:18:42] [176/326] GCMA
[02:18:43] [177/326] MYTK
[02:18:44] [178/326] INZS
[02:18:45] [179/326] RMIK
[02:18:45] [180/326] NYCH
[02:18:46] 🔄 Identity reset
[02:18:46] 🔄 Identity rotated (every 10 requests)
[02:18:47] [181/326] RAVE
[02:18:48] [182/326] PSXM
[02:18:48] [183/326] MCGP
[02:18:49] [184/326] PDDK
[02:18:50] [185/326] SPCK
[02:18:51] [186/326] MCRL
[02:18:51] [187/326] MHKT
[02:18:53] [188/326] ANRR
[02:18:53] [189/326] SAPK
[02:18:54] [190/326] NCUK
[02:18:54] 🔄 Identity reset
[02:18:54] 🔄 Identity rotated (every 10 requests)
[02:18:55] [191/326] JUGA
[02:18:55] [192/326] DBSC
[02:18:56] [193/326] LALK
[02:18:57] [194/326] GUCK
[02:18:57] [195/326] STSG
[02:18:58] [196/326] PPPZ
[02:18:59] [197/326] CNCY
[02:18:59] [198/326] MTAR
[02:19:00] [199/326] VNKD
[02:19:01] [200/326] KMAJ
[02:19:02] 🔄 Identity reset
[02:19:02] 🔄 Identity rotated (every 10 requests)
[02:19:02] [201/326] ACXK
[02:19:03] [202/326] UTKC
[02:19:04] [203/326] PBLK
[02:19:05] [204/326] ACBX
[02:19:06] [205/326] PTGM
[02:19:06] [206/326] BTDA
[02:19:08] [207/326] PJMB
[02:19:09] [208/326] TPDA
[02:19:09] [209/326] AMOE
[02:19:10] [210/326] PRHT
[02:19:11] 🔄 Identity reset
[02:19:11] 🔄 Identity rotated (every 10 requests)
[02:19:11] [211/326] PRTA
[02:19:12] [212/326] STAM
[02:19:13] [213/326] MSAA
[02:19:13] [214/326] SDLU
[02:19:14] [215/326] RCHH
[02:19:15] [216/326] KANT
[02:19:16] [217/326] FCRT
[02:19:16] [218/326] DNKM
[02:19:17] [219/326] RYCP
[02:19:18] [220/326] MYRP
[02:19:18] 🔄 Identity reset
[02:19:18] 🔄 Identity rotated (every 10 requests)
[02:19:18] [221/326] PPAK
[02:19:19] [222/326] NVPK
[02:19:20] [223/326] PRMC
[02:19:21] [224/326] JBCS
[02:19:22] [225/326] GXCK
[02:19:22] [226/326] USKO
[02:19:23] [227/326] GTEM
[02:19:24] [228/326] SMBU
[02:19:25] [229/326] VETC
[02:19:25] [230/326] LCDA
[02:19:26] 🔄 Identity reset
[02:19:26] 🔄 Identity rotated (every 10 requests)
[02:19:26] [231/326] MTVT
[02:19:27] [232/326] PYCP
[02:19:28] [233/326] PNSC
[02:19:29] [234/326] PPCC
[02:19:29] [235/326] TGRT
[02:19:30] [236/326] JYOT
[02:19:31] [237/326] SRCZ
[02:19:32] [238/326] SJTE
[02:19:33] [239/326] DESC
[02:19:33] [240/326] JHVN
[02:19:34] 🔄 Identity reset
[02:19:34] 🔄 Identity rotated (every 10 requests)
[02:19:34] [241/326] IPSG
[02:19:35] [242/326] IPCM
[02:19:36] [243/326] PDRS
[02:19:37] [244/326] ANCV
[02:19:38] [245/326] CMVV
[02:19:39] [246/326] SHYP
[02:19:40] [247/326] DNCS
[02:19:41] [248/326] GAJK
[02:19:42] [249/326] AKTN
[02:19:42] [250/326] KAYA
[02:19:43] 🔄 Identity reset
[02:19:43] 🔄 Identity rotated (every 10 requests)
[02:19:43] [251/326] SBRC
[02:19:44] [252/326] CHTP
[02:19:45] [253/326] SHRT
[02:19:45] [254/326] BCKU
[02:19:46] [255/326] FCPS
[02:19:47] [256/326] ARDD
[02:19:48] [257/326] CPCM
[02:19:48] [258/326] CGSM
[02:19:49] [259/326] PSMP
[02:19:49] [260/326] SDAL
[02:19:50] 🔄 Identity reset
[02:19:50] 🔄 Identity rotated (every 10 requests)
[02:19:50] [261/326] RTNB
[02:19:51] [262/326] LMCR
[02:19:52] [263/326] CIMA
[02:19:53] [264/326] RNAS
[02:19:53] [265/326] LITH
[02:19:54] [266/326] PBOX
[02:19:55] [267/326] FRTS
[02:19:56] [268/326] RKIC
[02:19:56] [269/326] PTAI
[02:19:57] [270/326] GCIC
[02:19:57] 🔄 Identity reset
[02:19:57] 🔄 Identity rotated (every 10 requests)
[02:19:58] [271/326] FNAS
[02:19:58] [272/326] SCAR
[02:19:59] [273/326] MTCA
[02:19:59] [274/326] SCTS
[02:20:00] [275/326] SYCS
[02:20:02] [276/326] RDMS
[02:20:03] [277/326] KAMP
[02:20:03] [278/326] ERSD
[02:20:04] [279/326] MJMJ
[02:20:05] [280/326] SRCJ
[02:20:05] 🔄 Identity reset
[02:20:05] 🔄 Identity rotated (every 10 requests)
[02:20:06] [281/326] SCXE
[02:20:06] [282/326] SVFR
[02:20:07] [283/326] BHCS
[02:20:08] [284/326] IMCC
[02:20:08] [285/326] PCBO
[02:20:09] [286/326] PRVN
[02:20:10] [287/326] AUPM
[02:20:10] [288/326] INBW
[02:20:11] [289/326] SVCW
[02:20:13] [290/326] RKCF
[02:20:14] 🔄 Identity reset
[02:20:14] 🔄 Identity rotated (every 10 requests)
[02:20:14] [291/326] UVBH
[02:20:15] [292/326] DNCY
[02:20:15] [293/326] ABCN
[02:20:16] [294/326] PRUR
[02:20:17] [295/326] PFMR
[02:20:19] [296/326] RKCN
[02:20:19] [297/326] CFEA
[02:20:20] [298/326] SDBG
[02:20:21] [299/326] SNAR
[02:20:22] [300/326] YISI
[02:20:22] 🔄 Identity reset
[02:20:22] 🔄 Identity rotated (every 10 requests)
[02:20:22] [301/326] JCFF
[02:20:23] [302/326] VTRK
[02:20:24] [303/326] PCLZ
[02:20:25] [304/326] DIMY
[02:20:25] [305/326] BBTS
[02:20:26] [306/326] GATH
[02:20:27] [307/326] GTMN
[02:20:28] [308/326] VTMH
[02:20:29] [309/326] CCKP
[02:20:30] [310/326] GPKA
[02:20:31] 🔄 Identity reset
[02:20:31] 🔄 Identity rotated (every 10 requests)
[02:20:31] [311/326] MHCL
[02:20:32] [312/326] ATCL
[02:20:33] [313/326] SBCK
[02:20:33] [314/326] AMMR
[02:20:34] [315/326] MADC
[02:20:35] [316/326] TMMA
[02:20:36] [317/326] CACC
[02:20:37] [318/326] CHAL
[02:20:38] [319/326] DURG
[02:20:39] [320/326] GMKU
[02:20:39] 🔄 Identity reset
[02:20:39] 🔄 Identity rotated (every 10 requests)
[02:20:39] [321/326] GECA
[02:20:40] [322/326] KYRR
[02:20:41] [323/326] KSDE
[02:20:42] [324/326] LMCI
[02:20:42] [325/326] NKCP
[02:20:43] [326/326] BGTC
[02:20:44] ✅ DONE | Shows=0 | Movies=0
[03:16:31] 🚀 BMS DAILY TRACKER STARTED (enhanced anti‑detection)
[03:16:31] [1/326] BSAT
[03:16:31] 🧠 New identity created
[03:16:32] [2/326] RSSM
[03:16:33] [3/326] GCTA
[03:16:34] [4/326] TOPN
[03:16:35] [5/326] MCUS
[03:16:36] [6/326] SHRL
[03:16:37] [7/326] UPTP
[03:16:38] [8/326] TMMP
[03:16:39] [9/326] DNRP
[03:16:40] [10/326] SRLT
[03:16:40] 🔄 Identity reset
[03:16:40] 🔄 Identity rotated (every 10 requests)
[03:16:41] [11/326] RCNS
[03:16:42] [12/326] DCBH
[03:16:43] [13/326] NAGJ
[03:16:44] [14/326] JVRC
[03:16:45] [15/326] KRJG
[03:16:46] [16/326] SRTJ
[03:16:47] [17/326] CMXM
[03:16:48] [18/326] STMI
[03:16:49] [19/326] SLST
[03:16:49] [20/326] DTCN
[03:16:50] 🔄 Identity reset
[03:16:50] 🔄 Identity rotated (every 10 requests)
[03:16:50] [21/326] STYN
[03:16:51] [22/326] SZVR
[03:16:52] [23/326] SRKO
[03:16:53] [24/326] JTGT
[03:16:54] [25/326] SVFD
[03:16:55] [26/326] SISD
[03:16:56] [27/326] ABDD
[03:16:56] [28/326] DRCA
[03:16:57] [29/326] AVCS
[03:16:59] [30/326] MVKH
[03:17:00] 🔄 Identity reset
[03:17:00] 🔄 Identity rotated (every 10 requests)
[03:17:00] [31/326] ACPR
[03:17:01] [32/326] STIP
[03:17:02] [33/326] MTRA
[03:17:03] [34/326] RMKH
[03:17:04] [35/326] NKRL
[03:17:05] [36/326] PCWN
[03:17:06] [37/326] BLMT
[03:17:07] [38/326] GDPG
[03:17:09] [39/326] SRMX
[03:17:10] [40/326] JACP
[03:17:11] 🔄 Identity reset
[03:17:11] 🔄 Identity rotated (every 10 requests)
[03:17:11] [41/326] CPSH
[03:17:13] [42/326] MCCD
[03:17:14] [43/326] ECGH
[03:17:15] [44/326] MKCK
[03:17:16] [45/326] SRMM
[03:17:16] [46/326] SKYR
[03:17:18] [47/326] PCKC
[03:17:19] [48/326] JCMA
[03:17:20] [49/326] BSMP
[03:17:21] [50/326] VSPA
[03:17:21] 🔄 Identity reset
[03:17:21] 🔄 Identity rotated (every 10 requests)
[03:17:22] [51/326] DJYA
[03:17:23] [52/326] DIMP
[03:17:23] [53/326] FXDR
[03:17:25] [54/326] SSRC
[03:17:25] [55/326] STHP
[03:17:26] [56/326] CPPD
[03:17:27] [57/326] FCLK
[03:17:28] [58/326] SCPP
[03:17:29] [59/326] DCMJ
[03:17:30] [60/326] RCCR
[03:17:31] 🔄 Identity reset
[03:17:31] 🔄 Identity rotated (every 10 requests)
[03:17:31] [61/326] INMT
[03:17:32] [62/326] LXTK
[03:17:34] [63/326] SRYK
[03:17:34] [64/326] SGDK
[03:17:35] [65/326] PPKA
[03:17:36] [66/326] SPKA
[03:17:37] [67/326] CGHH
[03:17:38] [68/326] DCJN
[03:17:39] [69/326] SRKV
[03:17:40] [70/326] SAJC
[03:17:40] 🔄 Identity reset
[03:17:40] 🔄 Identity rotated (every 10 requests)
[03:17:41] [71/326] SUSR
[03:17:41] [72/326] STYG
[03:17:42] [73/326] NTKP
[03:17:43] [74/326] AKTG
[03:17:44] [75/326] CGCM
[03:17:45] [76/326] TULC
[03:17:46] [77/326] NYYZ
[03:17:47] [78/326] NYBW
[03:17:48] [79/326] MACB
[03:17:49] [80/326] SLVT
[03:17:49] 🔄 Identity reset
[03:17:49] 🔄 Identity rotated (every 10 requests)
[03:17:50] [81/326] SANA
[03:17:51] [82/326] ACMR
[03:17:52] [83/326] CPKN
[03:17:53] [84/326] DLGK
[03:17:54] [85/326] CWCK
[03:17:55] [86/326] FDDH
[03:17:56] [87/326] MMMD
[03:17:57] [88/326] CMEH
[03:17:58] [89/326] GGGV
[03:17:59] [90/326] SPJL
[03:18:00] 🔄 Identity reset
[03:18:00] 🔄 Identity rotated (every 10 requests)
[03:18:01] [91/326] RCCD
[03:18:02] [92/326] STTZ
[03:18:03] [93/326] BTCF
[03:18:03] [94/326] TSTZ
[03:18:04] [95/326] IPMM
[03:18:05] [96/326] PMPW
[03:18:06] [97/326] PCMZ
[03:18:07] [98/326] ESEM
[03:18:08] [99/326] PIPO
[03:18:09] [100/326] MATK
[03:18:09] 🔄 Identity reset
[03:18:10] 🔄 Identity rotated (every 10 requests)
[03:18:10] [101/326] PGHM
[03:18:11] [102/326] CTSR
[03:18:12] [103/326] CYKR
[03:18:13] [104/326] MSCM
[03:18:14] [105/326] RFNP
[03:18:15] [106/326] PDCP
[03:18:17] [107/326] NPSE
[03:18:18] [108/326] MKML
[03:18:19] [109/326] FTDP
[03:18:20] [110/326] MMXA
[03:18:20] 🔄 Identity reset
[03:18:20] 🔄 Identity rotated (every 10 requests)
[03:18:21] [111/326] CEPO
[03:18:22] [112/326] CMVP
[03:18:23] [113/326] SGTH
[03:18:24] [114/326] SAYN
[03:18:25] [115/326] URVS
[03:18:25] [116/326] VJTN
[03:18:26] [117/326] BBYK
[03:18:27] [118/326] SHBO
[03:18:28] [119/326] VCMR
[03:18:29] [120/326] MACT
[03:18:29] 🔄 Identity reset
[03:18:29] 🔄 Identity rotated (every 10 requests)
[03:18:30] [121/326] JMNP
[03:18:31] [122/326] VICS
[03:18:31] [123/326] VCDA
[03:18:32] [124/326] GCMM
[03:18:33] [125/326] INVS
[03:18:35] [126/326] SCGM
[03:18:36] [127/326] PCDA
[03:18:37] [128/326] KDCT
[03:18:38] [129/326] JACS
[03:18:39] [130/326] GMMC
[03:18:39] 🔄 Identity reset
[03:18:39] 🔄 Identity rotated (every 10 requests)
[03:18:39] [131/326] AICM
[03:18:40] [132/326] TJCM
[03:18:41] [133/326] RMTI
[03:18:42] [134/326] SHAC
[03:18:43] [135/326] APJC
[03:18:44] [136/326] GCTG
[03:18:46] [137/326] SSMC
[03:18:46] [138/326] THRM
[03:18:47] [139/326] RBCT
[03:18:48] [140/326] DIKT
[03:18:49] 🔄 Identity reset
[03:18:49] 🔄 Identity rotated (every 10 requests)
[03:18:49] [141/326] MIDL
[03:18:50] [142/326] VCSN
[03:18:51] [143/326] SKTG
[03:18:52] [144/326] SMWC
[03:18:53] [145/326] MNKH
[03:18:54] [146/326] PIAT
[03:18:55] [147/326] LTTP
[03:18:56] [148/326] PTPU
[03:18:57] [149/326] ACMG
[03:18:58] [150/326] SHMM
[03:18:59] 🔄 Identity reset
[03:18:59] 🔄 Identity rotated (every 10 requests)
[03:18:59] [151/326] MCMN
[03:19:00] [152/326] GLDC
[03:19:00] [153/326] HOUT
[03:19:01] [154/326] SVRP
[03:19:02] [155/326] PVDN
[03:19:03] [156/326] SCPY
[03:19:04] [157/326] DTPY
[03:19:05] [158/326] GKCS
[03:19:06] [159/326] NCAM
[03:19:07] [160/326] BSRM
[03:19:08] 🔄 Identity reset
[03:19:08] 🔄 Identity rotated (every 10 requests)
[03:19:08] [161/326] RCLC
[03:19:10] [162/326] SKKD
[03:19:12] [163/326] ACHU
[03:19:12] [164/326] RSCF
[03:19:13] [165/326] IMSH
[03:19:14] [166/326] MACX
[03:19:15] [167/326] HMMW
[03:19:16] [168/326] JTCP
[03:19:17] [169/326] SREN
[03:19:18] [170/326] PJRR
[03:19:18] 🔄 Identity reset
[03:19:19] 🔄 Identity rotated (every 10 requests)
[03:19:19] [171/326] INAC
[03:19:20] [172/326] BMCA
[03:19:20] [173/326] SHCB
[03:19:21] [174/326] GABA
[03:19:22] [175/326] SBCT
[03:19:23] [176/326] GCMA
[03:19:24] [177/326] MYTK
[03:19:25] [178/326] INZS
[03:19:26] [179/326] RMIK
[03:19:27] [180/326] NYCH
[03:19:28] 🔄 Identity reset
[03:19:28] 🔄 Identity rotated (every 10 requests)
[03:19:28] [181/326] RAVE
[03:19:29] [182/326] PSXM
[03:19:30] [183/326] MCGP
[03:19:32] [184/326] PDDK
[03:19:33] [185/326] SPCK
[03:19:34] [186/326] MCRL
[03:19:35] [187/326] MHKT
[03:19:36] [188/326] ANRR
[03:19:37] [189/326] SAPK
[03:19:38] [190/326] NCUK
[03:19:39] 🔄 Identity reset
[03:19:39] 🔄 Identity rotated (every 10 requests)
[03:19:39] [191/326] JUGA
[03:19:40] [192/326] DBSC
[03:19:41] [193/326] LALK
[03:19:42] [194/326] GUCK
[03:19:43] [195/326] STSG
[03:19:44] [196/326] PPPZ
[03:19:44] [197/326] CNCY
[03:19:46] [198/326] MTAR
[03:19:48] [199/326] VNKD
[03:19:49] [200/326] KMAJ
[03:19:49] 🔄 Identity reset
[03:19:49] 🔄 Identity rotated (every 10 requests)
[03:19:50] [201/326] ACXK
[03:19:50] [202/326] UTKC
[03:19:51] [203/326] PBLK
[03:19:52] [204/326] ACBX
[03:19:53] [205/326] PTGM
[03:19:54] [206/326] BTDA
[03:19:55] [207/326] PJMB
[03:19:56] [208/326] TPDA
[03:19:57] [209/326] AMOE
[03:19:58] [210/326] PRHT
[03:19:58] 🔄 Identity reset
[03:19:58] 🔄 Identity rotated (every 10 requests)
[03:19:59] [211/326] PRTA
[03:20:00] [212/326] STAM
[03:20:00] [213/326] MSAA
[03:20:02] [214/326] SDLU
[03:20:03] [215/326] RCHH
[03:20:04] [216/326] KANT
[03:20:05] [217/326] FCRT
[03:20:05] [218/326] DNKM
[03:20:07] [219/326] RYCP
[03:20:07] [220/326] MYRP
[03:20:08] 🔄 Identity reset
[03:20:08] 🔄 Identity rotated (every 10 requests)
[03:20:08] [221/326] PPAK
[03:20:09] [222/326] NVPK
[03:20:10] [223/326] PRMC
[03:20:11] [224/326] JBCS
[03:20:12] [225/326] GXCK
[03:20:13] [226/326] USKO
[03:20:14] [227/326] GTEM
[03:20:15] [228/326] SMBU
[03:20:16] [229/326] VETC
[03:20:17] [230/326] LCDA
[03:20:18] 🔄 Identity reset
[03:20:18] 🔄 Identity rotated (every 10 requests)
[03:20:18] [231/326] MTVT
[03:20:19] [232/326] PYCP
[03:20:20] [233/326] PNSC
[03:20:21] [234/326] PPCC
[03:20:22] [235/326] TGRT
[03:20:23] [236/326] JYOT
[03:20:24] [237/326] SRCZ
[03:20:25] [238/326] SJTE
[03:20:26] [239/326] DESC
[03:20:26] [240/326] JHVN
[03:20:27] 🔄 Identity reset
[03:20:27] 🔄 Identity rotated (every 10 requests)
[03:20:27] [241/326] IPSG
[03:20:28] [242/326] IPCM
[03:20:29] [243/326] PDRS
[03:20:30] [244/326] ANCV
[03:20:31] [245/326] CMVV
[03:20:32] [246/326] SHYP
[03:20:33] [247/326] DNCS
[03:20:34] [248/326] GAJK
[03:20:35] [249/326] AKTN
[03:20:36] [250/326] KAYA
[03:20:37] 🔄 Identity reset
[03:20:37] 🔄 Identity rotated (every 10 requests)
[03:20:37] [251/326] SBRC
[03:20:38] [252/326] CHTP
[03:20:39] [253/326] SHRT
[03:20:40] [254/326] BCKU
[03:20:40] [255/326] FCPS
[03:20:41] [256/326] ARDD
[03:20:42] [257/326] CPCM
[03:20:43] [258/326] CGSM
[03:20:44] [259/326] PSMP
[03:20:45] [260/326] SDAL
[03:20:46] 🔄 Identity reset
[03:20:46] 🔄 Identity rotated (every 10 requests)
[03:20:46] [261/326] RTNB
[03:20:47] [262/326] LMCR
[03:20:48] [263/326] CIMA
[03:20:49] [264/326] RNAS
[03:20:50] [265/326] LITH
[03:20:51] [266/326] PBOX
[03:20:52] [267/326] FRTS
[03:20:53] [268/326] RKIC
[03:20:54] [269/326] PTAI
[03:20:56] [270/326] GCIC
[03:20:57] 🔄 Identity reset
[03:20:57] 🔄 Identity rotated (every 10 requests)
[03:20:57] [271/326] FNAS
[03:20:58] [272/326] SCAR
[03:20:59] [273/326] MTCA
[03:21:00] [274/326] SCTS
[03:21:01] [275/326] SYCS
[03:21:02] [276/326] RDMS
[03:21:03] [277/326] KAMP
[03:21:04] [278/326] ERSD
[03:21:05] [279/326] MJMJ
[03:21:06] [280/326] SRCJ
[03:21:06] 🔄 Identity reset
[03:21:06] 🔄 Identity rotated (every 10 requests)
[03:21:07] [281/326] SCXE
[03:21:08] [282/326] SVFR
[03:21:09] [283/326] BHCS
[03:21:10] [284/326] IMCC
[03:21:11] [285/326] PCBO
[03:21:12] [286/326] PRVN
[03:21:13] [287/326] AUPM
[03:21:14] [288/326] INBW
[03:21:14] [289/326] SVCW
[03:21:15] [290/326] RKCF
[03:21:16] 🔄 Identity reset
[03:21:16] 🔄 Identity rotated (every 10 requests)
[03:21:17] [291/326] UVBH
[03:21:18] [292/326] DNCY
[03:21:19] [293/326] ABCN
[03:21:20] [294/326] PRUR
[03:21:21] [295/326] PFMR
[03:21:22] [296/326] RKCN
[03:21:22] [297/326] CFEA
[03:21:23] [298/326] SDBG
[03:21:24] [299/326] SNAR
[03:21:25] [300/326] YISI
[03:21:26] 🔄 Identity reset
[03:21:26] 🔄 Identity rotated (every 10 requests)
[03:21:26] [301/326] JCFF
[03:21:27] [302/326] VTRK
[03:21:29] [303/326] PCLZ
[03:21:30] [304/326] DIMY
[03:21:31] [305/326] BBTS
[03:21:32] [306/326] GATH
[03:21:32] [307/326] GTMN
[03:21:33] [308/326] VTMH
[03:21:34] [309/326] CCKP
[03:21:35] [310/326] GPKA
[03:21:36] 🔄 Identity reset
[03:21:36] 🔄 Identity rotated (every 10 requests)
[03:21:36] [311/326] MHCL
[03:21:38] [312/326] ATCL
[03:21:39] [313/326] SBCK
[03:21:39] [314/326] AMMR
[03:21:40] [315/326] MADC
[03:21:42] [316/326] TMMA
[03:21:43] [317/326] CACC
[03:21:44] [318/326] CHAL
[03:21:45] [319/326] DURG
[03:21:46] [320/326] GMKU
[03:21:46] 🔄 Identity reset
[03:21:46] 🔄 Identity rotated (every 10 requests)
[03:21:47] [321/326] GECA
[03:21:48] [322/326] KYRR
[03:21:49] [323/326] KSDE
[03:21:49] [324/326] LMCI
[03:21:50] [325/326] NKCP
[03:21:51] [326/326] BGTC
[03:21:53] ✅ DONE | Shows=2 | Movies=1
[03:33:40] 🚀 BMS DAILY TRACKER STARTED (enhanced anti‑detection)
[03:33:40] [1/326] BSAT
[03:33:41] 🧠 New identity created
[03:33:41] [2/326] RSSM
[03:33:42] [3/326] GCTA
[03:33:43] [4/326] TOPN
[03:33:44] [5/326] MCUS
[03:33:44] [6/326] SHRL
[03:33:45] [7/326] UPTP
[03:33:47] [8/326] TMMP
[03:33:48] [9/326] DNRP
[03:33:49] [10/326] SRLT
[03:33:49] 🔄 Identity reset
[03:33:49] 🔄 Identity rotated (every 10 requests)
[03:33:49] [11/326] RCNS
[03:33:50] [12/326] DCBH
[03:33:51] [13/326] NAGJ
[03:33:53] [14/326] JVRC
[03:33:54] [15/326] KRJG
[03:33:55] [16/326] SRTJ
[03:33:55] [17/326] CMXM
[03:33:57] [18/326] STMI
[03:33:58] [19/326] SLST
[03:33:59] [20/326] DTCN
[03:34:00] 🔄 Identity reset
[03:34:00] 🔄 Identity rotated (every 10 requests)
[03:34:01] [21/326] STYN
[03:34:02] [22/326] SZVR
[03:34:03] [23/326] SRKO
[03:34:03] [24/326] JTGT
[03:34:04] [25/326] SVFD
[03:34:05] [26/326] SISD
[03:34:06] [27/326] ABDD
[03:34:07] [28/326] DRCA
[03:34:08] [29/326] AVCS
[03:34:09] [30/326] MVKH
[03:34:10] 🔄 Identity reset
[03:34:10] 🔄 Identity rotated (every 10 requests)
[03:34:11] [31/326] ACPR
[03:34:11] [32/326] STIP
[03:34:12] [33/326] MTRA
[03:34:13] [34/326] RMKH
[03:34:14] [35/326] NKRL
[03:34:15] [36/326] PCWN
[03:34:15] [37/326] BLMT
[03:34:16] [38/326] GDPG
[03:34:17] [39/326] SRMX
[03:34:18] [40/326] JACP
[03:34:18] 🔄 Identity reset
[03:34:18] 🔄 Identity rotated (every 10 requests)
[03:34:19] [41/326] CPSH
[03:34:20] [42/326] MCCD
[03:34:21] [43/326] ECGH
[03:34:22] [44/326] MKCK
[03:34:23] [45/326] SRMM
[03:34:23] [46/326] SKYR
[03:34:24] [47/326] PCKC
[03:34:25] [48/326] JCMA
[03:34:26] [49/326] BSMP
[03:34:27] [50/326] VSPA
[03:34:28] 🔄 Identity reset
[03:34:28] 🔄 Identity rotated (every 10 requests)
[03:34:28] [51/326] DJYA
[03:34:29] [52/326] DIMP
[03:34:30] [53/326] FXDR
[03:34:30] [54/326] SSRC
[03:34:31] [55/326] STHP
[03:34:32] [56/326] CPPD
[03:34:33] [57/326] FCLK
[03:34:34] [58/326] SCPP
[03:34:35] [59/326] DCMJ
[03:34:36] [60/326] RCCR
[03:34:36] 🔄 Identity reset
[03:34:36] 🔄 Identity rotated (every 10 requests)
[03:34:37] [61/326] INMT
[03:34:38] [62/326] LXTK
[03:34:38] [63/326] SRYK
[03:34:39] [64/326] SGDK
[03:34:40] [65/326] PPKA
[03:34:41] [66/326] SPKA
[03:34:42] [67/326] CGHH
[03:34:42] [68/326] DCJN
[03:34:43] [69/326] SRKV
[03:34:44] [70/326] SAJC
[03:34:45] 🔄 Identity reset
[03:34:45] 🔄 Identity rotated (every 10 requests)
[03:34:45] [71/326] SUSR
[03:34:46] [72/326] STYG
[03:34:47] [73/326] NTKP
[03:34:48] [74/326] AKTG
[03:34:49] [75/326] CGCM
[03:34:50] [76/326] TULC
[03:34:50] [77/326] NYYZ
[03:34:51] [78/326] NYBW
[03:34:52] [79/326] MACB
[03:34:53] [80/326] SLVT
[03:34:54] 🔄 Identity reset
[03:34:54] 🔄 Identity rotated (every 10 requests)
[03:34:54] [81/326] SANA
[03:34:55] [82/326] ACMR
[03:34:56] [83/326] CPKN
[03:34:57] [84/326] DLGK
[03:34:58] [85/326] CWCK
[03:34:59] [86/326] FDDH
[03:35:00] [87/326] MMMD
[03:35:00] [88/326] CMEH
[03:35:01] [89/326] GGGV
[03:35:02] [90/326] SPJL
[03:35:03] 🔄 Identity reset
[03:35:03] 🔄 Identity rotated (every 10 requests)
[03:35:03] [91/326] RCCD
[03:35:04] [92/326] STTZ
[03:35:05] [93/326] BTCF
[03:35:06] [94/326] TSTZ
[03:35:06] [95/326] IPMM
[03:35:07] [96/326] PMPW
[03:35:08] [97/326] PCMZ
[03:35:09] [98/326] ESEM
[03:35:10] [99/326] PIPO
[03:35:11] [100/326] MATK
[03:35:12] 🔄 Identity reset
[03:35:12] 🔄 Identity rotated (every 10 requests)
[03:35:13] [101/326] PGHM
[03:35:14] [102/326] CTSR
[03:35:15] [103/326] CYKR
[03:35:15] [104/326] MSCM
[03:35:17] [105/326] RFNP
[03:35:18] [106/326] PDCP
[03:35:19] [107/326] NPSE
[03:35:20] [108/326] MKML
[03:35:20] [109/326] FTDP
[03:35:22] [110/326] MMXA
[03:35:22] 🔄 Identity reset
[03:35:22] 🔄 Identity rotated (every 10 requests)
[03:35:23] [111/326] CEPO
[03:35:24] [112/326] CMVP
[03:35:24] [113/326] SGTH
[03:35:25] [114/326] SAYN
[03:35:26] [115/326] URVS
[03:35:27] [116/326] VJTN
[03:35:28] [117/326] BBYK
[03:35:29] [118/326] SHBO
[03:35:30] [119/326] VCMR
[03:35:30] [120/326] MACT
[03:35:31] 🔄 Identity reset
[03:35:31] 🔄 Identity rotated (every 10 requests)
[03:35:31] [121/326] JMNP
[03:35:32] [122/326] VICS
[03:35:34] [123/326] VCDA
[03:35:34] [124/326] GCMM
[03:35:35] [125/326] INVS
[03:35:36] [126/326] SCGM
[03:35:37] [127/326] PCDA
[03:35:39] [128/326] KDCT
[03:35:40] [129/326] JACS
[03:35:40] [130/326] GMMC
[03:35:41] 🔄 Identity reset
[03:35:41] 🔄 Identity rotated (every 10 requests)
[03:35:41] [131/326] AICM
[03:35:42] [132/326] TJCM
[03:35:43] [133/326] RMTI
[03:35:44] [134/326] SHAC
[03:35:45] [135/326] APJC
[03:35:46] [136/326] GCTG
[03:35:46] [137/326] SSMC
[03:35:47] [138/326] THRM
[03:35:48] [139/326] RBCT
[03:35:49] [140/326] DIKT
[03:35:49] 🔄 Identity reset
[03:35:50] 🔄 Identity rotated (every 10 requests)
[03:35:50] [141/326] MIDL
[03:35:51] [142/326] VCSN
[03:35:51] [143/326] SKTG
[03:35:52] [144/326] SMWC
[03:35:53] [145/326] MNKH
[03:35:54] [146/326] PIAT
[03:35:55] [147/326] LTTP
[03:35:55] [148/326] PTPU
[03:35:56] [149/326] ACMG
[03:35:57] [150/326] SHMM
[03:35:57] 🔄 Identity reset
[03:35:57] 🔄 Identity rotated (every 10 requests)
[03:35:57] [151/326] MCMN
[03:35:58] [152/326] GLDC
[03:35:59] [153/326] HOUT
[03:35:59] [154/326] SVRP
[03:36:00] [155/326] PVDN
[03:36:01] [156/326] SCPY
[03:36:01] [157/326] DTPY
[03:36:02] [158/326] GKCS
[03:36:03] [159/326] NCAM
[03:36:03] [160/326] BSRM
[03:36:04] 🔄 Identity reset
[03:36:04] 🔄 Identity rotated (every 10 requests)
[03:36:04] [161/326] RCLC
[03:36:04] [162/326] SKKD
[03:36:05] [163/326] ACHU
[03:36:06] [164/326] RSCF
[03:36:06] [165/326] IMSH
[03:36:07] [166/326] MACX
[03:36:08] [167/326] HMMW
[03:36:08] [168/326] JTCP
[03:36:09] [169/326] SREN
[03:36:10] [170/326] PJRR
[03:36:10] 🔄 Identity reset
[03:36:10] 🔄 Identity rotated (every 10 requests)
[03:36:10] [171/326] INAC
[03:36:11] [172/326] BMCA
[03:36:12] [173/326] SHCB
[03:36:12] [174/326] GABA
[03:36:13] [175/326] SBCT
[03:36:14] [176/326] GCMA
[03:36:14] [177/326] MYTK
[03:36:15] [178/326] INZS
[03:36:16] [179/326] RMIK
[03:36:16] [180/326] NYCH
[03:36:17] 🔄 Identity reset
[03:36:17] 🔄 Identity rotated (every 10 requests)
[03:36:17] [181/326] RAVE
[03:36:18] [182/326] PSXM
[03:36:18] [183/326] MCGP
[03:36:19] [184/326] PDDK
[03:36:19] [185/326] SPCK
[03:36:20] [186/326] MCRL
[03:36:20] [187/326] MHKT
[03:36:21] [188/326] ANRR
[03:36:22] [189/326] SAPK
[03:36:22] [190/326] NCUK
[03:36:23] 🔄 Identity reset
[03:36:23] 🔄 Identity rotated (every 10 requests)
[03:36:23] [191/326] JUGA
[03:36:24] [192/326] DBSC
[03:36:24] [193/326] LALK
[03:36:25] [194/326] GUCK
[03:36:26] [195/326] STSG
[03:36:26] [196/326] PPPZ
[03:36:27] [197/326] CNCY
[03:36:28] [198/326] MTAR
[03:36:28] [199/326] VNKD
[03:36:29] [200/326] KMAJ
[03:36:29] 🔄 Identity reset
[03:36:29] 🔄 Identity rotated (every 10 requests)
[03:36:30] [201/326] ACXK
[03:36:30] [202/326] UTKC
[03:36:31] [203/326] PBLK
[03:36:32] [204/326] ACBX
[03:36:33] [205/326] PTGM
[03:36:33] [206/326] BTDA
[03:36:34] [207/326] PJMB
[03:36:34] [208/326] TPDA
[03:36:35] [209/326] AMOE
[03:36:36] [210/326] PRHT
[03:36:36] 🔄 Identity reset
[03:36:36] 🔄 Identity rotated (every 10 requests)
[03:36:37] [211/326] PRTA
[03:36:37] [212/326] STAM
[03:36:38] [213/326] MSAA
[03:36:38] [214/326] SDLU
[03:36:39] [215/326] RCHH
[03:36:40] [216/326] KANT
[03:36:41] [217/326] FCRT
[03:36:41] [218/326] DNKM
[03:36:42] [219/326] RYCP
[03:36:43] [220/326] MYRP
[03:36:43] 🔄 Identity reset
[03:36:43] 🔄 Identity rotated (every 10 requests)
[03:36:43] [221/326] PPAK
[03:36:44] [222/326] NVPK
[03:36:45] [223/326] PRMC
[03:36:45] [224/326] JBCS
[03:36:46] [225/326] GXCK
[03:36:46] [226/326] USKO
[03:36:47] [227/326] GTEM
[03:36:47] [228/326] SMBU
[03:36:48] [229/326] VETC
[03:36:49] [230/326] LCDA
[03:36:49] 🔄 Identity reset
[03:36:49] 🔄 Identity rotated (every 10 requests)
[03:36:49] [231/326] MTVT
[03:36:50] [232/326] PYCP
[03:36:51] [233/326] PNSC
[03:36:51] [234/326] PPCC
[03:36:52] [235/326] TGRT
[03:36:53] [236/326] JYOT
[03:36:54] [237/326] SRCZ
[03:36:54] [238/326] SJTE
[03:36:55] [239/326] DESC
[03:36:55] [240/326] JHVN
[03:36:56] 🔄 Identity reset
[03:36:56] 🔄 Identity rotated (every 10 requests)
[03:36:56] [241/326] IPSG
[03:36:57] [242/326] IPCM
[03:36:57] [243/326] PDRS
[03:36:58] [244/326] ANCV
[03:36:59] [245/326] CMVV
[03:37:00] [246/326] SHYP
[03:37:00] [247/326] DNCS
[03:37:01] [248/326] GAJK
[03:37:02] [249/326] AKTN
[03:37:02] [250/326] KAYA
[03:37:03] 🔄 Identity reset
[03:37:03] 🔄 Identity rotated (every 10 requests)
[03:37:03] [251/326] SBRC
[03:37:03] [252/326] CHTP
[03:37:04] [253/326] SHRT
[03:37:05] [254/326] BCKU
[03:37:05] [255/326] FCPS
[03:37:06] [256/326] ARDD
[03:37:06] [257/326] CPCM
[03:37:07] [258/326] CGSM
[03:37:08] [259/326] PSMP
[03:37:08] [260/326] SDAL
[03:37:09] 🔄 Identity reset
[03:37:09] 🔄 Identity rotated (every 10 requests)
[03:37:09] [261/326] RTNB
[03:37:10] [262/326] LMCR
[03:37:11] [263/326] CIMA
[03:37:11] [264/326] RNAS
[03:37:12] [265/326] LITH
[03:37:13] [266/326] PBOX
[03:37:13] [267/326] FRTS
[03:37:14] [268/326] RKIC
[03:37:14] [269/326] PTAI
[03:37:15] [270/326] GCIC
[03:37:16] 🔄 Identity reset
[03:37:16] 🔄 Identity rotated (every 10 requests)
[03:37:16] [271/326] FNAS
[03:37:16] [272/326] SCAR
[03:37:17] [273/326] MTCA
[03:37:18] [274/326] SCTS
[03:37:18] [275/326] SYCS
[03:37:19] [276/326] RDMS
[03:37:20] [277/326] KAMP
[03:37:20] [278/326] ERSD
[03:37:21] [279/326] MJMJ
[03:37:21] [280/326] SRCJ
[03:37:22] 🔄 Identity reset
[03:37:22] 🔄 Identity rotated (every 10 requests)
[03:37:22] [281/326] SCXE
[03:37:23] [282/326] SVFR
[03:37:23] [283/326] BHCS
[03:37:24] [284/326] IMCC
[03:37:25] [285/326] PCBO
[03:37:25] [286/326] PRVN
[03:37:26] [287/326] AUPM
[03:37:26] [288/326] INBW
[03:37:27] [289/326] SVCW
[03:37:28] [290/326] RKCF
[03:37:28] 🔄 Identity reset
[03:37:28] 🔄 Identity rotated (every 10 requests)
[03:37:29] [291/326] UVBH
[03:37:29] [292/326] DNCY
[03:37:30] [293/326] ABCN
[03:37:30] [294/326] PRUR
[03:37:31] [295/326] PFMR
[03:37:32] [296/326] RKCN
[03:37:32] [297/326] CFEA
[03:37:33] [298/326] SDBG
[03:37:34] [299/326] SNAR
[03:37:34] [300/326] YISI
[03:37:35] 🔄 Identity reset
[03:37:35] 🔄 Identity rotated (every 10 requests)
[03:37:35] [301/326] JCFF
[03:37:35] [302/326] VTRK
[03:37:36] [303/326] PCLZ
[03:37:37] [304/326] DIMY
[03:37:37] [305/326] BBTS
[03:37:38] [306/326] GATH
[03:37:39] [307/326] GTMN
[03:37:39] [308/326] VTMH
[03:37:40] [309/326] CCKP
[03:37:41] [310/326] GPKA
[03:37:41] 🔄 Identity reset
[03:37:41] 🔄 Identity rotated (every 10 requests)
[03:37:42] [311/326] MHCL
[03:37:42] [312/326] ATCL
[03:37:43] [313/326] SBCK
[03:37:44] [314/326] AMMR
[03:37:44] [315/326] MADC
[03:37:45] [316/326] TMMA
[03:37:45] [317/326] CACC
[03:37:46] [318/326] CHAL
[03:37:47] [319/326] DURG
[03:37:47] [320/326] GMKU
[03:37:48] 🔄 Identity reset
[03:37:48] 🔄 Identity rotated (every 10 requests)
[03:37:48] [321/326] GECA
[03:37:49] [322/326] KYRR
[03:37:50] [323/326] KSDE
[03:37:50] [324/326] LMCI
[03:37:51] [325/326] NKCP
[03:37:52] [326/326] BGTC
[03:37:52] ✅ DONE | Shows=4 | Movies=1
[04:16:37] 🚀 BMS DAILY TRACKER STARTED (enhanced anti‑detection)
[04:16:37] [1/326] BSAT
[04:16:38] 🧠 New identity created
[04:16:38] [2/326] RSSM
[04:16:39] [3/326] GCTA
[04:16:40] [4/326] TOPN
[04:16:40] [5/326] MCUS
[04:16:41] [6/326] SHRL
[04:16:43] [7/326] UPTP
[04:16:44] [8/326] TMMP
[04:16:45] [9/326] DNRP
[04:16:46] [10/326] SRLT
[04:16:46] 🔄 Identity reset
[04:16:46] 🔄 Identity rotated (every 10 requests)
[04:16:47] [11/326] RCNS
[04:16:49] [12/326] DCBH
[04:16:50] [13/326] NAGJ
[04:16:51] [14/326] JVRC
[04:16:52] [15/326] KRJG
[04:16:53] [16/326] SRTJ
[04:16:54] [17/326] CMXM
[04:16:55] [18/326] STMI
[04:16:56] [19/326] SLST
[04:16:57] [20/326] DTCN
[04:16:58] 🔄 Identity reset
[04:16:58] 🔄 Identity rotated (every 10 requests)
[04:16:58] [21/326] STYN
[04:16:59] [22/326] SZVR
[04:17:00] [23/326] SRKO
[04:17:01] [24/326] JTGT
[04:17:01] [25/326] SVFD
[04:17:03] [26/326] SISD
[04:17:04] [27/326] ABDD
[04:17:05] [28/326] DRCA
[04:17:06] [29/326] AVCS
[04:17:07] [30/326] MVKH
[04:17:07] 🔄 Identity reset
[04:17:07] 🔄 Identity rotated (every 10 requests)
[04:17:08] [31/326] ACPR
[04:17:09] [32/326] STIP
[04:17:10] [33/326] MTRA
[04:17:10] [34/326] RMKH
[04:17:11] [35/326] NKRL
[04:17:12] [36/326] PCWN
[04:17:13] [37/326] BLMT
[04:17:14] [38/326] GDPG
[04:17:15] [39/326] SRMX
[04:17:16] [40/326] JACP
[04:17:16] 🔄 Identity reset
[04:17:16] 🔄 Identity rotated (every 10 requests)
[04:17:17] [41/326] CPSH
[04:17:18] [42/326] MCCD
[04:17:18] [43/326] ECGH
[04:17:19] [44/326] MKCK
[04:17:20] [45/326] SRMM
[04:17:21] [46/326] SKYR
[04:17:22] [47/326] PCKC
[04:17:23] [48/326] JCMA
[04:17:24] [49/326] BSMP
[04:17:25] [50/326] VSPA
[04:17:25] 🔄 Identity reset
[04:17:25] 🔄 Identity rotated (every 10 requests)
[04:17:26] [51/326] DJYA
[04:17:27] [52/326] DIMP
[04:17:27] [53/326] FXDR
[04:17:28] [54/326] SSRC
[04:17:30] [55/326] STHP
[04:17:31] [56/326] CPPD
[04:17:31] [57/326] FCLK
[04:17:32] [58/326] SCPP
[04:17:33] [59/326] DCMJ
[04:17:34] [60/326] RCCR
[04:17:35] 🔄 Identity reset
[04:17:35] 🔄 Identity rotated (every 10 requests)
[04:17:35] [61/326] INMT
[04:17:36] [62/326] LXTK
[04:17:37] [63/326] SRYK
[04:17:38] [64/326] SGDK
[04:17:39] [65/326] PPKA
[04:17:40] [66/326] SPKA
[04:17:40] [67/326] CGHH
[04:17:41] [68/326] DCJN
[04:17:42] [69/326] SRKV
[04:17:43] [70/326] SAJC
[04:17:44] 🔄 Identity reset
[04:17:44] 🔄 Identity rotated (every 10 requests)
[04:17:44] [71/326] SUSR
[04:17:46] [72/326] STYG
[04:17:46] [73/326] NTKP
[04:17:47] [74/326] AKTG
[04:17:48] [75/326] CGCM
[04:17:49] [76/326] TULC
[04:17:50] [77/326] NYYZ
[04:17:51] [78/326] NYBW
[04:17:52] [79/326] MACB
[04:17:53] [80/326] SLVT
[04:17:53] 🔄 Identity reset
[04:17:53] 🔄 Identity rotated (every 10 requests)
[04:17:54] [81/326] SANA
[04:17:55] [82/326] ACMR
[04:17:56] [83/326] CPKN
[04:17:57] [84/326] DLGK
[04:17:58] [85/326] CWCK
[04:17:59] [86/326] FDDH
[04:18:00] [87/326] MMMD
[04:18:01] [88/326] CMEH
[04:18:02] [89/326] GGGV
[04:18:02] [90/326] SPJL
[04:18:03] 🔄 Identity reset
[04:18:03] 🔄 Identity rotated (every 10 requests)
[04:18:03] [91/326] RCCD
[04:18:05] [92/326] STTZ
[04:18:06] [93/326] BTCF
[04:18:06] [94/326] TSTZ
[04:18:07] [95/326] IPMM
[04:18:08] [96/326] PMPW
[04:18:09] [97/326] PCMZ
[04:18:11] [98/326] ESEM
[04:18:12] [99/326] PIPO
[04:18:12] [100/326] MATK
[04:18:13] 🔄 Identity reset
[04:18:13] 🔄 Identity rotated (every 10 requests)
[04:18:13] [101/326] PGHM
[04:18:14] [102/326] CTSR
[04:18:15] [103/326] CYKR
[04:18:16] [104/326] MSCM
[04:18:17] [105/326] RFNP
[04:18:18] [106/326] PDCP
[04:18:19] [107/326] NPSE
[04:18:20] [108/326] MKML
[04:18:21] [109/326] FTDP
[04:18:22] [110/326] MMXA
[04:18:23] 🔄 Identity reset
[04:18:23] 🔄 Identity rotated (every 10 requests)
[04:18:23] [111/326] CEPO
[04:18:24] [112/326] CMVP
[04:18:25] [113/326] SGTH
[04:18:25] [114/326] SAYN
[04:18:26] [115/326] URVS
[04:18:27] [116/326] VJTN
[04:18:28] [117/326] BBYK
[04:18:29] [118/326] SHBO
[04:18:30] [119/326] VCMR
[04:18:31] [120/326] MACT
[04:18:32] 🔄 Identity reset
[04:18:32] 🔄 Identity rotated (every 10 requests)
[04:18:32] [121/326] JMNP
[04:18:33] [122/326] VICS
[04:18:34] [123/326] VCDA
[04:18:35] [124/326] GCMM
[04:18:36] [125/326] INVS
[04:18:37] [126/326] SCGM
[04:18:38] [127/326] PCDA
[04:18:39] [128/326] KDCT
[04:18:40] [129/326] JACS
[04:18:41] [130/326] GMMC
[04:18:41] 🔄 Identity reset
[04:18:41] 🔄 Identity rotated (every 10 requests)
[04:18:41] [131/326] AICM
[04:18:42] [132/326] TJCM
[04:18:43] [133/326] RMTI
[04:18:44] [134/326] SHAC
[04:18:45] [135/326] APJC
[04:18:46] [136/326] GCTG
[04:18:47] [137/326] SSMC
[04:18:48] [138/326] THRM
[04:18:49] [139/326] RBCT
[04:18:50] [140/326] DIKT
[04:18:50] 🔄 Identity reset
[04:18:50] 🔄 Identity rotated (every 10 requests)
[04:18:51] [141/326] MIDL
[04:18:52] [142/326] VCSN
[04:18:53] [143/326] SKTG
[04:18:54] [144/326] SMWC
[04:18:55] [145/326] MNKH
[04:18:56] [146/326] PIAT
[04:18:57] [147/326] LTTP
[04:18:59] [148/326] PTPU
[04:19:00] [149/326] ACMG
[04:19:01] [150/326] SHMM
[04:19:01] 🔄 Identity reset
[04:19:01] 🔄 Identity rotated (every 10 requests)
[04:19:02] [151/326] MCMN
[04:19:03] [152/326] GLDC
[04:19:04] [153/326] HOUT
[04:19:04] [154/326] SVRP
[04:19:05] [155/326] PVDN
[04:19:06] [156/326] SCPY
[04:19:07] [157/326] DTPY
[04:19:08] [158/326] GKCS
[04:19:09] [159/326] NCAM
[04:19:10] [160/326] BSRM
[04:19:11] 🔄 Identity reset
[04:19:11] 🔄 Identity rotated (every 10 requests)
[04:19:11] [161/326] RCLC
[04:19:12] [162/326] SKKD
[04:19:13] [163/326] ACHU
[04:19:13] [164/326] RSCF
[04:19:14] [165/326] IMSH
[04:19:15] [166/326] MACX
[04:19:16] [167/326] HMMW
[04:19:17] [168/326] JTCP
[04:19:18] [169/326] SREN
[04:19:19] [170/326] PJRR
[04:19:19] 🔄 Identity reset
[04:19:19] 🔄 Identity rotated (every 10 requests)
[04:19:20] [171/326] INAC
[04:19:20] [172/326] BMCA
[04:19:21] [173/326] SHCB
[04:19:23] [174/326] GABA
[04:19:24] [175/326] SBCT
[04:19:25] [176/326] GCMA
[04:19:25] [177/326] MYTK
[04:19:26] [178/326] INZS
[04:19:27] [179/326] RMIK
[04:19:28] [180/326] NYCH
[04:19:29] 🔄 Identity reset
[04:19:29] 🔄 Identity rotated (every 10 requests)
[04:19:29] [181/326] RAVE
[04:19:30] [182/326] PSXM
[04:19:31] [183/326] MCGP
[04:19:32] [184/326] PDDK
[04:19:33] [185/326] SPCK
[04:19:34] [186/326] MCRL
[04:19:35] [187/326] MHKT
[04:19:36] [188/326] ANRR
[04:19:37] [189/326] SAPK
[04:19:37] [190/326] NCUK
[04:19:38] 🔄 Identity reset
[04:19:38] 🔄 Identity rotated (every 10 requests)
[04:19:38] [191/326] JUGA
[04:19:39] [192/326] DBSC
[04:19:40] [193/326] LALK
[04:19:41] [194/326] GUCK
[04:19:42] [195/326] STSG
[04:19:43] [196/326] PPPZ
[04:19:44] [197/326] CNCY
[04:19:45] [198/326] MTAR
[04:19:45] [199/326] VNKD
[04:19:46] [200/326] KMAJ
[04:19:47] 🔄 Identity reset
[04:19:47] 🔄 Identity rotated (every 10 requests)
[04:19:47] [201/326] ACXK
[04:19:48] [202/326] UTKC
[04:19:49] [203/326] PBLK
[04:19:50] [204/326] ACBX
[04:19:51] [205/326] PTGM
[04:19:52] [206/326] BTDA
[04:19:53] [207/326] PJMB
[04:19:54] [208/326] TPDA
[04:19:54] [209/326] AMOE
[04:19:55] [210/326] PRHT
[04:19:56] 🔄 Identity reset
[04:19:56] 🔄 Identity rotated (every 10 requests)
[04:19:56] [211/326] PRTA
[04:19:57] [212/326] STAM
[04:19:58] [213/326] MSAA
[04:19:59] [214/326] SDLU
[04:20:00] [215/326] RCHH
[04:20:01] [216/326] KANT
[04:20:02] [217/326] FCRT
[04:20:02] [218/326] DNKM
[04:20:03] [219/326] RYCP
[04:20:04] [220/326] MYRP
[04:20:05] 🔄 Identity reset
[04:20:05] 🔄 Identity rotated (every 10 requests)
[04:20:05] [221/326] PPAK
[04:20:06] [222/326] NVPK
[04:20:07] [223/326] PRMC
[04:20:08] [224/326] JBCS
[04:20:10] [225/326] GXCK
[04:20:11] [226/326] USKO
[04:20:12] [227/326] GTEM
[04:20:13] [228/326] SMBU
[04:20:13] [229/326] VETC
[04:20:14] [230/326] LCDA
[04:20:15] 🔄 Identity reset
[04:20:15] 🔄 Identity rotated (every 10 requests)
[04:20:15] [231/326] MTVT
[04:20:16] [232/326] PYCP
[04:20:17] [233/326] PNSC
[04:20:18] [234/326] PPCC
[04:20:19] [235/326] TGRT
[04:20:20] [236/326] JYOT
[04:20:21] [237/326] SRCZ
[04:20:22] [238/326] SJTE
[04:20:23] [239/326] DESC
[04:20:24] [240/326] JHVN
[04:20:24] 🔄 Identity reset
[04:20:24] 🔄 Identity rotated (every 10 requests)
[04:20:24] [241/326] IPSG
[04:20:25] [242/326] IPCM
[04:20:26] [243/326] PDRS
[04:20:27] [244/326] ANCV
[04:20:28] [245/326] CMVV
[04:20:29] [246/326] SHYP
[04:20:30] [247/326] DNCS
[04:20:31] [248/326] GAJK
[04:20:32] [249/326] AKTN
[04:20:33] [250/326] KAYA
[04:20:33] 🔄 Identity reset
[04:20:33] 🔄 Identity rotated (every 10 requests)
[04:20:34] [251/326] SBRC
[04:20:34] [252/326] CHTP
[04:20:35] [253/326] SHRT
[04:20:36] [254/326] BCKU
[04:20:37] [255/326] FCPS
[04:20:38] [256/326] ARDD
[04:20:39] [257/326] CPCM
[04:20:41] [258/326] CGSM
[04:20:42] [259/326] PSMP
[04:20:43] [260/326] SDAL
[04:20:43] 🔄 Identity reset
[04:20:43] 🔄 Identity rotated (every 10 requests)
[04:20:44] [261/326] RTNB
[04:20:45] [262/326] LMCR
[04:20:46] [263/326] CIMA
[04:20:47] [264/326] RNAS
[04:20:48] [265/326] LITH
[04:20:48] [266/326] PBOX
[04:20:49] [267/326] FRTS
[04:20:51] [268/326] RKIC
[04:20:52] [269/326] PTAI
[04:20:53] [270/326] GCIC
[04:20:53] 🔄 Identity reset
[04:20:53] 🔄 Identity rotated (every 10 requests)
[04:20:54] [271/326] FNAS
[04:20:55] [272/326] SCAR
[04:20:56] [273/326] MTCA
[04:20:56] [274/326] SCTS
[04:20:57] [275/326] SYCS
[04:20:59] [276/326] RDMS
[04:21:00] [277/326] KAMP
[04:21:00] [278/326] ERSD
[04:21:01] [279/326] MJMJ
[04:21:02] [280/326] SRCJ
[04:21:03] 🔄 Identity reset
[04:21:03] 🔄 Identity rotated (every 10 requests)
[04:21:03] [281/326] SCXE
[04:21:04] [282/326] SVFR
[04:21:05] [283/326] BHCS
[04:21:06] [284/326] IMCC
[04:21:07] [285/326] PCBO
[04:21:08] [286/326] PRVN
[04:21:09] [287/326] AUPM
[04:21:10] [288/326] INBW
[04:21:10] [289/326] SVCW
[04:21:11] [290/326] RKCF
[04:21:12] 🔄 Identity reset
[04:21:12] 🔄 Identity rotated (every 10 requests)
[04:21:13] [291/326] UVBH
[04:21:14] [292/326] DNCY
[04:21:15] [293/326] ABCN
[04:21:16] [294/326] PRUR
[04:21:17] [295/326] PFMR
[04:21:18] [296/326] RKCN
[04:21:19] [297/326] CFEA
[04:21:20] [298/326] SDBG
[04:21:21] [299/326] SNAR
[04:21:21] [300/326] YISI
[04:21:22] 🔄 Identity reset
[04:21:22] 🔄 Identity rotated (every 10 requests)
[04:21:23] [301/326] JCFF
[04:21:24] [302/326] VTRK
[04:21:24] [303/326] PCLZ
[04:21:25] [304/326] DIMY
[04:21:27] [305/326] BBTS
[04:21:28] [306/326] GATH
[04:21:28] [307/326] GTMN
[04:21:29] [308/326] VTMH
[04:21:30] [309/326] CCKP
[04:21:31] [310/326] GPKA
[04:21:32] 🔄 Identity reset
[04:21:32] 🔄 Identity rotated (every 10 requests)
[04:21:32] [311/326] MHCL
[04:21:33] [312/326] ATCL
[04:21:34] [313/326] SBCK
[04:21:35] [314/326] AMMR
[04:21:37] [315/326] MADC
[04:21:38] [316/326] TMMA
[04:21:38] [317/326] CACC
[04:21:39] [318/326] CHAL
[04:21:40] [319/326] DURG
[04:21:41] [320/326] GMKU
[04:21:42] 🔄 Identity reset
[04:21:42] 🔄 Identity rotated (every 10 requests)
[04:21:42] [321/326] GECA
[04:21:43] [322/326] KYRR
[04:21:44] [323/326] KSDE
[04:21:45] [324/326] LMCI
[04:21:45] [325/326] NKCP
[04:21:46] [326/326] BGTC
[04:21:48] ✅ DONE | Shows=5 | Movies=1
[05:16:32] 🚀 BMS DAILY TRACKER STARTED (enhanced anti‑detection)
[05:16:32] [1/326] BSAT
[05:16:33] 🧠 New identity created
[05:16:33] 🔄 Retry 1/5 for BSAT in 2.3s
[05:16:33] 🔄 Identity reset
[05:16:35] 🧠 New identity created
[05:16:35] [2/326] RSSM
[05:16:37] [3/326] GCTA
[05:16:38] [4/326] TOPN
[05:16:39] [5/326] MCUS
[05:16:40] [6/326] SHRL
[05:16:40] [7/326] UPTP
[05:16:41] [8/326] TMMP
[05:16:42] [9/326] DNRP
[05:16:43] 🔄 Identity reset
[05:16:43] 🔄 Identity rotated (every 10 requests)
[05:16:43] [10/326] SRLT
[05:16:45] [11/326] RCNS
[05:16:46] [12/326] DCBH
[05:16:48] [13/326] NAGJ
[05:16:49] [14/326] JVRC
[05:16:49] [15/326] KRJG
[05:16:50] [16/326] SRTJ
[05:16:51] [17/326] CMXM
[05:16:52] [18/326] STMI
[05:16:53] [19/326] SLST
[05:16:54] 🔄 Identity reset
[05:16:54] 🔄 Identity rotated (every 10 requests)
[05:16:54] [20/326] DTCN
[05:16:55] [21/326] STYN
[05:16:56] [22/326] SZVR
[05:16:57] [23/326] SRKO
[05:16:58] [24/326] JTGT
[05:16:59] [25/326] SVFD
[05:17:00] [26/326] SISD
[05:17:01] [27/326] ABDD
[05:17:01] [28/326] DRCA
[05:17:03] [29/326] AVCS
[05:17:04] 🔄 Identity reset
[05:17:04] 🔄 Identity rotated (every 10 requests)
[05:17:04] [30/326] MVKH
[05:17:05] [31/326] ACPR
[05:17:06] [32/326] STIP
[05:17:07] [33/326] MTRA
[05:17:07] [34/326] RMKH
[05:17:08] [35/326] NKRL
[05:17:09] [36/326] PCWN
[05:17:10] [37/326] BLMT
[05:17:11] [38/326] GDPG
[05:17:12] [39/326] SRMX
[05:17:13] 🔄 Identity reset
[05:17:13] 🔄 Identity rotated (every 10 requests)
[05:17:13] [40/326] JACP
[05:17:14] [41/326] CPSH
[05:17:15] [42/326] MCCD
[05:17:16] [43/326] ECGH
[05:17:16] [44/326] MKCK
[05:17:17] [45/326] SRMM
[05:17:18] [46/326] SKYR
[05:17:19] [47/326] PCKC
[05:17:20] [48/326] JCMA
[05:17:22] [49/326] BSMP
[05:17:22] 🔄 Identity reset
[05:17:22] 🔄 Identity rotated (every 10 requests)
[05:17:23] [50/326] VSPA
[05:17:24] [51/326] DJYA
[05:17:25] [52/326] DIMP
[05:17:26] [53/326] FXDR
[05:17:27] [54/326] SSRC
[05:17:27] [55/326] STHP
[05:17:28] [56/326] CPPD
[05:17:29] [57/326] FCLK
[05:17:30] [58/326] SCPP
[05:17:31] [59/326] DCMJ
[05:17:32] 🔄 Identity reset
[05:17:32] 🔄 Identity rotated (every 10 requests)
[05:17:32] [60/326] RCCR
[05:17:33] [61/326] INMT
[05:17:35] [62/326] LXTK
[05:17:36] [63/326] SRYK
[05:17:37] [64/326] SGDK
[05:17:38] [65/326] PPKA
[05:17:39] [66/326] SPKA
[05:17:40] [67/326] CGHH
[05:17:41] [68/326] DCJN
[05:17:42] [69/326] SRKV
[05:17:42] 🔄 Identity reset
[05:17:42] 🔄 Identity rotated (every 10 requests)
[05:17:43] [70/326] SAJC
[05:17:44] [71/326] SUSR
[05:17:45] [72/326] STYG
[05:17:46] [73/326] NTKP
[05:17:46] [74/326] AKTG
[05:17:47] [75/326] CGCM
[05:17:48] [76/326] TULC
[05:17:49] [77/326] NYYZ
[05:17:50] [78/326] NYBW
[05:17:51] [79/326] MACB
[05:17:52] 🔄 Identity reset
[05:17:52] 🔄 Identity rotated (every 10 requests)
[05:17:52] [80/326] SLVT
[05:17:53] [81/326] SANA
[05:17:54] [82/326] ACMR
[05:17:55] [83/326] CPKN
[05:17:56] [84/326] DLGK
[05:17:57] [85/326] CWCK
[05:17:58] [86/326] FDDH
[05:17:59] [87/326] MMMD
[05:17:59] [88/326] CMEH
[05:18:00] [89/326] GGGV
[05:18:01] 🔄 Identity reset
[05:18:01] 🔄 Identity rotated (every 10 requests)
[05:18:02] [90/326] SPJL
[05:18:02] [91/326] RCCD
[05:18:03] [92/326] STTZ
[05:18:04] [93/326] BTCF
[05:18:05] [94/326] TSTZ
[05:18:06] [95/326] IPMM
[05:18:07] [96/326] PMPW
[05:18:09] [97/326] PCMZ
[05:18:09] [98/326] ESEM
[05:18:11] [99/326] PIPO
[05:18:11] 🔄 Identity reset
[05:18:11] 🔄 Identity rotated (every 10 requests)
[05:18:11] [100/326] MATK
[05:18:12] [101/326] PGHM
[05:18:13] [102/326] CTSR
[05:18:14] [103/326] CYKR
[05:18:15] [104/326] MSCM
[05:18:16] [105/326] RFNP
[05:18:17] [106/326] PDCP
[05:18:18] [107/326] NPSE
[05:18:19] [108/326] MKML
[05:18:19] [109/326] FTDP
[05:18:20] 🔄 Identity reset
[05:18:20] 🔄 Identity rotated (every 10 requests)
[05:18:21] [110/326] MMXA
[05:18:22] [111/326] CEPO
[05:18:23] [112/326] CMVP
[05:18:24] [113/326] SGTH
[05:18:25] [114/326] SAYN
[05:18:26] [115/326] URVS
[05:18:27] [116/326] VJTN
[05:18:28] [117/326] BBYK
[05:18:29] [118/326] SHBO
[05:18:30] [119/326] VCMR
[05:18:30] 🔄 Identity reset
[05:18:30] 🔄 Identity rotated (every 10 requests)
[05:18:31] [120/326] MACT
[05:18:32] [121/326] JMNP
[05:18:33] [122/326] VICS
[05:18:34] [123/326] VCDA
[05:18:36] [124/326] GCMM
[05:18:37] [125/326] INVS
[05:18:38] [126/326] SCGM
[05:18:39] [127/326] PCDA
[05:18:39] [128/326] KDCT
[05:18:41] [129/326] JACS
[05:18:42] 🔄 Identity reset
[05:18:42] 🔄 Identity rotated (every 10 requests)
[05:18:43] [130/326] GMMC
[05:18:45] [131/326] AICM
[05:18:45] [132/326] TJCM
[05:18:46] [133/326] RMTI
[05:18:47] [134/326] SHAC
[05:18:48] [135/326] APJC
[05:18:50] [136/326] GCTG
[05:18:51] [137/326] SSMC
[05:18:52] [138/326] THRM
[05:18:53] [139/326] RBCT
[05:18:53] 🔄 Identity reset
[05:18:53] 🔄 Identity rotated (every 10 requests)
[05:18:54] [140/326] DIKT
[05:18:54] [141/326] MIDL
[05:18:56] [142/326] VCSN
[05:18:57] [143/326] SKTG
[05:18:58] [144/326] SMWC
[05:18:59] [145/326] MNKH
[05:19:00] [146/326] PIAT
[05:19:01] [147/326] LTTP
[05:19:02] [148/326] PTPU
[05:19:03] [149/326] ACMG
[05:19:04] 🔄 Identity reset
[05:19:04] 🔄 Identity rotated (every 10 requests)
[05:19:04] [150/326] SHMM
[05:19:05] [151/326] MCMN
[05:19:06] [152/326] GLDC
[05:19:07] [153/326] HOUT
[05:19:08] [154/326] SVRP
[05:19:09] [155/326] PVDN
[05:19:10] [156/326] SCPY
[05:19:10] [157/326] DTPY
[05:19:11] [158/326] GKCS
[05:19:12] [159/326] NCAM
[05:19:13] 🔄 Identity reset
[05:19:13] 🔄 Identity rotated (every 10 requests)
[05:19:13] [160/326] BSRM
[05:19:14] [161/326] RCLC
[05:19:15] [162/326] SKKD
[05:19:16] [163/326] ACHU
[05:19:17] [164/326] RSCF
[05:19:18] [165/326] IMSH
[05:19:19] [166/326] MACX
[05:19:20] [167/326] HMMW
[05:19:21] [168/326] JTCP
[05:19:22] [169/326] SREN
[05:19:22] 🔄 Identity reset
[05:19:22] 🔄 Identity rotated (every 10 requests)
[05:19:23] [170/326] PJRR
[05:19:24] [171/326] INAC
[05:19:25] [172/326] BMCA
[05:19:26] [173/326] SHCB
[05:19:27] [174/326] GABA
[05:19:28] [175/326] SBCT
[05:19:29] [176/326] GCMA
[05:19:30] [177/326] MYTK
[05:19:31] [178/326] INZS
[05:19:32] [179/326] RMIK
[05:19:32] 🔄 Identity reset
[05:19:32] 🔄 Identity rotated (every 10 requests)
[05:19:33] [180/326] NYCH
[05:19:34] [181/326] RAVE
[05:19:34] [182/326] PSXM
[05:19:35] [183/326] MCGP
[05:19:36] [184/326] PDDK
[05:19:37] [185/326] SPCK
[05:19:38] [186/326] MCRL
[05:19:39] [187/326] MHKT
[05:19:39] [188/326] ANRR
[05:19:40] [189/326] SAPK
[05:19:41] 🔄 Identity reset
[05:19:41] 🔄 Identity rotated (every 10 requests)
[05:19:41] [190/326] NCUK
[05:19:42] [191/326] JUGA
[05:19:43] [192/326] DBSC
[05:19:45] [193/326] LALK
[05:19:46] [194/326] GUCK
[05:19:47] [195/326] STSG
[05:19:48] [196/326] PPPZ
[05:19:49] [197/326] CNCY
[05:19:50] [198/326] MTAR
[05:19:51] [199/326] VNKD
[05:19:52] 🔄 Identity reset
[05:19:52] 🔄 Identity rotated (every 10 requests)
[05:19:53] [200/326] KMAJ
[05:19:54] [201/326] ACXK
[05:19:56] [202/326] UTKC
[05:19:57] [203/326] PBLK
[05:19:57] [204/326] ACBX
[05:19:58] [205/326] PTGM
[05:19:59] [206/326] BTDA
[05:20:00] [207/326] PJMB
[05:20:01] [208/326] TPDA
[05:20:02] [209/326] AMOE
[05:20:03] 🔄 Identity reset
[05:20:03] 🔄 Identity rotated (every 10 requests)
[05:20:04] [210/326] PRHT
[05:20:05] [211/326] PRTA
[05:20:06] [212/326] STAM
[05:20:07] [213/326] MSAA
[05:20:08] [214/326] SDLU
[05:20:08] [215/326] RCHH
[05:20:10] [216/326] KANT
[05:20:11] [217/326] FCRT
[05:20:12] [218/326] DNKM
[05:20:13] [219/326] RYCP
[05:20:13] 🔄 Identity reset
[05:20:13] 🔄 Identity rotated (every 10 requests)
[05:20:14] [220/326] MYRP
[05:20:15] [221/326] PPAK
[05:20:16] [222/326] NVPK
[05:20:16] [223/326] PRMC
[05:20:17] [224/326] JBCS
[05:20:18] [225/326] GXCK
[05:20:19] [226/326] USKO
[05:20:20] [227/326] GTEM
[05:20:21] [228/326] SMBU
[05:20:22] [229/326] VETC
[05:20:22] 🔄 Identity reset
[05:20:22] 🔄 Identity rotated (every 10 requests)
[05:20:24] [230/326] LCDA
[05:20:24] [231/326] MTVT
[05:20:26] [232/326] PYCP
[05:20:26] [233/326] PNSC
[05:20:27] [234/326] PPCC
[05:20:28] [235/326] TGRT
[05:20:29] [236/326] JYOT
[05:20:30] [237/326] SRCZ
[05:20:31] [238/326] SJTE
[05:20:33] [239/326] DESC
[05:20:33] 🔄 Identity reset
[05:20:34] 🔄 Identity rotated (every 10 requests)
[05:20:34] [240/326] JHVN
[05:20:35] [241/326] IPSG
[05:20:36] [242/326] IPCM
[05:20:36] [243/326] PDRS
[05:20:37] [244/326] ANCV
[05:20:38] [245/326] CMVV
[05:20:39] [246/326] SHYP
[05:20:40] [247/326] DNCS
[05:20:41] [248/326] GAJK
[05:20:42] [249/326] AKTN
[05:20:43] 🔄 Identity reset
[05:20:43] 🔄 Identity rotated (every 10 requests)
[05:20:43] [250/326] KAYA
[05:20:44] [251/326] SBRC
[05:20:46] [252/326] CHTP
[05:20:47] [253/326] SHRT
[05:20:47] [254/326] BCKU
[05:20:48] [255/326] FCPS
[05:20:49] [256/326] ARDD
[05:20:50] [257/326] CPCM
[05:20:51] [258/326] CGSM
[05:20:52] [259/326] PSMP
[05:20:53] 🔄 Identity reset
[05:20:53] 🔄 Identity rotated (every 10 requests)
[05:20:53] [260/326] SDAL
[05:20:54] [261/326] RTNB
[05:20:55] [262/326] LMCR
[05:20:57] [263/326] CIMA
[05:20:58] [264/326] RNAS
[05:20:59] [265/326] LITH
[05:21:00] [266/326] PBOX
[05:21:01] [267/326] FRTS
[05:21:02] [268/326] RKIC
[05:21:03] [269/326] PTAI
[05:21:03] 🔄 Identity reset
[05:21:03] 🔄 Identity rotated (every 10 requests)
[05:21:03] [270/326] GCIC
[05:21:05] [271/326] FNAS
[05:21:06] [272/326] SCAR
[05:21:07] [273/326] MTCA
[05:21:08] [274/326] SCTS
[05:21:09] [275/326] SYCS
[05:21:10] [276/326] RDMS
[05:21:10] [277/326] KAMP
[05:21:11] [278/326] ERSD
[05:21:12] [279/326] MJMJ
[05:21:13] 🔄 Identity reset
[05:21:13] 🔄 Identity rotated (every 10 requests)
[05:21:13] [280/326] SRCJ
[05:21:14] [281/326] SCXE
[05:21:15] [282/326] SVFR
[05:21:16] [283/326] BHCS
[05:21:17] [284/326] IMCC
[05:21:18] [285/326] PCBO
[05:21:18] [286/326] PRVN
[05:21:19] [287/326] AUPM
[05:21:20] [288/326] INBW
[05:21:21] [289/326] SVCW
[05:21:22] 🔄 Identity reset
[05:21:22] 🔄 Identity rotated (every 10 requests)
[05:21:22] [290/326] RKCF
[05:21:23] [291/326] UVBH
[05:21:24] [292/326] DNCY
[05:21:26] [293/326] ABCN
[05:21:27] [294/326] PRUR
[05:21:28] [295/326] PFMR
[05:21:29] [296/326] RKCN
[05:21:30] [297/326] CFEA
[05:21:31] [298/326] SDBG
[05:21:33] [299/326] SNAR
[05:21:33] 🔄 Identity reset
[05:21:33] 🔄 Identity rotated (every 10 requests)
[05:21:34] [300/326] YISI
[05:21:35] [301/326] JCFF
[05:21:36] [302/326] VTRK
[05:21:37] [303/326] PCLZ
[05:21:38] [304/326] DIMY
[05:21:39] [305/326] BBTS
[05:21:39] [306/326] GATH
[05:21:40] [307/326] GTMN
[05:21:42] [308/326] VTMH
[05:21:44] [309/326] CCKP
[05:21:44] 🔄 Identity reset
[05:21:44] 🔄 Identity rotated (every 10 requests)
[05:21:45] [310/326] GPKA
[05:21:46] [311/326] MHCL
[05:21:47] [312/326] ATCL
[05:21:48] [313/326] SBCK
[05:21:48] [314/326] AMMR
[05:21:50] [315/326] MADC
[05:21:51] [316/326] TMMA
[05:21:52] [317/326] CACC
[05:21:53] [318/326] CHAL
[05:21:55] [319/326] DURG
[05:21:55] 🔄 Identity reset
[05:21:55] 🔄 Identity rotated (every 10 requests)
[05:21:56] [320/326] GMKU
[05:21:57] [321/326] GECA
[05:21:57] [322/326] KYRR
[05:21:58] [323/326] KSDE
[05:21:59] [324/326] LMCI
[05:22:00] [325/326] NKCP
[05:22:01] [326/326] BGTC
[05:22:02] ✅ DONE | Shows=21 | Movies=4
[06:06:27] 🚀 BMS DAILY TRACKER STARTED (enhanced anti‑detection)
[06:06:27] [1/326] BSAT
[06:06:27] 🧠 New identity created
[06:06:28] [2/326] RSSM
[06:06:29] [3/326] GCTA
[06:06:30] [4/326] TOPN
[06:06:31] [5/326] MCUS
[06:06:32] [6/326] SHRL
[06:06:33] [7/326] UPTP
[06:06:34] [8/326] TMMP
[06:06:35] [9/326] DNRP
[06:06:35] [10/326] SRLT
[06:06:36] 🔄 Identity reset
[06:06:36] 🔄 Identity rotated (every 10 requests)
[06:06:37] [11/326] RCNS
[06:06:38] [12/326] DCBH
[06:06:38] [13/326] NAGJ
[06:06:39] [14/326] JVRC
[06:06:40] [15/326] KRJG
[06:06:41] [16/326] SRTJ
[06:06:42] [17/326] CMXM
[06:06:44] [18/326] STMI
[06:06:45] [19/326] SLST
[06:06:46] [20/326] DTCN
[06:06:47] 🔄 Identity reset
[06:06:47] 🔄 Identity rotated (every 10 requests)
[06:06:47] [21/326] STYN
[06:06:48] [22/326] SZVR
[06:06:49] [23/326] SRKO
[06:06:50] [24/326] JTGT
[06:06:53] [25/326] SVFD
[06:06:54] [26/326] SISD
[06:06:55] [27/326] ABDD
[06:06:56] [28/326] DRCA
[06:06:56] [29/326] AVCS
[06:06:57] [30/326] MVKH
[06:06:58] 🔄 Identity reset
[06:06:58] 🔄 Identity rotated (every 10 requests)
[06:06:59] [31/326] ACPR
[06:07:00] [32/326] STIP
[06:07:01] [33/326] MTRA
[06:07:02] [34/326] RMKH
[06:07:03] [35/326] NKRL
[06:07:04] [36/326] PCWN
[06:07:05] [37/326] BLMT
[06:07:06] [38/326] GDPG
[06:07:07] [39/326] SRMX
[06:07:08] [40/326] JACP
[06:07:09] 🔄 Identity reset
[06:07:09] 🔄 Identity rotated (every 10 requests)
[06:07:09] [41/326] CPSH
[06:07:10] [42/326] MCCD
[06:07:11] [43/326] ECGH
[06:07:12] [44/326] MKCK
[06:07:13] [45/326] SRMM
[06:07:14] [46/326] SKYR
[06:07:15] [47/326] PCKC
[06:07:15] [48/326] JCMA
[06:07:16] [49/326] BSMP
[06:07:17] [50/326] VSPA
[06:07:18] 🔄 Identity reset
[06:07:18] 🔄 Identity rotated (every 10 requests)
[06:07:18] [51/326] DJYA
[06:07:19] [52/326] DIMP
[06:07:20] [53/326] FXDR
[06:07:21] [54/326] SSRC
[06:07:22] [55/326] STHP
[06:07:22] [56/326] CPPD
[06:07:24] [57/326] FCLK
[06:07:25] [58/326] SCPP
[06:07:25] [59/326] DCMJ
[06:07:27] [60/326] RCCR
[06:07:27] 🔄 Identity reset
[06:07:27] 🔄 Identity rotated (every 10 requests)
[06:07:28] [61/326] INMT
[06:07:29] [62/326] LXTK
[06:07:31] [63/326] SRYK
[06:07:32] [64/326] SGDK
[06:07:33] [65/326] PPKA
[06:07:34] [66/326] SPKA
[06:07:35] [67/326] CGHH
[06:07:36] [68/326] DCJN
[06:07:37] [69/326] SRKV
[06:07:38] [70/326] SAJC
[06:07:39] 🔄 Identity reset
[06:07:39] 🔄 Identity rotated (every 10 requests)
[06:07:39] [71/326] SUSR
[06:07:41] [72/326] STYG
[06:07:42] [73/326] NTKP
[06:07:43] [74/326] AKTG
[06:07:44] [75/326] CGCM
[06:07:45] [76/326] TULC
[06:07:47] [77/326] NYYZ
[06:07:48] [78/326] NYBW
[06:07:49] [79/326] MACB
[06:07:50] [80/326] SLVT
[06:07:50] 🔄 Identity reset
[06:07:50] 🔄 Identity rotated (every 10 requests)
[06:07:51] [81/326] SANA
[06:07:53] [82/326] ACMR
[06:07:53] [83/326] CPKN
[06:07:55] [84/326] DLGK
[06:07:56] [85/326] CWCK
[06:07:57] [86/326] FDDH
[06:07:58] [87/326] MMMD
[06:08:00] [88/326] CMEH
[06:08:02] [89/326] GGGV
[06:08:02] [90/326] SPJL
[06:08:03] 🔄 Identity reset
[06:08:03] 🔄 Identity rotated (every 10 requests)
[06:08:03] [91/326] RCCD
[06:08:05] [92/326] STTZ
[06:08:07] [93/326] BTCF
[06:08:08] [94/326] TSTZ
[06:08:08] [95/326] IPMM
[06:08:09] [96/326] PMPW
[06:08:11] [97/326] PCMZ
[06:08:12] [98/326] ESEM
[06:08:13] [99/326] PIPO
[06:08:15] [100/326] MATK
[06:08:15] 🔄 Identity reset
[06:08:15] 🔄 Identity rotated (every 10 requests)
[06:08:16] [101/326] PGHM
[06:08:16] [102/326] CTSR
[06:08:17] [103/326] CYKR
[06:08:18] [104/326] MSCM
[06:08:19] [105/326] RFNP
[06:08:20] [106/326] PDCP
[06:08:22] [107/326] NPSE
[06:08:23] [108/326] MKML
[06:08:24] [109/326] FTDP
[06:08:24] [110/326] MMXA
[06:08:25] 🔄 Identity reset
[06:08:25] 🔄 Identity rotated (every 10 requests)
[06:08:26] [111/326] CEPO
[06:08:27] [112/326] CMVP
[06:08:28] [113/326] SGTH
[06:08:29] [114/326] SAYN
[06:08:30] [115/326] URVS
[06:08:32] [116/326] VJTN
[06:08:33] [117/326] BBYK
[06:08:34] [118/326] SHBO
[06:08:36] [119/326] VCMR
[06:08:37] [120/326] MACT
[06:08:37] 🔄 Identity reset
[06:08:37] 🔄 Identity rotated (every 10 requests)
[06:08:38] [121/326] JMNP
[06:08:39] [122/326] VICS
[06:08:39] [123/326] VCDA
[06:08:40] [124/326] GCMM
[06:08:41] [125/326] INVS
[06:08:42] [126/326] SCGM
[06:08:43] [127/326] PCDA
[06:08:44] [128/326] KDCT
[06:08:45] [129/326] JACS
[06:08:46] [130/326] GMMC
[06:08:46] 🔄 Identity reset
[06:08:46] 🔄 Identity rotated (every 10 requests)
[06:08:47] [131/326] AICM
[06:08:48] [132/326] TJCM
[06:08:49] [133/326] RMTI
[06:08:50] [134/326] SHAC
[06:08:52] [135/326] APJC
[06:08:52] [136/326] GCTG
[06:08:53] [137/326] SSMC
[06:08:55] [138/326] THRM
[06:08:56] [139/326] RBCT
[06:08:57] [140/326] DIKT
[06:08:58] 🔄 Identity reset
[06:08:58] 🔄 Identity rotated (every 10 requests)
[06:08:58] [141/326] MIDL
[06:08:59] [142/326] VCSN
[06:09:00] [143/326] SKTG
[06:09:01] [144/326] SMWC
[06:09:02] [145/326] MNKH
[06:09:03] [146/326] PIAT
[06:09:03] [147/326] LTTP
[06:09:05] [148/326] PTPU
[06:09:06] [149/326] ACMG
[06:09:07] [150/326] SHMM
[06:09:08] 🔄 Identity reset
[06:09:08] 🔄 Identity rotated (every 10 requests)
[06:09:08] [151/326] MCMN
[06:09:09] [152/326] GLDC
[06:09:10] [153/326] HOUT
[06:09:11] [154/326] SVRP
[06:09:12] [155/326] PVDN
[06:09:14] [156/326] SCPY
[06:09:15] [157/326] DTPY
[06:09:16] [158/326] GKCS
[06:09:17] [159/326] NCAM
[06:09:19] [160/326] BSRM
[06:09:20] 🔄 Identity reset
[06:09:20] 🔄 Identity rotated (every 10 requests)
[06:09:20] [161/326] RCLC
[06:09:21] [162/326] SKKD
[06:09:22] [163/326] ACHU
[06:09:23] [164/326] RSCF
[06:09:24] [165/326] IMSH
[06:09:25] [166/326] MACX
[06:09:26] [167/326] HMMW
[06:09:29] [168/326] JTCP
[06:09:29] [169/326] SREN
[06:09:31] [170/326] PJRR
[06:09:31] 🔄 Identity reset
[06:09:31] 🔄 Identity rotated (every 10 requests)
[06:09:32] [171/326] INAC
[06:09:33] [172/326] BMCA
[06:09:34] [173/326] SHCB
[06:09:35] [174/326] GABA
[06:09:35] [175/326] SBCT
[06:09:36] [176/326] GCMA
[06:09:38] [177/326] MYTK
[06:09:38] [178/326] INZS
[06:09:39] [179/326] RMIK
[06:09:40] [180/326] NYCH
[06:09:41] 🔄 Identity reset
[06:09:41] 🔄 Identity rotated (every 10 requests)
[06:09:41] [181/326] RAVE
[06:09:42] [182/326] PSXM
[06:09:43] [183/326] MCGP
[06:09:44] [184/326] PDDK
[06:09:45] [185/326] SPCK
[06:09:46] [186/326] MCRL
[06:09:46] [187/326] MHKT
[06:09:48] [188/326] ANRR
[06:09:48] [189/326] SAPK
[06:09:49] [190/326] NCUK
[06:09:50] 🔄 Identity reset
[06:09:50] 🔄 Identity rotated (every 10 requests)
[06:09:50] [191/326] JUGA
[06:09:51] [192/326] DBSC
[06:09:52] [193/326] LALK
[06:09:53] [194/326] GUCK
[06:09:54] [195/326] STSG
[06:09:55] [196/326] PPPZ
[06:09:56] [197/326] CNCY
[06:09:57] [198/326] MTAR
[06:09:58] [199/326] VNKD
[06:09:59] [200/326] KMAJ
[06:10:00] 🔄 Identity reset
[06:10:00] 🔄 Identity rotated (every 10 requests)
[06:10:00] [201/326] ACXK
[06:10:01] [202/326] UTKC
[06:10:02] [203/326] PBLK
[06:10:03] [204/326] ACBX
[06:10:04] [205/326] PTGM
[06:10:05] [206/326] BTDA
[06:10:06] [207/326] PJMB
[06:10:07] [208/326] TPDA
[06:10:08] [209/326] AMOE
[06:10:09] [210/326] PRHT
[06:10:10] 🔄 Identity reset
[06:10:10] 🔄 Identity rotated (every 10 requests)
[06:10:10] [211/326] PRTA
[06:10:11] [212/326] STAM
[06:10:12] [213/326] MSAA
[06:10:13] [214/326] SDLU
[06:10:14] [215/326] RCHH
[06:10:15] [216/326] KANT
[06:10:16] [217/326] FCRT
[06:10:17] [218/326] DNKM
[06:10:17] [219/326] RYCP
[06:10:18] [220/326] MYRP
[06:10:19] 🔄 Identity reset
[06:10:19] 🔄 Identity rotated (every 10 requests)
[06:10:19] [221/326] PPAK
[06:10:20] [222/326] NVPK
[06:10:21] [223/326] PRMC
[06:10:22] [224/326] JBCS
[06:10:23] [225/326] GXCK
[06:10:24] [226/326] USKO
[06:10:25] [227/326] GTEM
[06:10:26] [228/326] SMBU
[06:10:27] [229/326] VETC
[06:10:27] [230/326] LCDA
[06:10:28] 🔄 Identity reset
[06:10:28] 🔄 Identity rotated (every 10 requests)
[06:10:28] [231/326] MTVT
[06:10:29] [232/326] PYCP
[06:10:30] [233/326] PNSC
[06:10:31] [234/326] PPCC
[06:10:32] [235/326] TGRT
[06:10:34] [236/326] JYOT
[06:10:35] [237/326] SRCZ
[06:10:35] [238/326] SJTE
[06:10:36] [239/326] DESC
[06:10:37] [240/326] JHVN
[06:10:38] 🔄 Identity reset
[06:10:38] 🔄 Identity rotated (every 10 requests)
[06:10:39] [241/326] IPSG
[06:10:40] [242/326] IPCM
[06:10:41] [243/326] PDRS
[06:10:42] [244/326] ANCV
[06:10:43] [245/326] CMVV
[06:10:44] [246/326] SHYP
[06:10:45] [247/326] DNCS
[06:10:47] [248/326] GAJK
[06:10:48] [249/326] AKTN
[06:10:49] [250/326] KAYA
[06:10:50] 🔄 Identity reset
[06:10:50] 🔄 Identity rotated (every 10 requests)
[06:10:50] [251/326] SBRC
[06:10:52] [252/326] CHTP
[06:10:52] [253/326] SHRT
[06:10:53] [254/326] BCKU
[06:10:54] [255/326] FCPS
[06:10:55] [256/326] ARDD
[06:10:56] [257/326] CPCM
[06:10:57] [258/326] CGSM
[06:10:58] [259/326] PSMP
[06:10:59] [260/326] SDAL
[06:11:00] 🔄 Identity reset
[06:11:00] 🔄 Identity rotated (every 10 requests)
[06:11:00] [261/326] RTNB
[06:11:01] [262/326] LMCR
[06:11:02] [263/326] CIMA
[06:11:03] [264/326] RNAS
[06:11:04] [265/326] LITH
[06:11:05] [266/326] PBOX
[06:11:06] [267/326] FRTS
[06:11:07] [268/326] RKIC
[06:11:08] [269/326] PTAI
[06:11:09] [270/326] GCIC
[06:11:09] 🔄 Identity reset
[06:11:09] 🔄 Identity rotated (every 10 requests)
[06:11:09] [271/326] FNAS
[06:11:10] [272/326] SCAR
[06:11:11] [273/326] MTCA
[06:11:12] [274/326] SCTS
[06:11:13] [275/326] SYCS
[06:11:14] [276/326] RDMS
[06:11:15] [277/326] KAMP
[06:11:16] [278/326] ERSD
[06:11:17] [279/326] MJMJ
[06:11:18] [280/326] SRCJ
[06:11:19] 🔄 Identity reset
[06:11:19] 🔄 Identity rotated (every 10 requests)
[06:11:19] [281/326] SCXE
[06:11:20] [282/326] SVFR
[06:11:21] [283/326] BHCS
[06:11:22] [284/326] IMCC
[06:11:23] [285/326] PCBO
[06:11:24] [286/326] PRVN
[06:11:25] [287/326] AUPM
[06:11:26] [288/326] INBW
[06:11:28] [289/326] SVCW
[06:11:28] [290/326] RKCF
[06:11:29] 🔄 Identity reset
[06:11:29] 🔄 Identity rotated (every 10 requests)
[06:11:29] [291/326] UVBH
[06:11:30] [292/326] DNCY
[06:11:31] [293/326] ABCN
[06:11:32] [294/326] PRUR
[06:11:33] [295/326] PFMR
[06:11:34] [296/326] RKCN
[06:11:35] [297/326] CFEA
[06:11:36] [298/326] SDBG
[06:11:37] [299/326] SNAR
[06:11:38] [300/326] YISI
[06:11:39] 🔄 Identity reset
[06:11:39] 🔄 Identity rotated (every 10 requests)
[06:11:39] [301/326] JCFF
[06:11:40] [302/326] VTRK
[06:11:41] [303/326] PCLZ
[06:11:42] [304/326] DIMY
[06:11:43] [305/326] BBTS
[06:11:44] [306/326] GATH
[06:11:45] [307/326] GTMN
[06:11:46] [308/326] VTMH
[06:11:47] [309/326] CCKP
[06:11:48] [310/326] GPKA
[06:11:49] 🔄 Identity reset
[06:11:49] 🔄 Identity rotated (every 10 requests)
[06:11:50] [311/326] MHCL
[06:11:51] [312/326] ATCL
[06:11:52] [313/326] SBCK
[06:11:53] [314/326] AMMR
[06:11:54] [315/326] MADC
[06:11:55] [316/326] TMMA
[06:11:56] [317/326] CACC
[06:11:58] [318/326] CHAL
[06:11:59] [319/326] DURG
[06:12:00] [320/326] GMKU
[06:12:01] 🔄 Identity reset
[06:12:01] 🔄 Identity rotated (every 10 requests)
[06:12:02] [321/326] GECA
[06:12:03] [322/326] KYRR
[06:12:04] [323/326] KSDE
[06:12:05] [324/326] LMCI
[06:12:06] [325/326] NKCP
[06:12:07] [326/326] BGTC
[06:12:08] ✅ DONE | Shows=102 | Movies=20
