[01:28:50] 🚀 SCRIPT STARTED (enhanced anti‑detection)
[01:28:50] [1/458] MBDC
[01:28:50] 🧠 New identity created
[01:28:51] [2/458] CHKM
[01:28:52] [3/458] JTKZ
[01:28:52] [4/458] CMCT
[01:28:53] [5/458] ASHO
[01:28:54] [6/458] ECDG
[01:28:55] [7/458] SPAT
[01:28:56] [8/458] HILC
[01:28:57] [9/458] SPPH
[01:28:58] [10/458] SBHN
[01:28:59] 🔄 Identity reset
[01:28:59] 🔄 Identity rotated (every 10 requests)
[01:28:59] [11/458] RRCA
[01:29:00] [12/458] APAA
[01:29:01] [13/458] RAME
[01:29:02] [14/458] TMMS
[01:29:03] [15/458] BATK
[01:29:04] [16/458] LKOP
[01:29:05] [17/458] AMTT
[01:29:05] [18/458] PTGK
[01:29:07] [19/458] ANRS
[01:29:07] [20/458] VWBW
[01:29:08] 🔄 Identity reset
[01:29:08] 🔄 Identity rotated (every 10 requests)
[01:29:08] [21/458] SVFG
[01:29:09] [22/458] STAT
[01:29:10] [23/458] GDCV
[01:29:11] [24/458] VEBI
[01:29:12] [25/458] VDSS
[01:29:14] [26/458] NTHV
[01:29:14] [27/458] AOCH
[01:29:15] [28/458] KASR
[01:29:16] [29/458] AYCS
[01:29:18] [30/458] SHAI
[01:29:19] 🔄 Identity reset
[01:29:19] 🔄 Identity rotated (every 10 requests)
[01:29:20] [31/458] SKPE
[01:29:21] [32/458] SBTA
[01:29:21] [33/458] RTTD
[01:29:22] [34/458] CCJD
[01:29:23] [35/458] RSJJ
[01:29:24] [36/458] RKND
[01:29:25] [37/458] SVTX
[01:29:26] [38/458] BAKM
[01:29:27] [39/458] SVDC
[01:29:28] [40/458] MNCV
[01:29:29] 🔄 Identity reset
[01:29:29] 🔄 Identity rotated (every 10 requests)
[01:29:29] [41/458] SJGC
[01:29:30] [42/458] MTPK
[01:29:31] [43/458] GATP
[01:29:32] [44/458] ABTS
[01:29:33] [45/458] ABDE
[01:29:34] [46/458] RCNM
[01:29:35] [47/458] KTHV
[01:29:35] [48/458] MDGJ
[01:29:36] [49/458] SMLM
[01:29:37] [50/458] JTMA
[01:29:38] 🔄 Identity reset
[01:29:38] 🔄 Identity rotated (every 10 requests)
[01:29:38] [51/458] ACKP
[01:29:39] [52/458] SRTA
[01:29:40] [53/458] STAY
[01:29:41] [54/458] MAVO
[01:29:42] [55/458] APTS
[01:29:43] [56/458] OMEA
[01:29:44] [57/458] TTFD
[01:29:45] [58/458] MJCU
[01:29:46] [59/458] CXTE
[01:29:47] [60/458] CTPX
[01:29:47] 🔄 Identity reset
[01:29:47] 🔄 Identity rotated (every 10 requests)
[01:29:48] [61/458] ASSL
[01:29:49] [62/458] CMVB
[01:29:49] [63/458] VPUR
[01:29:50] [64/458] JJDA
[01:29:51] [65/458] INBL
[01:29:52] [66/458] BIKB
[01:29:53] [67/458] NTBB
[01:29:55] [68/458] GLOB
[01:29:56] [69/458] SNTB
[01:29:57] [70/458] CHGV
[01:29:57] 🔄 Identity reset
[01:29:57] 🔄 Identity rotated (every 10 requests)
[01:29:58] [71/458] SSBZ
[01:29:59] [72/458] PRDB
[01:30:00] [73/458] ISMT
[01:30:00] [74/458] MCSD
[01:30:01] [75/458] JBTT
[01:30:02] [76/458] GEKR
[01:30:03] [77/458] PVUN
[01:30:04] [78/458] NRTB
[01:30:05] [79/458] PRAA
[01:30:06] [80/458] PCBL
[01:30:06] 🔄 Identity reset
[01:30:06] 🔄 Identity rotated (every 10 requests)
[01:30:07] [81/458] PTCM
[01:30:08] [82/458] KHNN
[01:30:09] [83/458] OMJE
[01:30:10] [84/458] STGN
[01:30:12] [85/458] RPMS
[01:30:13] [86/458] NWAD
[01:30:14] [87/458] BLCK
[01:30:15] [88/458] SVAA
[01:30:16] [89/458] URVM
[01:30:16] [90/458] ANTM
[01:30:17] 🔄 Identity reset
[01:30:17] 🔄 Identity rotated (every 10 requests)
[01:30:17] [91/458] VJYM
[01:30:19] [92/458] MAZZ
[01:30:20] [93/458] CSHM
[01:30:21] [94/458] WGMH
[01:30:22] [95/458] SALN
[01:30:24] [96/458] BRTP
[01:30:24] [97/458] SVTA
[01:30:25] [98/458] SBTP
[01:30:26] [99/458] VLSS
[01:30:27] [100/458] SRJA
[01:30:28] 🔄 Identity reset
[01:30:28] 🔄 Identity rotated (every 10 requests)
[01:30:28] [101/458] ANCG
[01:30:29] [102/458] CGGC
[01:30:30] [103/458] CRJA
[01:30:32] [104/458] USCR
[01:30:33] [105/458] MMEF
[01:30:34] [106/458] JCRJ
[01:30:35] [107/458] ADCM
[01:30:35] [108/458] BMYK
[01:30:36] [109/458] KICS
[01:30:37] [110/458] MBBT
[01:30:37] 🔄 Identity reset
[01:30:38] 🔄 Identity rotated (every 10 requests)
[01:30:38] [111/458] MACK
[01:30:39] [112/458] CLDR
[01:30:39] [113/458] JYCR
[01:30:41] [114/458] DCRP
[01:30:41] [115/458] RAHT
[01:30:42] [116/458] CSSM
[01:30:43] [117/458] ATPK
[01:30:44] [118/458] KLRT
[01:30:45] [119/458] SRDD
[01:30:46] [120/458] CKMC
[01:30:46] 🔄 Identity reset
[01:30:46] 🔄 Identity rotated (every 10 requests)
[01:30:47] [121/458] KRVM
[01:30:48] [122/458] AKCP
[01:30:49] [123/458] CNCV
[01:30:50] [124/458] PACT
[01:30:51] [125/458] NATP
[01:30:51] [126/458] PCPK
[01:30:52] [127/458] SMHO
[01:30:53] [128/458] CWTK
[01:30:55] [129/458] RVKZ
[01:30:56] [130/458] ASPD
[01:30:56] 🔄 Identity reset
[01:30:56] 🔄 Identity rotated (every 10 requests)
[01:30:57] [131/458] VTKZ
[01:30:57] [132/458] LCSO
[01:30:58] [133/458] PRDY
[01:31:00] [134/458] RCAP
[01:31:01] [135/458] RGAR
[01:31:02] [136/458] RCAC
[01:31:04] [137/458] PMOD
[01:31:05] [138/458] PVCN
[01:31:06] [139/458] SCRZ
[01:31:06] [140/458] PVPC
[01:31:07] 🔄 Identity reset
[01:31:07] 🔄 Identity rotated (every 10 requests)
[01:31:07] [141/458] STID
[01:31:08] [142/458] NEDD
[01:31:09] [143/458] BNBA
[01:31:10] [144/458] NTCD
[01:31:11] [145/458] OCDE
[01:31:12] [146/458] CCDU
[01:31:13] [147/458] CRXH
[01:31:14] [148/458] VLVT
[01:31:15] [149/458] CICI
[01:31:16] [150/458] SUCB
[01:31:17] 🔄 Identity reset
[01:31:17] 🔄 Identity rotated (every 10 requests)
[01:31:17] [151/458] TCBP
[01:31:18] [152/458] SCCY
[01:31:19] [153/458] LXCY
[01:31:20] [154/458] NCMD
[01:31:21] [155/458] PHCS
[01:31:22] [156/458] DUXR
[01:31:23] [157/458] VNKS
[01:31:24] [158/458] SEDP
[01:31:25] [159/458] SVEN
[01:31:27] [160/458] SRKM
[01:31:27] 🔄 Identity reset
[01:31:27] 🔄 Identity rotated (every 10 requests)
[01:31:27] [161/458] JTLT
[01:31:28] [162/458] SVSS
[01:31:29] [163/458] AMDE
[01:31:30] [164/458] WVRN
[01:31:31] [165/458] ISMG
[01:31:32] [166/458] WVKS
[01:31:33] [167/458] USCG
[01:31:34] [168/458] IOTG
[01:31:35] [169/458] RRJM
[01:31:36] [170/458] EDMP
[01:31:36] 🔄 Identity reset
[01:31:36] 🔄 Identity rotated (every 10 requests)
[01:31:37] [171/458] SCGZ
[01:31:38] [172/458] GMGX
[01:31:39] [173/458] OMTP
[01:31:40] [174/458] MITD
[01:31:40] [175/458] SMMD
[01:31:41] [176/458] STML
[01:31:42] [177/458] MCFS
[01:31:43] [178/458] FPKA
[01:31:44] [179/458] OMLR
[01:31:46] [180/458] KKSC
[01:31:46] 🔄 Identity reset
[01:31:46] 🔄 Identity rotated (every 10 requests)
[01:31:47] [181/458] RVMA
[01:31:48] [182/458] SCLL
[01:31:49] [183/458] SCDK
[01:31:49] [184/458] SXMI
[01:31:50] [185/458] SHDN
[01:31:51] [186/458] PAAD
[01:31:52] [187/458] UUCB
[01:31:53] [188/458] JHOL
[01:31:54] [189/458] SGWT
[01:31:56] [190/458] SRII
[01:31:56] 🔄 Identity reset
[01:31:56] 🔄 Identity rotated (every 10 requests)
[01:31:57] [191/458] SGCK
[01:31:58] [192/458] SVVB
[01:31:59] [193/458] DMHA
[01:31:59] [194/458] PPNL
[01:32:00] [195/458] CPNL
[01:32:01] [196/458] WVLD
[01:32:02] [197/458] PSLV
[01:32:03] [198/458] VTTL
[01:32:03] [199/458] NPAD
[01:32:04] [200/458] PVCS
[01:32:05] 🔄 Identity reset
[01:32:05] 🔄 Identity rotated (every 10 requests)
[01:32:05] [201/458] MCHL
[01:32:06] [202/458] PPLL
[01:32:07] [203/458] MALO
[01:32:08] [204/458] SWBH
[01:32:10] [205/458] PUGB
[01:32:11] [206/458] INBB
[01:32:11] [207/458] INNS
[01:32:12] [208/458] MCPT
[01:32:13] [209/458] SCMI
[01:32:14] [210/458] OCON
[01:32:15] 🔄 Identity reset
[01:32:15] 🔄 Identity rotated (every 10 requests)
[01:32:15] [211/458] SCSM
[01:32:16] [212/458] RJVN
[01:32:17] [213/458] AMDK
[01:32:18] [214/458] ISMR
[01:32:19] [215/458] SMTD
[01:32:20] [216/458] VTDD
[01:32:21] [217/458] PDDZ
[01:32:22] [218/458] PCCK
[01:32:23] [219/458] INAM
[01:32:24] [220/458] FNKT
[01:32:25] 🔄 Identity reset
[01:32:25] 🔄 Identity rotated (every 10 requests)
[01:32:25] [221/458] GDKA
[01:32:26] [222/458] MAYU
[01:32:27] [223/458] TCGU
[01:32:28] [224/458] KDCA
[01:32:30] [225/458] DOMY
[01:32:31] [226/458] PDDD
[01:32:32] [227/458] BJTS
[01:32:33] [228/458] VTCA
[01:32:34] [229/458] SBTM
[01:32:35] [230/458] SEET
[01:32:36] 🔄 Identity reset
[01:32:36] 🔄 Identity rotated (every 10 requests)
[01:32:36] [231/458] SSTJ
[01:32:38] [232/458] SVNT
[01:32:39] [233/458] PPPR
[01:32:40] [234/458] PVYS
[01:32:41] [235/458] IOSE
[01:32:41] [236/458] ACTV
[01:32:42] [237/458] APVE
[01:32:43] [238/458] TCCL
[01:32:44] [239/458] SCMO
[01:32:45] [240/458] SAUM
[01:32:46] 🔄 Identity reset
[01:32:46] 🔄 Identity rotated (every 10 requests)
[01:32:46] [241/458] KCJS
[01:32:47] [242/458] NJCJ
[01:32:48] [243/458] NECF
[01:32:49] [244/458] CCGW
[01:32:50] [245/458] CCMG
[01:32:50] [246/458] NYRG
[01:32:51] [247/458] NCSQ
[01:32:52] [248/458] GRCG
[01:32:53] [249/458] CCBT
[01:32:54] [250/458] ACGA
[01:32:55] 🔄 Identity reset
[01:32:55] 🔄 Identity rotated (every 10 requests)
[01:32:55] [251/458] INAG
[01:32:56] [252/458] FUCG
[01:32:57] [253/458] AICF
[01:32:58] [254/458] GRGA
[01:32:59] [255/458] GDCN
[01:33:00] [256/458] RRCG
[01:33:01] [257/458] SDCH
[01:33:02] [258/458] WVJM
[01:33:03] [259/458] JCCZ
[01:33:04] [260/458] CNCL
[01:33:05] 🔄 Identity reset
[01:33:05] 🔄 Identity rotated (every 10 requests)
[01:33:05] [261/458] TMLV
[01:33:06] [262/458] MEMB
[01:33:07] [263/458] SGTD
[01:33:08] [264/458] CONX
[01:33:09] [265/458] CCMH
[01:33:10] [266/458] ACMC
[01:33:11] [267/458] DTPD
[01:33:11] [268/458] POJA
[01:33:13] [269/458] FNBH
[01:33:14] [270/458] CGCB
[01:33:14] 🔄 Identity reset
[01:33:14] 🔄 Identity rotated (every 10 requests)
[01:33:15] [271/458] RACN
[01:33:16] [272/458] JTSM
[01:33:18] [273/458] SCDN
[01:33:18] [274/458] AACK
[01:33:20] [275/458] RMCE
[01:33:21] [276/458] BSGB
[01:33:22] [277/458] MRCB
[01:33:23] [278/458] SRVR
[01:33:23] [279/458] VTKK
[01:33:25] [280/458] AMST
[01:33:26] 🔄 Identity reset
[01:33:26] 🔄 Identity rotated (every 10 requests)
[01:33:26] [281/458] APCY
[01:33:27] [282/458] LMHO
[01:33:28] [283/458] MTZH
[01:33:29] [284/458] AMZB
[01:33:30] [285/458] SUVT
[01:33:31] [286/458] RCIP
[01:33:32] [287/458] KESR
[01:33:33] [288/458] SNKC
[01:33:34] [289/458] SCED
[01:33:34] [290/458] DVCA
[01:33:35] 🔄 Identity reset
[01:33:35] 🔄 Identity rotated (every 10 requests)
[01:33:35] [291/458] VCDT
[01:33:36] [292/458] RRDI
[01:33:37] [293/458] DFCH
[01:33:38] [294/458] INSC
[01:33:39] [295/458] RGTR
[01:33:40] [296/458] FMOT
[01:33:41] [297/458] SCPM
[01:33:42] [298/458] GCDT
[01:33:43] [299/458] BRKT
[01:33:44] [300/458] DEMP
[01:33:45] 🔄 Identity reset
[01:33:45] 🔄 Identity rotated (every 10 requests)
[01:33:45] [301/458] SRLC
[01:33:47] [302/458] KSTT
[01:33:48] [303/458] SMMT
[01:33:49] [304/458] SILM
[01:33:50] [305/458] JCVM
[01:33:52] [306/458] KCSV
[01:33:53] [307/458] MHLK
[01:33:55] [308/458] SLVL
[01:33:56] [309/458] RJKP
[01:33:56] [310/458] BBPC
[01:33:57] 🔄 Identity reset
[01:33:57] 🔄 Identity rotated (every 10 requests)
[01:33:58] [311/458] MXCB
[01:33:59] [312/458] TCPK
[01:34:00] [313/458] RTBR
[01:34:00] [314/458] GAUT
[01:34:01] [315/458] DVCF
[01:34:02] [316/458] JTSB
[01:34:03] [317/458] SBLS
[01:34:04] [318/458] UDAY
[01:34:05] [319/458] PTNP
[01:34:06] [320/458] DMKT
[01:34:06] 🔄 Identity reset
[01:34:06] 🔄 Identity rotated (every 10 requests)
[01:34:07] [321/458] NTDT
[01:34:08] [322/458] SHDJ
[01:34:09] [323/458] OTNC
[01:34:09] [324/458] RNTW
[01:34:11] [325/458] GCMI
[01:34:11] [326/458] CRCM
[01:34:12] [327/458] NNCZ
[01:34:13] [328/458] OEMO
[01:34:14] [329/458] PVJM
[01:34:16] [330/458] CPJI
[01:34:17] 🔄 Identity reset
[01:34:17] 🔄 Identity rotated (every 10 requests)
[01:34:17] [331/458] RMCJ
[01:34:18] [332/458] CNWJ
[01:34:19] [333/458] EPJM
[01:34:20] [334/458] FNJJ
[01:34:21] [335/458] GCMJ
[01:34:21] [336/458] INPS
[01:34:22] [337/458] BICJ
[01:34:23] [338/458] ISTJ
[01:34:24] [339/458] INJC
[01:34:25] [340/458] GLXJ
[01:34:26] 🔄 Identity reset
[01:34:26] 🔄 Identity rotated (every 10 requests)
[01:34:26] [341/458] INEM
[01:34:27] [342/458] JTMN
[01:34:28] [343/458] FRCJ
[01:34:29] [344/458] DDJP
[01:34:29] [345/458] INJV
[01:34:30] [346/458] GOLC
[01:34:31] [347/458] KOCI
[01:34:32] [348/458] FSTD
[01:34:33] [349/458] PACJ
[01:34:34] [350/458] GMCN
[01:34:35] 🔄 Identity reset
[01:34:35] 🔄 Identity rotated (every 10 requests)
[01:34:35] [351/458] MMDJ
[01:34:36] [352/458] GODH
[01:34:37] [353/458] SKYN
[01:34:38] [354/458] NCTH
[01:34:38] [355/458] SKVZ
[01:34:39] [356/458] SVML
[01:34:40] [357/458] ACVZ
[01:34:41] [358/458] SURA
[01:34:42] [359/458] RTRB
[01:34:43] [360/458] LLCT
[01:34:43] 🔄 Identity reset
[01:34:43] 🔄 Identity rotated (every 10 requests)
[01:34:43] [361/458] ATTS
[01:34:44] [362/458] JYCM
[01:34:45] [363/458] CTKR
[01:34:46] [364/458] LCKR
[01:34:47] [365/458] NYCV
[01:34:48] [366/458] NYOH
[01:34:48] [367/458] NOVX
[01:34:49] [368/458] MRGK
[01:34:51] [369/458] MOON
[01:34:52] [370/458] SBUC
[01:34:52] 🔄 Identity reset
[01:34:52] 🔄 Identity rotated (every 10 requests)
[01:34:53] [371/458] GSVA
[01:34:53] [372/458] VIAK
[01:34:54] [373/458] SMVZ
[01:34:55] [374/458] MATE
[01:34:56] [375/458] RDCN
[01:34:57] [376/458] ASBL
[01:34:58] [377/458] ASVS
[01:34:59] [378/458] ASSR
[01:34:59] [379/458] SSKN
[01:35:00] [380/458] DRPV
[01:35:01] 🔄 Identity reset
[01:35:01] 🔄 Identity rotated (every 10 requests)
[01:35:01] [381/458] MRHT
[01:35:03] [382/458] BSCN
[01:35:04] [383/458] RKNX
[01:35:05] [384/458] MSMC
[01:35:06] [385/458] MSCJ
[01:35:07] [386/458] BTBJ
[01:35:07] [387/458] MJCC
[01:35:08] [388/458] IOMM
[01:35:09] [389/458] ADGR
[01:35:10] [390/458] MYCP
[01:35:11] 🔄 Identity reset
[01:35:11] 🔄 Identity rotated (every 10 requests)
[01:35:11] [391/458] IGCM
[01:35:12] [392/458] PGRK
[01:35:14] [393/458] VPGO
[01:35:15] [394/458] KOMS
[01:35:15] [395/458] URGG
[01:35:16] [396/458] GOST
[01:35:17] [397/458] LACT
[01:35:18] [398/458] BWCM
[01:35:19] [399/458] NCCW
[01:35:20] [400/458] SKYC
[01:35:20] 🔄 Identity reset
[01:35:20] 🔄 Identity rotated (every 10 requests)
[01:35:21] [401/458] CCPM
[01:35:22] [402/458] VCBT
[01:35:23] [403/458] SDKR
[01:35:24] [404/458] CTYB
[01:35:25] [405/458] SHCX
[01:35:26] [406/458] RCUN
[01:35:27] [407/458] CNRA
[01:35:28] [408/458] RFCA
[01:35:29] [409/458] RDCU
[01:35:30] [410/458] SARK
[01:35:31] 🔄 Identity reset
[01:35:31] 🔄 Identity rotated (every 10 requests)
[01:35:31] [411/458] SPPP
[01:35:33] [412/458] ADMB
[01:35:34] [413/458] JYOE
[01:35:35] [414/458] SRMD
[01:35:36] [415/458] RJDH
[01:35:37] [416/458] SSTD
[01:35:38] [417/458] AACV
[01:35:39] [418/458] PPVD
[01:35:40] [419/458] STCP
[01:35:41] [420/458] ANLS
[01:35:41] 🔄 Identity reset
[01:35:41] 🔄 Identity rotated (every 10 requests)
[01:35:42] [421/458] BIJO
[01:35:43] [422/458] AVAB
[01:35:43] [423/458] SPMD
[01:35:44] [424/458] SVJL
[01:35:45] [425/458] SDDJ
[01:35:46] [426/458] SLTU
[01:35:47] [427/458] SAKA
[01:35:48] [428/458] PMAM
[01:35:49] [429/458] FNAM
[01:35:50] [430/458] ACAM
[01:35:50] 🔄 Identity reset
[01:35:50] 🔄 Identity rotated (every 10 requests)
[01:35:51] [431/458] SCMM
[01:35:53] [432/458] PMAK
[01:35:53] [433/458] NYSA
[01:35:55] [434/458] FCPA
[01:35:56] [435/458] GDAN
[01:35:57] [436/458] RSCA
[01:35:58] [437/458] DMAN
[01:35:59] [438/458] DZCM
[01:36:00] [439/458] NSGL
[01:36:01] [440/458] CCPP
[01:36:01] 🔄 Identity reset
[01:36:01] 🔄 Identity rotated (every 10 requests)
[01:36:01] [441/458] PSMG
[01:36:02] [442/458] GSER
[01:36:03] [443/458] FCCT
[01:36:04] [444/458] FCTB
[01:36:05] [445/458] LCNK
[01:36:06] [446/458] SKTY
[01:36:07] [447/458] INAA
[01:36:08] [448/458] RCWN
[01:36:09] [449/458] VAIS
[01:36:10] [450/458] CVMN
[01:36:10] 🔄 Identity reset
[01:36:10] 🔄 Identity rotated (every 10 requests)
[01:36:11] [451/458] INTS
[01:36:12] [452/458] FRGS
[01:36:12] [453/458] DTCK
[01:36:13] [454/458] MCMH
[01:36:14] [455/458] ECRR
[01:36:15] [456/458] RLLP
[01:36:16] [457/458] CCSN
[01:36:17] [458/458] CCBA
[01:36:19] 🧹 Deduping shows
[01:36:19] ✅ DONE | Shows=1813 | Movies=73
