[01:32:00] 🚀 DISTRICT → BMS9 CONVERTER STARTED
[01:32:00] 📅 DATE_CODE: 20261014
[01:32:00] 📅 Date: 2026-10-14
[01:32:00] 🚫 Worker logic: DISABLED
[01:32:00] 🔑 Venue matching: ID ONLY
[01:32:00] 🚫 alldistrictvenues.json: NOT USED
[01:32:00] 🚫 Venue-name matching: NOT USED
[01:32:00] 📍 Selected venue records: 756
[01:32:00] 🎯 Selected venue IDs: 756
[01:32:00] 📡 Fetching Detailed JSON:
[01:32:00]    https://districtdata2026.pages.dev/advance/2026-10-14_Detailed.json
[01:32:00] ✅ Source loaded
[01:32:00]    Source date: 2026-10-14
[01:32:00]    Last updated: 01:29 AM, 11 October 2026
[01:32:00]    Movie keys: 102
[01:32:01] 🎬 Source movie keys: 102
[01:32:01] 🎟️ Selected-venue show rows: 1881
[01:32:01] 🚫 Non-selected show rows ignored: 9447
[01:32:01] ℹ️ Non-selected venue IDs encountered: 590
[01:32:01]    ⏭️ Source venue ID not selected: 1022309
[01:32:01]    ⏭️ Source venue ID not selected: 58725
[01:32:01]    ⏭️ Source venue ID not selected: 1036105
[01:32:01]    ⏭️ Source venue ID not selected: 1019947
[01:32:01]    ⏭️ Source venue ID not selected: 1020714
[01:32:01]    ⏭️ Source venue ID not selected: 1020699
[01:32:01]    ⏭️ Source venue ID not selected: 2173
[01:32:01]    ⏭️ Source venue ID not selected: 62624
[01:32:01]    ⏭️ Source venue ID not selected: 873
[01:32:01]    ⏭️ Source venue ID not selected: 1100720
[01:32:01]    ⏭️ Source venue ID not selected: 1337
[01:32:01]    ⏭️ Source venue ID not selected: 1008726
[01:32:01]    ⏭️ Source venue ID not selected: 63300
[01:32:01]    ⏭️ Source venue ID not selected: 62512
[01:32:01]    ⏭️ Source venue ID not selected: 1020698
[01:32:01]    ⏭️ Source venue ID not selected: 4000
[01:32:01]    ⏭️ Source venue ID not selected: 3184
[01:32:01]    ⏭️ Source venue ID not selected: 1018525
[01:32:01]    ⏭️ Source venue ID not selected: 913
[01:32:01]    ⏭️ Source venue ID not selected: 1020705
[01:32:01]    ... and 570 more
[01:32:01] 📦 Previous shows: 0
[01:32:01] 🆕 Fresh shows: 1881
[01:32:01] 📦 Final shows: 1881
[01:32:01] ✅ DONE | Shows=1881 | Movies=48
[01:32:01] 📄 Detailed: advance/data/20261014/detailed9.json
[01:32:01] 📄 Summary: advance/data/20261014/movie_summary9.json
