[00:16:25] 🚀 BMS DAILY TRACKER STARTED (enhanced anti‑detection)
[00:16:25] [1/456] FNDB
[00:16:25] 🧠 New identity created
[00:16:26] [2/456] AMBH
[00:16:27] [3/456] PRHN
[00:16:28] [4/456] ACPM
[00:16:29] [5/456] PVFS
[00:16:30] [6/456] AACN
[00:16:31] [7/456] ACAS
[00:16:32] [8/456] CTNR
[00:16:33] [9/456] MMAH
[00:16:34] [10/456] CPMH
[00:16:35] 🔄 Identity reset
[00:16:35] 🔄 Identity rotated (every 10 requests)
[00:16:35] [11/456] IGMH
[00:16:37] [12/456] ABCS
[00:16:38] [13/456] CMMA
[00:16:38] [14/456] GPRH
[00:16:39] [15/456] PNNG
[00:16:40] [16/456] AMCA
[00:16:41] [17/456] ISTN
[00:16:42] [18/456] PIIC
[00:16:44] [19/456] AHMH
[00:16:45] [20/456] ASHN
[00:16:45] 🔄 Identity reset
[00:16:45] 🔄 Identity rotated (every 10 requests)
[00:16:46] [21/456] INHY
[00:16:47] [22/456] SRMO
[00:16:48] [23/456] PIMH
[00:16:50] [24/456] PVTS
[00:16:52] [25/456] MMCA
[00:16:53] [26/456] AKYJ
[00:16:54] [27/456] BRKH
[00:16:55] [28/456] MAHM
[00:16:56] [29/456] CPHY
[00:16:57] [30/456] PVTP
[00:16:58] 🔄 Identity reset
[00:16:58] 🔄 Identity rotated (every 10 requests)
[00:16:58] [31/456] SMMR
[00:16:59] [32/456] PVHM
[00:17:00] [33/456] SNDY
[00:17:01] [34/456] GOKU
[00:17:02] [35/456] ACEV
[00:17:03] [36/456] PVUM
[00:17:04] [37/456] VSWA
[00:17:05] [38/456] IPRS
[00:17:06] [39/456] BKMV
[00:17:07] [40/456] PVYH
[00:17:08] 🔄 Identity reset
[00:17:08] 🔄 Identity rotated (every 10 requests)
[00:17:09] [41/456] INKM
[00:17:10] [42/456] ARJU
[00:17:11] [43/456] JJPP
[00:17:12] [44/456] SSRM
[00:17:13] [45/456] HMHD
[00:17:14] [46/456] SNKH
[00:17:15] [47/456] ACHI
[00:17:16] [48/456] MRAA
[00:17:17] [49/456] INMH
[00:17:18] [50/456] ARMH
[00:17:19] 🔄 Identity reset
[00:17:19] 🔄 Identity rotated (every 10 requests)
[00:17:19] [51/456] DVRR
[00:17:20] [52/456] SUDA
[00:17:21] [53/456] MCSS
[00:17:23] [54/456] VRKC
[00:17:24] [55/456] PRCX
[00:17:25] [56/456] ASJY
[00:17:26] [57/456] MTHY
[00:17:27] [58/456] SRCM
[00:17:27] [59/456] TVHY
[00:17:29] [60/456] STHD
[00:17:30] 🔄 Identity reset
[00:17:30] 🔄 Identity rotated (every 10 requests)
[00:17:31] [61/456] CPCL
[00:17:32] [62/456] PSMJ
[00:17:33] [63/456] MRGT
[00:17:34] [64/456] ARYH
[00:17:35] [65/456] VTRB
[00:17:36] [66/456] SCHC
[00:17:37] [67/456] MRRG
[00:17:38] [68/456] SPCB
[00:17:39] [69/456] AMCM
[00:17:40] [70/456] IVNM
[00:17:41] 🔄 Identity reset
[00:17:41] 🔄 Identity rotated (every 10 requests)
[00:17:41] 🔄 Retry 1/5 for IVNM in 2.4s
[00:17:41] 🔄 Identity reset
[00:17:43] 🧠 New identity created
[00:17:44] [71/456] TRHY
[00:17:45] [72/456] PTTH
[00:17:46] [73/456] RKMH
[00:17:47] [74/456] PRCS
[00:17:48] [75/456] VAJA
[00:17:49] [76/456] BJNG
[00:17:49] [77/456] SCVM
[00:17:50] [78/456] GNHB
[00:17:51] [79/456] TLUR
[00:17:52] 🔄 Identity reset
[00:17:52] 🔄 Identity rotated (every 10 requests)
[00:17:52] 🔄 Retry 1/5 for TLUR in 2.7s
[00:17:52] 🔄 Identity reset
[00:17:55] 🧠 New identity created
[00:17:55] [80/456] UKCC
[00:17:56] [81/456] SRKR
[00:17:57] [82/456] RMKN
[00:17:58] [83/456] SLRT
[00:17:59] [84/456] LKMT
[00:18:00] [85/456] SSRJ
[00:18:01] [86/456] SPHT
[00:18:02] [87/456] ANTT
[00:18:03] [88/456] SRCH
[00:18:03] 🔄 Identity reset
[00:18:03] 🔄 Identity rotated (every 10 requests)
[00:18:03] [89/456] SRCA
[00:18:05] [90/456] ARTH
[00:18:06] [91/456] MCBH
[00:18:07] [92/456] SNIB
[00:18:08] [93/456] SART
[00:18:09] [94/456] SKTA
[00:18:10] [95/456] YAKT
[00:18:10] [96/456] MLCK
[00:18:11] [97/456] ANTS
[00:18:12] [98/456] DGCA
[00:18:13] 🔄 Identity reset
[00:18:13] 🔄 Identity rotated (every 10 requests)
[00:18:13] [99/456] SGMP
[00:18:14] [100/456] ASWN
[00:18:15] [101/456] KFVU
[00:18:16] [102/456] POOR
[00:18:17] [103/456] GKDN
[00:18:18] [104/456] EOSE
[00:18:19] [105/456] GTTT
[00:18:20] [106/456] ARRO
[00:18:21] [107/456] CMMK
[00:18:22] [108/456] MSCN
[00:18:23] 🔄 Identity reset
[00:18:23] 🔄 Identity rotated (every 10 requests)
[00:18:23] [109/456] GDKH
[00:18:24] [110/456] DLMT
[00:18:25] [111/456] PVMF
[00:18:26] [112/456] CPCK
[00:18:27] [113/456] VMHE
[00:18:27] [114/456] PVLC
[00:18:28] [115/456] PCVB
[00:18:29] [116/456] SNYK
[00:18:30] [117/456] KTEK
[00:18:31] [118/456] PCNM
[00:18:32] 🔄 Identity reset
[00:18:32] 🔄 Identity rotated (every 10 requests)
[00:18:32] 🔄 Retry 1/5 for PCNM in 2.3s
[00:18:32] 🔄 Identity reset
[00:18:34] 🧠 New identity created
[00:18:35] [119/456] NTTR
[00:18:36] [120/456] CPSK
[00:18:37] [121/456] JMMA
[00:18:38] [122/456] GCFK
[00:18:39] [123/456] MYCA
[00:18:41] [124/456] KSNP
[00:18:42] [125/456] PMCE
[00:18:43] [126/456] SCKI
[00:18:44] [127/456] FSMA
[00:18:44] 🔄 Identity reset
[00:18:44] 🔄 Identity rotated (every 10 requests)
[00:18:44] 🔄 Retry 1/5 for FSMA in 2.4s
[00:18:44] 🔄 Identity reset
[00:18:47] 🧠 New identity created
[00:18:47] [128/456] CETA
[00:18:48] [129/456] MCIK
[00:18:49] [130/456] MYCR
[00:18:51] [131/456] EVMP
[00:18:52] [132/456] SSGT
[00:18:53] [133/456] KCTK
[00:18:53] [134/456] ZTKC
[00:18:54] [135/456] MMTA
[00:18:55] [136/456] MAJT
[00:18:56] 🔄 Identity reset
[00:18:56] 🔄 Identity rotated (every 10 requests)
[00:18:57] [137/456] ACPK
[00:18:58] [138/456] JMAX
[00:18:59] [139/456] SETK
[00:19:00] [140/456] CAIS
[00:19:01] [141/456] AGCD
[00:19:02] [142/456] URCL
[00:19:03] [143/456] VTDS
[00:19:04] [144/456] JCNM
[00:19:05] [145/456] KCAM
[00:19:06] [146/456] ADCU
[00:19:06] 🔄 Identity reset
[00:19:06] 🔄 Identity rotated (every 10 requests)
[00:19:06] 🔄 Retry 1/5 for ADCU in 2.4s
[00:19:06] 🔄 Identity reset
[00:19:09] 🧠 New identity created
[00:19:09] [147/456] GXYN
[00:19:10] [148/456] SMJG
[00:19:11] [149/456] EYCJ
[00:19:12] [150/456] CCEJ
[00:19:13] [151/456] MARS
[00:19:14] [152/456] CPVJ
[00:19:15] [153/456] INVP
[00:19:16] [154/456] CPOV
[00:19:16] [155/456] VIJK
[00:19:17] 🔄 Identity reset
[00:19:17] 🔄 Identity rotated (every 10 requests)
[00:19:17] 🔄 Retry 1/5 for VIJK in 2.6s
[00:19:17] 🔄 Identity reset
[00:19:20] 🧠 New identity created
[00:19:20] 🔄 Retry 2/5 for VIJK in 5.0s
[00:19:20] 🔄 Identity reset
[00:19:25] 🧠 New identity created
[00:19:25] [156/456] LAIM
[00:19:26] [157/456] STHV
[00:19:28] [158/456] SVLJ
[00:19:29] [159/456] ATVJ
[00:19:30] [160/456] JTSC
[00:19:31] [161/456] RMTV
[00:19:32] [162/456] MGGG
[00:19:33] [163/456] SWTH
[00:19:33] 🔄 Identity reset
[00:19:33] 🔄 Identity rotated (every 10 requests)
[00:19:34] [164/456] INVJ
[00:19:34] [165/456] PRSV
[00:19:35] [166/456] JATV
[00:19:36] [167/456] RCVD
[00:19:37] [168/456] BDMA
[00:19:38] [169/456] BLJI
[00:19:40] [170/456] SWOT
[00:19:41] [171/456] SWRN
[00:19:42] [172/456] TVRA
[00:19:43] [173/456] NVRN
[00:19:43] 🔄 Identity reset
[00:19:43] 🔄 Identity rotated (every 10 requests)
[00:19:44] [174/456] SIKC
[00:19:45] [175/456] VAKR
[00:19:46] [176/456] SYLN
[00:19:47] [177/456] KLJL
[00:19:48] [178/456] LKMY
[00:19:49] [179/456] VSLY
[00:19:50] [180/456] CIKO
[00:19:51] [181/456] GPBG
[00:19:53] [182/456] CECM
[00:19:54] [183/456] SLKB
[00:19:54] 🔄 Identity reset
[00:19:55] 🔄 Identity rotated (every 10 requests)
[00:19:55] [184/456] MTBO
[00:19:56] [185/456] SSHB
[00:19:57] [186/456] VPCS
[00:19:57] [187/456] RCSR
[00:19:59] [188/456] RJRM
[00:19:59] [189/456] KPPB
[00:20:00] [190/456] SEDC
[00:20:01] [191/456] SCAI
[00:20:02] [192/456] RMTR
[00:20:04] [193/456] ASST
[00:20:04] 🔄 Identity reset
[00:20:04] 🔄 Identity rotated (every 10 requests)
[00:20:05] [194/456] GCAK
[00:20:06] [195/456] ANNK
[00:20:07] [196/456] KDDF
[00:20:08] [197/456] NRDP
[00:20:09] [198/456] PLAK
[00:20:10] [199/456] GCMC
[00:20:11] [200/456] ALPY
[00:20:12] [201/456] SICE
[00:20:13] [202/456] SISR
[00:20:14] [203/456] SRPZ
[00:20:15] 🔄 Identity reset
[00:20:15] 🔄 Identity rotated (every 10 requests)
[00:20:15] 🔄 Retry 1/5 for SRPZ in 2.8s
[00:20:15] 🔄 Identity reset
[00:20:18] 🧠 New identity created
[00:20:18] 🔄 Retry 2/5 for SRPZ in 4.4s
[00:20:18] 🔄 Identity reset
[00:20:22] 🧠 New identity created
[00:20:23] [204/456] SRSW
[00:20:24] [205/456] SUYA
[00:20:25] [206/456] AMMT
[00:20:27] [207/456] BHCU
[00:20:28] [208/456] KLPA
[00:20:29] [209/456] NVKH
[00:20:30] [210/456] JMRC
[00:20:31] [211/456] KTTT
[00:20:32] 🔄 Identity reset
[00:20:32] 🔄 Identity rotated (every 10 requests)
[00:20:32] [212/456] MAGH
[00:20:33] [213/456] MMMX
[00:20:36] [214/456] SALJ
[00:20:37] [215/456] GTJA
[00:20:38] [216/456] MAHT
[00:20:39] [217/456] SSNN
[00:20:41] [218/456] ARRP
[00:20:42] [219/456] ATNS
[00:20:43] [220/456] SKDT
[00:20:44] [221/456] ACAT
[00:20:44] 🔄 Identity reset
[00:20:44] 🔄 Identity rotated (every 10 requests)
[00:20:45] [222/456] APRC
[00:20:45] [223/456] SWAG
[00:20:47] [224/456] SDPT
[00:20:48] [225/456] STPS
[00:20:50] [226/456] WWCZ
[00:20:51] [227/456] LLCH
[00:20:52] [228/456] MZHA
[00:20:53] [229/456] CRJG
[00:20:54] [230/456] JGTK
[00:20:55] [231/456] KCSR
[00:20:55] 🔄 Identity reset
[00:20:55] 🔄 Identity rotated (every 10 requests)
[00:20:55] 🔄 Retry 1/5 for KCSR in 2.9s
[00:20:55] 🔄 Identity reset
[00:20:58] 🧠 New identity created
[00:20:59] [232/456] CHTL
[00:21:00] [233/456] EDSR
[00:21:01] [234/456] CSWO
[00:21:02] [235/456] CPVM
[00:21:03] [236/456] MXBY
[00:21:04] [237/456] FMMA
[00:21:05] [238/456] POVI
[00:21:05] [239/456] MTHB
[00:21:06] [240/456] INRC
[00:21:07] 🔄 Identity reset
[00:21:07] 🔄 Identity rotated (every 10 requests)
[00:21:07] [241/456] PIPP
[00:21:09] [242/456] BMXC
[00:21:09] [243/456] PCMM
[00:21:10] [244/456] PMKM
[00:21:12] [245/456] GATY
[00:21:13] [246/456] IMCM
[00:21:14] [247/456] POPE
[00:21:15] [248/456] MTCR
[00:21:16] [249/456] PVAE
[00:21:17] [250/456] PVMI
[00:21:17] 🔄 Identity reset
[00:21:17] 🔄 Identity rotated (every 10 requests)
[00:21:18] [251/456] CPNM
[00:21:19] [252/456] FMRL
[00:21:20] [253/456] MCIW
[00:21:20] [254/456] MXBO
[00:21:21] [255/456] FMKY
[00:21:23] [256/456] FMDA
[00:21:24] [257/456] THAB
[00:21:25] [258/456] PRCW
[00:21:26] [259/456] PITI
[00:21:27] [260/456] MCFF
[00:21:27] 🔄 Identity reset
[00:21:27] 🔄 Identity rotated (every 10 requests)
[00:21:28] [261/456] PDDV
[00:21:28] [262/456] MCRM
[00:21:29] [263/456] KKMB
[00:21:30] [264/456] INKO
[00:21:31] [265/456] PLXP
[00:21:32] [266/456] MMHA
[00:21:33] [267/456] FMVS
[00:21:34] [268/456] POLM
[00:21:35] [269/456] STER
[00:21:36] [270/456] PVWJ
[00:21:36] 🔄 Identity reset
[00:21:36] 🔄 Identity rotated (every 10 requests)
[00:21:36] 🔄 Retry 1/5 for PVWJ in 2.1s
[00:21:36] 🔄 Identity reset
[00:21:38] 🧠 New identity created
[00:21:39] [271/456] IMJW
[00:21:40] [272/456] FNAN
[00:21:41] [273/456] CAGL
[00:21:42] [274/456] IPBG
[00:21:43] [275/456] SMFV
[00:21:44] [276/456] MMMR
[00:21:45] [277/456] MMWM
[00:21:45] [278/456] FNCM
[00:21:46] [279/456] MDVA
[00:21:47] 🔄 Identity reset
[00:21:47] 🔄 Identity rotated (every 10 requests)
[00:21:47] 🔄 Retry 1/5 for MDVA in 2.1s
[00:21:47] 🔄 Identity reset
[00:21:49] 🧠 New identity created
[00:21:49] 🔄 Retry 2/5 for MDVA in 4.3s
[00:21:49] 🔄 Identity reset
[00:21:53] 🧠 New identity created
[00:21:54] [280/456] MMET
[00:21:55] [281/456] MIDO
[00:21:56] [282/456] INNP
[00:21:56] [283/456] MIFU
[00:21:57] [284/456] MMSZ
[00:21:59] [285/456] BMXA
[00:22:00] [286/456] MCAA
[00:22:01] [287/456] SCVP
[00:22:02] 🔄 Identity reset
[00:22:02] 🔄 Identity rotated (every 10 requests)
[00:22:02] 🔄 Retry 1/5 for SCVP in 2.2s
[00:22:02] 🔄 Identity reset
[00:22:04] 🧠 New identity created
[00:22:04] [288/456] PLUS
[00:22:05] [289/456] MUCK
[00:22:06] [290/456] MTMA
[00:22:07] [291/456] HPVR
[00:22:08] [292/456] PMPK
[00:22:09] [293/456] MAJB
[00:22:10] [294/456] CTRR
[00:22:12] [295/456] MCTG
[00:22:13] [296/456] MACE
[00:22:13] 🔄 Identity reset
[00:22:13] 🔄 Identity rotated (every 10 requests)
[00:22:14] [297/456] AAAS
[00:22:15] [298/456] CPVV
[00:22:15] [299/456] RCHG
[00:22:16] [300/456] MCNE
[00:22:17] [301/456] EMNC
[00:22:18] [302/456] MCAN
[00:22:19] [303/456] TCDM
[00:22:21] [304/456] IRGT
[00:22:22] [305/456] GCMG
[00:22:23] [306/456] MXSN
[00:22:23] 🔄 Identity reset
[00:22:23] 🔄 Identity rotated (every 10 requests)
[00:22:24] [307/456] MXCK
[00:22:25] [308/456] MCRC
[00:22:26] [309/456] RSMI
[00:22:26] [310/456] WAML
[00:22:27] [311/456] MTSC
[00:22:28] [312/456] FMDR
[00:22:30] [313/456] LEPV
[00:22:31] [314/456] MTGD
[00:22:32] [315/456] IMOB
[00:22:33] [316/456] CLMM
[00:22:33] 🔄 Identity reset
[00:22:33] 🔄 Identity rotated (every 10 requests)
[00:22:34] [317/456] PZCD
[00:22:36] [318/456] GOCS
[00:22:37] [319/456] KCMA
[00:22:37] [320/456] CCMP
[00:22:38] [321/456] MTSU
[00:22:39] [322/456] SNGL
[00:22:40] [323/456] MMMC
[00:22:41] [324/456] MMAA
[00:22:42] [325/456] GCDM
[00:22:43] [326/456] KTMV
[00:22:44] 🔄 Identity reset
[00:22:44] 🔄 Identity rotated (every 10 requests)
[00:22:44] [327/456] AETE
[00:22:46] [328/456] OMCS
[00:22:47] [329/456] GDCD
[00:22:48] [330/456] NYMD
[00:22:48] [331/456] RNCV
[00:22:49] [332/456] KKMT
[00:22:50] [333/456] GDTH
[00:22:51] [334/456] KMMV
[00:22:52] [335/456] NHCG
[00:22:54] [336/456] PJDW
[00:22:54] 🔄 Identity reset
[00:22:54] 🔄 Identity rotated (every 10 requests)
[00:22:55] [337/456] MMCV
[00:22:55] [338/456] FQSA
[00:22:56] [339/456] KURL
[00:22:57] [340/456] NNNX
[00:22:58] [341/456] AMAU
[00:22:59] [342/456] VVVM
[00:23:00] [343/456] VECU
[00:23:01] [344/456] WCVR
[00:23:02] [345/456] MTGG
[00:23:04] [346/456] SGTG
[00:23:05] 🔄 Identity reset
[00:23:05] 🔄 Identity rotated (every 10 requests)
[00:23:05] [347/456] MNTG
[00:23:06] [348/456] JDDG
[00:23:07] [349/456] MBTK
[00:23:09] [350/456] SGCD
[00:23:10] [351/456] MCTC
[00:23:11] [352/456] JTPC
[00:23:11] [353/456] SDKT
[00:23:12] [354/456] KRCC
[00:23:13] [355/456] RMMD
[00:23:14] [356/456] AAME
[00:23:15] 🔄 Identity reset
[00:23:15] 🔄 Identity rotated (every 10 requests)
[00:23:15] [357/456] TMWC
[00:23:16] [358/456] NRWY
[00:23:17] [359/456] CITD
[00:23:18] [360/456] VERD
[00:23:19] [361/456] MKSK
[00:23:20] [362/456] STSM
[00:23:21] [363/456] MJDG
[00:23:22] [364/456] RKPM
[00:23:23] [365/456] SSCE
[00:23:25] [366/456] VMAE
[00:23:25] 🔄 Identity reset
[00:23:25] 🔄 Identity rotated (every 10 requests)
[00:23:26] [367/456] SBRU
[00:23:27] [368/456] AMBC
[00:23:28] [369/456] AMLU
[00:23:29] [370/456] INVZ
[00:23:30] [371/456] LGTV
[00:23:31] [372/456] SVAD
[00:23:32] [373/456] SMSA
[00:23:32] [374/456] SPCZ
[00:23:33] [375/456] GTCX
[00:23:34] [376/456] SCSL
[00:23:35] 🔄 Identity reset
[00:23:35] 🔄 Identity rotated (every 10 requests)
[00:23:35] [377/456] SAHU
[00:23:36] [378/456] NCDA
[00:23:37] [379/456] SCCG
[00:23:38] [380/456] VKTL
[00:23:39] [381/456] PUUJ
[00:23:41] [382/456] STEJ
[00:23:42] [383/456] RJAL
[00:23:43] [384/456] ACJC
[00:23:44] [385/456] ARVB
[00:23:45] [386/456] AUBB
[00:23:46] 🔄 Identity reset
[00:23:46] 🔄 Identity rotated (every 10 requests)
[00:23:46] [387/456] GDBR
[00:23:47] [388/456] PVND
[00:23:48] [389/456] BGRJ
[00:23:49] [390/456] RJMM
[00:23:50] [391/456] MCSA
[00:23:51] [392/456] BODA
[00:23:53] [393/456] JAGG
[00:23:54] [394/456] SCGA
[00:23:55] [395/456] LRCM
[00:23:56] [396/456] CPCN
[00:23:57] 🔄 Identity reset
[00:23:57] 🔄 Identity rotated (every 10 requests)
[00:23:58] [397/456] SSTF
[00:23:59] [398/456] SRXP
[00:24:00] [399/456] CNFX
[00:24:01] [400/456] ANDI
[00:24:02] [401/456] SYEW
[00:24:03] [402/456] RCRE
[00:24:04] [403/456] SCRW
[00:24:05] [404/456] MBKR
[00:24:06] [405/456] ASNT
[00:24:08] [406/456] JTMT
[00:24:08] 🔄 Identity reset
[00:24:08] 🔄 Identity rotated (every 10 requests)
[00:24:08] 🔄 Retry 1/5 for JTMT in 2.3s
[00:24:08] 🔄 Identity reset
[00:24:10] 🧠 New identity created
[00:24:11] [407/456] SHAY
[00:24:12] [408/456] VRTH
[00:24:13] [409/456] SPTI
[00:24:14] [410/456] DPTD
[00:24:15] [411/456] TGSN
[00:24:16] [412/456] RCWV
[00:24:16] [413/456] OCUR
[00:24:17] [414/456] KSTC
[00:24:18] [415/456] SANI
[00:24:19] 🔄 Identity reset
[00:24:19] 🔄 Identity rotated (every 10 requests)
[00:24:19] [416/456] MLCA
[00:24:20] [417/456] EGCA
[00:24:22] [418/456] SYSN
[00:24:23] [419/456] PKTA
[00:24:23] [420/456] PRCC
[00:24:25] [421/456] KSTR
[00:24:26] [422/456] SNTP
[00:24:27] [423/456] RCHA
[00:24:28] [424/456] SEEA
[00:24:29] [425/456] ALAT
[00:24:29] 🔄 Identity reset
[00:24:29] 🔄 Identity rotated (every 10 requests)
[00:24:30] [426/456] AATV
[00:24:31] [427/456] RJTE
[00:24:33] [428/456] AAPP
[00:24:34] [429/456] PMMH
[00:24:35] [430/456] INRJ
[00:24:36] [431/456] SARB
[00:24:37] [432/456] PCJL
[00:24:38] [433/456] PFJJ
[00:24:38] [434/456] GRDC
[00:24:39] [435/456] BCBA
[00:24:40] 🔄 Identity reset
[00:24:40] 🔄 Identity rotated (every 10 requests)
[00:24:40] [436/456] VIXL
[00:24:41] [437/456] CSTL
[00:24:42] [438/456] MTDK
[00:24:43] [439/456] TDAC
[00:24:44] [440/456] GTDN
[00:24:45] [441/456] TTDE
[00:24:46] [442/456] ASTS
[00:24:47] [443/456] CPNS
[00:24:49] [444/456] PVVW
[00:24:50] [445/456] USEB
[00:24:51] 🔄 Identity reset
[00:24:51] 🔄 Identity rotated (every 10 requests)
[00:24:51] [446/456] DTYN
[00:24:52] [447/456] PVLE
[00:24:53] [448/456] CIPS
[00:24:54] [449/456] PAEG
[00:24:55] [450/456] PTCW
[00:24:55] [451/456] G3SR
[00:24:56] [452/456] PGND
[00:24:57] [453/456] INVM
[00:24:58] [454/456] SPIA
[00:24:59] [455/456] PCSN
[00:25:00] 🔄 Identity reset
[00:25:00] 🔄 Identity rotated (every 10 requests)
[00:25:00] [456/456] PPGV
[00:25:01] ✅ DONE | Shows=0 | Movies=0
[01:16:25] 🚀 BMS DAILY TRACKER STARTED (enhanced anti‑detection)
[01:16:25] [1/456] FNDB
[01:16:26] 🧠 New identity created
[01:16:26] 🔄 Retry 1/5 for FNDB in 2.0s
[01:16:26] 🔄 Identity reset
[01:16:28] 🧠 New identity created
[01:16:28] [2/456] AMBH
[01:16:29] [3/456] PRHN
[01:16:30] [4/456] ACPM
[01:16:32] [5/456] PVFS
[01:16:33] [6/456] AACN
[01:16:34] [7/456] ACAS
[01:16:35] [8/456] CTNR
[01:16:36] [9/456] MMAH
[01:16:37] 🔄 Identity reset
[01:16:37] 🔄 Identity rotated (every 10 requests)
[01:16:37] [10/456] CPMH
[01:16:38] [11/456] IGMH
[01:16:39] [12/456] ABCS
[01:16:41] [13/456] CMMA
[01:16:42] [14/456] GPRH
[01:16:43] [15/456] PNNG
[01:16:44] [16/456] AMCA
[01:16:45] [17/456] ISTN
[01:16:46] [18/456] PIIC
[01:16:47] [19/456] AHMH
[01:16:48] 🔄 Identity reset
[01:16:48] 🔄 Identity rotated (every 10 requests)
[01:16:48] [20/456] ASHN
[01:16:49] [21/456] INHY
[01:16:50] [22/456] SRMO
[01:16:51] [23/456] PIMH
[01:16:52] [24/456] PVTS
[01:16:54] [25/456] MMCA
[01:16:55] [26/456] AKYJ
[01:16:56] [27/456] BRKH
[01:16:57] [28/456] MAHM
[01:16:57] [29/456] CPHY
[01:16:58] 🔄 Identity reset
[01:16:58] 🔄 Identity rotated (every 10 requests)
[01:16:59] [30/456] PVTP
[01:16:59] [31/456] SMMR
[01:17:01] [32/456] PVHM
[01:17:02] [33/456] SNDY
[01:17:03] [34/456] GOKU
[01:17:04] [35/456] ACEV
[01:17:05] [36/456] PVUM
[01:17:06] [37/456] VSWA
[01:17:07] [38/456] IPRS
[01:17:08] [39/456] BKMV
[01:17:08] 🔄 Identity reset
[01:17:08] 🔄 Identity rotated (every 10 requests)
[01:17:09] [40/456] PVYH
[01:17:10] [41/456] INKM
[01:17:11] [42/456] ARJU
[01:17:12] [43/456] JJPP
[01:17:14] [44/456] SSRM
[01:17:15] [45/456] HMHD
[01:17:16] [46/456] SNKH
[01:17:17] [47/456] ACHI
[01:17:18] [48/456] MRAA
[01:17:19] [49/456] INMH
[01:17:20] 🔄 Identity reset
[01:17:20] 🔄 Identity rotated (every 10 requests)
[01:17:20] [50/456] ARMH
[01:17:22] [51/456] DVRR
[01:17:23] [52/456] SUDA
[01:17:24] [53/456] MCSS
[01:17:25] [54/456] VRKC
[01:17:25] [55/456] PRCX
[01:17:26] [56/456] ASJY
[01:17:27] [57/456] MTHY
[01:17:28] [58/456] SRCM
[01:17:29] [59/456] TVHY
[01:17:30] 🔄 Identity reset
[01:17:30] 🔄 Identity rotated (every 10 requests)
[01:17:30] [60/456] STHD
[01:17:31] [61/456] CPCL
[01:17:33] [62/456] PSMJ
[01:17:34] [63/456] MRGT
[01:17:35] [64/456] ARYH
[01:17:36] [65/456] VTRB
[01:17:37] [66/456] SCHC
[01:17:38] [67/456] MRRG
[01:17:39] [68/456] SPCB
[01:17:40] [69/456] AMCM
[01:17:40] 🔄 Identity reset
[01:17:40] 🔄 Identity rotated (every 10 requests)
[01:17:41] [70/456] IVNM
[01:17:42] [71/456] TRHY
[01:17:44] [72/456] PTTH
[01:17:45] [73/456] RKMH
[01:17:46] [74/456] PRCS
[01:17:47] [75/456] VAJA
[01:17:48] [76/456] BJNG
[01:17:49] [77/456] SCVM
[01:17:50] [78/456] GNHB
[01:17:51] [79/456] TLUR
[01:17:52] 🔄 Identity reset
[01:17:52] 🔄 Identity rotated (every 10 requests)
[01:17:52] [80/456] UKCC
[01:17:53] [81/456] SRKR
[01:17:54] [82/456] RMKN
[01:17:55] [83/456] SLRT
[01:17:56] [84/456] LKMT
[01:17:57] [85/456] SSRJ
[01:17:57] [86/456] SPHT
[01:17:58] [87/456] ANTT
[01:18:00] [88/456] SRCH
[01:18:01] [89/456] SRCA
[01:18:02] 🔄 Identity reset
[01:18:02] 🔄 Identity rotated (every 10 requests)
[01:18:02] [90/456] ARTH
[01:18:03] [91/456] MCBH
[01:18:04] [92/456] SNIB
[01:18:05] [93/456] SART
[01:18:06] [94/456] SKTA
[01:18:06] [95/456] YAKT
[01:18:07] [96/456] MLCK
[01:18:08] [97/456] ANTS
[01:18:10] [98/456] DGCA
[01:18:11] [99/456] SGMP
[01:18:11] 🔄 Identity reset
[01:18:11] 🔄 Identity rotated (every 10 requests)
[01:18:12] [100/456] ASWN
[01:18:13] [101/456] KFVU
[01:18:14] [102/456] POOR
[01:18:15] [103/456] GKDN
[01:18:15] [104/456] EOSE
[01:18:16] [105/456] GTTT
[01:18:17] [106/456] ARRO
[01:18:18] [107/456] CMMK
[01:18:19] [108/456] MSCN
[01:18:20] [109/456] GDKH
[01:18:20] 🔄 Identity reset
[01:18:20] 🔄 Identity rotated (every 10 requests)
[01:18:21] [110/456] DLMT
[01:18:22] [111/456] PVMF
[01:18:23] [112/456] CPCK
[01:18:24] [113/456] VMHE
[01:18:25] [114/456] PVLC
[01:18:26] [115/456] PCVB
[01:18:27] [116/456] SNYK
[01:18:28] [117/456] KTEK
[01:18:29] [118/456] PCNM
[01:18:30] [119/456] NTTR
[01:18:31] 🔄 Identity reset
[01:18:31] 🔄 Identity rotated (every 10 requests)
[01:18:31] [120/456] CPSK
[01:18:32] [121/456] JMMA
[01:18:33] [122/456] GCFK
[01:18:33] [123/456] MYCA
[01:18:34] [124/456] KSNP
[01:18:35] [125/456] PMCE
[01:18:36] [126/456] SCKI
[01:18:37] [127/456] FSMA
[01:18:38] [128/456] CETA
[01:18:39] [129/456] MCIK
[01:18:39] 🔄 Identity reset
[01:18:39] 🔄 Identity rotated (every 10 requests)
[01:18:40] [130/456] MYCR
[01:18:41] [131/456] EVMP
[01:18:42] [132/456] SSGT
[01:18:43] [133/456] KCTK
[01:18:44] [134/456] ZTKC
[01:18:45] [135/456] MMTA
[01:18:45] [136/456] MAJT
[01:18:46] [137/456] ACPK
[01:18:47] [138/456] JMAX
[01:18:48] [139/456] SETK
[01:18:49] 🔄 Identity reset
[01:18:49] 🔄 Identity rotated (every 10 requests)
[01:18:49] [140/456] CAIS
[01:18:50] [141/456] AGCD
[01:18:51] [142/456] URCL
[01:18:52] [143/456] VTDS
[01:18:53] [144/456] JCNM
[01:18:54] [145/456] KCAM
[01:18:54] [146/456] ADCU
[01:18:55] [147/456] GXYN
[01:18:57] [148/456] SMJG
[01:18:58] [149/456] EYCJ
[01:18:59] 🔄 Identity reset
[01:18:59] 🔄 Identity rotated (every 10 requests)
[01:18:59] [150/456] CCEJ
[01:19:00] [151/456] MARS
[01:19:01] [152/456] CPVJ
[01:19:02] [153/456] INVP
[01:19:03] [154/456] CPOV
[01:19:04] [155/456] VIJK
[01:19:05] [156/456] LAIM
[01:19:06] [157/456] STHV
[01:19:06] [158/456] SVLJ
[01:19:08] [159/456] ATVJ
[01:19:09] 🔄 Identity reset
[01:19:09] 🔄 Identity rotated (every 10 requests)
[01:19:09] [160/456] JTSC
[01:19:10] [161/456] RMTV
[01:19:11] [162/456] MGGG
[01:19:12] [163/456] SWTH
[01:19:13] [164/456] INVJ
[01:19:14] [165/456] PRSV
[01:19:15] [166/456] JATV
[01:19:16] [167/456] RCVD
[01:19:17] [168/456] BDMA
[01:19:18] [169/456] BLJI
[01:19:18] 🔄 Identity reset
[01:19:18] 🔄 Identity rotated (every 10 requests)
[01:19:19] [170/456] SWOT
[01:19:20] [171/456] SWRN
[01:19:21] [172/456] TVRA
[01:19:22] [173/456] NVRN
[01:19:23] [174/456] SIKC
[01:19:24] [175/456] VAKR
[01:19:25] [176/456] SYLN
[01:19:26] [177/456] KLJL
[01:19:27] [178/456] LKMY
[01:19:28] [179/456] VSLY
[01:19:29] 🔄 Identity reset
[01:19:29] 🔄 Identity rotated (every 10 requests)
[01:19:29] [180/456] CIKO
[01:19:30] [181/456] GPBG
[01:19:31] [182/456] CECM
[01:19:32] [183/456] SLKB
[01:19:33] [184/456] MTBO
[01:19:35] [185/456] SSHB
[01:19:36] [186/456] VPCS
[01:19:36] [187/456] RCSR
[01:19:37] [188/456] RJRM
[01:19:38] [189/456] KPPB
[01:19:39] 🔄 Identity reset
[01:19:39] 🔄 Identity rotated (every 10 requests)
[01:19:39] [190/456] SEDC
[01:19:40] [191/456] SCAI
[01:19:41] [192/456] RMTR
[01:19:42] [193/456] ASST
[01:19:43] [194/456] GCAK
[01:19:44] [195/456] ANNK
[01:19:45] [196/456] KDDF
[01:19:46] [197/456] NRDP
[01:19:47] [198/456] PLAK
[01:19:47] [199/456] GCMC
[01:19:48] 🔄 Identity reset
[01:19:48] 🔄 Identity rotated (every 10 requests)
[01:19:49] [200/456] ALPY
[01:19:50] [201/456] SICE
[01:19:51] [202/456] SISR
[01:19:52] [203/456] SRPZ
[01:19:53] [204/456] SRSW
[01:19:54] [205/456] SUYA
[01:19:55] [206/456] AMMT
[01:19:55] [207/456] BHCU
[01:19:56] [208/456] KLPA
[01:19:57] [209/456] NVKH
[01:19:58] 🔄 Identity reset
[01:19:58] 🔄 Identity rotated (every 10 requests)
[01:19:58] [210/456] JMRC
[01:19:59] [211/456] KTTT
[01:20:00] [212/456] MAGH
[01:20:01] [213/456] MMMX
[01:20:03] [214/456] SALJ
[01:20:04] [215/456] GTJA
[01:20:05] [216/456] MAHT
[01:20:05] [217/456] SSNN
[01:20:06] [218/456] ARRP
[01:20:07] [219/456] ATNS
[01:20:08] 🔄 Identity reset
[01:20:08] 🔄 Identity rotated (every 10 requests)
[01:20:08] [220/456] SKDT
[01:20:09] [221/456] ACAT
[01:20:10] [222/456] APRC
[01:20:11] [223/456] SWAG
[01:20:12] [224/456] SDPT
[01:20:13] [225/456] STPS
[01:20:14] [226/456] WWCZ
[01:20:15] [227/456] LLCH
[01:20:16] [228/456] MZHA
[01:20:17] [229/456] CRJG
[01:20:17] 🔄 Identity reset
[01:20:17] 🔄 Identity rotated (every 10 requests)
[01:20:18] [230/456] JGTK
[01:20:19] [231/456] KCSR
[01:20:20] [232/456] CHTL
[01:20:21] [233/456] EDSR
[01:20:22] [234/456] CSWO
[01:20:23] [235/456] CPVM
[01:20:24] [236/456] MXBY
[01:20:25] [237/456] FMMA
[01:20:26] [238/456] POVI
[01:20:27] [239/456] MTHB
[01:20:27] 🔄 Identity reset
[01:20:27] 🔄 Identity rotated (every 10 requests)
[01:20:28] [240/456] INRC
[01:20:29] [241/456] PIPP
[01:20:29] [242/456] BMXC
[01:20:30] [243/456] PCMM
[01:20:31] [244/456] PMKM
[01:20:32] [245/456] GATY
[01:20:33] [246/456] IMCM
[01:20:34] [247/456] POPE
[01:20:35] [248/456] MTCR
[01:20:36] [249/456] PVAE
[01:20:36] 🔄 Identity reset
[01:20:36] 🔄 Identity rotated (every 10 requests)
[01:20:37] [250/456] PVMI
[01:20:38] [251/456] CPNM
[01:20:39] [252/456] FMRL
[01:20:40] [253/456] MCIW
[01:20:41] [254/456] MXBO
[01:20:42] [255/456] FMKY
[01:20:43] [256/456] FMDA
[01:20:44] [257/456] THAB
[01:20:44] [258/456] PRCW
[01:20:45] [259/456] PITI
[01:20:46] 🔄 Identity reset
[01:20:46] 🔄 Identity rotated (every 10 requests)
[01:20:46] [260/456] MCFF
[01:20:48] [261/456] PDDV
[01:20:49] [262/456] MCRM
[01:20:50] [263/456] KKMB
[01:20:51] [264/456] INKO
[01:20:51] [265/456] PLXP
[01:20:53] [266/456] MMHA
[01:20:53] [267/456] FMVS
[01:20:54] [268/456] POLM
[01:20:55] [269/456] STER
[01:20:56] 🔄 Identity reset
[01:20:56] 🔄 Identity rotated (every 10 requests)
[01:20:56] [270/456] PVWJ
[01:20:57] [271/456] IMJW
[01:20:58] [272/456] FNAN
[01:20:59] [273/456] CAGL
[01:21:00] [274/456] IPBG
[01:21:02] [275/456] SMFV
[01:21:03] [276/456] MMMR
[01:21:04] [277/456] MMWM
[01:21:04] [278/456] FNCM
[01:21:06] [279/456] MDVA
[01:21:07] 🔄 Identity reset
[01:21:07] 🔄 Identity rotated (every 10 requests)
[01:21:07] [280/456] MMET
[01:21:08] [281/456] MIDO
[01:21:09] [282/456] INNP
[01:21:10] [283/456] MIFU
[01:21:11] [284/456] MMSZ
[01:21:12] [285/456] BMXA
[01:21:13] [286/456] MCAA
[01:21:14] [287/456] SCVP
[01:21:15] [288/456] PLUS
[01:21:16] [289/456] MUCK
[01:21:17] 🔄 Identity reset
[01:21:17] 🔄 Identity rotated (every 10 requests)
[01:21:17] [290/456] MTMA
[01:21:18] [291/456] HPVR
[01:21:19] [292/456] PMPK
[01:21:20] [293/456] MAJB
[01:21:21] [294/456] CTRR
[01:21:22] [295/456] MCTG
[01:21:23] [296/456] MACE
[01:21:24] [297/456] AAAS
[01:21:24] [298/456] CPVV
[01:21:25] [299/456] RCHG
[01:21:26] 🔄 Identity reset
[01:21:26] 🔄 Identity rotated (every 10 requests)
[01:21:26] [300/456] MCNE
[01:21:27] [301/456] EMNC
[01:21:28] [302/456] MCAN
[01:21:29] [303/456] TCDM
[01:21:30] [304/456] IRGT
[01:21:31] [305/456] GCMG
[01:21:32] [306/456] MXSN
[01:21:34] [307/456] MXCK
[01:21:35] [308/456] MCRC
[01:21:35] [309/456] RSMI
[01:21:36] 🔄 Identity reset
[01:21:36] 🔄 Identity rotated (every 10 requests)
[01:21:36] [310/456] WAML
[01:21:38] [311/456] MTSC
[01:21:39] [312/456] FMDR
[01:21:40] [313/456] LEPV
[01:21:41] [314/456] MTGD
[01:21:41] [315/456] IMOB
[01:21:42] [316/456] CLMM
[01:21:43] [317/456] PZCD
[01:21:44] [318/456] GOCS
[01:21:45] [319/456] KCMA
[01:21:46] 🔄 Identity reset
[01:21:46] 🔄 Identity rotated (every 10 requests)
[01:21:47] [320/456] CCMP
[01:21:48] [321/456] MTSU
[01:21:49] [322/456] SNGL
[01:21:51] [323/456] MMMC
[01:21:52] [324/456] MMAA
[01:21:53] [325/456] GCDM
[01:21:54] [326/456] KTMV
[01:21:55] [327/456] AETE
[01:21:55] [328/456] OMCS
[01:21:56] [329/456] GDCD
[01:21:57] 🔄 Identity reset
[01:21:57] 🔄 Identity rotated (every 10 requests)
[01:21:57] [330/456] NYMD
[01:21:58] [331/456] RNCV
[01:21:59] [332/456] KKMT
[01:22:00] [333/456] GDTH
[01:22:01] [334/456] KMMV
[01:22:02] [335/456] NHCG
[01:22:03] [336/456] PJDW
[01:22:04] [337/456] MMCV
[01:22:05] [338/456] FQSA
[01:22:06] [339/456] KURL
[01:22:06] 🔄 Identity reset
[01:22:06] 🔄 Identity rotated (every 10 requests)
[01:22:07] [340/456] NNNX
[01:22:08] [341/456] AMAU
[01:22:09] [342/456] VVVM
[01:22:10] [343/456] VECU
[01:22:11] [344/456] WCVR
[01:22:12] [345/456] MTGG
[01:22:13] [346/456] SGTG
[01:22:14] [347/456] MNTG
[01:22:15] [348/456] JDDG
[01:22:16] [349/456] MBTK
[01:22:17] 🔄 Identity reset
[01:22:17] 🔄 Identity rotated (every 10 requests)
[01:22:17] [350/456] SGCD
[01:22:18] [351/456] MCTC
[01:22:19] [352/456] JTPC
[01:22:20] [353/456] SDKT
[01:22:21] [354/456] KRCC
[01:22:22] [355/456] RMMD
[01:22:23] [356/456] AAME
[01:22:24] [357/456] TMWC
[01:22:25] [358/456] NRWY
[01:22:26] [359/456] CITD
[01:22:26] 🔄 Identity reset
[01:22:26] 🔄 Identity rotated (every 10 requests)
[01:22:27] [360/456] VERD
[01:22:27] [361/456] MKSK
[01:22:28] [362/456] STSM
[01:22:29] [363/456] MJDG
[01:22:30] [364/456] RKPM
[01:22:31] [365/456] SSCE
[01:22:32] [366/456] VMAE
[01:22:33] [367/456] SBRU
[01:22:34] [368/456] AMBC
[01:22:35] [369/456] AMLU
[01:22:36] 🔄 Identity reset
[01:22:36] 🔄 Identity rotated (every 10 requests)
[01:22:36] [370/456] INVZ
[01:22:37] [371/456] LGTV
[01:22:38] [372/456] SVAD
[01:22:40] [373/456] SMSA
[01:22:41] [374/456] SPCZ
[01:22:42] [375/456] GTCX
[01:22:43] [376/456] SCSL
[01:22:44] [377/456] SAHU
[01:22:45] [378/456] NCDA
[01:22:46] [379/456] SCCG
[01:22:47] 🔄 Identity reset
[01:22:47] 🔄 Identity rotated (every 10 requests)
[01:22:47] [380/456] VKTL
[01:22:48] [381/456] PUUJ
[01:22:49] [382/456] STEJ
[01:22:50] [383/456] RJAL
[01:22:51] [384/456] ACJC
[01:22:53] [385/456] ARVB
[01:22:54] [386/456] AUBB
[01:22:55] [387/456] GDBR
[01:22:56] [388/456] PVND
[01:22:57] [389/456] BGRJ
[01:22:58] 🔄 Identity reset
[01:22:58] 🔄 Identity rotated (every 10 requests)
[01:22:58] [390/456] RJMM
[01:22:59] [391/456] MCSA
[01:23:00] [392/456] BODA
[01:23:01] [393/456] JAGG
[01:23:02] [394/456] SCGA
[01:23:03] [395/456] LRCM
[01:23:04] [396/456] CPCN
[01:23:05] [397/456] SSTF
[01:23:07] [398/456] SRXP
[01:23:08] [399/456] CNFX
[01:23:08] 🔄 Identity reset
[01:23:08] 🔄 Identity rotated (every 10 requests)
[01:23:09] [400/456] ANDI
[01:23:10] [401/456] SYEW
[01:23:12] [402/456] RCRE
[01:23:12] [403/456] SCRW
[01:23:13] [404/456] MBKR
[01:23:14] [405/456] ASNT
[01:23:15] [406/456] JTMT
[01:23:16] [407/456] SHAY
[01:23:17] [408/456] VRTH
[01:23:18] [409/456] SPTI
[01:23:19] 🔄 Identity reset
[01:23:19] 🔄 Identity rotated (every 10 requests)
[01:23:19] [410/456] DPTD
[01:23:21] [411/456] TGSN
[01:23:22] [412/456] RCWV
[01:23:23] [413/456] OCUR
[01:23:24] [414/456] KSTC
[01:23:25] [415/456] SANI
[01:23:25] [416/456] MLCA
[01:23:26] [417/456] EGCA
[01:23:27] [418/456] SYSN
[01:23:28] [419/456] PKTA
[01:23:29] 🔄 Identity reset
[01:23:29] 🔄 Identity rotated (every 10 requests)
[01:23:29] [420/456] PRCC
[01:23:30] [421/456] KSTR
[01:23:31] [422/456] SNTP
[01:23:32] [423/456] RCHA
[01:23:33] [424/456] SEEA
[01:23:34] [425/456] ALAT
[01:23:35] [426/456] AATV
[01:23:36] [427/456] RJTE
[01:23:37] [428/456] AAPP
[01:23:38] [429/456] PMMH
[01:23:38] 🔄 Identity reset
[01:23:38] 🔄 Identity rotated (every 10 requests)
[01:23:39] [430/456] INRJ
[01:23:39] [431/456] SARB
[01:23:40] [432/456] PCJL
[01:23:41] [433/456] PFJJ
[01:23:43] [434/456] GRDC
[01:23:44] [435/456] BCBA
[01:23:45] [436/456] VIXL
[01:23:46] [437/456] CSTL
[01:23:47] [438/456] MTDK
[01:23:48] [439/456] TDAC
[01:23:48] 🔄 Identity reset
[01:23:48] 🔄 Identity rotated (every 10 requests)
[01:23:49] [440/456] GTDN
[01:23:50] [441/456] TTDE
[01:23:50] [442/456] ASTS
[01:23:52] [443/456] CPNS
[01:23:54] [444/456] PVVW
[01:23:55] [445/456] USEB
[01:23:56] [446/456] DTYN
[01:23:58] [447/456] PVLE
[01:23:59] [448/456] CIPS
[01:24:00] [449/456] PAEG
[01:24:01] 🔄 Identity reset
[01:24:01] 🔄 Identity rotated (every 10 requests)
[01:24:01] [450/456] PTCW
[01:24:02] [451/456] G3SR
[01:24:03] [452/456] PGND
[01:24:04] [453/456] INVM
[01:24:05] [454/456] SPIA
[01:24:06] [455/456] PCSN
[01:24:06] [456/456] PPGV
[01:24:07] ✅ DONE | Shows=0 | Movies=0
[01:55:53] 🚀 BMS DAILY TRACKER STARTED (enhanced anti‑detection)
[01:55:53] [1/456] FNDB
[01:55:54] 🧠 New identity created
[01:55:55] [2/456] AMBH
[01:55:56] [3/456] PRHN
[01:55:57] [4/456] ACPM
[01:55:58] [5/456] PVFS
[01:55:59] [6/456] AACN
[01:55:59] [7/456] ACAS
[01:56:00] [8/456] CTNR
[01:56:01] [9/456] MMAH
[01:56:02] [10/456] CPMH
[01:56:02] 🔄 Identity reset
[01:56:02] 🔄 Identity rotated (every 10 requests)
[01:56:02] 🔄 Retry 1/5 for CPMH in 3.0s
[01:56:02] 🔄 Identity reset
[01:56:05] 🧠 New identity created
[01:56:05] 🔄 Retry 2/5 for CPMH in 4.0s
[01:56:05] 🔄 Identity reset
[01:56:09] 🧠 New identity created
[01:56:09] 🔄 Retry 3/5 for CPMH in 8.8s
[01:56:09] 🔄 Identity reset
[01:56:18] 🧠 New identity created
[01:56:18] [11/456] IGMH
[01:56:19] [12/456] ABCS
[01:56:20] [13/456] CMMA
[01:56:21] [14/456] GPRH
[01:56:21] [15/456] PNNG
[01:56:22] [16/456] AMCA
[01:56:23] [17/456] ISTN
[01:56:24] 🔄 Identity reset
[01:56:24] 🔄 Identity rotated (every 10 requests)
[01:56:24] [18/456] PIIC
[01:56:25] [19/456] AHMH
[01:56:26] [20/456] ASHN
[01:56:27] [21/456] INHY
[01:56:28] [22/456] SRMO
[01:56:29] [23/456] PIMH
[01:56:30] [24/456] PVTS
[01:56:30] [25/456] MMCA
[01:56:31] [26/456] AKYJ
[01:56:32] [27/456] BRKH
[01:56:32] 🔄 Identity reset
[01:56:32] 🔄 Identity rotated (every 10 requests)
[01:56:33] [28/456] MAHM
[01:56:33] [29/456] CPHY
[01:56:34] [30/456] PVTP
[01:56:35] [31/456] SMMR
[01:56:35] [32/456] PVHM
[01:56:36] [33/456] SNDY
[01:56:37] [34/456] GOKU
[01:56:38] [35/456] ACEV
[01:56:39] [36/456] PVUM
[01:56:40] [37/456] VSWA
[01:56:41] 🔄 Identity reset
[01:56:41] 🔄 Identity rotated (every 10 requests)
[01:56:41] [38/456] IPRS
[01:56:42] [39/456] BKMV
[01:56:43] [40/456] PVYH
[01:56:45] [41/456] INKM
[01:56:45] [42/456] ARJU
[01:56:46] [43/456] JJPP
[01:56:47] [44/456] SSRM
[01:56:48] [45/456] HMHD
[01:56:48] [46/456] SNKH
[01:56:49] [47/456] ACHI
[01:56:50] 🔄 Identity reset
[01:56:50] 🔄 Identity rotated (every 10 requests)
[01:56:51] [48/456] MRAA
[01:56:52] [49/456] INMH
[01:56:53] [50/456] ARMH
[01:56:53] [51/456] DVRR
[01:56:54] [52/456] SUDA
[01:56:55] [53/456] MCSS
[01:56:56] [54/456] VRKC
[01:56:57] [55/456] PRCX
[01:56:58] [56/456] ASJY
[01:56:59] [57/456] MTHY
[01:56:59] 🔄 Identity reset
[01:56:59] 🔄 Identity rotated (every 10 requests)
[01:57:00] [58/456] SRCM
[01:57:01] [59/456] TVHY
[01:57:01] [60/456] STHD
[01:57:02] [61/456] CPCL
[01:57:03] [62/456] PSMJ
[01:57:04] [63/456] MRGT
[01:57:05] [64/456] ARYH
[01:57:05] [65/456] VTRB
[01:57:06] [66/456] SCHC
[01:57:07] [67/456] MRRG
[01:57:07] 🔄 Identity reset
[01:57:08] 🔄 Identity rotated (every 10 requests)
[01:57:08] [68/456] SPCB
[01:57:08] [69/456] AMCM
[01:57:09] [70/456] IVNM
[01:57:10] [71/456] TRHY
[01:57:12] [72/456] PTTH
[01:57:13] [73/456] RKMH
[01:57:13] [74/456] PRCS
[01:57:14] [75/456] VAJA
[01:57:15] [76/456] BJNG
[01:57:16] [77/456] SCVM
[01:57:17] 🔄 Identity reset
[01:57:17] 🔄 Identity rotated (every 10 requests)
[01:57:17] [78/456] GNHB
[01:57:18] [79/456] TLUR
[01:57:18] [80/456] UKCC
[01:57:19] [81/456] SRKR
[01:57:20] [82/456] RMKN
[01:57:21] [83/456] SLRT
[01:57:22] [84/456] LKMT
[01:57:22] [85/456] SSRJ
[01:57:23] [86/456] SPHT
[01:57:24] [87/456] ANTT
[01:57:24] 🔄 Identity reset
[01:57:24] 🔄 Identity rotated (every 10 requests)
[01:57:24] 🔄 Retry 1/5 for ANTT in 2.8s
[01:57:24] 🔄 Identity reset
[01:57:27] 🧠 New identity created
[01:57:27] [88/456] SRCH
[01:57:28] [89/456] SRCA
[01:57:30] [90/456] ARTH
[01:57:30] [91/456] MCBH
[01:57:31] [92/456] SNIB
[01:57:32] [93/456] SART
[01:57:33] [94/456] SKTA
[01:57:34] [95/456] YAKT
[01:57:35] [96/456] MLCK
[01:57:36] 🔄 Identity reset
[01:57:36] 🔄 Identity rotated (every 10 requests)
[01:57:36] [97/456] ANTS
[01:57:36] [98/456] DGCA
[01:57:37] [99/456] SGMP
[01:57:38] [100/456] ASWN
[01:57:39] [101/456] KFVU
[01:57:40] [102/456] POOR
[01:57:41] [103/456] GKDN
[01:57:42] [104/456] EOSE
[01:57:42] [105/456] GTTT
[01:57:43] [106/456] ARRO
[01:57:44] 🔄 Identity reset
[01:57:44] 🔄 Identity rotated (every 10 requests)
[01:57:44] [107/456] CMMK
[01:57:45] [108/456] MSCN
[01:57:45] [109/456] GDKH
[01:57:46] [110/456] DLMT
[01:57:47] [111/456] PVMF
[01:57:48] [112/456] CPCK
[01:57:49] [113/456] VMHE
[01:57:49] [114/456] PVLC
[01:57:50] [115/456] PCVB
[01:57:51] [116/456] SNYK
[01:57:52] 🔄 Identity reset
[01:57:52] 🔄 Identity rotated (every 10 requests)
[01:57:53] [117/456] KTEK
[01:57:54] [118/456] PCNM
[01:57:56] [119/456] NTTR
[01:57:56] [120/456] CPSK
[01:57:57] [121/456] JMMA
[01:57:58] [122/456] GCFK
[01:57:58] [123/456] MYCA
[01:57:59] [124/456] KSNP
[01:57:59] [125/456] PMCE
[01:58:00] [126/456] SCKI
[01:58:01] 🔄 Identity reset
[01:58:01] 🔄 Identity rotated (every 10 requests)
[01:58:02] [127/456] FSMA
[01:58:03] [128/456] CETA
[01:58:03] [129/456] MCIK
[01:58:04] [130/456] MYCR
[01:58:05] [131/456] EVMP
[01:58:06] [132/456] SSGT
[01:58:07] [133/456] KCTK
[01:58:08] [134/456] ZTKC
[01:58:09] [135/456] MMTA
[01:58:10] [136/456] MAJT
[01:58:10] 🔄 Identity reset
[01:58:10] 🔄 Identity rotated (every 10 requests)
[01:58:11] [137/456] ACPK
[01:58:12] [138/456] JMAX
[01:58:13] [139/456] SETK
[01:58:14] [140/456] CAIS
[01:58:15] [141/456] AGCD
[01:58:15] [142/456] URCL
[01:58:16] [143/456] VTDS
[01:58:17] [144/456] JCNM
[01:58:18] [145/456] KCAM
[01:58:19] [146/456] ADCU
[01:58:20] 🔄 Identity reset
[01:58:20] 🔄 Identity rotated (every 10 requests)
[01:58:20] [147/456] GXYN
[01:58:20] [148/456] SMJG
[01:58:21] [149/456] EYCJ
[01:58:22] [150/456] CCEJ
[01:58:23] [151/456] MARS
[01:58:24] [152/456] CPVJ
[01:58:25] [153/456] INVP
[01:58:25] [154/456] CPOV
[01:58:26] [155/456] VIJK
[01:58:27] [156/456] LAIM
[01:58:28] 🔄 Identity reset
[01:58:28] 🔄 Identity rotated (every 10 requests)
[01:58:28] [157/456] STHV
[01:58:29] [158/456] SVLJ
[01:58:31] [159/456] ATVJ
[01:58:32] [160/456] JTSC
[01:58:33] [161/456] RMTV
[01:58:34] [162/456] MGGG
[01:58:35] [163/456] SWTH
[01:58:37] [164/456] INVJ
[01:58:37] [165/456] PRSV
[01:58:38] [166/456] JATV
[01:58:39] 🔄 Identity reset
[01:58:39] 🔄 Identity rotated (every 10 requests)
[01:58:39] 🔄 Retry 1/5 for JATV in 2.2s
[01:58:39] 🔄 Identity reset
[01:58:41] 🧠 New identity created
[01:58:41] [167/456] RCVD
[01:58:42] [168/456] BDMA
[01:58:42] [169/456] BLJI
[01:58:43] [170/456] SWOT
[01:58:44] [171/456] SWRN
[01:58:45] [172/456] TVRA
[01:58:46] [173/456] NVRN
[01:58:47] [174/456] SIKC
[01:58:48] [175/456] VAKR
[01:58:49] 🔄 Identity reset
[01:58:49] 🔄 Identity rotated (every 10 requests)
[01:58:49] [176/456] SYLN
[01:58:50] [177/456] KLJL
[01:58:51] [178/456] LKMY
[01:58:52] [179/456] VSLY
[01:58:52] [180/456] CIKO
[01:58:53] [181/456] GPBG
[01:58:54] [182/456] CECM
[01:58:55] [183/456] SLKB
[01:58:56] [184/456] MTBO
[01:58:57] [185/456] SSHB
[01:58:58] 🔄 Identity reset
[01:58:58] 🔄 Identity rotated (every 10 requests)
[01:58:58] [186/456] VPCS
[01:59:00] [187/456] RCSR
[01:59:00] [188/456] RJRM
[01:59:01] [189/456] KPPB
[01:59:02] [190/456] SEDC
[01:59:03] [191/456] SCAI
[01:59:03] [192/456] RMTR
[01:59:04] [193/456] ASST
[01:59:05] [194/456] GCAK
[01:59:05] [195/456] ANNK
[01:59:06] 🔄 Identity reset
[01:59:06] 🔄 Identity rotated (every 10 requests)
[01:59:06] [196/456] KDDF
[01:59:07] [197/456] NRDP
[01:59:08] [198/456] PLAK
[01:59:09] [199/456] GCMC
[01:59:09] [200/456] ALPY
[01:59:10] [201/456] SICE
[01:59:11] [202/456] SISR
[01:59:11] [203/456] SRPZ
[01:59:12] [204/456] SRSW
[01:59:13] [205/456] SUYA
[01:59:14] 🔄 Identity reset
[01:59:14] 🔄 Identity rotated (every 10 requests)
[01:59:15] [206/456] AMMT
[01:59:16] [207/456] BHCU
[01:59:17] [208/456] KLPA
[01:59:18] [209/456] NVKH
[01:59:18] [210/456] JMRC
[01:59:20] [211/456] KTTT
[01:59:21] [212/456] MAGH
[01:59:22] [213/456] MMMX
[01:59:23] [214/456] SALJ
[01:59:24] [215/456] GTJA
[01:59:24] 🔄 Identity reset
[01:59:25] 🔄 Identity rotated (every 10 requests)
[01:59:25] [216/456] MAHT
[01:59:26] [217/456] SSNN
[01:59:27] [218/456] ARRP
[01:59:28] [219/456] ATNS
[01:59:29] [220/456] SKDT
[01:59:30] [221/456] ACAT
[01:59:31] [222/456] APRC
[01:59:31] [223/456] SWAG
[01:59:33] [224/456] SDPT
[01:59:33] [225/456] STPS
[01:59:34] 🔄 Identity reset
[01:59:34] 🔄 Identity rotated (every 10 requests)
[01:59:34] [226/456] WWCZ
[01:59:35] [227/456] LLCH
[01:59:36] [228/456] MZHA
[01:59:37] [229/456] CRJG
[01:59:38] [230/456] JGTK
[01:59:39] [231/456] KCSR
[01:59:39] [232/456] CHTL
[01:59:40] [233/456] EDSR
[01:59:41] [234/456] CSWO
[01:59:41] [235/456] CPVM
[01:59:42] 🔄 Identity reset
[01:59:42] 🔄 Identity rotated (every 10 requests)
[01:59:42] [236/456] MXBY
[01:59:43] [237/456] FMMA
[01:59:43] [238/456] POVI
[01:59:44] [239/456] MTHB
[01:59:45] [240/456] INRC
[01:59:45] [241/456] PIPP
[01:59:46] [242/456] BMXC
[01:59:47] [243/456] PCMM
[01:59:48] [244/456] PMKM
[01:59:49] [245/456] GATY
[01:59:49] 🔄 Identity reset
[01:59:49] 🔄 Identity rotated (every 10 requests)
[01:59:49] 🔄 Retry 1/5 for GATY in 3.0s
[01:59:49] 🔄 Identity reset
[01:59:52] 🧠 New identity created
[01:59:53] [246/456] IMCM
[01:59:54] [247/456] POPE
[01:59:55] [248/456] MTCR
[01:59:55] [249/456] PVAE
[01:59:56] [250/456] PVMI
[01:59:57] [251/456] CPNM
[01:59:58] [252/456] FMRL
[01:59:58] [253/456] MCIW
[01:59:59] [254/456] MXBO
[01:59:59] 🔄 Identity reset
[01:59:59] 🔄 Identity rotated (every 10 requests)
[01:59:59] 🔄 Retry 1/5 for MXBO in 2.4s
[02:00:00] 🔄 Identity reset
[02:00:02] 🧠 New identity created
[02:00:02] [255/456] FMKY
[02:00:03] [256/456] FMDA
[02:00:04] [257/456] THAB
[02:00:05] [258/456] PRCW
[02:00:06] [259/456] PITI
[02:00:07] [260/456] MCFF
[02:00:08] [261/456] PDDV
[02:00:08] [262/456] MCRM
[02:00:09] [263/456] KKMB
[02:00:09] 🔄 Identity reset
[02:00:09] 🔄 Identity rotated (every 10 requests)
[02:00:09] [264/456] INKO
[02:00:10] [265/456] PLXP
[02:00:11] [266/456] MMHA
[02:00:12] [267/456] FMVS
[02:00:13] [268/456] POLM
[02:00:14] [269/456] STER
[02:00:14] [270/456] PVWJ
[02:00:15] [271/456] IMJW
[02:00:16] [272/456] FNAN
[02:00:17] [273/456] CAGL
[02:00:18] 🔄 Identity reset
[02:00:18] 🔄 Identity rotated (every 10 requests)
[02:00:19] [274/456] IPBG
[02:00:19] [275/456] SMFV
[02:00:20] [276/456] MMMR
[02:00:22] [277/456] MMWM
[02:00:23] [278/456] FNCM
[02:00:24] [279/456] MDVA
[02:00:24] [280/456] MMET
[02:00:25] [281/456] MIDO
[02:00:26] [282/456] INNP
[02:00:26] [283/456] MIFU
[02:00:27] 🔄 Identity reset
[02:00:27] 🔄 Identity rotated (every 10 requests)
[02:00:27] [284/456] MMSZ
[02:00:27] [285/456] BMXA
[02:00:28] [286/456] MCAA
[02:00:29] [287/456] SCVP
[02:00:30] [288/456] PLUS
[02:00:31] [289/456] MUCK
[02:00:31] [290/456] MTMA
[02:00:32] [291/456] HPVR
[02:00:34] [292/456] PMPK
[02:00:35] [293/456] MAJB
[02:00:35] 🔄 Identity reset
[02:00:35] 🔄 Identity rotated (every 10 requests)
[02:00:36] [294/456] CTRR
[02:00:36] [295/456] MCTG
[02:00:37] [296/456] MACE
[02:00:37] [297/456] AAAS
[02:00:38] [298/456] CPVV
[02:00:40] [299/456] RCHG
[02:00:41] [300/456] MCNE
[02:00:42] [301/456] EMNC
[02:00:42] [302/456] MCAN
[02:00:43] [303/456] TCDM
[02:00:44] 🔄 Identity reset
[02:00:44] 🔄 Identity rotated (every 10 requests)
[02:00:44] [304/456] IRGT
[02:00:45] [305/456] GCMG
[02:00:46] [306/456] MXSN
[02:00:46] [307/456] MXCK
[02:00:47] [308/456] MCRC
[02:00:48] [309/456] RSMI
[02:00:49] [310/456] WAML
[02:00:49] [311/456] MTSC
[02:00:51] [312/456] FMDR
[02:00:52] [313/456] LEPV
[02:00:53] 🔄 Identity reset
[02:00:53] 🔄 Identity rotated (every 10 requests)
[02:00:53] [314/456] MTGD
[02:00:54] [315/456] IMOB
[02:00:55] [316/456] CLMM
[02:00:55] [317/456] PZCD
[02:00:57] [318/456] GOCS
[02:00:58] [319/456] KCMA
[02:00:59] [320/456] CCMP
[02:01:00] [321/456] MTSU
[02:01:01] [322/456] SNGL
[02:01:02] [323/456] MMMC
[02:01:02] 🔄 Identity reset
[02:01:02] 🔄 Identity rotated (every 10 requests)
[02:01:02] 🔄 Retry 1/5 for MMMC in 2.2s
[02:01:02] 🔄 Identity reset
[02:01:05] 🧠 New identity created
[02:01:05] [324/456] MMAA
[02:01:05] [325/456] GCDM
[02:01:06] [326/456] KTMV
[02:01:07] [327/456] AETE
[02:01:07] [328/456] OMCS
[02:01:09] [329/456] GDCD
[02:01:10] [330/456] NYMD
[02:01:11] [331/456] RNCV
[02:01:12] [332/456] KKMT
[02:01:13] 🔄 Identity reset
[02:01:13] 🔄 Identity rotated (every 10 requests)
[02:01:13] [333/456] GDTH
[02:01:14] [334/456] KMMV
[02:01:14] [335/456] NHCG
[02:01:15] [336/456] PJDW
[02:01:16] [337/456] MMCV
[02:01:16] [338/456] FQSA
[02:01:17] [339/456] KURL
[02:01:18] [340/456] NNNX
[02:01:18] [341/456] AMAU
[02:01:19] [342/456] VVVM
[02:01:20] 🔄 Identity reset
[02:01:20] 🔄 Identity rotated (every 10 requests)
[02:01:20] [343/456] VECU
[02:01:21] [344/456] WCVR
[02:01:22] [345/456] MTGG
[02:01:24] [346/456] SGTG
[02:01:24] [347/456] MNTG
[02:01:26] [348/456] JDDG
[02:01:27] [349/456] MBTK
[02:01:28] [350/456] SGCD
[02:01:29] [351/456] MCTC
[02:01:30] [352/456] JTPC
[02:01:31] 🔄 Identity reset
[02:01:31] 🔄 Identity rotated (every 10 requests)
[02:01:31] [353/456] SDKT
[02:01:33] [354/456] KRCC
[02:01:33] [355/456] RMMD
[02:01:34] [356/456] AAME
[02:01:35] [357/456] TMWC
[02:01:36] [358/456] NRWY
[02:01:38] [359/456] CITD
[02:01:39] [360/456] VERD
[02:01:39] [361/456] MKSK
[02:01:40] [362/456] STSM
[02:01:40] 🔄 Identity reset
[02:01:40] 🔄 Identity rotated (every 10 requests)
[02:01:41] [363/456] MJDG
[02:01:41] [364/456] RKPM
[02:01:42] [365/456] SSCE
[02:01:42] [366/456] VMAE
[02:01:43] [367/456] SBRU
[02:01:44] [368/456] AMBC
[02:01:45] [369/456] AMLU
[02:01:46] [370/456] INVZ
[02:01:47] [371/456] LGTV
[02:01:48] [372/456] SVAD
[02:01:48] 🔄 Identity reset
[02:01:48] 🔄 Identity rotated (every 10 requests)
[02:01:49] [373/456] SMSA
[02:01:49] [374/456] SPCZ
[02:01:50] [375/456] GTCX
[02:01:51] [376/456] SCSL
[02:01:52] [377/456] SAHU
[02:01:53] [378/456] NCDA
[02:01:54] [379/456] SCCG
[02:01:55] [380/456] VKTL
[02:01:55] [381/456] PUUJ
[02:01:56] [382/456] STEJ
[02:01:57] 🔄 Identity reset
[02:01:57] 🔄 Identity rotated (every 10 requests)
[02:01:57] [383/456] RJAL
[02:01:58] [384/456] ACJC
[02:01:59] [385/456] ARVB
[02:02:00] [386/456] AUBB
[02:02:01] [387/456] GDBR
[02:02:01] [388/456] PVND
[02:02:02] [389/456] BGRJ
[02:02:03] [390/456] RJMM
[02:02:03] [391/456] MCSA
[02:02:04] [392/456] BODA
[02:02:05] 🔄 Identity reset
[02:02:05] 🔄 Identity rotated (every 10 requests)
[02:02:05] [393/456] JAGG
[02:02:06] [394/456] SCGA
[02:02:07] [395/456] LRCM
[02:02:08] [396/456] CPCN
[02:02:09] [397/456] SSTF
[02:02:10] [398/456] SRXP
[02:02:10] [399/456] CNFX
[02:02:11] [400/456] ANDI
[02:02:12] [401/456] SYEW
[02:02:12] [402/456] RCRE
[02:02:13] 🔄 Identity reset
[02:02:13] 🔄 Identity rotated (every 10 requests)
[02:02:13] [403/456] SCRW
[02:02:14] [404/456] MBKR
[02:02:14] [405/456] ASNT
[02:02:15] [406/456] JTMT
[02:02:16] [407/456] SHAY
[02:02:17] [408/456] VRTH
[02:02:18] [409/456] SPTI
[02:02:19] [410/456] DPTD
[02:02:20] [411/456] TGSN
[02:02:21] [412/456] RCWV
[02:02:21] 🔄 Identity reset
[02:02:21] 🔄 Identity rotated (every 10 requests)
[02:02:21] [413/456] OCUR
[02:02:22] [414/456] KSTC
[02:02:23] [415/456] SANI
[02:02:25] [416/456] MLCA
[02:02:25] [417/456] EGCA
[02:02:26] [418/456] SYSN
[02:02:27] [419/456] PKTA
[02:02:27] [420/456] PRCC
[02:02:28] [421/456] KSTR
[02:02:29] [422/456] SNTP
[02:02:30] 🔄 Identity reset
[02:02:30] 🔄 Identity rotated (every 10 requests)
[02:02:30] [423/456] RCHA
[02:02:31] [424/456] SEEA
[02:02:32] [425/456] ALAT
[02:02:32] [426/456] AATV
[02:02:33] [427/456] RJTE
[02:02:34] [428/456] AAPP
[02:02:35] [429/456] PMMH
[02:02:36] [430/456] INRJ
[02:02:37] [431/456] SARB
[02:02:38] [432/456] PCJL
[02:02:39] 🔄 Identity reset
[02:02:39] 🔄 Identity rotated (every 10 requests)
[02:02:39] [433/456] PFJJ
[02:02:39] [434/456] GRDC
[02:02:40] [435/456] BCBA
[02:02:41] [436/456] VIXL
[02:02:42] [437/456] CSTL
[02:02:42] [438/456] MTDK
[02:02:43] [439/456] TDAC
[02:02:44] [440/456] GTDN
[02:02:45] [441/456] TTDE
[02:02:45] [442/456] ASTS
[02:02:46] 🔄 Identity reset
[02:02:46] 🔄 Identity rotated (every 10 requests)
[02:02:46] [443/456] CPNS
[02:02:47] [444/456] PVVW
[02:02:48] [445/456] USEB
[02:02:48] [446/456] DTYN
[02:02:49] [447/456] PVLE
[02:02:50] [448/456] CIPS
[02:02:50] [449/456] PAEG
[02:02:51] [450/456] PTCW
[02:02:51] [451/456] G3SR
[02:02:52] [452/456] PGND
[02:02:53] 🔄 Identity reset
[02:02:53] 🔄 Identity rotated (every 10 requests)
[02:02:53] [453/456] INVM
[02:02:54] [454/456] SPIA
[02:02:54] [455/456] PCSN
[02:02:55] [456/456] PPGV
[02:02:56] ✅ DONE | Shows=0 | Movies=0
