[00:17:03] 🚀 BMS DAILY TRACKER STARTED (enhanced anti‑detection)
[00:17:03] [1/458] MBDC
[00:17:04] 🧠 New identity created
[00:17:04] [2/458] CHKM
[00:17:05] [3/458] JTKZ
[00:17:05] [4/458] CMCT
[00:17:06] [5/458] ASHO
[00:17:07] [6/458] ECDG
[00:17:08] [7/458] SPAT
[00:17:09] [8/458] HILC
[00:17:10] [9/458] SPPH
[00:17:10] [10/458] SBHN
[00:17:11] 🔄 Identity reset
[00:17:11] 🔄 Identity rotated (every 10 requests)
[00:17:11] [11/458] RRCA
[00:17:12] [12/458] APAA
[00:17:13] [13/458] RAME
[00:17:13] [14/458] TMMS
[00:17:14] [15/458] BATK
[00:17:15] [16/458] LKOP
[00:17:16] [17/458] AMTT
[00:17:17] [18/458] PTGK
[00:17:17] [19/458] ANRS
[00:17:18] [20/458] VWBW
[00:17:19] 🔄 Identity reset
[00:17:19] 🔄 Identity rotated (every 10 requests)
[00:17:19] [21/458] SVFG
[00:17:26] [22/458] STAT
[00:17:27] [23/458] GDCV
[00:17:27] [24/458] VEBI
[00:17:28] [25/458] VDSS
[00:17:29] [26/458] NTHV
[00:17:30] [27/458] AOCH
[00:17:30] [28/458] KASR
[00:17:31] [29/458] AYCS
[00:17:32] [30/458] SHAI
[00:17:33] 🔄 Identity reset
[00:17:33] 🔄 Identity rotated (every 10 requests)
[00:17:33] [31/458] SKPE
[00:17:34] [32/458] SBTA
[00:17:34] [33/458] RTTD
[00:17:35] [34/458] CCJD
[00:17:36] [35/458] RSJJ
[00:17:37] [36/458] RKND
[00:17:37] [37/458] SVTX
[00:17:39] [38/458] BAKM
[00:17:39] [39/458] SVDC
[00:17:41] [40/458] MNCV
[00:17:41] 🔄 Identity reset
[00:17:41] 🔄 Identity rotated (every 10 requests)
[00:17:42] [41/458] SJGC
[00:17:42] [42/458] MTPK
[00:17:43] [43/458] GATP
[00:17:44] [44/458] ABTS
[00:17:44] [45/458] ABDE
[00:17:45] [46/458] RCNM
[00:17:46] [47/458] KTHV
[00:17:47] [48/458] MDGJ
[00:17:48] [49/458] SMLM
[00:17:49] [50/458] JTMA
[00:17:50] 🔄 Identity reset
[00:17:50] 🔄 Identity rotated (every 10 requests)
[00:17:50] [51/458] ACKP
[00:17:52] [52/458] SRTA
[00:17:52] [53/458] STAY
[00:17:53] [54/458] MAVO
[00:17:54] [55/458] APTS
[00:17:54] [56/458] OMEA
[00:17:55] [57/458] TTFD
[00:17:56] [58/458] MJCU
[00:17:57] [59/458] CXTE
[00:17:58] [60/458] CTPX
[00:17:58] 🔄 Identity reset
[00:17:58] 🔄 Identity rotated (every 10 requests)
[00:17:59] [61/458] ASSL
[00:18:00] [62/458] CMVB
[00:18:00] [63/458] VPUR
[00:18:01] [64/458] JJDA
[00:18:02] [65/458] INBL
[00:18:03] [66/458] BIKB
[00:18:04] [67/458] NTBB
[00:18:04] [68/458] GLOB
[00:18:05] [69/458] SNTB
[00:18:06] [70/458] CHGV
[00:18:07] 🔄 Identity reset
[00:18:07] 🔄 Identity rotated (every 10 requests)
[00:18:07] [71/458] SSBZ
[00:18:08] [72/458] PRDB
[00:18:09] [73/458] ISMT
[00:18:10] [74/458] MCSD
[00:18:11] [75/458] JBTT
[00:18:11] [76/458] GEKR
[00:18:12] [77/458] PVUN
[00:18:13] [78/458] NRTB
[00:18:13] [79/458] PRAA
[00:18:15] [80/458] PCBL
[00:18:15] 🔄 Identity reset
[00:18:15] 🔄 Identity rotated (every 10 requests)
[00:18:16] [81/458] PTCM
[00:18:17] [82/458] KHNN
[00:18:17] [83/458] OMJE
[00:18:18] [84/458] STGN
[00:18:19] [85/458] RPMS
[00:18:20] [86/458] NWAD
[00:18:21] [87/458] BLCK
[00:18:21] [88/458] SVAA
[00:18:22] [89/458] URVM
[00:18:23] [90/458] ANTM
[00:18:23] 🔄 Identity reset
[00:18:23] 🔄 Identity rotated (every 10 requests)
[00:18:24] [91/458] VJYM
[00:18:25] [92/458] MAZZ
[00:18:26] [93/458] CSHM
[00:18:27] [94/458] WGMH
[00:18:28] [95/458] SALN
[00:18:28] [96/458] BRTP
[00:18:29] [97/458] SVTA
[00:18:30] [98/458] SBTP
[00:18:31] [99/458] VLSS
[00:18:32] [100/458] SRJA
[00:18:32] 🔄 Identity reset
[00:18:32] 🔄 Identity rotated (every 10 requests)
[00:18:32] [101/458] ANCG
[00:18:33] [102/458] CGGC
[00:18:34] [103/458] CRJA
[00:18:35] [104/458] USCR
[00:18:35] [105/458] MMEF
[00:18:36] [106/458] JCRJ
[00:18:37] [107/458] ADCM
[00:18:38] [108/458] BMYK
[00:18:39] [109/458] KICS
[00:18:40] [110/458] MBBT
[00:18:40] 🔄 Identity reset
[00:18:40] 🔄 Identity rotated (every 10 requests)
[00:18:40] [111/458] MACK
[00:18:41] [112/458] CLDR
[00:18:42] [113/458] JYCR
[00:18:43] [114/458] DCRP
[00:18:43] [115/458] RAHT
[00:18:44] [116/458] CSSM
[00:18:45] [117/458] ATPK
[00:18:46] [118/458] KLRT
[00:18:47] [119/458] SRDD
[00:18:47] [120/458] CKMC
[00:18:48] 🔄 Identity reset
[00:18:48] 🔄 Identity rotated (every 10 requests)
[00:18:48] [121/458] KRVM
[00:18:49] [122/458] AKCP
[00:18:50] [123/458] CNCV
[00:18:50] [124/458] PACT
[00:18:51] [125/458] NATP
[00:18:52] [126/458] PCPK
[00:18:53] [127/458] SMHO
[00:18:54] [128/458] CWTK
[00:18:55] [129/458] RVKZ
[00:18:55] [130/458] ASPD
[00:18:56] 🔄 Identity reset
[00:18:56] 🔄 Identity rotated (every 10 requests)
[00:18:56] [131/458] VTKZ
[00:18:57] [132/458] LCSO
[00:18:58] [133/458] PRDY
[00:18:59] [134/458] RCAP
[00:19:00] [135/458] RGAR
[00:19:01] [136/458] RCAC
[00:19:02] [137/458] PMOD
[00:19:03] [138/458] PVCN
[00:19:04] [139/458] SCRZ
[00:19:05] [140/458] PVPC
[00:19:05] 🔄 Identity reset
[00:19:05] 🔄 Identity rotated (every 10 requests)
[00:19:05] [141/458] STID
[00:19:06] [142/458] NEDD
[00:19:07] [143/458] BNBA
[00:19:08] [144/458] NTCD
[00:19:09] [145/458] OCDE
[00:19:10] [146/458] CCDU
[00:19:11] [147/458] CRXH
[00:19:11] [148/458] VLVT
[00:19:12] [149/458] CICI
[00:19:13] [150/458] SUCB
[00:19:14] 🔄 Identity reset
[00:19:14] 🔄 Identity rotated (every 10 requests)
[00:19:15] [151/458] TCBP
[00:19:15] [152/458] SCCY
[00:19:17] [153/458] LXCY
[00:19:18] [154/458] NCMD
[00:19:19] [155/458] PHCS
[00:19:19] [156/458] DUXR
[00:19:20] [157/458] VNKS
[00:19:21] [158/458] SEDP
[00:19:22] [159/458] SVEN
[00:19:22] [160/458] SRKM
[00:19:23] 🔄 Identity reset
[00:19:23] 🔄 Identity rotated (every 10 requests)
[00:19:23] [161/458] JTLT
[00:19:24] [162/458] SVSS
[00:19:24] [163/458] AMDE
[00:19:25] [164/458] WVRN
[00:19:26] [165/458] ISMG
[00:19:27] [166/458] WVKS
[00:19:28] [167/458] USCG
[00:19:28] [168/458] IOTG
[00:19:29] [169/458] RRJM
[00:19:30] [170/458] EDMP
[00:19:31] 🔄 Identity reset
[00:19:31] 🔄 Identity rotated (every 10 requests)
[00:19:31] [171/458] SCGZ
[00:19:32] [172/458] GMGX
[00:19:33] [173/458] OMTP
[00:19:34] [174/458] MITD
[00:19:35] [175/458] SMMD
[00:19:36] [176/458] STML
[00:19:37] [177/458] MCFS
[00:19:38] [178/458] FPKA
[00:19:38] [179/458] OMLR
[00:19:39] [180/458] KKSC
[00:19:40] 🔄 Identity reset
[00:19:40] 🔄 Identity rotated (every 10 requests)
[00:19:40] [181/458] RVMA
[00:19:41] [182/458] SCLL
[00:19:42] [183/458] SCDK
[00:19:42] [184/458] SXMI
[00:19:43] [185/458] SHDN
[00:19:44] [186/458] PAAD
[00:19:46] [187/458] UUCB
[00:19:46] [188/458] JHOL
[00:19:47] [189/458] SGWT
[00:19:48] [190/458] SRII
[00:19:49] 🔄 Identity reset
[00:19:49] 🔄 Identity rotated (every 10 requests)
[00:19:49] [191/458] SGCK
[00:19:49] [192/458] SVVB
[00:19:50] [193/458] DMHA
[00:19:51] [194/458] PPNL
[00:19:51] [195/458] CPNL
[00:19:53] [196/458] WVLD
[00:19:54] [197/458] PSLV
[00:19:55] [198/458] VTTL
[00:19:56] [199/458] NPAD
[00:19:57] [200/458] PVCS
[00:19:57] 🔄 Identity reset
[00:19:57] 🔄 Identity rotated (every 10 requests)
[00:19:58] [201/458] MCHL
[00:19:59] [202/458] PPLL
[00:20:00] [203/458] MALO
[00:20:00] [204/458] SWBH
[00:20:01] [205/458] PUGB
[00:20:02] [206/458] INBB
[00:20:03] [207/458] INNS
[00:20:04] [208/458] MCPT
[00:20:05] [209/458] SCMI
[00:20:06] [210/458] OCON
[00:20:06] 🔄 Identity reset
[00:20:06] 🔄 Identity rotated (every 10 requests)
[00:20:07] [211/458] SCSM
[00:20:07] [212/458] RJVN
[00:20:08] [213/458] AMDK
[00:20:09] [214/458] ISMR
[00:20:10] [215/458] SMTD
[00:20:10] [216/458] VTDD
[00:20:11] [217/458] PDDZ
[00:20:12] [218/458] PCCK
[00:20:13] [219/458] INAM
[00:20:14] [220/458] FNKT
[00:20:14] 🔄 Identity reset
[00:20:14] 🔄 Identity rotated (every 10 requests)
[00:20:14] [221/458] GDKA
[00:20:15] [222/458] MAYU
[00:20:16] [223/458] TCGU
[00:20:17] [224/458] KDCA
[00:20:18] [225/458] DOMY
[00:20:19] [226/458] PDDD
[00:20:19] [227/458] BJTS
[00:20:21] [228/458] VTCA
[00:20:21] [229/458] SBTM
[00:20:22] [230/458] SEET
[00:20:23] 🔄 Identity reset
[00:20:23] 🔄 Identity rotated (every 10 requests)
[00:20:23] [231/458] SSTJ
[00:20:23] [232/458] SVNT
[00:20:24] [233/458] PPPR
[00:20:25] [234/458] PVYS
[00:20:26] [235/458] IOSE
[00:20:26] [236/458] ACTV
[00:20:27] [237/458] APVE
[00:20:28] [238/458] TCCL
[00:20:28] [239/458] SCMO
[00:20:29] [240/458] SAUM
[00:20:30] 🔄 Identity reset
[00:20:30] 🔄 Identity rotated (every 10 requests)
[00:20:30] [241/458] KCJS
[00:20:30] [242/458] NJCJ
[00:20:31] [243/458] NECF
[00:20:32] [244/458] CCGW
[00:20:33] [245/458] CCMG
[00:20:34] [246/458] NYRG
[00:20:34] [247/458] NCSQ
[00:20:35] [248/458] GRCG
[00:20:35] [249/458] CCBT
[00:20:36] [250/458] ACGA
[00:20:37] 🔄 Identity reset
[00:20:37] 🔄 Identity rotated (every 10 requests)
[00:20:37] [251/458] INAG
[00:20:38] [252/458] FUCG
[00:20:38] [253/458] AICF
[00:20:39] [254/458] GRGA
[00:20:40] [255/458] GDCN
[00:20:41] [256/458] RRCG
[00:20:41] [257/458] SDCH
[00:20:42] [258/458] WVJM
[00:20:43] [259/458] JCCZ
[00:20:43] [260/458] CNCL
[00:20:44] 🔄 Identity reset
[00:20:44] 🔄 Identity rotated (every 10 requests)
[00:20:44] [261/458] TMLV
[00:20:45] [262/458] MEMB
[00:20:46] [263/458] SGTD
[00:20:47] [264/458] CONX
[00:20:47] [265/458] CCMH
[00:20:48] [266/458] ACMC
[00:20:49] [267/458] DTPD
[00:20:51] [268/458] POJA
[00:20:51] [269/458] FNBH
[00:20:52] [270/458] CGCB
[00:20:52] 🔄 Identity reset
[00:20:52] 🔄 Identity rotated (every 10 requests)
[00:20:53] [271/458] RACN
[00:20:53] [272/458] JTSM
[00:20:54] [273/458] SCDN
[00:20:55] [274/458] AACK
[00:20:56] [275/458] RMCE
[00:20:57] [276/458] BSGB
[00:20:57] [277/458] MRCB
[00:20:58] [278/458] SRVR
[00:20:59] [279/458] VTKK
[00:21:00] [280/458] AMST
[00:21:00] 🔄 Identity reset
[00:21:00] 🔄 Identity rotated (every 10 requests)
[00:21:01] [281/458] APCY
[00:21:02] [282/458] LMHO
[00:21:03] [283/458] MTZH
[00:21:04] [284/458] AMZB
[00:21:04] [285/458] SUVT
[00:21:06] [286/458] RCIP
[00:21:07] [287/458] KESR
[00:21:08] [288/458] SNKC
[00:21:09] [289/458] SCED
[00:21:09] [290/458] DVCA
[00:21:10] 🔄 Identity reset
[00:21:10] 🔄 Identity rotated (every 10 requests)
[00:21:10] [291/458] VCDT
[00:21:11] [292/458] RRDI
[00:21:12] [293/458] DFCH
[00:21:13] [294/458] INSC
[00:21:13] [295/458] RGTR
[00:21:14] [296/458] FMOT
[00:21:15] [297/458] SCPM
[00:21:16] [298/458] GCDT
[00:21:16] [299/458] BRKT
[00:21:18] [300/458] DEMP
[00:21:19] 🔄 Identity reset
[00:21:19] 🔄 Identity rotated (every 10 requests)
[00:21:19] [301/458] SRLC
[00:21:20] [302/458] KSTT
[00:21:21] [303/458] SMMT
[00:21:22] [304/458] SILM
[00:21:23] [305/458] JCVM
[00:21:23] [306/458] KCSV
[00:21:24] [307/458] MHLK
[00:21:25] [308/458] SLVL
[00:21:26] [309/458] RJKP
[00:21:27] [310/458] BBPC
[00:21:27] 🔄 Identity reset
[00:21:27] 🔄 Identity rotated (every 10 requests)
[00:21:27] [311/458] MXCB
[00:21:28] [312/458] TCPK
[00:21:29] [313/458] RTBR
[00:21:30] [314/458] GAUT
[00:21:31] [315/458] DVCF
[00:21:31] [316/458] JTSB
[00:21:32] [317/458] SBLS
[00:21:33] [318/458] UDAY
[00:21:34] [319/458] PTNP
[00:21:35] [320/458] DMKT
[00:21:36] 🔄 Identity reset
[00:21:36] 🔄 Identity rotated (every 10 requests)
[00:21:36] [321/458] NTDT
[00:21:37] [322/458] SHDJ
[00:21:38] [323/458] OTNC
[00:21:38] [324/458] RNTW
[00:21:39] [325/458] GCMI
[00:21:40] [326/458] CRCM
[00:21:40] [327/458] NNCZ
[00:21:41] [328/458] OEMO
[00:21:42] [329/458] PVJM
[00:21:43] [330/458] CPJI
[00:21:43] 🔄 Identity reset
[00:21:43] 🔄 Identity rotated (every 10 requests)
[00:21:44] [331/458] RMCJ
[00:21:44] [332/458] CNWJ
[00:21:45] [333/458] EPJM
[00:21:46] [334/458] FNJJ
[00:21:47] [335/458] GCMJ
[00:21:48] [336/458] INPS
[00:21:48] [337/458] BICJ
[00:21:49] [338/458] ISTJ
[00:21:50] [339/458] INJC
[00:21:51] [340/458] GLXJ
[00:21:51] 🔄 Identity reset
[00:21:51] 🔄 Identity rotated (every 10 requests)
[00:21:51] [341/458] INEM
[00:21:52] [342/458] JTMN
[00:21:53] [343/458] FRCJ
[00:21:53] [344/458] DDJP
[00:21:55] [345/458] INJV
[00:21:56] [346/458] GOLC
[00:21:57] [347/458] KOCI
[00:21:57] [348/458] FSTD
[00:21:58] [349/458] PACJ
[00:21:59] [350/458] GMCN
[00:22:00] 🔄 Identity reset
[00:22:00] 🔄 Identity rotated (every 10 requests)
[00:22:00] [351/458] MMDJ
[00:22:01] [352/458] GODH
[00:22:01] [353/458] SKYN
[00:22:02] [354/458] NCTH
[00:22:03] [355/458] SKVZ
[00:22:04] [356/458] SVML
[00:22:05] [357/458] ACVZ
[00:22:06] [358/458] SURA
[00:22:06] [359/458] RTRB
[00:22:07] [360/458] LLCT
[00:22:07] 🔄 Identity reset
[00:22:07] 🔄 Identity rotated (every 10 requests)
[00:22:08] [361/458] ATTS
[00:22:08] [362/458] JYCM
[00:22:09] [363/458] CTKR
[00:22:09] [364/458] LCKR
[00:22:10] [365/458] NYCV
[00:22:11] [366/458] NYOH
[00:22:12] [367/458] NOVX
[00:22:13] [368/458] MRGK
[00:22:13] [369/458] MOON
[00:22:15] [370/458] SBUC
[00:22:15] 🔄 Identity reset
[00:22:15] 🔄 Identity rotated (every 10 requests)
[00:22:15] [371/458] GSVA
[00:22:16] [372/458] VIAK
[00:22:17] [373/458] SMVZ
[00:22:18] [374/458] MATE
[00:22:19] [375/458] RDCN
[00:22:20] [376/458] ASBL
[00:22:21] [377/458] ASVS
[00:22:22] [378/458] ASSR
[00:22:23] [379/458] SSKN
[00:22:24] [380/458] DRPV
[00:22:24] 🔄 Identity reset
[00:22:24] 🔄 Identity rotated (every 10 requests)
[00:22:24] [381/458] MRHT
[00:22:25] [382/458] BSCN
[00:22:27] [383/458] RKNX
[00:22:27] [384/458] MSMC
[00:22:28] [385/458] MSCJ
[00:22:30] [386/458] BTBJ
[00:22:31] [387/458] MJCC
[00:22:32] [388/458] IOMM
[00:22:33] [389/458] ADGR
[00:22:33] [390/458] MYCP
[00:22:34] 🔄 Identity reset
[00:22:34] 🔄 Identity rotated (every 10 requests)
[00:22:35] [391/458] IGCM
[00:22:36] [392/458] PGRK
[00:22:37] [393/458] VPGO
[00:22:38] [394/458] KOMS
[00:22:39] [395/458] URGG
[00:22:39] [396/458] GOST
[00:22:40] [397/458] LACT
[00:22:41] [398/458] BWCM
[00:22:42] [399/458] NCCW
[00:22:42] [400/458] SKYC
[00:22:43] 🔄 Identity reset
[00:22:43] 🔄 Identity rotated (every 10 requests)
[00:22:43] [401/458] CCPM
[00:22:44] [402/458] VCBT
[00:22:45] [403/458] SDKR
[00:22:46] [404/458] CTYB
[00:22:46] [405/458] SHCX
[00:22:47] [406/458] RCUN
[00:22:48] [407/458] CNRA
[00:22:49] [408/458] RFCA
[00:22:50] [409/458] RDCU
[00:22:51] [410/458] SARK
[00:22:51] 🔄 Identity reset
[00:22:51] 🔄 Identity rotated (every 10 requests)
[00:22:52] [411/458] SPPP
[00:22:52] [412/458] ADMB
[00:22:53] [413/458] JYOE
[00:22:54] [414/458] SRMD
[00:22:55] [415/458] RJDH
[00:22:55] [416/458] SSTD
[00:22:56] [417/458] AACV
[00:22:57] [418/458] PPVD
[00:22:59] [419/458] STCP
[00:22:59] [420/458] ANLS
[00:23:00] 🔄 Identity reset
[00:23:00] 🔄 Identity rotated (every 10 requests)
[00:23:00] [421/458] BIJO
[00:23:02] [422/458] AVAB
[00:23:03] [423/458] SPMD
[00:23:04] [424/458] SVJL
[00:23:04] [425/458] SDDJ
[00:23:06] [426/458] SLTU
[00:23:07] [427/458] SAKA
[00:23:07] [428/458] PMAM
[00:23:08] [429/458] FNAM
[00:23:09] [430/458] ACAM
[00:23:10] 🔄 Identity reset
[00:23:10] 🔄 Identity rotated (every 10 requests)
[00:23:10] [431/458] SCMM
[00:23:11] [432/458] PMAK
[00:23:12] [433/458] NYSA
[00:23:13] [434/458] FCPA
[00:23:14] [435/458] GDAN
[00:23:14] [436/458] RSCA
[00:23:16] [437/458] DMAN
[00:23:17] [438/458] DZCM
[00:23:17] [439/458] NSGL
[00:23:18] [440/458] CCPP
[00:23:18] 🔄 Identity reset
[00:23:18] 🔄 Identity rotated (every 10 requests)
[00:23:19] [441/458] PSMG
[00:23:20] [442/458] GSER
[00:23:20] [443/458] FCCT
[00:23:22] [444/458] FCTB
[00:23:23] [445/458] LCNK
[00:23:24] [446/458] SKTY
[00:23:24] [447/458] INAA
[00:23:25] [448/458] RCWN
[00:23:26] [449/458] VAIS
[00:23:27] [450/458] CVMN
[00:23:27] 🔄 Identity reset
[00:23:27] 🔄 Identity rotated (every 10 requests)
[00:23:28] [451/458] INTS
[00:23:29] [452/458] FRGS
[00:23:31] [453/458] DTCK
[00:23:32] [454/458] MCMH
[00:23:32] [455/458] ECRR
[00:23:33] [456/458] RLLP
[00:23:34] [457/458] CCSN
[00:23:35] [458/458] CCBA
[00:23:36] ✅ DONE | Shows=0 | Movies=0
