[00:16:15] 🚀 DISTRICT → BMS9 CONVERTER STARTED
[00:16:15] 📅 Date: 2026-10-06
[00:16:15] 🚫 Worker logic: DISABLED
[00:16:15] 🔑 Venue matching: ID ONLY
[00:16:15] 🚫 alldistrictvenues.json: NOT USED
[00:16:15] 🚫 Venue-name matching: NOT USED
[00:16:15] 📍 Selected venue records: 756
[00:16:15] 🎯 Selected venue IDs: 756
[00:16:15] 📡 Fetching Detailed JSON:
[00:16:15]    https://districtdata2026.pages.dev/boxoffice/2026-10-06_Detailed.json
[00:16:15] ❌ Source file not found (404) – will create empty outputs
[00:16:15] ⚠️ No source data – keeping existing output files unchanged
[00:16:15] 📄 Created empty detailed file: daily/data/20261006/detailed9.json
[00:16:15] 📄 Created empty summary file: daily/data/20261006/movie_summary9.json
[00:16:15] ✅ DONE | Existing data preserved
[03:16:56] 🚀 DISTRICT → BMS9 CONVERTER STARTED
[03:16:56] 📅 Date: 2026-10-06
[03:16:56] 🚫 Worker logic: DISABLED
[03:16:56] 🔑 Venue matching: ID ONLY
[03:16:56] 🚫 alldistrictvenues.json: NOT USED
[03:16:56] 🚫 Venue-name matching: NOT USED
[03:16:56] 📍 Selected venue records: 756
[03:16:56] 🎯 Selected venue IDs: 756
[03:16:56] 📡 Fetching Detailed JSON:
[03:16:56]    https://districtdata2026.pages.dev/boxoffice/2026-10-06_Detailed.json
[03:16:56] ❌ Source file not found (404) – will create empty outputs
[03:16:56] ⚠️ No source data – keeping existing output files unchanged
[03:16:56] 📦 Existing detailed file preserved: daily/data/20261006/detailed9.json
[03:16:56] 📦 Existing summary file preserved: daily/data/20261006/movie_summary9.json
[03:16:56] ✅ DONE | Existing data preserved
[04:16:14] 🚀 DISTRICT → BMS9 CONVERTER STARTED
[04:16:14] 📅 Date: 2026-10-06
[04:16:14] 🚫 Worker logic: DISABLED
[04:16:14] 🔑 Venue matching: ID ONLY
[04:16:14] 🚫 alldistrictvenues.json: NOT USED
[04:16:14] 🚫 Venue-name matching: NOT USED
[04:16:14] 📍 Selected venue records: 756
[04:16:14] 🎯 Selected venue IDs: 756
[04:16:14] 📡 Fetching Detailed JSON:
[04:16:14]    https://districtdata2026.pages.dev/boxoffice/2026-10-06_Detailed.json
[04:16:14] ✅ Source loaded
[04:16:14]    Source date: 2026-10-06
[04:16:14]    Last updated: 04:06 AM, 06 October 2026
[04:16:14]    Movie keys: 64
[04:16:14] 🎬 Source movie keys: 64
[04:16:14] 🎟️ Selected-venue show rows: 242
[04:16:14] 🚫 Non-selected show rows ignored: 2728
[04:16:14] ℹ️ Non-selected venue IDs encountered: 834
[04:16:14]    ⏭️ Source venue ID not selected: 3084
[04:16:14]    ⏭️ Source venue ID not selected: 1027123
[04:16:14]    ⏭️ Source venue ID not selected: 1017093
[04:16:14]    ⏭️ Source venue ID not selected: 1029213
[04:16:14]    ⏭️ Source venue ID not selected: 10251
[04:16:14]    ⏭️ Source venue ID not selected: 1027168
[04:16:14]    ⏭️ Source venue ID not selected: 1093582
[04:16:14]    ⏭️ Source venue ID not selected: 25635
[04:16:14]    ⏭️ Source venue ID not selected: 1022303
[04:16:14]    ⏭️ Source venue ID not selected: 1020683
[04:16:14]    ⏭️ Source venue ID not selected: 1025280
[04:16:14]    ⏭️ Source venue ID not selected: 7587
[04:16:14]    ⏭️ Source venue ID not selected: 1040670
[04:16:14]    ⏭️ Source venue ID not selected: 1036111
[04:16:14]    ⏭️ Source venue ID not selected: 2395
[04:16:14]    ⏭️ Source venue ID not selected: 1019635
[04:16:14]    ⏭️ Source venue ID not selected: 1022289
[04:16:14]    ⏭️ Source venue ID not selected: 2416
[04:16:14]    ⏭️ Source venue ID not selected: 20936
[04:16:14]    ⏭️ Source venue ID not selected: 1020667
[04:16:14]    ... and 814 more
[04:16:14] 📦 Previous shows: 0
[04:16:14] 🆕 Fresh shows: 242
[04:16:14] 📦 Final shows: 242
[04:16:14] ✅ DONE | Shows=242 | Movies=32
[04:16:14] 📄 Detailed: daily/data/20261006/detailed9.json
[04:16:14] 📄 Summary: daily/data/20261006/movie_summary9.json
[05:15:11] 🚀 DISTRICT → BMS9 CONVERTER STARTED
[05:15:11] 📅 Date: 2026-10-06
[05:15:11] 🚫 Worker logic: DISABLED
[05:15:11] 🔑 Venue matching: ID ONLY
[05:15:11] 🚫 alldistrictvenues.json: NOT USED
[05:15:11] 🚫 Venue-name matching: NOT USED
[05:15:11] 📍 Selected venue records: 756
[05:15:11] 🎯 Selected venue IDs: 756
[05:15:11] 📡 Fetching Detailed JSON:
[05:15:11]    https://districtdata2026.pages.dev/boxoffice/2026-10-06_Detailed.json
[05:15:11] ✅ Source loaded
[05:15:11]    Source date: 2026-10-06
[05:15:11]    Last updated: 04:06 AM, 06 October 2026
[05:15:11]    Movie keys: 64
[05:15:11] 🎬 Source movie keys: 64
[05:15:11] 🎟️ Selected-venue show rows: 242
[05:15:11] 🚫 Non-selected show rows ignored: 2728
[05:15:11] ℹ️ Non-selected venue IDs encountered: 834
[05:15:11]    ⏭️ Source venue ID not selected: 1019930
[05:15:11]    ⏭️ Source venue ID not selected: 925
[05:15:11]    ⏭️ Source venue ID not selected: 1092168
[05:15:11]    ⏭️ Source venue ID not selected: 1020698
[05:15:11]    ⏭️ Source venue ID not selected: 1040660
[05:15:11]    ⏭️ Source venue ID not selected: 52078
[05:15:11]    ⏭️ Source venue ID not selected: 1004161
[05:15:11]    ⏭️ Source venue ID not selected: 9887
[05:15:11]    ⏭️ Source venue ID not selected: 171
[05:15:11]    ⏭️ Source venue ID not selected: 1029765
[05:15:11]    ⏭️ Source venue ID not selected: 9886
[05:15:11]    ⏭️ Source venue ID not selected: 1102208
[05:15:11]    ⏭️ Source venue ID not selected: 1022288
[05:15:11]    ⏭️ Source venue ID not selected: 1018963
[05:15:11]    ⏭️ Source venue ID not selected: 1020738
[05:15:11]    ⏭️ Source venue ID not selected: 1039214
[05:15:11]    ⏭️ Source venue ID not selected: 145
[05:15:11]    ⏭️ Source venue ID not selected: 1001091
[05:15:11]    ⏭️ Source venue ID not selected: 916
[05:15:11]    ⏭️ Source venue ID not selected: 1012898
[05:15:11]    ... and 814 more
[05:15:11] 📦 Previous shows: 242
[05:15:11] 🆕 Fresh shows: 242
[05:15:11] 📦 Final shows: 242
[05:15:11] ✅ DONE | Shows=242 | Movies=32
[05:15:11] 📄 Detailed: daily/data/20261006/detailed9.json
[05:15:11] 📄 Summary: daily/data/20261006/movie_summary9.json
