[00:16:24] 🚀 BMS DAILY TRACKER STARTED (enhanced anti‑detection)
[00:16:24] [1/445] TGMR
[00:16:25] 🧠 New identity created
[00:16:25] [2/445] CXKR
[00:16:26] [3/445] SROP
[00:16:27] [4/445] GTSV
[00:16:28] [5/445] SNTY
[00:16:29] [6/445] SMYY
[00:16:30] [7/445] CNCS
[00:16:30] [8/445] CSTM
[00:16:31] [9/445] NUCD
[00:16:32] [10/445] SHCZ
[00:16:33] 🔄 Identity reset
[00:16:33] 🔄 Identity rotated (every 10 requests)
[00:16:33] [11/445] NJCT
[00:16:34] [12/445] COPC
[00:16:35] [13/445] STVV
[00:16:36] [14/445] SKRN
[00:16:37] [15/445] APPZ
[00:16:38] [16/445] YMGN
[00:16:39] [17/445] SVTU
[00:16:40] [18/445] GTAD
[00:16:41] [19/445] PSUS
[00:16:42] [20/445] SMCD
[00:16:42] 🔄 Identity reset
[00:16:42] 🔄 Identity rotated (every 10 requests)
[00:16:44] [21/445] CMCM
[00:16:44] [22/445] SYCT
[00:16:45] [23/445] STLY
[00:16:46] [24/445] CMHU
[00:16:47] [25/445] CMSA
[00:16:48] [26/445] CLCU
[00:16:49] [27/445] PPNT
[00:16:49] [28/445] JTAB
[00:16:50] [29/445] BUUC
[00:16:51] [30/445] BSVK
[00:16:52] 🔄 Identity reset
[00:16:52] 🔄 Identity rotated (every 10 requests)
[00:16:53] [31/445] VVVQ
[00:16:54] [32/445] TKMU
[00:16:55] [33/445] ESYL
[00:16:55] [34/445] ACHP
[00:16:56] [35/445] BTKD
[00:16:57] [36/445] DESA
[00:16:58] [37/445] GBCT
[00:16:59] [38/445] BLLD
[00:17:00] [39/445] SKNT
[00:17:01] [40/445] SSTE
[00:17:01] 🔄 Identity reset
[00:17:01] 🔄 Identity rotated (every 10 requests)
[00:17:02] [41/445] VJMR
[00:17:02] [42/445] NTPU
[00:17:03] [43/445] RDKN
[00:17:04] [44/445] ADGC
[00:17:05] [45/445] VRBP
[00:17:06] [46/445] NMNA
[00:17:07] [47/445] CMMX
[00:17:08] [48/445] PTKO
[00:17:09] [49/445] RBML
[00:17:10] [50/445] SAIC
[00:17:10] 🔄 Identity reset
[00:17:10] 🔄 Identity rotated (every 10 requests)
[00:17:10] [51/445] SVTJ
[00:17:11] [52/445] MRTE
[00:17:12] [53/445] RBTP
[00:17:13] [54/445] NLPS
[00:17:14] [55/445] GTNA
[00:17:15] [56/445] DGGC
[00:17:16] [57/445] SMCR
[00:17:17] [58/445] SCGD
[00:17:18] [59/445] SRRJ
[00:17:18] [60/445] CNRY
[00:17:19] 🔄 Identity reset
[00:17:19] 🔄 Identity rotated (every 10 requests)
[00:17:20] [61/445] KTDI
[00:17:21] [62/445] SNJL
[00:17:22] [63/445] RKMD
[00:17:23] [64/445] SMDC
[00:17:24] [65/445] TADG
[00:17:25] [66/445] MCGS
[00:17:26] [67/445] PETK
[00:17:27] [68/445] CHAG
[00:17:28] [69/445] KSTL
[00:17:29] [70/445] AADS
[00:17:30] 🔄 Identity reset
[00:17:30] 🔄 Identity rotated (every 10 requests)
[00:17:30] [71/445] NTHZ
[00:17:31] [72/445] HCKI
[00:17:32] [73/445] SSEF
[00:17:33] [74/445] MCGX
[00:17:34] [75/445] ERRA
[00:17:35] [76/445] SDTW
[00:17:36] [77/445] RMPK
[00:17:37] [78/445] PTHK
[00:17:38] [79/445] PXCS
[00:17:39] [80/445] SVLU
[00:17:39] 🔄 Identity reset
[00:17:39] 🔄 Identity rotated (every 10 requests)
[00:17:39] 🔄 Retry 1/5 for SVLU in 2.5s
[00:17:39] 🔄 Identity reset
[00:17:42] 🧠 New identity created
[00:17:42] [81/445] STAH
[00:17:43] [82/445] JRGF
[00:17:44] [83/445] CDOK
[00:17:45] [84/445] CMSG
[00:17:46] [85/445] APTD
[00:17:47] [86/445] KMPG
[00:17:48] [87/445] MUTJ
[00:17:49] [88/445] VCCI
[00:17:49] [89/445] URBE
[00:17:50] 🔄 Identity reset
[00:17:50] 🔄 Identity rotated (every 10 requests)
[00:17:50] 🔄 Retry 1/5 for URBE in 2.5s
[00:17:50] 🔄 Identity reset
[00:17:53] 🧠 New identity created
[00:17:53] [90/445] TCTS
[00:17:54] [91/445] STSN
[00:17:56] [92/445] AKCH
[00:17:57] [93/445] APSC
[00:17:57] [94/445] VLTB
[00:17:58] [95/445] SANU
[00:17:59] [96/445] AXAM
[00:18:00] [97/445] MGMG
[00:18:01] [98/445] HTBY
[00:18:01] 🔄 Identity reset
[00:18:01] 🔄 Identity rotated (every 10 requests)
[00:18:02] [99/445] MMZS
[00:18:03] [100/445] SUDR
[00:18:04] [101/445] CCAD
[00:18:05] [102/445] SKKC
[00:18:05] [103/445] RMCD
[00:18:06] [104/445] SBCQ
[00:18:07] [105/445] DCCT
[00:18:08] [106/445] VTKP
[00:18:09] [107/445] MLAM
[00:18:10] [108/445] SAVT
[00:18:10] 🔄 Identity reset
[00:18:10] 🔄 Identity rotated (every 10 requests)
[00:18:11] 🔄 Retry 1/5 for SAVT in 2.1s
[00:18:11] 🔄 Identity reset
[00:18:13] 🧠 New identity created
[00:18:13] 🔄 Retry 2/5 for SAVT in 4.9s
[00:18:13] 🔄 Identity reset
[00:18:18] 🧠 New identity created
[00:18:18] [109/445] GEPL
[00:18:19] [110/445] AMCD
[00:18:20] [111/445] CCXR
[00:18:21] [112/445] GRNG
[00:18:22] [113/445] EBCA
[00:18:22] [114/445] CNVG
[00:18:23] [115/445] MWSS
[00:18:24] [116/445] VBOR
[00:18:25] 🔄 Identity reset
[00:18:25] 🔄 Identity rotated (every 10 requests)
[00:18:25] [117/445] NEEB
[00:18:26] [118/445] SUTH
[00:18:27] [119/445] ANDB
[00:18:28] [120/445] MMXS
[00:18:29] [121/445] CNPD
[00:18:30] [122/445] SDCE
[00:18:31] [123/445] DHCB
[00:18:32] [124/445] ODEN
[00:18:33] [125/445] TNTC
[00:18:34] [126/445] VBKM
[00:18:35] 🔄 Identity reset
[00:18:35] 🔄 Identity rotated (every 10 requests)
[00:18:35] [127/445] RZYM
[00:18:37] [128/445] JEMC
[00:18:38] [129/445] CMAU
[00:18:38] [130/445] SIVP
[00:18:39] [131/445] ATAG
[00:18:40] [132/445] CHTM
[00:18:41] [133/445] AAEE
[00:18:42] [134/445] IWPM
[00:18:43] [135/445] KCMW
[00:18:44] [136/445] MCTD
[00:18:44] 🔄 Identity reset
[00:18:44] 🔄 Identity rotated (every 10 requests)
[00:18:44] [137/445] SPWR
[00:18:45] [138/445] SDPO
[00:18:46] [139/445] PCSK
[00:18:47] [140/445] ACHV
[00:18:48] [141/445] SVLA
[00:18:49] [142/445] PICT
[00:18:50] [143/445] BXDR
[00:18:51] [144/445] SPWA
[00:18:52] [145/445] MCKO
[00:18:53] [146/445] RTHK
[00:18:54] 🔄 Identity reset
[00:18:54] 🔄 Identity rotated (every 10 requests)
[00:18:54] [147/445] CCMF
[00:18:55] [148/445] MRGB
[00:18:56] [149/445] CPLC
[00:18:57] [150/445] RACD
[00:18:58] [151/445] ATKT
[00:18:59] [152/445] SARN
[00:18:59] [153/445] KKUI
[00:19:01] [154/445] RGCM
[00:19:01] [155/445] BRVP
[00:19:02] [156/445] HRSR
[00:19:03] 🔄 Identity reset
[00:19:03] 🔄 Identity rotated (every 10 requests)
[00:19:03] [157/445] GKGM
[00:19:04] [158/445] TTCD
[00:19:05] [159/445] PTTI
[00:19:06] [160/445] MPTT
[00:19:07] [161/445] CVTT
[00:19:08] [162/445] PCXD
[00:19:09] [163/445] GCDC
[00:19:10] [164/445] CCCF
[00:19:11] [165/445] MRAD
[00:19:12] [166/445] CPLK
[00:19:13] 🔄 Identity reset
[00:19:13] 🔄 Identity rotated (every 10 requests)
[00:19:13] [167/445] SATB
[00:19:14] [168/445] SNVG
[00:19:15] [169/445] JMBA
[00:19:15] [170/445] TEJA
[00:19:16] [171/445] STYO
[00:19:18] [172/445] JTBP
[00:19:19] [173/445] KRGD
[00:19:20] [174/445] SLJJ
[00:19:21] [175/445] SPTJ
[00:19:22] [176/445] SWJG
[00:19:23] 🔄 Identity reset
[00:19:23] 🔄 Identity rotated (every 10 requests)
[00:19:23] [177/445] LKRT
[00:19:24] [178/445] KCKA
[00:19:25] [179/445] SNCR
[00:19:26] [180/445] SMKL
[00:19:27] [181/445] GCFA
[00:19:28] [182/445] DDCK
[00:19:28] [183/445] NCHJ
[00:19:30] [184/445] RDMA
[00:19:30] [185/445] SVSV
[00:19:31] [186/445] SCJG
[00:19:32] 🔄 Identity reset
[00:19:32] 🔄 Identity rotated (every 10 requests)
[00:19:32] [187/445] VKLP
[00:19:33] [188/445] NWCC
[00:19:34] [189/445] VKNS
[00:19:35] [190/445] SDDP
[00:19:36] [191/445] ACSI
[00:19:37] [192/445] SATG
[00:19:38] [193/445] SCMW
[00:19:39] [194/445] LKTK
[00:19:39] [195/445] VCKV
[00:19:40] [196/445] KKPE
[00:19:41] 🔄 Identity reset
[00:19:41] 🔄 Identity rotated (every 10 requests)
[00:19:41] [197/445] KIGH
[00:19:42] [198/445] SRPM
[00:19:43] [199/445] SCAH
[00:19:44] [200/445] MUTA
[00:19:45] [201/445] SEPU
[00:19:46] [202/445] INOA
[00:19:47] [203/445] BASK
[00:19:48] [204/445] NECB
[00:19:49] [205/445] GTTG
[00:19:50] [206/445] ASSA
[00:19:50] 🔄 Identity reset
[00:19:50] 🔄 Identity rotated (every 10 requests)
[00:19:51] [207/445] ANCL
[00:19:51] [208/445] GCTI
[00:19:52] [209/445] RCTS
[00:19:54] [210/445] ACNL
[00:19:55] [211/445] MYCT
[00:19:56] [212/445] NMHT
[00:19:57] [213/445] MDIT
[00:19:58] [214/445] LATG
[00:19:59] [215/445] SMTY
[00:20:00] [216/445] CVCT
[00:20:00] 🔄 Identity reset
[00:20:00] 🔄 Identity rotated (every 10 requests)
[00:20:01] [217/445] RAMB
[00:20:01] [218/445] TGMS
[00:20:02] [219/445] BHEL
[00:20:03] [220/445] SHCT
[00:20:04] [221/445] SVCT
[00:20:05] [222/445] MRIY
[00:20:06] [223/445] SARO
[00:20:07] [224/445] STCT
[00:20:08] [225/445] JKKC
[00:20:09] [226/445] PLTT
[00:20:09] 🔄 Identity reset
[00:20:09] 🔄 Identity rotated (every 10 requests)
[00:20:10] [227/445] SRNT
[00:20:11] [228/445] YAST
[00:20:11] [229/445] PERL
[00:20:12] [230/445] CICM
[00:20:13] [231/445] MMTR
[00:20:15] [232/445] ABTK
[00:20:16] [233/445] ATYY
[00:20:17] [234/445] ASTK
[00:20:18] [235/445] VVCK
[00:20:19] [236/445] ATKY
[00:20:19] 🔄 Identity reset
[00:20:19] 🔄 Identity rotated (every 10 requests)
[00:20:20] [237/445] GWEK
[00:20:20] [238/445] SVFH
[00:20:21] [239/445] SLTA
[00:20:23] [240/445] AASH
[00:20:24] [241/445] ACXB
[00:20:24] [242/445] SMTX
[00:20:25] [243/445] AZDH
[00:20:26] [244/445] CMMH
[00:20:27] [245/445] SCSZ
[00:20:28] [246/445] SCKP
[00:20:28] 🔄 Identity reset
[00:20:28] 🔄 Identity rotated (every 10 requests)
[00:20:29] [247/445] NXTM
[00:20:30] [248/445] NWCS
[00:20:31] [249/445] CXMH
[00:20:32] [250/445] PCMA
[00:20:33] [251/445] SGCM
[00:20:34] [252/445] SDTU
[00:20:35] [253/445] MMVI
[00:20:36] [254/445] JKCM
[00:20:37] [255/445] VCMM
[00:20:37] [256/445] SYEE
[00:20:38] 🔄 Identity reset
[00:20:38] 🔄 Identity rotated (every 10 requests)
[00:20:38] [257/445] VASD
[00:20:39] [258/445] BDRB
[00:20:40] [259/445] LASM
[00:20:41] [260/445] DCRL
[00:20:42] [261/445] DVPM
[00:20:43] [262/445] SBMJ
[00:20:44] [263/445] CBMU
[00:20:45] [264/445] IUBS
[00:20:47] [265/445] INAP
[00:20:48] [266/445] SRRC
[00:20:48] 🔄 Identity reset
[00:20:48] 🔄 Identity rotated (every 10 requests)
[00:20:49] [267/445] SAGR
[00:20:50] [268/445] CPMJ
[00:20:51] [269/445] ATJL
[00:20:52] [270/445] NNTD
[00:20:52] [271/445] JHCJ
[00:20:53] [272/445] CMMP
[00:20:55] [273/445] RSDR
[00:20:56] [274/445] AMTI
[00:20:57] [275/445] NYSG
[00:20:58] [276/445] AVSG
[00:20:58] 🔄 Identity reset
[00:20:58] 🔄 Identity rotated (every 10 requests)
[00:20:59] [277/445] SYTP
[00:21:00] [278/445] LARC
[00:21:01] [279/445] RJTP
[00:21:02] [280/445] LAKC
[00:21:03] [281/445] MCXE
[00:21:04] [282/445] CCZC
[00:21:05] [283/445] AVCH
[00:21:06] [284/445] CMBE
[00:21:07] [285/445] MRRC
[00:21:07] [286/445] PCPY
[00:21:08] 🔄 Identity reset
[00:21:08] 🔄 Identity rotated (every 10 requests)
[00:21:08] [287/445] SRMH
[00:21:09] [288/445] SVGS
[00:21:10] [289/445] PCSE
[00:21:11] [290/445] SVFT
[00:21:12] [291/445] TNZP
[00:21:13] [292/445] ICTP
[00:21:14] [293/445] ACTZ
[00:21:16] [294/445] GTUR
[00:21:17] [295/445] MAFC
[00:21:17] [296/445] MINL
[00:21:18] 🔄 Identity reset
[00:21:18] 🔄 Identity rotated (every 10 requests)
[00:21:18] 🔄 Retry 1/5 for MINL in 2.8s
[00:21:18] 🔄 Identity reset
[00:21:21] 🧠 New identity created
[00:21:21] [297/445] MRCL
[00:21:23] [298/445] RCRP
[00:21:24] [299/445] RFFG
[00:21:25] [300/445] RMAS
[00:21:25] [301/445] INVR
[00:21:26] [302/445] RMAR
[00:21:27] [303/445] CNIS
[00:21:28] [304/445] RHRJ
[00:21:29] [305/445] INXR
[00:21:29] 🔄 Identity reset
[00:21:29] 🔄 Identity rotated (every 10 requests)
[00:21:30] [306/445] VALT
[00:21:31] [307/445] LCSH
[00:21:32] [308/445] CMVS
[00:21:32] [309/445] CNMS
[00:21:33] [310/445] ROOG
[00:21:34] [311/445] ISRM
[00:21:35] [312/445] RCRM
[00:21:36] [313/445] ACJA
[00:21:37] [314/445] RCVS
[00:21:38] [315/445] CPUS
[00:21:38] 🔄 Identity reset
[00:21:38] 🔄 Identity rotated (every 10 requests)
[00:21:39] [316/445] TGCS
[00:21:39] [317/445] RKCJ
[00:21:40] [318/445] MKSB
[00:21:41] [319/445] TCSJ
[00:21:43] [320/445] RMGP
[00:21:44] [321/445] CLLP
[00:21:45] [322/445] RCMV
[00:21:46] [323/445] CCKS
[00:21:46] [324/445] RSRP
[00:21:47] [325/445] APLP
[00:21:48] 🔄 Identity reset
[00:21:48] 🔄 Identity rotated (every 10 requests)
[00:21:48] [326/445] CNVS
[00:21:49] [327/445] RMVY
[00:21:50] [328/445] PGBD
[00:21:51] [329/445] KLMS
[00:21:52] [330/445] RUST
[00:21:52] [331/445] MASM
[00:21:53] [332/445] BACS
[00:21:54] [333/445] BWST
[00:21:55] [334/445] RRFH
[00:21:56] [335/445] SJTM
[00:21:57] 🔄 Identity reset
[00:21:57] 🔄 Identity rotated (every 10 requests)
[00:21:57] [336/445] BEMR
[00:21:58] [337/445] MCGR
[00:21:59] [338/445] SDSK
[00:22:00] [339/445] VBOL
[00:22:01] [340/445] RMGM
[00:22:01] [341/445] NOPL
[00:22:02] [342/445] MKJK
[00:22:04] [343/445] CVRN
[00:22:05] [344/445] MMEN
[00:22:06] [345/445] AMNG
[00:22:06] 🔄 Identity reset
[00:22:06] 🔄 Identity rotated (every 10 requests)
[00:22:07] [346/445] INTM
[00:22:08] [347/445] SLCZ
[00:22:09] [348/445] AMJN
[00:22:09] [349/445] ACJN
[00:22:10] [350/445] AMKN
[00:22:11] [351/445] BTCN
[00:22:12] [352/445] AMBT
[00:22:13] [353/445] PACN
[00:22:14] [354/445] LCNS
[00:22:15] [355/445] PPKC
[00:22:16] 🔄 Identity reset
[00:22:16] 🔄 Identity rotated (every 10 requests)
[00:22:16] 🔄 Retry 1/5 for PPKC in 2.5s
[00:22:16] 🔄 Identity reset
[00:22:18] 🧠 New identity created
[00:22:18] 🔄 Retry 2/5 for PPKC in 4.7s
[00:22:18] 🔄 Identity reset
[00:22:23] 🧠 New identity created
[00:22:23] [356/445] JYYN
[00:22:25] [357/445] JTNR
[00:22:26] [358/445] GTEE
[00:22:27] [359/445] SRNM
[00:22:27] [360/445] SDTC
[00:22:28] [361/445] VPCA
[00:22:29] [362/445] VLRA
[00:22:30] [363/445] SHKR
[00:22:30] 🔄 Identity reset
[00:22:30] 🔄 Identity rotated (every 10 requests)
[00:22:31] [364/445] SBKD
[00:22:32] [365/445] SAAD
[00:22:32] [366/445] JTGN
[00:22:33] [367/445] SLAM
[00:22:34] [368/445] VTPM
[00:22:35] [369/445] ANPT
[00:22:36] [370/445] PUNB
[00:22:37] [371/445] CPKT
[00:22:38] [372/445] CNWE
[00:22:39] [373/445] ECPP
[00:22:39] 🔄 Identity reset
[00:22:40] 🔄 Identity rotated (every 10 requests)
[00:22:41] [374/445] CPAR
[00:22:41] [375/445] ESBW
[00:22:42] [376/445] PKPU
[00:22:43] [377/445] CPRP
[00:22:44] [378/445] RAHU
[00:22:45] [379/445] RHMN
[00:22:46] [380/445] FMJP
[00:22:47] [381/445] CTMP
[00:22:48] [382/445] INPN
[00:22:49] [383/445] STTG
[00:22:49] 🔄 Identity reset
[00:22:49] 🔄 Identity rotated (every 10 requests)
[00:22:49] [384/445] CTRD
[00:22:50] [385/445] PUVB
[00:22:51] [386/445] ESVP
[00:22:52] [387/445] CPFT
[00:22:53] [388/445] LCPC
[00:22:55] [389/445] VBCT
[00:22:55] [390/445] FSCW
[00:22:56] [391/445] VCMP
[00:22:57] [392/445] ASHC
[00:22:58] [393/445] VLCX
[00:22:59] 🔄 Identity reset
[00:22:59] 🔄 Identity rotated (every 10 requests)
[00:23:00] [394/445] SHEV
[00:23:00] [395/445] APCO
[00:23:01] [396/445] SILC
[00:23:02] [397/445] SNMR
[00:23:03] [398/445] KYBO
[00:23:04] [399/445] SATK
[00:23:05] [400/445] SSCS
[00:23:05] [401/445] CLSB
[00:23:06] [402/445] KMJR
[00:23:08] [403/445] FSCK
[00:23:09] 🔄 Identity reset
[00:23:09] 🔄 Identity rotated (every 10 requests)
[00:23:09] [404/445] NNKA
[00:23:10] [405/445] CLMK
[00:23:11] [406/445] DMPZ
[00:23:12] [407/445] INQM
[00:23:13] [408/445] CAML
[00:23:14] [409/445] INRK
[00:23:15] [410/445] IMKN
[00:23:16] [411/445] SVNR
[00:23:17] [412/445] INSL
[00:23:18] [413/445] MSMA
[00:23:18] 🔄 Identity reset
[00:23:18] 🔄 Identity rotated (every 10 requests)
[00:23:18] [414/445] MCKK
[00:23:19] [415/445] FCHP
[00:23:20] [416/445] SFCR
[00:23:21] [417/445] NACK
[00:23:22] [418/445] PVAK
[00:23:24] [419/445] INER
[00:23:25] [420/445] RDBK
[00:23:26] [421/445] SVFN
[00:23:27] [422/445] IFRM
[00:23:27] [423/445] ATCK
[00:23:28] 🔄 Identity reset
[00:23:28] 🔄 Identity rotated (every 10 requests)
[00:23:28] 🔄 Retry 1/5 for ATCK in 2.6s
[00:23:28] 🔄 Identity reset
[00:23:31] 🧠 New identity created
[00:23:31] [424/445] ASKO
[00:23:32] [425/445] STKT
[00:23:33] [426/445] SVFB
[00:23:34] [427/445] INKS
[00:23:35] [428/445] PCRA
[00:23:35] [429/445] ATJA
[00:23:37] [430/445] IMJN
[00:23:38] [431/445] INHD
[00:23:39] [432/445] BARA
[00:23:40] 🔄 Identity reset
[00:23:40] 🔄 Identity rotated (every 10 requests)
[00:23:40] [433/445] MCSL
[00:23:41] [434/445] RTOY
[00:23:42] [435/445] MENO
[00:23:43] [436/445] PUDM
[00:23:44] [437/445] PRCN
[00:23:45] [438/445] JMJR
[00:23:46] [439/445] SSGK
[00:23:46] [440/445] SSRL
[00:23:47] [441/445] JYKL
[00:23:48] [442/445] ACNB
[00:23:49] 🔄 Identity reset
[00:23:49] 🔄 Identity rotated (every 10 requests)
[00:23:49] 🔄 Retry 1/5 for ACNB in 3.0s
[00:23:49] 🔄 Identity reset
[00:23:52] 🧠 New identity created
[00:23:53] [443/445] SONP
[00:23:54] [444/445] EMCI
[00:23:55] [445/445] MRJH
[00:23:56] ✅ DONE | Shows=0 | Movies=0
[00:26:57] 🚀 BMS DAILY TRACKER STARTED (enhanced anti‑detection)
[00:26:57] [1/445] TGMR
[00:26:58] 🧠 New identity created
[00:26:58] [2/445] CXKR
[00:26:59] [3/445] SROP
[00:27:00] [4/445] GTSV
[00:27:00] [5/445] SNTY
[00:27:01] [6/445] SMYY
[00:27:03] [7/445] CNCS
[00:27:04] [8/445] CSTM
[00:27:05] [9/445] NUCD
[00:27:06] [10/445] SHCZ
[00:27:06] 🔄 Identity reset
[00:27:06] 🔄 Identity rotated (every 10 requests)
[00:27:07] [11/445] NJCT
[00:27:08] [12/445] COPC
[00:27:08] [13/445] STVV
[00:27:09] [14/445] SKRN
[00:27:10] [15/445] APPZ
[00:27:11] [16/445] YMGN
[00:27:12] [17/445] SVTU
[00:27:13] [18/445] GTAD
[00:27:14] [19/445] PSUS
[00:27:15] [20/445] SMCD
[00:27:15] 🔄 Identity reset
[00:27:15] 🔄 Identity rotated (every 10 requests)
[00:27:16] [21/445] CMCM
[00:27:17] [22/445] SYCT
[00:27:17] [23/445] STLY
[00:27:18] [24/445] CMHU
[00:27:19] [25/445] CMSA
[00:27:20] [26/445] CLCU
[00:27:21] [27/445] PPNT
[00:27:22] [28/445] JTAB
[00:27:22] [29/445] BUUC
[00:27:23] [30/445] BSVK
[00:27:24] 🔄 Identity reset
[00:27:24] 🔄 Identity rotated (every 10 requests)
[00:27:24] [31/445] VVVQ
[00:27:25] [32/445] TKMU
[00:27:26] [33/445] ESYL
[00:27:26] [34/445] ACHP
[00:27:27] [35/445] BTKD
[00:27:28] [36/445] DESA
[00:27:29] [37/445] GBCT
[00:27:29] [38/445] BLLD
[00:27:30] [39/445] SKNT
[00:27:31] [40/445] SSTE
[00:27:32] 🔄 Identity reset
[00:27:32] 🔄 Identity rotated (every 10 requests)
[00:27:32] [41/445] VJMR
[00:27:33] [42/445] NTPU
[00:27:34] [43/445] RDKN
[00:27:36] [44/445] ADGC
[00:27:36] [45/445] VRBP
[00:27:37] [46/445] NMNA
[00:27:38] [47/445] CMMX
[00:27:39] [48/445] PTKO
[00:27:40] [49/445] RBML
[00:27:41] [50/445] SAIC
[00:27:41] 🔄 Identity reset
[00:27:41] 🔄 Identity rotated (every 10 requests)
[00:27:42] [51/445] SVTJ
[00:27:43] [52/445] MRTE
[00:27:44] [53/445] RBTP
[00:27:45] [54/445] NLPS
[00:27:46] [55/445] GTNA
[00:27:47] [56/445] DGGC
[00:27:48] [57/445] SMCR
[00:27:48] [58/445] SCGD
[00:27:49] [59/445] SRRJ
[00:27:50] [60/445] CNRY
[00:27:51] 🔄 Identity reset
[00:27:51] 🔄 Identity rotated (every 10 requests)
[00:27:51] [61/445] KTDI
[00:27:51] [62/445] SNJL
[00:27:52] [63/445] RKMD
[00:27:54] [64/445] SMDC
[00:27:55] [65/445] TADG
[00:27:55] [66/445] MCGS
[00:27:56] [67/445] PETK
[00:27:57] [68/445] CHAG
[00:27:58] [69/445] KSTL
[00:27:58] [70/445] AADS
[00:27:59] 🔄 Identity reset
[00:27:59] 🔄 Identity rotated (every 10 requests)
[00:27:59] [71/445] NTHZ
[00:28:00] [72/445] HCKI
[00:28:01] [73/445] SSEF
[00:28:02] [74/445] MCGX
[00:28:02] [75/445] ERRA
[00:28:03] [76/445] SDTW
[00:28:05] [77/445] RMPK
[00:28:06] [78/445] PTHK
[00:28:07] [79/445] PXCS
[00:28:07] [80/445] SVLU
[00:28:08] 🔄 Identity reset
[00:28:08] 🔄 Identity rotated (every 10 requests)
[00:28:08] [81/445] STAH
[00:28:10] [82/445] JRGF
[00:28:11] [83/445] CDOK
[00:28:12] [84/445] CMSG
[00:28:13] [85/445] APTD
[00:28:14] [86/445] KMPG
[00:28:15] [87/445] MUTJ
[00:28:16] [88/445] VCCI
[00:28:18] [89/445] URBE
[00:28:18] [90/445] TCTS
[00:28:19] 🔄 Identity reset
[00:28:19] 🔄 Identity rotated (every 10 requests)
[00:28:19] [91/445] STSN
[00:28:20] [92/445] AKCH
[00:28:21] [93/445] APSC
[00:28:22] [94/445] VLTB
[00:28:23] [95/445] SANU
[00:28:24] [96/445] AXAM
[00:28:25] [97/445] MGMG
[00:28:26] [98/445] HTBY
[00:28:27] [99/445] MMZS
[00:28:29] [100/445] SUDR
[00:28:29] 🔄 Identity reset
[00:28:29] 🔄 Identity rotated (every 10 requests)
[00:28:30] [101/445] CCAD
[00:28:30] [102/445] SKKC
[00:28:31] [103/445] RMCD
[00:28:32] [104/445] SBCQ
[00:28:33] [105/445] DCCT
[00:28:34] [106/445] VTKP
[00:28:34] [107/445] MLAM
[00:28:35] [108/445] SAVT
[00:28:36] [109/445] GEPL
[00:28:37] [110/445] AMCD
[00:28:37] 🔄 Identity reset
[00:28:37] 🔄 Identity rotated (every 10 requests)
[00:28:38] [111/445] CCXR
[00:28:39] [112/445] GRNG
[00:28:39] [113/445] EBCA
[00:28:40] [114/445] CNVG
[00:28:42] [115/445] MWSS
[00:28:42] [116/445] VBOR
[00:28:43] [117/445] NEEB
[00:28:44] [118/445] SUTH
[00:28:45] [119/445] ANDB
[00:28:45] [120/445] MMXS
[00:28:46] 🔄 Identity reset
[00:28:46] 🔄 Identity rotated (every 10 requests)
[00:28:47] [121/445] CNPD
[00:28:47] [122/445] SDCE
[00:28:49] [123/445] DHCB
[00:28:49] [124/445] ODEN
[00:28:50] [125/445] TNTC
[00:28:52] [126/445] VBKM
[00:28:53] [127/445] RZYM
[00:28:54] [128/445] JEMC
[00:28:55] [129/445] CMAU
[00:28:56] [130/445] SIVP
[00:28:56] 🔄 Identity reset
[00:28:56] 🔄 Identity rotated (every 10 requests)
[00:28:57] [131/445] ATAG
[00:28:58] [132/445] CHTM
[00:28:59] [133/445] AAEE
[00:29:00] [134/445] IWPM
[00:29:01] [135/445] KCMW
[00:29:01] [136/445] MCTD
[00:29:02] [137/445] SPWR
[00:29:03] [138/445] SDPO
[00:29:04] [139/445] PCSK
[00:29:05] [140/445] ACHV
[00:29:05] 🔄 Identity reset
[00:29:05] 🔄 Identity rotated (every 10 requests)
[00:29:05] [141/445] SVLA
[00:29:07] [142/445] PICT
[00:29:08] [143/445] BXDR
[00:29:08] [144/445] SPWA
[00:29:09] [145/445] MCKO
[00:29:10] [146/445] RTHK
[00:29:11] [147/445] CCMF
[00:29:12] [148/445] MRGB
[00:29:12] [149/445] CPLC
[00:29:13] [150/445] RACD
[00:29:14] 🔄 Identity reset
[00:29:14] 🔄 Identity rotated (every 10 requests)
[00:29:14] [151/445] ATKT
[00:29:15] [152/445] SARN
[00:29:16] [153/445] KKUI
[00:29:17] [154/445] RGCM
[00:29:18] [155/445] BRVP
[00:29:18] [156/445] HRSR
[00:29:19] [157/445] GKGM
[00:29:20] [158/445] TTCD
[00:29:20] [159/445] PTTI
[00:29:21] [160/445] MPTT
[00:29:22] 🔄 Identity reset
[00:29:22] 🔄 Identity rotated (every 10 requests)
[00:29:22] [161/445] CVTT
[00:29:22] [162/445] PCXD
[00:29:23] [163/445] GCDC
[00:29:24] [164/445] CCCF
[00:29:25] [165/445] MRAD
[00:29:26] [166/445] CPLK
[00:29:26] [167/445] SATB
[00:29:27] [168/445] SNVG
[00:29:28] [169/445] JMBA
[00:29:29] [170/445] TEJA
[00:29:30] 🔄 Identity reset
[00:29:30] 🔄 Identity rotated (every 10 requests)
[00:29:30] [171/445] STYO
[00:29:31] [172/445] JTBP
[00:29:31] [173/445] KRGD
[00:29:32] [174/445] SLJJ
[00:29:33] [175/445] SPTJ
[00:29:34] [176/445] SWJG
[00:29:35] [177/445] LKRT
[00:29:36] [178/445] KCKA
[00:29:36] [179/445] SNCR
[00:29:37] [180/445] SMKL
[00:29:38] 🔄 Identity reset
[00:29:38] 🔄 Identity rotated (every 10 requests)
[00:29:38] [181/445] GCFA
[00:29:39] [182/445] DDCK
[00:29:40] [183/445] NCHJ
[00:29:40] [184/445] RDMA
[00:29:41] [185/445] SVSV
[00:29:42] [186/445] SCJG
[00:29:43] [187/445] VKLP
[00:29:44] [188/445] NWCC
[00:29:45] [189/445] VKNS
[00:29:46] [190/445] SDDP
[00:29:46] 🔄 Identity reset
[00:29:46] 🔄 Identity rotated (every 10 requests)
[00:29:47] [191/445] ACSI
[00:29:48] [192/445] SATG
[00:29:49] [193/445] SCMW
[00:29:49] [194/445] LKTK
[00:29:50] [195/445] VCKV
[00:29:51] [196/445] KKPE
[00:29:52] [197/445] KIGH
[00:29:52] [198/445] SRPM
[00:29:53] [199/445] SCAH
[00:29:54] [200/445] MUTA
[00:29:54] 🔄 Identity reset
[00:29:54] 🔄 Identity rotated (every 10 requests)
[00:29:54] [201/445] SEPU
[00:29:55] [202/445] INOA
[00:29:56] [203/445] BASK
[00:29:56] [204/445] NECB
[00:29:57] [205/445] GTTG
[00:29:58] [206/445] ASSA
[00:29:59] [207/445] ANCL
[00:29:59] [208/445] GCTI
[00:30:00] [209/445] RCTS
[00:30:01] [210/445] ACNL
[00:30:02] 🔄 Identity reset
[00:30:02] 🔄 Identity rotated (every 10 requests)
[00:30:02] [211/445] MYCT
[00:30:03] [212/445] NMHT
[00:30:03] [213/445] MDIT
[00:30:04] [214/445] LATG
[00:30:05] [215/445] SMTY
[00:30:06] [216/445] CVCT
[00:30:06] [217/445] RAMB
[00:30:07] [218/445] TGMS
[00:30:08] [219/445] BHEL
[00:30:09] [220/445] SHCT
[00:30:09] 🔄 Identity reset
[00:30:09] 🔄 Identity rotated (every 10 requests)
[00:30:09] [221/445] SVCT
[00:30:10] [222/445] MRIY
[00:30:11] [223/445] SARO
[00:30:12] [224/445] STCT
[00:30:13] [225/445] JKKC
[00:30:14] [226/445] PLTT
[00:30:15] [227/445] SRNT
[00:30:15] [228/445] YAST
[00:30:16] [229/445] PERL
[00:30:17] [230/445] CICM
[00:30:17] 🔄 Identity reset
[00:30:17] 🔄 Identity rotated (every 10 requests)
[00:30:17] [231/445] MMTR
[00:30:18] [232/445] ABTK
[00:30:19] [233/445] ATYY
[00:30:19] [234/445] ASTK
[00:30:20] [235/445] VVCK
[00:30:21] [236/445] ATKY
[00:30:22] [237/445] GWEK
[00:30:23] [238/445] SVFH
[00:30:25] [239/445] SLTA
[00:30:26] [240/445] AASH
[00:30:26] 🔄 Identity reset
[00:30:26] 🔄 Identity rotated (every 10 requests)
[00:30:27] [241/445] ACXB
[00:30:28] [242/445] SMTX
[00:30:29] [243/445] AZDH
[00:30:29] [244/445] CMMH
[00:30:30] [245/445] SCSZ
[00:30:31] [246/445] SCKP
[00:30:32] [247/445] NXTM
[00:30:32] [248/445] NWCS
[00:30:33] [249/445] CXMH
[00:30:35] [250/445] PCMA
[00:30:35] 🔄 Identity reset
[00:30:35] 🔄 Identity rotated (every 10 requests)
[00:30:35] [251/445] SGCM
[00:30:36] [252/445] SDTU
[00:30:37] [253/445] MMVI
[00:30:37] [254/445] JKCM
[00:30:38] [255/445] VCMM
[00:30:39] [256/445] SYEE
[00:30:40] [257/445] VASD
[00:30:41] [258/445] BDRB
[00:30:41] [259/445] LASM
[00:30:42] [260/445] DCRL
[00:30:42] 🔄 Identity reset
[00:30:43] 🔄 Identity rotated (every 10 requests)
[00:30:44] [261/445] DVPM
[00:30:44] [262/445] SBMJ
[00:30:45] [263/445] CBMU
[00:30:45] [264/445] IUBS
[00:30:46] [265/445] INAP
[00:30:47] [266/445] SRRC
[00:30:48] [267/445] SAGR
[00:30:49] [268/445] CPMJ
[00:30:49] [269/445] ATJL
[00:30:50] [270/445] NNTD
[00:30:51] 🔄 Identity reset
[00:30:51] 🔄 Identity rotated (every 10 requests)
[00:30:51] [271/445] JHCJ
[00:30:52] [272/445] CMMP
[00:30:52] [273/445] RSDR
[00:30:53] [274/445] AMTI
[00:30:54] [275/445] NYSG
[00:30:55] [276/445] AVSG
[00:30:56] [277/445] SYTP
[00:30:56] [278/445] LARC
[00:30:57] [279/445] RJTP
[00:30:58] [280/445] LAKC
[00:30:58] 🔄 Identity reset
[00:30:58] 🔄 Identity rotated (every 10 requests)
[00:30:59] [281/445] MCXE
[00:30:59] [282/445] CCZC
[00:31:00] [283/445] AVCH
[00:31:01] [284/445] CMBE
[00:31:02] [285/445] MRRC
[00:31:02] [286/445] PCPY
[00:31:03] [287/445] SRMH
[00:31:04] [288/445] SVGS
[00:31:05] [289/445] PCSE
[00:31:06] [290/445] SVFT
[00:31:06] 🔄 Identity reset
[00:31:06] 🔄 Identity rotated (every 10 requests)
[00:31:07] [291/445] TNZP
[00:31:07] [292/445] ICTP
[00:31:08] [293/445] ACTZ
[00:31:08] [294/445] GTUR
[00:31:09] [295/445] MAFC
[00:31:10] [296/445] MINL
[00:31:12] [297/445] MRCL
[00:31:12] [298/445] RCRP
[00:31:13] [299/445] RFFG
[00:31:14] [300/445] RMAS
[00:31:14] 🔄 Identity reset
[00:31:14] 🔄 Identity rotated (every 10 requests)
[00:31:14] [301/445] INVR
[00:31:15] [302/445] RMAR
[00:31:16] [303/445] CNIS
[00:31:18] [304/445] RHRJ
[00:31:19] [305/445] INXR
[00:31:19] [306/445] VALT
[00:31:20] [307/445] LCSH
[00:31:21] [308/445] CMVS
[00:31:22] [309/445] CNMS
[00:31:22] [310/445] ROOG
[00:31:23] 🔄 Identity reset
[00:31:23] 🔄 Identity rotated (every 10 requests)
[00:31:23] [311/445] ISRM
[00:31:24] [312/445] RCRM
[00:31:25] [313/445] ACJA
[00:31:26] [314/445] RCVS
[00:31:27] [315/445] CPUS
[00:31:28] [316/445] TGCS
[00:31:29] [317/445] RKCJ
[00:31:30] [318/445] MKSB
[00:31:30] [319/445] TCSJ
[00:31:31] [320/445] RMGP
[00:31:32] 🔄 Identity reset
[00:31:32] 🔄 Identity rotated (every 10 requests)
[00:31:32] [321/445] CLLP
[00:31:33] [322/445] RCMV
[00:31:34] [323/445] CCKS
[00:31:34] [324/445] RSRP
[00:31:35] [325/445] APLP
[00:31:36] [326/445] CNVS
[00:31:36] [327/445] RMVY
[00:31:37] [328/445] PGBD
[00:31:38] [329/445] KLMS
[00:31:39] [330/445] RUST
[00:31:39] 🔄 Identity reset
[00:31:39] 🔄 Identity rotated (every 10 requests)
[00:31:40] [331/445] MASM
[00:31:41] [332/445] BACS
[00:31:42] [333/445] BWST
[00:31:43] [334/445] RRFH
[00:31:43] [335/445] SJTM
[00:31:44] [336/445] BEMR
[00:31:45] [337/445] MCGR
[00:31:46] [338/445] SDSK
[00:31:47] [339/445] VBOL
[00:31:48] [340/445] RMGM
[00:31:49] 🔄 Identity reset
[00:31:49] 🔄 Identity rotated (every 10 requests)
[00:31:49] [341/445] NOPL
[00:31:49] [342/445] MKJK
[00:31:50] [343/445] CVRN
[00:31:51] [344/445] MMEN
[00:31:52] [345/445] AMNG
[00:31:53] [346/445] INTM
[00:31:53] [347/445] SLCZ
[00:31:54] [348/445] AMJN
[00:31:55] [349/445] ACJN
[00:31:55] [350/445] AMKN
[00:31:56] 🔄 Identity reset
[00:31:56] 🔄 Identity rotated (every 10 requests)
[00:31:56] [351/445] BTCN
[00:31:57] [352/445] AMBT
[00:31:58] [353/445] PACN
[00:31:58] [354/445] LCNS
[00:31:59] [355/445] PPKC
[00:32:00] [356/445] JYYN
[00:32:01] [357/445] JTNR
[00:32:01] [358/445] GTEE
[00:32:02] [359/445] SRNM
[00:32:03] [360/445] SDTC
[00:32:03] 🔄 Identity reset
[00:32:03] 🔄 Identity rotated (every 10 requests)
[00:32:03] [361/445] VPCA
[00:32:04] [362/445] VLRA
[00:32:05] [363/445] SHKR
[00:32:06] [364/445] SBKD
[00:32:06] [365/445] SAAD
[00:32:07] [366/445] JTGN
[00:32:08] [367/445] SLAM
[00:32:08] [368/445] VTPM
[00:32:09] [369/445] ANPT
[00:32:10] [370/445] PUNB
[00:32:11] 🔄 Identity reset
[00:32:11] 🔄 Identity rotated (every 10 requests)
[00:32:11] [371/445] CPKT
[00:32:12] [372/445] CNWE
[00:32:13] [373/445] ECPP
[00:32:14] [374/445] CPAR
[00:32:15] [375/445] ESBW
[00:32:16] [376/445] PKPU
[00:32:17] [377/445] CPRP
[00:32:17] [378/445] RAHU
[00:32:18] [379/445] RHMN
[00:32:19] [380/445] FMJP
[00:32:20] 🔄 Identity reset
[00:32:20] 🔄 Identity rotated (every 10 requests)
[00:32:20] [381/445] CTMP
[00:32:21] [382/445] INPN
[00:32:22] [383/445] STTG
[00:32:23] [384/445] CTRD
[00:32:24] [385/445] PUVB
[00:32:25] [386/445] ESVP
[00:32:26] [387/445] CPFT
[00:32:27] [388/445] LCPC
[00:32:28] [389/445] VBCT
[00:32:29] [390/445] FSCW
[00:32:29] 🔄 Identity reset
[00:32:29] 🔄 Identity rotated (every 10 requests)
[00:32:29] [391/445] VCMP
[00:32:30] [392/445] ASHC
[00:32:31] [393/445] VLCX
[00:32:32] [394/445] SHEV
[00:32:32] [395/445] APCO
[00:32:33] [396/445] SILC
[00:32:34] [397/445] SNMR
[00:32:35] [398/445] KYBO
[00:32:35] [399/445] SATK
[00:32:36] [400/445] SSCS
[00:32:36] 🔄 Identity reset
[00:32:36] 🔄 Identity rotated (every 10 requests)
[00:32:37] [401/445] CLSB
[00:32:38] [402/445] KMJR
[00:32:39] [403/445] FSCK
[00:32:39] [404/445] NNKA
[00:32:40] [405/445] CLMK
[00:32:41] [406/445] DMPZ
[00:32:43] [407/445] INQM
[00:32:44] [408/445] CAML
[00:32:45] [409/445] INRK
[00:32:46] [410/445] IMKN
[00:32:46] 🔄 Identity reset
[00:32:46] 🔄 Identity rotated (every 10 requests)
[00:32:47] [411/445] SVNR
[00:32:48] [412/445] INSL
[00:32:49] [413/445] MSMA
[00:32:50] [414/445] MCKK
[00:32:50] [415/445] FCHP
[00:32:51] [416/445] SFCR
[00:32:52] [417/445] NACK
[00:32:53] [418/445] PVAK
[00:32:54] [419/445] INER
[00:32:55] [420/445] RDBK
[00:32:56] 🔄 Identity reset
[00:32:56] 🔄 Identity rotated (every 10 requests)
[00:32:56] [421/445] SVFN
[00:32:57] [422/445] IFRM
[00:32:58] [423/445] ATCK
[00:32:59] [424/445] ASKO
[00:33:00] [425/445] STKT
[00:33:01] [426/445] SVFB
[00:33:01] [427/445] INKS
[00:33:02] [428/445] PCRA
[00:33:03] [429/445] ATJA
[00:33:04] [430/445] IMJN
[00:33:04] 🔄 Identity reset
[00:33:04] 🔄 Identity rotated (every 10 requests)
[00:33:05] [431/445] INHD
[00:33:06] [432/445] BARA
[00:33:07] [433/445] MCSL
[00:33:08] [434/445] RTOY
[00:33:08] [435/445] MENO
[00:33:09] [436/445] PUDM
[00:33:09] [437/445] PRCN
[00:33:10] [438/445] JMJR
[00:33:11] [439/445] SSGK
[00:33:12] [440/445] SSRL
[00:33:12] 🔄 Identity reset
[00:33:12] 🔄 Identity rotated (every 10 requests)
[00:33:13] [441/445] JYKL
[00:33:14] [442/445] ACNB
[00:33:15] [443/445] SONP
[00:33:16] [444/445] EMCI
[00:33:17] [445/445] MRJH
[00:33:17] ✅ DONE | Shows=0 | Movies=0
[01:16:08] 🚀 BMS DAILY TRACKER STARTED (enhanced anti‑detection)
[01:16:08] [1/445] TGMR
[01:16:09] 🧠 New identity created
[01:16:09] [2/445] CXKR
[01:16:10] [3/445] SROP
[01:16:11] [4/445] GTSV
[01:16:12] [5/445] SNTY
[01:16:13] [6/445] SMYY
[01:16:14] [7/445] CNCS
[01:16:15] [8/445] CSTM
[01:16:16] [9/445] NUCD
[01:16:16] [10/445] SHCZ
[01:16:17] 🔄 Identity reset
[01:16:17] 🔄 Identity rotated (every 10 requests)
[01:16:18] [11/445] NJCT
[01:16:19] [12/445] COPC
[01:16:20] [13/445] STVV
[01:16:22] [14/445] SKRN
[01:16:23] [15/445] APPZ
[01:16:23] [16/445] YMGN
[01:16:25] [17/445] SVTU
[01:16:26] [18/445] GTAD
[01:16:27] [19/445] PSUS
[01:16:28] [20/445] SMCD
[01:16:28] 🔄 Identity reset
[01:16:28] 🔄 Identity rotated (every 10 requests)
[01:16:28] 🔄 Retry 1/5 for SMCD in 2.3s
[01:16:28] 🔄 Identity reset
[01:16:31] 🧠 New identity created
[01:16:31] [21/445] CMCM
[01:16:32] [22/445] SYCT
[01:16:32] [23/445] STLY
[01:16:33] [24/445] CMHU
[01:16:34] [25/445] CMSA
[01:16:35] [26/445] CLCU
[01:16:36] [27/445] PPNT
[01:16:37] [28/445] JTAB
[01:16:38] [29/445] BUUC
[01:16:38] 🔄 Identity reset
[01:16:38] 🔄 Identity rotated (every 10 requests)
[01:16:38] [30/445] BSVK
[01:16:39] [31/445] VVVQ
[01:16:40] [32/445] TKMU
[01:16:41] [33/445] ESYL
[01:16:42] [34/445] ACHP
[01:16:43] [35/445] BTKD
[01:16:45] [36/445] DESA
[01:16:45] [37/445] GBCT
[01:16:46] [38/445] BLLD
[01:16:47] [39/445] SKNT
[01:16:48] 🔄 Identity reset
[01:16:48] 🔄 Identity rotated (every 10 requests)
[01:16:48] 🔄 Retry 1/5 for SKNT in 2.5s
[01:16:48] 🔄 Identity reset
[01:16:50] 🧠 New identity created
[01:16:51] [40/445] SSTE
[01:16:51] [41/445] VJMR
[01:16:53] [42/445] NTPU
[01:16:54] [43/445] RDKN
[01:16:55] [44/445] ADGC
[01:16:56] [45/445] VRBP
[01:16:57] [46/445] NMNA
[01:16:58] [47/445] CMMX
[01:16:59] [48/445] PTKO
[01:17:00] 🔄 Identity reset
[01:17:00] 🔄 Identity rotated (every 10 requests)
[01:17:00] [49/445] RBML
[01:17:01] [50/445] SAIC
[01:17:02] [51/445] SVTJ
[01:17:02] [52/445] MRTE
[01:17:04] [53/445] RBTP
[01:17:05] [54/445] NLPS
[01:17:06] [55/445] GTNA
[01:17:06] [56/445] DGGC
[01:17:08] [57/445] SMCR
[01:17:09] [58/445] SCGD
[01:17:09] 🔄 Identity reset
[01:17:09] 🔄 Identity rotated (every 10 requests)
[01:17:10] [59/445] SRRJ
[01:17:10] [60/445] CNRY
[01:17:12] [61/445] KTDI
[01:17:13] [62/445] SNJL
[01:17:14] [63/445] RKMD
[01:17:15] [64/445] SMDC
[01:17:15] [65/445] TADG
[01:17:16] [66/445] MCGS
[01:17:17] [67/445] PETK
[01:17:18] [68/445] CHAG
[01:17:18] 🔄 Identity reset
[01:17:18] 🔄 Identity rotated (every 10 requests)
[01:17:19] [69/445] KSTL
[01:17:20] [70/445] AADS
[01:17:21] [71/445] NTHZ
[01:17:21] [72/445] HCKI
[01:17:22] [73/445] SSEF
[01:17:23] [74/445] MCGX
[01:17:24] [75/445] ERRA
[01:17:25] [76/445] SDTW
[01:17:26] [77/445] RMPK
[01:17:27] [78/445] PTHK
[01:17:27] 🔄 Identity reset
[01:17:27] 🔄 Identity rotated (every 10 requests)
[01:17:28] [79/445] PXCS
[01:17:29] [80/445] SVLU
[01:17:30] [81/445] STAH
[01:17:31] [82/445] JRGF
[01:17:32] [83/445] CDOK
[01:17:33] [84/445] CMSG
[01:17:35] [85/445] APTD
[01:17:35] [86/445] KMPG
[01:17:37] [87/445] MUTJ
[01:17:38] [88/445] VCCI
[01:17:38] 🔄 Identity reset
[01:17:38] 🔄 Identity rotated (every 10 requests)
[01:17:39] [89/445] URBE
[01:17:40] [90/445] TCTS
[01:17:41] [91/445] STSN
[01:17:42] [92/445] AKCH
[01:17:43] [93/445] APSC
[01:17:44] [94/445] VLTB
[01:17:45] [95/445] SANU
[01:17:46] [96/445] AXAM
[01:17:47] [97/445] MGMG
[01:17:48] [98/445] HTBY
[01:17:48] 🔄 Identity reset
[01:17:48] 🔄 Identity rotated (every 10 requests)
[01:17:49] [99/445] MMZS
[01:17:50] [100/445] SUDR
[01:17:51] [101/445] CCAD
[01:17:52] [102/445] SKKC
[01:17:53] [103/445] RMCD
[01:17:54] [104/445] SBCQ
[01:17:55] [105/445] DCCT
[01:17:56] [106/445] VTKP
[01:17:57] [107/445] MLAM
[01:17:58] [108/445] SAVT
[01:17:58] 🔄 Identity reset
[01:17:58] 🔄 Identity rotated (every 10 requests)
[01:17:58] 🔄 Retry 1/5 for SAVT in 2.6s
[01:17:58] 🔄 Identity reset
[01:18:01] 🧠 New identity created
[01:18:01] [109/445] GEPL
[01:18:02] [110/445] AMCD
[01:18:03] [111/445] CCXR
[01:18:05] [112/445] GRNG
[01:18:05] [113/445] EBCA
[01:18:06] [114/445] CNVG
[01:18:07] [115/445] MWSS
[01:18:09] [116/445] VBOR
[01:18:10] [117/445] NEEB
[01:18:10] 🔄 Identity reset
[01:18:10] 🔄 Identity rotated (every 10 requests)
[01:18:10] 🔄 Retry 1/5 for NEEB in 2.3s
[01:18:10] 🔄 Identity reset
[01:18:13] 🧠 New identity created
[01:18:14] [118/445] SUTH
[01:18:14] [119/445] ANDB
[01:18:15] [120/445] MMXS
[01:18:17] [121/445] CNPD
[01:18:18] [122/445] SDCE
[01:18:18] [123/445] DHCB
[01:18:19] [124/445] ODEN
[01:18:20] [125/445] TNTC
[01:18:21] [126/445] VBKM
[01:18:22] 🔄 Identity reset
[01:18:22] 🔄 Identity rotated (every 10 requests)
[01:18:23] [127/445] RZYM
[01:18:24] [128/445] JEMC
[01:18:25] [129/445] CMAU
[01:18:26] [130/445] SIVP
[01:18:27] [131/445] ATAG
[01:18:28] [132/445] CHTM
[01:18:29] [133/445] AAEE
[01:18:30] [134/445] IWPM
[01:18:31] [135/445] KCMW
[01:18:32] [136/445] MCTD
[01:18:32] 🔄 Identity reset
[01:18:32] 🔄 Identity rotated (every 10 requests)
[01:18:33] [137/445] SPWR
[01:18:34] [138/445] SDPO
[01:18:35] [139/445] PCSK
[01:18:35] [140/445] ACHV
[01:18:36] [141/445] SVLA
[01:18:37] [142/445] PICT
[01:18:38] [143/445] BXDR
[01:18:39] [144/445] SPWA
[01:18:40] [145/445] MCKO
[01:18:41] [146/445] RTHK
[01:18:41] 🔄 Identity reset
[01:18:41] 🔄 Identity rotated (every 10 requests)
[01:18:42] [147/445] CCMF
[01:18:42] [148/445] MRGB
[01:18:44] [149/445] CPLC
[01:18:45] [150/445] RACD
[01:18:47] [151/445] ATKT
[01:18:48] [152/445] SARN
[01:18:49] [153/445] KKUI
[01:18:50] [154/445] RGCM
[01:18:51] [155/445] BRVP
[01:18:51] [156/445] HRSR
[01:18:52] 🔄 Identity reset
[01:18:52] 🔄 Identity rotated (every 10 requests)
[01:18:52] [157/445] GKGM
[01:18:53] [158/445] TTCD
[01:18:54] [159/445] PTTI
[01:18:55] [160/445] MPTT
[01:18:56] [161/445] CVTT
[01:18:57] [162/445] PCXD
[01:18:57] [163/445] GCDC
[01:18:58] [164/445] CCCF
[01:18:59] [165/445] MRAD
[01:19:00] [166/445] CPLK
[01:19:01] 🔄 Identity reset
[01:19:01] 🔄 Identity rotated (every 10 requests)
[01:19:01] [167/445] SATB
[01:19:02] [168/445] SNVG
[01:19:02] [169/445] JMBA
[01:19:03] [170/445] TEJA
[01:19:04] [171/445] STYO
[01:19:05] [172/445] JTBP
[01:19:06] [173/445] KRGD
[01:19:08] [174/445] SLJJ
[01:19:09] [175/445] SPTJ
[01:19:10] [176/445] SWJG
[01:19:10] 🔄 Identity reset
[01:19:10] 🔄 Identity rotated (every 10 requests)
[01:19:10] [177/445] LKRT
[01:19:11] [178/445] KCKA
[01:19:12] [179/445] SNCR
[01:19:13] [180/445] SMKL
[01:19:14] [181/445] GCFA
[01:19:15] [182/445] DDCK
[01:19:16] [183/445] NCHJ
[01:19:16] [184/445] RDMA
[01:19:17] [185/445] SVSV
[01:19:18] [186/445] SCJG
[01:19:19] 🔄 Identity reset
[01:19:19] 🔄 Identity rotated (every 10 requests)
[01:19:19] [187/445] VKLP
[01:19:20] [188/445] NWCC
[01:19:22] [189/445] VKNS
[01:19:22] [190/445] SDDP
[01:19:23] [191/445] ACSI
[01:19:24] [192/445] SATG
[01:19:25] [193/445] SCMW
[01:19:26] [194/445] LKTK
[01:19:27] [195/445] VCKV
[01:19:28] [196/445] KKPE
[01:19:28] 🔄 Identity reset
[01:19:28] 🔄 Identity rotated (every 10 requests)
[01:19:28] 🔄 Retry 1/5 for KKPE in 2.5s
[01:19:28] 🔄 Identity reset
[01:19:31] 🧠 New identity created
[01:19:32] [197/445] KIGH
[01:19:33] [198/445] SRPM
[01:19:34] [199/445] SCAH
[01:19:35] [200/445] MUTA
[01:19:36] [201/445] SEPU
[01:19:38] [202/445] INOA
[01:19:39] [203/445] BASK
[01:19:39] [204/445] NECB
[01:19:40] [205/445] GTTG
[01:19:41] 🔄 Identity reset
[01:19:41] 🔄 Identity rotated (every 10 requests)
[01:19:41] [206/445] ASSA
[01:19:42] [207/445] ANCL
[01:19:44] [208/445] GCTI
[01:19:45] [209/445] RCTS
[01:19:46] [210/445] ACNL
[01:19:47] [211/445] MYCT
[01:19:48] [212/445] NMHT
[01:19:49] [213/445] MDIT
[01:19:50] [214/445] LATG
[01:19:50] [215/445] SMTY
[01:19:51] 🔄 Identity reset
[01:19:51] 🔄 Identity rotated (every 10 requests)
[01:19:51] [216/445] CVCT
[01:19:52] [217/445] RAMB
[01:19:53] [218/445] TGMS
[01:19:54] [219/445] BHEL
[01:19:55] [220/445] SHCT
[01:19:56] [221/445] SVCT
[01:19:57] [222/445] MRIY
[01:19:58] [223/445] SARO
[01:19:59] [224/445] STCT
[01:20:01] [225/445] JKKC
[01:20:01] 🔄 Identity reset
[01:20:01] 🔄 Identity rotated (every 10 requests)
[01:20:01] 🔄 Retry 1/5 for JKKC in 2.3s
[01:20:01] 🔄 Identity reset
[01:20:03] 🧠 New identity created
[01:20:04] [226/445] PLTT
[01:20:05] [227/445] SRNT
[01:20:06] [228/445] YAST
[01:20:07] [229/445] PERL
[01:20:07] [230/445] CICM
[01:20:08] [231/445] MMTR
[01:20:09] [232/445] ABTK
[01:20:11] [233/445] ATYY
[01:20:12] [234/445] ASTK
[01:20:13] 🔄 Identity reset
[01:20:13] 🔄 Identity rotated (every 10 requests)
[01:20:13] [235/445] VVCK
[01:20:14] [236/445] ATKY
[01:20:15] [237/445] GWEK
[01:20:15] [238/445] SVFH
[01:20:17] [239/445] SLTA
[01:20:18] [240/445] AASH
[01:20:19] [241/445] ACXB
[01:20:20] [242/445] SMTX
[01:20:21] [243/445] AZDH
[01:20:22] [244/445] CMMH
[01:20:22] 🔄 Identity reset
[01:20:22] 🔄 Identity rotated (every 10 requests)
[01:20:22] 🔄 Retry 1/5 for CMMH in 2.6s
[01:20:22] 🔄 Identity reset
[01:20:25] 🧠 New identity created
[01:20:25] [245/445] SCSZ
[01:20:26] [246/445] SCKP
[01:20:27] [247/445] NXTM
[01:20:27] [248/445] NWCS
[01:20:29] [249/445] CXMH
[01:20:30] [250/445] PCMA
[01:20:31] [251/445] SGCM
[01:20:32] [252/445] SDTU
[01:20:33] [253/445] MMVI
[01:20:33] 🔄 Identity reset
[01:20:33] 🔄 Identity rotated (every 10 requests)
[01:20:34] [254/445] JKCM
[01:20:35] [255/445] VCMM
[01:20:35] [256/445] SYEE
[01:20:36] [257/445] VASD
[01:20:37] [258/445] BDRB
[01:20:38] [259/445] LASM
[01:20:39] [260/445] DCRL
[01:20:39] [261/445] DVPM
[01:20:40] [262/445] SBMJ
[01:20:42] [263/445] CBMU
[01:20:42] 🔄 Identity reset
[01:20:42] 🔄 Identity rotated (every 10 requests)
[01:20:43] [264/445] IUBS
[01:20:44] [265/445] INAP
[01:20:45] [266/445] SRRC
[01:20:46] [267/445] SAGR
[01:20:46] [268/445] CPMJ
[01:20:47] [269/445] ATJL
[01:20:48] [270/445] NNTD
[01:20:49] [271/445] JHCJ
[01:20:50] [272/445] CMMP
[01:20:51] [273/445] RSDR
[01:20:52] 🔄 Identity reset
[01:20:52] 🔄 Identity rotated (every 10 requests)
[01:20:52] [274/445] AMTI
[01:20:53] [275/445] NYSG
[01:20:54] [276/445] AVSG
[01:20:54] [277/445] SYTP
[01:20:55] [278/445] LARC
[01:20:56] [279/445] RJTP
[01:20:57] [280/445] LAKC
[01:20:58] [281/445] MCXE
[01:20:59] [282/445] CCZC
[01:21:00] [283/445] AVCH
[01:21:00] 🔄 Identity reset
[01:21:00] 🔄 Identity rotated (every 10 requests)
[01:21:01] [284/445] CMBE
[01:21:02] [285/445] MRRC
[01:21:02] [286/445] PCPY
[01:21:04] [287/445] SRMH
[01:21:05] [288/445] SVGS
[01:21:07] [289/445] PCSE
[01:21:07] [290/445] SVFT
[01:21:09] [291/445] TNZP
[01:21:10] [292/445] ICTP
[01:21:10] [293/445] ACTZ
[01:21:11] 🔄 Identity reset
[01:21:11] 🔄 Identity rotated (every 10 requests)
[01:21:11] [294/445] GTUR
[01:21:12] [295/445] MAFC
[01:21:13] [296/445] MINL
[01:21:14] [297/445] MRCL
[01:21:15] [298/445] RCRP
[01:21:16] [299/445] RFFG
[01:21:17] [300/445] RMAS
[01:21:18] [301/445] INVR
[01:21:19] [302/445] RMAR
[01:21:20] [303/445] CNIS
[01:21:21] 🔄 Identity reset
[01:21:21] 🔄 Identity rotated (every 10 requests)
[01:21:21] 🔄 Retry 1/5 for CNIS in 2.1s
[01:21:21] 🔄 Identity reset
[01:21:23] 🧠 New identity created
[01:21:23] 🔄 Retry 2/5 for CNIS in 4.4s
[01:21:23] 🔄 Identity reset
[01:21:28] 🧠 New identity created
[01:21:28] [304/445] RHRJ
[01:21:29] [305/445] INXR
[01:21:30] [306/445] VALT
[01:21:31] [307/445] LCSH
[01:21:32] [308/445] CMVS
[01:21:33] [309/445] CNMS
[01:21:34] [310/445] ROOG
[01:21:35] [311/445] ISRM
[01:21:35] 🔄 Identity reset
[01:21:35] 🔄 Identity rotated (every 10 requests)
[01:21:36] [312/445] RCRM
[01:21:37] [313/445] ACJA
[01:21:38] [314/445] RCVS
[01:21:40] [315/445] CPUS
[01:21:40] [316/445] TGCS
[01:21:41] [317/445] RKCJ
[01:21:42] [318/445] MKSB
[01:21:43] [319/445] TCSJ
[01:21:44] [320/445] RMGP
[01:21:44] [321/445] CLLP
[01:21:45] 🔄 Identity reset
[01:21:45] 🔄 Identity rotated (every 10 requests)
[01:21:45] [322/445] RCMV
[01:21:46] [323/445] CCKS
[01:21:47] [324/445] RSRP
[01:21:49] [325/445] APLP
[01:21:50] [326/445] CNVS
[01:21:51] [327/445] RMVY
[01:21:52] [328/445] PGBD
[01:21:53] [329/445] KLMS
[01:21:54] [330/445] RUST
[01:21:55] [331/445] MASM
[01:21:55] 🔄 Identity reset
[01:21:55] 🔄 Identity rotated (every 10 requests)
[01:21:56] [332/445] BACS
[01:21:57] [333/445] BWST
[01:21:57] [334/445] RRFH
[01:21:58] [335/445] SJTM
[01:21:59] [336/445] BEMR
[01:22:00] [337/445] MCGR
[01:22:01] [338/445] SDSK
[01:22:02] [339/445] VBOL
[01:22:03] [340/445] RMGM
[01:22:04] [341/445] NOPL
[01:22:05] 🔄 Identity reset
[01:22:05] 🔄 Identity rotated (every 10 requests)
[01:22:05] [342/445] MKJK
[01:22:06] [343/445] CVRN
[01:22:07] [344/445] MMEN
[01:22:08] [345/445] AMNG
[01:22:09] [346/445] INTM
[01:22:09] [347/445] SLCZ
[01:22:11] [348/445] AMJN
[01:22:13] [349/445] ACJN
[01:22:13] [350/445] AMKN
[01:22:14] [351/445] BTCN
[01:22:15] 🔄 Identity reset
[01:22:15] 🔄 Identity rotated (every 10 requests)
[01:22:15] [352/445] AMBT
[01:22:16] [353/445] PACN
[01:22:17] [354/445] LCNS
[01:22:18] [355/445] PPKC
[01:22:19] [356/445] JYYN
[01:22:20] [357/445] JTNR
[01:22:21] [358/445] GTEE
[01:22:22] [359/445] SRNM
[01:22:22] [360/445] SDTC
[01:22:24] [361/445] VPCA
[01:22:24] 🔄 Identity reset
[01:22:24] 🔄 Identity rotated (every 10 requests)
[01:22:24] 🔄 Retry 1/5 for VPCA in 2.3s
[01:22:24] 🔄 Identity reset
[01:22:27] 🧠 New identity created
[01:22:27] [362/445] VLRA
[01:22:29] [363/445] SHKR
[01:22:30] [364/445] SBKD
[01:22:31] [365/445] SAAD
[01:22:32] [366/445] JTGN
[01:22:33] [367/445] SLAM
[01:22:34] [368/445] VTPM
[01:22:35] [369/445] ANPT
[01:22:35] [370/445] PUNB
[01:22:36] 🔄 Identity reset
[01:22:36] 🔄 Identity rotated (every 10 requests)
[01:22:36] [371/445] CPKT
[01:22:37] [372/445] CNWE
[01:22:38] [373/445] ECPP
[01:22:39] [374/445] CPAR
[01:22:40] [375/445] ESBW
[01:22:41] [376/445] PKPU
[01:22:42] [377/445] CPRP
[01:22:43] [378/445] RAHU
[01:22:44] [379/445] RHMN
[01:22:45] [380/445] FMJP
[01:22:45] 🔄 Identity reset
[01:22:45] 🔄 Identity rotated (every 10 requests)
[01:22:45] 🔄 Retry 1/5 for FMJP in 3.0s
[01:22:45] 🔄 Identity reset
[01:22:48] 🧠 New identity created
[01:22:49] [381/445] CTMP
[01:22:50] [382/445] INPN
[01:22:50] [383/445] STTG
[01:22:51] [384/445] CTRD
[01:22:52] [385/445] PUVB
[01:22:53] [386/445] ESVP
[01:22:54] [387/445] CPFT
[01:22:55] [388/445] LCPC
[01:22:55] [389/445] VBCT
[01:22:56] 🔄 Identity reset
[01:22:56] 🔄 Identity rotated (every 10 requests)
[01:22:56] [390/445] FSCW
[01:22:57] [391/445] VCMP
[01:22:58] [392/445] ASHC
[01:22:59] [393/445] VLCX
[01:23:00] [394/445] SHEV
[01:23:01] [395/445] APCO
[01:23:02] [396/445] SILC
[01:23:03] [397/445] SNMR
[01:23:04] [398/445] KYBO
[01:23:05] [399/445] SATK
[01:23:05] 🔄 Identity reset
[01:23:05] 🔄 Identity rotated (every 10 requests)
[01:23:06] [400/445] SSCS
[01:23:06] [401/445] CLSB
[01:23:07] [402/445] KMJR
[01:23:09] [403/445] FSCK
[01:23:10] [404/445] NNKA
[01:23:11] [405/445] CLMK
[01:23:11] [406/445] DMPZ
[01:23:12] [407/445] INQM
[01:23:13] [408/445] CAML
[01:23:14] [409/445] INRK
[01:23:14] 🔄 Identity reset
[01:23:15] 🔄 Identity rotated (every 10 requests)
[01:23:15] [410/445] IMKN
[01:23:16] [411/445] SVNR
[01:23:17] [412/445] INSL
[01:23:18] [413/445] MSMA
[01:23:19] [414/445] MCKK
[01:23:21] [415/445] FCHP
[01:23:21] [416/445] SFCR
[01:23:22] [417/445] NACK
[01:23:23] [418/445] PVAK
[01:23:24] [419/445] INER
[01:23:25] 🔄 Identity reset
[01:23:25] 🔄 Identity rotated (every 10 requests)
[01:23:25] 🔄 Retry 1/5 for INER in 3.0s
[01:23:25] 🔄 Identity reset
[01:23:28] 🧠 New identity created
[01:23:28] [420/445] RDBK
[01:23:29] [421/445] SVFN
[01:23:30] [422/445] IFRM
[01:23:31] [423/445] ATCK
[01:23:32] [424/445] ASKO
[01:23:33] [425/445] STKT
[01:23:34] [426/445] SVFB
[01:23:35] [427/445] INKS
[01:23:36] [428/445] PCRA
[01:23:36] 🔄 Identity reset
[01:23:36] 🔄 Identity rotated (every 10 requests)
[01:23:37] [429/445] ATJA
[01:23:37] [430/445] IMJN
[01:23:39] [431/445] INHD
[01:23:40] [432/445] BARA
[01:23:41] [433/445] MCSL
[01:23:42] [434/445] RTOY
[01:23:43] [435/445] MENO
[01:23:44] [436/445] PUDM
[01:23:45] [437/445] PRCN
[01:23:46] [438/445] JMJR
[01:23:47] 🔄 Identity reset
[01:23:47] 🔄 Identity rotated (every 10 requests)
[01:23:47] [439/445] SSGK
[01:23:48] [440/445] SSRL
[01:23:48] [441/445] JYKL
[01:23:50] [442/445] ACNB
[01:23:51] [443/445] SONP
[01:23:52] [444/445] EMCI
[01:23:53] [445/445] MRJH
[01:23:54] ✅ DONE | Shows=0 | Movies=0
[02:16:21] 🚀 BMS DAILY TRACKER STARTED (enhanced anti‑detection)
[02:16:21] [1/445] TGMR
[02:16:22] 🧠 New identity created
[02:16:23] [2/445] CXKR
[02:16:24] [3/445] SROP
[02:16:24] [4/445] GTSV
[02:16:25] [5/445] SNTY
[02:16:26] [6/445] SMYY
[02:16:27] [7/445] CNCS
[02:16:28] [8/445] CSTM
[02:16:29] [9/445] NUCD
[02:16:30] [10/445] SHCZ
[02:16:30] 🔄 Identity reset
[02:16:30] 🔄 Identity rotated (every 10 requests)
[02:16:31] [11/445] NJCT
[02:16:32] [12/445] COPC
[02:16:33] [13/445] STVV
[02:16:34] [14/445] SKRN
[02:16:35] [15/445] APPZ
[02:16:36] [16/445] YMGN
[02:16:37] [17/445] SVTU
[02:16:38] [18/445] GTAD
[02:16:39] [19/445] PSUS
[02:16:40] [20/445] SMCD
[02:16:41] 🔄 Identity reset
[02:16:41] 🔄 Identity rotated (every 10 requests)
[02:16:41] [21/445] CMCM
[02:16:42] [22/445] SYCT
[02:16:43] [23/445] STLY
[02:16:44] [24/445] CMHU
[02:16:45] [25/445] CMSA
[02:16:45] [26/445] CLCU
[02:16:46] [27/445] PPNT
[02:16:47] [28/445] JTAB
[02:16:48] [29/445] BUUC
[02:16:49] [30/445] BSVK
[02:16:49] 🔄 Identity reset
[02:16:49] 🔄 Identity rotated (every 10 requests)
[02:16:51] [31/445] VVVQ
[02:16:51] [32/445] TKMU
[02:16:53] [33/445] ESYL
[02:16:54] [34/445] ACHP
[02:16:55] [35/445] BTKD
[02:16:56] [36/445] DESA
[02:16:57] [37/445] GBCT
[02:16:58] [38/445] BLLD
[02:16:59] [39/445] SKNT
[02:17:00] [40/445] SSTE
[02:17:01] 🔄 Identity reset
[02:17:01] 🔄 Identity rotated (every 10 requests)
[02:17:01] [41/445] VJMR
[02:17:03] [42/445] NTPU
[02:17:03] [43/445] RDKN
[02:17:04] [44/445] ADGC
[02:17:05] [45/445] VRBP
[02:17:06] [46/445] NMNA
[02:17:06] [47/445] CMMX
[02:17:07] [48/445] PTKO
[02:17:08] [49/445] RBML
[02:17:09] [50/445] SAIC
[02:17:10] 🔄 Identity reset
[02:17:10] 🔄 Identity rotated (every 10 requests)
[02:17:10] [51/445] SVTJ
[02:17:11] [52/445] MRTE
[02:17:13] [53/445] RBTP
[02:17:14] [54/445] NLPS
[02:17:15] [55/445] GTNA
[02:17:16] [56/445] DGGC
[02:17:17] [57/445] SMCR
[02:17:18] [58/445] SCGD
[02:17:19] [59/445] SRRJ
[02:17:19] [60/445] CNRY
[02:17:20] 🔄 Identity reset
[02:17:20] 🔄 Identity rotated (every 10 requests)
[02:17:21] [61/445] KTDI
[02:17:22] [62/445] SNJL
[02:17:23] [63/445] RKMD
[02:17:24] [64/445] SMDC
[02:17:25] [65/445] TADG
[02:17:26] [66/445] MCGS
[02:17:27] [67/445] PETK
[02:17:28] [68/445] CHAG
[02:17:29] [69/445] KSTL
[02:17:30] [70/445] AADS
[02:17:30] 🔄 Identity reset
[02:17:30] 🔄 Identity rotated (every 10 requests)
[02:17:30] [71/445] NTHZ
[02:17:31] [72/445] HCKI
[02:17:32] [73/445] SSEF
[02:17:33] [74/445] MCGX
[02:17:34] [75/445] ERRA
[02:17:35] [76/445] SDTW
[02:17:36] [77/445] RMPK
[02:17:38] [78/445] PTHK
[02:17:39] [79/445] PXCS
[02:17:40] [80/445] SVLU
[02:17:41] 🔄 Identity reset
[02:17:41] 🔄 Identity rotated (every 10 requests)
[02:17:41] [81/445] STAH
[02:17:42] [82/445] JRGF
[02:17:43] [83/445] CDOK
[02:17:44] [84/445] CMSG
[02:17:45] [85/445] APTD
[02:17:46] [86/445] KMPG
[02:17:47] [87/445] MUTJ
[02:17:48] [88/445] VCCI
[02:17:49] [89/445] URBE
[02:17:50] [90/445] TCTS
[02:17:51] 🔄 Identity reset
[02:17:51] 🔄 Identity rotated (every 10 requests)
[02:17:52] [91/445] STSN
[02:17:53] [92/445] AKCH
[02:17:54] [93/445] APSC
[02:17:55] [94/445] VLTB
[02:17:56] [95/445] SANU
[02:17:57] [96/445] AXAM
[02:17:58] [97/445] MGMG
[02:17:59] [98/445] HTBY
[02:18:00] [99/445] MMZS
[02:18:01] [100/445] SUDR
[02:18:01] 🔄 Identity reset
[02:18:01] 🔄 Identity rotated (every 10 requests)
[02:18:02] [101/445] CCAD
[02:18:03] [102/445] SKKC
[02:18:03] [103/445] RMCD
[02:18:04] [104/445] SBCQ
[02:18:06] [105/445] DCCT
[02:18:07] [106/445] VTKP
[02:18:08] [107/445] MLAM
[02:18:09] [108/445] SAVT
[02:18:10] [109/445] GEPL
[02:18:12] [110/445] AMCD
[02:18:12] 🔄 Identity reset
[02:18:12] 🔄 Identity rotated (every 10 requests)
[02:18:13] [111/445] CCXR
[02:18:14] [112/445] GRNG
[02:18:16] [113/445] EBCA
[02:18:17] [114/445] CNVG
[02:18:18] [115/445] MWSS
[02:18:18] [116/445] VBOR
[02:18:19] [117/445] NEEB
[02:18:20] [118/445] SUTH
[02:18:21] [119/445] ANDB
[02:18:22] [120/445] MMXS
[02:18:23] 🔄 Identity reset
[02:18:23] 🔄 Identity rotated (every 10 requests)
[02:18:23] [121/445] CNPD
[02:18:24] [122/445] SDCE
[02:18:25] [123/445] DHCB
[02:18:26] [124/445] ODEN
[02:18:26] [125/445] TNTC
[02:18:27] [126/445] VBKM
[02:18:29] [127/445] RZYM
[02:18:30] [128/445] JEMC
[02:18:30] [129/445] CMAU
[02:18:31] [130/445] SIVP
[02:18:32] 🔄 Identity reset
[02:18:32] 🔄 Identity rotated (every 10 requests)
[02:18:32] [131/445] ATAG
[02:18:33] [132/445] CHTM
[02:18:35] [133/445] AAEE
[02:18:35] [134/445] IWPM
[02:18:36] [135/445] KCMW
[02:18:37] [136/445] MCTD
[02:18:38] [137/445] SPWR
[02:18:39] [138/445] SDPO
[02:18:40] [139/445] PCSK
[02:18:40] [140/445] ACHV
[02:18:41] 🔄 Identity reset
[02:18:41] 🔄 Identity rotated (every 10 requests)
[02:18:42] [141/445] SVLA
[02:18:44] [142/445] PICT
[02:18:45] [143/445] BXDR
[02:18:46] [144/445] SPWA
[02:18:47] [145/445] MCKO
[02:18:47] [146/445] RTHK
[02:18:48] [147/445] CCMF
[02:18:49] [148/445] MRGB
[02:18:50] [149/445] CPLC
[02:18:51] [150/445] RACD
[02:18:52] 🔄 Identity reset
[02:18:52] 🔄 Identity rotated (every 10 requests)
[02:18:52] [151/445] ATKT
[02:18:53] [152/445] SARN
[02:18:54] [153/445] KKUI
[02:18:55] [154/445] RGCM
[02:18:55] [155/445] BRVP
[02:18:56] [156/445] HRSR
[02:18:57] [157/445] GKGM
[02:18:58] [158/445] TTCD
[02:18:59] [159/445] PTTI
[02:19:00] [160/445] MPTT
[02:19:00] 🔄 Identity reset
[02:19:00] 🔄 Identity rotated (every 10 requests)
[02:19:01] [161/445] CVTT
[02:19:02] [162/445] PCXD
[02:19:03] [163/445] GCDC
[02:19:04] [164/445] CCCF
[02:19:06] [165/445] MRAD
[02:19:07] [166/445] CPLK
[02:19:08] [167/445] SATB
[02:19:08] [168/445] SNVG
[02:19:10] [169/445] JMBA
[02:19:11] [170/445] TEJA
[02:19:11] 🔄 Identity reset
[02:19:11] 🔄 Identity rotated (every 10 requests)
[02:19:12] [171/445] STYO
[02:19:13] [172/445] JTBP
[02:19:14] [173/445] KRGD
[02:19:16] [174/445] SLJJ
[02:19:16] [175/445] SPTJ
[02:19:18] [176/445] SWJG
[02:19:19] [177/445] LKRT
[02:19:20] [178/445] KCKA
[02:19:21] [179/445] SNCR
[02:19:22] [180/445] SMKL
[02:19:23] 🔄 Identity reset
[02:19:23] 🔄 Identity rotated (every 10 requests)
[02:19:23] [181/445] GCFA
[02:19:24] [182/445] DDCK
[02:19:26] [183/445] NCHJ
[02:19:27] [184/445] RDMA
[02:19:28] [185/445] SVSV
[02:19:29] [186/445] SCJG
[02:19:30] [187/445] VKLP
[02:19:31] [188/445] NWCC
[02:19:33] [189/445] VKNS
[02:19:33] [190/445] SDDP
[02:19:34] 🔄 Identity reset
[02:19:34] 🔄 Identity rotated (every 10 requests)
[02:19:34] 🔄 Retry 1/5 for SDDP in 2.9s
[02:19:34] 🔄 Identity reset
[02:19:37] 🧠 New identity created
[02:19:37] [191/445] ACSI
[02:19:38] [192/445] SATG
[02:19:39] [193/445] SCMW
[02:19:40] [194/445] LKTK
[02:19:41] [195/445] VCKV
[02:19:42] [196/445] KKPE
[02:19:43] [197/445] KIGH
[02:19:45] [198/445] SRPM
[02:19:46] [199/445] SCAH
[02:19:47] 🔄 Identity reset
[02:19:47] 🔄 Identity rotated (every 10 requests)
[02:19:48] [200/445] MUTA
[02:19:49] [201/445] SEPU
[02:19:50] [202/445] INOA
[02:19:51] [203/445] BASK
[02:19:52] [204/445] NECB
[02:19:52] [205/445] GTTG
[02:19:53] [206/445] ASSA
[02:19:54] [207/445] ANCL
[02:19:55] [208/445] GCTI
[02:19:56] [209/445] RCTS
[02:19:56] 🔄 Identity reset
[02:19:56] 🔄 Identity rotated (every 10 requests)
[02:19:57] [210/445] ACNL
[02:19:57] [211/445] MYCT
[02:19:58] [212/445] NMHT
[02:19:59] [213/445] MDIT
[02:20:00] [214/445] LATG
[02:20:01] [215/445] SMTY
[02:20:02] [216/445] CVCT
[02:20:03] [217/445] RAMB
[02:20:04] [218/445] TGMS
[02:20:04] [219/445] BHEL
[02:20:05] 🔄 Identity reset
[02:20:05] 🔄 Identity rotated (every 10 requests)
[02:20:06] [220/445] SHCT
[02:20:07] [221/445] SVCT
[02:20:08] [222/445] MRIY
[02:20:09] [223/445] SARO
[02:20:11] [224/445] STCT
[02:20:12] [225/445] JKKC
[02:20:12] [226/445] PLTT
[02:20:13] [227/445] SRNT
[02:20:14] [228/445] YAST
[02:20:15] [229/445] PERL
[02:20:16] 🔄 Identity reset
[02:20:16] 🔄 Identity rotated (every 10 requests)
[02:20:16] [230/445] CICM
[02:20:17] [231/445] MMTR
[02:20:18] [232/445] ABTK
[02:20:19] [233/445] ATYY
[02:20:20] [234/445] ASTK
[02:20:21] [235/445] VVCK
[02:20:22] [236/445] ATKY
[02:20:22] [237/445] GWEK
[02:20:24] [238/445] SVFH
[02:20:25] [239/445] SLTA
[02:20:26] 🔄 Identity reset
[02:20:26] 🔄 Identity rotated (every 10 requests)
[02:20:26] [240/445] AASH
[02:20:27] [241/445] ACXB
[02:20:28] [242/445] SMTX
[02:20:29] [243/445] AZDH
[02:20:29] [244/445] CMMH
[02:20:30] [245/445] SCSZ
[02:20:31] [246/445] SCKP
[02:20:32] [247/445] NXTM
[02:20:33] [248/445] NWCS
[02:20:34] [249/445] CXMH
[02:20:34] 🔄 Identity reset
[02:20:34] 🔄 Identity rotated (every 10 requests)
[02:20:35] [250/445] PCMA
[02:20:35] [251/445] SGCM
[02:20:36] [252/445] SDTU
[02:20:37] [253/445] MMVI
[02:20:38] [254/445] JKCM
[02:20:40] [255/445] VCMM
[02:20:41] [256/445] SYEE
[02:20:42] [257/445] VASD
[02:20:43] [258/445] BDRB
[02:20:44] [259/445] LASM
[02:20:45] 🔄 Identity reset
[02:20:45] 🔄 Identity rotated (every 10 requests)
[02:20:45] [260/445] DCRL
[02:20:46] [261/445] DVPM
[02:20:47] [262/445] SBMJ
[02:20:48] [263/445] CBMU
[02:20:49] [264/445] IUBS
[02:20:50] [265/445] INAP
[02:20:50] [266/445] SRRC
[02:20:51] [267/445] SAGR
[02:20:52] [268/445] CPMJ
[02:20:53] [269/445] ATJL
[02:20:53] 🔄 Identity reset
[02:20:53] 🔄 Identity rotated (every 10 requests)
[02:20:54] [270/445] NNTD
[02:20:55] [271/445] JHCJ
[02:20:56] [272/445] CMMP
[02:20:57] [273/445] RSDR
[02:20:58] [274/445] AMTI
[02:20:58] [275/445] NYSG
[02:20:59] [276/445] AVSG
[02:21:00] [277/445] SYTP
[02:21:01] [278/445] LARC
[02:21:02] [279/445] RJTP
[02:21:03] 🔄 Identity reset
[02:21:03] 🔄 Identity rotated (every 10 requests)
[02:21:03] [280/445] LAKC
[02:21:04] [281/445] MCXE
[02:21:05] [282/445] CCZC
[02:21:06] [283/445] AVCH
[02:21:06] [284/445] CMBE
[02:21:07] [285/445] MRRC
[02:21:09] [286/445] PCPY
[02:21:10] [287/445] SRMH
[02:21:10] [288/445] SVGS
[02:21:11] [289/445] PCSE
[02:21:12] 🔄 Identity reset
[02:21:12] 🔄 Identity rotated (every 10 requests)
[02:21:13] [290/445] SVFT
[02:21:13] [291/445] TNZP
[02:21:14] [292/445] ICTP
[02:21:16] [293/445] ACTZ
[02:21:17] [294/445] GTUR
[02:21:18] [295/445] MAFC
[02:21:18] [296/445] MINL
[02:21:19] [297/445] MRCL
[02:21:20] [298/445] RCRP
[02:21:21] [299/445] RFFG
[02:21:22] 🔄 Identity reset
[02:21:22] 🔄 Identity rotated (every 10 requests)
[02:21:22] [300/445] RMAS
[02:21:24] [301/445] INVR
[02:21:25] [302/445] RMAR
[02:21:26] [303/445] CNIS
[02:21:27] [304/445] RHRJ
[02:21:28] [305/445] INXR
[02:21:29] [306/445] VALT
[02:21:30] [307/445] LCSH
[02:21:31] [308/445] CMVS
[02:21:31] [309/445] CNMS
[02:21:32] 🔄 Identity reset
[02:21:32] 🔄 Identity rotated (every 10 requests)
[02:21:32] [310/445] ROOG
[02:21:33] [311/445] ISRM
[02:21:34] [312/445] RCRM
[02:21:35] [313/445] ACJA
[02:21:36] [314/445] RCVS
[02:21:37] [315/445] CPUS
[02:21:38] [316/445] TGCS
[02:21:39] [317/445] RKCJ
[02:21:40] [318/445] MKSB
[02:21:41] [319/445] TCSJ
[02:21:41] 🔄 Identity reset
[02:21:41] 🔄 Identity rotated (every 10 requests)
[02:21:42] [320/445] RMGP
[02:21:43] [321/445] CLLP
[02:21:44] [322/445] RCMV
[02:21:45] [323/445] CCKS
[02:21:46] [324/445] RSRP
[02:21:47] [325/445] APLP
[02:21:48] [326/445] CNVS
[02:21:48] [327/445] RMVY
[02:21:49] [328/445] PGBD
[02:21:50] [329/445] KLMS
[02:21:51] 🔄 Identity reset
[02:21:51] 🔄 Identity rotated (every 10 requests)
[02:21:51] [330/445] RUST
[02:21:52] [331/445] MASM
[02:21:53] [332/445] BACS
[02:21:54] [333/445] BWST
[02:21:55] [334/445] RRFH
[02:21:56] [335/445] SJTM
[02:21:57] [336/445] BEMR
[02:21:58] [337/445] MCGR
[02:21:59] [338/445] SDSK
[02:22:00] [339/445] VBOL
[02:22:00] 🔄 Identity reset
[02:22:00] 🔄 Identity rotated (every 10 requests)
[02:22:01] [340/445] RMGM
[02:22:01] [341/445] NOPL
[02:22:03] [342/445] MKJK
[02:22:04] [343/445] CVRN
[02:22:05] [344/445] MMEN
[02:22:06] [345/445] AMNG
[02:22:08] [346/445] INTM
[02:22:09] [347/445] SLCZ
[02:22:11] [348/445] AMJN
[02:22:12] [349/445] ACJN
[02:22:12] 🔄 Identity reset
[02:22:12] 🔄 Identity rotated (every 10 requests)
[02:22:12] [350/445] AMKN
[02:22:14] [351/445] BTCN
[02:22:15] [352/445] AMBT
[02:22:16] [353/445] PACN
[02:22:16] [354/445] LCNS
[02:22:18] [355/445] PPKC
[02:22:20] [356/445] JYYN
[02:22:21] [357/445] JTNR
[02:22:21] [358/445] GTEE
[02:22:22] [359/445] SRNM
[02:22:23] 🔄 Identity reset
[02:22:23] 🔄 Identity rotated (every 10 requests)
[02:22:23] 🔄 Retry 1/5 for SRNM in 2.1s
[02:22:23] 🔄 Identity reset
[02:22:25] 🧠 New identity created
[02:22:25] [360/445] SDTC
[02:22:26] [361/445] VPCA
[02:22:27] [362/445] VLRA
[02:22:28] [363/445] SHKR
[02:22:29] [364/445] SBKD
[02:22:30] [365/445] SAAD
[02:22:31] [366/445] JTGN
[02:22:32] [367/445] SLAM
[02:22:33] [368/445] VTPM
[02:22:34] 🔄 Identity reset
[02:22:34] 🔄 Identity rotated (every 10 requests)
[02:22:35] [369/445] ANPT
[02:22:36] [370/445] PUNB
[02:22:36] [371/445] CPKT
[02:22:37] [372/445] CNWE
[02:22:39] [373/445] ECPP
[02:22:40] [374/445] CPAR
[02:22:41] [375/445] ESBW
[02:22:42] [376/445] PKPU
[02:22:42] [377/445] CPRP
[02:22:43] [378/445] RAHU
[02:22:44] 🔄 Identity reset
[02:22:44] 🔄 Identity rotated (every 10 requests)
[02:22:44] [379/445] RHMN
[02:22:45] [380/445] FMJP
[02:22:46] [381/445] CTMP
[02:22:48] [382/445] INPN
[02:22:48] [383/445] STTG
[02:22:49] [384/445] CTRD
[02:22:50] [385/445] PUVB
[02:22:51] [386/445] ESVP
[02:22:52] [387/445] CPFT
[02:22:53] [388/445] LCPC
[02:22:53] 🔄 Identity reset
[02:22:53] 🔄 Identity rotated (every 10 requests)
[02:22:54] [389/445] VBCT
[02:22:55] [390/445] FSCW
[02:22:56] [391/445] VCMP
[02:22:57] [392/445] ASHC
[02:22:58] [393/445] VLCX
[02:22:59] [394/445] SHEV
[02:23:00] [395/445] APCO
[02:23:00] [396/445] SILC
[02:23:02] [397/445] SNMR
[02:23:03] [398/445] KYBO
[02:23:03] 🔄 Identity reset
[02:23:03] 🔄 Identity rotated (every 10 requests)
[02:23:03] [399/445] SATK
[02:23:05] [400/445] SSCS
[02:23:06] [401/445] CLSB
[02:23:07] [402/445] KMJR
[02:23:08] [403/445] FSCK
[02:23:09] [404/445] NNKA
[02:23:10] [405/445] CLMK
[02:23:10] [406/445] DMPZ
[02:23:11] [407/445] INQM
[02:23:13] [408/445] CAML
[02:23:13] 🔄 Identity reset
[02:23:13] 🔄 Identity rotated (every 10 requests)
[02:23:14] [409/445] INRK
[02:23:14] [410/445] IMKN
[02:23:15] [411/445] SVNR
[02:23:16] [412/445] INSL
[02:23:17] [413/445] MSMA
[02:23:18] [414/445] MCKK
[02:23:19] [415/445] FCHP
[02:23:20] [416/445] SFCR
[02:23:21] [417/445] NACK
[02:23:22] [418/445] PVAK
[02:23:23] 🔄 Identity reset
[02:23:23] 🔄 Identity rotated (every 10 requests)
[02:23:23] [419/445] INER
[02:23:24] [420/445] RDBK
[02:23:25] [421/445] SVFN
[02:23:26] [422/445] IFRM
[02:23:26] [423/445] ATCK
[02:23:27] [424/445] ASKO
[02:23:28] [425/445] STKT
[02:23:30] [426/445] SVFB
[02:23:31] [427/445] INKS
[02:23:31] [428/445] PCRA
[02:23:32] 🔄 Identity reset
[02:23:32] 🔄 Identity rotated (every 10 requests)
[02:23:32] [429/445] ATJA
[02:23:33] [430/445] IMJN
[02:23:34] [431/445] INHD
[02:23:35] [432/445] BARA
[02:23:36] [433/445] MCSL
[02:23:37] [434/445] RTOY
[02:23:38] [435/445] MENO
[02:23:39] [436/445] PUDM
[02:23:39] [437/445] PRCN
[02:23:40] [438/445] JMJR
[02:23:41] 🔄 Identity reset
[02:23:41] 🔄 Identity rotated (every 10 requests)
[02:23:41] [439/445] SSGK
[02:23:42] [440/445] SSRL
[02:23:43] [441/445] JYKL
[02:23:44] [442/445] ACNB
[02:23:45] [443/445] SONP
[02:23:46] [444/445] EMCI
[02:23:46] [445/445] MRJH
[02:23:47] ✅ DONE | Shows=0 | Movies=0
[02:46:11] 🚀 BMS DAILY TRACKER STARTED (enhanced anti‑detection)
[02:46:11] [1/445] TGMR
[02:46:11] 🧠 New identity created
[02:46:12] [2/445] CXKR
[02:46:13] [3/445] SROP
[02:46:14] [4/445] GTSV
[02:46:14] [5/445] SNTY
[02:46:15] [6/445] SMYY
[02:46:16] [7/445] CNCS
[02:46:17] [8/445] CSTM
[02:46:18] [9/445] NUCD
[02:46:18] [10/445] SHCZ
[02:46:19] 🔄 Identity reset
[02:46:19] 🔄 Identity rotated (every 10 requests)
[02:46:19] [11/445] NJCT
[02:46:20] [12/445] COPC
[02:46:20] [13/445] STVV
[02:46:21] [14/445] SKRN
[02:46:22] [15/445] APPZ
[02:46:22] [16/445] YMGN
[02:46:23] [17/445] SVTU
[02:46:24] [18/445] GTAD
[02:46:24] [19/445] PSUS
[02:46:25] [20/445] SMCD
[02:46:26] 🔄 Identity reset
[02:46:26] 🔄 Identity rotated (every 10 requests)
[02:46:26] 🔄 Retry 1/5 for SMCD in 2.2s
[02:46:26] 🔄 Identity reset
[02:46:28] 🧠 New identity created
[02:46:28] [21/445] CMCM
[02:46:29] [22/445] SYCT
[02:46:30] [23/445] STLY
[02:46:30] [24/445] CMHU
[02:46:31] [25/445] CMSA
[02:46:32] [26/445] CLCU
[02:46:33] [27/445] PPNT
[02:46:34] [28/445] JTAB
[02:46:34] [29/445] BUUC
[02:46:35] 🔄 Identity reset
[02:46:35] 🔄 Identity rotated (every 10 requests)
[02:46:36] [30/445] BSVK
[02:46:37] [31/445] VVVQ
[02:46:37] [32/445] TKMU
[02:46:38] [33/445] ESYL
[02:46:39] [34/445] ACHP
[02:46:40] [35/445] BTKD
[02:46:41] [36/445] DESA
[02:46:41] [37/445] GBCT
[02:46:42] [38/445] BLLD
[02:46:43] [39/445] SKNT
[02:46:44] 🔄 Identity reset
[02:46:44] 🔄 Identity rotated (every 10 requests)
[02:46:44] [40/445] SSTE
[02:46:45] [41/445] VJMR
[02:46:46] [42/445] NTPU
[02:46:47] [43/445] RDKN
[02:46:49] [44/445] ADGC
[02:46:49] [45/445] VRBP
[02:46:50] [46/445] NMNA
[02:46:52] [47/445] CMMX
[02:46:53] [48/445] PTKO
[02:46:54] [49/445] RBML
[02:46:54] 🔄 Identity reset
[02:46:54] 🔄 Identity rotated (every 10 requests)
[02:46:55] [50/445] SAIC
[02:46:56] [51/445] SVTJ
[02:46:57] [52/445] MRTE
[02:46:58] [53/445] RBTP
[02:47:00] [54/445] NLPS
[02:47:00] [55/445] GTNA
[02:47:01] [56/445] DGGC
[02:47:02] [57/445] SMCR
[02:47:03] [58/445] SCGD
[02:47:04] [59/445] SRRJ
[02:47:05] 🔄 Identity reset
[02:47:05] 🔄 Identity rotated (every 10 requests)
[02:47:05] [60/445] CNRY
[02:47:06] [61/445] KTDI
[02:47:07] [62/445] SNJL
[02:47:07] [63/445] RKMD
[02:47:08] [64/445] SMDC
[02:47:09] [65/445] TADG
[02:47:10] [66/445] MCGS
[02:47:11] [67/445] PETK
[02:47:12] [68/445] CHAG
[02:47:13] [69/445] KSTL
[02:47:13] 🔄 Identity reset
[02:47:13] 🔄 Identity rotated (every 10 requests)
[02:47:13] [70/445] AADS
[02:47:14] [71/445] NTHZ
[02:47:15] [72/445] HCKI
[02:47:16] [73/445] SSEF
[02:47:17] [74/445] MCGX
[02:47:18] [75/445] ERRA
[02:47:18] [76/445] SDTW
[02:47:19] [77/445] RMPK
[02:47:20] [78/445] PTHK
[02:47:21] [79/445] PXCS
[02:47:22] 🔄 Identity reset
[02:47:22] 🔄 Identity rotated (every 10 requests)
[02:47:22] [80/445] SVLU
[02:47:23] [81/445] STAH
[02:47:23] [82/445] JRGF
[02:47:24] [83/445] CDOK
[02:47:25] [84/445] CMSG
[02:47:26] [85/445] APTD
[02:47:26] [86/445] KMPG
[02:47:27] [87/445] MUTJ
[02:47:28] [88/445] VCCI
[02:47:29] [89/445] URBE
[02:47:29] 🔄 Identity reset
[02:47:29] 🔄 Identity rotated (every 10 requests)
[02:47:29] [90/445] TCTS
[02:47:30] [91/445] STSN
[02:47:32] [92/445] AKCH
[02:47:33] [93/445] APSC
[02:47:34] [94/445] VLTB
[02:47:35] [95/445] SANU
[02:47:36] [96/445] AXAM
[02:47:37] [97/445] MGMG
[02:47:38] [98/445] HTBY
[02:47:38] [99/445] MMZS
[02:47:39] 🔄 Identity reset
[02:47:39] 🔄 Identity rotated (every 10 requests)
[02:47:39] 🔄 Retry 1/5 for MMZS in 2.2s
[02:47:39] 🔄 Identity reset
[02:47:41] 🧠 New identity created
[02:47:41] 🔄 Retry 2/5 for MMZS in 4.4s
[02:47:41] 🔄 Identity reset
[02:47:46] 🧠 New identity created
[02:47:46] [100/445] SUDR
[02:47:47] [101/445] CCAD
[02:47:48] [102/445] SKKC
[02:47:49] [103/445] RMCD
[02:47:50] [104/445] SBCQ
[02:47:51] [105/445] DCCT
[02:47:52] [106/445] VTKP
[02:47:53] [107/445] MLAM
[02:47:53] 🔄 Identity reset
[02:47:53] 🔄 Identity rotated (every 10 requests)
[02:47:54] [108/445] SAVT
[02:47:55] [109/445] GEPL
[02:47:56] [110/445] AMCD
[02:47:56] [111/445] CCXR
[02:47:57] [112/445] GRNG
[02:47:59] [113/445] EBCA
[02:48:00] [114/445] CNVG
[02:48:00] [115/445] MWSS
[02:48:01] [116/445] VBOR
[02:48:02] [117/445] NEEB
[02:48:02] 🔄 Identity reset
[02:48:03] 🔄 Identity rotated (every 10 requests)
[02:48:03] [118/445] SUTH
[02:48:03] [119/445] ANDB
[02:48:04] [120/445] MMXS
[02:48:06] [121/445] CNPD
[02:48:06] [122/445] SDCE
[02:48:07] [123/445] DHCB
[02:48:09] [124/445] ODEN
[02:48:10] [125/445] TNTC
[02:48:10] [126/445] VBKM
[02:48:12] [127/445] RZYM
[02:48:13] 🔄 Identity reset
[02:48:13] 🔄 Identity rotated (every 10 requests)
[02:48:13] [128/445] JEMC
[02:48:14] [129/445] CMAU
[02:48:14] [130/445] SIVP
[02:48:15] [131/445] ATAG
[02:48:16] [132/445] CHTM
[02:48:17] [133/445] AAEE
[02:48:17] [134/445] IWPM
[02:48:18] [135/445] KCMW
[02:48:19] [136/445] MCTD
[02:48:20] [137/445] SPWR
[02:48:20] 🔄 Identity reset
[02:48:20] 🔄 Identity rotated (every 10 requests)
[02:48:21] [138/445] SDPO
[02:48:22] [139/445] PCSK
[02:48:22] [140/445] ACHV
[02:48:23] [141/445] SVLA
[02:48:24] [142/445] PICT
[02:48:25] [143/445] BXDR
[02:48:26] [144/445] SPWA
[02:48:27] [145/445] MCKO
[02:48:27] [146/445] RTHK
[02:48:28] [147/445] CCMF
[02:48:29] 🔄 Identity reset
[02:48:29] 🔄 Identity rotated (every 10 requests)
[02:48:29] 🔄 Retry 1/5 for CCMF in 2.5s
[02:48:29] 🔄 Identity reset
[02:48:31] 🧠 New identity created
[02:48:32] [148/445] MRGB
[02:48:33] [149/445] CPLC
[02:48:33] [150/445] RACD
[02:48:34] [151/445] ATKT
[02:48:35] [152/445] SARN
[02:48:36] [153/445] KKUI
[02:48:37] [154/445] RGCM
[02:48:38] [155/445] BRVP
[02:48:39] [156/445] HRSR
[02:48:39] 🔄 Identity reset
[02:48:39] 🔄 Identity rotated (every 10 requests)
[02:48:39] [157/445] GKGM
[02:48:40] [158/445] TTCD
[02:48:41] [159/445] PTTI
[02:48:42] [160/445] MPTT
[02:48:43] [161/445] CVTT
[02:48:44] [162/445] PCXD
[02:48:45] [163/445] GCDC
[02:48:45] [164/445] CCCF
[02:48:46] [165/445] MRAD
[02:48:47] [166/445] CPLK
[02:48:48] 🔄 Identity reset
[02:48:48] 🔄 Identity rotated (every 10 requests)
[02:48:48] 🔄 Retry 1/5 for CPLK in 2.0s
[02:48:48] 🔄 Identity reset
[02:48:50] 🧠 New identity created
[02:48:50] 🔄 Retry 2/5 for CPLK in 4.5s
[02:48:50] 🔄 Identity reset
[02:48:54] 🧠 New identity created
[02:48:55] [167/445] SATB
[02:48:55] [168/445] SNVG
[02:48:56] [169/445] JMBA
[02:48:57] [170/445] TEJA
[02:48:58] [171/445] STYO
[02:48:59] [172/445] JTBP
[02:49:00] [173/445] KRGD
[02:49:02] [174/445] SLJJ
[02:49:02] 🔄 Identity reset
[02:49:02] 🔄 Identity rotated (every 10 requests)
[02:49:03] [175/445] SPTJ
[02:49:04] [176/445] SWJG
[02:49:04] [177/445] LKRT
[02:49:05] [178/445] KCKA
[02:49:06] [179/445] SNCR
[02:49:08] [180/445] SMKL
[02:49:09] [181/445] GCFA
[02:49:09] [182/445] DDCK
[02:49:10] [183/445] NCHJ
[02:49:11] [184/445] RDMA
[02:49:12] 🔄 Identity reset
[02:49:12] 🔄 Identity rotated (every 10 requests)
[02:49:12] 🔄 Retry 1/5 for RDMA in 2.4s
[02:49:12] 🔄 Identity reset
[02:49:14] 🧠 New identity created
[02:49:14] [185/445] SVSV
[02:49:15] [186/445] SCJG
[02:49:16] [187/445] VKLP
[02:49:17] [188/445] NWCC
[02:49:18] [189/445] VKNS
[02:49:19] [190/445] SDDP
[02:49:20] [191/445] ACSI
[02:49:21] [192/445] SATG
[02:49:22] [193/445] SCMW
[02:49:23] 🔄 Identity reset
[02:49:23] 🔄 Identity rotated (every 10 requests)
[02:49:23] [194/445] LKTK
[02:49:24] [195/445] VCKV
[02:49:25] [196/445] KKPE
[02:49:25] [197/445] KIGH
[02:49:26] [198/445] SRPM
[02:49:27] [199/445] SCAH
[02:49:28] [200/445] MUTA
[02:49:29] [201/445] SEPU
[02:49:30] [202/445] INOA
[02:49:31] [203/445] BASK
[02:49:32] 🔄 Identity reset
[02:49:32] 🔄 Identity rotated (every 10 requests)
[02:49:32] 🔄 Retry 1/5 for BASK in 2.5s
[02:49:32] 🔄 Identity reset
[02:49:34] 🧠 New identity created
[02:49:35] [204/445] NECB
[02:49:36] [205/445] GTTG
[02:49:36] [206/445] ASSA
[02:49:37] [207/445] ANCL
[02:49:38] [208/445] GCTI
[02:49:39] [209/445] RCTS
[02:49:40] [210/445] ACNL
[02:49:41] [211/445] MYCT
[02:49:41] [212/445] NMHT
[02:49:42] 🔄 Identity reset
[02:49:42] 🔄 Identity rotated (every 10 requests)
[02:49:43] [213/445] MDIT
[02:49:44] [214/445] LATG
[02:49:45] [215/445] SMTY
[02:49:47] [216/445] CVCT
[02:49:47] [217/445] RAMB
[02:49:48] [218/445] TGMS
[02:49:50] [219/445] BHEL
[02:49:51] [220/445] SHCT
[02:49:52] [221/445] SVCT
[02:49:53] [222/445] MRIY
[02:49:54] 🔄 Identity reset
[02:49:54] 🔄 Identity rotated (every 10 requests)
[02:49:54] [223/445] SARO
[02:49:55] [224/445] STCT
[02:49:56] [225/445] JKKC
[02:49:57] [226/445] PLTT
[02:49:58] [227/445] SRNT
[02:49:58] [228/445] YAST
[02:49:59] [229/445] PERL
[02:50:00] [230/445] CICM
[02:50:01] [231/445] MMTR
[02:50:02] [232/445] ABTK
[02:50:02] 🔄 Identity reset
[02:50:02] 🔄 Identity rotated (every 10 requests)
[02:50:03] [233/445] ATYY
[02:50:04] [234/445] ASTK
[02:50:05] [235/445] VVCK
[02:50:06] [236/445] ATKY
[02:50:08] [237/445] GWEK
[02:50:08] [238/445] SVFH
[02:50:10] [239/445] SLTA
[02:50:11] [240/445] AASH
[02:50:12] [241/445] ACXB
[02:50:13] [242/445] SMTX
[02:50:13] 🔄 Identity reset
[02:50:13] 🔄 Identity rotated (every 10 requests)
[02:50:13] [243/445] AZDH
[02:50:15] [244/445] CMMH
[02:50:16] [245/445] SCSZ
[02:50:17] [246/445] SCKP
[02:50:18] [247/445] NXTM
[02:50:19] [248/445] NWCS
[02:50:20] [249/445] CXMH
[02:50:20] [250/445] PCMA
[02:50:21] [251/445] SGCM
[02:50:22] [252/445] SDTU
[02:50:22] 🔄 Identity reset
[02:50:22] 🔄 Identity rotated (every 10 requests)
[02:50:23] [253/445] MMVI
[02:50:24] [254/445] JKCM
[02:50:25] [255/445] VCMM
[02:50:25] [256/445] SYEE
[02:50:26] [257/445] VASD
[02:50:27] [258/445] BDRB
[02:50:28] [259/445] LASM
[02:50:29] [260/445] DCRL
[02:50:30] [261/445] DVPM
[02:50:31] [262/445] SBMJ
[02:50:31] 🔄 Identity reset
[02:50:31] 🔄 Identity rotated (every 10 requests)
[02:50:32] [263/445] CBMU
[02:50:32] [264/445] IUBS
[02:50:33] [265/445] INAP
[02:50:34] [266/445] SRRC
[02:50:35] [267/445] SAGR
[02:50:36] [268/445] CPMJ
[02:50:37] [269/445] ATJL
[02:50:38] [270/445] NNTD
[02:50:38] [271/445] JHCJ
[02:50:39] [272/445] CMMP
[02:50:40] 🔄 Identity reset
[02:50:40] 🔄 Identity rotated (every 10 requests)
[02:50:40] 🔄 Retry 1/5 for CMMP in 2.3s
[02:50:40] 🔄 Identity reset
[02:50:43] 🧠 New identity created
[02:50:43] [273/445] RSDR
[02:50:44] [274/445] AMTI
[02:50:45] [275/445] NYSG
[02:50:46] [276/445] AVSG
[02:50:47] [277/445] SYTP
[02:50:48] [278/445] LARC
[02:50:50] [279/445] RJTP
[02:50:50] [280/445] LAKC
[02:50:51] [281/445] MCXE
[02:50:52] 🔄 Identity reset
[02:50:52] 🔄 Identity rotated (every 10 requests)
[02:50:52] [282/445] CCZC
[02:50:53] [283/445] AVCH
[02:50:54] [284/445] CMBE
[02:50:55] [285/445] MRRC
[02:50:56] [286/445] PCPY
[02:50:56] [287/445] SRMH
[02:50:57] [288/445] SVGS
[02:50:58] [289/445] PCSE
[02:51:00] [290/445] SVFT
[02:51:01] [291/445] TNZP
[02:51:01] 🔄 Identity reset
[02:51:01] 🔄 Identity rotated (every 10 requests)
[02:51:02] [292/445] ICTP
[02:51:03] [293/445] ACTZ
[02:51:04] [294/445] GTUR
[02:51:04] [295/445] MAFC
[02:51:05] [296/445] MINL
[02:51:06] [297/445] MRCL
[02:51:07] [298/445] RCRP
[02:51:08] [299/445] RFFG
[02:51:09] [300/445] RMAS
[02:51:10] [301/445] INVR
[02:51:10] 🔄 Identity reset
[02:51:10] 🔄 Identity rotated (every 10 requests)
[02:51:10] 🔄 Retry 1/5 for INVR in 2.7s
[02:51:10] 🔄 Identity reset
[02:51:13] 🧠 New identity created
[02:51:13] 🔄 Retry 2/5 for INVR in 4.8s
[02:51:13] 🔄 Identity reset
[02:51:18] 🧠 New identity created
[02:51:18] [302/445] RMAR
[02:51:19] [303/445] CNIS
[02:51:20] [304/445] RHRJ
[02:51:21] [305/445] INXR
[02:51:22] [306/445] VALT
[02:51:23] [307/445] LCSH
[02:51:24] [308/445] CMVS
[02:51:25] [309/445] CNMS
[02:51:25] 🔄 Identity reset
[02:51:25] 🔄 Identity rotated (every 10 requests)
[02:51:25] [310/445] ROOG
[02:51:26] [311/445] ISRM
[02:51:27] [312/445] RCRM
[02:51:28] [313/445] ACJA
[02:51:29] [314/445] RCVS
[02:51:30] [315/445] CPUS
[02:51:31] [316/445] TGCS
[02:51:32] [317/445] RKCJ
[02:51:33] [318/445] MKSB
[02:51:33] [319/445] TCSJ
[02:51:34] 🔄 Identity reset
[02:51:34] 🔄 Identity rotated (every 10 requests)
[02:51:34] 🔄 Retry 1/5 for TCSJ in 2.4s
[02:51:34] 🔄 Identity reset
[02:51:37] 🧠 New identity created
[02:51:37] [320/445] RMGP
[02:51:38] [321/445] CLLP
[02:51:39] [322/445] RCMV
[02:51:39] [323/445] CCKS
[02:51:40] [324/445] RSRP
[02:51:41] [325/445] APLP
[02:51:42] [326/445] CNVS
[02:51:43] [327/445] RMVY
[02:51:44] [328/445] PGBD
[02:51:44] 🔄 Identity reset
[02:51:44] 🔄 Identity rotated (every 10 requests)
[02:51:44] [329/445] KLMS
[02:51:45] [330/445] RUST
[02:51:46] [331/445] MASM
[02:51:47] [332/445] BACS
[02:51:48] [333/445] BWST
[02:51:49] [334/445] RRFH
[02:51:50] [335/445] SJTM
[02:51:51] [336/445] BEMR
[02:51:51] [337/445] MCGR
[02:51:52] [338/445] SDSK
[02:51:53] 🔄 Identity reset
[02:51:53] 🔄 Identity rotated (every 10 requests)
[02:51:53] [339/445] VBOL
[02:51:54] [340/445] RMGM
[02:51:55] [341/445] NOPL
[02:51:56] [342/445] MKJK
[02:51:56] [343/445] CVRN
[02:51:57] [344/445] MMEN
[02:51:58] [345/445] AMNG
[02:51:59] [346/445] INTM
[02:52:00] [347/445] SLCZ
[02:52:00] [348/445] AMJN
[02:52:01] 🔄 Identity reset
[02:52:01] 🔄 Identity rotated (every 10 requests)
[02:52:01] [349/445] ACJN
[02:52:02] [350/445] AMKN
[02:52:03] [351/445] BTCN
[02:52:04] [352/445] AMBT
[02:52:05] [353/445] PACN
[02:52:05] [354/445] LCNS
[02:52:06] [355/445] PPKC
[02:52:07] [356/445] JYYN
[02:52:08] [357/445] JTNR
[02:52:09] [358/445] GTEE
[02:52:09] 🔄 Identity reset
[02:52:09] 🔄 Identity rotated (every 10 requests)
[02:52:10] [359/445] SRNM
[02:52:11] [360/445] SDTC
[02:52:11] [361/445] VPCA
[02:52:12] [362/445] VLRA
[02:52:13] [363/445] SHKR
[02:52:14] [364/445] SBKD
[02:52:15] [365/445] SAAD
[02:52:15] [366/445] JTGN
[02:52:16] [367/445] SLAM
[02:52:17] [368/445] VTPM
[02:52:18] 🔄 Identity reset
[02:52:18] 🔄 Identity rotated (every 10 requests)
[02:52:18] [369/445] ANPT
[02:52:19] [370/445] PUNB
[02:52:20] [371/445] CPKT
[02:52:21] [372/445] CNWE
[02:52:21] [373/445] ECPP
[02:52:22] [374/445] CPAR
[02:52:23] [375/445] ESBW
[02:52:24] [376/445] PKPU
[02:52:25] [377/445] CPRP
[02:52:26] [378/445] RAHU
[02:52:26] 🔄 Identity reset
[02:52:26] 🔄 Identity rotated (every 10 requests)
[02:52:27] [379/445] RHMN
[02:52:27] [380/445] FMJP
[02:52:28] [381/445] CTMP
[02:52:30] [382/445] INPN
[02:52:30] [383/445] STTG
[02:52:31] [384/445] CTRD
[02:52:32] [385/445] PUVB
[02:52:33] [386/445] ESVP
[02:52:34] [387/445] CPFT
[02:52:35] [388/445] LCPC
[02:52:35] 🔄 Identity reset
[02:52:35] 🔄 Identity rotated (every 10 requests)
[02:52:36] [389/445] VBCT
[02:52:37] [390/445] FSCW
[02:52:38] [391/445] VCMP
[02:52:39] [392/445] ASHC
[02:52:40] [393/445] VLCX
[02:52:40] [394/445] SHEV
[02:52:42] [395/445] APCO
[02:52:43] [396/445] SILC
[02:52:44] [397/445] SNMR
[02:52:45] [398/445] KYBO
[02:52:45] 🔄 Identity reset
[02:52:45] 🔄 Identity rotated (every 10 requests)
[02:52:46] [399/445] SATK
[02:52:47] [400/445] SSCS
[02:52:49] [401/445] CLSB
[02:52:49] [402/445] KMJR
[02:52:50] [403/445] FSCK
[02:52:51] [404/445] NNKA
[02:52:52] [405/445] CLMK
[02:52:53] [406/445] DMPZ
[02:52:53] [407/445] INQM
[02:52:54] [408/445] CAML
[02:52:55] 🔄 Identity reset
[02:52:55] 🔄 Identity rotated (every 10 requests)
[02:52:55] [409/445] INRK
[02:52:56] [410/445] IMKN
[02:52:57] [411/445] SVNR
[02:52:58] [412/445] INSL
[02:52:59] [413/445] MSMA
[02:53:00] [414/445] MCKK
[02:53:01] [415/445] FCHP
[02:53:01] [416/445] SFCR
[02:53:02] [417/445] NACK
[02:53:03] [418/445] PVAK
[02:53:04] 🔄 Identity reset
[02:53:04] 🔄 Identity rotated (every 10 requests)
[02:53:04] [419/445] INER
[02:53:05] [420/445] RDBK
[02:53:06] [421/445] SVFN
[02:53:06] [422/445] IFRM
[02:53:07] [423/445] ATCK
[02:53:08] [424/445] ASKO
[02:53:09] [425/445] STKT
[02:53:11] [426/445] SVFB
[02:53:12] [427/445] INKS
[02:53:13] [428/445] PCRA
[02:53:13] 🔄 Identity reset
[02:53:13] 🔄 Identity rotated (every 10 requests)
[02:53:13] [429/445] ATJA
[02:53:14] [430/445] IMJN
[02:53:15] [431/445] INHD
[02:53:16] [432/445] BARA
[02:53:17] [433/445] MCSL
[02:53:18] [434/445] RTOY
[02:53:19] [435/445] MENO
[02:53:20] [436/445] PUDM
[02:53:21] [437/445] PRCN
[02:53:22] [438/445] JMJR
[02:53:22] 🔄 Identity reset
[02:53:22] 🔄 Identity rotated (every 10 requests)
[02:53:23] [439/445] SSGK
[02:53:24] [440/445] SSRL
[02:53:25] [441/445] JYKL
[02:53:26] [442/445] ACNB
[02:53:26] [443/445] SONP
[02:53:27] [444/445] EMCI
[02:53:28] [445/445] MRJH
[02:53:29] ✅ DONE | Shows=0 | Movies=0
[03:16:13] 🚀 BMS DAILY TRACKER STARTED (enhanced anti‑detection)
[03:16:13] [1/445] TGMR
[03:16:14] 🧠 New identity created
[03:16:14] [2/445] CXKR
[03:16:15] [3/445] SROP
[03:16:16] [4/445] GTSV
[03:16:17] [5/445] SNTY
[03:16:18] [6/445] SMYY
[03:16:19] [7/445] CNCS
[03:16:20] [8/445] CSTM
[03:16:21] [9/445] NUCD
[03:16:22] [10/445] SHCZ
[03:16:22] 🔄 Identity reset
[03:16:22] 🔄 Identity rotated (every 10 requests)
[03:16:23] [11/445] NJCT
[03:16:23] [12/445] COPC
[03:16:24] [13/445] STVV
[03:16:25] [14/445] SKRN
[03:16:26] [15/445] APPZ
[03:16:27] [16/445] YMGN
[03:16:28] [17/445] SVTU
[03:16:29] [18/445] GTAD
[03:16:30] [19/445] PSUS
[03:16:31] [20/445] SMCD
[03:16:31] 🔄 Identity reset
[03:16:31] 🔄 Identity rotated (every 10 requests)
[03:16:31] [21/445] CMCM
[03:16:32] [22/445] SYCT
[03:16:33] [23/445] STLY
[03:16:34] [24/445] CMHU
[03:16:35] [25/445] CMSA
[03:16:36] [26/445] CLCU
[03:16:37] [27/445] PPNT
[03:16:38] [28/445] JTAB
[03:16:39] [29/445] BUUC
[03:16:41] [30/445] BSVK
[03:16:41] 🔄 Identity reset
[03:16:41] 🔄 Identity rotated (every 10 requests)
[03:16:42] [31/445] VVVQ
[03:16:43] [32/445] TKMU
[03:16:43] [33/445] ESYL
[03:16:44] [34/445] ACHP
[03:16:45] [35/445] BTKD
[03:16:46] [36/445] DESA
[03:16:47] [37/445] GBCT
[03:16:48] [38/445] BLLD
[03:16:49] [39/445] SKNT
[03:16:50] [40/445] SSTE
[03:16:50] 🔄 Identity reset
[03:16:50] 🔄 Identity rotated (every 10 requests)
[03:16:51] [41/445] VJMR
[03:16:52] [42/445] NTPU
[03:16:53] [43/445] RDKN
[03:16:54] [44/445] ADGC
[03:16:55] [45/445] VRBP
[03:16:56] [46/445] NMNA
[03:16:57] [47/445] CMMX
[03:16:58] [48/445] PTKO
[03:16:58] [49/445] RBML
[03:16:59] [50/445] SAIC
[03:17:00] 🔄 Identity reset
[03:17:00] 🔄 Identity rotated (every 10 requests)
[03:17:00] [51/445] SVTJ
[03:17:01] [52/445] MRTE
[03:17:02] [53/445] RBTP
[03:17:03] [54/445] NLPS
[03:17:04] [55/445] GTNA
[03:17:05] [56/445] DGGC
[03:17:06] [57/445] SMCR
[03:17:07] [58/445] SCGD
[03:17:09] [59/445] SRRJ
[03:17:10] [60/445] CNRY
[03:17:10] 🔄 Identity reset
[03:17:10] 🔄 Identity rotated (every 10 requests)
[03:17:10] [61/445] KTDI
[03:17:11] [62/445] SNJL
[03:17:12] [63/445] RKMD
[03:17:13] [64/445] SMDC
[03:17:14] [65/445] TADG
[03:17:15] [66/445] MCGS
[03:17:16] [67/445] PETK
[03:17:17] [68/445] CHAG
[03:17:18] [69/445] KSTL
[03:17:19] [70/445] AADS
[03:17:19] 🔄 Identity reset
[03:17:20] 🔄 Identity rotated (every 10 requests)
[03:17:20] [71/445] NTHZ
[03:17:21] [72/445] HCKI
[03:17:22] [73/445] SSEF
[03:17:22] [74/445] MCGX
[03:17:23] [75/445] ERRA
[03:17:24] [76/445] SDTW
[03:17:25] [77/445] RMPK
[03:17:26] [78/445] PTHK
[03:17:27] [79/445] PXCS
[03:17:28] [80/445] SVLU
[03:17:29] 🔄 Identity reset
[03:17:29] 🔄 Identity rotated (every 10 requests)
[03:17:29] [81/445] STAH
[03:17:30] [82/445] JRGF
[03:17:31] [83/445] CDOK
[03:17:32] [84/445] CMSG
[03:17:32] [85/445] APTD
[03:17:33] [86/445] KMPG
[03:17:34] [87/445] MUTJ
[03:17:35] [88/445] VCCI
[03:17:36] [89/445] URBE
[03:17:38] [90/445] TCTS
[03:17:39] 🔄 Identity reset
[03:17:39] 🔄 Identity rotated (every 10 requests)
[03:17:39] [91/445] STSN
[03:17:40] [92/445] AKCH
[03:17:41] [93/445] APSC
[03:17:42] [94/445] VLTB
[03:17:42] [95/445] SANU
[03:17:43] [96/445] AXAM
[03:17:44] [97/445] MGMG
[03:17:45] [98/445] HTBY
[03:17:46] [99/445] MMZS
[03:17:47] [100/445] SUDR
[03:17:47] 🔄 Identity reset
[03:17:47] 🔄 Identity rotated (every 10 requests)
[03:17:48] [101/445] CCAD
[03:17:49] [102/445] SKKC
[03:17:49] [103/445] RMCD
[03:17:50] [104/445] SBCQ
[03:17:52] [105/445] DCCT
[03:17:52] [106/445] VTKP
[03:17:53] [107/445] MLAM
[03:17:54] [108/445] SAVT
[03:17:55] [109/445] GEPL
[03:17:56] [110/445] AMCD
[03:17:57] 🔄 Identity reset
[03:17:57] 🔄 Identity rotated (every 10 requests)
[03:17:58] [111/445] CCXR
[03:17:59] [112/445] GRNG
[03:18:00] [113/445] EBCA
[03:18:01] [114/445] CNVG
[03:18:02] [115/445] MWSS
[03:18:03] [116/445] VBOR
[03:18:04] [117/445] NEEB
[03:18:05] [118/445] SUTH
[03:18:06] [119/445] ANDB
[03:18:07] [120/445] MMXS
[03:18:08] 🔄 Identity reset
[03:18:08] 🔄 Identity rotated (every 10 requests)
[03:18:08] [121/445] CNPD
[03:18:09] [122/445] SDCE
[03:18:11] [123/445] DHCB
[03:18:12] [124/445] ODEN
[03:18:13] [125/445] TNTC
[03:18:14] [126/445] VBKM
[03:18:15] [127/445] RZYM
[03:18:16] [128/445] JEMC
[03:18:17] [129/445] CMAU
[03:18:17] [130/445] SIVP
[03:18:18] 🔄 Identity reset
[03:18:18] 🔄 Identity rotated (every 10 requests)
[03:18:18] [131/445] ATAG
[03:18:19] [132/445] CHTM
[03:18:20] [133/445] AAEE
[03:18:21] [134/445] IWPM
[03:18:22] [135/445] KCMW
[03:18:23] [136/445] MCTD
[03:18:24] [137/445] SPWR
[03:18:24] [138/445] SDPO
[03:18:25] [139/445] PCSK
[03:18:26] [140/445] ACHV
[03:18:27] 🔄 Identity reset
[03:18:27] 🔄 Identity rotated (every 10 requests)
[03:18:27] [141/445] SVLA
[03:18:28] [142/445] PICT
[03:18:29] [143/445] BXDR
[03:18:30] [144/445] SPWA
[03:18:32] [145/445] MCKO
[03:18:33] [146/445] RTHK
[03:18:34] [147/445] CCMF
[03:18:35] [148/445] MRGB
[03:18:36] [149/445] CPLC
[03:18:37] [150/445] RACD
[03:18:38] 🔄 Identity reset
[03:18:38] 🔄 Identity rotated (every 10 requests)
[03:18:38] [151/445] ATKT
[03:18:39] [152/445] SARN
[03:18:40] [153/445] KKUI
[03:18:41] [154/445] RGCM
[03:18:42] [155/445] BRVP
[03:18:43] [156/445] HRSR
[03:18:43] [157/445] GKGM
[03:18:44] [158/445] TTCD
[03:18:45] [159/445] PTTI
[03:18:46] [160/445] MPTT
[03:18:47] 🔄 Identity reset
[03:18:47] 🔄 Identity rotated (every 10 requests)
[03:18:47] [161/445] CVTT
[03:18:49] [162/445] PCXD
[03:18:50] [163/445] GCDC
[03:18:50] [164/445] CCCF
[03:18:51] [165/445] MRAD
[03:18:52] [166/445] CPLK
[03:18:53] [167/445] SATB
[03:18:54] [168/445] SNVG
[03:18:55] [169/445] JMBA
[03:18:56] [170/445] TEJA
[03:18:56] 🔄 Identity reset
[03:18:56] 🔄 Identity rotated (every 10 requests)
[03:18:57] [171/445] STYO
[03:18:57] [172/445] JTBP
[03:18:58] [173/445] KRGD
[03:18:59] [174/445] SLJJ
[03:19:00] [175/445] SPTJ
[03:19:01] [176/445] SWJG
[03:19:03] [177/445] LKRT
[03:19:04] [178/445] KCKA
[03:19:05] [179/445] SNCR
[03:19:06] [180/445] SMKL
[03:19:07] 🔄 Identity reset
[03:19:07] 🔄 Identity rotated (every 10 requests)
[03:19:07] [181/445] GCFA
[03:19:08] [182/445] DDCK
[03:19:09] [183/445] NCHJ
[03:19:10] [184/445] RDMA
[03:19:11] [185/445] SVSV
[03:19:12] [186/445] SCJG
[03:19:13] [187/445] VKLP
[03:19:14] [188/445] NWCC
[03:19:15] [189/445] VKNS
[03:19:16] [190/445] SDDP
[03:19:16] 🔄 Identity reset
[03:19:16] 🔄 Identity rotated (every 10 requests)
[03:19:17] [191/445] ACSI
[03:19:18] [192/445] SATG
[03:19:18] [193/445] SCMW
[03:19:19] [194/445] LKTK
[03:19:20] [195/445] VCKV
[03:19:21] [196/445] KKPE
[03:19:22] [197/445] KIGH
[03:19:23] [198/445] SRPM
[03:19:24] [199/445] SCAH
[03:19:25] [200/445] MUTA
[03:19:26] 🔄 Identity reset
[03:19:26] 🔄 Identity rotated (every 10 requests)
[03:19:26] [201/445] SEPU
[03:19:27] [202/445] INOA
[03:19:28] [203/445] BASK
[03:19:30] [204/445] NECB
[03:19:31] [205/445] GTTG
[03:19:32] [206/445] ASSA
[03:19:33] [207/445] ANCL
[03:19:34] [208/445] GCTI
[03:19:35] [209/445] RCTS
[03:19:35] [210/445] ACNL
[03:19:36] 🔄 Identity reset
[03:19:36] 🔄 Identity rotated (every 10 requests)
[03:19:36] [211/445] MYCT
[03:19:37] [212/445] NMHT
[03:19:39] [213/445] MDIT
[03:19:39] [214/445] LATG
[03:19:40] [215/445] SMTY
[03:19:41] [216/445] CVCT
[03:19:42] [217/445] RAMB
[03:19:43] [218/445] TGMS
[03:19:43] [219/445] BHEL
[03:19:44] [220/445] SHCT
[03:19:45] 🔄 Identity reset
[03:19:45] 🔄 Identity rotated (every 10 requests)
[03:19:45] [221/445] SVCT
[03:19:47] [222/445] MRIY
[03:19:47] [223/445] SARO
[03:19:49] [224/445] STCT
[03:19:50] [225/445] JKKC
[03:19:51] [226/445] PLTT
[03:19:52] [227/445] SRNT
[03:19:53] [228/445] YAST
[03:19:54] [229/445] PERL
[03:19:55] [230/445] CICM
[03:19:55] 🔄 Identity reset
[03:19:55] 🔄 Identity rotated (every 10 requests)
[03:19:56] [231/445] MMTR
[03:19:56] [232/445] ABTK
[03:19:57] [233/445] ATYY
[03:19:58] [234/445] ASTK
[03:19:59] [235/445] VVCK
[03:20:00] [236/445] ATKY
[03:20:01] [237/445] GWEK
[03:20:02] [238/445] SVFH
[03:20:03] [239/445] SLTA
[03:20:05] [240/445] AASH
[03:20:05] 🔄 Identity reset
[03:20:05] 🔄 Identity rotated (every 10 requests)
[03:20:06] [241/445] ACXB
[03:20:07] [242/445] SMTX
[03:20:07] [243/445] AZDH
[03:20:09] [244/445] CMMH
[03:20:10] [245/445] SCSZ
[03:20:11] [246/445] SCKP
[03:20:12] [247/445] NXTM
[03:20:13] [248/445] NWCS
[03:20:13] [249/445] CXMH
[03:20:14] [250/445] PCMA
[03:20:15] 🔄 Identity reset
[03:20:15] 🔄 Identity rotated (every 10 requests)
[03:20:15] [251/445] SGCM
[03:20:16] [252/445] SDTU
[03:20:17] [253/445] MMVI
[03:20:18] [254/445] JKCM
[03:20:19] [255/445] VCMM
[03:20:20] [256/445] SYEE
[03:20:21] [257/445] VASD
[03:20:21] [258/445] BDRB
[03:20:22] [259/445] LASM
[03:20:23] [260/445] DCRL
[03:20:24] 🔄 Identity reset
[03:20:24] 🔄 Identity rotated (every 10 requests)
[03:20:24] [261/445] DVPM
[03:20:25] [262/445] SBMJ
[03:20:27] [263/445] CBMU
[03:20:28] [264/445] IUBS
[03:20:29] [265/445] INAP
[03:20:30] [266/445] SRRC
[03:20:31] [267/445] SAGR
[03:20:32] [268/445] CPMJ
[03:20:33] [269/445] ATJL
[03:20:33] [270/445] NNTD
[03:20:34] 🔄 Identity reset
[03:20:34] 🔄 Identity rotated (every 10 requests)
[03:20:34] [271/445] JHCJ
[03:20:35] [272/445] CMMP
[03:20:36] [273/445] RSDR
[03:20:37] [274/445] AMTI
[03:20:38] [275/445] NYSG
[03:20:39] [276/445] AVSG
[03:20:40] [277/445] SYTP
[03:20:41] [278/445] LARC
[03:20:41] [279/445] RJTP
[03:20:42] [280/445] LAKC
[03:20:43] 🔄 Identity reset
[03:20:43] 🔄 Identity rotated (every 10 requests)
[03:20:43] [281/445] MCXE
[03:20:44] [282/445] CCZC
[03:20:45] [283/445] AVCH
[03:20:46] [284/445] CMBE
[03:20:47] [285/445] MRRC
[03:20:49] [286/445] PCPY
[03:20:50] [287/445] SRMH
[03:20:50] [288/445] SVGS
[03:20:51] [289/445] PCSE
[03:20:52] [290/445] SVFT
[03:20:53] 🔄 Identity reset
[03:20:53] 🔄 Identity rotated (every 10 requests)
[03:20:53] [291/445] TNZP
[03:20:54] [292/445] ICTP
[03:20:55] [293/445] ACTZ
[03:20:56] [294/445] GTUR
[03:20:57] [295/445] MAFC
[03:20:58] [296/445] MINL
[03:20:59] [297/445] MRCL
[03:20:59] [298/445] RCRP
[03:21:00] [299/445] RFFG
[03:21:01] [300/445] RMAS
[03:21:02] 🔄 Identity reset
[03:21:02] 🔄 Identity rotated (every 10 requests)
[03:21:02] 🔄 Retry 1/5 for RMAS in 2.7s
[03:21:02] 🔄 Identity reset
[03:21:05] 🧠 New identity created
[03:21:05] [301/445] INVR
[03:21:06] [302/445] RMAR
[03:21:07] [303/445] CNIS
[03:21:08] [304/445] RHRJ
[03:21:09] [305/445] INXR
[03:21:10] [306/445] VALT
[03:21:11] [307/445] LCSH
[03:21:11] [308/445] CMVS
[03:21:12] [309/445] CNMS
[03:21:13] 🔄 Identity reset
[03:21:13] 🔄 Identity rotated (every 10 requests)
[03:21:13] [310/445] ROOG
[03:21:14] [311/445] ISRM
[03:21:15] [312/445] RCRM
[03:21:16] [313/445] ACJA
[03:21:17] [314/445] RCVS
[03:21:19] [315/445] CPUS
[03:21:20] [316/445] TGCS
[03:21:21] [317/445] RKCJ
[03:21:22] [318/445] MKSB
[03:21:23] [319/445] TCSJ
[03:21:23] 🔄 Identity reset
[03:21:23] 🔄 Identity rotated (every 10 requests)
[03:21:24] [320/445] RMGP
[03:21:25] [321/445] CLLP
[03:21:26] [322/445] RCMV
[03:21:27] [323/445] CCKS
[03:21:28] [324/445] RSRP
[03:21:29] [325/445] APLP
[03:21:30] [326/445] CNVS
[03:21:32] [327/445] RMVY
[03:21:33] [328/445] PGBD
[03:21:33] [329/445] KLMS
[03:21:34] 🔄 Identity reset
[03:21:34] 🔄 Identity rotated (every 10 requests)
[03:21:34] [330/445] RUST
[03:21:35] [331/445] MASM
[03:21:36] [332/445] BACS
[03:21:37] [333/445] BWST
[03:21:38] [334/445] RRFH
[03:21:39] [335/445] SJTM
[03:21:39] [336/445] BEMR
[03:21:40] [337/445] MCGR
[03:21:41] [338/445] SDSK
[03:21:42] [339/445] VBOL
[03:21:43] 🔄 Identity reset
[03:21:43] 🔄 Identity rotated (every 10 requests)
[03:21:43] [340/445] RMGM
[03:21:44] [341/445] NOPL
[03:21:45] [342/445] MKJK
[03:21:47] [343/445] CVRN
[03:21:48] [344/445] MMEN
[03:21:48] [345/445] AMNG
[03:21:50] [346/445] INTM
[03:21:51] [347/445] SLCZ
[03:21:52] [348/445] AMJN
[03:21:53] [349/445] ACJN
[03:21:53] 🔄 Identity reset
[03:21:53] 🔄 Identity rotated (every 10 requests)
[03:21:54] [350/445] AMKN
[03:21:55] [351/445] BTCN
[03:21:56] [352/445] AMBT
[03:21:57] [353/445] PACN
[03:21:58] [354/445] LCNS
[03:21:59] [355/445] PPKC
[03:22:00] [356/445] JYYN
[03:22:01] [357/445] JTNR
[03:22:02] [358/445] GTEE
[03:22:03] [359/445] SRNM
[03:22:03] 🔄 Identity reset
[03:22:03] 🔄 Identity rotated (every 10 requests)
[03:22:04] [360/445] SDTC
[03:22:05] [361/445] VPCA
[03:22:05] [362/445] VLRA
[03:22:06] [363/445] SHKR
[03:22:07] [364/445] SBKD
[03:22:08] [365/445] SAAD
[03:22:09] [366/445] JTGN
[03:22:10] [367/445] SLAM
[03:22:11] [368/445] VTPM
[03:22:12] [369/445] ANPT
[03:22:12] 🔄 Identity reset
[03:22:12] 🔄 Identity rotated (every 10 requests)
[03:22:13] [370/445] PUNB
[03:22:14] [371/445] CPKT
[03:22:15] [372/445] CNWE
[03:22:16] [373/445] ECPP
[03:22:17] [374/445] CPAR
[03:22:18] [375/445] ESBW
[03:22:18] [376/445] PKPU
[03:22:19] [377/445] CPRP
[03:22:20] [378/445] RAHU
[03:22:21] [379/445] RHMN
[03:22:22] 🔄 Identity reset
[03:22:22] 🔄 Identity rotated (every 10 requests)
[03:22:22] [380/445] FMJP
[03:22:23] [381/445] CTMP
[03:22:24] [382/445] INPN
[03:22:25] [383/445] STTG
[03:22:25] [384/445] CTRD
[03:22:26] [385/445] PUVB
[03:22:27] [386/445] ESVP
[03:22:28] [387/445] CPFT
[03:22:29] [388/445] LCPC
[03:22:30] [389/445] VBCT
[03:22:31] 🔄 Identity reset
[03:22:31] 🔄 Identity rotated (every 10 requests)
[03:22:31] [390/445] FSCW
[03:22:32] [391/445] VCMP
[03:22:34] [392/445] ASHC
[03:22:35] [393/445] VLCX
[03:22:36] [394/445] SHEV
[03:22:36] [395/445] APCO
[03:22:37] [396/445] SILC
[03:22:38] [397/445] SNMR
[03:22:39] [398/445] KYBO
[03:22:40] [399/445] SATK
[03:22:41] 🔄 Identity reset
[03:22:41] 🔄 Identity rotated (every 10 requests)
[03:22:41] [400/445] SSCS
[03:22:42] [401/445] CLSB
[03:22:43] [402/445] KMJR
[03:22:44] [403/445] FSCK
[03:22:45] [404/445] NNKA
[03:22:45] [405/445] CLMK
[03:22:47] [406/445] DMPZ
[03:22:49] [407/445] INQM
[03:22:50] [408/445] CAML
[03:22:51] [409/445] INRK
[03:22:51] 🔄 Identity reset
[03:22:52] 🔄 Identity rotated (every 10 requests)
[03:22:52] [410/445] IMKN
[03:22:53] [411/445] SVNR
[03:22:53] [412/445] INSL
[03:22:54] [413/445] MSMA
[03:22:55] [414/445] MCKK
[03:22:56] [415/445] FCHP
[03:22:57] [416/445] SFCR
[03:22:58] [417/445] NACK
[03:22:59] [418/445] PVAK
[03:22:59] [419/445] INER
[03:23:00] 🔄 Identity reset
[03:23:00] 🔄 Identity rotated (every 10 requests)
[03:23:01] [420/445] RDBK
[03:23:02] [421/445] SVFN
[03:23:03] [422/445] IFRM
[03:23:04] [423/445] ATCK
[03:23:05] [424/445] ASKO
[03:23:06] [425/445] STKT
[03:23:07] [426/445] SVFB
[03:23:08] [427/445] INKS
[03:23:09] [428/445] PCRA
[03:23:10] [429/445] ATJA
[03:23:11] 🔄 Identity reset
[03:23:11] 🔄 Identity rotated (every 10 requests)
[03:23:11] [430/445] IMJN
[03:23:12] [431/445] INHD
[03:23:13] [432/445] BARA
[03:23:14] [433/445] MCSL
[03:23:15] [434/445] RTOY
[03:23:15] [435/445] MENO
[03:23:16] [436/445] PUDM
[03:23:17] [437/445] PRCN
[03:23:18] [438/445] JMJR
[03:23:19] [439/445] SSGK
[03:23:20] 🔄 Identity reset
[03:23:20] 🔄 Identity rotated (every 10 requests)
[03:23:20] [440/445] SSRL
[03:23:21] [441/445] JYKL
[03:23:22] [442/445] ACNB
[03:23:23] [443/445] SONP
[03:23:25] [444/445] EMCI
[03:23:25] [445/445] MRJH
[03:23:26] ✅ DONE | Shows=0 | Movies=0
