[08:21:36] 🚀 SCRIPT STARTED (enhanced anti‑detection)
[08:21:36] [1/326] VCHA
[08:21:37] 🧠 New identity created
[08:21:37] [2/326] SCKO
[08:21:39] [3/326] VKTK
[08:21:40] [4/326] DXEC
[08:21:40] [5/326] CDCA
[08:21:41] [6/326] VBCZ
[08:21:42] [7/326] MSDR
[08:21:43] [8/326] ACPV
[08:21:44] [9/326] PVHB
[08:21:45] [10/326] RCNH
[08:21:45] 🔄 Identity reset
[08:21:45] 🔄 Identity rotated (every 10 requests)
[08:21:46] [11/326] IOMH
[08:21:47] [12/326] ILKS
[08:21:48] [13/326] AMSN
[08:21:48] [14/326] ANTP
[08:21:49] [15/326] SSEK
[08:21:50] [16/326] PICP
[08:21:51] [17/326] SICO
[08:21:53] [18/326] SISP
[08:21:54] [19/326] SCPI
[08:21:54] [20/326] CRPR
[08:21:55] 🔄 Identity reset
[08:21:55] 🔄 Identity rotated (every 10 requests)
[08:21:55] [21/326] DCTW
[08:21:56] [22/326] DCSP
[08:21:57] [23/326] KRPM
[08:21:58] [24/326] THKK
[08:21:59] [25/326] SNMY
[08:22:00] [26/326] AKCC
[08:22:00] [27/326] PCAT
[08:22:01] [28/326] RFGO
[08:22:02] [29/326] GGCS
[08:22:03] [30/326] ACKR
[08:22:04] 🔄 Identity reset
[08:22:04] 🔄 Identity rotated (every 10 requests)
[08:22:04] [31/326] STDO
[08:22:05] [32/326] ACKB
[08:22:06] [33/326] ALUC
[08:22:07] [34/326] MNSR
[08:22:08] [35/326] CSSL
[08:22:08] [36/326] BGGM
[08:22:09] [37/326] MANT
[08:22:10] [38/326] SOOY
[08:22:11] [39/326] VPPK
[08:22:12] [40/326] MYHJ
[08:22:13] 🔄 Identity reset
[08:22:13] 🔄 Identity rotated (every 10 requests)
[08:22:14] [41/326] KSCK
[08:22:15] [42/326] KATK
[08:22:16] [43/326] RTRT
[08:22:16] [44/326] SSTT
[08:22:17] [45/326] SSTV
[08:22:18] [46/326] LACM
[08:22:20] [47/326] SGMG
[08:22:21] [48/326] KACX
[08:22:21] [49/326] GVCP
[08:22:22] [50/326] CSNC
[08:22:23] 🔄 Identity reset
[08:22:23] 🔄 Identity rotated (every 10 requests)
[08:22:23] [51/326] SXCB
[08:22:24] [52/326] BAHS
[08:22:25] [53/326] PCBI
[08:22:26] [54/326] PSSM
[08:22:27] [55/326] RCOK
[08:22:27] [56/326] SCPF
[08:22:28] [57/326] SSAS
[08:22:29] [58/326] EVMM
[08:22:30] [59/326] SYCB
[08:22:31] [60/326] GCKI
[08:22:32] 🔄 Identity reset
[08:22:32] 🔄 Identity rotated (every 10 requests)
[08:22:32] [61/326] IAET
[08:22:34] [62/326] DDTD
[08:22:35] [63/326] GMDH
[08:22:36] [64/326] STLE
[08:22:37] [65/326] JTRA
[08:22:37] [66/326] RPPA
[08:22:38] [67/326] ARUT
[08:22:39] [68/326] JTVM
[08:22:40] [69/326] SWRH
[08:22:41] [70/326] DCPC
[08:22:41] 🔄 Identity reset
[08:22:41] 🔄 Identity rotated (every 10 requests)
[08:22:42] [71/326] RAPR
[08:22:43] [72/326] GCRT
[08:22:44] [73/326] ATUN
[08:22:45] [74/326] LTRM
[08:22:45] [75/326] TASR
[08:22:46] [76/326] RLLC
[08:22:47] [77/326] MABI
[08:22:48] [78/326] SVHB
[08:22:49] [79/326] NVTB
[08:22:50] [80/326] KCKG
[08:22:51] 🔄 Identity reset
[08:22:51] 🔄 Identity rotated (every 10 requests)
[08:22:51] [81/326] SSRN
[08:22:52] [82/326] VDDC
[08:22:53] [83/326] GKTK
[08:22:53] [84/326] YFSN
[08:22:54] [85/326] GCSG
[08:22:56] [86/326] ESSM
[08:22:57] [87/326] KRIH
[08:22:58] [88/326] GCDS
[08:22:59] [89/326] CCSH
[08:23:00] [90/326] ACSK
[08:23:00] 🔄 Identity reset
[08:23:00] 🔄 Identity rotated (every 10 requests)
[08:23:00] [91/326] APRK
[08:23:01] [92/326] ADKM
[08:23:02] [93/326] SRDM
[08:23:03] [94/326] SJMY
[08:23:04] [95/326] PGGC
[08:23:05] [96/326] INGM
[08:23:06] [97/326] LSCB
[08:23:07] [98/326] STAD
[08:23:07] [99/326] MCCR
[08:23:08] [100/326] ABCC
[08:23:09] 🔄 Identity reset
[08:23:09] 🔄 Identity rotated (every 10 requests)
[08:23:09] [101/326] RKCC
[08:23:10] [102/326] RTCR
[08:23:11] [103/326] GGBC
[08:23:12] [104/326] GCSD
[08:23:12] [105/326] LPTY
[08:23:13] [106/326] MCFD
[08:23:15] [107/326] HENN
[08:23:16] [108/326] SMKU
[08:23:17] [109/326] TNZC
[08:23:18] [110/326] DRCD
[08:23:18] 🔄 Identity reset
[08:23:18] 🔄 Identity rotated (every 10 requests)
[08:23:18] [111/326] DLCD
[08:23:19] [112/326] RCDA
[08:23:20] [113/326] COSM
[08:23:21] [114/326] MCMJ
[08:23:23] [115/326] CSTR
[08:23:23] [116/326] CVDK
[08:23:24] [117/326] INRR
[08:23:25] [118/326] RJRT
[08:23:26] [119/326] IRMR
[08:23:27] [120/326] SRCF
[08:23:28] 🔄 Identity reset
[08:23:28] 🔄 Identity rotated (every 10 requests)
[08:23:28] [121/326] GRCR
[08:23:29] [122/326] SURC
[08:23:30] [123/326] NMNH
[08:23:31] [124/326] SVBL
[08:23:32] [125/326] KACI
[08:23:33] [126/326] TDGO
[08:23:34] [127/326] KTBR
[08:23:35] [128/326] PMAD
[08:23:36] [129/326] CCPN
[08:23:37] [130/326] SBTK
[08:23:37] 🔄 Identity reset
[08:23:37] 🔄 Identity rotated (every 10 requests)
[08:23:38] [131/326] LMDK
[08:23:38] [132/326] PGDA
[08:23:39] [133/326] SRML
[08:23:40] [134/326] EVCK
[08:23:41] [135/326] RTTK
[08:23:42] [136/326] SRTU
[08:23:43] [137/326] VRSA
[08:23:44] [138/326] VARS
[08:23:45] [139/326] DSCZ
[08:23:46] [140/326] GAGA
[08:23:47] 🔄 Identity reset
[08:23:47] 🔄 Identity rotated (every 10 requests)
[08:23:47] [141/326] SARV
[08:23:48] [142/326] SEEG
[08:23:49] [143/326] GLCA
[08:23:50] [144/326] APAS
[08:23:50] [145/326] VCIA
[08:23:51] [146/326] SJTA
[08:23:52] [147/326] SABM
[08:23:53] [148/326] PPAG
[08:23:54] [149/326] RVCA
[08:23:55] [150/326] CCIA
[08:23:56] 🔄 Identity reset
[08:23:56] 🔄 Identity rotated (every 10 requests)
[08:23:56] [151/326] HTAG
[08:23:57] [152/326] SMBI
[08:23:59] [153/326] MCJR
[08:23:59] [154/326] CCJR
[08:24:00] [155/326] SINF
[08:24:01] [156/326] CPLX
[08:24:02] [157/326] KKTJ
[08:24:03] [158/326] GDBW
[08:24:04] [159/326] CSUB
[08:24:04] [160/326] DABA
[08:24:05] 🔄 Identity reset
[08:24:05] 🔄 Identity rotated (every 10 requests)
[08:24:05] [161/326] TITR
[08:24:06] [162/326] NYCR
[08:24:07] [163/326] RTRY
[08:24:08] [164/326] JTJL
[08:24:09] [165/326] SJCP
[08:24:10] [166/326] KCCA
[08:24:10] [167/326] MLPG
[08:24:11] [168/326] VRCK
[08:24:12] [169/326] SRIN
[08:24:14] [170/326] CXMK
[08:24:14] 🔄 Identity reset
[08:24:14] 🔄 Identity rotated (every 10 requests)
[08:24:15] [171/326] SKAD
[08:24:16] [172/326] AVTR
[08:24:17] [173/326] PTAJ
[08:24:17] [174/326] SCNK
[08:24:18] [175/326] STTI
[08:24:19] [176/326] KACR
[08:24:20] [177/326] SSDX
[08:24:21] [178/326] VRTJ
[08:24:22] [179/326] RAJD
[08:24:22] [180/326] SCIP
[08:24:23] 🔄 Identity reset
[08:24:23] 🔄 Identity rotated (every 10 requests)
[08:24:23] [181/326] RJSL
[08:24:24] [182/326] ARRS
[08:24:26] [183/326] ASMS
[08:24:27] [184/326] RDTS
[08:24:28] [185/326] DVMY
[08:24:28] [186/326] RASA
[08:24:30] [187/326] INOM
[08:24:30] [188/326] SPRS
[08:24:31] [189/326] SGCS
[08:24:33] [190/326] SALM
[08:24:34] 🔄 Identity reset
[08:24:34] 🔄 Identity rotated (every 10 requests)
[08:24:34] [191/326] PKHC
[08:24:35] [192/326] RCSV
[08:24:36] [193/326] CPKC
[08:24:37] [194/326] AACD
[08:24:38] [195/326] GGCV
[08:24:39] [196/326] SMKD
[08:24:40] [197/326] NBCH
[08:24:41] [198/326] AMCB
[08:24:42] [199/326] OPCN
[08:24:43] [200/326] DCIN
[08:24:44] 🔄 Identity reset
[08:24:44] 🔄 Identity rotated (every 10 requests)
[08:24:44] [201/326] INGW
[08:24:45] [202/326] PKKW
[08:24:46] [203/326] FNGW
[08:24:46] [204/326] GCGD
[08:24:47] [205/326] MSTW
[08:24:48] [206/326] KCCG
[08:24:49] [207/326] MRSS
[08:24:50] [208/326] CLCF
[08:24:51] [209/326] EETS
[08:24:51] [210/326] AATR
[08:24:52] 🔄 Identity reset
[08:24:52] 🔄 Identity rotated (every 10 requests)
[08:24:52] [211/326] CMMN
[08:24:53] [212/326] SCCJ
[08:24:54] [213/326] CDTK
[08:24:56] [214/326] AICP
[08:24:57] [215/326] FNBP
[08:24:58] [216/326] CBPB
[08:24:58] [217/326] CPAS
[08:24:59] [218/326] MAPM
[08:25:00] [219/326] PASD
[08:25:02] [220/326] JCMN
[08:25:02] 🔄 Identity reset
[08:25:03] 🔄 Identity rotated (every 10 requests)
[08:25:03] [221/326] MALB
[08:25:04] [222/326] SACG
[08:25:05] [223/326] DDRX
[08:25:05] [224/326] DDXB
[08:25:06] [225/326] RAMC
[08:25:07] [226/326] SANC
[08:25:08] [227/326] BCBP
[08:25:09] [228/326] ALPC
[08:25:10] [229/326] RBAC
[08:25:10] [230/326] RAJL
[08:25:11] 🔄 Identity reset
[08:25:11] 🔄 Identity rotated (every 10 requests)
[08:25:11] [231/326] MPDX
[08:25:13] [232/326] MUSC
[08:25:14] [233/326] VKMK
[08:25:15] [234/326] SKCG
[08:25:15] [235/326] ANCN
[08:25:16] [236/326] MMCJ
[08:25:17] [237/326] DCAK
[08:25:18] [238/326] SCKG
[08:25:19] [239/326] LMCK
[08:25:20] [240/326] CKKX
[08:25:20] 🔄 Identity reset
[08:25:20] 🔄 Identity rotated (every 10 requests)
[08:25:21] [241/326] ANKU
[08:25:21] [242/326] CSMD
[08:25:22] [243/326] MKMP
[08:25:23] [244/326] SVBG
[08:25:24] [245/326] ROOP
[08:25:25] [246/326] GDMT
[08:25:26] [247/326] FPPF
[08:25:27] [248/326] SFUU
[08:25:28] [249/326] ANCB
[08:25:29] [250/326] SMMC
[08:25:30] 🔄 Identity reset
[08:25:30] 🔄 Identity rotated (every 10 requests)
[08:25:31] [251/326] UGKT
[08:25:32] [252/326] JVRM
[08:25:33] [253/326] BATG
[08:25:34] [254/326] RATE
[08:25:35] [255/326] SKME
[08:25:35] [256/326] LMTP
[08:25:36] [257/326] TCBD
[08:25:37] [258/326] ESBD
[08:25:38] [259/326] GDCU
[08:25:39] [260/326] SNKT
[08:25:39] 🔄 Identity reset
[08:25:39] 🔄 Identity rotated (every 10 requests)
[08:25:40] [261/326] SRNK
[08:25:41] [262/326] SMED
[08:25:41] [263/326] CSQS
[08:25:42] [264/326] ALCS
[08:25:43] [265/326] KCKN
[08:25:44] [266/326] VCCL
[08:25:45] [267/326] MCDA
[08:25:46] [268/326] SHMI
[08:25:47] [269/326] SKHA
[08:25:47] [270/326] SVFK
[08:25:48] 🔄 Identity reset
[08:25:48] 🔄 Identity rotated (every 10 requests)
[08:25:48] [271/326] INVB
[08:25:49] [272/326] MELD
[08:25:50] [273/326] JTYS
[08:25:51] [274/326] INCM
[08:25:51] [275/326] MCDV
[08:25:52] [276/326] KSGK
[08:25:53] [277/326] ICMG
[08:25:54] [278/326] CSCV
[08:25:55] [279/326] STMD
[08:25:56] [280/326] STTR
[08:25:56] 🔄 Identity reset
[08:25:57] 🔄 Identity rotated (every 10 requests)
[08:25:57] [281/326] INVC
[08:25:58] [282/326] JTBL
[08:25:59] [283/326] SRVV
[08:26:00] [284/326] MAVC
[08:26:01] [285/326] SRPP
[08:26:02] [286/326] JGDM
[08:26:03] [287/326] MBSJ
[08:26:04] [288/326] SSLL
[08:26:05] [289/326] SLKP
[08:26:06] [290/326] NSRV
[08:26:06] 🔄 Identity reset
[08:26:06] 🔄 Identity rotated (every 10 requests)
[08:26:07] [291/326] UTDV
[08:26:07] [292/326] KICM
[08:26:08] [293/326] KCMD
[08:26:09] [294/326] TTPP
[08:26:10] [295/326] KMPV
[08:26:11] [296/326] SKTV
[08:26:11] [297/326] STCV
[08:26:13] [298/326] SRDA
[08:26:14] [299/326] JTSX
[08:26:15] [300/326] STBV
[08:26:16] 🔄 Identity reset
[08:26:16] 🔄 Identity rotated (every 10 requests)
[08:26:16] [301/326] APVZ
[08:26:17] [302/326] GSTV
[08:26:18] [303/326] NMVS
[08:26:19] [304/326] SKRT
[08:26:20] [305/326] RMDV
[08:26:21] [306/326] RATG
[08:26:22] [307/326] SJYV
[08:26:23] [308/326] NDGP
[08:26:24] [309/326] SNDG
[08:26:25] [310/326] INSR
[08:26:25] 🔄 Identity reset
[08:26:25] 🔄 Identity rotated (every 10 requests)
[08:26:26] [311/326] INSO
[08:26:26] [312/326] CCSI
[08:26:27] [313/326] RASM
[08:26:28] [314/326] NEWC
[08:26:29] [315/326] VSHL
[08:26:30] [316/326] BISW
[08:26:31] [317/326] GCNG
[08:26:32] [318/326] CWSC
[08:26:33] [319/326] SKAN
[08:26:34] [320/326] CCOA
[08:26:34] 🔄 Identity reset
[08:26:34] 🔄 Identity rotated (every 10 requests)
[08:26:35] [321/326] MCAJ
[08:26:36] [322/326] ACDE
[08:26:36] [323/326] AACM
[08:26:37] [324/326] JJCK
[08:26:38] [325/326] RCMO
[08:26:39] [326/326] GDAW
[08:26:40] 🧹 Deduping shows
[08:26:40] ✅ DONE | Shows=31 | Movies=4
