[08:24:39] 🚀 DISTRICT → BMS9 CONVERTER STARTED
[08:24:39] 📅 DATE_CODE: 20261010
[08:24:39] 📅 Date: 2026-10-10
[08:24:39] 🚫 Worker logic: DISABLED
[08:24:39] 🔑 Venue matching: ID ONLY
[08:24:39] 🚫 alldistrictvenues.json: NOT USED
[08:24:39] 🚫 Venue-name matching: NOT USED
[08:24:39] 📍 Selected venue records: 756
[08:24:39] 🎯 Selected venue IDs: 756
[08:24:39] 📡 Fetching Detailed JSON:
[08:24:39]    https://districtdata2026.pages.dev/advance/2026-10-10_Detailed.json
[08:24:40] ✅ Source loaded
[08:24:40]    Source date: 2026-10-10
[08:24:40]    Last updated: 08:21 AM, 06 October 2026
[08:24:40]    Movie keys: 9
[08:24:40] 🎬 Source movie keys: 9
[08:24:40] 🎟️ Selected-venue show rows: 26
[08:24:40] 🚫 Non-selected show rows ignored: 110
[08:24:40] ℹ️ Non-selected venue IDs encountered: 19
[08:24:40]    ⏭️ Source venue ID not selected: 27023
[08:24:40]    ⏭️ Source venue ID not selected: 27028
[08:24:40]    ⏭️ Source venue ID not selected: 27027
[08:24:40]    ⏭️ Source venue ID not selected: 1101585
[08:24:40]    ⏭️ Source venue ID not selected: 1001169
[08:24:40]    ⏭️ Source venue ID not selected: 59128
[08:24:40]    ⏭️ Source venue ID not selected: 14388
[08:24:40]    ⏭️ Source venue ID not selected: 1040385
[08:24:40]    ⏭️ Source venue ID not selected: 59132
[08:24:40]    ⏭️ Source venue ID not selected: 677
[08:24:40]    ⏭️ Source venue ID not selected: 153
[08:24:40]    ⏭️ Source venue ID not selected: 33325
[08:24:40]    ⏭️ Source venue ID not selected: 1036404
[08:24:40]    ⏭️ Source venue ID not selected: 873
[08:24:40]    ⏭️ Source venue ID not selected: 1039974
[08:24:40]    ⏭️ Source venue ID not selected: 114
[08:24:40]    ⏭️ Source venue ID not selected: 1040155
[08:24:40]    ⏭️ Source venue ID not selected: 59129
[08:24:40]    ⏭️ Source venue ID not selected: 1102259
[08:24:40] 📦 Previous shows: 0
[08:24:40] 🆕 Fresh shows: 26
[08:24:40] 📦 Final shows: 26
[08:24:40] ✅ DONE | Shows=26 | Movies=5
[08:24:40] 📄 Detailed: advance/data/20261010/detailed9.json
[08:24:40] 📄 Summary: advance/data/20261010/movie_summary9.json
