[10:08:06] 🚀 SCRIPT STARTED (enhanced anti‑detection)
[10:08:06] [1/445] TGMR
[10:08:06] 🧠 New identity created
[10:08:07] [2/445] CXKR
[10:08:08] [3/445] SROP
[10:08:08] [4/445] GTSV
[10:08:09] [5/445] SNTY
[10:08:10] [6/445] SMYY
[10:08:11] [7/445] CNCS
[10:08:12] [8/445] CSTM
[10:08:13] [9/445] NUCD
[10:08:14] [10/445] SHCZ
[10:08:14] 🔄 Identity reset
[10:08:14] 🔄 Identity rotated (every 10 requests)
[10:08:14] [11/445] NJCT
[10:08:15] [12/445] COPC
[10:08:16] [13/445] STVV
[10:08:17] [14/445] SKRN
[10:08:18] [15/445] APPZ
[10:08:19] [16/445] YMGN
[10:08:20] [17/445] SVTU
[10:08:21] [18/445] GTAD
[10:08:22] [19/445] PSUS
[10:08:22] [20/445] SMCD
[10:08:23] 🔄 Identity reset
[10:08:23] 🔄 Identity rotated (every 10 requests)
[10:08:23] [21/445] CMCM
[10:08:24] [22/445] SYCT
[10:08:25] [23/445] STLY
[10:08:26] [24/445] CMHU
[10:08:27] [25/445] CMSA
[10:08:28] [26/445] CLCU
[10:08:29] [27/445] PPNT
[10:08:29] [28/445] JTAB
[10:08:31] [29/445] BUUC
[10:08:32] [30/445] BSVK
[10:08:32] 🔄 Identity reset
[10:08:32] 🔄 Identity rotated (every 10 requests)
[10:08:32] [31/445] VVVQ
[10:08:33] [32/445] TKMU
[10:08:34] [33/445] ESYL
[10:08:35] [34/445] ACHP
[10:08:36] [35/445] BTKD
[10:08:37] [36/445] DESA
[10:08:38] [37/445] GBCT
[10:08:38] [38/445] BLLD
[10:08:39] [39/445] SKNT
[10:08:40] [40/445] SSTE
[10:08:41] 🔄 Identity reset
[10:08:41] 🔄 Identity rotated (every 10 requests)
[10:08:41] [41/445] VJMR
[10:08:42] [42/445] NTPU
[10:08:43] [43/445] RDKN
[10:08:43] [44/445] ADGC
[10:08:44] [45/445] VRBP
[10:08:45] [46/445] NMNA
[10:08:47] [47/445] CMMX
[10:08:47] [48/445] PTKO
[10:08:48] [49/445] RBML
[10:08:49] [50/445] SAIC
[10:08:50] 🔄 Identity reset
[10:08:50] 🔄 Identity rotated (every 10 requests)
[10:08:50] [51/445] SVTJ
[10:08:51] [52/445] MRTE
[10:08:52] [53/445] RBTP
[10:08:52] [54/445] NLPS
[10:08:53] [55/445] GTNA
[10:08:54] [56/445] DGGC
[10:08:55] [57/445] SMCR
[10:08:56] [58/445] SCGD
[10:08:58] [59/445] SRRJ
[10:08:58] [60/445] CNRY
[10:08:59] 🔄 Identity reset
[10:08:59] 🔄 Identity rotated (every 10 requests)
[10:08:59] [61/445] KTDI
[10:09:00] [62/445] SNJL
[10:09:01] [63/445] RKMD
[10:09:02] [64/445] SMDC
[10:09:03] [65/445] TADG
[10:09:04] [66/445] MCGS
[10:09:05] [67/445] PETK
[10:09:06] [68/445] CHAG
[10:09:07] [69/445] KSTL
[10:09:07] [70/445] AADS
[10:09:08] 🔄 Identity reset
[10:09:08] 🔄 Identity rotated (every 10 requests)
[10:09:08] [71/445] NTHZ
[10:09:09] [72/445] HCKI
[10:09:10] [73/445] SSEF
[10:09:11] [74/445] MCGX
[10:09:12] [75/445] ERRA
[10:09:13] [76/445] SDTW
[10:09:14] [77/445] RMPK
[10:09:15] [78/445] PTHK
[10:09:15] [79/445] PXCS
[10:09:16] [80/445] SVLU
[10:09:17] 🔄 Identity reset
[10:09:17] 🔄 Identity rotated (every 10 requests)
[10:09:17] [81/445] STAH
[10:09:18] [82/445] JRGF
[10:09:19] [83/445] CDOK
[10:09:20] [84/445] CMSG
[10:09:21] [85/445] APTD
[10:09:21] [86/445] KMPG
[10:09:22] [87/445] MUTJ
[10:09:23] [88/445] VCCI
[10:09:24] [89/445] URBE
[10:09:25] [90/445] TCTS
[10:09:25] 🔄 Identity reset
[10:09:25] 🔄 Identity rotated (every 10 requests)
[10:09:26] [91/445] STSN
[10:09:27] [92/445] AKCH
[10:09:27] [93/445] APSC
[10:09:28] [94/445] VLTB
[10:09:29] [95/445] SANU
[10:09:30] [96/445] AXAM
[10:09:31] [97/445] MGMG
[10:09:32] [98/445] HTBY
[10:09:33] [99/445] MMZS
[10:09:34] [100/445] SUDR
[10:09:34] 🔄 Identity reset
[10:09:34] 🔄 Identity rotated (every 10 requests)
[10:09:35] [101/445] CCAD
[10:09:36] [102/445] SKKC
[10:09:37] [103/445] RMCD
[10:09:38] [104/445] SBCQ
[10:09:38] [105/445] DCCT
[10:09:39] [106/445] VTKP
[10:09:40] [107/445] MLAM
[10:09:41] [108/445] SAVT
[10:09:42] [109/445] GEPL
[10:09:43] [110/445] AMCD
[10:09:43] 🔄 Identity reset
[10:09:43] 🔄 Identity rotated (every 10 requests)
[10:09:44] [111/445] CCXR
[10:09:45] [112/445] GRNG
[10:09:46] [113/445] EBCA
[10:09:46] [114/445] CNVG
[10:09:47] [115/445] MWSS
[10:09:48] [116/445] VBOR
[10:09:49] [117/445] NEEB
[10:09:50] [118/445] SUTH
[10:09:50] [119/445] ANDB
[10:09:51] [120/445] MMXS
[10:09:52] 🔄 Identity reset
[10:09:52] 🔄 Identity rotated (every 10 requests)
[10:09:52] [121/445] CNPD
[10:09:53] [122/445] SDCE
[10:09:54] [123/445] DHCB
[10:09:55] [124/445] ODEN
[10:09:56] [125/445] TNTC
[10:09:57] [126/445] VBKM
[10:09:58] [127/445] RZYM
[10:09:58] [128/445] JEMC
[10:09:59] [129/445] CMAU
[10:10:00] [130/445] SIVP
[10:10:01] 🔄 Identity reset
[10:10:01] 🔄 Identity rotated (every 10 requests)
[10:10:02] [131/445] ATAG
[10:10:02] [132/445] CHTM
[10:10:03] [133/445] AAEE
[10:10:04] [134/445] IWPM
[10:10:05] [135/445] KCMW
[10:10:06] [136/445] MCTD
[10:10:07] [137/445] SPWR
[10:10:08] [138/445] SDPO
[10:10:09] [139/445] PCSK
[10:10:10] [140/445] ACHV
[10:10:10] 🔄 Identity reset
[10:10:10] 🔄 Identity rotated (every 10 requests)
[10:10:11] [141/445] SVLA
[10:10:12] [142/445] PICT
[10:10:14] [143/445] BXDR
[10:10:15] [144/445] SPWA
[10:10:15] [145/445] MCKO
[10:10:16] [146/445] RTHK
[10:10:17] [147/445] CCMF
[10:10:18] [148/445] MRGB
[10:10:19] [149/445] CPLC
[10:10:20] [150/445] RACD
[10:10:21] 🔄 Identity reset
[10:10:21] 🔄 Identity rotated (every 10 requests)
[10:10:21] [151/445] ATKT
[10:10:22] [152/445] SARN
[10:10:22] [153/445] KKUI
[10:10:23] [154/445] RGCM
[10:10:24] [155/445] BRVP
[10:10:25] [156/445] HRSR
[10:10:26] [157/445] GKGM
[10:10:27] [158/445] TTCD
[10:10:28] [159/445] PTTI
[10:10:29] [160/445] MPTT
[10:10:30] 🔄 Identity reset
[10:10:30] 🔄 Identity rotated (every 10 requests)
[10:10:30] [161/445] CVTT
[10:10:31] [162/445] PCXD
[10:10:32] [163/445] GCDC
[10:10:33] [164/445] CCCF
[10:10:34] [165/445] MRAD
[10:10:35] [166/445] CPLK
[10:10:36] [167/445] SATB
[10:10:37] [168/445] SNVG
[10:10:38] [169/445] JMBA
[10:10:39] [170/445] TEJA
[10:10:40] 🔄 Identity reset
[10:10:40] 🔄 Identity rotated (every 10 requests)
[10:10:40] [171/445] STYO
[10:10:41] [172/445] JTBP
[10:10:42] [173/445] KRGD
[10:10:42] [174/445] SLJJ
[10:10:43] [175/445] SPTJ
[10:10:44] [176/445] SWJG
[10:10:45] [177/445] LKRT
[10:10:46] [178/445] KCKA
[10:10:47] [179/445] SNCR
[10:10:48] [180/445] SMKL
[10:10:48] 🔄 Identity reset
[10:10:48] 🔄 Identity rotated (every 10 requests)
[10:10:49] [181/445] GCFA
[10:10:49] [182/445] DDCK
[10:10:51] [183/445] NCHJ
[10:10:52] [184/445] RDMA
[10:10:53] [185/445] SVSV
[10:10:53] [186/445] SCJG
[10:10:54] [187/445] VKLP
[10:10:55] [188/445] NWCC
[10:10:56] [189/445] VKNS
[10:10:57] [190/445] SDDP
[10:10:57] 🔄 Identity reset
[10:10:57] 🔄 Identity rotated (every 10 requests)
[10:10:58] [191/445] ACSI
[10:10:59] [192/445] SATG
[10:11:00] [193/445] SCMW
[10:11:01] [194/445] LKTK
[10:11:02] [195/445] VCKV
[10:11:03] [196/445] KKPE
[10:11:04] [197/445] KIGH
[10:11:04] [198/445] SRPM
[10:11:05] [199/445] SCAH
[10:11:06] [200/445] MUTA
[10:11:07] 🔄 Identity reset
[10:11:07] 🔄 Identity rotated (every 10 requests)
[10:11:07] [201/445] SEPU
[10:11:08] [202/445] INOA
[10:11:09] [203/445] BASK
[10:11:10] [204/445] NECB
[10:11:11] [205/445] GTTG
[10:11:12] [206/445] ASSA
[10:11:13] [207/445] ANCL
[10:11:14] [208/445] GCTI
[10:11:15] [209/445] RCTS
[10:11:16] [210/445] ACNL
[10:11:16] 🔄 Identity reset
[10:11:16] 🔄 Identity rotated (every 10 requests)
[10:11:17] [211/445] MYCT
[10:11:18] [212/445] NMHT
[10:11:19] [213/445] MDIT
[10:11:20] [214/445] LATG
[10:11:21] [215/445] SMTY
[10:11:22] [216/445] CVCT
[10:11:22] [217/445] RAMB
[10:11:23] [218/445] TGMS
[10:11:24] [219/445] BHEL
[10:11:25] [220/445] SHCT
[10:11:26] 🔄 Identity reset
[10:11:26] 🔄 Identity rotated (every 10 requests)
[10:11:26] [221/445] SVCT
[10:11:27] [222/445] MRIY
[10:11:28] [223/445] SARO
[10:11:29] [224/445] STCT
[10:11:30] [225/445] JKKC
[10:11:31] [226/445] PLTT
[10:11:32] [227/445] SRNT
[10:11:33] [228/445] YAST
[10:11:34] [229/445] PERL
[10:11:34] [230/445] CICM
[10:11:35] 🔄 Identity reset
[10:11:35] 🔄 Identity rotated (every 10 requests)
[10:11:35] [231/445] MMTR
[10:11:36] [232/445] ABTK
[10:11:37] [233/445] ATYY
[10:11:38] [234/445] ASTK
[10:11:39] [235/445] VVCK
[10:11:40] [236/445] ATKY
[10:11:40] [237/445] GWEK
[10:11:41] [238/445] SVFH
[10:11:42] [239/445] SLTA
[10:11:43] [240/445] AASH
[10:11:44] 🔄 Identity reset
[10:11:44] 🔄 Identity rotated (every 10 requests)
[10:11:44] [241/445] ACXB
[10:11:45] [242/445] SMTX
[10:11:46] [243/445] AZDH
[10:11:47] [244/445] CMMH
[10:11:48] [245/445] SCSZ
[10:11:49] [246/445] SCKP
[10:11:49] [247/445] NXTM
[10:11:50] [248/445] NWCS
[10:11:51] [249/445] CXMH
[10:11:52] [250/445] PCMA
[10:11:53] 🔄 Identity reset
[10:11:53] 🔄 Identity rotated (every 10 requests)
[10:11:53] [251/445] SGCM
[10:11:55] [252/445] SDTU
[10:11:56] [253/445] MMVI
[10:11:57] [254/445] JKCM
[10:11:59] [255/445] VCMM
[10:11:59] [256/445] SYEE
[10:12:00] [257/445] VASD
[10:12:01] [258/445] BDRB
[10:12:02] [259/445] LASM
[10:12:03] [260/445] DCRL
[10:12:03] 🔄 Identity reset
[10:12:03] 🔄 Identity rotated (every 10 requests)
[10:12:04] [261/445] DVPM
[10:12:04] [262/445] SBMJ
[10:12:05] [263/445] CBMU
[10:12:06] [264/445] IUBS
[10:12:07] [265/445] INAP
[10:12:08] [266/445] SRRC
[10:12:09] [267/445] SAGR
[10:12:10] [268/445] CPMJ
[10:12:10] [269/445] ATJL
[10:12:11] [270/445] NNTD
[10:12:12] 🔄 Identity reset
[10:12:12] 🔄 Identity rotated (every 10 requests)
[10:12:12] [271/445] JHCJ
[10:12:13] [272/445] CMMP
[10:12:15] [273/445] RSDR
[10:12:16] [274/445] AMTI
[10:12:17] [275/445] NYSG
[10:12:18] [276/445] AVSG
[10:12:19] [277/445] SYTP
[10:12:20] [278/445] LARC
[10:12:21] [279/445] RJTP
[10:12:22] [280/445] LAKC
[10:12:22] 🔄 Identity reset
[10:12:22] 🔄 Identity rotated (every 10 requests)
[10:12:23] [281/445] MCXE
[10:12:23] [282/445] CCZC
[10:12:24] [283/445] AVCH
[10:12:25] [284/445] CMBE
[10:12:26] [285/445] MRRC
[10:12:27] [286/445] PCPY
[10:12:28] [287/445] SRMH
[10:12:29] [288/445] SVGS
[10:12:30] [289/445] PCSE
[10:12:31] [290/445] SVFT
[10:12:32] 🔄 Identity reset
[10:12:32] 🔄 Identity rotated (every 10 requests)
[10:12:32] [291/445] TNZP
[10:12:33] [292/445] ICTP
[10:12:34] [293/445] ACTZ
[10:12:35] [294/445] GTUR
[10:12:36] [295/445] MAFC
[10:12:37] [296/445] MINL
[10:12:38] [297/445] MRCL
[10:12:39] [298/445] RCRP
[10:12:40] [299/445] RFFG
[10:12:40] [300/445] RMAS
[10:12:41] 🔄 Identity reset
[10:12:41] 🔄 Identity rotated (every 10 requests)
[10:12:42] [301/445] INVR
[10:12:43] [302/445] RMAR
[10:12:43] [303/445] CNIS
[10:12:44] [304/445] RHRJ
[10:12:45] [305/445] INXR
[10:12:46] [306/445] VALT
[10:12:47] [307/445] LCSH
[10:12:48] [308/445] CMVS
[10:12:49] [309/445] CNMS
[10:12:50] [310/445] ROOG
[10:12:50] 🔄 Identity reset
[10:12:50] 🔄 Identity rotated (every 10 requests)
[10:12:51] [311/445] ISRM
[10:12:51] [312/445] RCRM
[10:12:52] [313/445] ACJA
[10:12:53] [314/445] RCVS
[10:12:54] [315/445] CPUS
[10:12:55] [316/445] TGCS
[10:12:56] [317/445] RKCJ
[10:12:57] [318/445] MKSB
[10:12:58] [319/445] TCSJ
[10:12:59] [320/445] RMGP
[10:13:00] 🔄 Identity reset
[10:13:00] 🔄 Identity rotated (every 10 requests)
[10:13:00] [321/445] CLLP
[10:13:01] [322/445] RCMV
[10:13:02] [323/445] CCKS
[10:13:03] [324/445] RSRP
[10:13:04] [325/445] APLP
[10:13:05] [326/445] CNVS
[10:13:05] [327/445] RMVY
[10:13:06] [328/445] PGBD
[10:13:07] [329/445] KLMS
[10:13:09] [330/445] RUST
[10:13:09] 🔄 Identity reset
[10:13:09] 🔄 Identity rotated (every 10 requests)
[10:13:10] [331/445] MASM
[10:13:11] [332/445] BACS
[10:13:11] [333/445] BWST
[10:13:12] [334/445] RRFH
[10:13:13] [335/445] SJTM
[10:13:14] [336/445] BEMR
[10:13:15] [337/445] MCGR
[10:13:16] [338/445] SDSK
[10:13:17] [339/445] VBOL
[10:13:18] [340/445] RMGM
[10:13:19] 🔄 Identity reset
[10:13:19] 🔄 Identity rotated (every 10 requests)
[10:13:19] [341/445] NOPL
[10:13:20] [342/445] MKJK
[10:13:21] [343/445] CVRN
[10:13:22] [344/445] MMEN
[10:13:23] [345/445] AMNG
[10:13:24] [346/445] INTM
[10:13:25] [347/445] SLCZ
[10:13:25] [348/445] AMJN
[10:13:26] [349/445] ACJN
[10:13:27] [350/445] AMKN
[10:13:28] 🔄 Identity reset
[10:13:28] 🔄 Identity rotated (every 10 requests)
[10:13:28] [351/445] BTCN
[10:13:29] [352/445] AMBT
[10:13:30] [353/445] PACN
[10:13:31] [354/445] LCNS
[10:13:32] [355/445] PPKC
[10:13:33] [356/445] JYYN
[10:13:35] [357/445] JTNR
[10:13:36] [358/445] GTEE
[10:13:36] [359/445] SRNM
[10:13:37] [360/445] SDTC
[10:13:38] 🔄 Identity reset
[10:13:38] 🔄 Identity rotated (every 10 requests)
[10:13:38] [361/445] VPCA
[10:13:39] [362/445] VLRA
[10:13:40] [363/445] SHKR
[10:13:41] [364/445] SBKD
[10:13:42] [365/445] SAAD
[10:13:43] [366/445] JTGN
[10:13:44] [367/445] SLAM
[10:13:45] [368/445] VTPM
[10:13:46] [369/445] ANPT
[10:13:47] [370/445] PUNB
[10:13:48] 🔄 Identity reset
[10:13:48] 🔄 Identity rotated (every 10 requests)
[10:13:48] [371/445] CPKT
[10:13:50] [372/445] CNWE
[10:13:51] [373/445] ECPP
[10:13:52] [374/445] CPAR
[10:13:53] [375/445] ESBW
[10:13:53] [376/445] PKPU
[10:13:54] [377/445] CPRP
[10:13:55] [378/445] RAHU
[10:13:56] [379/445] RHMN
[10:13:57] [380/445] FMJP
[10:13:58] 🔄 Identity reset
[10:13:58] 🔄 Identity rotated (every 10 requests)
[10:13:58] [381/445] CTMP
[10:13:59] [382/445] INPN
[10:14:00] [383/445] STTG
[10:14:01] [384/445] CTRD
[10:14:02] [385/445] PUVB
[10:14:03] [386/445] ESVP
[10:14:03] [387/445] CPFT
[10:14:04] [388/445] LCPC
[10:14:05] [389/445] VBCT
[10:14:06] [390/445] FSCW
[10:14:07] 🔄 Identity reset
[10:14:07] 🔄 Identity rotated (every 10 requests)
[10:14:07] [391/445] VCMP
[10:14:08] [392/445] ASHC
[10:14:09] [393/445] VLCX
[10:14:10] [394/445] SHEV
[10:14:11] [395/445] APCO
[10:14:11] [396/445] SILC
[10:14:12] [397/445] SNMR
[10:14:14] [398/445] KYBO
[10:14:15] [399/445] SATK
[10:14:16] [400/445] SSCS
[10:14:16] 🔄 Identity reset
[10:14:16] 🔄 Identity rotated (every 10 requests)
[10:14:17] [401/445] CLSB
[10:14:17] [402/445] KMJR
[10:14:18] [403/445] FSCK
[10:14:19] [404/445] NNKA
[10:14:20] [405/445] CLMK
[10:14:21] [406/445] DMPZ
[10:14:22] [407/445] INQM
[10:14:23] [408/445] CAML
[10:14:24] [409/445] INRK
[10:14:25] [410/445] IMKN
[10:14:25] 🔄 Identity reset
[10:14:25] 🔄 Identity rotated (every 10 requests)
[10:14:26] [411/445] SVNR
[10:14:26] [412/445] INSL
[10:14:28] [413/445] MSMA
[10:14:29] [414/445] MCKK
[10:14:30] [415/445] FCHP
[10:14:31] [416/445] SFCR
[10:14:31] [417/445] NACK
[10:14:32] [418/445] PVAK
[10:14:33] [419/445] INER
[10:14:34] [420/445] RDBK
[10:14:35] 🔄 Identity reset
[10:14:35] 🔄 Identity rotated (every 10 requests)
[10:14:35] [421/445] SVFN
[10:14:36] [422/445] IFRM
[10:14:36] [423/445] ATCK
[10:14:37] [424/445] ASKO
[10:14:38] [425/445] STKT
[10:14:39] [426/445] SVFB
[10:14:40] [427/445] INKS
[10:14:41] [428/445] PCRA
[10:14:42] [429/445] ATJA
[10:14:43] [430/445] IMJN
[10:14:43] 🔄 Identity reset
[10:14:43] 🔄 Identity rotated (every 10 requests)
[10:14:43] [431/445] INHD
[10:14:44] [432/445] BARA
[10:14:45] [433/445] MCSL
[10:14:46] [434/445] RTOY
[10:14:47] [435/445] MENO
[10:14:48] [436/445] PUDM
[10:14:49] [437/445] PRCN
[10:14:50] [438/445] JMJR
[10:14:51] [439/445] SSGK
[10:14:51] [440/445] SSRL
[10:14:52] 🔄 Identity reset
[10:14:52] 🔄 Identity rotated (every 10 requests)
[10:14:52] [441/445] JYKL
[10:14:53] [442/445] ACNB
[10:14:54] [443/445] SONP
[10:14:55] [444/445] EMCI
[10:14:55] [445/445] MRJH
[10:14:56] 🧹 Deduping shows
[10:14:56] ✅ DONE | Shows=569 | Movies=45
[16:42:35] 🚀 SCRIPT STARTED (enhanced anti‑detection)
[16:42:35] [1/445] TGMR
[16:42:35] 🧠 New identity created
[16:42:36] [2/445] CXKR
[16:42:37] [3/445] SROP
[16:42:38] [4/445] GTSV
[16:42:38] [5/445] SNTY
[16:42:39] [6/445] SMYY
[16:42:40] [7/445] CNCS
[16:42:42] [8/445] CSTM
[16:42:43] [9/445] NUCD
[16:42:44] [10/445] SHCZ
[16:42:44] 🔄 Identity reset
[16:42:44] 🔄 Identity rotated (every 10 requests)
[16:42:45] [11/445] NJCT
[16:42:46] [12/445] COPC
[16:42:47] [13/445] STVV
[16:42:48] [14/445] SKRN
[16:42:49] [15/445] APPZ
[16:42:50] [16/445] YMGN
[16:42:50] [17/445] SVTU
[16:42:51] [18/445] GTAD
[16:42:52] [19/445] PSUS
[16:42:53] [20/445] SMCD
[16:42:54] 🔄 Identity reset
[16:42:54] 🔄 Identity rotated (every 10 requests)
[16:42:54] [21/445] CMCM
[16:42:55] [22/445] SYCT
[16:42:56] [23/445] STLY
[16:42:57] [24/445] CMHU
[16:42:58] [25/445] CMSA
[16:42:59] [26/445] CLCU
[16:43:00] [27/445] PPNT
[16:43:01] [28/445] JTAB
[16:43:02] [29/445] BUUC
[16:43:03] [30/445] BSVK
[16:43:03] 🔄 Identity reset
[16:43:03] 🔄 Identity rotated (every 10 requests)
[16:43:04] [31/445] VVVQ
[16:43:05] [32/445] TKMU
[16:43:05] [33/445] ESYL
[16:43:06] [34/445] ACHP
[16:43:07] [35/445] BTKD
[16:43:08] [36/445] DESA
[16:43:09] [37/445] GBCT
[16:43:10] [38/445] BLLD
[16:43:10] [39/445] SKNT
[16:43:11] [40/445] SSTE
[16:43:12] 🔄 Identity reset
[16:43:12] 🔄 Identity rotated (every 10 requests)
[16:43:12] [41/445] VJMR
[16:43:13] [42/445] NTPU
[16:43:14] [43/445] RDKN
[16:43:15] [44/445] ADGC
[16:43:16] [45/445] VRBP
[16:43:17] [46/445] NMNA
[16:43:18] [47/445] CMMX
[16:43:19] [48/445] PTKO
[16:43:20] [49/445] RBML
[16:43:20] [50/445] SAIC
[16:43:21] 🔄 Identity reset
[16:43:21] 🔄 Identity rotated (every 10 requests)
[16:43:21] [51/445] SVTJ
[16:43:22] [52/445] MRTE
[16:43:23] [53/445] RBTP
[16:43:24] [54/445] NLPS
[16:43:25] [55/445] GTNA
[16:43:26] [56/445] DGGC
[16:43:27] [57/445] SMCR
[16:43:28] [58/445] SCGD
[16:43:29] [59/445] SRRJ
[16:43:30] [60/445] CNRY
[16:43:30] 🔄 Identity reset
[16:43:30] 🔄 Identity rotated (every 10 requests)
[16:43:30] [61/445] KTDI
[16:43:32] [62/445] SNJL
[16:43:33] [63/445] RKMD
[16:43:34] [64/445] SMDC
[16:43:35] [65/445] TADG
[16:43:36] [66/445] MCGS
[16:43:37] [67/445] PETK
[16:43:38] [68/445] CHAG
[16:43:38] [69/445] KSTL
[16:43:39] [70/445] AADS
[16:43:40] 🔄 Identity reset
[16:43:40] 🔄 Identity rotated (every 10 requests)
[16:43:40] [71/445] NTHZ
[16:43:41] [72/445] HCKI
[16:43:42] [73/445] SSEF
[16:43:43] [74/445] MCGX
[16:43:43] [75/445] ERRA
[16:43:44] [76/445] SDTW
[16:43:46] [77/445] RMPK
[16:43:47] [78/445] PTHK
[16:43:47] [79/445] PXCS
[16:43:48] [80/445] SVLU
[16:43:49] 🔄 Identity reset
[16:43:49] 🔄 Identity rotated (every 10 requests)
[16:43:49] [81/445] STAH
[16:43:50] [82/445] JRGF
[16:43:51] [83/445] CDOK
[16:43:52] [84/445] CMSG
[16:43:53] [85/445] APTD
[16:43:54] [86/445] KMPG
[16:43:55] [87/445] MUTJ
[16:43:56] [88/445] VCCI
[16:43:57] [89/445] URBE
[16:43:58] [90/445] TCTS
[16:43:58] 🔄 Identity reset
[16:43:58] 🔄 Identity rotated (every 10 requests)
[16:43:59] [91/445] STSN
[16:43:59] [92/445] AKCH
[16:44:00] [93/445] APSC
[16:44:01] [94/445] VLTB
[16:44:03] [95/445] SANU
[16:44:04] [96/445] AXAM
[16:44:05] [97/445] MGMG
[16:44:06] [98/445] HTBY
[16:44:06] [99/445] MMZS
[16:44:07] [100/445] SUDR
[16:44:08] 🔄 Identity reset
[16:44:08] 🔄 Identity rotated (every 10 requests)
[16:44:08] [101/445] CCAD
[16:44:09] [102/445] SKKC
[16:44:10] [103/445] RMCD
[16:44:11] [104/445] SBCQ
[16:44:12] [105/445] DCCT
[16:44:13] [106/445] VTKP
[16:44:14] [107/445] MLAM
[16:44:15] [108/445] SAVT
[16:44:16] [109/445] GEPL
[16:44:16] [110/445] AMCD
[16:44:17] 🔄 Identity reset
[16:44:17] 🔄 Identity rotated (every 10 requests)
[16:44:18] [111/445] CCXR
[16:44:19] [112/445] GRNG
[16:44:20] [113/445] EBCA
[16:44:20] [114/445] CNVG
[16:44:21] [115/445] MWSS
[16:44:22] [116/445] VBOR
[16:44:23] [117/445] NEEB
[16:44:24] [118/445] SUTH
[16:44:25] [119/445] ANDB
[16:44:26] [120/445] MMXS
[16:44:27] 🔄 Identity reset
[16:44:27] 🔄 Identity rotated (every 10 requests)
[16:44:27] [121/445] CNPD
[16:44:28] [122/445] SDCE
[16:44:29] [123/445] DHCB
[16:44:30] [124/445] ODEN
[16:44:31] [125/445] TNTC
[16:44:32] [126/445] VBKM
[16:44:32] [127/445] RZYM
[16:44:33] [128/445] JEMC
[16:44:34] [129/445] CMAU
[16:44:35] [130/445] SIVP
[16:44:35] 🔄 Identity reset
[16:44:35] 🔄 Identity rotated (every 10 requests)
[16:44:35] [131/445] ATAG
[16:44:36] [132/445] CHTM
[16:44:37] [133/445] AAEE
[16:44:38] [134/445] IWPM
[16:44:39] [135/445] KCMW
[16:44:40] [136/445] MCTD
[16:44:40] [137/445] SPWR
[16:44:41] [138/445] SDPO
[16:44:43] [139/445] PCSK
[16:44:44] [140/445] ACHV
[16:44:44] 🔄 Identity reset
[16:44:44] 🔄 Identity rotated (every 10 requests)
[16:44:45] [141/445] SVLA
[16:44:46] [142/445] PICT
[16:44:46] [143/445] BXDR
[16:44:47] [144/445] SPWA
[16:44:48] [145/445] MCKO
[16:44:49] [146/445] RTHK
[16:44:50] [147/445] CCMF
[16:44:51] [148/445] MRGB
[16:44:51] [149/445] CPLC
[16:44:52] [150/445] RACD
[16:44:53] 🔄 Identity reset
[16:44:53] 🔄 Identity rotated (every 10 requests)
[16:44:53] [151/445] ATKT
[16:44:54] [152/445] SARN
[16:44:55] [153/445] KKUI
[16:44:56] [154/445] RGCM
[16:44:56] [155/445] BRVP
[16:44:57] [156/445] HRSR
[16:44:58] [157/445] GKGM
[16:44:59] [158/445] TTCD
[16:45:00] [159/445] PTTI
[16:45:01] [160/445] MPTT
[16:45:01] 🔄 Identity reset
[16:45:02] 🔄 Identity rotated (every 10 requests)
[16:45:02] [161/445] CVTT
[16:45:03] [162/445] PCXD
[16:45:04] [163/445] GCDC
[16:45:04] [164/445] CCCF
[16:45:05] [165/445] MRAD
[16:45:06] [166/445] CPLK
[16:45:07] [167/445] SATB
[16:45:08] [168/445] SNVG
[16:45:09] [169/445] JMBA
[16:45:09] [170/445] TEJA
[16:45:10] 🔄 Identity reset
[16:45:10] 🔄 Identity rotated (every 10 requests)
[16:45:10] [171/445] STYO
[16:45:11] [172/445] JTBP
[16:45:12] [173/445] KRGD
[16:45:13] [174/445] SLJJ
[16:45:14] [175/445] SPTJ
[16:45:15] [176/445] SWJG
[16:45:16] [177/445] LKRT
[16:45:16] [178/445] KCKA
[16:45:17] [179/445] SNCR
[16:45:18] [180/445] SMKL
[16:45:19] 🔄 Identity reset
[16:45:19] 🔄 Identity rotated (every 10 requests)
[16:45:19] [181/445] GCFA
[16:45:20] [182/445] DDCK
[16:45:22] [183/445] NCHJ
[16:45:22] [184/445] RDMA
[16:45:23] [185/445] SVSV
[16:45:25] [186/445] SCJG
[16:45:25] [187/445] VKLP
[16:45:26] [188/445] NWCC
[16:45:27] [189/445] VKNS
[16:45:28] [190/445] SDDP
[16:45:28] 🔄 Identity reset
[16:45:28] 🔄 Identity rotated (every 10 requests)
[16:45:29] [191/445] ACSI
[16:45:30] [192/445] SATG
[16:45:31] [193/445] SCMW
[16:45:31] [194/445] LKTK
[16:45:32] [195/445] VCKV
[16:45:33] [196/445] KKPE
[16:45:34] [197/445] KIGH
[16:45:35] [198/445] SRPM
[16:45:36] [199/445] SCAH
[16:45:37] [200/445] MUTA
[16:45:37] 🔄 Identity reset
[16:45:37] 🔄 Identity rotated (every 10 requests)
[16:45:37] [201/445] SEPU
[16:45:38] [202/445] INOA
[16:45:39] [203/445] BASK
[16:45:40] [204/445] NECB
[16:45:41] [205/445] GTTG
[16:45:42] [206/445] ASSA
[16:45:43] [207/445] ANCL
[16:45:44] [208/445] GCTI
[16:45:45] [209/445] RCTS
[16:45:46] [210/445] ACNL
[16:45:46] 🔄 Identity reset
[16:45:46] 🔄 Identity rotated (every 10 requests)
[16:45:47] [211/445] MYCT
[16:45:47] [212/445] NMHT
[16:45:48] [213/445] MDIT
[16:45:49] [214/445] LATG
[16:45:50] [215/445] SMTY
[16:45:51] [216/445] CVCT
[16:45:52] [217/445] RAMB
[16:45:52] [218/445] TGMS
[16:45:53] [219/445] BHEL
[16:45:55] [220/445] SHCT
[16:45:56] 🔄 Identity reset
[16:45:56] 🔄 Identity rotated (every 10 requests)
[16:45:56] [221/445] SVCT
[16:45:57] [222/445] MRIY
[16:45:58] [223/445] SARO
[16:45:59] [224/445] STCT
[16:46:00] [225/445] JKKC
[16:46:00] [226/445] PLTT
[16:46:02] [227/445] SRNT
[16:46:02] [228/445] YAST
[16:46:03] [229/445] PERL
[16:46:04] [230/445] CICM
[16:46:05] 🔄 Identity reset
[16:46:05] 🔄 Identity rotated (every 10 requests)
[16:46:05] [231/445] MMTR
[16:46:06] [232/445] ABTK
[16:46:07] [233/445] ATYY
[16:46:08] [234/445] ASTK
[16:46:09] [235/445] VVCK
[16:46:10] [236/445] ATKY
[16:46:11] [237/445] GWEK
[16:46:12] [238/445] SVFH
[16:46:13] [239/445] SLTA
[16:46:13] [240/445] AASH
[16:46:14] 🔄 Identity reset
[16:46:14] 🔄 Identity rotated (every 10 requests)
[16:46:14] [241/445] ACXB
[16:46:15] [242/445] SMTX
[16:46:16] [243/445] AZDH
[16:46:17] [244/445] CMMH
[16:46:18] [245/445] SCSZ
[16:46:19] [246/445] SCKP
[16:46:19] [247/445] NXTM
[16:46:20] [248/445] NWCS
[16:46:22] [249/445] CXMH
[16:46:22] [250/445] PCMA
[16:46:23] 🔄 Identity reset
[16:46:23] 🔄 Identity rotated (every 10 requests)
[16:46:23] [251/445] SGCM
[16:46:24] [252/445] SDTU
[16:46:25] [253/445] MMVI
[16:46:26] [254/445] JKCM
[16:46:27] [255/445] VCMM
[16:46:28] [256/445] SYEE
[16:46:29] [257/445] VASD
[16:46:30] [258/445] BDRB
[16:46:31] [259/445] LASM
[16:46:32] [260/445] DCRL
[16:46:33] 🔄 Identity reset
[16:46:33] 🔄 Identity rotated (every 10 requests)
[16:46:33] [261/445] DVPM
[16:46:34] [262/445] SBMJ
[16:46:35] [263/445] CBMU
[16:46:36] [264/445] IUBS
[16:46:37] [265/445] INAP
[16:46:38] [266/445] SRRC
[16:46:38] [267/445] SAGR
[16:46:39] [268/445] CPMJ
[16:46:40] [269/445] ATJL
[16:46:41] [270/445] NNTD
[16:46:42] 🔄 Identity reset
[16:46:42] 🔄 Identity rotated (every 10 requests)
[16:46:42] [271/445] JHCJ
[16:46:44] [272/445] CMMP
[16:46:45] [273/445] RSDR
[16:46:46] [274/445] AMTI
[16:46:46] [275/445] NYSG
[16:46:47] [276/445] AVSG
[16:46:48] [277/445] SYTP
[16:46:49] [278/445] LARC
[16:46:50] [279/445] RJTP
[16:46:50] [280/445] LAKC
[16:46:51] 🔄 Identity reset
[16:46:51] 🔄 Identity rotated (every 10 requests)
[16:46:51] [281/445] MCXE
[16:46:52] [282/445] CCZC
[16:46:53] [283/445] AVCH
[16:46:54] [284/445] CMBE
[16:46:55] [285/445] MRRC
[16:46:55] [286/445] PCPY
[16:46:56] [287/445] SRMH
[16:46:57] [288/445] SVGS
[16:46:58] [289/445] PCSE
[16:46:59] [290/445] SVFT
[16:46:59] 🔄 Identity reset
[16:46:59] 🔄 Identity rotated (every 10 requests)
[16:47:00] [291/445] TNZP
[16:47:00] [292/445] ICTP
[16:47:01] [293/445] ACTZ
[16:47:02] [294/445] GTUR
[16:47:03] [295/445] MAFC
[16:47:04] [296/445] MINL
[16:47:05] [297/445] MRCL
[16:47:06] [298/445] RCRP
[16:47:07] [299/445] RFFG
[16:47:07] [300/445] RMAS
[16:47:08] 🔄 Identity reset
[16:47:08] 🔄 Identity rotated (every 10 requests)
[16:47:08] [301/445] INVR
[16:47:09] [302/445] RMAR
[16:47:10] [303/445] CNIS
[16:47:11] [304/445] RHRJ
[16:47:11] [305/445] INXR
[16:47:12] [306/445] VALT
[16:47:13] [307/445] LCSH
[16:47:14] [308/445] CMVS
[16:47:15] [309/445] CNMS
[16:47:16] [310/445] ROOG
[16:47:17] 🔄 Identity reset
[16:47:17] 🔄 Identity rotated (every 10 requests)
[16:47:17] [311/445] ISRM
[16:47:18] [312/445] RCRM
[16:47:19] [313/445] ACJA
[16:47:19] [314/445] RCVS
[16:47:20] [315/445] CPUS
[16:47:21] [316/445] TGCS
[16:47:22] [317/445] RKCJ
[16:47:23] [318/445] MKSB
[16:47:25] [319/445] TCSJ
[16:47:25] [320/445] RMGP
[16:47:26] 🔄 Identity reset
[16:47:26] 🔄 Identity rotated (every 10 requests)
[16:47:26] [321/445] CLLP
[16:47:27] [322/445] RCMV
[16:47:28] [323/445] CCKS
[16:47:29] [324/445] RSRP
[16:47:30] [325/445] APLP
[16:47:31] [326/445] CNVS
[16:47:31] [327/445] RMVY
[16:47:32] [328/445] PGBD
[16:47:33] [329/445] KLMS
[16:47:34] [330/445] RUST
[16:47:34] 🔄 Identity reset
[16:47:34] 🔄 Identity rotated (every 10 requests)
[16:47:35] [331/445] MASM
[16:47:36] [332/445] BACS
[16:47:36] [333/445] BWST
[16:47:37] [334/445] RRFH
[16:47:38] [335/445] SJTM
[16:47:39] [336/445] BEMR
[16:47:40] [337/445] MCGR
[16:47:41] [338/445] SDSK
[16:47:41] [339/445] VBOL
[16:47:42] [340/445] RMGM
[16:47:43] 🔄 Identity reset
[16:47:43] 🔄 Identity rotated (every 10 requests)
[16:47:43] [341/445] NOPL
[16:47:44] [342/445] MKJK
[16:47:45] [343/445] CVRN
[16:47:46] [344/445] MMEN
[16:47:47] [345/445] AMNG
[16:47:48] [346/445] INTM
[16:47:48] [347/445] SLCZ
[16:47:49] [348/445] AMJN
[16:47:51] [349/445] ACJN
[16:47:52] [350/445] AMKN
[16:47:52] 🔄 Identity reset
[16:47:52] 🔄 Identity rotated (every 10 requests)
[16:47:52] [351/445] BTCN
[16:47:53] [352/445] AMBT
[16:47:54] [353/445] PACN
[16:47:55] [354/445] LCNS
[16:47:56] [355/445] PPKC
[16:47:57] [356/445] JYYN
[16:47:58] [357/445] JTNR
[16:47:58] [358/445] GTEE
[16:47:59] [359/445] SRNM
[16:48:00] [360/445] SDTC
[16:48:01] 🔄 Identity reset
[16:48:01] 🔄 Identity rotated (every 10 requests)
[16:48:01] [361/445] VPCA
[16:48:02] [362/445] VLRA
[16:48:03] [363/445] SHKR
[16:48:03] [364/445] SBKD
[16:48:04] [365/445] SAAD
[16:48:05] [366/445] JTGN
[16:48:06] [367/445] SLAM
[16:48:07] [368/445] VTPM
[16:48:08] [369/445] ANPT
[16:48:09] [370/445] PUNB
[16:48:09] 🔄 Identity reset
[16:48:09] 🔄 Identity rotated (every 10 requests)
[16:48:10] [371/445] CPKT
[16:48:10] [372/445] CNWE
[16:48:11] [373/445] ECPP
[16:48:12] [374/445] CPAR
[16:48:13] [375/445] ESBW
[16:48:15] [376/445] PKPU
[16:48:16] [377/445] CPRP
[16:48:17] [378/445] RAHU
[16:48:18] [379/445] RHMN
[16:48:19] [380/445] FMJP
[16:48:19] 🔄 Identity reset
[16:48:19] 🔄 Identity rotated (every 10 requests)
[16:48:20] [381/445] CTMP
[16:48:21] [382/445] INPN
[16:48:22] [383/445] STTG
[16:48:23] [384/445] CTRD
[16:48:24] [385/445] PUVB
[16:48:25] [386/445] ESVP
[16:48:25] [387/445] CPFT
[16:48:26] [388/445] LCPC
[16:48:27] [389/445] VBCT
[16:48:28] [390/445] FSCW
[16:48:29] 🔄 Identity reset
[16:48:29] 🔄 Identity rotated (every 10 requests)
[16:48:29] [391/445] VCMP
[16:48:30] [392/445] ASHC
[16:48:31] [393/445] VLCX
[16:48:32] [394/445] SHEV
[16:48:33] [395/445] APCO
[16:48:34] [396/445] SILC
[16:48:35] [397/445] SNMR
[16:48:36] [398/445] KYBO
[16:48:37] [399/445] SATK
[16:48:39] [400/445] SSCS
[16:48:39] 🔄 Identity reset
[16:48:39] 🔄 Identity rotated (every 10 requests)
[16:48:39] [401/445] CLSB
[16:48:40] [402/445] KMJR
[16:48:41] [403/445] FSCK
[16:48:42] [404/445] NNKA
[16:48:43] [405/445] CLMK
[16:48:44] [406/445] DMPZ
[16:48:45] [407/445] INQM
[16:48:46] [408/445] CAML
[16:48:46] [409/445] INRK
[16:48:47] [410/445] IMKN
[16:48:48] 🔄 Identity reset
[16:48:48] 🔄 Identity rotated (every 10 requests)
[16:48:48] [411/445] SVNR
[16:48:49] [412/445] INSL
[16:48:50] [413/445] MSMA
[16:48:51] [414/445] MCKK
[16:48:52] [415/445] FCHP
[16:48:53] [416/445] SFCR
[16:48:54] [417/445] NACK
[16:48:55] [418/445] PVAK
[16:48:56] [419/445] INER
[16:48:57] [420/445] RDBK
[16:48:58] 🔄 Identity reset
[16:48:58] 🔄 Identity rotated (every 10 requests)
[16:48:58] [421/445] SVFN
[16:48:59] [422/445] IFRM
[16:49:00] [423/445] ATCK
[16:49:00] [424/445] ASKO
[16:49:01] [425/445] STKT
[16:49:02] [426/445] SVFB
[16:49:03] [427/445] INKS
[16:49:04] [428/445] PCRA
[16:49:05] [429/445] ATJA
[16:49:06] [430/445] IMJN
[16:49:07] 🔄 Identity reset
[16:49:07] 🔄 Identity rotated (every 10 requests)
[16:49:07] [431/445] INHD
[16:49:08] [432/445] BARA
[16:49:09] [433/445] MCSL
[16:49:10] [434/445] RTOY
[16:49:11] [435/445] MENO
[16:49:12] [436/445] PUDM
[16:49:12] [437/445] PRCN
[16:49:13] [438/445] JMJR
[16:49:14] [439/445] SSGK
[16:49:15] [440/445] SSRL
[16:49:16] 🔄 Identity reset
[16:49:16] 🔄 Identity rotated (every 10 requests)
[16:49:16] [441/445] JYKL
[16:49:17] [442/445] ACNB
[16:49:18] [443/445] SONP
[16:49:19] [444/445] EMCI
[16:49:20] [445/445] MRJH
[16:49:21] 🧹 Deduping shows
[16:49:21] ✅ DONE | Shows=648 | Movies=50
[04:59:08] 🚀 SCRIPT STARTED (enhanced anti‑detection)
[04:59:08] [1/445] TGMR
[04:59:08] 🧠 New identity created
[04:59:09] [2/445] CXKR
[04:59:10] [3/445] SROP
[04:59:11] [4/445] GTSV
[04:59:13] [5/445] SNTY
[04:59:13] [6/445] SMYY
[04:59:15] [7/445] CNCS
[04:59:15] [8/445] CSTM
[04:59:17] [9/445] NUCD
[04:59:18] [10/445] SHCZ
[04:59:19] 🔄 Identity reset
[04:59:19] 🔄 Identity rotated (every 10 requests)
[04:59:19] [11/445] NJCT
[04:59:20] [12/445] COPC
[04:59:21] [13/445] STVV
[04:59:22] [14/445] SKRN
[04:59:23] [15/445] APPZ
[04:59:24] [16/445] YMGN
[04:59:25] [17/445] SVTU
[04:59:26] [18/445] GTAD
[04:59:27] [19/445] PSUS
[04:59:29] [20/445] SMCD
[04:59:29] 🔄 Identity reset
[04:59:29] 🔄 Identity rotated (every 10 requests)
[04:59:30] [21/445] CMCM
[04:59:31] [22/445] SYCT
[04:59:32] [23/445] STLY
[04:59:32] [24/445] CMHU
[04:59:33] [25/445] CMSA
[04:59:34] [26/445] CLCU
[04:59:35] [27/445] PPNT
[04:59:36] [28/445] JTAB
[04:59:37] [29/445] BUUC
[04:59:38] [30/445] BSVK
[04:59:38] 🔄 Identity reset
[04:59:38] 🔄 Identity rotated (every 10 requests)
[04:59:39] [31/445] VVVQ
[04:59:40] [32/445] TKMU
[04:59:41] [33/445] ESYL
[04:59:42] [34/445] ACHP
[04:59:43] [35/445] BTKD
[04:59:43] [36/445] DESA
[04:59:45] [37/445] GBCT
[04:59:45] [38/445] BLLD
[04:59:46] [39/445] SKNT
[04:59:47] [40/445] SSTE
[04:59:48] 🔄 Identity reset
[04:59:48] 🔄 Identity rotated (every 10 requests)
[04:59:48] [41/445] VJMR
[04:59:49] [42/445] NTPU
[04:59:50] [43/445] RDKN
[04:59:51] [44/445] ADGC
[04:59:52] [45/445] VRBP
[04:59:53] [46/445] NMNA
[04:59:54] [47/445] CMMX
[04:59:55] [48/445] PTKO
[04:59:56] [49/445] RBML
[04:59:57] [50/445] SAIC
[04:59:57] 🔄 Identity reset
[04:59:57] 🔄 Identity rotated (every 10 requests)
[04:59:58] [51/445] SVTJ
[04:59:59] [52/445] MRTE
[04:59:59] [53/445] RBTP
[05:00:00] [54/445] NLPS
[05:00:01] [55/445] GTNA
[05:00:02] [56/445] DGGC
[05:00:03] [57/445] SMCR
[05:00:04] [58/445] SCGD
[05:00:05] [59/445] SRRJ
[05:00:06] [60/445] CNRY
[05:00:07] 🔄 Identity reset
[05:00:07] 🔄 Identity rotated (every 10 requests)
[05:00:07] [61/445] KTDI
[05:00:08] [62/445] SNJL
[05:00:09] [63/445] RKMD
[05:00:11] [64/445] SMDC
[05:00:12] [65/445] TADG
[05:00:13] [66/445] MCGS
[05:00:14] [67/445] PETK
[05:00:15] [68/445] CHAG
[05:00:16] [69/445] KSTL
[05:00:17] [70/445] AADS
[05:00:17] 🔄 Identity reset
[05:00:17] 🔄 Identity rotated (every 10 requests)
[05:00:17] [71/445] NTHZ
[05:00:18] [72/445] HCKI
[05:00:19] [73/445] SSEF
[05:00:20] [74/445] MCGX
[05:00:21] [75/445] ERRA
[05:00:22] [76/445] SDTW
[05:00:23] [77/445] RMPK
[05:00:25] [78/445] PTHK
[05:00:26] [79/445] PXCS
[05:00:27] [80/445] SVLU
[05:00:27] 🔄 Identity reset
[05:00:27] 🔄 Identity rotated (every 10 requests)
[05:00:28] [81/445] STAH
[05:00:29] [82/445] JRGF
[05:00:29] [83/445] CDOK
[05:00:30] [84/445] CMSG
[05:00:31] [85/445] APTD
[05:00:32] [86/445] KMPG
[05:00:33] [87/445] MUTJ
[05:00:35] [88/445] VCCI
[05:00:36] [89/445] URBE
[05:00:37] [90/445] TCTS
[05:00:37] 🔄 Identity reset
[05:00:37] 🔄 Identity rotated (every 10 requests)
[05:00:39] [91/445] STSN
[05:00:39] [92/445] AKCH
[05:00:40] [93/445] APSC
[05:00:41] [94/445] VLTB
[05:00:42] [95/445] SANU
[05:00:43] [96/445] AXAM
[05:00:44] [97/445] MGMG
[05:00:45] [98/445] HTBY
[05:00:46] [99/445] MMZS
[05:00:46] [100/445] SUDR
[05:00:47] 🔄 Identity reset
[05:00:47] 🔄 Identity rotated (every 10 requests)
[05:00:47] [101/445] CCAD
[05:00:48] [102/445] SKKC
[05:00:49] [103/445] RMCD
[05:00:50] [104/445] SBCQ
[05:00:51] [105/445] DCCT
[05:00:52] [106/445] VTKP
[05:00:53] [107/445] MLAM
[05:00:54] [108/445] SAVT
[05:00:55] [109/445] GEPL
[05:00:56] [110/445] AMCD
[05:00:56] 🔄 Identity reset
[05:00:56] 🔄 Identity rotated (every 10 requests)
[05:00:57] [111/445] CCXR
[05:00:58] [112/445] GRNG
[05:00:58] [113/445] EBCA
[05:00:59] [114/445] CNVG
[05:01:00] [115/445] MWSS
[05:01:01] [116/445] VBOR
[05:01:02] [117/445] NEEB
[05:01:03] [118/445] SUTH
[05:01:04] [119/445] ANDB
[05:01:05] [120/445] MMXS
[05:01:06] 🔄 Identity reset
[05:01:06] 🔄 Identity rotated (every 10 requests)
[05:01:06] [121/445] CNPD
[05:01:07] [122/445] SDCE
[05:01:08] [123/445] DHCB
[05:01:09] [124/445] ODEN
[05:01:10] [125/445] TNTC
[05:01:11] [126/445] VBKM
[05:01:11] [127/445] RZYM
[05:01:12] [128/445] JEMC
[05:01:13] [129/445] CMAU
[05:01:14] [130/445] SIVP
[05:01:14] 🔄 Identity reset
[05:01:14] 🔄 Identity rotated (every 10 requests)
[05:01:15] [131/445] ATAG
[05:01:16] [132/445] CHTM
[05:01:17] [133/445] AAEE
[05:01:17] [134/445] IWPM
[05:01:19] [135/445] KCMW
[05:01:20] [136/445] MCTD
[05:01:22] [137/445] SPWR
[05:01:23] [138/445] SDPO
[05:01:24] [139/445] PCSK
[05:01:24] [140/445] ACHV
[05:01:25] 🔄 Identity reset
[05:01:25] 🔄 Identity rotated (every 10 requests)
[05:01:25] [141/445] SVLA
[05:01:26] [142/445] PICT
[05:01:27] [143/445] BXDR
[05:01:28] [144/445] SPWA
[05:01:29] [145/445] MCKO
[05:01:31] [146/445] RTHK
[05:01:33] [147/445] CCMF
[05:01:34] [148/445] MRGB
[05:01:35] [149/445] CPLC
[05:01:35] [150/445] RACD
[05:01:36] 🔄 Identity reset
[05:01:36] 🔄 Identity rotated (every 10 requests)
[05:01:37] [151/445] ATKT
[05:01:37] [152/445] SARN
[05:01:38] [153/445] KKUI
[05:01:40] [154/445] RGCM
[05:01:41] [155/445] BRVP
[05:01:42] [156/445] HRSR
[05:01:43] [157/445] GKGM
[05:01:44] [158/445] TTCD
[05:01:45] [159/445] PTTI
[05:01:45] [160/445] MPTT
[05:01:46] 🔄 Identity reset
[05:01:46] 🔄 Identity rotated (every 10 requests)
[05:01:46] [161/445] CVTT
[05:01:47] [162/445] PCXD
[05:01:48] [163/445] GCDC
[05:01:51] [164/445] CCCF
[05:01:52] [165/445] MRAD
[05:01:53] [166/445] CPLK
[05:01:53] [167/445] SATB
[05:01:55] [168/445] SNVG
[05:01:56] [169/445] JMBA
[05:01:58] [170/445] TEJA
[05:01:59] 🔄 Identity reset
[05:01:59] 🔄 Identity rotated (every 10 requests)
[05:01:59] [171/445] STYO
[05:02:00] [172/445] JTBP
[05:02:01] [173/445] KRGD
[05:02:02] [174/445] SLJJ
[05:02:03] [175/445] SPTJ
[05:02:03] [176/445] SWJG
[05:02:04] [177/445] LKRT
[05:02:05] [178/445] KCKA
[05:02:06] [179/445] SNCR
[05:02:07] [180/445] SMKL
[05:02:08] 🔄 Identity reset
[05:02:08] 🔄 Identity rotated (every 10 requests)
[05:02:08] [181/445] GCFA
[05:02:09] [182/445] DDCK
[05:02:10] [183/445] NCHJ
[05:02:11] [184/445] RDMA
[05:02:12] [185/445] SVSV
[05:02:13] [186/445] SCJG
[05:02:14] [187/445] VKLP
[05:02:15] [188/445] NWCC
[05:02:16] [189/445] VKNS
[05:02:17] [190/445] SDDP
[05:02:17] 🔄 Identity reset
[05:02:17] 🔄 Identity rotated (every 10 requests)
[05:02:18] [191/445] ACSI
[05:02:19] [192/445] SATG
[05:02:20] [193/445] SCMW
[05:02:21] [194/445] LKTK
[05:02:22] [195/445] VCKV
[05:02:23] [196/445] KKPE
[05:02:24] [197/445] KIGH
[05:02:25] [198/445] SRPM
[05:02:26] [199/445] SCAH
[05:02:26] [200/445] MUTA
[05:02:27] 🔄 Identity reset
[05:02:27] 🔄 Identity rotated (every 10 requests)
[05:02:28] [201/445] SEPU
[05:02:29] [202/445] INOA
[05:02:29] [203/445] BASK
[05:02:31] [204/445] NECB
[05:02:32] [205/445] GTTG
[05:02:33] [206/445] ASSA
[05:02:33] [207/445] ANCL
[05:02:34] [208/445] GCTI
[05:02:35] [209/445] RCTS
[05:02:37] [210/445] ACNL
[05:02:37] 🔄 Identity reset
[05:02:38] 🔄 Identity rotated (every 10 requests)
[05:02:38] [211/445] MYCT
[05:02:39] [212/445] NMHT
[05:02:40] [213/445] MDIT
[05:02:41] [214/445] LATG
[05:02:41] [215/445] SMTY
[05:02:43] [216/445] CVCT
[05:02:44] [217/445] RAMB
[05:02:46] [218/445] TGMS
[05:02:47] [219/445] BHEL
[05:02:48] [220/445] SHCT
[05:02:48] 🔄 Identity reset
[05:02:48] 🔄 Identity rotated (every 10 requests)
[05:02:49] [221/445] SVCT
[05:02:50] [222/445] MRIY
[05:02:51] [223/445] SARO
[05:02:51] [224/445] STCT
[05:02:52] [225/445] JKKC
[05:02:53] [226/445] PLTT
[05:02:54] [227/445] SRNT
[05:02:55] [228/445] YAST
[05:02:56] [229/445] PERL
[05:02:57] [230/445] CICM
[05:02:58] 🔄 Identity reset
[05:02:58] 🔄 Identity rotated (every 10 requests)
[05:02:59] [231/445] MMTR
[05:03:00] [232/445] ABTK
[05:03:01] [233/445] ATYY
[05:03:02] [234/445] ASTK
[05:03:03] [235/445] VVCK
[05:03:04] [236/445] ATKY
[05:03:05] [237/445] GWEK
[05:03:06] [238/445] SVFH
[05:03:07] [239/445] SLTA
[05:03:08] [240/445] AASH
[05:03:08] 🔄 Identity reset
[05:03:08] 🔄 Identity rotated (every 10 requests)
[05:03:09] [241/445] ACXB
[05:03:10] [242/445] SMTX
[05:03:11] [243/445] AZDH
[05:03:13] [244/445] CMMH
[05:03:14] [245/445] SCSZ
[05:03:15] [246/445] SCKP
[05:03:16] [247/445] NXTM
[05:03:17] [248/445] NWCS
[05:03:18] [249/445] CXMH
[05:03:18] [250/445] PCMA
[05:03:19] 🔄 Identity reset
[05:03:19] 🔄 Identity rotated (every 10 requests)
[05:03:20] [251/445] SGCM
[05:03:21] [252/445] SDTU
[05:03:21] [253/445] MMVI
[05:03:22] [254/445] JKCM
[05:03:23] [255/445] VCMM
[05:03:24] [256/445] SYEE
[05:03:25] [257/445] VASD
[05:03:26] [258/445] BDRB
[05:03:27] [259/445] LASM
[05:03:28] [260/445] DCRL
[05:03:28] 🔄 Identity reset
[05:03:28] 🔄 Identity rotated (every 10 requests)
[05:03:29] [261/445] DVPM
[05:03:30] [262/445] SBMJ
[05:03:30] [263/445] CBMU
[05:03:32] [264/445] IUBS
[05:03:33] [265/445] INAP
[05:03:34] [266/445] SRRC
[05:03:35] [267/445] SAGR
[05:03:37] [268/445] CPMJ
[05:03:38] [269/445] ATJL
[05:03:38] [270/445] NNTD
[05:03:39] 🔄 Identity reset
[05:03:39] 🔄 Identity rotated (every 10 requests)
[05:03:40] [271/445] JHCJ
[05:03:41] [272/445] CMMP
[05:03:42] [273/445] RSDR
[05:03:43] [274/445] AMTI
[05:03:44] [275/445] NYSG
[05:03:45] [276/445] AVSG
[05:03:46] [277/445] SYTP
[05:03:47] [278/445] LARC
[05:03:48] [279/445] RJTP
[05:03:49] [280/445] LAKC
[05:03:49] 🔄 Identity reset
[05:03:49] 🔄 Identity rotated (every 10 requests)
[05:03:50] [281/445] MCXE
[05:03:51] [282/445] CCZC
[05:03:52] [283/445] AVCH
[05:03:53] [284/445] CMBE
[05:03:54] [285/445] MRRC
[05:03:55] [286/445] PCPY
[05:03:56] [287/445] SRMH
[05:03:57] [288/445] SVGS
[05:03:58] [289/445] PCSE
[05:03:59] [290/445] SVFT
[05:03:59] 🔄 Identity reset
[05:03:59] 🔄 Identity rotated (every 10 requests)
[05:04:00] [291/445] TNZP
[05:04:01] [292/445] ICTP
[05:04:02] [293/445] ACTZ
[05:04:03] [294/445] GTUR
[05:04:04] [295/445] MAFC
[05:04:05] [296/445] MINL
[05:04:06] [297/445] MRCL
[05:04:07] [298/445] RCRP
[05:04:08] [299/445] RFFG
[05:04:09] [300/445] RMAS
[05:04:09] 🔄 Identity reset
[05:04:09] 🔄 Identity rotated (every 10 requests)
[05:04:10] [301/445] INVR
[05:04:11] [302/445] RMAR
[05:04:12] [303/445] CNIS
[05:04:13] [304/445] RHRJ
[05:04:14] [305/445] INXR
[05:04:14] [306/445] VALT
[05:04:15] [307/445] LCSH
[05:04:16] [308/445] CMVS
[05:04:17] [309/445] CNMS
[05:04:19] [310/445] ROOG
[05:04:19] 🔄 Identity reset
[05:04:19] 🔄 Identity rotated (every 10 requests)
[05:04:20] [311/445] ISRM
[05:04:21] [312/445] RCRM
[05:04:22] [313/445] ACJA
[05:04:23] [314/445] RCVS
[05:04:24] [315/445] CPUS
[05:04:24] [316/445] TGCS
[05:04:26] [317/445] RKCJ
[05:04:27] [318/445] MKSB
[05:04:29] [319/445] TCSJ
[05:04:30] [320/445] RMGP
[05:04:31] 🔄 Identity reset
[05:04:31] 🔄 Identity rotated (every 10 requests)
[05:04:31] [321/445] CLLP
[05:04:32] [322/445] RCMV
[05:04:33] [323/445] CCKS
[05:04:34] [324/445] RSRP
[05:04:35] [325/445] APLP
[05:04:36] [326/445] CNVS
[05:04:37] [327/445] RMVY
[05:04:38] [328/445] PGBD
[05:04:38] [329/445] KLMS
[05:04:39] [330/445] RUST
[05:04:40] 🔄 Identity reset
[05:04:40] 🔄 Identity rotated (every 10 requests)
[05:04:41] [331/445] MASM
[05:04:42] [332/445] BACS
[05:04:43] [333/445] BWST
[05:04:43] [334/445] RRFH
[05:04:45] [335/445] SJTM
[05:04:46] [336/445] BEMR
[05:04:47] [337/445] MCGR
[05:04:48] [338/445] SDSK
[05:04:49] [339/445] VBOL
[05:04:50] [340/445] RMGM
[05:04:51] 🔄 Identity reset
[05:04:51] 🔄 Identity rotated (every 10 requests)
[05:04:51] [341/445] NOPL
[05:04:52] [342/445] MKJK
[05:04:53] [343/445] CVRN
[05:04:54] [344/445] MMEN
[05:04:55] [345/445] AMNG
[05:04:56] [346/445] INTM
[05:04:56] [347/445] SLCZ
[05:04:57] [348/445] AMJN
[05:04:59] [349/445] ACJN
[05:04:59] [350/445] AMKN
[05:05:00] 🔄 Identity reset
[05:05:00] 🔄 Identity rotated (every 10 requests)
[05:05:00] [351/445] BTCN
[05:05:01] [352/445] AMBT
[05:05:02] [353/445] PACN
[05:05:03] [354/445] LCNS
[05:05:04] [355/445] PPKC
[05:05:05] [356/445] JYYN
[05:05:06] [357/445] JTNR
[05:05:07] [358/445] GTEE
[05:05:08] [359/445] SRNM
[05:05:09] [360/445] SDTC
[05:05:09] 🔄 Identity reset
[05:05:09] 🔄 Identity rotated (every 10 requests)
[05:05:10] [361/445] VPCA
[05:05:11] [362/445] VLRA
[05:05:12] [363/445] SHKR
[05:05:13] [364/445] SBKD
[05:05:14] [365/445] SAAD
[05:05:15] [366/445] JTGN
[05:05:17] [367/445] SLAM
[05:05:18] [368/445] VTPM
[05:05:18] [369/445] ANPT
[05:05:19] [370/445] PUNB
[05:05:20] 🔄 Identity reset
[05:05:20] 🔄 Identity rotated (every 10 requests)
[05:05:21] [371/445] CPKT
[05:05:22] [372/445] CNWE
[05:05:22] [373/445] ECPP
[05:05:23] [374/445] CPAR
[05:05:24] [375/445] ESBW
[05:05:25] [376/445] PKPU
[05:05:27] [377/445] CPRP
[05:05:28] [378/445] RAHU
[05:05:29] [379/445] RHMN
[05:05:30] [380/445] FMJP
[05:05:31] 🔄 Identity reset
[05:05:31] 🔄 Identity rotated (every 10 requests)
[05:05:31] [381/445] CTMP
[05:05:32] [382/445] INPN
[05:05:33] [383/445] STTG
[05:05:34] [384/445] CTRD
[05:05:35] [385/445] PUVB
[05:05:36] [386/445] ESVP
[05:05:37] [387/445] CPFT
[05:05:38] [388/445] LCPC
[05:05:39] [389/445] VBCT
[05:05:40] [390/445] FSCW
[05:05:41] 🔄 Identity reset
[05:05:41] 🔄 Identity rotated (every 10 requests)
[05:05:41] [391/445] VCMP
[05:05:42] [392/445] ASHC
[05:05:44] [393/445] VLCX
[05:05:45] [394/445] SHEV
[05:05:46] [395/445] APCO
[05:05:47] [396/445] SILC
[05:05:48] [397/445] SNMR
[05:05:49] [398/445] KYBO
[05:05:51] [399/445] SATK
[05:05:52] [400/445] SSCS
[05:05:53] 🔄 Identity reset
[05:05:53] 🔄 Identity rotated (every 10 requests)
[05:05:53] [401/445] CLSB
[05:05:54] [402/445] KMJR
[05:05:55] [403/445] FSCK
[05:05:56] [404/445] NNKA
[05:05:57] [405/445] CLMK
[05:05:58] [406/445] DMPZ
[05:05:59] [407/445] INQM
[05:06:00] [408/445] CAML
[05:06:01] [409/445] INRK
[05:06:02] [410/445] IMKN
[05:06:03] 🔄 Identity reset
[05:06:03] 🔄 Identity rotated (every 10 requests)
[05:06:03] [411/445] SVNR
[05:06:04] [412/445] INSL
[05:06:05] [413/445] MSMA
[05:06:06] [414/445] MCKK
[05:06:07] [415/445] FCHP
[05:06:08] [416/445] SFCR
[05:06:10] [417/445] NACK
[05:06:11] [418/445] PVAK
[05:06:12] [419/445] INER
[05:06:13] [420/445] RDBK
[05:06:13] 🔄 Identity reset
[05:06:13] 🔄 Identity rotated (every 10 requests)
[05:06:14] [421/445] SVFN
[05:06:15] [422/445] IFRM
[05:06:16] [423/445] ATCK
[05:06:16] [424/445] ASKO
[05:06:17] [425/445] STKT
[05:06:18] [426/445] SVFB
[05:06:19] [427/445] INKS
[05:06:20] [428/445] PCRA
[05:06:21] [429/445] ATJA
[05:06:22] [430/445] IMJN
[05:06:22] 🔄 Identity reset
[05:06:22] 🔄 Identity rotated (every 10 requests)
[05:06:23] [431/445] INHD
[05:06:24] [432/445] BARA
[05:06:26] [433/445] MCSL
[05:06:27] [434/445] RTOY
[05:06:28] [435/445] MENO
[05:06:29] [436/445] PUDM
[05:06:30] [437/445] PRCN
[05:06:31] [438/445] JMJR
[05:06:32] [439/445] SSGK
[05:06:33] [440/445] SSRL
[05:06:33] 🔄 Identity reset
[05:06:33] 🔄 Identity rotated (every 10 requests)
[05:06:34] [441/445] JYKL
[05:06:35] [442/445] ACNB
[05:06:36] [443/445] SONP
[05:06:37] [444/445] EMCI
[05:06:37] [445/445] MRJH
[05:06:38] 🧹 Deduping shows
[05:06:38] ✅ DONE | Shows=767 | Movies=52
[22:19:34] 🚀 SCRIPT STARTED (enhanced anti‑detection)
[22:19:34] [1/445] TGMR
[22:19:35] 🧠 New identity created
[22:19:35] [2/445] CXKR
[22:19:36] [3/445] SROP
[22:19:37] [4/445] GTSV
[22:19:38] [5/445] SNTY
[22:19:39] [6/445] SMYY
[22:19:40] [7/445] CNCS
[22:19:41] [8/445] CSTM
[22:19:42] [9/445] NUCD
[22:19:43] [10/445] SHCZ
[22:19:43] 🔄 Identity reset
[22:19:44] 🔄 Identity rotated (every 10 requests)
[22:19:44] [11/445] NJCT
[22:19:45] [12/445] COPC
[22:19:46] [13/445] STVV
[22:19:47] [14/445] SKRN
[22:19:49] [15/445] APPZ
[22:19:50] [16/445] YMGN
[22:19:52] [17/445] SVTU
[22:19:53] [18/445] GTAD
[22:19:54] [19/445] PSUS
[22:19:55] [20/445] SMCD
[22:19:56] 🔄 Identity reset
[22:19:56] 🔄 Identity rotated (every 10 requests)
[22:19:56] [21/445] CMCM
[22:19:57] [22/445] SYCT
[22:19:58] [23/445] STLY
[22:19:59] [24/445] CMHU
[22:20:01] [25/445] CMSA
[22:20:03] [26/445] CLCU
[22:20:04] [27/445] PPNT
[22:20:05] [28/445] JTAB
[22:20:06] [29/445] BUUC
[22:20:07] [30/445] BSVK
[22:20:08] 🔄 Identity reset
[22:20:08] 🔄 Identity rotated (every 10 requests)
[22:20:09] [31/445] VVVQ
[22:20:10] [32/445] TKMU
[22:20:11] [33/445] ESYL
[22:20:12] [34/445] ACHP
[22:20:13] [35/445] BTKD
[22:20:14] [36/445] DESA
[22:20:15] [37/445] GBCT
[22:20:16] [38/445] BLLD
[22:20:17] [39/445] SKNT
[22:20:19] [40/445] SSTE
[22:20:20] 🔄 Identity reset
[22:20:20] 🔄 Identity rotated (every 10 requests)
[22:20:20] [41/445] VJMR
[22:20:21] [42/445] NTPU
[22:20:22] [43/445] RDKN
[22:20:23] [44/445] ADGC
[22:20:24] [45/445] VRBP
[22:20:25] [46/445] NMNA
[22:20:26] [47/445] CMMX
[22:20:28] [48/445] PTKO
[22:20:29] [49/445] RBML
[22:20:30] [50/445] SAIC
[22:20:30] 🔄 Identity reset
[22:20:30] 🔄 Identity rotated (every 10 requests)
[22:20:31] [51/445] SVTJ
[22:20:32] [52/445] MRTE
[22:20:33] [53/445] RBTP
[22:20:34] [54/445] NLPS
[22:20:35] [55/445] GTNA
[22:20:36] [56/445] DGGC
[22:20:37] [57/445] SMCR
[22:20:38] [58/445] SCGD
[22:20:39] [59/445] SRRJ
[22:20:40] [60/445] CNRY
[22:20:40] 🔄 Identity reset
[22:20:40] 🔄 Identity rotated (every 10 requests)
[22:20:41] [61/445] KTDI
[22:20:43] [62/445] SNJL
[22:20:44] [63/445] RKMD
[22:20:45] [64/445] SMDC
[22:20:46] [65/445] TADG
[22:20:46] [66/445] MCGS
[22:20:47] [67/445] PETK
[22:20:48] [68/445] CHAG
[22:20:49] [69/445] KSTL
[22:20:50] [70/445] AADS
[22:20:50] 🔄 Identity reset
[22:20:50] 🔄 Identity rotated (every 10 requests)
[22:20:51] [71/445] NTHZ
[22:20:52] [72/445] HCKI
[22:20:54] [73/445] SSEF
[22:20:55] [74/445] MCGX
[22:20:56] [75/445] ERRA
[22:20:57] [76/445] SDTW
[22:20:58] [77/445] RMPK
[22:20:59] [78/445] PTHK
[22:21:00] [79/445] PXCS
[22:21:02] [80/445] SVLU
[22:21:02] 🔄 Identity reset
[22:21:02] 🔄 Identity rotated (every 10 requests)
[22:21:03] [81/445] STAH
[22:21:04] [82/445] JRGF
[22:21:05] [83/445] CDOK
[22:21:06] [84/445] CMSG
[22:21:07] [85/445] APTD
[22:21:09] [86/445] KMPG
[22:21:09] [87/445] MUTJ
[22:21:10] [88/445] VCCI
[22:21:11] [89/445] URBE
[22:21:12] [90/445] TCTS
[22:21:13] 🔄 Identity reset
[22:21:13] 🔄 Identity rotated (every 10 requests)
[22:21:13] [91/445] STSN
[22:21:14] [92/445] AKCH
[22:21:15] [93/445] APSC
[22:21:17] [94/445] VLTB
[22:21:18] [95/445] SANU
[22:21:19] [96/445] AXAM
[22:21:20] [97/445] MGMG
[22:21:21] [98/445] HTBY
[22:21:22] [99/445] MMZS
[22:21:23] [100/445] SUDR
[22:21:23] 🔄 Identity reset
[22:21:23] 🔄 Identity rotated (every 10 requests)
[22:21:24] [101/445] CCAD
[22:21:25] [102/445] SKKC
[22:21:26] [103/445] RMCD
[22:21:27] [104/445] SBCQ
[22:21:28] [105/445] DCCT
[22:21:29] [106/445] VTKP
[22:21:30] [107/445] MLAM
[22:21:32] [108/445] SAVT
[22:21:33] [109/445] GEPL
[22:21:33] [110/445] AMCD
[22:21:34] 🔄 Identity reset
[22:21:34] 🔄 Identity rotated (every 10 requests)
[22:21:34] [111/445] CCXR
[22:21:36] [112/445] GRNG
[22:21:38] [113/445] EBCA
[22:21:39] [114/445] CNVG
[22:21:40] [115/445] MWSS
[22:21:41] [116/445] VBOR
[22:21:42] [117/445] NEEB
[22:21:43] [118/445] SUTH
[22:21:44] [119/445] ANDB
[22:21:44] [120/445] MMXS
[22:21:45] 🔄 Identity reset
[22:21:45] 🔄 Identity rotated (every 10 requests)
[22:21:45] [121/445] CNPD
[22:21:46] [122/445] SDCE
[22:21:47] [123/445] DHCB
[22:21:48] [124/445] ODEN
[22:21:49] [125/445] TNTC
[22:21:50] [126/445] VBKM
[22:21:51] [127/445] RZYM
[22:21:52] [128/445] JEMC
[22:21:53] [129/445] CMAU
[22:21:54] [130/445] SIVP
[22:21:55] 🔄 Identity reset
[22:21:55] 🔄 Identity rotated (every 10 requests)
[22:21:55] [131/445] ATAG
[22:21:57] [132/445] CHTM
[22:21:58] [133/445] AAEE
[22:22:00] [134/445] IWPM
[22:22:01] [135/445] KCMW
[22:22:02] [136/445] MCTD
[22:22:04] [137/445] SPWR
[22:22:05] [138/445] SDPO
[22:22:06] [139/445] PCSK
[22:22:07] [140/445] ACHV
[22:22:07] 🔄 Identity reset
[22:22:07] 🔄 Identity rotated (every 10 requests)
[22:22:08] [141/445] SVLA
[22:22:09] [142/445] PICT
[22:22:10] [143/445] BXDR
[22:22:11] [144/445] SPWA
[22:22:12] [145/445] MCKO
[22:22:13] [146/445] RTHK
[22:22:14] [147/445] CCMF
[22:22:15] [148/445] MRGB
[22:22:16] [149/445] CPLC
[22:22:17] [150/445] RACD
[22:22:17] 🔄 Identity reset
[22:22:17] 🔄 Identity rotated (every 10 requests)
[22:22:18] [151/445] ATKT
[22:22:19] [152/445] SARN
[22:22:20] [153/445] KKUI
[22:22:21] [154/445] RGCM
[22:22:22] [155/445] BRVP
[22:22:23] [156/445] HRSR
[22:22:25] [157/445] GKGM
[22:22:26] [158/445] TTCD
[22:22:27] [159/445] PTTI
[22:22:35] [160/445] MPTT
[22:22:35] 🔄 Identity reset
[22:22:35] 🔄 Identity rotated (every 10 requests)
[22:22:36] [161/445] CVTT
[22:22:37] [162/445] PCXD
[22:22:38] [163/445] GCDC
[22:22:39] [164/445] CCCF
[22:22:40] [165/445] MRAD
[22:22:41] [166/445] CPLK
[22:22:42] [167/445] SATB
[22:22:43] [168/445] SNVG
[22:22:44] [169/445] JMBA
[22:22:46] [170/445] TEJA
[22:22:46] 🔄 Identity reset
[22:22:46] 🔄 Identity rotated (every 10 requests)
[22:22:47] [171/445] STYO
[22:22:48] [172/445] JTBP
[22:22:49] [173/445] KRGD
[22:22:50] [174/445] SLJJ
[22:22:51] [175/445] SPTJ
[22:22:52] [176/445] SWJG
[22:22:54] [177/445] LKRT
[22:22:56] [178/445] KCKA
[22:22:57] [179/445] SNCR
[22:22:58] [180/445] SMKL
[22:22:58] 🔄 Identity reset
[22:22:58] 🔄 Identity rotated (every 10 requests)
[22:22:59] [181/445] GCFA
[22:23:00] [182/445] DDCK
[22:23:01] [183/445] NCHJ
[22:23:02] [184/445] RDMA
[22:23:03] [185/445] SVSV
[22:23:04] [186/445] SCJG
[22:23:05] [187/445] VKLP
[22:23:06] [188/445] NWCC
[22:23:07] [189/445] VKNS
[22:23:08] [190/445] SDDP
[22:23:08] 🔄 Identity reset
[22:23:08] 🔄 Identity rotated (every 10 requests)
[22:23:09] [191/445] ACSI
[22:23:10] [192/445] SATG
[22:23:11] [193/445] SCMW
[22:23:12] [194/445] LKTK
[22:23:13] [195/445] VCKV
[22:23:14] [196/445] KKPE
[22:23:15] [197/445] KIGH
[22:23:16] [198/445] SRPM
[22:23:17] [199/445] SCAH
[22:23:18] [200/445] MUTA
[22:23:18] 🔄 Identity reset
[22:23:18] 🔄 Identity rotated (every 10 requests)
[22:23:18] [201/445] SEPU
[22:23:19] [202/445] INOA
[22:23:20] [203/445] BASK
[22:23:21] [204/445] NECB
[22:23:22] [205/445] GTTG
[22:23:23] [206/445] ASSA
[22:23:24] [207/445] ANCL
[22:23:25] [208/445] GCTI
[22:23:26] [209/445] RCTS
[22:23:27] [210/445] ACNL
[22:23:27] 🔄 Identity reset
[22:23:27] 🔄 Identity rotated (every 10 requests)
[22:23:28] [211/445] MYCT
[22:23:29] [212/445] NMHT
[22:23:30] [213/445] MDIT
[22:23:31] [214/445] LATG
[22:23:32] [215/445] SMTY
[22:23:33] [216/445] CVCT
[22:23:34] [217/445] RAMB
[22:23:35] [218/445] TGMS
[22:23:35] [219/445] BHEL
[22:23:36] [220/445] SHCT
[22:23:37] 🔄 Identity reset
[22:23:37] 🔄 Identity rotated (every 10 requests)
[22:23:37] [221/445] SVCT
[22:23:38] [222/445] MRIY
[22:23:39] [223/445] SARO
[22:23:41] [224/445] STCT
[22:23:42] [225/445] JKKC
[22:23:43] [226/445] PLTT
[22:23:44] [227/445] SRNT
[22:23:44] [228/445] YAST
[22:23:46] [229/445] PERL
[22:23:47] [230/445] CICM
[22:23:48] 🔄 Identity reset
[22:23:48] 🔄 Identity rotated (every 10 requests)
[22:23:48] 🔄 Retry 1/5 for CICM in 2.6s
[22:23:48] 🔄 Identity reset
[22:23:50] 🧠 New identity created
[22:23:51] [231/445] MMTR
[22:23:52] [232/445] ABTK
[22:23:53] [233/445] ATYY
[22:23:54] [234/445] ASTK
[22:23:55] [235/445] VVCK
[22:23:56] [236/445] ATKY
[22:23:57] [237/445] GWEK
[22:23:58] [238/445] SVFH
[22:23:59] [239/445] SLTA
[22:23:59] 🔄 Identity reset
[22:23:59] 🔄 Identity rotated (every 10 requests)
[22:24:00] [240/445] AASH
[22:24:01] [241/445] ACXB
[22:24:03] [242/445] SMTX
[22:24:04] [243/445] AZDH
[22:24:05] [244/445] CMMH
[22:24:06] [245/445] SCSZ
[22:24:07] [246/445] SCKP
[22:24:08] [247/445] NXTM
[22:24:09] [248/445] NWCS
[22:24:10] [249/445] CXMH
[22:24:11] 🔄 Identity reset
[22:24:11] 🔄 Identity rotated (every 10 requests)
[22:24:12] [250/445] PCMA
[22:24:13] [251/445] SGCM
[22:24:14] [252/445] SDTU
[22:24:15] [253/445] MMVI
[22:24:16] [254/445] JKCM
[22:24:17] [255/445] VCMM
[22:24:18] [256/445] SYEE
[22:24:19] [257/445] VASD
[22:24:20] [258/445] BDRB
[22:24:21] [259/445] LASM
[22:24:21] 🔄 Identity reset
[22:24:21] 🔄 Identity rotated (every 10 requests)
[22:24:22] [260/445] DCRL
[22:24:24] [261/445] DVPM
[22:24:24] [262/445] SBMJ
[22:24:26] [263/445] CBMU
[22:24:26] [264/445] IUBS
[22:24:27] [265/445] INAP
[22:24:29] [266/445] SRRC
[22:24:29] [267/445] SAGR
[22:24:31] [268/445] CPMJ
[22:24:32] [269/445] ATJL
[22:24:32] 🔄 Identity reset
[22:24:32] 🔄 Identity rotated (every 10 requests)
[22:24:33] [270/445] NNTD
[22:24:33] [271/445] JHCJ
[22:24:36] [272/445] CMMP
[22:24:37] [273/445] RSDR
[22:24:39] [274/445] AMTI
[22:24:40] [275/445] NYSG
[22:24:40] [276/445] AVSG
[22:24:42] [277/445] SYTP
[22:24:43] [278/445] LARC
[22:24:44] [279/445] RJTP
[22:24:45] 🔄 Identity reset
[22:24:45] 🔄 Identity rotated (every 10 requests)
[22:24:45] [280/445] LAKC
[22:24:46] [281/445] MCXE
[22:24:48] [282/445] CCZC
[22:24:49] [283/445] AVCH
[22:24:49] [284/445] CMBE
[22:24:50] [285/445] MRRC
[22:24:52] [286/445] PCPY
[22:24:53] [287/445] SRMH
[22:24:54] [288/445] SVGS
[22:24:55] [289/445] PCSE
[22:24:55] 🔄 Identity reset
[22:24:55] 🔄 Identity rotated (every 10 requests)
[22:24:56] [290/445] SVFT
[22:24:56] [291/445] TNZP
[22:24:57] [292/445] ICTP
[22:24:59] [293/445] ACTZ
[22:25:01] [294/445] GTUR
[22:25:02] [295/445] MAFC
[22:25:03] [296/445] MINL
[22:25:04] [297/445] MRCL
[22:25:05] [298/445] RCRP
[22:25:06] [299/445] RFFG
[22:25:07] 🔄 Identity reset
[22:25:07] 🔄 Identity rotated (every 10 requests)
[22:25:07] [300/445] RMAS
[22:25:08] [301/445] INVR
[22:25:09] [302/445] RMAR
[22:25:10] [303/445] CNIS
[22:25:11] [304/445] RHRJ
[22:25:12] [305/445] INXR
[22:25:12] [306/445] VALT
[22:25:13] [307/445] LCSH
[22:25:14] [308/445] CMVS
[22:25:15] [309/445] CNMS
[22:25:16] 🔄 Identity reset
[22:25:16] 🔄 Identity rotated (every 10 requests)
[22:25:16] [310/445] ROOG
[22:25:18] [311/445] ISRM
[22:25:19] [312/445] RCRM
[22:25:20] [313/445] ACJA
[22:25:21] [314/445] RCVS
[22:25:22] [315/445] CPUS
[22:25:23] [316/445] TGCS
[22:25:25] [317/445] RKCJ
[22:25:26] [318/445] MKSB
[22:25:27] [319/445] TCSJ
[22:25:27] 🔄 Identity reset
[22:25:27] 🔄 Identity rotated (every 10 requests)
[22:25:28] [320/445] RMGP
[22:25:29] [321/445] CLLP
[22:25:30] [322/445] RCMV
[22:25:30] [323/445] CCKS
[22:25:32] [324/445] RSRP
[22:25:33] [325/445] APLP
[22:25:35] [326/445] CNVS
[22:25:35] [327/445] RMVY
[22:25:36] [328/445] PGBD
[22:25:37] [329/445] KLMS
[22:25:38] 🔄 Identity reset
[22:25:38] 🔄 Identity rotated (every 10 requests)
[22:25:38] [330/445] RUST
[22:25:39] [331/445] MASM
[22:25:40] [332/445] BACS
[22:25:41] [333/445] BWST
[22:25:42] [334/445] RRFH
[22:25:43] [335/445] SJTM
[22:25:44] [336/445] BEMR
[22:25:44] [337/445] MCGR
[22:25:46] [338/445] SDSK
[22:25:47] [339/445] VBOL
[22:25:48] 🔄 Identity reset
[22:25:48] 🔄 Identity rotated (every 10 requests)
[22:25:48] [340/445] RMGM
[22:25:49] [341/445] NOPL
[22:25:50] [342/445] MKJK
[22:25:51] [343/445] CVRN
[22:25:52] [344/445] MMEN
[22:25:53] [345/445] AMNG
[22:25:54] [346/445] INTM
[22:25:56] [347/445] SLCZ
[22:25:57] [348/445] AMJN
[22:25:58] [349/445] ACJN
[22:25:59] 🔄 Identity reset
[22:25:59] 🔄 Identity rotated (every 10 requests)
[22:25:59] [350/445] AMKN
[22:26:01] [351/445] BTCN
[22:26:02] [352/445] AMBT
[22:26:03] [353/445] PACN
[22:26:03] [354/445] LCNS
[22:26:04] [355/445] PPKC
[22:26:05] [356/445] JYYN
[22:26:06] [357/445] JTNR
[22:26:07] [358/445] GTEE
[22:26:08] [359/445] SRNM
[22:26:09] 🔄 Identity reset
[22:26:09] 🔄 Identity rotated (every 10 requests)
[22:26:09] [360/445] SDTC
[22:26:10] [361/445] VPCA
[22:26:11] [362/445] VLRA
[22:26:12] [363/445] SHKR
[22:26:13] [364/445] SBKD
[22:26:14] [365/445] SAAD
[22:26:15] [366/445] JTGN
[22:26:16] [367/445] SLAM
[22:26:17] [368/445] VTPM
[22:26:19] [369/445] ANPT
[22:26:19] 🔄 Identity reset
[22:26:19] 🔄 Identity rotated (every 10 requests)
[22:26:20] [370/445] PUNB
[22:26:21] [371/445] CPKT
[22:26:23] [372/445] CNWE
[22:26:24] [373/445] ECPP
[22:26:25] [374/445] CPAR
[22:26:26] [375/445] ESBW
[22:26:27] [376/445] PKPU
[22:26:29] [377/445] CPRP
[22:26:30] [378/445] RAHU
[22:26:31] [379/445] RHMN
[22:26:32] 🔄 Identity reset
[22:26:32] 🔄 Identity rotated (every 10 requests)
[22:26:33] [380/445] FMJP
[22:26:34] [381/445] CTMP
[22:26:35] [382/445] INPN
[22:26:36] [383/445] STTG
[22:26:38] [384/445] CTRD
[22:26:39] [385/445] PUVB
[22:26:40] [386/445] ESVP
[22:26:41] [387/445] CPFT
[22:26:42] [388/445] LCPC
[22:26:43] [389/445] VBCT
[22:26:44] 🔄 Identity reset
[22:26:44] 🔄 Identity rotated (every 10 requests)
[22:26:44] [390/445] FSCW
[22:26:45] [391/445] VCMP
[22:26:46] [392/445] ASHC
[22:26:47] [393/445] VLCX
[22:26:48] [394/445] SHEV
[22:26:48] [395/445] APCO
[22:26:50] [396/445] SILC
[22:26:52] [397/445] SNMR
[22:26:53] [398/445] KYBO
[22:26:54] [399/445] SATK
[22:26:55] 🔄 Identity reset
[22:26:55] 🔄 Identity rotated (every 10 requests)
[22:26:55] [400/445] SSCS
[22:26:56] [401/445] CLSB
[22:26:57] [402/445] KMJR
[22:26:58] [403/445] FSCK
[22:26:59] [404/445] NNKA
[22:27:00] [405/445] CLMK
[22:27:01] [406/445] DMPZ
[22:27:02] [407/445] INQM
[22:27:03] [408/445] CAML
[22:27:04] [409/445] INRK
[22:27:04] 🔄 Identity reset
[22:27:05] 🔄 Identity rotated (every 10 requests)
[22:27:05] [410/445] IMKN
[22:27:06] [411/445] SVNR
[22:27:07] [412/445] INSL
[22:27:08] [413/445] MSMA
[22:27:10] [414/445] MCKK
[22:27:10] [415/445] FCHP
[22:27:11] [416/445] SFCR
[22:27:12] [417/445] NACK
[22:27:13] [418/445] PVAK
[22:27:14] [419/445] INER
[22:27:15] 🔄 Identity reset
[22:27:15] 🔄 Identity rotated (every 10 requests)
[22:27:15] [420/445] RDBK
[22:27:16] [421/445] SVFN
[22:27:17] [422/445] IFRM
[22:27:18] [423/445] ATCK
[22:27:19] [424/445] ASKO
[22:27:20] [425/445] STKT
[22:27:21] [426/445] SVFB
[22:27:22] [427/445] INKS
[22:27:23] [428/445] PCRA
[22:27:24] [429/445] ATJA
[22:27:25] 🔄 Identity reset
[22:27:25] 🔄 Identity rotated (every 10 requests)
[22:27:25] [430/445] IMJN
[22:27:27] [431/445] INHD
[22:27:27] [432/445] BARA
[22:27:28] [433/445] MCSL
[22:27:29] [434/445] RTOY
[22:27:30] [435/445] MENO
[22:27:31] [436/445] PUDM
[22:27:32] [437/445] PRCN
[22:27:34] [438/445] JMJR
[22:27:34] [439/445] SSGK
[22:27:35] 🔄 Identity reset
[22:27:35] 🔄 Identity rotated (every 10 requests)
[22:27:35] [440/445] SSRL
[22:27:36] [441/445] JYKL
[22:27:37] [442/445] ACNB
[22:27:38] [443/445] SONP
[22:27:39] [444/445] EMCI
[22:27:40] [445/445] MRJH
[22:27:41] 🧹 Deduping shows
[22:27:41] ✅ DONE | Shows=1546 | Movies=63
[06:25:45] 🚀 SCRIPT STARTED (enhanced anti‑detection)
[06:25:45] [1/445] TGMR
[06:25:46] 🧠 New identity created
[06:25:47] [2/445] CXKR
[06:25:48] [3/445] SROP
[06:25:49] [4/445] GTSV
[06:25:50] [5/445] SNTY
[06:25:52] [6/445] SMYY
[06:25:53] [7/445] CNCS
[06:25:54] [8/445] CSTM
[06:25:54] [9/445] NUCD
[06:25:55] [10/445] SHCZ
[06:25:56] 🔄 Identity reset
[06:25:56] 🔄 Identity rotated (every 10 requests)
[06:25:56] [11/445] NJCT
[06:25:57] [12/445] COPC
[06:25:58] [13/445] STVV
[06:25:59] [14/445] SKRN
[06:26:00] [15/445] APPZ
[06:26:01] [16/445] YMGN
[06:26:02] [17/445] SVTU
[06:26:03] [18/445] GTAD
[06:26:05] [19/445] PSUS
[06:26:05] [20/445] SMCD
[06:26:06] 🔄 Identity reset
[06:26:06] 🔄 Identity rotated (every 10 requests)
[06:26:07] [21/445] CMCM
[06:26:07] [22/445] SYCT
[06:26:08] [23/445] STLY
[06:26:09] [24/445] CMHU
[06:26:10] [25/445] CMSA
[06:26:11] [26/445] CLCU
[06:26:12] [27/445] PPNT
[06:26:13] [28/445] JTAB
[06:26:14] [29/445] BUUC
[06:26:15] [30/445] BSVK
[06:26:16] 🔄 Identity reset
[06:26:16] 🔄 Identity rotated (every 10 requests)
[06:26:16] [31/445] VVVQ
[06:26:17] [32/445] TKMU
[06:26:18] [33/445] ESYL
[06:26:19] [34/445] ACHP
[06:26:21] [35/445] BTKD
[06:26:21] [36/445] DESA
[06:26:22] [37/445] GBCT
[06:26:23] [38/445] BLLD
[06:26:24] [39/445] SKNT
[06:26:26] [40/445] SSTE
[06:26:26] 🔄 Identity reset
[06:26:26] 🔄 Identity rotated (every 10 requests)
[06:26:27] [41/445] VJMR
[06:26:28] [42/445] NTPU
[06:26:29] [43/445] RDKN
[06:26:30] [44/445] ADGC
[06:26:31] [45/445] VRBP
[06:26:33] [46/445] NMNA
[06:26:34] [47/445] CMMX
[06:26:35] [48/445] PTKO
[06:26:36] [49/445] RBML
[06:26:37] [50/445] SAIC
[06:26:37] 🔄 Identity reset
[06:26:37] 🔄 Identity rotated (every 10 requests)
[06:26:37] [51/445] SVTJ
[06:26:38] [52/445] MRTE
[06:26:39] [53/445] RBTP
[06:26:40] [54/445] NLPS
[06:26:41] [55/445] GTNA
[06:26:42] [56/445] DGGC
[06:26:43] [57/445] SMCR
[06:26:44] [58/445] SCGD
[06:26:44] [59/445] SRRJ
[06:26:45] [60/445] CNRY
[06:26:45] 🔄 Identity reset
[06:26:45] 🔄 Identity rotated (every 10 requests)
[06:26:46] [61/445] KTDI
[06:26:47] [62/445] SNJL
[06:26:48] [63/445] RKMD
[06:26:48] [64/445] SMDC
[06:26:50] [65/445] TADG
[06:26:51] [66/445] MCGS
[06:26:52] [67/445] PETK
[06:26:53] [68/445] CHAG
[06:26:54] [69/445] KSTL
[06:26:56] [70/445] AADS
[06:26:56] 🔄 Identity reset
[06:26:56] 🔄 Identity rotated (every 10 requests)
[06:26:57] [71/445] NTHZ
[06:26:58] [72/445] HCKI
[06:26:59] [73/445] SSEF
[06:27:00] [74/445] MCGX
[06:27:02] [75/445] ERRA
[06:27:02] [76/445] SDTW
[06:27:04] [77/445] RMPK
[06:27:05] [78/445] PTHK
[06:27:06] [79/445] PXCS
[06:27:07] [80/445] SVLU
[06:27:07] 🔄 Identity reset
[06:27:07] 🔄 Identity rotated (every 10 requests)
[06:27:08] [81/445] STAH
[06:27:09] [82/445] JRGF
[06:27:10] [83/445] CDOK
[06:27:10] [84/445] CMSG
[06:27:12] [85/445] APTD
[06:27:13] [86/445] KMPG
[06:27:14] [87/445] MUTJ
[06:27:15] [88/445] VCCI
[06:27:15] [89/445] URBE
[06:27:16] [90/445] TCTS
[06:27:17] 🔄 Identity reset
[06:27:17] 🔄 Identity rotated (every 10 requests)
[06:27:17] [91/445] STSN
[06:27:19] [92/445] AKCH
[06:27:20] [93/445] APSC
[06:27:21] [94/445] VLTB
[06:27:22] [95/445] SANU
[06:27:23] [96/445] AXAM
[06:27:24] [97/445] MGMG
[06:27:25] [98/445] HTBY
[06:27:26] [99/445] MMZS
[06:27:27] [100/445] SUDR
[06:27:27] 🔄 Identity reset
[06:27:27] 🔄 Identity rotated (every 10 requests)
[06:27:28] [101/445] CCAD
[06:27:29] [102/445] SKKC
[06:27:30] [103/445] RMCD
[06:27:30] [104/445] SBCQ
[06:27:32] [105/445] DCCT
[06:27:34] [106/445] VTKP
[06:27:36] [107/445] MLAM
[06:27:37] [108/445] SAVT
[06:27:37] [109/445] GEPL
[06:27:38] [110/445] AMCD
[06:27:39] 🔄 Identity reset
[06:27:39] 🔄 Identity rotated (every 10 requests)
[06:27:39] [111/445] CCXR
[06:27:40] [112/445] GRNG
[06:27:40] [113/445] EBCA
[06:27:41] [114/445] CNVG
[06:27:42] [115/445] MWSS
[06:27:43] [116/445] VBOR
[06:27:44] [117/445] NEEB
[06:27:45] [118/445] SUTH
[06:27:46] [119/445] ANDB
[06:27:47] [120/445] MMXS
[06:27:48] 🔄 Identity reset
[06:27:48] 🔄 Identity rotated (every 10 requests)
[06:27:48] [121/445] CNPD
[06:27:49] [122/445] SDCE
[06:27:50] [123/445] DHCB
[06:27:52] [124/445] ODEN
[06:27:53] [125/445] TNTC
[06:27:54] [126/445] VBKM
[06:27:55] [127/445] RZYM
[06:27:56] [128/445] JEMC
[06:27:57] [129/445] CMAU
[06:27:58] [130/445] SIVP
[06:27:59] 🔄 Identity reset
[06:27:59] 🔄 Identity rotated (every 10 requests)
[06:27:59] [131/445] ATAG
[06:28:00] [132/445] CHTM
[06:28:01] [133/445] AAEE
[06:28:02] [134/445] IWPM
[06:28:02] [135/445] KCMW
[06:28:04] [136/445] MCTD
[06:28:05] [137/445] SPWR
[06:28:06] [138/445] SDPO
[06:28:08] [139/445] PCSK
[06:28:09] [140/445] ACHV
[06:28:10] 🔄 Identity reset
[06:28:10] 🔄 Identity rotated (every 10 requests)
[06:28:10] [141/445] SVLA
[06:28:11] [142/445] PICT
[06:28:11] [143/445] BXDR
[06:28:13] [144/445] SPWA
[06:28:14] [145/445] MCKO
[06:28:15] [146/445] RTHK
[06:28:15] [147/445] CCMF
[06:28:17] [148/445] MRGB
[06:28:18] [149/445] CPLC
[06:28:18] [150/445] RACD
[06:28:19] 🔄 Identity reset
[06:28:19] 🔄 Identity rotated (every 10 requests)
[06:28:20] [151/445] ATKT
[06:28:21] [152/445] SARN
[06:28:22] [153/445] KKUI
[06:28:24] [154/445] RGCM
[06:28:25] [155/445] BRVP
[06:28:26] [156/445] HRSR
[06:28:27] [157/445] GKGM
[06:28:28] [158/445] TTCD
[06:28:29] [159/445] PTTI
[06:28:30] [160/445] MPTT
[06:28:31] 🔄 Identity reset
[06:28:31] 🔄 Identity rotated (every 10 requests)
[06:28:32] [161/445] CVTT
[06:28:32] [162/445] PCXD
[06:28:33] [163/445] GCDC
[06:28:34] [164/445] CCCF
[06:28:35] [165/445] MRAD
[06:28:35] [166/445] CPLK
[06:28:37] [167/445] SATB
[06:28:39] [168/445] SNVG
[06:28:39] [169/445] JMBA
[06:28:40] [170/445] TEJA
[06:28:41] 🔄 Identity reset
[06:28:41] 🔄 Identity rotated (every 10 requests)
[06:28:41] [171/445] STYO
[06:28:42] [172/445] JTBP
[06:28:43] [173/445] KRGD
[06:28:44] [174/445] SLJJ
[06:28:44] [175/445] SPTJ
[06:28:45] [176/445] SWJG
[06:28:46] [177/445] LKRT
[06:28:48] [178/445] KCKA
[06:28:49] [179/445] SNCR
[06:28:50] [180/445] SMKL
[06:28:51] 🔄 Identity reset
[06:28:51] 🔄 Identity rotated (every 10 requests)
[06:28:52] [181/445] GCFA
[06:28:53] [182/445] DDCK
[06:28:55] [183/445] NCHJ
[06:28:56] [184/445] RDMA
[06:28:57] [185/445] SVSV
[06:28:59] [186/445] SCJG
[06:29:00] [187/445] VKLP
[06:29:02] [188/445] NWCC
[06:29:02] [189/445] VKNS
[06:29:03] [190/445] SDDP
[06:29:04] 🔄 Identity reset
[06:29:04] 🔄 Identity rotated (every 10 requests)
[06:29:04] [191/445] ACSI
[06:29:05] [192/445] SATG
[06:29:06] [193/445] SCMW
[06:29:08] [194/445] LKTK
[06:29:08] [195/445] VCKV
[06:29:09] [196/445] KKPE
[06:29:10] [197/445] KIGH
[06:29:11] [198/445] SRPM
[06:29:12] [199/445] SCAH
[06:29:13] [200/445] MUTA
[06:29:14] 🔄 Identity reset
[06:29:14] 🔄 Identity rotated (every 10 requests)
[06:29:15] [201/445] SEPU
[06:29:16] [202/445] INOA
[06:29:17] [203/445] BASK
[06:29:18] [204/445] NECB
[06:29:19] [205/445] GTTG
[06:29:20] [206/445] ASSA
[06:29:21] [207/445] ANCL
[06:29:22] [208/445] GCTI
[06:29:23] [209/445] RCTS
[06:29:24] [210/445] ACNL
[06:29:25] 🔄 Identity reset
[06:29:25] 🔄 Identity rotated (every 10 requests)
[06:29:25] [211/445] MYCT
[06:29:27] [212/445] NMHT
[06:29:28] [213/445] MDIT
[06:29:29] [214/445] LATG
[06:29:30] [215/445] SMTY
[06:29:31] [216/445] CVCT
[06:29:32] [217/445] RAMB
[06:29:33] [218/445] TGMS
[06:29:34] [219/445] BHEL
[06:29:35] [220/445] SHCT
[06:29:36] 🔄 Identity reset
[06:29:36] 🔄 Identity rotated (every 10 requests)
[06:29:37] [221/445] SVCT
[06:29:38] [222/445] MRIY
[06:29:38] [223/445] SARO
[06:29:39] [224/445] STCT
[06:29:40] [225/445] JKKC
[06:29:41] [226/445] PLTT
[06:29:42] [227/445] SRNT
[06:29:42] [228/445] YAST
[06:29:43] [229/445] PERL
[06:29:44] [230/445] CICM
[06:29:45] 🔄 Identity reset
[06:29:45] 🔄 Identity rotated (every 10 requests)
[06:29:45] [231/445] MMTR
[06:29:46] [232/445] ABTK
[06:29:46] [233/445] ATYY
[06:29:47] [234/445] ASTK
[06:29:48] [235/445] VVCK
[06:29:49] [236/445] ATKY
[06:29:50] [237/445] GWEK
[06:29:51] [238/445] SVFH
[06:29:51] [239/445] SLTA
[06:29:52] [240/445] AASH
[06:29:53] 🔄 Identity reset
[06:29:53] 🔄 Identity rotated (every 10 requests)
[06:29:53] [241/445] ACXB
[06:29:55] [242/445] SMTX
[06:29:56] [243/445] AZDH
[06:29:57] [244/445] CMMH
[06:29:58] [245/445] SCSZ
[06:29:59] [246/445] SCKP
[06:30:00] [247/445] NXTM
[06:30:01] [248/445] NWCS
[06:30:02] [249/445] CXMH
[06:30:03] [250/445] PCMA
[06:30:03] 🔄 Identity reset
[06:30:03] 🔄 Identity rotated (every 10 requests)
[06:30:04] [251/445] SGCM
[06:30:05] [252/445] SDTU
[06:30:06] [253/445] MMVI
[06:30:07] [254/445] JKCM
[06:30:08] [255/445] VCMM
[06:30:09] [256/445] SYEE
[06:30:10] [257/445] VASD
[06:30:11] [258/445] BDRB
[06:30:12] [259/445] LASM
[06:30:13] [260/445] DCRL
[06:30:14] 🔄 Identity reset
[06:30:14] 🔄 Identity rotated (every 10 requests)
[06:30:14] [261/445] DVPM
[06:30:15] [262/445] SBMJ
[06:30:16] [263/445] CBMU
[06:30:17] [264/445] IUBS
[06:30:18] [265/445] INAP
[06:30:18] [266/445] SRRC
[06:30:19] [267/445] SAGR
[06:30:21] [268/445] CPMJ
[06:30:22] [269/445] ATJL
[06:30:23] [270/445] NNTD
[06:30:24] 🔄 Identity reset
[06:30:24] 🔄 Identity rotated (every 10 requests)
[06:30:24] [271/445] JHCJ
[06:30:25] [272/445] CMMP
[06:30:26] [273/445] RSDR
[06:30:27] [274/445] AMTI
[06:30:28] [275/445] NYSG
[06:30:29] [276/445] AVSG
[06:30:31] [277/445] SYTP
[06:30:32] [278/445] LARC
[06:30:33] [279/445] RJTP
[06:30:34] [280/445] LAKC
[06:30:34] 🔄 Identity reset
[06:30:34] 🔄 Identity rotated (every 10 requests)
[06:30:35] [281/445] MCXE
[06:30:36] [282/445] CCZC
[06:30:37] [283/445] AVCH
[06:30:38] [284/445] CMBE
[06:30:38] [285/445] MRRC
[06:30:39] [286/445] PCPY
[06:30:40] [287/445] SRMH
[06:30:41] [288/445] SVGS
[06:30:41] [289/445] PCSE
[06:30:42] [290/445] SVFT
[06:30:43] 🔄 Identity reset
[06:30:43] 🔄 Identity rotated (every 10 requests)
[06:30:43] [291/445] TNZP
[06:30:44] [292/445] ICTP
[06:30:46] [293/445] ACTZ
[06:30:47] [294/445] GTUR
[06:30:48] [295/445] MAFC
[06:30:49] [296/445] MINL
[06:30:51] [297/445] MRCL
[06:30:53] [298/445] RCRP
[06:30:53] [299/445] RFFG
[06:30:55] [300/445] RMAS
[06:30:56] 🔄 Identity reset
[06:30:56] 🔄 Identity rotated (every 10 requests)
[06:30:56] [301/445] INVR
[06:30:57] [302/445] RMAR
[06:30:58] [303/445] CNIS
[06:30:59] [304/445] RHRJ
[06:31:00] [305/445] INXR
[06:31:01] [306/445] VALT
[06:31:01] [307/445] LCSH
[06:31:02] [308/445] CMVS
[06:31:03] [309/445] CNMS
[06:31:04] [310/445] ROOG
[06:31:04] 🔄 Identity reset
[06:31:04] 🔄 Identity rotated (every 10 requests)
[06:31:05] [311/445] ISRM
[06:31:05] [312/445] RCRM
[06:31:06] [313/445] ACJA
[06:31:07] [314/445] RCVS
[06:31:08] [315/445] CPUS
[06:31:09] [316/445] TGCS
[06:31:09] [317/445] RKCJ
[06:31:10] [318/445] MKSB
[06:31:11] [319/445] TCSJ
[06:31:12] [320/445] RMGP
[06:31:13] 🔄 Identity reset
[06:31:13] 🔄 Identity rotated (every 10 requests)
[06:31:14] [321/445] CLLP
[06:31:14] [322/445] RCMV
[06:31:16] [323/445] CCKS
[06:31:17] [324/445] RSRP
[06:31:18] [325/445] APLP
[06:31:19] [326/445] CNVS
[06:31:20] [327/445] RMVY
[06:31:20] [328/445] PGBD
[06:31:21] [329/445] KLMS
[06:31:22] [330/445] RUST
[06:31:23] 🔄 Identity reset
[06:31:23] 🔄 Identity rotated (every 10 requests)
[06:31:23] [331/445] MASM
[06:31:25] [332/445] BACS
[06:31:26] [333/445] BWST
[06:31:27] [334/445] RRFH
[06:31:29] [335/445] SJTM
[06:31:30] [336/445] BEMR
[06:31:31] [337/445] MCGR
[06:31:33] [338/445] SDSK
[06:31:33] [339/445] VBOL
[06:31:34] [340/445] RMGM
[06:31:35] 🔄 Identity reset
[06:31:35] 🔄 Identity rotated (every 10 requests)
[06:31:35] [341/445] NOPL
[06:31:36] [342/445] MKJK
[06:31:37] [343/445] CVRN
[06:31:38] [344/445] MMEN
[06:31:39] [345/445] AMNG
[06:31:40] [346/445] INTM
[06:31:41] [347/445] SLCZ
[06:31:41] [348/445] AMJN
[06:31:43] [349/445] ACJN
[06:31:44] [350/445] AMKN
[06:31:44] 🔄 Identity reset
[06:31:44] 🔄 Identity rotated (every 10 requests)
[06:31:45] [351/445] BTCN
[06:31:45] [352/445] AMBT
[06:31:46] [353/445] PACN
[06:31:47] [354/445] LCNS
[06:31:48] [355/445] PPKC
[06:31:49] [356/445] JYYN
[06:31:50] [357/445] JTNR
[06:31:51] [358/445] GTEE
[06:31:51] [359/445] SRNM
[06:31:53] [360/445] SDTC
[06:31:53] 🔄 Identity reset
[06:31:53] 🔄 Identity rotated (every 10 requests)
[06:31:54] [361/445] VPCA
[06:31:55] [362/445] VLRA
[06:31:56] [363/445] SHKR
[06:31:57] [364/445] SBKD
[06:31:58] [365/445] SAAD
[06:31:59] [366/445] JTGN
[06:31:59] [367/445] SLAM
[06:32:00] [368/445] VTPM
[06:32:01] [369/445] ANPT
[06:32:02] [370/445] PUNB
[06:32:02] 🔄 Identity reset
[06:32:02] 🔄 Identity rotated (every 10 requests)
[06:32:02] [371/445] CPKT
[06:32:03] [372/445] CNWE
[06:32:04] [373/445] ECPP
[06:32:06] [374/445] CPAR
[06:32:07] [375/445] ESBW
[06:32:07] [376/445] PKPU
[06:32:08] [377/445] CPRP
[06:32:09] [378/445] RAHU
[06:32:11] [379/445] RHMN
[06:32:12] [380/445] FMJP
[06:32:12] 🔄 Identity reset
[06:32:12] 🔄 Identity rotated (every 10 requests)
[06:32:14] [381/445] CTMP
[06:32:15] [382/445] INPN
[06:32:15] [383/445] STTG
[06:32:16] [384/445] CTRD
[06:32:17] [385/445] PUVB
[06:32:18] [386/445] ESVP
[06:32:19] [387/445] CPFT
[06:32:20] [388/445] LCPC
[06:32:21] [389/445] VBCT
[06:32:22] [390/445] FSCW
[06:32:23] 🔄 Identity reset
[06:32:23] 🔄 Identity rotated (every 10 requests)
[06:32:23] [391/445] VCMP
[06:32:24] [392/445] ASHC
[06:32:25] [393/445] VLCX
[06:32:26] [394/445] SHEV
[06:32:26] [395/445] APCO
[06:32:27] [396/445] SILC
[06:32:28] [397/445] SNMR
[06:32:29] [398/445] KYBO
[06:32:30] [399/445] SATK
[06:32:31] [400/445] SSCS
[06:32:32] 🔄 Identity reset
[06:32:32] 🔄 Identity rotated (every 10 requests)
[06:32:32] [401/445] CLSB
[06:32:33] [402/445] KMJR
[06:32:34] [403/445] FSCK
[06:32:35] [404/445] NNKA
[06:32:36] [405/445] CLMK
[06:32:37] [406/445] DMPZ
[06:32:38] [407/445] INQM
[06:32:38] [408/445] CAML
[06:32:39] [409/445] INRK
[06:32:41] [410/445] IMKN
[06:32:42] 🔄 Identity reset
[06:32:42] 🔄 Identity rotated (every 10 requests)
[06:32:42] [411/445] SVNR
[06:32:43] [412/445] INSL
[06:32:44] [413/445] MSMA
[06:32:45] [414/445] MCKK
[06:32:46] [415/445] FCHP
[06:32:47] [416/445] SFCR
[06:32:48] [417/445] NACK
[06:32:49] [418/445] PVAK
[06:32:50] [419/445] INER
[06:32:51] [420/445] RDBK
[06:32:51] 🔄 Identity reset
[06:32:51] 🔄 Identity rotated (every 10 requests)
[06:32:52] [421/445] SVFN
[06:32:53] [422/445] IFRM
[06:32:54] [423/445] ATCK
[06:32:55] [424/445] ASKO
[06:32:55] [425/445] STKT
[06:32:56] [426/445] SVFB
[06:32:58] [427/445] INKS
[06:32:59] [428/445] PCRA
[06:33:00] [429/445] ATJA
[06:33:01] [430/445] IMJN
[06:33:01] 🔄 Identity reset
[06:33:01] 🔄 Identity rotated (every 10 requests)
[06:33:02] [431/445] INHD
[06:33:03] [432/445] BARA
[06:33:04] [433/445] MCSL
[06:33:05] [434/445] RTOY
[06:33:07] [435/445] MENO
[06:33:07] [436/445] PUDM
[06:33:08] [437/445] PRCN
[06:33:09] [438/445] JMJR
[06:33:10] [439/445] SSGK
[06:33:11] [440/445] SSRL
[06:33:11] 🔄 Identity reset
[06:33:12] 🔄 Identity rotated (every 10 requests)
[06:33:12] [441/445] JYKL
[06:33:12] [442/445] ACNB
[06:33:13] [443/445] SONP
[06:33:14] [444/445] EMCI
[06:33:16] [445/445] MRJH
[06:33:16] 🧹 Deduping shows
[06:33:16] ✅ DONE | Shows=1869 | Movies=69
