[10:08:25] 🚀 SCRIPT STARTED (enhanced anti‑detection)
[10:08:25] [1/456] FNDB
[10:08:25] 🧠 New identity created
[10:08:26] [2/456] AMBH
[10:08:27] [3/456] PRHN
[10:08:27] [4/456] ACPM
[10:08:29] [5/456] PVFS
[10:08:30] [6/456] AACN
[10:08:31] [7/456] ACAS
[10:08:32] [8/456] CTNR
[10:08:33] [9/456] MMAH
[10:08:34] [10/456] CPMH
[10:08:34] 🔄 Identity reset
[10:08:34] 🔄 Identity rotated (every 10 requests)
[10:08:35] [11/456] IGMH
[10:08:36] [12/456] ABCS
[10:08:37] [13/456] CMMA
[10:08:38] [14/456] GPRH
[10:08:38] [15/456] PNNG
[10:08:40] [16/456] AMCA
[10:08:41] [17/456] ISTN
[10:08:42] [18/456] PIIC
[10:08:43] [19/456] AHMH
[10:08:44] [20/456] ASHN
[10:08:44] 🔄 Identity reset
[10:08:44] 🔄 Identity rotated (every 10 requests)
[10:08:45] [21/456] INHY
[10:08:45] [22/456] SRMO
[10:08:46] [23/456] PIMH
[10:08:47] [24/456] PVTS
[10:08:49] [25/456] MMCA
[10:08:50] [26/456] AKYJ
[10:08:51] [27/456] BRKH
[10:08:52] [28/456] MAHM
[10:08:53] [29/456] CPHY
[10:08:54] [30/456] PVTP
[10:08:54] 🔄 Identity reset
[10:08:54] 🔄 Identity rotated (every 10 requests)
[10:08:55] [31/456] SMMR
[10:08:55] [32/456] PVHM
[10:08:56] [33/456] SNDY
[10:08:57] [34/456] GOKU
[10:08:58] [35/456] ACEV
[10:08:59] [36/456] PVUM
[10:09:00] [37/456] VSWA
[10:09:02] [38/456] IPRS
[10:09:02] [39/456] BKMV
[10:09:03] [40/456] PVYH
[10:09:04] 🔄 Identity reset
[10:09:04] 🔄 Identity rotated (every 10 requests)
[10:09:05] [41/456] INKM
[10:09:06] [42/456] ARJU
[10:09:07] [43/456] JJPP
[10:09:08] [44/456] SSRM
[10:09:09] [45/456] HMHD
[10:09:10] [46/456] SNKH
[10:09:11] [47/456] ACHI
[10:09:11] [48/456] MRAA
[10:09:12] [49/456] INMH
[10:09:13] [50/456] ARMH
[10:09:14] 🔄 Identity reset
[10:09:14] 🔄 Identity rotated (every 10 requests)
[10:09:14] [51/456] DVRR
[10:09:15] [52/456] SUDA
[10:09:15] [53/456] MCSS
[10:09:16] [54/456] VRKC
[10:09:17] [55/456] PRCX
[10:09:18] [56/456] ASJY
[10:09:19] [57/456] MTHY
[10:09:20] [58/456] SRCM
[10:09:21] [59/456] TVHY
[10:09:21] [60/456] STHD
[10:09:22] 🔄 Identity reset
[10:09:22] 🔄 Identity rotated (every 10 requests)
[10:09:23] [61/456] CPCL
[10:09:23] [62/456] PSMJ
[10:09:24] [63/456] MRGT
[10:09:25] [64/456] ARYH
[10:09:26] [65/456] VTRB
[10:09:27] [66/456] SCHC
[10:09:28] [67/456] MRRG
[10:09:28] [68/456] SPCB
[10:09:29] [69/456] AMCM
[10:09:30] [70/456] IVNM
[10:09:31] 🔄 Identity reset
[10:09:31] 🔄 Identity rotated (every 10 requests)
[10:09:31] [71/456] TRHY
[10:09:32] [72/456] PTTH
[10:09:33] [73/456] RKMH
[10:09:34] [74/456] PRCS
[10:09:35] [75/456] VAJA
[10:09:35] [76/456] BJNG
[10:09:36] [77/456] SCVM
[10:09:37] [78/456] GNHB
[10:09:39] [79/456] TLUR
[10:09:40] [80/456] UKCC
[10:09:40] 🔄 Identity reset
[10:09:40] 🔄 Identity rotated (every 10 requests)
[10:09:40] [81/456] SRKR
[10:09:41] [82/456] RMKN
[10:09:42] [83/456] SLRT
[10:09:43] [84/456] LKMT
[10:09:44] [85/456] SSRJ
[10:09:45] [86/456] SPHT
[10:09:45] [87/456] ANTT
[10:09:47] [88/456] SRCH
[10:09:47] [89/456] SRCA
[10:09:48] [90/456] ARTH
[10:09:49] 🔄 Identity reset
[10:09:49] 🔄 Identity rotated (every 10 requests)
[10:09:49] [91/456] MCBH
[10:09:50] [92/456] SNIB
[10:09:52] [93/456] SART
[10:09:52] [94/456] SKTA
[10:09:53] [95/456] YAKT
[10:09:54] [96/456] MLCK
[10:09:55] [97/456] ANTS
[10:09:56] [98/456] DGCA
[10:09:57] [99/456] SGMP
[10:09:57] [100/456] ASWN
[10:09:58] 🔄 Identity reset
[10:09:58] 🔄 Identity rotated (every 10 requests)
[10:09:58] [101/456] KFVU
[10:09:59] [102/456] POOR
[10:10:00] [103/456] GKDN
[10:10:01] [104/456] EOSE
[10:10:02] [105/456] GTTT
[10:10:03] [106/456] ARRO
[10:10:04] [107/456] CMMK
[10:10:04] [108/456] MSCN
[10:10:05] [109/456] GDKH
[10:10:06] [110/456] DLMT
[10:10:07] 🔄 Identity reset
[10:10:07] 🔄 Identity rotated (every 10 requests)
[10:10:07] [111/456] PVMF
[10:10:08] [112/456] CPCK
[10:10:09] [113/456] VMHE
[10:10:10] [114/456] PVLC
[10:10:11] [115/456] PCVB
[10:10:12] [116/456] SNYK
[10:10:13] [117/456] KTEK
[10:10:14] [118/456] PCNM
[10:10:15] [119/456] NTTR
[10:10:16] [120/456] CPSK
[10:10:16] 🔄 Identity reset
[10:10:16] 🔄 Identity rotated (every 10 requests)
[10:10:16] [121/456] JMMA
[10:10:18] [122/456] GCFK
[10:10:19] [123/456] MYCA
[10:10:21] [124/456] KSNP
[10:10:22] [125/456] PMCE
[10:10:23] [126/456] SCKI
[10:10:23] [127/456] FSMA
[10:10:25] [128/456] CETA
[10:10:25] [129/456] MCIK
[10:10:26] [130/456] MYCR
[10:10:27] 🔄 Identity reset
[10:10:27] 🔄 Identity rotated (every 10 requests)
[10:10:28] [131/456] EVMP
[10:10:29] [132/456] SSGT
[10:10:30] [133/456] KCTK
[10:10:31] [134/456] ZTKC
[10:10:32] [135/456] MMTA
[10:10:33] [136/456] MAJT
[10:10:34] [137/456] ACPK
[10:10:35] [138/456] JMAX
[10:10:36] [139/456] SETK
[10:10:37] [140/456] CAIS
[10:10:37] 🔄 Identity reset
[10:10:37] 🔄 Identity rotated (every 10 requests)
[10:10:38] [141/456] AGCD
[10:10:39] [142/456] URCL
[10:10:40] [143/456] VTDS
[10:10:41] [144/456] JCNM
[10:10:42] [145/456] KCAM
[10:10:42] [146/456] ADCU
[10:10:43] [147/456] GXYN
[10:10:44] [148/456] SMJG
[10:10:45] [149/456] EYCJ
[10:10:47] [150/456] CCEJ
[10:10:48] 🔄 Identity reset
[10:10:48] 🔄 Identity rotated (every 10 requests)
[10:10:48] [151/456] MARS
[10:10:49] [152/456] CPVJ
[10:10:50] [153/456] INVP
[10:10:51] [154/456] CPOV
[10:10:51] [155/456] VIJK
[10:10:52] [156/456] LAIM
[10:10:53] [157/456] STHV
[10:10:54] [158/456] SVLJ
[10:10:55] [159/456] ATVJ
[10:10:56] [160/456] JTSC
[10:10:57] 🔄 Identity reset
[10:10:57] 🔄 Identity rotated (every 10 requests)
[10:10:57] [161/456] RMTV
[10:10:59] [162/456] MGGG
[10:11:00] [163/456] SWTH
[10:11:01] [164/456] INVJ
[10:11:02] [165/456] PRSV
[10:11:02] [166/456] JATV
[10:11:03] [167/456] RCVD
[10:11:04] [168/456] BDMA
[10:11:06] [169/456] BLJI
[10:11:07] [170/456] SWOT
[10:11:08] 🔄 Identity reset
[10:11:08] 🔄 Identity rotated (every 10 requests)
[10:11:08] [171/456] SWRN
[10:11:09] [172/456] TVRA
[10:11:10] [173/456] NVRN
[10:11:11] [174/456] SIKC
[10:11:12] [175/456] VAKR
[10:11:13] [176/456] SYLN
[10:11:14] [177/456] KLJL
[10:11:15] [178/456] LKMY
[10:11:16] [179/456] VSLY
[10:11:17] [180/456] CIKO
[10:11:17] 🔄 Identity reset
[10:11:17] 🔄 Identity rotated (every 10 requests)
[10:11:18] [181/456] GPBG
[10:11:19] [182/456] CECM
[10:11:19] [183/456] SLKB
[10:11:20] [184/456] MTBO
[10:11:21] [185/456] SSHB
[10:11:22] [186/456] VPCS
[10:11:24] [187/456] RCSR
[10:11:25] [188/456] RJRM
[10:11:25] [189/456] KPPB
[10:11:27] [190/456] SEDC
[10:11:28] 🔄 Identity reset
[10:11:28] 🔄 Identity rotated (every 10 requests)
[10:11:28] [191/456] SCAI
[10:11:29] [192/456] RMTR
[10:11:30] [193/456] ASST
[10:11:31] [194/456] GCAK
[10:11:32] [195/456] ANNK
[10:11:33] [196/456] KDDF
[10:11:34] [197/456] NRDP
[10:11:34] [198/456] PLAK
[10:11:35] [199/456] GCMC
[10:11:36] [200/456] ALPY
[10:11:37] 🔄 Identity reset
[10:11:37] 🔄 Identity rotated (every 10 requests)
[10:11:37] [201/456] SICE
[10:11:38] [202/456] SISR
[10:11:39] [203/456] SRPZ
[10:11:40] [204/456] SRSW
[10:11:40] [205/456] SUYA
[10:11:41] [206/456] AMMT
[10:11:42] [207/456] BHCU
[10:11:43] [208/456] KLPA
[10:11:45] [209/456] NVKH
[10:11:46] [210/456] JMRC
[10:11:46] 🔄 Identity reset
[10:11:46] 🔄 Identity rotated (every 10 requests)
[10:11:47] [211/456] KTTT
[10:11:48] [212/456] MAGH
[10:11:49] [213/456] MMMX
[10:11:50] [214/456] SALJ
[10:11:51] [215/456] GTJA
[10:11:52] [216/456] MAHT
[10:11:53] [217/456] SSNN
[10:11:53] [218/456] ARRP
[10:11:54] [219/456] ATNS
[10:11:55] [220/456] SKDT
[10:11:56] 🔄 Identity reset
[10:11:56] 🔄 Identity rotated (every 10 requests)
[10:11:56] [221/456] ACAT
[10:11:57] [222/456] APRC
[10:11:58] [223/456] SWAG
[10:11:59] [224/456] SDPT
[10:12:00] [225/456] STPS
[10:12:01] [226/456] WWCZ
[10:12:03] [227/456] LLCH
[10:12:04] [228/456] MZHA
[10:12:04] [229/456] CRJG
[10:12:06] [230/456] JGTK
[10:12:07] 🔄 Identity reset
[10:12:07] 🔄 Identity rotated (every 10 requests)
[10:12:07] [231/456] KCSR
[10:12:08] [232/456] CHTL
[10:12:09] [233/456] EDSR
[10:12:10] [234/456] CSWO
[10:12:11] [235/456] CPVM
[10:12:12] [236/456] MXBY
[10:12:13] [237/456] FMMA
[10:12:14] [238/456] POVI
[10:12:15] [239/456] MTHB
[10:12:16] [240/456] INRC
[10:12:17] 🔄 Identity reset
[10:12:17] 🔄 Identity rotated (every 10 requests)
[10:12:17] [241/456] PIPP
[10:12:19] [242/456] BMXC
[10:12:20] [243/456] PCMM
[10:12:21] [244/456] PMKM
[10:12:22] [245/456] GATY
[10:12:23] [246/456] IMCM
[10:12:23] [247/456] POPE
[10:12:24] [248/456] MTCR
[10:12:25] [249/456] PVAE
[10:12:26] [250/456] PVMI
[10:12:27] 🔄 Identity reset
[10:12:27] 🔄 Identity rotated (every 10 requests)
[10:12:27] [251/456] CPNM
[10:12:28] [252/456] FMRL
[10:12:29] [253/456] MCIW
[10:12:30] [254/456] MXBO
[10:12:31] [255/456] FMKY
[10:12:31] [256/456] FMDA
[10:12:32] [257/456] THAB
[10:12:34] [258/456] PRCW
[10:12:35] [259/456] PITI
[10:12:36] [260/456] MCFF
[10:12:36] 🔄 Identity reset
[10:12:36] 🔄 Identity rotated (every 10 requests)
[10:12:36] [261/456] PDDV
[10:12:37] [262/456] MCRM
[10:12:38] [263/456] KKMB
[10:12:39] [264/456] INKO
[10:12:40] [265/456] PLXP
[10:12:41] [266/456] MMHA
[10:12:42] [267/456] FMVS
[10:12:43] [268/456] POLM
[10:12:44] [269/456] STER
[10:12:45] [270/456] PVWJ
[10:12:46] 🔄 Identity reset
[10:12:46] 🔄 Identity rotated (every 10 requests)
[10:12:46] [271/456] IMJW
[10:12:48] [272/456] FNAN
[10:12:49] [273/456] CAGL
[10:12:50] [274/456] IPBG
[10:12:51] [275/456] SMFV
[10:12:52] [276/456] MMMR
[10:12:54] [277/456] MMWM
[10:12:55] [278/456] FNCM
[10:12:55] [279/456] MDVA
[10:12:56] [280/456] MMET
[10:12:57] 🔄 Identity reset
[10:12:57] 🔄 Identity rotated (every 10 requests)
[10:12:57] [281/456] MIDO
[10:12:59] [282/456] INNP
[10:13:00] [283/456] MIFU
[10:13:00] [284/456] MMSZ
[10:13:01] [285/456] BMXA
[10:13:02] [286/456] MCAA
[10:13:03] [287/456] SCVP
[10:13:04] [288/456] PLUS
[10:13:05] [289/456] MUCK
[10:13:06] [290/456] MTMA
[10:13:07] 🔄 Identity reset
[10:13:07] 🔄 Identity rotated (every 10 requests)
[10:13:07] [291/456] HPVR
[10:13:08] [292/456] PMPK
[10:13:08] [293/456] MAJB
[10:13:09] [294/456] CTRR
[10:13:10] [295/456] MCTG
[10:13:12] [296/456] MACE
[10:13:13] [297/456] AAAS
[10:13:14] [298/456] CPVV
[10:13:15] [299/456] RCHG
[10:13:16] [300/456] MCNE
[10:13:16] 🔄 Identity reset
[10:13:16] 🔄 Identity rotated (every 10 requests)
[10:13:17] [301/456] EMNC
[10:13:18] [302/456] MCAN
[10:13:19] [303/456] TCDM
[10:13:20] [304/456] IRGT
[10:13:21] [305/456] GCMG
[10:13:22] [306/456] MXSN
[10:13:23] [307/456] MXCK
[10:13:24] [308/456] MCRC
[10:13:25] [309/456] RSMI
[10:13:25] [310/456] WAML
[10:13:26] 🔄 Identity reset
[10:13:26] 🔄 Identity rotated (every 10 requests)
[10:13:26] [311/456] MTSC
[10:13:28] [312/456] FMDR
[10:13:29] [313/456] LEPV
[10:13:30] [314/456] MTGD
[10:13:31] [315/456] IMOB
[10:13:32] [316/456] CLMM
[10:13:33] [317/456] PZCD
[10:13:33] [318/456] GOCS
[10:13:35] [319/456] KCMA
[10:13:36] [320/456] CCMP
[10:13:36] 🔄 Identity reset
[10:13:36] 🔄 Identity rotated (every 10 requests)
[10:13:37] [321/456] MTSU
[10:13:38] [322/456] SNGL
[10:13:39] [323/456] MMMC
[10:13:40] [324/456] MMAA
[10:13:41] [325/456] GCDM
[10:13:42] [326/456] KTMV
[10:13:43] [327/456] AETE
[10:13:44] [328/456] OMCS
[10:13:45] [329/456] GDCD
[10:13:46] [330/456] NYMD
[10:13:46] 🔄 Identity reset
[10:13:46] 🔄 Identity rotated (every 10 requests)
[10:13:47] [331/456] RNCV
[10:13:48] [332/456] KKMT
[10:13:49] [333/456] GDTH
[10:13:50] [334/456] KMMV
[10:13:51] [335/456] NHCG
[10:13:52] [336/456] PJDW
[10:13:52] [337/456] MMCV
[10:13:53] [338/456] FQSA
[10:13:54] [339/456] KURL
[10:13:56] [340/456] NNNX
[10:13:57] 🔄 Identity reset
[10:13:57] 🔄 Identity rotated (every 10 requests)
[10:13:57] [341/456] AMAU
[10:13:58] [342/456] VVVM
[10:13:59] [343/456] VECU
[10:14:00] [344/456] WCVR
[10:14:01] [345/456] MTGG
[10:14:02] [346/456] SGTG
[10:14:03] [347/456] MNTG
[10:14:03] [348/456] JDDG
[10:14:04] [349/456] MBTK
[10:14:06] [350/456] SGCD
[10:14:07] 🔄 Identity reset
[10:14:07] 🔄 Identity rotated (every 10 requests)
[10:14:07] [351/456] MCTC
[10:14:08] [352/456] JTPC
[10:14:09] [353/456] SDKT
[10:14:10] [354/456] KRCC
[10:14:11] [355/456] RMMD
[10:14:12] [356/456] AAME
[10:14:13] [357/456] TMWC
[10:14:14] [358/456] NRWY
[10:14:14] [359/456] CITD
[10:14:15] [360/456] VERD
[10:14:16] 🔄 Identity reset
[10:14:16] 🔄 Identity rotated (every 10 requests)
[10:14:16] [361/456] MKSK
[10:14:17] [362/456] STSM
[10:14:18] [363/456] MJDG
[10:14:19] [364/456] RKPM
[10:14:20] [365/456] SSCE
[10:14:21] [366/456] VMAE
[10:14:22] [367/456] SBRU
[10:14:23] [368/456] AMBC
[10:14:24] [369/456] AMLU
[10:14:24] [370/456] INVZ
[10:14:25] 🔄 Identity reset
[10:14:25] 🔄 Identity rotated (every 10 requests)
[10:14:25] [371/456] LGTV
[10:14:26] [372/456] SVAD
[10:14:27] [373/456] SMSA
[10:14:28] [374/456] SPCZ
[10:14:29] [375/456] GTCX
[10:14:30] [376/456] SCSL
[10:14:31] [377/456] SAHU
[10:14:32] [378/456] NCDA
[10:14:33] [379/456] SCCG
[10:14:33] [380/456] VKTL
[10:14:34] 🔄 Identity reset
[10:14:34] 🔄 Identity rotated (every 10 requests)
[10:14:34] [381/456] PUUJ
[10:14:35] [382/456] STEJ
[10:14:36] [383/456] RJAL
[10:14:37] [384/456] ACJC
[10:14:38] [385/456] ARVB
[10:14:39] [386/456] AUBB
[10:14:40] [387/456] GDBR
[10:14:40] [388/456] PVND
[10:14:41] [389/456] BGRJ
[10:14:42] [390/456] RJMM
[10:14:43] 🔄 Identity reset
[10:14:43] 🔄 Identity rotated (every 10 requests)
[10:14:43] [391/456] MCSA
[10:14:44] [392/456] BODA
[10:14:45] [393/456] JAGG
[10:14:46] [394/456] SCGA
[10:14:47] [395/456] LRCM
[10:14:48] [396/456] CPCN
[10:14:49] [397/456] SSTF
[10:14:50] [398/456] SRXP
[10:14:52] [399/456] CNFX
[10:14:54] [400/456] ANDI
[10:14:54] 🔄 Identity reset
[10:14:54] 🔄 Identity rotated (every 10 requests)
[10:14:54] [401/456] SYEW
[10:14:55] [402/456] RCRE
[10:14:56] [403/456] SCRW
[10:14:57] [404/456] MBKR
[10:14:58] [405/456] ASNT
[10:14:59] [406/456] JTMT
[10:15:00] [407/456] SHAY
[10:15:01] [408/456] VRTH
[10:15:02] [409/456] SPTI
[10:15:03] [410/456] DPTD
[10:15:03] 🔄 Identity reset
[10:15:03] 🔄 Identity rotated (every 10 requests)
[10:15:04] [411/456] TGSN
[10:15:05] [412/456] RCWV
[10:15:06] [413/456] OCUR
[10:15:07] [414/456] KSTC
[10:15:08] [415/456] SANI
[10:15:10] [416/456] MLCA
[10:15:11] [417/456] EGCA
[10:15:12] [418/456] SYSN
[10:15:13] [419/456] PKTA
[10:15:14] [420/456] PRCC
[10:15:15] 🔄 Identity reset
[10:15:15] 🔄 Identity rotated (every 10 requests)
[10:15:15] [421/456] KSTR
[10:15:16] [422/456] SNTP
[10:15:17] [423/456] RCHA
[10:15:18] [424/456] SEEA
[10:15:19] [425/456] ALAT
[10:15:20] [426/456] AATV
[10:15:21] [427/456] RJTE
[10:15:22] [428/456] AAPP
[10:15:23] [429/456] PMMH
[10:15:24] [430/456] INRJ
[10:15:25] 🔄 Identity reset
[10:15:25] 🔄 Identity rotated (every 10 requests)
[10:15:25] [431/456] SARB
[10:15:26] [432/456] PCJL
[10:15:27] [433/456] PFJJ
[10:15:27] [434/456] GRDC
[10:15:28] [435/456] BCBA
[10:15:29] [436/456] VIXL
[10:15:31] [437/456] CSTL
[10:15:32] [438/456] MTDK
[10:15:33] [439/456] TDAC
[10:15:34] [440/456] GTDN
[10:15:35] 🔄 Identity reset
[10:15:35] 🔄 Identity rotated (every 10 requests)
[10:15:35] [441/456] TTDE
[10:15:36] [442/456] ASTS
[10:15:37] [443/456] CPNS
[10:15:38] [444/456] PVVW
[10:15:39] [445/456] USEB
[10:15:40] [446/456] DTYN
[10:15:40] [447/456] PVLE
[10:15:41] [448/456] CIPS
[10:15:42] [449/456] PAEG
[10:15:43] [450/456] PTCW
[10:15:44] 🔄 Identity reset
[10:15:44] 🔄 Identity rotated (every 10 requests)
[10:15:45] [451/456] G3SR
[10:15:46] [452/456] PGND
[10:15:47] [453/456] INVM
[10:15:47] [454/456] SPIA
[10:15:48] [455/456] PCSN
[10:15:49] [456/456] PPGV
[10:15:50] 🧹 Deduping shows
[10:15:50] ✅ DONE | Shows=450 | Movies=46
[16:42:40] 🚀 SCRIPT STARTED (enhanced anti‑detection)
[16:42:40] [1/456] FNDB
[16:42:40] 🧠 New identity created
[16:42:41] [2/456] AMBH
[16:42:42] [3/456] PRHN
[16:42:43] [4/456] ACPM
[16:42:44] [5/456] PVFS
[16:42:45] [6/456] AACN
[16:42:46] [7/456] ACAS
[16:42:47] [8/456] CTNR
[16:42:48] [9/456] MMAH
[16:42:49] [10/456] CPMH
[16:42:49] 🔄 Identity reset
[16:42:49] 🔄 Identity rotated (every 10 requests)
[16:42:50] [11/456] IGMH
[16:42:50] [12/456] ABCS
[16:42:51] [13/456] CMMA
[16:42:52] [14/456] GPRH
[16:42:53] [15/456] PNNG
[16:42:54] [16/456] AMCA
[16:42:56] [17/456] ISTN
[16:42:57] [18/456] PIIC
[16:42:59] [19/456] AHMH
[16:43:00] [20/456] ASHN
[16:43:01] 🔄 Identity reset
[16:43:01] 🔄 Identity rotated (every 10 requests)
[16:43:01] [21/456] INHY
[16:43:02] [22/456] SRMO
[16:43:03] [23/456] PIMH
[16:43:04] [24/456] PVTS
[16:43:05] [25/456] MMCA
[16:43:05] [26/456] AKYJ
[16:43:06] [27/456] BRKH
[16:43:07] [28/456] MAHM
[16:43:08] [29/456] CPHY
[16:43:10] [30/456] PVTP
[16:43:10] 🔄 Identity reset
[16:43:10] 🔄 Identity rotated (every 10 requests)
[16:43:11] [31/456] SMMR
[16:43:12] [32/456] PVHM
[16:43:13] [33/456] SNDY
[16:43:13] [34/456] GOKU
[16:43:14] [35/456] ACEV
[16:43:15] [36/456] PVUM
[16:43:16] [37/456] VSWA
[16:43:17] [38/456] IPRS
[16:43:18] [39/456] BKMV
[16:43:19] [40/456] PVYH
[16:43:20] 🔄 Identity reset
[16:43:20] 🔄 Identity rotated (every 10 requests)
[16:43:20] [41/456] INKM
[16:43:22] [42/456] ARJU
[16:43:23] [43/456] JJPP
[16:43:24] [44/456] SSRM
[16:43:25] [45/456] HMHD
[16:43:26] [46/456] SNKH
[16:43:27] [47/456] ACHI
[16:43:28] [48/456] MRAA
[16:43:29] [49/456] INMH
[16:43:30] [50/456] ARMH
[16:43:31] 🔄 Identity reset
[16:43:31] 🔄 Identity rotated (every 10 requests)
[16:43:31] [51/456] DVRR
[16:43:32] [52/456] SUDA
[16:43:33] [53/456] MCSS
[16:43:34] [54/456] VRKC
[16:43:35] [55/456] PRCX
[16:43:36] [56/456] ASJY
[16:43:37] [57/456] MTHY
[16:43:38] [58/456] SRCM
[16:43:39] [59/456] TVHY
[16:43:40] [60/456] STHD
[16:43:40] 🔄 Identity reset
[16:43:40] 🔄 Identity rotated (every 10 requests)
[16:43:41] [61/456] CPCL
[16:43:41] [62/456] PSMJ
[16:43:42] [63/456] MRGT
[16:43:44] [64/456] ARYH
[16:43:45] [65/456] VTRB
[16:43:45] [66/456] SCHC
[16:43:46] [67/456] MRRG
[16:43:47] [68/456] SPCB
[16:43:48] [69/456] AMCM
[16:43:49] [70/456] IVNM
[16:43:50] 🔄 Identity reset
[16:43:50] 🔄 Identity rotated (every 10 requests)
[16:43:50] [71/456] TRHY
[16:43:51] [72/456] PTTH
[16:43:52] [73/456] RKMH
[16:43:53] [74/456] PRCS
[16:43:54] [75/456] VAJA
[16:43:55] [76/456] BJNG
[16:43:56] [77/456] SCVM
[16:43:56] [78/456] GNHB
[16:43:57] [79/456] TLUR
[16:43:58] [80/456] UKCC
[16:43:59] 🔄 Identity reset
[16:43:59] 🔄 Identity rotated (every 10 requests)
[16:43:59] [81/456] SRKR
[16:44:00] [82/456] RMKN
[16:44:01] [83/456] SLRT
[16:44:01] [84/456] LKMT
[16:44:02] [85/456] SSRJ
[16:44:03] [86/456] SPHT
[16:44:04] [87/456] ANTT
[16:44:05] [88/456] SRCH
[16:44:06] [89/456] SRCA
[16:44:07] [90/456] ARTH
[16:44:07] 🔄 Identity reset
[16:44:07] 🔄 Identity rotated (every 10 requests)
[16:44:08] [91/456] MCBH
[16:44:09] [92/456] SNIB
[16:44:09] [93/456] SART
[16:44:10] [94/456] SKTA
[16:44:11] [95/456] YAKT
[16:44:12] [96/456] MLCK
[16:44:13] [97/456] ANTS
[16:44:14] [98/456] DGCA
[16:44:16] [99/456] SGMP
[16:44:17] [100/456] ASWN
[16:44:17] 🔄 Identity reset
[16:44:17] 🔄 Identity rotated (every 10 requests)
[16:44:18] [101/456] KFVU
[16:44:18] [102/456] POOR
[16:44:19] [103/456] GKDN
[16:44:20] [104/456] EOSE
[16:44:21] [105/456] GTTT
[16:44:22] [106/456] ARRO
[16:44:23] [107/456] CMMK
[16:44:24] [108/456] MSCN
[16:44:25] [109/456] GDKH
[16:44:26] [110/456] DLMT
[16:44:27] 🔄 Identity reset
[16:44:27] 🔄 Identity rotated (every 10 requests)
[16:44:27] [111/456] PVMF
[16:44:28] [112/456] CPCK
[16:44:29] [113/456] VMHE
[16:44:30] [114/456] PVLC
[16:44:31] [115/456] PCVB
[16:44:32] [116/456] SNYK
[16:44:33] [117/456] KTEK
[16:44:34] [118/456] PCNM
[16:44:34] [119/456] NTTR
[16:44:35] [120/456] CPSK
[16:44:36] 🔄 Identity reset
[16:44:36] 🔄 Identity rotated (every 10 requests)
[16:44:36] [121/456] JMMA
[16:44:37] [122/456] GCFK
[16:44:38] [123/456] MYCA
[16:44:39] [124/456] KSNP
[16:44:39] [125/456] PMCE
[16:44:40] [126/456] SCKI
[16:44:41] [127/456] FSMA
[16:44:42] [128/456] CETA
[16:44:43] [129/456] MCIK
[16:44:44] [130/456] MYCR
[16:44:44] 🔄 Identity reset
[16:44:44] 🔄 Identity rotated (every 10 requests)
[16:44:45] [131/456] EVMP
[16:44:45] [132/456] SSGT
[16:44:46] [133/456] KCTK
[16:44:47] [134/456] ZTKC
[16:44:48] [135/456] MMTA
[16:44:49] [136/456] MAJT
[16:44:50] [137/456] ACPK
[16:44:51] [138/456] JMAX
[16:44:52] [139/456] SETK
[16:44:53] [140/456] CAIS
[16:44:54] 🔄 Identity reset
[16:44:54] 🔄 Identity rotated (every 10 requests)
[16:44:54] [141/456] AGCD
[16:44:55] [142/456] URCL
[16:44:56] [143/456] VTDS
[16:44:57] [144/456] JCNM
[16:44:58] [145/456] KCAM
[16:44:59] [146/456] ADCU
[16:45:00] [147/456] GXYN
[16:45:01] [148/456] SMJG
[16:45:02] [149/456] EYCJ
[16:45:03] [150/456] CCEJ
[16:45:04] 🔄 Identity reset
[16:45:04] 🔄 Identity rotated (every 10 requests)
[16:45:04] [151/456] MARS
[16:45:05] [152/456] CPVJ
[16:45:07] [153/456] INVP
[16:45:07] [154/456] CPOV
[16:45:08] [155/456] VIJK
[16:45:09] [156/456] LAIM
[16:45:10] [157/456] STHV
[16:45:12] [158/456] SVLJ
[16:45:13] [159/456] ATVJ
[16:45:14] [160/456] JTSC
[16:45:14] 🔄 Identity reset
[16:45:14] 🔄 Identity rotated (every 10 requests)
[16:45:15] [161/456] RMTV
[16:45:16] [162/456] MGGG
[16:45:17] [163/456] SWTH
[16:45:17] [164/456] INVJ
[16:45:18] [165/456] PRSV
[16:45:19] [166/456] JATV
[16:45:20] [167/456] RCVD
[16:45:21] [168/456] BDMA
[16:45:22] [169/456] BLJI
[16:45:23] [170/456] SWOT
[16:45:23] 🔄 Identity reset
[16:45:23] 🔄 Identity rotated (every 10 requests)
[16:45:25] [171/456] SWRN
[16:45:26] [172/456] TVRA
[16:45:26] [173/456] NVRN
[16:45:27] [174/456] SIKC
[16:45:28] [175/456] VAKR
[16:45:29] [176/456] SYLN
[16:45:30] [177/456] KLJL
[16:45:31] [178/456] LKMY
[16:45:32] [179/456] VSLY
[16:45:33] [180/456] CIKO
[16:45:33] 🔄 Identity reset
[16:45:33] 🔄 Identity rotated (every 10 requests)
[16:45:34] [181/456] GPBG
[16:45:34] [182/456] CECM
[16:45:35] [183/456] SLKB
[16:45:37] [184/456] MTBO
[16:45:38] [185/456] SSHB
[16:45:39] [186/456] VPCS
[16:45:40] [187/456] RCSR
[16:45:41] [188/456] RJRM
[16:45:42] [189/456] KPPB
[16:45:42] [190/456] SEDC
[16:45:43] 🔄 Identity reset
[16:45:43] 🔄 Identity rotated (every 10 requests)
[16:45:44] [191/456] SCAI
[16:45:45] [192/456] RMTR
[16:45:45] [193/456] ASST
[16:45:46] [194/456] GCAK
[16:45:47] [195/456] ANNK
[16:45:48] [196/456] KDDF
[16:45:49] [197/456] NRDP
[16:45:50] [198/456] PLAK
[16:45:51] [199/456] GCMC
[16:45:52] [200/456] ALPY
[16:45:52] 🔄 Identity reset
[16:45:52] 🔄 Identity rotated (every 10 requests)
[16:45:52] [201/456] SICE
[16:45:53] [202/456] SISR
[16:45:54] [203/456] SRPZ
[16:45:55] [204/456] SRSW
[16:45:56] [205/456] SUYA
[16:45:57] [206/456] AMMT
[16:45:58] [207/456] BHCU
[16:45:59] [208/456] KLPA
[16:46:00] [209/456] NVKH
[16:46:01] [210/456] JMRC
[16:46:01] 🔄 Identity reset
[16:46:01] 🔄 Identity rotated (every 10 requests)
[16:46:02] [211/456] KTTT
[16:46:03] [212/456] MAGH
[16:46:04] [213/456] MMMX
[16:46:05] [214/456] SALJ
[16:46:05] [215/456] GTJA
[16:46:06] [216/456] MAHT
[16:46:07] [217/456] SSNN
[16:46:08] [218/456] ARRP
[16:46:09] [219/456] ATNS
[16:46:10] [220/456] SKDT
[16:46:10] 🔄 Identity reset
[16:46:10] 🔄 Identity rotated (every 10 requests)
[16:46:11] [221/456] ACAT
[16:46:12] [222/456] APRC
[16:46:13] [223/456] SWAG
[16:46:13] [224/456] SDPT
[16:46:14] [225/456] STPS
[16:46:15] [226/456] WWCZ
[16:46:16] [227/456] LLCH
[16:46:17] [228/456] MZHA
[16:46:18] [229/456] CRJG
[16:46:19] [230/456] JGTK
[16:46:19] 🔄 Identity reset
[16:46:20] 🔄 Identity rotated (every 10 requests)
[16:46:20] [231/456] KCSR
[16:46:21] [232/456] CHTL
[16:46:23] [233/456] EDSR
[16:46:24] [234/456] CSWO
[16:46:25] [235/456] CPVM
[16:46:26] [236/456] MXBY
[16:46:27] [237/456] FMMA
[16:46:28] [238/456] POVI
[16:46:28] [239/456] MTHB
[16:46:29] [240/456] INRC
[16:46:30] 🔄 Identity reset
[16:46:30] 🔄 Identity rotated (every 10 requests)
[16:46:30] [241/456] PIPP
[16:46:31] [242/456] BMXC
[16:46:32] [243/456] PCMM
[16:46:33] [244/456] PMKM
[16:46:34] [245/456] GATY
[16:46:35] [246/456] IMCM
[16:46:36] [247/456] POPE
[16:46:37] [248/456] MTCR
[16:46:37] [249/456] PVAE
[16:46:39] [250/456] PVMI
[16:46:40] 🔄 Identity reset
[16:46:40] 🔄 Identity rotated (every 10 requests)
[16:46:40] [251/456] CPNM
[16:46:41] [252/456] FMRL
[16:46:42] [253/456] MCIW
[16:46:43] [254/456] MXBO
[16:46:44] [255/456] FMKY
[16:46:45] [256/456] FMDA
[16:46:46] [257/456] THAB
[16:46:47] [258/456] PRCW
[16:46:48] [259/456] PITI
[16:46:48] [260/456] MCFF
[16:46:49] 🔄 Identity reset
[16:46:49] 🔄 Identity rotated (every 10 requests)
[16:46:49] [261/456] PDDV
[16:46:50] [262/456] MCRM
[16:46:51] [263/456] KKMB
[16:46:53] [264/456] INKO
[16:46:54] [265/456] PLXP
[16:46:54] [266/456] MMHA
[16:46:55] [267/456] FMVS
[16:46:56] [268/456] POLM
[16:46:57] [269/456] STER
[16:46:58] [270/456] PVWJ
[16:46:59] 🔄 Identity reset
[16:46:59] 🔄 Identity rotated (every 10 requests)
[16:46:59] [271/456] IMJW
[16:47:00] [272/456] FNAN
[16:47:01] [273/456] CAGL
[16:47:02] [274/456] IPBG
[16:47:03] [275/456] SMFV
[16:47:04] [276/456] MMMR
[16:47:04] [277/456] MMWM
[16:47:05] [278/456] FNCM
[16:47:06] [279/456] MDVA
[16:47:07] [280/456] MMET
[16:47:08] 🔄 Identity reset
[16:47:08] 🔄 Identity rotated (every 10 requests)
[16:47:08] [281/456] MIDO
[16:47:09] [282/456] INNP
[16:47:10] [283/456] MIFU
[16:47:11] [284/456] MMSZ
[16:47:12] [285/456] BMXA
[16:47:14] [286/456] MCAA
[16:47:15] [287/456] SCVP
[16:47:16] [288/456] PLUS
[16:47:17] [289/456] MUCK
[16:47:18] [290/456] MTMA
[16:47:18] 🔄 Identity reset
[16:47:18] 🔄 Identity rotated (every 10 requests)
[16:47:19] [291/456] HPVR
[16:47:20] [292/456] PMPK
[16:47:22] [293/456] MAJB
[16:47:23] [294/456] CTRR
[16:47:24] [295/456] MCTG
[16:47:25] [296/456] MACE
[16:47:26] [297/456] AAAS
[16:47:27] [298/456] CPVV
[16:47:28] [299/456] RCHG
[16:47:29] [300/456] MCNE
[16:47:29] 🔄 Identity reset
[16:47:29] 🔄 Identity rotated (every 10 requests)
[16:47:29] [301/456] EMNC
[16:47:30] [302/456] MCAN
[16:47:31] [303/456] TCDM
[16:47:32] [304/456] IRGT
[16:47:33] [305/456] GCMG
[16:47:34] [306/456] MXSN
[16:47:35] [307/456] MXCK
[16:47:36] [308/456] MCRC
[16:47:37] [309/456] RSMI
[16:47:38] [310/456] WAML
[16:47:39] 🔄 Identity reset
[16:47:39] 🔄 Identity rotated (every 10 requests)
[16:47:39] [311/456] MTSC
[16:47:40] [312/456] FMDR
[16:47:41] [313/456] LEPV
[16:47:42] [314/456] MTGD
[16:47:43] [315/456] IMOB
[16:47:44] [316/456] CLMM
[16:47:45] [317/456] PZCD
[16:47:46] [318/456] GOCS
[16:47:47] [319/456] KCMA
[16:47:47] [320/456] CCMP
[16:47:48] 🔄 Identity reset
[16:47:48] 🔄 Identity rotated (every 10 requests)
[16:47:48] [321/456] MTSU
[16:47:49] [322/456] SNGL
[16:47:50] [323/456] MMMC
[16:47:51] [324/456] MMAA
[16:47:52] [325/456] GCDM
[16:47:53] [326/456] KTMV
[16:47:54] [327/456] AETE
[16:47:55] [328/456] OMCS
[16:47:56] [329/456] GDCD
[16:47:56] [330/456] NYMD
[16:47:57] 🔄 Identity reset
[16:47:57] 🔄 Identity rotated (every 10 requests)
[16:47:57] [331/456] RNCV
[16:47:58] [332/456] KKMT
[16:47:59] [333/456] GDTH
[16:48:00] [334/456] KMMV
[16:48:01] [335/456] NHCG
[16:48:01] [336/456] PJDW
[16:48:02] [337/456] MMCV
[16:48:03] [338/456] FQSA
[16:48:04] [339/456] KURL
[16:48:05] [340/456] NNNX
[16:48:06] 🔄 Identity reset
[16:48:06] 🔄 Identity rotated (every 10 requests)
[16:48:07] [341/456] AMAU
[16:48:08] [342/456] VVVM
[16:48:09] [343/456] VECU
[16:48:10] [344/456] WCVR
[16:48:11] [345/456] MTGG
[16:48:12] [346/456] SGTG
[16:48:12] [347/456] MNTG
[16:48:13] [348/456] JDDG
[16:48:15] [349/456] MBTK
[16:48:16] [350/456] SGCD
[16:48:16] 🔄 Identity reset
[16:48:16] 🔄 Identity rotated (every 10 requests)
[16:48:17] [351/456] MCTC
[16:48:17] [352/456] JTPC
[16:48:18] [353/456] SDKT
[16:48:19] [354/456] KRCC
[16:48:20] [355/456] RMMD
[16:48:21] [356/456] AAME
[16:48:22] [357/456] TMWC
[16:48:23] [358/456] NRWY
[16:48:24] [359/456] CITD
[16:48:26] [360/456] VERD
[16:48:26] 🔄 Identity reset
[16:48:26] 🔄 Identity rotated (every 10 requests)
[16:48:26] [361/456] MKSK
[16:48:27] [362/456] STSM
[16:48:28] [363/456] MJDG
[16:48:29] [364/456] RKPM
[16:48:30] [365/456] SSCE
[16:48:31] [366/456] VMAE
[16:48:32] [367/456] SBRU
[16:48:33] [368/456] AMBC
[16:48:34] [369/456] AMLU
[16:48:35] [370/456] INVZ
[16:48:36] 🔄 Identity reset
[16:48:36] 🔄 Identity rotated (every 10 requests)
[16:48:36] [371/456] LGTV
[16:48:38] [372/456] SVAD
[16:48:39] [373/456] SMSA
[16:48:40] [374/456] SPCZ
[16:48:41] [375/456] GTCX
[16:48:42] [376/456] SCSL
[16:48:43] [377/456] SAHU
[16:48:43] [378/456] NCDA
[16:48:44] [379/456] SCCG
[16:48:45] [380/456] VKTL
[16:48:46] 🔄 Identity reset
[16:48:46] 🔄 Identity rotated (every 10 requests)
[16:48:46] [381/456] PUUJ
[16:48:48] [382/456] STEJ
[16:48:50] [383/456] RJAL
[16:48:51] [384/456] ACJC
[16:48:51] [385/456] ARVB
[16:48:52] [386/456] AUBB
[16:48:53] [387/456] GDBR
[16:48:54] [388/456] PVND
[16:48:55] [389/456] BGRJ
[16:48:56] [390/456] RJMM
[16:48:56] 🔄 Identity reset
[16:48:56] 🔄 Identity rotated (every 10 requests)
[16:48:57] [391/456] MCSA
[16:48:58] [392/456] BODA
[16:48:58] [393/456] JAGG
[16:49:00] [394/456] SCGA
[16:49:01] [395/456] LRCM
[16:49:02] [396/456] CPCN
[16:49:03] [397/456] SSTF
[16:49:04] [398/456] SRXP
[16:49:05] [399/456] CNFX
[16:49:06] [400/456] ANDI
[16:49:07] 🔄 Identity reset
[16:49:07] 🔄 Identity rotated (every 10 requests)
[16:49:08] [401/456] SYEW
[16:49:09] [402/456] RCRE
[16:49:10] [403/456] SCRW
[16:49:11] [404/456] MBKR
[16:49:12] [405/456] ASNT
[16:49:13] [406/456] JTMT
[16:49:14] [407/456] SHAY
[16:49:15] [408/456] VRTH
[16:49:16] [409/456] SPTI
[16:49:16] [410/456] DPTD
[16:49:17] 🔄 Identity reset
[16:49:17] 🔄 Identity rotated (every 10 requests)
[16:49:17] [411/456] TGSN
[16:49:18] [412/456] RCWV
[16:49:19] [413/456] OCUR
[16:49:20] [414/456] KSTC
[16:49:21] [415/456] SANI
[16:49:22] [416/456] MLCA
[16:49:23] [417/456] EGCA
[16:49:24] [418/456] SYSN
[16:49:25] [419/456] PKTA
[16:49:26] [420/456] PRCC
[16:49:27] 🔄 Identity reset
[16:49:27] 🔄 Identity rotated (every 10 requests)
[16:49:27] [421/456] KSTR
[16:49:28] [422/456] SNTP
[16:49:29] [423/456] RCHA
[16:49:30] [424/456] SEEA
[16:49:31] [425/456] ALAT
[16:49:31] [426/456] AATV
[16:49:32] [427/456] RJTE
[16:49:33] [428/456] AAPP
[16:49:34] [429/456] PMMH
[16:49:35] [430/456] INRJ
[16:49:35] 🔄 Identity reset
[16:49:36] 🔄 Identity rotated (every 10 requests)
[16:49:36] [431/456] SARB
[16:49:37] [432/456] PCJL
[16:49:38] [433/456] PFJJ
[16:49:39] [434/456] GRDC
[16:49:40] [435/456] BCBA
[16:49:41] [436/456] VIXL
[16:49:41] [437/456] CSTL
[16:49:42] [438/456] MTDK
[16:49:43] [439/456] TDAC
[16:49:45] [440/456] GTDN
[16:49:45] 🔄 Identity reset
[16:49:45] 🔄 Identity rotated (every 10 requests)
[16:49:46] [441/456] TTDE
[16:49:47] [442/456] ASTS
[16:49:48] [443/456] CPNS
[16:49:48] [444/456] PVVW
[16:49:49] [445/456] USEB
[16:49:50] [446/456] DTYN
[16:49:51] [447/456] PVLE
[16:49:52] [448/456] CIPS
[16:49:53] [449/456] PAEG
[16:49:54] [450/456] PTCW
[16:49:54] 🔄 Identity reset
[16:49:54] 🔄 Identity rotated (every 10 requests)
[16:49:55] [451/456] G3SR
[16:49:56] [452/456] PGND
[16:49:57] [453/456] INVM
[16:49:58] [454/456] SPIA
[16:49:59] [455/456] PCSN
[16:50:00] [456/456] PPGV
[16:50:01] 🧹 Deduping shows
[16:50:01] ✅ DONE | Shows=570 | Movies=48
[04:59:00] 🚀 SCRIPT STARTED (enhanced anti‑detection)
[04:59:00] [1/456] FNDB
[04:59:00] 🧠 New identity created
[04:59:00] [2/456] AMBH
[04:59:02] [3/456] PRHN
[04:59:03] [4/456] ACPM
[04:59:04] [5/456] PVFS
[04:59:05] [6/456] AACN
[04:59:05] [7/456] ACAS
[04:59:06] [8/456] CTNR
[04:59:07] [9/456] MMAH
[04:59:08] [10/456] CPMH
[04:59:09] 🔄 Identity reset
[04:59:09] 🔄 Identity rotated (every 10 requests)
[04:59:09] [11/456] IGMH
[04:59:10] [12/456] ABCS
[04:59:12] [13/456] CMMA
[04:59:12] [14/456] GPRH
[04:59:13] [15/456] PNNG
[04:59:14] [16/456] AMCA
[04:59:16] [17/456] ISTN
[04:59:17] [18/456] PIIC
[04:59:18] [19/456] AHMH
[04:59:18] [20/456] ASHN
[04:59:19] 🔄 Identity reset
[04:59:19] 🔄 Identity rotated (every 10 requests)
[04:59:19] [21/456] INHY
[04:59:20] [22/456] SRMO
[04:59:21] [23/456] PIMH
[04:59:22] [24/456] PVTS
[04:59:23] [25/456] MMCA
[04:59:24] [26/456] AKYJ
[04:59:24] [27/456] BRKH
[04:59:25] [28/456] MAHM
[04:59:26] [29/456] CPHY
[04:59:27] [30/456] PVTP
[04:59:28] 🔄 Identity reset
[04:59:28] 🔄 Identity rotated (every 10 requests)
[04:59:28] [31/456] SMMR
[04:59:29] [32/456] PVHM
[04:59:30] [33/456] SNDY
[04:59:31] [34/456] GOKU
[04:59:32] [35/456] ACEV
[04:59:33] [36/456] PVUM
[04:59:35] [37/456] VSWA
[04:59:36] [38/456] IPRS
[04:59:37] [39/456] BKMV
[04:59:37] [40/456] PVYH
[04:59:38] 🔄 Identity reset
[04:59:38] 🔄 Identity rotated (every 10 requests)
[04:59:38] [41/456] INKM
[04:59:39] [42/456] ARJU
[04:59:40] [43/456] JJPP
[04:59:41] [44/456] SSRM
[04:59:43] [45/456] HMHD
[04:59:44] [46/456] SNKH
[04:59:45] [47/456] ACHI
[04:59:46] [48/456] MRAA
[04:59:46] [49/456] INMH
[04:59:48] [50/456] ARMH
[04:59:49] 🔄 Identity reset
[04:59:49] 🔄 Identity rotated (every 10 requests)
[04:59:49] [51/456] DVRR
[04:59:50] [52/456] SUDA
[04:59:51] [53/456] MCSS
[04:59:52] [54/456] VRKC
[04:59:53] [55/456] PRCX
[04:59:54] [56/456] ASJY
[04:59:55] [57/456] MTHY
[04:59:56] [58/456] SRCM
[04:59:56] [59/456] TVHY
[04:59:57] [60/456] STHD
[04:59:58] 🔄 Identity reset
[04:59:58] 🔄 Identity rotated (every 10 requests)
[04:59:58] [61/456] CPCL
[04:59:59] [62/456] PSMJ
[05:00:00] [63/456] MRGT
[05:00:01] [64/456] ARYH
[05:00:02] [65/456] VTRB
[05:00:03] [66/456] SCHC
[05:00:04] [67/456] MRRG
[05:00:05] [68/456] SPCB
[05:00:06] [69/456] AMCM
[05:00:07] [70/456] IVNM
[05:00:08] 🔄 Identity reset
[05:00:08] 🔄 Identity rotated (every 10 requests)
[05:00:08] [71/456] TRHY
[05:00:09] [72/456] PTTH
[05:00:10] [73/456] RKMH
[05:00:11] [74/456] PRCS
[05:00:12] [75/456] VAJA
[05:00:13] [76/456] BJNG
[05:00:13] [77/456] SCVM
[05:00:14] [78/456] GNHB
[05:00:15] [79/456] TLUR
[05:00:16] [80/456] UKCC
[05:00:17] 🔄 Identity reset
[05:00:17] 🔄 Identity rotated (every 10 requests)
[05:00:17] [81/456] SRKR
[05:00:18] [82/456] RMKN
[05:00:19] [83/456] SLRT
[05:00:20] [84/456] LKMT
[05:00:21] [85/456] SSRJ
[05:00:22] [86/456] SPHT
[05:00:23] [87/456] ANTT
[05:00:24] [88/456] SRCH
[05:00:25] [89/456] SRCA
[05:00:26] [90/456] ARTH
[05:00:26] 🔄 Identity reset
[05:00:26] 🔄 Identity rotated (every 10 requests)
[05:00:27] [91/456] MCBH
[05:00:27] [92/456] SNIB
[05:00:28] [93/456] SART
[05:00:29] [94/456] SKTA
[05:00:31] [95/456] YAKT
[05:00:32] [96/456] MLCK
[05:00:32] [97/456] ANTS
[05:00:33] [98/456] DGCA
[05:00:34] [99/456] SGMP
[05:00:35] [100/456] ASWN
[05:00:35] 🔄 Identity reset
[05:00:35] 🔄 Identity rotated (every 10 requests)
[05:00:36] [101/456] KFVU
[05:00:37] [102/456] POOR
[05:00:38] [103/456] GKDN
[05:00:39] [104/456] EOSE
[05:00:39] [105/456] GTTT
[05:00:40] [106/456] ARRO
[05:00:41] [107/456] CMMK
[05:00:42] [108/456] MSCN
[05:00:43] [109/456] GDKH
[05:00:44] [110/456] DLMT
[05:00:44] 🔄 Identity reset
[05:00:44] 🔄 Identity rotated (every 10 requests)
[05:00:44] [111/456] PVMF
[05:00:45] [112/456] CPCK
[05:00:46] [113/456] VMHE
[05:00:47] [114/456] PVLC
[05:00:48] [115/456] PCVB
[05:00:49] [116/456] SNYK
[05:00:49] [117/456] KTEK
[05:00:50] [118/456] PCNM
[05:00:52] [119/456] NTTR
[05:00:52] [120/456] CPSK
[05:00:53] 🔄 Identity reset
[05:00:53] 🔄 Identity rotated (every 10 requests)
[05:00:53] [121/456] JMMA
[05:00:54] [122/456] GCFK
[05:00:55] [123/456] MYCA
[05:00:56] [124/456] KSNP
[05:00:57] [125/456] PMCE
[05:00:58] [126/456] SCKI
[05:00:59] [127/456] FSMA
[05:01:00] [128/456] CETA
[05:01:01] [129/456] MCIK
[05:01:02] [130/456] MYCR
[05:01:03] 🔄 Identity reset
[05:01:03] 🔄 Identity rotated (every 10 requests)
[05:01:03] [131/456] EVMP
[05:01:04] [132/456] SSGT
[05:01:05] [133/456] KCTK
[05:01:06] [134/456] ZTKC
[05:01:07] [135/456] MMTA
[05:01:08] [136/456] MAJT
[05:01:09] [137/456] ACPK
[05:01:10] [138/456] JMAX
[05:01:10] [139/456] SETK
[05:01:11] [140/456] CAIS
[05:01:12] 🔄 Identity reset
[05:01:12] 🔄 Identity rotated (every 10 requests)
[05:01:12] [141/456] AGCD
[05:01:14] [142/456] URCL
[05:01:15] [143/456] VTDS
[05:01:16] [144/456] JCNM
[05:01:16] [145/456] KCAM
[05:01:17] [146/456] ADCU
[05:01:18] [147/456] GXYN
[05:01:19] [148/456] SMJG
[05:01:20] [149/456] EYCJ
[05:01:21] [150/456] CCEJ
[05:01:21] 🔄 Identity reset
[05:01:22] 🔄 Identity rotated (every 10 requests)
[05:01:22] [151/456] MARS
[05:01:23] [152/456] CPVJ
[05:01:24] [153/456] INVP
[05:01:24] [154/456] CPOV
[05:01:25] [155/456] VIJK
[05:01:26] [156/456] LAIM
[05:01:27] [157/456] STHV
[05:01:28] [158/456] SVLJ
[05:01:30] [159/456] ATVJ
[05:01:30] [160/456] JTSC
[05:01:31] 🔄 Identity reset
[05:01:31] 🔄 Identity rotated (every 10 requests)
[05:01:31] [161/456] RMTV
[05:01:32] [162/456] MGGG
[05:01:33] [163/456] SWTH
[05:01:34] [164/456] INVJ
[05:01:35] [165/456] PRSV
[05:01:36] [166/456] JATV
[05:01:37] [167/456] RCVD
[05:01:38] [168/456] BDMA
[05:01:39] [169/456] BLJI
[05:01:40] [170/456] SWOT
[05:01:40] 🔄 Identity reset
[05:01:40] 🔄 Identity rotated (every 10 requests)
[05:01:41] [171/456] SWRN
[05:01:42] [172/456] TVRA
[05:01:43] [173/456] NVRN
[05:01:43] [174/456] SIKC
[05:01:44] [175/456] VAKR
[05:01:45] [176/456] SYLN
[05:01:46] [177/456] KLJL
[05:01:47] [178/456] LKMY
[05:01:48] [179/456] VSLY
[05:01:49] [180/456] CIKO
[05:01:50] 🔄 Identity reset
[05:01:50] 🔄 Identity rotated (every 10 requests)
[05:01:50] [181/456] GPBG
[05:01:51] [182/456] CECM
[05:01:52] [183/456] SLKB
[05:01:53] [184/456] MTBO
[05:01:53] [185/456] SSHB
[05:01:54] [186/456] VPCS
[05:01:56] [187/456] RCSR
[05:01:57] [188/456] RJRM
[05:01:58] [189/456] KPPB
[05:01:58] [190/456] SEDC
[05:01:59] 🔄 Identity reset
[05:01:59] 🔄 Identity rotated (every 10 requests)
[05:01:59] [191/456] SCAI
[05:02:00] [192/456] RMTR
[05:02:01] [193/456] ASST
[05:02:02] [194/456] GCAK
[05:02:02] [195/456] ANNK
[05:02:04] [196/456] KDDF
[05:02:05] [197/456] NRDP
[05:02:06] [198/456] PLAK
[05:02:07] [199/456] GCMC
[05:02:08] [200/456] ALPY
[05:02:08] 🔄 Identity reset
[05:02:08] 🔄 Identity rotated (every 10 requests)
[05:02:09] [201/456] SICE
[05:02:10] [202/456] SISR
[05:02:11] [203/456] SRPZ
[05:02:12] [204/456] SRSW
[05:02:13] [205/456] SUYA
[05:02:14] [206/456] AMMT
[05:02:15] [207/456] BHCU
[05:02:16] [208/456] KLPA
[05:02:17] [209/456] NVKH
[05:02:18] [210/456] JMRC
[05:02:18] 🔄 Identity reset
[05:02:18] 🔄 Identity rotated (every 10 requests)
[05:02:19] [211/456] KTTT
[05:02:19] [212/456] MAGH
[05:02:20] [213/456] MMMX
[05:02:22] [214/456] SALJ
[05:02:23] [215/456] GTJA
[05:02:24] [216/456] MAHT
[05:02:24] [217/456] SSNN
[05:02:25] [218/456] ARRP
[05:02:26] [219/456] ATNS
[05:02:27] [220/456] SKDT
[05:02:28] 🔄 Identity reset
[05:02:28] 🔄 Identity rotated (every 10 requests)
[05:02:29] [221/456] ACAT
[05:02:29] [222/456] APRC
[05:02:30] [223/456] SWAG
[05:02:31] [224/456] SDPT
[05:02:33] [225/456] STPS
[05:02:34] [226/456] WWCZ
[05:02:35] [227/456] LLCH
[05:02:36] [228/456] MZHA
[05:02:37] [229/456] CRJG
[05:02:38] [230/456] JGTK
[05:02:39] 🔄 Identity reset
[05:02:39] 🔄 Identity rotated (every 10 requests)
[05:02:39] [231/456] KCSR
[05:02:40] [232/456] CHTL
[05:02:40] [233/456] EDSR
[05:02:41] [234/456] CSWO
[05:02:42] [235/456] CPVM
[05:02:43] [236/456] MXBY
[05:02:44] [237/456] FMMA
[05:02:45] [238/456] POVI
[05:02:46] [239/456] MTHB
[05:02:47] [240/456] INRC
[05:02:48] 🔄 Identity reset
[05:02:48] 🔄 Identity rotated (every 10 requests)
[05:02:48] [241/456] PIPP
[05:02:49] [242/456] BMXC
[05:02:50] [243/456] PCMM
[05:02:51] [244/456] PMKM
[05:02:51] [245/456] GATY
[05:02:53] [246/456] IMCM
[05:02:54] [247/456] POPE
[05:02:55] [248/456] MTCR
[05:02:56] [249/456] PVAE
[05:02:57] [250/456] PVMI
[05:02:57] 🔄 Identity reset
[05:02:57] 🔄 Identity rotated (every 10 requests)
[05:02:58] [251/456] CPNM
[05:02:59] [252/456] FMRL
[05:02:59] [253/456] MCIW
[05:03:00] [254/456] MXBO
[05:03:01] [255/456] FMKY
[05:03:02] [256/456] FMDA
[05:03:03] [257/456] THAB
[05:03:04] [258/456] PRCW
[05:03:05] [259/456] PITI
[05:03:06] [260/456] MCFF
[05:03:06] 🔄 Identity reset
[05:03:06] 🔄 Identity rotated (every 10 requests)
[05:03:07] [261/456] PDDV
[05:03:08] [262/456] MCRM
[05:03:08] [263/456] KKMB
[05:03:09] [264/456] INKO
[05:03:10] [265/456] PLXP
[05:03:11] [266/456] MMHA
[05:03:12] [267/456] FMVS
[05:03:14] [268/456] POLM
[05:03:15] [269/456] STER
[05:03:15] [270/456] PVWJ
[05:03:16] 🔄 Identity reset
[05:03:16] 🔄 Identity rotated (every 10 requests)
[05:03:16] [271/456] IMJW
[05:03:17] [272/456] FNAN
[05:03:18] [273/456] CAGL
[05:03:19] [274/456] IPBG
[05:03:20] [275/456] SMFV
[05:03:21] [276/456] MMMR
[05:03:22] [277/456] MMWM
[05:03:22] [278/456] FNCM
[05:03:23] [279/456] MDVA
[05:03:24] [280/456] MMET
[05:03:25] 🔄 Identity reset
[05:03:25] 🔄 Identity rotated (every 10 requests)
[05:03:25] [281/456] MIDO
[05:03:26] [282/456] INNP
[05:03:28] [283/456] MIFU
[05:03:28] [284/456] MMSZ
[05:03:29] [285/456] BMXA
[05:03:30] [286/456] MCAA
[05:03:31] [287/456] SCVP
[05:03:31] [288/456] PLUS
[05:03:32] [289/456] MUCK
[05:03:33] [290/456] MTMA
[05:03:34] 🔄 Identity reset
[05:03:34] 🔄 Identity rotated (every 10 requests)
[05:03:34] [291/456] HPVR
[05:03:35] [292/456] PMPK
[05:03:36] [293/456] MAJB
[05:03:38] [294/456] CTRR
[05:03:38] [295/456] MCTG
[05:03:39] [296/456] MACE
[05:03:40] [297/456] AAAS
[05:03:41] [298/456] CPVV
[05:03:42] [299/456] RCHG
[05:03:43] [300/456] MCNE
[05:03:43] 🔄 Identity reset
[05:03:43] 🔄 Identity rotated (every 10 requests)
[05:03:44] [301/456] EMNC
[05:03:45] [302/456] MCAN
[05:03:46] [303/456] TCDM
[05:03:46] [304/456] IRGT
[05:03:47] [305/456] GCMG
[05:03:48] [306/456] MXSN
[05:03:50] [307/456] MXCK
[05:03:50] [308/456] MCRC
[05:03:51] [309/456] RSMI
[05:03:52] [310/456] WAML
[05:03:53] 🔄 Identity reset
[05:03:53] 🔄 Identity rotated (every 10 requests)
[05:03:53] [311/456] MTSC
[05:03:55] [312/456] FMDR
[05:03:56] [313/456] LEPV
[05:03:57] [314/456] MTGD
[05:03:58] [315/456] IMOB
[05:03:58] [316/456] CLMM
[05:03:59] [317/456] PZCD
[05:04:00] [318/456] GOCS
[05:04:01] [319/456] KCMA
[05:04:02] [320/456] CCMP
[05:04:02] 🔄 Identity reset
[05:04:02] 🔄 Identity rotated (every 10 requests)
[05:04:03] [321/456] MTSU
[05:04:04] [322/456] SNGL
[05:04:05] [323/456] MMMC
[05:04:05] [324/456] MMAA
[05:04:06] [325/456] GCDM
[05:04:07] [326/456] KTMV
[05:04:08] [327/456] AETE
[05:04:09] [328/456] OMCS
[05:04:10] [329/456] GDCD
[05:04:11] [330/456] NYMD
[05:04:11] 🔄 Identity reset
[05:04:11] 🔄 Identity rotated (every 10 requests)
[05:04:12] [331/456] RNCV
[05:04:13] [332/456] KKMT
[05:04:13] [333/456] GDTH
[05:04:14] [334/456] KMMV
[05:04:15] [335/456] NHCG
[05:04:17] [336/456] PJDW
[05:04:18] [337/456] MMCV
[05:04:18] [338/456] FQSA
[05:04:19] [339/456] KURL
[05:04:21] [340/456] NNNX
[05:04:22] 🔄 Identity reset
[05:04:22] 🔄 Identity rotated (every 10 requests)
[05:04:22] [341/456] AMAU
[05:04:23] [342/456] VVVM
[05:04:25] [343/456] VECU
[05:04:25] [344/456] WCVR
[05:04:26] [345/456] MTGG
[05:04:27] [346/456] SGTG
[05:04:28] [347/456] MNTG
[05:04:29] [348/456] JDDG
[05:04:30] [349/456] MBTK
[05:04:31] [350/456] SGCD
[05:04:31] 🔄 Identity reset
[05:04:32] 🔄 Identity rotated (every 10 requests)
[05:04:32] [351/456] MCTC
[05:04:33] [352/456] JTPC
[05:04:34] [353/456] SDKT
[05:04:35] [354/456] KRCC
[05:04:35] [355/456] RMMD
[05:04:36] [356/456] AAME
[05:04:37] [357/456] TMWC
[05:04:38] [358/456] NRWY
[05:04:39] [359/456] CITD
[05:04:40] [360/456] VERD
[05:04:40] 🔄 Identity reset
[05:04:40] 🔄 Identity rotated (every 10 requests)
[05:04:40] [361/456] MKSK
[05:04:41] [362/456] STSM
[05:04:42] [363/456] MJDG
[05:04:43] [364/456] RKPM
[05:04:44] [365/456] SSCE
[05:04:45] [366/456] VMAE
[05:04:46] [367/456] SBRU
[05:04:47] [368/456] AMBC
[05:04:48] [369/456] AMLU
[05:04:48] [370/456] INVZ
[05:04:49] 🔄 Identity reset
[05:04:49] 🔄 Identity rotated (every 10 requests)
[05:04:49] [371/456] LGTV
[05:04:50] [372/456] SVAD
[05:04:51] [373/456] SMSA
[05:04:52] [374/456] SPCZ
[05:04:53] [375/456] GTCX
[05:04:53] [376/456] SCSL
[05:04:54] [377/456] SAHU
[05:04:55] [378/456] NCDA
[05:04:56] [379/456] SCCG
[05:04:57] [380/456] VKTL
[05:04:57] 🔄 Identity reset
[05:04:57] 🔄 Identity rotated (every 10 requests)
[05:04:57] [381/456] PUUJ
[05:04:59] [382/456] STEJ
[05:05:00] [383/456] RJAL
[05:05:01] [384/456] ACJC
[05:05:02] [385/456] ARVB
[05:05:02] [386/456] AUBB
[05:05:03] [387/456] GDBR
[05:05:04] [388/456] PVND
[05:05:05] [389/456] BGRJ
[05:05:06] [390/456] RJMM
[05:05:07] 🔄 Identity reset
[05:05:07] 🔄 Identity rotated (every 10 requests)
[05:05:08] [391/456] MCSA
[05:05:09] [392/456] BODA
[05:05:10] [393/456] JAGG
[05:05:11] [394/456] SCGA
[05:05:12] [395/456] LRCM
[05:05:13] [396/456] CPCN
[05:05:14] [397/456] SSTF
[05:05:15] [398/456] SRXP
[05:05:15] [399/456] CNFX
[05:05:17] [400/456] ANDI
[05:05:17] 🔄 Identity reset
[05:05:17] 🔄 Identity rotated (every 10 requests)
[05:05:18] [401/456] SYEW
[05:05:19] [402/456] RCRE
[05:05:19] [403/456] SCRW
[05:05:20] [404/456] MBKR
[05:05:21] [405/456] ASNT
[05:05:22] [406/456] JTMT
[05:05:23] [407/456] SHAY
[05:05:24] [408/456] VRTH
[05:05:25] [409/456] SPTI
[05:05:25] [410/456] DPTD
[05:05:26] 🔄 Identity reset
[05:05:26] 🔄 Identity rotated (every 10 requests)
[05:05:26] [411/456] TGSN
[05:05:27] [412/456] RCWV
[05:05:28] [413/456] OCUR
[05:05:29] [414/456] KSTC
[05:05:29] [415/456] SANI
[05:05:30] [416/456] MLCA
[05:05:31] [417/456] EGCA
[05:05:32] [418/456] SYSN
[05:05:33] [419/456] PKTA
[05:05:33] [420/456] PRCC
[05:05:34] 🔄 Identity reset
[05:05:34] 🔄 Identity rotated (every 10 requests)
[05:05:34] [421/456] KSTR
[05:05:35] [422/456] SNTP
[05:05:36] [423/456] RCHA
[05:05:37] [424/456] SEEA
[05:05:37] [425/456] ALAT
[05:05:38] [426/456] AATV
[05:05:39] [427/456] RJTE
[05:05:40] [428/456] AAPP
[05:05:42] [429/456] PMMH
[05:05:43] [430/456] INRJ
[05:05:43] 🔄 Identity reset
[05:05:43] 🔄 Identity rotated (every 10 requests)
[05:05:44] [431/456] SARB
[05:05:44] [432/456] PCJL
[05:05:45] [433/456] PFJJ
[05:05:46] [434/456] GRDC
[05:05:47] [435/456] BCBA
[05:05:48] [436/456] VIXL
[05:05:49] [437/456] CSTL
[05:05:50] [438/456] MTDK
[05:05:51] [439/456] TDAC
[05:05:52] [440/456] GTDN
[05:05:52] 🔄 Identity reset
[05:05:52] 🔄 Identity rotated (every 10 requests)
[05:05:52] [441/456] TTDE
[05:05:53] [442/456] ASTS
[05:05:54] [443/456] CPNS
[05:05:55] [444/456] PVVW
[05:05:56] [445/456] USEB
[05:05:57] [446/456] DTYN
[05:05:58] [447/456] PVLE
[05:05:59] [448/456] CIPS
[05:06:00] [449/456] PAEG
[05:06:01] [450/456] PTCW
[05:06:02] 🔄 Identity reset
[05:06:02] 🔄 Identity rotated (every 10 requests)
[05:06:02] [451/456] G3SR
[05:06:04] [452/456] PGND
[05:06:05] [453/456] INVM
[05:06:06] [454/456] SPIA
[05:06:07] [455/456] PCSN
[05:06:08] [456/456] PPGV
[05:06:08] 🧹 Deduping shows
[05:06:08] ✅ DONE | Shows=806 | Movies=52
