[10:08:11] 🚀 SCRIPT STARTED (enhanced anti‑detection)
[10:08:11] [1/326] BSAT
[10:08:12] 🧠 New identity created
[10:08:13] [2/326] RSSM
[10:08:14] [3/326] GCTA
[10:08:14] [4/326] TOPN
[10:08:16] [5/326] MCUS
[10:08:16] [6/326] SHRL
[10:08:17] [7/326] UPTP
[10:08:18] [8/326] TMMP
[10:08:19] [9/326] DNRP
[10:08:20] [10/326] SRLT
[10:08:21] 🔄 Identity reset
[10:08:21] 🔄 Identity rotated (every 10 requests)
[10:08:21] [11/326] RCNS
[10:08:22] [12/326] DCBH
[10:08:23] [13/326] NAGJ
[10:08:23] [14/326] JVRC
[10:08:24] [15/326] KRJG
[10:08:25] [16/326] SRTJ
[10:08:26] [17/326] CMXM
[10:08:28] [18/326] STMI
[10:08:28] [19/326] SLST
[10:08:29] [20/326] DTCN
[10:08:30] 🔄 Identity reset
[10:08:30] 🔄 Identity rotated (every 10 requests)
[10:08:30] 🔄 Retry 1/5 for DTCN in 2.5s
[10:08:30] 🔄 Identity reset
[10:08:33] 🧠 New identity created
[10:08:33] [21/326] STYN
[10:08:34] [22/326] SZVR
[10:08:35] [23/326] SRKO
[10:08:35] [24/326] JTGT
[10:08:36] [25/326] SVFD
[10:08:37] [26/326] SISD
[10:08:38] [27/326] ABDD
[10:08:39] [28/326] DRCA
[10:08:40] [29/326] AVCS
[10:08:41] 🔄 Identity reset
[10:08:41] 🔄 Identity rotated (every 10 requests)
[10:08:41] [30/326] MVKH
[10:08:42] [31/326] ACPR
[10:08:43] [32/326] STIP
[10:08:44] [33/326] MTRA
[10:08:44] [34/326] RMKH
[10:08:45] [35/326] NKRL
[10:08:46] [36/326] PCWN
[10:08:47] [37/326] BLMT
[10:08:48] [38/326] GDPG
[10:08:49] [39/326] SRMX
[10:08:49] 🔄 Identity reset
[10:08:49] 🔄 Identity rotated (every 10 requests)
[10:08:50] [40/326] JACP
[10:08:51] [41/326] CPSH
[10:08:51] [42/326] MCCD
[10:08:52] [43/326] ECGH
[10:08:53] [44/326] MKCK
[10:08:54] [45/326] SRMM
[10:08:55] [46/326] SKYR
[10:08:56] [47/326] PCKC
[10:08:57] [48/326] JCMA
[10:08:57] [49/326] BSMP
[10:08:58] 🔄 Identity reset
[10:08:58] 🔄 Identity rotated (every 10 requests)
[10:08:58] [50/326] VSPA
[10:08:59] [51/326] DJYA
[10:09:00] [52/326] DIMP
[10:09:01] [53/326] FXDR
[10:09:02] [54/326] SSRC
[10:09:03] [55/326] STHP
[10:09:04] [56/326] CPPD
[10:09:06] [57/326] FCLK
[10:09:07] [58/326] SCPP
[10:09:08] [59/326] DCMJ
[10:09:08] 🔄 Identity reset
[10:09:08] 🔄 Identity rotated (every 10 requests)
[10:09:09] [60/326] RCCR
[10:09:09] [61/326] INMT
[10:09:10] [62/326] LXTK
[10:09:11] [63/326] SRYK
[10:09:12] [64/326] SGDK
[10:09:13] [65/326] PPKA
[10:09:14] [66/326] SPKA
[10:09:14] [67/326] CGHH
[10:09:15] [68/326] DCJN
[10:09:16] [69/326] SRKV
[10:09:17] 🔄 Identity reset
[10:09:17] 🔄 Identity rotated (every 10 requests)
[10:09:17] [70/326] SAJC
[10:09:18] [71/326] SUSR
[10:09:19] [72/326] STYG
[10:09:20] [73/326] NTKP
[10:09:21] [74/326] AKTG
[10:09:23] [75/326] CGCM
[10:09:24] [76/326] TULC
[10:09:25] [77/326] NYYZ
[10:09:26] [78/326] NYBW
[10:09:26] [79/326] MACB
[10:09:27] 🔄 Identity reset
[10:09:27] 🔄 Identity rotated (every 10 requests)
[10:09:27] [80/326] SLVT
[10:09:28] [81/326] SANA
[10:09:29] [82/326] ACMR
[10:09:30] [83/326] CPKN
[10:09:30] [84/326] DLGK
[10:09:31] [85/326] CWCK
[10:09:32] [86/326] FDDH
[10:09:33] [87/326] MMMD
[10:09:34] [88/326] CMEH
[10:09:35] [89/326] GGGV
[10:09:36] 🔄 Identity reset
[10:09:36] 🔄 Identity rotated (every 10 requests)
[10:09:37] [90/326] SPJL
[10:09:37] [91/326] RCCD
[10:09:38] [92/326] STTZ
[10:09:39] [93/326] BTCF
[10:09:40] [94/326] TSTZ
[10:09:41] [95/326] IPMM
[10:09:42] [96/326] PMPW
[10:09:44] [97/326] PCMZ
[10:09:45] [98/326] ESEM
[10:09:45] [99/326] PIPO
[10:09:46] 🔄 Identity reset
[10:09:46] 🔄 Identity rotated (every 10 requests)
[10:09:46] [100/326] MATK
[10:09:47] [101/326] PGHM
[10:09:49] [102/326] CTSR
[10:09:49] [103/326] CYKR
[10:09:50] [104/326] MSCM
[10:09:51] [105/326] RFNP
[10:09:52] [106/326] PDCP
[10:09:52] [107/326] NPSE
[10:09:53] [108/326] MKML
[10:09:54] [109/326] FTDP
[10:09:55] 🔄 Identity reset
[10:09:55] 🔄 Identity rotated (every 10 requests)
[10:09:55] [110/326] MMXA
[10:09:56] [111/326] CEPO
[10:09:57] [112/326] CMVP
[10:09:58] [113/326] SGTH
[10:09:59] [114/326] SAYN
[10:10:00] [115/326] URVS
[10:10:00] [116/326] VJTN
[10:10:01] [117/326] BBYK
[10:10:02] [118/326] SHBO
[10:10:03] [119/326] VCMR
[10:10:03] 🔄 Identity reset
[10:10:03] 🔄 Identity rotated (every 10 requests)
[10:10:04] [120/326] MACT
[10:10:04] [121/326] JMNP
[10:10:05] [122/326] VICS
[10:10:06] [123/326] VCDA
[10:10:07] [124/326] GCMM
[10:10:08] [125/326] INVS
[10:10:09] [126/326] SCGM
[10:10:10] [127/326] PCDA
[10:10:10] [128/326] KDCT
[10:10:12] [129/326] JACS
[10:10:13] 🔄 Identity reset
[10:10:13] 🔄 Identity rotated (every 10 requests)
[10:10:13] [130/326] GMMC
[10:10:14] [131/326] AICM
[10:10:15] [132/326] TJCM
[10:10:15] [133/326] RMTI
[10:10:16] [134/326] SHAC
[10:10:17] [135/326] APJC
[10:10:18] [136/326] GCTG
[10:10:19] [137/326] SSMC
[10:10:21] [138/326] THRM
[10:10:21] [139/326] RBCT
[10:10:22] 🔄 Identity reset
[10:10:22] 🔄 Identity rotated (every 10 requests)
[10:10:22] [140/326] DIKT
[10:10:23] [141/326] MIDL
[10:10:24] [142/326] VCSN
[10:10:25] [143/326] SKTG
[10:10:25] [144/326] SMWC
[10:10:26] [145/326] MNKH
[10:10:27] [146/326] PIAT
[10:10:28] [147/326] LTTP
[10:10:29] [148/326] PTPU
[10:10:30] [149/326] ACMG
[10:10:31] 🔄 Identity reset
[10:10:31] 🔄 Identity rotated (every 10 requests)
[10:10:31] 🔄 Retry 1/5 for ACMG in 2.4s
[10:10:31] 🔄 Identity reset
[10:10:33] 🧠 New identity created
[10:10:34] [150/326] SHMM
[10:10:35] [151/326] MCMN
[10:10:35] [152/326] GLDC
[10:10:36] [153/326] HOUT
[10:10:37] [154/326] SVRP
[10:10:38] [155/326] PVDN
[10:10:39] [156/326] SCPY
[10:10:40] [157/326] DTPY
[10:10:41] [158/326] GKCS
[10:10:41] 🔄 Identity reset
[10:10:41] 🔄 Identity rotated (every 10 requests)
[10:10:42] [159/326] NCAM
[10:10:42] [160/326] BSRM
[10:10:43] [161/326] RCLC
[10:10:44] [162/326] SKKD
[10:10:45] [163/326] ACHU
[10:10:46] [164/326] RSCF
[10:10:47] [165/326] IMSH
[10:10:48] [166/326] MACX
[10:10:49] [167/326] HMMW
[10:10:50] [168/326] JTCP
[10:10:50] 🔄 Identity reset
[10:10:50] 🔄 Identity rotated (every 10 requests)
[10:10:51] [169/326] SREN
[10:10:52] [170/326] PJRR
[10:10:53] [171/326] INAC
[10:10:54] [172/326] BMCA
[10:10:55] [173/326] SHCB
[10:10:56] [174/326] GABA
[10:10:56] [175/326] SBCT
[10:10:57] [176/326] GCMA
[10:10:58] [177/326] MYTK
[10:10:59] [178/326] INZS
[10:11:00] 🔄 Identity reset
[10:11:00] 🔄 Identity rotated (every 10 requests)
[10:11:00] [179/326] RMIK
[10:11:01] [180/326] NYCH
[10:11:02] [181/326] RAVE
[10:11:03] [182/326] PSXM
[10:11:04] [183/326] MCGP
[10:11:05] [184/326] PDDK
[10:11:06] [185/326] SPCK
[10:11:06] [186/326] MCRL
[10:11:07] [187/326] MHKT
[10:11:08] [188/326] ANRR
[10:11:09] 🔄 Identity reset
[10:11:09] 🔄 Identity rotated (every 10 requests)
[10:11:09] [189/326] SAPK
[10:11:10] [190/326] NCUK
[10:11:12] [191/326] JUGA
[10:11:13] [192/326] DBSC
[10:11:14] [193/326] LALK
[10:11:14] [194/326] GUCK
[10:11:15] [195/326] STSG
[10:11:16] [196/326] PPPZ
[10:11:17] [197/326] CNCY
[10:11:18] [198/326] MTAR
[10:11:19] 🔄 Identity reset
[10:11:19] 🔄 Identity rotated (every 10 requests)
[10:11:19] [199/326] VNKD
[10:11:20] [200/326] KMAJ
[10:11:21] [201/326] ACXK
[10:11:21] [202/326] UTKC
[10:11:22] [203/326] PBLK
[10:11:23] [204/326] ACBX
[10:11:24] [205/326] PTGM
[10:11:25] [206/326] BTDA
[10:11:26] [207/326] PJMB
[10:11:27] [208/326] TPDA
[10:11:27] 🔄 Identity reset
[10:11:27] 🔄 Identity rotated (every 10 requests)
[10:11:27] [209/326] AMOE
[10:11:28] [210/326] PRHT
[10:11:29] [211/326] PRTA
[10:11:30] [212/326] STAM
[10:11:31] [213/326] MSAA
[10:11:32] [214/326] SDLU
[10:11:33] [215/326] RCHH
[10:11:34] [216/326] KANT
[10:11:35] [217/326] FCRT
[10:11:35] [218/326] DNKM
[10:11:36] 🔄 Identity reset
[10:11:36] 🔄 Identity rotated (every 10 requests)
[10:11:36] [219/326] RYCP
[10:11:37] [220/326] MYRP
[10:11:38] [221/326] PPAK
[10:11:39] [222/326] NVPK
[10:11:40] [223/326] PRMC
[10:11:41] [224/326] JBCS
[10:11:41] [225/326] GXCK
[10:11:42] [226/326] USKO
[10:11:43] [227/326] GTEM
[10:11:44] [228/326] SMBU
[10:11:44] 🔄 Identity reset
[10:11:44] 🔄 Identity rotated (every 10 requests)
[10:11:45] [229/326] VETC
[10:11:47] [230/326] LCDA
[10:11:48] [231/326] MTVT
[10:11:49] [232/326] PYCP
[10:11:50] [233/326] PNSC
[10:11:50] [234/326] PPCC
[10:11:51] [235/326] TGRT
[10:11:52] [236/326] JYOT
[10:11:53] [237/326] SRCZ
[10:11:54] [238/326] SJTE
[10:11:54] 🔄 Identity reset
[10:11:54] 🔄 Identity rotated (every 10 requests)
[10:11:54] 🔄 Retry 1/5 for SJTE in 2.8s
[10:11:54] 🔄 Identity reset
[10:11:57] 🧠 New identity created
[10:11:57] [239/326] DESC
[10:11:58] [240/326] JHVN
[10:11:59] [241/326] IPSG
[10:12:00] [242/326] IPCM
[10:12:01] [243/326] PDRS
[10:12:02] [244/326] ANCV
[10:12:03] [245/326] CMVV
[10:12:04] [246/326] SHYP
[10:12:04] [247/326] DNCS
[10:12:05] 🔄 Identity reset
[10:12:05] 🔄 Identity rotated (every 10 requests)
[10:12:05] [248/326] GAJK
[10:12:06] [249/326] AKTN
[10:12:07] [250/326] KAYA
[10:12:08] [251/326] SBRC
[10:12:09] [252/326] CHTP
[10:12:10] [253/326] SHRT
[10:12:10] [254/326] BCKU
[10:12:11] [255/326] FCPS
[10:12:12] [256/326] ARDD
[10:12:13] [257/326] CPCM
[10:12:13] 🔄 Identity reset
[10:12:13] 🔄 Identity rotated (every 10 requests)
[10:12:14] [258/326] CGSM
[10:12:14] [259/326] PSMP
[10:12:15] [260/326] SDAL
[10:12:16] [261/326] RTNB
[10:12:18] [262/326] LMCR
[10:12:18] [263/326] CIMA
[10:12:20] [264/326] RNAS
[10:12:21] [265/326] LITH
[10:12:22] [266/326] PBOX
[10:12:23] [267/326] FRTS
[10:12:23] 🔄 Identity reset
[10:12:23] 🔄 Identity rotated (every 10 requests)
[10:12:24] [268/326] RKIC
[10:12:24] [269/326] PTAI
[10:12:25] [270/326] GCIC
[10:12:27] [271/326] FNAS
[10:12:28] [272/326] SCAR
[10:12:29] [273/326] MTCA
[10:12:30] [274/326] SCTS
[10:12:30] [275/326] SYCS
[10:12:31] [276/326] RDMS
[10:12:32] [277/326] KAMP
[10:12:33] 🔄 Identity reset
[10:12:33] 🔄 Identity rotated (every 10 requests)
[10:12:33] [278/326] ERSD
[10:12:35] [279/326] MJMJ
[10:12:36] [280/326] SRCJ
[10:12:37] [281/326] SCXE
[10:12:38] [282/326] SVFR
[10:12:39] [283/326] BHCS
[10:12:40] [284/326] IMCC
[10:12:41] [285/326] PCBO
[10:12:42] [286/326] PRVN
[10:12:43] [287/326] AUPM
[10:12:43] 🔄 Identity reset
[10:12:43] 🔄 Identity rotated (every 10 requests)
[10:12:44] [288/326] INBW
[10:12:45] [289/326] SVCW
[10:12:45] [290/326] RKCF
[10:12:46] [291/326] UVBH
[10:12:47] [292/326] DNCY
[10:12:48] [293/326] ABCN
[10:12:49] [294/326] PRUR
[10:12:49] [295/326] PFMR
[10:12:50] [296/326] RKCN
[10:12:51] [297/326] CFEA
[10:12:52] 🔄 Identity reset
[10:12:52] 🔄 Identity rotated (every 10 requests)
[10:12:52] [298/326] SDBG
[10:12:53] [299/326] SNAR
[10:12:54] [300/326] YISI
[10:12:55] [301/326] JCFF
[10:12:56] [302/326] VTRK
[10:12:57] [303/326] PCLZ
[10:12:58] [304/326] DIMY
[10:12:58] [305/326] BBTS
[10:12:59] [306/326] GATH
[10:13:00] [307/326] GTMN
[10:13:01] 🔄 Identity reset
[10:13:01] 🔄 Identity rotated (every 10 requests)
[10:13:01] [308/326] VTMH
[10:13:03] [309/326] CCKP
[10:13:04] [310/326] GPKA
[10:13:04] [311/326] MHCL
[10:13:05] [312/326] ATCL
[10:13:06] [313/326] SBCK
[10:13:07] [314/326] AMMR
[10:13:08] [315/326] MADC
[10:13:09] [316/326] TMMA
[10:13:10] [317/326] CACC
[10:13:10] 🔄 Identity reset
[10:13:11] 🔄 Identity rotated (every 10 requests)
[10:13:11] [318/326] CHAL
[10:13:12] [319/326] DURG
[10:13:13] [320/326] GMKU
[10:13:13] [321/326] GECA
[10:13:14] [322/326] KYRR
[10:13:15] [323/326] KSDE
[10:13:16] [324/326] LMCI
[10:13:17] [325/326] NKCP
[10:13:18] [326/326] BGTC
[10:13:19] 🧹 Deduping shows
[10:13:19] ✅ DONE | Shows=487 | Movies=39
[16:43:15] 🚀 SCRIPT STARTED (enhanced anti‑detection)
[16:43:15] [1/326] BSAT
[16:43:15] 🧠 New identity created
[16:43:16] [2/326] RSSM
[16:43:16] [3/326] GCTA
[16:43:17] [4/326] TOPN
[16:43:18] [5/326] MCUS
[16:43:19] [6/326] SHRL
[16:43:21] [7/326] UPTP
[16:43:22] [8/326] TMMP
[16:43:23] [9/326] DNRP
[16:43:24] [10/326] SRLT
[16:43:24] 🔄 Identity reset
[16:43:24] 🔄 Identity rotated (every 10 requests)
[16:43:25] [11/326] RCNS
[16:43:26] [12/326] DCBH
[16:43:26] [13/326] NAGJ
[16:43:27] [14/326] JVRC
[16:43:28] [15/326] KRJG
[16:43:29] [16/326] SRTJ
[16:43:30] [17/326] CMXM
[16:43:31] [18/326] STMI
[16:43:31] [19/326] SLST
[16:43:33] [20/326] DTCN
[16:43:33] 🔄 Identity reset
[16:43:33] 🔄 Identity rotated (every 10 requests)
[16:43:34] [21/326] STYN
[16:43:35] [22/326] SZVR
[16:43:36] [23/326] SRKO
[16:43:37] [24/326] JTGT
[16:43:38] [25/326] SVFD
[16:43:39] [26/326] SISD
[16:43:40] [27/326] ABDD
[16:43:41] [28/326] DRCA
[16:43:42] [29/326] AVCS
[16:43:43] [30/326] MVKH
[16:43:43] 🔄 Identity reset
[16:43:43] 🔄 Identity rotated (every 10 requests)
[16:43:44] [31/326] ACPR
[16:43:45] [32/326] STIP
[16:43:46] [33/326] MTRA
[16:43:47] [34/326] RMKH
[16:43:48] [35/326] NKRL
[16:43:49] [36/326] PCWN
[16:43:51] [37/326] BLMT
[16:43:52] [38/326] GDPG
[16:43:52] [39/326] SRMX
[16:43:54] [40/326] JACP
[16:43:55] 🔄 Identity reset
[16:43:55] 🔄 Identity rotated (every 10 requests)
[16:43:55] [41/326] CPSH
[16:43:56] [42/326] MCCD
[16:43:57] [43/326] ECGH
[16:43:58] [44/326] MKCK
[16:43:59] [45/326] SRMM
[16:44:00] [46/326] SKYR
[16:44:01] [47/326] PCKC
[16:44:02] [48/326] JCMA
[16:44:03] [49/326] BSMP
[16:44:04] [50/326] VSPA
[16:44:04] 🔄 Identity reset
[16:44:04] 🔄 Identity rotated (every 10 requests)
[16:44:05] [51/326] DJYA
[16:44:05] [52/326] DIMP
[16:44:07] [53/326] FXDR
[16:44:08] [54/326] SSRC
[16:44:09] [55/326] STHP
[16:44:10] [56/326] CPPD
[16:44:10] [57/326] FCLK
[16:44:11] [58/326] SCPP
[16:44:12] [59/326] DCMJ
[16:44:13] [60/326] RCCR
[16:44:13] 🔄 Identity reset
[16:44:13] 🔄 Identity rotated (every 10 requests)
[16:44:14] [61/326] INMT
[16:44:15] [62/326] LXTK
[16:44:16] [63/326] SRYK
[16:44:17] [64/326] SGDK
[16:44:18] [65/326] PPKA
[16:44:19] [66/326] SPKA
[16:44:20] [67/326] CGHH
[16:44:22] [68/326] DCJN
[16:44:23] [69/326] SRKV
[16:44:24] [70/326] SAJC
[16:44:25] 🔄 Identity reset
[16:44:25] 🔄 Identity rotated (every 10 requests)
[16:44:25] [71/326] SUSR
[16:44:27] [72/326] STYG
[16:44:28] [73/326] NTKP
[16:44:28] [74/326] AKTG
[16:44:29] [75/326] CGCM
[16:44:31] [76/326] TULC
[16:44:32] [77/326] NYYZ
[16:44:33] [78/326] NYBW
[16:44:34] [79/326] MACB
[16:44:35] [80/326] SLVT
[16:44:35] 🔄 Identity reset
[16:44:35] 🔄 Identity rotated (every 10 requests)
[16:44:36] [81/326] SANA
[16:44:37] [82/326] ACMR
[16:44:38] [83/326] CPKN
[16:44:39] [84/326] DLGK
[16:44:40] [85/326] CWCK
[16:44:41] [86/326] FDDH
[16:44:41] [87/326] MMMD
[16:44:42] [88/326] CMEH
[16:44:43] [89/326] GGGV
[16:44:44] [90/326] SPJL
[16:44:45] 🔄 Identity reset
[16:44:45] 🔄 Identity rotated (every 10 requests)
[16:44:45] [91/326] RCCD
[16:44:46] [92/326] STTZ
[16:44:47] [93/326] BTCF
[16:44:48] [94/326] TSTZ
[16:44:49] [95/326] IPMM
[16:44:50] [96/326] PMPW
[16:44:51] [97/326] PCMZ
[16:44:52] [98/326] ESEM
[16:44:53] [99/326] PIPO
[16:44:54] [100/326] MATK
[16:44:55] 🔄 Identity reset
[16:44:55] 🔄 Identity rotated (every 10 requests)
[16:44:55] [101/326] PGHM
[16:44:56] [102/326] CTSR
[16:44:57] [103/326] CYKR
[16:44:58] [104/326] MSCM
[16:44:59] [105/326] RFNP
[16:45:00] [106/326] PDCP
[16:45:00] [107/326] NPSE
[16:45:01] [108/326] MKML
[16:45:02] [109/326] FTDP
[16:45:04] [110/326] MMXA
[16:45:05] 🔄 Identity reset
[16:45:05] 🔄 Identity rotated (every 10 requests)
[16:45:05] [111/326] CEPO
[16:45:07] [112/326] CMVP
[16:45:08] [113/326] SGTH
[16:45:08] [114/326] SAYN
[16:45:09] [115/326] URVS
[16:45:10] [116/326] VJTN
[16:45:11] [117/326] BBYK
[16:45:12] [118/326] SHBO
[16:45:13] [119/326] VCMR
[16:45:15] [120/326] MACT
[16:45:16] 🔄 Identity reset
[16:45:16] 🔄 Identity rotated (every 10 requests)
[16:45:17] [121/326] JMNP
[16:45:18] [122/326] VICS
[16:45:19] [123/326] VCDA
[16:45:20] [124/326] GCMM
[16:45:21] [125/326] INVS
[16:45:22] [126/326] SCGM
[16:45:23] [127/326] PCDA
[16:45:25] [128/326] KDCT
[16:45:26] [129/326] JACS
[16:45:27] [130/326] GMMC
[16:45:28] 🔄 Identity reset
[16:45:28] 🔄 Identity rotated (every 10 requests)
[16:45:28] [131/326] AICM
[16:45:29] [132/326] TJCM
[16:45:30] [133/326] RMTI
[16:45:31] [134/326] SHAC
[16:45:32] [135/326] APJC
[16:45:33] [136/326] GCTG
[16:45:34] [137/326] SSMC
[16:45:35] [138/326] THRM
[16:45:36] [139/326] RBCT
[16:45:37] [140/326] DIKT
[16:45:38] 🔄 Identity reset
[16:45:38] 🔄 Identity rotated (every 10 requests)
[16:45:38] [141/326] MIDL
[16:45:39] [142/326] VCSN
[16:45:40] [143/326] SKTG
[16:45:41] [144/326] SMWC
[16:45:43] [145/326] MNKH
[16:45:44] [146/326] PIAT
[16:45:45] [147/326] LTTP
[16:45:46] [148/326] PTPU
[16:45:48] [149/326] ACMG
[16:45:49] [150/326] SHMM
[16:45:49] 🔄 Identity reset
[16:45:50] 🔄 Identity rotated (every 10 requests)
[16:45:50] [151/326] MCMN
[16:45:51] [152/326] GLDC
[16:45:52] [153/326] HOUT
[16:45:53] [154/326] SVRP
[16:45:54] [155/326] PVDN
[16:45:55] [156/326] SCPY
[16:45:56] [157/326] DTPY
[16:45:57] [158/326] GKCS
[16:45:58] [159/326] NCAM
[16:45:59] [160/326] BSRM
[16:45:59] 🔄 Identity reset
[16:45:59] 🔄 Identity rotated (every 10 requests)
[16:46:00] [161/326] RCLC
[16:46:00] [162/326] SKKD
[16:46:02] [163/326] ACHU
[16:46:03] [164/326] RSCF
[16:46:04] [165/326] IMSH
[16:46:05] [166/326] MACX
[16:46:06] [167/326] HMMW
[16:46:07] [168/326] JTCP
[16:46:08] [169/326] SREN
[16:46:09] [170/326] PJRR
[16:46:10] 🔄 Identity reset
[16:46:10] 🔄 Identity rotated (every 10 requests)
[16:46:10] [171/326] INAC
[16:46:11] [172/326] BMCA
[16:46:12] [173/326] SHCB
[16:46:12] [174/326] GABA
[16:46:14] [175/326] SBCT
[16:46:14] [176/326] GCMA
[16:46:15] [177/326] MYTK
[16:46:17] [178/326] INZS
[16:46:18] [179/326] RMIK
[16:46:19] [180/326] NYCH
[16:46:20] 🔄 Identity reset
[16:46:20] 🔄 Identity rotated (every 10 requests)
[16:46:20] [181/326] RAVE
[16:46:22] [182/326] PSXM
[16:46:22] [183/326] MCGP
[16:46:23] [184/326] PDDK
[16:46:24] [185/326] SPCK
[16:46:25] [186/326] MCRL
[16:46:26] [187/326] MHKT
[16:46:27] [188/326] ANRR
[16:46:28] [189/326] SAPK
[16:46:29] [190/326] NCUK
[16:46:29] 🔄 Identity reset
[16:46:29] 🔄 Identity rotated (every 10 requests)
[16:46:30] [191/326] JUGA
[16:46:31] [192/326] DBSC
[16:46:32] [193/326] LALK
[16:46:33] [194/326] GUCK
[16:46:34] [195/326] STSG
[16:46:35] [196/326] PPPZ
[16:46:36] [197/326] CNCY
[16:46:37] [198/326] MTAR
[16:46:38] [199/326] VNKD
[16:46:39] [200/326] KMAJ
[16:46:40] 🔄 Identity reset
[16:46:40] 🔄 Identity rotated (every 10 requests)
[16:46:40] [201/326] ACXK
[16:46:41] [202/326] UTKC
[16:46:43] [203/326] PBLK
[16:46:43] [204/326] ACBX
[16:46:45] [205/326] PTGM
[16:46:46] [206/326] BTDA
[16:46:47] [207/326] PJMB
[16:46:48] [208/326] TPDA
[16:46:50] [209/326] AMOE
[16:46:51] [210/326] PRHT
[16:46:51] 🔄 Identity reset
[16:46:51] 🔄 Identity rotated (every 10 requests)
[16:46:52] [211/326] PRTA
[16:46:53] [212/326] STAM
[16:46:54] [213/326] MSAA
[16:46:55] [214/326] SDLU
[16:46:56] [215/326] RCHH
[16:46:57] [216/326] KANT
[16:46:58] [217/326] FCRT
[16:46:59] [218/326] DNKM
[16:47:00] [219/326] RYCP
[16:47:01] [220/326] MYRP
[16:47:01] 🔄 Identity reset
[16:47:01] 🔄 Identity rotated (every 10 requests)
[16:47:02] [221/326] PPAK
[16:47:04] [222/326] NVPK
[16:47:05] [223/326] PRMC
[16:47:05] [224/326] JBCS
[16:47:06] [225/326] GXCK
[16:47:07] [226/326] USKO
[16:47:08] [227/326] GTEM
[16:47:09] [228/326] SMBU
[16:47:10] [229/326] VETC
[16:47:11] [230/326] LCDA
[16:47:12] 🔄 Identity reset
[16:47:12] 🔄 Identity rotated (every 10 requests)
[16:47:12] [231/326] MTVT
[16:47:13] [232/326] PYCP
[16:47:14] [233/326] PNSC
[16:47:15] [234/326] PPCC
[16:47:16] [235/326] TGRT
[16:47:17] [236/326] JYOT
[16:47:18] [237/326] SRCZ
[16:47:19] [238/326] SJTE
[16:47:20] [239/326] DESC
[16:47:21] [240/326] JHVN
[16:47:21] 🔄 Identity reset
[16:47:21] 🔄 Identity rotated (every 10 requests)
[16:47:21] [241/326] IPSG
[16:47:22] [242/326] IPCM
[16:47:23] [243/326] PDRS
[16:47:24] [244/326] ANCV
[16:47:25] [245/326] CMVV
[16:47:27] [246/326] SHYP
[16:47:28] [247/326] DNCS
[16:47:29] [248/326] GAJK
[16:47:31] [249/326] AKTN
[16:47:32] [250/326] KAYA
[16:47:32] 🔄 Identity reset
[16:47:32] 🔄 Identity rotated (every 10 requests)
[16:47:33] [251/326] SBRC
[16:47:34] [252/326] CHTP
[16:47:35] [253/326] SHRT
[16:47:37] [254/326] BCKU
[16:47:38] [255/326] FCPS
[16:47:39] [256/326] ARDD
[16:47:40] [257/326] CPCM
[16:47:41] [258/326] CGSM
[16:47:41] [259/326] PSMP
[16:47:42] [260/326] SDAL
[16:47:43] 🔄 Identity reset
[16:47:43] 🔄 Identity rotated (every 10 requests)
[16:47:43] [261/326] RTNB
[16:47:44] [262/326] LMCR
[16:47:45] [263/326] CIMA
[16:47:46] [264/326] RNAS
[16:47:47] [265/326] LITH
[16:47:49] [266/326] PBOX
[16:47:50] [267/326] FRTS
[16:47:50] [268/326] RKIC
[16:47:51] [269/326] PTAI
[16:47:53] [270/326] GCIC
[16:47:54] 🔄 Identity reset
[16:47:54] 🔄 Identity rotated (every 10 requests)
[16:47:54] [271/326] FNAS
[16:47:55] [272/326] SCAR
[16:47:56] [273/326] MTCA
[16:47:57] [274/326] SCTS
[16:47:58] [275/326] SYCS
[16:47:59] [276/326] RDMS
[16:48:00] [277/326] KAMP
[16:48:01] [278/326] ERSD
[16:48:02] [279/326] MJMJ
[16:48:03] [280/326] SRCJ
[16:48:04] 🔄 Identity reset
[16:48:04] 🔄 Identity rotated (every 10 requests)
[16:48:05] [281/326] SCXE
[16:48:06] [282/326] SVFR
[16:48:07] [283/326] BHCS
[16:48:08] [284/326] IMCC
[16:48:09] [285/326] PCBO
[16:48:10] [286/326] PRVN
[16:48:12] [287/326] AUPM
[16:48:14] [288/326] INBW
[16:48:15] [289/326] SVCW
[16:48:15] [290/326] RKCF
[16:48:16] 🔄 Identity reset
[16:48:16] 🔄 Identity rotated (every 10 requests)
[16:48:16] [291/326] UVBH
[16:48:17] [292/326] DNCY
[16:48:18] [293/326] ABCN
[16:48:19] [294/326] PRUR
[16:48:20] [295/326] PFMR
[16:48:22] [296/326] RKCN
[16:48:23] [297/326] CFEA
[16:48:24] [298/326] SDBG
[16:48:25] [299/326] SNAR
[16:48:26] [300/326] YISI
[16:48:26] 🔄 Identity reset
[16:48:26] 🔄 Identity rotated (every 10 requests)
[16:48:27] [301/326] JCFF
[16:48:28] [302/326] VTRK
[16:48:29] [303/326] PCLZ
[16:48:30] [304/326] DIMY
[16:48:31] [305/326] BBTS
[16:48:32] [306/326] GATH
[16:48:33] [307/326] GTMN
[16:48:34] [308/326] VTMH
[16:48:35] [309/326] CCKP
[16:48:36] [310/326] GPKA
[16:48:37] 🔄 Identity reset
[16:48:37] 🔄 Identity rotated (every 10 requests)
[16:48:37] [311/326] MHCL
[16:48:38] [312/326] ATCL
[16:48:39] [313/326] SBCK
[16:48:40] [314/326] AMMR
[16:48:41] [315/326] MADC
[16:48:42] [316/326] TMMA
[16:48:43] [317/326] CACC
[16:48:44] [318/326] CHAL
[16:48:45] [319/326] DURG
[16:48:46] [320/326] GMKU
[16:48:47] 🔄 Identity reset
[16:48:47] 🔄 Identity rotated (every 10 requests)
[16:48:47] [321/326] GECA
[16:48:48] [322/326] KYRR
[16:48:49] [323/326] KSDE
[16:48:50] [324/326] LMCI
[16:48:51] [325/326] NKCP
[16:48:52] [326/326] BGTC
[16:48:52] 🧹 Deduping shows
[16:48:52] ✅ DONE | Shows=555 | Movies=49
[04:59:40] 🚀 SCRIPT STARTED (enhanced anti‑detection)
[04:59:40] [1/326] BSAT
[04:59:40] 🧠 New identity created
[04:59:41] [2/326] RSSM
[04:59:42] [3/326] GCTA
[04:59:43] [4/326] TOPN
[04:59:44] [5/326] MCUS
[04:59:44] [6/326] SHRL
[04:59:45] [7/326] UPTP
[04:59:47] [8/326] TMMP
[04:59:48] [9/326] DNRP
[04:59:49] [10/326] SRLT
[04:59:49] 🔄 Identity reset
[04:59:49] 🔄 Identity rotated (every 10 requests)
[04:59:50] [11/326] RCNS
[04:59:52] [12/326] DCBH
[04:59:53] [13/326] NAGJ
[04:59:53] [14/326] JVRC
[04:59:54] [15/326] KRJG
[04:59:55] [16/326] SRTJ
[04:59:56] [17/326] CMXM
[04:59:57] [18/326] STMI
[04:59:58] [19/326] SLST
[04:59:59] [20/326] DTCN
[05:00:00] 🔄 Identity reset
[05:00:00] 🔄 Identity rotated (every 10 requests)
[05:00:00] [21/326] STYN
[05:00:01] [22/326] SZVR
[05:00:02] [23/326] SRKO
[05:00:03] [24/326] JTGT
[05:00:04] [25/326] SVFD
[05:00:05] [26/326] SISD
[05:00:06] [27/326] ABDD
[05:00:07] [28/326] DRCA
[05:00:08] [29/326] AVCS
[05:00:09] [30/326] MVKH
[05:00:10] 🔄 Identity reset
[05:00:10] 🔄 Identity rotated (every 10 requests)
[05:00:11] [31/326] ACPR
[05:00:12] [32/326] STIP
[05:00:13] [33/326] MTRA
[05:00:13] [34/326] RMKH
[05:00:14] [35/326] NKRL
[05:00:15] [36/326] PCWN
[05:00:16] [37/326] BLMT
[05:00:17] [38/326] GDPG
[05:00:18] [39/326] SRMX
[05:00:19] [40/326] JACP
[05:00:19] 🔄 Identity reset
[05:00:19] 🔄 Identity rotated (every 10 requests)
[05:00:20] [41/326] CPSH
[05:00:21] [42/326] MCCD
[05:00:22] [43/326] ECGH
[05:00:23] [44/326] MKCK
[05:00:24] [45/326] SRMM
[05:00:25] [46/326] SKYR
[05:00:26] [47/326] PCKC
[05:00:27] [48/326] JCMA
[05:00:28] [49/326] BSMP
[05:00:29] [50/326] VSPA
[05:00:29] 🔄 Identity reset
[05:00:29] 🔄 Identity rotated (every 10 requests)
[05:00:30] [51/326] DJYA
[05:00:31] [52/326] DIMP
[05:00:33] [53/326] FXDR
[05:00:34] [54/326] SSRC
[05:00:35] [55/326] STHP
[05:00:36] [56/326] CPPD
[05:00:37] [57/326] FCLK
[05:00:38] [58/326] SCPP
[05:00:39] [59/326] DCMJ
[05:00:40] [60/326] RCCR
[05:00:40] 🔄 Identity reset
[05:00:40] 🔄 Identity rotated (every 10 requests)
[05:00:41] [61/326] INMT
[05:00:42] [62/326] LXTK
[05:00:43] [63/326] SRYK
[05:00:44] [64/326] SGDK
[05:00:45] [65/326] PPKA
[05:00:46] [66/326] SPKA
[05:00:48] [67/326] CGHH
[05:00:49] [68/326] DCJN
[05:00:50] [69/326] SRKV
[05:00:51] [70/326] SAJC
[05:00:52] 🔄 Identity reset
[05:00:52] 🔄 Identity rotated (every 10 requests)
[05:00:52] [71/326] SUSR
[05:00:53] [72/326] STYG
[05:00:54] [73/326] NTKP
[05:00:55] [74/326] AKTG
[05:00:57] [75/326] CGCM
[05:00:58] [76/326] TULC
[05:00:59] [77/326] NYYZ
[05:01:00] [78/326] NYBW
[05:01:01] [79/326] MACB
[05:01:02] [80/326] SLVT
[05:01:02] 🔄 Identity reset
[05:01:02] 🔄 Identity rotated (every 10 requests)
[05:01:03] [81/326] SANA
[05:01:04] [82/326] ACMR
[05:01:05] [83/326] CPKN
[05:01:05] [84/326] DLGK
[05:01:06] [85/326] CWCK
[05:01:08] [86/326] FDDH
[05:01:09] [87/326] MMMD
[05:01:10] [88/326] CMEH
[05:01:11] [89/326] GGGV
[05:01:12] [90/326] SPJL
[05:01:13] 🔄 Identity reset
[05:01:13] 🔄 Identity rotated (every 10 requests)
[05:01:13] [91/326] RCCD
[05:01:14] [92/326] STTZ
[05:01:15] [93/326] BTCF
[05:01:16] [94/326] TSTZ
[05:01:17] [95/326] IPMM
[05:01:18] [96/326] PMPW
[05:01:19] [97/326] PCMZ
[05:01:20] [98/326] ESEM
[05:01:21] [99/326] PIPO
[05:01:22] [100/326] MATK
[05:01:23] 🔄 Identity reset
[05:01:23] 🔄 Identity rotated (every 10 requests)
[05:01:23] [101/326] PGHM
[05:01:24] [102/326] CTSR
[05:01:25] [103/326] CYKR
[05:01:26] [104/326] MSCM
[05:01:27] [105/326] RFNP
[05:01:28] [106/326] PDCP
[05:01:30] [107/326] NPSE
[05:01:31] [108/326] MKML
[05:01:32] [109/326] FTDP
[05:01:32] [110/326] MMXA
[05:01:33] 🔄 Identity reset
[05:01:33] 🔄 Identity rotated (every 10 requests)
[05:01:34] [111/326] CEPO
[05:01:35] [112/326] CMVP
[05:01:36] [113/326] SGTH
[05:01:37] [114/326] SAYN
[05:01:38] [115/326] URVS
[05:01:39] [116/326] VJTN
[05:01:40] [117/326] BBYK
[05:01:41] [118/326] SHBO
[05:01:42] [119/326] VCMR
[05:01:43] [120/326] MACT
[05:01:44] 🔄 Identity reset
[05:01:44] 🔄 Identity rotated (every 10 requests)
[05:01:44] [121/326] JMNP
[05:01:45] [122/326] VICS
[05:01:46] [123/326] VCDA
[05:01:47] [124/326] GCMM
[05:01:48] [125/326] INVS
[05:01:50] [126/326] SCGM
[05:01:51] [127/326] PCDA
[05:01:52] [128/326] KDCT
[05:01:53] [129/326] JACS
[05:01:54] [130/326] GMMC
[05:01:55] 🔄 Identity reset
[05:01:55] 🔄 Identity rotated (every 10 requests)
[05:01:55] [131/326] AICM
[05:01:56] [132/326] TJCM
[05:01:58] [133/326] RMTI
[05:01:59] [134/326] SHAC
[05:02:00] [135/326] APJC
[05:02:01] [136/326] GCTG
[05:02:02] [137/326] SSMC
[05:02:03] [138/326] THRM
[05:02:04] [139/326] RBCT
[05:02:05] [140/326] DIKT
[05:02:06] 🔄 Identity reset
[05:02:06] 🔄 Identity rotated (every 10 requests)
[05:02:06] [141/326] MIDL
[05:02:07] [142/326] VCSN
[05:02:08] [143/326] SKTG
[05:02:09] [144/326] SMWC
[05:02:10] [145/326] MNKH
[05:02:11] [146/326] PIAT
[05:02:12] [147/326] LTTP
[05:02:13] [148/326] PTPU
[05:02:14] [149/326] ACMG
[05:02:15] [150/326] SHMM
[05:02:15] 🔄 Identity reset
[05:02:15] 🔄 Identity rotated (every 10 requests)
[05:02:16] [151/326] MCMN
[05:02:17] [152/326] GLDC
[05:02:18] [153/326] HOUT
[05:02:19] [154/326] SVRP
[05:02:20] [155/326] PVDN
[05:02:21] [156/326] SCPY
[05:02:22] [157/326] DTPY
[05:02:23] [158/326] GKCS
[05:02:25] [159/326] NCAM
[05:02:26] [160/326] BSRM
[05:02:27] 🔄 Identity reset
[05:02:27] 🔄 Identity rotated (every 10 requests)
[05:02:27] [161/326] RCLC
[05:02:28] [162/326] SKKD
[05:02:29] [163/326] ACHU
[05:02:30] [164/326] RSCF
[05:02:31] [165/326] IMSH
[05:02:32] [166/326] MACX
[05:02:33] [167/326] HMMW
[05:02:34] [168/326] JTCP
[05:02:35] [169/326] SREN
[05:02:35] [170/326] PJRR
[05:02:36] 🔄 Identity reset
[05:02:36] 🔄 Identity rotated (every 10 requests)
[05:02:37] [171/326] INAC
[05:02:37] [172/326] BMCA
[05:02:38] [173/326] SHCB
[05:02:39] [174/326] GABA
[05:02:40] [175/326] SBCT
[05:02:41] [176/326] GCMA
[05:02:42] [177/326] MYTK
[05:02:42] [178/326] INZS
[05:02:43] [179/326] RMIK
[05:02:44] [180/326] NYCH
[05:02:45] 🔄 Identity reset
[05:02:45] 🔄 Identity rotated (every 10 requests)
[05:02:45] [181/326] RAVE
[05:02:46] [182/326] PSXM
[05:02:48] [183/326] MCGP
[05:02:49] [184/326] PDDK
[05:02:50] [185/326] SPCK
[05:02:51] [186/326] MCRL
[05:02:52] [187/326] MHKT
[05:02:53] [188/326] ANRR
[05:02:54] [189/326] SAPK
[05:02:55] [190/326] NCUK
[05:02:55] 🔄 Identity reset
[05:02:55] 🔄 Identity rotated (every 10 requests)
[05:02:56] [191/326] JUGA
[05:02:57] [192/326] DBSC
[05:02:58] [193/326] LALK
[05:02:59] [194/326] GUCK
[05:03:00] [195/326] STSG
[05:03:00] [196/326] PPPZ
[05:03:01] [197/326] CNCY
[05:03:03] [198/326] MTAR
[05:03:03] [199/326] VNKD
[05:03:04] [200/326] KMAJ
[05:03:05] 🔄 Identity reset
[05:03:05] 🔄 Identity rotated (every 10 requests)
[05:03:05] [201/326] ACXK
[05:03:06] [202/326] UTKC
[05:03:07] [203/326] PBLK
[05:03:08] [204/326] ACBX
[05:03:09] [205/326] PTGM
[05:03:10] [206/326] BTDA
[05:03:11] [207/326] PJMB
[05:03:13] [208/326] TPDA
[05:03:13] [209/326] AMOE
[05:03:14] [210/326] PRHT
[05:03:15] 🔄 Identity reset
[05:03:15] 🔄 Identity rotated (every 10 requests)
[05:03:15] [211/326] PRTA
[05:03:16] [212/326] STAM
[05:03:17] [213/326] MSAA
[05:03:18] [214/326] SDLU
[05:03:19] [215/326] RCHH
[05:03:20] [216/326] KANT
[05:03:21] [217/326] FCRT
[05:03:22] [218/326] DNKM
[05:03:23] [219/326] RYCP
[05:03:24] [220/326] MYRP
[05:03:24] 🔄 Identity reset
[05:03:24] 🔄 Identity rotated (every 10 requests)
[05:03:25] [221/326] PPAK
[05:03:26] [222/326] NVPK
[05:03:26] [223/326] PRMC
[05:03:27] [224/326] JBCS
[05:03:28] [225/326] GXCK
[05:03:29] [226/326] USKO
[05:03:30] [227/326] GTEM
[05:03:31] [228/326] SMBU
[05:03:32] [229/326] VETC
[05:03:33] [230/326] LCDA
[05:03:34] 🔄 Identity reset
[05:03:34] 🔄 Identity rotated (every 10 requests)
[05:03:35] [231/326] MTVT
[05:03:36] [232/326] PYCP
[05:03:37] [233/326] PNSC
[05:03:38] [234/326] PPCC
[05:03:38] [235/326] TGRT
[05:03:39] [236/326] JYOT
[05:03:40] [237/326] SRCZ
[05:03:41] [238/326] SJTE
[05:03:42] [239/326] DESC
[05:03:43] [240/326] JHVN
[05:03:44] 🔄 Identity reset
[05:03:44] 🔄 Identity rotated (every 10 requests)
[05:03:44] [241/326] IPSG
[05:03:45] [242/326] IPCM
[05:03:46] [243/326] PDRS
[05:03:47] [244/326] ANCV
[05:03:48] [245/326] CMVV
[05:03:49] [246/326] SHYP
[05:03:50] [247/326] DNCS
[05:03:51] [248/326] GAJK
[05:03:52] [249/326] AKTN
[05:03:53] [250/326] KAYA
[05:03:53] 🔄 Identity reset
[05:03:53] 🔄 Identity rotated (every 10 requests)
[05:03:53] 🔄 Retry 1/5 for KAYA in 2.7s
[05:03:53] 🔄 Identity reset
[05:03:56] 🧠 New identity created
[05:03:57] [251/326] SBRC
[05:03:58] [252/326] CHTP
[05:03:59] [253/326] SHRT
[05:04:00] [254/326] BCKU
[05:04:00] [255/326] FCPS
[05:04:01] [256/326] ARDD
[05:04:02] [257/326] CPCM
[05:04:03] [258/326] CGSM
[05:04:04] [259/326] PSMP
[05:04:04] 🔄 Identity reset
[05:04:05] 🔄 Identity rotated (every 10 requests)
[05:04:05] [260/326] SDAL
[05:04:06] [261/326] RTNB
[05:04:07] [262/326] LMCR
[05:04:08] [263/326] CIMA
[05:04:09] [264/326] RNAS
[05:04:10] [265/326] LITH
[05:04:11] [266/326] PBOX
[05:04:12] [267/326] FRTS
[05:04:12] [268/326] RKIC
[05:04:13] [269/326] PTAI
[05:04:14] 🔄 Identity reset
[05:04:14] 🔄 Identity rotated (every 10 requests)
[05:04:15] [270/326] GCIC
[05:04:16] [271/326] FNAS
[05:04:17] [272/326] SCAR
[05:04:18] [273/326] MTCA
[05:04:19] [274/326] SCTS
[05:04:20] [275/326] SYCS
[05:04:21] [276/326] RDMS
[05:04:22] [277/326] KAMP
[05:04:23] [278/326] ERSD
[05:04:24] [279/326] MJMJ
[05:04:24] 🔄 Identity reset
[05:04:24] 🔄 Identity rotated (every 10 requests)
[05:04:25] [280/326] SRCJ
[05:04:25] [281/326] SCXE
[05:04:27] [282/326] SVFR
[05:04:28] [283/326] BHCS
[05:04:29] [284/326] IMCC
[05:04:30] [285/326] PCBO
[05:04:31] [286/326] PRVN
[05:04:32] [287/326] AUPM
[05:04:33] [288/326] INBW
[05:04:34] [289/326] SVCW
[05:04:34] 🔄 Identity reset
[05:04:34] 🔄 Identity rotated (every 10 requests)
[05:04:35] [290/326] RKCF
[05:04:36] [291/326] UVBH
[05:04:36] [292/326] DNCY
[05:04:37] [293/326] ABCN
[05:04:38] [294/326] PRUR
[05:04:39] [295/326] PFMR
[05:04:40] [296/326] RKCN
[05:04:41] [297/326] CFEA
[05:04:42] [298/326] SDBG
[05:04:42] [299/326] SNAR
[05:04:43] 🔄 Identity reset
[05:04:43] 🔄 Identity rotated (every 10 requests)
[05:04:43] [300/326] YISI
[05:04:45] [301/326] JCFF
[05:04:45] [302/326] VTRK
[05:04:47] [303/326] PCLZ
[05:04:47] [304/326] DIMY
[05:04:48] [305/326] BBTS
[05:04:49] [306/326] GATH
[05:04:50] [307/326] GTMN
[05:04:52] [308/326] VTMH
[05:04:53] [309/326] CCKP
[05:04:53] 🔄 Identity reset
[05:04:53] 🔄 Identity rotated (every 10 requests)
[05:04:55] [310/326] GPKA
[05:04:56] [311/326] MHCL
[05:04:57] [312/326] ATCL
[05:04:58] [313/326] SBCK
[05:04:59] [314/326] AMMR
[05:05:01] [315/326] MADC
[05:05:01] [316/326] TMMA
[05:05:02] [317/326] CACC
[05:05:03] [318/326] CHAL
[05:05:05] [319/326] DURG
[05:05:05] 🔄 Identity reset
[05:05:05] 🔄 Identity rotated (every 10 requests)
[05:05:06] [320/326] GMKU
[05:05:07] [321/326] GECA
[05:05:08] [322/326] KYRR
[05:05:08] [323/326] KSDE
[05:05:09] [324/326] LMCI
[05:05:10] [325/326] NKCP
[05:05:11] [326/326] BGTC
[05:05:12] 🧹 Deduping shows
[05:05:12] ✅ DONE | Shows=607 | Movies=50
[22:19:29] 🚀 SCRIPT STARTED (enhanced anti‑detection)
[22:19:29] [1/326] BSAT
[22:19:30] 🧠 New identity created
[22:19:30] [2/326] RSSM
[22:19:31] [3/326] GCTA
[22:19:32] [4/326] TOPN
[22:19:33] [5/326] MCUS
[22:19:35] [6/326] SHRL
[22:19:36] [7/326] UPTP
[22:19:36] [8/326] TMMP
[22:19:38] [9/326] DNRP
[22:19:39] [10/326] SRLT
[22:19:39] 🔄 Identity reset
[22:19:39] 🔄 Identity rotated (every 10 requests)
[22:19:40] [11/326] RCNS
[22:19:40] [12/326] DCBH
[22:19:41] [13/326] NAGJ
[22:19:43] [14/326] JVRC
[22:19:44] [15/326] KRJG
[22:19:45] [16/326] SRTJ
[22:19:46] [17/326] CMXM
[22:19:46] [18/326] STMI
[22:19:47] [19/326] SLST
[22:19:48] [20/326] DTCN
[22:19:49] 🔄 Identity reset
[22:19:49] 🔄 Identity rotated (every 10 requests)
[22:19:49] [21/326] STYN
[22:19:50] [22/326] SZVR
[22:19:52] [23/326] SRKO
[22:19:53] [24/326] JTGT
[22:19:54] [25/326] SVFD
[22:19:55] [26/326] SISD
[22:19:56] [27/326] ABDD
[22:19:56] [28/326] DRCA
[22:19:57] [29/326] AVCS
[22:19:58] [30/326] MVKH
[22:19:59] 🔄 Identity reset
[22:19:59] 🔄 Identity rotated (every 10 requests)
[22:19:59] [31/326] ACPR
[22:20:01] [32/326] STIP
[22:20:01] [33/326] MTRA
[22:20:03] [34/326] RMKH
[22:20:04] [35/326] NKRL
[22:20:04] [36/326] PCWN
[22:20:06] [37/326] BLMT
[22:20:07] [38/326] GDPG
[22:20:08] [39/326] SRMX
[22:20:09] [40/326] JACP
[22:20:09] 🔄 Identity reset
[22:20:09] 🔄 Identity rotated (every 10 requests)
[22:20:10] [41/326] CPSH
[22:20:12] [42/326] MCCD
[22:20:13] [43/326] ECGH
[22:20:13] [44/326] MKCK
[22:20:14] [45/326] SRMM
[22:20:15] [46/326] SKYR
[22:20:16] [47/326] PCKC
[22:20:17] [48/326] JCMA
[22:20:18] [49/326] BSMP
[22:20:18] [50/326] VSPA
[22:20:19] 🔄 Identity reset
[22:20:19] 🔄 Identity rotated (every 10 requests)
[22:20:19] [51/326] DJYA
[22:20:20] [52/326] DIMP
[22:20:21] [53/326] FXDR
[22:20:22] [54/326] SSRC
[22:20:23] [55/326] STHP
[22:20:25] [56/326] CPPD
[22:20:26] [57/326] FCLK
[22:20:27] [58/326] SCPP
[22:20:28] [59/326] DCMJ
[22:20:28] [60/326] RCCR
[22:20:29] 🔄 Identity reset
[22:20:29] 🔄 Identity rotated (every 10 requests)
[22:20:29] [61/326] INMT
[22:20:30] [62/326] LXTK
[22:20:32] [63/326] SRYK
[22:20:32] [64/326] SGDK
[22:20:33] [65/326] PPKA
[22:20:34] [66/326] SPKA
[22:20:35] [67/326] CGHH
[22:20:36] [68/326] DCJN
[22:20:37] [69/326] SRKV
[22:20:39] [70/326] SAJC
[22:20:39] 🔄 Identity reset
[22:20:39] 🔄 Identity rotated (every 10 requests)
[22:20:40] [71/326] SUSR
[22:20:40] [72/326] STYG
[22:20:42] [73/326] NTKP
[22:20:43] [74/326] AKTG
[22:20:44] [75/326] CGCM
[22:20:45] [76/326] TULC
[22:20:45] [77/326] NYYZ
[22:20:47] [78/326] NYBW
[22:20:48] [79/326] MACB
[22:20:49] [80/326] SLVT
[22:20:49] 🔄 Identity reset
[22:20:49] 🔄 Identity rotated (every 10 requests)
[22:20:50] [81/326] SANA
[22:20:50] [82/326] ACMR
[22:20:51] [83/326] CPKN
[22:20:52] [84/326] DLGK
[22:20:53] [85/326] CWCK
[22:20:54] [86/326] FDDH
[22:20:54] [87/326] MMMD
[22:20:55] [88/326] CMEH
[22:20:56] [89/326] GGGV
[22:20:57] [90/326] SPJL
[22:20:58] 🔄 Identity reset
[22:20:58] 🔄 Identity rotated (every 10 requests)
[22:20:58] [91/326] RCCD
[22:20:59] [92/326] STTZ
[22:21:00] [93/326] BTCF
[22:21:00] [94/326] TSTZ
[22:21:01] [95/326] IPMM
[22:21:03] [96/326] PMPW
[22:21:04] [97/326] PCMZ
[22:21:04] [98/326] ESEM
[22:21:05] [99/326] PIPO
[22:21:06] [100/326] MATK
[22:21:07] 🔄 Identity reset
[22:21:07] 🔄 Identity rotated (every 10 requests)
[22:21:07] [101/326] PGHM
[22:21:08] [102/326] CTSR
[22:21:09] [103/326] CYKR
[22:21:10] [104/326] MSCM
[22:21:11] [105/326] RFNP
[22:21:12] [106/326] PDCP
[22:21:13] [107/326] NPSE
[22:21:14] [108/326] MKML
[22:21:15] [109/326] FTDP
[22:21:16] [110/326] MMXA
[22:21:17] 🔄 Identity reset
[22:21:17] 🔄 Identity rotated (every 10 requests)
[22:21:17] [111/326] CEPO
[22:21:18] [112/326] CMVP
[22:21:19] [113/326] SGTH
[22:21:19] [114/326] SAYN
[22:21:20] [115/326] URVS
[22:21:21] [116/326] VJTN
[22:21:22] [117/326] BBYK
[22:21:23] [118/326] SHBO
[22:21:24] [119/326] VCMR
[22:21:25] [120/326] MACT
[22:21:26] 🔄 Identity reset
[22:21:26] 🔄 Identity rotated (every 10 requests)
[22:21:26] [121/326] JMNP
[22:21:27] [122/326] VICS
[22:21:28] [123/326] VCDA
[22:21:29] [124/326] GCMM
[22:21:31] [125/326] INVS
[22:21:31] [126/326] SCGM
[22:21:32] [127/326] PCDA
[22:21:34] [128/326] KDCT
[22:21:35] [129/326] JACS
[22:21:36] [130/326] GMMC
[22:21:36] 🔄 Identity reset
[22:21:36] 🔄 Identity rotated (every 10 requests)
[22:21:37] [131/326] AICM
[22:21:37] [132/326] TJCM
[22:21:38] [133/326] RMTI
[22:21:39] [134/326] SHAC
[22:21:40] [135/326] APJC
[22:21:41] [136/326] GCTG
[22:21:42] [137/326] SSMC
[22:21:43] [138/326] THRM
[22:21:44] [139/326] RBCT
[22:21:44] [140/326] DIKT
[22:21:45] 🔄 Identity reset
[22:21:45] 🔄 Identity rotated (every 10 requests)
[22:21:46] [141/326] MIDL
[22:21:47] [142/326] VCSN
[22:21:48] [143/326] SKTG
[22:21:49] [144/326] SMWC
[22:21:50] [145/326] MNKH
[22:21:51] [146/326] PIAT
[22:21:51] [147/326] LTTP
[22:21:53] [148/326] PTPU
[22:21:54] [149/326] ACMG
[22:21:55] [150/326] SHMM
[22:21:55] 🔄 Identity reset
[22:21:55] 🔄 Identity rotated (every 10 requests)
[22:21:55] [151/326] MCMN
[22:21:56] [152/326] GLDC
[22:21:57] [153/326] HOUT
[22:21:58] [154/326] SVRP
[22:21:59] [155/326] PVDN
[22:22:00] [156/326] SCPY
[22:22:00] [157/326] DTPY
[22:22:01] [158/326] GKCS
[22:22:02] [159/326] NCAM
[22:22:03] [160/326] BSRM
[22:22:03] 🔄 Identity reset
[22:22:03] 🔄 Identity rotated (every 10 requests)
[22:22:04] [161/326] RCLC
[22:22:04] [162/326] SKKD
[22:22:05] [163/326] ACHU
[22:22:06] [164/326] RSCF
[22:22:07] [165/326] IMSH
[22:22:08] [166/326] MACX
[22:22:09] [167/326] HMMW
[22:22:10] [168/326] JTCP
[22:22:10] [169/326] SREN
[22:22:11] [170/326] PJRR
[22:22:12] 🔄 Identity reset
[22:22:12] 🔄 Identity rotated (every 10 requests)
[22:22:13] [171/326] INAC
[22:22:14] [172/326] BMCA
[22:22:15] [173/326] SHCB
[22:22:16] [174/326] GABA
[22:22:17] [175/326] SBCT
[22:22:18] [176/326] GCMA
[22:22:18] [177/326] MYTK
[22:22:19] [178/326] INZS
[22:22:21] [179/326] RMIK
[22:22:22] [180/326] NYCH
[22:22:22] 🔄 Identity reset
[22:22:22] 🔄 Identity rotated (every 10 requests)
[22:22:23] [181/326] RAVE
[22:22:24] [182/326] PSXM
[22:22:24] [183/326] MCGP
[22:22:25] [184/326] PDDK
[22:22:26] [185/326] SPCK
[22:22:27] [186/326] MCRL
[22:22:28] [187/326] MHKT
[22:22:29] [188/326] ANRR
[22:22:29] [189/326] SAPK
[22:22:30] [190/326] NCUK
[22:22:31] 🔄 Identity reset
[22:22:31] 🔄 Identity rotated (every 10 requests)
[22:22:31] [191/326] JUGA
[22:22:32] [192/326] DBSC
[22:22:33] [193/326] LALK
[22:22:34] [194/326] GUCK
[22:22:35] [195/326] STSG
[22:22:37] [196/326] PPPZ
[22:22:38] [197/326] CNCY
[22:22:38] [198/326] MTAR
[22:22:39] [199/326] VNKD
[22:22:40] [200/326] KMAJ
[22:22:41] 🔄 Identity reset
[22:22:41] 🔄 Identity rotated (every 10 requests)
[22:22:41] [201/326] ACXK
[22:22:43] [202/326] UTKC
[22:22:43] [203/326] PBLK
[22:22:45] [204/326] ACBX
[22:22:45] [205/326] PTGM
[22:22:46] [206/326] BTDA
[22:22:47] [207/326] PJMB
[22:22:48] [208/326] TPDA
[22:22:49] [209/326] AMOE
[22:22:50] [210/326] PRHT
[22:22:51] 🔄 Identity reset
[22:22:51] 🔄 Identity rotated (every 10 requests)
[22:22:51] [211/326] PRTA
[22:22:52] [212/326] STAM
[22:22:53] [213/326] MSAA
[22:22:54] [214/326] SDLU
[22:22:55] [215/326] RCHH
[22:22:56] [216/326] KANT
[22:22:57] [217/326] FCRT
[22:22:58] [218/326] DNKM
[22:22:59] [219/326] RYCP
[22:22:59] [220/326] MYRP
[22:23:00] 🔄 Identity reset
[22:23:00] 🔄 Identity rotated (every 10 requests)
[22:23:00] [221/326] PPAK
[22:23:02] [222/326] NVPK
[22:23:03] [223/326] PRMC
[22:23:03] [224/326] JBCS
[22:23:04] [225/326] GXCK
[22:23:05] [226/326] USKO
[22:23:06] [227/326] GTEM
[22:23:07] [228/326] SMBU
[22:23:08] [229/326] VETC
[22:23:08] [230/326] LCDA
[22:23:09] 🔄 Identity reset
[22:23:09] 🔄 Identity rotated (every 10 requests)
[22:23:09] [231/326] MTVT
[22:23:10] [232/326] PYCP
[22:23:11] [233/326] PNSC
[22:23:12] [234/326] PPCC
[22:23:13] [235/326] TGRT
[22:23:14] [236/326] JYOT
[22:23:16] [237/326] SRCZ
[22:23:17] [238/326] SJTE
[22:23:18] [239/326] DESC
[22:23:19] [240/326] JHVN
[22:23:19] 🔄 Identity reset
[22:23:19] 🔄 Identity rotated (every 10 requests)
[22:23:20] [241/326] IPSG
[22:23:20] [242/326] IPCM
[22:23:21] [243/326] PDRS
[22:23:22] [244/326] ANCV
[22:23:23] [245/326] CMVV
[22:23:25] [246/326] SHYP
[22:23:26] [247/326] DNCS
[22:23:26] [248/326] GAJK
[22:23:27] [249/326] AKTN
[22:23:28] [250/326] KAYA
[22:23:29] 🔄 Identity reset
[22:23:29] 🔄 Identity rotated (every 10 requests)
[22:23:29] [251/326] SBRC
[22:23:30] [252/326] CHTP
[22:23:31] [253/326] SHRT
[22:23:32] [254/326] BCKU
[22:23:33] [255/326] FCPS
[22:23:34] [256/326] ARDD
[22:23:35] [257/326] CPCM
[22:23:36] [258/326] CGSM
[22:23:36] [259/326] PSMP
[22:23:37] [260/326] SDAL
[22:23:38] 🔄 Identity reset
[22:23:38] 🔄 Identity rotated (every 10 requests)
[22:23:38] [261/326] RTNB
[22:23:39] [262/326] LMCR
[22:23:40] [263/326] CIMA
[22:23:41] [264/326] RNAS
[22:23:42] [265/326] LITH
[22:23:43] [266/326] PBOX
[22:23:44] [267/326] FRTS
[22:23:45] [268/326] RKIC
[22:23:45] [269/326] PTAI
[22:23:46] [270/326] GCIC
[22:23:47] 🔄 Identity reset
[22:23:47] 🔄 Identity rotated (every 10 requests)
[22:23:48] [271/326] FNAS
[22:23:49] [272/326] SCAR
[22:23:50] [273/326] MTCA
[22:23:51] [274/326] SCTS
[22:23:51] [275/326] SYCS
[22:23:52] [276/326] RDMS
[22:23:53] [277/326] KAMP
[22:23:54] [278/326] ERSD
[22:23:55] [279/326] MJMJ
[22:23:55] [280/326] SRCJ
[22:23:56] 🔄 Identity reset
[22:23:56] 🔄 Identity rotated (every 10 requests)
[22:23:56] [281/326] SCXE
[22:23:57] [282/326] SVFR
[22:23:58] [283/326] BHCS
[22:23:59] [284/326] IMCC
[22:24:00] [285/326] PCBO
[22:24:01] [286/326] PRVN
[22:24:01] [287/326] AUPM
[22:24:02] [288/326] INBW
[22:24:03] [289/326] SVCW
[22:24:04] [290/326] RKCF
[22:24:05] 🔄 Identity reset
[22:24:05] 🔄 Identity rotated (every 10 requests)
[22:24:05] [291/326] UVBH
[22:24:06] [292/326] DNCY
[22:24:07] [293/326] ABCN
[22:24:07] [294/326] PRUR
[22:24:09] [295/326] PFMR
[22:24:10] [296/326] RKCN
[22:24:11] [297/326] CFEA
[22:24:11] [298/326] SDBG
[22:24:12] [299/326] SNAR
[22:24:13] [300/326] YISI
[22:24:14] 🔄 Identity reset
[22:24:14] 🔄 Identity rotated (every 10 requests)
[22:24:14] [301/326] JCFF
[22:24:15] [302/326] VTRK
[22:24:16] [303/326] PCLZ
[22:24:16] [304/326] DIMY
[22:24:18] [305/326] BBTS
[22:24:19] [306/326] GATH
[22:24:20] [307/326] GTMN
[22:24:21] [308/326] VTMH
[22:24:22] [309/326] CCKP
[22:24:23] [310/326] GPKA
[22:24:23] 🔄 Identity reset
[22:24:23] 🔄 Identity rotated (every 10 requests)
[22:24:24] [311/326] MHCL
[22:24:24] [312/326] ATCL
[22:24:25] [313/326] SBCK
[22:24:26] [314/326] AMMR
[22:24:27] [315/326] MADC
[22:24:28] [316/326] TMMA
[22:24:29] [317/326] CACC
[22:24:30] [318/326] CHAL
[22:24:31] [319/326] DURG
[22:24:32] [320/326] GMKU
[22:24:33] 🔄 Identity reset
[22:24:33] 🔄 Identity rotated (every 10 requests)
[22:24:34] [321/326] GECA
[22:24:35] [322/326] KYRR
[22:24:36] [323/326] KSDE
[22:24:37] [324/326] LMCI
[22:24:38] [325/326] NKCP
[22:24:39] [326/326] BGTC
[22:24:40] 🧹 Deduping shows
[22:24:40] ✅ DONE | Shows=836 | Movies=58
[06:25:42] 🚀 SCRIPT STARTED (enhanced anti‑detection)
[06:25:42] [1/326] BSAT
[06:25:43] 🧠 New identity created
[06:25:43] 🔄 Retry 1/5 for BSAT in 2.3s
[06:25:43] 🔄 Identity reset
[06:25:45] 🧠 New identity created
[06:25:46] [2/326] RSSM
[06:25:47] [3/326] GCTA
[06:25:48] [4/326] TOPN
[06:25:49] [5/326] MCUS
[06:25:50] [6/326] SHRL
[06:25:51] [7/326] UPTP
[06:25:52] [8/326] TMMP
[06:25:52] [9/326] DNRP
[06:25:53] 🔄 Identity reset
[06:25:53] 🔄 Identity rotated (every 10 requests)
[06:25:53] [10/326] SRLT
[06:25:54] [11/326] RCNS
[06:25:55] [12/326] DCBH
[06:25:56] [13/326] NAGJ
[06:25:57] [14/326] JVRC
[06:25:58] [15/326] KRJG
[06:25:59] [16/326] SRTJ
[06:26:00] [17/326] CMXM
[06:26:01] [18/326] STMI
[06:26:01] [19/326] SLST
[06:26:02] 🔄 Identity reset
[06:26:02] 🔄 Identity rotated (every 10 requests)
[06:26:02] [20/326] DTCN
[06:26:04] [21/326] STYN
[06:26:05] [22/326] SZVR
[06:26:05] [23/326] SRKO
[06:26:07] [24/326] JTGT
[06:26:08] [25/326] SVFD
[06:26:09] [26/326] SISD
[06:26:10] [27/326] ABDD
[06:26:11] [28/326] DRCA
[06:26:12] [29/326] AVCS
[06:26:13] 🔄 Identity reset
[06:26:13] 🔄 Identity rotated (every 10 requests)
[06:26:13] [30/326] MVKH
[06:26:14] [31/326] ACPR
[06:26:15] [32/326] STIP
[06:26:16] [33/326] MTRA
[06:26:16] [34/326] RMKH
[06:26:17] [35/326] NKRL
[06:26:18] [36/326] PCWN
[06:26:20] [37/326] BLMT
[06:26:20] [38/326] GDPG
[06:26:21] [39/326] SRMX
[06:26:22] 🔄 Identity reset
[06:26:22] 🔄 Identity rotated (every 10 requests)
[06:26:23] [40/326] JACP
[06:26:24] [41/326] CPSH
[06:26:25] [42/326] MCCD
[06:26:26] [43/326] ECGH
[06:26:27] [44/326] MKCK
[06:26:28] [45/326] SRMM
[06:26:29] [46/326] SKYR
[06:26:30] [47/326] PCKC
[06:26:31] [48/326] JCMA
[06:26:32] [49/326] BSMP
[06:26:33] 🔄 Identity reset
[06:26:33] 🔄 Identity rotated (every 10 requests)
[06:26:33] [50/326] VSPA
[06:26:34] [51/326] DJYA
[06:26:35] [52/326] DIMP
[06:26:37] [53/326] FXDR
[06:26:38] [54/326] SSRC
[06:26:39] [55/326] STHP
[06:26:39] [56/326] CPPD
[06:26:41] [57/326] FCLK
[06:26:41] [58/326] SCPP
[06:26:42] [59/326] DCMJ
[06:26:43] 🔄 Identity reset
[06:26:43] 🔄 Identity rotated (every 10 requests)
[06:26:43] [60/326] RCCR
[06:26:44] [61/326] INMT
[06:26:45] [62/326] LXTK
[06:26:46] [63/326] SRYK
[06:26:46] [64/326] SGDK
[06:26:47] [65/326] PPKA
[06:26:48] [66/326] SPKA
[06:26:49] [67/326] CGHH
[06:26:50] [68/326] DCJN
[06:26:51] [69/326] SRKV
[06:26:51] 🔄 Identity reset
[06:26:51] 🔄 Identity rotated (every 10 requests)
[06:26:52] [70/326] SAJC
[06:26:53] [71/326] SUSR
[06:26:54] [72/326] STYG
[06:26:55] [73/326] NTKP
[06:26:56] [74/326] AKTG
[06:26:57] [75/326] CGCM
[06:26:58] [76/326] TULC
[06:26:59] [77/326] NYYZ
[06:27:00] [78/326] NYBW
[06:27:00] [79/326] MACB
[06:27:01] 🔄 Identity reset
[06:27:01] 🔄 Identity rotated (every 10 requests)
[06:27:01] [80/326] SLVT
[06:27:02] [81/326] SANA
[06:27:03] [82/326] ACMR
[06:27:04] [83/326] CPKN
[06:27:04] [84/326] DLGK
[06:27:05] [85/326] CWCK
[06:27:06] [86/326] FDDH
[06:27:07] [87/326] MMMD
[06:27:08] [88/326] CMEH
[06:27:08] [89/326] GGGV
[06:27:09] 🔄 Identity reset
[06:27:09] 🔄 Identity rotated (every 10 requests)
[06:27:09] [90/326] SPJL
[06:27:10] [91/326] RCCD
[06:27:11] [92/326] STTZ
[06:27:12] [93/326] BTCF
[06:27:13] [94/326] TSTZ
[06:27:14] [95/326] IPMM
[06:27:15] [96/326] PMPW
[06:27:15] [97/326] PCMZ
[06:27:16] [98/326] ESEM
[06:27:18] [99/326] PIPO
[06:27:19] 🔄 Identity reset
[06:27:19] 🔄 Identity rotated (every 10 requests)
[06:27:19] [100/326] MATK
[06:27:21] [101/326] PGHM
[06:27:21] [102/326] CTSR
[06:27:22] [103/326] CYKR
[06:27:24] [104/326] MSCM
[06:27:24] [105/326] RFNP
[06:27:26] [106/326] PDCP
[06:27:27] [107/326] NPSE
[06:27:28] [108/326] MKML
[06:27:29] [109/326] FTDP
[06:27:30] 🔄 Identity reset
[06:27:30] 🔄 Identity rotated (every 10 requests)
[06:27:30] [110/326] MMXA
[06:27:31] [111/326] CEPO
[06:27:32] [112/326] CMVP
[06:27:33] [113/326] SGTH
[06:27:34] [114/326] SAYN
[06:27:34] [115/326] URVS
[06:27:36] [116/326] VJTN
[06:27:38] [117/326] BBYK
[06:27:39] [118/326] SHBO
[06:27:40] [119/326] VCMR
[06:27:41] 🔄 Identity reset
[06:27:41] 🔄 Identity rotated (every 10 requests)
[06:27:41] [120/326] MACT
[06:27:42] [121/326] JMNP
[06:27:43] [122/326] VICS
[06:27:44] [123/326] VCDA
[06:27:45] [124/326] GCMM
[06:27:46] [125/326] INVS
[06:27:47] [126/326] SCGM
[06:27:48] [127/326] PCDA
[06:27:49] [128/326] KDCT
[06:27:50] [129/326] JACS
[06:27:51] 🔄 Identity reset
[06:27:51] 🔄 Identity rotated (every 10 requests)
[06:27:52] [130/326] GMMC
[06:27:53] [131/326] AICM
[06:27:54] [132/326] TJCM
[06:27:54] [133/326] RMTI
[06:27:55] [134/326] SHAC
[06:27:56] [135/326] APJC
[06:27:57] [136/326] GCTG
[06:27:58] [137/326] SSMC
[06:27:59] [138/326] THRM
[06:27:59] [139/326] RBCT
[06:28:00] 🔄 Identity reset
[06:28:00] 🔄 Identity rotated (every 10 requests)
[06:28:01] [140/326] DIKT
[06:28:02] [141/326] MIDL
[06:28:04] [142/326] VCSN
[06:28:05] [143/326] SKTG
[06:28:05] [144/326] SMWC
[06:28:07] [145/326] MNKH
[06:28:08] [146/326] PIAT
[06:28:08] [147/326] LTTP
[06:28:09] [148/326] PTPU
[06:28:10] [149/326] ACMG
[06:28:11] 🔄 Identity reset
[06:28:11] 🔄 Identity rotated (every 10 requests)
[06:28:12] [150/326] SHMM
[06:28:13] [151/326] MCMN
[06:28:14] [152/326] GLDC
[06:28:15] [153/326] HOUT
[06:28:16] [154/326] SVRP
[06:28:16] [155/326] PVDN
[06:28:17] [156/326] SCPY
[06:28:18] [157/326] DTPY
[06:28:20] [158/326] GKCS
[06:28:20] [159/326] NCAM
[06:28:21] 🔄 Identity reset
[06:28:21] 🔄 Identity rotated (every 10 requests)
[06:28:22] [160/326] BSRM
[06:28:23] [161/326] RCLC
[06:28:24] [162/326] SKKD
[06:28:26] [163/326] ACHU
[06:28:26] [164/326] RSCF
[06:28:27] [165/326] IMSH
[06:28:28] [166/326] MACX
[06:28:29] [167/326] HMMW
[06:28:29] [168/326] JTCP
[06:28:30] [169/326] SREN
[06:28:31] 🔄 Identity reset
[06:28:31] 🔄 Identity rotated (every 10 requests)
[06:28:31] [170/326] PJRR
[06:28:32] [171/326] INAC
[06:28:33] [172/326] BMCA
[06:28:35] [173/326] SHCB
[06:28:36] [174/326] GABA
[06:28:36] [175/326] SBCT
[06:28:37] [176/326] GCMA
[06:28:38] [177/326] MYTK
[06:28:39] [178/326] INZS
[06:28:40] [179/326] RMIK
[06:28:41] 🔄 Identity reset
[06:28:41] 🔄 Identity rotated (every 10 requests)
[06:28:41] [180/326] NYCH
[06:28:42] [181/326] RAVE
[06:28:43] [182/326] PSXM
[06:28:43] [183/326] MCGP
[06:28:45] [184/326] PDDK
[06:28:47] [185/326] SPCK
[06:28:48] [186/326] MCRL
[06:28:48] [187/326] MHKT
[06:28:49] [188/326] ANRR
[06:28:50] [189/326] SAPK
[06:28:50] 🔄 Identity reset
[06:28:50] 🔄 Identity rotated (every 10 requests)
[06:28:51] [190/326] NCUK
[06:28:52] [191/326] JUGA
[06:28:53] [192/326] DBSC
[06:28:53] [193/326] LALK
[06:28:54] [194/326] GUCK
[06:28:55] [195/326] STSG
[06:28:56] [196/326] PPPZ
[06:28:57] [197/326] CNCY
[06:28:58] [198/326] MTAR
[06:29:00] [199/326] VNKD
[06:29:01] 🔄 Identity reset
[06:29:01] 🔄 Identity rotated (every 10 requests)
[06:29:01] [200/326] KMAJ
[06:29:02] [201/326] ACXK
[06:29:03] [202/326] UTKC
[06:29:04] [203/326] PBLK
[06:29:04] [204/326] ACBX
[06:29:05] [205/326] PTGM
[06:29:06] [206/326] BTDA
[06:29:07] [207/326] PJMB
[06:29:08] [208/326] TPDA
[06:29:09] [209/326] AMOE
[06:29:10] 🔄 Identity reset
[06:29:10] 🔄 Identity rotated (every 10 requests)
[06:29:11] [210/326] PRHT
[06:29:12] [211/326] PRTA
[06:29:12] [212/326] STAM
[06:29:13] [213/326] MSAA
[06:29:14] [214/326] SDLU
[06:29:16] [215/326] RCHH
[06:29:17] [216/326] KANT
[06:29:18] [217/326] FCRT
[06:29:19] [218/326] DNKM
[06:29:20] [219/326] RYCP
[06:29:21] 🔄 Identity reset
[06:29:21] 🔄 Identity rotated (every 10 requests)
[06:29:21] [220/326] MYRP
[06:29:22] [221/326] PPAK
[06:29:23] [222/326] NVPK
[06:29:24] [223/326] PRMC
[06:29:25] [224/326] JBCS
[06:29:26] [225/326] GXCK
[06:29:26] [226/326] USKO
[06:29:28] [227/326] GTEM
[06:29:30] [228/326] SMBU
[06:29:31] [229/326] VETC
[06:29:31] 🔄 Identity reset
[06:29:31] 🔄 Identity rotated (every 10 requests)
[06:29:32] [230/326] LCDA
[06:29:32] [231/326] MTVT
[06:29:33] [232/326] PYCP
[06:29:33] [233/326] PNSC
[06:29:34] [234/326] PPCC
[06:29:35] [235/326] TGRT
[06:29:36] [236/326] JYOT
[06:29:37] [237/326] SRCZ
[06:29:38] [238/326] SJTE
[06:29:39] [239/326] DESC
[06:29:40] 🔄 Identity reset
[06:29:40] 🔄 Identity rotated (every 10 requests)
[06:29:40] [240/326] JHVN
[06:29:41] [241/326] IPSG
[06:29:42] [242/326] IPCM
[06:29:43] [243/326] PDRS
[06:29:43] [244/326] ANCV
[06:29:44] [245/326] CMVV
[06:29:45] [246/326] SHYP
[06:29:46] [247/326] DNCS
[06:29:47] [248/326] GAJK
[06:29:48] [249/326] AKTN
[06:29:48] 🔄 Identity reset
[06:29:48] 🔄 Identity rotated (every 10 requests)
[06:29:49] [250/326] KAYA
[06:29:51] [251/326] SBRC
[06:29:51] [252/326] CHTP
[06:29:52] [253/326] SHRT
[06:29:53] [254/326] BCKU
[06:29:54] [255/326] FCPS
[06:29:55] [256/326] ARDD
[06:29:56] [257/326] CPCM
[06:29:57] [258/326] CGSM
[06:29:58] [259/326] PSMP
[06:29:58] 🔄 Identity reset
[06:29:58] 🔄 Identity rotated (every 10 requests)
[06:29:59] [260/326] SDAL
[06:30:00] [261/326] RTNB
[06:30:01] [262/326] LMCR
[06:30:02] [263/326] CIMA
[06:30:03] [264/326] RNAS
[06:30:04] [265/326] LITH
[06:30:05] [266/326] PBOX
[06:30:05] [267/326] FRTS
[06:30:06] [268/326] RKIC
[06:30:08] [269/326] PTAI
[06:30:09] 🔄 Identity reset
[06:30:09] 🔄 Identity rotated (every 10 requests)
[06:30:09] [270/326] GCIC
[06:30:10] [271/326] FNAS
[06:30:10] [272/326] SCAR
[06:30:11] [273/326] MTCA
[06:30:12] [274/326] SCTS
[06:30:13] [275/326] SYCS
[06:30:14] [276/326] RDMS
[06:30:15] [277/326] KAMP
[06:30:15] [278/326] ERSD
[06:30:16] [279/326] MJMJ
[06:30:17] 🔄 Identity reset
[06:30:17] 🔄 Identity rotated (every 10 requests)
[06:30:17] [280/326] SRCJ
[06:30:17] [281/326] SCXE
[06:30:18] [282/326] SVFR
[06:30:19] [283/326] BHCS
[06:30:20] [284/326] IMCC
[06:30:21] [285/326] PCBO
[06:30:21] [286/326] PRVN
[06:30:22] [287/326] AUPM
[06:30:23] [288/326] INBW
[06:30:24] [289/326] SVCW
[06:30:24] 🔄 Identity reset
[06:30:25] 🔄 Identity rotated (every 10 requests)
[06:30:25] [290/326] RKCF
[06:30:26] [291/326] UVBH
[06:30:27] [292/326] DNCY
[06:30:27] [293/326] ABCN
[06:30:28] [294/326] PRUR
[06:30:29] [295/326] PFMR
[06:30:30] [296/326] RKCN
[06:30:31] [297/326] CFEA
[06:30:32] [298/326] SDBG
[06:30:33] [299/326] SNAR
[06:30:33] 🔄 Identity reset
[06:30:33] 🔄 Identity rotated (every 10 requests)
[06:30:34] [300/326] YISI
[06:30:35] [301/326] JCFF
[06:30:35] [302/326] VTRK
[06:30:36] [303/326] PCLZ
[06:30:37] [304/326] DIMY
[06:30:38] [305/326] BBTS
[06:30:39] [306/326] GATH
[06:30:40] [307/326] GTMN
[06:30:41] [308/326] VTMH
[06:30:42] [309/326] CCKP
[06:30:42] 🔄 Identity reset
[06:30:42] 🔄 Identity rotated (every 10 requests)
[06:30:43] [310/326] GPKA
[06:30:44] [311/326] MHCL
[06:30:46] [312/326] ATCL
[06:30:47] [313/326] SBCK
[06:30:48] [314/326] AMMR
[06:30:49] [315/326] MADC
[06:30:50] [316/326] TMMA
[06:30:51] [317/326] CACC
[06:30:52] [318/326] CHAL
[06:30:54] [319/326] DURG
[06:30:55] 🔄 Identity reset
[06:30:55] 🔄 Identity rotated (every 10 requests)
[06:30:55] [320/326] GMKU
[06:30:56] [321/326] GECA
[06:30:57] [322/326] KYRR
[06:30:58] [323/326] KSDE
[06:30:59] [324/326] LMCI
[06:31:00] [325/326] NKCP
[06:31:02] [326/326] BGTC
[06:31:03] 🧹 Deduping shows
[06:31:03] ✅ DONE | Shows=1054 | Movies=58
