[10:13:55] 🚀 SCRIPT STARTED (enhanced anti‑detection)
[10:13:55] [1/445] TGMR
[10:13:55] 🧠 New identity created
[10:13:56] [2/445] CXKR
[10:13:56] [3/445] SROP
[10:13:57] [4/445] GTSV
[10:13:58] [5/445] SNTY
[10:13:59] [6/445] SMYY
[10:14:00] [7/445] CNCS
[10:14:01] [8/445] CSTM
[10:14:02] [9/445] NUCD
[10:14:03] [10/445] SHCZ
[10:14:03] 🔄 Identity reset
[10:14:03] 🔄 Identity rotated (every 10 requests)
[10:14:04] [11/445] NJCT
[10:14:04] [12/445] COPC
[10:14:06] [13/445] STVV
[10:14:07] [14/445] SKRN
[10:14:08] [15/445] APPZ
[10:14:08] [16/445] YMGN
[10:14:09] [17/445] SVTU
[10:14:10] [18/445] GTAD
[10:14:11] [19/445] PSUS
[10:14:12] [20/445] SMCD
[10:14:12] 🔄 Identity reset
[10:14:12] 🔄 Identity rotated (every 10 requests)
[10:14:13] [21/445] CMCM
[10:14:14] [22/445] SYCT
[10:14:15] [23/445] STLY
[10:14:16] [24/445] CMHU
[10:14:17] [25/445] CMSA
[10:14:17] [26/445] CLCU
[10:14:18] [27/445] PPNT
[10:14:19] [28/445] JTAB
[10:14:20] [29/445] BUUC
[10:14:21] [30/445] BSVK
[10:14:21] 🔄 Identity reset
[10:14:21] 🔄 Identity rotated (every 10 requests)
[10:14:22] [31/445] VVVQ
[10:14:23] [32/445] TKMU
[10:14:24] [33/445] ESYL
[10:14:25] [34/445] ACHP
[10:14:26] [35/445] BTKD
[10:14:27] [36/445] DESA
[10:14:27] [37/445] GBCT
[10:14:28] [38/445] BLLD
[10:14:29] [39/445] SKNT
[10:14:30] [40/445] SSTE
[10:14:31] 🔄 Identity reset
[10:14:31] 🔄 Identity rotated (every 10 requests)
[10:14:31] [41/445] VJMR
[10:14:32] [42/445] NTPU
[10:14:33] [43/445] RDKN
[10:14:34] [44/445] ADGC
[10:14:35] [45/445] VRBP
[10:14:36] [46/445] NMNA
[10:14:38] [47/445] CMMX
[10:14:39] [48/445] PTKO
[10:14:40] [49/445] RBML
[10:14:42] [50/445] SAIC
[10:14:42] 🔄 Identity reset
[10:14:42] 🔄 Identity rotated (every 10 requests)
[10:14:42] 🔄 Retry 1/5 for SAIC in 2.4s
[10:14:42] 🔄 Identity reset
[10:14:45] 🧠 New identity created
[10:14:45] [51/445] SVTJ
[10:14:46] [52/445] MRTE
[10:14:47] [53/445] RBTP
[10:14:48] [54/445] NLPS
[10:14:49] [55/445] GTNA
[10:14:50] [56/445] DGGC
[10:14:51] [57/445] SMCR
[10:14:52] [58/445] SCGD
[10:14:53] [59/445] SRRJ
[10:14:53] 🔄 Identity reset
[10:14:53] 🔄 Identity rotated (every 10 requests)
[10:14:54] [60/445] CNRY
[10:14:54] [61/445] KTDI
[10:14:55] [62/445] SNJL
[10:14:56] [63/445] RKMD
[10:14:57] [64/445] SMDC
[10:14:58] [65/445] TADG
[10:14:59] [66/445] MCGS
[10:14:59] [67/445] PETK
[10:15:00] [68/445] CHAG
[10:15:01] [69/445] KSTL
[10:15:02] 🔄 Identity reset
[10:15:02] 🔄 Identity rotated (every 10 requests)
[10:15:02] [70/445] AADS
[10:15:03] [71/445] NTHZ
[10:15:03] [72/445] HCKI
[10:15:05] [73/445] SSEF
[10:15:06] [74/445] MCGX
[10:15:07] [75/445] ERRA
[10:15:08] [76/445] SDTW
[10:15:09] [77/445] RMPK
[10:15:09] [78/445] PTHK
[10:15:10] [79/445] PXCS
[10:15:11] 🔄 Identity reset
[10:15:11] 🔄 Identity rotated (every 10 requests)
[10:15:11] [80/445] SVLU
[10:15:13] [81/445] STAH
[10:15:14] [82/445] JRGF
[10:15:15] [83/445] CDOK
[10:15:15] [84/445] CMSG
[10:15:16] [85/445] APTD
[10:15:17] [86/445] KMPG
[10:15:18] [87/445] MUTJ
[10:15:19] [88/445] VCCI
[10:15:20] [89/445] URBE
[10:15:21] 🔄 Identity reset
[10:15:21] 🔄 Identity rotated (every 10 requests)
[10:15:21] [90/445] TCTS
[10:15:22] [91/445] STSN
[10:15:23] [92/445] AKCH
[10:15:24] [93/445] APSC
[10:15:25] [94/445] VLTB
[10:15:26] [95/445] SANU
[10:15:26] [96/445] AXAM
[10:15:27] [97/445] MGMG
[10:15:28] [98/445] HTBY
[10:15:29] [99/445] MMZS
[10:15:30] 🔄 Identity reset
[10:15:30] 🔄 Identity rotated (every 10 requests)
[10:15:31] [100/445] SUDR
[10:15:32] [101/445] CCAD
[10:15:32] [102/445] SKKC
[10:15:33] [103/445] RMCD
[10:15:34] [104/445] SBCQ
[10:15:35] [105/445] DCCT
[10:15:36] [106/445] VTKP
[10:15:37] [107/445] MLAM
[10:15:38] [108/445] SAVT
[10:15:39] [109/445] GEPL
[10:15:40] 🔄 Identity reset
[10:15:40] 🔄 Identity rotated (every 10 requests)
[10:15:41] [110/445] AMCD
[10:15:42] [111/445] CCXR
[10:15:42] [112/445] GRNG
[10:15:43] [113/445] EBCA
[10:15:44] [114/445] CNVG
[10:15:44] [115/445] MWSS
[10:15:45] [116/445] VBOR
[10:15:46] [117/445] NEEB
[10:15:47] [118/445] SUTH
[10:15:48] [119/445] ANDB
[10:15:48] 🔄 Identity reset
[10:15:48] 🔄 Identity rotated (every 10 requests)
[10:15:49] [120/445] MMXS
[10:15:50] [121/445] CNPD
[10:15:51] [122/445] SDCE
[10:15:52] [123/445] DHCB
[10:15:53] [124/445] ODEN
[10:15:54] [125/445] TNTC
[10:15:55] [126/445] VBKM
[10:15:56] [127/445] RZYM
[10:15:56] [128/445] JEMC
[10:15:57] [129/445] CMAU
[10:15:58] 🔄 Identity reset
[10:15:58] 🔄 Identity rotated (every 10 requests)
[10:15:58] [130/445] SIVP
[10:15:59] [131/445] ATAG
[10:16:00] [132/445] CHTM
[10:16:00] [133/445] AAEE
[10:16:01] [134/445] IWPM
[10:16:02] [135/445] KCMW
[10:16:03] [136/445] MCTD
[10:16:04] [137/445] SPWR
[10:16:05] [138/445] SDPO
[10:16:06] [139/445] PCSK
[10:16:06] 🔄 Identity reset
[10:16:06] 🔄 Identity rotated (every 10 requests)
[10:16:07] [140/445] ACHV
[10:16:07] [141/445] SVLA
[10:16:09] [142/445] PICT
[10:16:10] [143/445] BXDR
[10:16:11] [144/445] SPWA
[10:16:12] [145/445] MCKO
[10:16:12] [146/445] RTHK
[10:16:13] [147/445] CCMF
[10:16:14] [148/445] MRGB
[10:16:16] [149/445] CPLC
[10:16:16] 🔄 Identity reset
[10:16:16] 🔄 Identity rotated (every 10 requests)
[10:16:16] [150/445] RACD
[10:16:17] [151/445] ATKT
[10:16:18] [152/445] SARN
[10:16:19] [153/445] KKUI
[10:16:20] [154/445] RGCM
[10:16:20] [155/445] BRVP
[10:16:21] [156/445] HRSR
[10:16:22] [157/445] GKGM
[10:16:23] [158/445] TTCD
[10:16:24] [159/445] PTTI
[10:16:25] 🔄 Identity reset
[10:16:25] 🔄 Identity rotated (every 10 requests)
[10:16:25] [160/445] MPTT
[10:16:26] [161/445] CVTT
[10:16:27] [162/445] PCXD
[10:16:28] [163/445] GCDC
[10:16:28] [164/445] CCCF
[10:16:29] [165/445] MRAD
[10:16:30] [166/445] CPLK
[10:16:31] [167/445] SATB
[10:16:32] [168/445] SNVG
[10:16:33] [169/445] JMBA
[10:16:33] 🔄 Identity reset
[10:16:33] 🔄 Identity rotated (every 10 requests)
[10:16:34] [170/445] TEJA
[10:16:35] [171/445] STYO
[10:16:36] [172/445] JTBP
[10:16:37] [173/445] KRGD
[10:16:38] [174/445] SLJJ
[10:16:38] [175/445] SPTJ
[10:16:39] [176/445] SWJG
[10:16:40] [177/445] LKRT
[10:16:41] [178/445] KCKA
[10:16:42] [179/445] SNCR
[10:16:42] 🔄 Identity reset
[10:16:42] 🔄 Identity rotated (every 10 requests)
[10:16:43] [180/445] SMKL
[10:16:44] [181/445] GCFA
[10:16:46] [182/445] DDCK
[10:16:46] [183/445] NCHJ
[10:16:47] [184/445] RDMA
[10:16:48] [185/445] SVSV
[10:16:49] [186/445] SCJG
[10:16:50] [187/445] VKLP
[10:16:51] [188/445] NWCC
[10:16:52] [189/445] VKNS
[10:16:52] 🔄 Identity reset
[10:16:52] 🔄 Identity rotated (every 10 requests)
[10:16:52] [190/445] SDDP
[10:16:53] [191/445] ACSI
[10:16:54] [192/445] SATG
[10:16:55] [193/445] SCMW
[10:16:56] [194/445] LKTK
[10:16:57] [195/445] VCKV
[10:16:58] [196/445] KKPE
[10:16:59] [197/445] KIGH
[10:17:00] [198/445] SRPM
[10:17:01] [199/445] SCAH
[10:17:01] 🔄 Identity reset
[10:17:01] 🔄 Identity rotated (every 10 requests)
[10:17:02] [200/445] MUTA
[10:17:03] [201/445] SEPU
[10:17:04] [202/445] INOA
[10:17:05] [203/445] BASK
[10:17:06] [204/445] NECB
[10:17:07] [205/445] GTTG
[10:17:07] [206/445] ASSA
[10:17:08] [207/445] ANCL
[10:17:10] [208/445] GCTI
[10:17:10] [209/445] RCTS
[10:17:11] 🔄 Identity reset
[10:17:11] 🔄 Identity rotated (every 10 requests)
[10:17:12] [210/445] ACNL
[10:17:13] [211/445] MYCT
[10:17:14] [212/445] NMHT
[10:17:14] [213/445] MDIT
[10:17:15] [214/445] LATG
[10:17:16] [215/445] SMTY
[10:17:17] [216/445] CVCT
[10:17:18] [217/445] RAMB
[10:17:19] [218/445] TGMS
[10:17:20] [219/445] BHEL
[10:17:20] 🔄 Identity reset
[10:17:20] 🔄 Identity rotated (every 10 requests)
[10:17:20] [220/445] SHCT
[10:17:21] [221/445] SVCT
[10:17:23] [222/445] MRIY
[10:17:24] [223/445] SARO
[10:17:25] [224/445] STCT
[10:17:26] [225/445] JKKC
[10:17:27] [226/445] PLTT
[10:17:28] [227/445] SRNT
[10:17:28] [228/445] YAST
[10:17:29] [229/445] PERL
[10:17:30] 🔄 Identity reset
[10:17:30] 🔄 Identity rotated (every 10 requests)
[10:17:31] [230/445] CICM
[10:17:31] [231/445] MMTR
[10:17:32] [232/445] ABTK
[10:17:34] [233/445] ATYY
[10:17:35] [234/445] ASTK
[10:17:36] [235/445] VVCK
[10:17:37] [236/445] ATKY
[10:17:38] [237/445] GWEK
[10:17:39] [238/445] SVFH
[10:17:40] [239/445] SLTA
[10:17:40] 🔄 Identity reset
[10:17:40] 🔄 Identity rotated (every 10 requests)
[10:17:41] [240/445] AASH
[10:17:42] [241/445] ACXB
[10:17:43] [242/445] SMTX
[10:17:44] [243/445] AZDH
[10:17:45] [244/445] CMMH
[10:17:46] [245/445] SCSZ
[10:17:46] [246/445] SCKP
[10:17:47] [247/445] NXTM
[10:17:48] [248/445] NWCS
[10:17:49] [249/445] CXMH
[10:17:49] 🔄 Identity reset
[10:17:49] 🔄 Identity rotated (every 10 requests)
[10:17:50] [250/445] PCMA
[10:17:51] [251/445] SGCM
[10:17:51] [252/445] SDTU
[10:17:52] [253/445] MMVI
[10:17:53] [254/445] JKCM
[10:17:54] [255/445] VCMM
[10:17:55] [256/445] SYEE
[10:17:56] [257/445] VASD
[10:17:57] [258/445] BDRB
[10:17:57] [259/445] LASM
[10:17:58] 🔄 Identity reset
[10:17:58] 🔄 Identity rotated (every 10 requests)
[10:17:58] [260/445] DCRL
[10:17:59] [261/445] DVPM
[10:18:00] [262/445] SBMJ
[10:18:00] [263/445] CBMU
[10:18:01] [264/445] IUBS
[10:18:02] [265/445] INAP
[10:18:04] [266/445] SRRC
[10:18:05] [267/445] SAGR
[10:18:05] [268/445] CPMJ
[10:18:06] [269/445] ATJL
[10:18:07] 🔄 Identity reset
[10:18:07] 🔄 Identity rotated (every 10 requests)
[10:18:07] 🔄 Retry 1/5 for ATJL in 2.4s
[10:18:07] 🔄 Identity reset
[10:18:09] 🧠 New identity created
[10:18:10] [270/445] NNTD
[10:18:10] [271/445] JHCJ
[10:18:11] [272/445] CMMP
[10:18:13] [273/445] RSDR
[10:18:13] [274/445] AMTI
[10:18:14] [275/445] NYSG
[10:18:16] [276/445] AVSG
[10:18:17] [277/445] SYTP
[10:18:17] [278/445] LARC
[10:18:18] 🔄 Identity reset
[10:18:18] 🔄 Identity rotated (every 10 requests)
[10:18:18] [279/445] RJTP
[10:18:19] [280/445] LAKC
[10:18:20] [281/445] MCXE
[10:18:21] [282/445] CCZC
[10:18:22] [283/445] AVCH
[10:18:24] [284/445] CMBE
[10:18:24] [285/445] MRRC
[10:18:25] [286/445] PCPY
[10:18:26] [287/445] SRMH
[10:18:27] [288/445] SVGS
[10:18:27] 🔄 Identity reset
[10:18:27] 🔄 Identity rotated (every 10 requests)
[10:18:27] [289/445] PCSE
[10:18:28] [290/445] SVFT
[10:18:29] [291/445] TNZP
[10:18:30] [292/445] ICTP
[10:18:31] [293/445] ACTZ
[10:18:33] [294/445] GTUR
[10:18:34] [295/445] MAFC
[10:18:35] [296/445] MINL
[10:18:36] [297/445] MRCL
[10:18:37] [298/445] RCRP
[10:18:38] 🔄 Identity reset
[10:18:38] 🔄 Identity rotated (every 10 requests)
[10:18:38] [299/445] RFFG
[10:18:39] [300/445] RMAS
[10:18:40] [301/445] INVR
[10:18:41] [302/445] RMAR
[10:18:42] [303/445] CNIS
[10:18:42] [304/445] RHRJ
[10:18:43] [305/445] INXR
[10:18:44] [306/445] VALT
[10:18:45] [307/445] LCSH
[10:18:45] [308/445] CMVS
[10:18:46] 🔄 Identity reset
[10:18:46] 🔄 Identity rotated (every 10 requests)
[10:18:46] [309/445] CNMS
[10:18:47] [310/445] ROOG
[10:18:48] [311/445] ISRM
[10:18:49] [312/445] RCRM
[10:18:50] [313/445] ACJA
[10:18:51] [314/445] RCVS
[10:18:52] [315/445] CPUS
[10:18:53] [316/445] TGCS
[10:18:54] [317/445] RKCJ
[10:18:55] [318/445] MKSB
[10:18:56] 🔄 Identity reset
[10:18:56] 🔄 Identity rotated (every 10 requests)
[10:18:56] [319/445] TCSJ
[10:18:57] [320/445] RMGP
[10:18:58] [321/445] CLLP
[10:18:59] [322/445] RCMV
[10:19:00] [323/445] CCKS
[10:19:00] [324/445] RSRP
[10:19:01] [325/445] APLP
[10:19:02] [326/445] CNVS
[10:19:03] [327/445] RMVY
[10:19:04] [328/445] PGBD
[10:19:04] 🔄 Identity reset
[10:19:04] 🔄 Identity rotated (every 10 requests)
[10:19:05] [329/445] KLMS
[10:19:06] [330/445] RUST
[10:19:06] [331/445] MASM
[10:19:07] [332/445] BACS
[10:19:09] [333/445] BWST
[10:19:09] [334/445] RRFH
[10:19:10] [335/445] SJTM
[10:19:11] [336/445] BEMR
[10:19:12] [337/445] MCGR
[10:19:13] [338/445] SDSK
[10:19:13] 🔄 Identity reset
[10:19:13] 🔄 Identity rotated (every 10 requests)
[10:19:14] [339/445] VBOL
[10:19:15] [340/445] RMGM
[10:19:16] [341/445] NOPL
[10:19:17] [342/445] MKJK
[10:19:18] [343/445] CVRN
[10:19:19] [344/445] MMEN
[10:19:20] [345/445] AMNG
[10:19:20] [346/445] INTM
[10:19:21] [347/445] SLCZ
[10:19:22] [348/445] AMJN
[10:19:23] 🔄 Identity reset
[10:19:23] 🔄 Identity rotated (every 10 requests)
[10:19:23] [349/445] ACJN
[10:19:24] [350/445] AMKN
[10:19:25] [351/445] BTCN
[10:19:26] [352/445] AMBT
[10:19:27] [353/445] PACN
[10:19:28] [354/445] LCNS
[10:19:29] [355/445] PPKC
[10:19:30] [356/445] JYYN
[10:19:31] [357/445] JTNR
[10:19:32] [358/445] GTEE
[10:19:32] 🔄 Identity reset
[10:19:32] 🔄 Identity rotated (every 10 requests)
[10:19:33] [359/445] SRNM
[10:19:34] [360/445] SDTC
[10:19:34] [361/445] VPCA
[10:19:36] [362/445] VLRA
[10:19:37] [363/445] SHKR
[10:19:38] [364/445] SBKD
[10:19:39] [365/445] SAAD
[10:19:40] [366/445] JTGN
[10:19:41] [367/445] SLAM
[10:19:42] [368/445] VTPM
[10:19:43] 🔄 Identity reset
[10:19:43] 🔄 Identity rotated (every 10 requests)
[10:19:43] [369/445] ANPT
[10:19:44] [370/445] PUNB
[10:19:45] [371/445] CPKT
[10:19:46] [372/445] CNWE
[10:19:46] [373/445] ECPP
[10:19:47] [374/445] CPAR
[10:19:48] [375/445] ESBW
[10:19:49] [376/445] PKPU
[10:19:50] [377/445] CPRP
[10:19:51] [378/445] RAHU
[10:19:51] 🔄 Identity reset
[10:19:51] 🔄 Identity rotated (every 10 requests)
[10:19:52] [379/445] RHMN
[10:19:53] [380/445] FMJP
[10:19:54] [381/445] CTMP
[10:19:55] [382/445] INPN
[10:19:57] [383/445] STTG
[10:19:57] [384/445] CTRD
[10:19:58] [385/445] PUVB
[10:19:59] [386/445] ESVP
[10:20:00] [387/445] CPFT
[10:20:01] [388/445] LCPC
[10:20:01] 🔄 Identity reset
[10:20:01] 🔄 Identity rotated (every 10 requests)
[10:20:02] [389/445] VBCT
[10:20:04] [390/445] FSCW
[10:20:04] [391/445] VCMP
[10:20:05] [392/445] ASHC
[10:20:06] [393/445] VLCX
[10:20:07] [394/445] SHEV
[10:20:08] [395/445] APCO
[10:20:09] [396/445] SILC
[10:20:10] [397/445] SNMR
[10:20:11] [398/445] KYBO
[10:20:12] 🔄 Identity reset
[10:20:12] 🔄 Identity rotated (every 10 requests)
[10:20:12] [399/445] SATK
[10:20:14] [400/445] SSCS
[10:20:15] [401/445] CLSB
[10:20:16] [402/445] KMJR
[10:20:16] [403/445] FSCK
[10:20:17] [404/445] NNKA
[10:20:18] [405/445] CLMK
[10:20:19] [406/445] DMPZ
[10:20:20] [407/445] INQM
[10:20:21] [408/445] CAML
[10:20:21] 🔄 Identity reset
[10:20:21] 🔄 Identity rotated (every 10 requests)
[10:20:22] [409/445] INRK
[10:20:22] [410/445] IMKN
[10:20:23] [411/445] SVNR
[10:20:24] [412/445] INSL
[10:20:25] [413/445] MSMA
[10:20:26] [414/445] MCKK
[10:20:27] [415/445] FCHP
[10:20:28] [416/445] SFCR
[10:20:28] [417/445] NACK
[10:20:29] [418/445] PVAK
[10:20:30] 🔄 Identity reset
[10:20:30] 🔄 Identity rotated (every 10 requests)
[10:20:30] [419/445] INER
[10:20:31] [420/445] RDBK
[10:20:32] [421/445] SVFN
[10:20:33] [422/445] IFRM
[10:20:33] [423/445] ATCK
[10:20:34] [424/445] ASKO
[10:20:35] [425/445] STKT
[10:20:36] [426/445] SVFB
[10:20:37] [427/445] INKS
[10:20:38] [428/445] PCRA
[10:20:38] 🔄 Identity reset
[10:20:38] 🔄 Identity rotated (every 10 requests)
[10:20:39] [429/445] ATJA
[10:20:39] [430/445] IMJN
[10:20:40] [431/445] INHD
[10:20:41] [432/445] BARA
[10:20:42] [433/445] MCSL
[10:20:43] [434/445] RTOY
[10:20:44] [435/445] MENO
[10:20:44] [436/445] PUDM
[10:20:45] [437/445] PRCN
[10:20:46] [438/445] JMJR
[10:20:47] 🔄 Identity reset
[10:20:47] 🔄 Identity rotated (every 10 requests)
[10:20:47] [439/445] SSGK
[10:20:48] [440/445] SSRL
[10:20:49] [441/445] JYKL
[10:20:50] [442/445] ACNB
[10:20:51] [443/445] SONP
[10:20:52] [444/445] EMCI
[10:20:53] [445/445] MRJH
[10:20:54] 🧹 Deduping shows
[10:20:54] ✅ DONE | Shows=226 | Movies=16
[16:52:55] 🚀 SCRIPT STARTED (enhanced anti‑detection)
[16:52:55] [1/445] TGMR
[16:52:55] 🧠 New identity created
[16:52:56] [2/445] CXKR
[16:52:57] [3/445] SROP
[16:52:58] [4/445] GTSV
[16:52:59] [5/445] SNTY
[16:52:59] [6/445] SMYY
[16:53:00] [7/445] CNCS
[16:53:01] [8/445] CSTM
[16:53:02] [9/445] NUCD
[16:53:03] [10/445] SHCZ
[16:53:04] 🔄 Identity reset
[16:53:04] 🔄 Identity rotated (every 10 requests)
[16:53:04] [11/445] NJCT
[16:53:06] [12/445] COPC
[16:53:07] [13/445] STVV
[16:53:07] [14/445] SKRN
[16:53:08] [15/445] APPZ
[16:53:09] [16/445] YMGN
[16:53:10] [17/445] SVTU
[16:53:11] [18/445] GTAD
[16:53:12] [19/445] PSUS
[16:53:13] [20/445] SMCD
[16:53:14] 🔄 Identity reset
[16:53:14] 🔄 Identity rotated (every 10 requests)
[16:53:15] [21/445] CMCM
[16:53:16] [22/445] SYCT
[16:53:17] [23/445] STLY
[16:53:17] [24/445] CMHU
[16:53:18] [25/445] CMSA
[16:53:19] [26/445] CLCU
[16:53:20] [27/445] PPNT
[16:53:21] [28/445] JTAB
[16:53:22] [29/445] BUUC
[16:53:23] [30/445] BSVK
[16:53:23] 🔄 Identity reset
[16:53:23] 🔄 Identity rotated (every 10 requests)
[16:53:23] 🔄 Retry 1/5 for BSVK in 2.6s
[16:53:23] 🔄 Identity reset
[16:53:26] 🧠 New identity created
[16:53:26] [31/445] VVVQ
[16:53:27] [32/445] TKMU
[16:53:28] [33/445] ESYL
[16:53:29] [34/445] ACHP
[16:53:30] [35/445] BTKD
[16:53:31] [36/445] DESA
[16:53:32] [37/445] GBCT
[16:53:33] [38/445] BLLD
[16:53:34] [39/445] SKNT
[16:53:35] 🔄 Identity reset
[16:53:35] 🔄 Identity rotated (every 10 requests)
[16:53:35] [40/445] SSTE
[16:53:36] [41/445] VJMR
[16:53:37] [42/445] NTPU
[16:53:38] [43/445] RDKN
[16:53:39] [44/445] ADGC
[16:53:39] [45/445] VRBP
[16:53:40] [46/445] NMNA
[16:53:41] [47/445] CMMX
[16:53:42] [48/445] PTKO
[16:53:44] [49/445] RBML
[16:53:45] 🔄 Identity reset
[16:53:45] 🔄 Identity rotated (every 10 requests)
[16:53:45] [50/445] SAIC
[16:53:46] [51/445] SVTJ
[16:53:47] [52/445] MRTE
[16:53:48] [53/445] RBTP
[16:53:49] [54/445] NLPS
[16:53:50] [55/445] GTNA
[16:53:51] [56/445] DGGC
[16:53:51] [57/445] SMCR
[16:53:52] [58/445] SCGD
[16:53:53] [59/445] SRRJ
[16:53:54] 🔄 Identity reset
[16:53:54] 🔄 Identity rotated (every 10 requests)
[16:53:54] [60/445] CNRY
[16:53:55] [61/445] KTDI
[16:53:56] [62/445] SNJL
[16:53:57] [63/445] RKMD
[16:53:58] [64/445] SMDC
[16:53:59] [65/445] TADG
[16:54:00] [66/445] MCGS
[16:54:02] [67/445] PETK
[16:54:03] [68/445] CHAG
[16:54:04] [69/445] KSTL
[16:54:04] 🔄 Identity reset
[16:54:04] 🔄 Identity rotated (every 10 requests)
[16:54:05] [70/445] AADS
[16:54:06] [71/445] NTHZ
[16:54:07] [72/445] HCKI
[16:54:07] [73/445] SSEF
[16:54:08] [74/445] MCGX
[16:54:09] [75/445] ERRA
[16:54:10] [76/445] SDTW
[16:54:11] [77/445] RMPK
[16:54:12] [78/445] PTHK
[16:54:13] [79/445] PXCS
[16:54:13] 🔄 Identity reset
[16:54:13] 🔄 Identity rotated (every 10 requests)
[16:54:14] [80/445] SVLU
[16:54:15] [81/445] STAH
[16:54:16] [82/445] JRGF
[16:54:17] [83/445] CDOK
[16:54:18] [84/445] CMSG
[16:54:19] [85/445] APTD
[16:54:20] [86/445] KMPG
[16:54:21] [87/445] MUTJ
[16:54:22] [88/445] VCCI
[16:54:23] [89/445] URBE
[16:54:24] 🔄 Identity reset
[16:54:24] 🔄 Identity rotated (every 10 requests)
[16:54:24] [90/445] TCTS
[16:54:25] [91/445] STSN
[16:54:26] [92/445] AKCH
[16:54:27] [93/445] APSC
[16:54:27] [94/445] VLTB
[16:54:29] [95/445] SANU
[16:54:30] [96/445] AXAM
[16:54:30] [97/445] MGMG
[16:54:31] [98/445] HTBY
[16:54:32] [99/445] MMZS
[16:54:33] 🔄 Identity reset
[16:54:33] 🔄 Identity rotated (every 10 requests)
[16:54:34] [100/445] SUDR
[16:54:35] [101/445] CCAD
[16:54:36] [102/445] SKKC
[16:54:37] [103/445] RMCD
[16:54:38] [104/445] SBCQ
[16:54:38] [105/445] DCCT
[16:54:39] [106/445] VTKP
[16:54:40] [107/445] MLAM
[16:54:41] [108/445] SAVT
[16:54:42] [109/445] GEPL
[16:54:43] 🔄 Identity reset
[16:54:43] 🔄 Identity rotated (every 10 requests)
[16:54:43] [110/445] AMCD
[16:54:44] [111/445] CCXR
[16:54:45] [112/445] GRNG
[16:54:46] [113/445] EBCA
[16:54:47] [114/445] CNVG
[16:54:47] [115/445] MWSS
[16:54:48] [116/445] VBOR
[16:54:49] [117/445] NEEB
[16:54:50] [118/445] SUTH
[16:54:51] [119/445] ANDB
[16:54:52] 🔄 Identity reset
[16:54:52] 🔄 Identity rotated (every 10 requests)
[16:54:53] [120/445] MMXS
[16:54:54] [121/445] CNPD
[16:54:55] [122/445] SDCE
[16:54:56] [123/445] DHCB
[16:54:56] [124/445] ODEN
[16:54:57] [125/445] TNTC
[16:54:58] [126/445] VBKM
[16:55:00] [127/445] RZYM
[16:55:01] [128/445] JEMC
[16:55:02] [129/445] CMAU
[16:55:02] 🔄 Identity reset
[16:55:02] 🔄 Identity rotated (every 10 requests)
[16:55:03] [130/445] SIVP
[16:55:04] [131/445] ATAG
[16:55:05] [132/445] CHTM
[16:55:06] [133/445] AAEE
[16:55:07] [134/445] IWPM
[16:55:09] [135/445] KCMW
[16:55:10] [136/445] MCTD
[16:55:11] [137/445] SPWR
[16:55:12] [138/445] SDPO
[16:55:12] [139/445] PCSK
[16:55:13] 🔄 Identity reset
[16:55:13] 🔄 Identity rotated (every 10 requests)
[16:55:13] [140/445] ACHV
[16:55:15] [141/445] SVLA
[16:55:16] [142/445] PICT
[16:55:17] [143/445] BXDR
[16:55:18] [144/445] SPWA
[16:55:19] [145/445] MCKO
[16:55:19] [146/445] RTHK
[16:55:20] [147/445] CCMF
[16:55:21] [148/445] MRGB
[16:55:22] [149/445] CPLC
[16:55:23] 🔄 Identity reset
[16:55:23] 🔄 Identity rotated (every 10 requests)
[16:55:23] [150/445] RACD
[16:55:24] [151/445] ATKT
[16:55:25] [152/445] SARN
[16:55:27] [153/445] KKUI
[16:55:28] [154/445] RGCM
[16:55:29] [155/445] BRVP
[16:55:29] [156/445] HRSR
[16:55:30] [157/445] GKGM
[16:55:31] [158/445] TTCD
[16:55:32] [159/445] PTTI
[16:55:33] 🔄 Identity reset
[16:55:33] 🔄 Identity rotated (every 10 requests)
[16:55:33] [160/445] MPTT
[16:55:34] [161/445] CVTT
[16:55:35] [162/445] PCXD
[16:55:35] [163/445] GCDC
[16:55:36] [164/445] CCCF
[16:55:37] [165/445] MRAD
[16:55:38] [166/445] CPLK
[16:55:39] [167/445] SATB
[16:55:40] [168/445] SNVG
[16:55:41] [169/445] JMBA
[16:55:41] 🔄 Identity reset
[16:55:41] 🔄 Identity rotated (every 10 requests)
[16:55:43] [170/445] TEJA
[16:55:44] [171/445] STYO
[16:55:45] [172/445] JTBP
[16:55:46] [173/445] KRGD
[16:55:47] [174/445] SLJJ
[16:55:49] [175/445] SPTJ
[16:55:50] [176/445] SWJG
[16:55:50] [177/445] LKRT
[16:55:51] [178/445] KCKA
[16:55:52] [179/445] SNCR
[16:55:53] 🔄 Identity reset
[16:55:53] 🔄 Identity rotated (every 10 requests)
[16:55:53] [180/445] SMKL
[16:55:54] [181/445] GCFA
[16:55:55] [182/445] DDCK
[16:55:56] [183/445] NCHJ
[16:55:56] [184/445] RDMA
[16:55:57] [185/445] SVSV
[16:55:58] [186/445] SCJG
[16:55:59] [187/445] VKLP
[16:56:00] [188/445] NWCC
[16:56:02] [189/445] VKNS
[16:56:02] 🔄 Identity reset
[16:56:02] 🔄 Identity rotated (every 10 requests)
[16:56:03] [190/445] SDDP
[16:56:03] [191/445] ACSI
[16:56:04] [192/445] SATG
[16:56:06] [193/445] SCMW
[16:56:07] [194/445] LKTK
[16:56:08] [195/445] VCKV
[16:56:09] [196/445] KKPE
[16:56:10] [197/445] KIGH
[16:56:11] [198/445] SRPM
[16:56:12] [199/445] SCAH
[16:56:12] 🔄 Identity reset
[16:56:12] 🔄 Identity rotated (every 10 requests)
[16:56:12] 🔄 Retry 1/5 for SCAH in 2.9s
[16:56:12] 🔄 Identity reset
[16:56:15] 🧠 New identity created
[16:56:16] [200/445] MUTA
[16:56:17] [201/445] SEPU
[16:56:18] [202/445] INOA
[16:56:19] [203/445] BASK
[16:56:20] [204/445] NECB
[16:56:21] [205/445] GTTG
[16:56:22] [206/445] ASSA
[16:56:23] [207/445] ANCL
[16:56:24] [208/445] GCTI
[16:56:24] 🔄 Identity reset
[16:56:24] 🔄 Identity rotated (every 10 requests)
[16:56:25] [209/445] RCTS
[16:56:26] [210/445] ACNL
[16:56:27] [211/445] MYCT
[16:56:28] [212/445] NMHT
[16:56:30] [213/445] MDIT
[16:56:30] [214/445] LATG
[16:56:32] [215/445] SMTY
[16:56:33] [216/445] CVCT
[16:56:35] [217/445] RAMB
[16:56:35] [218/445] TGMS
[16:56:36] 🔄 Identity reset
[16:56:36] 🔄 Identity rotated (every 10 requests)
[16:56:36] [219/445] BHEL
[16:56:37] [220/445] SHCT
[16:56:38] [221/445] SVCT
[16:56:40] [222/445] MRIY
[16:56:41] [223/445] SARO
[16:56:42] [224/445] STCT
[16:56:43] [225/445] JKKC
[16:56:44] [226/445] PLTT
[16:56:45] [227/445] SRNT
[16:56:46] [228/445] YAST
[16:56:46] 🔄 Identity reset
[16:56:46] 🔄 Identity rotated (every 10 requests)
[16:56:47] [229/445] PERL
[16:56:48] [230/445] CICM
[16:56:48] [231/445] MMTR
[16:56:50] [232/445] ABTK
[16:56:51] [233/445] ATYY
[16:56:52] [234/445] ASTK
[16:56:53] [235/445] VVCK
[16:56:54] [236/445] ATKY
[16:56:54] [237/445] GWEK
[16:56:55] [238/445] SVFH
[16:56:56] 🔄 Identity reset
[16:56:56] 🔄 Identity rotated (every 10 requests)
[16:56:57] [239/445] SLTA
[16:56:59] [240/445] AASH
[16:57:00] [241/445] ACXB
[16:57:01] [242/445] SMTX
[16:57:02] [243/445] AZDH
[16:57:02] [244/445] CMMH
[16:57:04] [245/445] SCSZ
[16:57:05] [246/445] SCKP
[16:57:05] [247/445] NXTM
[16:57:06] [248/445] NWCS
[16:57:07] 🔄 Identity reset
[16:57:07] 🔄 Identity rotated (every 10 requests)
[16:57:08] [249/445] CXMH
[16:57:09] [250/445] PCMA
[16:57:10] [251/445] SGCM
[16:57:11] [252/445] SDTU
[16:57:12] [253/445] MMVI
[16:57:12] [254/445] JKCM
[16:57:13] [255/445] VCMM
[16:57:14] [256/445] SYEE
[16:57:15] [257/445] VASD
[16:57:16] [258/445] BDRB
[16:57:17] 🔄 Identity reset
[16:57:17] 🔄 Identity rotated (every 10 requests)
[16:57:17] [259/445] LASM
[16:57:19] [260/445] DCRL
[16:57:20] [261/445] DVPM
[16:57:21] [262/445] SBMJ
[16:57:21] [263/445] CBMU
[16:57:22] [264/445] IUBS
[16:57:23] [265/445] INAP
[16:57:24] [266/445] SRRC
[16:57:25] [267/445] SAGR
[16:57:26] [268/445] CPMJ
[16:57:26] 🔄 Identity reset
[16:57:26] 🔄 Identity rotated (every 10 requests)
[16:57:27] [269/445] ATJL
[16:57:27] [270/445] NNTD
[16:57:28] [271/445] JHCJ
[16:57:29] [272/445] CMMP
[16:57:30] [273/445] RSDR
[16:57:31] [274/445] AMTI
[16:57:32] [275/445] NYSG
[16:57:33] [276/445] AVSG
[16:57:34] [277/445] SYTP
[16:57:35] [278/445] LARC
[16:57:35] 🔄 Identity reset
[16:57:35] 🔄 Identity rotated (every 10 requests)
[16:57:36] [279/445] RJTP
[16:57:36] [280/445] LAKC
[16:57:37] [281/445] MCXE
[16:57:38] [282/445] CCZC
[16:57:39] [283/445] AVCH
[16:57:40] [284/445] CMBE
[16:57:41] [285/445] MRRC
[16:57:42] [286/445] PCPY
[16:57:43] [287/445] SRMH
[16:57:44] [288/445] SVGS
[16:57:44] 🔄 Identity reset
[16:57:44] 🔄 Identity rotated (every 10 requests)
[16:57:45] [289/445] PCSE
[16:57:46] [290/445] SVFT
[16:57:46] [291/445] TNZP
[16:57:47] [292/445] ICTP
[16:57:48] [293/445] ACTZ
[16:57:49] [294/445] GTUR
[16:57:50] [295/445] MAFC
[16:57:52] [296/445] MINL
[16:57:53] [297/445] MRCL
[16:57:54] [298/445] RCRP
[16:57:54] 🔄 Identity reset
[16:57:54] 🔄 Identity rotated (every 10 requests)
[16:57:55] [299/445] RFFG
[16:57:56] [300/445] RMAS
[16:57:57] [301/445] INVR
[16:57:58] [302/445] RMAR
[16:57:59] [303/445] CNIS
[16:58:00] [304/445] RHRJ
[16:58:00] [305/445] INXR
[16:58:01] [306/445] VALT
[16:58:02] [307/445] LCSH
[16:58:03] [308/445] CMVS
[16:58:04] 🔄 Identity reset
[16:58:04] 🔄 Identity rotated (every 10 requests)
[16:58:04] [309/445] CNMS
[16:58:05] [310/445] ROOG
[16:58:06] [311/445] ISRM
[16:58:07] [312/445] RCRM
[16:58:08] [313/445] ACJA
[16:58:09] [314/445] RCVS
[16:58:10] [315/445] CPUS
[16:58:11] [316/445] TGCS
[16:58:11] [317/445] RKCJ
[16:58:12] [318/445] MKSB
[16:58:13] 🔄 Identity reset
[16:58:13] 🔄 Identity rotated (every 10 requests)
[16:58:13] [319/445] TCSJ
[16:58:14] [320/445] RMGP
[16:58:15] [321/445] CLLP
[16:58:16] [322/445] RCMV
[16:58:17] [323/445] CCKS
[16:58:18] [324/445] RSRP
[16:58:19] [325/445] APLP
[16:58:20] [326/445] CNVS
[16:58:20] [327/445] RMVY
[16:58:21] [328/445] PGBD
[16:58:22] 🔄 Identity reset
[16:58:22] 🔄 Identity rotated (every 10 requests)
[16:58:22] [329/445] KLMS
[16:58:23] [330/445] RUST
[16:58:25] [331/445] MASM
[16:58:26] [332/445] BACS
[16:58:27] [333/445] BWST
[16:58:27] [334/445] RRFH
[16:58:28] [335/445] SJTM
[16:58:29] [336/445] BEMR
[16:58:30] [337/445] MCGR
[16:58:31] [338/445] SDSK
[16:58:32] 🔄 Identity reset
[16:58:32] 🔄 Identity rotated (every 10 requests)
[16:58:32] [339/445] VBOL
[16:58:34] [340/445] RMGM
[16:58:35] [341/445] NOPL
[16:58:35] [342/445] MKJK
[16:58:36] [343/445] CVRN
[16:58:38] [344/445] MMEN
[16:58:39] [345/445] AMNG
[16:58:40] [346/445] INTM
[16:58:41] [347/445] SLCZ
[16:58:43] [348/445] AMJN
[16:58:43] 🔄 Identity reset
[16:58:43] 🔄 Identity rotated (every 10 requests)
[16:58:43] [349/445] ACJN
[16:58:44] [350/445] AMKN
[16:58:45] [351/445] BTCN
[16:58:46] [352/445] AMBT
[16:58:47] [353/445] PACN
[16:58:48] [354/445] LCNS
[16:58:49] [355/445] PPKC
[16:58:50] [356/445] JYYN
[16:58:51] [357/445] JTNR
[16:58:52] [358/445] GTEE
[16:58:52] 🔄 Identity reset
[16:58:52] 🔄 Identity rotated (every 10 requests)
[16:58:53] [359/445] SRNM
[16:58:54] [360/445] SDTC
[16:58:55] [361/445] VPCA
[16:58:56] [362/445] VLRA
[16:58:57] [363/445] SHKR
[16:58:58] [364/445] SBKD
[16:58:59] [365/445] SAAD
[16:59:00] [366/445] JTGN
[16:59:01] [367/445] SLAM
[16:59:02] [368/445] VTPM
[16:59:02] 🔄 Identity reset
[16:59:02] 🔄 Identity rotated (every 10 requests)
[16:59:03] [369/445] ANPT
[16:59:04] [370/445] PUNB
[16:59:05] [371/445] CPKT
[16:59:05] [372/445] CNWE
[16:59:06] [373/445] ECPP
[16:59:07] [374/445] CPAR
[16:59:08] [375/445] ESBW
[16:59:09] [376/445] PKPU
[16:59:10] [377/445] CPRP
[16:59:11] [378/445] RAHU
[16:59:11] 🔄 Identity reset
[16:59:11] 🔄 Identity rotated (every 10 requests)
[16:59:12] [379/445] RHMN
[16:59:13] [380/445] FMJP
[16:59:13] [381/445] CTMP
[16:59:14] [382/445] INPN
[16:59:15] [383/445] STTG
[16:59:16] [384/445] CTRD
[16:59:17] [385/445] PUVB
[16:59:18] [386/445] ESVP
[16:59:19] [387/445] CPFT
[16:59:20] [388/445] LCPC
[16:59:20] 🔄 Identity reset
[16:59:20] 🔄 Identity rotated (every 10 requests)
[16:59:20] [389/445] VBCT
[16:59:22] [390/445] FSCW
[16:59:23] [391/445] VCMP
[16:59:24] [392/445] ASHC
[16:59:25] [393/445] VLCX
[16:59:26] [394/445] SHEV
[16:59:27] [395/445] APCO
[16:59:29] [396/445] SILC
[16:59:30] [397/445] SNMR
[16:59:31] [398/445] KYBO
[16:59:31] 🔄 Identity reset
[16:59:31] 🔄 Identity rotated (every 10 requests)
[16:59:31] 🔄 Retry 1/5 for KYBO in 2.7s
[16:59:31] 🔄 Identity reset
[16:59:34] 🧠 New identity created
[16:59:35] [399/445] SATK
[16:59:36] [400/445] SSCS
[16:59:37] [401/445] CLSB
[16:59:38] [402/445] KMJR
[16:59:39] [403/445] FSCK
[16:59:40] [404/445] NNKA
[16:59:41] [405/445] CLMK
[16:59:42] [406/445] DMPZ
[16:59:43] [407/445] INQM
[16:59:43] 🔄 Identity reset
[16:59:43] 🔄 Identity rotated (every 10 requests)
[16:59:44] [408/445] CAML
[16:59:46] [409/445] INRK
[16:59:47] [410/445] IMKN
[16:59:48] [411/445] SVNR
[16:59:49] [412/445] INSL
[16:59:49] [413/445] MSMA
[16:59:50] [414/445] MCKK
[16:59:51] [415/445] FCHP
[16:59:52] [416/445] SFCR
[16:59:53] [417/445] NACK
[16:59:53] 🔄 Identity reset
[16:59:53] 🔄 Identity rotated (every 10 requests)
[16:59:54] [418/445] PVAK
[16:59:55] [419/445] INER
[16:59:56] [420/445] RDBK
[16:59:57] [421/445] SVFN
[16:59:58] [422/445] IFRM
[16:59:59] [423/445] ATCK
[17:00:00] [424/445] ASKO
[17:00:02] [425/445] STKT
[17:00:03] [426/445] SVFB
[17:00:04] [427/445] INKS
[17:00:04] 🔄 Identity reset
[17:00:04] 🔄 Identity rotated (every 10 requests)
[17:00:04] [428/445] PCRA
[17:00:05] [429/445] ATJA
[17:00:06] [430/445] IMJN
[17:00:07] [431/445] INHD
[17:00:08] [432/445] BARA
[17:00:09] [433/445] MCSL
[17:00:10] [434/445] RTOY
[17:00:11] [435/445] MENO
[17:00:12] [436/445] PUDM
[17:00:13] [437/445] PRCN
[17:00:13] 🔄 Identity reset
[17:00:13] 🔄 Identity rotated (every 10 requests)
[17:00:14] [438/445] JMJR
[17:00:15] [439/445] SSGK
[17:00:16] [440/445] SSRL
[17:00:17] [441/445] JYKL
[17:00:18] [442/445] ACNB
[17:00:19] [443/445] SONP
[17:00:20] [444/445] EMCI
[17:00:21] [445/445] MRJH
[17:00:22] 🧹 Deduping shows
[17:00:22] ✅ DONE | Shows=293 | Movies=22
