[10:13:58] 🚀 SCRIPT STARTED (enhanced anti‑detection)
[10:13:58] [1/459] NECA
[10:13:59] 🧠 New identity created
[10:13:59] 🔄 Retry 1/5 for NECA in 2.1s
[10:13:59] 🔄 Identity reset
[10:14:01] 🧠 New identity created
[10:14:01] [2/459] BJLC
[10:14:02] [3/459] BASU
[10:14:03] [4/459] RUPI
[10:14:04] [5/459] LCBK
[10:14:05] [6/459] PMAC
[10:14:06] [7/459] AMLC
[10:14:07] [8/459] LICL
[10:14:08] [9/459] UDMM
[10:14:08] 🔄 Identity reset
[10:14:08] 🔄 Identity rotated (every 10 requests)
[10:14:09] [10/459] STBZ
[10:14:10] [11/459] UUBT
[10:14:11] [12/459] SJKC
[10:14:11] [13/459] TUAL
[10:14:12] [14/459] MRSE
[10:14:13] [15/459] RMRK
[10:14:14] [16/459] TTKP
[10:14:15] [17/459] KTKO
[10:14:16] [18/459] SDBK
[10:14:17] [19/459] MCPR
[10:14:18] 🔄 Identity reset
[10:14:18] 🔄 Identity rotated (every 10 requests)
[10:14:18] [20/459] CHTI
[10:14:19] [21/459] GCCP
[10:14:20] [22/459] SRMY
[10:14:21] [23/459] NYST
[10:14:22] [24/459] NYAG
[10:14:23] [25/459] SBMT
[10:14:24] [26/459] INGA
[10:14:25] [27/459] WSIC
[10:14:26] [28/459] SCSS
[10:14:27] [29/459] COPG
[10:14:27] 🔄 Identity reset
[10:14:27] 🔄 Identity rotated (every 10 requests)
[10:14:28] [30/459] RCGR
[10:14:29] [31/459] TCZA
[10:14:30] [32/459] CNLP
[10:14:31] [33/459] CLKN
[10:14:32] [34/459] LHDF
[10:14:33] [35/459] ELKC
[10:14:34] [36/459] VCEM
[10:14:35] [37/459] SSZA
[10:14:36] [38/459] KRMT
[10:14:36] [39/459] LCMV
[10:14:37] 🔄 Identity reset
[10:14:37] 🔄 Identity rotated (every 10 requests)
[10:14:38] [40/459] AYCZ
[10:14:39] [41/459] CUMS
[10:14:40] [42/459] BOCK
[10:14:40] [43/459] PNMR
[10:14:42] [44/459] PJCP
[10:14:43] [45/459] JDDD
[10:14:44] [46/459] STMS
[10:14:45] [47/459] FLMB
[10:14:46] [48/459] PKCM
[10:14:47] [49/459] SPPR
[10:14:48] 🔄 Identity reset
[10:14:48] 🔄 Identity rotated (every 10 requests)
[10:14:48] [50/459] EYLH
[10:14:49] [51/459] RJCC
[10:14:50] [52/459] MMPS
[10:14:51] [53/459] SHMX
[10:14:52] [54/459] CCNL
[10:14:53] [55/459] RCNV
[10:14:54] [56/459] MAAG
[10:14:54] [57/459] LXCM
[10:14:55] [58/459] RCNI
[10:14:56] [59/459] SNNI
[10:14:56] 🔄 Identity reset
[10:14:56] 🔄 Identity rotated (every 10 requests)
[10:14:57] [60/459] LALC
[10:14:58] [61/459] SOCN
[10:14:59] [62/459] JHTP
[10:15:00] [63/459] PITP
[10:15:01] [64/459] CCKW
[10:15:01] [65/459] MCMC
[10:15:02] [66/459] DEES
[10:15:03] [67/459] SABT
[10:15:04] [68/459] VSPP
[10:15:05] [69/459] ABCT
[10:15:06] 🔄 Identity reset
[10:15:06] 🔄 Identity rotated (every 10 requests)
[10:15:06] [70/459] JVTB
[10:15:07] [71/459] VCBD
[10:15:08] [72/459] RMGG
[10:15:09] [73/459] RNMH
[10:15:10] [74/459] SPGL
[10:15:10] [75/459] JTTR
[10:15:11] [76/459] SICS
[10:15:12] [77/459] SRMI
[10:15:13] [78/459] SSIJ
[10:15:15] [79/459] KFMT
[10:15:15] 🔄 Identity reset
[10:15:15] 🔄 Identity rotated (every 10 requests)
[10:15:15] [80/459] VBIT
[10:15:16] [81/459] JKCT
[10:15:17] [82/459] GCGP
[10:15:18] [83/459] GDCS
[10:15:19] [84/459] TRBA
[10:15:20] [85/459] QUST
[10:15:21] [86/459] VSHM
[10:15:22] [87/459] SDCP
[10:15:23] [88/459] SNVS
[10:15:24] [89/459] NYTO
[10:15:25] 🔄 Identity reset
[10:15:25] 🔄 Identity rotated (every 10 requests)
[10:15:26] [90/459] URWC
[10:15:27] [91/459] GTWH
[10:15:28] [92/459] PFCM
[10:15:29] [93/459] KRTA
[10:15:30] [94/459] AXMC
[10:15:31] [95/459] EVMC
[10:15:32] [96/459] HGSM
[10:15:33] [97/459] ACVM
[10:15:34] [98/459] PSKL
[10:15:35] [99/459] RDMP
[10:15:36] 🔄 Identity reset
[10:15:36] 🔄 Identity rotated (every 10 requests)
[10:15:37] [100/459] RHGH
[10:15:38] [101/459] OMCM
[10:15:39] [102/459] DCCP
[10:15:40] [103/459] MCPB
[10:15:41] [104/459] ALCI
[10:15:42] [105/459] BLMX
[10:15:43] [106/459] BTMV
[10:15:44] [107/459] FVPN
[10:15:45] [108/459] CMAR
[10:15:46] [109/459] CEIM
[10:15:47] 🔄 Identity reset
[10:15:47] 🔄 Identity rotated (every 10 requests)
[10:15:48] [110/459] CMVA
[10:15:49] [111/459] CPIV
[10:15:50] [112/459] CNPE
[10:15:51] [113/459] COLV
[10:15:51] [114/459] DNNV
[10:15:53] [115/459] HCAD
[10:15:54] [116/459] TAKA
[10:15:55] [117/459] INVD
[10:15:56] [118/459] IRMM
[10:15:57] [119/459] INSE
[10:15:57] 🔄 Identity reset
[10:15:57] 🔄 Identity rotated (every 10 requests)
[10:15:58] [120/459] MRSW
[10:15:58] [121/459] MCVD
[10:15:59] [122/459] MCSO
[10:16:01] [123/459] PEVM
[10:16:02] [124/459] PVNL
[10:16:03] [125/459] PTCV
[10:16:03] [126/459] PRTC
[10:16:04] [127/459] RCVA
[10:16:05] [128/459] MTBN
[10:16:06] [129/459] LUCP
[10:16:07] 🔄 Identity reset
[10:16:07] 🔄 Identity rotated (every 10 requests)
[10:16:07] [130/459] FMPT
[10:16:08] [131/459] JLSL
[10:16:09] [132/459] SBHA
[10:16:10] [133/459] SHRC
[10:16:11] [134/459] AVPS
[10:16:11] [135/459] STPM
[10:16:13] [136/459] ATRD
[10:16:15] [137/459] VTED
[10:16:15] [138/459] ACAI
[10:16:16] [139/459] SMAE
[10:16:17] 🔄 Identity reset
[10:16:17] 🔄 Identity rotated (every 10 requests)
[10:16:17] [140/459] VMAT
[10:16:18] [141/459] LKCT
[10:16:19] [142/459] JTVK
[10:16:20] [143/459] PRTY
[10:16:20] [144/459] GETT
[10:16:22] [145/459] ESAP
[10:16:23] [146/459] NCPM
[10:16:24] [147/459] PCPA
[10:16:25] [148/459] MMOM
[10:16:26] [149/459] PHUP
[10:16:27] 🔄 Identity reset
[10:16:27] 🔄 Identity rotated (every 10 requests)
[10:16:27] [150/459] CCPI
[10:16:29] [151/459] CNTD
[10:16:30] [152/459] NLJR
[10:16:31] [153/459] SRNG
[10:16:32] [154/459] MHAL
[10:16:33] [155/459] PNSM
[10:16:34] [156/459] DRMY
[10:16:34] [157/459] CCMU
[10:16:35] [158/459] SCMY
[10:16:36] [159/459] PVSY
[10:16:37] 🔄 Identity reset
[10:16:37] 🔄 Identity rotated (every 10 requests)
[10:16:37] [160/459] SDLM
[10:16:39] [161/459] ICCM
[10:16:40] [162/459] PYSU
[10:16:41] [163/459] GATM
[10:16:42] [164/459] WOTM
[10:16:42] [165/459] RKTS
[10:16:43] [166/459] PMTY
[10:16:44] [167/459] LYMS
[10:16:45] [168/459] TGCA
[10:16:46] [169/459] DSTA
[10:16:47] 🔄 Identity reset
[10:16:47] 🔄 Identity rotated (every 10 requests)
[10:16:47] [170/459] CNGE
[10:16:48] [171/459] VSTG
[10:16:49] [172/459] GTCK
[10:16:50] [173/459] TGNT
[10:16:51] [174/459] ASLC
[10:16:52] [175/459] SSST
[10:16:53] [176/459] KBTT
[10:16:54] [177/459] HKCP
[10:16:55] [178/459] SWLC
[10:16:56] [179/459] RTND
[10:16:56] 🔄 Identity reset
[10:16:56] 🔄 Identity rotated (every 10 requests)
[10:16:57] [180/459] PKKT
[10:16:58] [181/459] HSTK
[10:16:58] [182/459] SPTT
[10:16:59] [183/459] IMPM
[10:17:00] [184/459] SCMV
[10:17:01] [185/459] SPCT
[10:17:02] [186/459] JBCA
[10:17:03] [187/459] ATTR
[10:17:04] [188/459] SPMT
[10:17:05] [189/459] LCTM
[10:17:05] 🔄 Identity reset
[10:17:05] 🔄 Identity rotated (every 10 requests)
[10:17:06] [190/459] SCVL
[10:17:07] [191/459] SCVT
[10:17:08] [192/459] KRIC
[10:17:08] [193/459] CTMG
[10:17:09] [194/459] ACNC
[10:17:10] [195/459] DMCK
[10:17:11] [196/459] KMTV
[10:17:12] [197/459] PFCJ
[10:17:13] [198/459] VNMD
[10:17:14] [199/459] VPCZ
[10:17:15] 🔄 Identity reset
[10:17:15] 🔄 Identity rotated (every 10 requests)
[10:17:16] [200/459] SRYR
[10:17:16] [201/459] SYTR
[10:17:17] [202/459] GATR
[10:17:18] [203/459] URTR
[10:17:19] [204/459] MKSM
[10:17:20] [205/459] VSMH
[10:17:21] [206/459] SKRJ
[10:17:21] [207/459] SSJR
[10:17:22] [208/459] SVSM
[10:17:23] [209/459] RUCM
[10:17:23] 🔄 Identity reset
[10:17:23] 🔄 Identity rotated (every 10 requests)
[10:17:24] [210/459] PRKN
[10:17:25] [211/459] RROH
[10:17:26] [212/459] SCTN
[10:17:26] [213/459] RTDM
[10:17:27] [214/459] ASRM
[10:17:28] [215/459] SKMD
[10:17:29] [216/459] SUTD
[10:17:30] [217/459] SADM
[10:17:31] [218/459] WCNR
[10:17:32] [219/459] CNED
[10:17:33] 🔄 Identity reset
[10:17:33] 🔄 Identity rotated (every 10 requests)
[10:17:33] [220/459] MPDB
[10:17:34] [221/459] KTBH
[10:17:35] [222/459] IDRM
[10:17:37] [223/459] PJJT
[10:17:38] [224/459] PFCV
[10:17:39] [225/459] AACT
[10:17:39] [226/459] AAAD
[10:17:40] [227/459] ANES
[10:17:41] [228/459] MNCA
[10:17:42] [229/459] RMGU
[10:17:42] 🔄 Identity reset
[10:17:42] 🔄 Identity rotated (every 10 requests)
[10:17:43] [230/459] DLCN
[10:17:44] [231/459] LJWT
[10:17:45] [232/459] MCBG
[10:17:46] [233/459] MYBG
[10:17:47] [234/459] GCCA
[10:17:48] [235/459] GCGA
[10:17:49] [236/459] ECGN
[10:17:50] [237/459] PRAB
[10:17:51] [238/459] PNMP
[10:17:52] [239/459] GCPT
[10:17:52] 🔄 Identity reset
[10:17:52] 🔄 Identity rotated (every 10 requests)
[10:17:53] [240/459] ROYN
[10:17:54] [241/459] VATM
[10:17:55] [242/459] KSNT
[10:17:56] [243/459] ACTC
[10:17:56] [244/459] PLTD
[10:17:57] [245/459] SKMK
[10:17:58] [246/459] CMTT
[10:17:59] [247/459] SMXP
[10:18:00] [248/459] SCMX
[10:18:01] [249/459] ACXN
[10:18:02] 🔄 Identity reset
[10:18:02] 🔄 Identity rotated (every 10 requests)
[10:18:02] [250/459] ASWT
[10:18:03] [251/459] VVVL
[10:18:04] [252/459] NAGO
[10:18:05] [253/459] SNCN
[10:18:06] [254/459] MCKP
[10:18:07] [255/459] SAMO
[10:18:08] [256/459] JBTV
[10:18:10] [257/459] DCVV
[10:18:12] [258/459] KMSV
[10:18:12] [259/459] KDCN
[10:18:13] 🔄 Identity reset
[10:18:13] 🔄 Identity rotated (every 10 requests)
[10:18:13] [260/459] CNCP
[10:18:14] [261/459] HAMC
[10:18:15] [262/459] CCVZ
[10:18:16] [263/459] NCCK
[10:18:17] [264/459] MCHR
[10:18:18] [265/459] SCHT
[10:18:19] [266/459] ESSH
[10:18:20] [267/459] CUJC
[10:18:21] [268/459] PECP
[10:18:22] [269/459] PMMI
[10:18:22] 🔄 Identity reset
[10:18:22] 🔄 Identity rotated (every 10 requests)
[10:18:23] [270/459] PCCH
[10:18:23] [271/459] PRPM
[10:18:24] [272/459] PVKL
[10:18:25] [273/459] CBSM
[10:18:26] [274/459] PVCZ
[10:18:27] [275/459] PCVV
[10:18:28] [276/459] CTMJ
[10:18:29] [277/459] RCPS
[10:18:29] [278/459] PCIT
[10:18:30] [279/459] FNCH
[10:18:31] 🔄 Identity reset
[10:18:31] 🔄 Identity rotated (every 10 requests)
[10:18:32] [280/459] INZD
[10:18:33] [281/459] INPC
[10:18:34] [282/459] LCZP
[10:18:35] [283/459] SMCB
[10:18:36] [284/459] PTSB
[10:18:37] [285/459] TPSI
[10:18:38] [286/459] KHMJ
[10:18:38] [287/459] RCCJ
[10:18:39] [288/459] NCJA
[10:18:41] [289/459] NCJN
[10:18:41] 🔄 Identity reset
[10:18:41] 🔄 Identity rotated (every 10 requests)
[10:18:42] [290/459] BTDP
[10:18:43] [291/459] PADY
[10:18:43] [292/459] NYBH
[10:18:44] [293/459] MTBR
[10:18:45] [294/459] KRBC
[10:18:47] [295/459] DKTI
[10:18:48] [296/459] ANAN
[10:18:50] [297/459] INBP
[10:18:50] [298/459] PATB
[10:18:51] [299/459] RGNT
[10:18:52] 🔄 Identity reset
[10:18:52] 🔄 Identity rotated (every 10 requests)
[10:18:52] [300/459] CGPM
[10:18:53] [301/459] INTN
[10:18:54] [302/459] MCMP
[10:18:55] [303/459] ASRG
[10:18:56] [304/459] CXJD
[10:18:57] [305/459] SPCP
[10:18:58] [306/459] CSTP
[10:18:59] [307/459] PKVC
[10:19:01] [308/459] ESCP
[10:19:02] [309/459] CAEP
[10:19:03] 🔄 Identity reset
[10:19:03] 🔄 Identity rotated (every 10 requests)
[10:19:03] [310/459] CCSP
[10:19:04] [311/459] KTPC
[10:19:06] [312/459] DACA
[10:19:06] [313/459] NVKY
[10:19:07] [314/459] PTIN
[10:19:09] [315/459] SCIN
[10:19:10] [316/459] MCTY
[10:19:11] [317/459] PCMX
[10:19:11] [318/459] INIC
[10:19:12] [319/459] MMZM
[10:19:13] 🔄 Identity reset
[10:19:13] 🔄 Identity rotated (every 10 requests)
[10:19:14] [320/459] SSLP
[10:19:15] [321/459] DTDT
[10:19:16] [322/459] FFCX
[10:19:17] [323/459] RCMM
[10:19:18] [324/459] KYID
[10:19:19] [325/459] CSCI
[10:19:20] [326/459] FCMC
[10:19:21] [327/459] MMXI
[10:19:23] [328/459] ASTC
[10:19:24] [329/459] CMRA
[10:19:24] 🔄 Identity reset
[10:19:24] 🔄 Identity rotated (every 10 requests)
[10:19:25] [330/459] DICI
[10:19:25] [331/459] KDIN
[10:19:27] [332/459] PRFI
[10:19:28] [333/459] SVFC
[10:19:29] [334/459] UCPL
[10:19:29] [335/459] COOC
[10:19:30] [336/459] SCAL
[10:19:31] [337/459] SVFF
[10:19:32] [338/459] VCMG
[10:19:33] [339/459] UUCT
[10:19:34] 🔄 Identity reset
[10:19:34] 🔄 Identity rotated (every 10 requests)
[10:19:34] [340/459] GCSE
[10:19:35] [341/459] SUSC
[10:19:36] [342/459] MISC
[10:19:36] [343/459] RMBL
[10:19:37] [344/459] CMXN
[10:19:38] [345/459] PVBK
[10:19:39] [346/459] HHCG
[10:19:40] [347/459] SCAG
[10:19:41] [348/459] CNPR
[10:19:42] [349/459] CSER
[10:19:43] 🔄 Identity reset
[10:19:43] 🔄 Identity rotated (every 10 requests)
[10:19:43] [350/459] HLWD
[10:19:44] [351/459] BOLY
[10:19:45] [352/459] SSPG
[10:19:46] [353/459] MUPX
[10:19:47] [354/459] HAMR
[10:19:48] [355/459] SDNC
[10:19:49] [356/459] RTEN
[10:19:50] [357/459] SDTD
[10:19:51] [358/459] KAWS
[10:19:52] [359/459] CMZX
[10:19:53] 🔄 Identity reset
[10:19:53] 🔄 Identity rotated (every 10 requests)
[10:19:53] [360/459] DCDD
[10:19:54] [361/459] ALSN
[10:19:55] [362/459] IMXS
[10:19:56] [363/459] PVFF
[10:19:57] [364/459] PVOO
[10:19:58] [365/459] CFBS
[10:19:59] [366/459] PVER
[10:20:00] [367/459] PPNX
[10:20:01] [368/459] CNRM
[10:20:01] [369/459] PVWW
[10:20:02] 🔄 Identity reset
[10:20:02] 🔄 Identity rotated (every 10 requests)
[10:20:03] [370/459] INMB
[10:20:04] [371/459] CPJR
[10:20:05] [372/459] INRZ
[10:20:06] [373/459] PMSR
[10:20:07] [374/459] GPGM
[10:20:08] [375/459] PGWB
[10:20:09] [376/459] PMBR
[10:20:10] [377/459] GPAM
[10:20:11] [378/459] INBC
[10:20:12] [379/459] PZVK
[10:20:13] 🔄 Identity reset
[10:20:13] 🔄 Identity rotated (every 10 requests)
[10:20:13] [380/459] CPEB
[10:20:14] [381/459] FMLB
[10:20:15] [382/459] INBG
[10:20:16] [383/459] GPBR
[10:20:16] [384/459] PAAS
[10:20:17] [385/459] VTBR
[10:20:19] [386/459] GPMY
[10:20:20] [387/459] GYBU
[10:20:21] [388/459] INBJ
[10:20:22] [389/459] LKTH
[10:20:23] 🔄 Identity reset
[10:20:23] 🔄 Identity rotated (every 10 requests)
[10:20:23] [390/459] NSBR
[10:20:24] [391/459] PDRD
[10:20:25] [392/459] VRBL
[10:20:26] [393/459] VTGB
[10:20:27] [394/459] VTSK
[10:20:28] [395/459] BKDV
[10:20:28] [396/459] SVTB
[10:20:30] [397/459] MLDT
[10:20:31] [398/459] NRBL
[10:20:32] [399/459] SLTR
[10:20:32] 🔄 Identity reset
[10:20:32] 🔄 Identity rotated (every 10 requests)
[10:20:33] [400/459] VNKA
[10:20:33] [401/459] TDCA
[10:20:35] [402/459] INBM
[10:20:36] [403/459] SSNR
[10:20:37] [404/459] BHAC
[10:20:38] [405/459] SDSD
[10:20:39] [406/459] SAMP
[10:20:40] [407/459] RATK
[10:20:42] [408/459] KCBI
[10:20:42] [409/459] URBL
[10:20:43] 🔄 Identity reset
[10:20:43] 🔄 Identity rotated (every 10 requests)
[10:20:43] [410/459] MKBG
[10:20:44] [411/459] ASTB
[10:20:46] [412/459] VBWT
[10:20:47] [413/459] GPSM
[10:20:48] [414/459] ROON
[10:20:49] [415/459] CHTH
[10:20:50] [416/459] SSPA
[10:20:51] [417/459] ANBL
[10:20:52] [418/459] VTBE
[10:20:53] [419/459] SVKT
[10:20:53] 🔄 Identity reset
[10:20:53] 🔄 Identity rotated (every 10 requests)
[10:20:53] 🔄 Retry 1/5 for SVKT in 2.8s
[10:20:53] 🔄 Identity reset
[10:20:56] 🧠 New identity created
[10:20:56] [420/459] SVYK
[10:20:57] [421/459] PTBK
[10:20:58] [422/459] RKTB
[10:20:58] [423/459] BALT
[10:20:59] [424/459] STSV
[10:21:00] [425/459] VCCB
[10:21:01] [426/459] SLTB
[10:21:03] [427/459] SBCR
[10:21:04] [428/459] VDCS
[10:21:04] 🔄 Identity reset
[10:21:04] 🔄 Identity rotated (every 10 requests)
[10:21:05] [429/459] MDKI
[10:21:06] [430/459] SMRN
[10:21:06] [431/459] PTBC
[10:21:07] [432/459] RADI
[10:21:08] [433/459] ADCR
[10:21:09] [434/459] SDCS
[10:21:10] [435/459] SRPJ
[10:21:11] [436/459] ARTS
[10:21:12] [437/459] SRHK
[10:21:13] [438/459] SPAY
[10:21:13] 🔄 Identity reset
[10:21:13] 🔄 Identity rotated (every 10 requests)
[10:21:14] [439/459] GPTB
[10:21:15] [440/459] SNNN
[10:21:15] [441/459] BALJ
[10:21:16] [442/459] TRIG
[10:21:17] [443/459] GTYT
[10:21:18] [444/459] ATGN
[10:21:19] [445/459] ANTE
[10:21:20] [446/459] BDCG
[10:21:21] [447/459] VECI
[10:21:23] [448/459] SCPR
[10:21:23] 🔄 Identity reset
[10:21:23] 🔄 Identity rotated (every 10 requests)
[10:21:24] [449/459] RTEA
[10:21:25] [450/459] JSAI
[10:21:26] [451/459] VJTP
[10:21:27] [452/459] GNDS
[10:21:28] [453/459] PAXA
[10:21:29] [454/459] CGGM
[10:21:30] [455/459] ACKZ
[10:21:30] [456/459] EMCC
[10:21:31] [457/459] KLSK
[10:21:32] [458/459] AVCK
[10:21:33] 🔄 Identity reset
[10:21:33] 🔄 Identity rotated (every 10 requests)
[10:21:33] [459/459] JTCK
[10:21:34] 🧹 Deduping shows
[10:21:34] ✅ DONE | Shows=283 | Movies=17
[16:52:51] 🚀 SCRIPT STARTED (enhanced anti‑detection)
[16:52:51] [1/459] NECA
[16:52:51] 🧠 New identity created
[16:52:52] [2/459] BJLC
[16:52:53] [3/459] BASU
[16:52:53] [4/459] RUPI
[16:52:55] [5/459] LCBK
[16:52:56] [6/459] PMAC
[16:52:57] [7/459] AMLC
[16:52:57] [8/459] LICL
[16:52:58] [9/459] UDMM
[16:52:59] [10/459] STBZ
[16:53:00] 🔄 Identity reset
[16:53:00] 🔄 Identity rotated (every 10 requests)
[16:53:00] [11/459] UUBT
[16:53:01] [12/459] SJKC
[16:53:02] [13/459] TUAL
[16:53:03] [14/459] MRSE
[16:53:04] [15/459] RMRK
[16:53:04] [16/459] TTKP
[16:53:05] [17/459] KTKO
[16:53:06] [18/459] SDBK
[16:53:07] [19/459] MCPR
[16:53:08] [20/459] CHTI
[16:53:08] 🔄 Identity reset
[16:53:08] 🔄 Identity rotated (every 10 requests)
[16:53:09] [21/459] GCCP
[16:53:10] [22/459] SRMY
[16:53:11] [23/459] NYST
[16:53:12] [24/459] NYAG
[16:53:12] [25/459] SBMT
[16:53:13] [26/459] INGA
[16:53:14] [27/459] WSIC
[16:53:15] [28/459] SCSS
[16:53:16] [29/459] COPG
[16:53:17] [30/459] RCGR
[16:53:18] 🔄 Identity reset
[16:53:18] 🔄 Identity rotated (every 10 requests)
[16:53:18] [31/459] TCZA
[16:53:19] [32/459] CNLP
[16:53:20] [33/459] CLKN
[16:53:21] [34/459] LHDF
[16:53:22] [35/459] ELKC
[16:53:23] [36/459] VCEM
[16:53:24] [37/459] SSZA
[16:53:25] [38/459] KRMT
[16:53:25] [39/459] LCMV
[16:53:26] [40/459] AYCZ
[16:53:27] 🔄 Identity reset
[16:53:27] 🔄 Identity rotated (every 10 requests)
[16:53:27] [41/459] CUMS
[16:53:28] [42/459] BOCK
[16:53:29] [43/459] PNMR
[16:53:30] [44/459] PJCP
[16:53:31] [45/459] JDDD
[16:53:32] [46/459] STMS
[16:53:33] [47/459] FLMB
[16:53:34] [48/459] PKCM
[16:53:35] [49/459] SPPR
[16:53:36] [50/459] EYLH
[16:53:36] 🔄 Identity reset
[16:53:36] 🔄 Identity rotated (every 10 requests)
[16:53:37] [51/459] RJCC
[16:53:37] [52/459] MMPS
[16:53:39] [53/459] SHMX
[16:53:40] [54/459] CCNL
[16:53:40] [55/459] RCNV
[16:53:41] [56/459] MAAG
[16:53:42] [57/459] LXCM
[16:53:43] [58/459] RCNI
[16:53:45] [59/459] SNNI
[16:53:45] [60/459] LALC
[16:53:46] 🔄 Identity reset
[16:53:46] 🔄 Identity rotated (every 10 requests)
[16:53:46] [61/459] SOCN
[16:53:47] [62/459] JHTP
[16:53:48] [63/459] PITP
[16:53:49] [64/459] CCKW
[16:53:50] [65/459] MCMC
[16:53:51] [66/459] DEES
[16:53:52] [67/459] SABT
[16:53:52] [68/459] VSPP
[16:53:53] [69/459] ABCT
[16:53:54] [70/459] JVTB
[16:53:55] 🔄 Identity reset
[16:53:55] 🔄 Identity rotated (every 10 requests)
[16:53:55] [71/459] VCBD
[16:53:56] [72/459] RMGG
[16:53:57] [73/459] RNMH
[16:53:58] [74/459] SPGL
[16:53:59] [75/459] JTTR
[16:54:00] [76/459] SICS
[16:54:02] [77/459] SRMI
[16:54:02] [78/459] SSIJ
[16:54:03] [79/459] KFMT
[16:54:04] [80/459] VBIT
[16:54:05] 🔄 Identity reset
[16:54:05] 🔄 Identity rotated (every 10 requests)
[16:54:05] [81/459] JKCT
[16:54:06] [82/459] GCGP
[16:54:07] [83/459] GDCS
[16:54:08] [84/459] TRBA
[16:54:09] [85/459] QUST
[16:54:10] [86/459] VSHM
[16:54:11] [87/459] SDCP
[16:54:11] [88/459] SNVS
[16:54:12] [89/459] NYTO
[16:54:13] [90/459] URWC
[16:54:14] 🔄 Identity reset
[16:54:14] 🔄 Identity rotated (every 10 requests)
[16:54:14] [91/459] GTWH
[16:54:15] [92/459] PFCM
[16:54:16] [93/459] KRTA
[16:54:16] [94/459] AXMC
[16:54:17] [95/459] EVMC
[16:54:18] [96/459] HGSM
[16:54:20] [97/459] ACVM
[16:54:21] [98/459] PSKL
[16:54:22] [99/459] RDMP
[16:54:23] [100/459] RHGH
[16:54:23] 🔄 Identity reset
[16:54:23] 🔄 Identity rotated (every 10 requests)
[16:54:23] [101/459] OMCM
[16:54:24] [102/459] DCCP
[16:54:25] [103/459] MCPB
[16:54:26] [104/459] ALCI
[16:54:27] [105/459] BLMX
[16:54:28] [106/459] BTMV
[16:54:29] [107/459] FVPN
[16:54:30] [108/459] CMAR
[16:54:31] [109/459] CEIM
[16:54:32] [110/459] CMVA
[16:54:32] 🔄 Identity reset
[16:54:32] 🔄 Identity rotated (every 10 requests)
[16:54:33] [111/459] CPIV
[16:54:33] [112/459] CNPE
[16:54:34] [113/459] COLV
[16:54:35] [114/459] DNNV
[16:54:36] [115/459] HCAD
[16:54:37] [116/459] TAKA
[16:54:38] [117/459] INVD
[16:54:39] [118/459] IRMM
[16:54:40] [119/459] INSE
[16:54:41] [120/459] MRSW
[16:54:41] 🔄 Identity reset
[16:54:42] 🔄 Identity rotated (every 10 requests)
[16:54:42] [121/459] MCVD
[16:54:43] [122/459] MCSO
[16:54:44] [123/459] PEVM
[16:54:45] [124/459] PVNL
[16:54:45] [125/459] PTCV
[16:54:46] [126/459] PRTC
[16:54:48] [127/459] RCVA
[16:54:48] [128/459] MTBN
[16:54:49] [129/459] LUCP
[16:54:50] [130/459] FMPT
[16:54:51] 🔄 Identity reset
[16:54:51] 🔄 Identity rotated (every 10 requests)
[16:54:51] [131/459] JLSL
[16:54:52] [132/459] SBHA
[16:54:53] [133/459] SHRC
[16:54:53] [134/459] AVPS
[16:54:54] [135/459] STPM
[16:54:55] [136/459] ATRD
[16:54:56] [137/459] VTED
[16:54:57] [138/459] ACAI
[16:54:58] [139/459] SMAE
[16:55:00] [140/459] VMAT
[16:55:00] 🔄 Identity reset
[16:55:00] 🔄 Identity rotated (every 10 requests)
[16:55:01] [141/459] LKCT
[16:55:01] [142/459] JTVK
[16:55:02] [143/459] PRTY
[16:55:03] [144/459] GETT
[16:55:04] [145/459] ESAP
[16:55:05] [146/459] NCPM
[16:55:06] [147/459] PCPA
[16:55:07] [148/459] MMOM
[16:55:09] [149/459] PHUP
[16:55:09] [150/459] CCPI
[16:55:10] 🔄 Identity reset
[16:55:10] 🔄 Identity rotated (every 10 requests)
[16:55:10] [151/459] CNTD
[16:55:11] [152/459] NLJR
[16:55:12] [153/459] SRNG
[16:55:13] [154/459] MHAL
[16:55:14] [155/459] PNSM
[16:55:16] [156/459] DRMY
[16:55:16] [157/459] CCMU
[16:55:17] [158/459] SCMY
[16:55:18] [159/459] PVSY
[16:55:20] [160/459] SDLM
[16:55:21] 🔄 Identity reset
[16:55:21] 🔄 Identity rotated (every 10 requests)
[16:55:21] [161/459] ICCM
[16:55:22] [162/459] PYSU
[16:55:23] [163/459] GATM
[16:55:24] [164/459] WOTM
[16:55:24] [165/459] RKTS
[16:55:25] [166/459] PMTY
[16:55:26] [167/459] LYMS
[16:55:27] [168/459] TGCA
[16:55:28] [169/459] DSTA
[16:55:29] [170/459] CNGE
[16:55:29] 🔄 Identity reset
[16:55:29] 🔄 Identity rotated (every 10 requests)
[16:55:30] [171/459] VSTG
[16:55:31] [172/459] GTCK
[16:55:32] [173/459] TGNT
[16:55:33] [174/459] ASLC
[16:55:34] [175/459] SSST
[16:55:35] [176/459] KBTT
[16:55:36] [177/459] HKCP
[16:55:37] [178/459] SWLC
[16:55:38] [179/459] RTND
[16:55:39] [180/459] PKKT
[16:55:39] 🔄 Identity reset
[16:55:39] 🔄 Identity rotated (every 10 requests)
[16:55:40] [181/459] HSTK
[16:55:41] [182/459] SPTT
[16:55:42] [183/459] IMPM
[16:55:43] [184/459] SCMV
[16:55:44] [185/459] SPCT
[16:55:45] [186/459] JBCA
[16:55:46] [187/459] ATTR
[16:55:47] [188/459] SPMT
[16:55:47] [189/459] LCTM
[16:55:48] [190/459] SCVL
[16:55:49] 🔄 Identity reset
[16:55:49] 🔄 Identity rotated (every 10 requests)
[16:55:49] [191/459] SCVT
[16:55:50] [192/459] KRIC
[16:55:51] [193/459] CTMG
[16:55:52] [194/459] ACNC
[16:55:53] [195/459] DMCK
[16:55:53] [196/459] KMTV
[16:55:54] [197/459] PFCJ
[16:55:55] [198/459] VNMD
[16:55:56] [199/459] VPCZ
[16:55:57] [200/459] SRYR
[16:55:57] 🔄 Identity reset
[16:55:57] 🔄 Identity rotated (every 10 requests)
[16:55:58] [201/459] SYTR
[16:55:59] [202/459] GATR
[16:56:00] [203/459] URTR
[16:56:01] [204/459] MKSM
[16:56:01] [205/459] VSMH
[16:56:02] [206/459] SKRJ
[16:56:03] [207/459] SSJR
[16:56:04] [208/459] SVSM
[16:56:05] [209/459] RUCM
[16:56:06] [210/459] PRKN
[16:56:06] 🔄 Identity reset
[16:56:06] 🔄 Identity rotated (every 10 requests)
[16:56:07] [211/459] RROH
[16:56:08] [212/459] SCTN
[16:56:08] [213/459] RTDM
[16:56:09] [214/459] ASRM
[16:56:10] [215/459] SKMD
[16:56:11] [216/459] SUTD
[16:56:12] [217/459] SADM
[16:56:13] [218/459] WCNR
[16:56:14] [219/459] CNED
[16:56:14] [220/459] MPDB
[16:56:15] 🔄 Identity reset
[16:56:15] 🔄 Identity rotated (every 10 requests)
[16:56:15] [221/459] KTBH
[16:56:17] [222/459] IDRM
[16:56:18] [223/459] PJJT
[16:56:19] [224/459] PFCV
[16:56:20] [225/459] AACT
[16:56:21] [226/459] AAAD
[16:56:23] [227/459] ANES
[16:56:24] [228/459] MNCA
[16:56:25] [229/459] RMGU
[16:56:26] [230/459] DLCN
[16:56:26] 🔄 Identity reset
[16:56:26] 🔄 Identity rotated (every 10 requests)
[16:56:27] [231/459] LJWT
[16:56:28] [232/459] MCBG
[16:56:29] [233/459] MYBG
[16:56:30] [234/459] GCCA
[16:56:31] [235/459] GCGA
[16:56:32] [236/459] ECGN
[16:56:33] [237/459] PRAB
[16:56:34] [238/459] PNMP
[16:56:35] [239/459] GCPT
[16:56:37] [240/459] ROYN
[16:56:37] 🔄 Identity reset
[16:56:37] 🔄 Identity rotated (every 10 requests)
[16:56:38] [241/459] VATM
[16:56:38] [242/459] KSNT
[16:56:39] [243/459] ACTC
[16:56:40] [244/459] PLTD
[16:56:42] [245/459] SKMK
[16:56:43] [246/459] CMTT
[16:56:44] [247/459] SMXP
[16:56:45] [248/459] SCMX
[16:56:46] [249/459] ACXN
[16:56:47] [250/459] ASWT
[16:56:47] 🔄 Identity reset
[16:56:47] 🔄 Identity rotated (every 10 requests)
[16:56:47] [251/459] VVVL
[16:56:48] [252/459] NAGO
[16:56:49] [253/459] SNCN
[16:56:51] [254/459] MCKP
[16:56:51] [255/459] SAMO
[16:56:52] [256/459] JBTV
[16:56:53] [257/459] DCVV
[16:56:54] [258/459] KMSV
[16:56:55] [259/459] KDCN
[16:56:56] [260/459] CNCP
[16:56:56] 🔄 Identity reset
[16:56:56] 🔄 Identity rotated (every 10 requests)
[16:56:57] [261/459] HAMC
[16:56:57] [262/459] CCVZ
[16:56:58] [263/459] NCCK
[16:57:00] [264/459] MCHR
[16:57:01] [265/459] SCHT
[16:57:01] [266/459] ESSH
[16:57:03] [267/459] CUJC
[16:57:03] [268/459] PECP
[16:57:04] [269/459] PMMI
[16:57:06] [270/459] PCCH
[16:57:07] 🔄 Identity reset
[16:57:07] 🔄 Identity rotated (every 10 requests)
[16:57:07] [271/459] PRPM
[16:57:08] [272/459] PVKL
[16:57:08] [273/459] CBSM
[16:57:09] [274/459] PVCZ
[16:57:10] [275/459] PCVV
[16:57:11] [276/459] CTMJ
[16:57:12] [277/459] RCPS
[16:57:13] [278/459] PCIT
[16:57:14] [279/459] FNCH
[16:57:15] [280/459] INZD
[16:57:15] 🔄 Identity reset
[16:57:15] 🔄 Identity rotated (every 10 requests)
[16:57:15] [281/459] INPC
[16:57:16] [282/459] LCZP
[16:57:17] [283/459] SMCB
[16:57:18] [284/459] PTSB
[16:57:19] [285/459] TPSI
[16:57:20] [286/459] KHMJ
[16:57:21] [287/459] RCCJ
[16:57:22] [288/459] NCJA
[16:57:23] [289/459] NCJN
[16:57:24] [290/459] BTDP
[16:57:24] 🔄 Identity reset
[16:57:24] 🔄 Identity rotated (every 10 requests)
[16:57:25] [291/459] PADY
[16:57:26] [292/459] NYBH
[16:57:26] [293/459] MTBR
[16:57:27] [294/459] KRBC
[16:57:28] [295/459] DKTI
[16:57:29] [296/459] ANAN
[16:57:30] [297/459] INBP
[16:57:31] [298/459] PATB
[16:57:32] [299/459] RGNT
[16:57:33] [300/459] CGPM
[16:57:33] 🔄 Identity reset
[16:57:33] 🔄 Identity rotated (every 10 requests)
[16:57:33] [301/459] INTN
[16:57:34] [302/459] MCMP
[16:57:35] [303/459] ASRG
[16:57:36] [304/459] CXJD
[16:57:37] [305/459] SPCP
[16:57:38] [306/459] CSTP
[16:57:39] [307/459] PKVC
[16:57:40] [308/459] ESCP
[16:57:41] [309/459] CAEP
[16:57:41] [310/459] CCSP
[16:57:42] 🔄 Identity reset
[16:57:42] 🔄 Identity rotated (every 10 requests)
[16:57:42] [311/459] KTPC
[16:57:43] [312/459] DACA
[16:57:44] [313/459] NVKY
[16:57:45] [314/459] PTIN
[16:57:46] [315/459] SCIN
[16:57:47] [316/459] MCTY
[16:57:48] [317/459] PCMX
[16:57:49] [318/459] INIC
[16:57:49] [319/459] MMZM
[16:57:51] [320/459] SSLP
[16:57:51] 🔄 Identity reset
[16:57:51] 🔄 Identity rotated (every 10 requests)
[16:57:51] [321/459] DTDT
[16:57:52] [322/459] FFCX
[16:57:53] [323/459] RCMM
[16:57:54] [324/459] KYID
[16:57:55] [325/459] CSCI
[16:57:56] [326/459] FCMC
[16:57:58] [327/459] MMXI
[16:57:59] [328/459] ASTC
[16:58:00] [329/459] CMRA
[16:58:01] [330/459] DICI
[16:58:02] 🔄 Identity reset
[16:58:02] 🔄 Identity rotated (every 10 requests)
[16:58:02] [331/459] KDIN
[16:58:03] [332/459] PRFI
[16:58:04] [333/459] SVFC
[16:58:05] [334/459] UCPL
[16:58:06] [335/459] COOC
[16:58:06] [336/459] SCAL
[16:58:07] [337/459] SVFF
[16:58:08] [338/459] VCMG
[16:58:09] [339/459] UUCT
[16:58:10] [340/459] GCSE
[16:58:10] 🔄 Identity reset
[16:58:10] 🔄 Identity rotated (every 10 requests)
[16:58:11] [341/459] SUSC
[16:58:12] [342/459] MISC
[16:58:12] [343/459] RMBL
[16:58:13] [344/459] CMXN
[16:58:14] [345/459] PVBK
[16:58:16] [346/459] HHCG
[16:58:17] [347/459] SCAG
[16:58:17] [348/459] CNPR
[16:58:18] [349/459] CSER
[16:58:19] [350/459] HLWD
[16:58:20] 🔄 Identity reset
[16:58:20] 🔄 Identity rotated (every 10 requests)
[16:58:20] [351/459] BOLY
[16:58:21] [352/459] SSPG
[16:58:22] [353/459] MUPX
[16:58:23] [354/459] HAMR
[16:58:24] [355/459] SDNC
[16:58:25] [356/459] RTEN
[16:58:25] [357/459] SDTD
[16:58:27] [358/459] KAWS
[16:58:28] [359/459] CMZX
[16:58:29] [360/459] DCDD
[16:58:30] 🔄 Identity reset
[16:58:30] 🔄 Identity rotated (every 10 requests)
[16:58:30] [361/459] ALSN
[16:58:31] [362/459] IMXS
[16:58:32] [363/459] PVFF
[16:58:32] [364/459] PVOO
[16:58:33] [365/459] CFBS
[16:58:34] [366/459] PVER
[16:58:35] [367/459] PPNX
[16:58:36] [368/459] CNRM
[16:58:37] [369/459] PVWW
[16:58:38] [370/459] INMB
[16:58:39] 🔄 Identity reset
[16:58:39] 🔄 Identity rotated (every 10 requests)
[16:58:39] [371/459] CPJR
[16:58:40] [372/459] INRZ
[16:58:41] [373/459] PMSR
[16:58:42] [374/459] GPGM
[16:58:43] [375/459] PGWB
[16:58:44] [376/459] PMBR
[16:58:45] [377/459] GPAM
[16:58:46] [378/459] INBC
[16:58:47] [379/459] PZVK
[16:58:47] [380/459] CPEB
[16:58:48] 🔄 Identity reset
[16:58:48] 🔄 Identity rotated (every 10 requests)
[16:58:49] [381/459] FMLB
[16:58:50] [382/459] INBG
[16:58:51] [383/459] GPBR
[16:58:52] [384/459] PAAS
[16:58:52] [385/459] VTBR
[16:58:53] [386/459] GPMY
[16:58:54] [387/459] GYBU
[16:58:55] [388/459] INBJ
[16:58:56] [389/459] LKTH
[16:58:57] [390/459] NSBR
[16:58:57] 🔄 Identity reset
[16:58:57] 🔄 Identity rotated (every 10 requests)
[16:58:58] [391/459] PDRD
[16:58:59] [392/459] VRBL
[16:59:01] [393/459] VTGB
[16:59:01] [394/459] VTSK
[16:59:02] [395/459] BKDV
[16:59:03] [396/459] SVTB
[16:59:04] [397/459] MLDT
[16:59:05] [398/459] NRBL
[16:59:06] [399/459] SLTR
[16:59:08] [400/459] VNKA
[16:59:08] 🔄 Identity reset
[16:59:08] 🔄 Identity rotated (every 10 requests)
[16:59:09] [401/459] TDCA
[16:59:10] [402/459] INBM
[16:59:11] [403/459] SSNR
[16:59:12] [404/459] BHAC
[16:59:13] [405/459] SDSD
[16:59:14] [406/459] SAMP
[16:59:15] [407/459] RATK
[16:59:16] [408/459] KCBI
[16:59:17] [409/459] URBL
[16:59:18] [410/459] MKBG
[16:59:19] 🔄 Identity reset
[16:59:19] 🔄 Identity rotated (every 10 requests)
[16:59:19] [411/459] ASTB
[16:59:20] [412/459] VBWT
[16:59:21] [413/459] GPSM
[16:59:22] [414/459] ROON
[16:59:23] [415/459] CHTH
[16:59:24] [416/459] SSPA
[16:59:25] [417/459] ANBL
[16:59:26] [418/459] VTBE
[16:59:27] [419/459] SVKT
[16:59:28] [420/459] SVYK
[16:59:28] 🔄 Identity reset
[16:59:28] 🔄 Identity rotated (every 10 requests)
[16:59:28] [421/459] PTBK
[16:59:30] [422/459] RKTB
[16:59:31] [423/459] BALT
[16:59:32] [424/459] STSV
[16:59:33] [425/459] VCCB
[16:59:33] [426/459] SLTB
[16:59:34] [427/459] SBCR
[16:59:35] [428/459] VDCS
[16:59:36] [429/459] MDKI
[16:59:37] [430/459] SMRN
[16:59:38] 🔄 Identity reset
[16:59:38] 🔄 Identity rotated (every 10 requests)
[16:59:39] [431/459] PTBC
[16:59:39] [432/459] RADI
[16:59:40] [433/459] ADCR
[16:59:41] [434/459] SDCS
[16:59:42] [435/459] SRPJ
[16:59:43] [436/459] ARTS
[16:59:44] [437/459] SRHK
[16:59:45] [438/459] SPAY
[16:59:46] [439/459] GPTB
[16:59:46] [440/459] SNNN
[16:59:47] 🔄 Identity reset
[16:59:47] 🔄 Identity rotated (every 10 requests)
[16:59:47] [441/459] BALJ
[16:59:49] [442/459] TRIG
[16:59:50] [443/459] GTYT
[16:59:51] [444/459] ATGN
[16:59:52] [445/459] ANTE
[16:59:53] [446/459] BDCG
[16:59:54] [447/459] VECI
[16:59:55] [448/459] SCPR
[16:59:56] [449/459] RTEA
[16:59:57] [450/459] JSAI
[16:59:57] 🔄 Identity reset
[16:59:57] 🔄 Identity rotated (every 10 requests)
[16:59:58] [451/459] VJTP
[16:59:58] [452/459] GNDS
[16:59:59] [453/459] PAXA
[17:00:00] [454/459] CGGM
[17:00:01] [455/459] ACKZ
[17:00:02] [456/459] EMCC
[17:00:03] [457/459] KLSK
[17:00:03] [458/459] AVCK
[17:00:04] [459/459] JTCK
[17:00:05] 🧹 Deduping shows
[17:00:05] ✅ DONE | Shows=343 | Movies=21
[05:08:41] 🚀 SCRIPT STARTED (enhanced anti‑detection)
[05:08:41] [1/459] NECA
[05:08:42] 🧠 New identity created
[05:08:43] [2/459] BJLC
[05:08:44] [3/459] BASU
[05:08:45] [4/459] RUPI
[05:08:46] [5/459] LCBK
[05:08:48] [6/459] PMAC
[05:08:49] [7/459] AMLC
[05:08:51] [8/459] LICL
[05:08:52] [9/459] UDMM
[05:08:53] [10/459] STBZ
[05:08:53] 🔄 Identity reset
[05:08:53] 🔄 Identity rotated (every 10 requests)
[05:08:54] [11/459] UUBT
[05:08:55] [12/459] SJKC
[05:08:56] [13/459] TUAL
[05:08:58] [14/459] MRSE
[05:08:59] [15/459] RMRK
[05:09:00] [16/459] TTKP
[05:09:02] [17/459] KTKO
[05:09:03] [18/459] SDBK
[05:09:04] [19/459] MCPR
[05:09:05] [20/459] CHTI
[05:09:06] 🔄 Identity reset
[05:09:06] 🔄 Identity rotated (every 10 requests)
[05:09:07] [21/459] GCCP
[05:09:08] [22/459] SRMY
[05:09:09] [23/459] NYST
[05:09:10] [24/459] NYAG
[05:09:11] [25/459] SBMT
[05:09:12] [26/459] INGA
[05:09:13] [27/459] WSIC
[05:09:14] [28/459] SCSS
[05:09:15] [29/459] COPG
[05:09:16] [30/459] RCGR
[05:09:16] 🔄 Identity reset
[05:09:16] 🔄 Identity rotated (every 10 requests)
[05:09:17] [31/459] TCZA
[05:09:18] [32/459] CNLP
[05:09:19] [33/459] CLKN
[05:09:20] [34/459] LHDF
[05:09:22] [35/459] ELKC
[05:09:24] [36/459] VCEM
[05:09:25] [37/459] SSZA
[05:09:26] [38/459] KRMT
[05:09:26] [39/459] LCMV
[05:09:27] [40/459] AYCZ
[05:09:28] 🔄 Identity reset
[05:09:28] 🔄 Identity rotated (every 10 requests)
[05:09:28] [41/459] CUMS
[05:09:29] [42/459] BOCK
[05:09:30] [43/459] PNMR
[05:09:31] [44/459] PJCP
[05:09:32] [45/459] JDDD
[05:09:33] [46/459] STMS
[05:09:34] [47/459] FLMB
[05:09:35] [48/459] PKCM
[05:09:37] [49/459] SPPR
[05:09:38] [50/459] EYLH
[05:09:38] 🔄 Identity reset
[05:09:38] 🔄 Identity rotated (every 10 requests)
[05:09:39] [51/459] RJCC
[05:09:40] [52/459] MMPS
[05:09:41] [53/459] SHMX
[05:09:42] [54/459] CCNL
[05:09:43] [55/459] RCNV
[05:09:45] [56/459] MAAG
[05:09:46] [57/459] LXCM
[05:09:47] [58/459] RCNI
[05:09:49] [59/459] SNNI
[05:09:51] [60/459] LALC
[05:09:51] 🔄 Identity reset
[05:09:51] 🔄 Identity rotated (every 10 requests)
[05:09:51] [61/459] SOCN
[05:09:53] [62/459] JHTP
[05:09:54] [63/459] PITP
[05:09:54] [64/459] CCKW
[05:09:55] [65/459] MCMC
[05:09:56] [66/459] DEES
[05:09:57] [67/459] SABT
[05:09:58] [68/459] VSPP
[05:09:59] [69/459] ABCT
[05:10:00] [70/459] JVTB
[05:10:01] 🔄 Identity reset
[05:10:01] 🔄 Identity rotated (every 10 requests)
[05:10:01] [71/459] VCBD
[05:10:02] [72/459] RMGG
[05:10:03] [73/459] RNMH
[05:10:05] [74/459] SPGL
[05:10:06] [75/459] JTTR
[05:10:07] [76/459] SICS
[05:10:08] [77/459] SRMI
[05:10:09] [78/459] SSIJ
[05:10:11] [79/459] KFMT
[05:10:12] [80/459] VBIT
[05:10:13] 🔄 Identity reset
[05:10:13] 🔄 Identity rotated (every 10 requests)
[05:10:13] [81/459] JKCT
[05:10:14] [82/459] GCGP
[05:10:16] [83/459] GDCS
[05:10:17] [84/459] TRBA
[05:10:17] [85/459] QUST
[05:10:18] [86/459] VSHM
[05:10:19] [87/459] SDCP
[05:10:20] [88/459] SNVS
[05:10:21] [89/459] NYTO
[05:10:22] [90/459] URWC
[05:10:22] 🔄 Identity reset
[05:10:22] 🔄 Identity rotated (every 10 requests)
[05:10:23] [91/459] GTWH
[05:10:24] [92/459] PFCM
[05:10:26] [93/459] KRTA
[05:10:28] [94/459] AXMC
[05:10:29] [95/459] EVMC
[05:10:30] [96/459] HGSM
[05:10:32] [97/459] ACVM
[05:10:33] [98/459] PSKL
[05:10:34] [99/459] RDMP
[05:10:35] [100/459] RHGH
[05:10:35] 🔄 Identity reset
[05:10:35] 🔄 Identity rotated (every 10 requests)
[05:10:35] 🔄 Retry 1/5 for RHGH in 2.4s
[05:10:35] 🔄 Identity reset
[05:10:38] 🧠 New identity created
[05:10:38] [101/459] OMCM
[05:10:40] [102/459] DCCP
[05:10:41] [103/459] MCPB
[05:10:42] [104/459] ALCI
[05:10:43] [105/459] BLMX
[05:10:44] [106/459] BTMV
[05:10:45] [107/459] FVPN
[05:10:46] [108/459] CMAR
[05:10:47] [109/459] CEIM
[05:10:47] 🔄 Identity reset
[05:10:47] 🔄 Identity rotated (every 10 requests)
[05:10:48] [110/459] CMVA
[05:10:49] [111/459] CPIV
[05:10:51] [112/459] CNPE
[05:10:52] [113/459] COLV
[05:10:53] [114/459] DNNV
[05:10:54] [115/459] HCAD
[05:10:56] [116/459] TAKA
[05:10:57] [117/459] INVD
[05:10:58] [118/459] IRMM
[05:11:00] [119/459] INSE
[05:11:01] 🔄 Identity reset
[05:11:01] 🔄 Identity rotated (every 10 requests)
[05:11:01] 🔄 Retry 1/5 for INSE in 2.0s
[05:11:01] 🔄 Identity reset
[05:11:03] 🧠 New identity created
[05:11:03] [120/459] MRSW
[05:11:04] [121/459] MCVD
[05:11:05] [122/459] MCSO
[05:11:06] [123/459] PEVM
[05:11:07] [124/459] PVNL
[05:11:08] [125/459] PTCV
[05:11:09] [126/459] PRTC
[05:11:10] [127/459] RCVA
[05:11:11] [128/459] MTBN
[05:11:12] 🔄 Identity reset
[05:11:12] 🔄 Identity rotated (every 10 requests)
[05:11:13] [129/459] LUCP
[05:11:15] [130/459] FMPT
[05:11:16] [131/459] JLSL
[05:11:16] [132/459] SBHA
[05:11:18] [133/459] SHRC
[05:11:19] [134/459] AVPS
[05:11:20] [135/459] STPM
[05:11:21] [136/459] ATRD
[05:11:22] [137/459] VTED
[05:11:23] [138/459] ACAI
[05:11:23] 🔄 Identity reset
[05:11:23] 🔄 Identity rotated (every 10 requests)
[05:11:24] [139/459] SMAE
[05:11:25] [140/459] VMAT
[05:11:26] [141/459] LKCT
[05:11:27] [142/459] JTVK
[05:11:28] [143/459] PRTY
[05:11:29] [144/459] GETT
[05:11:30] [145/459] ESAP
[05:11:31] [146/459] NCPM
[05:11:32] [147/459] PCPA
[05:11:33] [148/459] MMOM
[05:11:33] 🔄 Identity reset
[05:11:33] 🔄 Identity rotated (every 10 requests)
[05:11:34] 🔄 Retry 1/5 for MMOM in 2.6s
[05:11:34] 🔄 Identity reset
[05:11:36] 🧠 New identity created
[05:11:36] [149/459] PHUP
[05:11:37] [150/459] CCPI
[05:11:38] [151/459] CNTD
[05:11:39] [152/459] NLJR
[05:11:41] [153/459] SRNG
[05:11:43] [154/459] MHAL
[05:11:45] [155/459] PNSM
[05:11:46] [156/459] DRMY
[05:11:47] [157/459] CCMU
[05:11:47] 🔄 Identity reset
[05:11:47] 🔄 Identity rotated (every 10 requests)
[05:11:48] [158/459] SCMY
[05:11:49] [159/459] PVSY
[05:11:51] [160/459] SDLM
[05:11:53] [161/459] ICCM
[05:11:54] [162/459] PYSU
[05:11:55] [163/459] GATM
[05:11:57] [164/459] WOTM
[05:11:58] [165/459] RKTS
[05:12:00] [166/459] PMTY
[05:12:01] [167/459] LYMS
[05:12:02] 🔄 Identity reset
[05:12:02] 🔄 Identity rotated (every 10 requests)
[05:12:03] [168/459] TGCA
[05:12:04] [169/459] DSTA
[05:12:05] [170/459] CNGE
[05:12:06] [171/459] VSTG
[05:12:07] [172/459] GTCK
[05:12:08] [173/459] TGNT
[05:12:10] [174/459] ASLC
[05:12:11] [175/459] SSST
[05:12:12] [176/459] KBTT
[05:12:13] [177/459] HKCP
[05:12:14] 🔄 Identity reset
[05:12:14] 🔄 Identity rotated (every 10 requests)
[05:12:14] [178/459] SWLC
[05:12:15] [179/459] RTND
[05:12:17] [180/459] PKKT
[05:12:18] [181/459] HSTK
[05:12:19] [182/459] SPTT
[05:12:20] [183/459] IMPM
[05:12:21] [184/459] SCMV
[05:12:22] [185/459] SPCT
[05:12:23] [186/459] JBCA
[05:12:24] [187/459] ATTR
[05:12:25] 🔄 Identity reset
[05:12:25] 🔄 Identity rotated (every 10 requests)
[05:12:25] [188/459] SPMT
[05:12:26] [189/459] LCTM
[05:12:27] [190/459] SCVL
[05:12:28] [191/459] SCVT
[05:12:29] [192/459] KRIC
[05:12:31] [193/459] CTMG
[05:12:32] [194/459] ACNC
[05:12:33] [195/459] DMCK
[05:12:34] [196/459] KMTV
[05:12:35] [197/459] PFCJ
[05:12:36] 🔄 Identity reset
[05:12:36] 🔄 Identity rotated (every 10 requests)
[05:12:36] [198/459] VNMD
[05:12:37] [199/459] VPCZ
[05:12:38] [200/459] SRYR
[05:12:39] [201/459] SYTR
[05:12:41] [202/459] GATR
[05:12:42] [203/459] URTR
[05:12:43] [204/459] MKSM
[05:12:43] [205/459] VSMH
[05:12:45] [206/459] SKRJ
[05:12:47] [207/459] SSJR
[05:12:47] 🔄 Identity reset
[05:12:47] 🔄 Identity rotated (every 10 requests)
[05:12:48] [208/459] SVSM
[05:12:49] [209/459] RUCM
[05:12:50] [210/459] PRKN
[05:12:52] [211/459] RROH
[05:12:53] [212/459] SCTN
[05:12:54] [213/459] RTDM
[05:12:55] [214/459] ASRM
[05:12:56] [215/459] SKMD
[05:12:57] [216/459] SUTD
[05:12:59] [217/459] SADM
[05:12:59] 🔄 Identity reset
[05:12:59] 🔄 Identity rotated (every 10 requests)
[05:12:59] 🔄 Retry 1/5 for SADM in 2.3s
[05:12:59] 🔄 Identity reset
[05:13:02] 🧠 New identity created
[05:13:02] [218/459] WCNR
[05:13:03] [219/459] CNED
[05:13:04] [220/459] MPDB
[05:13:05] [221/459] KTBH
[05:13:06] [222/459] IDRM
[05:13:07] [223/459] PJJT
[05:13:08] [224/459] PFCV
[05:13:09] [225/459] AACT
[05:13:10] [226/459] AAAD
[05:13:11] 🔄 Identity reset
[05:13:11] 🔄 Identity rotated (every 10 requests)
[05:13:11] [227/459] ANES
[05:13:12] [228/459] MNCA
[05:13:13] [229/459] RMGU
[05:13:14] [230/459] DLCN
[05:13:15] [231/459] LJWT
[05:13:16] [232/459] MCBG
[05:13:17] [233/459] MYBG
[05:13:18] [234/459] GCCA
[05:13:19] [235/459] GCGA
[05:13:20] [236/459] ECGN
[05:13:21] 🔄 Identity reset
[05:13:21] 🔄 Identity rotated (every 10 requests)
[05:13:21] [237/459] PRAB
[05:13:22] [238/459] PNMP
[05:13:23] [239/459] GCPT
[05:13:24] [240/459] ROYN
[05:13:26] [241/459] VATM
[05:13:27] [242/459] KSNT
[05:13:28] [243/459] ACTC
[05:13:29] [244/459] PLTD
[05:13:30] [245/459] SKMK
[05:13:31] [246/459] CMTT
[05:13:31] 🔄 Identity reset
[05:13:31] 🔄 Identity rotated (every 10 requests)
[05:13:32] [247/459] SMXP
[05:13:33] [248/459] SCMX
[05:13:34] [249/459] ACXN
[05:13:35] [250/459] ASWT
[05:13:36] [251/459] VVVL
[05:13:37] [252/459] NAGO
[05:13:38] [253/459] SNCN
[05:13:39] [254/459] MCKP
[05:13:40] [255/459] SAMO
[05:13:41] [256/459] JBTV
[05:13:41] 🔄 Identity reset
[05:13:41] 🔄 Identity rotated (every 10 requests)
[05:13:42] [257/459] DCVV
[05:13:43] [258/459] KMSV
[05:13:44] [259/459] KDCN
[05:13:44] [260/459] CNCP
[05:13:46] [261/459] HAMC
[05:13:47] [262/459] CCVZ
[05:13:49] [263/459] NCCK
[05:13:50] [264/459] MCHR
[05:13:51] [265/459] SCHT
[05:13:52] [266/459] ESSH
[05:13:52] 🔄 Identity reset
[05:13:52] 🔄 Identity rotated (every 10 requests)
[05:13:54] [267/459] CUJC
[05:13:55] [268/459] PECP
[05:13:56] [269/459] PMMI
[05:13:58] [270/459] PCCH
[05:13:59] [271/459] PRPM
[05:14:00] [272/459] PVKL
[05:14:01] [273/459] CBSM
[05:14:02] [274/459] PVCZ
[05:14:03] [275/459] PCVV
[05:14:03] [276/459] CTMJ
[05:14:04] 🔄 Identity reset
[05:14:04] 🔄 Identity rotated (every 10 requests)
[05:14:04] [277/459] RCPS
[05:14:06] [278/459] PCIT
[05:14:07] [279/459] FNCH
[05:14:09] [280/459] INZD
[05:14:10] [281/459] INPC
[05:14:11] [282/459] LCZP
[05:14:12] [283/459] SMCB
[05:14:13] [284/459] PTSB
[05:14:15] [285/459] TPSI
[05:14:17] [286/459] KHMJ
[05:14:17] 🔄 Identity reset
[05:14:17] 🔄 Identity rotated (every 10 requests)
[05:14:18] [287/459] RCCJ
[05:14:19] [288/459] NCJA
[05:14:20] [289/459] NCJN
[05:14:22] [290/459] BTDP
[05:14:23] [291/459] PADY
[05:14:24] [292/459] NYBH
[05:14:25] [293/459] MTBR
[05:14:26] [294/459] KRBC
[05:14:27] [295/459] DKTI
[05:14:27] [296/459] ANAN
[05:14:28] 🔄 Identity reset
[05:14:28] 🔄 Identity rotated (every 10 requests)
[05:14:29] [297/459] INBP
[05:14:30] [298/459] PATB
[05:14:32] [299/459] RGNT
[05:14:33] [300/459] CGPM
[05:14:34] [301/459] INTN
[05:14:35] [302/459] MCMP
[05:14:36] [303/459] ASRG
[05:14:38] [304/459] CXJD
[05:14:40] [305/459] SPCP
[05:14:41] [306/459] CSTP
[05:14:41] 🔄 Identity reset
[05:14:41] 🔄 Identity rotated (every 10 requests)
[05:14:42] [307/459] PKVC
[05:14:43] [308/459] ESCP
[05:14:43] [309/459] CAEP
[05:14:46] [310/459] CCSP
[05:14:47] [311/459] KTPC
[05:14:48] [312/459] DACA
[05:14:49] [313/459] NVKY
[05:14:50] [314/459] PTIN
[05:14:51] [315/459] SCIN
[05:14:53] [316/459] MCTY
[05:14:53] 🔄 Identity reset
[05:14:53] 🔄 Identity rotated (every 10 requests)
[05:14:54] [317/459] PCMX
[05:14:55] [318/459] INIC
[05:14:56] [319/459] MMZM
[05:14:57] [320/459] SSLP
[05:14:58] [321/459] DTDT
[05:14:59] [322/459] FFCX
[05:15:00] [323/459] RCMM
[05:15:02] [324/459] KYID
[05:15:04] [325/459] CSCI
[05:15:05] [326/459] FCMC
[05:15:06] 🔄 Identity reset
[05:15:06] 🔄 Identity rotated (every 10 requests)
[05:15:06] [327/459] MMXI
[05:15:07] [328/459] ASTC
[05:15:08] [329/459] CMRA
[05:15:10] [330/459] DICI
[05:15:11] [331/459] KDIN
[05:15:12] [332/459] PRFI
[05:15:12] [333/459] SVFC
[05:15:13] [334/459] UCPL
[05:15:15] [335/459] COOC
[05:15:16] [336/459] SCAL
[05:15:17] 🔄 Identity reset
[05:15:17] 🔄 Identity rotated (every 10 requests)
[05:15:17] 🔄 Retry 1/5 for SCAL in 2.1s
[05:15:17] 🔄 Identity reset
[05:15:19] 🧠 New identity created
[05:15:19] [337/459] SVFF
[05:15:20] [338/459] VCMG
[05:15:21] [339/459] UUCT
[05:15:23] [340/459] GCSE
[05:15:23] [341/459] SUSC
[05:15:25] [342/459] MISC
[05:15:26] [343/459] RMBL
[05:15:27] [344/459] CMXN
[05:15:28] [345/459] PVBK
[05:15:29] 🔄 Identity reset
[05:15:29] 🔄 Identity rotated (every 10 requests)
[05:15:29] [346/459] HHCG
[05:15:30] [347/459] SCAG
[05:15:31] [348/459] CNPR
[05:15:32] [349/459] CSER
[05:15:34] [350/459] HLWD
[05:15:34] [351/459] BOLY
[05:15:35] [352/459] SSPG
[05:15:36] [353/459] MUPX
[05:15:38] [354/459] HAMR
[05:15:39] [355/459] SDNC
[05:15:39] 🔄 Identity reset
[05:15:39] 🔄 Identity rotated (every 10 requests)
[05:15:40] [356/459] RTEN
[05:15:41] [357/459] SDTD
[05:15:43] [358/459] KAWS
[05:15:44] [359/459] CMZX
[05:15:45] [360/459] DCDD
[05:15:46] [361/459] ALSN
[05:15:47] [362/459] IMXS
[05:15:48] [363/459] PVFF
[05:15:49] [364/459] PVOO
[05:15:50] [365/459] CFBS
[05:15:51] 🔄 Identity reset
[05:15:51] 🔄 Identity rotated (every 10 requests)
[05:15:51] [366/459] PVER
[05:15:52] [367/459] PPNX
[05:15:53] [368/459] CNRM
[05:15:54] [369/459] PVWW
[05:15:55] [370/459] INMB
[05:15:56] [371/459] CPJR
[05:15:57] [372/459] INRZ
[05:15:59] [373/459] PMSR
[05:16:00] [374/459] GPGM
[05:16:01] [375/459] PGWB
[05:16:01] 🔄 Identity reset
[05:16:01] 🔄 Identity rotated (every 10 requests)
[05:16:02] [376/459] PMBR
[05:16:02] [377/459] GPAM
[05:16:04] [378/459] INBC
[05:16:05] [379/459] PZVK
[05:16:07] [380/459] CPEB
[05:16:08] [381/459] FMLB
[05:16:09] [382/459] INBG
[05:16:10] [383/459] GPBR
[05:16:11] [384/459] PAAS
[05:16:12] [385/459] VTBR
[05:16:12] 🔄 Identity reset
[05:16:12] 🔄 Identity rotated (every 10 requests)
[05:16:13] [386/459] GPMY
[05:16:14] [387/459] GYBU
[05:16:15] [388/459] INBJ
[05:16:16] [389/459] LKTH
[05:16:17] [390/459] NSBR
[05:16:18] [391/459] PDRD
[05:16:19] [392/459] VRBL
[05:16:20] [393/459] VTGB
[05:16:20] [394/459] VTSK
[05:16:21] [395/459] BKDV
[05:16:22] 🔄 Identity reset
[05:16:22] 🔄 Identity rotated (every 10 requests)
[05:16:23] [396/459] SVTB
[05:16:24] [397/459] MLDT
[05:16:25] [398/459] NRBL
[05:16:26] [399/459] SLTR
[05:16:27] [400/459] VNKA
[05:16:28] [401/459] TDCA
[05:16:29] [402/459] INBM
[05:16:30] [403/459] SSNR
[05:16:31] [404/459] BHAC
[05:16:31] [405/459] SDSD
[05:16:32] 🔄 Identity reset
[05:16:32] 🔄 Identity rotated (every 10 requests)
[05:16:33] [406/459] SAMP
[05:16:33] [407/459] RATK
[05:16:34] [408/459] KCBI
[05:16:35] [409/459] URBL
[05:16:36] [410/459] MKBG
[05:16:38] [411/459] ASTB
[05:16:39] [412/459] VBWT
[05:16:40] [413/459] GPSM
[05:16:41] [414/459] ROON
[05:16:42] [415/459] CHTH
[05:16:42] 🔄 Identity reset
[05:16:42] 🔄 Identity rotated (every 10 requests)
[05:16:43] [416/459] SSPA
[05:16:45] [417/459] ANBL
[05:16:46] [418/459] VTBE
[05:16:47] [419/459] SVKT
[05:16:48] [420/459] SVYK
[05:16:49] [421/459] PTBK
[05:16:50] [422/459] RKTB
[05:16:52] [423/459] BALT
[05:16:53] [424/459] STSV
[05:16:53] [425/459] VCCB
[05:16:54] 🔄 Identity reset
[05:16:54] 🔄 Identity rotated (every 10 requests)
[05:16:55] [426/459] SLTB
[05:16:56] [427/459] SBCR
[05:16:57] [428/459] VDCS
[05:16:58] [429/459] MDKI
[05:16:59] [430/459] SMRN
[05:17:00] [431/459] PTBC
[05:17:01] [432/459] RADI
[05:17:02] [433/459] ADCR
[05:17:03] [434/459] SDCS
[05:17:04] [435/459] SRPJ
[05:17:05] 🔄 Identity reset
[05:17:05] 🔄 Identity rotated (every 10 requests)
[05:17:06] [436/459] ARTS
[05:17:07] [437/459] SRHK
[05:17:09] [438/459] SPAY
[05:17:10] [439/459] GPTB
[05:17:11] [440/459] SNNN
[05:17:11] [441/459] BALJ
[05:17:12] [442/459] TRIG
[05:17:13] [443/459] GTYT
[05:17:14] [444/459] ATGN
[05:17:15] [445/459] ANTE
[05:17:16] 🔄 Identity reset
[05:17:16] 🔄 Identity rotated (every 10 requests)
[05:17:16] [446/459] BDCG
[05:17:18] [447/459] VECI
[05:17:19] [448/459] SCPR
[05:17:20] [449/459] RTEA
[05:17:21] [450/459] JSAI
[05:17:22] [451/459] VJTP
[05:17:23] [452/459] GNDS
[05:17:24] [453/459] PAXA
[05:17:25] [454/459] CGGM
[05:17:26] [455/459] ACKZ
[05:17:27] 🔄 Identity reset
[05:17:27] 🔄 Identity rotated (every 10 requests)
[05:17:27] [456/459] EMCC
[05:17:29] [457/459] KLSK
[05:17:29] [458/459] AVCK
[05:17:31] [459/459] JTCK
[05:17:32] 🧹 Deduping shows
[05:17:32] ✅ DONE | Shows=515 | Movies=34
