[10:13:44] 🚀 SCRIPT STARTED (enhanced anti‑detection)
[10:13:44] [1/456] FNDB
[10:13:45] 🧠 New identity created
[10:13:45] [2/456] AMBH
[10:13:46] [3/456] PRHN
[10:13:48] [4/456] ACPM
[10:13:49] [5/456] PVFS
[10:13:50] [6/456] AACN
[10:13:50] [7/456] ACAS
[10:13:52] [8/456] CTNR
[10:13:53] [9/456] MMAH
[10:13:54] [10/456] CPMH
[10:13:54] 🔄 Identity reset
[10:13:54] 🔄 Identity rotated (every 10 requests)
[10:13:54] 🔄 Retry 1/5 for CPMH in 3.0s
[10:13:54] 🔄 Identity reset
[10:13:57] 🧠 New identity created
[10:13:58] [11/456] IGMH
[10:13:58] [12/456] ABCS
[10:13:59] [13/456] CMMA
[10:14:00] [14/456] GPRH
[10:14:01] [15/456] PNNG
[10:14:02] [16/456] AMCA
[10:14:03] [17/456] ISTN
[10:14:04] [18/456] PIIC
[10:14:05] [19/456] AHMH
[10:14:05] 🔄 Identity reset
[10:14:05] 🔄 Identity rotated (every 10 requests)
[10:14:06] [20/456] ASHN
[10:14:06] [21/456] INHY
[10:14:07] [22/456] SRMO
[10:14:09] [23/456] PIMH
[10:14:11] [24/456] PVTS
[10:14:11] [25/456] MMCA
[10:14:12] [26/456] AKYJ
[10:14:13] [27/456] BRKH
[10:14:14] [28/456] MAHM
[10:14:15] [29/456] CPHY
[10:14:15] 🔄 Identity reset
[10:14:15] 🔄 Identity rotated (every 10 requests)
[10:14:16] [30/456] PVTP
[10:14:17] [31/456] SMMR
[10:14:18] [32/456] PVHM
[10:14:18] [33/456] SNDY
[10:14:19] [34/456] GOKU
[10:14:20] [35/456] ACEV
[10:14:21] [36/456] PVUM
[10:14:22] [37/456] VSWA
[10:14:23] [38/456] IPRS
[10:14:24] [39/456] BKMV
[10:14:25] 🔄 Identity reset
[10:14:25] 🔄 Identity rotated (every 10 requests)
[10:14:25] [40/456] PVYH
[10:14:26] [41/456] INKM
[10:14:27] [42/456] ARJU
[10:14:28] [43/456] JJPP
[10:14:29] [44/456] SSRM
[10:14:30] [45/456] HMHD
[10:14:31] [46/456] SNKH
[10:14:32] [47/456] ACHI
[10:14:33] [48/456] MRAA
[10:14:34] [49/456] INMH
[10:14:34] 🔄 Identity reset
[10:14:34] 🔄 Identity rotated (every 10 requests)
[10:14:35] [50/456] ARMH
[10:14:35] [51/456] DVRR
[10:14:37] [52/456] SUDA
[10:14:38] [53/456] MCSS
[10:14:39] [54/456] VRKC
[10:14:40] [55/456] PRCX
[10:14:41] [56/456] ASJY
[10:14:43] [57/456] MTHY
[10:14:44] [58/456] SRCM
[10:14:45] [59/456] TVHY
[10:14:46] 🔄 Identity reset
[10:14:46] 🔄 Identity rotated (every 10 requests)
[10:14:47] [60/456] STHD
[10:14:48] [61/456] CPCL
[10:14:49] [62/456] PSMJ
[10:14:50] [63/456] MRGT
[10:14:51] [64/456] ARYH
[10:14:52] [65/456] VTRB
[10:14:53] [66/456] SCHC
[10:14:53] [67/456] MRRG
[10:14:54] [68/456] SPCB
[10:14:55] [69/456] AMCM
[10:14:56] 🔄 Identity reset
[10:14:56] 🔄 Identity rotated (every 10 requests)
[10:14:56] [70/456] IVNM
[10:14:57] [71/456] TRHY
[10:14:58] [72/456] PTTH
[10:14:59] [73/456] RKMH
[10:15:00] [74/456] PRCS
[10:15:01] [75/456] VAJA
[10:15:02] [76/456] BJNG
[10:15:02] [77/456] SCVM
[10:15:03] [78/456] GNHB
[10:15:04] [79/456] TLUR
[10:15:04] 🔄 Identity reset
[10:15:04] 🔄 Identity rotated (every 10 requests)
[10:15:05] [80/456] UKCC
[10:15:06] [81/456] SRKR
[10:15:06] [82/456] RMKN
[10:15:07] [83/456] SLRT
[10:15:09] [84/456] LKMT
[10:15:09] [85/456] SSRJ
[10:15:10] [86/456] SPHT
[10:15:11] [87/456] ANTT
[10:15:12] [88/456] SRCH
[10:15:14] [89/456] SRCA
[10:15:14] 🔄 Identity reset
[10:15:14] 🔄 Identity rotated (every 10 requests)
[10:15:15] [90/456] ARTH
[10:15:16] [91/456] MCBH
[10:15:17] [92/456] SNIB
[10:15:18] [93/456] SART
[10:15:19] [94/456] SKTA
[10:15:20] [95/456] YAKT
[10:15:21] [96/456] MLCK
[10:15:22] [97/456] ANTS
[10:15:23] [98/456] DGCA
[10:15:24] [99/456] SGMP
[10:15:25] 🔄 Identity reset
[10:15:25] 🔄 Identity rotated (every 10 requests)
[10:15:25] [100/456] ASWN
[10:15:26] [101/456] KFVU
[10:15:28] [102/456] POOR
[10:15:28] [103/456] GKDN
[10:15:29] [104/456] EOSE
[10:15:30] [105/456] GTTT
[10:15:31] [106/456] ARRO
[10:15:32] [107/456] CMMK
[10:15:33] [108/456] MSCN
[10:15:33] [109/456] GDKH
[10:15:34] 🔄 Identity reset
[10:15:34] 🔄 Identity rotated (every 10 requests)
[10:15:35] [110/456] DLMT
[10:15:36] [111/456] PVMF
[10:15:37] [112/456] CPCK
[10:15:37] [113/456] VMHE
[10:15:38] [114/456] PVLC
[10:15:39] [115/456] PCVB
[10:15:40] [116/456] SNYK
[10:15:41] [117/456] KTEK
[10:15:41] [118/456] PCNM
[10:15:42] [119/456] NTTR
[10:15:43] 🔄 Identity reset
[10:15:43] 🔄 Identity rotated (every 10 requests)
[10:15:43] [120/456] CPSK
[10:15:44] [121/456] JMMA
[10:15:45] [122/456] GCFK
[10:15:46] [123/456] MYCA
[10:15:47] [124/456] KSNP
[10:15:48] [125/456] PMCE
[10:15:49] [126/456] SCKI
[10:15:50] [127/456] FSMA
[10:15:51] [128/456] CETA
[10:15:52] [129/456] MCIK
[10:15:53] 🔄 Identity reset
[10:15:53] 🔄 Identity rotated (every 10 requests)
[10:15:53] [130/456] MYCR
[10:15:54] [131/456] EVMP
[10:15:55] [132/456] SSGT
[10:15:56] [133/456] KCTK
[10:15:57] [134/456] ZTKC
[10:15:57] [135/456] MMTA
[10:15:58] [136/456] MAJT
[10:15:59] [137/456] ACPK
[10:16:00] [138/456] JMAX
[10:16:00] [139/456] SETK
[10:16:01] 🔄 Identity reset
[10:16:01] 🔄 Identity rotated (every 10 requests)
[10:16:01] [140/456] CAIS
[10:16:02] [141/456] AGCD
[10:16:03] [142/456] URCL
[10:16:04] [143/456] VTDS
[10:16:05] [144/456] JCNM
[10:16:06] [145/456] KCAM
[10:16:06] [146/456] ADCU
[10:16:08] [147/456] GXYN
[10:16:09] [148/456] SMJG
[10:16:10] [149/456] EYCJ
[10:16:10] 🔄 Identity reset
[10:16:10] 🔄 Identity rotated (every 10 requests)
[10:16:11] [150/456] CCEJ
[10:16:12] [151/456] MARS
[10:16:13] [152/456] CPVJ
[10:16:14] [153/456] INVP
[10:16:15] [154/456] CPOV
[10:16:15] [155/456] VIJK
[10:16:16] [156/456] LAIM
[10:16:17] [157/456] STHV
[10:16:18] [158/456] SVLJ
[10:16:19] [159/456] ATVJ
[10:16:20] 🔄 Identity reset
[10:16:20] 🔄 Identity rotated (every 10 requests)
[10:16:20] [160/456] JTSC
[10:16:21] [161/456] RMTV
[10:16:22] [162/456] MGGG
[10:16:23] [163/456] SWTH
[10:16:24] [164/456] INVJ
[10:16:24] [165/456] PRSV
[10:16:25] [166/456] JATV
[10:16:26] [167/456] RCVD
[10:16:27] [168/456] BDMA
[10:16:28] [169/456] BLJI
[10:16:28] 🔄 Identity reset
[10:16:28] 🔄 Identity rotated (every 10 requests)
[10:16:29] [170/456] SWOT
[10:16:29] [171/456] SWRN
[10:16:31] [172/456] TVRA
[10:16:32] [173/456] NVRN
[10:16:33] [174/456] SIKC
[10:16:34] [175/456] VAKR
[10:16:35] [176/456] SYLN
[10:16:36] [177/456] KLJL
[10:16:37] [178/456] LKMY
[10:16:37] [179/456] VSLY
[10:16:38] 🔄 Identity reset
[10:16:38] 🔄 Identity rotated (every 10 requests)
[10:16:38] [180/456] CIKO
[10:16:39] [181/456] GPBG
[10:16:40] [182/456] CECM
[10:16:41] [183/456] SLKB
[10:16:42] [184/456] MTBO
[10:16:43] [185/456] SSHB
[10:16:44] [186/456] VPCS
[10:16:45] [187/456] RCSR
[10:16:46] [188/456] RJRM
[10:16:47] [189/456] KPPB
[10:16:47] 🔄 Identity reset
[10:16:47] 🔄 Identity rotated (every 10 requests)
[10:16:49] [190/456] SEDC
[10:16:50] [191/456] SCAI
[10:16:51] [192/456] RMTR
[10:16:52] [193/456] ASST
[10:16:52] [194/456] GCAK
[10:16:53] [195/456] ANNK
[10:16:54] [196/456] KDDF
[10:16:55] [197/456] NRDP
[10:16:56] [198/456] PLAK
[10:16:57] [199/456] GCMC
[10:16:57] 🔄 Identity reset
[10:16:57] 🔄 Identity rotated (every 10 requests)
[10:16:58] [200/456] ALPY
[10:16:59] [201/456] SICE
[10:16:59] [202/456] SISR
[10:17:00] [203/456] SRPZ
[10:17:01] [204/456] SRSW
[10:17:02] [205/456] SUYA
[10:17:03] [206/456] AMMT
[10:17:04] [207/456] BHCU
[10:17:06] [208/456] KLPA
[10:17:07] [209/456] NVKH
[10:17:07] 🔄 Identity reset
[10:17:07] 🔄 Identity rotated (every 10 requests)
[10:17:08] [210/456] JMRC
[10:17:08] [211/456] KTTT
[10:17:09] [212/456] MAGH
[10:17:10] [213/456] MMMX
[10:17:12] [214/456] SALJ
[10:17:13] [215/456] GTJA
[10:17:14] [216/456] MAHT
[10:17:15] [217/456] SSNN
[10:17:16] [218/456] ARRP
[10:17:17] [219/456] ATNS
[10:17:18] 🔄 Identity reset
[10:17:18] 🔄 Identity rotated (every 10 requests)
[10:17:18] [220/456] SKDT
[10:17:19] [221/456] ACAT
[10:17:20] [222/456] APRC
[10:17:20] [223/456] SWAG
[10:17:21] [224/456] SDPT
[10:17:22] [225/456] STPS
[10:17:23] [226/456] WWCZ
[10:17:24] [227/456] LLCH
[10:17:25] [228/456] MZHA
[10:17:26] [229/456] CRJG
[10:17:26] 🔄 Identity reset
[10:17:26] 🔄 Identity rotated (every 10 requests)
[10:17:27] [230/456] JGTK
[10:17:28] [231/456] KCSR
[10:17:28] [232/456] CHTL
[10:17:29] [233/456] EDSR
[10:17:30] [234/456] CSWO
[10:17:31] [235/456] CPVM
[10:17:32] [236/456] MXBY
[10:17:33] [237/456] FMMA
[10:17:34] [238/456] POVI
[10:17:35] [239/456] MTHB
[10:17:36] 🔄 Identity reset
[10:17:36] 🔄 Identity rotated (every 10 requests)
[10:17:37] [240/456] INRC
[10:17:38] [241/456] PIPP
[10:17:39] [242/456] BMXC
[10:17:40] [243/456] PCMM
[10:17:41] [244/456] PMKM
[10:17:42] [245/456] GATY
[10:17:43] [246/456] IMCM
[10:17:43] [247/456] POPE
[10:17:44] [248/456] MTCR
[10:17:45] [249/456] PVAE
[10:17:45] 🔄 Identity reset
[10:17:45] 🔄 Identity rotated (every 10 requests)
[10:17:46] [250/456] PVMI
[10:17:47] [251/456] CPNM
[10:17:47] [252/456] FMRL
[10:17:48] [253/456] MCIW
[10:17:49] [254/456] MXBO
[10:17:50] [255/456] FMKY
[10:17:51] [256/456] FMDA
[10:17:52] [257/456] THAB
[10:17:53] [258/456] PRCW
[10:17:54] [259/456] PITI
[10:17:54] 🔄 Identity reset
[10:17:54] 🔄 Identity rotated (every 10 requests)
[10:17:54] 🔄 Retry 1/5 for PITI in 2.5s
[10:17:54] 🔄 Identity reset
[10:17:57] 🧠 New identity created
[10:17:57] [260/456] MCFF
[10:17:58] [261/456] PDDV
[10:17:59] [262/456] MCRM
[10:18:00] [263/456] KKMB
[10:18:00] [264/456] INKO
[10:18:01] [265/456] PLXP
[10:18:02] [266/456] MMHA
[10:18:03] [267/456] FMVS
[10:18:04] [268/456] POLM
[10:18:05] 🔄 Identity reset
[10:18:05] 🔄 Identity rotated (every 10 requests)
[10:18:05] [269/456] STER
[10:18:07] [270/456] PVWJ
[10:18:08] [271/456] IMJW
[10:18:09] [272/456] FNAN
[10:18:10] [273/456] CAGL
[10:18:10] [274/456] IPBG
[10:18:12] [275/456] SMFV
[10:18:13] [276/456] MMMR
[10:18:13] [277/456] MMWM
[10:18:15] [278/456] FNCM
[10:18:16] 🔄 Identity reset
[10:18:16] 🔄 Identity rotated (every 10 requests)
[10:18:16] [279/456] MDVA
[10:18:17] [280/456] MMET
[10:18:18] [281/456] MIDO
[10:18:19] [282/456] INNP
[10:18:20] [283/456] MIFU
[10:18:21] [284/456] MMSZ
[10:18:21] [285/456] BMXA
[10:18:22] [286/456] MCAA
[10:18:23] [287/456] SCVP
[10:18:24] [288/456] PLUS
[10:18:24] 🔄 Identity reset
[10:18:24] 🔄 Identity rotated (every 10 requests)
[10:18:25] [289/456] MUCK
[10:18:25] [290/456] MTMA
[10:18:27] [291/456] HPVR
[10:18:28] [292/456] PMPK
[10:18:29] [293/456] MAJB
[10:18:29] [294/456] CTRR
[10:18:30] [295/456] MCTG
[10:18:31] [296/456] MACE
[10:18:32] [297/456] AAAS
[10:18:33] [298/456] CPVV
[10:18:33] 🔄 Identity reset
[10:18:34] 🔄 Identity rotated (every 10 requests)
[10:18:34] [299/456] RCHG
[10:18:35] [300/456] MCNE
[10:18:35] [301/456] EMNC
[10:18:36] [302/456] MCAN
[10:18:37] [303/456] TCDM
[10:18:38] [304/456] IRGT
[10:18:39] [305/456] GCMG
[10:18:40] [306/456] MXSN
[10:18:41] [307/456] MXCK
[10:18:42] [308/456] MCRC
[10:18:42] 🔄 Identity reset
[10:18:42] 🔄 Identity rotated (every 10 requests)
[10:18:43] [309/456] RSMI
[10:18:43] [310/456] WAML
[10:18:44] [311/456] MTSC
[10:18:45] [312/456] FMDR
[10:18:46] [313/456] LEPV
[10:18:47] [314/456] MTGD
[10:18:48] [315/456] IMOB
[10:18:49] [316/456] CLMM
[10:18:50] [317/456] PZCD
[10:18:51] [318/456] GOCS
[10:18:51] 🔄 Identity reset
[10:18:51] 🔄 Identity rotated (every 10 requests)
[10:18:52] [319/456] KCMA
[10:18:53] [320/456] CCMP
[10:18:53] [321/456] MTSU
[10:18:54] [322/456] SNGL
[10:18:55] [323/456] MMMC
[10:18:56] [324/456] MMAA
[10:18:57] [325/456] GCDM
[10:18:58] [326/456] KTMV
[10:18:59] [327/456] AETE
[10:19:00] [328/456] OMCS
[10:19:01] 🔄 Identity reset
[10:19:01] 🔄 Identity rotated (every 10 requests)
[10:19:01] [329/456] GDCD
[10:19:02] [330/456] NYMD
[10:19:03] [331/456] RNCV
[10:19:04] [332/456] KKMT
[10:19:05] [333/456] GDTH
[10:19:06] [334/456] KMMV
[10:19:08] [335/456] NHCG
[10:19:09] [336/456] PJDW
[10:19:09] [337/456] MMCV
[10:19:10] [338/456] FQSA
[10:19:11] 🔄 Identity reset
[10:19:11] 🔄 Identity rotated (every 10 requests)
[10:19:12] [339/456] KURL
[10:19:14] [340/456] NNNX
[10:19:14] [341/456] AMAU
[10:19:15] [342/456] VVVM
[10:19:16] [343/456] VECU
[10:19:17] [344/456] WCVR
[10:19:18] [345/456] MTGG
[10:19:19] [346/456] SGTG
[10:19:20] [347/456] MNTG
[10:19:21] [348/456] JDDG
[10:19:22] 🔄 Identity reset
[10:19:22] 🔄 Identity rotated (every 10 requests)
[10:19:22] [349/456] MBTK
[10:19:23] [350/456] SGCD
[10:19:24] [351/456] MCTC
[10:19:25] [352/456] JTPC
[10:19:25] [353/456] SDKT
[10:19:26] [354/456] KRCC
[10:19:28] [355/456] RMMD
[10:19:29] [356/456] AAME
[10:19:30] [357/456] TMWC
[10:19:31] [358/456] NRWY
[10:19:32] 🔄 Identity reset
[10:19:32] 🔄 Identity rotated (every 10 requests)
[10:19:33] [359/456] CITD
[10:19:34] [360/456] VERD
[10:19:35] [361/456] MKSK
[10:19:36] [362/456] STSM
[10:19:37] [363/456] MJDG
[10:19:38] [364/456] RKPM
[10:19:39] [365/456] SSCE
[10:19:39] [366/456] VMAE
[10:19:40] [367/456] SBRU
[10:19:41] [368/456] AMBC
[10:19:42] 🔄 Identity reset
[10:19:42] 🔄 Identity rotated (every 10 requests)
[10:19:42] [369/456] AMLU
[10:19:43] [370/456] INVZ
[10:19:44] [371/456] LGTV
[10:19:45] [372/456] SVAD
[10:19:45] [373/456] SMSA
[10:19:47] [374/456] SPCZ
[10:19:48] [375/456] GTCX
[10:19:49] [376/456] SCSL
[10:19:50] [377/456] SAHU
[10:19:51] [378/456] NCDA
[10:19:52] 🔄 Identity reset
[10:19:52] 🔄 Identity rotated (every 10 requests)
[10:19:52] [379/456] SCCG
[10:19:53] [380/456] VKTL
[10:19:54] [381/456] PUUJ
[10:19:55] [382/456] STEJ
[10:19:56] [383/456] RJAL
[10:19:56] [384/456] ACJC
[10:19:57] [385/456] ARVB
[10:19:58] [386/456] AUBB
[10:19:59] [387/456] GDBR
[10:20:00] [388/456] PVND
[10:20:00] 🔄 Identity reset
[10:20:00] 🔄 Identity rotated (every 10 requests)
[10:20:01] [389/456] BGRJ
[10:20:01] [390/456] RJMM
[10:20:02] [391/456] MCSA
[10:20:03] [392/456] BODA
[10:20:04] [393/456] JAGG
[10:20:05] [394/456] SCGA
[10:20:06] [395/456] LRCM
[10:20:07] [396/456] CPCN
[10:20:08] [397/456] SSTF
[10:20:09] [398/456] SRXP
[10:20:09] 🔄 Identity reset
[10:20:09] 🔄 Identity rotated (every 10 requests)
[10:20:10] [399/456] CNFX
[10:20:10] [400/456] ANDI
[10:20:11] [401/456] SYEW
[10:20:12] [402/456] RCRE
[10:20:13] [403/456] SCRW
[10:20:15] [404/456] MBKR
[10:20:16] [405/456] ASNT
[10:20:17] [406/456] JTMT
[10:20:18] [407/456] SHAY
[10:20:19] [408/456] VRTH
[10:20:20] 🔄 Identity reset
[10:20:20] 🔄 Identity rotated (every 10 requests)
[10:20:20] [409/456] SPTI
[10:20:21] [410/456] DPTD
[10:20:22] [411/456] TGSN
[10:20:23] [412/456] RCWV
[10:20:23] [413/456] OCUR
[10:20:24] [414/456] KSTC
[10:20:25] [415/456] SANI
[10:20:26] [416/456] MLCA
[10:20:27] [417/456] EGCA
[10:20:28] [418/456] SYSN
[10:20:28] 🔄 Identity reset
[10:20:28] 🔄 Identity rotated (every 10 requests)
[10:20:29] [419/456] PKTA
[10:20:30] [420/456] PRCC
[10:20:31] [421/456] KSTR
[10:20:32] [422/456] SNTP
[10:20:33] [423/456] RCHA
[10:20:34] [424/456] SEEA
[10:20:34] [425/456] ALAT
[10:20:35] [426/456] AATV
[10:20:37] [427/456] RJTE
[10:20:38] [428/456] AAPP
[10:20:38] 🔄 Identity reset
[10:20:38] 🔄 Identity rotated (every 10 requests)
[10:20:38] [429/456] PMMH
[10:20:39] [430/456] INRJ
[10:20:40] [431/456] SARB
[10:20:41] [432/456] PCJL
[10:20:42] [433/456] PFJJ
[10:20:43] [434/456] GRDC
[10:20:44] [435/456] BCBA
[10:20:45] [436/456] VIXL
[10:20:46] [437/456] CSTL
[10:20:46] [438/456] MTDK
[10:20:47] 🔄 Identity reset
[10:20:47] 🔄 Identity rotated (every 10 requests)
[10:20:47] [439/456] TDAC
[10:20:48] [440/456] GTDN
[10:20:49] [441/456] TTDE
[10:20:50] [442/456] ASTS
[10:20:50] [443/456] CPNS
[10:20:51] [444/456] PVVW
[10:20:52] [445/456] USEB
[10:20:53] [446/456] DTYN
[10:20:54] [447/456] PVLE
[10:20:55] [448/456] CIPS
[10:20:55] 🔄 Identity reset
[10:20:55] 🔄 Identity rotated (every 10 requests)
[10:20:55] [449/456] PAEG
[10:20:56] [450/456] PTCW
[10:20:57] [451/456] G3SR
[10:20:59] [452/456] PGND
[10:21:00] [453/456] INVM
[10:21:01] [454/456] SPIA
[10:21:02] [455/456] PCSN
[10:21:03] [456/456] PPGV
[10:21:03] 🧹 Deduping shows
[10:21:03] ✅ DONE | Shows=583 | Movies=14
[16:53:03] 🚀 SCRIPT STARTED (enhanced anti‑detection)
[16:53:03] [1/456] FNDB
[16:53:04] 🧠 New identity created
[16:53:05] [2/456] AMBH
[16:53:06] [3/456] PRHN
[16:53:06] [4/456] ACPM
[16:53:07] [5/456] PVFS
[16:53:08] [6/456] AACN
[16:53:09] [7/456] ACAS
[16:53:10] [8/456] CTNR
[16:53:11] [9/456] MMAH
[16:53:12] [10/456] CPMH
[16:53:13] 🔄 Identity reset
[16:53:13] 🔄 Identity rotated (every 10 requests)
[16:53:13] [11/456] IGMH
[16:53:14] [12/456] ABCS
[16:53:15] [13/456] CMMA
[16:53:16] [14/456] GPRH
[16:53:17] [15/456] PNNG
[16:53:17] [16/456] AMCA
[16:53:18] [17/456] ISTN
[16:53:19] [18/456] PIIC
[16:53:20] [19/456] AHMH
[16:53:21] [20/456] ASHN
[16:53:21] 🔄 Identity reset
[16:53:21] 🔄 Identity rotated (every 10 requests)
[16:53:23] [21/456] INHY
[16:53:23] [22/456] SRMO
[16:53:24] [23/456] PIMH
[16:53:25] [24/456] PVTS
[16:53:26] [25/456] MMCA
[16:53:27] [26/456] AKYJ
[16:53:28] [27/456] BRKH
[16:53:29] [28/456] MAHM
[16:53:30] [29/456] CPHY
[16:53:31] [30/456] PVTP
[16:53:31] 🔄 Identity reset
[16:53:31] 🔄 Identity rotated (every 10 requests)
[16:53:32] [31/456] SMMR
[16:53:33] [32/456] PVHM
[16:53:34] [33/456] SNDY
[16:53:35] [34/456] GOKU
[16:53:36] [35/456] ACEV
[16:53:37] [36/456] PVUM
[16:53:37] [37/456] VSWA
[16:53:38] [38/456] IPRS
[16:53:39] [39/456] BKMV
[16:53:40] [40/456] PVYH
[16:53:41] 🔄 Identity reset
[16:53:41] 🔄 Identity rotated (every 10 requests)
[16:53:41] [41/456] INKM
[16:53:42] [42/456] ARJU
[16:53:43] [43/456] JJPP
[16:53:44] [44/456] SSRM
[16:53:45] [45/456] HMHD
[16:53:46] [46/456] SNKH
[16:53:46] [47/456] ACHI
[16:53:47] [48/456] MRAA
[16:53:48] [49/456] INMH
[16:53:49] [50/456] ARMH
[16:53:50] 🔄 Identity reset
[16:53:50] 🔄 Identity rotated (every 10 requests)
[16:53:50] [51/456] DVRR
[16:53:51] [52/456] SUDA
[16:53:52] [53/456] MCSS
[16:53:53] [54/456] VRKC
[16:53:54] [55/456] PRCX
[16:53:55] [56/456] ASJY
[16:53:56] [57/456] MTHY
[16:53:58] [58/456] SRCM
[16:53:58] [59/456] TVHY
[16:53:59] [60/456] STHD
[16:54:00] 🔄 Identity reset
[16:54:00] 🔄 Identity rotated (every 10 requests)
[16:54:00] [61/456] CPCL
[16:54:01] [62/456] PSMJ
[16:54:02] [63/456] MRGT
[16:54:03] [64/456] ARYH
[16:54:04] [65/456] VTRB
[16:54:05] [66/456] SCHC
[16:54:05] [67/456] MRRG
[16:54:07] [68/456] SPCB
[16:54:08] [69/456] AMCM
[16:54:10] [70/456] IVNM
[16:54:11] 🔄 Identity reset
[16:54:11] 🔄 Identity rotated (every 10 requests)
[16:54:11] [71/456] TRHY
[16:54:12] [72/456] PTTH
[16:54:13] [73/456] RKMH
[16:54:13] [74/456] PRCS
[16:54:14] [75/456] VAJA
[16:54:15] [76/456] BJNG
[16:54:16] [77/456] SCVM
[16:54:17] [78/456] GNHB
[16:54:18] [79/456] TLUR
[16:54:19] [80/456] UKCC
[16:54:19] 🔄 Identity reset
[16:54:19] 🔄 Identity rotated (every 10 requests)
[16:54:20] [81/456] SRKR
[16:54:20] [82/456] RMKN
[16:54:21] [83/456] SLRT
[16:54:22] [84/456] LKMT
[16:54:23] [85/456] SSRJ
[16:54:24] [86/456] SPHT
[16:54:25] [87/456] ANTT
[16:54:25] [88/456] SRCH
[16:54:27] [89/456] SRCA
[16:54:28] [90/456] ARTH
[16:54:28] 🔄 Identity reset
[16:54:28] 🔄 Identity rotated (every 10 requests)
[16:54:29] [91/456] MCBH
[16:54:29] [92/456] SNIB
[16:54:30] [93/456] SART
[16:54:31] [94/456] SKTA
[16:54:32] [95/456] YAKT
[16:54:33] [96/456] MLCK
[16:54:34] [97/456] ANTS
[16:54:35] [98/456] DGCA
[16:54:36] [99/456] SGMP
[16:54:37] [100/456] ASWN
[16:54:38] 🔄 Identity reset
[16:54:38] 🔄 Identity rotated (every 10 requests)
[16:54:38] [101/456] KFVU
[16:54:39] [102/456] POOR
[16:54:40] [103/456] GKDN
[16:54:41] [104/456] EOSE
[16:54:41] [105/456] GTTT
[16:54:42] [106/456] ARRO
[16:54:43] [107/456] CMMK
[16:54:44] [108/456] MSCN
[16:54:46] [109/456] GDKH
[16:54:46] [110/456] DLMT
[16:54:47] 🔄 Identity reset
[16:54:47] 🔄 Identity rotated (every 10 requests)
[16:54:47] [111/456] PVMF
[16:54:48] [112/456] CPCK
[16:54:49] [113/456] VMHE
[16:54:50] [114/456] PVLC
[16:54:51] [115/456] PCVB
[16:54:52] [116/456] SNYK
[16:54:53] [117/456] KTEK
[16:54:54] [118/456] PCNM
[16:54:55] [119/456] NTTR
[16:54:56] [120/456] CPSK
[16:54:57] 🔄 Identity reset
[16:54:57] 🔄 Identity rotated (every 10 requests)
[16:54:57] [121/456] JMMA
[16:54:58] [122/456] GCFK
[16:54:59] [123/456] MYCA
[16:55:00] [124/456] KSNP
[16:55:01] [125/456] PMCE
[16:55:02] [126/456] SCKI
[16:55:03] [127/456] FSMA
[16:55:04] [128/456] CETA
[16:55:04] [129/456] MCIK
[16:55:05] [130/456] MYCR
[16:55:06] 🔄 Identity reset
[16:55:06] 🔄 Identity rotated (every 10 requests)
[16:55:06] [131/456] EVMP
[16:55:07] [132/456] SSGT
[16:55:08] [133/456] KCTK
[16:55:09] [134/456] ZTKC
[16:55:10] [135/456] MMTA
[16:55:11] [136/456] MAJT
[16:55:12] [137/456] ACPK
[16:55:13] [138/456] JMAX
[16:55:13] [139/456] SETK
[16:55:14] [140/456] CAIS
[16:55:15] 🔄 Identity reset
[16:55:15] 🔄 Identity rotated (every 10 requests)
[16:55:15] [141/456] AGCD
[16:55:16] [142/456] URCL
[16:55:17] [143/456] VTDS
[16:55:18] [144/456] JCNM
[16:55:19] [145/456] KCAM
[16:55:20] [146/456] ADCU
[16:55:21] [147/456] GXYN
[16:55:22] [148/456] SMJG
[16:55:22] [149/456] EYCJ
[16:55:23] [150/456] CCEJ
[16:55:24] 🔄 Identity reset
[16:55:24] 🔄 Identity rotated (every 10 requests)
[16:55:24] [151/456] MARS
[16:55:25] [152/456] CPVJ
[16:55:26] [153/456] INVP
[16:55:28] [154/456] CPOV
[16:55:29] [155/456] VIJK
[16:55:29] [156/456] LAIM
[16:55:30] [157/456] STHV
[16:55:31] [158/456] SVLJ
[16:55:32] [159/456] ATVJ
[16:55:33] [160/456] JTSC
[16:55:33] 🔄 Identity reset
[16:55:33] 🔄 Identity rotated (every 10 requests)
[16:55:34] [161/456] RMTV
[16:55:35] [162/456] MGGG
[16:55:36] [163/456] SWTH
[16:55:36] [164/456] INVJ
[16:55:37] [165/456] PRSV
[16:55:38] [166/456] JATV
[16:55:40] [167/456] RCVD
[16:55:41] [168/456] BDMA
[16:55:42] [169/456] BLJI
[16:55:43] [170/456] SWOT
[16:55:43] 🔄 Identity reset
[16:55:43] 🔄 Identity rotated (every 10 requests)
[16:55:44] [171/456] SWRN
[16:55:45] [172/456] TVRA
[16:55:45] [173/456] NVRN
[16:55:46] [174/456] SIKC
[16:55:47] [175/456] VAKR
[16:55:48] [176/456] SYLN
[16:55:49] [177/456] KLJL
[16:55:50] [178/456] LKMY
[16:55:51] [179/456] VSLY
[16:55:52] [180/456] CIKO
[16:55:53] 🔄 Identity reset
[16:55:53] 🔄 Identity rotated (every 10 requests)
[16:55:53] [181/456] GPBG
[16:55:54] [182/456] CECM
[16:55:55] [183/456] SLKB
[16:55:56] [184/456] MTBO
[16:55:57] [185/456] SSHB
[16:55:58] [186/456] VPCS
[16:55:59] [187/456] RCSR
[16:55:59] [188/456] RJRM
[16:56:00] [189/456] KPPB
[16:56:01] [190/456] SEDC
[16:56:02] 🔄 Identity reset
[16:56:02] 🔄 Identity rotated (every 10 requests)
[16:56:02] [191/456] SCAI
[16:56:03] [192/456] RMTR
[16:56:04] [193/456] ASST
[16:56:05] [194/456] GCAK
[16:56:06] [195/456] ANNK
[16:56:06] [196/456] KDDF
[16:56:07] [197/456] NRDP
[16:56:08] [198/456] PLAK
[16:56:09] [199/456] GCMC
[16:56:10] [200/456] ALPY
[16:56:11] 🔄 Identity reset
[16:56:11] 🔄 Identity rotated (every 10 requests)
[16:56:11] [201/456] SICE
[16:56:12] [202/456] SISR
[16:56:13] [203/456] SRPZ
[16:56:13] [204/456] SRSW
[16:56:14] [205/456] SUYA
[16:56:15] [206/456] AMMT
[16:56:16] [207/456] BHCU
[16:56:17] [208/456] KLPA
[16:56:18] [209/456] NVKH
[16:56:19] [210/456] JMRC
[16:56:19] 🔄 Identity reset
[16:56:19] 🔄 Identity rotated (every 10 requests)
[16:56:20] [211/456] KTTT
[16:56:21] [212/456] MAGH
[16:56:22] [213/456] MMMX
[16:56:22] [214/456] SALJ
[16:56:23] [215/456] GTJA
[16:56:24] [216/456] MAHT
[16:56:25] [217/456] SSNN
[16:56:26] [218/456] ARRP
[16:56:27] [219/456] ATNS
[16:56:28] [220/456] SKDT
[16:56:29] 🔄 Identity reset
[16:56:29] 🔄 Identity rotated (every 10 requests)
[16:56:30] [221/456] ACAT
[16:56:31] [222/456] APRC
[16:56:32] [223/456] SWAG
[16:56:33] [224/456] SDPT
[16:56:34] [225/456] STPS
[16:56:35] [226/456] WWCZ
[16:56:36] [227/456] LLCH
[16:56:37] [228/456] MZHA
[16:56:38] [229/456] CRJG
[16:56:38] [230/456] JGTK
[16:56:39] 🔄 Identity reset
[16:56:39] 🔄 Identity rotated (every 10 requests)
[16:56:39] [231/456] KCSR
[16:56:40] [232/456] CHTL
[16:56:42] [233/456] EDSR
[16:56:42] [234/456] CSWO
[16:56:43] [235/456] CPVM
[16:56:44] [236/456] MXBY
[16:56:45] [237/456] FMMA
[16:56:46] [238/456] POVI
[16:56:47] [239/456] MTHB
[16:56:48] [240/456] INRC
[16:56:48] 🔄 Identity reset
[16:56:48] 🔄 Identity rotated (every 10 requests)
[16:56:49] [241/456] PIPP
[16:56:50] [242/456] BMXC
[16:56:51] [243/456] PCMM
[16:56:52] [244/456] PMKM
[16:56:53] [245/456] GATY
[16:56:54] [246/456] IMCM
[16:56:55] [247/456] POPE
[16:56:56] [248/456] MTCR
[16:56:57] [249/456] PVAE
[16:56:57] [250/456] PVMI
[16:56:58] 🔄 Identity reset
[16:56:58] 🔄 Identity rotated (every 10 requests)
[16:56:58] [251/456] CPNM
[16:57:00] [252/456] FMRL
[16:57:01] [253/456] MCIW
[16:57:01] [254/456] MXBO
[16:57:02] [255/456] FMKY
[16:57:03] [256/456] FMDA
[16:57:04] [257/456] THAB
[16:57:05] [258/456] PRCW
[16:57:06] [259/456] PITI
[16:57:07] [260/456] MCFF
[16:57:08] 🔄 Identity reset
[16:57:08] 🔄 Identity rotated (every 10 requests)
[16:57:08] [261/456] PDDV
[16:57:09] [262/456] MCRM
[16:57:11] [263/456] KKMB
[16:57:11] [264/456] INKO
[16:57:12] [265/456] PLXP
[16:57:13] [266/456] MMHA
[16:57:14] [267/456] FMVS
[16:57:15] [268/456] POLM
[16:57:16] [269/456] STER
[16:57:17] [270/456] PVWJ
[16:57:18] 🔄 Identity reset
[16:57:18] 🔄 Identity rotated (every 10 requests)
[16:57:18] [271/456] IMJW
[16:57:19] [272/456] FNAN
[16:57:20] [273/456] CAGL
[16:57:20] [274/456] IPBG
[16:57:21] [275/456] SMFV
[16:57:22] [276/456] MMMR
[16:57:23] [277/456] MMWM
[16:57:24] [278/456] FNCM
[16:57:25] [279/456] MDVA
[16:57:26] [280/456] MMET
[16:57:27] 🔄 Identity reset
[16:57:27] 🔄 Identity rotated (every 10 requests)
[16:57:27] [281/456] MIDO
[16:57:28] [282/456] INNP
[16:57:29] [283/456] MIFU
[16:57:30] [284/456] MMSZ
[16:57:31] [285/456] BMXA
[16:57:32] [286/456] MCAA
[16:57:33] [287/456] SCVP
[16:57:33] [288/456] PLUS
[16:57:34] [289/456] MUCK
[16:57:36] [290/456] MTMA
[16:57:36] 🔄 Identity reset
[16:57:36] 🔄 Identity rotated (every 10 requests)
[16:57:37] [291/456] HPVR
[16:57:37] [292/456] PMPK
[16:57:38] [293/456] MAJB
[16:57:40] [294/456] CTRR
[16:57:40] [295/456] MCTG
[16:57:41] [296/456] MACE
[16:57:43] [297/456] AAAS
[16:57:44] [298/456] CPVV
[16:57:45] [299/456] RCHG
[16:57:46] [300/456] MCNE
[16:57:46] 🔄 Identity reset
[16:57:46] 🔄 Identity rotated (every 10 requests)
[16:57:47] [301/456] EMNC
[16:57:48] [302/456] MCAN
[16:57:48] [303/456] TCDM
[16:57:49] [304/456] IRGT
[16:57:50] [305/456] GCMG
[16:57:51] [306/456] MXSN
[16:57:52] [307/456] MXCK
[16:57:53] [308/456] MCRC
[16:57:54] [309/456] RSMI
[16:57:55] [310/456] WAML
[16:57:55] 🔄 Identity reset
[16:57:55] 🔄 Identity rotated (every 10 requests)
[16:57:55] 🔄 Retry 1/5 for WAML in 2.3s
[16:57:55] 🔄 Identity reset
[16:57:58] 🧠 New identity created
[16:57:58] [311/456] MTSC
[16:57:59] [312/456] FMDR
[16:58:00] [313/456] LEPV
[16:58:01] [314/456] MTGD
[16:58:02] [315/456] IMOB
[16:58:03] [316/456] CLMM
[16:58:03] [317/456] PZCD
[16:58:05] [318/456] GOCS
[16:58:06] [319/456] KCMA
[16:58:06] 🔄 Identity reset
[16:58:06] 🔄 Identity rotated (every 10 requests)
[16:58:07] [320/456] CCMP
[16:58:08] [321/456] MTSU
[16:58:08] [322/456] SNGL
[16:58:09] [323/456] MMMC
[16:58:10] [324/456] MMAA
[16:58:11] [325/456] GCDM
[16:58:12] [326/456] KTMV
[16:58:13] [327/456] AETE
[16:58:14] [328/456] OMCS
[16:58:15] [329/456] GDCD
[16:58:15] 🔄 Identity reset
[16:58:15] 🔄 Identity rotated (every 10 requests)
[16:58:16] [330/456] NYMD
[16:58:17] [331/456] RNCV
[16:58:18] [332/456] KKMT
[16:58:19] [333/456] GDTH
[16:58:20] [334/456] KMMV
[16:58:20] [335/456] NHCG
[16:58:21] [336/456] PJDW
[16:58:22] [337/456] MMCV
[16:58:23] [338/456] FQSA
[16:58:24] [339/456] KURL
[16:58:25] 🔄 Identity reset
[16:58:25] 🔄 Identity rotated (every 10 requests)
[16:58:25] [340/456] NNNX
[16:58:26] [341/456] AMAU
[16:58:27] [342/456] VVVM
[16:58:28] [343/456] VECU
[16:58:29] [344/456] WCVR
[16:58:30] [345/456] MTGG
[16:58:31] [346/456] SGTG
[16:58:32] [347/456] MNTG
[16:58:33] [348/456] JDDG
[16:58:34] [349/456] MBTK
[16:58:35] 🔄 Identity reset
[16:58:35] 🔄 Identity rotated (every 10 requests)
[16:58:36] [350/456] SGCD
[16:58:37] [351/456] MCTC
[16:58:38] [352/456] JTPC
[16:58:38] [353/456] SDKT
[16:58:39] [354/456] KRCC
[16:58:40] [355/456] RMMD
[16:58:41] [356/456] AAME
[16:58:42] [357/456] TMWC
[16:58:42] [358/456] NRWY
[16:58:43] [359/456] CITD
[16:58:44] 🔄 Identity reset
[16:58:44] 🔄 Identity rotated (every 10 requests)
[16:58:44] [360/456] VERD
[16:58:45] [361/456] MKSK
[16:58:46] [362/456] STSM
[16:58:47] [363/456] MJDG
[16:58:48] [364/456] RKPM
[16:58:49] [365/456] SSCE
[16:58:50] [366/456] VMAE
[16:58:51] [367/456] SBRU
[16:58:51] [368/456] AMBC
[16:58:52] [369/456] AMLU
[16:58:53] 🔄 Identity reset
[16:58:53] 🔄 Identity rotated (every 10 requests)
[16:58:54] [370/456] INVZ
[16:58:55] [371/456] LGTV
[16:58:56] [372/456] SVAD
[16:58:57] [373/456] SMSA
[16:58:58] [374/456] SPCZ
[16:58:59] [375/456] GTCX
[16:59:01] [376/456] SCSL
[16:59:01] [377/456] SAHU
[16:59:02] [378/456] NCDA
[16:59:03] [379/456] SCCG
[16:59:04] 🔄 Identity reset
[16:59:04] 🔄 Identity rotated (every 10 requests)
[16:59:04] [380/456] VKTL
[16:59:05] [381/456] PUUJ
[16:59:06] [382/456] STEJ
[16:59:07] [383/456] RJAL
[16:59:08] [384/456] ACJC
[16:59:09] [385/456] ARVB
[16:59:09] [386/456] AUBB
[16:59:10] [387/456] GDBR
[16:59:11] [388/456] PVND
[16:59:12] [389/456] BGRJ
[16:59:13] 🔄 Identity reset
[16:59:13] 🔄 Identity rotated (every 10 requests)
[16:59:13] [390/456] RJMM
[16:59:14] [391/456] MCSA
[16:59:15] [392/456] BODA
[16:59:17] [393/456] JAGG
[16:59:18] [394/456] SCGA
[16:59:19] [395/456] LRCM
[16:59:20] [396/456] CPCN
[16:59:21] [397/456] SSTF
[16:59:21] [398/456] SRXP
[16:59:22] [399/456] CNFX
[16:59:23] 🔄 Identity reset
[16:59:23] 🔄 Identity rotated (every 10 requests)
[16:59:23] [400/456] ANDI
[16:59:24] [401/456] SYEW
[16:59:25] [402/456] RCRE
[16:59:26] [403/456] SCRW
[16:59:27] [404/456] MBKR
[16:59:28] [405/456] ASNT
[16:59:29] [406/456] JTMT
[16:59:29] [407/456] SHAY
[16:59:31] [408/456] VRTH
[16:59:32] [409/456] SPTI
[16:59:32] 🔄 Identity reset
[16:59:32] 🔄 Identity rotated (every 10 requests)
[16:59:33] [410/456] DPTD
[16:59:33] [411/456] TGSN
[16:59:34] [412/456] RCWV
[16:59:35] [413/456] OCUR
[16:59:36] [414/456] KSTC
[16:59:37] [415/456] SANI
[16:59:38] [416/456] MLCA
[16:59:39] [417/456] EGCA
[16:59:40] [418/456] SYSN
[16:59:41] [419/456] PKTA
[16:59:41] 🔄 Identity reset
[16:59:41] 🔄 Identity rotated (every 10 requests)
[16:59:42] [420/456] PRCC
[16:59:44] [421/456] KSTR
[16:59:45] [422/456] SNTP
[16:59:46] [423/456] RCHA
[16:59:47] [424/456] SEEA
[16:59:47] [425/456] ALAT
[16:59:49] [426/456] AATV
[16:59:50] [427/456] RJTE
[16:59:51] [428/456] AAPP
[16:59:52] [429/456] PMMH
[16:59:52] 🔄 Identity reset
[16:59:52] 🔄 Identity rotated (every 10 requests)
[16:59:53] [430/456] INRJ
[16:59:54] [431/456] SARB
[16:59:55] [432/456] PCJL
[16:59:56] [433/456] PFJJ
[16:59:56] [434/456] GRDC
[16:59:57] [435/456] BCBA
[16:59:58] [436/456] VIXL
[16:59:59] [437/456] CSTL
[17:00:00] [438/456] MTDK
[17:00:01] [439/456] TDAC
[17:00:02] 🔄 Identity reset
[17:00:02] 🔄 Identity rotated (every 10 requests)
[17:00:02] [440/456] GTDN
[17:00:03] [441/456] TTDE
[17:00:04] [442/456] ASTS
[17:00:05] [443/456] CPNS
[17:00:06] [444/456] PVVW
[17:00:07] [445/456] USEB
[17:00:08] [446/456] DTYN
[17:00:08] [447/456] PVLE
[17:00:09] [448/456] CIPS
[17:00:10] [449/456] PAEG
[17:00:11] 🔄 Identity reset
[17:00:11] 🔄 Identity rotated (every 10 requests)
[17:00:11] [450/456] PTCW
[17:00:12] [451/456] G3SR
[17:00:14] [452/456] PGND
[17:00:15] [453/456] INVM
[17:00:15] [454/456] SPIA
[17:00:16] [455/456] PCSN
[17:00:17] [456/456] PPGV
[17:00:18] 🧹 Deduping shows
[17:00:18] ✅ DONE | Shows=668 | Movies=18
[05:10:21] 🚀 SCRIPT STARTED (enhanced anti‑detection)
[05:10:21] [1/456] FNDB
[05:10:22] 🧠 New identity created
[05:10:22] [2/456] AMBH
[05:10:23] [3/456] PRHN
[05:10:24] [4/456] ACPM
[05:10:25] [5/456] PVFS
[05:10:26] [6/456] AACN
[05:10:27] [7/456] ACAS
[05:10:28] [8/456] CTNR
[05:10:29] [9/456] MMAH
[05:10:30] [10/456] CPMH
[05:10:31] 🔄 Identity reset
[05:10:31] 🔄 Identity rotated (every 10 requests)
[05:10:32] [11/456] IGMH
[05:10:33] [12/456] ABCS
[05:10:34] [13/456] CMMA
[05:10:36] [14/456] GPRH
[05:10:37] [15/456] PNNG
[05:10:38] [16/456] AMCA
[05:10:39] [17/456] ISTN
[05:10:40] [18/456] PIIC
[05:10:41] [19/456] AHMH
[05:10:42] [20/456] ASHN
[05:10:43] 🔄 Identity reset
[05:10:43] 🔄 Identity rotated (every 10 requests)
[05:10:43] [21/456] INHY
[05:10:44] [22/456] SRMO
[05:10:45] [23/456] PIMH
[05:10:47] [24/456] PVTS
[05:10:48] [25/456] MMCA
[05:10:49] [26/456] AKYJ
[05:10:50] [27/456] BRKH
[05:10:51] [28/456] MAHM
[05:10:52] [29/456] CPHY
[05:10:53] [30/456] PVTP
[05:10:53] 🔄 Identity reset
[05:10:53] 🔄 Identity rotated (every 10 requests)
[05:10:54] [31/456] SMMR
[05:10:55] [32/456] PVHM
[05:10:56] [33/456] SNDY
[05:10:57] [34/456] GOKU
[05:10:58] [35/456] ACEV
[05:10:59] [36/456] PVUM
[05:11:00] [37/456] VSWA
[05:11:01] [38/456] IPRS
[05:11:03] [39/456] BKMV
[05:11:04] [40/456] PVYH
[05:11:04] 🔄 Identity reset
[05:11:04] 🔄 Identity rotated (every 10 requests)
[05:11:06] [41/456] INKM
[05:11:07] [42/456] ARJU
[05:11:08] [43/456] JJPP
[05:11:09] [44/456] SSRM
[05:11:09] [45/456] HMHD
[05:11:10] [46/456] SNKH
[05:11:11] [47/456] ACHI
[05:11:12] [48/456] MRAA
[05:11:13] [49/456] INMH
[05:11:14] [50/456] ARMH
[05:11:15] 🔄 Identity reset
[05:11:15] 🔄 Identity rotated (every 10 requests)
[05:11:16] [51/456] DVRR
[05:11:17] [52/456] SUDA
[05:11:18] [53/456] MCSS
[05:11:19] [54/456] VRKC
[05:11:20] [55/456] PRCX
[05:11:22] [56/456] ASJY
[05:11:22] [57/456] MTHY
[05:11:23] [58/456] SRCM
[05:11:25] [59/456] TVHY
[05:11:26] [60/456] STHD
[05:11:26] 🔄 Identity reset
[05:11:26] 🔄 Identity rotated (every 10 requests)
[05:11:27] [61/456] CPCL
[05:11:28] [62/456] PSMJ
[05:11:29] [63/456] MRGT
[05:11:31] [64/456] ARYH
[05:11:32] [65/456] VTRB
[05:11:33] [66/456] SCHC
[05:11:34] [67/456] MRRG
[05:11:35] [68/456] SPCB
[05:11:37] [69/456] AMCM
[05:11:39] [70/456] IVNM
[05:11:39] 🔄 Identity reset
[05:11:39] 🔄 Identity rotated (every 10 requests)
[05:11:39] [71/456] TRHY
[05:11:40] [72/456] PTTH
[05:11:41] [73/456] RKMH
[05:11:43] [74/456] PRCS
[05:11:44] [75/456] VAJA
[05:11:45] [76/456] BJNG
[05:11:46] [77/456] SCVM
[05:11:47] [78/456] GNHB
[05:11:47] [79/456] TLUR
[05:11:48] [80/456] UKCC
[05:11:49] 🔄 Identity reset
[05:11:49] 🔄 Identity rotated (every 10 requests)
[05:11:50] [81/456] SRKR
[05:11:51] [82/456] RMKN
[05:11:52] [83/456] SLRT
[05:11:54] [84/456] LKMT
[05:11:55] [85/456] SSRJ
[05:11:55] [86/456] SPHT
[05:11:56] [87/456] ANTT
[05:11:58] [88/456] SRCH
[05:11:59] [89/456] SRCA
[05:12:00] [90/456] ARTH
[05:12:00] 🔄 Identity reset
[05:12:00] 🔄 Identity rotated (every 10 requests)
[05:12:01] [91/456] MCBH
[05:12:02] [92/456] SNIB
[05:12:03] [93/456] SART
[05:12:04] [94/456] SKTA
[05:12:05] [95/456] YAKT
[05:12:06] [96/456] MLCK
[05:12:08] [97/456] ANTS
[05:12:09] [98/456] DGCA
[05:12:10] [99/456] SGMP
[05:12:11] [100/456] ASWN
[05:12:11] 🔄 Identity reset
[05:12:11] 🔄 Identity rotated (every 10 requests)
[05:12:12] [101/456] KFVU
[05:12:12] [102/456] POOR
[05:12:14] [103/456] GKDN
[05:12:15] [104/456] EOSE
[05:12:16] [105/456] GTTT
[05:12:17] [106/456] ARRO
[05:12:18] [107/456] CMMK
[05:12:18] [108/456] MSCN
[05:12:19] [109/456] GDKH
[05:12:21] [110/456] DLMT
[05:12:22] 🔄 Identity reset
[05:12:22] 🔄 Identity rotated (every 10 requests)
[05:12:23] [111/456] PVMF
[05:12:24] [112/456] CPCK
[05:12:26] [113/456] VMHE
[05:12:27] [114/456] PVLC
[05:12:28] [115/456] PCVB
[05:12:29] [116/456] SNYK
[05:12:30] [117/456] KTEK
[05:12:30] [118/456] PCNM
[05:12:31] [119/456] NTTR
[05:12:32] [120/456] CPSK
[05:12:33] 🔄 Identity reset
[05:12:33] 🔄 Identity rotated (every 10 requests)
[05:12:33] [121/456] JMMA
[05:12:35] [122/456] GCFK
[05:12:37] [123/456] MYCA
[05:12:38] [124/456] KSNP
[05:12:40] [125/456] PMCE
[05:12:41] [126/456] SCKI
[05:12:42] [127/456] FSMA
[05:12:43] [128/456] CETA
[05:12:44] [129/456] MCIK
[05:12:45] [130/456] MYCR
[05:12:46] 🔄 Identity reset
[05:12:46] 🔄 Identity rotated (every 10 requests)
[05:12:46] [131/456] EVMP
[05:12:47] [132/456] SSGT
[05:12:48] [133/456] KCTK
[05:12:49] [134/456] ZTKC
[05:12:50] [135/456] MMTA
[05:12:51] [136/456] MAJT
[05:12:52] [137/456] ACPK
[05:12:53] [138/456] JMAX
[05:12:54] [139/456] SETK
[05:12:55] [140/456] CAIS
[05:12:55] 🔄 Identity reset
[05:12:55] 🔄 Identity rotated (every 10 requests)
[05:12:55] [141/456] AGCD
[05:12:57] [142/456] URCL
[05:12:57] [143/456] VTDS
[05:12:58] [144/456] JCNM
[05:12:59] [145/456] KCAM
[05:13:00] [146/456] ADCU
[05:13:02] [147/456] GXYN
[05:13:03] [148/456] SMJG
[05:13:04] [149/456] EYCJ
[05:13:05] [150/456] CCEJ
[05:13:05] 🔄 Identity reset
[05:13:05] 🔄 Identity rotated (every 10 requests)
[05:13:05] [151/456] MARS
[05:13:06] [152/456] CPVJ
[05:13:08] [153/456] INVP
[05:13:09] [154/456] CPOV
[05:13:10] [155/456] VIJK
[05:13:11] [156/456] LAIM
[05:13:12] [157/456] STHV
[05:13:12] [158/456] SVLJ
[05:13:13] [159/456] ATVJ
[05:13:15] [160/456] JTSC
[05:13:16] 🔄 Identity reset
[05:13:16] 🔄 Identity rotated (every 10 requests)
[05:13:17] [161/456] RMTV
[05:13:18] [162/456] MGGG
[05:13:19] [163/456] SWTH
[05:13:20] [164/456] INVJ
[05:13:21] [165/456] PRSV
[05:13:22] [166/456] JATV
[05:13:23] [167/456] RCVD
[05:13:25] [168/456] BDMA
[05:13:26] [169/456] BLJI
[05:13:27] [170/456] SWOT
[05:13:27] 🔄 Identity reset
[05:13:27] 🔄 Identity rotated (every 10 requests)
[05:13:28] [171/456] SWRN
[05:13:29] [172/456] TVRA
[05:13:30] [173/456] NVRN
[05:13:31] [174/456] SIKC
[05:13:32] [175/456] VAKR
[05:13:33] [176/456] SYLN
[05:13:35] [177/456] KLJL
[05:13:37] [178/456] LKMY
[05:13:38] [179/456] VSLY
[05:13:38] [180/456] CIKO
[05:13:39] 🔄 Identity reset
[05:13:39] 🔄 Identity rotated (every 10 requests)
[05:13:39] 🔄 Retry 1/5 for CIKO in 2.1s
[05:13:39] 🔄 Identity reset
[05:13:41] 🧠 New identity created
[05:13:42] [181/456] GPBG
[05:13:43] [182/456] CECM
[05:13:44] [183/456] SLKB
[05:13:44] [184/456] MTBO
[05:13:46] [185/456] SSHB
[05:13:47] [186/456] VPCS
[05:13:49] [187/456] RCSR
[05:13:51] [188/456] RJRM
[05:13:52] [189/456] KPPB
[05:13:52] 🔄 Identity reset
[05:13:52] 🔄 Identity rotated (every 10 requests)
[05:13:54] [190/456] SEDC
[05:13:54] [191/456] SCAI
[05:13:55] [192/456] RMTR
[05:13:57] [193/456] ASST
[05:13:58] [194/456] GCAK
[05:13:59] [195/456] ANNK
[05:14:00] [196/456] KDDF
[05:14:01] [197/456] NRDP
[05:14:02] [198/456] PLAK
[05:14:02] [199/456] GCMC
[05:14:03] 🔄 Identity reset
[05:14:03] 🔄 Identity rotated (every 10 requests)
[05:14:03] [200/456] ALPY
[05:14:05] [201/456] SICE
[05:14:06] [202/456] SISR
[05:14:07] [203/456] SRPZ
[05:14:08] [204/456] SRSW
[05:14:09] [205/456] SUYA
[05:14:11] [206/456] AMMT
[05:14:12] [207/456] BHCU
[05:14:13] [208/456] KLPA
[05:14:14] [209/456] NVKH
[05:14:14] 🔄 Identity reset
[05:14:14] 🔄 Identity rotated (every 10 requests)
[05:14:15] [210/456] JMRC
[05:14:15] [211/456] KTTT
[05:14:16] [212/456] MAGH
[05:14:18] [213/456] MMMX
[05:14:19] [214/456] SALJ
[05:14:20] [215/456] GTJA
[05:14:21] [216/456] MAHT
[05:14:22] [217/456] SSNN
[05:14:23] [218/456] ARRP
[05:14:25] [219/456] ATNS
[05:14:25] 🔄 Identity reset
[05:14:25] 🔄 Identity rotated (every 10 requests)
[05:14:26] [220/456] SKDT
[05:14:26] [221/456] ACAT
[05:14:27] [222/456] APRC
[05:14:28] [223/456] SWAG
[05:14:30] [224/456] SDPT
[05:14:32] [225/456] STPS
[05:14:32] [226/456] WWCZ
[05:14:34] [227/456] LLCH
[05:14:35] [228/456] MZHA
[05:14:36] [229/456] CRJG
[05:14:37] 🔄 Identity reset
[05:14:37] 🔄 Identity rotated (every 10 requests)
[05:14:38] [230/456] JGTK
[05:14:40] [231/456] KCSR
[05:14:42] [232/456] CHTL
[05:14:43] [233/456] EDSR
[05:14:43] [234/456] CSWO
[05:14:46] [235/456] CPVM
[05:14:48] [236/456] MXBY
[05:14:50] [237/456] FMMA
[05:14:51] [238/456] POVI
[05:14:52] [239/456] MTHB
[05:14:52] 🔄 Identity reset
[05:14:52] 🔄 Identity rotated (every 10 requests)
[05:14:54] [240/456] INRC
[05:14:55] [241/456] PIPP
[05:14:57] [242/456] BMXC
[05:14:58] [243/456] PCMM
[05:14:59] [244/456] PMKM
[05:15:01] [245/456] GATY
[05:15:02] [246/456] IMCM
[05:15:03] [247/456] POPE
[05:15:04] [248/456] MTCR
[05:15:05] [249/456] PVAE
[05:15:05] 🔄 Identity reset
[05:15:05] 🔄 Identity rotated (every 10 requests)
[05:15:07] [250/456] PVMI
[05:15:08] [251/456] CPNM
[05:15:08] [252/456] FMRL
[05:15:10] [253/456] MCIW
[05:15:11] [254/456] MXBO
[05:15:12] [255/456] FMKY
[05:15:13] [256/456] FMDA
[05:15:13] [257/456] THAB
[05:15:14] [258/456] PRCW
[05:15:15] [259/456] PITI
[05:15:16] 🔄 Identity reset
[05:15:16] 🔄 Identity rotated (every 10 requests)
[05:15:16] [260/456] MCFF
[05:15:18] [261/456] PDDV
[05:15:18] [262/456] MCRM
[05:15:19] [263/456] KKMB
[05:15:20] [264/456] INKO
[05:15:22] [265/456] PLXP
[05:15:23] [266/456] MMHA
[05:15:25] [267/456] FMVS
[05:15:26] [268/456] POLM
[05:15:27] [269/456] STER
[05:15:28] 🔄 Identity reset
[05:15:28] 🔄 Identity rotated (every 10 requests)
[05:15:28] [270/456] PVWJ
[05:15:29] [271/456] IMJW
[05:15:30] [272/456] FNAN
[05:15:31] [273/456] CAGL
[05:15:32] [274/456] IPBG
[05:15:33] [275/456] SMFV
[05:15:34] [276/456] MMMR
[05:15:36] [277/456] MMWM
[05:15:37] [278/456] FNCM
[05:15:38] [279/456] MDVA
[05:15:39] 🔄 Identity reset
[05:15:39] 🔄 Identity rotated (every 10 requests)
[05:15:39] [280/456] MMET
[05:15:40] [281/456] MIDO
[05:15:41] [282/456] INNP
[05:15:43] [283/456] MIFU
[05:15:44] [284/456] MMSZ
[05:15:46] [285/456] BMXA
[05:15:47] [286/456] MCAA
[05:15:48] [287/456] SCVP
[05:15:49] [288/456] PLUS
[05:15:50] [289/456] MUCK
[05:15:50] 🔄 Identity reset
[05:15:50] 🔄 Identity rotated (every 10 requests)
[05:15:51] [290/456] MTMA
[05:15:53] [291/456] HPVR
[05:15:54] [292/456] PMPK
[05:15:55] [293/456] MAJB
[05:15:56] [294/456] CTRR
[05:15:57] [295/456] MCTG
[05:15:58] [296/456] MACE
[05:15:59] [297/456] AAAS
[05:16:00] [298/456] CPVV
[05:16:01] [299/456] RCHG
[05:16:01] 🔄 Identity reset
[05:16:01] 🔄 Identity rotated (every 10 requests)
[05:16:03] [300/456] MCNE
[05:16:04] [301/456] EMNC
[05:16:04] [302/456] MCAN
[05:16:05] [303/456] TCDM
[05:16:06] [304/456] IRGT
[05:16:07] [305/456] GCMG
[05:16:08] [306/456] MXSN
[05:16:10] [307/456] MXCK
[05:16:11] [308/456] MCRC
[05:16:12] [309/456] RSMI
[05:16:12] 🔄 Identity reset
[05:16:12] 🔄 Identity rotated (every 10 requests)
[05:16:14] [310/456] WAML
[05:16:14] [311/456] MTSC
[05:16:15] [312/456] FMDR
[05:16:16] [313/456] LEPV
[05:16:17] [314/456] MTGD
[05:16:18] [315/456] IMOB
[05:16:19] [316/456] CLMM
[05:16:20] [317/456] PZCD
[05:16:22] [318/456] GOCS
[05:16:23] [319/456] KCMA
[05:16:23] 🔄 Identity reset
[05:16:23] 🔄 Identity rotated (every 10 requests)
[05:16:23] [320/456] CCMP
[05:16:24] [321/456] MTSU
[05:16:26] [322/456] SNGL
[05:16:27] [323/456] MMMC
[05:16:28] [324/456] MMAA
[05:16:28] [325/456] GCDM
[05:16:29] [326/456] KTMV
[05:16:30] [327/456] AETE
[05:16:32] [328/456] OMCS
[05:16:33] [329/456] GDCD
[05:16:34] 🔄 Identity reset
[05:16:34] 🔄 Identity rotated (every 10 requests)
[05:16:34] [330/456] NYMD
[05:16:35] [331/456] RNCV
[05:16:36] [332/456] KKMT
[05:16:38] [333/456] GDTH
[05:16:40] [334/456] KMMV
[05:16:42] [335/456] NHCG
[05:16:43] [336/456] PJDW
[05:16:43] [337/456] MMCV
[05:16:45] [338/456] FQSA
[05:16:46] [339/456] KURL
[05:16:47] 🔄 Identity reset
[05:16:47] 🔄 Identity rotated (every 10 requests)
[05:16:47] [340/456] NNNX
[05:16:49] [341/456] AMAU
[05:16:51] [342/456] VVVM
[05:16:52] [343/456] VECU
[05:16:52] [344/456] WCVR
[05:16:53] [345/456] MTGG
[05:16:54] [346/456] SGTG
[05:16:55] [347/456] MNTG
[05:16:57] [348/456] JDDG
[05:16:58] [349/456] MBTK
[05:16:58] 🔄 Identity reset
[05:16:58] 🔄 Identity rotated (every 10 requests)
[05:16:59] [350/456] SGCD
[05:17:00] [351/456] MCTC
[05:17:01] [352/456] JTPC
[05:17:02] [353/456] SDKT
[05:17:03] [354/456] KRCC
[05:17:04] [355/456] RMMD
[05:17:05] [356/456] AAME
[05:17:06] [357/456] TMWC
[05:17:07] [358/456] NRWY
[05:17:08] [359/456] CITD
[05:17:08] 🔄 Identity reset
[05:17:08] 🔄 Identity rotated (every 10 requests)
[05:17:09] [360/456] VERD
[05:17:10] [361/456] MKSK
[05:17:11] [362/456] STSM
[05:17:12] [363/456] MJDG
[05:17:14] [364/456] RKPM
[05:17:14] [365/456] SSCE
[05:17:16] [366/456] VMAE
[05:17:17] [367/456] SBRU
[05:17:18] [368/456] AMBC
[05:17:20] [369/456] AMLU
[05:17:20] 🔄 Identity reset
[05:17:20] 🔄 Identity rotated (every 10 requests)
[05:17:22] [370/456] INVZ
[05:17:22] [371/456] LGTV
[05:17:23] [372/456] SVAD
[05:17:24] [373/456] SMSA
[05:17:25] [374/456] SPCZ
[05:17:26] [375/456] GTCX
[05:17:27] [376/456] SCSL
[05:17:28] [377/456] SAHU
[05:17:29] [378/456] NCDA
[05:17:30] [379/456] SCCG
[05:17:31] 🔄 Identity reset
[05:17:31] 🔄 Identity rotated (every 10 requests)
[05:17:32] [380/456] VKTL
[05:17:34] [381/456] PUUJ
[05:17:36] [382/456] STEJ
[05:17:37] [383/456] RJAL
[05:17:38] [384/456] ACJC
[05:17:39] [385/456] ARVB
[05:17:41] [386/456] AUBB
[05:17:42] [387/456] GDBR
[05:17:44] [388/456] PVND
[05:17:45] [389/456] BGRJ
[05:17:45] 🔄 Identity reset
[05:17:45] 🔄 Identity rotated (every 10 requests)
[05:17:46] [390/456] RJMM
[05:17:48] [391/456] MCSA
[05:17:49] [392/456] BODA
[05:17:50] [393/456] JAGG
[05:17:51] [394/456] SCGA
[05:17:52] [395/456] LRCM
[05:17:53] [396/456] CPCN
[05:17:54] [397/456] SSTF
[05:17:55] [398/456] SRXP
[05:17:56] [399/456] CNFX
[05:17:56] 🔄 Identity reset
[05:17:56] 🔄 Identity rotated (every 10 requests)
[05:17:56] 🔄 Retry 1/5 for CNFX in 2.8s
[05:17:56] 🔄 Identity reset
[05:17:59] 🧠 New identity created
[05:18:00] [400/456] ANDI
[05:18:00] [401/456] SYEW
[05:18:02] [402/456] RCRE
[05:18:03] [403/456] SCRW
[05:18:04] [404/456] MBKR
[05:18:05] [405/456] ASNT
[05:18:06] [406/456] JTMT
[05:18:07] [407/456] SHAY
[05:18:09] [408/456] VRTH
[05:18:09] 🔄 Identity reset
[05:18:09] 🔄 Identity rotated (every 10 requests)
[05:18:10] [409/456] SPTI
[05:18:11] [410/456] DPTD
[05:18:11] [411/456] TGSN
[05:18:13] [412/456] RCWV
[05:18:14] [413/456] OCUR
[05:18:15] [414/456] KSTC
[05:18:16] [415/456] SANI
[05:18:17] [416/456] MLCA
[05:18:18] [417/456] EGCA
[05:18:19] [418/456] SYSN
[05:18:20] 🔄 Identity reset
[05:18:20] 🔄 Identity rotated (every 10 requests)
[05:18:21] [419/456] PKTA
[05:18:22] [420/456] PRCC
[05:18:23] [421/456] KSTR
[05:18:24] [422/456] SNTP
[05:18:25] [423/456] RCHA
[05:18:26] [424/456] SEEA
[05:18:28] [425/456] ALAT
[05:18:29] [426/456] AATV
[05:18:29] [427/456] RJTE
[05:18:30] [428/456] AAPP
[05:18:31] 🔄 Identity reset
[05:18:31] 🔄 Identity rotated (every 10 requests)
[05:18:31] [429/456] PMMH
[05:18:32] [430/456] INRJ
[05:18:33] [431/456] SARB
[05:18:35] [432/456] PCJL
[05:18:37] [433/456] PFJJ
[05:18:38] [434/456] GRDC
[05:18:39] [435/456] BCBA
[05:18:40] [436/456] VIXL
[05:18:41] [437/456] CSTL
[05:18:42] [438/456] MTDK
[05:18:42] 🔄 Identity reset
[05:18:42] 🔄 Identity rotated (every 10 requests)
[05:18:43] [439/456] TDAC
[05:18:44] [440/456] GTDN
[05:18:45] [441/456] TTDE
[05:18:46] [442/456] ASTS
[05:18:47] [443/456] CPNS
[05:18:48] [444/456] PVVW
[05:18:49] [445/456] USEB
[05:18:50] [446/456] DTYN
[05:18:52] [447/456] PVLE
[05:18:53] [448/456] CIPS
[05:18:53] 🔄 Identity reset
[05:18:53] 🔄 Identity rotated (every 10 requests)
[05:18:54] [449/456] PAEG
[05:18:56] [450/456] PTCW
[05:18:57] [451/456] G3SR
[05:18:58] [452/456] PGND
[05:18:59] [453/456] INVM
[05:19:01] [454/456] SPIA
[05:19:02] [455/456] PCSN
[05:19:04] [456/456] PPGV
[05:19:05] 🧹 Deduping shows
[05:19:05] ✅ DONE | Shows=1100 | Movies=26
