[10:13:55] 🚀 SCRIPT STARTED (enhanced anti‑detection)
[10:13:55] [1/326] BSAT
[10:13:55] 🧠 New identity created
[10:13:56] [2/326] RSSM
[10:13:57] [3/326] GCTA
[10:13:58] [4/326] TOPN
[10:13:59] [5/326] MCUS
[10:14:00] [6/326] SHRL
[10:14:01] [7/326] UPTP
[10:14:02] [8/326] TMMP
[10:14:03] [9/326] DNRP
[10:14:04] [10/326] SRLT
[10:14:04] 🔄 Identity reset
[10:14:04] 🔄 Identity rotated (every 10 requests)
[10:14:04] [11/326] RCNS
[10:14:06] [12/326] DCBH
[10:14:07] [13/326] NAGJ
[10:14:08] [14/326] JVRC
[10:14:08] [15/326] KRJG
[10:14:09] [16/326] SRTJ
[10:14:10] [17/326] CMXM
[10:14:11] [18/326] STMI
[10:14:12] [19/326] SLST
[10:14:13] [20/326] DTCN
[10:14:14] 🔄 Identity reset
[10:14:14] 🔄 Identity rotated (every 10 requests)
[10:14:14] [21/326] STYN
[10:14:15] [22/326] SZVR
[10:14:16] [23/326] SRKO
[10:14:17] [24/326] JTGT
[10:14:18] [25/326] SVFD
[10:14:19] [26/326] SISD
[10:14:19] [27/326] ABDD
[10:14:21] [28/326] DRCA
[10:14:22] [29/326] AVCS
[10:14:23] [30/326] MVKH
[10:14:23] 🔄 Identity reset
[10:14:23] 🔄 Identity rotated (every 10 requests)
[10:14:24] [31/326] ACPR
[10:14:25] [32/326] STIP
[10:14:25] [33/326] MTRA
[10:14:26] [34/326] RMKH
[10:14:27] [35/326] NKRL
[10:14:28] [36/326] PCWN
[10:14:29] [37/326] BLMT
[10:14:30] [38/326] GDPG
[10:14:31] [39/326] SRMX
[10:14:32] [40/326] JACP
[10:14:32] 🔄 Identity reset
[10:14:32] 🔄 Identity rotated (every 10 requests)
[10:14:33] [41/326] CPSH
[10:14:34] [42/326] MCCD
[10:14:34] [43/326] ECGH
[10:14:35] [44/326] MKCK
[10:14:36] [45/326] SRMM
[10:14:37] [46/326] SKYR
[10:14:38] [47/326] PCKC
[10:14:39] [48/326] JCMA
[10:14:40] [49/326] BSMP
[10:14:41] [50/326] VSPA
[10:14:41] 🔄 Identity reset
[10:14:41] 🔄 Identity rotated (every 10 requests)
[10:14:42] [51/326] DJYA
[10:14:43] [52/326] DIMP
[10:14:43] [53/326] FXDR
[10:14:44] [54/326] SSRC
[10:14:46] [55/326] STHP
[10:14:46] [56/326] CPPD
[10:14:47] [57/326] FCLK
[10:14:48] [58/326] SCPP
[10:14:49] [59/326] DCMJ
[10:14:50] [60/326] RCCR
[10:14:50] 🔄 Identity reset
[10:14:50] 🔄 Identity rotated (every 10 requests)
[10:14:51] [61/326] INMT
[10:14:52] [62/326] LXTK
[10:14:53] [63/326] SRYK
[10:14:55] [64/326] SGDK
[10:14:55] [65/326] PPKA
[10:14:56] [66/326] SPKA
[10:14:57] [67/326] CGHH
[10:14:58] [68/326] DCJN
[10:15:00] [69/326] SRKV
[10:15:00] [70/326] SAJC
[10:15:01] 🔄 Identity reset
[10:15:01] 🔄 Identity rotated (every 10 requests)
[10:15:01] [71/326] SUSR
[10:15:02] [72/326] STYG
[10:15:03] [73/326] NTKP
[10:15:04] [74/326] AKTG
[10:15:05] [75/326] CGCM
[10:15:05] [76/326] TULC
[10:15:06] [77/326] NYYZ
[10:15:07] [78/326] NYBW
[10:15:09] [79/326] MACB
[10:15:10] [80/326] SLVT
[10:15:10] 🔄 Identity reset
[10:15:10] 🔄 Identity rotated (every 10 requests)
[10:15:11] [81/326] SANA
[10:15:12] [82/326] ACMR
[10:15:13] [83/326] CPKN
[10:15:14] [84/326] DLGK
[10:15:15] [85/326] CWCK
[10:15:15] [86/326] FDDH
[10:15:16] [87/326] MMMD
[10:15:17] [88/326] CMEH
[10:15:18] [89/326] GGGV
[10:15:19] [90/326] SPJL
[10:15:19] 🔄 Identity reset
[10:15:19] 🔄 Identity rotated (every 10 requests)
[10:15:20] [91/326] RCCD
[10:15:21] [92/326] STTZ
[10:15:21] [93/326] BTCF
[10:15:22] [94/326] TSTZ
[10:15:23] [95/326] IPMM
[10:15:24] [96/326] PMPW
[10:15:24] [97/326] PCMZ
[10:15:25] [98/326] ESEM
[10:15:26] [99/326] PIPO
[10:15:27] [100/326] MATK
[10:15:28] 🔄 Identity reset
[10:15:28] 🔄 Identity rotated (every 10 requests)
[10:15:28] [101/326] PGHM
[10:15:30] [102/326] CTSR
[10:15:30] [103/326] CYKR
[10:15:31] [104/326] MSCM
[10:15:33] [105/326] RFNP
[10:15:34] [106/326] PDCP
[10:15:35] [107/326] NPSE
[10:15:36] [108/326] MKML
[10:15:36] [109/326] FTDP
[10:15:37] [110/326] MMXA
[10:15:38] 🔄 Identity reset
[10:15:38] 🔄 Identity rotated (every 10 requests)
[10:15:38] [111/326] CEPO
[10:15:39] [112/326] CMVP
[10:15:41] [113/326] SGTH
[10:15:42] [114/326] SAYN
[10:15:42] [115/326] URVS
[10:15:43] [116/326] VJTN
[10:15:44] [117/326] BBYK
[10:15:45] [118/326] SHBO
[10:15:46] [119/326] VCMR
[10:15:47] [120/326] MACT
[10:15:47] 🔄 Identity reset
[10:15:47] 🔄 Identity rotated (every 10 requests)
[10:15:47] [121/326] JMNP
[10:15:48] [122/326] VICS
[10:15:49] [123/326] VCDA
[10:15:50] [124/326] GCMM
[10:15:51] [125/326] INVS
[10:15:52] [126/326] SCGM
[10:15:52] [127/326] PCDA
[10:15:53] [128/326] KDCT
[10:15:54] [129/326] JACS
[10:15:55] [130/326] GMMC
[10:15:55] 🔄 Identity reset
[10:15:56] 🔄 Identity rotated (every 10 requests)
[10:15:56] [131/326] AICM
[10:15:57] [132/326] TJCM
[10:15:58] [133/326] RMTI
[10:15:58] [134/326] SHAC
[10:15:59] [135/326] APJC
[10:16:00] [136/326] GCTG
[10:16:01] [137/326] SSMC
[10:16:01] [138/326] THRM
[10:16:02] [139/326] RBCT
[10:16:03] [140/326] DIKT
[10:16:04] 🔄 Identity reset
[10:16:04] 🔄 Identity rotated (every 10 requests)
[10:16:04] 🔄 Retry 1/5 for DIKT in 2.7s
[10:16:04] 🔄 Identity reset
[10:16:07] 🧠 New identity created
[10:16:07] [141/326] MIDL
[10:16:08] [142/326] VCSN
[10:16:09] [143/326] SKTG
[10:16:10] [144/326] SMWC
[10:16:11] [145/326] MNKH
[10:16:12] [146/326] PIAT
[10:16:13] [147/326] LTTP
[10:16:13] [148/326] PTPU
[10:16:14] [149/326] ACMG
[10:16:15] 🔄 Identity reset
[10:16:15] 🔄 Identity rotated (every 10 requests)
[10:16:15] [150/326] SHMM
[10:16:16] [151/326] MCMN
[10:16:17] [152/326] GLDC
[10:16:18] [153/326] HOUT
[10:16:19] [154/326] SVRP
[10:16:20] [155/326] PVDN
[10:16:21] [156/326] SCPY
[10:16:21] [157/326] DTPY
[10:16:22] [158/326] GKCS
[10:16:23] [159/326] NCAM
[10:16:24] 🔄 Identity reset
[10:16:24] 🔄 Identity rotated (every 10 requests)
[10:16:24] [160/326] BSRM
[10:16:25] [161/326] RCLC
[10:16:26] [162/326] SKKD
[10:16:27] [163/326] ACHU
[10:16:27] [164/326] RSCF
[10:16:28] [165/326] IMSH
[10:16:29] [166/326] MACX
[10:16:30] [167/326] HMMW
[10:16:31] [168/326] JTCP
[10:16:32] [169/326] SREN
[10:16:32] 🔄 Identity reset
[10:16:32] 🔄 Identity rotated (every 10 requests)
[10:16:33] [170/326] PJRR
[10:16:34] [171/326] INAC
[10:16:35] [172/326] BMCA
[10:16:36] [173/326] SHCB
[10:16:37] [174/326] GABA
[10:16:38] [175/326] SBCT
[10:16:39] [176/326] GCMA
[10:16:39] [177/326] MYTK
[10:16:40] [178/326] INZS
[10:16:41] [179/326] RMIK
[10:16:42] 🔄 Identity reset
[10:16:42] 🔄 Identity rotated (every 10 requests)
[10:16:42] [180/326] NYCH
[10:16:43] [181/326] RAVE
[10:16:44] [182/326] PSXM
[10:16:45] [183/326] MCGP
[10:16:46] [184/326] PDDK
[10:16:47] [185/326] SPCK
[10:16:47] [186/326] MCRL
[10:16:48] [187/326] MHKT
[10:16:49] [188/326] ANRR
[10:16:50] [189/326] SAPK
[10:16:50] 🔄 Identity reset
[10:16:50] 🔄 Identity rotated (every 10 requests)
[10:16:51] [190/326] NCUK
[10:16:52] [191/326] JUGA
[10:16:53] [192/326] DBSC
[10:16:53] [193/326] LALK
[10:16:54] [194/326] GUCK
[10:16:55] [195/326] STSG
[10:16:56] [196/326] PPPZ
[10:16:57] [197/326] CNCY
[10:16:58] [198/326] MTAR
[10:16:59] [199/326] VNKD
[10:16:59] 🔄 Identity reset
[10:16:59] 🔄 Identity rotated (every 10 requests)
[10:17:00] [200/326] KMAJ
[10:17:00] [201/326] ACXK
[10:17:01] [202/326] UTKC
[10:17:03] [203/326] PBLK
[10:17:04] [204/326] ACBX
[10:17:05] [205/326] PTGM
[10:17:06] [206/326] BTDA
[10:17:06] [207/326] PJMB
[10:17:07] [208/326] TPDA
[10:17:08] [209/326] AMOE
[10:17:09] 🔄 Identity reset
[10:17:09] 🔄 Identity rotated (every 10 requests)
[10:17:09] 🔄 Retry 1/5 for AMOE in 2.2s
[10:17:09] 🔄 Identity reset
[10:17:11] 🧠 New identity created
[10:17:11] [210/326] PRHT
[10:17:12] [211/326] PRTA
[10:17:13] [212/326] STAM
[10:17:14] [213/326] MSAA
[10:17:15] [214/326] SDLU
[10:17:15] [215/326] RCHH
[10:17:17] [216/326] KANT
[10:17:18] [217/326] FCRT
[10:17:19] [218/326] DNKM
[10:17:19] 🔄 Identity reset
[10:17:19] 🔄 Identity rotated (every 10 requests)
[10:17:20] [219/326] RYCP
[10:17:21] [220/326] MYRP
[10:17:22] [221/326] PPAK
[10:17:23] [222/326] NVPK
[10:17:24] [223/326] PRMC
[10:17:25] [224/326] JBCS
[10:17:26] [225/326] GXCK
[10:17:27] [226/326] USKO
[10:17:28] [227/326] GTEM
[10:17:30] [228/326] SMBU
[10:17:30] 🔄 Identity reset
[10:17:30] 🔄 Identity rotated (every 10 requests)
[10:17:30] [229/326] VETC
[10:17:31] [230/326] LCDA
[10:17:32] [231/326] MTVT
[10:17:33] [232/326] PYCP
[10:17:34] [233/326] PNSC
[10:17:35] [234/326] PPCC
[10:17:36] [235/326] TGRT
[10:17:36] [236/326] JYOT
[10:17:38] [237/326] SRCZ
[10:17:39] [238/326] SJTE
[10:17:39] 🔄 Identity reset
[10:17:39] 🔄 Identity rotated (every 10 requests)
[10:17:40] [239/326] DESC
[10:17:40] [240/326] JHVN
[10:17:41] [241/326] IPSG
[10:17:42] [242/326] IPCM
[10:17:43] [243/326] PDRS
[10:17:44] [244/326] ANCV
[10:17:45] [245/326] CMVV
[10:17:46] [246/326] SHYP
[10:17:47] [247/326] DNCS
[10:17:48] [248/326] GAJK
[10:17:48] 🔄 Identity reset
[10:17:48] 🔄 Identity rotated (every 10 requests)
[10:17:49] [249/326] AKTN
[10:17:49] [250/326] KAYA
[10:17:50] [251/326] SBRC
[10:17:51] [252/326] CHTP
[10:17:52] [253/326] SHRT
[10:17:53] [254/326] BCKU
[10:17:54] [255/326] FCPS
[10:17:55] [256/326] ARDD
[10:17:56] [257/326] CPCM
[10:17:57] [258/326] CGSM
[10:17:57] 🔄 Identity reset
[10:17:57] 🔄 Identity rotated (every 10 requests)
[10:17:58] [259/326] PSMP
[10:17:58] [260/326] SDAL
[10:17:59] [261/326] RTNB
[10:18:00] [262/326] LMCR
[10:18:01] [263/326] CIMA
[10:18:02] [264/326] RNAS
[10:18:03] [265/326] LITH
[10:18:03] [266/326] PBOX
[10:18:04] [267/326] FRTS
[10:18:05] [268/326] RKIC
[10:18:05] 🔄 Identity reset
[10:18:05] 🔄 Identity rotated (every 10 requests)
[10:18:06] [269/326] PTAI
[10:18:07] [270/326] GCIC
[10:18:08] [271/326] FNAS
[10:18:09] [272/326] SCAR
[10:18:09] [273/326] MTCA
[10:18:10] [274/326] SCTS
[10:18:11] [275/326] SYCS
[10:18:13] [276/326] RDMS
[10:18:14] [277/326] KAMP
[10:18:15] [278/326] ERSD
[10:18:15] 🔄 Identity reset
[10:18:15] 🔄 Identity rotated (every 10 requests)
[10:18:16] [279/326] MJMJ
[10:18:17] [280/326] SRCJ
[10:18:17] [281/326] SCXE
[10:18:18] [282/326] SVFR
[10:18:19] [283/326] BHCS
[10:18:20] [284/326] IMCC
[10:18:21] [285/326] PCBO
[10:18:21] [286/326] PRVN
[10:18:22] [287/326] AUPM
[10:18:24] [288/326] INBW
[10:18:24] 🔄 Identity reset
[10:18:24] 🔄 Identity rotated (every 10 requests)
[10:18:25] [289/326] SVCW
[10:18:25] [290/326] RKCF
[10:18:26] [291/326] UVBH
[10:18:27] [292/326] DNCY
[10:18:28] [293/326] ABCN
[10:18:29] [294/326] PRUR
[10:18:30] [295/326] PFMR
[10:18:30] [296/326] RKCN
[10:18:31] [297/326] CFEA
[10:18:32] [298/326] SDBG
[10:18:33] 🔄 Identity reset
[10:18:33] 🔄 Identity rotated (every 10 requests)
[10:18:33] [299/326] SNAR
[10:18:34] [300/326] YISI
[10:18:35] [301/326] JCFF
[10:18:36] [302/326] VTRK
[10:18:37] [303/326] PCLZ
[10:18:37] [304/326] DIMY
[10:18:39] [305/326] BBTS
[10:18:41] [306/326] GATH
[10:18:41] [307/326] GTMN
[10:18:42] [308/326] VTMH
[10:18:43] 🔄 Identity reset
[10:18:43] 🔄 Identity rotated (every 10 requests)
[10:18:43] [309/326] CCKP
[10:18:44] [310/326] GPKA
[10:18:45] [311/326] MHCL
[10:18:46] [312/326] ATCL
[10:18:46] [313/326] SBCK
[10:18:47] [314/326] AMMR
[10:18:48] [315/326] MADC
[10:18:49] [316/326] TMMA
[10:18:50] [317/326] CACC
[10:18:50] [318/326] CHAL
[10:18:51] 🔄 Identity reset
[10:18:51] 🔄 Identity rotated (every 10 requests)
[10:18:51] [319/326] DURG
[10:18:52] [320/326] GMKU
[10:18:53] [321/326] GECA
[10:18:54] [322/326] KYRR
[10:18:55] [323/326] KSDE
[10:18:55] [324/326] LMCI
[10:18:57] [325/326] NKCP
[10:18:59] [326/326] BGTC
[10:18:59] 🧹 Deduping shows
[10:18:59] ✅ DONE | Shows=131 | Movies=17
