[10:16:56] 🚀 DISTRICT → BMS9 CONVERTER STARTED
[10:16:56] 📅 DATE_CODE: 20260927
[10:16:56] 📅 Date: 2026-09-27
[10:16:56] 🚫 Worker logic: DISABLED
[10:16:56] 🔑 Venue matching: ID ONLY
[10:16:56] 🚫 alldistrictvenues.json: NOT USED
[10:16:56] 🚫 Venue-name matching: NOT USED
[10:16:56] 📍 Selected venue records: 756
[10:16:56] 🎯 Selected venue IDs: 756
[10:16:56] 📡 Fetching Detailed JSON:
[10:16:56]    https://districtdata2026.pages.dev/advance/2026-09-27_Detailed.json
[10:16:56] ✅ Source loaded
[10:16:56]    Source date: 2026-09-27
[10:16:56]    Last updated: 10:14 AM, 22 September 2026
[10:16:56]    Movie keys: 16
[10:16:56] 🎬 Source movie keys: 16
[10:16:56] 🎟️ Selected-venue show rows: 394
[10:16:56] 🚫 Non-selected show rows ignored: 1139
[10:16:56] ℹ️ Non-selected venue IDs encountered: 329
[10:16:56]    ⏭️ Source venue ID not selected: 1020700
[10:16:56]    ⏭️ Source venue ID not selected: 133
[10:16:56]    ⏭️ Source venue ID not selected: 156
[10:16:56]    ⏭️ Source venue ID not selected: 1034377
[10:16:56]    ⏭️ Source venue ID not selected: 1023578
[10:16:56]    ⏭️ Source venue ID not selected: 1019919
[10:16:56]    ⏭️ Source venue ID not selected: 1022305
[10:16:56]    ⏭️ Source venue ID not selected: 1029567
[10:16:56]    ⏭️ Source venue ID not selected: 1001169
[10:16:56]    ⏭️ Source venue ID not selected: 1041056
[10:16:56]    ⏭️ Source venue ID not selected: 1019914
[10:16:56]    ⏭️ Source venue ID not selected: 1023579
[10:16:56]    ⏭️ Source venue ID not selected: 1022298
[10:16:56]    ⏭️ Source venue ID not selected: 1390
[10:16:56]    ⏭️ Source venue ID not selected: 1022302
[10:16:56]    ⏭️ Source venue ID not selected: 1028838
[10:16:56]    ⏭️ Source venue ID not selected: 1018527
[10:16:56]    ⏭️ Source venue ID not selected: 1018963
[10:16:56]    ⏭️ Source venue ID not selected: 1019973
[10:16:56]    ⏭️ Source venue ID not selected: 1013614
[10:16:56]    ... and 309 more
[10:16:56] 📦 Previous shows: 0
[10:16:56] 🆕 Fresh shows: 394
[10:16:56] 📦 Final shows: 394
[10:16:56] ✅ DONE | Shows=394 | Movies=11
[10:16:56] 📄 Detailed: advance/data/20260927/detailed9.json
[10:16:56] 📄 Summary: advance/data/20260927/movie_summary9.json
