[22:29:05] 🚀 SCRIPT STARTED (enhanced anti‑detection)
[22:29:05] [1/456] FNDB
[22:29:06] 🧠 New identity created
[22:29:06] [2/456] AMBH
[22:29:07] [3/456] PRHN
[22:29:08] [4/456] ACPM
[22:29:09] [5/456] PVFS
[22:29:10] [6/456] AACN
[22:29:10] [7/456] ACAS
[22:29:11] [8/456] CTNR
[22:29:12] [9/456] MMAH
[22:29:13] [10/456] CPMH
[22:29:13] 🔄 Identity reset
[22:29:14] 🔄 Identity rotated (every 10 requests)
[22:29:14] [11/456] IGMH
[22:29:15] [12/456] ABCS
[22:29:15] [13/456] CMMA
[22:29:16] [14/456] GPRH
[22:29:17] [15/456] PNNG
[22:29:18] [16/456] AMCA
[22:29:19] [17/456] ISTN
[22:29:19] [18/456] PIIC
[22:29:20] [19/456] AHMH
[22:29:22] [20/456] ASHN
[22:29:23] 🔄 Identity reset
[22:29:23] 🔄 Identity rotated (every 10 requests)
[22:29:23] [21/456] INHY
[22:29:24] [22/456] SRMO
[22:29:25] [23/456] PIMH
[22:29:26] [24/456] PVTS
[22:29:27] [25/456] MMCA
[22:29:28] [26/456] AKYJ
[22:29:29] [27/456] BRKH
[22:29:30] [28/456] MAHM
[22:29:31] [29/456] CPHY
[22:29:31] [30/456] PVTP
[22:29:32] 🔄 Identity reset
[22:29:32] 🔄 Identity rotated (every 10 requests)
[22:29:32] [31/456] SMMR
[22:29:33] [32/456] PVHM
[22:29:34] [33/456] SNDY
[22:29:35] [34/456] GOKU
[22:29:36] [35/456] ACEV
[22:29:37] [36/456] PVUM
[22:29:38] [37/456] VSWA
[22:29:39] [38/456] IPRS
[22:29:40] [39/456] BKMV
[22:29:41] [40/456] PVYH
[22:29:42] 🔄 Identity reset
[22:29:42] 🔄 Identity rotated (every 10 requests)
[22:29:42] [41/456] INKM
[22:29:43] [42/456] ARJU
[22:29:44] [43/456] JJPP
[22:29:45] [44/456] SSRM
[22:29:46] [45/456] HMHD
[22:29:47] [46/456] SNKH
[22:29:48] [47/456] ACHI
[22:29:48] [48/456] MRAA
[22:29:49] [49/456] INMH
[22:29:50] [50/456] ARMH
[22:29:51] 🔄 Identity reset
[22:29:51] 🔄 Identity rotated (every 10 requests)
[22:29:51] [51/456] DVRR
[22:29:52] [52/456] SUDA
[22:29:53] [53/456] MCSS
[22:29:54] [54/456] VRKC
[22:29:55] [55/456] PRCX
[22:29:56] [56/456] ASJY
[22:29:57] [57/456] MTHY
[22:29:58] [58/456] SRCM
[22:29:58] [59/456] TVHY
[22:29:59] [60/456] STHD
[22:30:00] 🔄 Identity reset
[22:30:00] 🔄 Identity rotated (every 10 requests)
[22:30:00] [61/456] CPCL
[22:30:01] [62/456] PSMJ
[22:30:02] [63/456] MRGT
[22:30:03] [64/456] ARYH
[22:30:04] [65/456] VTRB
[22:30:05] [66/456] SCHC
[22:30:06] [67/456] MRRG
[22:30:07] [68/456] SPCB
[22:30:08] [69/456] AMCM
[22:30:09] [70/456] IVNM
[22:30:10] 🔄 Identity reset
[22:30:10] 🔄 Identity rotated (every 10 requests)
[22:30:10] [71/456] TRHY
[22:30:11] [72/456] PTTH
[22:30:12] [73/456] RKMH
[22:30:13] [74/456] PRCS
[22:30:14] [75/456] VAJA
[22:30:14] [76/456] BJNG
[22:30:15] [77/456] SCVM
[22:30:16] [78/456] GNHB
[22:30:17] [79/456] TLUR
[22:30:18] [80/456] UKCC
[22:30:19] 🔄 Identity reset
[22:30:19] 🔄 Identity rotated (every 10 requests)
[22:30:19] [81/456] SRKR
[22:30:20] [82/456] RMKN
[22:30:22] [83/456] SLRT
[22:30:23] [84/456] LKMT
[22:30:23] [85/456] SSRJ
[22:30:24] [86/456] SPHT
[22:30:25] [87/456] ANTT
[22:30:26] [88/456] SRCH
[22:30:27] [89/456] SRCA
[22:30:27] [90/456] ARTH
[22:30:28] 🔄 Identity reset
[22:30:28] 🔄 Identity rotated (every 10 requests)
[22:30:28] [91/456] MCBH
[22:30:30] [92/456] SNIB
[22:30:31] [93/456] SART
[22:30:32] [94/456] SKTA
[22:30:33] [95/456] YAKT
[22:30:34] [96/456] MLCK
[22:30:35] [97/456] ANTS
[22:30:36] [98/456] DGCA
[22:30:37] [99/456] SGMP
[22:30:39] [100/456] ASWN
[22:30:40] 🔄 Identity reset
[22:30:40] 🔄 Identity rotated (every 10 requests)
[22:30:40] [101/456] KFVU
[22:30:41] [102/456] POOR
[22:30:42] [103/456] GKDN
[22:30:43] [104/456] EOSE
[22:30:44] [105/456] GTTT
[22:30:45] [106/456] ARRO
[22:30:45] [107/456] CMMK
[22:30:46] [108/456] MSCN
[22:30:47] [109/456] GDKH
[22:30:48] [110/456] DLMT
[22:30:49] 🔄 Identity reset
[22:30:49] 🔄 Identity rotated (every 10 requests)
[22:30:50] [111/456] PVMF
[22:30:51] [112/456] CPCK
[22:30:52] [113/456] VMHE
[22:30:52] [114/456] PVLC
[22:30:53] [115/456] PCVB
[22:30:54] [116/456] SNYK
[22:30:55] [117/456] KTEK
[22:30:56] [118/456] PCNM
[22:30:57] [119/456] NTTR
[22:30:58] [120/456] CPSK
[22:30:59] 🔄 Identity reset
[22:30:59] 🔄 Identity rotated (every 10 requests)
[22:30:59] [121/456] JMMA
[22:31:00] [122/456] GCFK
[22:31:01] [123/456] MYCA
[22:31:02] [124/456] KSNP
[22:31:03] [125/456] PMCE
[22:31:04] [126/456] SCKI
[22:31:05] [127/456] FSMA
[22:31:06] [128/456] CETA
[22:31:07] [129/456] MCIK
[22:31:08] [130/456] MYCR
[22:31:08] 🔄 Identity reset
[22:31:09] 🔄 Identity rotated (every 10 requests)
[22:31:09] [131/456] EVMP
[22:31:10] [132/456] SSGT
[22:31:10] [133/456] KCTK
[22:31:11] [134/456] ZTKC
[22:31:12] [135/456] MMTA
[22:31:13] [136/456] MAJT
[22:31:14] [137/456] ACPK
[22:31:15] [138/456] JMAX
[22:31:16] [139/456] SETK
[22:31:17] [140/456] CAIS
[22:31:17] 🔄 Identity reset
[22:31:17] 🔄 Identity rotated (every 10 requests)
[22:31:18] [141/456] AGCD
[22:31:18] [142/456] URCL
[22:31:19] [143/456] VTDS
[22:31:20] [144/456] JCNM
[22:31:21] [145/456] KCAM
[22:31:22] [146/456] ADCU
[22:31:23] [147/456] GXYN
[22:31:24] [148/456] SMJG
[22:31:26] [149/456] EYCJ
[22:31:26] [150/456] CCEJ
[22:31:27] 🔄 Identity reset
[22:31:27] 🔄 Identity rotated (every 10 requests)
[22:31:27] [151/456] MARS
[22:31:28] [152/456] CPVJ
[22:31:29] [153/456] INVP
[22:31:30] [154/456] CPOV
[22:31:31] [155/456] VIJK
[22:31:32] [156/456] LAIM
[22:31:32] [157/456] STHV
[22:31:33] [158/456] SVLJ
[22:31:34] [159/456] ATVJ
[22:31:35] [160/456] JTSC
[22:31:36] 🔄 Identity reset
[22:31:36] 🔄 Identity rotated (every 10 requests)
[22:31:36] [161/456] RMTV
[22:31:37] [162/456] MGGG
[22:31:38] [163/456] SWTH
[22:31:39] [164/456] INVJ
[22:31:40] [165/456] PRSV
[22:31:41] [166/456] JATV
[22:31:41] [167/456] RCVD
[22:31:42] [168/456] BDMA
[22:31:43] [169/456] BLJI
[22:31:44] [170/456] SWOT
[22:31:45] 🔄 Identity reset
[22:31:45] 🔄 Identity rotated (every 10 requests)
[22:31:45] [171/456] SWRN
[22:31:46] [172/456] TVRA
[22:31:47] [173/456] NVRN
[22:31:48] [174/456] SIKC
[22:31:49] [175/456] VAKR
[22:31:50] [176/456] SYLN
[22:31:51] [177/456] KLJL
[22:31:51] [178/456] LKMY
[22:31:52] [179/456] VSLY
[22:31:53] [180/456] CIKO
[22:31:54] 🔄 Identity reset
[22:31:54] 🔄 Identity rotated (every 10 requests)
[22:31:54] [181/456] GPBG
[22:31:55] [182/456] CECM
[22:31:56] [183/456] SLKB
[22:31:57] [184/456] MTBO
[22:31:58] [185/456] SSHB
[22:31:59] [186/456] VPCS
[22:32:00] [187/456] RCSR
[22:32:00] [188/456] RJRM
[22:32:01] [189/456] KPPB
[22:32:02] [190/456] SEDC
[22:32:03] 🔄 Identity reset
[22:32:03] 🔄 Identity rotated (every 10 requests)
[22:32:03] [191/456] SCAI
[22:32:04] [192/456] RMTR
[22:32:05] [193/456] ASST
[22:32:06] [194/456] GCAK
[22:32:07] [195/456] ANNK
[22:32:08] [196/456] KDDF
[22:32:09] [197/456] NRDP
[22:32:10] [198/456] PLAK
[22:32:10] [199/456] GCMC
[22:32:11] [200/456] ALPY
[22:32:12] 🔄 Identity reset
[22:32:12] 🔄 Identity rotated (every 10 requests)
[22:32:12] [201/456] SICE
[22:32:13] [202/456] SISR
[22:32:14] [203/456] SRPZ
[22:32:15] [204/456] SRSW
[22:32:16] [205/456] SUYA
[22:32:17] [206/456] AMMT
[22:32:18] [207/456] BHCU
[22:32:19] [208/456] KLPA
[22:32:20] [209/456] NVKH
[22:32:22] [210/456] JMRC
[22:32:22] 🔄 Identity reset
[22:32:22] 🔄 Identity rotated (every 10 requests)
[22:32:22] [211/456] KTTT
[22:32:23] [212/456] MAGH
[22:32:25] [213/456] MMMX
[22:32:26] [214/456] SALJ
[22:32:26] [215/456] GTJA
[22:32:27] [216/456] MAHT
[22:32:28] [217/456] SSNN
[22:32:29] [218/456] ARRP
[22:32:31] [219/456] ATNS
[22:32:32] [220/456] SKDT
[22:32:32] 🔄 Identity reset
[22:32:32] 🔄 Identity rotated (every 10 requests)
[22:32:33] [221/456] ACAT
[22:32:33] [222/456] APRC
[22:32:34] [223/456] SWAG
[22:32:35] [224/456] SDPT
[22:32:36] [225/456] STPS
[22:32:37] [226/456] WWCZ
[22:32:38] [227/456] LLCH
[22:32:39] [228/456] MZHA
[22:32:40] [229/456] CRJG
[22:32:41] [230/456] JGTK
[22:32:41] 🔄 Identity reset
[22:32:41] 🔄 Identity rotated (every 10 requests)
[22:32:42] [231/456] KCSR
[22:32:43] [232/456] CHTL
[22:32:43] [233/456] EDSR
[22:32:44] [234/456] CSWO
[22:32:45] [235/456] CPVM
[22:32:46] [236/456] MXBY
[22:32:47] [237/456] FMMA
[22:32:48] [238/456] POVI
[22:32:49] [239/456] MTHB
[22:32:50] [240/456] INRC
[22:32:50] 🔄 Identity reset
[22:32:50] 🔄 Identity rotated (every 10 requests)
[22:32:51] [241/456] PIPP
[22:32:52] [242/456] BMXC
[22:32:53] [243/456] PCMM
[22:32:53] [244/456] PMKM
[22:32:54] [245/456] GATY
[22:32:55] [246/456] IMCM
[22:32:56] [247/456] POPE
[22:32:57] [248/456] MTCR
[22:32:58] [249/456] PVAE
[22:32:59] [250/456] PVMI
[22:32:59] 🔄 Identity reset
[22:32:59] 🔄 Identity rotated (every 10 requests)
[22:33:00] [251/456] CPNM
[22:33:01] [252/456] FMRL
[22:33:01] [253/456] MCIW
[22:33:02] [254/456] MXBO
[22:33:03] [255/456] FMKY
[22:33:04] [256/456] FMDA
[22:33:05] [257/456] THAB
[22:33:06] [258/456] PRCW
[22:33:07] [259/456] PITI
[22:33:08] [260/456] MCFF
[22:33:08] 🔄 Identity reset
[22:33:08] 🔄 Identity rotated (every 10 requests)
[22:33:08] [261/456] PDDV
[22:33:09] [262/456] MCRM
[22:33:10] [263/456] KKMB
[22:33:11] [264/456] INKO
[22:33:12] [265/456] PLXP
[22:33:13] [266/456] MMHA
[22:33:14] [267/456] FMVS
[22:33:15] [268/456] POLM
[22:33:16] [269/456] STER
[22:33:17] [270/456] PVWJ
[22:33:18] 🔄 Identity reset
[22:33:18] 🔄 Identity rotated (every 10 requests)
[22:33:18] [271/456] IMJW
[22:33:19] [272/456] FNAN
[22:33:20] [273/456] CAGL
[22:33:21] [274/456] IPBG
[22:33:22] [275/456] SMFV
[22:33:23] [276/456] MMMR
[22:33:23] [277/456] MMWM
[22:33:24] [278/456] FNCM
[22:33:25] [279/456] MDVA
[22:33:26] [280/456] MMET
[22:33:27] 🔄 Identity reset
[22:33:27] 🔄 Identity rotated (every 10 requests)
[22:33:27] [281/456] MIDO
[22:33:28] [282/456] INNP
[22:33:29] [283/456] MIFU
[22:33:30] [284/456] MMSZ
[22:33:30] [285/456] BMXA
[22:33:31] [286/456] MCAA
[22:33:33] [287/456] SCVP
[22:33:34] [288/456] PLUS
[22:33:35] [289/456] MUCK
[22:33:36] [290/456] MTMA
[22:33:36] 🔄 Identity reset
[22:33:36] 🔄 Identity rotated (every 10 requests)
[22:33:36] [291/456] HPVR
[22:33:37] [292/456] PMPK
[22:33:38] [293/456] MAJB
[22:33:39] [294/456] CTRR
[22:33:40] [295/456] MCTG
[22:33:41] [296/456] MACE
[22:33:42] [297/456] AAAS
[22:33:43] [298/456] CPVV
[22:33:43] [299/456] RCHG
[22:33:44] [300/456] MCNE
[22:33:45] 🔄 Identity reset
[22:33:45] 🔄 Identity rotated (every 10 requests)
[22:33:45] [301/456] EMNC
[22:33:46] [302/456] MCAN
[22:33:47] [303/456] TCDM
[22:33:47] [304/456] IRGT
[22:33:48] [305/456] GCMG
[22:33:49] [306/456] MXSN
[22:33:50] [307/456] MXCK
[22:33:51] [308/456] MCRC
[22:33:52] [309/456] RSMI
[22:33:54] [310/456] WAML
[22:33:54] 🔄 Identity reset
[22:33:54] 🔄 Identity rotated (every 10 requests)
[22:33:55] [311/456] MTSC
[22:33:56] [312/456] FMDR
[22:33:56] [313/456] LEPV
[22:33:57] [314/456] MTGD
[22:33:58] [315/456] IMOB
[22:33:59] [316/456] CLMM
[22:34:00] [317/456] PZCD
[22:34:02] [318/456] GOCS
[22:34:02] [319/456] KCMA
[22:34:03] [320/456] CCMP
[22:34:04] 🔄 Identity reset
[22:34:04] 🔄 Identity rotated (every 10 requests)
[22:34:04] [321/456] MTSU
[22:34:05] [322/456] SNGL
[22:34:06] [323/456] MMMC
[22:34:07] [324/456] MMAA
[22:34:08] [325/456] GCDM
[22:34:09] [326/456] KTMV
[22:34:09] [327/456] AETE
[22:34:10] [328/456] OMCS
[22:34:11] [329/456] GDCD
[22:34:12] [330/456] NYMD
[22:34:13] 🔄 Identity reset
[22:34:13] 🔄 Identity rotated (every 10 requests)
[22:34:13] [331/456] RNCV
[22:34:14] [332/456] KKMT
[22:34:16] [333/456] GDTH
[22:34:16] [334/456] KMMV
[22:34:17] [335/456] NHCG
[22:34:18] [336/456] PJDW
[22:34:19] [337/456] MMCV
[22:34:20] [338/456] FQSA
[22:34:21] [339/456] KURL
[22:34:22] [340/456] NNNX
[22:34:22] 🔄 Identity reset
[22:34:22] 🔄 Identity rotated (every 10 requests)
[22:34:23] [341/456] AMAU
[22:34:24] [342/456] VVVM
[22:34:25] [343/456] VECU
[22:34:25] [344/456] WCVR
[22:34:26] [345/456] MTGG
[22:34:27] [346/456] SGTG
[22:34:28] [347/456] MNTG
[22:34:29] [348/456] JDDG
[22:34:30] [349/456] MBTK
[22:34:31] [350/456] SGCD
[22:34:32] 🔄 Identity reset
[22:34:32] 🔄 Identity rotated (every 10 requests)
[22:34:32] [351/456] MCTC
[22:34:33] [352/456] JTPC
[22:34:35] [353/456] SDKT
[22:34:36] [354/456] KRCC
[22:34:37] [355/456] RMMD
[22:34:38] [356/456] AAME
[22:34:39] [357/456] TMWC
[22:34:40] [358/456] NRWY
[22:34:41] [359/456] CITD
[22:34:42] [360/456] VERD
[22:34:42] 🔄 Identity reset
[22:34:42] 🔄 Identity rotated (every 10 requests)
[22:34:43] [361/456] MKSK
[22:34:44] [362/456] STSM
[22:34:45] [363/456] MJDG
[22:34:46] [364/456] RKPM
[22:34:47] [365/456] SSCE
[22:34:48] [366/456] VMAE
[22:34:49] [367/456] SBRU
[22:34:49] [368/456] AMBC
[22:34:50] [369/456] AMLU
[22:34:51] [370/456] INVZ
[22:34:52] 🔄 Identity reset
[22:34:52] 🔄 Identity rotated (every 10 requests)
[22:34:52] [371/456] LGTV
[22:34:54] [372/456] SVAD
[22:34:54] [373/456] SMSA
[22:34:55] [374/456] SPCZ
[22:34:56] [375/456] GTCX
[22:34:57] [376/456] SCSL
[22:34:58] [377/456] SAHU
[22:34:59] [378/456] NCDA
[22:35:00] [379/456] SCCG
[22:35:01] [380/456] VKTL
[22:35:01] 🔄 Identity reset
[22:35:01] 🔄 Identity rotated (every 10 requests)
[22:35:02] [381/456] PUUJ
[22:35:03] [382/456] STEJ
[22:35:04] [383/456] RJAL
[22:35:05] [384/456] ACJC
[22:35:06] [385/456] ARVB
[22:35:07] [386/456] AUBB
[22:35:08] [387/456] GDBR
[22:35:09] [388/456] PVND
[22:35:10] [389/456] BGRJ
[22:35:10] [390/456] RJMM
[22:35:11] 🔄 Identity reset
[22:35:11] 🔄 Identity rotated (every 10 requests)
[22:35:11] [391/456] MCSA
[22:35:12] [392/456] BODA
[22:35:13] [393/456] JAGG
[22:35:14] [394/456] SCGA
[22:35:15] [395/456] LRCM
[22:35:16] [396/456] CPCN
[22:35:17] [397/456] SSTF
[22:35:19] [398/456] SRXP
[22:35:19] [399/456] CNFX
[22:35:20] [400/456] ANDI
[22:35:21] 🔄 Identity reset
[22:35:21] 🔄 Identity rotated (every 10 requests)
[22:35:21] [401/456] SYEW
[22:35:22] [402/456] RCRE
[22:35:23] [403/456] SCRW
[22:35:24] [404/456] MBKR
[22:35:25] [405/456] ASNT
[22:35:26] [406/456] JTMT
[22:35:27] [407/456] SHAY
[22:35:28] [408/456] VRTH
[22:35:29] [409/456] SPTI
[22:35:29] [410/456] DPTD
[22:35:30] 🔄 Identity reset
[22:35:30] 🔄 Identity rotated (every 10 requests)
[22:35:31] [411/456] TGSN
[22:35:32] [412/456] RCWV
[22:35:33] [413/456] OCUR
[22:35:34] [414/456] KSTC
[22:35:35] [415/456] SANI
[22:35:36] [416/456] MLCA
[22:35:37] [417/456] EGCA
[22:35:37] [418/456] SYSN
[22:35:38] [419/456] PKTA
[22:35:39] [420/456] PRCC
[22:35:40] 🔄 Identity reset
[22:35:40] 🔄 Identity rotated (every 10 requests)
[22:35:41] [421/456] KSTR
[22:35:42] [422/456] SNTP
[22:35:42] [423/456] RCHA
[22:35:43] [424/456] SEEA
[22:35:45] [425/456] ALAT
[22:35:46] [426/456] AATV
[22:35:47] [427/456] RJTE
[22:35:48] [428/456] AAPP
[22:35:49] [429/456] PMMH
[22:35:50] [430/456] INRJ
[22:35:50] 🔄 Identity reset
[22:35:50] 🔄 Identity rotated (every 10 requests)
[22:35:51] [431/456] SARB
[22:35:51] [432/456] PCJL
[22:35:52] [433/456] PFJJ
[22:35:53] [434/456] GRDC
[22:35:54] [435/456] BCBA
[22:35:55] [436/456] VIXL
[22:35:56] [437/456] CSTL
[22:35:57] [438/456] MTDK
[22:35:58] [439/456] TDAC
[22:35:59] [440/456] GTDN
[22:35:59] 🔄 Identity reset
[22:35:59] 🔄 Identity rotated (every 10 requests)
[22:35:59] [441/456] TTDE
[22:36:00] [442/456] ASTS
[22:36:01] [443/456] CPNS
[22:36:02] [444/456] PVVW
[22:36:03] [445/456] USEB
[22:36:04] [446/456] DTYN
[22:36:05] [447/456] PVLE
[22:36:06] [448/456] CIPS
[22:36:07] [449/456] PAEG
[22:36:07] [450/456] PTCW
[22:36:08] 🔄 Identity reset
[22:36:08] 🔄 Identity rotated (every 10 requests)
[22:36:08] [451/456] G3SR
[22:36:09] [452/456] PGND
[22:36:10] [453/456] INVM
[22:36:11] [454/456] SPIA
[22:36:12] [455/456] PCSN
[22:36:13] [456/456] PPGV
[22:36:14] 🧹 Deduping shows
[22:36:14] ✅ DONE | Shows=612 | Movies=36
