[22:29:04] 🚀 SCRIPT STARTED (enhanced anti‑detection)
[22:29:04] [1/459] MCCZ
[22:29:05] 🧠 New identity created
[22:29:06] [2/459] FRPU
[22:29:07] [3/459] SKSI
[22:29:07] [4/459] SSCK
[22:29:09] [5/459] SRDC
[22:29:10] [6/459] RSCZ
[22:29:11] [7/459] PRVT
[22:29:12] [8/459] GAGJ
[22:29:13] [9/459] SMHG
[22:29:13] [10/459] JTST
[22:29:14] 🔄 Identity reset
[22:29:14] 🔄 Identity rotated (every 10 requests)
[22:29:14] [11/459] MYTH
[22:29:15] [12/459] JPCC
[22:29:16] [13/459] ACDC
[22:29:17] [14/459] SVFP
[22:29:18] [15/459] SFCM
[22:29:19] [16/459] RUPK
[22:29:19] [17/459] NTCR
[22:29:20] [18/459] RTCH
[22:29:21] [19/459] SCMH
[22:29:22] [20/459] SVYM
[22:29:22] 🔄 Identity reset
[22:29:22] 🔄 Identity rotated (every 10 requests)
[22:29:23] [21/459] SPYM
[22:29:24] [22/459] SMMF
[22:29:26] [23/459] CLLB
[22:29:27] [24/459] FMCB
[22:29:28] [25/459] BBTC
[22:29:29] [26/459] NTHS
[22:29:30] [27/459] PKKJ
[22:29:30] [28/459] MTJA
[22:29:31] [29/459] PMSJ
[22:29:32] [30/459] JMJU
[22:29:33] 🔄 Identity reset
[22:29:33] 🔄 Identity rotated (every 10 requests)
[22:29:33] [31/459] SRAD
[22:29:34] [32/459] MJMC
[22:29:35] [33/459] DFRM
[22:29:36] [34/459] PMRS
[22:29:37] [35/459] RKPP
[22:29:38] [36/459] BMBK
[22:29:39] [37/459] NEWS
[22:29:40] [38/459] SALB
[22:29:41] [39/459] SCPW
[22:29:42] [40/459] RAYL
[22:29:42] 🔄 Identity reset
[22:29:42] 🔄 Identity rotated (every 10 requests)
[22:29:43] [41/459] CMGJ
[22:29:44] [42/459] JRCR
[22:29:45] [43/459] SRTB
[22:29:46] [44/459] ETPB
[22:29:47] [45/459] MXBN
[22:29:48] [46/459] TOPE
[22:29:49] [47/459] SNLJ
[22:29:50] [48/459] CDDP
[22:29:50] [49/459] APCX
[22:29:52] [50/459] TALP
[22:29:52] 🔄 Identity reset
[22:29:52] 🔄 Identity rotated (every 10 requests)
[22:29:53] [51/459] RRMP
[22:29:54] [52/459] MAHB
[22:29:54] [53/459] MTKR
[22:29:55] [54/459] KSKL
[22:29:56] [55/459] RJLT
[22:29:57] [56/459] ATAS
[22:29:58] [57/459] AMHR
[22:29:59] [58/459] RSRM
[22:30:00] [59/459] GCAT
[22:30:01] [60/459] SMML
[22:30:01] 🔄 Identity reset
[22:30:01] 🔄 Identity rotated (every 10 requests)
[22:30:03] [61/459] ACCD
[22:30:03] [62/459] VYDA
[22:30:04] [63/459] MSKT
[22:30:05] [64/459] AVDM
[22:30:06] [65/459] ASMH
[22:30:07] [66/459] VTMB
[22:30:08] [67/459] WVMB
[22:30:09] [68/459] PPMN
[22:30:10] [69/459] MTMD
[22:30:11] [70/459] SMMO
[22:30:11] 🔄 Identity reset
[22:30:11] 🔄 Identity rotated (every 10 requests)
[22:30:12] [71/459] DLPB
[22:30:12] [72/459] AKMD
[22:30:13] [73/459] SHRR
[22:30:14] [74/459] ASCO
[22:30:15] [75/459] CZVX
[22:30:16] [76/459] GCBB
[22:30:17] [77/459] ATBM
[22:30:18] [78/459] TCGM
[22:30:18] [79/459] UMSE
[22:30:19] [80/459] NKCL
[22:30:20] 🔄 Identity reset
[22:30:20] 🔄 Identity rotated (every 10 requests)
[22:30:21] [81/459] BTLR
[22:30:21] [82/459] GOCL
[22:30:22] [83/459] MIRN
[22:30:23] [84/459] THEC
[22:30:24] [85/459] SPPB
[22:30:25] [86/459] PMMM
[22:30:26] [87/459] GGMC
[22:30:27] [88/459] AVSR
[22:30:28] [89/459] RDMH
[22:30:30] [90/459] JSRS
[22:30:30] 🔄 Identity reset
[22:30:30] 🔄 Identity rotated (every 10 requests)
[22:30:31] [91/459] VKGP
[22:30:32] [92/459] ACRT
[22:30:33] [93/459] GCBA
[22:30:34] [94/459] GTCP
[22:30:36] [95/459] AKFC
[22:30:37] [96/459] INCS
[22:30:38] [97/459] SMCK
[22:30:39] [98/459] BRUN
[22:30:40] [99/459] RPPC
[22:30:41] [100/459] PAYD
[22:30:42] 🔄 Identity reset
[22:30:42] 🔄 Identity rotated (every 10 requests)
[22:30:43] [101/459] SVVT
[22:30:44] [102/459] RNCC
[22:30:45] [103/459] PCRC
[22:30:46] [104/459] PMRM
[22:30:46] [105/459] CCRP
[22:30:54] [106/459] INCR
[22:30:54] [107/459] ZTMP
[22:30:55] [108/459] MCNR
[22:30:56] [109/459] INRP
[22:30:57] [110/459] STRC
[22:30:57] 🔄 Identity reset
[22:30:57] 🔄 Identity rotated (every 10 requests)
[22:30:58] [111/459] RATI
[22:30:59] [112/459] PBTR
[22:31:00] [113/459] CMHP
[22:31:01] [114/459] ZECJ
[22:31:02] [115/459] CCCB
[22:31:03] [116/459] BWCB
[22:31:04] [117/459] CCAT
[22:31:05] [118/459] KGCM
[22:31:06] [119/459] INPT
[22:31:07] [120/459] FNCO
[22:31:08] 🔄 Identity reset
[22:31:08] 🔄 Identity rotated (every 10 requests)
[22:31:08] [121/459] SRMJ
[22:31:09] [122/459] PFSC
[22:31:10] [123/459] PBMC
[22:31:11] [124/459] KARP
[22:31:12] [125/459] KOVI
[22:31:14] [126/459] ACXL
[22:31:15] [127/459] GKCC
[22:31:15] [128/459] ASCC
[22:31:16] [129/459] SETC
[22:31:17] [130/459] KACC
[22:31:18] 🔄 Identity reset
[22:31:18] 🔄 Identity rotated (every 10 requests)
[22:31:18] [131/459] KAVE
[22:31:19] [132/459] CNTC
[22:31:20] [133/459] MEEN
[22:31:21] [134/459] BMRV
[22:31:22] [135/459] SVAM
[22:31:22] [136/459] VTBP
[22:31:23] [137/459] VCKN
[22:31:24] [138/459] SGTK
[22:31:25] [139/459] RCGS
[22:31:26] [140/459] RCCB
[22:31:27] 🔄 Identity reset
[22:31:27] 🔄 Identity rotated (every 10 requests)
[22:31:27] [141/459] RKSR
[22:31:28] [142/459] RKCU
[22:31:29] [143/459] GIBH
[22:31:30] [144/459] CXBS
[22:31:31] [145/459] GGCB
[22:31:32] [146/459] SCPB
[22:31:33] [147/459] AKTB
[22:31:33] [148/459] SRBU
[22:31:35] [149/459] CSSA
[22:31:35] [150/459] MYAN
[22:31:36] 🔄 Identity reset
[22:31:36] 🔄 Identity rotated (every 10 requests)
[22:31:37] [151/459] EXCA
[22:31:38] [152/459] CKSA
[22:31:39] [153/459] JTNM
[22:31:40] [154/459] CXKT
[22:31:41] [155/459] NCLM
[22:31:41] [156/459] JAAD
[22:31:43] [157/459] RDCR
[22:31:43] [158/459] MEER
[22:31:44] [159/459] SIBT
[22:31:45] [160/459] PVVB
[22:31:46] 🔄 Identity reset
[22:31:46] 🔄 Identity rotated (every 10 requests)
[22:31:46] [161/459] FNPN
[22:31:47] [162/459] CRPX
[22:31:48] [163/459] STET
[22:31:49] [164/459] METE
[22:31:50] [165/459] BJML
[22:31:51] [166/459] MAVT
[22:31:52] [167/459] MSRM
[22:31:53] [168/459] TJMP
[22:31:54] [169/459] MHCK
[22:31:55] [170/459] SVGP
[22:31:55] 🔄 Identity reset
[22:31:55] 🔄 Identity rotated (every 10 requests)
[22:31:56] [171/459] KRRC
[22:31:56] [172/459] IMCH
[22:31:57] [173/459] CMCS
[22:31:58] [174/459] SGND
[22:31:59] [175/459] RNAT
[22:32:00] [176/459] PRTN
[22:32:01] [177/459] MPTN
[22:32:03] [178/459] ARCC
[22:32:03] [179/459] NTTE
[22:32:04] [180/459] ABND
[22:32:05] 🔄 Identity reset
[22:32:05] 🔄 Identity rotated (every 10 requests)
[22:32:05] [181/459] KCSN
[22:32:07] [182/459] KCSA
[22:32:08] [183/459] DCKT
[22:32:08] [184/459] MBBR
[22:32:09] [185/459] RAMU
[22:32:10] [186/459] RACW
[22:32:12] [187/459] MCHP
[22:32:13] [188/459] TMHM
[22:32:13] [189/459] STXH
[22:32:14] [190/459] AGSG
[22:32:15] 🔄 Identity reset
[22:32:15] 🔄 Identity rotated (every 10 requests)
[22:32:15] [191/459] SIRA
[22:32:16] [192/459] RCAN
[22:32:17] [193/459] CWTB
[22:32:17] [194/459] VTYM
[22:32:18] [195/459] RRPP
[22:32:19] [196/459] ASMR
[22:32:20] [197/459] RONO
[22:32:21] [198/459] MEMR
[22:32:22] [199/459] CTMR
[22:32:22] [200/459] PMTT
[22:32:23] 🔄 Identity reset
[22:32:23] 🔄 Identity rotated (every 10 requests)
[22:32:24] [201/459] PSLX
[22:32:24] [202/459] IPPL
[22:32:25] [203/459] MMSG
[22:32:26] [204/459] INEL
[22:32:27] [205/459] COAC
[22:32:28] [206/459] WVLK
[22:32:29] [207/459] PPXL
[22:32:30] [208/459] PSML
[22:32:31] [209/459] FNLK
[22:32:32] [210/459] ILUM
[22:32:33] 🔄 Identity reset
[22:32:33] 🔄 Identity rotated (every 10 requests)
[22:32:33] [211/459] ILCM
[22:32:35] [212/459] MSNL
[22:32:36] [213/459] VINB
[22:32:36] [214/459] SALW
[22:32:37] [215/459] PRTB
[22:32:38] [216/459] NCIL
[22:32:39] [217/459] PSUL
[22:32:40] [218/459] SCLK
[22:32:41] [219/459] ADDC
[22:32:42] [220/459] OACL
[22:32:42] 🔄 Identity reset
[22:32:42] 🔄 Identity rotated (every 10 requests)
[22:32:43] [221/459] OOCF
[22:32:44] [222/459] GPMF
[22:32:45] [223/459] SSDG
[22:32:45] [224/459] SKRS
[22:32:46] [225/459] NTTP
[22:32:47] [226/459] SLTP
[22:32:49] [227/459] JTLC
[22:32:51] [228/459] POON
[22:32:52] [229/459] CCPC
[22:32:53] [230/459] DCKC
[22:32:53] 🔄 Identity reset
[22:32:53] 🔄 Identity rotated (every 10 requests)
[22:32:54] [231/459] CPRT
[22:32:54] [232/459] EYHZ
[22:32:55] [233/459] ARBL
[22:32:56] [234/459] SBTB
[22:32:57] [235/459] MMCK
[22:32:58] [236/459] PLMR
[22:32:59] [237/459] BIJH
[22:33:00] [238/459] SDRT
[22:33:00] [239/459] PRDC
[22:33:01] [240/459] OMJA
[22:33:02] 🔄 Identity reset
[22:33:02] 🔄 Identity rotated (every 10 requests)
[22:33:02] [241/459] VKCR
[22:33:03] [242/459] ATRT
[22:33:05] [243/459] WVRP
[22:33:05] [244/459] MVRP
[22:33:06] [245/459] FCAX
[22:33:07] [246/459] CTLC
[22:33:09] [247/459] JCHB
[22:33:10] [248/459] SELP
[22:33:10] [249/459] VCPG
[22:33:12] [250/459] ASCX
[22:33:13] 🔄 Identity reset
[22:33:13] 🔄 Identity rotated (every 10 requests)
[22:33:13] [251/459] EOCS
[22:33:14] [252/459] RCPH
[22:33:14] [253/459] RJTM
[22:33:15] [254/459] SGMD
[22:33:16] [255/459] SVJT
[22:33:17] [256/459] SPPO
[22:33:18] [257/459] MNRL
[22:33:19] [258/459] KNOX
[22:33:20] [259/459] GIER
[22:33:21] [260/459] PJMS
[22:33:21] 🔄 Identity reset
[22:33:21] 🔄 Identity rotated (every 10 requests)
[22:33:21] [261/459] UNSP
[22:33:22] [262/459] JETP
[22:33:23] [263/459] VTWA
[22:33:24] [264/459] SCJI
[22:33:26] [265/459] CBZZ
[22:33:26] [266/459] SDCJ
[22:33:27] [267/459] RRCC
[22:33:29] [268/459] VNKG
[22:33:30] [269/459] LKTO
[22:33:31] [270/459] PJRM
[22:33:32] 🔄 Identity reset
[22:33:32] 🔄 Identity rotated (every 10 requests)
[22:33:32] [271/459] NVRM
[22:33:33] [272/459] SJCS
[22:33:34] [273/459] VIGK
[22:33:35] [274/459] ANST
[22:33:35] [275/459] JTTS
[22:33:36] [276/459] NTST
[22:33:37] [277/459] PREB
[22:33:38] [278/459] TSCZ
[22:33:39] [279/459] CDCM
[22:33:40] [280/459] ELYE
[22:33:41] 🔄 Identity reset
[22:33:41] 🔄 Identity rotated (every 10 requests)
[22:33:41] [281/459] INBS
[22:33:42] [282/459] SMGC
[22:33:43] [283/459] UTMP
[22:33:44] [284/459] INTA
[22:33:45] [285/459] OMPT
[22:33:46] [286/459] SCIR
[22:33:47] [287/459] GCKJ
[22:33:48] [288/459] INOG
[22:33:49] [289/459] SMGB
[22:33:50] [290/459] MCSG
[22:33:50] 🔄 Identity reset
[22:33:50] 🔄 Identity rotated (every 10 requests)
[22:33:51] [291/459] STKG
[22:33:52] [292/459] TTKG
[22:33:53] [293/459] SRTR
[22:33:54] [294/459] ETTR
[22:33:54] [295/459] GGGZ
[22:33:55] [296/459] IPGM
[22:33:56] [297/459] FCDH
[22:33:57] [298/459] DESB
[22:33:58] [299/459] VNTP
[22:33:58] [300/459] ANNT
[22:33:59] 🔄 Identity reset
[22:33:59] 🔄 Identity rotated (every 10 requests)
[22:34:00] [301/459] SLTI
[22:34:00] [302/459] MAJU
[22:34:01] [303/459] JCXP
[22:34:02] [304/459] HARK
[22:34:03] [305/459] JPCJ
[22:34:05] [306/459] RXBD
[22:34:06] [307/459] PTKJ
[22:34:07] [308/459] CMTU
[22:34:08] [309/459] SWOR
[22:34:09] [310/459] JMEX
[22:34:10] 🔄 Identity reset
[22:34:10] 🔄 Identity rotated (every 10 requests)
[22:34:10] [311/459] DTPT
[22:34:11] [312/459] VGMM
[22:34:12] [313/459] VCSG
[22:34:14] [314/459] CVCG
[22:34:14] [315/459] TNTT
[22:34:16] [316/459] SHRM
[22:34:16] [317/459] CGKD
[22:34:18] [318/459] EKCM
[22:34:19] [319/459] SDCX
[22:34:20] [320/459] SBTE
[22:34:20] 🔄 Identity reset
[22:34:20] 🔄 Identity rotated (every 10 requests)
[22:34:21] [321/459] STKJ
[22:34:21] [322/459] TPCE
[22:34:22] [323/459] JTNP
[22:34:23] [324/459] LPCH
[22:34:24] [325/459] CPUO
[22:34:25] [326/459] APSU
[22:34:26] [327/459] RTHC
[22:34:27] [328/459] PTBU
[22:34:28] [329/459] CUCC
[22:34:29] [330/459] CPSA
[22:34:29] 🔄 Identity reset
[22:34:29] 🔄 Identity rotated (every 10 requests)
[22:34:30] [331/459] SUAY
[22:34:31] [332/459] AYAA
[22:34:31] [333/459] MUCH
[22:34:32] [334/459] PCIN
[22:34:33] [335/459] JRRM
[22:34:34] [336/459] KATS
[22:34:35] [337/459] MHFF
[22:34:35] [338/459] ESYM
[22:34:36] [339/459] STYV
[22:34:37] [340/459] SDKG
[22:34:38] 🔄 Identity reset
[22:34:38] 🔄 Identity rotated (every 10 requests)
[22:34:38] [341/459] SMTI
[22:34:39] [342/459] NYCS
[22:34:40] [343/459] MTBG
[22:34:41] [344/459] RHCA
[22:34:42] [345/459] PCKH
[22:34:43] [346/459] ARCR
[22:34:44] [347/459] NCMB
[22:34:44] [348/459] SHYC
[22:34:45] [349/459] LACK
[22:34:46] [350/459] MTCM
[22:34:47] 🔄 Identity reset
[22:34:47] 🔄 Identity rotated (every 10 requests)
[22:34:47] [351/459] RRBN
[22:34:48] [352/459] MYDC
[22:34:49] [353/459] STCS
[22:34:50] [354/459] CONN
[22:34:50] [355/459] SIPS
[22:34:52] [356/459] SMMX
[22:34:52] [357/459] SCBY
[22:34:53] [358/459] SUAP
[22:34:54] [359/459] RSMK
[22:34:55] [360/459] STKP
[22:34:56] 🔄 Identity reset
[22:34:56] 🔄 Identity rotated (every 10 requests)
[22:34:56] [361/459] CIPC
[22:34:57] [362/459] KKCI
[22:34:58] [363/459] CTNK
[22:34:58] [364/459] MMTZ
[22:34:59] [365/459] DCCO
[22:35:00] [366/459] VNMN
[22:35:01] [367/459] RLCN
[22:35:02] [368/459] CMMS
[22:35:03] [369/459] AYOU
[22:35:04] [370/459] SSCN
[22:35:05] 🔄 Identity reset
[22:35:05] 🔄 Identity rotated (every 10 requests)
[22:35:05] [371/459] SMXN
[22:35:06] [372/459] ASSK
[22:35:07] [373/459] VCKM
[22:35:08] [374/459] PCPH
[22:35:09] [375/459] PADM
[22:35:10] [376/459] IESA
[22:35:11] [377/459] VCSP
[22:35:12] [378/459] AEST
[22:35:13] [379/459] VTNR
[22:35:14] [380/459] GTTA
[22:35:14] 🔄 Identity reset
[22:35:14] 🔄 Identity rotated (every 10 requests)
[22:35:15] [381/459] CMMM
[22:35:16] [382/459] AHKT
[22:35:17] [383/459] SIJI
[22:35:17] [384/459] VCEI
[22:35:18] [385/459] SAKR
[22:35:19] [386/459] VSMT
[22:35:20] [387/459] SSCT
[22:35:21] [388/459] USTR
[22:35:22] [389/459] MTKT
[22:35:23] [390/459] TGMP
[22:35:24] 🔄 Identity reset
[22:35:24] 🔄 Identity rotated (every 10 requests)
[22:35:24] [391/459] SIVC
[22:35:25] [392/459] KICT
[22:35:26] [393/459] DAMD
[22:35:27] [394/459] CNPT
[22:35:28] [395/459] RVTT
[22:35:29] [396/459] SNCM
[22:35:29] [397/459] GHTE
[22:35:30] [398/459] PPAM
[22:35:31] [399/459] PVAA
[22:35:32] [400/459] CPAO
[22:35:32] 🔄 Identity reset
[22:35:32] 🔄 Identity rotated (every 10 requests)
[22:35:33] [401/459] HAMD
[22:35:33] [402/459] RCCA
[22:35:34] [403/459] MPCH
[22:35:35] [404/459] ARED
[22:35:36] [405/459] RRCV
[22:35:37] [406/459] MTRB
[22:35:38] [407/459] CKUA
[22:35:39] [408/459] ABMP
[22:35:40] [409/459] RCWA
[22:35:41] [410/459] CGAR
[22:35:41] 🔄 Identity reset
[22:35:41] 🔄 Identity rotated (every 10 requests)
[22:35:41] [411/459] METH
[22:35:43] [412/459] WAGA
[22:35:44] [413/459] MCMA
[22:35:45] [414/459] CSMP
[22:35:46] [415/459] RCNK
[22:35:46] [416/459] PSTM
[22:35:47] [417/459] CSEP
[22:35:48] [418/459] AMGD
[22:35:49] [419/459] CSTE
[22:35:50] [420/459] CONS
[22:35:50] 🔄 Identity reset
[22:35:50] 🔄 Identity rotated (every 10 requests)
[22:35:51] [421/459] APPX
[22:35:52] [422/459] MABC
[22:35:52] [423/459] CXST
[22:35:57] [424/459] MATN
[22:35:57] [425/459] MACZ
[22:35:58] [426/459] MASA
[22:35:59] [427/459] MBSX
[22:36:00] [428/459] CSST
[22:36:01] [429/459] APCL
[22:36:02] [430/459] CGOS
[22:36:03] 🔄 Identity reset
[22:36:03] 🔄 Identity rotated (every 10 requests)
[22:36:03] [431/459] CPEC
[22:36:05] [432/459] MCCP
[22:36:05] [433/459] BSSO
[22:36:06] [434/459] SJKA
[22:36:08] [435/459] CGBO
[22:36:08] [436/459] MVSK
[22:36:09] [437/459] HVCA
[22:36:10] [438/459] NAMD
[22:36:11] [439/459] DEVI
[22:36:12] [440/459] SCSV
[22:36:12] 🔄 Identity reset
[22:36:12] 🔄 Identity rotated (every 10 requests)
[22:36:13] [441/459] PSMA
[22:36:14] [442/459] CLDJ
[22:36:14] [443/459] NMAD
[22:36:15] [444/459] CGMO
[22:36:16] [445/459] MCNA
[22:36:17] [446/459] OCBN
[22:36:18] [447/459] CPEM
[22:36:20] [448/459] CPSM
[22:36:20] [449/459] RCAD
[22:36:21] [450/459] CPMU
[22:36:22] 🔄 Identity reset
[22:36:22] 🔄 Identity rotated (every 10 requests)
[22:36:22] [451/459] DICD
[22:36:24] [452/459] CHOE
[22:36:25] [453/459] PDJM
[22:36:26] [454/459] SSTU
[22:36:27] [455/459] VNRN
[22:36:29] [456/459] PVLG
[22:36:30] [457/459] SWBL
[22:36:31] [458/459] SCAB
[22:36:32] [459/459] RDDA
[22:36:33] 🧹 Deduping shows
[22:36:33] ✅ DONE | Shows=711 | Movies=42
