[17:50:15] 🚀 SCRIPT STARTED (enhanced anti‑detection)
[17:50:15] [1/326] VCHA
[17:50:16] 🧠 New identity created
[17:50:16] [2/326] SCKO
[17:50:17] [3/326] VKTK
[17:50:18] [4/326] DXEC
[17:50:19] [5/326] CDCA
[17:50:19] [6/326] VBCZ
[17:50:20] [7/326] MSDR
[17:50:21] [8/326] ACPV
[17:50:22] [9/326] PVHB
[17:50:23] [10/326] RCNH
[17:50:24] 🔄 Identity reset
[17:50:24] 🔄 Identity rotated (every 10 requests)
[17:50:24] [11/326] IOMH
[17:50:25] [12/326] ILKS
[17:50:26] [13/326] AMSN
[17:50:27] [14/326] ANTP
[17:50:28] [15/326] SSEK
[17:50:29] [16/326] PICP
[17:50:30] [17/326] SICO
[17:50:31] [18/326] SISP
[17:50:31] [19/326] SCPI
[17:50:33] [20/326] CRPR
[17:50:33] 🔄 Identity reset
[17:50:33] 🔄 Identity rotated (every 10 requests)
[17:50:34] [21/326] DCTW
[17:50:35] [22/326] DCSP
[17:50:36] [23/326] KRPM
[17:50:37] [24/326] THKK
[17:50:38] [25/326] SNMY
[17:50:38] [26/326] AKCC
[17:50:39] [27/326] PCAT
[17:50:40] [28/326] RFGO
[17:50:41] [29/326] GGCS
[17:50:42] [30/326] ACKR
[17:50:43] 🔄 Identity reset
[17:50:43] 🔄 Identity rotated (every 10 requests)
[17:50:43] [31/326] STDO
[17:50:44] [32/326] ACKB
[17:50:45] [33/326] ALUC
[17:50:45] [34/326] MNSR
[17:50:46] [35/326] CSSL
[17:50:47] [36/326] BGGM
[17:50:48] [37/326] MANT
[17:50:49] [38/326] SOOY
[17:50:50] [39/326] VPPK
[17:50:50] [40/326] MYHJ
[17:50:51] 🔄 Identity reset
[17:50:51] 🔄 Identity rotated (every 10 requests)
[17:50:51] [41/326] KSCK
[17:50:52] [42/326] KATK
[17:50:53] [43/326] RTRT
[17:50:54] [44/326] SSTT
[17:50:55] [45/326] SSTV
[17:50:56] [46/326] LACM
[17:50:57] [47/326] SGMG
[17:50:58] [48/326] KACX
[17:50:59] [49/326] GVCP
[17:51:01] [50/326] CSNC
[17:51:01] 🔄 Identity reset
[17:51:01] 🔄 Identity rotated (every 10 requests)
[17:51:02] [51/326] SXCB
[17:51:03] [52/326] BAHS
[17:51:04] [53/326] PCBI
[17:51:05] [54/326] PSSM
[17:51:06] [55/326] RCOK
[17:51:07] [56/326] SCPF
[17:51:08] [57/326] SSAS
[17:51:08] [58/326] EVMM
[17:51:09] [59/326] SYCB
[17:51:10] [60/326] GCKI
[17:51:11] 🔄 Identity reset
[17:51:11] 🔄 Identity rotated (every 10 requests)
[17:51:11] [61/326] IAET
[17:51:12] [62/326] DDTD
[17:51:13] [63/326] GMDH
[17:51:14] [64/326] STLE
[17:51:14] [65/326] JTRA
[17:51:15] [66/326] RPPA
[17:51:16] [67/326] ARUT
[17:51:17] [68/326] JTVM
[17:51:18] [69/326] SWRH
[17:51:19] [70/326] DCPC
[17:51:20] 🔄 Identity reset
[17:51:20] 🔄 Identity rotated (every 10 requests)
[17:51:20] [71/326] RAPR
[17:51:21] [72/326] GCRT
[17:51:22] [73/326] ATUN
[17:51:23] [74/326] LTRM
[17:51:24] [75/326] TASR
[17:51:25] [76/326] RLLC
[17:51:26] [77/326] MABI
[17:51:27] [78/326] SVHB
[17:51:28] [79/326] NVTB
[17:51:29] [80/326] KCKG
[17:51:29] 🔄 Identity reset
[17:51:29] 🔄 Identity rotated (every 10 requests)
[17:51:30] [81/326] SSRN
[17:51:31] [82/326] VDDC
[17:51:31] [83/326] GKTK
[17:51:32] [84/326] YFSN
[17:51:34] [85/326] GCSG
[17:51:34] [86/326] ESSM
[17:51:35] [87/326] KRIH
[17:51:37] [88/326] GCDS
[17:51:38] [89/326] CCSH
[17:51:39] [90/326] ACSK
[17:51:40] 🔄 Identity reset
[17:51:40] 🔄 Identity rotated (every 10 requests)
[17:51:40] [91/326] APRK
[17:51:41] [92/326] ADKM
[17:51:42] [93/326] SRDM
[17:51:43] [94/326] SJMY
[17:51:44] [95/326] PGGC
[17:51:45] [96/326] INGM
[17:51:46] [97/326] LSCB
[17:51:47] [98/326] STAD
[17:51:49] [99/326] MCCR
[17:51:50] [100/326] ABCC
[17:51:50] 🔄 Identity reset
[17:51:50] 🔄 Identity rotated (every 10 requests)
[17:51:50] [101/326] RKCC
[17:51:51] [102/326] RTCR
[17:51:52] [103/326] GGBC
[17:51:53] [104/326] GCSD
[17:51:54] [105/326] LPTY
[17:51:54] [106/326] MCFD
[17:51:55] [107/326] HENN
[17:51:56] [108/326] SMKU
[17:51:57] [109/326] TNZC
[17:51:58] [110/326] DRCD
[17:51:59] 🔄 Identity reset
[17:51:59] 🔄 Identity rotated (every 10 requests)
[17:51:59] [111/326] DLCD
[17:52:00] [112/326] RCDA
[17:52:01] [113/326] COSM
[17:52:02] [114/326] MCMJ
[17:52:03] [115/326] CSTR
[17:52:03] [116/326] CVDK
[17:52:04] [117/326] INRR
[17:52:05] [118/326] RJRT
[17:52:06] [119/326] IRMR
[17:52:07] [120/326] SRCF
[17:52:08] 🔄 Identity reset
[17:52:08] 🔄 Identity rotated (every 10 requests)
[17:52:09] [121/326] GRCR
[17:52:10] [122/326] SURC
[17:52:12] [123/326] NMNH
[17:52:13] [124/326] SVBL
[17:52:15] [125/326] KACI
[17:52:16] [126/326] TDGO
[17:52:17] [127/326] KTBR
[17:52:18] [128/326] PMAD
[17:52:19] [129/326] CCPN
[17:52:21] [130/326] SBTK
[17:52:21] 🔄 Identity reset
[17:52:21] 🔄 Identity rotated (every 10 requests)
[17:52:22] [131/326] LMDK
[17:52:22] [132/326] PGDA
[17:52:23] [133/326] SRML
[17:52:24] [134/326] EVCK
[17:52:25] [135/326] RTTK
[17:52:26] [136/326] SRTU
[17:52:27] [137/326] VRSA
[17:52:28] [138/326] VARS
[17:52:29] [139/326] DSCZ
[17:52:30] [140/326] GAGA
[17:52:30] 🔄 Identity reset
[17:52:30] 🔄 Identity rotated (every 10 requests)
[17:52:31] [141/326] SARV
[17:52:32] [142/326] SEEG
[17:52:34] [143/326] GLCA
[17:52:35] [144/326] APAS
[17:52:36] [145/326] VCIA
[17:52:37] [146/326] SJTA
[17:52:38] [147/326] SABM
[17:52:39] [148/326] PPAG
[17:52:40] [149/326] RVCA
[17:52:41] [150/326] CCIA
[17:52:41] 🔄 Identity reset
[17:52:41] 🔄 Identity rotated (every 10 requests)
[17:52:41] [151/326] HTAG
[17:52:42] [152/326] SMBI
[17:52:43] [153/326] MCJR
[17:52:44] [154/326] CCJR
[17:52:46] [155/326] SINF
[17:52:47] [156/326] CPLX
[17:52:48] [157/326] KKTJ
[17:52:49] [158/326] GDBW
[17:52:50] [159/326] CSUB
[17:52:51] [160/326] DABA
[17:52:52] 🔄 Identity reset
[17:52:52] 🔄 Identity rotated (every 10 requests)
[17:52:52] [161/326] TITR
[17:52:53] [162/326] NYCR
[17:52:54] [163/326] RTRY
[17:52:55] [164/326] JTJL
[17:52:56] [165/326] SJCP
[17:52:57] [166/326] KCCA
[17:52:58] [167/326] MLPG
[17:52:59] [168/326] VRCK
[17:52:59] [169/326] SRIN
[17:53:00] [170/326] CXMK
[17:53:01] 🔄 Identity reset
[17:53:01] 🔄 Identity rotated (every 10 requests)
[17:53:01] [171/326] SKAD
[17:53:02] [172/326] AVTR
[17:53:03] [173/326] PTAJ
[17:53:04] [174/326] SCNK
[17:53:05] [175/326] STTI
[17:53:06] [176/326] KACR
[17:53:07] [177/326] SSDX
[17:53:08] [178/326] VRTJ
[17:53:08] [179/326] RAJD
[17:53:09] [180/326] SCIP
[17:53:10] 🔄 Identity reset
[17:53:10] 🔄 Identity rotated (every 10 requests)
[17:53:10] [181/326] RJSL
[17:53:11] [182/326] ARRS
[17:53:12] [183/326] ASMS
[17:53:13] [184/326] RDTS
[17:53:14] [185/326] DVMY
[17:53:15] [186/326] RASA
[17:53:15] [187/326] INOM
[17:53:16] [188/326] SPRS
[17:53:17] [189/326] SGCS
[17:53:18] [190/326] SALM
[17:53:19] 🔄 Identity reset
[17:53:19] 🔄 Identity rotated (every 10 requests)
[17:53:19] [191/326] PKHC
[17:53:21] [192/326] RCSV
[17:53:22] [193/326] CPKC
[17:53:23] [194/326] AACD
[17:53:24] [195/326] GGCV
[17:53:25] [196/326] SMKD
[17:53:26] [197/326] NBCH
[17:53:27] [198/326] AMCB
[17:53:28] [199/326] OPCN
[17:53:29] [200/326] DCIN
[17:53:29] 🔄 Identity reset
[17:53:29] 🔄 Identity rotated (every 10 requests)
[17:53:30] [201/326] INGW
[17:53:30] [202/326] PKKW
[17:53:31] [203/326] FNGW
[17:53:32] [204/326] GCGD
[17:53:33] [205/326] MSTW
[17:53:34] [206/326] KCCG
[17:53:35] [207/326] MRSS
[17:53:36] [208/326] CLCF
[17:53:37] [209/326] EETS
[17:53:38] [210/326] AATR
[17:53:38] 🔄 Identity reset
[17:53:38] 🔄 Identity rotated (every 10 requests)
[17:53:39] [211/326] CMMN
[17:53:40] [212/326] SCCJ
[17:53:41] [213/326] CDTK
[17:53:42] [214/326] AICP
[17:53:42] [215/326] FNBP
[17:53:43] [216/326] CBPB
[17:53:44] [217/326] CPAS
[17:53:45] [218/326] MAPM
[17:53:46] [219/326] PASD
[17:53:47] [220/326] JCMN
[17:53:47] 🔄 Identity reset
[17:53:47] 🔄 Identity rotated (every 10 requests)
[17:53:48] [221/326] MALB
[17:53:49] [222/326] SACG
[17:53:50] [223/326] DDRX
[17:53:51] [224/326] DDXB
[17:53:51] [225/326] RAMC
[17:53:52] [226/326] SANC
[17:53:53] [227/326] BCBP
[17:53:54] [228/326] ALPC
[17:53:56] [229/326] RBAC
[17:53:57] [230/326] RAJL
[17:53:58] 🔄 Identity reset
[17:53:58] 🔄 Identity rotated (every 10 requests)
[17:53:58] [231/326] MPDX
[17:53:59] [232/326] MUSC
[17:54:00] [233/326] VKMK
[17:54:01] [234/326] SKCG
[17:54:02] [235/326] ANCN
[17:54:03] [236/326] MMCJ
[17:54:04] [237/326] DCAK
[17:54:04] [238/326] SCKG
[17:54:05] [239/326] LMCK
[17:54:07] [240/326] CKKX
[17:54:07] 🔄 Identity reset
[17:54:07] 🔄 Identity rotated (every 10 requests)
[17:54:08] [241/326] ANKU
[17:54:09] [242/326] CSMD
[17:54:10] [243/326] MKMP
[17:54:11] [244/326] SVBG
[17:54:12] [245/326] ROOP
[17:54:13] [246/326] GDMT
[17:54:14] [247/326] FPPF
[17:54:15] [248/326] SFUU
[17:54:16] [249/326] ANCB
[17:54:18] [250/326] SMMC
[17:54:19] 🔄 Identity reset
[17:54:19] 🔄 Identity rotated (every 10 requests)
[17:54:19] [251/326] UGKT
[17:54:20] [252/326] JVRM
[17:54:21] [253/326] BATG
[17:54:21] [254/326] RATE
[17:54:22] [255/326] SKME
[17:54:23] [256/326] LMTP
[17:54:24] [257/326] TCBD
[17:54:25] [258/326] ESBD
[17:54:26] [259/326] GDCU
[17:54:27] [260/326] SNKT
[17:54:27] 🔄 Identity reset
[17:54:27] 🔄 Identity rotated (every 10 requests)
[17:54:28] [261/326] SRNK
[17:54:29] [262/326] SMED
[17:54:30] [263/326] CSQS
[17:54:31] [264/326] ALCS
[17:54:32] [265/326] KCKN
[17:54:33] [266/326] VCCL
[17:54:34] [267/326] MCDA
[17:54:35] [268/326] SHMI
[17:54:36] [269/326] SKHA
[17:54:38] [270/326] SVFK
[17:54:38] 🔄 Identity reset
[17:54:38] 🔄 Identity rotated (every 10 requests)
[17:54:38] [271/326] INVB
[17:54:39] [272/326] MELD
[17:54:40] [273/326] JTYS
[17:54:42] [274/326] INCM
[17:54:44] [275/326] MCDV
[17:54:44] [276/326] KSGK
[17:54:45] [277/326] ICMG
[17:54:46] [278/326] CSCV
[17:54:47] [279/326] STMD
[17:54:48] [280/326] STTR
[17:54:49] 🔄 Identity reset
[17:54:49] 🔄 Identity rotated (every 10 requests)
[17:54:50] [281/326] INVC
[17:54:51] [282/326] JTBL
[17:54:52] [283/326] SRVV
[17:54:52] [284/326] MAVC
[17:54:53] [285/326] SRPP
[17:54:56] [286/326] JGDM
[17:54:57] [287/326] MBSJ
[17:54:58] [288/326] SSLL
[17:54:59] [289/326] SLKP
[17:55:00] [290/326] NSRV
[17:55:01] 🔄 Identity reset
[17:55:01] 🔄 Identity rotated (every 10 requests)
[17:55:01] [291/326] UTDV
[17:55:02] [292/326] KICM
[17:55:03] [293/326] KCMD
[17:55:04] [294/326] TTPP
[17:55:05] [295/326] KMPV
[17:55:06] [296/326] SKTV
[17:55:07] [297/326] STCV
[17:55:09] [298/326] SRDA
[17:55:11] [299/326] JTSX
[17:55:11] [300/326] STBV
[17:55:12] 🔄 Identity reset
[17:55:12] 🔄 Identity rotated (every 10 requests)
[17:55:13] [301/326] APVZ
[17:55:14] [302/326] GSTV
[17:55:15] [303/326] NMVS
[17:55:16] [304/326] SKRT
[17:55:17] [305/326] RMDV
[17:55:18] [306/326] RATG
[17:55:19] [307/326] SJYV
[17:55:20] [308/326] NDGP
[17:55:21] [309/326] SNDG
[17:55:22] [310/326] INSR
[17:55:22] 🔄 Identity reset
[17:55:22] 🔄 Identity rotated (every 10 requests)
[17:55:23] [311/326] INSO
[17:55:23] [312/326] CCSI
[17:55:24] [313/326] RASM
[17:55:25] [314/326] NEWC
[17:55:26] [315/326] VSHL
[17:55:27] [316/326] BISW
[17:55:28] [317/326] GCNG
[17:55:30] [318/326] CWSC
[17:55:31] [319/326] SKAN
[17:55:32] [320/326] CCOA
[17:55:32] 🔄 Identity reset
[17:55:32] 🔄 Identity rotated (every 10 requests)
[17:55:33] [321/326] MCAJ
[17:55:34] [322/326] ACDE
[17:55:35] [323/326] AACM
[17:55:36] [324/326] JJCK
[17:55:38] [325/326] RCMO
[17:55:39] [326/326] GDAW
[17:55:40] 🧹 Deduping shows
[17:55:40] ✅ DONE | Shows=10 | Movies=1
[18:58:27] 🚀 SCRIPT STARTED (enhanced anti‑detection)
[18:58:27] [1/326] VCHA
[18:58:28] 🧠 New identity created
[18:58:29] [2/326] SCKO
[18:58:30] [3/326] VKTK
[18:58:31] [4/326] DXEC
[18:58:31] [5/326] CDCA
[18:58:32] [6/326] VBCZ
[18:58:33] [7/326] MSDR
[18:58:34] [8/326] ACPV
[18:58:35] [9/326] PVHB
[18:58:36] [10/326] RCNH
[18:58:36] 🔄 Identity reset
[18:58:36] 🔄 Identity rotated (every 10 requests)
[18:58:37] [11/326] IOMH
[18:58:38] [12/326] ILKS
[18:58:38] [13/326] AMSN
[18:58:40] [14/326] ANTP
[18:58:41] [15/326] SSEK
[18:58:42] [16/326] PICP
[18:58:42] [17/326] SICO
[18:58:43] [18/326] SISP
[18:58:44] [19/326] SCPI
[18:58:45] [20/326] CRPR
[18:58:46] 🔄 Identity reset
[18:58:46] 🔄 Identity rotated (every 10 requests)
[18:58:46] [21/326] DCTW
[18:58:47] [22/326] DCSP
[18:58:48] [23/326] KRPM
[18:58:49] [24/326] THKK
[18:58:49] [25/326] SNMY
[18:58:50] [26/326] AKCC
[18:58:51] [27/326] PCAT
[18:58:52] [28/326] RFGO
[18:58:53] [29/326] GGCS
[18:58:54] [30/326] ACKR
[18:58:55] 🔄 Identity reset
[18:58:55] 🔄 Identity rotated (every 10 requests)
[18:58:55] [31/326] STDO
[18:58:56] [32/326] ACKB
[18:58:57] [33/326] ALUC
[18:58:58] [34/326] MNSR
[18:58:59] [35/326] CSSL
[18:59:00] [36/326] BGGM
[18:59:01] [37/326] MANT
[18:59:02] [38/326] SOOY
[18:59:03] [39/326] VPPK
[18:59:04] [40/326] MYHJ
[18:59:04] 🔄 Identity reset
[18:59:04] 🔄 Identity rotated (every 10 requests)
[18:59:04] [41/326] KSCK
[18:59:05] [42/326] KATK
[18:59:07] [43/326] RTRT
[18:59:08] [44/326] SSTT
[18:59:08] [45/326] SSTV
[18:59:09] [46/326] LACM
[18:59:10] [47/326] SGMG
[18:59:11] [48/326] KACX
[18:59:12] [49/326] GVCP
[18:59:12] [50/326] CSNC
[18:59:13] 🔄 Identity reset
[18:59:13] 🔄 Identity rotated (every 10 requests)
[18:59:13] [51/326] SXCB
[18:59:14] [52/326] BAHS
[18:59:15] [53/326] PCBI
[18:59:16] [54/326] PSSM
[18:59:17] [55/326] RCOK
[18:59:17] [56/326] SCPF
[18:59:18] [57/326] SSAS
[18:59:19] [58/326] EVMM
[18:59:20] [59/326] SYCB
[18:59:21] [60/326] GCKI
[18:59:21] 🔄 Identity reset
[18:59:21] 🔄 Identity rotated (every 10 requests)
[18:59:21] [61/326] IAET
[18:59:22] [62/326] DDTD
[18:59:23] [63/326] GMDH
[18:59:24] [64/326] STLE
[18:59:25] [65/326] JTRA
[18:59:26] [66/326] RPPA
[18:59:27] [67/326] ARUT
[18:59:28] [68/326] JTVM
[18:59:30] [69/326] SWRH
[18:59:30] [70/326] DCPC
[18:59:31] 🔄 Identity reset
[18:59:31] 🔄 Identity rotated (every 10 requests)
[18:59:31] [71/326] RAPR
[18:59:32] [72/326] GCRT
[18:59:33] [73/326] ATUN
[18:59:34] [74/326] LTRM
[18:59:35] [75/326] TASR
[18:59:35] [76/326] RLLC
[18:59:36] [77/326] MABI
[18:59:38] [78/326] SVHB
[18:59:39] [79/326] NVTB
[18:59:40] [80/326] KCKG
[18:59:41] 🔄 Identity reset
[18:59:41] 🔄 Identity rotated (every 10 requests)
[18:59:41] [81/326] SSRN
[18:59:42] [82/326] VDDC
[18:59:43] [83/326] GKTK
[18:59:44] [84/326] YFSN
[18:59:45] [85/326] GCSG
[18:59:46] [86/326] ESSM
[18:59:47] [87/326] KRIH
[18:59:47] [88/326] GCDS
[18:59:48] [89/326] CCSH
[18:59:49] [90/326] ACSK
[18:59:50] 🔄 Identity reset
[18:59:50] 🔄 Identity rotated (every 10 requests)
[18:59:51] [91/326] APRK
[18:59:52] [92/326] ADKM
[18:59:52] [93/326] SRDM
[18:59:53] [94/326] SJMY
[18:59:54] [95/326] PGGC
[18:59:55] [96/326] INGM
[18:59:56] [97/326] LSCB
[18:59:57] [98/326] STAD
[18:59:58] [99/326] MCCR
[18:59:58] [100/326] ABCC
[18:59:59] 🔄 Identity reset
[18:59:59] 🔄 Identity rotated (every 10 requests)
[18:59:59] [101/326] RKCC
[19:00:00] [102/326] RTCR
[19:00:01] [103/326] GGBC
[19:00:02] [104/326] GCSD
[19:00:02] [105/326] LPTY
[19:00:03] [106/326] MCFD
[19:00:04] [107/326] HENN
[19:00:05] [108/326] SMKU
[19:00:06] [109/326] TNZC
[19:00:06] [110/326] DRCD
[19:00:07] 🔄 Identity reset
[19:00:07] 🔄 Identity rotated (every 10 requests)
[19:00:07] [111/326] DLCD
[19:00:08] [112/326] RCDA
[19:00:09] [113/326] COSM
[19:00:10] [114/326] MCMJ
[19:00:11] [115/326] CSTR
[19:00:12] [116/326] CVDK
[19:00:13] [117/326] INRR
[19:00:13] [118/326] RJRT
[19:00:14] [119/326] IRMR
[19:00:15] [120/326] SRCF
[19:00:16] 🔄 Identity reset
[19:00:16] 🔄 Identity rotated (every 10 requests)
[19:00:16] [121/326] GRCR
[19:00:17] [122/326] SURC
[19:00:18] [123/326] NMNH
[19:00:19] [124/326] SVBL
[19:00:19] [125/326] KACI
[19:00:20] [126/326] TDGO
[19:00:21] [127/326] KTBR
[19:00:22] [128/326] PMAD
[19:00:23] [129/326] CCPN
[19:00:24] [130/326] SBTK
[19:00:25] 🔄 Identity reset
[19:00:25] 🔄 Identity rotated (every 10 requests)
[19:00:25] [131/326] LMDK
[19:00:26] [132/326] PGDA
[19:00:27] [133/326] SRML
[19:00:27] [134/326] EVCK
[19:00:28] [135/326] RTTK
[19:00:29] [136/326] SRTU
[19:00:30] [137/326] VRSA
[19:00:31] [138/326] VARS
[19:00:32] [139/326] DSCZ
[19:00:33] [140/326] GAGA
[19:00:34] 🔄 Identity reset
[19:00:34] 🔄 Identity rotated (every 10 requests)
[19:00:34] [141/326] SARV
[19:00:36] [142/326] SEEG
[19:00:36] [143/326] GLCA
[19:00:37] [144/326] APAS
[19:00:38] [145/326] VCIA
[19:00:39] [146/326] SJTA
[19:00:40] [147/326] SABM
[19:00:40] [148/326] PPAG
[19:00:41] [149/326] RVCA
[19:00:42] [150/326] CCIA
[19:00:43] 🔄 Identity reset
[19:00:43] 🔄 Identity rotated (every 10 requests)
[19:00:43] [151/326] HTAG
[19:00:44] [152/326] SMBI
[19:00:44] [153/326] MCJR
[19:00:45] [154/326] CCJR
[19:00:46] [155/326] SINF
[19:00:47] [156/326] CPLX
[19:00:48] [157/326] KKTJ
[19:00:49] [158/326] GDBW
[19:00:50] [159/326] CSUB
[19:00:51] [160/326] DABA
[19:00:51] 🔄 Identity reset
[19:00:51] 🔄 Identity rotated (every 10 requests)
[19:00:52] [161/326] TITR
[19:00:52] [162/326] NYCR
[19:00:53] [163/326] RTRY
[19:00:54] [164/326] JTJL
[19:00:55] [165/326] SJCP
[19:00:56] [166/326] KCCA
[19:00:57] [167/326] MLPG
[19:00:58] [168/326] VRCK
[19:00:58] [169/326] SRIN
[19:00:59] [170/326] CXMK
[19:01:00] 🔄 Identity reset
[19:01:00] 🔄 Identity rotated (every 10 requests)
[19:01:00] [171/326] SKAD
[19:01:01] [172/326] AVTR
[19:01:02] [173/326] PTAJ
[19:01:03] [174/326] SCNK
[19:01:04] [175/326] STTI
[19:01:04] [176/326] KACR
[19:01:05] [177/326] SSDX
[19:01:06] [178/326] VRTJ
[19:01:07] [179/326] RAJD
[19:01:08] [180/326] SCIP
[19:01:09] 🔄 Identity reset
[19:01:09] 🔄 Identity rotated (every 10 requests)
[19:01:09] [181/326] RJSL
[19:01:10] [182/326] ARRS
[19:01:11] [183/326] ASMS
[19:01:12] [184/326] RDTS
[19:01:13] [185/326] DVMY
[19:01:14] [186/326] RASA
[19:01:15] [187/326] INOM
[19:01:16] [188/326] SPRS
[19:01:17] [189/326] SGCS
[19:01:18] [190/326] SALM
[19:01:19] 🔄 Identity reset
[19:01:19] 🔄 Identity rotated (every 10 requests)
[19:01:19] [191/326] PKHC
[19:01:20] [192/326] RCSV
[19:01:20] [193/326] CPKC
[19:01:21] [194/326] AACD
[19:01:22] [195/326] GGCV
[19:01:23] [196/326] SMKD
[19:01:24] [197/326] NBCH
[19:01:25] [198/326] AMCB
[19:01:26] [199/326] OPCN
[19:01:27] [200/326] DCIN
[19:01:27] 🔄 Identity reset
[19:01:27] 🔄 Identity rotated (every 10 requests)
[19:01:28] [201/326] INGW
[19:01:28] [202/326] PKKW
[19:01:30] [203/326] FNGW
[19:01:31] [204/326] GCGD
[19:01:32] [205/326] MSTW
[19:01:33] [206/326] KCCG
[19:01:33] [207/326] MRSS
[19:01:34] [208/326] CLCF
[19:01:35] [209/326] EETS
[19:01:36] [210/326] AATR
[19:01:36] 🔄 Identity reset
[19:01:37] 🔄 Identity rotated (every 10 requests)
[19:01:37] [211/326] CMMN
[19:01:37] [212/326] SCCJ
[19:01:38] [213/326] CDTK
[19:01:39] [214/326] AICP
[19:01:40] [215/326] FNBP
[19:01:41] [216/326] CBPB
[19:01:42] [217/326] CPAS
[19:01:43] [218/326] MAPM
[19:01:44] [219/326] PASD
[19:01:45] [220/326] JCMN
[19:01:45] 🔄 Identity reset
[19:01:46] 🔄 Identity rotated (every 10 requests)
[19:01:46] [221/326] MALB
[19:01:47] [222/326] SACG
[19:01:48] [223/326] DDRX
[19:01:49] [224/326] DDXB
[19:01:50] [225/326] RAMC
[19:01:51] [226/326] SANC
[19:01:52] [227/326] BCBP
[19:01:54] [228/326] ALPC
[19:01:54] [229/326] RBAC
[19:01:55] [230/326] RAJL
[19:01:56] 🔄 Identity reset
[19:01:56] 🔄 Identity rotated (every 10 requests)
[19:01:56] [231/326] MPDX
[19:01:57] [232/326] MUSC
[19:01:58] [233/326] VKMK
[19:01:59] [234/326] SKCG
[19:01:59] [235/326] ANCN
[19:02:00] [236/326] MMCJ
[19:02:01] [237/326] DCAK
[19:02:02] [238/326] SCKG
[19:02:02] [239/326] LMCK
[19:02:04] [240/326] CKKX
[19:02:04] 🔄 Identity reset
[19:02:04] 🔄 Identity rotated (every 10 requests)
[19:02:05] [241/326] ANKU
[19:02:05] [242/326] CSMD
[19:02:06] [243/326] MKMP
[19:02:07] [244/326] SVBG
[19:02:08] [245/326] ROOP
[19:02:09] [246/326] GDMT
[19:02:09] [247/326] FPPF
[19:02:10] [248/326] SFUU
[19:02:11] [249/326] ANCB
[19:02:12] [250/326] SMMC
[19:02:13] 🔄 Identity reset
[19:02:13] 🔄 Identity rotated (every 10 requests)
[19:02:13] [251/326] UGKT
[19:02:14] [252/326] JVRM
[19:02:15] [253/326] BATG
[19:02:16] [254/326] RATE
[19:02:18] [255/326] SKME
[19:02:18] [256/326] LMTP
[19:02:19] [257/326] TCBD
[19:02:20] [258/326] ESBD
[19:02:21] [259/326] GDCU
[19:02:22] [260/326] SNKT
[19:02:23] 🔄 Identity reset
[19:02:23] 🔄 Identity rotated (every 10 requests)
[19:02:23] [261/326] SRNK
[19:02:24] [262/326] SMED
[19:02:25] [263/326] CSQS
[19:02:26] [264/326] ALCS
[19:02:26] [265/326] KCKN
[19:02:27] [266/326] VCCL
[19:02:29] [267/326] MCDA
[19:02:30] [268/326] SHMI
[19:02:31] [269/326] SKHA
[19:02:32] [270/326] SVFK
[19:02:32] 🔄 Identity reset
[19:02:32] 🔄 Identity rotated (every 10 requests)
[19:02:33] [271/326] INVB
[19:02:34] [272/326] MELD
[19:02:34] [273/326] JTYS
[19:02:35] [274/326] INCM
[19:02:36] [275/326] MCDV
[19:02:37] [276/326] KSGK
[19:02:38] [277/326] ICMG
[19:02:39] [278/326] CSCV
[19:02:40] [279/326] STMD
[19:02:40] [280/326] STTR
[19:02:41] 🔄 Identity reset
[19:02:41] 🔄 Identity rotated (every 10 requests)
[19:02:42] [281/326] INVC
[19:02:42] [282/326] JTBL
[19:02:43] [283/326] SRVV
[19:02:44] [284/326] MAVC
[19:02:45] [285/326] SRPP
[19:02:46] [286/326] JGDM
[19:02:47] [287/326] MBSJ
[19:02:48] [288/326] SSLL
[19:02:49] [289/326] SLKP
[19:02:50] [290/326] NSRV
[19:02:50] 🔄 Identity reset
[19:02:50] 🔄 Identity rotated (every 10 requests)
[19:02:51] [291/326] UTDV
[19:02:53] [292/326] KICM
[19:02:53] [293/326] KCMD
[19:02:54] [294/326] TTPP
[19:02:55] [295/326] KMPV
[19:02:56] [296/326] SKTV
[19:02:57] [297/326] STCV
[19:02:58] [298/326] SRDA
[19:02:58] [299/326] JTSX
[19:02:59] [300/326] STBV
[19:03:00] 🔄 Identity reset
[19:03:00] 🔄 Identity rotated (every 10 requests)
[19:03:00] [301/326] APVZ
[19:03:01] [302/326] GSTV
[19:03:02] [303/326] NMVS
[19:03:03] [304/326] SKRT
[19:03:03] [305/326] RMDV
[19:03:04] [306/326] RATG
[19:03:05] [307/326] SJYV
[19:03:06] [308/326] NDGP
[19:03:07] [309/326] SNDG
[19:03:07] [310/326] INSR
[19:03:08] 🔄 Identity reset
[19:03:08] 🔄 Identity rotated (every 10 requests)
[19:03:09] [311/326] INSO
[19:03:10] [312/326] CCSI
[19:03:11] [313/326] RASM
[19:03:12] [314/326] NEWC
[19:03:12] [315/326] VSHL
[19:03:13] [316/326] BISW
[19:03:14] [317/326] GCNG
[19:03:15] [318/326] CWSC
[19:03:16] [319/326] SKAN
[19:03:17] [320/326] CCOA
[19:03:17] 🔄 Identity reset
[19:03:17] 🔄 Identity rotated (every 10 requests)
[19:03:18] [321/326] MCAJ
[19:03:19] [322/326] ACDE
[19:03:20] [323/326] AACM
[19:03:22] [324/326] JJCK
[19:03:23] [325/326] RCMO
[19:03:24] [326/326] GDAW
[19:03:25] 🧹 Deduping shows
[19:03:25] ✅ DONE | Shows=65 | Movies=2
[20:12:38] 🚀 SCRIPT STARTED (enhanced anti‑detection)
[20:12:38] [1/326] VCHA
[20:12:39] 🧠 New identity created
[20:12:39] [2/326] SCKO
[20:12:40] [3/326] VKTK
[20:12:41] [4/326] DXEC
[20:12:42] [5/326] CDCA
[20:12:43] [6/326] VBCZ
[20:12:44] [7/326] MSDR
[20:12:45] [8/326] ACPV
[20:12:45] [9/326] PVHB
[20:12:46] [10/326] RCNH
[20:12:47] 🔄 Identity reset
[20:12:47] 🔄 Identity rotated (every 10 requests)
[20:12:47] [11/326] IOMH
[20:12:48] [12/326] ILKS
[20:12:49] [13/326] AMSN
[20:12:50] [14/326] ANTP
[20:12:52] [15/326] SSEK
[20:12:53] [16/326] PICP
[20:12:54] [17/326] SICO
[20:12:55] [18/326] SISP
[20:12:56] [19/326] SCPI
[20:12:56] [20/326] CRPR
[20:12:57] 🔄 Identity reset
[20:12:57] 🔄 Identity rotated (every 10 requests)
[20:12:57] [21/326] DCTW
[20:12:59] [22/326] DCSP
[20:12:59] [23/326] KRPM
[20:13:00] [24/326] THKK
[20:13:01] [25/326] SNMY
[20:13:02] [26/326] AKCC
[20:13:04] [27/326] PCAT
[20:13:05] [28/326] RFGO
[20:13:05] [29/326] GGCS
[20:13:06] [30/326] ACKR
[20:13:07] 🔄 Identity reset
[20:13:07] 🔄 Identity rotated (every 10 requests)
[20:13:07] [31/326] STDO
[20:13:08] [32/326] ACKB
[20:13:10] [33/326] ALUC
[20:13:11] [34/326] MNSR
[20:13:12] [35/326] CSSL
[20:13:13] [36/326] BGGM
[20:13:14] [37/326] MANT
[20:13:15] [38/326] SOOY
[20:13:15] [39/326] VPPK
[20:13:16] [40/326] MYHJ
[20:13:17] 🔄 Identity reset
[20:13:17] 🔄 Identity rotated (every 10 requests)
[20:13:17] [41/326] KSCK
[20:13:18] [42/326] KATK
[20:13:19] [43/326] RTRT
[20:13:20] [44/326] SSTT
[20:13:21] [45/326] SSTV
[20:13:22] [46/326] LACM
[20:13:22] [47/326] SGMG
[20:13:23] [48/326] KACX
[20:13:24] [49/326] GVCP
[20:13:25] [50/326] CSNC
[20:13:25] 🔄 Identity reset
[20:13:25] 🔄 Identity rotated (every 10 requests)
[20:13:26] [51/326] SXCB
[20:13:27] [52/326] BAHS
[20:13:28] [53/326] PCBI
[20:13:29] [54/326] PSSM
[20:13:29] [55/326] RCOK
[20:13:30] [56/326] SCPF
[20:13:31] [57/326] SSAS
[20:13:32] [58/326] EVMM
[20:13:33] [59/326] SYCB
[20:13:34] [60/326] GCKI
[20:13:35] 🔄 Identity reset
[20:13:35] 🔄 Identity rotated (every 10 requests)
[20:13:35] [61/326] IAET
[20:13:36] [62/326] DDTD
[20:13:37] [63/326] GMDH
[20:13:38] [64/326] STLE
[20:13:39] [65/326] JTRA
[20:13:40] [66/326] RPPA
[20:13:41] [67/326] ARUT
[20:13:42] [68/326] JTVM
[20:13:43] [69/326] SWRH
[20:13:44] [70/326] DCPC
[20:13:45] 🔄 Identity reset
[20:13:45] 🔄 Identity rotated (every 10 requests)
[20:13:45] [71/326] RAPR
[20:13:46] [72/326] GCRT
[20:13:48] [73/326] ATUN
[20:13:49] [74/326] LTRM
[20:13:50] [75/326] TASR
[20:13:51] [76/326] RLLC
[20:13:52] [77/326] MABI
[20:13:53] [78/326] SVHB
[20:13:54] [79/326] NVTB
[20:13:54] [80/326] KCKG
[20:13:55] 🔄 Identity reset
[20:13:55] 🔄 Identity rotated (every 10 requests)
[20:13:55] [81/326] SSRN
[20:13:56] [82/326] VDDC
[20:13:57] [83/326] GKTK
[20:13:59] [84/326] YFSN
[20:14:00] [85/326] GCSG
[20:14:01] [86/326] ESSM
[20:14:02] [87/326] KRIH
[20:14:03] [88/326] GCDS
[20:14:03] [89/326] CCSH
[20:14:04] [90/326] ACSK
[20:14:05] 🔄 Identity reset
[20:14:05] 🔄 Identity rotated (every 10 requests)
[20:14:05] [91/326] APRK
[20:14:06] [92/326] ADKM
[20:14:07] [93/326] SRDM
[20:14:08] [94/326] SJMY
[20:14:09] [95/326] PGGC
[20:14:09] [96/326] INGM
[20:14:10] [97/326] LSCB
[20:14:11] [98/326] STAD
[20:14:12] [99/326] MCCR
[20:14:13] [100/326] ABCC
[20:14:14] 🔄 Identity reset
[20:14:14] 🔄 Identity rotated (every 10 requests)
[20:14:14] [101/326] RKCC
[20:14:15] [102/326] RTCR
[20:14:16] [103/326] GGBC
[20:14:16] [104/326] GCSD
[20:14:17] [105/326] LPTY
[20:14:18] [106/326] MCFD
[20:14:19] [107/326] HENN
[20:14:21] [108/326] SMKU
[20:14:22] [109/326] TNZC
[20:14:23] [110/326] DRCD
[20:14:23] 🔄 Identity reset
[20:14:23] 🔄 Identity rotated (every 10 requests)
[20:14:24] [111/326] DLCD
[20:14:25] [112/326] RCDA
[20:14:25] [113/326] COSM
[20:14:26] [114/326] MCMJ
[20:14:27] [115/326] CSTR
[20:14:28] [116/326] CVDK
[20:14:29] [117/326] INRR
[20:14:30] [118/326] RJRT
[20:14:31] [119/326] IRMR
[20:14:32] [120/326] SRCF
[20:14:33] 🔄 Identity reset
[20:14:33] 🔄 Identity rotated (every 10 requests)
[20:14:33] [121/326] GRCR
[20:14:34] [122/326] SURC
[20:14:35] [123/326] NMNH
[20:14:36] [124/326] SVBL
[20:14:37] [125/326] KACI
[20:14:38] [126/326] TDGO
[20:14:39] [127/326] KTBR
[20:14:40] [128/326] PMAD
[20:14:42] [129/326] CCPN
[20:14:43] [130/326] SBTK
[20:14:43] 🔄 Identity reset
[20:14:43] 🔄 Identity rotated (every 10 requests)
[20:14:44] [131/326] LMDK
[20:14:45] [132/326] PGDA
[20:14:46] [133/326] SRML
[20:14:47] [134/326] EVCK
[20:14:48] [135/326] RTTK
[20:14:49] [136/326] SRTU
[20:14:50] [137/326] VRSA
[20:14:51] [138/326] VARS
[20:14:52] [139/326] DSCZ
[20:14:53] [140/326] GAGA
[20:14:54] 🔄 Identity reset
[20:14:54] 🔄 Identity rotated (every 10 requests)
[20:14:54] [141/326] SARV
[20:14:55] [142/326] SEEG
[20:14:56] [143/326] GLCA
[20:14:57] [144/326] APAS
[20:14:58] [145/326] VCIA
[20:14:59] [146/326] SJTA
[20:15:00] [147/326] SABM
[20:15:01] [148/326] PPAG
[20:15:02] [149/326] RVCA
[20:15:04] [150/326] CCIA
[20:15:05] 🔄 Identity reset
[20:15:05] 🔄 Identity rotated (every 10 requests)
[20:15:05] [151/326] HTAG
[20:15:06] [152/326] SMBI
[20:15:07] [153/326] MCJR
[20:15:08] [154/326] CCJR
[20:15:08] [155/326] SINF
[20:15:09] [156/326] CPLX
[20:15:10] [157/326] KKTJ
[20:15:11] [158/326] GDBW
[20:15:12] [159/326] CSUB
[20:15:13] [160/326] DABA
[20:15:14] 🔄 Identity reset
[20:15:14] 🔄 Identity rotated (every 10 requests)
[20:15:14] [161/326] TITR
[20:15:15] [162/326] NYCR
[20:15:16] [163/326] RTRY
[20:15:17] [164/326] JTJL
[20:15:18] [165/326] SJCP
[20:15:19] [166/326] KCCA
[20:15:20] [167/326] MLPG
[20:15:21] [168/326] VRCK
[20:15:22] [169/326] SRIN
[20:15:23] [170/326] CXMK
[20:15:23] 🔄 Identity reset
[20:15:23] 🔄 Identity rotated (every 10 requests)
[20:15:24] [171/326] SKAD
[20:15:25] [172/326] AVTR
[20:15:26] [173/326] PTAJ
[20:15:27] [174/326] SCNK
[20:15:28] [175/326] STTI
[20:15:29] [176/326] KACR
[20:15:30] [177/326] SSDX
[20:15:31] [178/326] VRTJ
[20:15:32] [179/326] RAJD
[20:15:33] [180/326] SCIP
[20:15:34] 🔄 Identity reset
[20:15:34] 🔄 Identity rotated (every 10 requests)
[20:15:34] [181/326] RJSL
[20:15:35] [182/326] ARRS
[20:15:36] [183/326] ASMS
[20:15:37] [184/326] RDTS
[20:15:38] [185/326] DVMY
[20:15:39] [186/326] RASA
[20:15:39] [187/326] INOM
[20:15:40] [188/326] SPRS
[20:15:41] [189/326] SGCS
[20:15:42] [190/326] SALM
[20:15:43] 🔄 Identity reset
[20:15:43] 🔄 Identity rotated (every 10 requests)
[20:15:43] [191/326] PKHC
[20:15:44] [192/326] RCSV
[20:15:45] [193/326] CPKC
[20:15:46] [194/326] AACD
[20:15:47] [195/326] GGCV
[20:15:48] [196/326] SMKD
[20:15:49] [197/326] NBCH
[20:15:50] [198/326] AMCB
[20:15:51] [199/326] OPCN
[20:15:52] [200/326] DCIN
[20:15:53] 🔄 Identity reset
[20:15:53] 🔄 Identity rotated (every 10 requests)
[20:15:54] [201/326] INGW
[20:15:55] [202/326] PKKW
[20:15:56] [203/326] FNGW
[20:15:57] [204/326] GCGD
[20:15:58] [205/326] MSTW
[20:15:58] [206/326] KCCG
[20:15:59] [207/326] MRSS
[20:16:00] [208/326] CLCF
[20:16:01] [209/326] EETS
[20:16:02] [210/326] AATR
[20:16:03] 🔄 Identity reset
[20:16:03] 🔄 Identity rotated (every 10 requests)
[20:16:03] [211/326] CMMN
[20:16:04] [212/326] SCCJ
[20:16:05] [213/326] CDTK
[20:16:06] [214/326] AICP
[20:16:07] [215/326] FNBP
[20:16:08] [216/326] CBPB
[20:16:10] [217/326] CPAS
[20:16:10] [218/326] MAPM
[20:16:11] [219/326] PASD
[20:16:12] [220/326] JCMN
[20:16:13] 🔄 Identity reset
[20:16:13] 🔄 Identity rotated (every 10 requests)
[20:16:13] [221/326] MALB
[20:16:14] [222/326] SACG
[20:16:15] [223/326] DDRX
[20:16:16] [224/326] DDXB
[20:16:17] [225/326] RAMC
[20:16:18] [226/326] SANC
[20:16:19] [227/326] BCBP
[20:16:20] [228/326] ALPC
[20:16:21] [229/326] RBAC
[20:16:22] [230/326] RAJL
[20:16:22] 🔄 Identity reset
[20:16:22] 🔄 Identity rotated (every 10 requests)
[20:16:23] [231/326] MPDX
[20:16:24] [232/326] MUSC
[20:16:25] [233/326] VKMK
[20:16:26] [234/326] SKCG
[20:16:28] [235/326] ANCN
[20:16:29] [236/326] MMCJ
[20:16:30] [237/326] DCAK
[20:16:31] [238/326] SCKG
[20:16:32] [239/326] LMCK
[20:16:33] [240/326] CKKX
[20:16:33] 🔄 Identity reset
[20:16:34] 🔄 Identity rotated (every 10 requests)
[20:16:34] [241/326] ANKU
[20:16:35] [242/326] CSMD
[20:16:36] [243/326] MKMP
[20:16:37] [244/326] SVBG
[20:16:38] [245/326] ROOP
[20:16:39] [246/326] GDMT
[20:16:40] [247/326] FPPF
[20:16:41] [248/326] SFUU
[20:16:42] [249/326] ANCB
[20:16:43] [250/326] SMMC
[20:16:43] 🔄 Identity reset
[20:16:43] 🔄 Identity rotated (every 10 requests)
[20:16:44] [251/326] UGKT
[20:16:45] [252/326] JVRM
[20:16:46] [253/326] BATG
[20:16:47] [254/326] RATE
[20:16:48] [255/326] SKME
[20:16:49] [256/326] LMTP
[20:16:50] [257/326] TCBD
[20:16:51] [258/326] ESBD
[20:16:52] [259/326] GDCU
[20:16:53] [260/326] SNKT
[20:16:53] 🔄 Identity reset
[20:16:53] 🔄 Identity rotated (every 10 requests)
[20:16:54] [261/326] SRNK
[20:16:55] [262/326] SMED
[20:16:56] [263/326] CSQS
[20:16:58] [264/326] ALCS
[20:16:59] [265/326] KCKN
[20:17:00] [266/326] VCCL
[20:17:00] [267/326] MCDA
[20:17:01] [268/326] SHMI
[20:17:02] [269/326] SKHA
[20:17:03] [270/326] SVFK
[20:17:04] 🔄 Identity reset
[20:17:04] 🔄 Identity rotated (every 10 requests)
[20:17:04] [271/326] INVB
[20:17:05] [272/326] MELD
[20:17:06] [273/326] JTYS
[20:17:07] [274/326] INCM
[20:17:08] [275/326] MCDV
[20:17:08] [276/326] KSGK
[20:17:09] [277/326] ICMG
[20:17:10] [278/326] CSCV
[20:17:11] [279/326] STMD
[20:17:12] [280/326] STTR
[20:17:13] 🔄 Identity reset
[20:17:13] 🔄 Identity rotated (every 10 requests)
[20:17:13] [281/326] INVC
[20:17:14] [282/326] JTBL
[20:17:15] [283/326] SRVV
[20:17:16] [284/326] MAVC
[20:17:17] [285/326] SRPP
[20:17:17] [286/326] JGDM
[20:17:18] [287/326] MBSJ
[20:17:19] [288/326] SSLL
[20:17:20] [289/326] SLKP
[20:17:21] [290/326] NSRV
[20:17:22] 🔄 Identity reset
[20:17:22] 🔄 Identity rotated (every 10 requests)
[20:17:23] [291/326] UTDV
[20:17:24] [292/326] KICM
[20:17:25] [293/326] KCMD
[20:17:25] [294/326] TTPP
[20:17:27] [295/326] KMPV
[20:17:27] [296/326] SKTV
[20:17:28] [297/326] STCV
[20:17:29] [298/326] SRDA
[20:17:30] [299/326] JTSX
[20:17:32] [300/326] STBV
[20:17:32] 🔄 Identity reset
[20:17:32] 🔄 Identity rotated (every 10 requests)
[20:17:33] [301/326] APVZ
[20:17:35] [302/326] GSTV
[20:17:35] [303/326] NMVS
[20:17:36] [304/326] SKRT
[20:17:37] [305/326] RMDV
[20:17:38] [306/326] RATG
[20:17:39] [307/326] SJYV
[20:17:40] [308/326] NDGP
[20:17:42] [309/326] SNDG
[20:17:42] [310/326] INSR
[20:17:43] 🔄 Identity reset
[20:17:43] 🔄 Identity rotated (every 10 requests)
[20:17:43] [311/326] INSO
[20:17:44] [312/326] CCSI
[20:17:45] [313/326] RASM
[20:17:47] [314/326] NEWC
[20:17:48] [315/326] VSHL
[20:17:49] [316/326] BISW
[20:17:50] [317/326] GCNG
[20:17:51] [318/326] CWSC
[20:17:52] [319/326] SKAN
[20:17:53] [320/326] CCOA
[20:17:54] 🔄 Identity reset
[20:17:54] 🔄 Identity rotated (every 10 requests)
[20:17:54] [321/326] MCAJ
[20:17:55] [322/326] ACDE
[20:17:56] [323/326] AACM
[20:17:57] [324/326] JJCK
[20:17:58] [325/326] RCMO
[20:17:59] [326/326] GDAW
[20:17:59] 🧹 Deduping shows
[20:17:59] ✅ DONE | Shows=150 | Movies=2
[22:24:08] 🚀 SCRIPT STARTED (enhanced anti‑detection)
[22:24:08] [1/326] VCHA
[22:24:09] 🧠 New identity created
[22:24:09] [2/326] SCKO
[22:24:10] [3/326] VKTK
[22:24:11] [4/326] DXEC
[22:24:12] [5/326] CDCA
[22:24:13] [6/326] VBCZ
[22:24:14] [7/326] MSDR
[22:24:14] [8/326] ACPV
[22:24:15] [9/326] PVHB
[22:24:16] [10/326] RCNH
[22:24:16] 🔄 Identity reset
[22:24:16] 🔄 Identity rotated (every 10 requests)
[22:24:17] [11/326] IOMH
[22:24:18] [12/326] ILKS
[22:24:18] [13/326] AMSN
[22:24:19] [14/326] ANTP
[22:24:20] [15/326] SSEK
[22:24:21] [16/326] PICP
[22:24:23] [17/326] SICO
[22:24:23] [18/326] SISP
[22:24:24] [19/326] SCPI
[22:24:26] [20/326] CRPR
[22:24:27] 🔄 Identity reset
[22:24:27] 🔄 Identity rotated (every 10 requests)
[22:24:27] [21/326] DCTW
[22:24:28] [22/326] DCSP
[22:24:29] [23/326] KRPM
[22:24:29] [24/326] THKK
[22:24:30] [25/326] SNMY
[22:24:31] [26/326] AKCC
[22:24:32] [27/326] PCAT
[22:24:33] [28/326] RFGO
[22:24:33] [29/326] GGCS
[22:24:34] [30/326] ACKR
[22:24:35] 🔄 Identity reset
[22:24:35] 🔄 Identity rotated (every 10 requests)
[22:24:35] [31/326] STDO
[22:24:36] [32/326] ACKB
[22:24:37] [33/326] ALUC
[22:24:38] [34/326] MNSR
[22:24:39] [35/326] CSSL
[22:24:39] [36/326] BGGM
[22:24:41] [37/326] MANT
[22:24:42] [38/326] SOOY
[22:24:43] [39/326] VPPK
[22:24:44] [40/326] MYHJ
[22:24:45] 🔄 Identity reset
[22:24:45] 🔄 Identity rotated (every 10 requests)
[22:24:45] [41/326] KSCK
[22:24:46] [42/326] KATK
[22:24:47] [43/326] RTRT
[22:24:48] [44/326] SSTT
[22:24:48] [45/326] SSTV
[22:24:49] [46/326] LACM
[22:24:50] [47/326] SGMG
[22:24:51] [48/326] KACX
[22:24:52] [49/326] GVCP
[22:24:53] [50/326] CSNC
[22:24:53] 🔄 Identity reset
[22:24:53] 🔄 Identity rotated (every 10 requests)
[22:24:54] [51/326] SXCB
[22:24:54] [52/326] BAHS
[22:24:55] [53/326] PCBI
[22:24:56] [54/326] PSSM
[22:24:57] [55/326] RCOK
[22:24:58] [56/326] SCPF
[22:24:59] [57/326] SSAS
[22:25:00] [58/326] EVMM
[22:25:01] [59/326] SYCB
[22:25:02] [60/326] GCKI
[22:25:02] 🔄 Identity reset
[22:25:02] 🔄 Identity rotated (every 10 requests)
[22:25:02] [61/326] IAET
[22:25:03] [62/326] DDTD
[22:25:04] [63/326] GMDH
[22:25:05] [64/326] STLE
[22:25:06] [65/326] JTRA
[22:25:07] [66/326] RPPA
[22:25:08] [67/326] ARUT
[22:25:09] [68/326] JTVM
[22:25:10] [69/326] SWRH
[22:25:11] [70/326] DCPC
[22:25:12] 🔄 Identity reset
[22:25:12] 🔄 Identity rotated (every 10 requests)
[22:25:12] [71/326] RAPR
[22:25:13] [72/326] GCRT
[22:25:14] [73/326] ATUN
[22:25:15] [74/326] LTRM
[22:25:16] [75/326] TASR
[22:25:17] [76/326] RLLC
[22:25:18] [77/326] MABI
[22:25:18] [78/326] SVHB
[22:25:20] [79/326] NVTB
[22:25:21] [80/326] KCKG
[22:25:21] 🔄 Identity reset
[22:25:21] 🔄 Identity rotated (every 10 requests)
[22:25:22] [81/326] SSRN
[22:25:23] [82/326] VDDC
[22:25:23] [83/326] GKTK
[22:25:24] [84/326] YFSN
[22:25:25] [85/326] GCSG
[22:25:26] [86/326] ESSM
[22:25:27] [87/326] KRIH
[22:25:28] [88/326] GCDS
[22:25:29] [89/326] CCSH
[22:25:30] [90/326] ACSK
[22:25:30] 🔄 Identity reset
[22:25:30] 🔄 Identity rotated (every 10 requests)
[22:25:31] [91/326] APRK
[22:25:32] [92/326] ADKM
[22:25:32] [93/326] SRDM
[22:25:33] [94/326] SJMY
[22:25:34] [95/326] PGGC
[22:25:35] [96/326] INGM
[22:25:36] [97/326] LSCB
[22:25:37] [98/326] STAD
[22:25:37] [99/326] MCCR
[22:25:38] [100/326] ABCC
[22:25:39] 🔄 Identity reset
[22:25:39] 🔄 Identity rotated (every 10 requests)
[22:25:39] [101/326] RKCC
[22:25:40] [102/326] RTCR
[22:25:40] [103/326] GGBC
[22:25:41] [104/326] GCSD
[22:25:42] [105/326] LPTY
[22:25:43] [106/326] MCFD
[22:25:44] [107/326] HENN
[22:25:45] [108/326] SMKU
[22:25:46] [109/326] TNZC
[22:25:47] [110/326] DRCD
[22:25:47] 🔄 Identity reset
[22:25:47] 🔄 Identity rotated (every 10 requests)
[22:25:47] [111/326] DLCD
[22:25:48] [112/326] RCDA
[22:25:49] [113/326] COSM
[22:25:51] [114/326] MCMJ
[22:25:51] [115/326] CSTR
[22:25:52] [116/326] CVDK
[22:25:53] [117/326] INRR
[22:25:54] [118/326] RJRT
[22:25:55] [119/326] IRMR
[22:25:56] [120/326] SRCF
[22:25:56] 🔄 Identity reset
[22:25:56] 🔄 Identity rotated (every 10 requests)
[22:25:57] [121/326] GRCR
[22:25:58] [122/326] SURC
[22:25:58] [123/326] NMNH
[22:26:00] [124/326] SVBL
[22:26:01] [125/326] KACI
[22:26:01] [126/326] TDGO
[22:26:02] [127/326] KTBR
[22:26:04] [128/326] PMAD
[22:26:05] [129/326] CCPN
[22:26:06] [130/326] SBTK
[22:26:06] 🔄 Identity reset
[22:26:06] 🔄 Identity rotated (every 10 requests)
[22:26:07] [131/326] LMDK
[22:26:07] [132/326] PGDA
[22:26:08] [133/326] SRML
[22:26:09] [134/326] EVCK
[22:26:10] [135/326] RTTK
[22:26:11] [136/326] SRTU
[22:26:13] [137/326] VRSA
[22:26:13] [138/326] VARS
[22:26:15] [139/326] DSCZ
[22:26:16] [140/326] GAGA
[22:26:16] 🔄 Identity reset
[22:26:16] 🔄 Identity rotated (every 10 requests)
[22:26:16] [141/326] SARV
[22:26:17] [142/326] SEEG
[22:26:18] [143/326] GLCA
[22:26:19] [144/326] APAS
[22:26:20] [145/326] VCIA
[22:26:20] [146/326] SJTA
[22:26:22] [147/326] SABM
[22:26:24] [148/326] PPAG
[22:26:24] [149/326] RVCA
[22:26:25] [150/326] CCIA
[22:26:26] 🔄 Identity reset
[22:26:26] 🔄 Identity rotated (every 10 requests)
[22:26:26] [151/326] HTAG
[22:26:27] [152/326] SMBI
[22:26:28] [153/326] MCJR
[22:26:29] [154/326] CCJR
[22:26:29] [155/326] SINF
[22:26:30] [156/326] CPLX
[22:26:31] [157/326] KKTJ
[22:26:32] [158/326] GDBW
[22:26:33] [159/326] CSUB
[22:26:34] [160/326] DABA
[22:26:34] 🔄 Identity reset
[22:26:34] 🔄 Identity rotated (every 10 requests)
[22:26:35] [161/326] TITR
[22:26:35] [162/326] NYCR
[22:26:36] [163/326] RTRY
[22:26:37] [164/326] JTJL
[22:26:38] [165/326] SJCP
[22:26:39] [166/326] KCCA
[22:26:39] [167/326] MLPG
[22:26:40] [168/326] VRCK
[22:26:41] [169/326] SRIN
[22:26:42] [170/326] CXMK
[22:26:43] 🔄 Identity reset
[22:26:43] 🔄 Identity rotated (every 10 requests)
[22:26:43] [171/326] SKAD
[22:26:44] [172/326] AVTR
[22:26:45] [173/326] PTAJ
[22:26:46] [174/326] SCNK
[22:26:47] [175/326] STTI
[22:26:48] [176/326] KACR
[22:26:48] [177/326] SSDX
[22:26:49] [178/326] VRTJ
[22:26:50] [179/326] RAJD
[22:26:51] [180/326] SCIP
[22:26:52] 🔄 Identity reset
[22:26:52] 🔄 Identity rotated (every 10 requests)
[22:26:52] [181/326] RJSL
[22:26:53] [182/326] ARRS
[22:26:54] [183/326] ASMS
[22:26:55] [184/326] RDTS
[22:26:56] [185/326] DVMY
[22:26:56] [186/326] RASA
[22:26:57] [187/326] INOM
[22:26:58] [188/326] SPRS
[22:26:59] [189/326] SGCS
[22:27:00] [190/326] SALM
[22:27:00] 🔄 Identity reset
[22:27:00] 🔄 Identity rotated (every 10 requests)
[22:27:01] [191/326] PKHC
[22:27:01] [192/326] RCSV
[22:27:02] [193/326] CPKC
[22:27:03] [194/326] AACD
[22:27:04] [195/326] GGCV
[22:27:05] [196/326] SMKD
[22:27:06] [197/326] NBCH
[22:27:07] [198/326] AMCB
[22:27:08] [199/326] OPCN
[22:27:09] [200/326] DCIN
[22:27:09] 🔄 Identity reset
[22:27:09] 🔄 Identity rotated (every 10 requests)
[22:27:10] [201/326] INGW
[22:27:10] [202/326] PKKW
[22:27:12] [203/326] FNGW
[22:27:13] [204/326] GCGD
[22:27:13] [205/326] MSTW
[22:27:14] [206/326] KCCG
[22:27:15] [207/326] MRSS
[22:27:16] [208/326] CLCF
[22:27:17] [209/326] EETS
[22:27:18] [210/326] AATR
[22:27:18] 🔄 Identity reset
[22:27:18] 🔄 Identity rotated (every 10 requests)
[22:27:19] [211/326] CMMN
[22:27:20] [212/326] SCCJ
[22:27:21] [213/326] CDTK
[22:27:22] [214/326] AICP
[22:27:23] [215/326] FNBP
[22:27:24] [216/326] CBPB
[22:27:25] [217/326] CPAS
[22:27:26] [218/326] MAPM
[22:27:27] [219/326] PASD
[22:27:27] [220/326] JCMN
[22:27:28] 🔄 Identity reset
[22:27:28] 🔄 Identity rotated (every 10 requests)
[22:27:28] [221/326] MALB
[22:27:29] [222/326] SACG
[22:27:30] [223/326] DDRX
[22:27:31] [224/326] DDXB
[22:27:32] [225/326] RAMC
[22:27:33] [226/326] SANC
[22:27:34] [227/326] BCBP
[22:27:34] [228/326] ALPC
[22:27:35] [229/326] RBAC
[22:27:36] [230/326] RAJL
[22:27:37] 🔄 Identity reset
[22:27:37] 🔄 Identity rotated (every 10 requests)
[22:27:37] [231/326] MPDX
[22:27:38] [232/326] MUSC
[22:27:39] [233/326] VKMK
[22:27:40] [234/326] SKCG
[22:27:41] [235/326] ANCN
[22:27:42] [236/326] MMCJ
[22:27:43] [237/326] DCAK
[22:27:44] [238/326] SCKG
[22:27:46] [239/326] LMCK
[22:27:46] [240/326] CKKX
[22:27:47] 🔄 Identity reset
[22:27:47] 🔄 Identity rotated (every 10 requests)
[22:27:47] [241/326] ANKU
[22:27:48] [242/326] CSMD
[22:27:49] [243/326] MKMP
[22:27:50] [244/326] SVBG
[22:27:51] [245/326] ROOP
[22:27:52] [246/326] GDMT
[22:27:53] [247/326] FPPF
[22:27:54] [248/326] SFUU
[22:27:55] [249/326] ANCB
[22:27:56] [250/326] SMMC
[22:27:57] 🔄 Identity reset
[22:27:57] 🔄 Identity rotated (every 10 requests)
[22:27:57] [251/326] UGKT
[22:27:58] [252/326] JVRM
[22:28:00] [253/326] BATG
[22:28:01] [254/326] RATE
[22:28:01] [255/326] SKME
[22:28:02] [256/326] LMTP
[22:28:03] [257/326] TCBD
[22:28:04] [258/326] ESBD
[22:28:05] [259/326] GDCU
[22:28:06] [260/326] SNKT
[22:28:06] 🔄 Identity reset
[22:28:06] 🔄 Identity rotated (every 10 requests)
[22:28:07] [261/326] SRNK
[22:28:07] [262/326] SMED
[22:28:08] [263/326] CSQS
[22:28:09] [264/326] ALCS
[22:28:10] [265/326] KCKN
[22:28:11] [266/326] VCCL
[22:28:11] [267/326] MCDA
[22:28:12] [268/326] SHMI
[22:28:14] [269/326] SKHA
[22:28:15] [270/326] SVFK
[22:28:16] 🔄 Identity reset
[22:28:16] 🔄 Identity rotated (every 10 requests)
[22:28:17] [271/326] INVB
[22:28:17] [272/326] MELD
[22:28:18] [273/326] JTYS
[22:28:19] [274/326] INCM
[22:28:20] [275/326] MCDV
[22:28:21] [276/326] KSGK
[22:28:22] [277/326] ICMG
[22:28:23] [278/326] CSCV
[22:28:24] [279/326] STMD
[22:28:24] [280/326] STTR
[22:28:25] 🔄 Identity reset
[22:28:25] 🔄 Identity rotated (every 10 requests)
[22:28:26] [281/326] INVC
[22:28:27] [282/326] JTBL
[22:28:28] [283/326] SRVV
[22:28:29] [284/326] MAVC
[22:28:29] [285/326] SRPP
[22:28:31] [286/326] JGDM
[22:28:32] [287/326] MBSJ
[22:28:32] [288/326] SSLL
[22:28:33] [289/326] SLKP
[22:28:35] [290/326] NSRV
[22:28:35] 🔄 Identity reset
[22:28:35] 🔄 Identity rotated (every 10 requests)
[22:28:36] [291/326] UTDV
[22:28:37] [292/326] KICM
[22:28:38] [293/326] KCMD
[22:28:39] [294/326] TTPP
[22:28:39] [295/326] KMPV
[22:28:40] [296/326] SKTV
[22:28:41] [297/326] STCV
[22:28:42] [298/326] SRDA
[22:28:43] [299/326] JTSX
[22:28:44] [300/326] STBV
[22:28:44] 🔄 Identity reset
[22:28:44] 🔄 Identity rotated (every 10 requests)
[22:28:45] [301/326] APVZ
[22:28:46] [302/326] GSTV
[22:28:47] [303/326] NMVS
[22:28:48] [304/326] SKRT
[22:28:49] [305/326] RMDV
[22:28:50] [306/326] RATG
[22:28:51] [307/326] SJYV
[22:28:52] [308/326] NDGP
[22:28:52] [309/326] SNDG
[22:28:54] [310/326] INSR
[22:28:55] 🔄 Identity reset
[22:28:55] 🔄 Identity rotated (every 10 requests)
[22:28:55] [311/326] INSO
[22:28:56] [312/326] CCSI
[22:28:57] [313/326] RASM
[22:28:58] [314/326] NEWC
[22:28:58] [315/326] VSHL
[22:28:59] [316/326] BISW
[22:29:00] [317/326] GCNG
[22:29:01] [318/326] CWSC
[22:29:02] [319/326] SKAN
[22:29:03] [320/326] CCOA
[22:29:04] 🔄 Identity reset
[22:29:04] 🔄 Identity rotated (every 10 requests)
[22:29:04] [321/326] MCAJ
[22:29:05] [322/326] ACDE
[22:29:06] [323/326] AACM
[22:29:07] [324/326] JJCK
[22:29:08] [325/326] RCMO
[22:29:09] [326/326] GDAW
[22:29:10] 🧹 Deduping shows
[22:29:10] ✅ DONE | Shows=151 | Movies=2
[01:01:14] 🚀 SCRIPT STARTED (enhanced anti‑detection)
[01:01:14] [1/326] VCHA
[01:01:14] 🧠 New identity created
[01:01:14] [2/326] SCKO
[01:01:15] [3/326] VKTK
[01:01:17] [4/326] DXEC
[01:01:18] [5/326] CDCA
[01:01:19] [6/326] VBCZ
[01:01:19] [7/326] MSDR
[01:01:20] [8/326] ACPV
[01:01:22] [9/326] PVHB
[01:01:23] [10/326] RCNH
[01:01:23] 🔄 Identity reset
[01:01:23] 🔄 Identity rotated (every 10 requests)
[01:01:24] [11/326] IOMH
[01:01:25] [12/326] ILKS
[01:01:26] [13/326] AMSN
[01:01:28] [14/326] ANTP
[01:01:29] [15/326] SSEK
[01:01:29] [16/326] PICP
[01:01:30] [17/326] SICO
[01:01:31] [18/326] SISP
[01:01:33] [19/326] SCPI
[01:01:34] [20/326] CRPR
[01:01:34] 🔄 Identity reset
[01:01:34] 🔄 Identity rotated (every 10 requests)
[01:01:35] [21/326] DCTW
[01:01:35] [22/326] DCSP
[01:01:36] [23/326] KRPM
[01:01:37] [24/326] THKK
[01:01:38] [25/326] SNMY
[01:01:39] [26/326] AKCC
[01:01:40] [27/326] PCAT
[01:01:40] [28/326] RFGO
[01:01:41] [29/326] GGCS
[01:01:42] [30/326] ACKR
[01:01:43] 🔄 Identity reset
[01:01:43] 🔄 Identity rotated (every 10 requests)
[01:01:43] [31/326] STDO
[01:01:44] [32/326] ACKB
[01:01:45] [33/326] ALUC
[01:01:46] [34/326] MNSR
[01:01:47] [35/326] CSSL
[01:01:48] [36/326] BGGM
[01:01:49] [37/326] MANT
[01:01:49] [38/326] SOOY
[01:01:50] [39/326] VPPK
[01:01:51] [40/326] MYHJ
[01:01:52] 🔄 Identity reset
[01:01:52] 🔄 Identity rotated (every 10 requests)
[01:01:52] [41/326] KSCK
[01:01:53] [42/326] KATK
[01:01:54] [43/326] RTRT
[01:01:56] [44/326] SSTT
[01:01:56] [45/326] SSTV
[01:01:58] [46/326] LACM
[01:01:59] [47/326] SGMG
[01:02:00] [48/326] KACX
[01:02:01] [49/326] GVCP
[01:02:02] [50/326] CSNC
[01:02:02] 🔄 Identity reset
[01:02:02] 🔄 Identity rotated (every 10 requests)
[01:02:03] [51/326] SXCB
[01:02:04] [52/326] BAHS
[01:02:04] [53/326] PCBI
[01:02:05] [54/326] PSSM
[01:02:06] [55/326] RCOK
[01:02:07] [56/326] SCPF
[01:02:08] [57/326] SSAS
[01:02:09] [58/326] EVMM
[01:02:10] [59/326] SYCB
[01:02:11] [60/326] GCKI
[01:02:11] 🔄 Identity reset
[01:02:11] 🔄 Identity rotated (every 10 requests)
[01:02:12] [61/326] IAET
[01:02:12] [62/326] DDTD
[01:02:14] [63/326] GMDH
[01:02:14] [64/326] STLE
[01:02:15] [65/326] JTRA
[01:02:16] [66/326] RPPA
[01:02:17] [67/326] ARUT
[01:02:18] [68/326] JTVM
[01:02:19] [69/326] SWRH
[01:02:20] [70/326] DCPC
[01:02:21] 🔄 Identity reset
[01:02:21] 🔄 Identity rotated (every 10 requests)
[01:02:21] [71/326] RAPR
[01:02:22] [72/326] GCRT
[01:02:23] [73/326] ATUN
[01:02:24] [74/326] LTRM
[01:02:24] [75/326] TASR
[01:02:25] [76/326] RLLC
[01:02:26] [77/326] MABI
[01:02:28] [78/326] SVHB
[01:02:28] [79/326] NVTB
[01:02:29] [80/326] KCKG
[01:02:30] 🔄 Identity reset
[01:02:30] 🔄 Identity rotated (every 10 requests)
[01:02:30] [81/326] SSRN
[01:02:31] [82/326] VDDC
[01:02:32] [83/326] GKTK
[01:02:34] [84/326] YFSN
[01:02:35] [85/326] GCSG
[01:02:36] [86/326] ESSM
[01:02:36] [87/326] KRIH
[01:02:37] [88/326] GCDS
[01:02:38] [89/326] CCSH
[01:02:39] [90/326] ACSK
[01:02:40] 🔄 Identity reset
[01:02:40] 🔄 Identity rotated (every 10 requests)
[01:02:40] [91/326] APRK
[01:02:41] [92/326] ADKM
[01:02:42] [93/326] SRDM
[01:02:43] [94/326] SJMY
[01:02:44] [95/326] PGGC
[01:02:45] [96/326] INGM
[01:02:46] [97/326] LSCB
[01:02:47] [98/326] STAD
[01:02:49] [99/326] MCCR
[01:02:49] [100/326] ABCC
[01:02:50] 🔄 Identity reset
[01:02:50] 🔄 Identity rotated (every 10 requests)
[01:02:50] [101/326] RKCC
[01:02:51] [102/326] RTCR
[01:02:52] [103/326] GGBC
[01:02:53] [104/326] GCSD
[01:02:54] [105/326] LPTY
[01:02:55] [106/326] MCFD
[01:02:56] [107/326] HENN
[01:02:57] [108/326] SMKU
[01:02:57] [109/326] TNZC
[01:02:58] [110/326] DRCD
[01:02:59] 🔄 Identity reset
[01:02:59] 🔄 Identity rotated (every 10 requests)
[01:02:59] [111/326] DLCD
[01:03:00] [112/326] RCDA
[01:03:01] [113/326] COSM
[01:03:02] [114/326] MCMJ
[01:03:03] [115/326] CSTR
[01:03:04] [116/326] CVDK
[01:03:05] [117/326] INRR
[01:03:05] [118/326] RJRT
[01:03:07] [119/326] IRMR
[01:03:08] [120/326] SRCF
[01:03:08] 🔄 Identity reset
[01:03:08] 🔄 Identity rotated (every 10 requests)
[01:03:09] [121/326] GRCR
[01:03:10] [122/326] SURC
[01:03:11] [123/326] NMNH
[01:03:12] [124/326] SVBL
[01:03:13] [125/326] KACI
[01:03:14] [126/326] TDGO
[01:03:15] [127/326] KTBR
[01:03:15] [128/326] PMAD
[01:03:16] [129/326] CCPN
[01:03:17] [130/326] SBTK
[01:03:18] 🔄 Identity reset
[01:03:18] 🔄 Identity rotated (every 10 requests)
[01:03:18] [131/326] LMDK
[01:03:19] [132/326] PGDA
[01:03:20] [133/326] SRML
[01:03:21] [134/326] EVCK
[01:03:22] [135/326] RTTK
[01:03:23] [136/326] SRTU
[01:03:24] [137/326] VRSA
[01:03:25] [138/326] VARS
[01:03:26] [139/326] DSCZ
[01:03:27] [140/326] GAGA
[01:03:27] 🔄 Identity reset
[01:03:27] 🔄 Identity rotated (every 10 requests)
[01:03:28] [141/326] SARV
[01:03:28] [142/326] SEEG
[01:03:29] [143/326] GLCA
[01:03:30] [144/326] APAS
[01:03:31] [145/326] VCIA
[01:03:32] [146/326] SJTA
[01:03:33] [147/326] SABM
[01:03:34] [148/326] PPAG
[01:03:35] [149/326] RVCA
[01:03:36] [150/326] CCIA
[01:03:36] 🔄 Identity reset
[01:03:36] 🔄 Identity rotated (every 10 requests)
[01:03:37] [151/326] HTAG
[01:03:38] [152/326] SMBI
[01:03:39] [153/326] MCJR
[01:03:40] [154/326] CCJR
[01:03:40] [155/326] SINF
[01:03:41] [156/326] CPLX
[01:03:42] [157/326] KKTJ
[01:03:43] [158/326] GDBW
[01:03:44] [159/326] CSUB
[01:03:44] [160/326] DABA
[01:03:45] 🔄 Identity reset
[01:03:45] 🔄 Identity rotated (every 10 requests)
[01:03:45] [161/326] TITR
[01:03:46] [162/326] NYCR
[01:03:47] [163/326] RTRY
[01:03:48] [164/326] JTJL
[01:03:49] [165/326] SJCP
[01:03:50] [166/326] KCCA
[01:03:51] [167/326] MLPG
[01:03:52] [168/326] VRCK
[01:03:53] [169/326] SRIN
[01:03:54] [170/326] CXMK
[01:03:54] 🔄 Identity reset
[01:03:54] 🔄 Identity rotated (every 10 requests)
[01:03:55] [171/326] SKAD
[01:03:55] [172/326] AVTR
[01:03:57] [173/326] PTAJ
[01:03:58] [174/326] SCNK
[01:03:59] [175/326] STTI
[01:04:00] [176/326] KACR
[01:04:00] [177/326] SSDX
[01:04:01] [178/326] VRTJ
[01:04:02] [179/326] RAJD
[01:04:03] [180/326] SCIP
[01:04:04] 🔄 Identity reset
[01:04:04] 🔄 Identity rotated (every 10 requests)
[01:04:04] [181/326] RJSL
[01:04:05] [182/326] ARRS
[01:04:06] [183/326] ASMS
[01:04:07] [184/326] RDTS
[01:04:08] [185/326] DVMY
[01:04:09] [186/326] RASA
[01:04:10] [187/326] INOM
[01:04:11] [188/326] SPRS
[01:04:11] [189/326] SGCS
[01:04:12] [190/326] SALM
[01:04:13] 🔄 Identity reset
[01:04:13] 🔄 Identity rotated (every 10 requests)
[01:04:13] [191/326] PKHC
[01:04:14] [192/326] RCSV
[01:04:15] [193/326] CPKC
[01:04:16] [194/326] AACD
[01:04:17] [195/326] GGCV
[01:04:18] [196/326] SMKD
[01:04:19] [197/326] NBCH
[01:04:20] [198/326] AMCB
[01:04:20] [199/326] OPCN
[01:04:21] [200/326] DCIN
[01:04:22] 🔄 Identity reset
[01:04:22] 🔄 Identity rotated (every 10 requests)
[01:04:22] [201/326] INGW
[01:04:23] [202/326] PKKW
[01:04:24] [203/326] FNGW
[01:04:25] [204/326] GCGD
[01:04:26] [205/326] MSTW
[01:04:27] [206/326] KCCG
[01:04:29] [207/326] MRSS
[01:04:30] [208/326] CLCF
[01:04:30] [209/326] EETS
[01:04:32] [210/326] AATR
[01:04:32] 🔄 Identity reset
[01:04:32] 🔄 Identity rotated (every 10 requests)
[01:04:33] [211/326] CMMN
[01:04:34] [212/326] SCCJ
[01:04:34] [213/326] CDTK
[01:04:36] [214/326] AICP
[01:04:37] [215/326] FNBP
[01:04:38] [216/326] CBPB
[01:04:39] [217/326] CPAS
[01:04:40] [218/326] MAPM
[01:04:41] [219/326] PASD
[01:04:41] [220/326] JCMN
[01:04:42] 🔄 Identity reset
[01:04:42] 🔄 Identity rotated (every 10 requests)
[01:04:42] [221/326] MALB
[01:04:43] [222/326] SACG
[01:04:44] [223/326] DDRX
[01:04:45] [224/326] DDXB
[01:04:46] [225/326] RAMC
[01:04:47] [226/326] SANC
[01:04:48] [227/326] BCBP
[01:04:49] [228/326] ALPC
[01:04:50] [229/326] RBAC
[01:04:51] [230/326] RAJL
[01:04:52] 🔄 Identity reset
[01:04:52] 🔄 Identity rotated (every 10 requests)
[01:04:52] [231/326] MPDX
[01:04:53] [232/326] MUSC
[01:04:54] [233/326] VKMK
[01:04:54] [234/326] SKCG
[01:04:55] [235/326] ANCN
[01:04:56] [236/326] MMCJ
[01:04:57] [237/326] DCAK
[01:04:58] [238/326] SCKG
[01:04:59] [239/326] LMCK
[01:05:00] [240/326] CKKX
[01:05:00] 🔄 Identity reset
[01:05:00] 🔄 Identity rotated (every 10 requests)
[01:05:01] [241/326] ANKU
[01:05:02] [242/326] CSMD
[01:05:02] [243/326] MKMP
[01:05:03] [244/326] SVBG
[01:05:04] [245/326] ROOP
[01:05:05] [246/326] GDMT
[01:05:06] [247/326] FPPF
[01:05:07] [248/326] SFUU
[01:05:08] [249/326] ANCB
[01:05:09] [250/326] SMMC
[01:05:09] 🔄 Identity reset
[01:05:09] 🔄 Identity rotated (every 10 requests)
[01:05:10] [251/326] UGKT
[01:05:11] [252/326] JVRM
[01:05:11] [253/326] BATG
[01:05:12] [254/326] RATE
[01:05:13] [255/326] SKME
[01:05:14] [256/326] LMTP
[01:05:16] [257/326] TCBD
[01:05:17] [258/326] ESBD
[01:05:18] [259/326] GDCU
[01:05:19] [260/326] SNKT
[01:05:19] 🔄 Identity reset
[01:05:19] 🔄 Identity rotated (every 10 requests)
[01:05:20] [261/326] SRNK
[01:05:20] [262/326] SMED
[01:05:21] [263/326] CSQS
[01:05:22] [264/326] ALCS
[01:05:23] [265/326] KCKN
[01:05:24] [266/326] VCCL
[01:05:25] [267/326] MCDA
[01:05:26] [268/326] SHMI
[01:05:27] [269/326] SKHA
[01:05:27] [270/326] SVFK
[01:05:28] 🔄 Identity reset
[01:05:28] 🔄 Identity rotated (every 10 requests)
[01:05:28] [271/326] INVB
[01:05:29] [272/326] MELD
[01:05:31] [273/326] JTYS
[01:05:32] [274/326] INCM
[01:05:32] [275/326] MCDV
[01:05:33] [276/326] KSGK
[01:05:34] [277/326] ICMG
[01:05:35] [278/326] CSCV
[01:05:36] [279/326] STMD
[01:05:37] [280/326] STTR
[01:05:38] 🔄 Identity reset
[01:05:38] 🔄 Identity rotated (every 10 requests)
[01:05:38] [281/326] INVC
[01:05:39] [282/326] JTBL
[01:05:40] [283/326] SRVV
[01:05:41] [284/326] MAVC
[01:05:42] [285/326] SRPP
[01:05:43] [286/326] JGDM
[01:05:43] [287/326] MBSJ
[01:05:44] [288/326] SSLL
[01:05:45] [289/326] SLKP
[01:05:46] [290/326] NSRV
[01:05:47] 🔄 Identity reset
[01:05:47] 🔄 Identity rotated (every 10 requests)
[01:05:47] [291/326] UTDV
[01:05:48] [292/326] KICM
[01:05:48] [293/326] KCMD
[01:05:49] [294/326] TTPP
[01:05:50] [295/326] KMPV
[01:05:51] [296/326] SKTV
[01:05:52] [297/326] STCV
[01:05:53] [298/326] SRDA
[01:05:54] [299/326] JTSX
[01:05:55] [300/326] STBV
[01:05:55] 🔄 Identity reset
[01:05:55] 🔄 Identity rotated (every 10 requests)
[01:05:56] [301/326] APVZ
[01:05:56] [302/326] GSTV
[01:05:57] [303/326] NMVS
[01:05:58] [304/326] SKRT
[01:05:59] [305/326] RMDV
[01:06:00] [306/326] RATG
[01:06:01] [307/326] SJYV
[01:06:02] [308/326] NDGP
[01:06:03] [309/326] SNDG
[01:06:04] [310/326] INSR
[01:06:04] 🔄 Identity reset
[01:06:04] 🔄 Identity rotated (every 10 requests)
[01:06:05] [311/326] INSO
[01:06:06] [312/326] CCSI
[01:06:07] [313/326] RASM
[01:06:07] [314/326] NEWC
[01:06:09] [315/326] VSHL
[01:06:10] [316/326] BISW
[01:06:10] [317/326] GCNG
[01:06:11] [318/326] CWSC
[01:06:12] [319/326] SKAN
[01:06:13] [320/326] CCOA
[01:06:14] 🔄 Identity reset
[01:06:14] 🔄 Identity rotated (every 10 requests)
[01:06:14] [321/326] MCAJ
[01:06:16] [322/326] ACDE
[01:06:16] [323/326] AACM
[01:06:17] [324/326] JJCK
[01:06:19] [325/326] RCMO
[01:06:20] [326/326] GDAW
[01:06:21] 🧹 Deduping shows
[01:06:21] ✅ DONE | Shows=180 | Movies=2
[04:46:40] 🚀 SCRIPT STARTED (enhanced anti‑detection)
[04:46:40] [1/326] VCHA
[04:46:40] 🧠 New identity created
[04:46:41] [2/326] SCKO
[04:46:41] [3/326] VKTK
[04:46:42] [4/326] DXEC
[04:46:43] [5/326] CDCA
[04:46:45] [6/326] VBCZ
[04:46:45] [7/326] MSDR
[04:46:46] [8/326] ACPV
[04:46:47] [9/326] PVHB
[04:46:48] [10/326] RCNH
[04:46:49] 🔄 Identity reset
[04:46:49] 🔄 Identity rotated (every 10 requests)
[04:46:50] [11/326] IOMH
[04:46:51] [12/326] ILKS
[04:46:52] [13/326] AMSN
[04:46:53] [14/326] ANTP
[04:46:54] [15/326] SSEK
[04:46:55] [16/326] PICP
[04:46:55] [17/326] SICO
[04:46:56] [18/326] SISP
[04:46:57] [19/326] SCPI
[04:46:58] [20/326] CRPR
[04:46:59] 🔄 Identity reset
[04:46:59] 🔄 Identity rotated (every 10 requests)
[04:46:59] [21/326] DCTW
[04:47:00] [22/326] DCSP
[04:47:01] [23/326] KRPM
[04:47:02] [24/326] THKK
[04:47:03] [25/326] SNMY
[04:47:03] [26/326] AKCC
[04:47:04] [27/326] PCAT
[04:47:05] [28/326] RFGO
[04:47:06] [29/326] GGCS
[04:47:07] [30/326] ACKR
[04:47:07] 🔄 Identity reset
[04:47:07] 🔄 Identity rotated (every 10 requests)
[04:47:07] [31/326] STDO
[04:47:08] [32/326] ACKB
[04:47:09] [33/326] ALUC
[04:47:10] [34/326] MNSR
[04:47:11] [35/326] CSSL
[04:47:13] [36/326] BGGM
[04:47:14] [37/326] MANT
[04:47:16] [38/326] SOOY
[04:47:17] [39/326] VPPK
[04:47:18] [40/326] MYHJ
[04:47:18] 🔄 Identity reset
[04:47:18] 🔄 Identity rotated (every 10 requests)
[04:47:19] [41/326] KSCK
[04:47:19] [42/326] KATK
[04:47:20] [43/326] RTRT
[04:47:21] [44/326] SSTT
[04:47:22] [45/326] SSTV
[04:47:23] [46/326] LACM
[04:47:24] [47/326] SGMG
[04:47:25] [48/326] KACX
[04:47:26] [49/326] GVCP
[04:47:27] [50/326] CSNC
[04:47:27] 🔄 Identity reset
[04:47:27] 🔄 Identity rotated (every 10 requests)
[04:47:28] [51/326] SXCB
[04:47:29] [52/326] BAHS
[04:47:30] [53/326] PCBI
[04:47:31] [54/326] PSSM
[04:47:32] [55/326] RCOK
[04:47:33] [56/326] SCPF
[04:47:34] [57/326] SSAS
[04:47:35] [58/326] EVMM
[04:47:35] [59/326] SYCB
[04:47:37] [60/326] GCKI
[04:47:37] 🔄 Identity reset
[04:47:37] 🔄 Identity rotated (every 10 requests)
[04:47:38] [61/326] IAET
[04:47:39] [62/326] DDTD
[04:47:39] [63/326] GMDH
[04:47:40] [64/326] STLE
[04:47:41] [65/326] JTRA
[04:47:42] [66/326] RPPA
[04:47:43] [67/326] ARUT
[04:47:44] [68/326] JTVM
[04:47:44] [69/326] SWRH
[04:47:46] [70/326] DCPC
[04:47:46] 🔄 Identity reset
[04:47:46] 🔄 Identity rotated (every 10 requests)
[04:47:47] [71/326] RAPR
[04:47:48] [72/326] GCRT
[04:47:48] [73/326] ATUN
[04:47:49] [74/326] LTRM
[04:47:50] [75/326] TASR
[04:47:51] [76/326] RLLC
[04:47:51] [77/326] MABI
[04:47:52] [78/326] SVHB
[04:47:53] [79/326] NVTB
[04:47:54] [80/326] KCKG
[04:47:55] 🔄 Identity reset
[04:47:55] 🔄 Identity rotated (every 10 requests)
[04:47:55] [81/326] SSRN
[04:47:56] [82/326] VDDC
[04:47:57] [83/326] GKTK
[04:47:57] [84/326] YFSN
[04:47:58] [85/326] GCSG
[04:47:59] [86/326] ESSM
[04:48:00] [87/326] KRIH
[04:48:01] [88/326] GCDS
[04:48:02] [89/326] CCSH
[04:48:03] [90/326] ACSK
[04:48:03] 🔄 Identity reset
[04:48:03] 🔄 Identity rotated (every 10 requests)
[04:48:04] [91/326] APRK
[04:48:04] [92/326] ADKM
[04:48:05] [93/326] SRDM
[04:48:06] [94/326] SJMY
[04:48:08] [95/326] PGGC
[04:48:08] [96/326] INGM
[04:48:09] [97/326] LSCB
[04:48:10] [98/326] STAD
[04:48:11] [99/326] MCCR
[04:48:12] [100/326] ABCC
[04:48:12] 🔄 Identity reset
[04:48:12] 🔄 Identity rotated (every 10 requests)
[04:48:13] [101/326] RKCC
[04:48:14] [102/326] RTCR
[04:48:15] [103/326] GGBC
[04:48:16] [104/326] GCSD
[04:48:17] [105/326] LPTY
[04:48:18] [106/326] MCFD
[04:48:19] [107/326] HENN
[04:48:20] [108/326] SMKU
[04:48:21] [109/326] TNZC
[04:48:21] [110/326] DRCD
[04:48:22] 🔄 Identity reset
[04:48:22] 🔄 Identity rotated (every 10 requests)
[04:48:22] [111/326] DLCD
[04:48:23] [112/326] RCDA
[04:48:24] [113/326] COSM
[04:48:25] [114/326] MCMJ
[04:48:25] [115/326] CSTR
[04:48:26] [116/326] CVDK
[04:48:28] [117/326] INRR
[04:48:28] [118/326] RJRT
[04:48:29] [119/326] IRMR
[04:48:30] [120/326] SRCF
[04:48:31] 🔄 Identity reset
[04:48:31] 🔄 Identity rotated (every 10 requests)
[04:48:31] [121/326] GRCR
[04:48:32] [122/326] SURC
[04:48:34] [123/326] NMNH
[04:48:35] [124/326] SVBL
[04:48:35] [125/326] KACI
[04:48:36] [126/326] TDGO
[04:48:37] [127/326] KTBR
[04:48:38] [128/326] PMAD
[04:48:39] [129/326] CCPN
[04:48:40] [130/326] SBTK
[04:48:41] 🔄 Identity reset
[04:48:41] 🔄 Identity rotated (every 10 requests)
[04:48:41] [131/326] LMDK
[04:48:42] [132/326] PGDA
[04:48:43] [133/326] SRML
[04:48:43] [134/326] EVCK
[04:48:44] [135/326] RTTK
[04:48:45] [136/326] SRTU
[04:48:46] [137/326] VRSA
[04:48:47] [138/326] VARS
[04:48:48] [139/326] DSCZ
[04:48:49] [140/326] GAGA
[04:48:49] 🔄 Identity reset
[04:48:49] 🔄 Identity rotated (every 10 requests)
[04:48:49] [141/326] SARV
[04:48:50] [142/326] SEEG
[04:48:51] [143/326] GLCA
[04:48:52] [144/326] APAS
[04:48:53] [145/326] VCIA
[04:48:53] [146/326] SJTA
[04:48:54] [147/326] SABM
[04:48:56] [148/326] PPAG
[04:48:57] [149/326] RVCA
[04:48:58] [150/326] CCIA
[04:48:58] 🔄 Identity reset
[04:48:58] 🔄 Identity rotated (every 10 requests)
[04:48:59] [151/326] HTAG
[04:49:00] [152/326] SMBI
[04:49:00] [153/326] MCJR
[04:49:01] [154/326] CCJR
[04:49:02] [155/326] SINF
[04:49:03] [156/326] CPLX
[04:49:04] [157/326] KKTJ
[04:49:05] [158/326] GDBW
[04:49:06] [159/326] CSUB
[04:49:07] [160/326] DABA
[04:49:08] 🔄 Identity reset
[04:49:08] 🔄 Identity rotated (every 10 requests)
[04:49:08] [161/326] TITR
[04:49:09] [162/326] NYCR
[04:49:10] [163/326] RTRY
[04:49:10] [164/326] JTJL
[04:49:11] [165/326] SJCP
[04:49:12] [166/326] KCCA
[04:49:13] [167/326] MLPG
[04:49:15] [168/326] VRCK
[04:49:15] [169/326] SRIN
[04:49:16] [170/326] CXMK
[04:49:17] 🔄 Identity reset
[04:49:17] 🔄 Identity rotated (every 10 requests)
[04:49:17] [171/326] SKAD
[04:49:18] [172/326] AVTR
[04:49:19] [173/326] PTAJ
[04:49:20] [174/326] SCNK
[04:49:21] [175/326] STTI
[04:49:22] [176/326] KACR
[04:49:22] [177/326] SSDX
[04:49:23] [178/326] VRTJ
[04:49:24] [179/326] RAJD
[04:49:25] [180/326] SCIP
[04:49:26] 🔄 Identity reset
[04:49:26] 🔄 Identity rotated (every 10 requests)
[04:49:26] [181/326] RJSL
[04:49:27] [182/326] ARRS
[04:49:28] [183/326] ASMS
[04:49:29] [184/326] RDTS
[04:49:30] [185/326] DVMY
[04:49:31] [186/326] RASA
[04:49:33] [187/326] INOM
[04:49:33] [188/326] SPRS
[04:49:34] [189/326] SGCS
[04:49:35] [190/326] SALM
[04:49:36] 🔄 Identity reset
[04:49:36] 🔄 Identity rotated (every 10 requests)
[04:49:36] [191/326] PKHC
[04:49:38] [192/326] RCSV
[04:49:39] [193/326] CPKC
[04:49:40] [194/326] AACD
[04:49:40] [195/326] GGCV
[04:49:41] [196/326] SMKD
[04:49:42] [197/326] NBCH
[04:49:43] [198/326] AMCB
[04:49:44] [199/326] OPCN
[04:49:44] [200/326] DCIN
[04:49:45] 🔄 Identity reset
[04:49:45] 🔄 Identity rotated (every 10 requests)
[04:49:45] [201/326] INGW
[04:49:46] [202/326] PKKW
[04:49:47] [203/326] FNGW
[04:49:48] [204/326] GCGD
[04:49:49] [205/326] MSTW
[04:49:50] [206/326] KCCG
[04:49:50] [207/326] MRSS
[04:49:51] [208/326] CLCF
[04:49:52] [209/326] EETS
[04:49:53] [210/326] AATR
[04:49:54] 🔄 Identity reset
[04:49:54] 🔄 Identity rotated (every 10 requests)
[04:49:54] [211/326] CMMN
[04:49:55] [212/326] SCCJ
[04:49:56] [213/326] CDTK
[04:49:57] [214/326] AICP
[04:49:58] [215/326] FNBP
[04:49:59] [216/326] CBPB
[04:50:00] [217/326] CPAS
[04:50:01] [218/326] MAPM
[04:50:03] [219/326] PASD
[04:50:04] [220/326] JCMN
[04:50:05] 🔄 Identity reset
[04:50:05] 🔄 Identity rotated (every 10 requests)
[04:50:05] [221/326] MALB
[04:50:06] [222/326] SACG
[04:50:07] [223/326] DDRX
[04:50:07] [224/326] DDXB
[04:50:08] [225/326] RAMC
[04:50:09] [226/326] SANC
[04:50:10] [227/326] BCBP
[04:50:11] [228/326] ALPC
[04:50:12] [229/326] RBAC
[04:50:13] [230/326] RAJL
[04:50:14] 🔄 Identity reset
[04:50:14] 🔄 Identity rotated (every 10 requests)
[04:50:14] [231/326] MPDX
[04:50:15] [232/326] MUSC
[04:50:16] [233/326] VKMK
[04:50:16] [234/326] SKCG
[04:50:18] [235/326] ANCN
[04:50:20] [236/326] MMCJ
[04:50:20] [237/326] DCAK
[04:50:21] [238/326] SCKG
[04:50:22] [239/326] LMCK
[04:50:23] [240/326] CKKX
[04:50:24] 🔄 Identity reset
[04:50:24] 🔄 Identity rotated (every 10 requests)
[04:50:24] [241/326] ANKU
[04:50:25] [242/326] CSMD
[04:50:26] [243/326] MKMP
[04:50:27] [244/326] SVBG
[04:50:28] [245/326] ROOP
[04:50:29] [246/326] GDMT
[04:50:29] [247/326] FPPF
[04:50:30] [248/326] SFUU
[04:50:31] [249/326] ANCB
[04:50:32] [250/326] SMMC
[04:50:32] 🔄 Identity reset
[04:50:32] 🔄 Identity rotated (every 10 requests)
[04:50:33] [251/326] UGKT
[04:50:34] [252/326] JVRM
[04:50:35] [253/326] BATG
[04:50:36] [254/326] RATE
[04:50:36] [255/326] SKME
[04:50:37] [256/326] LMTP
[04:50:38] [257/326] TCBD
[04:50:39] [258/326] ESBD
[04:50:40] [259/326] GDCU
[04:50:41] [260/326] SNKT
[04:50:41] 🔄 Identity reset
[04:50:41] 🔄 Identity rotated (every 10 requests)
[04:50:41] [261/326] SRNK
[04:50:42] [262/326] SMED
[04:50:43] [263/326] CSQS
[04:50:44] [264/326] ALCS
[04:50:45] [265/326] KCKN
[04:50:46] [266/326] VCCL
[04:50:47] [267/326] MCDA
[04:50:48] [268/326] SHMI
[04:50:49] [269/326] SKHA
[04:50:50] [270/326] SVFK
[04:50:50] 🔄 Identity reset
[04:50:50] 🔄 Identity rotated (every 10 requests)
[04:50:51] [271/326] INVB
[04:50:51] [272/326] MELD
[04:50:53] [273/326] JTYS
[04:50:54] [274/326] INCM
[04:50:55] [275/326] MCDV
[04:50:56] [276/326] KSGK
[04:50:57] [277/326] ICMG
[04:50:57] [278/326] CSCV
[04:50:58] [279/326] STMD
[04:50:59] [280/326] STTR
[04:51:00] 🔄 Identity reset
[04:51:00] 🔄 Identity rotated (every 10 requests)
[04:51:00] [281/326] INVC
[04:51:01] [282/326] JTBL
[04:51:02] [283/326] SRVV
[04:51:02] [284/326] MAVC
[04:51:03] [285/326] SRPP
[04:51:04] [286/326] JGDM
[04:51:05] [287/326] MBSJ
[04:51:06] [288/326] SSLL
[04:51:06] [289/326] SLKP
[04:51:07] [290/326] NSRV
[04:51:08] 🔄 Identity reset
[04:51:08] 🔄 Identity rotated (every 10 requests)
[04:51:08] [291/326] UTDV
[04:51:09] [292/326] KICM
[04:51:10] [293/326] KCMD
[04:51:10] [294/326] TTPP
[04:51:11] [295/326] KMPV
[04:51:13] [296/326] SKTV
[04:51:14] [297/326] STCV
[04:51:14] [298/326] SRDA
[04:51:16] [299/326] JTSX
[04:51:17] [300/326] STBV
[04:51:17] 🔄 Identity reset
[04:51:17] 🔄 Identity rotated (every 10 requests)
[04:51:18] [301/326] APVZ
[04:51:19] [302/326] GSTV
[04:51:19] [303/326] NMVS
[04:51:20] [304/326] SKRT
[04:51:22] [305/326] RMDV
[04:51:23] [306/326] RATG
[04:51:24] [307/326] SJYV
[04:51:25] [308/326] NDGP
[04:51:26] [309/326] SNDG
[04:51:27] [310/326] INSR
[04:51:28] 🔄 Identity reset
[04:51:28] 🔄 Identity rotated (every 10 requests)
[04:51:28] [311/326] INSO
[04:51:29] [312/326] CCSI
[04:51:30] [313/326] RASM
[04:51:31] [314/326] NEWC
[04:51:31] [315/326] VSHL
[04:51:33] [316/326] BISW
[04:51:34] [317/326] GCNG
[04:51:35] [318/326] CWSC
[04:51:35] [319/326] SKAN
[04:51:36] [320/326] CCOA
[04:51:37] 🔄 Identity reset
[04:51:37] 🔄 Identity rotated (every 10 requests)
[04:51:37] [321/326] MCAJ
[04:51:38] [322/326] ACDE
[04:51:39] [323/326] AACM
[04:51:40] [324/326] JJCK
[04:51:41] [325/326] RCMO
[04:51:42] [326/326] GDAW
[04:51:43] 🧹 Deduping shows
[04:51:43] ✅ DONE | Shows=200 | Movies=2
[10:28:21] 🚀 SCRIPT STARTED (enhanced anti‑detection)
[10:28:21] [1/326] VCHA
[10:28:21] 🧠 New identity created
[10:28:21] [2/326] SCKO
[10:28:22] [3/326] VKTK
[10:28:23] [4/326] DXEC
[10:28:24] [5/326] CDCA
[10:28:25] [6/326] VBCZ
[10:28:26] [7/326] MSDR
[10:28:27] [8/326] ACPV
[10:28:28] [9/326] PVHB
[10:28:29] [10/326] RCNH
[10:28:30] 🔄 Identity reset
[10:28:30] 🔄 Identity rotated (every 10 requests)
[10:28:30] [11/326] IOMH
[10:28:31] [12/326] ILKS
[10:28:32] [13/326] AMSN
[10:28:32] [14/326] ANTP
[10:28:33] [15/326] SSEK
[10:28:34] [16/326] PICP
[10:28:35] [17/326] SICO
[10:28:36] [18/326] SISP
[10:28:37] [19/326] SCPI
[10:28:38] [20/326] CRPR
[10:28:38] 🔄 Identity reset
[10:28:38] 🔄 Identity rotated (every 10 requests)
[10:28:39] [21/326] DCTW
[10:28:39] [22/326] DCSP
[10:28:40] [23/326] KRPM
[10:28:41] [24/326] THKK
[10:28:42] [25/326] SNMY
[10:28:43] [26/326] AKCC
[10:28:44] [27/326] PCAT
[10:28:45] [28/326] RFGO
[10:28:46] [29/326] GGCS
[10:28:46] [30/326] ACKR
[10:28:47] 🔄 Identity reset
[10:28:47] 🔄 Identity rotated (every 10 requests)
[10:28:47] [31/326] STDO
[10:28:48] [32/326] ACKB
[10:28:49] [33/326] ALUC
[10:28:50] [34/326] MNSR
[10:28:51] [35/326] CSSL
[10:28:52] [36/326] BGGM
[10:28:53] [37/326] MANT
[10:28:54] [38/326] SOOY
[10:28:55] [39/326] VPPK
[10:28:55] [40/326] MYHJ
[10:28:56] 🔄 Identity reset
[10:28:56] 🔄 Identity rotated (every 10 requests)
[10:28:56] [41/326] KSCK
[10:28:57] [42/326] KATK
[10:28:58] [43/326] RTRT
[10:29:00] [44/326] SSTT
[10:29:01] [45/326] SSTV
[10:29:02] [46/326] LACM
[10:29:02] [47/326] SGMG
[10:29:03] [48/326] KACX
[10:29:04] [49/326] GVCP
[10:29:05] [50/326] CSNC
[10:29:05] 🔄 Identity reset
[10:29:05] 🔄 Identity rotated (every 10 requests)
[10:29:06] [51/326] SXCB
[10:29:07] [52/326] BAHS
[10:29:08] [53/326] PCBI
[10:29:09] [54/326] PSSM
[10:29:10] [55/326] RCOK
[10:29:11] [56/326] SCPF
[10:29:12] [57/326] SSAS
[10:29:12] [58/326] EVMM
[10:29:13] [59/326] SYCB
[10:29:14] [60/326] GCKI
[10:29:15] 🔄 Identity reset
[10:29:15] 🔄 Identity rotated (every 10 requests)
[10:29:15] [61/326] IAET
[10:29:16] [62/326] DDTD
[10:29:17] [63/326] GMDH
[10:29:18] [64/326] STLE
[10:29:19] [65/326] JTRA
[10:29:20] [66/326] RPPA
[10:29:21] [67/326] ARUT
[10:29:22] [68/326] JTVM
[10:29:23] [69/326] SWRH
[10:29:24] [70/326] DCPC
[10:29:24] 🔄 Identity reset
[10:29:24] 🔄 Identity rotated (every 10 requests)
[10:29:24] [71/326] RAPR
[10:29:25] [72/326] GCRT
[10:29:26] [73/326] ATUN
[10:29:27] [74/326] LTRM
[10:29:28] [75/326] TASR
[10:29:29] [76/326] RLLC
[10:29:31] [77/326] MABI
[10:29:32] [78/326] SVHB
[10:29:33] [79/326] NVTB
[10:29:34] [80/326] KCKG
[10:29:34] 🔄 Identity reset
[10:29:34] 🔄 Identity rotated (every 10 requests)
[10:29:35] [81/326] SSRN
[10:29:36] [82/326] VDDC
[10:29:36] [83/326] GKTK
[10:29:37] [84/326] YFSN
[10:29:38] [85/326] GCSG
[10:29:39] [86/326] ESSM
[10:29:40] [87/326] KRIH
[10:29:41] [88/326] GCDS
[10:29:42] [89/326] CCSH
[10:29:42] [90/326] ACSK
[10:29:43] 🔄 Identity reset
[10:29:43] 🔄 Identity rotated (every 10 requests)
[10:29:43] [91/326] APRK
[10:29:44] [92/326] ADKM
[10:29:45] [93/326] SRDM
[10:29:47] [94/326] SJMY
[10:29:47] [95/326] PGGC
[10:29:48] [96/326] INGM
[10:29:49] [97/326] LSCB
[10:29:50] [98/326] STAD
[10:29:51] [99/326] MCCR
[10:29:52] [100/326] ABCC
[10:29:52] 🔄 Identity reset
[10:29:52] 🔄 Identity rotated (every 10 requests)
[10:29:52] [101/326] RKCC
[10:29:53] [102/326] RTCR
[10:29:54] [103/326] GGBC
[10:29:55] [104/326] GCSD
[10:29:56] [105/326] LPTY
[10:29:57] [106/326] MCFD
[10:29:58] [107/326] HENN
[10:29:58] [108/326] SMKU
[10:29:59] [109/326] TNZC
[10:30:00] [110/326] DRCD
[10:30:01] 🔄 Identity reset
[10:30:01] 🔄 Identity rotated (every 10 requests)
[10:30:01] [111/326] DLCD
[10:30:02] [112/326] RCDA
[10:30:03] [113/326] COSM
[10:30:04] [114/326] MCMJ
[10:30:05] [115/326] CSTR
[10:30:06] [116/326] CVDK
[10:30:07] [117/326] INRR
[10:30:08] [118/326] RJRT
[10:30:09] [119/326] IRMR
[10:30:10] [120/326] SRCF
[10:30:11] 🔄 Identity reset
[10:30:11] 🔄 Identity rotated (every 10 requests)
[10:30:11] [121/326] GRCR
[10:30:12] [122/326] SURC
[10:30:13] [123/326] NMNH
[10:30:13] [124/326] SVBL
[10:30:14] [125/326] KACI
[10:30:15] [126/326] TDGO
[10:30:16] [127/326] KTBR
[10:30:17] [128/326] PMAD
[10:30:18] [129/326] CCPN
[10:30:19] [130/326] SBTK
[10:30:19] 🔄 Identity reset
[10:30:19] 🔄 Identity rotated (every 10 requests)
[10:30:20] [131/326] LMDK
[10:30:21] [132/326] PGDA
[10:30:22] [133/326] SRML
[10:30:23] [134/326] EVCK
[10:30:24] [135/326] RTTK
[10:30:25] [136/326] SRTU
[10:30:26] [137/326] VRSA
[10:30:27] [138/326] VARS
[10:30:27] [139/326] DSCZ
[10:30:28] [140/326] GAGA
[10:30:29] 🔄 Identity reset
[10:30:29] 🔄 Identity rotated (every 10 requests)
[10:30:29] [141/326] SARV
[10:30:30] [142/326] SEEG
[10:30:31] [143/326] GLCA
[10:30:32] [144/326] APAS
[10:30:32] [145/326] VCIA
[10:30:33] [146/326] SJTA
[10:30:34] [147/326] SABM
[10:30:35] [148/326] PPAG
[10:30:36] [149/326] RVCA
[10:30:37] [150/326] CCIA
[10:30:37] 🔄 Identity reset
[10:30:37] 🔄 Identity rotated (every 10 requests)
[10:30:38] [151/326] HTAG
[10:30:38] [152/326] SMBI
[10:30:39] [153/326] MCJR
[10:30:40] [154/326] CCJR
[10:30:41] [155/326] SINF
[10:30:42] [156/326] CPLX
[10:30:43] [157/326] KKTJ
[10:30:44] [158/326] GDBW
[10:30:44] [159/326] CSUB
[10:30:45] [160/326] DABA
[10:30:46] 🔄 Identity reset
[10:30:46] 🔄 Identity rotated (every 10 requests)
[10:30:46] [161/326] TITR
[10:30:47] [162/326] NYCR
[10:30:48] [163/326] RTRY
[10:30:49] [164/326] JTJL
[10:30:50] [165/326] SJCP
[10:30:51] [166/326] KCCA
[10:30:52] [167/326] MLPG
[10:30:52] [168/326] VRCK
[10:30:53] [169/326] SRIN
[10:30:54] [170/326] CXMK
[10:30:55] 🔄 Identity reset
[10:30:55] 🔄 Identity rotated (every 10 requests)
[10:30:55] [171/326] SKAD
[10:30:57] [172/326] AVTR
[10:30:57] [173/326] PTAJ
[10:30:58] [174/326] SCNK
[10:30:59] [175/326] STTI
[10:31:00] [176/326] KACR
[10:31:01] [177/326] SSDX
[10:31:01] [178/326] VRTJ
[10:31:02] [179/326] RAJD
[10:31:03] [180/326] SCIP
[10:31:04] 🔄 Identity reset
[10:31:04] 🔄 Identity rotated (every 10 requests)
[10:31:04] [181/326] RJSL
[10:31:06] [182/326] ARRS
[10:31:07] [183/326] ASMS
[10:31:08] [184/326] RDTS
[10:31:09] [185/326] DVMY
[10:31:10] [186/326] RASA
[10:31:11] [187/326] INOM
[10:31:12] [188/326] SPRS
[10:31:13] [189/326] SGCS
[10:31:13] [190/326] SALM
[10:31:14] 🔄 Identity reset
[10:31:14] 🔄 Identity rotated (every 10 requests)
[10:31:14] [191/326] PKHC
[10:31:15] [192/326] RCSV
[10:31:16] [193/326] CPKC
[10:31:17] [194/326] AACD
[10:31:18] [195/326] GGCV
[10:31:19] [196/326] SMKD
[10:31:20] [197/326] NBCH
[10:31:21] [198/326] AMCB
[10:31:22] [199/326] OPCN
[10:31:23] [200/326] DCIN
[10:31:24] 🔄 Identity reset
[10:31:24] 🔄 Identity rotated (every 10 requests)
[10:31:24] [201/326] INGW
[10:31:25] [202/326] PKKW
[10:31:26] [203/326] FNGW
[10:31:27] [204/326] GCGD
[10:31:27] [205/326] MSTW
[10:31:28] [206/326] KCCG
[10:31:29] [207/326] MRSS
[10:31:30] [208/326] CLCF
[10:31:31] [209/326] EETS
[10:31:32] [210/326] AATR
[10:31:32] 🔄 Identity reset
[10:31:32] 🔄 Identity rotated (every 10 requests)
[10:31:33] [211/326] CMMN
[10:31:34] [212/326] SCCJ
[10:31:35] [213/326] CDTK
[10:31:35] [214/326] AICP
[10:31:36] [215/326] FNBP
[10:31:38] [216/326] CBPB
[10:31:39] [217/326] CPAS
[10:31:39] [218/326] MAPM
[10:31:40] [219/326] PASD
[10:31:41] [220/326] JCMN
[10:31:42] 🔄 Identity reset
[10:31:42] 🔄 Identity rotated (every 10 requests)
[10:31:42] [221/326] MALB
[10:31:43] [222/326] SACG
[10:31:44] [223/326] DDRX
[10:31:45] [224/326] DDXB
[10:31:45] [225/326] RAMC
[10:31:46] [226/326] SANC
[10:31:47] [227/326] BCBP
[10:31:48] [228/326] ALPC
[10:31:49] [229/326] RBAC
[10:31:49] [230/326] RAJL
[10:31:50] 🔄 Identity reset
[10:31:50] 🔄 Identity rotated (every 10 requests)
[10:31:50] [231/326] MPDX
[10:31:51] [232/326] MUSC
[10:31:52] [233/326] VKMK
[10:31:52] [234/326] SKCG
[10:31:53] [235/326] ANCN
[10:31:54] [236/326] MMCJ
[10:31:55] [237/326] DCAK
[10:31:56] [238/326] SCKG
[10:31:57] [239/326] LMCK
[10:31:58] [240/326] CKKX
[10:31:58] 🔄 Identity reset
[10:31:58] 🔄 Identity rotated (every 10 requests)
[10:31:58] [241/326] ANKU
[10:31:59] [242/326] CSMD
[10:32:01] [243/326] MKMP
[10:32:02] [244/326] SVBG
[10:32:02] [245/326] ROOP
[10:32:03] [246/326] GDMT
[10:32:04] [247/326] FPPF
[10:32:05] [248/326] SFUU
[10:32:06] [249/326] ANCB
[10:32:06] [250/326] SMMC
[10:32:07] 🔄 Identity reset
[10:32:07] 🔄 Identity rotated (every 10 requests)
[10:32:07] [251/326] UGKT
[10:32:08] [252/326] JVRM
[10:32:09] [253/326] BATG
[10:32:10] [254/326] RATE
[10:32:11] [255/326] SKME
[10:32:12] [256/326] LMTP
[10:32:13] [257/326] TCBD
[10:32:14] [258/326] ESBD
[10:32:14] [259/326] GDCU
[10:32:15] [260/326] SNKT
[10:32:16] 🔄 Identity reset
[10:32:16] 🔄 Identity rotated (every 10 requests)
[10:32:16] [261/326] SRNK
[10:32:17] [262/326] SMED
[10:32:18] [263/326] CSQS
[10:32:20] [264/326] ALCS
[10:32:21] [265/326] KCKN
[10:32:22] [266/326] VCCL
[10:32:22] [267/326] MCDA
[10:32:24] [268/326] SHMI
[10:32:25] [269/326] SKHA
[10:32:26] [270/326] SVFK
[10:32:26] 🔄 Identity reset
[10:32:26] 🔄 Identity rotated (every 10 requests)
[10:32:26] [271/326] INVB
[10:32:27] [272/326] MELD
[10:32:28] [273/326] JTYS
[10:32:29] [274/326] INCM
[10:32:30] [275/326] MCDV
[10:32:31] [276/326] KSGK
[10:32:32] [277/326] ICMG
[10:32:32] [278/326] CSCV
[10:32:33] [279/326] STMD
[10:32:34] [280/326] STTR
[10:32:35] 🔄 Identity reset
[10:32:35] 🔄 Identity rotated (every 10 requests)
[10:32:35] [281/326] INVC
[10:32:36] [282/326] JTBL
[10:32:37] [283/326] SRVV
[10:32:38] [284/326] MAVC
[10:32:39] [285/326] SRPP
[10:32:39] [286/326] JGDM
[10:32:40] [287/326] MBSJ
[10:32:41] [288/326] SSLL
[10:32:42] [289/326] SLKP
[10:32:43] [290/326] NSRV
[10:32:43] 🔄 Identity reset
[10:32:43] 🔄 Identity rotated (every 10 requests)
[10:32:43] [291/326] UTDV
[10:32:44] [292/326] KICM
[10:32:45] [293/326] KCMD
[10:32:47] [294/326] TTPP
[10:32:47] [295/326] KMPV
[10:32:48] [296/326] SKTV
[10:32:49] [297/326] STCV
[10:32:50] [298/326] SRDA
[10:32:51] [299/326] JTSX
[10:32:52] [300/326] STBV
[10:32:52] 🔄 Identity reset
[10:32:52] 🔄 Identity rotated (every 10 requests)
[10:32:53] [301/326] APVZ
[10:32:54] [302/326] GSTV
[10:32:55] [303/326] NMVS
[10:32:56] [304/326] SKRT
[10:32:57] [305/326] RMDV
[10:32:58] [306/326] RATG
[10:32:59] [307/326] SJYV
[10:33:00] [308/326] NDGP
[10:33:01] [309/326] SNDG
[10:33:02] [310/326] INSR
[10:33:03] 🔄 Identity reset
[10:33:03] 🔄 Identity rotated (every 10 requests)
[10:33:03] [311/326] INSO
[10:33:04] [312/326] CCSI
[10:33:05] [313/326] RASM
[10:33:06] [314/326] NEWC
[10:33:07] [315/326] VSHL
[10:33:08] [316/326] BISW
[10:33:09] [317/326] GCNG
[10:33:10] [318/326] CWSC
[10:33:11] [319/326] SKAN
[10:33:12] [320/326] CCOA
[10:33:13] 🔄 Identity reset
[10:33:13] 🔄 Identity rotated (every 10 requests)
[10:33:14] [321/326] MCAJ
[10:33:15] [322/326] ACDE
[10:33:16] [323/326] AACM
[10:33:17] [324/326] JJCK
[10:33:18] [325/326] RCMO
[10:33:19] [326/326] GDAW
[10:33:20] 🧹 Deduping shows
[10:33:20] ✅ DONE | Shows=205 | Movies=2
[11:32:26] 🚀 SCRIPT STARTED (enhanced anti‑detection)
[11:32:26] [1/326] VCHA
[11:32:27] 🧠 New identity created
[11:32:27] [2/326] SCKO
[11:32:28] [3/326] VKTK
[11:32:29] [4/326] DXEC
[11:32:30] [5/326] CDCA
[11:32:31] [6/326] VBCZ
[11:32:32] [7/326] MSDR
[11:32:33] [8/326] ACPV
[11:32:34] [9/326] PVHB
[11:32:35] [10/326] RCNH
[11:32:35] 🔄 Identity reset
[11:32:35] 🔄 Identity rotated (every 10 requests)
[11:32:36] [11/326] IOMH
[11:32:36] [12/326] ILKS
[11:32:37] [13/326] AMSN
[11:32:38] [14/326] ANTP
[11:32:39] [15/326] SSEK
[11:32:40] [16/326] PICP
[11:32:41] [17/326] SICO
[11:32:42] [18/326] SISP
[11:32:42] [19/326] SCPI
[11:32:43] [20/326] CRPR
[11:32:44] 🔄 Identity reset
[11:32:44] 🔄 Identity rotated (every 10 requests)
[11:32:44] [21/326] DCTW
[11:32:45] [22/326] DCSP
[11:32:46] [23/326] KRPM
[11:32:46] [24/326] THKK
[11:32:48] [25/326] SNMY
[11:32:48] [26/326] AKCC
[11:32:49] [27/326] PCAT
[11:32:50] [28/326] RFGO
[11:32:51] [29/326] GGCS
[11:32:52] [30/326] ACKR
[11:32:53] 🔄 Identity reset
[11:32:53] 🔄 Identity rotated (every 10 requests)
[11:32:53] [31/326] STDO
[11:32:54] [32/326] ACKB
[11:32:56] [33/326] ALUC
[11:32:56] [34/326] MNSR
[11:32:57] [35/326] CSSL
[11:32:58] [36/326] BGGM
[11:32:59] [37/326] MANT
[11:33:00] [38/326] SOOY
[11:33:01] [39/326] VPPK
[11:33:01] [40/326] MYHJ
[11:33:02] 🔄 Identity reset
[11:33:02] 🔄 Identity rotated (every 10 requests)
[11:33:02] [41/326] KSCK
[11:33:03] [42/326] KATK
[11:33:04] [43/326] RTRT
[11:33:05] [44/326] SSTT
[11:33:05] [45/326] SSTV
[11:33:06] [46/326] LACM
[11:33:07] [47/326] SGMG
[11:33:08] [48/326] KACX
[11:33:09] [49/326] GVCP
[11:33:10] [50/326] CSNC
[11:33:10] 🔄 Identity reset
[11:33:10] 🔄 Identity rotated (every 10 requests)
[11:33:11] [51/326] SXCB
[11:33:12] [52/326] BAHS
[11:33:13] [53/326] PCBI
[11:33:14] [54/326] PSSM
[11:33:15] [55/326] RCOK
[11:33:16] [56/326] SCPF
[11:33:16] [57/326] SSAS
[11:33:17] [58/326] EVMM
[11:33:18] [59/326] SYCB
[11:33:19] [60/326] GCKI
[11:33:19] 🔄 Identity reset
[11:33:19] 🔄 Identity rotated (every 10 requests)
[11:33:20] [61/326] IAET
[11:33:21] [62/326] DDTD
[11:33:21] [63/326] GMDH
[11:33:22] [64/326] STLE
[11:33:23] [65/326] JTRA
[11:33:24] [66/326] RPPA
[11:33:25] [67/326] ARUT
[11:33:25] [68/326] JTVM
[11:33:26] [69/326] SWRH
[11:33:28] [70/326] DCPC
[11:33:28] 🔄 Identity reset
[11:33:28] 🔄 Identity rotated (every 10 requests)
[11:33:29] [71/326] RAPR
[11:33:29] [72/326] GCRT
[11:33:30] [73/326] ATUN
[11:33:31] [74/326] LTRM
[11:33:32] [75/326] TASR
[11:33:33] [76/326] RLLC
[11:33:34] [77/326] MABI
[11:33:35] [78/326] SVHB
[11:33:35] [79/326] NVTB
[11:33:36] [80/326] KCKG
[11:33:37] 🔄 Identity reset
[11:33:37] 🔄 Identity rotated (every 10 requests)
[11:33:37] [81/326] SSRN
[11:33:38] [82/326] VDDC
[11:33:39] [83/326] GKTK
[11:33:40] [84/326] YFSN
[11:33:42] [85/326] GCSG
[11:33:43] [86/326] ESSM
[11:33:43] [87/326] KRIH
[11:33:44] [88/326] GCDS
[11:33:45] [89/326] CCSH
[11:33:46] [90/326] ACSK
[11:33:46] 🔄 Identity reset
[11:33:46] 🔄 Identity rotated (every 10 requests)
[11:33:47] [91/326] APRK
[11:33:47] [92/326] ADKM
[11:33:48] [93/326] SRDM
[11:33:49] [94/326] SJMY
[11:33:50] [95/326] PGGC
[11:33:51] [96/326] INGM
[11:33:52] [97/326] LSCB
[11:33:52] [98/326] STAD
[11:33:53] [99/326] MCCR
[11:33:54] [100/326] ABCC
[11:33:55] 🔄 Identity reset
[11:33:55] 🔄 Identity rotated (every 10 requests)
[11:33:55] [101/326] RKCC
[11:33:56] [102/326] RTCR
[11:33:57] [103/326] GGBC
[11:33:57] [104/326] GCSD
[11:33:58] [105/326] LPTY
[11:33:59] [106/326] MCFD
[11:34:00] [107/326] HENN
[11:34:01] [108/326] SMKU
[11:34:03] [109/326] TNZC
[11:34:04] [110/326] DRCD
[11:34:05] 🔄 Identity reset
[11:34:05] 🔄 Identity rotated (every 10 requests)
[11:34:05] [111/326] DLCD
[11:34:06] [112/326] RCDA
[11:34:06] [113/326] COSM
[11:34:07] [114/326] MCMJ
[11:34:08] [115/326] CSTR
[11:34:09] [116/326] CVDK
[11:34:10] [117/326] INRR
[11:34:10] [118/326] RJRT
[11:34:11] [119/326] IRMR
[11:34:12] [120/326] SRCF
[11:34:12] 🔄 Identity reset
[11:34:12] 🔄 Identity rotated (every 10 requests)
[11:34:13] [121/326] GRCR
[11:34:14] [122/326] SURC
[11:34:15] [123/326] NMNH
[11:34:15] [124/326] SVBL
[11:34:16] [125/326] KACI
[11:34:17] [126/326] TDGO
[11:34:18] [127/326] KTBR
[11:34:19] [128/326] PMAD
[11:34:20] [129/326] CCPN
[11:34:20] [130/326] SBTK
[11:34:21] 🔄 Identity reset
[11:34:21] 🔄 Identity rotated (every 10 requests)
[11:34:21] [131/326] LMDK
[11:34:22] [132/326] PGDA
[11:34:24] [133/326] SRML
[11:34:24] [134/326] EVCK
[11:34:25] [135/326] RTTK
[11:34:26] [136/326] SRTU
[11:34:27] [137/326] VRSA
[11:34:28] [138/326] VARS
[11:34:30] [139/326] DSCZ
[11:34:31] [140/326] GAGA
[11:34:31] 🔄 Identity reset
[11:34:31] 🔄 Identity rotated (every 10 requests)
[11:34:32] [141/326] SARV
[11:34:32] [142/326] SEEG
[11:34:33] [143/326] GLCA
[11:34:34] [144/326] APAS
[11:34:35] [145/326] VCIA
[11:34:36] [146/326] SJTA
[11:34:36] [147/326] SABM
[11:34:37] [148/326] PPAG
[11:34:38] [149/326] RVCA
[11:34:39] [150/326] CCIA
[11:34:40] 🔄 Identity reset
[11:34:40] 🔄 Identity rotated (every 10 requests)
[11:34:41] [151/326] HTAG
[11:34:41] [152/326] SMBI
[11:34:42] [153/326] MCJR
[11:34:43] [154/326] CCJR
[11:34:44] [155/326] SINF
[11:34:45] [156/326] CPLX
[11:34:46] [157/326] KKTJ
[11:34:46] [158/326] GDBW
[11:34:47] [159/326] CSUB
[11:34:48] [160/326] DABA
[11:34:48] 🔄 Identity reset
[11:34:48] 🔄 Identity rotated (every 10 requests)
[11:34:49] [161/326] TITR
[11:34:50] [162/326] NYCR
[11:34:51] [163/326] RTRY
[11:34:52] [164/326] JTJL
[11:34:53] [165/326] SJCP
[11:34:54] [166/326] KCCA
[11:34:55] [167/326] MLPG
[11:34:56] [168/326] VRCK
[11:34:56] [169/326] SRIN
[11:34:57] [170/326] CXMK
[11:34:58] 🔄 Identity reset
[11:34:58] 🔄 Identity rotated (every 10 requests)
[11:34:58] [171/326] SKAD
[11:34:59] [172/326] AVTR
[11:35:00] [173/326] PTAJ
[11:35:01] [174/326] SCNK
[11:35:01] [175/326] STTI
[11:35:02] [176/326] KACR
[11:35:04] [177/326] SSDX
[11:35:05] [178/326] VRTJ
[11:35:06] [179/326] RAJD
[11:35:07] [180/326] SCIP
[11:35:08] 🔄 Identity reset
[11:35:08] 🔄 Identity rotated (every 10 requests)
[11:35:08] [181/326] RJSL
[11:35:09] [182/326] ARRS
[11:35:10] [183/326] ASMS
[11:35:10] [184/326] RDTS
[11:35:11] [185/326] DVMY
[11:35:13] [186/326] RASA
[11:35:14] [187/326] INOM
[11:35:15] [188/326] SPRS
[11:35:15] [189/326] SGCS
[11:35:16] [190/326] SALM
[11:35:17] 🔄 Identity reset
[11:35:17] 🔄 Identity rotated (every 10 requests)
[11:35:17] [191/326] PKHC
[11:35:18] [192/326] RCSV
[11:35:19] [193/326] CPKC
[11:35:20] [194/326] AACD
[11:35:21] [195/326] GGCV
[11:35:22] [196/326] SMKD
[11:35:22] [197/326] NBCH
[11:35:23] [198/326] AMCB
[11:35:24] [199/326] OPCN
[11:35:25] [200/326] DCIN
[11:35:25] 🔄 Identity reset
[11:35:26] 🔄 Identity rotated (every 10 requests)
[11:35:26] [201/326] INGW
[11:35:27] [202/326] PKKW
[11:35:28] [203/326] FNGW
[11:35:29] [204/326] GCGD
[11:35:30] [205/326] MSTW
[11:35:31] [206/326] KCCG
[11:35:32] [207/326] MRSS
[11:35:32] [208/326] CLCF
[11:35:33] [209/326] EETS
[11:35:34] [210/326] AATR
[11:35:35] 🔄 Identity reset
[11:35:35] 🔄 Identity rotated (every 10 requests)
[11:35:35] [211/326] CMMN
[11:35:37] [212/326] SCCJ
[11:35:37] [213/326] CDTK
[11:35:38] [214/326] AICP
[11:35:39] [215/326] FNBP
[11:35:40] [216/326] CBPB
[11:35:41] [217/326] CPAS
[11:35:42] [218/326] MAPM
[11:35:42] [219/326] PASD
[11:35:43] [220/326] JCMN
[11:35:44] 🔄 Identity reset
[11:35:44] 🔄 Identity rotated (every 10 requests)
[11:35:44] [221/326] MALB
[11:35:45] [222/326] SACG
[11:35:46] [223/326] DDRX
[11:35:47] [224/326] DDXB
[11:35:47] [225/326] RAMC
[11:35:48] [226/326] SANC
[11:35:49] [227/326] BCBP
[11:35:50] [228/326] ALPC
[11:35:51] [229/326] RBAC
[11:35:52] [230/326] RAJL
[11:35:52] 🔄 Identity reset
[11:35:52] 🔄 Identity rotated (every 10 requests)
[11:35:52] [231/326] MPDX
[11:35:53] [232/326] MUSC
[11:35:54] [233/326] VKMK
[11:35:55] [234/326] SKCG
[11:35:56] [235/326] ANCN
[11:35:57] [236/326] MMCJ
[11:35:58] [237/326] DCAK
[11:35:59] [238/326] SCKG
[11:36:00] [239/326] LMCK
[11:36:01] [240/326] CKKX
[11:36:01] 🔄 Identity reset
[11:36:01] 🔄 Identity rotated (every 10 requests)
[11:36:02] [241/326] ANKU
[11:36:03] [242/326] CSMD
[11:36:04] [243/326] MKMP
[11:36:05] [244/326] SVBG
[11:36:06] [245/326] ROOP
[11:36:08] [246/326] GDMT
[11:36:08] [247/326] FPPF
[11:36:10] [248/326] SFUU
[11:36:10] [249/326] ANCB
[11:36:11] [250/326] SMMC
[11:36:12] 🔄 Identity reset
[11:36:12] 🔄 Identity rotated (every 10 requests)
[11:36:12] [251/326] UGKT
[11:36:13] [252/326] JVRM
[11:36:14] [253/326] BATG
[11:36:14] [254/326] RATE
[11:36:15] [255/326] SKME
[11:36:16] [256/326] LMTP
[11:36:17] [257/326] TCBD
[11:36:18] [258/326] ESBD
[11:36:19] [259/326] GDCU
[11:36:20] [260/326] SNKT
[11:36:20] 🔄 Identity reset
[11:36:20] 🔄 Identity rotated (every 10 requests)
[11:36:20] [261/326] SRNK
[11:36:21] [262/326] SMED
[11:36:22] [263/326] CSQS
[11:36:23] [264/326] ALCS
[11:36:24] [265/326] KCKN
[11:36:25] [266/326] VCCL
[11:36:26] [267/326] MCDA
[11:36:27] [268/326] SHMI
[11:36:27] [269/326] SKHA
[11:36:28] [270/326] SVFK
[11:36:29] 🔄 Identity reset
[11:36:29] 🔄 Identity rotated (every 10 requests)
[11:36:29] [271/326] INVB
[11:36:30] [272/326] MELD
[11:36:31] [273/326] JTYS
[11:36:32] [274/326] INCM
[11:36:33] [275/326] MCDV
[11:36:34] [276/326] KSGK
[11:36:34] [277/326] ICMG
[11:36:35] [278/326] CSCV
[11:36:36] [279/326] STMD
[11:36:37] [280/326] STTR
[11:36:37] 🔄 Identity reset
[11:36:37] 🔄 Identity rotated (every 10 requests)
[11:36:38] [281/326] INVC
[11:36:39] [282/326] JTBL
[11:36:39] [283/326] SRVV
[11:36:40] [284/326] MAVC
[11:36:41] [285/326] SRPP
[11:36:42] [286/326] JGDM
[11:36:42] [287/326] MBSJ
[11:36:43] [288/326] SSLL
[11:36:44] [289/326] SLKP
[11:36:45] [290/326] NSRV
[11:36:46] 🔄 Identity reset
[11:36:46] 🔄 Identity rotated (every 10 requests)
[11:36:46] [291/326] UTDV
[11:36:47] [292/326] KICM
[11:36:48] [293/326] KCMD
[11:36:48] [294/326] TTPP
[11:36:50] [295/326] KMPV
[11:36:51] [296/326] SKTV
[11:36:52] [297/326] STCV
[11:36:53] [298/326] SRDA
[11:36:54] [299/326] JTSX
[11:36:55] [300/326] STBV
[11:36:56] 🔄 Identity reset
[11:36:56] 🔄 Identity rotated (every 10 requests)
[11:36:56] [301/326] APVZ
[11:36:57] [302/326] GSTV
[11:36:58] [303/326] NMVS
[11:36:58] [304/326] SKRT
[11:36:59] [305/326] RMDV
[11:37:00] [306/326] RATG
[11:37:01] [307/326] SJYV
[11:37:02] [308/326] NDGP
[11:37:03] [309/326] SNDG
[11:37:04] [310/326] INSR
[11:37:04] 🔄 Identity reset
[11:37:04] 🔄 Identity rotated (every 10 requests)
[11:37:05] [311/326] INSO
[11:37:05] [312/326] CCSI
[11:37:06] [313/326] RASM
[11:37:08] [314/326] NEWC
[11:37:09] [315/326] VSHL
[11:37:10] [316/326] BISW
[11:37:11] [317/326] GCNG
[11:37:12] [318/326] CWSC
[11:37:12] [319/326] SKAN
[11:37:13] [320/326] CCOA
[11:37:14] 🔄 Identity reset
[11:37:14] 🔄 Identity rotated (every 10 requests)
[11:37:14] [321/326] MCAJ
[11:37:15] [322/326] ACDE
[11:37:16] [323/326] AACM
[11:37:17] [324/326] JJCK
[11:37:18] [325/326] RCMO
[11:37:19] [326/326] GDAW
[11:37:20] 🧹 Deduping shows
[11:37:20] ✅ DONE | Shows=233 | Movies=2
