[00:16:41] 🚀 BMS DAILY TRACKER STARTED (enhanced anti‑detection)
[00:16:41] [1/326] VCHA
[00:16:41] 🧠 New identity created
[00:16:42] [2/326] SCKO
[00:16:44] [3/326] VKTK
[00:16:44] [4/326] DXEC
[00:16:45] [5/326] CDCA
[00:16:47] [6/326] VBCZ
[00:16:48] [7/326] MSDR
[00:16:49] [8/326] ACPV
[00:16:50] [9/326] PVHB
[00:16:51] [10/326] RCNH
[00:16:52] 🔄 Identity reset
[00:16:52] 🔄 Identity rotated (every 10 requests)
[00:16:53] [11/326] IOMH
[00:16:54] [12/326] ILKS
[00:16:55] [13/326] AMSN
[00:16:56] [14/326] ANTP
[00:16:58] [15/326] SSEK
[00:16:59] [16/326] PICP
[00:16:59] [17/326] SICO
[00:17:00] [18/326] SISP
[00:17:01] [19/326] SCPI
[00:17:02] [20/326] CRPR
[00:17:03] 🔄 Identity reset
[00:17:03] 🔄 Identity rotated (every 10 requests)
[00:17:03] [21/326] DCTW
[00:17:05] [22/326] DCSP
[00:17:06] [23/326] KRPM
[00:17:07] [24/326] THKK
[00:17:08] [25/326] SNMY
[00:17:09] [26/326] AKCC
[00:17:10] [27/326] PCAT
[00:17:11] [28/326] RFGO
[00:17:12] [29/326] GGCS
[00:17:13] [30/326] ACKR
[00:17:14] 🔄 Identity reset
[00:17:14] 🔄 Identity rotated (every 10 requests)
[00:17:14] [31/326] STDO
[00:17:15] [32/326] ACKB
[00:17:16] [33/326] ALUC
[00:17:17] [34/326] MNSR
[00:17:18] [35/326] CSSL
[00:17:19] [36/326] BGGM
[00:17:20] [37/326] MANT
[00:17:21] [38/326] SOOY
[00:17:22] [39/326] VPPK
[00:17:23] [40/326] MYHJ
[00:17:23] 🔄 Identity reset
[00:17:23] 🔄 Identity rotated (every 10 requests)
[00:17:24] [41/326] KSCK
[00:17:24] [42/326] KATK
[00:17:26] [43/326] RTRT
[00:17:27] [44/326] SSTT
[00:17:28] [45/326] SSTV
[00:17:29] [46/326] LACM
[00:17:30] [47/326] SGMG
[00:17:31] [48/326] KACX
[00:17:32] [49/326] GVCP
[00:17:33] [50/326] CSNC
[00:17:34] 🔄 Identity reset
[00:17:34] 🔄 Identity rotated (every 10 requests)
[00:17:35] [51/326] SXCB
[00:17:36] [52/326] BAHS
[00:17:37] [53/326] PCBI
[00:17:38] [54/326] PSSM
[00:17:39] [55/326] RCOK
[00:17:40] [56/326] SCPF
[00:17:41] [57/326] SSAS
[00:17:43] [58/326] EVMM
[00:17:45] [59/326] SYCB
[00:17:45] [60/326] GCKI
[00:17:46] 🔄 Identity reset
[00:17:46] 🔄 Identity rotated (every 10 requests)
[00:17:47] [61/326] IAET
[00:17:48] [62/326] DDTD
[00:17:50] [63/326] GMDH
[00:17:51] [64/326] STLE
[00:17:52] [65/326] JTRA
[00:17:52] [66/326] RPPA
[00:17:53] [67/326] ARUT
[00:17:54] [68/326] JTVM
[00:17:55] [69/326] SWRH
[00:17:56] [70/326] DCPC
[00:17:57] 🔄 Identity reset
[00:17:57] 🔄 Identity rotated (every 10 requests)
[00:17:57] [71/326] RAPR
[00:17:58] [72/326] GCRT
[00:17:59] [73/326] ATUN
[00:18:00] [74/326] LTRM
[00:18:01] [75/326] TASR
[00:18:02] [76/326] RLLC
[00:18:03] [77/326] MABI
[00:18:03] [78/326] SVHB
[00:18:05] [79/326] NVTB
[00:18:06] [80/326] KCKG
[00:18:06] 🔄 Identity reset
[00:18:06] 🔄 Identity rotated (every 10 requests)
[00:18:07] [81/326] SSRN
[00:18:08] [82/326] VDDC
[00:18:09] [83/326] GKTK
[00:18:09] [84/326] YFSN
[00:18:10] [85/326] GCSG
[00:18:11] [86/326] ESSM
[00:18:12] [87/326] KRIH
[00:18:13] [88/326] GCDS
[00:18:14] [89/326] CCSH
[00:18:15] [90/326] ACSK
[00:18:15] 🔄 Identity reset
[00:18:15] 🔄 Identity rotated (every 10 requests)
[00:18:16] [91/326] APRK
[00:18:16] [92/326] ADKM
[00:18:17] [93/326] SRDM
[00:18:19] [94/326] SJMY
[00:18:20] [95/326] PGGC
[00:18:21] [96/326] INGM
[00:18:22] [97/326] LSCB
[00:18:23] [98/326] STAD
[00:18:24] [99/326] MCCR
[00:18:25] [100/326] ABCC
[00:18:25] 🔄 Identity reset
[00:18:25] 🔄 Identity rotated (every 10 requests)
[00:18:26] [101/326] RKCC
[00:18:26] [102/326] RTCR
[00:18:27] [103/326] GGBC
[00:18:28] [104/326] GCSD
[00:18:29] [105/326] LPTY
[00:18:30] [106/326] MCFD
[00:18:31] [107/326] HENN
[00:18:32] [108/326] SMKU
[00:18:33] [109/326] TNZC
[00:18:34] [110/326] DRCD
[00:18:35] 🔄 Identity reset
[00:18:35] 🔄 Identity rotated (every 10 requests)
[00:18:35] [111/326] DLCD
[00:18:37] [112/326] RCDA
[00:18:38] [113/326] COSM
[00:18:39] [114/326] MCMJ
[00:18:40] [115/326] CSTR
[00:18:41] [116/326] CVDK
[00:18:43] [117/326] INRR
[00:18:44] [118/326] RJRT
[00:18:44] [119/326] IRMR
[00:18:45] [120/326] SRCF
[00:18:46] 🔄 Identity reset
[00:18:46] 🔄 Identity rotated (every 10 requests)
[00:18:46] [121/326] GRCR
[00:18:47] [122/326] SURC
[00:18:48] [123/326] NMNH
[00:18:49] [124/326] SVBL
[00:18:49] [125/326] KACI
[00:18:50] [126/326] TDGO
[00:18:51] [127/326] KTBR
[00:18:52] [128/326] PMAD
[00:18:53] [129/326] CCPN
[00:18:54] [130/326] SBTK
[00:18:54] 🔄 Identity reset
[00:18:54] 🔄 Identity rotated (every 10 requests)
[00:18:55] [131/326] LMDK
[00:18:56] [132/326] PGDA
[00:18:57] [133/326] SRML
[00:18:58] [134/326] EVCK
[00:18:59] [135/326] RTTK
[00:19:00] [136/326] SRTU
[00:19:01] [137/326] VRSA
[00:19:02] [138/326] VARS
[00:19:03] [139/326] DSCZ
[00:19:04] [140/326] GAGA
[00:19:04] 🔄 Identity reset
[00:19:04] 🔄 Identity rotated (every 10 requests)
[00:19:05] [141/326] SARV
[00:19:06] [142/326] SEEG
[00:19:07] [143/326] GLCA
[00:19:08] [144/326] APAS
[00:19:09] [145/326] VCIA
[00:19:10] [146/326] SJTA
[00:19:11] [147/326] SABM
[00:19:12] [148/326] PPAG
[00:19:13] [149/326] RVCA
[00:19:14] [150/326] CCIA
[00:19:15] 🔄 Identity reset
[00:19:15] 🔄 Identity rotated (every 10 requests)
[00:19:15] [151/326] HTAG
[00:19:16] [152/326] SMBI
[00:19:17] [153/326] MCJR
[00:19:18] [154/326] CCJR
[00:19:19] [155/326] SINF
[00:19:20] [156/326] CPLX
[00:19:21] [157/326] KKTJ
[00:19:22] [158/326] GDBW
[00:19:22] [159/326] CSUB
[00:19:23] [160/326] DABA
[00:19:24] 🔄 Identity reset
[00:19:24] 🔄 Identity rotated (every 10 requests)
[00:19:25] [161/326] TITR
[00:19:26] [162/326] NYCR
[00:19:28] [163/326] RTRY
[00:19:29] [164/326] JTJL
[00:19:30] [165/326] SJCP
[00:19:31] [166/326] KCCA
[00:19:32] [167/326] MLPG
[00:19:33] [168/326] VRCK
[00:19:34] [169/326] SRIN
[00:19:35] [170/326] CXMK
[00:19:36] 🔄 Identity reset
[00:19:36] 🔄 Identity rotated (every 10 requests)
[00:19:36] [171/326] SKAD
[00:19:37] [172/326] AVTR
[00:19:38] [173/326] PTAJ
[00:19:39] [174/326] SCNK
[00:19:40] [175/326] STTI
[00:19:41] [176/326] KACR
[00:19:42] [177/326] SSDX
[00:19:44] [178/326] VRTJ
[00:19:45] [179/326] RAJD
[00:19:46] [180/326] SCIP
[00:19:46] 🔄 Identity reset
[00:19:46] 🔄 Identity rotated (every 10 requests)
[00:19:47] [181/326] RJSL
[00:19:48] [182/326] ARRS
[00:19:49] [183/326] ASMS
[00:19:50] [184/326] RDTS
[00:19:51] [185/326] DVMY
[00:19:52] [186/326] RASA
[00:19:52] [187/326] INOM
[00:19:53] [188/326] SPRS
[00:19:54] [189/326] SGCS
[00:19:55] [190/326] SALM
[00:19:56] 🔄 Identity reset
[00:19:56] 🔄 Identity rotated (every 10 requests)
[00:19:56] [191/326] PKHC
[00:19:58] [192/326] RCSV
[00:19:58] [193/326] CPKC
[00:19:59] [194/326] AACD
[00:20:00] [195/326] GGCV
[00:20:02] [196/326] SMKD
[00:20:03] [197/326] NBCH
[00:20:04] [198/326] AMCB
[00:20:05] [199/326] OPCN
[00:20:05] [200/326] DCIN
[00:20:06] 🔄 Identity reset
[00:20:06] 🔄 Identity rotated (every 10 requests)
[00:20:07] [201/326] INGW
[00:20:08] [202/326] PKKW
[00:20:09] [203/326] FNGW
[00:20:10] [204/326] GCGD
[00:20:11] [205/326] MSTW
[00:20:12] [206/326] KCCG
[00:20:13] [207/326] MRSS
[00:20:14] [208/326] CLCF
[00:20:15] [209/326] EETS
[00:20:16] [210/326] AATR
[00:20:17] 🔄 Identity reset
[00:20:17] 🔄 Identity rotated (every 10 requests)
[00:20:17] [211/326] CMMN
[00:20:18] [212/326] SCCJ
[00:20:19] [213/326] CDTK
[00:20:20] [214/326] AICP
[00:20:21] [215/326] FNBP
[00:20:23] [216/326] CBPB
[00:20:23] [217/326] CPAS
[00:20:24] [218/326] MAPM
[00:20:26] [219/326] PASD
[00:20:27] [220/326] JCMN
[00:20:27] 🔄 Identity reset
[00:20:27] 🔄 Identity rotated (every 10 requests)
[00:20:28] [221/326] MALB
[00:20:29] [222/326] SACG
[00:20:30] [223/326] DDRX
[00:20:31] [224/326] DDXB
[00:20:32] [225/326] RAMC
[00:20:33] [226/326] SANC
[00:20:34] [227/326] BCBP
[00:20:35] [228/326] ALPC
[00:20:35] [229/326] RBAC
[00:20:37] [230/326] RAJL
[00:20:38] 🔄 Identity reset
[00:20:38] 🔄 Identity rotated (every 10 requests)
[00:20:38] [231/326] MPDX
[00:20:39] [232/326] MUSC
[00:20:40] [233/326] VKMK
[00:20:41] [234/326] SKCG
[00:20:42] [235/326] ANCN
[00:20:43] [236/326] MMCJ
[00:20:45] [237/326] DCAK
[00:20:46] [238/326] SCKG
[00:20:47] [239/326] LMCK
[00:20:47] [240/326] CKKX
[00:20:48] 🔄 Identity reset
[00:20:48] 🔄 Identity rotated (every 10 requests)
[00:20:48] [241/326] ANKU
[00:20:49] [242/326] CSMD
[00:20:50] [243/326] MKMP
[00:20:51] [244/326] SVBG
[00:20:52] [245/326] ROOP
[00:20:54] [246/326] GDMT
[00:20:54] [247/326] FPPF
[00:20:55] [248/326] SFUU
[00:20:56] [249/326] ANCB
[00:20:57] [250/326] SMMC
[00:20:58] 🔄 Identity reset
[00:20:58] 🔄 Identity rotated (every 10 requests)
[00:20:58] [251/326] UGKT
[00:20:59] [252/326] JVRM
[00:21:01] [253/326] BATG
[00:21:02] [254/326] RATE
[00:21:03] [255/326] SKME
[00:21:04] [256/326] LMTP
[00:21:05] [257/326] TCBD
[00:21:06] [258/326] ESBD
[00:21:07] [259/326] GDCU
[00:21:08] [260/326] SNKT
[00:21:09] 🔄 Identity reset
[00:21:09] 🔄 Identity rotated (every 10 requests)
[00:21:10] [261/326] SRNK
[00:21:11] [262/326] SMED
[00:21:12] [263/326] CSQS
[00:21:14] [264/326] ALCS
[00:21:15] [265/326] KCKN
[00:21:16] [266/326] VCCL
[00:21:18] [267/326] MCDA
[00:21:19] [268/326] SHMI
[00:21:20] [269/326] SKHA
[00:21:21] [270/326] SVFK
[00:21:21] 🔄 Identity reset
[00:21:21] 🔄 Identity rotated (every 10 requests)
[00:21:22] [271/326] INVB
[00:21:23] [272/326] MELD
[00:21:23] [273/326] JTYS
[00:21:24] [274/326] INCM
[00:21:25] [275/326] MCDV
[00:21:26] [276/326] KSGK
[00:21:27] [277/326] ICMG
[00:21:28] [278/326] CSCV
[00:21:29] [279/326] STMD
[00:21:30] [280/326] STTR
[00:21:31] 🔄 Identity reset
[00:21:31] 🔄 Identity rotated (every 10 requests)
[00:21:31] [281/326] INVC
[00:21:32] [282/326] JTBL
[00:21:33] [283/326] SRVV
[00:21:34] [284/326] MAVC
[00:21:35] [285/326] SRPP
[00:21:36] [286/326] JGDM
[00:21:37] [287/326] MBSJ
[00:21:38] [288/326] SSLL
[00:21:38] [289/326] SLKP
[00:21:39] [290/326] NSRV
[00:21:40] 🔄 Identity reset
[00:21:40] 🔄 Identity rotated (every 10 requests)
[00:21:40] [291/326] UTDV
[00:21:41] [292/326] KICM
[00:21:42] [293/326] KCMD
[00:21:44] [294/326] TTPP
[00:21:44] [295/326] KMPV
[00:21:45] [296/326] SKTV
[00:21:46] [297/326] STCV
[00:21:47] [298/326] SRDA
[00:21:48] [299/326] JTSX
[00:21:49] [300/326] STBV
[00:21:50] 🔄 Identity reset
[00:21:50] 🔄 Identity rotated (every 10 requests)
[00:21:50] [301/326] APVZ
[00:21:51] [302/326] GSTV
[00:21:52] [303/326] NMVS
[00:21:53] [304/326] SKRT
[00:21:55] [305/326] RMDV
[00:21:56] [306/326] RATG
[00:21:57] [307/326] SJYV
[00:21:58] [308/326] NDGP
[00:21:59] [309/326] SNDG
[00:22:00] [310/326] INSR
[00:22:00] 🔄 Identity reset
[00:22:00] 🔄 Identity rotated (every 10 requests)
[00:22:01] [311/326] INSO
[00:22:02] [312/326] CCSI
[00:22:03] [313/326] RASM
[00:22:04] [314/326] NEWC
[00:22:05] [315/326] VSHL
[00:22:05] [316/326] BISW
[00:22:06] [317/326] GCNG
[00:22:08] [318/326] CWSC
[00:22:09] [319/326] SKAN
[00:22:09] [320/326] CCOA
[00:22:10] 🔄 Identity reset
[00:22:10] 🔄 Identity rotated (every 10 requests)
[00:22:11] [321/326] MCAJ
[00:22:12] [322/326] ACDE
[00:22:13] [323/326] AACM
[00:22:14] [324/326] JJCK
[00:22:16] [325/326] RCMO
[00:22:17] [326/326] GDAW
[00:22:18] ✅ DONE | Shows=0 | Movies=0
[01:16:53] 🚀 BMS DAILY TRACKER STARTED (enhanced anti‑detection)
[01:16:53] [1/326] VCHA
[01:16:54] 🧠 New identity created
[01:16:55] [2/326] SCKO
[01:16:55] [3/326] VKTK
[01:16:56] [4/326] DXEC
[01:16:57] [5/326] CDCA
[01:16:58] [6/326] VBCZ
[01:16:59] [7/326] MSDR
[01:17:00] [8/326] ACPV
[01:17:01] [9/326] PVHB
[01:17:02] [10/326] RCNH
[01:17:02] 🔄 Identity reset
[01:17:02] 🔄 Identity rotated (every 10 requests)
[01:17:02] [11/326] IOMH
[01:17:04] [12/326] ILKS
[01:17:05] [13/326] AMSN
[01:17:06] [14/326] ANTP
[01:17:07] [15/326] SSEK
[01:17:08] [16/326] PICP
[01:17:09] [17/326] SICO
[01:17:10] [18/326] SISP
[01:17:11] [19/326] SCPI
[01:17:12] [20/326] CRPR
[01:17:12] 🔄 Identity reset
[01:17:12] 🔄 Identity rotated (every 10 requests)
[01:17:13] [21/326] DCTW
[01:17:13] [22/326] DCSP
[01:17:14] [23/326] KRPM
[01:17:15] [24/326] THKK
[01:17:16] [25/326] SNMY
[01:17:17] [26/326] AKCC
[01:17:17] [27/326] PCAT
[01:17:19] [28/326] RFGO
[01:17:20] [29/326] GGCS
[01:17:21] [30/326] ACKR
[01:17:21] 🔄 Identity reset
[01:17:21] 🔄 Identity rotated (every 10 requests)
[01:17:22] [31/326] STDO
[01:17:23] [32/326] ACKB
[01:17:24] [33/326] ALUC
[01:17:25] [34/326] MNSR
[01:17:26] [35/326] CSSL
[01:17:27] [36/326] BGGM
[01:17:28] [37/326] MANT
[01:17:29] [38/326] SOOY
[01:17:30] [39/326] VPPK
[01:17:31] [40/326] MYHJ
[01:17:32] 🔄 Identity reset
[01:17:32] 🔄 Identity rotated (every 10 requests)
[01:17:33] [41/326] KSCK
[01:17:34] [42/326] KATK
[01:17:35] [43/326] RTRT
[01:17:36] [44/326] SSTT
[01:17:37] [45/326] SSTV
[01:17:38] [46/326] LACM
[01:17:38] [47/326] SGMG
[01:17:40] [48/326] KACX
[01:17:41] [49/326] GVCP
[01:17:42] [50/326] CSNC
[01:17:42] 🔄 Identity reset
[01:17:42] 🔄 Identity rotated (every 10 requests)
[01:17:42] [51/326] SXCB
[01:17:43] [52/326] BAHS
[01:17:44] [53/326] PCBI
[01:17:45] [54/326] PSSM
[01:17:46] [55/326] RCOK
[01:17:47] [56/326] SCPF
[01:17:48] [57/326] SSAS
[01:17:49] [58/326] EVMM
[01:17:50] [59/326] SYCB
[01:17:51] [60/326] GCKI
[01:17:52] 🔄 Identity reset
[01:17:52] 🔄 Identity rotated (every 10 requests)
[01:17:52] [61/326] IAET
[01:17:53] [62/326] DDTD
[01:17:54] [63/326] GMDH
[01:17:55] [64/326] STLE
[01:17:55] [65/326] JTRA
[01:17:56] [66/326] RPPA
[01:17:57] [67/326] ARUT
[01:17:58] [68/326] JTVM
[01:18:00] [69/326] SWRH
[01:18:01] [70/326] DCPC
[01:18:01] 🔄 Identity reset
[01:18:01] 🔄 Identity rotated (every 10 requests)
[01:18:02] [71/326] RAPR
[01:18:03] [72/326] GCRT
[01:18:05] [73/326] ATUN
[01:18:06] [74/326] LTRM
[01:18:07] [75/326] TASR
[01:18:08] [76/326] RLLC
[01:18:09] [77/326] MABI
[01:18:10] [78/326] SVHB
[01:18:10] [79/326] NVTB
[01:18:11] [80/326] KCKG
[01:18:12] 🔄 Identity reset
[01:18:12] 🔄 Identity rotated (every 10 requests)
[01:18:12] [81/326] SSRN
[01:18:14] [82/326] VDDC
[01:18:15] [83/326] GKTK
[01:18:16] [84/326] YFSN
[01:18:17] [85/326] GCSG
[01:18:18] [86/326] ESSM
[01:18:19] [87/326] KRIH
[01:18:20] [88/326] GCDS
[01:18:21] [89/326] CCSH
[01:18:22] [90/326] ACSK
[01:18:23] 🔄 Identity reset
[01:18:23] 🔄 Identity rotated (every 10 requests)
[01:18:23] [91/326] APRK
[01:18:24] [92/326] ADKM
[01:18:25] [93/326] SRDM
[01:18:26] [94/326] SJMY
[01:18:27] [95/326] PGGC
[01:18:28] [96/326] INGM
[01:18:29] [97/326] LSCB
[01:18:29] [98/326] STAD
[01:18:30] [99/326] MCCR
[01:18:32] [100/326] ABCC
[01:18:33] 🔄 Identity reset
[01:18:33] 🔄 Identity rotated (every 10 requests)
[01:18:33] [101/326] RKCC
[01:18:34] [102/326] RTCR
[01:18:35] [103/326] GGBC
[01:18:36] [104/326] GCSD
[01:18:37] [105/326] LPTY
[01:18:38] [106/326] MCFD
[01:18:39] [107/326] HENN
[01:18:40] [108/326] SMKU
[01:18:41] [109/326] TNZC
[01:18:42] [110/326] DRCD
[01:18:42] 🔄 Identity reset
[01:18:42] 🔄 Identity rotated (every 10 requests)
[01:18:43] [111/326] DLCD
[01:18:44] [112/326] RCDA
[01:18:45] [113/326] COSM
[01:18:46] [114/326] MCMJ
[01:18:47] [115/326] CSTR
[01:18:48] [116/326] CVDK
[01:18:49] [117/326] INRR
[01:18:50] [118/326] RJRT
[01:18:51] [119/326] IRMR
[01:18:52] [120/326] SRCF
[01:18:52] 🔄 Identity reset
[01:18:52] 🔄 Identity rotated (every 10 requests)
[01:18:52] [121/326] GRCR
[01:18:53] [122/326] SURC
[01:18:54] [123/326] NMNH
[01:18:55] [124/326] SVBL
[01:18:56] [125/326] KACI
[01:18:57] [126/326] TDGO
[01:18:58] [127/326] KTBR
[01:18:59] [128/326] PMAD
[01:19:00] [129/326] CCPN
[01:19:01] [130/326] SBTK
[01:19:01] 🔄 Identity reset
[01:19:01] 🔄 Identity rotated (every 10 requests)
[01:19:02] [131/326] LMDK
[01:19:02] [132/326] PGDA
[01:19:04] [133/326] SRML
[01:19:05] [134/326] EVCK
[01:19:06] [135/326] RTTK
[01:19:07] [136/326] SRTU
[01:19:08] [137/326] VRSA
[01:19:09] [138/326] VARS
[01:19:10] [139/326] DSCZ
[01:19:11] [140/326] GAGA
[01:19:12] 🔄 Identity reset
[01:19:12] 🔄 Identity rotated (every 10 requests)
[01:19:12] [141/326] SARV
[01:19:13] [142/326] SEEG
[01:19:14] [143/326] GLCA
[01:19:15] [144/326] APAS
[01:19:15] [145/326] VCIA
[01:19:16] [146/326] SJTA
[01:19:17] [147/326] SABM
[01:19:18] [148/326] PPAG
[01:19:19] [149/326] RVCA
[01:19:20] [150/326] CCIA
[01:19:20] 🔄 Identity reset
[01:19:20] 🔄 Identity rotated (every 10 requests)
[01:19:21] [151/326] HTAG
[01:19:22] [152/326] SMBI
[01:19:22] [153/326] MCJR
[01:19:24] [154/326] CCJR
[01:19:25] [155/326] SINF
[01:19:26] [156/326] CPLX
[01:19:28] [157/326] KKTJ
[01:19:28] [158/326] GDBW
[01:19:29] [159/326] CSUB
[01:19:31] [160/326] DABA
[01:19:31] 🔄 Identity reset
[01:19:31] 🔄 Identity rotated (every 10 requests)
[01:19:32] [161/326] TITR
[01:19:33] [162/326] NYCR
[01:19:33] [163/326] RTRY
[01:19:34] [164/326] JTJL
[01:19:35] [165/326] SJCP
[01:19:36] [166/326] KCCA
[01:19:37] [167/326] MLPG
[01:19:38] [168/326] VRCK
[01:19:39] [169/326] SRIN
[01:19:39] [170/326] CXMK
[01:19:40] 🔄 Identity reset
[01:19:40] 🔄 Identity rotated (every 10 requests)
[01:19:40] [171/326] SKAD
[01:19:41] [172/326] AVTR
[01:19:42] [173/326] PTAJ
[01:19:43] [174/326] SCNK
[01:19:44] [175/326] STTI
[01:19:45] [176/326] KACR
[01:19:46] [177/326] SSDX
[01:19:47] [178/326] VRTJ
[01:19:48] [179/326] RAJD
[01:19:49] [180/326] SCIP
[01:19:49] 🔄 Identity reset
[01:19:49] 🔄 Identity rotated (every 10 requests)
[01:19:49] [181/326] RJSL
[01:19:50] [182/326] ARRS
[01:19:51] [183/326] ASMS
[01:19:52] [184/326] RDTS
[01:19:53] [185/326] DVMY
[01:19:54] [186/326] RASA
[01:19:55] [187/326] INOM
[01:19:56] [188/326] SPRS
[01:19:57] [189/326] SGCS
[01:19:58] [190/326] SALM
[01:19:58] 🔄 Identity reset
[01:19:58] 🔄 Identity rotated (every 10 requests)
[01:19:59] [191/326] PKHC
[01:20:00] [192/326] RCSV
[01:20:01] [193/326] CPKC
[01:20:02] [194/326] AACD
[01:20:03] [195/326] GGCV
[01:20:03] [196/326] SMKD
[01:20:04] [197/326] NBCH
[01:20:05] [198/326] AMCB
[01:20:06] [199/326] OPCN
[01:20:07] [200/326] DCIN
[01:20:08] 🔄 Identity reset
[01:20:08] 🔄 Identity rotated (every 10 requests)
[01:20:08] [201/326] INGW
[01:20:09] [202/326] PKKW
[01:20:10] [203/326] FNGW
[01:20:11] [204/326] GCGD
[01:20:12] [205/326] MSTW
[01:20:14] [206/326] KCCG
[01:20:14] [207/326] MRSS
[01:20:15] [208/326] CLCF
[01:20:16] [209/326] EETS
[01:20:18] [210/326] AATR
[01:20:19] 🔄 Identity reset
[01:20:19] 🔄 Identity rotated (every 10 requests)
[01:20:19] [211/326] CMMN
[01:20:21] [212/326] SCCJ
[01:20:21] [213/326] CDTK
[01:20:22] [214/326] AICP
[01:20:23] [215/326] FNBP
[01:20:24] [216/326] CBPB
[01:20:25] [217/326] CPAS
[01:20:26] [218/326] MAPM
[01:20:26] [219/326] PASD
[01:20:27] [220/326] JCMN
[01:20:28] 🔄 Identity reset
[01:20:28] 🔄 Identity rotated (every 10 requests)
[01:20:28] [221/326] MALB
[01:20:29] [222/326] SACG
[01:20:31] [223/326] DDRX
[01:20:31] [224/326] DDXB
[01:20:33] [225/326] RAMC
[01:20:34] [226/326] SANC
[01:20:35] [227/326] BCBP
[01:20:36] [228/326] ALPC
[01:20:36] [229/326] RBAC
[01:20:37] [230/326] RAJL
[01:20:38] 🔄 Identity reset
[01:20:38] 🔄 Identity rotated (every 10 requests)
[01:20:39] [231/326] MPDX
[01:20:40] [232/326] MUSC
[01:20:41] [233/326] VKMK
[01:20:42] [234/326] SKCG
[01:20:42] [235/326] ANCN
[01:20:44] [236/326] MMCJ
[01:20:44] [237/326] DCAK
[01:20:45] [238/326] SCKG
[01:20:46] [239/326] LMCK
[01:20:48] [240/326] CKKX
[01:20:48] 🔄 Identity reset
[01:20:48] 🔄 Identity rotated (every 10 requests)
[01:20:49] [241/326] ANKU
[01:20:49] [242/326] CSMD
[01:20:50] [243/326] MKMP
[01:20:51] [244/326] SVBG
[01:20:52] [245/326] ROOP
[01:20:53] [246/326] GDMT
[01:20:54] [247/326] FPPF
[01:20:55] [248/326] SFUU
[01:20:55] [249/326] ANCB
[01:20:56] [250/326] SMMC
[01:20:57] 🔄 Identity reset
[01:20:57] 🔄 Identity rotated (every 10 requests)
[01:20:58] [251/326] UGKT
[01:20:58] [252/326] JVRM
[01:20:59] [253/326] BATG
[01:21:01] [254/326] RATE
[01:21:02] [255/326] SKME
[01:21:03] [256/326] LMTP
[01:21:03] [257/326] TCBD
[01:21:04] [258/326] ESBD
[01:21:05] [259/326] GDCU
[01:21:06] [260/326] SNKT
[01:21:07] 🔄 Identity reset
[01:21:07] 🔄 Identity rotated (every 10 requests)
[01:21:08] [261/326] SRNK
[01:21:10] [262/326] SMED
[01:21:11] [263/326] CSQS
[01:21:11] [264/326] ALCS
[01:21:12] [265/326] KCKN
[01:21:13] [266/326] VCCL
[01:21:14] [267/326] MCDA
[01:21:15] [268/326] SHMI
[01:21:16] [269/326] SKHA
[01:21:18] [270/326] SVFK
[01:21:19] 🔄 Identity reset
[01:21:19] 🔄 Identity rotated (every 10 requests)
[01:21:19] [271/326] INVB
[01:21:20] [272/326] MELD
[01:21:21] [273/326] JTYS
[01:21:22] [274/326] INCM
[01:21:23] [275/326] MCDV
[01:21:24] [276/326] KSGK
[01:21:24] [277/326] ICMG
[01:21:25] [278/326] CSCV
[01:21:26] [279/326] STMD
[01:21:27] [280/326] STTR
[01:21:28] 🔄 Identity reset
[01:21:28] 🔄 Identity rotated (every 10 requests)
[01:21:28] [281/326] INVC
[01:21:29] [282/326] JTBL
[01:21:30] [283/326] SRVV
[01:21:31] [284/326] MAVC
[01:21:32] [285/326] SRPP
[01:21:33] [286/326] JGDM
[01:21:34] [287/326] MBSJ
[01:21:34] [288/326] SSLL
[01:21:35] [289/326] SLKP
[01:21:36] [290/326] NSRV
[01:21:37] 🔄 Identity reset
[01:21:37] 🔄 Identity rotated (every 10 requests)
[01:21:37] [291/326] UTDV
[01:21:38] [292/326] KICM
[01:21:39] [293/326] KCMD
[01:21:40] [294/326] TTPP
[01:21:41] [295/326] KMPV
[01:21:42] [296/326] SKTV
[01:21:43] [297/326] STCV
[01:21:44] [298/326] SRDA
[01:21:44] [299/326] JTSX
[01:21:45] [300/326] STBV
[01:21:46] 🔄 Identity reset
[01:21:46] 🔄 Identity rotated (every 10 requests)
[01:21:46] [301/326] APVZ
[01:21:47] [302/326] GSTV
[01:21:48] [303/326] NMVS
[01:21:49] [304/326] SKRT
[01:21:50] [305/326] RMDV
[01:21:51] [306/326] RATG
[01:21:52] [307/326] SJYV
[01:21:53] [308/326] NDGP
[01:21:54] [309/326] SNDG
[01:21:54] [310/326] INSR
[01:21:55] 🔄 Identity reset
[01:21:55] 🔄 Identity rotated (every 10 requests)
[01:21:55] [311/326] INSO
[01:21:56] [312/326] CCSI
[01:21:58] [313/326] RASM
[01:21:58] [314/326] NEWC
[01:22:00] [315/326] VSHL
[01:22:01] [316/326] BISW
[01:22:02] [317/326] GCNG
[01:22:03] [318/326] CWSC
[01:22:03] [319/326] SKAN
[01:22:04] [320/326] CCOA
[01:22:05] 🔄 Identity reset
[01:22:05] 🔄 Identity rotated (every 10 requests)
[01:22:05] [321/326] MCAJ
[01:22:06] [322/326] ACDE
[01:22:07] [323/326] AACM
[01:22:08] [324/326] JJCK
[01:22:09] [325/326] RCMO
[01:22:10] [326/326] GDAW
[01:22:11] ✅ DONE | Shows=0 | Movies=0
