[00:16:43] 🚀 BMS DAILY TRACKER STARTED (enhanced anti‑detection)
[00:16:43] [1/326] BSAT
[00:16:43] 🧠 New identity created
[00:16:43] [2/326] RSSM
[00:16:44] [3/326] GCTA
[00:16:45] [4/326] TOPN
[00:16:46] [5/326] MCUS
[00:16:47] [6/326] SHRL
[00:16:49] [7/326] UPTP
[00:16:49] [8/326] TMMP
[00:16:50] [9/326] DNRP
[00:16:51] [10/326] SRLT
[00:16:52] 🔄 Identity reset
[00:16:52] 🔄 Identity rotated (every 10 requests)
[00:16:52] [11/326] RCNS
[00:16:53] [12/326] DCBH
[00:16:54] [13/326] NAGJ
[00:16:55] [14/326] JVRC
[00:16:56] [15/326] KRJG
[00:16:57] [16/326] SRTJ
[00:16:58] [17/326] CMXM
[00:16:58] [18/326] STMI
[00:16:59] [19/326] SLST
[00:17:00] [20/326] DTCN
[00:17:01] 🔄 Identity reset
[00:17:01] 🔄 Identity rotated (every 10 requests)
[00:17:01] [21/326] STYN
[00:17:02] [22/326] SZVR
[00:17:03] [23/326] SRKO
[00:17:04] [24/326] JTGT
[00:17:05] [25/326] SVFD
[00:17:06] [26/326] SISD
[00:17:07] [27/326] ABDD
[00:17:07] [28/326] DRCA
[00:17:08] [29/326] AVCS
[00:17:09] [30/326] MVKH
[00:17:10] 🔄 Identity reset
[00:17:10] 🔄 Identity rotated (every 10 requests)
[00:17:10] [31/326] ACPR
[00:17:12] [32/326] STIP
[00:17:12] [33/326] MTRA
[00:17:13] [34/326] RMKH
[00:17:14] [35/326] NKRL
[00:17:15] [36/326] PCWN
[00:17:16] [37/326] BLMT
[00:17:16] [38/326] GDPG
[00:17:17] [39/326] SRMX
[00:17:18] [40/326] JACP
[00:17:18] 🔄 Identity reset
[00:17:18] 🔄 Identity rotated (every 10 requests)
[00:17:19] [41/326] CPSH
[00:17:19] [42/326] MCCD
[00:17:20] [43/326] ECGH
[00:17:21] [44/326] MKCK
[00:17:22] [45/326] SRMM
[00:17:23] [46/326] SKYR
[00:17:24] [47/326] PCKC
[00:17:24] [48/326] JCMA
[00:17:25] [49/326] BSMP
[00:17:26] [50/326] VSPA
[00:17:27] 🔄 Identity reset
[00:17:27] 🔄 Identity rotated (every 10 requests)
[00:17:27] [51/326] DJYA
[00:17:28] [52/326] DIMP
[00:17:28] [53/326] FXDR
[00:17:29] [54/326] SSRC
[00:17:30] [55/326] STHP
[00:17:31] [56/326] CPPD
[00:17:32] [57/326] FCLK
[00:17:33] [58/326] SCPP
[00:17:34] [59/326] DCMJ
[00:17:35] [60/326] RCCR
[00:17:35] 🔄 Identity reset
[00:17:35] 🔄 Identity rotated (every 10 requests)
[00:17:36] [61/326] INMT
[00:17:36] [62/326] LXTK
[00:17:37] [63/326] SRYK
[00:17:38] [64/326] SGDK
[00:17:39] [65/326] PPKA
[00:17:40] [66/326] SPKA
[00:17:42] [67/326] CGHH
[00:17:43] [68/326] DCJN
[00:17:44] [69/326] SRKV
[00:17:44] [70/326] SAJC
[00:17:45] 🔄 Identity reset
[00:17:45] 🔄 Identity rotated (every 10 requests)
[00:17:46] [71/326] SUSR
[00:17:47] [72/326] STYG
[00:17:48] [73/326] NTKP
[00:17:49] [74/326] AKTG
[00:17:49] [75/326] CGCM
[00:17:50] [76/326] TULC
[00:17:51] [77/326] NYYZ
[00:17:52] [78/326] NYBW
[00:17:54] [79/326] MACB
[00:17:55] [80/326] SLVT
[00:17:55] 🔄 Identity reset
[00:17:55] 🔄 Identity rotated (every 10 requests)
[00:17:55] [81/326] SANA
[00:17:56] [82/326] ACMR
[00:17:57] [83/326] CPKN
[00:17:58] [84/326] DLGK
[00:17:59] [85/326] CWCK
[00:18:00] [86/326] FDDH
[00:18:01] [87/326] MMMD
[00:18:03] [88/326] CMEH
[00:18:04] [89/326] GGGV
[00:18:05] [90/326] SPJL
[00:18:05] 🔄 Identity reset
[00:18:05] 🔄 Identity rotated (every 10 requests)
[00:18:06] [91/326] RCCD
[00:18:07] [92/326] STTZ
[00:18:08] [93/326] BTCF
[00:18:09] [94/326] TSTZ
[00:18:10] [95/326] IPMM
[00:18:11] [96/326] PMPW
[00:18:12] [97/326] PCMZ
[00:18:13] [98/326] ESEM
[00:18:14] [99/326] PIPO
[00:18:15] [100/326] MATK
[00:18:16] 🔄 Identity reset
[00:18:16] 🔄 Identity rotated (every 10 requests)
[00:18:16] [101/326] PGHM
[00:18:17] [102/326] CTSR
[00:18:18] [103/326] CYKR
[00:18:19] [104/326] MSCM
[00:18:20] [105/326] RFNP
[00:18:20] [106/326] PDCP
[00:18:22] [107/326] NPSE
[00:18:22] [108/326] MKML
[00:18:23] [109/326] FTDP
[00:18:24] [110/326] MMXA
[00:18:25] 🔄 Identity reset
[00:18:25] 🔄 Identity rotated (every 10 requests)
[00:18:25] [111/326] CEPO
[00:18:26] [112/326] CMVP
[00:18:27] [113/326] SGTH
[00:18:28] [114/326] SAYN
[00:18:28] [115/326] URVS
[00:18:29] [116/326] VJTN
[00:18:30] [117/326] BBYK
[00:18:31] [118/326] SHBO
[00:18:32] [119/326] VCMR
[00:18:33] [120/326] MACT
[00:18:33] 🔄 Identity reset
[00:18:33] 🔄 Identity rotated (every 10 requests)
[00:18:34] [121/326] JMNP
[00:18:35] [122/326] VICS
[00:18:36] [123/326] VCDA
[00:18:37] [124/326] GCMM
[00:18:38] [125/326] INVS
[00:18:38] [126/326] SCGM
[00:18:39] [127/326] PCDA
[00:18:40] [128/326] KDCT
[00:18:41] [129/326] JACS
[00:18:41] [130/326] GMMC
[00:18:42] 🔄 Identity reset
[00:18:42] 🔄 Identity rotated (every 10 requests)
[00:18:42] [131/326] AICM
[00:18:43] [132/326] TJCM
[00:18:44] [133/326] RMTI
[00:18:45] [134/326] SHAC
[00:18:46] [135/326] APJC
[00:18:48] [136/326] GCTG
[00:18:49] [137/326] SSMC
[00:18:49] [138/326] THRM
[00:18:50] [139/326] RBCT
[00:18:51] [140/326] DIKT
[00:18:52] 🔄 Identity reset
[00:18:52] 🔄 Identity rotated (every 10 requests)
[00:18:52] [141/326] MIDL
[00:18:53] [142/326] VCSN
[00:18:54] [143/326] SKTG
[00:18:54] [144/326] SMWC
[00:18:55] [145/326] MNKH
[00:18:56] [146/326] PIAT
[00:18:57] [147/326] LTTP
[00:18:58] [148/326] PTPU
[00:18:58] [149/326] ACMG
[00:18:59] [150/326] SHMM
[00:19:00] 🔄 Identity reset
[00:19:00] 🔄 Identity rotated (every 10 requests)
[00:19:00] [151/326] MCMN
[00:19:02] [152/326] GLDC
[00:19:02] [153/326] HOUT
[00:19:03] [154/326] SVRP
[00:19:04] [155/326] PVDN
[00:19:05] [156/326] SCPY
[00:19:07] [157/326] DTPY
[00:19:07] [158/326] GKCS
[00:19:08] [159/326] NCAM
[00:19:09] [160/326] BSRM
[00:19:10] 🔄 Identity reset
[00:19:10] 🔄 Identity rotated (every 10 requests)
[00:19:10] [161/326] RCLC
[00:19:11] [162/326] SKKD
[00:19:12] [163/326] ACHU
[00:19:13] [164/326] RSCF
[00:19:14] [165/326] IMSH
[00:19:14] [166/326] MACX
[00:19:15] [167/326] HMMW
[00:19:16] [168/326] JTCP
[00:19:17] [169/326] SREN
[00:19:18] [170/326] PJRR
[00:19:18] 🔄 Identity reset
[00:19:18] 🔄 Identity rotated (every 10 requests)
[00:19:19] [171/326] INAC
[00:19:20] [172/326] BMCA
[00:19:21] [173/326] SHCB
[00:19:21] [174/326] GABA
[00:19:22] [175/326] SBCT
[00:19:24] [176/326] GCMA
[00:19:25] [177/326] MYTK
[00:19:26] [178/326] INZS
[00:19:27] [179/326] RMIK
[00:19:27] [180/326] NYCH
[00:19:28] 🔄 Identity reset
[00:19:28] 🔄 Identity rotated (every 10 requests)
[00:19:28] [181/326] RAVE
[00:19:29] [182/326] PSXM
[00:19:30] [183/326] MCGP
[00:19:30] [184/326] PDDK
[00:19:31] [185/326] SPCK
[00:19:32] [186/326] MCRL
[00:19:33] [187/326] MHKT
[00:19:34] [188/326] ANRR
[00:19:34] [189/326] SAPK
[00:19:35] [190/326] NCUK
[00:19:36] 🔄 Identity reset
[00:19:36] 🔄 Identity rotated (every 10 requests)
[00:19:36] [191/326] JUGA
[00:19:37] [192/326] DBSC
[00:19:37] [193/326] LALK
[00:19:38] [194/326] GUCK
[00:19:39] [195/326] STSG
[00:19:40] [196/326] PPPZ
[00:19:41] [197/326] CNCY
[00:19:42] [198/326] MTAR
[00:19:43] [199/326] VNKD
[00:19:44] [200/326] KMAJ
[00:19:45] 🔄 Identity reset
[00:19:45] 🔄 Identity rotated (every 10 requests)
[00:19:45] [201/326] ACXK
[00:19:46] [202/326] UTKC
[00:19:47] [203/326] PBLK
[00:19:48] [204/326] ACBX
[00:19:49] [205/326] PTGM
[00:19:50] [206/326] BTDA
[00:19:51] [207/326] PJMB
[00:19:52] [208/326] TPDA
[00:19:52] [209/326] AMOE
[00:19:53] [210/326] PRHT
[00:19:53] 🔄 Identity reset
[00:19:53] 🔄 Identity rotated (every 10 requests)
[00:19:53] [211/326] PRTA
[00:19:54] [212/326] STAM
[00:19:55] [213/326] MSAA
[00:19:56] [214/326] SDLU
[00:19:57] [215/326] RCHH
[00:19:58] [216/326] KANT
[00:19:59] [217/326] FCRT
[00:19:59] [218/326] DNKM
[00:20:00] [219/326] RYCP
[00:20:01] [220/326] MYRP
[00:20:02] 🔄 Identity reset
[00:20:02] 🔄 Identity rotated (every 10 requests)
[00:20:02] [221/326] PPAK
[00:20:03] [222/326] NVPK
[00:20:04] [223/326] PRMC
[00:20:04] [224/326] JBCS
[00:20:05] [225/326] GXCK
[00:20:06] [226/326] USKO
[00:20:06] [227/326] GTEM
[00:20:07] [228/326] SMBU
[00:20:08] [229/326] VETC
[00:20:09] [230/326] LCDA
[00:20:09] 🔄 Identity reset
[00:20:09] 🔄 Identity rotated (every 10 requests)
[00:20:09] [231/326] MTVT
[00:20:10] [232/326] PYCP
[00:20:11] [233/326] PNSC
[00:20:12] [234/326] PPCC
[00:20:13] [235/326] TGRT
[00:20:14] [236/326] JYOT
[00:20:15] [237/326] SRCZ
[00:20:16] [238/326] SJTE
[00:20:17] [239/326] DESC
[00:20:17] [240/326] JHVN
[00:20:18] 🔄 Identity reset
[00:20:18] 🔄 Identity rotated (every 10 requests)
[00:20:18] [241/326] IPSG
[00:20:19] [242/326] IPCM
[00:20:20] [243/326] PDRS
[00:20:21] [244/326] ANCV
[00:20:22] [245/326] CMVV
[00:20:23] [246/326] SHYP
[00:20:23] [247/326] DNCS
[00:20:24] [248/326] GAJK
[00:20:25] [249/326] AKTN
[00:20:26] [250/326] KAYA
[00:20:27] 🔄 Identity reset
[00:20:27] 🔄 Identity rotated (every 10 requests)
[00:20:27] [251/326] SBRC
[00:20:28] [252/326] CHTP
[00:20:29] [253/326] SHRT
[00:20:30] [254/326] BCKU
[00:20:31] [255/326] FCPS
[00:20:31] [256/326] ARDD
[00:20:32] [257/326] CPCM
[00:20:33] [258/326] CGSM
[00:20:33] [259/326] PSMP
[00:20:34] [260/326] SDAL
[00:20:35] 🔄 Identity reset
[00:20:35] 🔄 Identity rotated (every 10 requests)
[00:20:35] [261/326] RTNB
[00:20:36] [262/326] LMCR
[00:20:37] [263/326] CIMA
[00:20:38] [264/326] RNAS
[00:20:38] [265/326] LITH
[00:20:39] [266/326] PBOX
[00:20:40] [267/326] FRTS
[00:20:41] [268/326] RKIC
[00:20:42] [269/326] PTAI
[00:20:43] [270/326] GCIC
[00:20:43] 🔄 Identity reset
[00:20:43] 🔄 Identity rotated (every 10 requests)
[00:20:44] [271/326] FNAS
[00:20:44] [272/326] SCAR
[00:20:45] [273/326] MTCA
[00:20:46] [274/326] SCTS
[00:20:46] [275/326] SYCS
[00:20:47] [276/326] RDMS
[00:20:48] [277/326] KAMP
[00:20:49] [278/326] ERSD
[00:20:50] [279/326] MJMJ
[00:20:51] [280/326] SRCJ
[00:20:52] 🔄 Identity reset
[00:20:52] 🔄 Identity rotated (every 10 requests)
[00:20:52] [281/326] SCXE
[00:20:53] [282/326] SVFR
[00:20:54] [283/326] BHCS
[00:20:54] [284/326] IMCC
[00:20:55] [285/326] PCBO
[00:20:56] [286/326] PRVN
[00:20:57] [287/326] AUPM
[00:20:57] [288/326] INBW
[00:20:58] [289/326] SVCW
[00:20:59] [290/326] RKCF
[00:21:00] 🔄 Identity reset
[00:21:00] 🔄 Identity rotated (every 10 requests)
[00:21:00] [291/326] UVBH
[00:21:01] [292/326] DNCY
[00:21:02] [293/326] ABCN
[00:21:03] [294/326] PRUR
[00:21:04] [295/326] PFMR
[00:21:05] [296/326] RKCN
[00:21:06] [297/326] CFEA
[00:21:07] [298/326] SDBG
[00:21:08] [299/326] SNAR
[00:21:08] [300/326] YISI
[00:21:09] 🔄 Identity reset
[00:21:09] 🔄 Identity rotated (every 10 requests)
[00:21:09] [301/326] JCFF
[00:21:10] [302/326] VTRK
[00:21:10] [303/326] PCLZ
[00:21:12] [304/326] DIMY
[00:21:13] [305/326] BBTS
[00:21:13] [306/326] GATH
[00:21:14] [307/326] GTMN
[00:21:15] [308/326] VTMH
[00:21:16] [309/326] CCKP
[00:21:17] [310/326] GPKA
[00:21:18] 🔄 Identity reset
[00:21:18] 🔄 Identity rotated (every 10 requests)
[00:21:18] [311/326] MHCL
[00:21:18] [312/326] ATCL
[00:21:20] [313/326] SBCK
[00:21:20] [314/326] AMMR
[00:21:21] [315/326] MADC
[00:21:22] [316/326] TMMA
[00:21:23] [317/326] CACC
[00:21:24] [318/326] CHAL
[00:21:25] [319/326] DURG
[00:21:26] [320/326] GMKU
[00:21:26] 🔄 Identity reset
[00:21:26] 🔄 Identity rotated (every 10 requests)
[00:21:26] [321/326] GECA
[00:21:27] [322/326] KYRR
[00:21:28] [323/326] KSDE
[00:21:29] [324/326] LMCI
[00:21:30] [325/326] NKCP
[00:21:30] [326/326] BGTC
[00:21:31] ✅ DONE | Shows=15 | Movies=2
[01:16:52] 🚀 BMS DAILY TRACKER STARTED (enhanced anti‑detection)
[01:16:52] [1/326] BSAT
[01:16:52] 🧠 New identity created
[01:16:53] [2/326] RSSM
[01:16:54] [3/326] GCTA
[01:16:55] [4/326] TOPN
[01:16:56] [5/326] MCUS
[01:16:56] [6/326] SHRL
[01:16:57] [7/326] UPTP
[01:16:58] [8/326] TMMP
[01:16:59] [9/326] DNRP
[01:17:00] [10/326] SRLT
[01:17:01] 🔄 Identity reset
[01:17:01] 🔄 Identity rotated (every 10 requests)
[01:17:01] [11/326] RCNS
[01:17:02] [12/326] DCBH
[01:17:03] [13/326] NAGJ
[01:17:04] [14/326] JVRC
[01:17:05] [15/326] KRJG
[01:17:05] [16/326] SRTJ
[01:17:06] [17/326] CMXM
[01:17:07] [18/326] STMI
[01:17:08] [19/326] SLST
[01:17:09] [20/326] DTCN
[01:17:09] 🔄 Identity reset
[01:17:10] 🔄 Identity rotated (every 10 requests)
[01:17:10] [21/326] STYN
[01:17:11] [22/326] SZVR
[01:17:12] [23/326] SRKO
[01:17:13] [24/326] JTGT
[01:17:14] [25/326] SVFD
[01:17:15] [26/326] SISD
[01:17:16] [27/326] ABDD
[01:17:17] [28/326] DRCA
[01:17:18] [29/326] AVCS
[01:17:19] [30/326] MVKH
[01:17:19] 🔄 Identity reset
[01:17:19] 🔄 Identity rotated (every 10 requests)
[01:17:20] [31/326] ACPR
[01:17:21] [32/326] STIP
[01:17:21] [33/326] MTRA
[01:17:22] [34/326] RMKH
[01:17:23] [35/326] NKRL
[01:17:24] [36/326] PCWN
[01:17:25] [37/326] BLMT
[01:17:25] [38/326] GDPG
[01:17:26] [39/326] SRMX
[01:17:27] [40/326] JACP
[01:17:28] 🔄 Identity reset
[01:17:28] 🔄 Identity rotated (every 10 requests)
[01:17:28] [41/326] CPSH
[01:17:29] [42/326] MCCD
[01:17:30] [43/326] ECGH
[01:17:31] [44/326] MKCK
[01:17:32] [45/326] SRMM
[01:17:33] [46/326] SKYR
[01:17:34] [47/326] PCKC
[01:17:35] [48/326] JCMA
[01:17:35] [49/326] BSMP
[01:17:36] [50/326] VSPA
[01:17:37] 🔄 Identity reset
[01:17:37] 🔄 Identity rotated (every 10 requests)
[01:17:37] [51/326] DJYA
[01:17:39] [52/326] DIMP
[01:17:39] [53/326] FXDR
[01:17:41] [54/326] SSRC
[01:17:42] [55/326] STHP
[01:17:43] [56/326] CPPD
[01:17:44] [57/326] FCLK
[01:17:45] [58/326] SCPP
[01:17:46] [59/326] DCMJ
[01:17:46] [60/326] RCCR
[01:17:47] 🔄 Identity reset
[01:17:47] 🔄 Identity rotated (every 10 requests)
[01:17:47] [61/326] INMT
[01:17:49] [62/326] LXTK
[01:17:50] [63/326] SRYK
[01:17:50] [64/326] SGDK
[01:17:51] [65/326] PPKA
[01:17:52] [66/326] SPKA
[01:17:53] [67/326] CGHH
[01:17:54] [68/326] DCJN
[01:17:55] [69/326] SRKV
[01:17:56] [70/326] SAJC
[01:17:56] 🔄 Identity reset
[01:17:56] 🔄 Identity rotated (every 10 requests)
[01:17:57] [71/326] SUSR
[01:17:58] [72/326] STYG
[01:17:58] [73/326] NTKP
[01:17:59] [74/326] AKTG
[01:18:00] [75/326] CGCM
[01:18:02] [76/326] TULC
[01:18:03] [77/326] NYYZ
[01:18:04] [78/326] NYBW
[01:18:05] [79/326] MACB
[01:18:06] [80/326] SLVT
[01:18:06] 🔄 Identity reset
[01:18:06] 🔄 Identity rotated (every 10 requests)
[01:18:07] [81/326] SANA
[01:18:08] [82/326] ACMR
[01:18:09] [83/326] CPKN
[01:18:10] [84/326] DLGK
[01:18:11] [85/326] CWCK
[01:18:12] [86/326] FDDH
[01:18:13] [87/326] MMMD
[01:18:14] [88/326] CMEH
[01:18:15] [89/326] GGGV
[01:18:16] [90/326] SPJL
[01:18:16] 🔄 Identity reset
[01:18:16] 🔄 Identity rotated (every 10 requests)
[01:18:16] [91/326] RCCD
[01:18:17] [92/326] STTZ
[01:18:18] [93/326] BTCF
[01:18:19] [94/326] TSTZ
[01:18:20] [95/326] IPMM
[01:18:21] [96/326] PMPW
[01:18:22] [97/326] PCMZ
[01:18:23] [98/326] ESEM
[01:18:24] [99/326] PIPO
[01:18:24] [100/326] MATK
[01:18:25] 🔄 Identity reset
[01:18:25] 🔄 Identity rotated (every 10 requests)
[01:18:25] [101/326] PGHM
[01:18:27] [102/326] CTSR
[01:18:28] [103/326] CYKR
[01:18:29] [104/326] MSCM
[01:18:29] [105/326] RFNP
[01:18:30] [106/326] PDCP
[01:18:31] [107/326] NPSE
[01:18:32] [108/326] MKML
[01:18:33] [109/326] FTDP
[01:18:34] [110/326] MMXA
[01:18:35] 🔄 Identity reset
[01:18:35] 🔄 Identity rotated (every 10 requests)
[01:18:35] [111/326] CEPO
[01:18:36] [112/326] CMVP
[01:18:37] [113/326] SGTH
[01:18:38] [114/326] SAYN
[01:18:39] [115/326] URVS
[01:18:40] [116/326] VJTN
[01:18:41] [117/326] BBYK
[01:18:42] [118/326] SHBO
[01:18:43] [119/326] VCMR
[01:18:44] [120/326] MACT
[01:18:44] 🔄 Identity reset
[01:18:44] 🔄 Identity rotated (every 10 requests)
[01:18:45] [121/326] JMNP
[01:18:45] [122/326] VICS
[01:18:46] [123/326] VCDA
[01:18:47] [124/326] GCMM
[01:18:48] [125/326] INVS
[01:18:49] [126/326] SCGM
[01:18:51] [127/326] PCDA
[01:18:51] [128/326] KDCT
[01:18:52] [129/326] JACS
[01:18:53] [130/326] GMMC
[01:18:54] 🔄 Identity reset
[01:18:54] 🔄 Identity rotated (every 10 requests)
[01:18:54] [131/326] AICM
[01:18:55] [132/326] TJCM
[01:18:56] [133/326] RMTI
[01:18:57] [134/326] SHAC
[01:18:58] [135/326] APJC
[01:18:58] [136/326] GCTG
[01:18:59] [137/326] SSMC
[01:19:00] [138/326] THRM
[01:19:01] [139/326] RBCT
[01:19:02] [140/326] DIKT
[01:19:02] 🔄 Identity reset
[01:19:02] 🔄 Identity rotated (every 10 requests)
[01:19:03] [141/326] MIDL
[01:19:03] [142/326] VCSN
[01:19:05] [143/326] SKTG
[01:19:06] [144/326] SMWC
[01:19:07] [145/326] MNKH
[01:19:09] [146/326] PIAT
[01:19:10] [147/326] LTTP
[01:19:11] [148/326] PTPU
[01:19:12] [149/326] ACMG
[01:19:13] [150/326] SHMM
[01:19:14] 🔄 Identity reset
[01:19:14] 🔄 Identity rotated (every 10 requests)
[01:19:14] [151/326] MCMN
[01:19:15] [152/326] GLDC
[01:19:16] [153/326] HOUT
[01:19:17] [154/326] SVRP
[01:19:18] [155/326] PVDN
[01:19:19] [156/326] SCPY
[01:19:20] [157/326] DTPY
[01:19:21] [158/326] GKCS
[01:19:22] [159/326] NCAM
[01:19:23] [160/326] BSRM
[01:19:23] 🔄 Identity reset
[01:19:23] 🔄 Identity rotated (every 10 requests)
[01:19:23] [161/326] RCLC
[01:19:24] [162/326] SKKD
[01:19:25] [163/326] ACHU
[01:19:26] [164/326] RSCF
[01:19:27] [165/326] IMSH
[01:19:28] [166/326] MACX
[01:19:29] [167/326] HMMW
[01:19:30] [168/326] JTCP
[01:19:31] [169/326] SREN
[01:19:32] [170/326] PJRR
[01:19:32] 🔄 Identity reset
[01:19:32] 🔄 Identity rotated (every 10 requests)
[01:19:33] [171/326] INAC
[01:19:34] [172/326] BMCA
[01:19:36] [173/326] SHCB
[01:19:37] [174/326] GABA
[01:19:38] [175/326] SBCT
[01:19:39] [176/326] GCMA
[01:19:39] [177/326] MYTK
[01:19:40] [178/326] INZS
[01:19:41] [179/326] RMIK
[01:19:43] [180/326] NYCH
[01:19:43] 🔄 Identity reset
[01:19:43] 🔄 Identity rotated (every 10 requests)
[01:19:44] [181/326] RAVE
[01:19:45] [182/326] PSXM
[01:19:46] [183/326] MCGP
[01:19:47] [184/326] PDDK
[01:19:49] [185/326] SPCK
[01:19:49] [186/326] MCRL
[01:19:50] [187/326] MHKT
[01:19:51] [188/326] ANRR
[01:19:52] [189/326] SAPK
[01:19:53] [190/326] NCUK
[01:19:53] 🔄 Identity reset
[01:19:53] 🔄 Identity rotated (every 10 requests)
[01:19:54] [191/326] JUGA
[01:19:54] [192/326] DBSC
[01:19:56] [193/326] LALK
[01:19:57] [194/326] GUCK
[01:19:58] [195/326] STSG
[01:20:00] [196/326] PPPZ
[01:20:01] [197/326] CNCY
[01:20:01] [198/326] MTAR
[01:20:02] [199/326] VNKD
[01:20:03] [200/326] KMAJ
[01:20:04] 🔄 Identity reset
[01:20:04] 🔄 Identity rotated (every 10 requests)
[01:20:04] [201/326] ACXK
[01:20:05] [202/326] UTKC
[01:20:06] [203/326] PBLK
[01:20:07] [204/326] ACBX
[01:20:08] [205/326] PTGM
[01:20:09] [206/326] BTDA
[01:20:10] [207/326] PJMB
[01:20:10] [208/326] TPDA
[01:20:11] [209/326] AMOE
[01:20:12] [210/326] PRHT
[01:20:13] 🔄 Identity reset
[01:20:13] 🔄 Identity rotated (every 10 requests)
[01:20:13] [211/326] PRTA
[01:20:14] [212/326] STAM
[01:20:15] [213/326] MSAA
[01:20:16] [214/326] SDLU
[01:20:17] [215/326] RCHH
[01:20:18] [216/326] KANT
[01:20:19] [217/326] FCRT
[01:20:20] [218/326] DNKM
[01:20:21] [219/326] RYCP
[01:20:22] [220/326] MYRP
[01:20:23] 🔄 Identity reset
[01:20:23] 🔄 Identity rotated (every 10 requests)
[01:20:23] [221/326] PPAK
[01:20:24] [222/326] NVPK
[01:20:25] [223/326] PRMC
[01:20:26] [224/326] JBCS
[01:20:26] [225/326] GXCK
[01:20:28] [226/326] USKO
[01:20:29] [227/326] GTEM
[01:20:30] [228/326] SMBU
[01:20:31] [229/326] VETC
[01:20:32] [230/326] LCDA
[01:20:32] 🔄 Identity reset
[01:20:32] 🔄 Identity rotated (every 10 requests)
[01:20:33] [231/326] MTVT
[01:20:34] [232/326] PYCP
[01:20:35] [233/326] PNSC
[01:20:36] [234/326] PPCC
[01:20:37] [235/326] TGRT
[01:20:38] [236/326] JYOT
[01:20:38] [237/326] SRCZ
[01:20:39] [238/326] SJTE
[01:20:40] [239/326] DESC
[01:20:41] [240/326] JHVN
[01:20:42] 🔄 Identity reset
[01:20:42] 🔄 Identity rotated (every 10 requests)
[01:20:42] [241/326] IPSG
[01:20:43] [242/326] IPCM
[01:20:44] [243/326] PDRS
[01:20:45] [244/326] ANCV
[01:20:46] [245/326] CMVV
[01:20:47] [246/326] SHYP
[01:20:48] [247/326] DNCS
[01:20:49] [248/326] GAJK
[01:20:50] [249/326] AKTN
[01:20:51] [250/326] KAYA
[01:20:52] 🔄 Identity reset
[01:20:52] 🔄 Identity rotated (every 10 requests)
[01:20:52] [251/326] SBRC
[01:20:53] [252/326] CHTP
[01:20:54] [253/326] SHRT
[01:20:55] [254/326] BCKU
[01:20:56] [255/326] FCPS
[01:20:56] [256/326] ARDD
[01:20:58] [257/326] CPCM
[01:20:59] [258/326] CGSM
[01:21:00] [259/326] PSMP
[01:21:01] [260/326] SDAL
[01:21:01] 🔄 Identity reset
[01:21:01] 🔄 Identity rotated (every 10 requests)
[01:21:02] [261/326] RTNB
[01:21:02] [262/326] LMCR
[01:21:04] [263/326] CIMA
[01:21:05] [264/326] RNAS
[01:21:06] [265/326] LITH
[01:21:07] [266/326] PBOX
[01:21:07] [267/326] FRTS
[01:21:08] [268/326] RKIC
[01:21:09] [269/326] PTAI
[01:21:10] [270/326] GCIC
[01:21:11] 🔄 Identity reset
[01:21:11] 🔄 Identity rotated (every 10 requests)
[01:21:11] [271/326] FNAS
[01:21:12] [272/326] SCAR
[01:21:13] [273/326] MTCA
[01:21:13] [274/326] SCTS
[01:21:14] [275/326] SYCS
[01:21:15] [276/326] RDMS
[01:21:16] [277/326] KAMP
[01:21:17] [278/326] ERSD
[01:21:18] [279/326] MJMJ
[01:21:19] [280/326] SRCJ
[01:21:20] 🔄 Identity reset
[01:21:20] 🔄 Identity rotated (every 10 requests)
[01:21:20] [281/326] SCXE
[01:21:21] [282/326] SVFR
[01:21:22] [283/326] BHCS
[01:21:23] [284/326] IMCC
[01:21:24] [285/326] PCBO
[01:21:24] [286/326] PRVN
[01:21:26] [287/326] AUPM
[01:21:27] [288/326] INBW
[01:21:28] [289/326] SVCW
[01:21:29] [290/326] RKCF
[01:21:29] 🔄 Identity reset
[01:21:29] 🔄 Identity rotated (every 10 requests)
[01:21:30] [291/326] UVBH
[01:21:31] [292/326] DNCY
[01:21:32] [293/326] ABCN
[01:21:33] [294/326] PRUR
[01:21:34] [295/326] PFMR
[01:21:35] [296/326] RKCN
[01:21:36] [297/326] CFEA
[01:21:37] [298/326] SDBG
[01:21:38] [299/326] SNAR
[01:21:39] [300/326] YISI
[01:21:40] 🔄 Identity reset
[01:21:40] 🔄 Identity rotated (every 10 requests)
[01:21:40] [301/326] JCFF
[01:21:41] [302/326] VTRK
[01:21:42] [303/326] PCLZ
[01:21:43] [304/326] DIMY
[01:21:44] [305/326] BBTS
[01:21:44] [306/326] GATH
[01:21:45] [307/326] GTMN
[01:21:46] [308/326] VTMH
[01:21:47] [309/326] CCKP
[01:21:48] [310/326] GPKA
[01:21:49] 🔄 Identity reset
[01:21:49] 🔄 Identity rotated (every 10 requests)
[01:21:50] [311/326] MHCL
[01:21:51] [312/326] ATCL
[01:21:52] [313/326] SBCK
[01:21:53] [314/326] AMMR
[01:21:54] [315/326] MADC
[01:21:55] [316/326] TMMA
[01:21:56] [317/326] CACC
[01:21:58] [318/326] CHAL
[01:21:59] [319/326] DURG
[01:22:00] [320/326] GMKU
[01:22:00] 🔄 Identity reset
[01:22:00] 🔄 Identity rotated (every 10 requests)
[01:22:00] [321/326] GECA
[01:22:01] [322/326] KYRR
[01:22:02] [323/326] KSDE
[01:22:03] [324/326] LMCI
[01:22:04] [325/326] NKCP
[01:22:05] [326/326] BGTC
[01:22:06] ✅ DONE | Shows=15 | Movies=2
[02:16:49] 🚀 BMS DAILY TRACKER STARTED (enhanced anti‑detection)
[02:16:49] [1/326] BSAT
[02:16:50] 🧠 New identity created
[02:16:50] [2/326] RSSM
[02:16:51] [3/326] GCTA
[02:16:52] [4/326] TOPN
[02:16:53] [5/326] MCUS
[02:16:54] [6/326] SHRL
[02:16:55] [7/326] UPTP
[02:16:56] [8/326] TMMP
[02:16:57] [9/326] DNRP
[02:16:57] [10/326] SRLT
[02:16:58] 🔄 Identity reset
[02:16:58] 🔄 Identity rotated (every 10 requests)
[02:16:58] [11/326] RCNS
[02:16:59] [12/326] DCBH
[02:17:00] [13/326] NAGJ
[02:17:01] [14/326] JVRC
[02:17:02] [15/326] KRJG
[02:17:03] [16/326] SRTJ
[02:17:04] [17/326] CMXM
[02:17:05] [18/326] STMI
[02:17:07] [19/326] SLST
[02:17:08] [20/326] DTCN
[02:17:08] 🔄 Identity reset
[02:17:08] 🔄 Identity rotated (every 10 requests)
[02:17:09] [21/326] STYN
[02:17:09] [22/326] SZVR
[02:17:10] [23/326] SRKO
[02:17:11] [24/326] JTGT
[02:17:12] [25/326] SVFD
[02:17:13] [26/326] SISD
[02:17:14] [27/326] ABDD
[02:17:15] [28/326] DRCA
[02:17:16] [29/326] AVCS
[02:17:17] [30/326] MVKH
[02:17:17] 🔄 Identity reset
[02:17:17] 🔄 Identity rotated (every 10 requests)
[02:17:18] [31/326] ACPR
[02:17:19] [32/326] STIP
[02:17:20] [33/326] MTRA
[02:17:21] [34/326] RMKH
[02:17:22] [35/326] NKRL
[02:17:23] [36/326] PCWN
[02:17:24] [37/326] BLMT
[02:17:24] [38/326] GDPG
[02:17:25] [39/326] SRMX
[02:17:26] [40/326] JACP
[02:17:26] 🔄 Identity reset
[02:17:27] 🔄 Identity rotated (every 10 requests)
[02:17:27] [41/326] CPSH
[02:17:28] [42/326] MCCD
[02:17:28] [43/326] ECGH
[02:17:29] [44/326] MKCK
[02:17:31] [45/326] SRMM
[02:17:32] [46/326] SKYR
[02:17:32] [47/326] PCKC
[02:17:33] [48/326] JCMA
[02:17:34] [49/326] BSMP
[02:17:35] [50/326] VSPA
[02:17:36] 🔄 Identity reset
[02:17:36] 🔄 Identity rotated (every 10 requests)
[02:17:36] [51/326] DJYA
[02:17:37] [52/326] DIMP
[02:17:38] [53/326] FXDR
[02:17:39] [54/326] SSRC
[02:17:39] [55/326] STHP
[02:17:40] [56/326] CPPD
[02:17:41] [57/326] FCLK
[02:17:42] [58/326] SCPP
[02:17:43] [59/326] DCMJ
[02:17:43] [60/326] RCCR
[02:17:44] 🔄 Identity reset
[02:17:44] 🔄 Identity rotated (every 10 requests)
[02:17:44] [61/326] INMT
[02:17:45] [62/326] LXTK
[02:17:46] [63/326] SRYK
[02:17:47] [64/326] SGDK
[02:17:48] [65/326] PPKA
[02:17:49] [66/326] SPKA
[02:17:50] [67/326] CGHH
[02:17:50] [68/326] DCJN
[02:17:51] [69/326] SRKV
[02:17:52] [70/326] SAJC
[02:17:53] 🔄 Identity reset
[02:17:53] 🔄 Identity rotated (every 10 requests)
[02:17:53] [71/326] SUSR
[02:17:54] [72/326] STYG
[02:17:55] [73/326] NTKP
[02:17:56] [74/326] AKTG
[02:17:58] [75/326] CGCM
[02:17:59] [76/326] TULC
[02:18:00] [77/326] NYYZ
[02:18:01] [78/326] NYBW
[02:18:02] [79/326] MACB
[02:18:03] [80/326] SLVT
[02:18:03] 🔄 Identity reset
[02:18:03] 🔄 Identity rotated (every 10 requests)
[02:18:03] [81/326] SANA
[02:18:04] [82/326] ACMR
[02:18:05] [83/326] CPKN
[02:18:06] [84/326] DLGK
[02:18:06] [85/326] CWCK
[02:18:07] [86/326] FDDH
[02:18:08] [87/326] MMMD
[02:18:09] [88/326] CMEH
[02:18:10] [89/326] GGGV
[02:18:11] [90/326] SPJL
[02:18:12] 🔄 Identity reset
[02:18:12] 🔄 Identity rotated (every 10 requests)
[02:18:12] [91/326] RCCD
[02:18:13] [92/326] STTZ
[02:18:14] [93/326] BTCF
[02:18:14] [94/326] TSTZ
[02:18:15] [95/326] IPMM
[02:18:16] [96/326] PMPW
[02:18:17] [97/326] PCMZ
[02:18:18] [98/326] ESEM
[02:18:19] [99/326] PIPO
[02:18:20] [100/326] MATK
[02:18:20] 🔄 Identity reset
[02:18:20] 🔄 Identity rotated (every 10 requests)
[02:18:20] [101/326] PGHM
[02:18:21] [102/326] CTSR
[02:18:22] [103/326] CYKR
[02:18:23] [104/326] MSCM
[02:18:24] [105/326] RFNP
[02:18:25] [106/326] PDCP
[02:18:26] [107/326] NPSE
[02:18:27] [108/326] MKML
[02:18:28] [109/326] FTDP
[02:18:28] [110/326] MMXA
[02:18:29] 🔄 Identity reset
[02:18:29] 🔄 Identity rotated (every 10 requests)
[02:18:29] [111/326] CEPO
[02:18:30] [112/326] CMVP
[02:18:31] [113/326] SGTH
[02:18:32] [114/326] SAYN
[02:18:33] [115/326] URVS
[02:18:34] [116/326] VJTN
[02:18:35] [117/326] BBYK
[02:18:35] [118/326] SHBO
[02:18:36] [119/326] VCMR
[02:18:37] [120/326] MACT
[02:18:38] 🔄 Identity reset
[02:18:38] 🔄 Identity rotated (every 10 requests)
[02:18:38] [121/326] JMNP
[02:18:39] [122/326] VICS
[02:18:40] [123/326] VCDA
[02:18:41] [124/326] GCMM
[02:18:42] [125/326] INVS
[02:18:42] [126/326] SCGM
[02:18:43] [127/326] PCDA
[02:18:45] [128/326] KDCT
[02:18:46] [129/326] JACS
[02:18:46] [130/326] GMMC
[02:18:47] 🔄 Identity reset
[02:18:47] 🔄 Identity rotated (every 10 requests)
[02:18:47] [131/326] AICM
[02:18:48] [132/326] TJCM
[02:18:49] [133/326] RMTI
[02:18:50] [134/326] SHAC
[02:18:51] [135/326] APJC
[02:18:51] [136/326] GCTG
[02:18:52] [137/326] SSMC
[02:18:54] [138/326] THRM
[02:18:55] [139/326] RBCT
[02:18:56] [140/326] DIKT
[02:18:56] 🔄 Identity reset
[02:18:56] 🔄 Identity rotated (every 10 requests)
[02:18:57] [141/326] MIDL
[02:18:58] [142/326] VCSN
[02:18:59] [143/326] SKTG
[02:19:00] [144/326] SMWC
[02:19:01] [145/326] MNKH
[02:19:02] [146/326] PIAT
[02:19:03] [147/326] LTTP
[02:19:03] [148/326] PTPU
[02:19:04] [149/326] ACMG
[02:19:05] [150/326] SHMM
[02:19:06] 🔄 Identity reset
[02:19:06] 🔄 Identity rotated (every 10 requests)
[02:19:07] [151/326] MCMN
[02:19:08] [152/326] GLDC
[02:19:09] [153/326] HOUT
[02:19:10] [154/326] SVRP
[02:19:11] [155/326] PVDN
[02:19:12] [156/326] SCPY
[02:19:13] [157/326] DTPY
[02:19:14] [158/326] GKCS
[02:19:15] [159/326] NCAM
[02:19:15] [160/326] BSRM
[02:19:16] 🔄 Identity reset
[02:19:16] 🔄 Identity rotated (every 10 requests)
[02:19:16] [161/326] RCLC
[02:19:17] [162/326] SKKD
[02:19:18] [163/326] ACHU
[02:19:19] [164/326] RSCF
[02:19:20] [165/326] IMSH
[02:19:21] [166/326] MACX
[02:19:22] [167/326] HMMW
[02:19:24] [168/326] JTCP
[02:19:25] [169/326] SREN
[02:19:26] [170/326] PJRR
[02:19:27] 🔄 Identity reset
[02:19:27] 🔄 Identity rotated (every 10 requests)
[02:19:28] [171/326] INAC
[02:19:29] [172/326] BMCA
[02:19:30] [173/326] SHCB
[02:19:30] [174/326] GABA
[02:19:31] [175/326] SBCT
[02:19:33] [176/326] GCMA
[02:19:33] [177/326] MYTK
[02:19:34] [178/326] INZS
[02:19:35] [179/326] RMIK
[02:19:37] [180/326] NYCH
[02:19:37] 🔄 Identity reset
[02:19:37] 🔄 Identity rotated (every 10 requests)
[02:19:37] [181/326] RAVE
[02:19:38] [182/326] PSXM
[02:19:39] [183/326] MCGP
[02:19:40] [184/326] PDDK
[02:19:41] [185/326] SPCK
[02:19:42] [186/326] MCRL
[02:19:43] [187/326] MHKT
[02:19:44] [188/326] ANRR
[02:19:45] [189/326] SAPK
[02:19:46] [190/326] NCUK
[02:19:47] 🔄 Identity reset
[02:19:47] 🔄 Identity rotated (every 10 requests)
[02:19:47] [191/326] JUGA
[02:19:48] [192/326] DBSC
[02:19:49] [193/326] LALK
[02:19:50] [194/326] GUCK
[02:19:51] [195/326] STSG
[02:19:52] [196/326] PPPZ
[02:19:53] [197/326] CNCY
[02:19:54] [198/326] MTAR
[02:19:55] [199/326] VNKD
[02:19:56] [200/326] KMAJ
[02:19:56] 🔄 Identity reset
[02:19:56] 🔄 Identity rotated (every 10 requests)
[02:19:57] [201/326] ACXK
[02:19:57] [202/326] UTKC
[02:19:58] [203/326] PBLK
[02:19:59] [204/326] ACBX
[02:20:01] [205/326] PTGM
[02:20:02] [206/326] BTDA
[02:20:03] [207/326] PJMB
[02:20:04] [208/326] TPDA
[02:20:05] [209/326] AMOE
[02:20:06] [210/326] PRHT
[02:20:06] 🔄 Identity reset
[02:20:06] 🔄 Identity rotated (every 10 requests)
[02:20:07] [211/326] PRTA
[02:20:07] [212/326] STAM
[02:20:08] [213/326] MSAA
[02:20:10] [214/326] SDLU
[02:20:10] [215/326] RCHH
[02:20:11] [216/326] KANT
[02:20:12] [217/326] FCRT
[02:20:13] [218/326] DNKM
[02:20:14] [219/326] RYCP
[02:20:15] [220/326] MYRP
[02:20:15] 🔄 Identity reset
[02:20:15] 🔄 Identity rotated (every 10 requests)
[02:20:16] [221/326] PPAK
[02:20:17] [222/326] NVPK
[02:20:17] [223/326] PRMC
[02:20:18] [224/326] JBCS
[02:20:19] [225/326] GXCK
[02:20:20] [226/326] USKO
[02:20:21] [227/326] GTEM
[02:20:22] [228/326] SMBU
[02:20:23] [229/326] VETC
[02:20:23] [230/326] LCDA
[02:20:24] 🔄 Identity reset
[02:20:24] 🔄 Identity rotated (every 10 requests)
[02:20:24] [231/326] MTVT
[02:20:25] [232/326] PYCP
[02:20:26] [233/326] PNSC
[02:20:27] [234/326] PPCC
[02:20:28] [235/326] TGRT
[02:20:29] [236/326] JYOT
[02:20:30] [237/326] SRCZ
[02:20:31] [238/326] SJTE
[02:20:31] [239/326] DESC
[02:20:32] [240/326] JHVN
[02:20:33] 🔄 Identity reset
[02:20:33] 🔄 Identity rotated (every 10 requests)
[02:20:33] [241/326] IPSG
[02:20:34] [242/326] IPCM
[02:20:35] [243/326] PDRS
[02:20:36] [244/326] ANCV
[02:20:37] [245/326] CMVV
[02:20:38] [246/326] SHYP
[02:20:39] [247/326] DNCS
[02:20:40] [248/326] GAJK
[02:20:41] [249/326] AKTN
[02:20:41] [250/326] KAYA
[02:20:42] 🔄 Identity reset
[02:20:42] 🔄 Identity rotated (every 10 requests)
[02:20:43] [251/326] SBRC
[02:20:44] [252/326] CHTP
[02:20:44] [253/326] SHRT
[02:20:46] [254/326] BCKU
[02:20:47] [255/326] FCPS
[02:20:48] [256/326] ARDD
[02:20:49] [257/326] CPCM
[02:20:50] [258/326] CGSM
[02:20:51] [259/326] PSMP
[02:20:52] [260/326] SDAL
[02:20:52] 🔄 Identity reset
[02:20:52] 🔄 Identity rotated (every 10 requests)
[02:20:53] [261/326] RTNB
[02:20:54] [262/326] LMCR
[02:20:55] [263/326] CIMA
[02:20:56] [264/326] RNAS
[02:20:57] [265/326] LITH
[02:20:58] [266/326] PBOX
[02:20:59] [267/326] FRTS
[02:21:00] [268/326] RKIC
[02:21:00] [269/326] PTAI
[02:21:01] [270/326] GCIC
[02:21:02] 🔄 Identity reset
[02:21:02] 🔄 Identity rotated (every 10 requests)
[02:21:02] [271/326] FNAS
[02:21:03] [272/326] SCAR
[02:21:04] [273/326] MTCA
[02:21:05] [274/326] SCTS
[02:21:06] [275/326] SYCS
[02:21:07] [276/326] RDMS
[02:21:08] [277/326] KAMP
[02:21:08] [278/326] ERSD
[02:21:09] [279/326] MJMJ
[02:21:10] [280/326] SRCJ
[02:21:11] 🔄 Identity reset
[02:21:11] 🔄 Identity rotated (every 10 requests)
[02:21:11] [281/326] SCXE
[02:21:12] [282/326] SVFR
[02:21:13] [283/326] BHCS
[02:21:14] [284/326] IMCC
[02:21:16] [285/326] PCBO
[02:21:16] [286/326] PRVN
[02:21:17] [287/326] AUPM
[02:21:18] [288/326] INBW
[02:21:19] [289/326] SVCW
[02:21:20] [290/326] RKCF
[02:21:20] 🔄 Identity reset
[02:21:20] 🔄 Identity rotated (every 10 requests)
[02:21:21] [291/326] UVBH
[02:21:22] [292/326] DNCY
[02:21:23] [293/326] ABCN
[02:21:24] [294/326] PRUR
[02:21:24] [295/326] PFMR
[02:21:25] [296/326] RKCN
[02:21:26] [297/326] CFEA
[02:21:27] [298/326] SDBG
[02:21:28] [299/326] SNAR
[02:21:29] [300/326] YISI
[02:21:29] 🔄 Identity reset
[02:21:29] 🔄 Identity rotated (every 10 requests)
[02:21:30] [301/326] JCFF
[02:21:31] [302/326] VTRK
[02:21:31] [303/326] PCLZ
[02:21:32] [304/326] DIMY
[02:21:33] [305/326] BBTS
[02:21:35] [306/326] GATH
[02:21:36] [307/326] GTMN
[02:21:36] [308/326] VTMH
[02:21:37] [309/326] CCKP
[02:21:38] [310/326] GPKA
[02:21:39] 🔄 Identity reset
[02:21:39] 🔄 Identity rotated (every 10 requests)
[02:21:39] [311/326] MHCL
[02:21:40] [312/326] ATCL
[02:21:41] [313/326] SBCK
[02:21:42] [314/326] AMMR
[02:21:43] [315/326] MADC
[02:21:44] [316/326] TMMA
[02:21:45] [317/326] CACC
[02:21:46] [318/326] CHAL
[02:21:46] [319/326] DURG
[02:21:47] [320/326] GMKU
[02:21:48] 🔄 Identity reset
[02:21:48] 🔄 Identity rotated (every 10 requests)
[02:21:48] [321/326] GECA
[02:21:49] [322/326] KYRR
[02:21:50] [323/326] KSDE
[02:21:50] [324/326] LMCI
[02:21:51] [325/326] NKCP
[02:21:52] [326/326] BGTC
[02:21:53] ✅ DONE | Shows=15 | Movies=2
