[00:16:48] 🚀 BMS DAILY TRACKER STARTED (enhanced anti‑detection)
[00:16:48] [1/326] VCHA
[00:16:49] 🧠 New identity created
[00:16:49] [2/326] SCKO
[00:16:50] [3/326] VKTK
[00:16:51] [4/326] DXEC
[00:16:52] [5/326] CDCA
[00:16:53] [6/326] VBCZ
[00:16:54] [7/326] MSDR
[00:16:54] [8/326] ACPV
[00:16:56] [9/326] PVHB
[00:16:57] [10/326] RCNH
[00:16:57] 🔄 Identity reset
[00:16:57] 🔄 Identity rotated (every 10 requests)
[00:16:58] [11/326] IOMH
[00:16:59] [12/326] ILKS
[00:17:00] [13/326] AMSN
[00:17:01] [14/326] ANTP
[00:17:02] [15/326] SSEK
[00:17:03] [16/326] PICP
[00:17:04] [17/326] SICO
[00:17:05] [18/326] SISP
[00:17:05] [19/326] SCPI
[00:17:06] [20/326] CRPR
[00:17:07] 🔄 Identity reset
[00:17:07] 🔄 Identity rotated (every 10 requests)
[00:17:07] [21/326] DCTW
[00:17:08] [22/326] DCSP
[00:17:09] [23/326] KRPM
[00:17:11] [24/326] THKK
[00:17:12] [25/326] SNMY
[00:17:13] [26/326] AKCC
[00:17:14] [27/326] PCAT
[00:17:15] [28/326] RFGO
[00:17:16] [29/326] GGCS
[00:17:16] [30/326] ACKR
[00:17:17] 🔄 Identity reset
[00:17:17] 🔄 Identity rotated (every 10 requests)
[00:17:17] [31/326] STDO
[00:17:18] [32/326] ACKB
[00:17:19] [33/326] ALUC
[00:17:20] [34/326] MNSR
[00:17:21] [35/326] CSSL
[00:17:22] [36/326] BGGM
[00:17:23] [37/326] MANT
[00:17:24] [38/326] SOOY
[00:17:25] [39/326] VPPK
[00:17:26] [40/326] MYHJ
[00:17:26] 🔄 Identity reset
[00:17:26] 🔄 Identity rotated (every 10 requests)
[00:17:27] [41/326] KSCK
[00:17:28] [42/326] KATK
[00:17:29] [43/326] RTRT
[00:17:30] [44/326] SSTT
[00:17:31] [45/326] SSTV
[00:17:32] [46/326] LACM
[00:17:33] [47/326] SGMG
[00:17:34] [48/326] KACX
[00:17:35] [49/326] GVCP
[00:17:36] [50/326] CSNC
[00:17:36] 🔄 Identity reset
[00:17:36] 🔄 Identity rotated (every 10 requests)
[00:17:37] [51/326] SXCB
[00:17:37] [52/326] BAHS
[00:17:38] [53/326] PCBI
[00:17:39] [54/326] PSSM
[00:17:40] [55/326] RCOK
[00:17:41] [56/326] SCPF
[00:17:41] [57/326] SSAS
[00:17:43] [58/326] EVMM
[00:17:44] [59/326] SYCB
[00:17:45] [60/326] GCKI
[00:17:45] 🔄 Identity reset
[00:17:45] 🔄 Identity rotated (every 10 requests)
[00:17:46] [61/326] IAET
[00:17:47] [62/326] DDTD
[00:17:48] [63/326] GMDH
[00:17:49] [64/326] STLE
[00:17:50] [65/326] JTRA
[00:17:50] [66/326] RPPA
[00:17:51] [67/326] ARUT
[00:17:52] [68/326] JTVM
[00:17:53] [69/326] SWRH
[00:17:54] [70/326] DCPC
[00:17:55] 🔄 Identity reset
[00:17:55] 🔄 Identity rotated (every 10 requests)
[00:17:55] [71/326] RAPR
[00:17:56] [72/326] GCRT
[00:17:57] [73/326] ATUN
[00:17:57] [74/326] LTRM
[00:17:58] [75/326] TASR
[00:17:59] [76/326] RLLC
[00:18:00] [77/326] MABI
[00:18:01] [78/326] SVHB
[00:18:02] [79/326] NVTB
[00:18:03] [80/326] KCKG
[00:18:04] 🔄 Identity reset
[00:18:04] 🔄 Identity rotated (every 10 requests)
[00:18:04] [81/326] SSRN
[00:18:05] [82/326] VDDC
[00:18:06] [83/326] GKTK
[00:18:07] [84/326] YFSN
[00:18:07] [85/326] GCSG
[00:18:08] [86/326] ESSM
[00:18:09] [87/326] KRIH
[00:18:09] [88/326] GCDS
[00:18:10] [89/326] CCSH
[00:18:11] [90/326] ACSK
[00:18:11] 🔄 Identity reset
[00:18:11] 🔄 Identity rotated (every 10 requests)
[00:18:12] [91/326] APRK
[00:18:12] [92/326] ADKM
[00:18:13] [93/326] SRDM
[00:18:14] [94/326] SJMY
[00:18:15] [95/326] PGGC
[00:18:17] [96/326] INGM
[00:18:18] [97/326] LSCB
[00:18:19] [98/326] STAD
[00:18:20] [99/326] MCCR
[00:18:20] [100/326] ABCC
[00:18:21] 🔄 Identity reset
[00:18:21] 🔄 Identity rotated (every 10 requests)
[00:18:21] [101/326] RKCC
[00:18:22] [102/326] RTCR
[00:18:23] [103/326] GGBC
[00:18:24] [104/326] GCSD
[00:18:25] [105/326] LPTY
[00:18:26] [106/326] MCFD
[00:18:27] [107/326] HENN
[00:18:28] [108/326] SMKU
[00:18:28] [109/326] TNZC
[00:18:29] [110/326] DRCD
[00:18:30] 🔄 Identity reset
[00:18:30] 🔄 Identity rotated (every 10 requests)
[00:18:30] [111/326] DLCD
[00:18:31] [112/326] RCDA
[00:18:32] [113/326] COSM
[00:18:33] [114/326] MCMJ
[00:18:34] [115/326] CSTR
[00:18:35] [116/326] CVDK
[00:18:36] [117/326] INRR
[00:18:37] [118/326] RJRT
[00:18:38] [119/326] IRMR
[00:18:39] [120/326] SRCF
[00:18:39] 🔄 Identity reset
[00:18:39] 🔄 Identity rotated (every 10 requests)
[00:18:39] [121/326] GRCR
[00:18:40] [122/326] SURC
[00:18:41] [123/326] NMNH
[00:18:42] [124/326] SVBL
[00:18:42] [125/326] KACI
[00:18:43] [126/326] TDGO
[00:18:44] [127/326] KTBR
[00:18:45] [128/326] PMAD
[00:18:46] [129/326] CCPN
[00:18:47] [130/326] SBTK
[00:18:47] 🔄 Identity reset
[00:18:47] 🔄 Identity rotated (every 10 requests)
[00:18:48] [131/326] LMDK
[00:18:49] [132/326] PGDA
[00:18:50] [133/326] SRML
[00:18:50] [134/326] EVCK
[00:18:51] [135/326] RTTK
[00:18:53] [136/326] SRTU
[00:18:54] [137/326] VRSA
[00:18:55] [138/326] VARS
[00:18:56] [139/326] DSCZ
[00:18:56] [140/326] GAGA
[00:18:57] 🔄 Identity reset
[00:18:57] 🔄 Identity rotated (every 10 requests)
[00:18:57] [141/326] SARV
[00:18:58] [142/326] SEEG
[00:18:59] [143/326] GLCA
[00:19:00] [144/326] APAS
[00:19:00] [145/326] VCIA
[00:19:02] [146/326] SJTA
[00:19:03] [147/326] SABM
[00:19:04] [148/326] PPAG
[00:19:04] [149/326] RVCA
[00:19:05] [150/326] CCIA
[00:19:06] 🔄 Identity reset
[00:19:06] 🔄 Identity rotated (every 10 requests)
[00:19:06] [151/326] HTAG
[00:19:07] [152/326] SMBI
[00:19:08] [153/326] MCJR
[00:19:09] [154/326] CCJR
[00:19:10] [155/326] SINF
[00:19:11] [156/326] CPLX
[00:19:11] [157/326] KKTJ
[00:19:12] [158/326] GDBW
[00:19:13] [159/326] CSUB
[00:19:14] [160/326] DABA
[00:19:14] 🔄 Identity reset
[00:19:14] 🔄 Identity rotated (every 10 requests)
[00:19:15] [161/326] TITR
[00:19:15] [162/326] NYCR
[00:19:16] [163/326] RTRY
[00:19:17] [164/326] JTJL
[00:19:17] [165/326] SJCP
[00:19:18] [166/326] KCCA
[00:19:19] [167/326] MLPG
[00:19:20] [168/326] VRCK
[00:19:21] [169/326] SRIN
[00:19:21] [170/326] CXMK
[00:19:22] 🔄 Identity reset
[00:19:22] 🔄 Identity rotated (every 10 requests)
[00:19:23] [171/326] SKAD
[00:19:23] [172/326] AVTR
[00:19:24] [173/326] PTAJ
[00:19:25] [174/326] SCNK
[00:19:26] [175/326] STTI
[00:19:27] [176/326] KACR
[00:19:28] [177/326] SSDX
[00:19:28] [178/326] VRTJ
[00:19:29] [179/326] RAJD
[00:19:30] [180/326] SCIP
[00:19:31] 🔄 Identity reset
[00:19:31] 🔄 Identity rotated (every 10 requests)
[00:19:31] [181/326] RJSL
[00:19:33] [182/326] ARRS
[00:19:34] [183/326] ASMS
[00:19:35] [184/326] RDTS
[00:19:36] [185/326] DVMY
[00:19:37] [186/326] RASA
[00:19:38] [187/326] INOM
[00:19:38] [188/326] SPRS
[00:19:39] [189/326] SGCS
[00:19:40] [190/326] SALM
[00:19:41] 🔄 Identity reset
[00:19:41] 🔄 Identity rotated (every 10 requests)
[00:19:41] [191/326] PKHC
[00:19:42] [192/326] RCSV
[00:19:42] [193/326] CPKC
[00:19:43] [194/326] AACD
[00:19:44] [195/326] GGCV
[00:19:45] [196/326] SMKD
[00:19:46] [197/326] NBCH
[00:19:46] [198/326] AMCB
[00:19:47] [199/326] OPCN
[00:19:48] [200/326] DCIN
[00:19:48] 🔄 Identity reset
[00:19:48] 🔄 Identity rotated (every 10 requests)
[00:19:49] [201/326] INGW
[00:19:50] [202/326] PKKW
[00:19:50] [203/326] FNGW
[00:19:51] [204/326] GCGD
[00:19:52] [205/326] MSTW
[00:19:53] [206/326] KCCG
[00:19:53] [207/326] MRSS
[00:19:54] [208/326] CLCF
[00:19:55] [209/326] EETS
[00:19:55] [210/326] AATR
[00:19:56] 🔄 Identity reset
[00:19:56] 🔄 Identity rotated (every 10 requests)
[00:19:56] [211/326] CMMN
[00:19:57] [212/326] SCCJ
[00:19:58] [213/326] CDTK
[00:19:59] [214/326] AICP
[00:20:00] [215/326] FNBP
[00:20:01] [216/326] CBPB
[00:20:02] [217/326] CPAS
[00:20:03] [218/326] MAPM
[00:20:04] [219/326] PASD
[00:20:05] [220/326] JCMN
[00:20:06] 🔄 Identity reset
[00:20:06] 🔄 Identity rotated (every 10 requests)
[00:20:06] [221/326] MALB
[00:20:07] [222/326] SACG
[00:20:08] [223/326] DDRX
[00:20:08] [224/326] DDXB
[00:20:09] [225/326] RAMC
[00:20:11] [226/326] SANC
[00:20:11] [227/326] BCBP
[00:20:12] [228/326] ALPC
[00:20:12] [229/326] RBAC
[00:20:13] [230/326] RAJL
[00:20:13] 🔄 Identity reset
[00:20:13] 🔄 Identity rotated (every 10 requests)
[00:20:14] [231/326] MPDX
[00:20:15] [232/326] MUSC
[00:20:16] [233/326] VKMK
[00:20:17] [234/326] SKCG
[00:20:18] [235/326] ANCN
[00:20:19] [236/326] MMCJ
[00:20:20] [237/326] DCAK
[00:20:21] [238/326] SCKG
[00:20:22] [239/326] LMCK
[00:20:23] [240/326] CKKX
[00:20:23] 🔄 Identity reset
[00:20:23] 🔄 Identity rotated (every 10 requests)
[00:20:24] [241/326] ANKU
[00:20:24] [242/326] CSMD
[00:20:25] [243/326] MKMP
[00:20:26] [244/326] SVBG
[00:20:27] [245/326] ROOP
[00:20:27] [246/326] GDMT
[00:20:28] [247/326] FPPF
[00:20:29] [248/326] SFUU
[00:20:30] [249/326] ANCB
[00:20:30] [250/326] SMMC
[00:20:31] 🔄 Identity reset
[00:20:31] 🔄 Identity rotated (every 10 requests)
[00:20:31] [251/326] UGKT
[00:20:32] [252/326] JVRM
[00:20:33] [253/326] BATG
[00:20:34] [254/326] RATE
[00:20:35] [255/326] SKME
[00:20:36] [256/326] LMTP
[00:20:36] [257/326] TCBD
[00:20:37] [258/326] ESBD
[00:20:38] [259/326] GDCU
[00:20:39] [260/326] SNKT
[00:20:40] 🔄 Identity reset
[00:20:40] 🔄 Identity rotated (every 10 requests)
[00:20:40] [261/326] SRNK
[00:20:41] [262/326] SMED
[00:20:42] [263/326] CSQS
[00:20:42] [264/326] ALCS
[00:20:43] [265/326] KCKN
[00:20:44] [266/326] VCCL
[00:20:45] [267/326] MCDA
[00:20:46] [268/326] SHMI
[00:20:47] [269/326] SKHA
[00:20:48] [270/326] SVFK
[00:20:49] 🔄 Identity reset
[00:20:49] 🔄 Identity rotated (every 10 requests)
[00:20:49] [271/326] INVB
[00:20:50] [272/326] MELD
[00:20:51] [273/326] JTYS
[00:20:52] [274/326] INCM
[00:20:52] [275/326] MCDV
[00:20:53] [276/326] KSGK
[00:20:53] [277/326] ICMG
[00:20:54] [278/326] CSCV
[00:20:55] [279/326] STMD
[00:20:56] [280/326] STTR
[00:20:57] 🔄 Identity reset
[00:20:57] 🔄 Identity rotated (every 10 requests)
[00:20:58] [281/326] INVC
[00:20:59] [282/326] JTBL
[00:21:00] [283/326] SRVV
[00:21:02] [284/326] MAVC
[00:21:03] [285/326] SRPP
[00:21:03] [286/326] JGDM
[00:21:04] [287/326] MBSJ
[00:21:05] [288/326] SSLL
[00:21:06] [289/326] SLKP
[00:21:06] [290/326] NSRV
[00:21:07] 🔄 Identity reset
[00:21:07] 🔄 Identity rotated (every 10 requests)
[00:21:07] [291/326] UTDV
[00:21:08] [292/326] KICM
[00:21:09] [293/326] KCMD
[00:21:10] [294/326] TTPP
[00:21:11] [295/326] KMPV
[00:21:11] [296/326] SKTV
[00:21:12] [297/326] STCV
[00:21:13] [298/326] SRDA
[00:21:14] [299/326] JTSX
[00:21:14] [300/326] STBV
[00:21:15] 🔄 Identity reset
[00:21:15] 🔄 Identity rotated (every 10 requests)
[00:21:15] [301/326] APVZ
[00:21:16] [302/326] GSTV
[00:21:17] [303/326] NMVS
[00:21:18] [304/326] SKRT
[00:21:19] [305/326] RMDV
[00:21:20] [306/326] RATG
[00:21:21] [307/326] SJYV
[00:21:21] [308/326] NDGP
[00:21:22] [309/326] SNDG
[00:21:23] [310/326] INSR
[00:21:24] 🔄 Identity reset
[00:21:24] 🔄 Identity rotated (every 10 requests)
[00:21:24] [311/326] INSO
[00:21:25] [312/326] CCSI
[00:21:26] [313/326] RASM
[00:21:27] [314/326] NEWC
[00:21:27] [315/326] VSHL
[00:21:28] [316/326] BISW
[00:21:29] [317/326] GCNG
[00:21:30] [318/326] CWSC
[00:21:31] [319/326] SKAN
[00:21:32] [320/326] CCOA
[00:21:32] 🔄 Identity reset
[00:21:32] 🔄 Identity rotated (every 10 requests)
[00:21:33] [321/326] MCAJ
[00:21:34] [322/326] ACDE
[00:21:34] [323/326] AACM
[00:21:35] [324/326] JJCK
[00:21:36] [325/326] RCMO
[00:21:37] [326/326] GDAW
[00:21:39] ✅ DONE | Shows=2 | Movies=1
[01:16:48] 🚀 BMS DAILY TRACKER STARTED (enhanced anti‑detection)
[01:16:48] [1/326] VCHA
[01:16:49] 🧠 New identity created
[01:16:49] [2/326] SCKO
[01:16:50] [3/326] VKTK
[01:16:51] [4/326] DXEC
[01:16:52] [5/326] CDCA
[01:16:53] [6/326] VBCZ
[01:16:54] [7/326] MSDR
[01:16:55] [8/326] ACPV
[01:16:56] [9/326] PVHB
[01:16:57] [10/326] RCNH
[01:16:58] 🔄 Identity reset
[01:16:58] 🔄 Identity rotated (every 10 requests)
[01:16:58] [11/326] IOMH
[01:16:59] [12/326] ILKS
[01:17:00] [13/326] AMSN
[01:17:01] [14/326] ANTP
[01:17:02] [15/326] SSEK
[01:17:03] [16/326] PICP
[01:17:04] [17/326] SICO
[01:17:05] [18/326] SISP
[01:17:06] [19/326] SCPI
[01:17:07] [20/326] CRPR
[01:17:08] 🔄 Identity reset
[01:17:08] 🔄 Identity rotated (every 10 requests)
[01:17:08] [21/326] DCTW
[01:17:09] [22/326] DCSP
[01:17:10] [23/326] KRPM
[01:17:11] [24/326] THKK
[01:17:12] [25/326] SNMY
[01:17:13] [26/326] AKCC
[01:17:13] [27/326] PCAT
[01:17:14] [28/326] RFGO
[01:17:15] [29/326] GGCS
[01:17:16] [30/326] ACKR
[01:17:16] 🔄 Identity reset
[01:17:16] 🔄 Identity rotated (every 10 requests)
[01:17:17] [31/326] STDO
[01:17:18] [32/326] ACKB
[01:17:18] [33/326] ALUC
[01:17:20] [34/326] MNSR
[01:17:20] [35/326] CSSL
[01:17:21] [36/326] BGGM
[01:17:22] [37/326] MANT
[01:17:23] [38/326] SOOY
[01:17:24] [39/326] VPPK
[01:17:25] [40/326] MYHJ
[01:17:25] 🔄 Identity reset
[01:17:25] 🔄 Identity rotated (every 10 requests)
[01:17:26] [41/326] KSCK
[01:17:27] [42/326] KATK
[01:17:28] [43/326] RTRT
[01:17:29] [44/326] SSTT
[01:17:30] [45/326] SSTV
[01:17:31] [46/326] LACM
[01:17:32] [47/326] SGMG
[01:17:33] [48/326] KACX
[01:17:33] [49/326] GVCP
[01:17:34] [50/326] CSNC
[01:17:35] 🔄 Identity reset
[01:17:35] 🔄 Identity rotated (every 10 requests)
[01:17:35] [51/326] SXCB
[01:17:36] [52/326] BAHS
[01:17:38] [53/326] PCBI
[01:17:39] [54/326] PSSM
[01:17:39] [55/326] RCOK
[01:17:40] [56/326] SCPF
[01:17:42] [57/326] SSAS
[01:17:43] [58/326] EVMM
[01:17:44] [59/326] SYCB
[01:17:44] [60/326] GCKI
[01:17:45] 🔄 Identity reset
[01:17:45] 🔄 Identity rotated (every 10 requests)
[01:17:45] [61/326] IAET
[01:17:46] [62/326] DDTD
[01:17:47] [63/326] GMDH
[01:17:49] [64/326] STLE
[01:17:49] [65/326] JTRA
[01:17:50] [66/326] RPPA
[01:17:51] [67/326] ARUT
[01:17:52] [68/326] JTVM
[01:17:53] [69/326] SWRH
[01:17:54] [70/326] DCPC
[01:17:54] 🔄 Identity reset
[01:17:54] 🔄 Identity rotated (every 10 requests)
[01:17:55] [71/326] RAPR
[01:17:56] [72/326] GCRT
[01:17:57] [73/326] ATUN
[01:17:57] [74/326] LTRM
[01:17:58] [75/326] TASR
[01:18:00] [76/326] RLLC
[01:18:01] [77/326] MABI
[01:18:02] [78/326] SVHB
[01:18:03] [79/326] NVTB
[01:18:03] [80/326] KCKG
[01:18:04] 🔄 Identity reset
[01:18:04] 🔄 Identity rotated (every 10 requests)
[01:18:04] [81/326] SSRN
[01:18:05] [82/326] VDDC
[01:18:06] [83/326] GKTK
[01:18:07] [84/326] YFSN
[01:18:08] [85/326] GCSG
[01:18:09] [86/326] ESSM
[01:18:10] [87/326] KRIH
[01:18:11] [88/326] GCDS
[01:18:12] [89/326] CCSH
[01:18:12] [90/326] ACSK
[01:18:13] 🔄 Identity reset
[01:18:13] 🔄 Identity rotated (every 10 requests)
[01:18:13] [91/326] APRK
[01:18:15] [92/326] ADKM
[01:18:16] [93/326] SRDM
[01:18:16] [94/326] SJMY
[01:18:17] [95/326] PGGC
[01:18:18] [96/326] INGM
[01:18:19] [97/326] LSCB
[01:18:19] [98/326] STAD
[01:18:20] [99/326] MCCR
[01:18:21] [100/326] ABCC
[01:18:22] 🔄 Identity reset
[01:18:22] 🔄 Identity rotated (every 10 requests)
[01:18:22] [101/326] RKCC
[01:18:23] [102/326] RTCR
[01:18:24] [103/326] GGBC
[01:18:25] [104/326] GCSD
[01:18:26] [105/326] LPTY
[01:18:27] [106/326] MCFD
[01:18:28] [107/326] HENN
[01:18:29] [108/326] SMKU
[01:18:30] [109/326] TNZC
[01:18:30] [110/326] DRCD
[01:18:31] 🔄 Identity reset
[01:18:31] 🔄 Identity rotated (every 10 requests)
[01:18:31] [111/326] DLCD
[01:18:32] [112/326] RCDA
[01:18:33] [113/326] COSM
[01:18:34] [114/326] MCMJ
[01:18:35] [115/326] CSTR
[01:18:36] [116/326] CVDK
[01:18:37] [117/326] INRR
[01:18:38] [118/326] RJRT
[01:18:39] [119/326] IRMR
[01:18:40] [120/326] SRCF
[01:18:40] 🔄 Identity reset
[01:18:40] 🔄 Identity rotated (every 10 requests)
[01:18:41] [121/326] GRCR
[01:18:41] [122/326] SURC
[01:18:42] [123/326] NMNH
[01:18:43] [124/326] SVBL
[01:18:44] [125/326] KACI
[01:18:45] [126/326] TDGO
[01:18:46] [127/326] KTBR
[01:18:47] [128/326] PMAD
[01:18:48] [129/326] CCPN
[01:18:49] [130/326] SBTK
[01:18:50] 🔄 Identity reset
[01:18:50] 🔄 Identity rotated (every 10 requests)
[01:18:50] [131/326] LMDK
[01:18:51] [132/326] PGDA
[01:18:52] [133/326] SRML
[01:18:53] [134/326] EVCK
[01:18:54] [135/326] RTTK
[01:18:55] [136/326] SRTU
[01:18:56] [137/326] VRSA
[01:18:56] [138/326] VARS
[01:18:57] [139/326] DSCZ
[01:18:58] [140/326] GAGA
[01:18:59] 🔄 Identity reset
[01:18:59] 🔄 Identity rotated (every 10 requests)
[01:18:59] [141/326] SARV
[01:19:00] [142/326] SEEG
[01:19:01] [143/326] GLCA
[01:19:02] [144/326] APAS
[01:19:03] [145/326] VCIA
[01:19:04] [146/326] SJTA
[01:19:05] [147/326] SABM
[01:19:06] [148/326] PPAG
[01:19:07] [149/326] RVCA
[01:19:07] [150/326] CCIA
[01:19:08] 🔄 Identity reset
[01:19:08] 🔄 Identity rotated (every 10 requests)
[01:19:08] [151/326] HTAG
[01:19:09] [152/326] SMBI
[01:19:10] [153/326] MCJR
[01:19:11] [154/326] CCJR
[01:19:12] [155/326] SINF
[01:19:13] [156/326] CPLX
[01:19:14] [157/326] KKTJ
[01:19:15] [158/326] GDBW
[01:19:16] [159/326] CSUB
[01:19:17] [160/326] DABA
[01:19:17] 🔄 Identity reset
[01:19:18] 🔄 Identity rotated (every 10 requests)
[01:19:18] [161/326] TITR
[01:19:19] [162/326] NYCR
[01:19:19] [163/326] RTRY
[01:19:20] [164/326] JTJL
[01:19:21] [165/326] SJCP
[01:19:22] [166/326] KCCA
[01:19:23] [167/326] MLPG
[01:19:24] [168/326] VRCK
[01:19:25] [169/326] SRIN
[01:19:26] [170/326] CXMK
[01:19:27] 🔄 Identity reset
[01:19:27] 🔄 Identity rotated (every 10 requests)
[01:19:27] [171/326] SKAD
[01:19:28] [172/326] AVTR
[01:19:29] [173/326] PTAJ
[01:19:30] [174/326] SCNK
[01:19:31] [175/326] STTI
[01:19:32] [176/326] KACR
[01:19:33] [177/326] SSDX
[01:19:33] [178/326] VRTJ
[01:19:34] [179/326] RAJD
[01:19:35] [180/326] SCIP
[01:19:36] 🔄 Identity reset
[01:19:36] 🔄 Identity rotated (every 10 requests)
[01:19:36] [181/326] RJSL
[01:19:37] [182/326] ARRS
[01:19:38] [183/326] ASMS
[01:19:39] [184/326] RDTS
[01:19:40] [185/326] DVMY
[01:19:40] [186/326] RASA
[01:19:41] [187/326] INOM
[01:19:42] [188/326] SPRS
[01:19:43] [189/326] SGCS
[01:19:44] [190/326] SALM
[01:19:45] 🔄 Identity reset
[01:19:45] 🔄 Identity rotated (every 10 requests)
[01:19:45] [191/326] PKHC
[01:19:46] [192/326] RCSV
[01:19:47] [193/326] CPKC
[01:19:48] [194/326] AACD
[01:19:49] [195/326] GGCV
[01:19:49] [196/326] SMKD
[01:19:50] [197/326] NBCH
[01:19:51] [198/326] AMCB
[01:19:52] [199/326] OPCN
[01:19:53] [200/326] DCIN
[01:19:54] 🔄 Identity reset
[01:19:54] 🔄 Identity rotated (every 10 requests)
[01:19:54] [201/326] INGW
[01:19:55] [202/326] PKKW
[01:19:56] [203/326] FNGW
[01:19:57] [204/326] GCGD
[01:19:58] [205/326] MSTW
[01:19:58] [206/326] KCCG
[01:19:59] [207/326] MRSS
[01:20:00] [208/326] CLCF
[01:20:01] [209/326] EETS
[01:20:02] [210/326] AATR
[01:20:02] 🔄 Identity reset
[01:20:02] 🔄 Identity rotated (every 10 requests)
[01:20:03] [211/326] CMMN
[01:20:04] [212/326] SCCJ
[01:20:05] [213/326] CDTK
[01:20:06] [214/326] AICP
[01:20:07] [215/326] FNBP
[01:20:08] [216/326] CBPB
[01:20:09] [217/326] CPAS
[01:20:09] [218/326] MAPM
[01:20:10] [219/326] PASD
[01:20:11] [220/326] JCMN
[01:20:12] 🔄 Identity reset
[01:20:12] 🔄 Identity rotated (every 10 requests)
[01:20:13] [221/326] MALB
[01:20:14] [222/326] SACG
[01:20:14] [223/326] DDRX
[01:20:15] [224/326] DDXB
[01:20:16] [225/326] RAMC
[01:20:17] [226/326] SANC
[01:20:19] [227/326] BCBP
[01:20:20] [228/326] ALPC
[01:20:21] [229/326] RBAC
[01:20:22] [230/326] RAJL
[01:20:22] 🔄 Identity reset
[01:20:22] 🔄 Identity rotated (every 10 requests)
[01:20:23] [231/326] MPDX
[01:20:23] [232/326] MUSC
[01:20:24] [233/326] VKMK
[01:20:25] [234/326] SKCG
[01:20:26] [235/326] ANCN
[01:20:27] [236/326] MMCJ
[01:20:28] [237/326] DCAK
[01:20:29] [238/326] SCKG
[01:20:30] [239/326] LMCK
[01:20:31] [240/326] CKKX
[01:20:31] 🔄 Identity reset
[01:20:31] 🔄 Identity rotated (every 10 requests)
[01:20:32] [241/326] ANKU
[01:20:33] [242/326] CSMD
[01:20:33] [243/326] MKMP
[01:20:34] [244/326] SVBG
[01:20:35] [245/326] ROOP
[01:20:36] [246/326] GDMT
[01:20:37] [247/326] FPPF
[01:20:38] [248/326] SFUU
[01:20:39] [249/326] ANCB
[01:20:40] [250/326] SMMC
[01:20:40] 🔄 Identity reset
[01:20:40] 🔄 Identity rotated (every 10 requests)
[01:20:41] [251/326] UGKT
[01:20:42] [252/326] JVRM
[01:20:43] [253/326] BATG
[01:20:43] [254/326] RATE
[01:20:44] [255/326] SKME
[01:20:45] [256/326] LMTP
[01:20:46] [257/326] TCBD
[01:20:47] [258/326] ESBD
[01:20:49] [259/326] GDCU
[01:20:50] [260/326] SNKT
[01:20:51] 🔄 Identity reset
[01:20:51] 🔄 Identity rotated (every 10 requests)
[01:20:51] [261/326] SRNK
[01:20:52] [262/326] SMED
[01:20:53] [263/326] CSQS
[01:20:54] [264/326] ALCS
[01:20:55] [265/326] KCKN
[01:20:56] [266/326] VCCL
[01:20:57] [267/326] MCDA
[01:20:58] [268/326] SHMI
[01:21:00] [269/326] SKHA
[01:21:00] [270/326] SVFK
[01:21:01] 🔄 Identity reset
[01:21:01] 🔄 Identity rotated (every 10 requests)
[01:21:01] [271/326] INVB
[01:21:02] [272/326] MELD
[01:21:03] [273/326] JTYS
[01:21:04] [274/326] INCM
[01:21:05] [275/326] MCDV
[01:21:07] [276/326] KSGK
[01:21:08] [277/326] ICMG
[01:21:09] [278/326] CSCV
[01:21:09] [279/326] STMD
[01:21:10] [280/326] STTR
[01:21:11] 🔄 Identity reset
[01:21:11] 🔄 Identity rotated (every 10 requests)
[01:21:11] [281/326] INVC
[01:21:12] [282/326] JTBL
[01:21:13] [283/326] SRVV
[01:21:14] [284/326] MAVC
[01:21:15] [285/326] SRPP
[01:21:16] [286/326] JGDM
[01:21:16] [287/326] MBSJ
[01:21:17] [288/326] SSLL
[01:21:18] [289/326] SLKP
[01:21:19] [290/326] NSRV
[01:21:20] 🔄 Identity reset
[01:21:20] 🔄 Identity rotated (every 10 requests)
[01:21:20] [291/326] UTDV
[01:21:21] [292/326] KICM
[01:21:22] [293/326] KCMD
[01:21:23] [294/326] TTPP
[01:21:24] [295/326] KMPV
[01:21:25] [296/326] SKTV
[01:21:27] [297/326] STCV
[01:21:27] [298/326] SRDA
[01:21:28] [299/326] JTSX
[01:21:29] [300/326] STBV
[01:21:30] 🔄 Identity reset
[01:21:30] 🔄 Identity rotated (every 10 requests)
[01:21:30] [301/326] APVZ
[01:21:31] [302/326] GSTV
[01:21:32] [303/326] NMVS
[01:21:33] [304/326] SKRT
[01:21:35] [305/326] RMDV
[01:21:35] [306/326] RATG
[01:21:36] [307/326] SJYV
[01:21:37] [308/326] NDGP
[01:21:38] [309/326] SNDG
[01:21:39] [310/326] INSR
[01:21:40] 🔄 Identity reset
[01:21:40] 🔄 Identity rotated (every 10 requests)
[01:21:40] [311/326] INSO
[01:21:41] [312/326] CCSI
[01:21:42] [313/326] RASM
[01:21:43] [314/326] NEWC
[01:21:44] [315/326] VSHL
[01:21:45] [316/326] BISW
[01:21:46] [317/326] GCNG
[01:21:47] [318/326] CWSC
[01:21:48] [319/326] SKAN
[01:21:49] [320/326] CCOA
[01:21:49] 🔄 Identity reset
[01:21:49] 🔄 Identity rotated (every 10 requests)
[01:21:50] [321/326] MCAJ
[01:21:51] [322/326] ACDE
[01:21:52] [323/326] AACM
[01:21:53] [324/326] JJCK
[01:21:54] [325/326] RCMO
[01:21:55] [326/326] GDAW
[01:21:56] ✅ DONE | Shows=2 | Movies=1
[02:16:31] 🚀 BMS DAILY TRACKER STARTED (enhanced anti‑detection)
[02:16:31] [1/326] VCHA
[02:16:31] 🧠 New identity created
[02:16:32] [2/326] SCKO
[02:16:33] [3/326] VKTK
[02:16:33] [4/326] DXEC
[02:16:34] [5/326] CDCA
[02:16:35] [6/326] VBCZ
[02:16:36] [7/326] MSDR
[02:16:37] [8/326] ACPV
[02:16:38] [9/326] PVHB
[02:16:39] [10/326] RCNH
[02:16:39] 🔄 Identity reset
[02:16:39] 🔄 Identity rotated (every 10 requests)
[02:16:39] [11/326] IOMH
[02:16:40] [12/326] ILKS
[02:16:41] [13/326] AMSN
[02:16:42] [14/326] ANTP
[02:16:43] [15/326] SSEK
[02:16:44] [16/326] PICP
[02:16:44] [17/326] SICO
[02:16:45] [18/326] SISP
[02:16:46] [19/326] SCPI
[02:16:47] [20/326] CRPR
[02:16:48] 🔄 Identity reset
[02:16:48] 🔄 Identity rotated (every 10 requests)
[02:16:49] [21/326] DCTW
[02:16:50] [22/326] DCSP
[02:16:51] [23/326] KRPM
[02:16:51] [24/326] THKK
[02:16:52] [25/326] SNMY
[02:16:53] [26/326] AKCC
[02:16:54] [27/326] PCAT
[02:16:55] [28/326] RFGO
[02:16:56] [29/326] GGCS
[02:16:57] [30/326] ACKR
[02:16:57] 🔄 Identity reset
[02:16:57] 🔄 Identity rotated (every 10 requests)
[02:16:58] [31/326] STDO
[02:16:59] [32/326] ACKB
[02:17:00] [33/326] ALUC
[02:17:00] [34/326] MNSR
[02:17:02] [35/326] CSSL
[02:17:03] [36/326] BGGM
[02:17:04] [37/326] MANT
[02:17:05] [38/326] SOOY
[02:17:06] [39/326] VPPK
[02:17:07] [40/326] MYHJ
[02:17:08] 🔄 Identity reset
[02:17:08] 🔄 Identity rotated (every 10 requests)
[02:17:08] [41/326] KSCK
[02:17:09] [42/326] KATK
[02:17:10] [43/326] RTRT
[02:17:12] [44/326] SSTT
[02:17:12] [45/326] SSTV
[02:17:14] [46/326] LACM
[02:17:15] [47/326] SGMG
[02:17:16] [48/326] KACX
[02:17:17] [49/326] GVCP
[02:17:18] [50/326] CSNC
[02:17:18] 🔄 Identity reset
[02:17:18] 🔄 Identity rotated (every 10 requests)
[02:17:19] [51/326] SXCB
[02:17:20] [52/326] BAHS
[02:17:21] [53/326] PCBI
[02:17:22] [54/326] PSSM
[02:17:23] [55/326] RCOK
[02:17:23] [56/326] SCPF
[02:17:24] [57/326] SSAS
[02:17:25] [58/326] EVMM
[02:17:26] [59/326] SYCB
[02:17:27] [60/326] GCKI
[02:17:28] 🔄 Identity reset
[02:17:28] 🔄 Identity rotated (every 10 requests)
[02:17:28] [61/326] IAET
[02:17:29] [62/326] DDTD
[02:17:30] [63/326] GMDH
[02:17:31] [64/326] STLE
[02:17:32] [65/326] JTRA
[02:17:33] [66/326] RPPA
[02:17:34] [67/326] ARUT
[02:17:35] [68/326] JTVM
[02:17:36] [69/326] SWRH
[02:17:37] [70/326] DCPC
[02:17:38] 🔄 Identity reset
[02:17:38] 🔄 Identity rotated (every 10 requests)
[02:17:38] [71/326] RAPR
[02:17:39] [72/326] GCRT
[02:17:40] [73/326] ATUN
[02:17:41] [74/326] LTRM
[02:17:41] [75/326] TASR
[02:17:42] [76/326] RLLC
[02:17:43] [77/326] MABI
[02:17:44] [78/326] SVHB
[02:17:45] [79/326] NVTB
[02:17:46] [80/326] KCKG
[02:17:46] 🔄 Identity reset
[02:17:46] 🔄 Identity rotated (every 10 requests)
[02:17:47] [81/326] SSRN
[02:17:48] [82/326] VDDC
[02:17:49] [83/326] GKTK
[02:17:50] [84/326] YFSN
[02:17:51] [85/326] GCSG
[02:17:52] [86/326] ESSM
[02:17:53] [87/326] KRIH
[02:17:54] [88/326] GCDS
[02:17:55] [89/326] CCSH
[02:17:57] [90/326] ACSK
[02:17:58] 🔄 Identity reset
[02:17:58] 🔄 Identity rotated (every 10 requests)
[02:17:58] [91/326] APRK
[02:17:59] [92/326] ADKM
[02:18:00] [93/326] SRDM
[02:18:01] [94/326] SJMY
[02:18:02] [95/326] PGGC
[02:18:03] [96/326] INGM
[02:18:04] [97/326] LSCB
[02:18:05] [98/326] STAD
[02:18:05] [99/326] MCCR
[02:18:07] [100/326] ABCC
[02:18:08] 🔄 Identity reset
[02:18:08] 🔄 Identity rotated (every 10 requests)
[02:18:09] [101/326] RKCC
[02:18:09] [102/326] RTCR
[02:18:10] [103/326] GGBC
[02:18:11] [104/326] GCSD
[02:18:12] [105/326] LPTY
[02:18:13] [106/326] MCFD
[02:18:14] [107/326] HENN
[02:18:15] [108/326] SMKU
[02:18:16] [109/326] TNZC
[02:18:17] [110/326] DRCD
[02:18:18] 🔄 Identity reset
[02:18:18] 🔄 Identity rotated (every 10 requests)
[02:18:18] [111/326] DLCD
[02:18:19] [112/326] RCDA
[02:18:20] [113/326] COSM
[02:18:21] [114/326] MCMJ
[02:18:22] [115/326] CSTR
[02:18:23] [116/326] CVDK
[02:18:25] [117/326] INRR
[02:18:25] [118/326] RJRT
[02:18:26] [119/326] IRMR
[02:18:27] [120/326] SRCF
[02:18:28] 🔄 Identity reset
[02:18:28] 🔄 Identity rotated (every 10 requests)
[02:18:28] [121/326] GRCR
[02:18:29] [122/326] SURC
[02:18:30] [123/326] NMNH
[02:18:31] [124/326] SVBL
[02:18:33] [125/326] KACI
[02:18:33] [126/326] TDGO
[02:18:34] [127/326] KTBR
[02:18:35] [128/326] PMAD
[02:18:36] [129/326] CCPN
[02:18:38] [130/326] SBTK
[02:18:38] 🔄 Identity reset
[02:18:38] 🔄 Identity rotated (every 10 requests)
[02:18:39] [131/326] LMDK
[02:18:40] [132/326] PGDA
[02:18:41] [133/326] SRML
[02:18:42] [134/326] EVCK
[02:18:43] [135/326] RTTK
[02:18:44] [136/326] SRTU
[02:18:46] [137/326] VRSA
[02:18:46] [138/326] VARS
[02:18:47] [139/326] DSCZ
[02:18:48] [140/326] GAGA
[02:18:49] 🔄 Identity reset
[02:18:49] 🔄 Identity rotated (every 10 requests)
[02:18:50] [141/326] SARV
[02:18:51] [142/326] SEEG
[02:18:52] [143/326] GLCA
[02:18:53] [144/326] APAS
[02:18:54] [145/326] VCIA
[02:18:55] [146/326] SJTA
[02:18:56] [147/326] SABM
[02:18:57] [148/326] PPAG
[02:18:57] [149/326] RVCA
[02:18:59] [150/326] CCIA
[02:19:00] 🔄 Identity reset
[02:19:00] 🔄 Identity rotated (every 10 requests)
[02:19:00] [151/326] HTAG
[02:19:01] [152/326] SMBI
[02:19:02] [153/326] MCJR
[02:19:03] [154/326] CCJR
[02:19:04] [155/326] SINF
[02:19:05] [156/326] CPLX
[02:19:06] [157/326] KKTJ
[02:19:07] [158/326] GDBW
[02:19:08] [159/326] CSUB
[02:19:09] [160/326] DABA
[02:19:09] 🔄 Identity reset
[02:19:09] 🔄 Identity rotated (every 10 requests)
[02:19:10] [161/326] TITR
[02:19:10] [162/326] NYCR
[02:19:11] [163/326] RTRY
[02:19:12] [164/326] JTJL
[02:19:14] [165/326] SJCP
[02:19:15] [166/326] KCCA
[02:19:16] [167/326] MLPG
[02:19:17] [168/326] VRCK
[02:19:18] [169/326] SRIN
[02:19:19] [170/326] CXMK
[02:19:20] 🔄 Identity reset
[02:19:20] 🔄 Identity rotated (every 10 requests)
[02:19:20] [171/326] SKAD
[02:19:21] [172/326] AVTR
[02:19:22] [173/326] PTAJ
[02:19:23] [174/326] SCNK
[02:19:24] [175/326] STTI
[02:19:24] [176/326] KACR
[02:19:25] [177/326] SSDX
[02:19:26] [178/326] VRTJ
[02:19:28] [179/326] RAJD
[02:19:29] [180/326] SCIP
[02:19:30] 🔄 Identity reset
[02:19:30] 🔄 Identity rotated (every 10 requests)
[02:19:30] 🔄 Retry 1/5 for SCIP in 2.8s
[02:19:30] 🔄 Identity reset
[02:19:32] 🧠 New identity created
[02:19:34] [181/326] RJSL
[02:19:34] [182/326] ARRS
[02:19:35] [183/326] ASMS
[02:19:36] [184/326] RDTS
[02:19:38] [185/326] DVMY
[02:19:39] [186/326] RASA
[02:19:40] [187/326] INOM
[02:19:41] [188/326] SPRS
[02:19:42] [189/326] SGCS
[02:19:42] 🔄 Identity reset
[02:19:42] 🔄 Identity rotated (every 10 requests)
[02:19:43] [190/326] SALM
[02:19:44] [191/326] PKHC
[02:19:44] [192/326] RCSV
[02:19:45] [193/326] CPKC
[02:19:46] [194/326] AACD
[02:19:47] [195/326] GGCV
[02:19:48] [196/326] SMKD
[02:19:49] [197/326] NBCH
[02:19:50] [198/326] AMCB
[02:19:51] [199/326] OPCN
[02:19:52] 🔄 Identity reset
[02:19:52] 🔄 Identity rotated (every 10 requests)
[02:19:52] [200/326] DCIN
[02:19:53] [201/326] INGW
[02:19:54] [202/326] PKKW
[02:19:55] [203/326] FNGW
[02:19:56] [204/326] GCGD
[02:19:56] [205/326] MSTW
[02:19:57] [206/326] KCCG
[02:19:58] [207/326] MRSS
[02:19:59] [208/326] CLCF
[02:20:01] [209/326] EETS
[02:20:01] 🔄 Identity reset
[02:20:01] 🔄 Identity rotated (every 10 requests)
[02:20:01] [210/326] AATR
[02:20:02] [211/326] CMMN
[02:20:04] [212/326] SCCJ
[02:20:05] [213/326] CDTK
[02:20:06] [214/326] AICP
[02:20:07] [215/326] FNBP
[02:20:08] [216/326] CBPB
[02:20:09] [217/326] CPAS
[02:20:10] [218/326] MAPM
[02:20:11] [219/326] PASD
[02:20:11] 🔄 Identity reset
[02:20:11] 🔄 Identity rotated (every 10 requests)
[02:20:11] [220/326] JCMN
[02:20:12] [221/326] MALB
[02:20:13] [222/326] SACG
[02:20:14] [223/326] DDRX
[02:20:15] [224/326] DDXB
[02:20:16] [225/326] RAMC
[02:20:17] [226/326] SANC
[02:20:18] [227/326] BCBP
[02:20:19] [228/326] ALPC
[02:20:19] [229/326] RBAC
[02:20:20] 🔄 Identity reset
[02:20:20] 🔄 Identity rotated (every 10 requests)
[02:20:20] [230/326] RAJL
[02:20:21] [231/326] MPDX
[02:20:22] [232/326] MUSC
[02:20:23] [233/326] VKMK
[02:20:24] [234/326] SKCG
[02:20:25] [235/326] ANCN
[02:20:26] [236/326] MMCJ
[02:20:27] [237/326] DCAK
[02:20:28] [238/326] SCKG
[02:20:28] [239/326] LMCK
[02:20:29] 🔄 Identity reset
[02:20:29] 🔄 Identity rotated (every 10 requests)
[02:20:29] [240/326] CKKX
[02:20:30] [241/326] ANKU
[02:20:31] [242/326] CSMD
[02:20:32] [243/326] MKMP
[02:20:33] [244/326] SVBG
[02:20:34] [245/326] ROOP
[02:20:35] [246/326] GDMT
[02:20:36] [247/326] FPPF
[02:20:37] [248/326] SFUU
[02:20:38] [249/326] ANCB
[02:20:38] 🔄 Identity reset
[02:20:38] 🔄 Identity rotated (every 10 requests)
[02:20:39] [250/326] SMMC
[02:20:39] [251/326] UGKT
[02:20:41] [252/326] JVRM
[02:20:42] [253/326] BATG
[02:20:43] [254/326] RATE
[02:20:44] [255/326] SKME
[02:20:44] [256/326] LMTP
[02:20:45] [257/326] TCBD
[02:20:46] [258/326] ESBD
[02:20:47] [259/326] GDCU
[02:20:48] 🔄 Identity reset
[02:20:48] 🔄 Identity rotated (every 10 requests)
[02:20:48] [260/326] SNKT
[02:20:49] [261/326] SRNK
[02:20:50] [262/326] SMED
[02:20:51] [263/326] CSQS
[02:20:52] [264/326] ALCS
[02:20:53] [265/326] KCKN
[02:20:54] [266/326] VCCL
[02:20:54] [267/326] MCDA
[02:20:55] [268/326] SHMI
[02:20:56] [269/326] SKHA
[02:20:57] 🔄 Identity reset
[02:20:57] 🔄 Identity rotated (every 10 requests)
[02:20:57] [270/326] SVFK
[02:20:58] [271/326] INVB
[02:21:00] [272/326] MELD
[02:21:01] [273/326] JTYS
[02:21:02] [274/326] INCM
[02:21:03] [275/326] MCDV
[02:21:04] [276/326] KSGK
[02:21:05] [277/326] ICMG
[02:21:05] [278/326] CSCV
[02:21:06] [279/326] STMD
[02:21:07] 🔄 Identity reset
[02:21:07] 🔄 Identity rotated (every 10 requests)
[02:21:07] [280/326] STTR
[02:21:08] [281/326] INVC
[02:21:09] [282/326] JTBL
[02:21:11] [283/326] SRVV
[02:21:13] [284/326] MAVC
[02:21:13] [285/326] SRPP
[02:21:14] [286/326] JGDM
[02:21:15] [287/326] MBSJ
[02:21:16] [288/326] SSLL
[02:21:17] [289/326] SLKP
[02:21:18] 🔄 Identity reset
[02:21:18] 🔄 Identity rotated (every 10 requests)
[02:21:18] [290/326] NSRV
[02:21:19] [291/326] UTDV
[02:21:20] [292/326] KICM
[02:21:21] [293/326] KCMD
[02:21:22] [294/326] TTPP
[02:21:23] [295/326] KMPV
[02:21:23] [296/326] SKTV
[02:21:24] [297/326] STCV
[02:21:25] [298/326] SRDA
[02:21:26] [299/326] JTSX
[02:21:26] 🔄 Identity reset
[02:21:26] 🔄 Identity rotated (every 10 requests)
[02:21:27] [300/326] STBV
[02:21:28] [301/326] APVZ
[02:21:29] [302/326] GSTV
[02:21:29] [303/326] NMVS
[02:21:31] [304/326] SKRT
[02:21:32] [305/326] RMDV
[02:21:33] [306/326] RATG
[02:21:34] [307/326] SJYV
[02:21:35] [308/326] NDGP
[02:21:36] [309/326] SNDG
[02:21:37] 🔄 Identity reset
[02:21:37] 🔄 Identity rotated (every 10 requests)
[02:21:37] [310/326] INSR
[02:21:38] [311/326] INSO
[02:21:39] [312/326] CCSI
[02:21:40] [313/326] RASM
[02:21:41] [314/326] NEWC
[02:21:42] [315/326] VSHL
[02:21:43] [316/326] BISW
[02:21:43] [317/326] GCNG
[02:21:44] [318/326] CWSC
[02:21:45] [319/326] SKAN
[02:21:46] 🔄 Identity reset
[02:21:46] 🔄 Identity rotated (every 10 requests)
[02:21:46] [320/326] CCOA
[02:21:47] [321/326] MCAJ
[02:21:48] [322/326] ACDE
[02:21:49] [323/326] AACM
[02:21:50] [324/326] JJCK
[02:21:52] [325/326] RCMO
[02:21:53] [326/326] GDAW
[02:21:53] ✅ DONE | Shows=2 | Movies=1
[02:39:42] 🚀 BMS DAILY TRACKER STARTED (enhanced anti‑detection)
[02:39:42] [1/326] VCHA
[02:39:42] 🧠 New identity created
[02:39:43] [2/326] SCKO
[02:39:44] [3/326] VKTK
[02:39:45] [4/326] DXEC
[02:39:46] [5/326] CDCA
[02:39:47] [6/326] VBCZ
[02:39:48] [7/326] MSDR
[02:39:49] [8/326] ACPV
[02:39:50] [9/326] PVHB
[02:39:51] [10/326] RCNH
[02:39:52] 🔄 Identity reset
[02:39:52] 🔄 Identity rotated (every 10 requests)
[02:39:52] [11/326] IOMH
[02:39:53] [12/326] ILKS
[02:39:54] [13/326] AMSN
[02:39:55] [14/326] ANTP
[02:39:56] [15/326] SSEK
[02:39:57] [16/326] PICP
[02:39:58] [17/326] SICO
[02:39:59] [18/326] SISP
[02:40:00] [19/326] SCPI
[02:40:01] [20/326] CRPR
[02:40:01] 🔄 Identity reset
[02:40:01] 🔄 Identity rotated (every 10 requests)
[02:40:01] [21/326] DCTW
[02:40:02] [22/326] DCSP
[02:40:03] [23/326] KRPM
[02:40:04] [24/326] THKK
[02:40:05] [25/326] SNMY
[02:40:06] [26/326] AKCC
[02:40:07] [27/326] PCAT
[02:40:08] [28/326] RFGO
[02:40:09] [29/326] GGCS
[02:40:10] [30/326] ACKR
[02:40:10] 🔄 Identity reset
[02:40:10] 🔄 Identity rotated (every 10 requests)
[02:40:11] [31/326] STDO
[02:40:12] [32/326] ACKB
[02:40:13] [33/326] ALUC
[02:40:14] [34/326] MNSR
[02:40:15] [35/326] CSSL
[02:40:16] [36/326] BGGM
[02:40:17] [37/326] MANT
[02:40:17] [38/326] SOOY
[02:40:18] [39/326] VPPK
[02:40:20] [40/326] MYHJ
[02:40:20] 🔄 Identity reset
[02:40:20] 🔄 Identity rotated (every 10 requests)
[02:40:21] [41/326] KSCK
[02:40:22] [42/326] KATK
[02:40:22] [43/326] RTRT
[02:40:23] [44/326] SSTT
[02:40:24] [45/326] SSTV
[02:40:25] [46/326] LACM
[02:40:26] [47/326] SGMG
[02:40:27] [48/326] KACX
[02:40:29] [49/326] GVCP
[02:40:29] [50/326] CSNC
[02:40:30] 🔄 Identity reset
[02:40:30] 🔄 Identity rotated (every 10 requests)
[02:40:30] [51/326] SXCB
[02:40:31] [52/326] BAHS
[02:40:32] [53/326] PCBI
[02:40:33] [54/326] PSSM
[02:40:34] [55/326] RCOK
[02:40:35] [56/326] SCPF
[02:40:36] [57/326] SSAS
[02:40:36] [58/326] EVMM
[02:40:37] [59/326] SYCB
[02:40:38] [60/326] GCKI
[02:40:39] 🔄 Identity reset
[02:40:39] 🔄 Identity rotated (every 10 requests)
[02:40:39] [61/326] IAET
[02:40:40] [62/326] DDTD
[02:40:41] [63/326] GMDH
[02:40:42] [64/326] STLE
[02:40:43] [65/326] JTRA
[02:40:44] [66/326] RPPA
[02:40:45] [67/326] ARUT
[02:40:46] [68/326] JTVM
[02:40:46] [69/326] SWRH
[02:40:47] [70/326] DCPC
[02:40:48] 🔄 Identity reset
[02:40:48] 🔄 Identity rotated (every 10 requests)
[02:40:48] [71/326] RAPR
[02:40:49] [72/326] GCRT
[02:40:50] [73/326] ATUN
[02:40:51] [74/326] LTRM
[02:40:51] [75/326] TASR
[02:40:52] [76/326] RLLC
[02:40:53] [77/326] MABI
[02:40:54] [78/326] SVHB
[02:40:55] [79/326] NVTB
[02:40:56] [80/326] KCKG
[02:40:57] 🔄 Identity reset
[02:40:57] 🔄 Identity rotated (every 10 requests)
[02:40:57] [81/326] SSRN
[02:40:58] [82/326] VDDC
[02:40:59] [83/326] GKTK
[02:41:00] [84/326] YFSN
[02:41:01] [85/326] GCSG
[02:41:01] [86/326] ESSM
[02:41:02] [87/326] KRIH
[02:41:03] [88/326] GCDS
[02:41:04] [89/326] CCSH
[02:41:06] [90/326] ACSK
[02:41:06] 🔄 Identity reset
[02:41:06] 🔄 Identity rotated (every 10 requests)
[02:41:07] [91/326] APRK
[02:41:08] [92/326] ADKM
[02:41:08] [93/326] SRDM
[02:41:09] [94/326] SJMY
[02:41:10] [95/326] PGGC
[02:41:11] [96/326] INGM
[02:41:12] [97/326] LSCB
[02:41:13] [98/326] STAD
[02:41:14] [99/326] MCCR
[02:41:15] [100/326] ABCC
[02:41:15] 🔄 Identity reset
[02:41:15] 🔄 Identity rotated (every 10 requests)
[02:41:16] [101/326] RKCC
[02:41:17] [102/326] RTCR
[02:41:18] [103/326] GGBC
[02:41:19] [104/326] GCSD
[02:41:20] [105/326] LPTY
[02:41:21] [106/326] MCFD
[02:41:22] [107/326] HENN
[02:41:23] [108/326] SMKU
[02:41:24] [109/326] TNZC
[02:41:25] [110/326] DRCD
[02:41:26] 🔄 Identity reset
[02:41:26] 🔄 Identity rotated (every 10 requests)
[02:41:26] [111/326] DLCD
[02:41:27] [112/326] RCDA
[02:41:28] [113/326] COSM
[02:41:29] [114/326] MCMJ
[02:41:29] [115/326] CSTR
[02:41:31] [116/326] CVDK
[02:41:32] [117/326] INRR
[02:41:32] [118/326] RJRT
[02:41:33] [119/326] IRMR
[02:41:34] [120/326] SRCF
[02:41:35] 🔄 Identity reset
[02:41:35] 🔄 Identity rotated (every 10 requests)
[02:41:35] [121/326] GRCR
[02:41:37] [122/326] SURC
[02:41:38] [123/326] NMNH
[02:41:39] [124/326] SVBL
[02:41:40] [125/326] KACI
[02:41:41] [126/326] TDGO
[02:41:42] [127/326] KTBR
[02:41:43] [128/326] PMAD
[02:41:44] [129/326] CCPN
[02:41:44] [130/326] SBTK
[02:41:45] 🔄 Identity reset
[02:41:45] 🔄 Identity rotated (every 10 requests)
[02:41:46] [131/326] LMDK
[02:41:47] [132/326] PGDA
[02:41:48] [133/326] SRML
[02:41:49] [134/326] EVCK
[02:41:50] [135/326] RTTK
[02:41:51] [136/326] SRTU
[02:41:52] [137/326] VRSA
[02:41:53] [138/326] VARS
[02:41:54] [139/326] DSCZ
[02:41:55] [140/326] GAGA
[02:41:55] 🔄 Identity reset
[02:41:55] 🔄 Identity rotated (every 10 requests)
[02:41:56] [141/326] SARV
[02:41:57] [142/326] SEEG
[02:41:57] [143/326] GLCA
[02:41:58] [144/326] APAS
[02:42:00] [145/326] VCIA
[02:42:01] [146/326] SJTA
[02:42:02] [147/326] SABM
[02:42:03] [148/326] PPAG
[02:42:04] [149/326] RVCA
[02:42:05] [150/326] CCIA
[02:42:06] 🔄 Identity reset
[02:42:06] 🔄 Identity rotated (every 10 requests)
[02:42:06] [151/326] HTAG
[02:42:07] [152/326] SMBI
[02:42:08] [153/326] MCJR
[02:42:09] [154/326] CCJR
[02:42:10] [155/326] SINF
[02:42:11] [156/326] CPLX
[02:42:12] [157/326] KKTJ
[02:42:13] [158/326] GDBW
[02:42:14] [159/326] CSUB
[02:42:15] [160/326] DABA
[02:42:16] 🔄 Identity reset
[02:42:16] 🔄 Identity rotated (every 10 requests)
[02:42:17] [161/326] TITR
[02:42:18] [162/326] NYCR
[02:42:19] [163/326] RTRY
[02:42:20] [164/326] JTJL
[02:42:21] [165/326] SJCP
[02:42:22] [166/326] KCCA
[02:42:23] [167/326] MLPG
[02:42:24] [168/326] VRCK
[02:42:25] [169/326] SRIN
[02:42:26] [170/326] CXMK
[02:42:26] 🔄 Identity reset
[02:42:26] 🔄 Identity rotated (every 10 requests)
[02:42:27] [171/326] SKAD
[02:42:27] [172/326] AVTR
[02:42:28] [173/326] PTAJ
[02:42:30] [174/326] SCNK
[02:42:30] [175/326] STTI
[02:42:31] [176/326] KACR
[02:42:32] [177/326] SSDX
[02:42:33] [178/326] VRTJ
[02:42:34] [179/326] RAJD
[02:42:35] [180/326] SCIP
[02:42:35] 🔄 Identity reset
[02:42:35] 🔄 Identity rotated (every 10 requests)
[02:42:36] [181/326] RJSL
[02:42:37] [182/326] ARRS
[02:42:37] [183/326] ASMS
[02:42:38] [184/326] RDTS
[02:42:40] [185/326] DVMY
[02:42:41] [186/326] RASA
[02:42:42] [187/326] INOM
[02:42:43] [188/326] SPRS
[02:42:43] [189/326] SGCS
[02:42:44] [190/326] SALM
[02:42:45] 🔄 Identity reset
[02:42:45] 🔄 Identity rotated (every 10 requests)
[02:42:45] [191/326] PKHC
[02:42:46] [192/326] RCSV
[02:42:47] [193/326] CPKC
[02:42:48] [194/326] AACD
[02:42:49] [195/326] GGCV
[02:42:50] [196/326] SMKD
[02:42:51] [197/326] NBCH
[02:42:53] [198/326] AMCB
[02:42:54] [199/326] OPCN
[02:42:55] [200/326] DCIN
[02:42:56] 🔄 Identity reset
[02:42:56] 🔄 Identity rotated (every 10 requests)
[02:42:56] [201/326] INGW
[02:42:57] [202/326] PKKW
[02:42:58] [203/326] FNGW
[02:42:59] [204/326] GCGD
[02:43:00] [205/326] MSTW
[02:43:01] [206/326] KCCG
[02:43:01] [207/326] MRSS
[02:43:02] [208/326] CLCF
[02:43:03] [209/326] EETS
[02:43:04] [210/326] AATR
[02:43:05] 🔄 Identity reset
[02:43:05] 🔄 Identity rotated (every 10 requests)
[02:43:05] [211/326] CMMN
[02:43:06] [212/326] SCCJ
[02:43:07] [213/326] CDTK
[02:43:08] [214/326] AICP
[02:43:09] [215/326] FNBP
[02:43:10] [216/326] CBPB
[02:43:11] [217/326] CPAS
[02:43:12] [218/326] MAPM
[02:43:13] [219/326] PASD
[02:43:14] [220/326] JCMN
[02:43:15] 🔄 Identity reset
[02:43:15] 🔄 Identity rotated (every 10 requests)
[02:43:15] [221/326] MALB
[02:43:16] [222/326] SACG
[02:43:17] [223/326] DDRX
[02:43:17] [224/326] DDXB
[02:43:18] [225/326] RAMC
[02:43:19] [226/326] SANC
[02:43:20] [227/326] BCBP
[02:43:21] [228/326] ALPC
[02:43:22] [229/326] RBAC
[02:43:23] [230/326] RAJL
[02:43:23] 🔄 Identity reset
[02:43:23] 🔄 Identity rotated (every 10 requests)
[02:43:23] [231/326] MPDX
[02:43:24] [232/326] MUSC
[02:43:25] [233/326] VKMK
[02:43:26] [234/326] SKCG
[02:43:27] [235/326] ANCN
[02:43:28] [236/326] MMCJ
[02:43:29] [237/326] DCAK
[02:43:30] [238/326] SCKG
[02:43:31] [239/326] LMCK
[02:43:32] [240/326] CKKX
[02:43:32] 🔄 Identity reset
[02:43:32] 🔄 Identity rotated (every 10 requests)
[02:43:33] [241/326] ANKU
[02:43:34] [242/326] CSMD
[02:43:35] [243/326] MKMP
[02:43:36] [244/326] SVBG
[02:43:37] [245/326] ROOP
[02:43:38] [246/326] GDMT
[02:43:39] [247/326] FPPF
[02:43:40] [248/326] SFUU
[02:43:41] [249/326] ANCB
[02:43:42] [250/326] SMMC
[02:43:42] 🔄 Identity reset
[02:43:42] 🔄 Identity rotated (every 10 requests)
[02:43:43] [251/326] UGKT
[02:43:43] [252/326] JVRM
[02:43:44] [253/326] BATG
[02:43:45] [254/326] RATE
[02:43:46] [255/326] SKME
[02:43:47] [256/326] LMTP
[02:43:48] [257/326] TCBD
[02:43:49] [258/326] ESBD
[02:43:51] [259/326] GDCU
[02:43:52] [260/326] SNKT
[02:43:52] 🔄 Identity reset
[02:43:52] 🔄 Identity rotated (every 10 requests)
[02:43:53] [261/326] SRNK
[02:43:54] [262/326] SMED
[02:43:54] [263/326] CSQS
[02:43:56] [264/326] ALCS
[02:43:57] [265/326] KCKN
[02:43:58] [266/326] VCCL
[02:43:58] [267/326] MCDA
[02:43:59] [268/326] SHMI
[02:44:00] [269/326] SKHA
[02:44:01] [270/326] SVFK
[02:44:02] 🔄 Identity reset
[02:44:02] 🔄 Identity rotated (every 10 requests)
[02:44:03] [271/326] INVB
[02:44:04] [272/326] MELD
[02:44:05] [273/326] JTYS
[02:44:06] [274/326] INCM
[02:44:07] [275/326] MCDV
[02:44:08] [276/326] KSGK
[02:44:09] [277/326] ICMG
[02:44:10] [278/326] CSCV
[02:44:11] [279/326] STMD
[02:44:12] [280/326] STTR
[02:44:13] 🔄 Identity reset
[02:44:13] 🔄 Identity rotated (every 10 requests)
[02:44:13] [281/326] INVC
[02:44:14] [282/326] JTBL
[02:44:15] [283/326] SRVV
[02:44:16] [284/326] MAVC
[02:44:17] [285/326] SRPP
[02:44:19] [286/326] JGDM
[02:44:20] [287/326] MBSJ
[02:44:21] [288/326] SSLL
[02:44:22] [289/326] SLKP
[02:44:23] [290/326] NSRV
[02:44:24] 🔄 Identity reset
[02:44:24] 🔄 Identity rotated (every 10 requests)
[02:44:24] [291/326] UTDV
[02:44:25] [292/326] KICM
[02:44:26] [293/326] KCMD
[02:44:27] [294/326] TTPP
[02:44:27] [295/326] KMPV
[02:44:28] [296/326] SKTV
[02:44:29] [297/326] STCV
[02:44:30] [298/326] SRDA
[02:44:31] [299/326] JTSX
[02:44:32] [300/326] STBV
[02:44:32] 🔄 Identity reset
[02:44:32] 🔄 Identity rotated (every 10 requests)
[02:44:33] [301/326] APVZ
[02:44:34] [302/326] GSTV
[02:44:35] [303/326] NMVS
[02:44:36] [304/326] SKRT
[02:44:37] [305/326] RMDV
[02:44:38] [306/326] RATG
[02:44:39] [307/326] SJYV
[02:44:40] [308/326] NDGP
[02:44:41] [309/326] SNDG
[02:44:42] [310/326] INSR
[02:44:42] 🔄 Identity reset
[02:44:42] 🔄 Identity rotated (every 10 requests)
[02:44:43] [311/326] INSO
[02:44:44] [312/326] CCSI
[02:44:46] [313/326] RASM
[02:44:47] [314/326] NEWC
[02:44:48] [315/326] VSHL
[02:44:49] [316/326] BISW
[02:44:50] [317/326] GCNG
[02:44:51] [318/326] CWSC
[02:44:52] [319/326] SKAN
[02:44:53] [320/326] CCOA
[02:44:53] 🔄 Identity reset
[02:44:53] 🔄 Identity rotated (every 10 requests)
[02:44:54] [321/326] MCAJ
[02:44:55] [322/326] ACDE
[02:44:56] [323/326] AACM
[02:44:57] [324/326] JJCK
[02:44:58] [325/326] RCMO
[02:44:58] [326/326] GDAW
[02:44:59] ✅ DONE | Shows=2 | Movies=1
