[00:16:41] 🚀 BMS DAILY TRACKER STARTED (enhanced anti‑detection)
[00:16:41] [1/456] FNDB
[00:16:41] 🧠 New identity created
[00:16:42] [2/456] AMBH
[00:16:43] [3/456] PRHN
[00:16:44] [4/456] ACPM
[00:16:45] [5/456] PVFS
[00:16:46] [6/456] AACN
[00:16:47] [7/456] ACAS
[00:16:48] [8/456] CTNR
[00:16:48] [9/456] MMAH
[00:16:49] [10/456] CPMH
[00:16:50] 🔄 Identity reset
[00:16:50] 🔄 Identity rotated (every 10 requests)
[00:16:50] [11/456] IGMH
[00:16:51] [12/456] ABCS
[00:16:52] [13/456] CMMA
[00:16:53] [14/456] GPRH
[00:16:54] [15/456] PNNG
[00:16:55] [16/456] AMCA
[00:16:57] [17/456] ISTN
[00:16:57] [18/456] PIIC
[00:16:58] [19/456] AHMH
[00:16:59] [20/456] ASHN
[00:17:00] 🔄 Identity reset
[00:17:00] 🔄 Identity rotated (every 10 requests)
[00:17:00] [21/456] INHY
[00:17:01] [22/456] SRMO
[00:17:02] [23/456] PIMH
[00:17:03] [24/456] PVTS
[00:17:04] [25/456] MMCA
[00:17:05] [26/456] AKYJ
[00:17:07] [27/456] BRKH
[00:17:07] [28/456] MAHM
[00:17:08] [29/456] CPHY
[00:17:10] [30/456] PVTP
[00:17:11] 🔄 Identity reset
[00:17:11] 🔄 Identity rotated (every 10 requests)
[00:17:11] [31/456] SMMR
[00:17:12] [32/456] PVHM
[00:17:13] [33/456] SNDY
[00:17:14] [34/456] GOKU
[00:17:15] [35/456] ACEV
[00:17:16] [36/456] PVUM
[00:17:17] [37/456] VSWA
[00:17:18] [38/456] IPRS
[00:17:20] [39/456] BKMV
[00:17:21] [40/456] PVYH
[00:17:21] 🔄 Identity reset
[00:17:21] 🔄 Identity rotated (every 10 requests)
[00:17:22] [41/456] INKM
[00:17:23] [42/456] ARJU
[00:17:23] [43/456] JJPP
[00:17:24] [44/456] SSRM
[00:17:25] [45/456] HMHD
[00:17:26] [46/456] SNKH
[00:17:28] [47/456] ACHI
[00:17:29] [48/456] MRAA
[00:17:30] [49/456] INMH
[00:17:31] [50/456] ARMH
[00:17:31] 🔄 Identity reset
[00:17:31] 🔄 Identity rotated (every 10 requests)
[00:17:32] [51/456] DVRR
[00:17:33] [52/456] SUDA
[00:17:33] [53/456] MCSS
[00:17:34] [54/456] VRKC
[00:17:35] [55/456] PRCX
[00:17:36] [56/456] ASJY
[00:17:37] [57/456] MTHY
[00:17:38] [58/456] SRCM
[00:17:39] [59/456] TVHY
[00:17:40] [60/456] STHD
[00:17:40] 🔄 Identity reset
[00:17:41] 🔄 Identity rotated (every 10 requests)
[00:17:41] [61/456] CPCL
[00:17:42] [62/456] PSMJ
[00:17:43] [63/456] MRGT
[00:17:44] [64/456] ARYH
[00:17:45] [65/456] VTRB
[00:17:46] [66/456] SCHC
[00:17:47] [67/456] MRRG
[00:17:48] [68/456] SPCB
[00:17:49] [69/456] AMCM
[00:17:50] [70/456] IVNM
[00:17:50] 🔄 Identity reset
[00:17:50] 🔄 Identity rotated (every 10 requests)
[00:17:50] [71/456] TRHY
[00:17:51] [72/456] PTTH
[00:17:52] [73/456] RKMH
[00:17:54] [74/456] PRCS
[00:17:55] [75/456] VAJA
[00:17:56] [76/456] BJNG
[00:17:57] [77/456] SCVM
[00:17:58] [78/456] GNHB
[00:17:59] [79/456] TLUR
[00:18:00] [80/456] UKCC
[00:18:00] 🔄 Identity reset
[00:18:00] 🔄 Identity rotated (every 10 requests)
[00:18:01] [81/456] SRKR
[00:18:02] [82/456] RMKN
[00:18:02] [83/456] SLRT
[00:18:03] [84/456] LKMT
[00:18:04] [85/456] SSRJ
[00:18:05] [86/456] SPHT
[00:18:06] [87/456] ANTT
[00:18:07] [88/456] SRCH
[00:18:08] [89/456] SRCA
[00:18:09] [90/456] ARTH
[00:18:10] 🔄 Identity reset
[00:18:10] 🔄 Identity rotated (every 10 requests)
[00:18:11] [91/456] MCBH
[00:18:12] [92/456] SNIB
[00:18:13] [93/456] SART
[00:18:14] [94/456] SKTA
[00:18:15] [95/456] YAKT
[00:18:16] [96/456] MLCK
[00:18:17] [97/456] ANTS
[00:18:18] [98/456] DGCA
[00:18:19] [99/456] SGMP
[00:18:20] [100/456] ASWN
[00:18:20] 🔄 Identity reset
[00:18:20] 🔄 Identity rotated (every 10 requests)
[00:18:21] [101/456] KFVU
[00:18:22] [102/456] POOR
[00:18:23] [103/456] GKDN
[00:18:24] [104/456] EOSE
[00:18:25] [105/456] GTTT
[00:18:26] [106/456] ARRO
[00:18:26] [107/456] CMMK
[00:18:27] [108/456] MSCN
[00:18:28] [109/456] GDKH
[00:18:29] [110/456] DLMT
[00:18:30] 🔄 Identity reset
[00:18:30] 🔄 Identity rotated (every 10 requests)
[00:18:30] [111/456] PVMF
[00:18:31] [112/456] CPCK
[00:18:32] [113/456] VMHE
[00:18:33] [114/456] PVLC
[00:18:34] [115/456] PCVB
[00:18:35] [116/456] SNYK
[00:18:36] [117/456] KTEK
[00:18:36] [118/456] PCNM
[00:18:37] [119/456] NTTR
[00:18:38] [120/456] CPSK
[00:18:39] 🔄 Identity reset
[00:18:39] 🔄 Identity rotated (every 10 requests)
[00:18:39] [121/456] JMMA
[00:18:41] [122/456] GCFK
[00:18:42] [123/456] MYCA
[00:18:43] [124/456] KSNP
[00:18:45] [125/456] PMCE
[00:18:47] [126/456] SCKI
[00:18:47] [127/456] FSMA
[00:18:48] [128/456] CETA
[00:18:49] [129/456] MCIK
[00:18:50] [130/456] MYCR
[00:18:51] 🔄 Identity reset
[00:18:51] 🔄 Identity rotated (every 10 requests)
[00:18:51] [131/456] EVMP
[00:18:52] [132/456] SSGT
[00:18:53] [133/456] KCTK
[00:18:55] [134/456] ZTKC
[00:18:56] [135/456] MMTA
[00:18:57] [136/456] MAJT
[00:18:58] [137/456] ACPK
[00:18:59] [138/456] JMAX
[00:18:59] [139/456] SETK
[00:19:00] [140/456] CAIS
[00:19:01] 🔄 Identity reset
[00:19:01] 🔄 Identity rotated (every 10 requests)
[00:19:02] [141/456] AGCD
[00:19:03] [142/456] URCL
[00:19:04] [143/456] VTDS
[00:19:06] [144/456] JCNM
[00:19:06] [145/456] KCAM
[00:19:07] [146/456] ADCU
[00:19:08] [147/456] GXYN
[00:19:09] [148/456] SMJG
[00:19:10] [149/456] EYCJ
[00:19:12] [150/456] CCEJ
[00:19:13] 🔄 Identity reset
[00:19:13] 🔄 Identity rotated (every 10 requests)
[00:19:13] [151/456] MARS
[00:19:14] [152/456] CPVJ
[00:19:16] [153/456] INVP
[00:19:16] [154/456] CPOV
[00:19:18] [155/456] VIJK
[00:19:19] [156/456] LAIM
[00:19:20] [157/456] STHV
[00:19:21] [158/456] SVLJ
[00:19:22] [159/456] ATVJ
[00:19:23] [160/456] JTSC
[00:19:23] 🔄 Identity reset
[00:19:23] 🔄 Identity rotated (every 10 requests)
[00:19:24] [161/456] RMTV
[00:19:26] [162/456] MGGG
[00:19:26] [163/456] SWTH
[00:19:27] [164/456] INVJ
[00:19:28] [165/456] PRSV
[00:19:29] [166/456] JATV
[00:19:30] [167/456] RCVD
[00:19:31] [168/456] BDMA
[00:19:32] [169/456] BLJI
[00:19:33] [170/456] SWOT
[00:19:33] 🔄 Identity reset
[00:19:33] 🔄 Identity rotated (every 10 requests)
[00:19:34] [171/456] SWRN
[00:19:35] [172/456] TVRA
[00:19:35] [173/456] NVRN
[00:19:36] [174/456] SIKC
[00:19:37] [175/456] VAKR
[00:19:38] [176/456] SYLN
[00:19:39] [177/456] KLJL
[00:19:40] [178/456] LKMY
[00:19:42] [179/456] VSLY
[00:19:42] [180/456] CIKO
[00:19:43] 🔄 Identity reset
[00:19:43] 🔄 Identity rotated (every 10 requests)
[00:19:43] [181/456] GPBG
[00:19:45] [182/456] CECM
[00:19:46] [183/456] SLKB
[00:19:47] [184/456] MTBO
[00:19:48] [185/456] SSHB
[00:19:49] [186/456] VPCS
[00:19:50] [187/456] RCSR
[00:19:51] [188/456] RJRM
[00:19:51] [189/456] KPPB
[00:19:53] [190/456] SEDC
[00:19:54] 🔄 Identity reset
[00:19:54] 🔄 Identity rotated (every 10 requests)
[00:19:55] [191/456] SCAI
[00:19:56] [192/456] RMTR
[00:19:57] [193/456] ASST
[00:19:58] [194/456] GCAK
[00:19:59] [195/456] ANNK
[00:20:00] [196/456] KDDF
[00:20:01] [197/456] NRDP
[00:20:02] [198/456] PLAK
[00:20:02] [199/456] GCMC
[00:20:03] [200/456] ALPY
[00:20:04] 🔄 Identity reset
[00:20:04] 🔄 Identity rotated (every 10 requests)
[00:20:04] [201/456] SICE
[00:20:05] [202/456] SISR
[00:20:06] [203/456] SRPZ
[00:20:07] [204/456] SRSW
[00:20:08] [205/456] SUYA
[00:20:09] [206/456] AMMT
[00:20:10] [207/456] BHCU
[00:20:11] [208/456] KLPA
[00:20:12] [209/456] NVKH
[00:20:13] [210/456] JMRC
[00:20:13] 🔄 Identity reset
[00:20:13] 🔄 Identity rotated (every 10 requests)
[00:20:14] [211/456] KTTT
[00:20:14] [212/456] MAGH
[00:20:15] [213/456] MMMX
[00:20:16] [214/456] SALJ
[00:20:17] [215/456] GTJA
[00:20:18] [216/456] MAHT
[00:20:20] [217/456] SSNN
[00:20:20] [218/456] ARRP
[00:20:21] [219/456] ATNS
[00:20:22] [220/456] SKDT
[00:20:23] 🔄 Identity reset
[00:20:23] 🔄 Identity rotated (every 10 requests)
[00:20:23] [221/456] ACAT
[00:20:24] [222/456] APRC
[00:20:25] [223/456] SWAG
[00:20:27] [224/456] SDPT
[00:20:28] [225/456] STPS
[00:20:28] [226/456] WWCZ
[00:20:29] [227/456] LLCH
[00:20:30] [228/456] MZHA
[00:20:31] [229/456] CRJG
[00:20:32] [230/456] JGTK
[00:20:33] 🔄 Identity reset
[00:20:33] 🔄 Identity rotated (every 10 requests)
[00:20:34] [231/456] KCSR
[00:20:36] [232/456] CHTL
[00:20:37] [233/456] EDSR
[00:20:38] [234/456] CSWO
[00:20:39] [235/456] CPVM
[00:20:39] [236/456] MXBY
[00:20:40] [237/456] FMMA
[00:20:41] [238/456] POVI
[00:20:42] [239/456] MTHB
[00:20:43] [240/456] INRC
[00:20:44] 🔄 Identity reset
[00:20:44] 🔄 Identity rotated (every 10 requests)
[00:20:44] [241/456] PIPP
[00:20:45] [242/456] BMXC
[00:20:46] [243/456] PCMM
[00:20:47] [244/456] PMKM
[00:20:48] [245/456] GATY
[00:20:49] [246/456] IMCM
[00:20:49] [247/456] POPE
[00:20:50] [248/456] MTCR
[00:20:52] [249/456] PVAE
[00:20:53] [250/456] PVMI
[00:20:53] 🔄 Identity reset
[00:20:53] 🔄 Identity rotated (every 10 requests)
[00:20:54] [251/456] CPNM
[00:20:55] [252/456] FMRL
[00:20:56] [253/456] MCIW
[00:20:58] [254/456] MXBO
[00:21:00] [255/456] FMKY
[00:21:01] [256/456] FMDA
[00:21:02] [257/456] THAB
[00:21:03] [258/456] PRCW
[00:21:04] [259/456] PITI
[00:21:05] [260/456] MCFF
[00:21:05] 🔄 Identity reset
[00:21:05] 🔄 Identity rotated (every 10 requests)
[00:21:06] [261/456] PDDV
[00:21:07] [262/456] MCRM
[00:21:07] [263/456] KKMB
[00:21:08] [264/456] INKO
[00:21:09] [265/456] PLXP
[00:21:10] [266/456] MMHA
[00:21:11] [267/456] FMVS
[00:21:12] [268/456] POLM
[00:21:13] [269/456] STER
[00:21:14] [270/456] PVWJ
[00:21:15] 🔄 Identity reset
[00:21:15] 🔄 Identity rotated (every 10 requests)
[00:21:15] [271/456] IMJW
[00:21:16] [272/456] FNAN
[00:21:17] [273/456] CAGL
[00:21:18] [274/456] IPBG
[00:21:19] [275/456] SMFV
[00:21:20] [276/456] MMMR
[00:21:21] [277/456] MMWM
[00:21:22] [278/456] FNCM
[00:21:23] [279/456] MDVA
[00:21:24] [280/456] MMET
[00:21:25] 🔄 Identity reset
[00:21:25] 🔄 Identity rotated (every 10 requests)
[00:21:25] [281/456] MIDO
[00:21:26] [282/456] INNP
[00:21:27] [283/456] MIFU
[00:21:28] [284/456] MMSZ
[00:21:29] [285/456] BMXA
[00:21:30] [286/456] MCAA
[00:21:31] [287/456] SCVP
[00:21:32] [288/456] PLUS
[00:21:33] [289/456] MUCK
[00:21:33] [290/456] MTMA
[00:21:34] 🔄 Identity reset
[00:21:34] 🔄 Identity rotated (every 10 requests)
[00:21:35] [291/456] HPVR
[00:21:36] [292/456] PMPK
[00:21:37] [293/456] MAJB
[00:21:38] [294/456] CTRR
[00:21:39] [295/456] MCTG
[00:21:40] [296/456] MACE
[00:21:41] [297/456] AAAS
[00:21:42] [298/456] CPVV
[00:21:43] [299/456] RCHG
[00:21:44] [300/456] MCNE
[00:21:44] 🔄 Identity reset
[00:21:44] 🔄 Identity rotated (every 10 requests)
[00:21:45] [301/456] EMNC
[00:21:47] [302/456] MCAN
[00:21:48] [303/456] TCDM
[00:21:49] [304/456] IRGT
[00:21:50] [305/456] GCMG
[00:21:51] [306/456] MXSN
[00:21:52] [307/456] MXCK
[00:21:52] [308/456] MCRC
[00:21:54] [309/456] RSMI
[00:21:55] [310/456] WAML
[00:21:55] 🔄 Identity reset
[00:21:55] 🔄 Identity rotated (every 10 requests)
[00:21:56] [311/456] MTSC
[00:21:57] [312/456] FMDR
[00:21:58] [313/456] LEPV
[00:21:58] [314/456] MTGD
[00:21:59] [315/456] IMOB
[00:22:00] [316/456] CLMM
[00:22:01] [317/456] PZCD
[00:22:02] [318/456] GOCS
[00:22:03] [319/456] KCMA
[00:22:04] [320/456] CCMP
[00:22:05] 🔄 Identity reset
[00:22:05] 🔄 Identity rotated (every 10 requests)
[00:22:05] [321/456] MTSU
[00:22:06] [322/456] SNGL
[00:22:07] [323/456] MMMC
[00:22:08] [324/456] MMAA
[00:22:09] [325/456] GCDM
[00:22:10] [326/456] KTMV
[00:22:10] [327/456] AETE
[00:22:11] [328/456] OMCS
[00:22:12] [329/456] GDCD
[00:22:13] [330/456] NYMD
[00:22:14] 🔄 Identity reset
[00:22:14] 🔄 Identity rotated (every 10 requests)
[00:22:14] [331/456] RNCV
[00:22:16] [332/456] KKMT
[00:22:17] [333/456] GDTH
[00:22:18] [334/456] KMMV
[00:22:19] [335/456] NHCG
[00:22:20] [336/456] PJDW
[00:22:20] [337/456] MMCV
[00:22:21] [338/456] FQSA
[00:22:22] [339/456] KURL
[00:22:23] [340/456] NNNX
[00:22:24] 🔄 Identity reset
[00:22:24] 🔄 Identity rotated (every 10 requests)
[00:22:24] [341/456] AMAU
[00:22:26] [342/456] VVVM
[00:22:27] [343/456] VECU
[00:22:28] [344/456] WCVR
[00:22:29] [345/456] MTGG
[00:22:30] [346/456] SGTG
[00:22:31] [347/456] MNTG
[00:22:33] [348/456] JDDG
[00:22:34] [349/456] MBTK
[00:22:36] [350/456] SGCD
[00:22:36] 🔄 Identity reset
[00:22:36] 🔄 Identity rotated (every 10 requests)
[00:22:37] [351/456] MCTC
[00:22:38] [352/456] JTPC
[00:22:39] [353/456] SDKT
[00:22:39] [354/456] KRCC
[00:22:40] [355/456] RMMD
[00:22:41] [356/456] AAME
[00:22:42] [357/456] TMWC
[00:22:43] [358/456] NRWY
[00:22:44] [359/456] CITD
[00:22:45] [360/456] VERD
[00:22:46] 🔄 Identity reset
[00:22:46] 🔄 Identity rotated (every 10 requests)
[00:22:47] [361/456] MKSK
[00:22:48] [362/456] STSM
[00:22:49] [363/456] MJDG
[00:22:50] [364/456] RKPM
[00:22:51] [365/456] SSCE
[00:22:52] [366/456] VMAE
[00:22:53] [367/456] SBRU
[00:22:54] [368/456] AMBC
[00:22:55] [369/456] AMLU
[00:22:56] [370/456] INVZ
[00:22:56] 🔄 Identity reset
[00:22:56] 🔄 Identity rotated (every 10 requests)
[00:22:57] [371/456] LGTV
[00:22:57] [372/456] SVAD
[00:22:58] [373/456] SMSA
[00:22:59] [374/456] SPCZ
[00:23:00] [375/456] GTCX
[00:23:01] [376/456] SCSL
[00:23:02] [377/456] SAHU
[00:23:03] [378/456] NCDA
[00:23:04] [379/456] SCCG
[00:23:04] [380/456] VKTL
[00:23:05] 🔄 Identity reset
[00:23:05] 🔄 Identity rotated (every 10 requests)
[00:23:06] [381/456] PUUJ
[00:23:07] [382/456] STEJ
[00:23:07] [383/456] RJAL
[00:23:08] [384/456] ACJC
[00:23:09] [385/456] ARVB
[00:23:11] [386/456] AUBB
[00:23:12] [387/456] GDBR
[00:23:13] [388/456] PVND
[00:23:13] [389/456] BGRJ
[00:23:14] [390/456] RJMM
[00:23:15] 🔄 Identity reset
[00:23:15] 🔄 Identity rotated (every 10 requests)
[00:23:15] [391/456] MCSA
[00:23:16] [392/456] BODA
[00:23:17] [393/456] JAGG
[00:23:18] [394/456] SCGA
[00:23:19] [395/456] LRCM
[00:23:19] [396/456] CPCN
[00:23:20] [397/456] SSTF
[00:23:21] [398/456] SRXP
[00:23:22] [399/456] CNFX
[00:23:23] [400/456] ANDI
[00:23:24] 🔄 Identity reset
[00:23:24] 🔄 Identity rotated (every 10 requests)
[00:23:24] [401/456] SYEW
[00:23:26] [402/456] RCRE
[00:23:27] [403/456] SCRW
[00:23:28] [404/456] MBKR
[00:23:29] [405/456] ASNT
[00:23:30] [406/456] JTMT
[00:23:31] [407/456] SHAY
[00:23:31] [408/456] VRTH
[00:23:32] [409/456] SPTI
[00:23:33] [410/456] DPTD
[00:23:34] 🔄 Identity reset
[00:23:34] 🔄 Identity rotated (every 10 requests)
[00:23:34] [411/456] TGSN
[00:23:35] [412/456] RCWV
[00:23:36] [413/456] OCUR
[00:23:36] [414/456] KSTC
[00:23:38] [415/456] SANI
[00:23:38] [416/456] MLCA
[00:23:39] [417/456] EGCA
[00:23:40] [418/456] SYSN
[00:23:41] [419/456] PKTA
[00:23:42] [420/456] PRCC
[00:23:43] 🔄 Identity reset
[00:23:43] 🔄 Identity rotated (every 10 requests)
[00:23:44] [421/456] KSTR
[00:23:45] [422/456] SNTP
[00:23:46] [423/456] RCHA
[00:23:47] [424/456] SEEA
[00:23:48] [425/456] ALAT
[00:23:49] [426/456] AATV
[00:23:50] [427/456] RJTE
[00:23:51] [428/456] AAPP
[00:23:52] [429/456] PMMH
[00:23:54] [430/456] INRJ
[00:23:54] 🔄 Identity reset
[00:23:54] 🔄 Identity rotated (every 10 requests)
[00:23:56] [431/456] SARB
[00:23:57] [432/456] PCJL
[00:23:57] [433/456] PFJJ
[00:23:58] [434/456] GRDC
[00:23:59] [435/456] BCBA
[00:24:00] [436/456] VIXL
[00:24:01] [437/456] CSTL
[00:24:02] [438/456] MTDK
[00:24:03] [439/456] TDAC
[00:24:04] [440/456] GTDN
[00:24:04] 🔄 Identity reset
[00:24:04] 🔄 Identity rotated (every 10 requests)
[00:24:05] [441/456] TTDE
[00:24:06] [442/456] ASTS
[00:24:06] [443/456] CPNS
[00:24:08] [444/456] PVVW
[00:24:09] [445/456] USEB
[00:24:10] [446/456] DTYN
[00:24:11] [447/456] PVLE
[00:24:12] [448/456] CIPS
[00:24:13] [449/456] PAEG
[00:24:14] [450/456] PTCW
[00:24:14] 🔄 Identity reset
[00:24:14] 🔄 Identity rotated (every 10 requests)
[00:24:15] [451/456] G3SR
[00:24:17] [452/456] PGND
[00:24:18] [453/456] INVM
[00:24:19] [454/456] SPIA
[00:24:20] [455/456] PCSN
[00:24:21] [456/456] PPGV
[00:24:22] ✅ DONE | Shows=50 | Movies=3
[01:16:51] 🚀 BMS DAILY TRACKER STARTED (enhanced anti‑detection)
[01:16:51] [1/456] FNDB
[01:16:51] 🧠 New identity created
[01:16:52] [2/456] AMBH
[01:16:53] [3/456] PRHN
[01:16:53] [4/456] ACPM
[01:16:54] [5/456] PVFS
[01:16:55] [6/456] AACN
[01:16:56] [7/456] ACAS
[01:16:57] [8/456] CTNR
[01:16:58] [9/456] MMAH
[01:16:59] [10/456] CPMH
[01:17:00] 🔄 Identity reset
[01:17:00] 🔄 Identity rotated (every 10 requests)
[01:17:00] [11/456] IGMH
[01:17:01] [12/456] ABCS
[01:17:02] [13/456] CMMA
[01:17:02] [14/456] GPRH
[01:17:04] [15/456] PNNG
[01:17:05] [16/456] AMCA
[01:17:06] [17/456] ISTN
[01:17:07] [18/456] PIIC
[01:17:08] [19/456] AHMH
[01:17:09] [20/456] ASHN
[01:17:09] 🔄 Identity reset
[01:17:09] 🔄 Identity rotated (every 10 requests)
[01:17:09] [21/456] INHY
[01:17:10] [22/456] SRMO
[01:17:11] [23/456] PIMH
[01:17:12] [24/456] PVTS
[01:17:13] [25/456] MMCA
[01:17:14] [26/456] AKYJ
[01:17:15] [27/456] BRKH
[01:17:16] [28/456] MAHM
[01:17:17] [29/456] CPHY
[01:17:18] [30/456] PVTP
[01:17:18] 🔄 Identity reset
[01:17:18] 🔄 Identity rotated (every 10 requests)
[01:17:19] [31/456] SMMR
[01:17:19] [32/456] PVHM
[01:17:21] [33/456] SNDY
[01:17:22] [34/456] GOKU
[01:17:22] [35/456] ACEV
[01:17:23] [36/456] PVUM
[01:17:24] [37/456] VSWA
[01:17:25] [38/456] IPRS
[01:17:26] [39/456] BKMV
[01:17:27] [40/456] PVYH
[01:17:27] 🔄 Identity reset
[01:17:27] 🔄 Identity rotated (every 10 requests)
[01:17:28] [41/456] INKM
[01:17:28] [42/456] ARJU
[01:17:29] [43/456] JJPP
[01:17:30] [44/456] SSRM
[01:17:31] [45/456] HMHD
[01:17:32] [46/456] SNKH
[01:17:33] [47/456] ACHI
[01:17:34] [48/456] MRAA
[01:17:35] [49/456] INMH
[01:17:36] [50/456] ARMH
[01:17:36] 🔄 Identity reset
[01:17:36] 🔄 Identity rotated (every 10 requests)
[01:17:36] [51/456] DVRR
[01:17:37] [52/456] SUDA
[01:17:38] [53/456] MCSS
[01:17:39] [54/456] VRKC
[01:17:40] [55/456] PRCX
[01:17:41] [56/456] ASJY
[01:17:42] [57/456] MTHY
[01:17:44] [58/456] SRCM
[01:17:44] [59/456] TVHY
[01:17:45] [60/456] STHD
[01:17:46] 🔄 Identity reset
[01:17:46] 🔄 Identity rotated (every 10 requests)
[01:17:46] [61/456] CPCL
[01:17:47] [62/456] PSMJ
[01:17:48] [63/456] MRGT
[01:17:49] [64/456] ARYH
[01:17:50] [65/456] VTRB
[01:17:51] [66/456] SCHC
[01:17:51] [67/456] MRRG
[01:17:52] [68/456] SPCB
[01:17:53] [69/456] AMCM
[01:17:54] [70/456] IVNM
[01:17:55] 🔄 Identity reset
[01:17:55] 🔄 Identity rotated (every 10 requests)
[01:17:55] [71/456] TRHY
[01:17:56] [72/456] PTTH
[01:17:57] [73/456] RKMH
[01:17:57] [74/456] PRCS
[01:17:58] [75/456] VAJA
[01:17:59] [76/456] BJNG
[01:18:00] [77/456] SCVM
[01:18:01] [78/456] GNHB
[01:18:02] [79/456] TLUR
[01:18:03] [80/456] UKCC
[01:18:03] 🔄 Identity reset
[01:18:03] 🔄 Identity rotated (every 10 requests)
[01:18:04] [81/456] SRKR
[01:18:04] [82/456] RMKN
[01:18:05] [83/456] SLRT
[01:18:06] [84/456] LKMT
[01:18:07] [85/456] SSRJ
[01:18:08] [86/456] SPHT
[01:18:09] [87/456] ANTT
[01:18:10] [88/456] SRCH
[01:18:10] [89/456] SRCA
[01:18:11] [90/456] ARTH
[01:18:12] 🔄 Identity reset
[01:18:12] 🔄 Identity rotated (every 10 requests)
[01:18:12] [91/456] MCBH
[01:18:13] [92/456] SNIB
[01:18:14] [93/456] SART
[01:18:15] [94/456] SKTA
[01:18:16] [95/456] YAKT
[01:18:17] [96/456] MLCK
[01:18:17] [97/456] ANTS
[01:18:18] [98/456] DGCA
[01:18:19] [99/456] SGMP
[01:18:20] [100/456] ASWN
[01:18:20] 🔄 Identity reset
[01:18:20] 🔄 Identity rotated (every 10 requests)
[01:18:21] [101/456] KFVU
[01:18:21] [102/456] POOR
[01:18:23] [103/456] GKDN
[01:18:24] [104/456] EOSE
[01:18:25] [105/456] GTTT
[01:18:26] [106/456] ARRO
[01:18:26] [107/456] CMMK
[01:18:31] [108/456] MSCN
[01:18:32] [109/456] GDKH
[01:18:33] [110/456] DLMT
[01:18:33] 🔄 Identity reset
[01:18:33] 🔄 Identity rotated (every 10 requests)
[01:18:33] [111/456] PVMF
[01:18:34] [112/456] CPCK
[01:18:35] [113/456] VMHE
[01:18:36] [114/456] PVLC
[01:18:37] [115/456] PCVB
[01:18:38] [116/456] SNYK
[01:18:39] [117/456] KTEK
[01:18:39] [118/456] PCNM
[01:18:40] [119/456] NTTR
[01:18:41] [120/456] CPSK
[01:18:42] 🔄 Identity reset
[01:18:42] 🔄 Identity rotated (every 10 requests)
[01:18:42] [121/456] JMMA
[01:18:43] [122/456] GCFK
[01:18:44] [123/456] MYCA
[01:18:44] [124/456] KSNP
[01:18:45] [125/456] PMCE
[01:18:46] [126/456] SCKI
[01:18:47] [127/456] FSMA
[01:18:48] [128/456] CETA
[01:18:49] [129/456] MCIK
[01:18:50] [130/456] MYCR
[01:18:51] 🔄 Identity reset
[01:18:51] 🔄 Identity rotated (every 10 requests)
[01:18:51] [131/456] EVMP
[01:18:52] [132/456] SSGT
[01:18:53] [133/456] KCTK
[01:18:54] [134/456] ZTKC
[01:18:55] [135/456] MMTA
[01:18:56] [136/456] MAJT
[01:18:57] [137/456] ACPK
[01:18:58] [138/456] JMAX
[01:18:59] [139/456] SETK
[01:19:00] [140/456] CAIS
[01:19:00] 🔄 Identity reset
[01:19:00] 🔄 Identity rotated (every 10 requests)
[01:19:01] [141/456] AGCD
[01:19:01] [142/456] URCL
[01:19:02] [143/456] VTDS
[01:19:03] [144/456] JCNM
[01:19:04] [145/456] KCAM
[01:19:05] [146/456] ADCU
[01:19:06] [147/456] GXYN
[01:19:07] [148/456] SMJG
[01:19:07] [149/456] EYCJ
[01:19:08] [150/456] CCEJ
[01:19:09] 🔄 Identity reset
[01:19:09] 🔄 Identity rotated (every 10 requests)
[01:19:10] [151/456] MARS
[01:19:11] [152/456] CPVJ
[01:19:11] [153/456] INVP
[01:19:12] [154/456] CPOV
[01:19:13] [155/456] VIJK
[01:19:14] [156/456] LAIM
[01:19:15] [157/456] STHV
[01:19:16] [158/456] SVLJ
[01:19:17] [159/456] ATVJ
[01:19:18] [160/456] JTSC
[01:19:18] 🔄 Identity reset
[01:19:18] 🔄 Identity rotated (every 10 requests)
[01:19:19] [161/456] RMTV
[01:19:20] [162/456] MGGG
[01:19:20] [163/456] SWTH
[01:19:21] [164/456] INVJ
[01:19:22] [165/456] PRSV
[01:19:23] [166/456] JATV
[01:19:24] [167/456] RCVD
[01:19:25] [168/456] BDMA
[01:19:25] [169/456] BLJI
[01:19:26] [170/456] SWOT
[01:19:27] 🔄 Identity reset
[01:19:27] 🔄 Identity rotated (every 10 requests)
[01:19:27] [171/456] SWRN
[01:19:28] [172/456] TVRA
[01:19:29] [173/456] NVRN
[01:19:30] [174/456] SIKC
[01:19:31] [175/456] VAKR
[01:19:32] [176/456] SYLN
[01:19:32] [177/456] KLJL
[01:19:33] [178/456] LKMY
[01:19:34] [179/456] VSLY
[01:19:35] [180/456] CIKO
[01:19:36] 🔄 Identity reset
[01:19:36] 🔄 Identity rotated (every 10 requests)
[01:19:36] [181/456] GPBG
[01:19:37] [182/456] CECM
[01:19:38] [183/456] SLKB
[01:19:39] [184/456] MTBO
[01:19:40] [185/456] SSHB
[01:19:41] [186/456] VPCS
[01:19:41] [187/456] RCSR
[01:19:42] [188/456] RJRM
[01:19:43] [189/456] KPPB
[01:19:44] [190/456] SEDC
[01:19:44] 🔄 Identity reset
[01:19:44] 🔄 Identity rotated (every 10 requests)
[01:19:45] [191/456] SCAI
[01:19:46] [192/456] RMTR
[01:19:47] [193/456] ASST
[01:19:48] [194/456] GCAK
[01:19:49] [195/456] ANNK
[01:19:50] [196/456] KDDF
[01:19:50] [197/456] NRDP
[01:19:51] [198/456] PLAK
[01:19:52] [199/456] GCMC
[01:19:53] [200/456] ALPY
[01:19:53] 🔄 Identity reset
[01:19:53] 🔄 Identity rotated (every 10 requests)
[01:19:54] [201/456] SICE
[01:19:55] [202/456] SISR
[01:19:55] [203/456] SRPZ
[01:19:56] [204/456] SRSW
[01:19:57] [205/456] SUYA
[01:19:58] [206/456] AMMT
[01:19:59] [207/456] BHCU
[01:20:00] [208/456] KLPA
[01:20:01] [209/456] NVKH
[01:20:02] [210/456] JMRC
[01:20:02] 🔄 Identity reset
[01:20:02] 🔄 Identity rotated (every 10 requests)
[01:20:03] [211/456] KTTT
[01:20:03] [212/456] MAGH
[01:20:04] [213/456] MMMX
[01:20:05] [214/456] SALJ
[01:20:06] [215/456] GTJA
[01:20:07] [216/456] MAHT
[01:20:08] [217/456] SSNN
[01:20:09] [218/456] ARRP
[01:20:09] [219/456] ATNS
[01:20:10] [220/456] SKDT
[01:20:11] 🔄 Identity reset
[01:20:11] 🔄 Identity rotated (every 10 requests)
[01:20:11] [221/456] ACAT
[01:20:12] [222/456] APRC
[01:20:13] [223/456] SWAG
[01:20:14] [224/456] SDPT
[01:20:15] [225/456] STPS
[01:20:16] [226/456] WWCZ
[01:20:17] [227/456] LLCH
[01:20:18] [228/456] MZHA
[01:20:18] [229/456] CRJG
[01:20:19] [230/456] JGTK
[01:20:20] 🔄 Identity reset
[01:20:20] 🔄 Identity rotated (every 10 requests)
[01:20:21] [231/456] KCSR
[01:20:22] [232/456] CHTL
[01:20:23] [233/456] EDSR
[01:20:24] [234/456] CSWO
[01:20:25] [235/456] CPVM
[01:20:26] [236/456] MXBY
[01:20:27] [237/456] FMMA
[01:20:28] [238/456] POVI
[01:20:28] [239/456] MTHB
[01:20:29] [240/456] INRC
[01:20:30] 🔄 Identity reset
[01:20:30] 🔄 Identity rotated (every 10 requests)
[01:20:30] [241/456] PIPP
[01:20:31] [242/456] BMXC
[01:20:32] [243/456] PCMM
[01:20:33] [244/456] PMKM
[01:20:34] [245/456] GATY
[01:20:35] [246/456] IMCM
[01:20:35] [247/456] POPE
[01:20:36] [248/456] MTCR
[01:20:37] [249/456] PVAE
[01:20:38] [250/456] PVMI
[01:20:39] 🔄 Identity reset
[01:20:39] 🔄 Identity rotated (every 10 requests)
[01:20:39] [251/456] CPNM
[01:20:40] [252/456] FMRL
[01:20:41] [253/456] MCIW
[01:20:42] [254/456] MXBO
[01:20:43] [255/456] FMKY
[01:20:43] [256/456] FMDA
[01:20:44] [257/456] THAB
[01:20:45] [258/456] PRCW
[01:20:46] [259/456] PITI
[01:20:47] [260/456] MCFF
[01:20:48] 🔄 Identity reset
[01:20:48] 🔄 Identity rotated (every 10 requests)
[01:20:48] [261/456] PDDV
[01:20:49] [262/456] MCRM
[01:20:49] [263/456] KKMB
[01:20:50] [264/456] INKO
[01:20:51] [265/456] PLXP
[01:20:52] [266/456] MMHA
[01:20:53] [267/456] FMVS
[01:20:55] [268/456] POLM
[01:20:56] [269/456] STER
[01:20:57] [270/456] PVWJ
[01:20:58] 🔄 Identity reset
[01:20:58] 🔄 Identity rotated (every 10 requests)
[01:20:58] [271/456] IMJW
[01:20:59] [272/456] FNAN
[01:20:59] [273/456] CAGL
[01:21:00] [274/456] IPBG
[01:21:01] [275/456] SMFV
[01:21:02] [276/456] MMMR
[01:21:03] [277/456] MMWM
[01:21:04] [278/456] FNCM
[01:21:05] [279/456] MDVA
[01:21:06] [280/456] MMET
[01:21:07] 🔄 Identity reset
[01:21:07] 🔄 Identity rotated (every 10 requests)
[01:21:07] [281/456] MIDO
[01:21:08] [282/456] INNP
[01:21:09] [283/456] MIFU
[01:21:10] [284/456] MMSZ
[01:21:11] [285/456] BMXA
[01:21:12] [286/456] MCAA
[01:21:13] [287/456] SCVP
[01:21:14] [288/456] PLUS
[01:21:14] [289/456] MUCK
[01:21:15] [290/456] MTMA
[01:21:16] 🔄 Identity reset
[01:21:16] 🔄 Identity rotated (every 10 requests)
[01:21:16] [291/456] HPVR
[01:21:18] [292/456] PMPK
[01:21:18] [293/456] MAJB
[01:21:19] [294/456] CTRR
[01:21:20] [295/456] MCTG
[01:21:21] [296/456] MACE
[01:21:22] [297/456] AAAS
[01:21:23] [298/456] CPVV
[01:21:24] [299/456] RCHG
[01:21:25] [300/456] MCNE
[01:21:25] 🔄 Identity reset
[01:21:25] 🔄 Identity rotated (every 10 requests)
[01:21:26] [301/456] EMNC
[01:21:27] [302/456] MCAN
[01:21:28] [303/456] TCDM
[01:21:29] [304/456] IRGT
[01:21:30] [305/456] GCMG
[01:21:30] [306/456] MXSN
[01:21:31] [307/456] MXCK
[01:21:32] [308/456] MCRC
[01:21:33] [309/456] RSMI
[01:21:34] [310/456] WAML
[01:21:34] 🔄 Identity reset
[01:21:34] 🔄 Identity rotated (every 10 requests)
[01:21:35] [311/456] MTSC
[01:21:36] [312/456] FMDR
[01:21:37] [313/456] LEPV
[01:21:38] [314/456] MTGD
[01:21:38] [315/456] IMOB
[01:21:39] [316/456] CLMM
[01:21:40] [317/456] PZCD
[01:21:41] [318/456] GOCS
[01:21:42] [319/456] KCMA
[01:21:43] [320/456] CCMP
[01:21:44] 🔄 Identity reset
[01:21:44] 🔄 Identity rotated (every 10 requests)
[01:21:44] [321/456] MTSU
[01:21:45] [322/456] SNGL
[01:21:46] [323/456] MMMC
[01:21:47] [324/456] MMAA
[01:21:48] [325/456] GCDM
[01:21:49] [326/456] KTMV
[01:21:50] [327/456] AETE
[01:21:51] [328/456] OMCS
[01:21:52] [329/456] GDCD
[01:21:53] [330/456] NYMD
[01:21:53] 🔄 Identity reset
[01:21:54] 🔄 Identity rotated (every 10 requests)
[01:21:54] [331/456] RNCV
[01:21:55] [332/456] KKMT
[01:21:56] [333/456] GDTH
[01:21:57] [334/456] KMMV
[01:21:58] [335/456] NHCG
[01:21:59] [336/456] PJDW
[01:22:00] [337/456] MMCV
[01:22:01] [338/456] FQSA
[01:22:02] [339/456] KURL
[01:22:03] [340/456] NNNX
[01:22:03] 🔄 Identity reset
[01:22:03] 🔄 Identity rotated (every 10 requests)
[01:22:04] [341/456] AMAU
[01:22:05] [342/456] VVVM
[01:22:05] [343/456] VECU
[01:22:06] [344/456] WCVR
[01:22:07] [345/456] MTGG
[01:22:08] [346/456] SGTG
[01:22:09] [347/456] MNTG
[01:22:10] [348/456] JDDG
[01:22:11] [349/456] MBTK
[01:22:12] [350/456] SGCD
[01:22:12] 🔄 Identity reset
[01:22:12] 🔄 Identity rotated (every 10 requests)
[01:22:13] [351/456] MCTC
[01:22:13] [352/456] JTPC
[01:22:14] [353/456] SDKT
[01:22:15] [354/456] KRCC
[01:22:16] [355/456] RMMD
[01:22:16] [356/456] AAME
[01:22:17] [357/456] TMWC
[01:22:18] [358/456] NRWY
[01:22:19] [359/456] CITD
[01:22:20] [360/456] VERD
[01:22:20] 🔄 Identity reset
[01:22:20] 🔄 Identity rotated (every 10 requests)
[01:22:21] [361/456] MKSK
[01:22:22] [362/456] STSM
[01:22:22] [363/456] MJDG
[01:22:23] [364/456] RKPM
[01:22:24] [365/456] SSCE
[01:22:26] [366/456] VMAE
[01:22:27] [367/456] SBRU
[01:22:27] [368/456] AMBC
[01:22:28] [369/456] AMLU
[01:22:29] [370/456] INVZ
[01:22:30] 🔄 Identity reset
[01:22:30] 🔄 Identity rotated (every 10 requests)
[01:22:30] [371/456] LGTV
[01:22:31] [372/456] SVAD
[01:22:32] [373/456] SMSA
[01:22:33] [374/456] SPCZ
[01:22:34] [375/456] GTCX
[01:22:35] [376/456] SCSL
[01:22:37] [377/456] SAHU
[01:22:38] [378/456] NCDA
[01:22:39] [379/456] SCCG
[01:22:39] [380/456] VKTL
[01:22:40] 🔄 Identity reset
[01:22:40] 🔄 Identity rotated (every 10 requests)
[01:22:40] [381/456] PUUJ
[01:22:41] [382/456] STEJ
[01:22:42] [383/456] RJAL
[01:22:43] [384/456] ACJC
[01:22:44] [385/456] ARVB
[01:22:45] [386/456] AUBB
[01:22:46] [387/456] GDBR
[01:22:47] [388/456] PVND
[01:22:48] [389/456] BGRJ
[01:22:48] [390/456] RJMM
[01:22:49] 🔄 Identity reset
[01:22:49] 🔄 Identity rotated (every 10 requests)
[01:22:49] [391/456] MCSA
[01:22:50] [392/456] BODA
[01:22:51] [393/456] JAGG
[01:22:52] [394/456] SCGA
[01:22:53] [395/456] LRCM
[01:22:54] [396/456] CPCN
[01:22:55] [397/456] SSTF
[01:22:56] [398/456] SRXP
[01:22:57] [399/456] CNFX
[01:22:58] [400/456] ANDI
[01:22:59] 🔄 Identity reset
[01:22:59] 🔄 Identity rotated (every 10 requests)
[01:22:59] [401/456] SYEW
[01:23:00] [402/456] RCRE
[01:23:01] [403/456] SCRW
[01:23:02] [404/456] MBKR
[01:23:04] [405/456] ASNT
[01:23:06] [406/456] JTMT
[01:23:07] [407/456] SHAY
[01:23:08] [408/456] VRTH
[01:23:08] [409/456] SPTI
[01:23:09] [410/456] DPTD
[01:23:10] 🔄 Identity reset
[01:23:10] 🔄 Identity rotated (every 10 requests)
[01:23:10] [411/456] TGSN
[01:23:11] [412/456] RCWV
[01:23:12] [413/456] OCUR
[01:23:13] [414/456] KSTC
[01:23:14] [415/456] SANI
[01:23:15] [416/456] MLCA
[01:23:16] [417/456] EGCA
[01:23:17] [418/456] SYSN
[01:23:19] [419/456] PKTA
[01:23:20] [420/456] PRCC
[01:23:21] 🔄 Identity reset
[01:23:21] 🔄 Identity rotated (every 10 requests)
[01:23:21] [421/456] KSTR
[01:23:22] [422/456] SNTP
[01:23:23] [423/456] RCHA
[01:23:24] [424/456] SEEA
[01:23:25] [425/456] ALAT
[01:23:26] [426/456] AATV
[01:23:26] [427/456] RJTE
[01:23:27] [428/456] AAPP
[01:23:28] [429/456] PMMH
[01:23:29] [430/456] INRJ
[01:23:30] 🔄 Identity reset
[01:23:30] 🔄 Identity rotated (every 10 requests)
[01:23:30] [431/456] SARB
[01:23:32] [432/456] PCJL
[01:23:32] [433/456] PFJJ
[01:23:33] [434/456] GRDC
[01:23:34] [435/456] BCBA
[01:23:35] [436/456] VIXL
[01:23:36] [437/456] CSTL
[01:23:37] [438/456] MTDK
[01:23:38] [439/456] TDAC
[01:23:38] [440/456] GTDN
[01:23:39] 🔄 Identity reset
[01:23:39] 🔄 Identity rotated (every 10 requests)
[01:23:39] [441/456] TTDE
[01:23:40] [442/456] ASTS
[01:23:41] [443/456] CPNS
[01:23:42] [444/456] PVVW
[01:23:43] [445/456] USEB
[01:23:44] [446/456] DTYN
[01:23:45] [447/456] PVLE
[01:23:47] [448/456] CIPS
[01:23:48] [449/456] PAEG
[01:23:49] [450/456] PTCW
[01:23:49] 🔄 Identity reset
[01:23:49] 🔄 Identity rotated (every 10 requests)
[01:23:50] [451/456] G3SR
[01:23:51] [452/456] PGND
[01:23:51] [453/456] INVM
[01:23:52] [454/456] SPIA
[01:23:54] [455/456] PCSN
[01:23:55] [456/456] PPGV
[01:23:56] ✅ DONE | Shows=53 | Movies=3
