[00:16:10] 🚀 BMS DAILY TRACKER STARTED (enhanced anti‑detection)
[00:16:10] [1/456] FNDB
[00:16:11] 🧠 New identity created
[00:16:11] [2/456] AMBH
[00:16:12] [3/456] PRHN
[00:16:13] [4/456] ACPM
[00:16:15] [5/456] PVFS
[00:16:15] [6/456] AACN
[00:16:16] [7/456] ACAS
[00:16:17] [8/456] CTNR
[00:16:18] [9/456] MMAH
[00:16:19] [10/456] CPMH
[00:16:20] 🔄 Identity reset
[00:16:20] 🔄 Identity rotated (every 10 requests)
[00:16:20] [11/456] IGMH
[00:16:21] [12/456] ABCS
[00:16:22] [13/456] CMMA
[00:16:23] [14/456] GPRH
[00:16:23] [15/456] PNNG
[00:16:24] [16/456] AMCA
[00:16:25] [17/456] ISTN
[00:16:26] [18/456] PIIC
[00:16:27] [19/456] AHMH
[00:16:28] [20/456] ASHN
[00:16:29] 🔄 Identity reset
[00:16:29] 🔄 Identity rotated (every 10 requests)
[00:16:29] [21/456] INHY
[00:16:30] [22/456] SRMO
[00:16:30] [23/456] PIMH
[00:16:31] [24/456] PVTS
[00:16:32] [25/456] MMCA
[00:16:33] [26/456] AKYJ
[00:16:34] [27/456] BRKH
[00:16:35] [28/456] MAHM
[00:16:35] [29/456] CPHY
[00:16:36] [30/456] PVTP
[00:16:37] 🔄 Identity reset
[00:16:37] 🔄 Identity rotated (every 10 requests)
[00:16:37] 🔄 Retry 1/5 for PVTP in 2.7s
[00:16:37] 🔄 Identity reset
[00:16:40] 🧠 New identity created
[00:16:40] [31/456] SMMR
[00:16:41] [32/456] PVHM
[00:16:42] [33/456] SNDY
[00:16:43] [34/456] GOKU
[00:16:43] [35/456] ACEV
[00:16:44] [36/456] PVUM
[00:16:45] [37/456] VSWA
[00:16:47] [38/456] IPRS
[00:16:48] [39/456] BKMV
[00:16:48] 🔄 Identity reset
[00:16:48] 🔄 Identity rotated (every 10 requests)
[00:16:49] [40/456] PVYH
[00:16:50] [41/456] INKM
[00:16:51] [42/456] ARJU
[00:16:51] [43/456] JJPP
[00:16:52] [44/456] SSRM
[00:16:53] [45/456] HMHD
[00:16:54] [46/456] SNKH
[00:16:55] [47/456] ACHI
[00:16:56] [48/456] MRAA
[00:16:57] [49/456] INMH
[00:16:57] 🔄 Identity reset
[00:16:57] 🔄 Identity rotated (every 10 requests)
[00:16:57] [50/456] ARMH
[00:16:58] [51/456] DVRR
[00:16:59] [52/456] SUDA
[00:17:00] [53/456] MCSS
[00:17:02] [54/456] VRKC
[00:17:03] [55/456] PRCX
[00:17:03] [56/456] ASJY
[00:17:04] [57/456] MTHY
[00:17:05] [58/456] SRCM
[00:17:06] [59/456] TVHY
[00:17:06] 🔄 Identity reset
[00:17:06] 🔄 Identity rotated (every 10 requests)
[00:17:06] [60/456] STHD
[00:17:07] [61/456] CPCL
[00:17:08] [62/456] PSMJ
[00:17:09] [63/456] MRGT
[00:17:10] [64/456] ARYH
[00:17:10] [65/456] VTRB
[00:17:11] [66/456] SCHC
[00:17:12] [67/456] MRRG
[00:17:13] [68/456] SPCB
[00:17:14] [69/456] AMCM
[00:17:15] 🔄 Identity reset
[00:17:15] 🔄 Identity rotated (every 10 requests)
[00:17:15] 🔄 Retry 1/5 for AMCM in 2.8s
[00:17:15] 🔄 Identity reset
[00:17:18] 🧠 New identity created
[00:17:18] [70/456] IVNM
[00:17:19] [71/456] TRHY
[00:17:20] [72/456] PTTH
[00:17:21] [73/456] RKMH
[00:17:21] [74/456] PRCS
[00:17:23] [75/456] VAJA
[00:17:23] [76/456] BJNG
[00:17:24] [77/456] SCVM
[00:17:25] [78/456] GNHB
[00:17:25] 🔄 Identity reset
[00:17:25] 🔄 Identity rotated (every 10 requests)
[00:17:26] [79/456] TLUR
[00:17:27] [80/456] UKCC
[00:17:28] [81/456] SRKR
[00:17:28] [82/456] RMKN
[00:17:29] [83/456] SLRT
[00:17:30] [84/456] LKMT
[00:17:31] [85/456] SSRJ
[00:17:32] [86/456] SPHT
[00:17:33] [87/456] ANTT
[00:17:34] [88/456] SRCH
[00:17:34] 🔄 Identity reset
[00:17:34] 🔄 Identity rotated (every 10 requests)
[00:17:35] [89/456] SRCA
[00:17:36] [90/456] ARTH
[00:17:37] [91/456] MCBH
[00:17:37] [92/456] SNIB
[00:17:38] [93/456] SART
[00:17:39] [94/456] SKTA
[00:17:39] [95/456] YAKT
[00:17:40] [96/456] MLCK
[00:17:41] [97/456] ANTS
[00:17:42] [98/456] DGCA
[00:17:42] 🔄 Identity reset
[00:17:42] 🔄 Identity rotated (every 10 requests)
[00:17:42] [99/456] SGMP
[00:17:43] [100/456] ASWN
[00:17:44] [101/456] KFVU
[00:17:45] [102/456] POOR
[00:17:46] [103/456] GKDN
[00:17:47] [104/456] EOSE
[00:17:48] [105/456] GTTT
[00:17:49] [106/456] ARRO
[00:17:49] [107/456] CMMK
[00:17:50] [108/456] MSCN
[00:17:51] 🔄 Identity reset
[00:17:51] 🔄 Identity rotated (every 10 requests)
[00:17:51] [109/456] GDKH
[00:17:52] [110/456] DLMT
[00:17:53] [111/456] PVMF
[00:17:54] [112/456] CPCK
[00:17:55] [113/456] VMHE
[00:17:56] [114/456] PVLC
[00:17:57] [115/456] PCVB
[00:17:59] [116/456] SNYK
[00:18:00] [117/456] KTEK
[00:18:01] [118/456] PCNM
[00:18:02] 🔄 Identity reset
[00:18:02] 🔄 Identity rotated (every 10 requests)
[00:18:03] [119/456] NTTR
[00:18:04] [120/456] CPSK
[00:18:04] [121/456] JMMA
[00:18:05] [122/456] GCFK
[00:18:06] [123/456] MYCA
[00:18:06] [124/456] KSNP
[00:18:07] [125/456] PMCE
[00:18:08] [126/456] SCKI
[00:18:09] [127/456] FSMA
[00:18:10] [128/456] CETA
[00:18:10] 🔄 Identity reset
[00:18:10] 🔄 Identity rotated (every 10 requests)
[00:18:10] 🔄 Retry 1/5 for CETA in 2.1s
[00:18:10] 🔄 Identity reset
[00:18:13] 🧠 New identity created
[00:18:13] [129/456] MCIK
[00:18:14] [130/456] MYCR
[00:18:15] [131/456] EVMP
[00:18:15] [132/456] SSGT
[00:18:16] [133/456] KCTK
[00:18:17] [134/456] ZTKC
[00:18:17] [135/456] MMTA
[00:18:18] [136/456] MAJT
[00:18:19] [137/456] ACPK
[00:18:20] 🔄 Identity reset
[00:18:20] 🔄 Identity rotated (every 10 requests)
[00:18:20] [138/456] JMAX
[00:18:22] [139/456] SETK
[00:18:22] [140/456] CAIS
[00:18:23] [141/456] AGCD
[00:18:24] [142/456] URCL
[00:18:25] [143/456] VTDS
[00:18:26] [144/456] JCNM
[00:18:26] [145/456] KCAM
[00:18:27] [146/456] ADCU
[00:18:28] [147/456] GXYN
[00:18:28] 🔄 Identity reset
[00:18:28] 🔄 Identity rotated (every 10 requests)
[00:18:29] [148/456] SMJG
[00:18:30] [149/456] EYCJ
[00:18:30] [150/456] CCEJ
[00:18:31] [151/456] MARS
[00:18:32] [152/456] CPVJ
[00:18:33] [153/456] INVP
[00:18:34] [154/456] CPOV
[00:18:34] [155/456] VIJK
[00:18:35] [156/456] LAIM
[00:18:36] [157/456] STHV
[00:18:37] 🔄 Identity reset
[00:18:37] 🔄 Identity rotated (every 10 requests)
[00:18:37] [158/456] SVLJ
[00:18:37] [159/456] ATVJ
[00:18:38] [160/456] JTSC
[00:18:39] [161/456] RMTV
[00:18:40] [162/456] MGGG
[00:18:41] [163/456] SWTH
[00:18:42] [164/456] INVJ
[00:18:42] [165/456] PRSV
[00:18:43] [166/456] JATV
[00:18:43] [167/456] RCVD
[00:18:44] 🔄 Identity reset
[00:18:44] 🔄 Identity rotated (every 10 requests)
[00:18:44] [168/456] BDMA
[00:18:45] [169/456] BLJI
[00:18:46] [170/456] SWOT
[00:18:47] [171/456] SWRN
[00:18:48] [172/456] TVRA
[00:18:48] [173/456] NVRN
[00:18:49] [174/456] SIKC
[00:18:50] [175/456] VAKR
[00:18:51] [176/456] SYLN
[00:18:52] [177/456] KLJL
[00:18:52] 🔄 Identity reset
[00:18:52] 🔄 Identity rotated (every 10 requests)
[00:18:53] [178/456] LKMY
[00:18:53] [179/456] VSLY
[00:18:54] [180/456] CIKO
[00:18:55] [181/456] GPBG
[00:18:56] [182/456] CECM
[00:18:57] [183/456] SLKB
[00:18:58] [184/456] MTBO
[00:18:59] [185/456] SSHB
[00:19:00] [186/456] VPCS
[00:19:01] [187/456] RCSR
[00:19:01] 🔄 Identity reset
[00:19:01] 🔄 Identity rotated (every 10 requests)
[00:19:02] 🔄 Retry 1/5 for RCSR in 2.5s
[00:19:02] 🔄 Identity reset
[00:19:04] 🧠 New identity created
[00:19:04] [188/456] RJRM
[00:19:05] [189/456] KPPB
[00:19:06] [190/456] SEDC
[00:19:06] [191/456] SCAI
[00:19:07] [192/456] RMTR
[00:19:08] [193/456] ASST
[00:19:10] [194/456] GCAK
[00:19:10] [195/456] ANNK
[00:19:11] [196/456] KDDF
[00:19:12] 🔄 Identity reset
[00:19:12] 🔄 Identity rotated (every 10 requests)
[00:19:12] [197/456] NRDP
[00:19:13] [198/456] PLAK
[00:19:13] [199/456] GCMC
[00:19:14] [200/456] ALPY
[00:19:15] [201/456] SICE
[00:19:15] [202/456] SISR
[00:19:16] [203/456] SRPZ
[00:19:17] [204/456] SRSW
[00:19:18] [205/456] SUYA
[00:19:19] [206/456] AMMT
[00:19:19] 🔄 Identity reset
[00:19:19] 🔄 Identity rotated (every 10 requests)
[00:19:20] [207/456] BHCU
[00:19:21] [208/456] KLPA
[00:19:21] [209/456] NVKH
[00:19:23] [210/456] JMRC
[00:19:24] [211/456] KTTT
[00:19:25] [212/456] MAGH
[00:19:26] [213/456] MMMX
[00:19:26] [214/456] SALJ
[00:19:27] [215/456] GTJA
[00:19:28] [216/456] MAHT
[00:19:29] 🔄 Identity reset
[00:19:29] 🔄 Identity rotated (every 10 requests)
[00:19:29] [217/456] SSNN
[00:19:30] [218/456] ARRP
[00:19:30] [219/456] ATNS
[00:19:31] [220/456] SKDT
[00:19:32] [221/456] ACAT
[00:19:33] [222/456] APRC
[00:19:33] [223/456] SWAG
[00:19:34] [224/456] SDPT
[00:19:34] [225/456] STPS
[00:19:35] [226/456] WWCZ
[00:19:36] 🔄 Identity reset
[00:19:36] 🔄 Identity rotated (every 10 requests)
[00:19:36] [227/456] LLCH
[00:19:37] [228/456] MZHA
[00:19:38] [229/456] CRJG
[00:19:39] [230/456] JGTK
[00:19:40] [231/456] KCSR
[00:19:40] [232/456] CHTL
[00:19:41] [233/456] EDSR
[00:19:42] [234/456] CSWO
[00:19:43] [235/456] CPVM
[00:19:43] [236/456] MXBY
[00:19:44] 🔄 Identity reset
[00:19:44] 🔄 Identity rotated (every 10 requests)
[00:19:44] [237/456] FMMA
[00:19:45] [238/456] POVI
[00:19:45] [239/456] MTHB
[00:19:46] [240/456] INRC
[00:19:47] [241/456] PIPP
[00:19:48] [242/456] BMXC
[00:19:49] [243/456] PCMM
[00:19:50] [244/456] PMKM
[00:19:51] [245/456] GATY
[00:19:52] [246/456] IMCM
[00:19:53] 🔄 Identity reset
[00:19:53] 🔄 Identity rotated (every 10 requests)
[00:19:53] [247/456] POPE
[00:19:54] [248/456] MTCR
[00:19:55] [249/456] PVAE
[00:19:55] [250/456] PVMI
[00:19:56] [251/456] CPNM
[00:19:57] [252/456] FMRL
[00:19:57] [253/456] MCIW
[00:19:58] [254/456] MXBO
[00:19:59] [255/456] FMKY
[00:20:00] [256/456] FMDA
[00:20:00] 🔄 Identity reset
[00:20:00] 🔄 Identity rotated (every 10 requests)
[00:20:00] [257/456] THAB
[00:20:02] [258/456] PRCW
[00:20:02] [259/456] PITI
[00:20:03] [260/456] MCFF
[00:20:04] [261/456] PDDV
[00:20:05] [262/456] MCRM
[00:20:05] [263/456] KKMB
[00:20:06] [264/456] INKO
[00:20:07] [265/456] PLXP
[00:20:07] [266/456] MMHA
[00:20:08] 🔄 Identity reset
[00:20:08] 🔄 Identity rotated (every 10 requests)
[00:20:09] [267/456] FMVS
[00:20:09] [268/456] POLM
[00:20:11] [269/456] STER
[00:20:12] [270/456] PVWJ
[00:20:13] [271/456] IMJW
[00:20:13] [272/456] FNAN
[00:20:14] [273/456] CAGL
[00:20:16] [274/456] IPBG
[00:20:17] [275/456] SMFV
[00:20:17] [276/456] MMMR
[00:20:18] 🔄 Identity reset
[00:20:18] 🔄 Identity rotated (every 10 requests)
[00:20:18] [277/456] MMWM
[00:20:19] [278/456] FNCM
[00:20:20] [279/456] MDVA
[00:20:21] [280/456] MMET
[00:20:22] [281/456] MIDO
[00:20:23] [282/456] INNP
[00:20:23] [283/456] MIFU
[00:20:24] [284/456] MMSZ
[00:20:24] [285/456] BMXA
[00:20:25] [286/456] MCAA
[00:20:26] 🔄 Identity reset
[00:20:26] 🔄 Identity rotated (every 10 requests)
[00:20:26] [287/456] SCVP
[00:20:27] [288/456] PLUS
[00:20:27] [289/456] MUCK
[00:20:28] [290/456] MTMA
[00:20:29] [291/456] HPVR
[00:20:30] [292/456] PMPK
[00:20:31] [293/456] MAJB
[00:20:32] [294/456] CTRR
[00:20:33] [295/456] MCTG
[00:20:34] [296/456] MACE
[00:20:34] 🔄 Identity reset
[00:20:34] 🔄 Identity rotated (every 10 requests)
[00:20:34] 🔄 Retry 1/5 for MACE in 2.9s
[00:20:34] 🔄 Identity reset
[00:20:37] 🧠 New identity created
[00:20:38] [297/456] AAAS
[00:20:39] [298/456] CPVV
[00:20:40] [299/456] RCHG
[00:20:41] [300/456] MCNE
[00:20:42] [301/456] EMNC
[00:20:42] [302/456] MCAN
[00:20:43] [303/456] TCDM
[00:20:44] [304/456] IRGT
[00:20:44] [305/456] GCMG
[00:20:45] 🔄 Identity reset
[00:20:45] 🔄 Identity rotated (every 10 requests)
[00:20:46] [306/456] MXSN
[00:20:47] [307/456] MXCK
[00:20:48] [308/456] MCRC
[00:20:48] [309/456] RSMI
[00:20:49] [310/456] WAML
[00:20:50] [311/456] MTSC
[00:20:51] [312/456] FMDR
[00:20:52] [313/456] LEPV
[00:20:53] [314/456] MTGD
[00:20:54] [315/456] IMOB
[00:20:55] 🔄 Identity reset
[00:20:55] 🔄 Identity rotated (every 10 requests)
[00:20:55] [316/456] CLMM
[00:20:55] [317/456] PZCD
[00:20:56] [318/456] GOCS
[00:20:57] [319/456] KCMA
[00:20:58] [320/456] CCMP
[00:20:59] [321/456] MTSU
[00:20:59] [322/456] SNGL
[00:21:00] [323/456] MMMC
[00:21:01] [324/456] MMAA
[00:21:02] [325/456] GCDM
[00:21:02] 🔄 Identity reset
[00:21:02] 🔄 Identity rotated (every 10 requests)
[00:21:02] [326/456] KTMV
[00:21:03] [327/456] AETE
[00:21:04] [328/456] OMCS
[00:21:05] [329/456] GDCD
[00:21:06] [330/456] NYMD
[00:21:07] [331/456] RNCV
[00:21:07] [332/456] KKMT
[00:21:08] [333/456] GDTH
[00:21:09] [334/456] KMMV
[00:21:11] [335/456] NHCG
[00:21:11] 🔄 Identity reset
[00:21:11] 🔄 Identity rotated (every 10 requests)
[00:21:12] [336/456] PJDW
[00:21:13] [337/456] MMCV
[00:21:14] [338/456] FQSA
[00:21:14] [339/456] KURL
[00:21:15] [340/456] NNNX
[00:21:15] [341/456] AMAU
[00:21:16] [342/456] VVVM
[00:21:17] [343/456] VECU
[00:21:18] [344/456] WCVR
[00:21:19] [345/456] MTGG
[00:21:20] 🔄 Identity reset
[00:21:20] 🔄 Identity rotated (every 10 requests)
[00:21:20] [346/456] SGTG
[00:21:22] [347/456] MNTG
[00:21:22] [348/456] JDDG
[00:21:23] [349/456] MBTK
[00:21:24] [350/456] SGCD
[00:21:25] [351/456] MCTC
[00:21:26] [352/456] JTPC
[00:21:27] [353/456] SDKT
[00:21:28] [354/456] KRCC
[00:21:28] [355/456] RMMD
[00:21:29] 🔄 Identity reset
[00:21:29] 🔄 Identity rotated (every 10 requests)
[00:21:29] [356/456] AAME
[00:21:30] [357/456] TMWC
[00:21:31] [358/456] NRWY
[00:21:32] [359/456] CITD
[00:21:33] [360/456] VERD
[00:21:34] [361/456] MKSK
[00:21:35] [362/456] STSM
[00:21:35] [363/456] MJDG
[00:21:37] [364/456] RKPM
[00:21:38] [365/456] SSCE
[00:21:38] 🔄 Identity reset
[00:21:38] 🔄 Identity rotated (every 10 requests)
[00:21:38] [366/456] VMAE
[00:21:39] [367/456] SBRU
[00:21:40] [368/456] AMBC
[00:21:41] [369/456] AMLU
[00:21:41] [370/456] INVZ
[00:21:42] [371/456] LGTV
[00:21:43] [372/456] SVAD
[00:21:44] [373/456] SMSA
[00:21:45] [374/456] SPCZ
[00:21:46] [375/456] GTCX
[00:21:46] 🔄 Identity reset
[00:21:46] 🔄 Identity rotated (every 10 requests)
[00:21:47] [376/456] SCSL
[00:21:47] [377/456] SAHU
[00:21:48] [378/456] NCDA
[00:21:49] [379/456] SCCG
[00:21:50] [380/456] VKTL
[00:21:50] [381/456] PUUJ
[00:21:51] [382/456] STEJ
[00:21:52] [383/456] RJAL
[00:21:53] [384/456] ACJC
[00:21:54] [385/456] ARVB
[00:21:54] 🔄 Identity reset
[00:21:54] 🔄 Identity rotated (every 10 requests)
[00:21:55] [386/456] AUBB
[00:21:55] [387/456] GDBR
[00:21:56] [388/456] PVND
[00:21:57] [389/456] BGRJ
[00:21:58] [390/456] RJMM
[00:21:59] [391/456] MCSA
[00:21:59] [392/456] BODA
[00:22:00] [393/456] JAGG
[00:22:01] [394/456] SCGA
[00:22:01] [395/456] LRCM
[00:22:02] 🔄 Identity reset
[00:22:02] 🔄 Identity rotated (every 10 requests)
[00:22:02] [396/456] CPCN
[00:22:03] [397/456] SSTF
[00:22:05] [398/456] SRXP
[00:22:06] [399/456] CNFX
[00:22:06] [400/456] ANDI
[00:22:07] [401/456] SYEW
[00:22:08] [402/456] RCRE
[00:22:09] [403/456] SCRW
[00:22:10] [404/456] MBKR
[00:22:11] [405/456] ASNT
[00:22:12] 🔄 Identity reset
[00:22:12] 🔄 Identity rotated (every 10 requests)
[00:22:12] [406/456] JTMT
[00:22:13] [407/456] SHAY
[00:22:14] [408/456] VRTH
[00:22:15] [409/456] SPTI
[00:22:16] [410/456] DPTD
[00:22:16] [411/456] TGSN
[00:22:17] [412/456] RCWV
[00:22:18] [413/456] OCUR
[00:22:19] [414/456] KSTC
[00:22:20] [415/456] SANI
[00:22:20] 🔄 Identity reset
[00:22:20] 🔄 Identity rotated (every 10 requests)
[00:22:21] [416/456] MLCA
[00:22:21] [417/456] EGCA
[00:22:22] [418/456] SYSN
[00:22:23] [419/456] PKTA
[00:22:25] [420/456] PRCC
[00:22:25] [421/456] KSTR
[00:22:26] [422/456] SNTP
[00:22:27] [423/456] RCHA
[00:22:28] [424/456] SEEA
[00:22:29] [425/456] ALAT
[00:22:29] 🔄 Identity reset
[00:22:29] 🔄 Identity rotated (every 10 requests)
[00:22:30] [426/456] AATV
[00:22:31] [427/456] RJTE
[00:22:32] [428/456] AAPP
[00:22:33] [429/456] PMMH
[00:22:34] [430/456] INRJ
[00:22:35] [431/456] SARB
[00:22:36] [432/456] PCJL
[00:22:36] [433/456] PFJJ
[00:22:37] [434/456] GRDC
[00:22:38] [435/456] BCBA
[00:22:39] 🔄 Identity reset
[00:22:39] 🔄 Identity rotated (every 10 requests)
[00:22:39] [436/456] VIXL
[00:22:40] [437/456] CSTL
[00:22:40] [438/456] MTDK
[00:22:41] [439/456] TDAC
[00:22:42] [440/456] GTDN
[00:22:43] [441/456] TTDE
[00:22:44] [442/456] ASTS
[00:22:44] [443/456] CPNS
[00:22:45] [444/456] PVVW
[00:22:46] [445/456] USEB
[00:22:47] 🔄 Identity reset
[00:22:47] 🔄 Identity rotated (every 10 requests)
[00:22:47] [446/456] DTYN
[00:22:47] [447/456] PVLE
[00:22:48] [448/456] CIPS
[00:22:49] [449/456] PAEG
[00:22:50] [450/456] PTCW
[00:22:51] [451/456] G3SR
[00:22:52] [452/456] PGND
[00:22:53] [453/456] INVM
[00:22:54] [454/456] SPIA
[00:22:55] [455/456] PCSN
[00:22:55] 🔄 Identity reset
[00:22:55] 🔄 Identity rotated (every 10 requests)
[00:22:56] [456/456] PPGV
[00:22:56] ✅ DONE | Shows=0 | Movies=0
[00:58:09] 🚀 BMS DAILY TRACKER STARTED (enhanced anti‑detection)
[00:58:09] [1/456] FNDB
[00:58:10] 🧠 New identity created
[00:58:10] [2/456] AMBH
[00:58:11] [3/456] PRHN
[00:58:12] [4/456] ACPM
[00:58:13] [5/456] PVFS
[00:58:14] [6/456] AACN
[00:58:14] [7/456] ACAS
[00:58:15] [8/456] CTNR
[00:58:16] [9/456] MMAH
[00:58:17] [10/456] CPMH
[00:58:18] 🔄 Identity reset
[00:58:18] 🔄 Identity rotated (every 10 requests)
[00:58:18] 🔄 Retry 1/5 for CPMH in 2.9s
[00:58:18] 🔄 Identity reset
[00:58:21] 🧠 New identity created
[00:58:21] [11/456] IGMH
[00:58:23] [12/456] ABCS
[00:58:24] [13/456] CMMA
[00:58:25] [14/456] GPRH
[00:58:26] [15/456] PNNG
[00:58:27] [16/456] AMCA
[00:58:27] [17/456] ISTN
[00:58:28] [18/456] PIIC
[00:58:29] [19/456] AHMH
[00:58:30] 🔄 Identity reset
[00:58:30] 🔄 Identity rotated (every 10 requests)
[00:58:31] [20/456] ASHN
[00:58:32] [21/456] INHY
[00:58:33] [22/456] SRMO
[00:58:34] [23/456] PIMH
[00:58:35] [24/456] PVTS
[00:58:35] [25/456] MMCA
[00:58:36] [26/456] AKYJ
[00:58:37] [27/456] BRKH
[00:58:38] [28/456] MAHM
[00:58:39] [29/456] CPHY
[00:58:39] 🔄 Identity reset
[00:58:39] 🔄 Identity rotated (every 10 requests)
[00:58:39] 🔄 Retry 1/5 for CPHY in 2.2s
[00:58:39] 🔄 Identity reset
[00:58:41] 🧠 New identity created
[00:58:41] 🔄 Retry 2/5 for CPHY in 4.3s
[00:58:41] 🔄 Identity reset
[00:58:46] 🧠 New identity created
[00:58:46] [30/456] PVTP
[00:58:47] [31/456] SMMR
[00:58:48] [32/456] PVHM
[00:58:49] [33/456] SNDY
[00:58:49] [34/456] GOKU
[00:58:51] [35/456] ACEV
[00:58:52] [36/456] PVUM
[00:58:53] [37/456] VSWA
[00:58:53] 🔄 Identity reset
[00:58:53] 🔄 Identity rotated (every 10 requests)
[00:58:54] [38/456] IPRS
[00:58:55] [39/456] BKMV
[00:58:56] [40/456] PVYH
[00:58:56] [41/456] INKM
[00:58:57] [42/456] ARJU
[00:58:58] [43/456] JJPP
[00:59:00] [44/456] SSRM
[00:59:01] [45/456] HMHD
[00:59:01] [46/456] SNKH
[00:59:02] [47/456] ACHI
[00:59:03] 🔄 Identity reset
[00:59:03] 🔄 Identity rotated (every 10 requests)
[00:59:03] [48/456] MRAA
[00:59:04] [49/456] INMH
[00:59:05] [50/456] ARMH
[00:59:06] [51/456] DVRR
[00:59:07] [52/456] SUDA
[00:59:08] [53/456] MCSS
[00:59:09] [54/456] VRKC
[00:59:10] [55/456] PRCX
[00:59:11] [56/456] ASJY
[00:59:12] [57/456] MTHY
[00:59:13] 🔄 Identity reset
[00:59:13] 🔄 Identity rotated (every 10 requests)
[00:59:14] [58/456] SRCM
[00:59:14] [59/456] TVHY
[00:59:15] [60/456] STHD
[00:59:16] [61/456] CPCL
[00:59:17] [62/456] PSMJ
[00:59:18] [63/456] MRGT
[00:59:19] [64/456] ARYH
[00:59:20] [65/456] VTRB
[00:59:21] [66/456] SCHC
[00:59:22] [67/456] MRRG
[00:59:23] 🔄 Identity reset
[00:59:23] 🔄 Identity rotated (every 10 requests)
[00:59:23] [68/456] SPCB
[00:59:24] [69/456] AMCM
[00:59:25] [70/456] IVNM
[00:59:26] [71/456] TRHY
[00:59:27] [72/456] PTTH
[00:59:28] [73/456] RKMH
[00:59:29] [74/456] PRCS
[00:59:29] [75/456] VAJA
[00:59:30] [76/456] BJNG
[00:59:31] [77/456] SCVM
[00:59:32] 🔄 Identity reset
[00:59:32] 🔄 Identity rotated (every 10 requests)
[00:59:32] [78/456] GNHB
[00:59:33] [79/456] TLUR
[00:59:34] [80/456] UKCC
[00:59:35] [81/456] SRKR
[00:59:35] [82/456] RMKN
[00:59:36] [83/456] SLRT
[00:59:37] [84/456] LKMT
[00:59:38] [85/456] SSRJ
[00:59:39] [86/456] SPHT
[00:59:40] [87/456] ANTT
[00:59:40] 🔄 Identity reset
[00:59:40] 🔄 Identity rotated (every 10 requests)
[00:59:40] [88/456] SRCH
[00:59:41] [89/456] SRCA
[00:59:42] [90/456] ARTH
[00:59:43] [91/456] MCBH
[00:59:44] [92/456] SNIB
[00:59:45] [93/456] SART
[00:59:46] [94/456] SKTA
[00:59:46] [95/456] YAKT
[00:59:48] [96/456] MLCK
[00:59:49] [97/456] ANTS
[00:59:50] 🔄 Identity reset
[00:59:50] 🔄 Identity rotated (every 10 requests)
[00:59:50] [98/456] DGCA
[00:59:52] [99/456] SGMP
[00:59:52] [100/456] ASWN
[00:59:53] [101/456] KFVU
[00:59:54] [102/456] POOR
[00:59:55] [103/456] GKDN
[00:59:56] [104/456] EOSE
[00:59:57] [105/456] GTTT
[00:59:58] [106/456] ARRO
[00:59:59] [107/456] CMMK
[01:00:00] 🔄 Identity reset
[01:00:00] 🔄 Identity rotated (every 10 requests)
[01:00:00] [108/456] MSCN
[01:00:01] [109/456] GDKH
[01:00:02] [110/456] DLMT
[01:00:02] [111/456] PVMF
[01:00:03] [112/456] CPCK
[01:00:04] [113/456] VMHE
[01:00:05] [114/456] PVLC
[01:00:06] [115/456] PCVB
[01:00:07] [116/456] SNYK
[01:00:08] [117/456] KTEK
[01:00:08] 🔄 Identity reset
[01:00:08] 🔄 Identity rotated (every 10 requests)
[01:00:09] [118/456] PCNM
[01:00:10] [119/456] NTTR
[01:00:11] [120/456] CPSK
[01:00:11] [121/456] JMMA
[01:00:12] [122/456] GCFK
[01:00:14] [123/456] MYCA
[01:00:14] [124/456] KSNP
[01:00:15] [125/456] PMCE
[01:00:16] [126/456] SCKI
[01:00:18] [127/456] FSMA
[01:00:18] 🔄 Identity reset
[01:00:18] 🔄 Identity rotated (every 10 requests)
[01:00:19] [128/456] CETA
[01:00:20] [129/456] MCIK
[01:00:21] [130/456] MYCR
[01:00:22] [131/456] EVMP
[01:00:23] [132/456] SSGT
[01:00:24] [133/456] KCTK
[01:00:25] [134/456] ZTKC
[01:00:26] [135/456] MMTA
[01:00:27] [136/456] MAJT
[01:00:27] [137/456] ACPK
[01:00:28] 🔄 Identity reset
[01:00:28] 🔄 Identity rotated (every 10 requests)
[01:00:28] [138/456] JMAX
[01:00:29] [139/456] SETK
[01:00:30] [140/456] CAIS
[01:00:31] [141/456] AGCD
[01:00:32] [142/456] URCL
[01:00:33] [143/456] VTDS
[01:00:34] [144/456] JCNM
[01:00:35] [145/456] KCAM
[01:00:35] [146/456] ADCU
[01:00:36] [147/456] GXYN
[01:00:37] 🔄 Identity reset
[01:00:37] 🔄 Identity rotated (every 10 requests)
[01:00:37] [148/456] SMJG
[01:00:39] [149/456] EYCJ
[01:00:40] [150/456] CCEJ
[01:00:41] [151/456] MARS
[01:00:42] [152/456] CPVJ
[01:00:43] [153/456] INVP
[01:00:44] [154/456] CPOV
[01:00:45] [155/456] VIJK
[01:00:46] [156/456] LAIM
[01:00:47] [157/456] STHV
[01:00:48] 🔄 Identity reset
[01:00:48] 🔄 Identity rotated (every 10 requests)
[01:00:48] [158/456] SVLJ
[01:00:49] [159/456] ATVJ
[01:00:50] [160/456] JTSC
[01:00:51] [161/456] RMTV
[01:00:52] [162/456] MGGG
[01:00:53] [163/456] SWTH
[01:00:53] [164/456] INVJ
[01:00:54] [165/456] PRSV
[01:00:55] [166/456] JATV
[01:00:56] [167/456] RCVD
[01:00:57] 🔄 Identity reset
[01:00:57] 🔄 Identity rotated (every 10 requests)
[01:00:57] [168/456] BDMA
[01:01:00] [169/456] BLJI
[01:01:01] [170/456] SWOT
[01:01:02] [171/456] SWRN
[01:01:03] [172/456] TVRA
[01:01:04] [173/456] NVRN
[01:01:05] [174/456] SIKC
[01:01:06] [175/456] VAKR
[01:01:06] [176/456] SYLN
[01:01:07] [177/456] KLJL
[01:01:08] 🔄 Identity reset
[01:01:08] 🔄 Identity rotated (every 10 requests)
[01:01:08] 🔄 Retry 1/5 for KLJL in 2.0s
[01:01:08] 🔄 Identity reset
[01:01:10] 🧠 New identity created
[01:01:11] [178/456] LKMY
[01:01:13] [179/456] VSLY
[01:01:14] [180/456] CIKO
[01:01:15] [181/456] GPBG
[01:01:15] [182/456] CECM
[01:01:16] [183/456] SLKB
[01:01:17] [184/456] MTBO
[01:01:18] [185/456] SSHB
[01:01:19] [186/456] VPCS
[01:01:20] 🔄 Identity reset
[01:01:20] 🔄 Identity rotated (every 10 requests)
[01:01:20] [187/456] RCSR
[01:01:21] [188/456] RJRM
[01:01:22] [189/456] KPPB
[01:01:23] [190/456] SEDC
[01:01:24] [191/456] SCAI
[01:01:25] [192/456] RMTR
[01:01:26] [193/456] ASST
[01:01:27] [194/456] GCAK
[01:01:28] [195/456] ANNK
[01:01:29] [196/456] KDDF
[01:01:30] 🔄 Identity reset
[01:01:30] 🔄 Identity rotated (every 10 requests)
[01:01:31] [197/456] NRDP
[01:01:31] [198/456] PLAK
[01:01:32] [199/456] GCMC
[01:01:34] [200/456] ALPY
[01:01:35] [201/456] SICE
[01:01:36] [202/456] SISR
[01:01:36] [203/456] SRPZ
[01:01:37] [204/456] SRSW
[01:01:38] [205/456] SUYA
[01:01:39] [206/456] AMMT
[01:01:40] 🔄 Identity reset
[01:01:40] 🔄 Identity rotated (every 10 requests)
[01:01:40] [207/456] BHCU
[01:01:41] [208/456] KLPA
[01:01:42] [209/456] NVKH
[01:01:43] [210/456] JMRC
[01:01:44] [211/456] KTTT
[01:01:45] [212/456] MAGH
[01:01:46] [213/456] MMMX
[01:01:47] [214/456] SALJ
[01:01:47] [215/456] GTJA
[01:01:49] [216/456] MAHT
[01:01:50] 🔄 Identity reset
[01:01:50] 🔄 Identity rotated (every 10 requests)
[01:01:50] [217/456] SSNN
[01:01:51] [218/456] ARRP
[01:01:51] [219/456] ATNS
[01:01:52] [220/456] SKDT
[01:01:53] [221/456] ACAT
[01:01:54] [222/456] APRC
[01:01:55] [223/456] SWAG
[01:01:57] [224/456] SDPT
[01:01:57] [225/456] STPS
[01:01:58] [226/456] WWCZ
[01:01:59] 🔄 Identity reset
[01:01:59] 🔄 Identity rotated (every 10 requests)
[01:01:59] [227/456] LLCH
[01:02:00] [228/456] MZHA
[01:02:01] [229/456] CRJG
[01:02:02] [230/456] JGTK
[01:02:03] [231/456] KCSR
[01:02:03] [232/456] CHTL
[01:02:05] [233/456] EDSR
[01:02:06] [234/456] CSWO
[01:02:07] [235/456] CPVM
[01:02:08] [236/456] MXBY
[01:02:08] 🔄 Identity reset
[01:02:08] 🔄 Identity rotated (every 10 requests)
[01:02:08] [237/456] FMMA
[01:02:10] [238/456] POVI
[01:02:11] [239/456] MTHB
[01:02:12] [240/456] INRC
[01:02:13] [241/456] PIPP
[01:02:14] [242/456] BMXC
[01:02:15] [243/456] PCMM
[01:02:16] [244/456] PMKM
[01:02:18] [245/456] GATY
[01:02:19] [246/456] IMCM
[01:02:19] 🔄 Identity reset
[01:02:19] 🔄 Identity rotated (every 10 requests)
[01:02:19] 🔄 Retry 1/5 for IMCM in 2.2s
[01:02:19] 🔄 Identity reset
[01:02:21] 🧠 New identity created
[01:02:21] 🔄 Retry 2/5 for IMCM in 4.4s
[01:02:21] 🔄 Identity reset
[01:02:26] 🧠 New identity created
[01:02:27] [247/456] POPE
[01:02:28] [248/456] MTCR
[01:02:29] [249/456] PVAE
[01:02:30] [250/456] PVMI
[01:02:31] [251/456] CPNM
[01:02:32] [252/456] FMRL
[01:02:33] [253/456] MCIW
[01:02:33] [254/456] MXBO
[01:02:34] 🔄 Identity reset
[01:02:34] 🔄 Identity rotated (every 10 requests)
[01:02:34] [255/456] FMKY
[01:02:35] [256/456] FMDA
[01:02:36] [257/456] THAB
[01:02:37] [258/456] PRCW
[01:02:38] [259/456] PITI
[01:02:39] [260/456] MCFF
[01:02:40] [261/456] PDDV
[01:02:41] [262/456] MCRM
[01:02:42] [263/456] KKMB
[01:02:43] [264/456] INKO
[01:02:44] 🔄 Identity reset
[01:02:44] 🔄 Identity rotated (every 10 requests)
[01:02:44] [265/456] PLXP
[01:02:45] [266/456] MMHA
[01:02:46] [267/456] FMVS
[01:02:47] [268/456] POLM
[01:02:47] [269/456] STER
[01:02:48] [270/456] PVWJ
[01:02:49] [271/456] IMJW
[01:02:50] [272/456] FNAN
[01:02:51] [273/456] CAGL
[01:02:52] [274/456] IPBG
[01:02:52] 🔄 Identity reset
[01:02:52] 🔄 Identity rotated (every 10 requests)
[01:02:52] [275/456] SMFV
[01:02:53] [276/456] MMMR
[01:02:54] [277/456] MMWM
[01:02:55] [278/456] FNCM
[01:02:56] [279/456] MDVA
[01:02:57] [280/456] MMET
[01:02:58] [281/456] MIDO
[01:02:59] [282/456] INNP
[01:03:00] [283/456] MIFU
[01:03:00] [284/456] MMSZ
[01:03:01] 🔄 Identity reset
[01:03:01] 🔄 Identity rotated (every 10 requests)
[01:03:01] [285/456] BMXA
[01:03:02] [286/456] MCAA
[01:03:03] [287/456] SCVP
[01:03:04] [288/456] PLUS
[01:03:04] [289/456] MUCK
[01:03:05] [290/456] MTMA
[01:03:06] [291/456] HPVR
[01:03:07] [292/456] PMPK
[01:03:08] [293/456] MAJB
[01:03:09] [294/456] CTRR
[01:03:09] 🔄 Identity reset
[01:03:09] 🔄 Identity rotated (every 10 requests)
[01:03:10] [295/456] MCTG
[01:03:11] [296/456] MACE
[01:03:11] [297/456] AAAS
[01:03:12] [298/456] CPVV
[01:03:13] [299/456] RCHG
[01:03:14] [300/456] MCNE
[01:03:15] [301/456] EMNC
[01:03:16] [302/456] MCAN
[01:03:17] [303/456] TCDM
[01:03:18] [304/456] IRGT
[01:03:18] 🔄 Identity reset
[01:03:18] 🔄 Identity rotated (every 10 requests)
[01:03:18] 🔄 Retry 1/5 for IRGT in 2.7s
[01:03:18] 🔄 Identity reset
[01:03:21] 🧠 New identity created
[01:03:21] [305/456] GCMG
[01:03:22] [306/456] MXSN
[01:03:23] [307/456] MXCK
[01:03:25] [308/456] MCRC
[01:03:26] [309/456] RSMI
[01:03:27] [310/456] WAML
[01:03:27] [311/456] MTSC
[01:03:28] [312/456] FMDR
[01:03:29] [313/456] LEPV
[01:03:30] 🔄 Identity reset
[01:03:30] 🔄 Identity rotated (every 10 requests)
[01:03:30] [314/456] MTGD
[01:03:31] [315/456] IMOB
[01:03:32] [316/456] CLMM
[01:03:33] [317/456] PZCD
[01:03:34] [318/456] GOCS
[01:03:35] [319/456] KCMA
[01:03:36] [320/456] CCMP
[01:03:37] [321/456] MTSU
[01:03:38] [322/456] SNGL
[01:03:39] [323/456] MMMC
[01:03:39] 🔄 Identity reset
[01:03:39] 🔄 Identity rotated (every 10 requests)
[01:03:39] 🔄 Retry 1/5 for MMMC in 2.1s
[01:03:39] 🔄 Identity reset
[01:03:42] 🧠 New identity created
[01:03:42] [324/456] MMAA
[01:03:43] [325/456] GCDM
[01:03:44] [326/456] KTMV
[01:03:45] [327/456] AETE
[01:03:46] [328/456] OMCS
[01:03:47] [329/456] GDCD
[01:03:48] [330/456] NYMD
[01:03:49] [331/456] RNCV
[01:03:49] [332/456] KKMT
[01:03:50] 🔄 Identity reset
[01:03:50] 🔄 Identity rotated (every 10 requests)
[01:03:50] [333/456] GDTH
[01:03:51] [334/456] KMMV
[01:03:52] [335/456] NHCG
[01:03:53] [336/456] PJDW
[01:03:54] [337/456] MMCV
[01:03:55] [338/456] FQSA
[01:03:56] [339/456] KURL
[01:03:57] [340/456] NNNX
[01:03:58] [341/456] AMAU
[01:03:58] [342/456] VVVM
[01:03:59] 🔄 Identity reset
[01:03:59] 🔄 Identity rotated (every 10 requests)
[01:04:00] [343/456] VECU
[01:04:01] [344/456] WCVR
[01:04:01] [345/456] MTGG
[01:04:02] [346/456] SGTG
[01:04:03] [347/456] MNTG
[01:04:04] [348/456] JDDG
[01:04:05] [349/456] MBTK
[01:04:06] [350/456] SGCD
[01:04:07] [351/456] MCTC
[01:04:08] [352/456] JTPC
[01:04:09] 🔄 Identity reset
[01:04:09] 🔄 Identity rotated (every 10 requests)
[01:04:09] [353/456] SDKT
[01:04:10] [354/456] KRCC
[01:04:11] [355/456] RMMD
[01:04:12] [356/456] AAME
[01:04:13] [357/456] TMWC
[01:04:14] [358/456] NRWY
[01:04:15] [359/456] CITD
[01:04:16] [360/456] VERD
[01:04:17] [361/456] MKSK
[01:04:18] [362/456] STSM
[01:04:18] 🔄 Identity reset
[01:04:18] 🔄 Identity rotated (every 10 requests)
[01:04:18] 🔄 Retry 1/5 for STSM in 2.9s
[01:04:18] 🔄 Identity reset
[01:04:21] 🧠 New identity created
[01:04:22] [363/456] MJDG
[01:04:23] [364/456] RKPM
[01:04:23] [365/456] SSCE
[01:04:24] [366/456] VMAE
[01:04:25] [367/456] SBRU
[01:04:27] [368/456] AMBC
[01:04:29] [369/456] AMLU
[01:04:29] [370/456] INVZ
[01:04:30] [371/456] LGTV
[01:04:31] 🔄 Identity reset
[01:04:31] 🔄 Identity rotated (every 10 requests)
[01:04:31] [372/456] SVAD
[01:04:32] [373/456] SMSA
[01:04:33] [374/456] SPCZ
[01:04:34] [375/456] GTCX
[01:04:36] [376/456] SCSL
[01:04:37] [377/456] SAHU
[01:04:38] [378/456] NCDA
[01:04:39] [379/456] SCCG
[01:04:40] [380/456] VKTL
[01:04:41] [381/456] PUUJ
[01:04:41] 🔄 Identity reset
[01:04:41] 🔄 Identity rotated (every 10 requests)
[01:04:42] [382/456] STEJ
[01:04:43] [383/456] RJAL
[01:04:44] [384/456] ACJC
[01:04:45] [385/456] ARVB
[01:04:47] [386/456] AUBB
[01:04:48] [387/456] GDBR
[01:04:48] [388/456] PVND
[01:04:49] [389/456] BGRJ
[01:04:50] [390/456] RJMM
[01:04:51] [391/456] MCSA
[01:04:51] 🔄 Identity reset
[01:04:51] 🔄 Identity rotated (every 10 requests)
[01:04:52] [392/456] BODA
[01:04:53] [393/456] JAGG
[01:04:53] [394/456] SCGA
[01:04:54] [395/456] LRCM
[01:04:55] [396/456] CPCN
[01:04:56] [397/456] SSTF
[01:04:58] [398/456] SRXP
[01:04:59] [399/456] CNFX
[01:05:00] [400/456] ANDI
[01:05:00] [401/456] SYEW
[01:05:01] 🔄 Identity reset
[01:05:01] 🔄 Identity rotated (every 10 requests)
[01:05:01] [402/456] RCRE
[01:05:02] [403/456] SCRW
[01:05:04] [404/456] MBKR
[01:05:05] [405/456] ASNT
[01:05:06] [406/456] JTMT
[01:05:06] [407/456] SHAY
[01:05:07] [408/456] VRTH
[01:05:09] [409/456] SPTI
[01:05:10] [410/456] DPTD
[01:05:11] [411/456] TGSN
[01:05:11] 🔄 Identity reset
[01:05:11] 🔄 Identity rotated (every 10 requests)
[01:05:12] [412/456] RCWV
[01:05:13] [413/456] OCUR
[01:05:14] [414/456] KSTC
[01:05:15] [415/456] SANI
[01:05:16] [416/456] MLCA
[01:05:17] [417/456] EGCA
[01:05:18] [418/456] SYSN
[01:05:19] [419/456] PKTA
[01:05:19] [420/456] PRCC
[01:05:20] [421/456] KSTR
[01:05:21] 🔄 Identity reset
[01:05:21] 🔄 Identity rotated (every 10 requests)
[01:05:21] [422/456] SNTP
[01:05:22] [423/456] RCHA
[01:05:23] [424/456] SEEA
[01:05:24] [425/456] ALAT
[01:05:25] [426/456] AATV
[01:05:26] [427/456] RJTE
[01:05:27] [428/456] AAPP
[01:05:28] [429/456] PMMH
[01:05:29] [430/456] INRJ
[01:05:30] [431/456] SARB
[01:05:30] 🔄 Identity reset
[01:05:30] 🔄 Identity rotated (every 10 requests)
[01:05:31] [432/456] PCJL
[01:05:32] [433/456] PFJJ
[01:05:33] [434/456] GRDC
[01:05:34] [435/456] BCBA
[01:05:35] [436/456] VIXL
[01:05:35] [437/456] CSTL
[01:05:36] [438/456] MTDK
[01:05:37] [439/456] TDAC
[01:05:38] [440/456] GTDN
[01:05:39] [441/456] TTDE
[01:05:39] 🔄 Identity reset
[01:05:39] 🔄 Identity rotated (every 10 requests)
[01:05:39] [442/456] ASTS
[01:05:40] [443/456] CPNS
[01:05:41] [444/456] PVVW
[01:05:42] [445/456] USEB
[01:05:43] [446/456] DTYN
[01:05:44] [447/456] PVLE
[01:05:46] [448/456] CIPS
[01:05:46] [449/456] PAEG
[01:05:47] [450/456] PTCW
[01:05:48] [451/456] G3SR
[01:05:49] 🔄 Identity reset
[01:05:49] 🔄 Identity rotated (every 10 requests)
[01:05:49] [452/456] PGND
[01:05:50] [453/456] INVM
[01:05:51] [454/456] SPIA
[01:05:52] [455/456] PCSN
[01:05:52] [456/456] PPGV
[01:05:54] ✅ DONE | Shows=0 | Movies=0
[01:16:03] 🚀 BMS DAILY TRACKER STARTED (enhanced anti‑detection)
[01:16:03] [1/456] FNDB
[01:16:04] 🧠 New identity created
[01:16:04] [2/456] AMBH
[01:16:05] [3/456] PRHN
[01:16:06] [4/456] ACPM
[01:16:07] [5/456] PVFS
[01:16:08] [6/456] AACN
[01:16:09] [7/456] ACAS
[01:16:10] [8/456] CTNR
[01:16:11] [9/456] MMAH
[01:16:12] [10/456] CPMH
[01:16:13] 🔄 Identity reset
[01:16:13] 🔄 Identity rotated (every 10 requests)
[01:16:13] [11/456] IGMH
[01:16:14] [12/456] ABCS
[01:16:15] [13/456] CMMA
[01:16:15] [14/456] GPRH
[01:16:16] [15/456] PNNG
[01:16:17] [16/456] AMCA
[01:16:18] [17/456] ISTN
[01:16:19] [18/456] PIIC
[01:16:20] [19/456] AHMH
[01:16:21] [20/456] ASHN
[01:16:22] 🔄 Identity reset
[01:16:22] 🔄 Identity rotated (every 10 requests)
[01:16:22] 🔄 Retry 1/5 for ASHN in 2.3s
[01:16:22] 🔄 Identity reset
[01:16:24] 🧠 New identity created
[01:16:25] [21/456] INHY
[01:16:26] [22/456] SRMO
[01:16:27] [23/456] PIMH
[01:16:28] [24/456] PVTS
[01:16:29] [25/456] MMCA
[01:16:29] [26/456] AKYJ
[01:16:30] [27/456] BRKH
[01:16:31] [28/456] MAHM
[01:16:33] [29/456] CPHY
[01:16:33] 🔄 Identity reset
[01:16:34] 🔄 Identity rotated (every 10 requests)
[01:16:34] [30/456] PVTP
[01:16:35] [31/456] SMMR
[01:16:36] [32/456] PVHM
[01:16:36] [33/456] SNDY
[01:16:37] [34/456] GOKU
[01:16:38] [35/456] ACEV
[01:16:39] [36/456] PVUM
[01:16:40] [37/456] VSWA
[01:16:41] [38/456] IPRS
[01:16:42] [39/456] BKMV
[01:16:42] 🔄 Identity reset
[01:16:42] 🔄 Identity rotated (every 10 requests)
[01:16:43] [40/456] PVYH
[01:16:44] [41/456] INKM
[01:16:45] [42/456] ARJU
[01:16:47] [43/456] JJPP
[01:16:48] [44/456] SSRM
[01:16:49] [45/456] HMHD
[01:16:50] [46/456] SNKH
[01:16:51] [47/456] ACHI
[01:16:52] [48/456] MRAA
[01:16:53] [49/456] INMH
[01:16:53] 🔄 Identity reset
[01:16:53] 🔄 Identity rotated (every 10 requests)
[01:16:54] [50/456] ARMH
[01:16:55] [51/456] DVRR
[01:16:56] [52/456] SUDA
[01:16:57] [53/456] MCSS
[01:16:57] [54/456] VRKC
[01:16:58] [55/456] PRCX
[01:16:59] [56/456] ASJY
[01:17:00] [57/456] MTHY
[01:17:01] [58/456] SRCM
[01:17:02] [59/456] TVHY
[01:17:03] 🔄 Identity reset
[01:17:03] 🔄 Identity rotated (every 10 requests)
[01:17:03] 🔄 Retry 1/5 for TVHY in 2.2s
[01:17:03] 🔄 Identity reset
[01:17:05] 🧠 New identity created
[01:17:05] [60/456] STHD
[01:17:06] [61/456] CPCL
[01:17:07] [62/456] PSMJ
[01:17:08] [63/456] MRGT
[01:17:09] [64/456] ARYH
[01:17:10] [65/456] VTRB
[01:17:11] [66/456] SCHC
[01:17:12] [67/456] MRRG
[01:17:13] [68/456] SPCB
[01:17:13] 🔄 Identity reset
[01:17:13] 🔄 Identity rotated (every 10 requests)
[01:17:13] 🔄 Retry 1/5 for SPCB in 2.5s
[01:17:13] 🔄 Identity reset
[01:17:16] 🧠 New identity created
[01:17:16] [69/456] AMCM
[01:17:17] [70/456] IVNM
[01:17:18] [71/456] TRHY
[01:17:19] [72/456] PTTH
[01:17:20] [73/456] RKMH
[01:17:21] [74/456] PRCS
[01:17:22] [75/456] VAJA
[01:17:22] [76/456] BJNG
[01:17:23] [77/456] SCVM
[01:17:24] 🔄 Identity reset
[01:17:24] 🔄 Identity rotated (every 10 requests)
[01:17:24] [78/456] GNHB
[01:17:25] [79/456] TLUR
[01:17:26] [80/456] UKCC
[01:17:27] [81/456] SRKR
[01:17:28] [82/456] RMKN
[01:17:29] [83/456] SLRT
[01:17:29] [84/456] LKMT
[01:17:31] [85/456] SSRJ
[01:17:31] [86/456] SPHT
[01:17:32] [87/456] ANTT
[01:17:33] 🔄 Identity reset
[01:17:33] 🔄 Identity rotated (every 10 requests)
[01:17:33] 🔄 Retry 1/5 for ANTT in 3.0s
[01:17:33] 🔄 Identity reset
[01:17:36] 🧠 New identity created
[01:17:36] [88/456] SRCH
[01:17:38] [89/456] SRCA
[01:17:39] [90/456] ARTH
[01:17:40] [91/456] MCBH
[01:17:41] [92/456] SNIB
[01:17:42] [93/456] SART
[01:17:43] [94/456] SKTA
[01:17:44] [95/456] YAKT
[01:17:45] [96/456] MLCK
[01:17:46] 🔄 Identity reset
[01:17:46] 🔄 Identity rotated (every 10 requests)
[01:17:46] [97/456] ANTS
[01:17:47] [98/456] DGCA
[01:17:48] [99/456] SGMP
[01:17:49] [100/456] ASWN
[01:17:50] [101/456] KFVU
[01:17:51] [102/456] POOR
[01:17:52] [103/456] GKDN
[01:17:53] [104/456] EOSE
[01:17:54] [105/456] GTTT
[01:17:55] [106/456] ARRO
[01:17:55] 🔄 Identity reset
[01:17:55] 🔄 Identity rotated (every 10 requests)
[01:17:56] [107/456] CMMK
[01:17:56] [108/456] MSCN
[01:17:57] [109/456] GDKH
[01:17:58] [110/456] DLMT
[01:17:59] [111/456] PVMF
[01:18:00] [112/456] CPCK
[01:18:00] [113/456] VMHE
[01:18:01] [114/456] PVLC
[01:18:02] [115/456] PCVB
[01:18:03] [116/456] SNYK
[01:18:04] 🔄 Identity reset
[01:18:04] 🔄 Identity rotated (every 10 requests)
[01:18:04] [117/456] KTEK
[01:18:05] [118/456] PCNM
[01:18:06] [119/456] NTTR
[01:18:07] [120/456] CPSK
[01:18:08] [121/456] JMMA
[01:18:10] [122/456] GCFK
[01:18:11] [123/456] MYCA
[01:18:12] [124/456] KSNP
[01:18:13] [125/456] PMCE
[01:18:14] [126/456] SCKI
[01:18:15] 🔄 Identity reset
[01:18:15] 🔄 Identity rotated (every 10 requests)
[01:18:15] 🔄 Retry 1/5 for SCKI in 2.5s
[01:18:15] 🔄 Identity reset
[01:18:18] 🧠 New identity created
[01:18:18] [127/456] FSMA
[01:18:19] [128/456] CETA
[01:18:20] [129/456] MCIK
[01:18:21] [130/456] MYCR
[01:18:21] [131/456] EVMP
[01:18:22] [132/456] SSGT
[01:18:24] [133/456] KCTK
[01:18:25] [134/456] ZTKC
[01:18:26] [135/456] MMTA
[01:18:26] 🔄 Identity reset
[01:18:26] 🔄 Identity rotated (every 10 requests)
[01:18:27] [136/456] MAJT
[01:18:28] [137/456] ACPK
[01:18:29] [138/456] JMAX
[01:18:30] [139/456] SETK
[01:18:31] [140/456] CAIS
[01:18:31] [141/456] AGCD
[01:18:32] [142/456] URCL
[01:18:33] [143/456] VTDS
[01:18:34] [144/456] JCNM
[01:18:35] [145/456] KCAM
[01:18:36] 🔄 Identity reset
[01:18:36] 🔄 Identity rotated (every 10 requests)
[01:18:36] [146/456] ADCU
[01:18:37] [147/456] GXYN
[01:18:38] [148/456] SMJG
[01:18:39] [149/456] EYCJ
[01:18:39] [150/456] CCEJ
[01:18:40] [151/456] MARS
[01:18:41] [152/456] CPVJ
[01:18:42] [153/456] INVP
[01:18:43] [154/456] CPOV
[01:18:45] [155/456] VIJK
[01:18:45] 🔄 Identity reset
[01:18:45] 🔄 Identity rotated (every 10 requests)
[01:18:46] [156/456] LAIM
[01:18:47] [157/456] STHV
[01:18:47] [158/456] SVLJ
[01:18:49] [159/456] ATVJ
[01:18:50] [160/456] JTSC
[01:18:51] [161/456] RMTV
[01:18:52] [162/456] MGGG
[01:18:53] [163/456] SWTH
[01:18:54] [164/456] INVJ
[01:18:55] [165/456] PRSV
[01:18:56] 🔄 Identity reset
[01:18:56] 🔄 Identity rotated (every 10 requests)
[01:18:56] 🔄 Retry 1/5 for PRSV in 2.3s
[01:18:56] 🔄 Identity reset
[01:18:58] 🧠 New identity created
[01:18:59] [166/456] JATV
[01:19:00] [167/456] RCVD
[01:19:01] [168/456] BDMA
[01:19:01] [169/456] BLJI
[01:19:02] [170/456] SWOT
[01:19:03] [171/456] SWRN
[01:19:04] [172/456] TVRA
[01:19:05] [173/456] NVRN
[01:19:06] [174/456] SIKC
[01:19:06] 🔄 Identity reset
[01:19:06] 🔄 Identity rotated (every 10 requests)
[01:19:07] [175/456] VAKR
[01:19:07] [176/456] SYLN
[01:19:08] [177/456] KLJL
[01:19:09] [178/456] LKMY
[01:19:10] [179/456] VSLY
[01:19:11] [180/456] CIKO
[01:19:12] [181/456] GPBG
[01:19:13] [182/456] CECM
[01:19:14] [183/456] SLKB
[01:19:15] [184/456] MTBO
[01:19:15] 🔄 Identity reset
[01:19:15] 🔄 Identity rotated (every 10 requests)
[01:19:16] [185/456] SSHB
[01:19:16] [186/456] VPCS
[01:19:17] [187/456] RCSR
[01:19:18] [188/456] RJRM
[01:19:19] [189/456] KPPB
[01:19:20] [190/456] SEDC
[01:19:21] [191/456] SCAI
[01:19:22] [192/456] RMTR
[01:19:23] [193/456] ASST
[01:19:24] [194/456] GCAK
[01:19:25] 🔄 Identity reset
[01:19:25] 🔄 Identity rotated (every 10 requests)
[01:19:25] [195/456] ANNK
[01:19:26] [196/456] KDDF
[01:19:27] [197/456] NRDP
[01:19:27] [198/456] PLAK
[01:19:28] [199/456] GCMC
[01:19:29] [200/456] ALPY
[01:19:31] [201/456] SICE
[01:19:32] [202/456] SISR
[01:19:33] [203/456] SRPZ
[01:19:34] [204/456] SRSW
[01:19:34] 🔄 Identity reset
[01:19:34] 🔄 Identity rotated (every 10 requests)
[01:19:34] [205/456] SUYA
[01:19:35] [206/456] AMMT
[01:19:36] [207/456] BHCU
[01:19:37] [208/456] KLPA
[01:19:38] [209/456] NVKH
[01:19:39] [210/456] JMRC
[01:19:40] [211/456] KTTT
[01:19:41] [212/456] MAGH
[01:19:42] [213/456] MMMX
[01:19:43] [214/456] SALJ
[01:19:43] 🔄 Identity reset
[01:19:43] 🔄 Identity rotated (every 10 requests)
[01:19:44] [215/456] GTJA
[01:19:45] [216/456] MAHT
[01:19:46] [217/456] SSNN
[01:19:47] [218/456] ARRP
[01:19:48] [219/456] ATNS
[01:19:48] [220/456] SKDT
[01:19:49] [221/456] ACAT
[01:19:50] [222/456] APRC
[01:19:51] [223/456] SWAG
[01:19:53] [224/456] SDPT
[01:19:54] 🔄 Identity reset
[01:19:54] 🔄 Identity rotated (every 10 requests)
[01:19:54] [225/456] STPS
[01:19:55] [226/456] WWCZ
[01:19:56] [227/456] LLCH
[01:19:57] [228/456] MZHA
[01:19:58] [229/456] CRJG
[01:19:58] [230/456] JGTK
[01:19:59] [231/456] KCSR
[01:20:00] [232/456] CHTL
[01:20:01] [233/456] EDSR
[01:20:02] [234/456] CSWO
[01:20:02] 🔄 Identity reset
[01:20:02] 🔄 Identity rotated (every 10 requests)
[01:20:03] [235/456] CPVM
[01:20:04] [236/456] MXBY
[01:20:05] [237/456] FMMA
[01:20:07] [238/456] POVI
[01:20:07] [239/456] MTHB
[01:20:09] [240/456] INRC
[01:20:09] [241/456] PIPP
[01:20:10] [242/456] BMXC
[01:20:11] [243/456] PCMM
[01:20:12] [244/456] PMKM
[01:20:13] 🔄 Identity reset
[01:20:13] 🔄 Identity rotated (every 10 requests)
[01:20:13] [245/456] GATY
[01:20:14] [246/456] IMCM
[01:20:15] [247/456] POPE
[01:20:16] [248/456] MTCR
[01:20:17] [249/456] PVAE
[01:20:18] [250/456] PVMI
[01:20:19] [251/456] CPNM
[01:20:20] [252/456] FMRL
[01:20:21] [253/456] MCIW
[01:20:22] [254/456] MXBO
[01:20:23] 🔄 Identity reset
[01:20:23] 🔄 Identity rotated (every 10 requests)
[01:20:23] 🔄 Retry 1/5 for MXBO in 2.0s
[01:20:23] 🔄 Identity reset
[01:20:25] 🧠 New identity created
[01:20:26] [255/456] FMKY
[01:20:27] [256/456] FMDA
[01:20:28] [257/456] THAB
[01:20:29] [258/456] PRCW
[01:20:30] [259/456] PITI
[01:20:30] [260/456] MCFF
[01:20:31] [261/456] PDDV
[01:20:33] [262/456] MCRM
[01:20:34] [263/456] KKMB
[01:20:34] 🔄 Identity reset
[01:20:34] 🔄 Identity rotated (every 10 requests)
[01:20:35] [264/456] INKO
[01:20:35] [265/456] PLXP
[01:20:36] [266/456] MMHA
[01:20:37] [267/456] FMVS
[01:20:38] [268/456] POLM
[01:20:39] [269/456] STER
[01:20:40] [270/456] PVWJ
[01:20:41] [271/456] IMJW
[01:20:42] [272/456] FNAN
[01:20:43] [273/456] CAGL
[01:20:43] 🔄 Identity reset
[01:20:43] 🔄 Identity rotated (every 10 requests)
[01:20:44] [274/456] IPBG
[01:20:45] [275/456] SMFV
[01:20:46] [276/456] MMMR
[01:20:48] [277/456] MMWM
[01:20:49] [278/456] FNCM
[01:20:51] [279/456] MDVA
[01:20:52] [280/456] MMET
[01:20:53] [281/456] MIDO
[01:20:54] [282/456] INNP
[01:20:55] [283/456] MIFU
[01:20:55] 🔄 Identity reset
[01:20:55] 🔄 Identity rotated (every 10 requests)
[01:20:56] [284/456] MMSZ
[01:20:56] [285/456] BMXA
[01:20:57] [286/456] MCAA
[01:20:58] [287/456] SCVP
[01:20:59] [288/456] PLUS
[01:21:00] [289/456] MUCK
[01:21:01] [290/456] MTMA
[01:21:02] [291/456] HPVR
[01:21:04] [292/456] PMPK
[01:21:05] [293/456] MAJB
[01:21:05] 🔄 Identity reset
[01:21:05] 🔄 Identity rotated (every 10 requests)
[01:21:06] [294/456] CTRR
[01:21:06] [295/456] MCTG
[01:21:07] [296/456] MACE
[01:21:08] [297/456] AAAS
[01:21:09] [298/456] CPVV
[01:21:10] [299/456] RCHG
[01:21:11] [300/456] MCNE
[01:21:12] [301/456] EMNC
[01:21:13] [302/456] MCAN
[01:21:14] [303/456] TCDM
[01:21:14] 🔄 Identity reset
[01:21:14] 🔄 Identity rotated (every 10 requests)
[01:21:14] 🔄 Retry 1/5 for TCDM in 2.7s
[01:21:14] 🔄 Identity reset
[01:21:17] 🧠 New identity created
[01:21:17] [304/456] IRGT
[01:21:18] [305/456] GCMG
[01:21:20] [306/456] MXSN
[01:21:21] [307/456] MXCK
[01:21:22] [308/456] MCRC
[01:21:23] [309/456] RSMI
[01:21:24] [310/456] WAML
[01:21:24] [311/456] MTSC
[01:21:25] [312/456] FMDR
[01:21:26] 🔄 Identity reset
[01:21:26] 🔄 Identity rotated (every 10 requests)
[01:21:26] [313/456] LEPV
[01:21:27] [314/456] MTGD
[01:21:28] [315/456] IMOB
[01:21:29] [316/456] CLMM
[01:21:30] [317/456] PZCD
[01:21:31] [318/456] GOCS
[01:21:31] [319/456] KCMA
[01:21:32] [320/456] CCMP
[01:21:33] [321/456] MTSU
[01:21:35] [322/456] SNGL
[01:21:36] 🔄 Identity reset
[01:21:36] 🔄 Identity rotated (every 10 requests)
[01:21:36] [323/456] MMMC
[01:21:37] [324/456] MMAA
[01:21:39] [325/456] GCDM
[01:21:40] [326/456] KTMV
[01:21:40] [327/456] AETE
[01:21:41] [328/456] OMCS
[01:21:42] [329/456] GDCD
[01:21:43] [330/456] NYMD
[01:21:44] [331/456] RNCV
[01:21:45] [332/456] KKMT
[01:21:45] 🔄 Identity reset
[01:21:45] 🔄 Identity rotated (every 10 requests)
[01:21:46] 🔄 Retry 1/5 for KKMT in 2.5s
[01:21:46] 🔄 Identity reset
[01:21:48] 🧠 New identity created
[01:21:48] 🔄 Retry 2/5 for KKMT in 4.3s
[01:21:48] 🔄 Identity reset
[01:21:52] 🧠 New identity created
[01:21:53] [333/456] GDTH
[01:21:54] [334/456] KMMV
[01:21:54] [335/456] NHCG
[01:21:55] [336/456] PJDW
[01:21:56] [337/456] MMCV
[01:21:58] [338/456] FQSA
[01:21:59] [339/456] KURL
[01:22:00] [340/456] NNNX
[01:22:00] 🔄 Identity reset
[01:22:00] 🔄 Identity rotated (every 10 requests)
[01:22:00] 🔄 Retry 1/5 for NNNX in 2.4s
[01:22:00] 🔄 Identity reset
[01:22:03] 🧠 New identity created
[01:22:03] [341/456] AMAU
[01:22:04] [342/456] VVVM
[01:22:04] [343/456] VECU
[01:22:05] [344/456] WCVR
[01:22:06] [345/456] MTGG
[01:22:07] [346/456] SGTG
[01:22:09] [347/456] MNTG
[01:22:09] [348/456] JDDG
[01:22:10] [349/456] MBTK
[01:22:11] 🔄 Identity reset
[01:22:11] 🔄 Identity rotated (every 10 requests)
[01:22:11] [350/456] SGCD
[01:22:12] [351/456] MCTC
[01:22:13] [352/456] JTPC
[01:22:14] [353/456] SDKT
[01:22:15] [354/456] KRCC
[01:22:16] [355/456] RMMD
[01:22:17] [356/456] AAME
[01:22:17] [357/456] TMWC
[01:22:18] [358/456] NRWY
[01:22:19] [359/456] CITD
[01:22:20] 🔄 Identity reset
[01:22:20] 🔄 Identity rotated (every 10 requests)
[01:22:20] [360/456] VERD
[01:22:21] [361/456] MKSK
[01:22:22] [362/456] STSM
[01:22:23] [363/456] MJDG
[01:22:24] [364/456] RKPM
[01:22:24] [365/456] SSCE
[01:22:26] [366/456] VMAE
[01:22:26] [367/456] SBRU
[01:22:27] [368/456] AMBC
[01:22:28] [369/456] AMLU
[01:22:29] 🔄 Identity reset
[01:22:29] 🔄 Identity rotated (every 10 requests)
[01:22:29] [370/456] INVZ
[01:22:30] [371/456] LGTV
[01:22:31] [372/456] SVAD
[01:22:32] [373/456] SMSA
[01:22:32] [374/456] SPCZ
[01:22:34] [375/456] GTCX
[01:22:35] [376/456] SCSL
[01:22:36] [377/456] SAHU
[01:22:37] [378/456] NCDA
[01:22:38] [379/456] SCCG
[01:22:38] 🔄 Identity reset
[01:22:38] 🔄 Identity rotated (every 10 requests)
[01:22:39] [380/456] VKTL
[01:22:40] [381/456] PUUJ
[01:22:40] [382/456] STEJ
[01:22:41] [383/456] RJAL
[01:22:42] [384/456] ACJC
[01:22:43] [385/456] ARVB
[01:22:44] [386/456] AUBB
[01:22:45] [387/456] GDBR
[01:22:46] [388/456] PVND
[01:22:47] [389/456] BGRJ
[01:22:47] 🔄 Identity reset
[01:22:47] 🔄 Identity rotated (every 10 requests)
[01:22:47] 🔄 Retry 1/5 for BGRJ in 2.8s
[01:22:47] 🔄 Identity reset
[01:22:50] 🧠 New identity created
[01:22:50] [390/456] RJMM
[01:22:51] [391/456] MCSA
[01:22:52] [392/456] BODA
[01:22:53] [393/456] JAGG
[01:22:54] [394/456] SCGA
[01:22:55] [395/456] LRCM
[01:22:56] [396/456] CPCN
[01:22:57] [397/456] SSTF
[01:22:58] [398/456] SRXP
[01:22:58] 🔄 Identity reset
[01:22:58] 🔄 Identity rotated (every 10 requests)
[01:22:59] [399/456] CNFX
[01:22:59] [400/456] ANDI
[01:23:00] [401/456] SYEW
[01:23:01] [402/456] RCRE
[01:23:02] [403/456] SCRW
[01:23:03] [404/456] MBKR
[01:23:04] [405/456] ASNT
[01:23:05] [406/456] JTMT
[01:23:06] [407/456] SHAY
[01:23:07] [408/456] VRTH
[01:23:07] 🔄 Identity reset
[01:23:07] 🔄 Identity rotated (every 10 requests)
[01:23:08] [409/456] SPTI
[01:23:09] [410/456] DPTD
[01:23:10] [411/456] TGSN
[01:23:11] [412/456] RCWV
[01:23:11] [413/456] OCUR
[01:23:12] [414/456] KSTC
[01:23:13] [415/456] SANI
[01:23:14] [416/456] MLCA
[01:23:15] [417/456] EGCA
[01:23:16] [418/456] SYSN
[01:23:17] 🔄 Identity reset
[01:23:17] 🔄 Identity rotated (every 10 requests)
[01:23:17] [419/456] PKTA
[01:23:18] [420/456] PRCC
[01:23:19] [421/456] KSTR
[01:23:20] [422/456] SNTP
[01:23:21] [423/456] RCHA
[01:23:22] [424/456] SEEA
[01:23:23] [425/456] ALAT
[01:23:24] [426/456] AATV
[01:23:25] [427/456] RJTE
[01:23:26] [428/456] AAPP
[01:23:27] 🔄 Identity reset
[01:23:27] 🔄 Identity rotated (every 10 requests)
[01:23:27] [429/456] PMMH
[01:23:28] [430/456] INRJ
[01:23:29] [431/456] SARB
[01:23:30] [432/456] PCJL
[01:23:32] [433/456] PFJJ
[01:23:33] [434/456] GRDC
[01:23:34] [435/456] BCBA
[01:23:34] [436/456] VIXL
[01:23:35] [437/456] CSTL
[01:23:36] [438/456] MTDK
[01:23:37] 🔄 Identity reset
[01:23:37] 🔄 Identity rotated (every 10 requests)
[01:23:37] [439/456] TDAC
[01:23:38] [440/456] GTDN
[01:23:39] [441/456] TTDE
[01:23:40] [442/456] ASTS
[01:23:41] [443/456] CPNS
[01:23:42] [444/456] PVVW
[01:23:43] [445/456] USEB
[01:23:44] [446/456] DTYN
[01:23:44] [447/456] PVLE
[01:23:45] [448/456] CIPS
[01:23:46] 🔄 Identity reset
[01:23:46] 🔄 Identity rotated (every 10 requests)
[01:23:46] [449/456] PAEG
[01:23:48] [450/456] PTCW
[01:23:49] [451/456] G3SR
[01:23:50] [452/456] PGND
[01:23:51] [453/456] INVM
[01:23:52] [454/456] SPIA
[01:23:53] [455/456] PCSN
[01:23:54] [456/456] PPGV
[01:23:55] ✅ DONE | Shows=0 | Movies=0
[02:16:27] 🚀 BMS DAILY TRACKER STARTED (enhanced anti‑detection)
[02:16:27] [1/456] FNDB
[02:16:28] 🧠 New identity created
[02:16:28] 🔄 Retry 1/5 for FNDB in 2.8s
[02:16:28] 🔄 Identity reset
[02:16:31] 🧠 New identity created
[02:16:31] [2/456] AMBH
[02:16:32] [3/456] PRHN
[02:16:33] [4/456] ACPM
[02:16:34] [5/456] PVFS
[02:16:35] [6/456] AACN
[02:16:36] [7/456] ACAS
[02:16:37] [8/456] CTNR
[02:16:38] [9/456] MMAH
[02:16:39] 🔄 Identity reset
[02:16:39] 🔄 Identity rotated (every 10 requests)
[02:16:39] [10/456] CPMH
[02:16:40] [11/456] IGMH
[02:16:41] [12/456] ABCS
[02:16:42] [13/456] CMMA
[02:16:43] [14/456] GPRH
[02:16:44] [15/456] PNNG
[02:16:45] [16/456] AMCA
[02:16:46] [17/456] ISTN
[02:16:47] [18/456] PIIC
[02:16:49] [19/456] AHMH
[02:16:50] 🔄 Identity reset
[02:16:50] 🔄 Identity rotated (every 10 requests)
[02:16:50] [20/456] ASHN
[02:16:51] [21/456] INHY
[02:16:52] [22/456] SRMO
[02:16:53] [23/456] PIMH
[02:16:54] [24/456] PVTS
[02:16:55] [25/456] MMCA
[02:16:56] [26/456] AKYJ
[02:16:57] [27/456] BRKH
[02:16:58] [28/456] MAHM
[02:16:59] [29/456] CPHY
[02:17:00] 🔄 Identity reset
[02:17:00] 🔄 Identity rotated (every 10 requests)
[02:17:00] [30/456] PVTP
[02:17:01] [31/456] SMMR
[02:17:02] [32/456] PVHM
[02:17:03] [33/456] SNDY
[02:17:04] [34/456] GOKU
[02:17:05] [35/456] ACEV
[02:17:06] [36/456] PVUM
[02:17:07] [37/456] VSWA
[02:17:08] [38/456] IPRS
[02:17:09] [39/456] BKMV
[02:17:10] 🔄 Identity reset
[02:17:10] 🔄 Identity rotated (every 10 requests)
[02:17:10] 🔄 Retry 1/5 for BKMV in 3.0s
[02:17:10] 🔄 Identity reset
[02:17:13] 🧠 New identity created
[02:17:14] [40/456] PVYH
[02:17:15] [41/456] INKM
[02:17:16] [42/456] ARJU
[02:17:17] [43/456] JJPP
[02:17:18] [44/456] SSRM
[02:17:19] [45/456] HMHD
[02:17:20] [46/456] SNKH
[02:17:21] [47/456] ACHI
[02:17:22] [48/456] MRAA
[02:17:23] 🔄 Identity reset
[02:17:23] 🔄 Identity rotated (every 10 requests)
[02:17:23] [49/456] INMH
[02:17:24] [50/456] ARMH
[02:17:25] [51/456] DVRR
[02:17:26] [52/456] SUDA
[02:17:27] [53/456] MCSS
[02:17:27] [54/456] VRKC
[02:17:28] [55/456] PRCX
[02:17:31] [56/456] ASJY
[02:17:32] [57/456] MTHY
[02:17:33] [58/456] SRCM
[02:17:33] 🔄 Identity reset
[02:17:33] 🔄 Identity rotated (every 10 requests)
[02:17:33] [59/456] TVHY
[02:17:35] [60/456] STHD
[02:17:36] [61/456] CPCL
[02:17:38] [62/456] PSMJ
[02:17:39] [63/456] MRGT
[02:17:41] [64/456] ARYH
[02:17:42] [65/456] VTRB
[02:17:42] [66/456] SCHC
[02:17:44] [67/456] MRRG
[02:17:45] [68/456] SPCB
[02:17:45] 🔄 Identity reset
[02:17:45] 🔄 Identity rotated (every 10 requests)
[02:17:46] [69/456] AMCM
[02:17:47] [70/456] IVNM
[02:17:48] [71/456] TRHY
[02:17:50] [72/456] PTTH
[02:17:51] [73/456] RKMH
[02:17:52] [74/456] PRCS
[02:17:53] [75/456] VAJA
[02:17:54] [76/456] BJNG
[02:17:55] [77/456] SCVM
[02:17:56] [78/456] GNHB
[02:17:57] 🔄 Identity reset
[02:17:57] 🔄 Identity rotated (every 10 requests)
[02:17:57] [79/456] TLUR
[02:17:59] [80/456] UKCC
[02:18:01] [81/456] SRKR
[02:18:02] [82/456] RMKN
[02:18:03] [83/456] SLRT
[02:18:04] [84/456] LKMT
[02:18:07] [85/456] SSRJ
[02:18:08] [86/456] SPHT
[02:18:10] [87/456] ANTT
[02:18:10] [88/456] SRCH
[02:18:11] 🔄 Identity reset
[02:18:11] 🔄 Identity rotated (every 10 requests)
[02:18:12] [89/456] SRCA
[02:18:13] [90/456] ARTH
[02:18:14] [91/456] MCBH
[02:18:15] [92/456] SNIB
[02:18:16] [93/456] SART
[02:18:17] [94/456] SKTA
[02:18:17] [95/456] YAKT
[02:18:18] [96/456] MLCK
[02:18:20] [97/456] ANTS
[02:18:21] [98/456] DGCA
[02:18:22] 🔄 Identity reset
[02:18:22] 🔄 Identity rotated (every 10 requests)
[02:18:22] [99/456] SGMP
[02:18:23] [100/456] ASWN
[02:18:24] [101/456] KFVU
[02:18:25] [102/456] POOR
[02:18:26] [103/456] GKDN
[02:18:27] [104/456] EOSE
[02:18:28] [105/456] GTTT
[02:18:29] [106/456] ARRO
[02:18:32] [107/456] CMMK
[02:18:34] [108/456] MSCN
[02:18:34] 🔄 Identity reset
[02:18:34] 🔄 Identity rotated (every 10 requests)
[02:18:34] 🔄 Retry 1/5 for MSCN in 2.8s
[02:18:34] 🔄 Identity reset
[02:18:37] 🧠 New identity created
[02:18:37] 🔄 Retry 2/5 for MSCN in 4.8s
[02:18:37] 🔄 Identity reset
[02:18:42] 🧠 New identity created
[02:18:42] [109/456] GDKH
[02:18:43] [110/456] DLMT
[02:18:44] [111/456] PVMF
[02:18:45] [112/456] CPCK
[02:18:46] [113/456] VMHE
[02:18:47] [114/456] PVLC
[02:18:48] [115/456] PCVB
[02:18:49] [116/456] SNYK
[02:18:49] 🔄 Identity reset
[02:18:49] 🔄 Identity rotated (every 10 requests)
[02:18:50] [117/456] KTEK
[02:18:50] [118/456] PCNM
[02:18:51] [119/456] NTTR
[02:18:52] [120/456] CPSK
[02:18:54] [121/456] JMMA
[02:18:55] [122/456] GCFK
[02:18:55] [123/456] MYCA
[02:18:56] [124/456] KSNP
[02:18:57] [125/456] PMCE
[02:18:58] [126/456] SCKI
[02:18:59] 🔄 Identity reset
[02:18:59] 🔄 Identity rotated (every 10 requests)
[02:19:00] [127/456] FSMA
[02:19:02] [128/456] CETA
[02:19:02] [129/456] MCIK
[02:19:04] [130/456] MYCR
[02:19:05] [131/456] EVMP
[02:19:05] [132/456] SSGT
[02:19:06] [133/456] KCTK
[02:19:07] [134/456] ZTKC
[02:19:09] [135/456] MMTA
[02:19:10] [136/456] MAJT
[02:19:11] 🔄 Identity reset
[02:19:11] 🔄 Identity rotated (every 10 requests)
[02:19:11] 🔄 Retry 1/5 for MAJT in 3.0s
[02:19:11] 🔄 Identity reset
[02:19:14] 🧠 New identity created
[02:19:15] [137/456] ACPK
[02:19:16] [138/456] JMAX
[02:19:17] [139/456] SETK
[02:19:18] [140/456] CAIS
[02:19:18] [141/456] AGCD
[02:19:20] [142/456] URCL
[02:19:21] [143/456] VTDS
[02:19:22] [144/456] JCNM
[02:19:24] [145/456] KCAM
[02:19:25] 🔄 Identity reset
[02:19:25] 🔄 Identity rotated (every 10 requests)
[02:19:26] [146/456] ADCU
[02:19:27] [147/456] GXYN
[02:19:27] [148/456] SMJG
[02:19:28] [149/456] EYCJ
[02:19:30] [150/456] CCEJ
[02:19:32] [151/456] MARS
[02:19:33] [152/456] CPVJ
[02:19:33] [153/456] INVP
[02:19:34] [154/456] CPOV
[02:19:35] [155/456] VIJK
[02:19:36] 🔄 Identity reset
[02:19:36] 🔄 Identity rotated (every 10 requests)
[02:19:36] [156/456] LAIM
[02:19:37] [157/456] STHV
[02:19:38] [158/456] SVLJ
[02:19:39] [159/456] ATVJ
[02:19:41] [160/456] JTSC
[02:19:41] [161/456] RMTV
[02:19:42] [162/456] MGGG
[02:19:43] [163/456] SWTH
[02:19:45] [164/456] INVJ
[02:19:47] [165/456] PRSV
[02:19:47] 🔄 Identity reset
[02:19:47] 🔄 Identity rotated (every 10 requests)
[02:19:47] 🔄 Retry 1/5 for PRSV in 2.3s
[02:19:47] 🔄 Identity reset
[02:19:50] 🧠 New identity created
[02:19:50] [166/456] JATV
[02:19:51] [167/456] RCVD
[02:19:52] [168/456] BDMA
[02:19:53] [169/456] BLJI
[02:19:54] [170/456] SWOT
[02:19:55] [171/456] SWRN
[02:19:56] [172/456] TVRA
[02:19:57] [173/456] NVRN
[02:19:58] [174/456] SIKC
[02:19:58] 🔄 Identity reset
[02:19:58] 🔄 Identity rotated (every 10 requests)
[02:19:59] [175/456] VAKR
[02:20:00] [176/456] SYLN
[02:20:00] [177/456] KLJL
[02:20:01] [178/456] LKMY
[02:20:02] [179/456] VSLY
[02:20:04] [180/456] CIKO
[02:20:05] [181/456] GPBG
[02:20:05] [182/456] CECM
[02:20:06] [183/456] SLKB
[02:20:07] [184/456] MTBO
[02:20:08] 🔄 Identity reset
[02:20:08] 🔄 Identity rotated (every 10 requests)
[02:20:08] [185/456] SSHB
[02:20:09] [186/456] VPCS
[02:20:10] [187/456] RCSR
[02:20:11] [188/456] RJRM
[02:20:12] [189/456] KPPB
[02:20:13] [190/456] SEDC
[02:20:14] [191/456] SCAI
[02:20:15] [192/456] RMTR
[02:20:16] [193/456] ASST
[02:20:17] [194/456] GCAK
[02:20:17] 🔄 Identity reset
[02:20:17] 🔄 Identity rotated (every 10 requests)
[02:20:19] [195/456] ANNK
[02:20:19] [196/456] KDDF
[02:20:20] [197/456] NRDP
[02:20:21] [198/456] PLAK
[02:20:22] [199/456] GCMC
[02:20:23] [200/456] ALPY
[02:20:24] [201/456] SICE
[02:20:25] [202/456] SISR
[02:20:26] [203/456] SRPZ
[02:20:27] [204/456] SRSW
[02:20:28] 🔄 Identity reset
[02:20:28] 🔄 Identity rotated (every 10 requests)
[02:20:28] [205/456] SUYA
[02:20:29] [206/456] AMMT
[02:20:30] [207/456] BHCU
[02:20:31] [208/456] KLPA
[02:20:32] [209/456] NVKH
[02:20:33] [210/456] JMRC
[02:20:34] [211/456] KTTT
[02:20:35] [212/456] MAGH
[02:20:36] [213/456] MMMX
[02:20:37] [214/456] SALJ
[02:20:37] 🔄 Identity reset
[02:20:37] 🔄 Identity rotated (every 10 requests)
[02:20:38] [215/456] GTJA
[02:20:39] [216/456] MAHT
[02:20:41] [217/456] SSNN
[02:20:42] [218/456] ARRP
[02:20:43] [219/456] ATNS
[02:20:44] [220/456] SKDT
[02:20:45] [221/456] ACAT
[02:20:46] [222/456] APRC
[02:20:47] [223/456] SWAG
[02:20:48] [224/456] SDPT
[02:20:49] 🔄 Identity reset
[02:20:49] 🔄 Identity rotated (every 10 requests)
[02:20:49] [225/456] STPS
[02:20:50] [226/456] WWCZ
[02:20:51] [227/456] LLCH
[02:20:52] [228/456] MZHA
[02:20:53] [229/456] CRJG
[02:20:54] [230/456] JGTK
[02:20:55] [231/456] KCSR
[02:20:56] [232/456] CHTL
[02:20:57] [233/456] EDSR
[02:20:58] [234/456] CSWO
[02:20:59] 🔄 Identity reset
[02:20:59] 🔄 Identity rotated (every 10 requests)
[02:20:59] 🔄 Retry 1/5 for CSWO in 2.2s
[02:20:59] 🔄 Identity reset
[02:21:01] 🧠 New identity created
[02:21:01] 🔄 Retry 2/5 for CSWO in 4.1s
[02:21:01] 🔄 Identity reset
[02:21:05] 🧠 New identity created
[02:21:05] [235/456] CPVM
[02:21:06] [236/456] MXBY
[02:21:07] [237/456] FMMA
[02:21:09] [238/456] POVI
[02:21:10] [239/456] MTHB
[02:21:11] [240/456] INRC
[02:21:12] [241/456] PIPP
[02:21:13] [242/456] BMXC
[02:21:14] 🔄 Identity reset
[02:21:14] 🔄 Identity rotated (every 10 requests)
[02:21:15] [243/456] PCMM
[02:21:17] [244/456] PMKM
[02:21:18] [245/456] GATY
[02:21:19] [246/456] IMCM
[02:21:20] [247/456] POPE
[02:21:21] [248/456] MTCR
[02:21:22] [249/456] PVAE
[02:21:24] [250/456] PVMI
[02:21:25] [251/456] CPNM
[02:21:27] [252/456] FMRL
[02:21:27] 🔄 Identity reset
[02:21:27] 🔄 Identity rotated (every 10 requests)
[02:21:29] [253/456] MCIW
[02:21:30] [254/456] MXBO
[02:21:31] [255/456] FMKY
[02:21:32] [256/456] FMDA
[02:21:33] [257/456] THAB
[02:21:34] [258/456] PRCW
[02:21:34] [259/456] PITI
[02:21:35] [260/456] MCFF
[02:21:36] [261/456] PDDV
[02:21:37] [262/456] MCRM
[02:21:38] 🔄 Identity reset
[02:21:38] 🔄 Identity rotated (every 10 requests)
[02:21:38] 🔄 Retry 1/5 for MCRM in 2.2s
[02:21:38] 🔄 Identity reset
[02:21:40] 🧠 New identity created
[02:21:41] [263/456] KKMB
[02:21:43] [264/456] INKO
[02:21:44] [265/456] PLXP
[02:21:45] [266/456] MMHA
[02:21:45] [267/456] FMVS
[02:21:46] [268/456] POLM
[02:21:48] [269/456] STER
[02:21:49] [270/456] PVWJ
[02:21:51] [271/456] IMJW
[02:21:52] 🔄 Identity reset
[02:21:52] 🔄 Identity rotated (every 10 requests)
[02:21:53] [272/456] FNAN
[02:21:54] [273/456] CAGL
[02:21:55] [274/456] IPBG
[02:21:56] [275/456] SMFV
[02:21:57] [276/456] MMMR
[02:21:58] [277/456] MMWM
[02:21:59] [278/456] FNCM
[02:22:00] [279/456] MDVA
[02:22:01] [280/456] MMET
[02:22:02] [281/456] MIDO
[02:22:02] 🔄 Identity reset
[02:22:02] 🔄 Identity rotated (every 10 requests)
[02:22:03] [282/456] INNP
[02:22:04] [283/456] MIFU
[02:22:04] [284/456] MMSZ
[02:22:05] [285/456] BMXA
[02:22:06] [286/456] MCAA
[02:22:07] [287/456] SCVP
[02:22:08] [288/456] PLUS
[02:22:09] [289/456] MUCK
[02:22:11] [290/456] MTMA
[02:22:11] [291/456] HPVR
[02:22:12] 🔄 Identity reset
[02:22:12] 🔄 Identity rotated (every 10 requests)
[02:22:12] 🔄 Retry 1/5 for HPVR in 3.0s
[02:22:12] 🔄 Identity reset
[02:22:15] 🧠 New identity created
[02:22:16] [292/456] PMPK
[02:22:17] [293/456] MAJB
[02:22:18] [294/456] CTRR
[02:22:19] [295/456] MCTG
[02:22:19] [296/456] MACE
[02:22:20] [297/456] AAAS
[02:22:21] [298/456] CPVV
[02:22:23] [299/456] RCHG
[02:22:24] [300/456] MCNE
[02:22:24] 🔄 Identity reset
[02:22:24] 🔄 Identity rotated (every 10 requests)
[02:22:24] 🔄 Retry 1/5 for MCNE in 2.1s
[02:22:24] 🔄 Identity reset
[02:22:26] 🧠 New identity created
[02:22:27] [301/456] EMNC
[02:22:28] [302/456] MCAN
[02:22:29] [303/456] TCDM
[02:22:30] [304/456] IRGT
[02:22:31] [305/456] GCMG
[02:22:32] [306/456] MXSN
[02:22:33] [307/456] MXCK
[02:22:35] [308/456] MCRC
[02:22:36] [309/456] RSMI
[02:22:37] 🔄 Identity reset
[02:22:37] 🔄 Identity rotated (every 10 requests)
[02:22:37] [310/456] WAML
[02:22:38] [311/456] MTSC
[02:22:39] [312/456] FMDR
[02:22:41] [313/456] LEPV
[02:22:42] [314/456] MTGD
[02:22:43] [315/456] IMOB
[02:22:44] [316/456] CLMM
[02:22:44] [317/456] PZCD
[02:22:46] [318/456] GOCS
[02:22:47] [319/456] KCMA
[02:22:47] 🔄 Identity reset
[02:22:47] 🔄 Identity rotated (every 10 requests)
[02:22:48] [320/456] CCMP
[02:22:49] [321/456] MTSU
[02:22:50] [322/456] SNGL
[02:22:50] [323/456] MMMC
[02:22:52] [324/456] MMAA
[02:22:53] [325/456] GCDM
[02:22:55] [326/456] KTMV
[02:22:56] [327/456] AETE
[02:22:56] [328/456] OMCS
[02:22:57] [329/456] GDCD
[02:22:58] 🔄 Identity reset
[02:22:58] 🔄 Identity rotated (every 10 requests)
[02:22:58] [330/456] NYMD
[02:22:59] [331/456] RNCV
[02:23:00] [332/456] KKMT
[02:23:02] [333/456] GDTH
[02:23:04] [334/456] KMMV
[02:23:05] [335/456] NHCG
[02:23:06] [336/456] PJDW
[02:23:08] [337/456] MMCV
[02:23:09] [338/456] FQSA
[02:23:10] [339/456] KURL
[02:23:11] 🔄 Identity reset
[02:23:11] 🔄 Identity rotated (every 10 requests)
[02:23:11] [340/456] NNNX
[02:23:12] [341/456] AMAU
[02:23:13] [342/456] VVVM
[02:23:14] [343/456] VECU
[02:23:15] [344/456] WCVR
[02:23:16] [345/456] MTGG
[02:23:17] [346/456] SGTG
[02:23:18] [347/456] MNTG
[02:23:19] [348/456] JDDG
[02:23:20] [349/456] MBTK
[02:23:20] 🔄 Identity reset
[02:23:20] 🔄 Identity rotated (every 10 requests)
[02:23:21] [350/456] SGCD
[02:23:23] [351/456] MCTC
[02:23:24] [352/456] JTPC
[02:23:25] [353/456] SDKT
[02:23:25] [354/456] KRCC
[02:23:27] [355/456] RMMD
[02:23:28] [356/456] AAME
[02:23:29] [357/456] TMWC
[02:23:30] [358/456] NRWY
[02:23:32] [359/456] CITD
[02:23:33] 🔄 Identity reset
[02:23:33] 🔄 Identity rotated (every 10 requests)
[02:23:33] [360/456] VERD
[02:23:34] [361/456] MKSK
[02:23:35] [362/456] STSM
[02:23:36] [363/456] MJDG
[02:23:37] [364/456] RKPM
[02:23:38] [365/456] SSCE
[02:23:38] [366/456] VMAE
[02:23:39] [367/456] SBRU
[02:23:40] [368/456] AMBC
[02:23:41] [369/456] AMLU
[02:23:42] 🔄 Identity reset
[02:23:42] 🔄 Identity rotated (every 10 requests)
[02:23:42] [370/456] INVZ
[02:23:45] [371/456] LGTV
[02:23:46] [372/456] SVAD
[02:23:47] [373/456] SMSA
[02:23:48] [374/456] SPCZ
[02:23:49] [375/456] GTCX
[02:23:50] [376/456] SCSL
[02:23:51] [377/456] SAHU
[02:23:52] [378/456] NCDA
[02:23:54] [379/456] SCCG
[02:23:55] 🔄 Identity reset
[02:23:55] 🔄 Identity rotated (every 10 requests)
[02:23:55] [380/456] VKTL
[02:23:56] [381/456] PUUJ
[02:23:57] [382/456] STEJ
[02:23:58] [383/456] RJAL
[02:23:59] [384/456] ACJC
[02:24:00] [385/456] ARVB
[02:24:01] [386/456] AUBB
[02:24:02] [387/456] GDBR
[02:24:03] [388/456] PVND
[02:24:03] [389/456] BGRJ
[02:24:04] 🔄 Identity reset
[02:24:04] 🔄 Identity rotated (every 10 requests)
[02:24:05] [390/456] RJMM
[02:24:06] [391/456] MCSA
[02:24:07] [392/456] BODA
[02:24:08] [393/456] JAGG
[02:24:09] [394/456] SCGA
[02:24:10] [395/456] LRCM
[02:24:10] [396/456] CPCN
[02:24:11] [397/456] SSTF
[02:24:13] [398/456] SRXP
[02:24:14] [399/456] CNFX
[02:24:14] 🔄 Identity reset
[02:24:14] 🔄 Identity rotated (every 10 requests)
[02:24:15] [400/456] ANDI
[02:24:17] [401/456] SYEW
[02:24:18] [402/456] RCRE
[02:24:21] [403/456] SCRW
[02:24:22] [404/456] MBKR
[02:24:23] [405/456] ASNT
[02:24:23] [406/456] JTMT
[02:24:24] [407/456] SHAY
[02:24:25] [408/456] VRTH
[02:24:26] [409/456] SPTI
[02:24:27] 🔄 Identity reset
[02:24:27] 🔄 Identity rotated (every 10 requests)
[02:24:27] [410/456] DPTD
[02:24:28] [411/456] TGSN
[02:24:29] [412/456] RCWV
[02:24:30] [413/456] OCUR
[02:24:31] [414/456] KSTC
[02:24:33] [415/456] SANI
[02:24:34] [416/456] MLCA
[02:24:35] [417/456] EGCA
[02:24:36] [418/456] SYSN
[02:24:37] [419/456] PKTA
[02:24:37] 🔄 Identity reset
[02:24:37] 🔄 Identity rotated (every 10 requests)
[02:24:38] [420/456] PRCC
[02:24:39] [421/456] KSTR
[02:24:40] [422/456] SNTP
[02:24:42] [423/456] RCHA
[02:24:43] [424/456] SEEA
[02:24:44] [425/456] ALAT
[02:24:45] [426/456] AATV
[02:24:46] [427/456] RJTE
[02:24:47] [428/456] AAPP
[02:24:49] [429/456] PMMH
[02:24:50] 🔄 Identity reset
[02:24:50] 🔄 Identity rotated (every 10 requests)
[02:24:50] [430/456] INRJ
[02:24:51] [431/456] SARB
[02:24:52] [432/456] PCJL
[02:24:54] [433/456] PFJJ
[02:24:55] [434/456] GRDC
[02:24:56] [435/456] BCBA
[02:24:57] [436/456] VIXL
[02:24:59] [437/456] CSTL
[02:25:00] [438/456] MTDK
[02:25:01] [439/456] TDAC
[02:25:01] 🔄 Identity reset
[02:25:01] 🔄 Identity rotated (every 10 requests)
[02:25:02] [440/456] GTDN
[02:25:03] [441/456] TTDE
[02:25:05] [442/456] ASTS
[02:25:06] [443/456] CPNS
[02:25:07] [444/456] PVVW
[02:25:09] [445/456] USEB
[02:25:10] [446/456] DTYN
[02:25:11] [447/456] PVLE
[02:25:12] [448/456] CIPS
[02:25:13] [449/456] PAEG
[02:25:14] 🔄 Identity reset
[02:25:14] 🔄 Identity rotated (every 10 requests)
[02:25:15] [450/456] PTCW
[02:25:16] [451/456] G3SR
[02:25:17] [452/456] PGND
[02:25:18] [453/456] INVM
[02:25:19] [454/456] SPIA
[02:25:20] [455/456] PCSN
[02:25:21] [456/456] PPGV
[02:25:23] ✅ DONE | Shows=0 | Movies=0
[03:16:03] 🚀 BMS DAILY TRACKER STARTED (enhanced anti‑detection)
[03:16:03] [1/456] FNDB
[03:16:04] 🧠 New identity created
[03:16:04] [2/456] AMBH
[03:16:05] [3/456] PRHN
[03:16:06] [4/456] ACPM
[03:16:07] [5/456] PVFS
[03:16:08] [6/456] AACN
[03:16:08] [7/456] ACAS
[03:16:09] [8/456] CTNR
[03:16:10] [9/456] MMAH
[03:16:11] [10/456] CPMH
[03:16:12] 🔄 Identity reset
[03:16:12] 🔄 Identity rotated (every 10 requests)
[03:16:12] [11/456] IGMH
[03:16:14] [12/456] ABCS
[03:16:15] [13/456] CMMA
[03:16:15] [14/456] GPRH
[03:16:16] [15/456] PNNG
[03:16:17] [16/456] AMCA
[03:16:18] [17/456] ISTN
[03:16:19] [18/456] PIIC
[03:16:20] [19/456] AHMH
[03:16:21] [20/456] ASHN
[03:16:21] 🔄 Identity reset
[03:16:21] 🔄 Identity rotated (every 10 requests)
[03:16:21] 🔄 Retry 1/5 for ASHN in 2.6s
[03:16:21] 🔄 Identity reset
[03:16:24] 🧠 New identity created
[03:16:24] [21/456] INHY
[03:16:25] [22/456] SRMO
[03:16:26] [23/456] PIMH
[03:16:27] [24/456] PVTS
[03:16:29] [25/456] MMCA
[03:16:30] [26/456] AKYJ
[03:16:30] [27/456] BRKH
[03:16:31] [28/456] MAHM
[03:16:33] [29/456] CPHY
[03:16:33] 🔄 Identity reset
[03:16:33] 🔄 Identity rotated (every 10 requests)
[03:16:34] [30/456] PVTP
[03:16:35] [31/456] SMMR
[03:16:36] [32/456] PVHM
[03:16:38] [33/456] SNDY
[03:16:39] [34/456] GOKU
[03:16:40] [35/456] ACEV
[03:16:41] [36/456] PVUM
[03:16:42] [37/456] VSWA
[03:16:43] [38/456] IPRS
[03:16:44] [39/456] BKMV
[03:16:44] 🔄 Identity reset
[03:16:44] 🔄 Identity rotated (every 10 requests)
[03:16:45] [40/456] PVYH
[03:16:45] [41/456] INKM
[03:16:46] [42/456] ARJU
[03:16:47] [43/456] JJPP
[03:16:48] [44/456] SSRM
[03:16:49] [45/456] HMHD
[03:16:50] [46/456] SNKH
[03:16:51] [47/456] ACHI
[03:16:52] [48/456] MRAA
[03:16:53] [49/456] INMH
[03:16:53] 🔄 Identity reset
[03:16:53] 🔄 Identity rotated (every 10 requests)
[03:16:54] [50/456] ARMH
[03:16:54] [51/456] DVRR
[03:16:56] [52/456] SUDA
[03:16:57] [53/456] MCSS
[03:16:58] [54/456] VRKC
[03:16:59] [55/456] PRCX
[03:17:00] [56/456] ASJY
[03:17:01] [57/456] MTHY
[03:17:02] [58/456] SRCM
[03:17:04] [59/456] TVHY
[03:17:05] 🔄 Identity reset
[03:17:05] 🔄 Identity rotated (every 10 requests)
[03:17:06] [60/456] STHD
[03:17:07] [61/456] CPCL
[03:17:07] [62/456] PSMJ
[03:17:09] [63/456] MRGT
[03:17:10] [64/456] ARYH
[03:17:11] [65/456] VTRB
[03:17:12] [66/456] SCHC
[03:17:13] [67/456] MRRG
[03:17:14] [68/456] SPCB
[03:17:15] [69/456] AMCM
[03:17:15] 🔄 Identity reset
[03:17:15] 🔄 Identity rotated (every 10 requests)
[03:17:15] 🔄 Retry 1/5 for AMCM in 2.1s
[03:17:15] 🔄 Identity reset
[03:17:17] 🧠 New identity created
[03:17:18] [70/456] IVNM
[03:17:19] [71/456] TRHY
[03:17:20] [72/456] PTTH
[03:17:21] [73/456] RKMH
[03:17:22] [74/456] PRCS
[03:17:23] [75/456] VAJA
[03:17:24] [76/456] BJNG
[03:17:25] [77/456] SCVM
[03:17:26] [78/456] GNHB
[03:17:27] 🔄 Identity reset
[03:17:27] 🔄 Identity rotated (every 10 requests)
[03:17:27] [79/456] TLUR
[03:17:29] [80/456] UKCC
[03:17:30] [81/456] SRKR
[03:17:30] [82/456] RMKN
[03:17:31] [83/456] SLRT
[03:17:32] [84/456] LKMT
[03:17:33] [85/456] SSRJ
[03:17:34] [86/456] SPHT
[03:17:36] [87/456] ANTT
[03:17:37] [88/456] SRCH
[03:17:37] 🔄 Identity reset
[03:17:37] 🔄 Identity rotated (every 10 requests)
[03:17:38] [89/456] SRCA
[03:17:39] [90/456] ARTH
[03:17:39] [91/456] MCBH
[03:17:40] [92/456] SNIB
[03:17:42] [93/456] SART
[03:17:43] [94/456] SKTA
[03:17:43] [95/456] YAKT
[03:17:44] [96/456] MLCK
[03:17:45] [97/456] ANTS
[03:17:46] [98/456] DGCA
[03:17:47] 🔄 Identity reset
[03:17:47] 🔄 Identity rotated (every 10 requests)
[03:17:47] [99/456] SGMP
[03:17:48] [100/456] ASWN
[03:17:49] [101/456] KFVU
[03:17:50] [102/456] POOR
[03:17:51] [103/456] GKDN
[03:17:53] [104/456] EOSE
[03:17:54] [105/456] GTTT
[03:17:55] [106/456] ARRO
[03:17:55] [107/456] CMMK
[03:17:56] [108/456] MSCN
[03:17:57] 🔄 Identity reset
[03:17:57] 🔄 Identity rotated (every 10 requests)
[03:17:57] [109/456] GDKH
[03:17:58] [110/456] DLMT
[03:17:59] [111/456] PVMF
[03:18:01] [112/456] CPCK
[03:18:01] [113/456] VMHE
[03:18:02] [114/456] PVLC
[03:18:03] [115/456] PCVB
[03:18:04] [116/456] SNYK
[03:18:05] [117/456] KTEK
[03:18:05] [118/456] PCNM
[03:18:06] 🔄 Identity reset
[03:18:06] 🔄 Identity rotated (every 10 requests)
[03:18:06] [119/456] NTTR
[03:18:07] [120/456] CPSK
[03:18:08] [121/456] JMMA
[03:18:09] [122/456] GCFK
[03:18:10] [123/456] MYCA
[03:18:11] [124/456] KSNP
[03:18:12] [125/456] PMCE
[03:18:13] [126/456] SCKI
[03:18:14] [127/456] FSMA
[03:18:15] [128/456] CETA
[03:18:16] 🔄 Identity reset
[03:18:16] 🔄 Identity rotated (every 10 requests)
[03:18:16] [129/456] MCIK
[03:18:18] [130/456] MYCR
[03:18:19] [131/456] EVMP
[03:18:20] [132/456] SSGT
[03:18:20] [133/456] KCTK
[03:18:21] [134/456] ZTKC
[03:18:22] [135/456] MMTA
[03:18:23] [136/456] MAJT
[03:18:24] [137/456] ACPK
[03:18:25] [138/456] JMAX
[03:18:26] 🔄 Identity reset
[03:18:26] 🔄 Identity rotated (every 10 requests)
[03:18:26] [139/456] SETK
[03:18:27] [140/456] CAIS
[03:18:28] [141/456] AGCD
[03:18:29] [142/456] URCL
[03:18:30] [143/456] VTDS
[03:18:31] [144/456] JCNM
[03:18:31] [145/456] KCAM
[03:18:32] [146/456] ADCU
[03:18:33] [147/456] GXYN
[03:18:34] [148/456] SMJG
[03:18:35] 🔄 Identity reset
[03:18:35] 🔄 Identity rotated (every 10 requests)
[03:18:35] [149/456] EYCJ
[03:18:36] [150/456] CCEJ
[03:18:37] [151/456] MARS
[03:18:38] [152/456] CPVJ
[03:18:38] [153/456] INVP
[03:18:39] [154/456] CPOV
[03:18:40] [155/456] VIJK
[03:18:41] [156/456] LAIM
[03:18:42] [157/456] STHV
[03:18:43] [158/456] SVLJ
[03:18:44] 🔄 Identity reset
[03:18:44] 🔄 Identity rotated (every 10 requests)
[03:18:44] [159/456] ATVJ
[03:18:45] [160/456] JTSC
[03:18:46] [161/456] RMTV
[03:18:47] [162/456] MGGG
[03:18:48] [163/456] SWTH
[03:18:49] [164/456] INVJ
[03:18:50] [165/456] PRSV
[03:18:51] [166/456] JATV
[03:18:52] [167/456] RCVD
[03:18:53] [168/456] BDMA
[03:18:54] 🔄 Identity reset
[03:18:54] 🔄 Identity rotated (every 10 requests)
[03:18:54] [169/456] BLJI
[03:18:55] [170/456] SWOT
[03:18:56] [171/456] SWRN
[03:18:57] [172/456] TVRA
[03:18:58] [173/456] NVRN
[03:18:58] [174/456] SIKC
[03:19:00] [175/456] VAKR
[03:19:02] [176/456] SYLN
[03:19:03] [177/456] KLJL
[03:19:04] [178/456] LKMY
[03:19:04] 🔄 Identity reset
[03:19:04] 🔄 Identity rotated (every 10 requests)
[03:19:05] [179/456] VSLY
[03:19:06] [180/456] CIKO
[03:19:07] [181/456] GPBG
[03:19:07] [182/456] CECM
[03:19:08] [183/456] SLKB
[03:19:09] [184/456] MTBO
[03:19:10] [185/456] SSHB
[03:19:11] [186/456] VPCS
[03:19:12] [187/456] RCSR
[03:19:13] [188/456] RJRM
[03:19:13] 🔄 Identity reset
[03:19:13] 🔄 Identity rotated (every 10 requests)
[03:19:14] [189/456] KPPB
[03:19:15] [190/456] SEDC
[03:19:16] [191/456] SCAI
[03:19:16] [192/456] RMTR
[03:19:18] [193/456] ASST
[03:19:20] [194/456] GCAK
[03:19:21] [195/456] ANNK
[03:19:21] [196/456] KDDF
[03:19:23] [197/456] NRDP
[03:19:23] [198/456] PLAK
[03:19:24] 🔄 Identity reset
[03:19:24] 🔄 Identity rotated (every 10 requests)
[03:19:24] 🔄 Retry 1/5 for PLAK in 2.6s
[03:19:24] 🔄 Identity reset
[03:19:27] 🧠 New identity created
[03:19:27] [199/456] GCMC
[03:19:28] [200/456] ALPY
[03:19:29] [201/456] SICE
[03:19:30] [202/456] SISR
[03:19:31] [203/456] SRPZ
[03:19:32] [204/456] SRSW
[03:19:33] [205/456] SUYA
[03:19:33] [206/456] AMMT
[03:19:34] [207/456] BHCU
[03:19:35] 🔄 Identity reset
[03:19:35] 🔄 Identity rotated (every 10 requests)
[03:19:35] [208/456] KLPA
[03:19:36] [209/456] NVKH
[03:19:37] [210/456] JMRC
[03:19:38] [211/456] KTTT
[03:19:39] [212/456] MAGH
[03:19:40] [213/456] MMMX
[03:19:41] [214/456] SALJ
[03:19:41] [215/456] GTJA
[03:19:42] [216/456] MAHT
[03:19:43] [217/456] SSNN
[03:19:44] 🔄 Identity reset
[03:19:44] 🔄 Identity rotated (every 10 requests)
[03:19:45] [218/456] ARRP
[03:19:47] [219/456] ATNS
[03:19:48] [220/456] SKDT
[03:19:48] [221/456] ACAT
[03:19:49] [222/456] APRC
[03:19:50] [223/456] SWAG
[03:19:51] [224/456] SDPT
[03:19:52] [225/456] STPS
[03:19:53] [226/456] WWCZ
[03:19:54] [227/456] LLCH
[03:19:54] 🔄 Identity reset
[03:19:54] 🔄 Identity rotated (every 10 requests)
[03:19:55] 🔄 Retry 1/5 for LLCH in 2.9s
[03:19:55] 🔄 Identity reset
[03:19:57] 🧠 New identity created
[03:19:58] 🔄 Retry 2/5 for LLCH in 4.2s
[03:19:58] 🔄 Identity reset
[03:20:02] 🧠 New identity created
[03:20:02] [228/456] MZHA
[03:20:04] [229/456] CRJG
[03:20:05] [230/456] JGTK
[03:20:05] [231/456] KCSR
[03:20:06] [232/456] CHTL
[03:20:07] [233/456] EDSR
[03:20:08] [234/456] CSWO
[03:20:09] [235/456] CPVM
[03:20:09] 🔄 Identity reset
[03:20:09] 🔄 Identity rotated (every 10 requests)
[03:20:10] [236/456] MXBY
[03:20:11] [237/456] FMMA
[03:20:13] [238/456] POVI
[03:20:14] [239/456] MTHB
[03:20:14] [240/456] INRC
[03:20:15] [241/456] PIPP
[03:20:16] [242/456] BMXC
[03:20:17] [243/456] PCMM
[03:20:18] [244/456] PMKM
[03:20:19] [245/456] GATY
[03:20:19] 🔄 Identity reset
[03:20:19] 🔄 Identity rotated (every 10 requests)
[03:20:19] 🔄 Retry 1/5 for GATY in 2.4s
[03:20:19] 🔄 Identity reset
[03:20:22] 🧠 New identity created
[03:20:22] [246/456] IMCM
[03:20:23] [247/456] POPE
[03:20:24] [248/456] MTCR
[03:20:25] [249/456] PVAE
[03:20:26] [250/456] PVMI
[03:20:27] [251/456] CPNM
[03:20:28] [252/456] FMRL
[03:20:29] [253/456] MCIW
[03:20:30] [254/456] MXBO
[03:20:30] 🔄 Identity reset
[03:20:30] 🔄 Identity rotated (every 10 requests)
[03:20:31] [255/456] FMKY
[03:20:32] [256/456] FMDA
[03:20:32] [257/456] THAB
[03:20:33] [258/456] PRCW
[03:20:34] [259/456] PITI
[03:20:35] [260/456] MCFF
[03:20:36] [261/456] PDDV
[03:20:37] [262/456] MCRM
[03:20:38] [263/456] KKMB
[03:20:39] [264/456] INKO
[03:20:39] 🔄 Identity reset
[03:20:39] 🔄 Identity rotated (every 10 requests)
[03:20:40] [265/456] PLXP
[03:20:41] [266/456] MMHA
[03:20:42] [267/456] FMVS
[03:20:43] [268/456] POLM
[03:20:44] [269/456] STER
[03:20:45] [270/456] PVWJ
[03:20:46] [271/456] IMJW
[03:20:47] [272/456] FNAN
[03:20:48] [273/456] CAGL
[03:20:49] [274/456] IPBG
[03:20:49] 🔄 Identity reset
[03:20:49] 🔄 Identity rotated (every 10 requests)
[03:20:50] [275/456] SMFV
[03:20:51] [276/456] MMMR
[03:20:52] [277/456] MMWM
[03:20:53] [278/456] FNCM
[03:20:54] [279/456] MDVA
[03:20:55] [280/456] MMET
[03:20:56] [281/456] MIDO
[03:20:57] [282/456] INNP
[03:20:58] [283/456] MIFU
[03:20:59] [284/456] MMSZ
[03:21:00] 🔄 Identity reset
[03:21:00] 🔄 Identity rotated (every 10 requests)
[03:21:00] 🔄 Retry 1/5 for MMSZ in 3.0s
[03:21:00] 🔄 Identity reset
[03:21:03] 🧠 New identity created
[03:21:03] [285/456] BMXA
[03:21:04] [286/456] MCAA
[03:21:05] [287/456] SCVP
[03:21:07] [288/456] PLUS
[03:21:08] [289/456] MUCK
[03:21:09] [290/456] MTMA
[03:21:10] [291/456] HPVR
[03:21:11] [292/456] PMPK
[03:21:12] [293/456] MAJB
[03:21:12] 🔄 Identity reset
[03:21:12] 🔄 Identity rotated (every 10 requests)
[03:21:13] [294/456] CTRR
[03:21:14] [295/456] MCTG
[03:21:14] [296/456] MACE
[03:21:15] [297/456] AAAS
[03:21:16] [298/456] CPVV
[03:21:17] [299/456] RCHG
[03:21:18] [300/456] MCNE
[03:21:19] [301/456] EMNC
[03:21:20] [302/456] MCAN
[03:21:21] [303/456] TCDM
[03:21:22] 🔄 Identity reset
[03:21:22] 🔄 Identity rotated (every 10 requests)
[03:21:22] [304/456] IRGT
[03:21:23] [305/456] GCMG
[03:21:24] [306/456] MXSN
[03:21:25] [307/456] MXCK
[03:21:26] [308/456] MCRC
[03:21:27] [309/456] RSMI
[03:21:28] [310/456] WAML
[03:21:29] [311/456] MTSC
[03:21:30] [312/456] FMDR
[03:21:31] [313/456] LEPV
[03:21:31] 🔄 Identity reset
[03:21:31] 🔄 Identity rotated (every 10 requests)
[03:21:32] [314/456] MTGD
[03:21:33] [315/456] IMOB
[03:21:34] [316/456] CLMM
[03:21:35] [317/456] PZCD
[03:21:36] [318/456] GOCS
[03:21:37] [319/456] KCMA
[03:21:37] [320/456] CCMP
[03:21:38] [321/456] MTSU
[03:21:39] [322/456] SNGL
[03:21:40] [323/456] MMMC
[03:21:41] 🔄 Identity reset
[03:21:41] 🔄 Identity rotated (every 10 requests)
[03:21:41] [324/456] MMAA
[03:21:42] [325/456] GCDM
[03:21:44] [326/456] KTMV
[03:21:44] [327/456] AETE
[03:21:46] [328/456] OMCS
[03:21:47] [329/456] GDCD
[03:21:48] [330/456] NYMD
[03:21:49] [331/456] RNCV
[03:21:49] [332/456] KKMT
[03:21:50] [333/456] GDTH
[03:21:51] 🔄 Identity reset
[03:21:51] 🔄 Identity rotated (every 10 requests)
[03:21:51] [334/456] KMMV
[03:21:52] [335/456] NHCG
[03:21:53] [336/456] PJDW
[03:21:54] [337/456] MMCV
[03:21:54] [338/456] FQSA
[03:21:55] [339/456] KURL
[03:21:56] [340/456] NNNX
[03:21:57] [341/456] AMAU
[03:21:58] [342/456] VVVM
[03:21:59] [343/456] VECU
[03:22:00] 🔄 Identity reset
[03:22:00] 🔄 Identity rotated (every 10 requests)
[03:22:00] [344/456] WCVR
[03:22:01] [345/456] MTGG
[03:22:02] [346/456] SGTG
[03:22:03] [347/456] MNTG
[03:22:04] [348/456] JDDG
[03:22:05] [349/456] MBTK
[03:22:06] [350/456] SGCD
[03:22:08] [351/456] MCTC
[03:22:09] [352/456] JTPC
[03:22:11] [353/456] SDKT
[03:22:12] 🔄 Identity reset
[03:22:12] 🔄 Identity rotated (every 10 requests)
[03:22:12] [354/456] KRCC
[03:22:13] [355/456] RMMD
[03:22:14] [356/456] AAME
[03:22:15] [357/456] TMWC
[03:22:16] [358/456] NRWY
[03:22:17] [359/456] CITD
[03:22:18] [360/456] VERD
[03:22:20] [361/456] MKSK
[03:22:21] [362/456] STSM
[03:22:21] [363/456] MJDG
[03:22:22] 🔄 Identity reset
[03:22:22] 🔄 Identity rotated (every 10 requests)
[03:22:22] [364/456] RKPM
[03:22:24] [365/456] SSCE
[03:22:25] [366/456] VMAE
[03:22:25] [367/456] SBRU
[03:22:26] [368/456] AMBC
[03:22:28] [369/456] AMLU
[03:22:30] [370/456] INVZ
[03:22:30] [371/456] LGTV
[03:22:31] [372/456] SVAD
[03:22:32] [373/456] SMSA
[03:22:33] 🔄 Identity reset
[03:22:33] 🔄 Identity rotated (every 10 requests)
[03:22:33] [374/456] SPCZ
[03:22:34] [375/456] GTCX
[03:22:35] [376/456] SCSL
[03:22:36] [377/456] SAHU
[03:22:37] [378/456] NCDA
[03:22:37] [379/456] SCCG
[03:22:38] [380/456] VKTL
[03:22:39] [381/456] PUUJ
[03:22:40] [382/456] STEJ
[03:22:41] [383/456] RJAL
[03:22:42] 🔄 Identity reset
[03:22:42] 🔄 Identity rotated (every 10 requests)
[03:22:42] [384/456] ACJC
[03:22:43] [385/456] ARVB
[03:22:44] [386/456] AUBB
[03:22:45] [387/456] GDBR
[03:22:46] [388/456] PVND
[03:22:47] [389/456] BGRJ
[03:22:48] [390/456] RJMM
[03:22:49] [391/456] MCSA
[03:22:49] [392/456] BODA
[03:22:50] [393/456] JAGG
[03:22:51] 🔄 Identity reset
[03:22:51] 🔄 Identity rotated (every 10 requests)
[03:22:51] [394/456] SCGA
[03:22:52] [395/456] LRCM
[03:22:53] [396/456] CPCN
[03:22:54] [397/456] SSTF
[03:22:56] [398/456] SRXP
[03:22:57] [399/456] CNFX
[03:22:58] [400/456] ANDI
[03:22:59] [401/456] SYEW
[03:23:00] [402/456] RCRE
[03:23:01] [403/456] SCRW
[03:23:01] 🔄 Identity reset
[03:23:01] 🔄 Identity rotated (every 10 requests)
[03:23:02] [404/456] MBKR
[03:23:03] [405/456] ASNT
[03:23:04] [406/456] JTMT
[03:23:04] [407/456] SHAY
[03:23:05] [408/456] VRTH
[03:23:06] [409/456] SPTI
[03:23:07] [410/456] DPTD
[03:23:08] [411/456] TGSN
[03:23:09] [412/456] RCWV
[03:23:10] [413/456] OCUR
[03:23:10] 🔄 Identity reset
[03:23:10] 🔄 Identity rotated (every 10 requests)
[03:23:11] [414/456] KSTC
[03:23:12] [415/456] SANI
[03:23:13] [416/456] MLCA
[03:23:13] [417/456] EGCA
[03:23:14] [418/456] SYSN
[03:23:15] [419/456] PKTA
[03:23:16] [420/456] PRCC
[03:23:17] [421/456] KSTR
[03:23:18] [422/456] SNTP
[03:23:20] [423/456] RCHA
[03:23:20] 🔄 Identity reset
[03:23:20] 🔄 Identity rotated (every 10 requests)
[03:23:21] [424/456] SEEA
[03:23:22] [425/456] ALAT
[03:23:23] [426/456] AATV
[03:23:24] [427/456] RJTE
[03:23:25] [428/456] AAPP
[03:23:26] [429/456] PMMH
[03:23:27] [430/456] INRJ
[03:23:28] [431/456] SARB
[03:23:29] [432/456] PCJL
[03:23:30] [433/456] PFJJ
[03:23:30] 🔄 Identity reset
[03:23:30] 🔄 Identity rotated (every 10 requests)
[03:23:31] [434/456] GRDC
[03:23:31] [435/456] BCBA
[03:23:32] [436/456] VIXL
[03:23:33] [437/456] CSTL
[03:23:34] [438/456] MTDK
[03:23:36] [439/456] TDAC
[03:23:37] [440/456] GTDN
[03:23:38] [441/456] TTDE
[03:23:38] [442/456] ASTS
[03:23:39] [443/456] CPNS
[03:23:40] 🔄 Identity reset
[03:23:40] 🔄 Identity rotated (every 10 requests)
[03:23:40] [444/456] PVVW
[03:23:41] [445/456] USEB
[03:23:42] [446/456] DTYN
[03:23:43] [447/456] PVLE
[03:23:44] [448/456] CIPS
[03:23:45] [449/456] PAEG
[03:23:46] [450/456] PTCW
[03:23:46] [451/456] G3SR
[03:23:48] [452/456] PGND
[03:23:50] [453/456] INVM
[03:23:50] 🔄 Identity reset
[03:23:50] 🔄 Identity rotated (every 10 requests)
[03:23:51] [454/456] SPIA
[03:23:52] [455/456] PCSN
[03:23:53] [456/456] PPGV
[03:23:54] ✅ DONE | Shows=0 | Movies=0
