[00:16:16] 🚀 BMS DAILY TRACKER STARTED (enhanced anti‑detection)
[00:16:16] [1/326] BSAT
[00:16:17] 🧠 New identity created
[00:16:17] [2/326] RSSM
[00:16:18] [3/326] GCTA
[00:16:19] [4/326] TOPN
[00:16:19] [5/326] MCUS
[00:16:20] [6/326] SHRL
[00:16:21] [7/326] UPTP
[00:16:22] [8/326] TMMP
[00:16:23] [9/326] DNRP
[00:16:24] [10/326] SRLT
[00:16:25] 🔄 Identity reset
[00:16:25] 🔄 Identity rotated (every 10 requests)
[00:16:25] 🔄 Retry 1/5 for SRLT in 2.6s
[00:16:25] 🔄 Identity reset
[00:16:27] 🧠 New identity created
[00:16:28] [11/326] RCNS
[00:16:29] [12/326] DCBH
[00:16:30] [13/326] NAGJ
[00:16:31] [14/326] JVRC
[00:16:32] [15/326] KRJG
[00:16:33] [16/326] SRTJ
[00:16:33] [17/326] CMXM
[00:16:34] [18/326] STMI
[00:16:35] [19/326] SLST
[00:16:36] 🔄 Identity reset
[00:16:36] 🔄 Identity rotated (every 10 requests)
[00:16:36] [20/326] DTCN
[00:16:37] [21/326] STYN
[00:16:38] [22/326] SZVR
[00:16:39] [23/326] SRKO
[00:16:40] [24/326] JTGT
[00:16:41] [25/326] SVFD
[00:16:42] [26/326] SISD
[00:16:43] [27/326] ABDD
[00:16:44] [28/326] DRCA
[00:16:44] [29/326] AVCS
[00:16:45] 🔄 Identity reset
[00:16:45] 🔄 Identity rotated (every 10 requests)
[00:16:46] [30/326] MVKH
[00:16:47] [31/326] ACPR
[00:16:47] [32/326] STIP
[00:16:48] [33/326] MTRA
[00:16:49] [34/326] RMKH
[00:16:50] [35/326] NKRL
[00:16:51] [36/326] PCWN
[00:16:52] [37/326] BLMT
[00:16:53] [38/326] GDPG
[00:16:53] [39/326] SRMX
[00:16:54] 🔄 Identity reset
[00:16:54] 🔄 Identity rotated (every 10 requests)
[00:16:54] [40/326] JACP
[00:16:55] [41/326] CPSH
[00:16:56] [42/326] MCCD
[00:16:57] [43/326] ECGH
[00:16:57] [44/326] MKCK
[00:16:59] [45/326] SRMM
[00:16:59] [46/326] SKYR
[00:17:00] [47/326] PCKC
[00:17:01] [48/326] JCMA
[00:17:02] [49/326] BSMP
[00:17:03] 🔄 Identity reset
[00:17:03] 🔄 Identity rotated (every 10 requests)
[00:17:03] [50/326] VSPA
[00:17:04] [51/326] DJYA
[00:17:05] [52/326] DIMP
[00:17:06] [53/326] FXDR
[00:17:07] [54/326] SSRC
[00:17:08] [55/326] STHP
[00:17:09] [56/326] CPPD
[00:17:10] [57/326] FCLK
[00:17:10] [58/326] SCPP
[00:17:11] [59/326] DCMJ
[00:17:12] 🔄 Identity reset
[00:17:12] 🔄 Identity rotated (every 10 requests)
[00:17:12] [60/326] RCCR
[00:17:13] [61/326] INMT
[00:17:14] [62/326] LXTK
[00:17:15] [63/326] SRYK
[00:17:16] [64/326] SGDK
[00:17:16] [65/326] PPKA
[00:17:17] [66/326] SPKA
[00:17:19] [67/326] CGHH
[00:17:20] [68/326] DCJN
[00:17:21] [69/326] SRKV
[00:17:21] 🔄 Identity reset
[00:17:21] 🔄 Identity rotated (every 10 requests)
[00:17:21] 🔄 Retry 1/5 for SRKV in 2.6s
[00:17:21] 🔄 Identity reset
[00:17:24] 🧠 New identity created
[00:17:24] [70/326] SAJC
[00:17:25] [71/326] SUSR
[00:17:26] [72/326] STYG
[00:17:27] [73/326] NTKP
[00:17:28] [74/326] AKTG
[00:17:29] [75/326] CGCM
[00:17:30] [76/326] TULC
[00:17:30] [77/326] NYYZ
[00:17:31] [78/326] NYBW
[00:17:32] 🔄 Identity reset
[00:17:32] 🔄 Identity rotated (every 10 requests)
[00:17:32] [79/326] MACB
[00:17:33] [80/326] SLVT
[00:17:34] [81/326] SANA
[00:17:35] [82/326] ACMR
[00:17:35] [83/326] CPKN
[00:17:36] [84/326] DLGK
[00:17:37] [85/326] CWCK
[00:17:38] [86/326] FDDH
[00:17:38] [87/326] MMMD
[00:17:39] [88/326] CMEH
[00:17:40] 🔄 Identity reset
[00:17:40] 🔄 Identity rotated (every 10 requests)
[00:17:41] [89/326] GGGV
[00:17:41] [90/326] SPJL
[00:17:42] [91/326] RCCD
[00:17:43] [92/326] STTZ
[00:17:44] [93/326] BTCF
[00:17:45] [94/326] TSTZ
[00:17:46] [95/326] IPMM
[00:17:47] [96/326] PMPW
[00:17:48] [97/326] PCMZ
[00:17:49] [98/326] ESEM
[00:17:49] 🔄 Identity reset
[00:17:49] 🔄 Identity rotated (every 10 requests)
[00:17:50] [99/326] PIPO
[00:17:51] [100/326] MATK
[00:17:52] [101/326] PGHM
[00:17:53] [102/326] CTSR
[00:17:54] [103/326] CYKR
[00:17:55] [104/326] MSCM
[00:17:56] [105/326] RFNP
[00:17:57] [106/326] PDCP
[00:17:57] [107/326] NPSE
[00:17:58] [108/326] MKML
[00:17:59] 🔄 Identity reset
[00:17:59] 🔄 Identity rotated (every 10 requests)
[00:17:59] [109/326] FTDP
[00:18:01] [110/326] MMXA
[00:18:02] [111/326] CEPO
[00:18:02] [112/326] CMVP
[00:18:03] [113/326] SGTH
[00:18:05] [114/326] SAYN
[00:18:06] [115/326] URVS
[00:18:07] [116/326] VJTN
[00:18:08] [117/326] BBYK
[00:18:08] [118/326] SHBO
[00:18:09] 🔄 Identity reset
[00:18:09] 🔄 Identity rotated (every 10 requests)
[00:18:09] [119/326] VCMR
[00:18:10] [120/326] MACT
[00:18:10] [121/326] JMNP
[00:18:11] [122/326] VICS
[00:18:12] [123/326] VCDA
[00:18:13] [124/326] GCMM
[00:18:14] [125/326] INVS
[00:18:14] [126/326] SCGM
[00:18:15] [127/326] PCDA
[00:18:16] [128/326] KDCT
[00:18:17] 🔄 Identity reset
[00:18:17] 🔄 Identity rotated (every 10 requests)
[00:18:17] [129/326] JACS
[00:18:18] [130/326] GMMC
[00:18:19] [131/326] AICM
[00:18:19] [132/326] TJCM
[00:18:20] [133/326] RMTI
[00:18:22] [134/326] SHAC
[00:18:22] [135/326] APJC
[00:18:23] [136/326] GCTG
[00:18:24] [137/326] SSMC
[00:18:25] [138/326] THRM
[00:18:26] 🔄 Identity reset
[00:18:26] 🔄 Identity rotated (every 10 requests)
[00:18:26] [139/326] RBCT
[00:18:26] [140/326] DIKT
[00:18:27] [141/326] MIDL
[00:18:28] [142/326] VCSN
[00:18:29] [143/326] SKTG
[00:18:29] [144/326] SMWC
[00:18:30] [145/326] MNKH
[00:18:31] [146/326] PIAT
[00:18:32] [147/326] LTTP
[00:18:33] [148/326] PTPU
[00:18:33] 🔄 Identity reset
[00:18:33] 🔄 Identity rotated (every 10 requests)
[00:18:34] [149/326] ACMG
[00:18:34] [150/326] SHMM
[00:18:36] [151/326] MCMN
[00:18:37] [152/326] GLDC
[00:18:37] [153/326] HOUT
[00:18:38] [154/326] SVRP
[00:18:39] [155/326] PVDN
[00:18:40] [156/326] SCPY
[00:18:41] [157/326] DTPY
[00:18:41] [158/326] GKCS
[00:18:42] 🔄 Identity reset
[00:18:42] 🔄 Identity rotated (every 10 requests)
[00:18:42] [159/326] NCAM
[00:18:43] [160/326] BSRM
[00:18:44] [161/326] RCLC
[00:18:45] [162/326] SKKD
[00:18:45] [163/326] ACHU
[00:18:46] [164/326] RSCF
[00:18:47] [165/326] IMSH
[00:18:47] [166/326] MACX
[00:18:48] [167/326] HMMW
[00:18:49] [168/326] JTCP
[00:18:49] 🔄 Identity reset
[00:18:49] 🔄 Identity rotated (every 10 requests)
[00:18:50] [169/326] SREN
[00:18:51] [170/326] PJRR
[00:18:51] [171/326] INAC
[00:18:52] [172/326] BMCA
[00:18:53] [173/326] SHCB
[00:18:54] [174/326] GABA
[00:18:55] [175/326] SBCT
[00:18:56] [176/326] GCMA
[00:18:57] [177/326] MYTK
[00:18:57] [178/326] INZS
[00:18:58] 🔄 Identity reset
[00:18:58] 🔄 Identity rotated (every 10 requests)
[00:18:58] [179/326] RMIK
[00:18:59] [180/326] NYCH
[00:19:00] [181/326] RAVE
[00:19:00] [182/326] PSXM
[00:19:01] [183/326] MCGP
[00:19:02] [184/326] PDDK
[00:19:03] [185/326] SPCK
[00:19:04] [186/326] MCRL
[00:19:04] [187/326] MHKT
[00:19:05] [188/326] ANRR
[00:19:05] 🔄 Identity reset
[00:19:05] 🔄 Identity rotated (every 10 requests)
[00:19:06] [189/326] SAPK
[00:19:06] [190/326] NCUK
[00:19:07] [191/326] JUGA
[00:19:08] [192/326] DBSC
[00:19:08] [193/326] LALK
[00:19:09] [194/326] GUCK
[00:19:10] [195/326] STSG
[00:19:10] [196/326] PPPZ
[00:19:11] [197/326] CNCY
[00:19:12] [198/326] MTAR
[00:19:12] 🔄 Identity reset
[00:19:12] 🔄 Identity rotated (every 10 requests)
[00:19:13] [199/326] VNKD
[00:19:14] [200/326] KMAJ
[00:19:15] [201/326] ACXK
[00:19:17] [202/326] UTKC
[00:19:18] [203/326] PBLK
[00:19:19] [204/326] ACBX
[00:19:19] [205/326] PTGM
[00:19:20] [206/326] BTDA
[00:19:21] [207/326] PJMB
[00:19:22] [208/326] TPDA
[00:19:23] 🔄 Identity reset
[00:19:23] 🔄 Identity rotated (every 10 requests)
[00:19:23] 🔄 Retry 1/5 for TPDA in 2.2s
[00:19:23] 🔄 Identity reset
[00:19:25] 🧠 New identity created
[00:19:25] [209/326] AMOE
[00:19:26] [210/326] PRHT
[00:19:27] [211/326] PRTA
[00:19:28] [212/326] STAM
[00:19:28] [213/326] MSAA
[00:19:29] [214/326] SDLU
[00:19:30] [215/326] RCHH
[00:19:30] [216/326] KANT
[00:19:31] [217/326] FCRT
[00:19:31] 🔄 Identity reset
[00:19:31] 🔄 Identity rotated (every 10 requests)
[00:19:32] [218/326] DNKM
[00:19:33] [219/326] RYCP
[00:19:33] [220/326] MYRP
[00:19:34] [221/326] PPAK
[00:19:35] [222/326] NVPK
[00:19:36] [223/326] PRMC
[00:19:36] [224/326] JBCS
[00:19:37] [225/326] GXCK
[00:19:38] [226/326] USKO
[00:19:39] [227/326] GTEM
[00:19:40] 🔄 Identity reset
[00:19:40] 🔄 Identity rotated (every 10 requests)
[00:19:41] [228/326] SMBU
[00:19:41] [229/326] VETC
[00:19:42] [230/326] LCDA
[00:19:43] [231/326] MTVT
[00:19:44] [232/326] PYCP
[00:19:45] [233/326] PNSC
[00:19:46] [234/326] PPCC
[00:19:46] [235/326] TGRT
[00:19:47] [236/326] JYOT
[00:19:48] [237/326] SRCZ
[00:19:49] 🔄 Identity reset
[00:19:49] 🔄 Identity rotated (every 10 requests)
[00:19:49] [238/326] SJTE
[00:19:50] [239/326] DESC
[00:19:51] [240/326] JHVN
[00:19:51] [241/326] IPSG
[00:19:52] [242/326] IPCM
[00:19:53] [243/326] PDRS
[00:19:53] [244/326] ANCV
[00:19:54] [245/326] CMVV
[00:19:55] [246/326] SHYP
[00:19:56] [247/326] DNCS
[00:19:57] 🔄 Identity reset
[00:19:57] 🔄 Identity rotated (every 10 requests)
[00:19:57] [248/326] GAJK
[00:19:57] [249/326] AKTN
[00:19:58] [250/326] KAYA
[00:19:59] [251/326] SBRC
[00:20:00] [252/326] CHTP
[00:20:00] [253/326] SHRT
[00:20:02] [254/326] BCKU
[00:20:03] [255/326] FCPS
[00:20:03] [256/326] ARDD
[00:20:04] [257/326] CPCM
[00:20:04] 🔄 Identity reset
[00:20:04] 🔄 Identity rotated (every 10 requests)
[00:20:05] [258/326] CGSM
[00:20:05] [259/326] PSMP
[00:20:06] [260/326] SDAL
[00:20:06] [261/326] RTNB
[00:20:07] [262/326] LMCR
[00:20:08] [263/326] CIMA
[00:20:09] [264/326] RNAS
[00:20:09] [265/326] LITH
[00:20:11] [266/326] PBOX
[00:20:12] [267/326] FRTS
[00:20:12] 🔄 Identity reset
[00:20:12] 🔄 Identity rotated (every 10 requests)
[00:20:12] [268/326] RKIC
[00:20:13] [269/326] PTAI
[00:20:14] [270/326] GCIC
[00:20:15] [271/326] FNAS
[00:20:15] [272/326] SCAR
[00:20:16] [273/326] MTCA
[00:20:16] [274/326] SCTS
[00:20:17] [275/326] SYCS
[00:20:18] [276/326] RDMS
[00:20:19] [277/326] KAMP
[00:20:20] 🔄 Identity reset
[00:20:20] 🔄 Identity rotated (every 10 requests)
[00:20:20] [278/326] ERSD
[00:20:21] [279/326] MJMJ
[00:20:22] [280/326] SRCJ
[00:20:22] [281/326] SCXE
[00:20:23] [282/326] SVFR
[00:20:23] [283/326] BHCS
[00:20:24] [284/326] IMCC
[00:20:25] [285/326] PCBO
[00:20:26] [286/326] PRVN
[00:20:27] [287/326] AUPM
[00:20:27] 🔄 Identity reset
[00:20:27] 🔄 Identity rotated (every 10 requests)
[00:20:27] [288/326] INBW
[00:20:28] [289/326] SVCW
[00:20:28] [290/326] RKCF
[00:20:29] [291/326] UVBH
[00:20:30] [292/326] DNCY
[00:20:32] [293/326] ABCN
[00:20:32] [294/326] PRUR
[00:20:33] [295/326] PFMR
[00:20:34] [296/326] RKCN
[00:20:35] [297/326] CFEA
[00:20:35] 🔄 Identity reset
[00:20:35] 🔄 Identity rotated (every 10 requests)
[00:20:35] 🔄 Retry 1/5 for CFEA in 2.2s
[00:20:35] 🔄 Identity reset
[00:20:38] 🧠 New identity created
[00:20:38] [298/326] SDBG
[00:20:39] [299/326] SNAR
[00:20:40] [300/326] YISI
[00:20:40] [301/326] JCFF
[00:20:41] [302/326] VTRK
[00:20:42] [303/326] PCLZ
[00:20:43] [304/326] DIMY
[00:20:44] [305/326] BBTS
[00:20:45] [306/326] GATH
[00:20:45] 🔄 Identity reset
[00:20:45] 🔄 Identity rotated (every 10 requests)
[00:20:45] [307/326] GTMN
[00:20:46] [308/326] VTMH
[00:20:47] [309/326] CCKP
[00:20:48] [310/326] GPKA
[00:20:49] [311/326] MHCL
[00:20:50] [312/326] ATCL
[00:20:51] [313/326] SBCK
[00:20:51] [314/326] AMMR
[00:20:52] [315/326] MADC
[00:20:53] [316/326] TMMA
[00:20:53] 🔄 Identity reset
[00:20:53] 🔄 Identity rotated (every 10 requests)
[00:20:54] [317/326] CACC
[00:20:55] [318/326] CHAL
[00:20:56] [319/326] DURG
[00:20:57] [320/326] GMKU
[00:20:58] [321/326] GECA
[00:20:58] [322/326] KYRR
[00:20:59] [323/326] KSDE
[00:21:00] [324/326] LMCI
[00:21:01] [325/326] NKCP
[00:21:02] [326/326] BGTC
[00:21:02] 🔄 Identity reset
[00:21:02] 🔄 Identity rotated (every 10 requests)
[00:21:02] ✅ DONE | Shows=0 | Movies=0
[00:58:02] 🚀 BMS DAILY TRACKER STARTED (enhanced anti‑detection)
[00:58:02] [1/326] BSAT
[00:58:02] 🧠 New identity created
[00:58:03] [2/326] RSSM
[00:58:03] [3/326] GCTA
[00:58:04] [4/326] TOPN
[00:58:05] [5/326] MCUS
[00:58:06] [6/326] SHRL
[00:58:07] [7/326] UPTP
[00:58:08] [8/326] TMMP
[00:58:09] [9/326] DNRP
[00:58:10] [10/326] SRLT
[00:58:11] 🔄 Identity reset
[00:58:11] 🔄 Identity rotated (every 10 requests)
[00:58:12] [11/326] RCNS
[00:58:12] [12/326] DCBH
[00:58:13] [13/326] NAGJ
[00:58:14] [14/326] JVRC
[00:58:15] [15/326] KRJG
[00:58:17] [16/326] SRTJ
[00:58:18] [17/326] CMXM
[00:58:19] [18/326] STMI
[00:58:20] [19/326] SLST
[00:58:20] [20/326] DTCN
[00:58:21] 🔄 Identity reset
[00:58:21] 🔄 Identity rotated (every 10 requests)
[00:58:22] [21/326] STYN
[00:58:23] [22/326] SZVR
[00:58:23] [23/326] SRKO
[00:58:24] [24/326] JTGT
[00:58:26] [25/326] SVFD
[00:58:27] [26/326] SISD
[00:58:28] [27/326] ABDD
[00:58:29] [28/326] DRCA
[00:58:29] [29/326] AVCS
[00:58:30] [30/326] MVKH
[00:58:31] 🔄 Identity reset
[00:58:31] 🔄 Identity rotated (every 10 requests)
[00:58:31] 🔄 Retry 1/5 for MVKH in 2.5s
[00:58:31] 🔄 Identity reset
[00:58:34] 🧠 New identity created
[00:58:34] [31/326] ACPR
[00:58:35] [32/326] STIP
[00:58:36] [33/326] MTRA
[00:58:37] [34/326] RMKH
[00:58:37] [35/326] NKRL
[00:58:38] [36/326] PCWN
[00:58:39] [37/326] BLMT
[00:58:40] [38/326] GDPG
[00:58:41] [39/326] SRMX
[00:58:42] 🔄 Identity reset
[00:58:42] 🔄 Identity rotated (every 10 requests)
[00:58:42] [40/326] JACP
[00:58:43] [41/326] CPSH
[00:58:44] [42/326] MCCD
[00:58:45] [43/326] ECGH
[00:58:46] [44/326] MKCK
[00:58:47] [45/326] SRMM
[00:58:48] [46/326] SKYR
[00:58:49] [47/326] PCKC
[00:58:50] [48/326] JCMA
[00:58:51] [49/326] BSMP
[00:58:51] 🔄 Identity reset
[00:58:51] 🔄 Identity rotated (every 10 requests)
[00:58:52] [50/326] VSPA
[00:58:53] [51/326] DJYA
[00:58:53] [52/326] DIMP
[00:58:54] [53/326] FXDR
[00:58:55] [54/326] SSRC
[00:58:56] [55/326] STHP
[00:58:57] [56/326] CPPD
[00:58:58] [57/326] FCLK
[00:58:59] [58/326] SCPP
[00:59:00] [59/326] DCMJ
[00:59:01] 🔄 Identity reset
[00:59:01] 🔄 Identity rotated (every 10 requests)
[00:59:02] [60/326] RCCR
[00:59:03] [61/326] INMT
[00:59:04] [62/326] LXTK
[00:59:05] [63/326] SRYK
[00:59:05] [64/326] SGDK
[00:59:07] [65/326] PPKA
[00:59:07] [66/326] SPKA
[00:59:08] [67/326] CGHH
[00:59:09] [68/326] DCJN
[00:59:10] [69/326] SRKV
[00:59:11] 🔄 Identity reset
[00:59:11] 🔄 Identity rotated (every 10 requests)
[00:59:11] [70/326] SAJC
[00:59:12] [71/326] SUSR
[00:59:13] [72/326] STYG
[00:59:15] [73/326] NTKP
[00:59:15] [74/326] AKTG
[00:59:17] [75/326] CGCM
[00:59:18] [76/326] TULC
[00:59:19] [77/326] NYYZ
[00:59:20] [78/326] NYBW
[00:59:21] [79/326] MACB
[00:59:22] 🔄 Identity reset
[00:59:22] 🔄 Identity rotated (every 10 requests)
[00:59:22] [80/326] SLVT
[00:59:23] [81/326] SANA
[00:59:24] [82/326] ACMR
[00:59:25] [83/326] CPKN
[00:59:25] [84/326] DLGK
[00:59:27] [85/326] CWCK
[00:59:28] [86/326] FDDH
[00:59:29] [87/326] MMMD
[00:59:30] [88/326] CMEH
[00:59:31] [89/326] GGGV
[00:59:31] 🔄 Identity reset
[00:59:31] 🔄 Identity rotated (every 10 requests)
[00:59:31] 🔄 Retry 1/5 for GGGV in 2.8s
[00:59:31] 🔄 Identity reset
[00:59:34] 🧠 New identity created
[00:59:35] [90/326] SPJL
[00:59:35] [91/326] RCCD
[00:59:36] [92/326] STTZ
[00:59:38] [93/326] BTCF
[00:59:39] [94/326] TSTZ
[00:59:40] [95/326] IPMM
[00:59:41] [96/326] PMPW
[00:59:42] [97/326] PCMZ
[00:59:42] [98/326] ESEM
[00:59:43] 🔄 Identity reset
[00:59:43] 🔄 Identity rotated (every 10 requests)
[00:59:43] [99/326] PIPO
[00:59:44] [100/326] MATK
[00:59:45] [101/326] PGHM
[00:59:46] [102/326] CTSR
[00:59:47] [103/326] CYKR
[00:59:48] [104/326] MSCM
[00:59:49] [105/326] RFNP
[00:59:50] [106/326] PDCP
[00:59:51] [107/326] NPSE
[00:59:52] [108/326] MKML
[00:59:53] 🔄 Identity reset
[00:59:53] 🔄 Identity rotated (every 10 requests)
[00:59:53] [109/326] FTDP
[00:59:54] [110/326] MMXA
[00:59:55] [111/326] CEPO
[00:59:56] [112/326] CMVP
[00:59:57] [113/326] SGTH
[00:59:58] [114/326] SAYN
[00:59:59] [115/326] URVS
[01:00:00] [116/326] VJTN
[01:00:01] [117/326] BBYK
[01:00:01] [118/326] SHBO
[01:00:02] 🔄 Identity reset
[01:00:02] 🔄 Identity rotated (every 10 requests)
[01:00:02] [119/326] VCMR
[01:00:03] [120/326] MACT
[01:00:04] [121/326] JMNP
[01:00:05] [122/326] VICS
[01:00:07] [123/326] VCDA
[01:00:08] [124/326] GCMM
[01:00:09] [125/326] INVS
[01:00:10] [126/326] SCGM
[01:00:11] [127/326] PCDA
[01:00:12] [128/326] KDCT
[01:00:12] 🔄 Identity reset
[01:00:12] 🔄 Identity rotated (every 10 requests)
[01:00:12] 🔄 Retry 1/5 for KDCT in 2.5s
[01:00:12] 🔄 Identity reset
[01:00:15] 🧠 New identity created
[01:00:15] 🔄 Retry 2/5 for KDCT in 4.7s
[01:00:15] 🔄 Identity reset
[01:00:20] 🧠 New identity created
[01:00:20] [129/326] JACS
[01:00:21] [130/326] GMMC
[01:00:22] [131/326] AICM
[01:00:24] [132/326] TJCM
[01:00:25] [133/326] RMTI
[01:00:26] [134/326] SHAC
[01:00:27] [135/326] APJC
[01:00:28] [136/326] GCTG
[01:00:29] 🔄 Identity reset
[01:00:29] 🔄 Identity rotated (every 10 requests)
[01:00:29] [137/326] SSMC
[01:00:30] [138/326] THRM
[01:00:31] [139/326] RBCT
[01:00:32] [140/326] DIKT
[01:00:33] [141/326] MIDL
[01:00:34] [142/326] VCSN
[01:00:35] [143/326] SKTG
[01:00:36] [144/326] SMWC
[01:00:37] [145/326] MNKH
[01:00:38] [146/326] PIAT
[01:00:38] 🔄 Identity reset
[01:00:38] 🔄 Identity rotated (every 10 requests)
[01:00:38] 🔄 Retry 1/5 for PIAT in 2.7s
[01:00:38] 🔄 Identity reset
[01:00:41] 🧠 New identity created
[01:00:41] [147/326] LTTP
[01:00:42] [148/326] PTPU
[01:00:43] [149/326] ACMG
[01:00:45] [150/326] SHMM
[01:00:46] [151/326] MCMN
[01:00:47] [152/326] GLDC
[01:00:48] [153/326] HOUT
[01:00:49] [154/326] SVRP
[01:00:49] [155/326] PVDN
[01:00:50] 🔄 Identity reset
[01:00:50] 🔄 Identity rotated (every 10 requests)
[01:00:51] [156/326] SCPY
[01:00:52] [157/326] DTPY
[01:00:53] [158/326] GKCS
[01:00:54] [159/326] NCAM
[01:00:55] [160/326] BSRM
[01:00:57] [161/326] RCLC
[01:00:58] [162/326] SKKD
[01:01:00] [163/326] ACHU
[01:01:01] [164/326] RSCF
[01:01:02] [165/326] IMSH
[01:01:02] 🔄 Identity reset
[01:01:02] 🔄 Identity rotated (every 10 requests)
[01:01:03] [166/326] MACX
[01:01:04] [167/326] HMMW
[01:01:05] [168/326] JTCP
[01:01:06] [169/326] SREN
[01:01:07] [170/326] PJRR
[01:01:08] [171/326] INAC
[01:01:09] [172/326] BMCA
[01:01:10] [173/326] SHCB
[01:01:12] [174/326] GABA
[01:01:13] [175/326] SBCT
[01:01:13] 🔄 Identity reset
[01:01:13] 🔄 Identity rotated (every 10 requests)
[01:01:14] [176/326] GCMA
[01:01:15] [177/326] MYTK
[01:01:16] [178/326] INZS
[01:01:16] [179/326] RMIK
[01:01:17] [180/326] NYCH
[01:01:18] [181/326] RAVE
[01:01:20] [182/326] PSXM
[01:01:21] [183/326] MCGP
[01:01:22] [184/326] PDDK
[01:01:23] [185/326] SPCK
[01:01:24] 🔄 Identity reset
[01:01:24] 🔄 Identity rotated (every 10 requests)
[01:01:24] 🔄 Retry 1/5 for SPCK in 2.0s
[01:01:24] 🔄 Identity reset
[01:01:26] 🧠 New identity created
[01:01:26] 🔄 Retry 2/5 for SPCK in 4.2s
[01:01:26] 🔄 Identity reset
[01:01:30] 🧠 New identity created
[01:01:31] [186/326] MCRL
[01:01:32] [187/326] MHKT
[01:01:33] [188/326] ANRR
[01:01:35] [189/326] SAPK
[01:01:35] [190/326] NCUK
[01:01:36] [191/326] JUGA
[01:01:37] [192/326] DBSC
[01:01:38] [193/326] LALK
[01:01:39] 🔄 Identity reset
[01:01:39] 🔄 Identity rotated (every 10 requests)
[01:01:39] [194/326] GUCK
[01:01:40] [195/326] STSG
[01:01:41] [196/326] PPPZ
[01:01:42] [197/326] CNCY
[01:01:44] [198/326] MTAR
[01:01:45] [199/326] VNKD
[01:01:46] [200/326] KMAJ
[01:01:46] [201/326] ACXK
[01:01:47] [202/326] UTKC
[01:01:48] [203/326] PBLK
[01:01:49] 🔄 Identity reset
[01:01:49] 🔄 Identity rotated (every 10 requests)
[01:01:49] 🔄 Retry 1/5 for PBLK in 2.5s
[01:01:49] 🔄 Identity reset
[01:01:51] 🧠 New identity created
[01:01:52] [204/326] ACBX
[01:01:53] [205/326] PTGM
[01:01:54] [206/326] BTDA
[01:01:55] [207/326] PJMB
[01:01:56] [208/326] TPDA
[01:01:57] [209/326] AMOE
[01:01:58] [210/326] PRHT
[01:01:59] [211/326] PRTA
[01:02:00] [212/326] STAM
[01:02:00] 🔄 Identity reset
[01:02:00] 🔄 Identity rotated (every 10 requests)
[01:02:00] 🔄 Retry 1/5 for STAM in 2.3s
[01:02:00] 🔄 Identity reset
[01:02:03] 🧠 New identity created
[01:02:03] 🔄 Retry 2/5 for STAM in 4.2s
[01:02:03] 🔄 Identity reset
[01:02:07] 🧠 New identity created
[01:02:07] [213/326] MSAA
[01:02:08] [214/326] SDLU
[01:02:09] [215/326] RCHH
[01:02:11] [216/326] KANT
[01:02:12] [217/326] FCRT
[01:02:13] [218/326] DNKM
[01:02:14] [219/326] RYCP
[01:02:15] [220/326] MYRP
[01:02:15] 🔄 Identity reset
[01:02:15] 🔄 Identity rotated (every 10 requests)
[01:02:16] [221/326] PPAK
[01:02:17] [222/326] NVPK
[01:02:18] [223/326] PRMC
[01:02:19] [224/326] JBCS
[01:02:20] [225/326] GXCK
[01:02:21] [226/326] USKO
[01:02:21] [227/326] GTEM
[01:02:22] [228/326] SMBU
[01:02:23] [229/326] VETC
[01:02:25] [230/326] LCDA
[01:02:25] 🔄 Identity reset
[01:02:25] 🔄 Identity rotated (every 10 requests)
[01:02:25] 🔄 Retry 1/5 for LCDA in 2.7s
[01:02:25] 🔄 Identity reset
[01:02:28] 🧠 New identity created
[01:02:28] [231/326] MTVT
[01:02:29] [232/326] PYCP
[01:02:30] [233/326] PNSC
[01:02:31] [234/326] PPCC
[01:02:32] [235/326] TGRT
[01:02:33] [236/326] JYOT
[01:02:34] [237/326] SRCZ
[01:02:35] [238/326] SJTE
[01:02:35] [239/326] DESC
[01:02:36] 🔄 Identity reset
[01:02:36] 🔄 Identity rotated (every 10 requests)
[01:02:36] 🔄 Retry 1/5 for DESC in 2.6s
[01:02:36] 🔄 Identity reset
[01:02:39] 🧠 New identity created
[01:02:39] 🔄 Retry 2/5 for DESC in 4.9s
[01:02:39] 🔄 Identity reset
[01:02:44] 🧠 New identity created
[01:02:44] [240/326] JHVN
[01:02:46] [241/326] IPSG
[01:02:46] [242/326] IPCM
[01:02:47] [243/326] PDRS
[01:02:48] [244/326] ANCV
[01:02:49] [245/326] CMVV
[01:02:50] [246/326] SHYP
[01:02:50] [247/326] DNCS
[01:02:51] 🔄 Identity reset
[01:02:51] 🔄 Identity rotated (every 10 requests)
[01:02:51] [248/326] GAJK
[01:02:52] [249/326] AKTN
[01:02:53] [250/326] KAYA
[01:02:54] [251/326] SBRC
[01:02:55] [252/326] CHTP
[01:02:57] [253/326] SHRT
[01:02:58] [254/326] BCKU
[01:02:59] [255/326] FCPS
[01:03:00] [256/326] ARDD
[01:03:01] [257/326] CPCM
[01:03:02] 🔄 Identity reset
[01:03:02] 🔄 Identity rotated (every 10 requests)
[01:03:02] [258/326] CGSM
[01:03:03] [259/326] PSMP
[01:03:04] [260/326] SDAL
[01:03:05] [261/326] RTNB
[01:03:06] [262/326] LMCR
[01:03:07] [263/326] CIMA
[01:03:08] [264/326] RNAS
[01:03:09] [265/326] LITH
[01:03:09] [266/326] PBOX
[01:03:10] [267/326] FRTS
[01:03:11] 🔄 Identity reset
[01:03:11] 🔄 Identity rotated (every 10 requests)
[01:03:11] [268/326] RKIC
[01:03:12] [269/326] PTAI
[01:03:13] [270/326] GCIC
[01:03:14] [271/326] FNAS
[01:03:15] [272/326] SCAR
[01:03:16] [273/326] MTCA
[01:03:17] [274/326] SCTS
[01:03:17] [275/326] SYCS
[01:03:18] [276/326] RDMS
[01:03:19] [277/326] KAMP
[01:03:20] 🔄 Identity reset
[01:03:20] 🔄 Identity rotated (every 10 requests)
[01:03:20] [278/326] ERSD
[01:03:21] [279/326] MJMJ
[01:03:22] [280/326] SRCJ
[01:03:23] [281/326] SCXE
[01:03:24] [282/326] SVFR
[01:03:25] [283/326] BHCS
[01:03:26] [284/326] IMCC
[01:03:26] [285/326] PCBO
[01:03:27] [286/326] PRVN
[01:03:29] [287/326] AUPM
[01:03:30] 🔄 Identity reset
[01:03:30] 🔄 Identity rotated (every 10 requests)
[01:03:30] [288/326] INBW
[01:03:31] [289/326] SVCW
[01:03:32] [290/326] RKCF
[01:03:33] [291/326] UVBH
[01:03:34] [292/326] DNCY
[01:03:35] [293/326] ABCN
[01:03:36] [294/326] PRUR
[01:03:37] [295/326] PFMR
[01:03:38] [296/326] RKCN
[01:03:38] [297/326] CFEA
[01:03:39] 🔄 Identity reset
[01:03:39] 🔄 Identity rotated (every 10 requests)
[01:03:39] [298/326] SDBG
[01:03:41] [299/326] SNAR
[01:03:42] [300/326] YISI
[01:03:43] [301/326] JCFF
[01:03:44] [302/326] VTRK
[01:03:45] [303/326] PCLZ
[01:03:46] [304/326] DIMY
[01:03:47] [305/326] BBTS
[01:03:48] [306/326] GATH
[01:03:49] [307/326] GTMN
[01:03:49] 🔄 Identity reset
[01:03:49] 🔄 Identity rotated (every 10 requests)
[01:03:49] [308/326] VTMH
[01:03:50] [309/326] CCKP
[01:03:51] [310/326] GPKA
[01:03:52] [311/326] MHCL
[01:03:53] [312/326] ATCL
[01:03:54] [313/326] SBCK
[01:03:55] [314/326] AMMR
[01:03:55] [315/326] MADC
[01:03:56] [316/326] TMMA
[01:03:57] [317/326] CACC
[01:03:58] 🔄 Identity reset
[01:03:58] 🔄 Identity rotated (every 10 requests)
[01:03:58] [318/326] CHAL
[01:03:59] [319/326] DURG
[01:04:00] [320/326] GMKU
[01:04:01] [321/326] GECA
[01:04:02] [322/326] KYRR
[01:04:03] [323/326] KSDE
[01:04:04] [324/326] LMCI
[01:04:05] [325/326] NKCP
[01:04:06] [326/326] BGTC
[01:04:06] ✅ DONE | Shows=0 | Movies=0
