[10:03:17] 🚀 SCRIPT STARTED (enhanced anti‑detection)
[10:03:17] [1/458] MBDC
[10:03:18] 🧠 New identity created
[10:03:18] [2/458] CHKM
[10:03:19] [3/458] JTKZ
[10:03:20] [4/458] CMCT
[10:03:21] [5/458] ASHO
[10:03:22] [6/458] ECDG
[10:03:23] [7/458] SPAT
[10:03:23] [8/458] HILC
[10:03:24] [9/458] SPPH
[10:03:25] [10/458] SBHN
[10:03:26] 🔄 Identity reset
[10:03:26] 🔄 Identity rotated (every 10 requests)
[10:03:26] [11/458] RRCA
[10:03:27] [12/458] APAA
[10:03:28] [13/458] RAME
[10:03:29] [14/458] TMMS
[10:03:29] [15/458] BATK
[10:03:30] [16/458] LKOP
[10:03:31] [17/458] AMTT
[10:03:32] [18/458] PTGK
[10:03:33] [19/458] ANRS
[10:03:34] [20/458] VWBW
[10:03:35] 🔄 Identity reset
[10:03:35] 🔄 Identity rotated (every 10 requests)
[10:03:35] [21/458] SVFG
[10:03:36] [22/458] STAT
[10:03:37] [23/458] GDCV
[10:03:38] [24/458] VEBI
[10:03:38] [25/458] VDSS
[10:03:39] [26/458] NTHV
[10:03:40] [27/458] AOCH
[10:03:41] [28/458] KASR
[10:03:42] [29/458] AYCS
[10:03:43] [30/458] SHAI
[10:03:43] 🔄 Identity reset
[10:03:44] 🔄 Identity rotated (every 10 requests)
[10:03:44] [31/458] SKPE
[10:03:45] [32/458] SBTA
[10:03:45] [33/458] RTTD
[10:03:47] [34/458] CCJD
[10:03:48] [35/458] RSJJ
[10:03:49] [36/458] RKND
[10:03:50] [37/458] SVTX
[10:03:51] [38/458] BAKM
[10:03:52] [39/458] SVDC
[10:03:52] [40/458] MNCV
[10:03:53] 🔄 Identity reset
[10:03:53] 🔄 Identity rotated (every 10 requests)
[10:03:53] [41/458] SJGC
[10:03:54] [42/458] MTPK
[10:03:56] [43/458] GATP
[10:03:56] [44/458] ABTS
[10:03:57] [45/458] ABDE
[10:03:58] [46/458] RCNM
[10:03:59] [47/458] KTHV
[10:04:00] [48/458] MDGJ
[10:04:01] [49/458] SMLM
[10:04:02] [50/458] JTMA
[10:04:02] 🔄 Identity reset
[10:04:02] 🔄 Identity rotated (every 10 requests)
[10:04:02] [51/458] ACKP
[10:04:03] [52/458] SRTA
[10:04:04] [53/458] STAY
[10:04:05] [54/458] MAVO
[10:04:06] [55/458] APTS
[10:04:07] [56/458] OMEA
[10:04:08] [57/458] TTFD
[10:04:09] [58/458] MJCU
[10:04:10] [59/458] CXTE
[10:04:11] [60/458] CTPX
[10:04:11] 🔄 Identity reset
[10:04:11] 🔄 Identity rotated (every 10 requests)
[10:04:11] 🔄 Retry 1/5 for CTPX in 2.5s
[10:04:11] 🔄 Identity reset
[10:04:14] 🧠 New identity created
[10:04:14] [61/458] ASSL
[10:04:15] [62/458] CMVB
[10:04:16] [63/458] VPUR
[10:04:17] [64/458] JJDA
[10:04:18] [65/458] INBL
[10:04:19] [66/458] BIKB
[10:04:20] [67/458] NTBB
[10:04:22] [68/458] GLOB
[10:04:22] [69/458] SNTB
[10:04:23] 🔄 Identity reset
[10:04:23] 🔄 Identity rotated (every 10 requests)
[10:04:23] [70/458] CHGV
[10:04:24] [71/458] SSBZ
[10:04:25] [72/458] PRDB
[10:04:26] [73/458] ISMT
[10:04:27] [74/458] MCSD
[10:04:27] [75/458] JBTT
[10:04:28] [76/458] GEKR
[10:04:30] [77/458] PVUN
[10:04:31] [78/458] NRTB
[10:04:31] [79/458] PRAA
[10:04:32] 🔄 Identity reset
[10:04:32] 🔄 Identity rotated (every 10 requests)
[10:04:32] [80/458] PCBL
[10:04:33] [81/458] PTCM
[10:04:34] [82/458] KHNN
[10:04:35] [83/458] OMJE
[10:04:36] [84/458] STGN
[10:04:36] [85/458] RPMS
[10:04:37] [86/458] NWAD
[10:04:38] [87/458] BLCK
[10:04:39] [88/458] SVAA
[10:04:40] [89/458] URVM
[10:04:40] 🔄 Identity reset
[10:04:40] 🔄 Identity rotated (every 10 requests)
[10:04:41] [90/458] ANTM
[10:04:41] [91/458] VJYM
[10:04:43] [92/458] MAZZ
[10:04:43] [93/458] CSHM
[10:04:44] [94/458] WGMH
[10:04:45] [95/458] SALN
[10:04:46] [96/458] BRTP
[10:04:47] [97/458] SVTA
[10:04:48] [98/458] SBTP
[10:04:49] [99/458] VLSS
[10:04:49] 🔄 Identity reset
[10:04:49] 🔄 Identity rotated (every 10 requests)
[10:04:49] [100/458] SRJA
[10:04:50] [101/458] ANCG
[10:04:51] [102/458] CGGC
[10:04:52] [103/458] CRJA
[10:04:53] [104/458] USCR
[10:04:54] [105/458] MMEF
[10:04:54] [106/458] JCRJ
[10:04:55] [107/458] ADCM
[10:04:56] [108/458] BMYK
[10:04:57] [109/458] KICS
[10:04:58] 🔄 Identity reset
[10:04:58] 🔄 Identity rotated (every 10 requests)
[10:04:58] [110/458] MBBT
[10:04:59] [111/458] MACK
[10:05:00] [112/458] CLDR
[10:05:01] [113/458] JYCR
[10:05:01] [114/458] DCRP
[10:05:02] [115/458] RAHT
[10:05:04] [116/458] CSSM
[10:05:05] [117/458] ATPK
[10:05:06] [118/458] KLRT
[10:05:07] [119/458] SRDD
[10:05:08] 🔄 Identity reset
[10:05:08] 🔄 Identity rotated (every 10 requests)
[10:05:08] [120/458] CKMC
[10:05:09] [121/458] KRVM
[10:05:10] [122/458] AKCP
[10:05:11] [123/458] CNCV
[10:05:12] [124/458] PACT
[10:05:13] [125/458] NATP
[10:05:14] [126/458] PCPK
[10:05:15] [127/458] SMHO
[10:05:16] [128/458] CWTK
[10:05:16] [129/458] RVKZ
[10:05:17] 🔄 Identity reset
[10:05:17] 🔄 Identity rotated (every 10 requests)
[10:05:17] [130/458] ASPD
[10:05:19] [131/458] VTKZ
[10:05:20] [132/458] LCSO
[10:05:21] [133/458] PRDY
[10:05:22] [134/458] RCAP
[10:05:23] [135/458] RGAR
[10:05:24] [136/458] RCAC
[10:05:24] [137/458] PMOD
[10:05:25] [138/458] PVCN
[10:05:26] [139/458] SCRZ
[10:05:27] 🔄 Identity reset
[10:05:27] 🔄 Identity rotated (every 10 requests)
[10:05:27] [140/458] PVPC
[10:05:29] [141/458] STID
[10:05:29] [142/458] NEDD
[10:05:31] [143/458] BNBA
[10:05:33] [144/458] NTCD
[10:05:33] [145/458] OCDE
[10:05:34] [146/458] CCDU
[10:05:35] [147/458] CRXH
[10:05:36] [148/458] VLVT
[10:05:37] [149/458] CICI
[10:05:38] 🔄 Identity reset
[10:05:38] 🔄 Identity rotated (every 10 requests)
[10:05:39] [150/458] SUCB
[10:05:40] [151/458] TCBP
[10:05:41] [152/458] SCCY
[10:05:42] [153/458] LXCY
[10:05:43] [154/458] NCMD
[10:05:43] [155/458] PHCS
[10:05:44] [156/458] DUXR
[10:05:45] [157/458] VNKS
[10:05:46] [158/458] SEDP
[10:05:48] [159/458] SVEN
[10:05:48] 🔄 Identity reset
[10:05:48] 🔄 Identity rotated (every 10 requests)
[10:05:48] [160/458] SRKM
[10:05:49] [161/458] JTLT
[10:05:50] [162/458] SVSS
[10:05:51] [163/458] AMDE
[10:05:52] [164/458] WVRN
[10:05:53] [165/458] ISMG
[10:05:54] [166/458] WVKS
[10:05:55] [167/458] USCG
[10:05:55] [168/458] IOTG
[10:05:56] [169/458] RRJM
[10:05:57] 🔄 Identity reset
[10:05:57] 🔄 Identity rotated (every 10 requests)
[10:05:57] 🔄 Retry 1/5 for RRJM in 2.7s
[10:05:57] 🔄 Identity reset
[10:06:00] 🧠 New identity created
[10:06:00] [170/458] EDMP
[10:06:01] [171/458] SCGZ
[10:06:02] [172/458] GMGX
[10:06:03] [173/458] OMTP
[10:06:04] [174/458] MITD
[10:06:05] [175/458] SMMD
[10:06:05] [176/458] STML
[10:06:06] [177/458] MCFS
[10:06:07] [178/458] FPKA
[10:06:08] 🔄 Identity reset
[10:06:08] 🔄 Identity rotated (every 10 requests)
[10:06:08] [179/458] OMLR
[10:06:09] [180/458] KKSC
[10:06:10] [181/458] RVMA
[10:06:11] [182/458] SCLL
[10:06:12] [183/458] SCDK
[10:06:12] [184/458] SXMI
[10:06:13] [185/458] SHDN
[10:06:14] [186/458] PAAD
[10:06:16] [187/458] UUCB
[10:06:17] [188/458] JHOL
[10:06:17] 🔄 Identity reset
[10:06:17] 🔄 Identity rotated (every 10 requests)
[10:06:17] 🔄 Retry 1/5 for JHOL in 2.5s
[10:06:17] 🔄 Identity reset
[10:06:20] 🧠 New identity created
[10:06:20] [189/458] SGWT
[10:06:21] [190/458] SRII
[10:06:22] [191/458] SGCK
[10:06:23] [192/458] SVVB
[10:06:24] [193/458] DMHA
[10:06:25] [194/458] PPNL
[10:06:26] [195/458] CPNL
[10:06:26] [196/458] WVLD
[10:06:28] [197/458] PSLV
[10:06:29] 🔄 Identity reset
[10:06:29] 🔄 Identity rotated (every 10 requests)
[10:06:29] [198/458] VTTL
[10:06:30] [199/458] NPAD
[10:06:31] [200/458] PVCS
[10:06:32] [201/458] MCHL
[10:06:32] [202/458] PPLL
[10:06:33] [203/458] MALO
[10:06:34] [204/458] SWBH
[10:06:35] [205/458] PUGB
[10:06:37] [206/458] INBB
[10:06:37] [207/458] INNS
[10:06:38] 🔄 Identity reset
[10:06:38] 🔄 Identity rotated (every 10 requests)
[10:06:38] [208/458] MCPT
[10:06:39] [209/458] SCMI
[10:06:40] [210/458] OCON
[10:06:41] [211/458] SCSM
[10:06:42] [212/458] RJVN
[10:06:43] [213/458] AMDK
[10:06:44] [214/458] ISMR
[10:06:44] [215/458] SMTD
[10:06:45] [216/458] VTDD
[10:06:46] [217/458] PDDZ
[10:06:47] 🔄 Identity reset
[10:06:47] 🔄 Identity rotated (every 10 requests)
[10:06:47] [218/458] PCCK
[10:06:48] [219/458] INAM
[10:06:49] [220/458] FNKT
[10:06:49] [221/458] GDKA
[10:06:50] [222/458] MAYU
[10:06:51] [223/458] TCGU
[10:06:52] [224/458] KDCA
[10:06:53] [225/458] DOMY
[10:06:54] [226/458] PDDD
[10:06:55] [227/458] BJTS
[10:06:55] 🔄 Identity reset
[10:06:55] 🔄 Identity rotated (every 10 requests)
[10:06:55] [228/458] VTCA
[10:06:56] [229/458] SBTM
[10:06:57] [230/458] SEET
[10:06:58] [231/458] SSTJ
[10:06:59] [232/458] SVNT
[10:07:00] [233/458] PPPR
[10:07:01] [234/458] PVYS
[10:07:01] [235/458] IOSE
[10:07:02] [236/458] ACTV
[10:07:03] [237/458] APVE
[10:07:03] 🔄 Identity reset
[10:07:03] 🔄 Identity rotated (every 10 requests)
[10:07:04] [238/458] TCCL
[10:07:04] [239/458] SCMO
[10:07:05] [240/458] SAUM
[10:07:07] [241/458] KCJS
[10:07:08] [242/458] NJCJ
[10:07:09] [243/458] NECF
[10:07:09] [244/458] CCGW
[10:07:10] [245/458] CCMG
[10:07:12] [246/458] NYRG
[10:07:13] [247/458] NCSQ
[10:07:14] 🔄 Identity reset
[10:07:14] 🔄 Identity rotated (every 10 requests)
[10:07:14] 🔄 Retry 1/5 for NCSQ in 2.7s
[10:07:14] 🔄 Identity reset
[10:07:17] 🧠 New identity created
[10:07:17] [248/458] GRCG
[10:07:18] [249/458] CCBT
[10:07:20] [250/458] ACGA
[10:07:20] [251/458] INAG
[10:07:21] [252/458] FUCG
[10:07:22] [253/458] AICF
[10:07:23] [254/458] GRGA
[10:07:24] [255/458] GDCN
[10:07:25] [256/458] RRCG
[10:07:25] 🔄 Identity reset
[10:07:25] 🔄 Identity rotated (every 10 requests)
[10:07:26] [257/458] SDCH
[10:07:28] [258/458] WVJM
[10:07:29] [259/458] JCCZ
[10:07:30] [260/458] CNCL
[10:07:30] [261/458] TMLV
[10:07:31] [262/458] MEMB
[10:07:32] [263/458] SGTD
[10:07:33] [264/458] CONX
[10:07:34] [265/458] CCMH
[10:07:35] [266/458] ACMC
[10:07:35] 🔄 Identity reset
[10:07:35] 🔄 Identity rotated (every 10 requests)
[10:07:36] [267/458] DTPD
[10:07:38] [268/458] POJA
[10:07:39] [269/458] FNBH
[10:07:40] [270/458] CGCB
[10:07:40] [271/458] RACN
[10:07:41] [272/458] JTSM
[10:07:42] [273/458] SCDN
[10:07:43] [274/458] AACK
[10:07:44] [275/458] RMCE
[10:07:45] [276/458] BSGB
[10:07:45] 🔄 Identity reset
[10:07:45] 🔄 Identity rotated (every 10 requests)
[10:07:45] 🔄 Retry 1/5 for BSGB in 2.8s
[10:07:45] 🔄 Identity reset
[10:07:48] 🧠 New identity created
[10:07:49] [277/458] MRCB
[10:07:50] [278/458] SRVR
[10:07:51] [279/458] VTKK
[10:07:52] [280/458] AMST
[10:07:52] [281/458] APCY
[10:07:53] [282/458] LMHO
[10:07:54] [283/458] MTZH
[10:07:55] [284/458] AMZB
[10:07:56] [285/458] SUVT
[10:07:57] 🔄 Identity reset
[10:07:57] 🔄 Identity rotated (every 10 requests)
[10:07:57] [286/458] RCIP
[10:07:59] [287/458] KESR
[10:08:00] [288/458] SNKC
[10:08:01] [289/458] SCED
[10:08:01] [290/458] DVCA
[10:08:03] [291/458] VCDT
[10:08:04] [292/458] RRDI
[10:08:05] [293/458] DFCH
[10:08:05] [294/458] INSC
[10:08:06] [295/458] RGTR
[10:08:07] 🔄 Identity reset
[10:08:07] 🔄 Identity rotated (every 10 requests)
[10:08:07] 🔄 Retry 1/5 for RGTR in 2.5s
[10:08:07] 🔄 Identity reset
[10:08:10] 🧠 New identity created
[10:08:10] [296/458] FMOT
[10:08:11] [297/458] SCPM
[10:08:12] [298/458] GCDT
[10:08:12] [299/458] BRKT
[10:08:13] [300/458] DEMP
[10:08:14] [301/458] SRLC
[10:08:15] [302/458] KSTT
[10:08:16] [303/458] SMMT
[10:08:17] [304/458] SILM
[10:08:18] 🔄 Identity reset
[10:08:18] 🔄 Identity rotated (every 10 requests)
[10:08:18] 🔄 Retry 1/5 for SILM in 2.6s
[10:08:18] 🔄 Identity reset
[10:08:20] 🧠 New identity created
[10:08:21] [305/458] JCVM
[10:08:21] [306/458] KCSV
[10:08:22] [307/458] MHLK
[10:08:23] [308/458] SLVL
[10:08:24] [309/458] RJKP
[10:08:25] [310/458] BBPC
[10:08:26] [311/458] MXCB
[10:08:27] [312/458] TCPK
[10:08:28] [313/458] RTBR
[10:08:29] 🔄 Identity reset
[10:08:29] 🔄 Identity rotated (every 10 requests)
[10:08:29] [314/458] GAUT
[10:08:30] [315/458] DVCF
[10:08:30] [316/458] JTSB
[10:08:31] [317/458] SBLS
[10:08:32] [318/458] UDAY
[10:08:33] [319/458] PTNP
[10:08:34] [320/458] DMKT
[10:08:35] [321/458] NTDT
[10:08:36] [322/458] SHDJ
[10:08:37] [323/458] OTNC
[10:08:37] 🔄 Identity reset
[10:08:37] 🔄 Identity rotated (every 10 requests)
[10:08:38] [324/458] RNTW
[10:08:39] [325/458] GCMI
[10:08:40] [326/458] CRCM
[10:08:41] [327/458] NNCZ
[10:08:41] [328/458] OEMO
[10:08:42] [329/458] PVJM
[10:08:44] [330/458] CPJI
[10:08:44] [331/458] RMCJ
[10:08:45] [332/458] CNWJ
[10:08:46] [333/458] EPJM
[10:08:47] 🔄 Identity reset
[10:08:47] 🔄 Identity rotated (every 10 requests)
[10:08:47] [334/458] FNJJ
[10:08:48] [335/458] GCMJ
[10:08:49] [336/458] INPS
[10:08:50] [337/458] BICJ
[10:08:51] [338/458] ISTJ
[10:08:52] [339/458] INJC
[10:08:53] [340/458] GLXJ
[10:08:54] [341/458] INEM
[10:08:55] [342/458] JTMN
[10:08:56] [343/458] FRCJ
[10:08:57] 🔄 Identity reset
[10:08:57] 🔄 Identity rotated (every 10 requests)
[10:08:57] [344/458] DDJP
[10:08:58] [345/458] INJV
[10:08:59] [346/458] GOLC
[10:09:00] [347/458] KOCI
[10:09:01] [348/458] FSTD
[10:09:01] [349/458] PACJ
[10:09:03] [350/458] GMCN
[10:09:04] [351/458] MMDJ
[10:09:04] [352/458] GODH
[10:09:05] [353/458] SKYN
[10:09:06] 🔄 Identity reset
[10:09:06] 🔄 Identity rotated (every 10 requests)
[10:09:06] [354/458] NCTH
[10:09:08] [355/458] SKVZ
[10:09:09] [356/458] SVML
[10:09:11] [357/458] ACVZ
[10:09:12] [358/458] SURA
[10:09:13] [359/458] RTRB
[10:09:14] [360/458] LLCT
[10:09:15] [361/458] ATTS
[10:09:16] [362/458] JYCM
[10:09:16] [363/458] CTKR
[10:09:17] 🔄 Identity reset
[10:09:17] 🔄 Identity rotated (every 10 requests)
[10:09:17] [364/458] LCKR
[10:09:18] [365/458] NYCV
[10:09:19] [366/458] NYOH
[10:09:21] [367/458] NOVX
[10:09:22] [368/458] MRGK
[10:09:23] [369/458] MOON
[10:09:24] [370/458] SBUC
[10:09:25] [371/458] GSVA
[10:09:26] [372/458] VIAK
[10:09:27] [373/458] SMVZ
[10:09:27] 🔄 Identity reset
[10:09:27] 🔄 Identity rotated (every 10 requests)
[10:09:28] [374/458] MATE
[10:09:28] [375/458] RDCN
[10:09:29] [376/458] ASBL
[10:09:30] [377/458] ASVS
[10:09:31] [378/458] ASSR
[10:09:32] [379/458] SSKN
[10:09:33] [380/458] DRPV
[10:09:34] [381/458] MRHT
[10:09:35] [382/458] BSCN
[10:09:36] [383/458] RKNX
[10:09:36] 🔄 Identity reset
[10:09:36] 🔄 Identity rotated (every 10 requests)
[10:09:36] [384/458] MSMC
[10:09:37] [385/458] MSCJ
[10:09:38] [386/458] BTBJ
[10:09:39] [387/458] MJCC
[10:09:40] [388/458] IOMM
[10:09:41] [389/458] ADGR
[10:09:42] [390/458] MYCP
[10:09:43] [391/458] IGCM
[10:09:44] [392/458] PGRK
[10:09:45] [393/458] VPGO
[10:09:46] 🔄 Identity reset
[10:09:46] 🔄 Identity rotated (every 10 requests)
[10:09:47] [394/458] KOMS
[10:09:48] [395/458] URGG
[10:09:49] [396/458] GOST
[10:09:49] [397/458] LACT
[10:09:50] [398/458] BWCM
[10:09:52] [399/458] NCCW
[10:09:53] [400/458] SKYC
[10:09:55] [401/458] CCPM
[10:09:56] [402/458] VCBT
[10:09:57] [403/458] SDKR
[10:09:57] 🔄 Identity reset
[10:09:57] 🔄 Identity rotated (every 10 requests)
[10:09:58] [404/458] CTYB
[10:09:58] [405/458] SHCX
[10:09:59] [406/458] RCUN
[10:10:00] [407/458] CNRA
[10:10:01] [408/458] RFCA
[10:10:03] [409/458] RDCU
[10:10:04] [410/458] SARK
[10:10:05] [411/458] SPPP
[10:10:05] [412/458] ADMB
[10:10:06] [413/458] JYOE
[10:10:07] 🔄 Identity reset
[10:10:07] 🔄 Identity rotated (every 10 requests)
[10:10:07] [414/458] SRMD
[10:10:08] [415/458] RJDH
[10:10:09] [416/458] SSTD
[10:10:10] [417/458] AACV
[10:10:11] [418/458] PPVD
[10:10:12] [419/458] STCP
[10:10:13] [420/458] ANLS
[10:10:14] [421/458] BIJO
[10:10:15] [422/458] AVAB
[10:10:16] [423/458] SPMD
[10:10:17] 🔄 Identity reset
[10:10:17] 🔄 Identity rotated (every 10 requests)
[10:10:17] [424/458] SVJL
[10:10:18] [425/458] SDDJ
[10:10:20] [426/458] SLTU
[10:10:20] [427/458] SAKA
[10:10:21] [428/458] PMAM
[10:10:22] [429/458] FNAM
[10:10:23] [430/458] ACAM
[10:10:24] [431/458] SCMM
[10:10:25] [432/458] PMAK
[10:10:26] [433/458] NYSA
[10:10:27] 🔄 Identity reset
[10:10:27] 🔄 Identity rotated (every 10 requests)
[10:10:27] [434/458] FCPA
[10:10:28] [435/458] GDAN
[10:10:29] [436/458] RSCA
[10:10:30] [437/458] DMAN
[10:10:31] [438/458] DZCM
[10:10:32] [439/458] NSGL
[10:10:34] [440/458] CCPP
[10:10:35] [441/458] PSMG
[10:10:36] [442/458] GSER
[10:10:37] [443/458] FCCT
[10:10:38] 🔄 Identity reset
[10:10:38] 🔄 Identity rotated (every 10 requests)
[10:10:38] [444/458] FCTB
[10:10:39] [445/458] LCNK
[10:10:40] [446/458] SKTY
[10:10:40] [447/458] INAA
[10:10:41] [448/458] RCWN
[10:10:42] [449/458] VAIS
[10:10:43] [450/458] CVMN
[10:10:44] [451/458] INTS
[10:10:45] [452/458] FRGS
[10:10:46] [453/458] DTCK
[10:10:46] 🔄 Identity reset
[10:10:46] 🔄 Identity rotated (every 10 requests)
[10:10:47] [454/458] MCMH
[10:10:49] [455/458] ECRR
[10:10:49] [456/458] RLLP
[10:10:50] [457/458] CCSN
[10:10:51] [458/458] CCBA
[10:10:52] 🧹 Deduping shows
[10:10:52] ✅ DONE | Shows=23 | Movies=4
[17:02:36] 🚀 SCRIPT STARTED (enhanced anti‑detection)
[17:02:36] [1/458] MBDC
[17:02:36] 🧠 New identity created
[17:02:38] [2/458] CHKM
[17:02:38] [3/458] JTKZ
[17:02:39] [4/458] CMCT
[17:02:40] [5/458] ASHO
[17:02:41] [6/458] ECDG
[17:02:42] [7/458] SPAT
[17:02:43] [8/458] HILC
[17:02:44] [9/458] SPPH
[17:02:45] [10/458] SBHN
[17:02:45] 🔄 Identity reset
[17:02:45] 🔄 Identity rotated (every 10 requests)
[17:02:46] [11/458] RRCA
[17:02:47] [12/458] APAA
[17:02:47] [13/458] RAME
[17:02:48] [14/458] TMMS
[17:02:49] [15/458] BATK
[17:02:50] [16/458] LKOP
[17:02:51] [17/458] AMTT
[17:02:52] [18/458] PTGK
[17:02:53] [19/458] ANRS
[17:02:54] [20/458] VWBW
[17:02:55] 🔄 Identity reset
[17:02:55] 🔄 Identity rotated (every 10 requests)
[17:02:55] 🔄 Retry 1/5 for VWBW in 2.3s
[17:02:55] 🔄 Identity reset
[17:02:57] 🧠 New identity created
[17:02:58] [21/458] SVFG
[17:02:59] [22/458] STAT
[17:03:00] [23/458] GDCV
[17:03:01] [24/458] VEBI
[17:03:02] [25/458] VDSS
[17:03:03] [26/458] NTHV
[17:03:04] [27/458] AOCH
[17:03:05] [28/458] KASR
[17:03:06] [29/458] AYCS
[17:03:07] 🔄 Identity reset
[17:03:07] 🔄 Identity rotated (every 10 requests)
[17:03:07] [30/458] SHAI
[17:03:08] [31/458] SKPE
[17:03:09] [32/458] SBTA
[17:03:10] [33/458] RTTD
[17:03:11] [34/458] CCJD
[17:03:11] [35/458] RSJJ
[17:03:13] [36/458] RKND
[17:03:14] [37/458] SVTX
[17:03:15] [38/458] BAKM
[17:03:16] [39/458] SVDC
[17:03:16] 🔄 Identity reset
[17:03:16] 🔄 Identity rotated (every 10 requests)
[17:03:17] [40/458] MNCV
[17:03:18] [41/458] SJGC
[17:03:19] [42/458] MTPK
[17:03:20] [43/458] GATP
[17:03:21] [44/458] ABTS
[17:03:22] [45/458] ABDE
[17:03:23] [46/458] RCNM
[17:03:24] [47/458] KTHV
[17:03:25] [48/458] MDGJ
[17:03:26] [49/458] SMLM
[17:03:27] 🔄 Identity reset
[17:03:27] 🔄 Identity rotated (every 10 requests)
[17:03:27] [50/458] JTMA
[17:03:28] [51/458] ACKP
[17:03:29] [52/458] SRTA
[17:03:30] [53/458] STAY
[17:03:31] [54/458] MAVO
[17:03:32] [55/458] APTS
[17:03:33] [56/458] OMEA
[17:03:34] [57/458] TTFD
[17:03:35] [58/458] MJCU
[17:03:36] [59/458] CXTE
[17:03:36] 🔄 Identity reset
[17:03:36] 🔄 Identity rotated (every 10 requests)
[17:03:37] [60/458] CTPX
[17:03:38] [61/458] ASSL
[17:03:39] [62/458] CMVB
[17:03:40] [63/458] VPUR
[17:03:41] [64/458] JJDA
[17:03:42] [65/458] INBL
[17:03:43] [66/458] BIKB
[17:03:44] [67/458] NTBB
[17:03:46] [68/458] GLOB
[17:03:46] [69/458] SNTB
[17:03:47] 🔄 Identity reset
[17:03:47] 🔄 Identity rotated (every 10 requests)
[17:03:47] [70/458] CHGV
[17:03:48] [71/458] SSBZ
[17:03:49] [72/458] PRDB
[17:03:50] [73/458] ISMT
[17:03:51] [74/458] MCSD
[17:03:52] [75/458] JBTT
[17:03:53] [76/458] GEKR
[17:03:54] [77/458] PVUN
[17:03:55] [78/458] NRTB
[17:03:55] [79/458] PRAA
[17:03:56] 🔄 Identity reset
[17:03:56] 🔄 Identity rotated (every 10 requests)
[17:03:56] [80/458] PCBL
[17:03:57] [81/458] PTCM
[17:03:58] [82/458] KHNN
[17:03:59] [83/458] OMJE
[17:04:00] [84/458] STGN
[17:04:01] [85/458] RPMS
[17:04:02] [86/458] NWAD
[17:04:02] [87/458] BLCK
[17:04:03] [88/458] SVAA
[17:04:04] [89/458] URVM
[17:04:05] 🔄 Identity reset
[17:04:05] 🔄 Identity rotated (every 10 requests)
[17:04:05] [90/458] ANTM
[17:04:06] [91/458] VJYM
[17:04:07] [92/458] MAZZ
[17:04:08] [93/458] CSHM
[17:04:10] [94/458] WGMH
[17:04:11] [95/458] SALN
[17:04:12] [96/458] BRTP
[17:04:13] [97/458] SVTA
[17:04:14] [98/458] SBTP
[17:04:14] [99/458] VLSS
[17:04:15] 🔄 Identity reset
[17:04:15] 🔄 Identity rotated (every 10 requests)
[17:04:15] [100/458] SRJA
[17:04:16] [101/458] ANCG
[17:04:18] [102/458] CGGC
[17:04:19] [103/458] CRJA
[17:04:19] [104/458] USCR
[17:04:20] [105/458] MMEF
[17:04:21] [106/458] JCRJ
[17:04:22] [107/458] ADCM
[17:04:23] [108/458] BMYK
[17:04:24] [109/458] KICS
[17:04:25] 🔄 Identity reset
[17:04:25] 🔄 Identity rotated (every 10 requests)
[17:04:25] [110/458] MBBT
[17:04:26] [111/458] MACK
[17:04:27] [112/458] CLDR
[17:04:28] [113/458] JYCR
[17:04:29] [114/458] DCRP
[17:04:30] [115/458] RAHT
[17:04:31] [116/458] CSSM
[17:04:32] [117/458] ATPK
[17:04:33] [118/458] KLRT
[17:04:34] [119/458] SRDD
[17:04:34] 🔄 Identity reset
[17:04:34] 🔄 Identity rotated (every 10 requests)
[17:04:35] [120/458] CKMC
[17:04:36] [121/458] KRVM
[17:04:36] [122/458] AKCP
[17:04:37] [123/458] CNCV
[17:04:38] [124/458] PACT
[17:04:39] [125/458] NATP
[17:04:41] [126/458] PCPK
[17:04:41] [127/458] SMHO
[17:04:42] [128/458] CWTK
[17:04:43] [129/458] RVKZ
[17:04:44] 🔄 Identity reset
[17:04:44] 🔄 Identity rotated (every 10 requests)
[17:04:44] [130/458] ASPD
[17:04:46] [131/458] VTKZ
[17:04:47] [132/458] LCSO
[17:04:48] [133/458] PRDY
[17:04:49] [134/458] RCAP
[17:04:50] [135/458] RGAR
[17:04:51] [136/458] RCAC
[17:04:52] [137/458] PMOD
[17:04:53] [138/458] PVCN
[17:04:54] [139/458] SCRZ
[17:04:54] 🔄 Identity reset
[17:04:54] 🔄 Identity rotated (every 10 requests)
[17:04:55] [140/458] PVPC
[17:04:56] [141/458] STID
[17:04:57] [142/458] NEDD
[17:04:57] [143/458] BNBA
[17:04:58] [144/458] NTCD
[17:04:59] [145/458] OCDE
[17:05:00] [146/458] CCDU
[17:05:01] [147/458] CRXH
[17:05:02] [148/458] VLVT
[17:05:03] [149/458] CICI
[17:05:04] 🔄 Identity reset
[17:05:04] 🔄 Identity rotated (every 10 requests)
[17:05:04] [150/458] SUCB
[17:05:06] [151/458] TCBP
[17:05:06] [152/458] SCCY
[17:05:07] [153/458] LXCY
[17:05:09] [154/458] NCMD
[17:05:10] [155/458] PHCS
[17:05:11] [156/458] DUXR
[17:05:12] [157/458] VNKS
[17:05:13] [158/458] SEDP
[17:05:14] [159/458] SVEN
[17:05:14] 🔄 Identity reset
[17:05:14] 🔄 Identity rotated (every 10 requests)
[17:05:15] [160/458] SRKM
[17:05:16] [161/458] JTLT
[17:05:17] [162/458] SVSS
[17:05:18] [163/458] AMDE
[17:05:19] [164/458] WVRN
[17:05:20] [165/458] ISMG
[17:05:21] [166/458] WVKS
[17:05:22] [167/458] USCG
[17:05:23] [168/458] IOTG
[17:05:24] [169/458] RRJM
[17:05:25] 🔄 Identity reset
[17:05:25] 🔄 Identity rotated (every 10 requests)
[17:05:25] [170/458] EDMP
[17:05:26] [171/458] SCGZ
[17:05:27] [172/458] GMGX
[17:05:27] [173/458] OMTP
[17:05:28] [174/458] MITD
[17:05:30] [175/458] SMMD
[17:05:31] [176/458] STML
[17:05:32] [177/458] MCFS
[17:05:33] [178/458] FPKA
[17:05:34] [179/458] OMLR
[17:05:34] 🔄 Identity reset
[17:05:34] 🔄 Identity rotated (every 10 requests)
[17:05:35] [180/458] KKSC
[17:05:36] [181/458] RVMA
[17:05:37] [182/458] SCLL
[17:05:38] [183/458] SCDK
[17:05:39] [184/458] SXMI
[17:05:40] [185/458] SHDN
[17:05:41] [186/458] PAAD
[17:05:42] [187/458] UUCB
[17:05:43] [188/458] JHOL
[17:05:44] [189/458] SGWT
[17:05:45] 🔄 Identity reset
[17:05:45] 🔄 Identity rotated (every 10 requests)
[17:05:45] 🔄 Retry 1/5 for SGWT in 2.4s
[17:05:45] 🔄 Identity reset
[17:05:47] 🧠 New identity created
[17:05:48] [190/458] SRII
[17:05:49] [191/458] SGCK
[17:05:49] [192/458] SVVB
[17:05:51] [193/458] DMHA
[17:05:51] [194/458] PPNL
[17:05:52] [195/458] CPNL
[17:05:53] [196/458] WVLD
[17:05:54] [197/458] PSLV
[17:05:55] [198/458] VTTL
[17:05:56] 🔄 Identity reset
[17:05:56] 🔄 Identity rotated (every 10 requests)
[17:05:56] 🔄 Retry 1/5 for VTTL in 2.4s
[17:05:56] 🔄 Identity reset
[17:05:58] 🧠 New identity created
[17:05:58] [199/458] NPAD
[17:05:59] [200/458] PVCS
[17:06:01] [201/458] MCHL
[17:06:02] [202/458] PPLL
[17:06:03] [203/458] MALO
[17:06:04] [204/458] SWBH
[17:06:05] [205/458] PUGB
[17:06:05] [206/458] INBB
[17:06:06] [207/458] INNS
[17:06:07] 🔄 Identity reset
[17:06:07] 🔄 Identity rotated (every 10 requests)
[17:06:07] [208/458] MCPT
[17:06:08] [209/458] SCMI
[17:06:09] [210/458] OCON
[17:06:10] [211/458] SCSM
[17:06:11] [212/458] RJVN
[17:06:12] [213/458] AMDK
[17:06:13] [214/458] ISMR
[17:06:14] [215/458] SMTD
[17:06:15] [216/458] VTDD
[17:06:15] [217/458] PDDZ
[17:06:16] 🔄 Identity reset
[17:06:16] 🔄 Identity rotated (every 10 requests)
[17:06:16] 🔄 Retry 1/5 for PDDZ in 2.7s
[17:06:16] 🔄 Identity reset
[17:06:19] 🧠 New identity created
[17:06:19] [218/458] PCCK
[17:06:20] [219/458] INAM
[17:06:21] [220/458] FNKT
[17:06:22] [221/458] GDKA
[17:06:23] [222/458] MAYU
[17:06:24] [223/458] TCGU
[17:06:25] [224/458] KDCA
[17:06:25] [225/458] DOMY
[17:06:26] [226/458] PDDD
[17:06:27] 🔄 Identity reset
[17:06:27] 🔄 Identity rotated (every 10 requests)
[17:06:27] [227/458] BJTS
[17:06:29] [228/458] VTCA
[17:06:30] [229/458] SBTM
[17:06:31] [230/458] SEET
[17:06:31] [231/458] SSTJ
[17:06:32] [232/458] SVNT
[17:06:33] [233/458] PPPR
[17:06:34] [234/458] PVYS
[17:06:35] [235/458] IOSE
[17:06:36] [236/458] ACTV
[17:06:36] 🔄 Identity reset
[17:06:36] 🔄 Identity rotated (every 10 requests)
[17:06:37] [237/458] APVE
[17:06:38] [238/458] TCCL
[17:06:38] [239/458] SCMO
[17:06:40] [240/458] SAUM
[17:06:41] [241/458] KCJS
[17:06:42] [242/458] NJCJ
[17:06:43] [243/458] NECF
[17:06:44] [244/458] CCGW
[17:06:45] [245/458] CCMG
[17:06:45] [246/458] NYRG
[17:06:46] 🔄 Identity reset
[17:06:46] 🔄 Identity rotated (every 10 requests)
[17:06:46] 🔄 Retry 1/5 for NYRG in 2.6s
[17:06:46] 🔄 Identity reset
[17:06:49] 🧠 New identity created
[17:06:49] [247/458] NCSQ
[17:06:50] [248/458] GRCG
[17:06:52] [249/458] CCBT
[17:06:52] [250/458] ACGA
[17:06:53] [251/458] INAG
[17:06:54] [252/458] FUCG
[17:06:55] [253/458] AICF
[17:06:56] [254/458] GRGA
[17:06:57] [255/458] GDCN
[17:06:57] 🔄 Identity reset
[17:06:57] 🔄 Identity rotated (every 10 requests)
[17:06:58] [256/458] RRCG
[17:06:59] [257/458] SDCH
[17:07:00] [258/458] WVJM
[17:07:01] [259/458] JCCZ
[17:07:01] [260/458] CNCL
[17:07:02] [261/458] TMLV
[17:07:03] [262/458] MEMB
[17:07:04] [263/458] SGTD
[17:07:05] [264/458] CONX
[17:07:05] [265/458] CCMH
[17:07:06] 🔄 Identity reset
[17:07:06] 🔄 Identity rotated (every 10 requests)
[17:07:06] [266/458] ACMC
[17:07:07] [267/458] DTPD
[17:07:08] [268/458] POJA
[17:07:09] [269/458] FNBH
[17:07:10] [270/458] CGCB
[17:07:11] [271/458] RACN
[17:07:12] [272/458] JTSM
[17:07:13] [273/458] SCDN
[17:07:14] [274/458] AACK
[17:07:15] [275/458] RMCE
[17:07:16] 🔄 Identity reset
[17:07:16] 🔄 Identity rotated (every 10 requests)
[17:07:17] [276/458] BSGB
[17:07:18] [277/458] MRCB
[17:07:23] [278/458] SRVR
[17:07:24] [279/458] VTKK
[17:07:25] [280/458] AMST
[17:07:26] [281/458] APCY
[17:07:26] [282/458] LMHO
[17:07:27] [283/458] MTZH
[17:07:28] [284/458] AMZB
[17:07:29] [285/458] SUVT
[17:07:30] 🔄 Identity reset
[17:07:30] 🔄 Identity rotated (every 10 requests)
[17:07:30] [286/458] RCIP
[17:07:31] [287/458] KESR
[17:07:32] [288/458] SNKC
[17:07:33] [289/458] SCED
[17:07:34] [290/458] DVCA
[17:07:34] [291/458] VCDT
[17:07:35] [292/458] RRDI
[17:07:36] [293/458] DFCH
[17:07:37] [294/458] INSC
[17:07:38] [295/458] RGTR
[17:07:38] 🔄 Identity reset
[17:07:38] 🔄 Identity rotated (every 10 requests)
[17:07:39] [296/458] FMOT
[17:07:40] [297/458] SCPM
[17:07:41] [298/458] GCDT
[17:07:42] [299/458] BRKT
[17:07:43] [300/458] DEMP
[17:07:44] [301/458] SRLC
[17:07:45] [302/458] KSTT
[17:07:46] [303/458] SMMT
[17:07:47] [304/458] SILM
[17:07:48] [305/458] JCVM
[17:07:49] 🔄 Identity reset
[17:07:49] 🔄 Identity rotated (every 10 requests)
[17:07:49] [306/458] KCSV
[17:07:50] [307/458] MHLK
[17:07:51] [308/458] SLVL
[17:07:53] [309/458] RJKP
[17:07:54] [310/458] BBPC
[17:07:55] [311/458] MXCB
[17:07:55] [312/458] TCPK
[17:07:56] [313/458] RTBR
[17:07:57] [314/458] GAUT
[17:07:58] [315/458] DVCF
[17:07:59] 🔄 Identity reset
[17:07:59] 🔄 Identity rotated (every 10 requests)
[17:07:59] [316/458] JTSB
[17:08:00] [317/458] SBLS
[17:08:01] [318/458] UDAY
[17:08:02] [319/458] PTNP
[17:08:03] [320/458] DMKT
[17:08:04] [321/458] NTDT
[17:08:05] [322/458] SHDJ
[17:08:06] [323/458] OTNC
[17:08:07] [324/458] RNTW
[17:08:07] [325/458] GCMI
[17:08:08] 🔄 Identity reset
[17:08:08] 🔄 Identity rotated (every 10 requests)
[17:08:09] [326/458] CRCM
[17:08:10] [327/458] NNCZ
[17:08:11] [328/458] OEMO
[17:08:12] [329/458] PVJM
[17:08:12] [330/458] CPJI
[17:08:13] [331/458] RMCJ
[17:08:15] [332/458] CNWJ
[17:08:16] [333/458] EPJM
[17:08:17] [334/458] FNJJ
[17:08:18] [335/458] GCMJ
[17:08:18] 🔄 Identity reset
[17:08:18] 🔄 Identity rotated (every 10 requests)
[17:08:19] [336/458] INPS
[17:08:20] [337/458] BICJ
[17:08:20] [338/458] ISTJ
[17:08:21] [339/458] INJC
[17:08:22] [340/458] GLXJ
[17:08:23] [341/458] INEM
[17:08:24] [342/458] JTMN
[17:08:25] [343/458] FRCJ
[17:08:26] [344/458] DDJP
[17:08:26] [345/458] INJV
[17:08:27] 🔄 Identity reset
[17:08:27] 🔄 Identity rotated (every 10 requests)
[17:08:28] [346/458] GOLC
[17:08:28] [347/458] KOCI
[17:08:29] [348/458] FSTD
[17:08:31] [349/458] PACJ
[17:08:32] [350/458] GMCN
[17:08:33] [351/458] MMDJ
[17:08:33] [352/458] GODH
[17:08:34] [353/458] SKYN
[17:08:35] [354/458] NCTH
[17:08:36] [355/458] SKVZ
[17:08:37] 🔄 Identity reset
[17:08:37] 🔄 Identity rotated (every 10 requests)
[17:08:37] [356/458] SVML
[17:08:38] [357/458] ACVZ
[17:08:39] [358/458] SURA
[17:08:40] [359/458] RTRB
[17:08:41] [360/458] LLCT
[17:08:42] [361/458] ATTS
[17:08:42] [362/458] JYCM
[17:08:43] [363/458] CTKR
[17:08:44] [364/458] LCKR
[17:08:45] [365/458] NYCV
[17:08:46] 🔄 Identity reset
[17:08:46] 🔄 Identity rotated (every 10 requests)
[17:08:46] [366/458] NYOH
[17:08:47] [367/458] NOVX
[17:08:48] [368/458] MRGK
[17:08:49] [369/458] MOON
[17:08:50] [370/458] SBUC
[17:08:51] [371/458] GSVA
[17:08:52] [372/458] VIAK
[17:08:53] [373/458] SMVZ
[17:08:54] [374/458] MATE
[17:08:55] [375/458] RDCN
[17:08:55] 🔄 Identity reset
[17:08:55] 🔄 Identity rotated (every 10 requests)
[17:08:56] [376/458] ASBL
[17:08:56] [377/458] ASVS
[17:08:57] [378/458] ASSR
[17:08:58] [379/458] SSKN
[17:08:59] [380/458] DRPV
[17:09:00] [381/458] MRHT
[17:09:01] [382/458] BSCN
[17:09:02] [383/458] RKNX
[17:09:02] [384/458] MSMC
[17:09:03] [385/458] MSCJ
[17:09:04] 🔄 Identity reset
[17:09:04] 🔄 Identity rotated (every 10 requests)
[17:09:04] [386/458] BTBJ
[17:09:05] [387/458] MJCC
[17:09:06] [388/458] IOMM
[17:09:08] [389/458] ADGR
[17:09:08] [390/458] MYCP
[17:09:09] [391/458] IGCM
[17:09:10] [392/458] PGRK
[17:09:11] [393/458] VPGO
[17:09:12] [394/458] KOMS
[17:09:13] [395/458] URGG
[17:09:13] 🔄 Identity reset
[17:09:13] 🔄 Identity rotated (every 10 requests)
[17:09:14] [396/458] GOST
[17:09:15] [397/458] LACT
[17:09:16] [398/458] BWCM
[17:09:17] [399/458] NCCW
[17:09:18] [400/458] SKYC
[17:09:19] [401/458] CCPM
[17:09:20] [402/458] VCBT
[17:09:22] [403/458] SDKR
[17:09:22] [404/458] CTYB
[17:09:23] [405/458] SHCX
[17:09:24] 🔄 Identity reset
[17:09:24] 🔄 Identity rotated (every 10 requests)
[17:09:24] [406/458] RCUN
[17:09:25] [407/458] CNRA
[17:09:26] [408/458] RFCA
[17:09:27] [409/458] RDCU
[17:09:29] [410/458] SARK
[17:09:30] [411/458] SPPP
[17:09:31] [412/458] ADMB
[17:09:33] [413/458] JYOE
[17:09:34] [414/458] SRMD
[17:09:35] [415/458] RJDH
[17:09:35] 🔄 Identity reset
[17:09:35] 🔄 Identity rotated (every 10 requests)
[17:09:36] [416/458] SSTD
[17:09:37] [417/458] AACV
[17:09:37] [418/458] PPVD
[17:09:38] [419/458] STCP
[17:09:39] [420/458] ANLS
[17:09:40] [421/458] BIJO
[17:09:41] [422/458] AVAB
[17:09:42] [423/458] SPMD
[17:09:43] [424/458] SVJL
[17:09:44] [425/458] SDDJ
[17:09:45] 🔄 Identity reset
[17:09:45] 🔄 Identity rotated (every 10 requests)
[17:09:45] [426/458] SLTU
[17:09:46] [427/458] SAKA
[17:09:47] [428/458] PMAM
[17:09:48] [429/458] FNAM
[17:09:49] [430/458] ACAM
[17:09:50] [431/458] SCMM
[17:09:50] [432/458] PMAK
[17:09:51] [433/458] NYSA
[17:09:53] [434/458] FCPA
[17:09:53] [435/458] GDAN
[17:09:54] 🔄 Identity reset
[17:09:54] 🔄 Identity rotated (every 10 requests)
[17:09:54] [436/458] RSCA
[17:09:55] [437/458] DMAN
[17:09:57] [438/458] DZCM
[17:09:58] [439/458] NSGL
[17:09:59] [440/458] CCPP
[17:10:00] [441/458] PSMG
[17:10:01] [442/458] GSER
[17:10:02] [443/458] FCCT
[17:10:02] [444/458] FCTB
[17:10:04] [445/458] LCNK
[17:10:04] 🔄 Identity reset
[17:10:04] 🔄 Identity rotated (every 10 requests)
[17:10:05] [446/458] SKTY
[17:10:06] [447/458] INAA
[17:10:07] [448/458] RCWN
[17:10:08] [449/458] VAIS
[17:10:09] [450/458] CVMN
[17:10:10] [451/458] INTS
[17:10:10] [452/458] FRGS
[17:10:11] [453/458] DTCK
[17:10:12] [454/458] MCMH
[17:10:13] [455/458] ECRR
[17:10:14] 🔄 Identity reset
[17:10:14] 🔄 Identity rotated (every 10 requests)
[17:10:14] [456/458] RLLP
[17:10:15] [457/458] CCSN
[17:10:16] [458/458] CCBA
[17:10:17] 🧹 Deduping shows
[17:10:17] ✅ DONE | Shows=29 | Movies=5
