[10:03:10] 🚀 SCRIPT STARTED (enhanced anti‑detection)
[10:03:10] [1/326] VCHA
[10:03:11] 🧠 New identity created
[10:03:11] [2/326] SCKO
[10:03:12] [3/326] VKTK
[10:03:13] [4/326] DXEC
[10:03:15] [5/326] CDCA
[10:03:15] [6/326] VBCZ
[10:03:16] [7/326] MSDR
[10:03:17] [8/326] ACPV
[10:03:18] [9/326] PVHB
[10:03:19] [10/326] RCNH
[10:03:20] 🔄 Identity reset
[10:03:20] 🔄 Identity rotated (every 10 requests)
[10:03:21] [11/326] IOMH
[10:03:22] [12/326] ILKS
[10:03:22] [13/326] AMSN
[10:03:23] [14/326] ANTP
[10:03:24] [15/326] SSEK
[10:03:25] [16/326] PICP
[10:03:26] [17/326] SICO
[10:03:26] [18/326] SISP
[10:03:27] [19/326] SCPI
[10:03:28] [20/326] CRPR
[10:03:29] 🔄 Identity reset
[10:03:29] 🔄 Identity rotated (every 10 requests)
[10:03:29] [21/326] DCTW
[10:03:30] [22/326] DCSP
[10:03:31] [23/326] KRPM
[10:03:32] [24/326] THKK
[10:03:33] [25/326] SNMY
[10:03:34] [26/326] AKCC
[10:03:35] [27/326] PCAT
[10:03:35] [28/326] RFGO
[10:03:36] [29/326] GGCS
[10:03:37] [30/326] ACKR
[10:03:38] 🔄 Identity reset
[10:03:38] 🔄 Identity rotated (every 10 requests)
[10:03:39] [31/326] STDO
[10:03:40] [32/326] ACKB
[10:03:41] [33/326] ALUC
[10:03:42] [34/326] MNSR
[10:03:43] [35/326] CSSL
[10:03:43] [36/326] BGGM
[10:03:44] [37/326] MANT
[10:03:45] [38/326] SOOY
[10:03:46] [39/326] VPPK
[10:03:47] [40/326] MYHJ
[10:03:47] 🔄 Identity reset
[10:03:47] 🔄 Identity rotated (every 10 requests)
[10:03:48] [41/326] KSCK
[10:03:48] [42/326] KATK
[10:03:49] [43/326] RTRT
[10:03:50] [44/326] SSTT
[10:03:51] [45/326] SSTV
[10:03:52] [46/326] LACM
[10:03:53] [47/326] SGMG
[10:03:54] [48/326] KACX
[10:03:55] [49/326] GVCP
[10:03:56] [50/326] CSNC
[10:03:56] 🔄 Identity reset
[10:03:56] 🔄 Identity rotated (every 10 requests)
[10:03:57] [51/326] SXCB
[10:03:57] [52/326] BAHS
[10:03:58] [53/326] PCBI
[10:03:59] [54/326] PSSM
[10:04:00] [55/326] RCOK
[10:04:01] [56/326] SCPF
[10:04:02] [57/326] SSAS
[10:04:03] [58/326] EVMM
[10:04:04] [59/326] SYCB
[10:04:05] [60/326] GCKI
[10:04:06] 🔄 Identity reset
[10:04:06] 🔄 Identity rotated (every 10 requests)
[10:04:06] [61/326] IAET
[10:04:07] [62/326] DDTD
[10:04:08] [63/326] GMDH
[10:04:09] [64/326] STLE
[10:04:10] [65/326] JTRA
[10:04:11] [66/326] RPPA
[10:04:11] [67/326] ARUT
[10:04:12] [68/326] JTVM
[10:04:13] [69/326] SWRH
[10:04:14] [70/326] DCPC
[10:04:14] 🔄 Identity reset
[10:04:14] 🔄 Identity rotated (every 10 requests)
[10:04:15] [71/326] RAPR
[10:04:16] [72/326] GCRT
[10:04:16] [73/326] ATUN
[10:04:17] [74/326] LTRM
[10:04:19] [75/326] TASR
[10:04:20] [76/326] RLLC
[10:04:21] [77/326] MABI
[10:04:22] [78/326] SVHB
[10:04:24] [79/326] NVTB
[10:04:25] [80/326] KCKG
[10:04:25] 🔄 Identity reset
[10:04:25] 🔄 Identity rotated (every 10 requests)
[10:04:26] [81/326] SSRN
[10:04:27] [82/326] VDDC
[10:04:28] [83/326] GKTK
[10:04:29] [84/326] YFSN
[10:04:30] [85/326] GCSG
[10:04:31] [86/326] ESSM
[10:04:31] [87/326] KRIH
[10:04:33] [88/326] GCDS
[10:04:35] [89/326] CCSH
[10:04:35] [90/326] ACSK
[10:04:36] 🔄 Identity reset
[10:04:36] 🔄 Identity rotated (every 10 requests)
[10:04:36] [91/326] APRK
[10:04:37] [92/326] ADKM
[10:04:38] [93/326] SRDM
[10:04:39] [94/326] SJMY
[10:04:40] [95/326] PGGC
[10:04:41] [96/326] INGM
[10:04:43] [97/326] LSCB
[10:04:43] [98/326] STAD
[10:04:44] [99/326] MCCR
[10:04:45] [100/326] ABCC
[10:04:46] 🔄 Identity reset
[10:04:46] 🔄 Identity rotated (every 10 requests)
[10:04:46] [101/326] RKCC
[10:04:47] [102/326] RTCR
[10:04:48] [103/326] GGBC
[10:04:48] [104/326] GCSD
[10:04:49] [105/326] LPTY
[10:04:50] [106/326] MCFD
[10:04:51] [107/326] HENN
[10:04:52] [108/326] SMKU
[10:04:53] [109/326] TNZC
[10:04:53] [110/326] DRCD
[10:04:54] 🔄 Identity reset
[10:04:54] 🔄 Identity rotated (every 10 requests)
[10:04:54] [111/326] DLCD
[10:04:55] [112/326] RCDA
[10:04:56] [113/326] COSM
[10:04:57] [114/326] MCMJ
[10:04:58] [115/326] CSTR
[10:04:59] [116/326] CVDK
[10:05:00] [117/326] INRR
[10:05:01] [118/326] RJRT
[10:05:02] [119/326] IRMR
[10:05:03] [120/326] SRCF
[10:05:04] 🔄 Identity reset
[10:05:04] 🔄 Identity rotated (every 10 requests)
[10:05:04] [121/326] GRCR
[10:05:05] [122/326] SURC
[10:05:06] [123/326] NMNH
[10:05:07] [124/326] SVBL
[10:05:08] [125/326] KACI
[10:05:08] [126/326] TDGO
[10:05:09] [127/326] KTBR
[10:05:10] [128/326] PMAD
[10:05:11] [129/326] CCPN
[10:05:12] [130/326] SBTK
[10:05:12] 🔄 Identity reset
[10:05:12] 🔄 Identity rotated (every 10 requests)
[10:05:13] [131/326] LMDK
[10:05:14] [132/326] PGDA
[10:05:15] [133/326] SRML
[10:05:16] [134/326] EVCK
[10:05:16] [135/326] RTTK
[10:05:17] [136/326] SRTU
[10:05:18] [137/326] VRSA
[10:05:19] [138/326] VARS
[10:05:20] [139/326] DSCZ
[10:05:21] [140/326] GAGA
[10:05:22] 🔄 Identity reset
[10:05:22] 🔄 Identity rotated (every 10 requests)
[10:05:22] [141/326] SARV
[10:05:24] [142/326] SEEG
[10:05:25] [143/326] GLCA
[10:05:26] [144/326] APAS
[10:05:27] [145/326] VCIA
[10:05:27] [146/326] SJTA
[10:05:28] [147/326] SABM
[10:05:29] [148/326] PPAG
[10:05:30] [149/326] RVCA
[10:05:31] [150/326] CCIA
[10:05:32] 🔄 Identity reset
[10:05:32] 🔄 Identity rotated (every 10 requests)
[10:05:32] [151/326] HTAG
[10:05:33] [152/326] SMBI
[10:05:34] [153/326] MCJR
[10:05:35] [154/326] CCJR
[10:05:36] [155/326] SINF
[10:05:37] [156/326] CPLX
[10:05:37] [157/326] KKTJ
[10:05:38] [158/326] GDBW
[10:05:40] [159/326] CSUB
[10:05:41] [160/326] DABA
[10:05:41] 🔄 Identity reset
[10:05:41] 🔄 Identity rotated (every 10 requests)
[10:05:42] [161/326] TITR
[10:05:42] [162/326] NYCR
[10:05:43] [163/326] RTRY
[10:05:44] [164/326] JTJL
[10:05:45] [165/326] SJCP
[10:05:46] [166/326] KCCA
[10:05:47] [167/326] MLPG
[10:05:48] [168/326] VRCK
[10:05:49] [169/326] SRIN
[10:05:49] [170/326] CXMK
[10:05:50] 🔄 Identity reset
[10:05:50] 🔄 Identity rotated (every 10 requests)
[10:05:51] [171/326] SKAD
[10:05:52] [172/326] AVTR
[10:05:53] [173/326] PTAJ
[10:05:54] [174/326] SCNK
[10:05:54] [175/326] STTI
[10:05:55] [176/326] KACR
[10:05:56] [177/326] SSDX
[10:05:58] [178/326] VRTJ
[10:05:58] [179/326] RAJD
[10:05:59] [180/326] SCIP
[10:06:00] 🔄 Identity reset
[10:06:00] 🔄 Identity rotated (every 10 requests)
[10:06:00] [181/326] RJSL
[10:06:01] [182/326] ARRS
[10:06:02] [183/326] ASMS
[10:06:02] [184/326] RDTS
[10:06:03] [185/326] DVMY
[10:06:04] [186/326] RASA
[10:06:05] [187/326] INOM
[10:06:06] [188/326] SPRS
[10:06:07] [189/326] SGCS
[10:06:07] [190/326] SALM
[10:06:08] 🔄 Identity reset
[10:06:08] 🔄 Identity rotated (every 10 requests)
[10:06:08] [191/326] PKHC
[10:06:09] [192/326] RCSV
[10:06:10] [193/326] CPKC
[10:06:11] [194/326] AACD
[10:06:12] [195/326] GGCV
[10:06:13] [196/326] SMKD
[10:06:14] [197/326] NBCH
[10:06:15] [198/326] AMCB
[10:06:15] [199/326] OPCN
[10:06:16] [200/326] DCIN
[10:06:17] 🔄 Identity reset
[10:06:17] 🔄 Identity rotated (every 10 requests)
[10:06:17] [201/326] INGW
[10:06:19] [202/326] PKKW
[10:06:20] [203/326] FNGW
[10:06:21] [204/326] GCGD
[10:06:22] [205/326] MSTW
[10:06:23] [206/326] KCCG
[10:06:24] [207/326] MRSS
[10:06:24] [208/326] CLCF
[10:06:25] [209/326] EETS
[10:06:26] [210/326] AATR
[10:06:26] 🔄 Identity reset
[10:06:27] 🔄 Identity rotated (every 10 requests)
[10:06:27] [211/326] CMMN
[10:06:28] [212/326] SCCJ
[10:06:29] [213/326] CDTK
[10:06:30] [214/326] AICP
[10:06:31] [215/326] FNBP
[10:06:31] [216/326] CBPB
[10:06:32] [217/326] CPAS
[10:06:33] [218/326] MAPM
[10:06:34] [219/326] PASD
[10:06:35] [220/326] JCMN
[10:06:36] 🔄 Identity reset
[10:06:36] 🔄 Identity rotated (every 10 requests)
[10:06:36] [221/326] MALB
[10:06:37] [222/326] SACG
[10:06:38] [223/326] DDRX
[10:06:39] [224/326] DDXB
[10:06:40] [225/326] RAMC
[10:06:41] [226/326] SANC
[10:06:42] [227/326] BCBP
[10:06:42] [228/326] ALPC
[10:06:43] [229/326] RBAC
[10:06:44] [230/326] RAJL
[10:06:45] 🔄 Identity reset
[10:06:45] 🔄 Identity rotated (every 10 requests)
[10:06:45] [231/326] MPDX
[10:06:46] [232/326] MUSC
[10:06:47] [233/326] VKMK
[10:06:48] [234/326] SKCG
[10:06:49] [235/326] ANCN
[10:06:50] [236/326] MMCJ
[10:06:51] [237/326] DCAK
[10:06:52] [238/326] SCKG
[10:06:52] [239/326] LMCK
[10:06:53] [240/326] CKKX
[10:06:54] 🔄 Identity reset
[10:06:54] 🔄 Identity rotated (every 10 requests)
[10:06:54] [241/326] ANKU
[10:06:55] [242/326] CSMD
[10:06:56] [243/326] MKMP
[10:06:57] [244/326] SVBG
[10:06:57] [245/326] ROOP
[10:06:58] [246/326] GDMT
[10:06:59] [247/326] FPPF
[10:07:00] [248/326] SFUU
[10:07:01] [249/326] ANCB
[10:07:02] [250/326] SMMC
[10:07:02] 🔄 Identity reset
[10:07:02] 🔄 Identity rotated (every 10 requests)
[10:07:03] [251/326] UGKT
[10:07:04] [252/326] JVRM
[10:07:04] [253/326] BATG
[10:07:05] [254/326] RATE
[10:07:06] [255/326] SKME
[10:07:07] [256/326] LMTP
[10:07:08] [257/326] TCBD
[10:07:09] [258/326] ESBD
[10:07:10] [259/326] GDCU
[10:07:11] [260/326] SNKT
[10:07:11] 🔄 Identity reset
[10:07:11] 🔄 Identity rotated (every 10 requests)
[10:07:12] [261/326] SRNK
[10:07:12] [262/326] SMED
[10:07:13] [263/326] CSQS
[10:07:15] [264/326] ALCS
[10:07:16] [265/326] KCKN
[10:07:17] [266/326] VCCL
[10:07:18] [267/326] MCDA
[10:07:18] [268/326] SHMI
[10:07:19] [269/326] SKHA
[10:07:20] [270/326] SVFK
[10:07:21] 🔄 Identity reset
[10:07:21] 🔄 Identity rotated (every 10 requests)
[10:07:21] [271/326] INVB
[10:07:22] [272/326] MELD
[10:07:23] [273/326] JTYS
[10:07:24] [274/326] INCM
[10:07:24] [275/326] MCDV
[10:07:25] [276/326] KSGK
[10:07:26] [277/326] ICMG
[10:07:28] [278/326] CSCV
[10:07:30] [279/326] STMD
[10:07:31] [280/326] STTR
[10:07:32] 🔄 Identity reset
[10:07:32] 🔄 Identity rotated (every 10 requests)
[10:07:32] [281/326] INVC
[10:07:33] [282/326] JTBL
[10:07:34] [283/326] SRVV
[10:07:35] [284/326] MAVC
[10:07:36] [285/326] SRPP
[10:07:37] [286/326] JGDM
[10:07:38] [287/326] MBSJ
[10:07:39] [288/326] SSLL
[10:07:40] [289/326] SLKP
[10:07:41] [290/326] NSRV
[10:07:42] 🔄 Identity reset
[10:07:42] 🔄 Identity rotated (every 10 requests)
[10:07:42] [291/326] UTDV
[10:07:43] [292/326] KICM
[10:07:44] [293/326] KCMD
[10:07:45] [294/326] TTPP
[10:07:46] [295/326] KMPV
[10:07:48] [296/326] SKTV
[10:07:48] [297/326] STCV
[10:07:49] [298/326] SRDA
[10:07:51] [299/326] JTSX
[10:07:52] [300/326] STBV
[10:07:52] 🔄 Identity reset
[10:07:52] 🔄 Identity rotated (every 10 requests)
[10:07:53] [301/326] APVZ
[10:07:54] [302/326] GSTV
[10:07:54] [303/326] NMVS
[10:07:55] [304/326] SKRT
[10:07:56] [305/326] RMDV
[10:07:57] [306/326] RATG
[10:07:58] [307/326] SJYV
[10:07:59] [308/326] NDGP
[10:08:00] [309/326] SNDG
[10:08:01] [310/326] INSR
[10:08:01] 🔄 Identity reset
[10:08:01] 🔄 Identity rotated (every 10 requests)
[10:08:02] [311/326] INSO
[10:08:02] [312/326] CCSI
[10:08:03] [313/326] RASM
[10:08:04] [314/326] NEWC
[10:08:05] [315/326] VSHL
[10:08:06] [316/326] BISW
[10:08:07] [317/326] GCNG
[10:08:08] [318/326] CWSC
[10:08:08] [319/326] SKAN
[10:08:09] [320/326] CCOA
[10:08:10] 🔄 Identity reset
[10:08:10] 🔄 Identity rotated (every 10 requests)
[10:08:10] [321/326] MCAJ
[10:08:11] [322/326] ACDE
[10:08:13] [323/326] AACM
[10:08:14] [324/326] JJCK
[10:08:15] [325/326] RCMO
[10:08:16] [326/326] GDAW
[10:08:16] 🧹 Deduping shows
[10:08:16] ✅ DONE | Shows=29 | Movies=4
[17:02:38] 🚀 SCRIPT STARTED (enhanced anti‑detection)
[17:02:38] [1/326] VCHA
[17:02:38] 🧠 New identity created
[17:02:39] [2/326] SCKO
[17:02:40] [3/326] VKTK
[17:02:41] [4/326] DXEC
[17:02:42] [5/326] CDCA
[17:02:44] [6/326] VBCZ
[17:02:45] [7/326] MSDR
[17:02:46] [8/326] ACPV
[17:02:48] [9/326] PVHB
[17:02:48] [10/326] RCNH
[17:02:49] 🔄 Identity reset
[17:02:49] 🔄 Identity rotated (every 10 requests)
[17:02:49] [11/326] IOMH
[17:02:50] [12/326] ILKS
[17:02:51] [13/326] AMSN
[17:02:52] [14/326] ANTP
[17:02:53] [15/326] SSEK
[17:02:54] [16/326] PICP
[17:02:55] [17/326] SICO
[17:02:56] [18/326] SISP
[17:02:56] [19/326] SCPI
[17:02:57] [20/326] CRPR
[17:02:58] 🔄 Identity reset
[17:02:58] 🔄 Identity rotated (every 10 requests)
[17:02:58] [21/326] DCTW
[17:02:59] [22/326] DCSP
[17:03:00] [23/326] KRPM
[17:03:01] [24/326] THKK
[17:03:02] [25/326] SNMY
[17:03:03] [26/326] AKCC
[17:03:04] [27/326] PCAT
[17:03:05] [28/326] RFGO
[17:03:06] [29/326] GGCS
[17:03:06] [30/326] ACKR
[17:03:07] 🔄 Identity reset
[17:03:07] 🔄 Identity rotated (every 10 requests)
[17:03:08] [31/326] STDO
[17:03:09] [32/326] ACKB
[17:03:11] [33/326] ALUC
[17:03:12] [34/326] MNSR
[17:03:13] [35/326] CSSL
[17:03:14] [36/326] BGGM
[17:03:15] [37/326] MANT
[17:03:16] [38/326] SOOY
[17:03:17] [39/326] VPPK
[17:03:17] [40/326] MYHJ
[17:03:18] 🔄 Identity reset
[17:03:18] 🔄 Identity rotated (every 10 requests)
[17:03:18] [41/326] KSCK
[17:03:19] [42/326] KATK
[17:03:21] [43/326] RTRT
[17:03:22] [44/326] SSTT
[17:03:23] [45/326] SSTV
[17:03:24] [46/326] LACM
[17:03:24] [47/326] SGMG
[17:03:25] [48/326] KACX
[17:03:26] [49/326] GVCP
[17:03:27] [50/326] CSNC
[17:03:28] 🔄 Identity reset
[17:03:28] 🔄 Identity rotated (every 10 requests)
[17:03:28] [51/326] SXCB
[17:03:30] [52/326] BAHS
[17:03:31] [53/326] PCBI
[17:03:32] [54/326] PSSM
[17:03:33] [55/326] RCOK
[17:03:33] [56/326] SCPF
[17:03:34] [57/326] SSAS
[17:03:35] [58/326] EVMM
[17:03:36] [59/326] SYCB
[17:03:37] [60/326] GCKI
[17:03:38] 🔄 Identity reset
[17:03:38] 🔄 Identity rotated (every 10 requests)
[17:03:38] [61/326] IAET
[17:03:39] [62/326] DDTD
[17:03:40] [63/326] GMDH
[17:03:41] [64/326] STLE
[17:03:42] [65/326] JTRA
[17:03:42] [66/326] RPPA
[17:03:43] [67/326] ARUT
[17:03:45] [68/326] JTVM
[17:03:47] [69/326] SWRH
[17:03:48] [70/326] DCPC
[17:03:48] 🔄 Identity reset
[17:03:48] 🔄 Identity rotated (every 10 requests)
[17:03:49] [71/326] RAPR
[17:03:50] [72/326] GCRT
[17:03:51] [73/326] ATUN
[17:03:52] [74/326] LTRM
[17:03:52] [75/326] TASR
[17:03:53] [76/326] RLLC
[17:03:54] [77/326] MABI
[17:03:55] [78/326] SVHB
[17:03:56] [79/326] NVTB
[17:03:57] [80/326] KCKG
[17:03:58] 🔄 Identity reset
[17:03:58] 🔄 Identity rotated (every 10 requests)
[17:03:58] [81/326] SSRN
[17:04:00] [82/326] VDDC
[17:04:01] [83/326] GKTK
[17:04:02] [84/326] YFSN
[17:04:03] [85/326] GCSG
[17:04:04] [86/326] ESSM
[17:04:05] [87/326] KRIH
[17:04:06] [88/326] GCDS
[17:04:07] [89/326] CCSH
[17:04:08] [90/326] ACSK
[17:04:08] 🔄 Identity reset
[17:04:08] 🔄 Identity rotated (every 10 requests)
[17:04:09] [91/326] APRK
[17:04:10] [92/326] ADKM
[17:04:11] [93/326] SRDM
[17:04:11] [94/326] SJMY
[17:04:12] [95/326] PGGC
[17:04:13] [96/326] INGM
[17:04:14] [97/326] LSCB
[17:04:15] [98/326] STAD
[17:04:16] [99/326] MCCR
[17:04:17] [100/326] ABCC
[17:04:17] 🔄 Identity reset
[17:04:17] 🔄 Identity rotated (every 10 requests)
[17:04:18] [101/326] RKCC
[17:04:19] [102/326] RTCR
[17:04:20] [103/326] GGBC
[17:04:21] [104/326] GCSD
[17:04:22] [105/326] LPTY
[17:04:23] [106/326] MCFD
[17:04:24] [107/326] HENN
[17:04:25] [108/326] SMKU
[17:04:26] [109/326] TNZC
[17:04:27] [110/326] DRCD
[17:04:27] 🔄 Identity reset
[17:04:27] 🔄 Identity rotated (every 10 requests)
[17:04:28] [111/326] DLCD
[17:04:29] [112/326] RCDA
[17:04:30] [113/326] COSM
[17:04:30] [114/326] MCMJ
[17:04:31] [115/326] CSTR
[17:04:32] [116/326] CVDK
[17:04:33] [117/326] INRR
[17:04:34] [118/326] RJRT
[17:04:35] [119/326] IRMR
[17:04:36] [120/326] SRCF
[17:04:36] 🔄 Identity reset
[17:04:36] 🔄 Identity rotated (every 10 requests)
[17:04:37] [121/326] GRCR
[17:04:38] [122/326] SURC
[17:04:39] [123/326] NMNH
[17:04:40] [124/326] SVBL
[17:04:41] [125/326] KACI
[17:04:42] [126/326] TDGO
[17:04:43] [127/326] KTBR
[17:04:44] [128/326] PMAD
[17:04:45] [129/326] CCPN
[17:04:46] [130/326] SBTK
[17:04:46] 🔄 Identity reset
[17:04:46] 🔄 Identity rotated (every 10 requests)
[17:04:47] [131/326] LMDK
[17:04:48] [132/326] PGDA
[17:04:49] [133/326] SRML
[17:04:50] [134/326] EVCK
[17:04:51] [135/326] RTTK
[17:04:52] [136/326] SRTU
[17:04:53] [137/326] VRSA
[17:04:54] [138/326] VARS
[17:04:54] [139/326] DSCZ
[17:04:55] [140/326] GAGA
[17:04:56] 🔄 Identity reset
[17:04:56] 🔄 Identity rotated (every 10 requests)
[17:04:56] [141/326] SARV
[17:04:57] [142/326] SEEG
[17:04:58] [143/326] GLCA
[17:04:59] [144/326] APAS
[17:05:00] [145/326] VCIA
[17:05:01] [146/326] SJTA
[17:05:02] [147/326] SABM
[17:05:03] [148/326] PPAG
[17:05:04] [149/326] RVCA
[17:05:05] [150/326] CCIA
[17:05:06] 🔄 Identity reset
[17:05:06] 🔄 Identity rotated (every 10 requests)
[17:05:06] [151/326] HTAG
[17:05:07] [152/326] SMBI
[17:05:09] [153/326] MCJR
[17:05:10] [154/326] CCJR
[17:05:11] [155/326] SINF
[17:05:12] [156/326] CPLX
[17:05:13] [157/326] KKTJ
[17:05:14] [158/326] GDBW
[17:05:15] [159/326] CSUB
[17:05:16] [160/326] DABA
[17:05:16] 🔄 Identity reset
[17:05:16] 🔄 Identity rotated (every 10 requests)
[17:05:17] [161/326] TITR
[17:05:18] [162/326] NYCR
[17:05:19] [163/326] RTRY
[17:05:20] [164/326] JTJL
[17:05:20] [165/326] SJCP
[17:05:22] [166/326] KCCA
[17:05:24] [167/326] MLPG
[17:05:25] [168/326] VRCK
[17:05:26] [169/326] SRIN
[17:05:27] [170/326] CXMK
[17:05:28] 🔄 Identity reset
[17:05:28] 🔄 Identity rotated (every 10 requests)
[17:05:28] [171/326] SKAD
[17:05:29] [172/326] AVTR
[17:05:30] [173/326] PTAJ
[17:05:31] [174/326] SCNK
[17:05:32] [175/326] STTI
[17:05:33] [176/326] KACR
[17:05:34] [177/326] SSDX
[17:05:34] [178/326] VRTJ
[17:05:35] [179/326] RAJD
[17:05:36] [180/326] SCIP
[17:05:37] 🔄 Identity reset
[17:05:37] 🔄 Identity rotated (every 10 requests)
[17:05:37] [181/326] RJSL
[17:05:38] [182/326] ARRS
[17:05:39] [183/326] ASMS
[17:05:40] [184/326] RDTS
[17:05:41] [185/326] DVMY
[17:05:42] [186/326] RASA
[17:05:43] [187/326] INOM
[17:05:45] [188/326] SPRS
[17:05:45] [189/326] SGCS
[17:05:46] [190/326] SALM
[17:05:47] 🔄 Identity reset
[17:05:47] 🔄 Identity rotated (every 10 requests)
[17:05:47] [191/326] PKHC
[17:05:48] [192/326] RCSV
[17:05:49] [193/326] CPKC
[17:05:50] [194/326] AACD
[17:05:52] [195/326] GGCV
[17:05:53] [196/326] SMKD
[17:05:53] [197/326] NBCH
[17:05:54] [198/326] AMCB
[17:05:55] [199/326] OPCN
[17:05:57] [200/326] DCIN
[17:05:58] 🔄 Identity reset
[17:05:58] 🔄 Identity rotated (every 10 requests)
[17:05:59] [201/326] INGW
[17:05:59] [202/326] PKKW
[17:06:00] [203/326] FNGW
[17:06:02] [204/326] GCGD
[17:06:03] [205/326] MSTW
[17:06:04] [206/326] KCCG
[17:06:05] [207/326] MRSS
[17:06:06] [208/326] CLCF
[17:06:07] [209/326] EETS
[17:06:08] [210/326] AATR
[17:06:09] 🔄 Identity reset
[17:06:09] 🔄 Identity rotated (every 10 requests)
[17:06:09] 🔄 Retry 1/5 for AATR in 2.5s
[17:06:09] 🔄 Identity reset
[17:06:12] 🧠 New identity created
[17:06:12] [211/326] CMMN
[17:06:13] [212/326] SCCJ
[17:06:14] [213/326] CDTK
[17:06:15] [214/326] AICP
[17:06:16] [215/326] FNBP
[17:06:17] [216/326] CBPB
[17:06:18] [217/326] CPAS
[17:06:19] [218/326] MAPM
[17:06:20] [219/326] PASD
[17:06:20] 🔄 Identity reset
[17:06:20] 🔄 Identity rotated (every 10 requests)
[17:06:21] [220/326] JCMN
[17:06:22] [221/326] MALB
[17:06:23] [222/326] SACG
[17:06:24] [223/326] DDRX
[17:06:24] [224/326] DDXB
[17:06:25] [225/326] RAMC
[17:06:26] [226/326] SANC
[17:06:27] [227/326] BCBP
[17:06:28] [228/326] ALPC
[17:06:29] [229/326] RBAC
[17:06:30] 🔄 Identity reset
[17:06:30] 🔄 Identity rotated (every 10 requests)
[17:06:30] [230/326] RAJL
[17:06:31] [231/326] MPDX
[17:06:32] [232/326] MUSC
[17:06:33] [233/326] VKMK
[17:06:34] [234/326] SKCG
[17:06:35] [235/326] ANCN
[17:06:36] [236/326] MMCJ
[17:06:36] [237/326] DCAK
[17:06:37] [238/326] SCKG
[17:06:38] [239/326] LMCK
[17:06:39] 🔄 Identity reset
[17:06:39] 🔄 Identity rotated (every 10 requests)
[17:06:39] [240/326] CKKX
[17:06:40] [241/326] ANKU
[17:06:41] [242/326] CSMD
[17:06:42] [243/326] MKMP
[17:06:43] [244/326] SVBG
[17:06:44] [245/326] ROOP
[17:06:45] [246/326] GDMT
[17:06:46] [247/326] FPPF
[17:06:47] [248/326] SFUU
[17:06:48] [249/326] ANCB
[17:06:48] 🔄 Identity reset
[17:06:48] 🔄 Identity rotated (every 10 requests)
[17:06:49] [250/326] SMMC
[17:06:50] [251/326] UGKT
[17:06:51] [252/326] JVRM
[17:06:52] [253/326] BATG
[17:06:53] [254/326] RATE
[17:06:53] [255/326] SKME
[17:06:55] [256/326] LMTP
[17:06:55] [257/326] TCBD
[17:06:56] [258/326] ESBD
[17:06:57] [259/326] GDCU
[17:06:58] 🔄 Identity reset
[17:06:58] 🔄 Identity rotated (every 10 requests)
[17:06:58] [260/326] SNKT
[17:06:59] [261/326] SRNK
[17:07:00] [262/326] SMED
[17:07:01] [263/326] CSQS
[17:07:02] [264/326] ALCS
[17:07:03] [265/326] KCKN
[17:07:04] [266/326] VCCL
[17:07:05] [267/326] MCDA
[17:07:06] [268/326] SHMI
[17:07:07] [269/326] SKHA
[17:07:08] 🔄 Identity reset
[17:07:08] 🔄 Identity rotated (every 10 requests)
[17:07:08] [270/326] SVFK
[17:07:09] [271/326] INVB
[17:07:10] [272/326] MELD
[17:07:11] [273/326] JTYS
[17:07:12] [274/326] INCM
[17:07:13] [275/326] MCDV
[17:07:14] [276/326] KSGK
[17:07:14] [277/326] ICMG
[17:07:16] [278/326] CSCV
[17:07:17] [279/326] STMD
[17:07:17] 🔄 Identity reset
[17:07:17] 🔄 Identity rotated (every 10 requests)
[17:07:18] [280/326] STTR
[17:07:19] [281/326] INVC
[17:07:20] [282/326] JTBL
[17:07:20] [283/326] SRVV
[17:07:21] [284/326] MAVC
[17:07:22] [285/326] SRPP
[17:07:23] [286/326] JGDM
[17:07:24] [287/326] MBSJ
[17:07:25] [288/326] SSLL
[17:07:26] [289/326] SLKP
[17:07:26] 🔄 Identity reset
[17:07:26] 🔄 Identity rotated (every 10 requests)
[17:07:27] 🔄 Retry 1/5 for SLKP in 2.7s
[17:07:27] 🔄 Identity reset
[17:07:29] 🧠 New identity created
[17:07:29] 🔄 Retry 2/5 for SLKP in 4.4s
[17:07:29] 🔄 Identity reset
[17:07:34] 🧠 New identity created
[17:07:34] [290/326] NSRV
[17:07:35] [291/326] UTDV
[17:07:37] [292/326] KICM
[17:07:38] [293/326] KCMD
[17:07:39] [294/326] TTPP
[17:07:40] [295/326] KMPV
[17:07:41] [296/326] SKTV
[17:07:42] [297/326] STCV
[17:07:43] 🔄 Identity reset
[17:07:43] 🔄 Identity rotated (every 10 requests)
[17:07:43] [298/326] SRDA
[17:07:44] [299/326] JTSX
[17:07:45] [300/326] STBV
[17:07:46] [301/326] APVZ
[17:07:47] [302/326] GSTV
[17:07:48] [303/326] NMVS
[17:07:49] [304/326] SKRT
[17:07:50] [305/326] RMDV
[17:07:51] [306/326] RATG
[17:07:51] [307/326] SJYV
[17:07:52] 🔄 Identity reset
[17:07:52] 🔄 Identity rotated (every 10 requests)
[17:07:52] [308/326] NDGP
[17:07:54] [309/326] SNDG
[17:07:55] [310/326] INSR
[17:07:56] [311/326] INSO
[17:07:57] [312/326] CCSI
[17:07:58] [313/326] RASM
[17:07:59] [314/326] NEWC
[17:07:59] [315/326] VSHL
[17:08:00] [316/326] BISW
[17:08:01] [317/326] GCNG
[17:08:02] 🔄 Identity reset
[17:08:02] 🔄 Identity rotated (every 10 requests)
[17:08:02] [318/326] CWSC
[17:08:03] [319/326] SKAN
[17:08:04] [320/326] CCOA
[17:08:05] [321/326] MCAJ
[17:08:06] [322/326] ACDE
[17:08:07] [323/326] AACM
[17:08:08] [324/326] JJCK
[17:08:10] [325/326] RCMO
[17:08:10] [326/326] GDAW
[17:08:12] 🧹 Deduping shows
[17:08:12] ✅ DONE | Shows=32 | Movies=4
[04:59:11] 🚀 SCRIPT STARTED (enhanced anti‑detection)
[04:59:11] [1/326] VCHA
[04:59:12] 🧠 New identity created
[04:59:12] [2/326] SCKO
[04:59:13] [3/326] VKTK
[04:59:14] [4/326] DXEC
[04:59:15] [5/326] CDCA
[04:59:15] [6/326] VBCZ
[04:59:16] [7/326] MSDR
[04:59:17] [8/326] ACPV
[04:59:18] [9/326] PVHB
[04:59:19] [10/326] RCNH
[04:59:20] 🔄 Identity reset
[04:59:20] 🔄 Identity rotated (every 10 requests)
[04:59:20] [11/326] IOMH
[04:59:21] [12/326] ILKS
[04:59:22] [13/326] AMSN
[04:59:23] [14/326] ANTP
[04:59:24] [15/326] SSEK
[04:59:25] [16/326] PICP
[04:59:26] [17/326] SICO
[04:59:27] [18/326] SISP
[04:59:28] [19/326] SCPI
[04:59:29] [20/326] CRPR
[04:59:30] 🔄 Identity reset
[04:59:30] 🔄 Identity rotated (every 10 requests)
[04:59:30] [21/326] DCTW
[04:59:31] [22/326] DCSP
[04:59:32] [23/326] KRPM
[04:59:33] [24/326] THKK
[04:59:34] [25/326] SNMY
[04:59:34] [26/326] AKCC
[04:59:36] [27/326] PCAT
[04:59:37] [28/326] RFGO
[04:59:38] [29/326] GGCS
[04:59:38] [30/326] ACKR
[04:59:39] 🔄 Identity reset
[04:59:39] 🔄 Identity rotated (every 10 requests)
[04:59:39] 🔄 Retry 1/5 for ACKR in 3.0s
[04:59:39] 🔄 Identity reset
[04:59:42] 🧠 New identity created
[04:59:43] [31/326] STDO
[04:59:44] [32/326] ACKB
[04:59:46] [33/326] ALUC
[04:59:47] [34/326] MNSR
[04:59:48] [35/326] CSSL
[04:59:48] [36/326] BGGM
[04:59:49] [37/326] MANT
[04:59:50] [38/326] SOOY
[04:59:51] [39/326] VPPK
[04:59:51] 🔄 Identity reset
[04:59:51] 🔄 Identity rotated (every 10 requests)
[04:59:52] [40/326] MYHJ
[04:59:52] [41/326] KSCK
[04:59:53] [42/326] KATK
[04:59:55] [43/326] RTRT
[04:59:55] [44/326] SSTT
[04:59:57] [45/326] SSTV
[04:59:58] [46/326] LACM
[04:59:59] [47/326] SGMG
[05:00:00] [48/326] KACX
[05:00:01] [49/326] GVCP
[05:00:01] 🔄 Identity reset
[05:00:01] 🔄 Identity rotated (every 10 requests)
[05:00:01] 🔄 Retry 1/5 for GVCP in 2.9s
[05:00:01] 🔄 Identity reset
[05:00:04] 🧠 New identity created
[05:00:05] [50/326] CSNC
[05:00:06] [51/326] SXCB
[05:00:07] [52/326] BAHS
[05:00:07] [53/326] PCBI
[05:00:08] [54/326] PSSM
[05:00:09] [55/326] RCOK
[05:00:10] [56/326] SCPF
[05:00:11] [57/326] SSAS
[05:00:12] [58/326] EVMM
[05:00:12] 🔄 Identity reset
[05:00:12] 🔄 Identity rotated (every 10 requests)
[05:00:13] [59/326] SYCB
[05:00:14] [60/326] GCKI
[05:00:14] [61/326] IAET
[05:00:15] [62/326] DDTD
[05:00:16] [63/326] GMDH
[05:00:17] [64/326] STLE
[05:00:18] [65/326] JTRA
[05:00:19] [66/326] RPPA
[05:00:20] [67/326] ARUT
[05:00:21] [68/326] JTVM
[05:00:22] 🔄 Identity reset
[05:00:22] 🔄 Identity rotated (every 10 requests)
[05:00:22] [69/326] SWRH
[05:00:23] [70/326] DCPC
[05:00:24] [71/326] RAPR
[05:00:25] [72/326] GCRT
[05:00:26] [73/326] ATUN
[05:00:27] [74/326] LTRM
[05:00:28] [75/326] TASR
[05:00:28] [76/326] RLLC
[05:00:29] [77/326] MABI
[05:00:30] [78/326] SVHB
[05:00:31] 🔄 Identity reset
[05:00:31] 🔄 Identity rotated (every 10 requests)
[05:00:31] [79/326] NVTB
[05:00:32] [80/326] KCKG
[05:00:33] [81/326] SSRN
[05:00:34] [82/326] VDDC
[05:00:35] [83/326] GKTK
[05:00:36] [84/326] YFSN
[05:00:37] [85/326] GCSG
[05:00:38] [86/326] ESSM
[05:00:39] [87/326] KRIH
[05:00:40] [88/326] GCDS
[05:00:40] 🔄 Identity reset
[05:00:40] 🔄 Identity rotated (every 10 requests)
[05:00:41] [89/326] CCSH
[05:00:41] [90/326] ACSK
[05:00:42] [91/326] APRK
[05:00:43] [92/326] ADKM
[05:00:44] [93/326] SRDM
[05:00:45] [94/326] SJMY
[05:00:46] [95/326] PGGC
[05:00:47] [96/326] INGM
[05:00:48] [97/326] LSCB
[05:00:49] [98/326] STAD
[05:00:49] 🔄 Identity reset
[05:00:49] 🔄 Identity rotated (every 10 requests)
[05:00:50] [99/326] MCCR
[05:00:50] [100/326] ABCC
[05:00:51] [101/326] RKCC
[05:00:52] [102/326] RTCR
[05:00:53] [103/326] GGBC
[05:00:54] [104/326] GCSD
[05:00:55] [105/326] LPTY
[05:00:56] [106/326] MCFD
[05:00:57] [107/326] HENN
[05:00:58] [108/326] SMKU
[05:00:59] 🔄 Identity reset
[05:00:59] 🔄 Identity rotated (every 10 requests)
[05:00:59] [109/326] TNZC
[05:01:00] [110/326] DRCD
[05:01:01] [111/326] DLCD
[05:01:02] [112/326] RCDA
[05:01:03] [113/326] COSM
[05:01:03] [114/326] MCMJ
[05:01:04] [115/326] CSTR
[05:01:05] [116/326] CVDK
[05:01:06] [117/326] INRR
[05:01:07] [118/326] RJRT
[05:01:08] 🔄 Identity reset
[05:01:08] 🔄 Identity rotated (every 10 requests)
[05:01:08] [119/326] IRMR
[05:01:09] [120/326] SRCF
[05:01:10] [121/326] GRCR
[05:01:11] [122/326] SURC
[05:01:12] [123/326] NMNH
[05:01:12] [124/326] SVBL
[05:01:14] [125/326] KACI
[05:01:15] [126/326] TDGO
[05:01:17] [127/326] KTBR
[05:01:18] [128/326] PMAD
[05:01:18] 🔄 Identity reset
[05:01:18] 🔄 Identity rotated (every 10 requests)
[05:01:18] [129/326] CCPN
[05:01:19] [130/326] SBTK
[05:01:20] [131/326] LMDK
[05:01:22] [132/326] PGDA
[05:01:22] [133/326] SRML
[05:01:23] [134/326] EVCK
[05:01:24] [135/326] RTTK
[05:01:25] [136/326] SRTU
[05:01:26] [137/326] VRSA
[05:01:27] [138/326] VARS
[05:01:27] 🔄 Identity reset
[05:01:27] 🔄 Identity rotated (every 10 requests)
[05:01:28] 🔄 Retry 1/5 for VARS in 2.9s
[05:01:28] 🔄 Identity reset
[05:01:30] 🧠 New identity created
[05:01:30] 🔄 Retry 2/5 for VARS in 4.4s
[05:01:30] 🔄 Identity reset
[05:01:35] 🧠 New identity created
[05:01:35] [139/326] DSCZ
[05:01:36] [140/326] GAGA
[05:01:37] [141/326] SARV
[05:01:38] [142/326] SEEG
[05:01:39] [143/326] GLCA
[05:01:40] [144/326] APAS
[05:01:41] [145/326] VCIA
[05:01:42] [146/326] SJTA
[05:01:42] 🔄 Identity reset
[05:01:42] 🔄 Identity rotated (every 10 requests)
[05:01:43] [147/326] SABM
[05:01:43] [148/326] PPAG
[05:01:44] [149/326] RVCA
[05:01:45] [150/326] CCIA
[05:01:46] [151/326] HTAG
[05:01:47] [152/326] SMBI
[05:01:48] [153/326] MCJR
[05:01:49] [154/326] CCJR
[05:01:50] [155/326] SINF
[05:01:50] [156/326] CPLX
[05:01:51] 🔄 Identity reset
[05:01:51] 🔄 Identity rotated (every 10 requests)
[05:01:51] [157/326] KKTJ
[05:01:52] [158/326] GDBW
[05:01:53] [159/326] CSUB
[05:01:54] [160/326] DABA
[05:01:55] [161/326] TITR
[05:01:56] [162/326] NYCR
[05:01:57] [163/326] RTRY
[05:01:58] [164/326] JTJL
[05:01:58] [165/326] SJCP
[05:01:59] [166/326] KCCA
[05:02:00] 🔄 Identity reset
[05:02:00] 🔄 Identity rotated (every 10 requests)
[05:02:00] [167/326] MLPG
[05:02:01] [168/326] VRCK
[05:02:03] [169/326] SRIN
[05:02:04] [170/326] CXMK
[05:02:04] [171/326] SKAD
[05:02:05] [172/326] AVTR
[05:02:06] [173/326] PTAJ
[05:02:07] [174/326] SCNK
[05:02:08] [175/326] STTI
[05:02:09] [176/326] KACR
[05:02:09] 🔄 Identity reset
[05:02:09] 🔄 Identity rotated (every 10 requests)
[05:02:10] [177/326] SSDX
[05:02:11] [178/326] VRTJ
[05:02:12] [179/326] RAJD
[05:02:13] [180/326] SCIP
[05:02:14] [181/326] RJSL
[05:02:16] [182/326] ARRS
[05:02:16] [183/326] ASMS
[05:02:17] [184/326] RDTS
[05:02:18] [185/326] DVMY
[05:02:19] [186/326] RASA
[05:02:20] 🔄 Identity reset
[05:02:20] 🔄 Identity rotated (every 10 requests)
[05:02:20] [187/326] INOM
[05:02:21] [188/326] SPRS
[05:02:22] [189/326] SGCS
[05:02:23] [190/326] SALM
[05:02:23] [191/326] PKHC
[05:02:24] [192/326] RCSV
[05:02:26] [193/326] CPKC
[05:02:27] [194/326] AACD
[05:02:28] [195/326] GGCV
[05:02:28] [196/326] SMKD
[05:02:29] 🔄 Identity reset
[05:02:29] 🔄 Identity rotated (every 10 requests)
[05:02:29] [197/326] NBCH
[05:02:30] [198/326] AMCB
[05:02:31] [199/326] OPCN
[05:02:32] [200/326] DCIN
[05:02:33] [201/326] INGW
[05:02:34] [202/326] PKKW
[05:02:35] [203/326] FNGW
[05:02:36] [204/326] GCGD
[05:02:37] [205/326] MSTW
[05:02:37] [206/326] KCCG
[05:02:38] 🔄 Identity reset
[05:02:38] 🔄 Identity rotated (every 10 requests)
[05:02:38] [207/326] MRSS
[05:02:39] [208/326] CLCF
[05:02:40] [209/326] EETS
[05:02:41] [210/326] AATR
[05:02:42] [211/326] CMMN
[05:02:42] [212/326] SCCJ
[05:02:43] [213/326] CDTK
[05:02:44] [214/326] AICP
[05:02:46] [215/326] FNBP
[05:02:47] [216/326] CBPB
[05:02:47] 🔄 Identity reset
[05:02:47] 🔄 Identity rotated (every 10 requests)
[05:02:48] [217/326] CPAS
[05:02:49] [218/326] MAPM
[05:02:49] [219/326] PASD
[05:02:50] [220/326] JCMN
[05:02:52] [221/326] MALB
[05:02:53] [222/326] SACG
[05:02:54] [223/326] DDRX
[05:02:55] [224/326] DDXB
[05:02:55] [225/326] RAMC
[05:02:56] [226/326] SANC
[05:02:57] 🔄 Identity reset
[05:02:57] 🔄 Identity rotated (every 10 requests)
[05:02:57] 🔄 Retry 1/5 for SANC in 2.8s
[05:02:57] 🔄 Identity reset
[05:03:00] 🧠 New identity created
[05:03:01] [227/326] BCBP
[05:03:02] [228/326] ALPC
[05:03:03] [229/326] RBAC
[05:03:04] [230/326] RAJL
[05:03:04] [231/326] MPDX
[05:03:05] [232/326] MUSC
[05:03:06] [233/326] VKMK
[05:03:07] [234/326] SKCG
[05:03:08] [235/326] ANCN
[05:03:08] 🔄 Identity reset
[05:03:08] 🔄 Identity rotated (every 10 requests)
[05:03:08] [236/326] MMCJ
[05:03:09] [237/326] DCAK
[05:03:10] [238/326] SCKG
[05:03:11] [239/326] LMCK
[05:03:12] [240/326] CKKX
[05:03:13] [241/326] ANKU
[05:03:14] [242/326] CSMD
[05:03:14] [243/326] MKMP
[05:03:15] [244/326] SVBG
[05:03:16] [245/326] ROOP
[05:03:17] 🔄 Identity reset
[05:03:17] 🔄 Identity rotated (every 10 requests)
[05:03:17] [246/326] GDMT
[05:03:18] [247/326] FPPF
[05:03:19] [248/326] SFUU
[05:03:19] [249/326] ANCB
[05:03:20] [250/326] SMMC
[05:03:21] [251/326] UGKT
[05:03:22] [252/326] JVRM
[05:03:23] [253/326] BATG
[05:03:24] [254/326] RATE
[05:03:25] [255/326] SKME
[05:03:25] 🔄 Identity reset
[05:03:25] 🔄 Identity rotated (every 10 requests)
[05:03:25] [256/326] LMTP
[05:03:26] [257/326] TCBD
[05:03:27] [258/326] ESBD
[05:03:28] [259/326] GDCU
[05:03:29] [260/326] SNKT
[05:03:30] [261/326] SRNK
[05:03:31] [262/326] SMED
[05:03:32] [263/326] CSQS
[05:03:33] [264/326] ALCS
[05:03:34] [265/326] KCKN
[05:03:34] 🔄 Identity reset
[05:03:34] 🔄 Identity rotated (every 10 requests)
[05:03:35] [266/326] VCCL
[05:03:36] [267/326] MCDA
[05:03:37] [268/326] SHMI
[05:03:38] [269/326] SKHA
[05:03:39] [270/326] SVFK
[05:03:40] [271/326] INVB
[05:03:41] [272/326] MELD
[05:03:42] [273/326] JTYS
[05:03:43] [274/326] INCM
[05:03:44] [275/326] MCDV
[05:03:45] 🔄 Identity reset
[05:03:45] 🔄 Identity rotated (every 10 requests)
[05:03:45] 🔄 Retry 1/5 for MCDV in 2.2s
[05:03:45] 🔄 Identity reset
[05:03:47] 🧠 New identity created
[05:03:48] [276/326] KSGK
[05:03:49] [277/326] ICMG
[05:03:49] [278/326] CSCV
[05:03:50] [279/326] STMD
[05:03:51] [280/326] STTR
[05:03:52] [281/326] INVC
[05:03:53] [282/326] JTBL
[05:03:54] [283/326] SRVV
[05:03:55] [284/326] MAVC
[05:03:55] 🔄 Identity reset
[05:03:55] 🔄 Identity rotated (every 10 requests)
[05:03:56] [285/326] SRPP
[05:03:56] [286/326] JGDM
[05:03:57] [287/326] MBSJ
[05:03:58] [288/326] SSLL
[05:03:59] [289/326] SLKP
[05:04:00] [290/326] NSRV
[05:04:02] [291/326] UTDV
[05:04:03] [292/326] KICM
[05:04:04] [293/326] KCMD
[05:04:04] [294/326] TTPP
[05:04:05] 🔄 Identity reset
[05:04:05] 🔄 Identity rotated (every 10 requests)
[05:04:05] [295/326] KMPV
[05:04:06] [296/326] SKTV
[05:04:07] [297/326] STCV
[05:04:08] [298/326] SRDA
[05:04:09] [299/326] JTSX
[05:04:10] [300/326] STBV
[05:04:11] [301/326] APVZ
[05:04:12] [302/326] GSTV
[05:04:13] [303/326] NMVS
[05:04:14] [304/326] SKRT
[05:04:15] 🔄 Identity reset
[05:04:15] 🔄 Identity rotated (every 10 requests)
[05:04:15] [305/326] RMDV
[05:04:17] [306/326] RATG
[05:04:18] [307/326] SJYV
[05:04:19] [308/326] NDGP
[05:04:20] [309/326] SNDG
[05:04:21] [310/326] INSR
[05:04:21] [311/326] INSO
[05:04:22] [312/326] CCSI
[05:04:23] [313/326] RASM
[05:04:24] [314/326] NEWC
[05:04:25] 🔄 Identity reset
[05:04:25] 🔄 Identity rotated (every 10 requests)
[05:04:25] [315/326] VSHL
[05:04:26] [316/326] BISW
[05:04:27] [317/326] GCNG
[05:04:28] [318/326] CWSC
[05:04:28] [319/326] SKAN
[05:04:29] [320/326] CCOA
[05:04:30] [321/326] MCAJ
[05:04:31] [322/326] ACDE
[05:04:32] [323/326] AACM
[05:04:33] [324/326] JJCK
[05:04:34] 🔄 Identity reset
[05:04:34] 🔄 Identity rotated (every 10 requests)
[05:04:34] [325/326] RCMO
[05:04:36] [326/326] GDAW
[05:04:37] 🧹 Deduping shows
[05:04:37] ✅ DONE | Shows=68 | Movies=12
[22:08:56] 🚀 SCRIPT STARTED (enhanced anti‑detection)
[22:08:56] [1/326] VCHA
[22:08:57] 🧠 New identity created
[22:08:57] 🔄 Retry 1/5 for VCHA in 2.4s
[22:08:57] 🔄 Identity reset
[22:08:59] 🧠 New identity created
[22:08:59] [2/326] SCKO
[22:09:00] [3/326] VKTK
[22:09:01] [4/326] DXEC
[22:09:02] [5/326] CDCA
[22:09:03] [6/326] VBCZ
[22:09:04] [7/326] MSDR
[22:09:06] [8/326] ACPV
[22:09:07] [9/326] PVHB
[22:09:08] 🔄 Identity reset
[22:09:08] 🔄 Identity rotated (every 10 requests)
[22:09:08] [10/326] RCNH
[22:09:09] [11/326] IOMH
[22:09:10] [12/326] ILKS
[22:09:11] [13/326] AMSN
[22:09:12] [14/326] ANTP
[22:09:13] [15/326] SSEK
[22:09:14] [16/326] PICP
[22:09:15] [17/326] SICO
[22:09:15] [18/326] SISP
[22:09:16] [19/326] SCPI
[22:09:17] 🔄 Identity reset
[22:09:17] 🔄 Identity rotated (every 10 requests)
[22:09:17] [20/326] CRPR
[22:09:19] [21/326] DCTW
[22:09:20] [22/326] DCSP
[22:09:21] [23/326] KRPM
[22:09:21] [24/326] THKK
[22:09:22] [25/326] SNMY
[22:09:24] [26/326] AKCC
[22:09:25] [27/326] PCAT
[22:09:26] [28/326] RFGO
[22:09:28] [29/326] GGCS
[22:09:28] 🔄 Identity reset
[22:09:28] 🔄 Identity rotated (every 10 requests)
[22:09:29] [30/326] ACKR
[22:09:30] [31/326] STDO
[22:09:32] [32/326] ACKB
[22:09:33] [33/326] ALUC
[22:09:33] [34/326] MNSR
[22:09:34] [35/326] CSSL
[22:09:36] [36/326] BGGM
[22:09:37] [37/326] MANT
[22:09:38] [38/326] SOOY
[22:09:39] [39/326] VPPK
[22:09:39] 🔄 Identity reset
[22:09:40] 🔄 Identity rotated (every 10 requests)
[22:09:40] [40/326] MYHJ
[22:09:41] [41/326] KSCK
[22:09:42] [42/326] KATK
[22:09:43] [43/326] RTRT
[22:09:44] [44/326] SSTT
[22:09:45] [45/326] SSTV
[22:09:46] [46/326] LACM
[22:09:47] [47/326] SGMG
[22:09:48] [48/326] KACX
[22:09:49] [49/326] GVCP
[22:09:49] 🔄 Identity reset
[22:09:49] 🔄 Identity rotated (every 10 requests)
[22:09:50] [50/326] CSNC
[22:09:50] [51/326] SXCB
[22:09:51] [52/326] BAHS
[22:09:52] [53/326] PCBI
[22:09:53] [54/326] PSSM
[22:09:54] [55/326] RCOK
[22:09:54] [56/326] SCPF
[22:09:55] [57/326] SSAS
[22:09:56] [58/326] EVMM
[22:09:57] [59/326] SYCB
[22:09:58] 🔄 Identity reset
[22:09:58] 🔄 Identity rotated (every 10 requests)
[22:09:58] 🔄 Retry 1/5 for SYCB in 2.3s
[22:09:58] 🔄 Identity reset
[22:10:00] 🧠 New identity created
[22:10:00] [60/326] GCKI
[22:10:01] [61/326] IAET
[22:10:02] [62/326] DDTD
[22:10:04] [63/326] GMDH
[22:10:04] [64/326] STLE
[22:10:05] [65/326] JTRA
[22:10:06] [66/326] RPPA
[22:10:07] [67/326] ARUT
[22:10:08] [68/326] JTVM
[22:10:08] 🔄 Identity reset
[22:10:08] 🔄 Identity rotated (every 10 requests)
[22:10:09] [69/326] SWRH
[22:10:10] [70/326] DCPC
[22:10:11] [71/326] RAPR
[22:10:12] [72/326] GCRT
[22:10:12] [73/326] ATUN
[22:10:13] [74/326] LTRM
[22:10:15] [75/326] TASR
[22:10:16] [76/326] RLLC
[22:10:17] [77/326] MABI
[22:10:18] [78/326] SVHB
[22:10:18] 🔄 Identity reset
[22:10:18] 🔄 Identity rotated (every 10 requests)
[22:10:19] [79/326] NVTB
[22:10:19] [80/326] KCKG
[22:10:20] [81/326] SSRN
[22:10:21] [82/326] VDDC
[22:10:22] [83/326] GKTK
[22:10:23] [84/326] YFSN
[22:10:25] [85/326] GCSG
[22:10:25] [86/326] ESSM
[22:10:26] [87/326] KRIH
[22:10:27] [88/326] GCDS
[22:10:28] 🔄 Identity reset
[22:10:28] 🔄 Identity rotated (every 10 requests)
[22:10:28] 🔄 Retry 1/5 for GCDS in 2.6s
[22:10:28] 🔄 Identity reset
[22:10:30] 🧠 New identity created
[22:10:31] [89/326] CCSH
[22:10:32] [90/326] ACSK
[22:10:33] [91/326] APRK
[22:10:34] [92/326] ADKM
[22:10:35] [93/326] SRDM
[22:10:36] [94/326] SJMY
[22:10:37] [95/326] PGGC
[22:10:38] [96/326] INGM
[22:10:38] [97/326] LSCB
[22:10:39] 🔄 Identity reset
[22:10:39] 🔄 Identity rotated (every 10 requests)
[22:10:39] [98/326] STAD
[22:10:40] [99/326] MCCR
[22:10:42] [100/326] ABCC
[22:10:43] [101/326] RKCC
[22:10:44] [102/326] RTCR
[22:10:45] [103/326] GGBC
[22:10:46] [104/326] GCSD
[22:10:47] [105/326] LPTY
[22:10:48] [106/326] MCFD
[22:10:49] [107/326] HENN
[22:10:49] 🔄 Identity reset
[22:10:49] 🔄 Identity rotated (every 10 requests)
[22:10:50] [108/326] SMKU
[22:10:51] [109/326] TNZC
[22:10:51] [110/326] DRCD
[22:10:52] [111/326] DLCD
[22:10:53] [112/326] RCDA
[22:10:54] [113/326] COSM
[22:10:55] [114/326] MCMJ
[22:10:55] [115/326] CSTR
[22:10:57] [116/326] CVDK
[22:10:58] [117/326] INRR
[22:10:58] 🔄 Identity reset
[22:10:58] 🔄 Identity rotated (every 10 requests)
[22:10:59] [118/326] RJRT
[22:10:59] [119/326] IRMR
[22:11:00] [120/326] SRCF
[22:11:01] [121/326] GRCR
[22:11:02] [122/326] SURC
[22:11:03] [123/326] NMNH
[22:11:04] [124/326] SVBL
[22:11:05] [125/326] KACI
[22:11:06] [126/326] TDGO
[22:11:07] [127/326] KTBR
[22:11:07] 🔄 Identity reset
[22:11:08] 🔄 Identity rotated (every 10 requests)
[22:11:08] [128/326] PMAD
[22:11:09] [129/326] CCPN
[22:11:10] [130/326] SBTK
[22:11:11] [131/326] LMDK
[22:11:12] [132/326] PGDA
[22:11:12] [133/326] SRML
[22:11:13] [134/326] EVCK
[22:11:14] [135/326] RTTK
[22:11:15] [136/326] SRTU
[22:11:16] [137/326] VRSA
[22:11:17] 🔄 Identity reset
[22:11:17] 🔄 Identity rotated (every 10 requests)
[22:11:17] [138/326] VARS
[22:11:18] [139/326] DSCZ
[22:11:19] [140/326] GAGA
[22:11:20] [141/326] SARV
[22:11:20] [142/326] SEEG
[22:11:21] [143/326] GLCA
[22:11:22] [144/326] APAS
[22:11:24] [145/326] VCIA
[22:11:24] [146/326] SJTA
[22:11:25] [147/326] SABM
[22:11:26] 🔄 Identity reset
[22:11:26] 🔄 Identity rotated (every 10 requests)
[22:11:26] [148/326] PPAG
[22:11:27] [149/326] RVCA
[22:11:28] [150/326] CCIA
[22:11:29] [151/326] HTAG
[22:11:30] [152/326] SMBI
[22:11:31] [153/326] MCJR
[22:11:31] [154/326] CCJR
[22:11:32] [155/326] SINF
[22:11:33] [156/326] CPLX
[22:11:34] [157/326] KKTJ
[22:11:35] 🔄 Identity reset
[22:11:35] 🔄 Identity rotated (every 10 requests)
[22:11:35] [158/326] GDBW
[22:11:36] [159/326] CSUB
[22:11:37] [160/326] DABA
[22:11:38] [161/326] TITR
[22:11:39] [162/326] NYCR
[22:11:40] [163/326] RTRY
[22:11:41] [164/326] JTJL
[22:11:41] [165/326] SJCP
[22:11:42] [166/326] KCCA
[22:11:43] [167/326] MLPG
[22:11:43] 🔄 Identity reset
[22:11:43] 🔄 Identity rotated (every 10 requests)
[22:11:44] 🔄 Retry 1/5 for MLPG in 2.2s
[22:11:44] 🔄 Identity reset
[22:11:46] 🧠 New identity created
[22:11:46] [168/326] VRCK
[22:11:47] [169/326] SRIN
[22:11:48] [170/326] CXMK
[22:11:49] [171/326] SKAD
[22:11:50] [172/326] AVTR
[22:11:51] [173/326] PTAJ
[22:11:52] [174/326] SCNK
[22:11:52] [175/326] STTI
[22:11:53] [176/326] KACR
[22:11:54] 🔄 Identity reset
[22:11:54] 🔄 Identity rotated (every 10 requests)
[22:11:55] [177/326] SSDX
[22:11:56] [178/326] VRTJ
[22:11:57] [179/326] RAJD
[22:11:57] [180/326] SCIP
[22:11:58] [181/326] RJSL
[22:11:59] [182/326] ARRS
[22:12:00] [183/326] ASMS
[22:12:00] [184/326] RDTS
[22:12:01] [185/326] DVMY
[22:12:02] [186/326] RASA
[22:12:03] 🔄 Identity reset
[22:12:03] 🔄 Identity rotated (every 10 requests)
[22:12:03] [187/326] INOM
[22:12:04] [188/326] SPRS
[22:12:05] [189/326] SGCS
[22:12:06] [190/326] SALM
[22:12:06] [191/326] PKHC
[22:12:07] [192/326] RCSV
[22:12:08] [193/326] CPKC
[22:12:09] [194/326] AACD
[22:12:10] [195/326] GGCV
[22:12:11] [196/326] SMKD
[22:12:12] 🔄 Identity reset
[22:12:12] 🔄 Identity rotated (every 10 requests)
[22:12:12] 🔄 Retry 1/5 for SMKD in 2.5s
[22:12:12] 🔄 Identity reset
[22:12:14] 🧠 New identity created
[22:12:14] 🔄 Retry 2/5 for SMKD in 4.5s
[22:12:14] 🔄 Identity reset
[22:12:19] 🧠 New identity created
[22:12:19] [197/326] NBCH
[22:12:20] [198/326] AMCB
[22:12:21] [199/326] OPCN
[22:12:22] [200/326] DCIN
[22:12:22] [201/326] INGW
[22:12:23] [202/326] PKKW
[22:12:24] [203/326] FNGW
[22:12:25] [204/326] GCGD
[22:12:26] 🔄 Identity reset
[22:12:26] 🔄 Identity rotated (every 10 requests)
[22:12:26] [205/326] MSTW
[22:12:27] [206/326] KCCG
[22:12:28] [207/326] MRSS
[22:12:29] [208/326] CLCF
[22:12:30] [209/326] EETS
[22:12:30] [210/326] AATR
[22:12:32] [211/326] CMMN
[22:12:33] [212/326] SCCJ
[22:12:34] [213/326] CDTK
[22:12:34] [214/326] AICP
[22:12:35] 🔄 Identity reset
[22:12:35] 🔄 Identity rotated (every 10 requests)
[22:12:35] [215/326] FNBP
[22:12:36] [216/326] CBPB
[22:12:37] [217/326] CPAS
[22:12:38] [218/326] MAPM
[22:12:39] [219/326] PASD
[22:12:39] [220/326] JCMN
[22:12:40] [221/326] MALB
[22:12:41] [222/326] SACG
[22:12:42] [223/326] DDRX
[22:12:43] [224/326] DDXB
[22:12:44] 🔄 Identity reset
[22:12:44] 🔄 Identity rotated (every 10 requests)
[22:12:44] [225/326] RAMC
[22:12:45] [226/326] SANC
[22:12:45] [227/326] BCBP
[22:12:46] [228/326] ALPC
[22:12:47] [229/326] RBAC
[22:12:48] [230/326] RAJL
[22:12:49] [231/326] MPDX
[22:12:50] [232/326] MUSC
[22:12:51] [233/326] VKMK
[22:12:52] [234/326] SKCG
[22:12:53] 🔄 Identity reset
[22:12:53] 🔄 Identity rotated (every 10 requests)
[22:12:53] [235/326] ANCN
[22:12:54] [236/326] MMCJ
[22:12:55] [237/326] DCAK
[22:12:56] [238/326] SCKG
[22:12:57] [239/326] LMCK
[22:12:58] [240/326] CKKX
[22:12:59] [241/326] ANKU
[22:12:59] [242/326] CSMD
[22:13:00] [243/326] MKMP
[22:13:01] [244/326] SVBG
[22:13:02] 🔄 Identity reset
[22:13:02] 🔄 Identity rotated (every 10 requests)
[22:13:02] [245/326] ROOP
[22:13:03] [246/326] GDMT
[22:13:05] [247/326] FPPF
[22:13:05] [248/326] SFUU
[22:13:06] [249/326] ANCB
[22:13:07] [250/326] SMMC
[22:13:08] [251/326] UGKT
[22:13:10] [252/326] JVRM
[22:13:10] [253/326] BATG
[22:13:11] [254/326] RATE
[22:13:12] 🔄 Identity reset
[22:13:12] 🔄 Identity rotated (every 10 requests)
[22:13:12] [255/326] SKME
[22:13:13] [256/326] LMTP
[22:13:14] [257/326] TCBD
[22:13:15] [258/326] ESBD
[22:13:16] [259/326] GDCU
[22:13:17] [260/326] SNKT
[22:13:18] [261/326] SRNK
[22:13:19] [262/326] SMED
[22:13:20] [263/326] CSQS
[22:13:21] [264/326] ALCS
[22:13:21] 🔄 Identity reset
[22:13:21] 🔄 Identity rotated (every 10 requests)
[22:13:21] [265/326] KCKN
[22:13:23] [266/326] VCCL
[22:13:24] [267/326] MCDA
[22:13:25] [268/326] SHMI
[22:13:26] [269/326] SKHA
[22:13:27] [270/326] SVFK
[22:13:29] [271/326] INVB
[22:13:30] [272/326] MELD
[22:13:31] [273/326] JTYS
[22:13:31] [274/326] INCM
[22:13:32] 🔄 Identity reset
[22:13:32] 🔄 Identity rotated (every 10 requests)
[22:13:32] [275/326] MCDV
[22:13:33] [276/326] KSGK
[22:13:35] [277/326] ICMG
[22:13:35] [278/326] CSCV
[22:13:36] [279/326] STMD
[22:13:37] [280/326] STTR
[22:13:38] [281/326] INVC
[22:13:39] [282/326] JTBL
[22:13:41] [283/326] SRVV
[22:13:41] [284/326] MAVC
[22:13:42] 🔄 Identity reset
[22:13:42] 🔄 Identity rotated (every 10 requests)
[22:13:42] [285/326] SRPP
[22:13:43] [286/326] JGDM
[22:13:44] [287/326] MBSJ
[22:13:45] [288/326] SSLL
[22:13:46] [289/326] SLKP
[22:13:46] [290/326] NSRV
[22:13:48] [291/326] UTDV
[22:13:49] [292/326] KICM
[22:13:50] [293/326] KCMD
[22:13:51] [294/326] TTPP
[22:13:51] 🔄 Identity reset
[22:13:51] 🔄 Identity rotated (every 10 requests)
[22:13:52] [295/326] KMPV
[22:13:52] [296/326] SKTV
[22:13:54] [297/326] STCV
[22:13:54] [298/326] SRDA
[22:13:56] [299/326] JTSX
[22:13:58] [300/326] STBV
[22:13:58] [301/326] APVZ
[22:13:59] [302/326] GSTV
[22:14:00] [303/326] NMVS
[22:14:01] [304/326] SKRT
[22:14:01] 🔄 Identity reset
[22:14:01] 🔄 Identity rotated (every 10 requests)
[22:14:02] [305/326] RMDV
[22:14:03] [306/326] RATG
[22:14:03] [307/326] SJYV
[22:14:05] [308/326] NDGP
[22:14:06] [309/326] SNDG
[22:14:07] [310/326] INSR
[22:14:08] [311/326] INSO
[22:14:09] [312/326] CCSI
[22:14:10] [313/326] RASM
[22:14:11] [314/326] NEWC
[22:14:11] 🔄 Identity reset
[22:14:11] 🔄 Identity rotated (every 10 requests)
[22:14:12] [315/326] VSHL
[22:14:12] [316/326] BISW
[22:14:13] [317/326] GCNG
[22:14:14] [318/326] CWSC
[22:14:15] [319/326] SKAN
[22:14:16] [320/326] CCOA
[22:14:17] [321/326] MCAJ
[22:14:18] [322/326] ACDE
[22:14:18] [323/326] AACM
[22:14:19] [324/326] JJCK
[22:14:20] 🔄 Identity reset
[22:14:20] 🔄 Identity rotated (every 10 requests)
[22:14:20] [325/326] RCMO
[22:14:22] [326/326] GDAW
[22:14:23] 🧹 Deduping shows
[22:14:23] ✅ DONE | Shows=628 | Movies=60
[16:30:16] 🚀 SCRIPT STARTED (enhanced anti‑detection)
[16:30:16] [1/326] VCHA
[16:30:16] 🧠 New identity created
[16:30:17] [2/326] SCKO
[16:30:19] [3/326] VKTK
[16:30:20] [4/326] DXEC
[16:30:20] [5/326] CDCA
[16:30:21] [6/326] VBCZ
[16:30:22] [7/326] MSDR
[16:30:23] [8/326] ACPV
[16:30:24] [9/326] PVHB
[16:30:25] [10/326] RCNH
[16:30:26] 🔄 Identity reset
[16:30:26] 🔄 Identity rotated (every 10 requests)
[16:30:26] [11/326] IOMH
[16:30:27] [12/326] ILKS
[16:30:29] [13/326] AMSN
[16:30:30] [14/326] ANTP
[16:30:31] [15/326] SSEK
[16:30:32] [16/326] PICP
[16:30:32] [17/326] SICO
[16:30:34] [18/326] SISP
[16:30:35] [19/326] SCPI
[16:30:36] [20/326] CRPR
[16:30:37] 🔄 Identity reset
[16:30:37] 🔄 Identity rotated (every 10 requests)
[16:30:37] 🔄 Retry 1/5 for CRPR in 2.2s
[16:30:37] 🔄 Identity reset
[16:30:39] 🧠 New identity created
[16:30:39] [21/326] DCTW
[16:30:40] [22/326] DCSP
[16:30:42] [23/326] KRPM
[16:30:43] [24/326] THKK
[16:30:44] [25/326] SNMY
[16:30:45] [26/326] AKCC
[16:30:47] [27/326] PCAT
[16:30:48] [28/326] RFGO
[16:30:49] [29/326] GGCS
[16:30:49] 🔄 Identity reset
[16:30:49] 🔄 Identity rotated (every 10 requests)
[16:30:50] [30/326] ACKR
[16:30:55] [31/326] STDO
[16:30:56] [32/326] ACKB
[16:30:57] [33/326] ALUC
[16:30:57] [34/326] MNSR
[16:30:58] [35/326] CSSL
[16:30:59] [36/326] BGGM
[16:31:00] [37/326] MANT
[16:31:01] [38/326] SOOY
[16:31:02] [39/326] VPPK
[16:31:03] 🔄 Identity reset
[16:31:03] 🔄 Identity rotated (every 10 requests)
[16:31:03] [40/326] MYHJ
[16:31:04] [41/326] KSCK
[16:31:05] [42/326] KATK
[16:31:06] [43/326] RTRT
[16:31:07] [44/326] SSTT
[16:31:08] [45/326] SSTV
[16:31:09] [46/326] LACM
[16:31:10] [47/326] SGMG
[16:31:12] [48/326] KACX
[16:31:13] [49/326] GVCP
[16:31:13] 🔄 Identity reset
[16:31:13] 🔄 Identity rotated (every 10 requests)
[16:31:14] [50/326] CSNC
[16:31:15] [51/326] SXCB
[16:31:15] [52/326] BAHS
[16:31:16] [53/326] PCBI
[16:31:17] [54/326] PSSM
[16:31:18] [55/326] RCOK
[16:31:19] [56/326] SCPF
[16:31:20] [57/326] SSAS
[16:31:21] [58/326] EVMM
[16:31:22] [59/326] SYCB
[16:31:22] 🔄 Identity reset
[16:31:22] 🔄 Identity rotated (every 10 requests)
[16:31:23] [60/326] GCKI
[16:31:24] [61/326] IAET
[16:31:25] [62/326] DDTD
[16:31:26] [63/326] GMDH
[16:31:27] [64/326] STLE
[16:31:28] [65/326] JTRA
[16:31:29] [66/326] RPPA
[16:31:30] [67/326] ARUT
[16:31:31] [68/326] JTVM
[16:31:32] [69/326] SWRH
[16:31:33] 🔄 Identity reset
[16:31:33] 🔄 Identity rotated (every 10 requests)
[16:31:33] [70/326] DCPC
[16:31:34] [71/326] RAPR
[16:31:35] [72/326] GCRT
[16:31:36] [73/326] ATUN
[16:31:37] [74/326] LTRM
[16:31:38] [75/326] TASR
[16:31:39] [76/326] RLLC
[16:31:40] [77/326] MABI
[16:31:41] [78/326] SVHB
[16:31:43] [79/326] NVTB
[16:31:43] 🔄 Identity reset
[16:31:43] 🔄 Identity rotated (every 10 requests)
[16:31:44] [80/326] KCKG
[16:31:45] [81/326] SSRN
[16:31:45] [82/326] VDDC
[16:31:46] [83/326] GKTK
[16:31:47] [84/326] YFSN
[16:31:49] [85/326] GCSG
[16:31:50] [86/326] ESSM
[16:31:51] [87/326] KRIH
[16:31:52] [88/326] GCDS
[16:31:54] [89/326] CCSH
[16:31:54] 🔄 Identity reset
[16:31:54] 🔄 Identity rotated (every 10 requests)
[16:31:55] [90/326] ACSK
[16:31:55] [91/326] APRK
[16:31:56] [92/326] ADKM
[16:31:57] [93/326] SRDM
[16:31:59] [94/326] SJMY
[16:32:00] [95/326] PGGC
[16:32:00] [96/326] INGM
[16:32:01] [97/326] LSCB
[16:32:03] [98/326] STAD
[16:32:04] [99/326] MCCR
[16:32:04] 🔄 Identity reset
[16:32:04] 🔄 Identity rotated (every 10 requests)
[16:32:05] [100/326] ABCC
[16:32:06] [101/326] RKCC
[16:32:07] [102/326] RTCR
[16:32:08] [103/326] GGBC
[16:32:08] [104/326] GCSD
[16:32:09] [105/326] LPTY
[16:32:10] [106/326] MCFD
[16:32:11] [107/326] HENN
[16:32:12] [108/326] SMKU
[16:32:13] [109/326] TNZC
[16:32:14] 🔄 Identity reset
[16:32:14] 🔄 Identity rotated (every 10 requests)
[16:32:14] [110/326] DRCD
[16:32:15] [111/326] DLCD
[16:32:16] [112/326] RCDA
[16:32:18] [113/326] COSM
[16:32:19] [114/326] MCMJ
[16:32:20] [115/326] CSTR
[16:32:20] [116/326] CVDK
[16:32:21] [117/326] INRR
[16:32:23] [118/326] RJRT
[16:32:24] [119/326] IRMR
[16:32:24] 🔄 Identity reset
[16:32:24] 🔄 Identity rotated (every 10 requests)
[16:32:26] [120/326] SRCF
[16:32:26] [121/326] GRCR
[16:32:28] [122/326] SURC
[16:32:30] [123/326] NMNH
[16:32:31] [124/326] SVBL
[16:32:32] [125/326] KACI
[16:32:32] [126/326] TDGO
[16:32:33] [127/326] KTBR
[16:32:34] [128/326] PMAD
[16:32:35] [129/326] CCPN
[16:32:36] 🔄 Identity reset
[16:32:36] 🔄 Identity rotated (every 10 requests)
[16:32:37] [130/326] SBTK
[16:32:37] [131/326] LMDK
[16:32:38] [132/326] PGDA
[16:32:39] [133/326] SRML
[16:32:40] [134/326] EVCK
[16:32:41] [135/326] RTTK
[16:32:42] [136/326] SRTU
[16:32:43] [137/326] VRSA
[16:32:44] [138/326] VARS
[16:32:45] [139/326] DSCZ
[16:32:45] 🔄 Identity reset
[16:32:45] 🔄 Identity rotated (every 10 requests)
[16:32:46] [140/326] GAGA
[16:32:47] [141/326] SARV
[16:32:47] [142/326] SEEG
[16:32:48] [143/326] GLCA
[16:32:49] [144/326] APAS
[16:32:50] [145/326] VCIA
[16:32:51] [146/326] SJTA
[16:32:52] [147/326] SABM
[16:32:53] [148/326] PPAG
[16:32:54] [149/326] RVCA
[16:32:55] 🔄 Identity reset
[16:32:55] 🔄 Identity rotated (every 10 requests)
[16:32:55] [150/326] CCIA
[16:32:56] [151/326] HTAG
[16:32:57] [152/326] SMBI
[16:32:58] [153/326] MCJR
[16:32:59] [154/326] CCJR
[16:33:01] [155/326] SINF
[16:33:02] [156/326] CPLX
[16:33:02] [157/326] KKTJ
[16:33:04] [158/326] GDBW
[16:33:05] [159/326] CSUB
[16:33:06] 🔄 Identity reset
[16:33:06] 🔄 Identity rotated (every 10 requests)
[16:33:06] [160/326] DABA
[16:33:07] [161/326] TITR
[16:33:08] [162/326] NYCR
[16:33:09] [163/326] RTRY
[16:33:10] [164/326] JTJL
[16:33:10] [165/326] SJCP
[16:33:11] [166/326] KCCA
[16:33:12] [167/326] MLPG
[16:33:13] [168/326] VRCK
[16:33:14] [169/326] SRIN
[16:33:15] 🔄 Identity reset
[16:33:15] 🔄 Identity rotated (every 10 requests)
[16:33:15] [170/326] CXMK
[16:33:16] [171/326] SKAD
[16:33:18] [172/326] AVTR
[16:33:18] [173/326] PTAJ
[16:33:19] [174/326] SCNK
[16:33:20] [175/326] STTI
[16:33:21] [176/326] KACR
[16:33:22] [177/326] SSDX
[16:33:23] [178/326] VRTJ
[16:33:24] [179/326] RAJD
[16:33:24] 🔄 Identity reset
[16:33:24] 🔄 Identity rotated (every 10 requests)
[16:33:25] [180/326] SCIP
[16:33:26] [181/326] RJSL
[16:33:26] [182/326] ARRS
[16:33:28] [183/326] ASMS
[16:33:29] [184/326] RDTS
[16:33:30] [185/326] DVMY
[16:33:31] [186/326] RASA
[16:33:32] [187/326] INOM
[16:33:33] [188/326] SPRS
[16:33:34] [189/326] SGCS
[16:33:34] 🔄 Identity reset
[16:33:34] 🔄 Identity rotated (every 10 requests)
[16:33:35] [190/326] SALM
[16:33:35] [191/326] PKHC
[16:33:36] [192/326] RCSV
[16:33:37] [193/326] CPKC
[16:33:38] [194/326] AACD
[16:33:39] [195/326] GGCV
[16:33:40] [196/326] SMKD
[16:33:41] [197/326] NBCH
[16:33:43] [198/326] AMCB
[16:33:44] [199/326] OPCN
[16:33:45] 🔄 Identity reset
[16:33:45] 🔄 Identity rotated (every 10 requests)
[16:33:45] [200/326] DCIN
[16:33:46] [201/326] INGW
[16:33:47] [202/326] PKKW
[16:33:48] [203/326] FNGW
[16:33:48] [204/326] GCGD
[16:33:49] [205/326] MSTW
[16:33:50] [206/326] KCCG
[16:33:51] [207/326] MRSS
[16:33:52] [208/326] CLCF
[16:33:53] [209/326] EETS
[16:33:54] 🔄 Identity reset
[16:33:54] 🔄 Identity rotated (every 10 requests)
[16:33:54] [210/326] AATR
[16:33:55] [211/326] CMMN
[16:33:56] [212/326] SCCJ
[16:33:57] [213/326] CDTK
[16:33:58] [214/326] AICP
[16:33:59] [215/326] FNBP
[16:34:00] [216/326] CBPB
[16:34:01] [217/326] CPAS
[16:34:03] [218/326] MAPM
[16:34:04] [219/326] PASD
[16:34:05] 🔄 Identity reset
[16:34:05] 🔄 Identity rotated (every 10 requests)
[16:34:06] [220/326] JCMN
[16:34:07] [221/326] MALB
[16:34:08] [222/326] SACG
[16:34:09] [223/326] DDRX
[16:34:10] [224/326] DDXB
[16:34:11] [225/326] RAMC
[16:34:12] [226/326] SANC
[16:34:13] [227/326] BCBP
[16:34:15] [228/326] ALPC
[16:34:16] [229/326] RBAC
[16:34:16] 🔄 Identity reset
[16:34:16] 🔄 Identity rotated (every 10 requests)
[16:34:18] [230/326] RAJL
[16:34:19] [231/326] MPDX
[16:34:20] [232/326] MUSC
[16:34:21] [233/326] VKMK
[16:34:22] [234/326] SKCG
[16:34:23] [235/326] ANCN
[16:34:24] [236/326] MMCJ
[16:34:25] [237/326] DCAK
[16:34:27] [238/326] SCKG
[16:34:28] [239/326] LMCK
[16:34:28] 🔄 Identity reset
[16:34:28] 🔄 Identity rotated (every 10 requests)
[16:34:29] [240/326] CKKX
[16:34:30] [241/326] ANKU
[16:34:31] [242/326] CSMD
[16:34:32] [243/326] MKMP
[16:34:34] [244/326] SVBG
[16:34:35] [245/326] ROOP
[16:34:36] [246/326] GDMT
[16:34:37] [247/326] FPPF
[16:34:38] [248/326] SFUU
[16:34:38] [249/326] ANCB
[16:34:39] 🔄 Identity reset
[16:34:39] 🔄 Identity rotated (every 10 requests)
[16:34:39] [250/326] SMMC
[16:34:40] [251/326] UGKT
[16:34:41] [252/326] JVRM
[16:34:42] [253/326] BATG
[16:34:43] [254/326] RATE
[16:34:44] [255/326] SKME
[16:34:45] [256/326] LMTP
[16:34:46] [257/326] TCBD
[16:34:47] [258/326] ESBD
[16:34:48] [259/326] GDCU
[16:34:48] 🔄 Identity reset
[16:34:48] 🔄 Identity rotated (every 10 requests)
[16:34:48] [260/326] SNKT
[16:34:49] [261/326] SRNK
[16:34:50] [262/326] SMED
[16:34:51] [263/326] CSQS
[16:34:52] [264/326] ALCS
[16:34:53] [265/326] KCKN
[16:34:54] [266/326] VCCL
[16:34:55] [267/326] MCDA
[16:34:56] [268/326] SHMI
[16:34:57] [269/326] SKHA
[16:34:57] 🔄 Identity reset
[16:34:57] 🔄 Identity rotated (every 10 requests)
[16:34:57] 🔄 Retry 1/5 for SKHA in 2.9s
[16:34:57] 🔄 Identity reset
[16:35:00] 🧠 New identity created
[16:35:01] [270/326] SVFK
[16:35:03] [271/326] INVB
[16:35:03] [272/326] MELD
[16:35:04] [273/326] JTYS
[16:35:05] [274/326] INCM
[16:35:06] [275/326] MCDV
[16:35:07] [276/326] KSGK
[16:35:08] [277/326] ICMG
[16:35:09] [278/326] CSCV
[16:35:09] 🔄 Identity reset
[16:35:09] 🔄 Identity rotated (every 10 requests)
[16:35:10] [279/326] STMD
[16:35:11] [280/326] STTR
[16:35:11] [281/326] INVC
[16:35:12] [282/326] JTBL
[16:35:13] [283/326] SRVV
[16:35:14] [284/326] MAVC
[16:35:16] [285/326] SRPP
[16:35:17] [286/326] JGDM
[16:35:18] [287/326] MBSJ
[16:35:19] [288/326] SSLL
[16:35:19] 🔄 Identity reset
[16:35:19] 🔄 Identity rotated (every 10 requests)
[16:35:20] [289/326] SLKP
[16:35:21] [290/326] NSRV
[16:35:22] [291/326] UTDV
[16:35:23] [292/326] KICM
[16:35:24] [293/326] KCMD
[16:35:25] [294/326] TTPP
[16:35:26] [295/326] KMPV
[16:35:27] [296/326] SKTV
[16:35:27] [297/326] STCV
[16:35:29] [298/326] SRDA
[16:35:29] 🔄 Identity reset
[16:35:29] 🔄 Identity rotated (every 10 requests)
[16:35:30] [299/326] JTSX
[16:35:31] [300/326] STBV
[16:35:31] [301/326] APVZ
[16:35:32] [302/326] GSTV
[16:35:33] [303/326] NMVS
[16:35:34] [304/326] SKRT
[16:35:35] [305/326] RMDV
[16:35:36] [306/326] RATG
[16:35:37] [307/326] SJYV
[16:35:38] [308/326] NDGP
[16:35:38] 🔄 Identity reset
[16:35:38] 🔄 Identity rotated (every 10 requests)
[16:35:39] [309/326] SNDG
[16:35:40] [310/326] INSR
[16:35:40] [311/326] INSO
[16:35:41] [312/326] CCSI
[16:35:42] [313/326] RASM
[16:35:43] [314/326] NEWC
[16:35:44] [315/326] VSHL
[16:35:45] [316/326] BISW
[16:35:46] [317/326] GCNG
[16:35:47] [318/326] CWSC
[16:35:48] 🔄 Identity reset
[16:35:48] 🔄 Identity rotated (every 10 requests)
[16:35:48] [319/326] SKAN
[16:35:50] [320/326] CCOA
[16:35:51] [321/326] MCAJ
[16:35:52] [322/326] ACDE
[16:35:53] [323/326] AACM
[16:35:54] [324/326] JJCK
[16:35:55] [325/326] RCMO
[16:35:56] [326/326] GDAW
[16:35:57] 🧹 Deduping shows
[16:35:57] ✅ DONE | Shows=2173 | Movies=93
[10:23:46] 🚀 SCRIPT STARTED
[10:23:46] [1/326] VCHA
[10:23:46] 🧠 New identity created
[10:23:49] [2/326] SCKO
[10:23:50] [3/326] VKTK
[10:23:51] [4/326] DXEC
[10:23:52] [5/326] CDCA
[10:23:52] [6/326] VBCZ
[10:23:53] [7/326] MSDR
[10:23:54] [8/326] ACPV
[10:23:55] [9/326] PVHB
[10:23:56] [10/326] RCNH
[10:23:56] 🔄 Identity reset
[10:23:56] 🔄 Identity rotated (every 10 requests)
[10:23:57] [11/326] IOMH
[10:23:58] [12/326] ILKS
[10:23:59] [13/326] AMSN
[10:24:00] [14/326] ANTP
[10:24:01] [15/326] SSEK
[10:24:02] [16/326] PICP
[10:24:03] [17/326] SICO
[10:24:04] [18/326] SISP
[10:24:05] [19/326] SCPI
[10:24:06] [20/326] CRPR
[10:24:06] 🔄 Identity reset
[10:24:06] 🔄 Identity rotated (every 10 requests)
[10:24:07] [21/326] DCTW
[10:24:08] [22/326] DCSP
[10:24:09] [23/326] KRPM
[10:24:10] [24/326] THKK
[10:24:11] [25/326] SNMY
[10:24:12] [26/326] AKCC
[10:24:13] [27/326] PCAT
[10:24:14] [28/326] RFGO
[10:24:15] [29/326] GGCS
[10:24:15] [30/326] ACKR
[10:24:15] 🔄 Identity reset
[10:24:15] 🔄 Identity rotated (every 10 requests)
[10:24:16] [31/326] STDO
[10:24:17] [32/326] ACKB
[10:24:18] [33/326] ALUC
[10:24:19] [34/326] MNSR
[10:24:19] [35/326] CSSL
[10:24:20] [36/326] BGGM
[10:24:21] [37/326] MANT
[10:24:22] [38/326] SOOY
[10:24:23] [39/326] VPPK
[10:24:24] [40/326] MYHJ
[10:24:24] 🔄 Identity reset
[10:24:24] 🔄 Identity rotated (every 10 requests)
[10:24:25] [41/326] KSCK
[10:24:26] [42/326] KATK
[10:24:27] [43/326] RTRT
[10:24:28] [44/326] SSTT
[10:24:28] [45/326] SSTV
[10:24:29] [46/326] LACM
[10:24:31] [47/326] SGMG
[10:24:31] [48/326] KACX
[10:24:32] [49/326] GVCP
[10:24:33] [50/326] CSNC
[10:24:33] 🔄 Identity reset
[10:24:33] 🔄 Identity rotated (every 10 requests)
[10:24:34] [51/326] SXCB
[10:24:35] [52/326] BAHS
[10:24:36] [53/326] PCBI
[10:24:37] [54/326] PSSM
[10:24:38] [55/326] RCOK
[10:24:39] [56/326] SCPF
[10:24:39] [57/326] SSAS
[10:24:40] [58/326] EVMM
[10:24:42] [59/326] SYCB
[10:24:43] [60/326] GCKI
[10:24:43] 🔄 Identity reset
[10:24:43] 🔄 Identity rotated (every 10 requests)
[10:24:44] [61/326] IAET
[10:24:45] [62/326] DDTD
[10:24:46] [63/326] GMDH
[10:24:46] [64/326] STLE
[10:24:47] [65/326] JTRA
[10:24:48] [66/326] RPPA
[10:24:49] [67/326] ARUT
[10:24:50] [68/326] JTVM
[10:24:51] [69/326] SWRH
[10:24:52] [70/326] DCPC
[10:24:52] 🔄 Identity reset
[10:24:52] 🔄 Identity rotated (every 10 requests)
[10:24:53] [71/326] RAPR
[10:24:54] [72/326] GCRT
[10:24:55] [73/326] ATUN
[10:24:56] [74/326] LTRM
[10:24:57] [75/326] TASR
[10:24:58] [76/326] RLLC
[10:24:59] [77/326] MABI
[10:25:00] [78/326] SVHB
[10:25:01] [79/326] NVTB
[10:25:02] [80/326] KCKG
[10:25:02] 🔄 Identity reset
[10:25:02] 🔄 Identity rotated (every 10 requests)
[10:25:03] [81/326] SSRN
[10:25:04] [82/326] VDDC
[10:25:05] [83/326] GKTK
[10:25:07] [84/326] YFSN
[10:25:08] [85/326] GCSG
[10:25:09] [86/326] ESSM
[10:25:10] [87/326] KRIH
[10:25:10] [88/326] GCDS
[10:25:11] [89/326] CCSH
[10:25:12] [90/326] ACSK
[10:25:12] 🔄 Identity reset
[10:25:12] 🔄 Identity rotated (every 10 requests)
[10:25:13] [91/326] APRK
[10:25:14] [92/326] ADKM
[10:25:15] [93/326] SRDM
[10:25:16] [94/326] SJMY
[10:25:17] [95/326] PGGC
[10:25:17] [96/326] INGM
[10:25:18] [97/326] LSCB
[10:25:19] [98/326] STAD
[10:25:20] [99/326] MCCR
[10:25:21] [100/326] ABCC
[10:25:21] 🔄 Identity reset
[10:25:21] 🔄 Identity rotated (every 10 requests)
[10:25:22] [101/326] RKCC
[10:25:23] [102/326] RTCR
[10:25:24] [103/326] GGBC
[10:25:25] [104/326] GCSD
[10:25:26] [105/326] LPTY
[10:25:27] [106/326] MCFD
[10:25:28] [107/326] HENN
[10:25:28] [108/326] SMKU
[10:25:29] [109/326] TNZC
[10:25:30] [110/326] DRCD
[10:25:30] 🔄 Identity reset
[10:25:30] 🔄 Identity rotated (every 10 requests)
[10:25:31] [111/326] DLCD
[10:25:32] [112/326] RCDA
[10:25:33] [113/326] COSM
[10:25:34] [114/326] MCMJ
[10:25:35] [115/326] CSTR
[10:25:36] [116/326] CVDK
[10:25:37] [117/326] INRR
[10:25:37] [118/326] RJRT
[10:25:38] [119/326] IRMR
[10:25:39] [120/326] SRCF
[10:25:39] 🔄 Identity reset
[10:25:39] 🔄 Identity rotated (every 10 requests)
[10:25:40] [121/326] GRCR
[10:25:41] [122/326] SURC
[10:25:42] [123/326] NMNH
[10:25:43] [124/326] SVBL
[10:25:44] [125/326] KACI
[10:25:46] [126/326] TDGO
[10:25:47] [127/326] KTBR
[10:25:48] [128/326] PMAD
[10:25:48] [129/326] CCPN
[10:25:49] [130/326] SBTK
[10:25:49] 🔄 Identity reset
[10:25:49] 🔄 Identity rotated (every 10 requests)
[10:25:50] [131/326] LMDK
[10:25:51] [132/326] PGDA
[10:25:52] [133/326] SRML
[10:25:53] [134/326] EVCK
[10:25:54] [135/326] RTTK
[10:25:55] [136/326] SRTU
[10:25:56] [137/326] VRSA
[10:25:58] [138/326] VARS
[10:25:59] [139/326] DSCZ
[10:26:00] [140/326] GAGA
[10:26:00] 🔄 Identity reset
[10:26:00] 🔄 Identity rotated (every 10 requests)
[10:26:00] 🔄 Retry 1/5 for GAGA in 2.1s
[10:26:00] 🔄 Identity reset
[10:26:03] 🧠 New identity created
[10:26:03] [141/326] SARV
[10:26:04] [142/326] SEEG
[10:26:05] [143/326] GLCA
[10:26:06] [144/326] APAS
[10:26:07] [145/326] VCIA
[10:26:08] [146/326] SJTA
[10:26:09] [147/326] SABM
[10:26:09] [148/326] PPAG
[10:26:10] [149/326] RVCA
[10:26:10] 🔄 Identity reset
[10:26:10] 🔄 Identity rotated (every 10 requests)
[10:26:11] [150/326] CCIA
[10:26:12] [151/326] HTAG
[10:26:14] [152/326] SMBI
[10:26:15] [153/326] MCJR
[10:26:16] [154/326] CCJR
[10:26:17] [155/326] SINF
[10:26:18] [156/326] CPLX
[10:26:19] [157/326] KKTJ
[10:26:20] [158/326] GDBW
[10:26:21] [159/326] CSUB
[10:26:21] 🔄 Identity reset
[10:26:21] 🔄 Identity rotated (every 10 requests)
[10:26:22] [160/326] DABA
[10:26:23] [161/326] TITR
[10:26:23] [162/326] NYCR
[10:26:24] [163/326] RTRY
[10:26:25] [164/326] JTJL
[10:26:26] [165/326] SJCP
[10:26:27] [166/326] KCCA
[10:26:27] [167/326] MLPG
[10:26:28] [168/326] VRCK
[10:26:29] [169/326] SRIN
[10:26:29] 🔄 Identity reset
[10:26:29] 🔄 Identity rotated (every 10 requests)
[10:26:31] [170/326] CXMK
[10:26:32] [171/326] SKAD
[10:26:33] [172/326] AVTR
[10:26:34] [173/326] PTAJ
[10:26:35] [174/326] SCNK
[10:26:36] [175/326] STTI
[10:26:37] [176/326] KACR
[10:26:38] [177/326] SSDX
[10:26:39] [178/326] VRTJ
[10:26:39] [179/326] RAJD
[10:26:39] 🔄 Identity reset
[10:26:39] 🔄 Identity rotated (every 10 requests)
[10:26:40] [180/326] SCIP
[10:26:41] [181/326] RJSL
[10:26:42] [182/326] ARRS
[10:26:43] [183/326] ASMS
[10:26:44] [184/326] RDTS
[10:26:45] [185/326] DVMY
[10:26:46] [186/326] RASA
[10:26:47] [187/326] INOM
[10:26:48] [188/326] SPRS
[10:26:49] [189/326] SGCS
[10:26:49] 🔄 Identity reset
[10:26:49] 🔄 Identity rotated (every 10 requests)
[10:26:50] [190/326] SALM
[10:26:50] [191/326] PKHC
[10:26:51] [192/326] RCSV
[10:26:52] [193/326] CPKC
[10:26:54] [194/326] AACD
[10:26:55] [195/326] GGCV
[10:26:55] [196/326] SMKD
[10:26:56] [197/326] NBCH
[10:26:57] [198/326] AMCB
[10:26:58] [199/326] OPCN
[10:26:58] 🔄 Identity reset
[10:26:58] 🔄 Identity rotated (every 10 requests)
[10:26:59] [200/326] DCIN
[10:27:00] [201/326] INGW
[10:27:00] [202/326] PKKW
[10:27:01] [203/326] FNGW
[10:27:03] [204/326] GCGD
[10:27:04] [205/326] MSTW
[10:27:05] [206/326] KCCG
[10:27:06] [207/326] MRSS
[10:27:07] [208/326] CLCF
[10:27:08] [209/326] EETS
[10:27:08] 🔄 Identity reset
[10:27:08] 🔄 Identity rotated (every 10 requests)
[10:27:09] [210/326] AATR
[10:27:10] [211/326] CMMN
[10:27:11] [212/326] SCCJ
[10:27:11] [213/326] CDTK
[10:27:12] [214/326] AICP
[10:27:13] [215/326] FNBP
[10:27:14] [216/326] CBPB
[10:27:15] [217/326] CPAS
[10:27:16] [218/326] MAPM
[10:27:16] [219/326] PASD
[10:27:16] 🔄 Identity reset
[10:27:16] 🔄 Identity rotated (every 10 requests)
[10:27:17] [220/326] JCMN
[10:27:18] [221/326] MALB
[10:27:19] [222/326] SACG
[10:27:20] [223/326] DDRX
[10:27:20] [224/326] DDXB
[10:27:24] [225/326] RAMC
[10:27:25] [226/326] SANC
[10:27:26] [227/326] BCBP
[10:27:27] [228/326] ALPC
[10:27:28] [229/326] RBAC
[10:27:28] 🔄 Identity reset
[10:27:28] 🔄 Identity rotated (every 10 requests)
[10:27:29] [230/326] RAJL
[10:27:30] [231/326] MPDX
[10:27:31] [232/326] MUSC
[10:27:31] [233/326] VKMK
[10:27:32] [234/326] SKCG
[10:27:33] [235/326] ANCN
[10:27:34] [236/326] MMCJ
[10:27:35] [237/326] DCAK
[10:27:36] [238/326] SCKG
[10:27:36] [239/326] LMCK
[10:27:36] 🔄 Identity reset
[10:27:36] 🔄 Identity rotated (every 10 requests)
[10:27:37] [240/326] CKKX
[10:27:38] [241/326] ANKU
[10:27:39] [242/326] CSMD
[10:27:40] [243/326] MKMP
[10:27:41] [244/326] SVBG
[10:27:42] [245/326] ROOP
[10:27:43] [246/326] GDMT
[10:27:44] [247/326] FPPF
[10:27:45] [248/326] SFUU
[10:27:46] [249/326] ANCB
[10:27:46] 🔄 Identity reset
[10:27:46] 🔄 Identity rotated (every 10 requests)
[10:27:47] [250/326] SMMC
[10:27:48] [251/326] UGKT
[10:27:48] [252/326] JVRM
[10:27:49] [253/326] BATG
[10:27:50] [254/326] RATE
[10:27:51] [255/326] SKME
[10:27:52] [256/326] LMTP
[10:27:53] [257/326] TCBD
[10:27:54] [258/326] ESBD
[10:27:55] [259/326] GDCU
[10:27:55] 🔄 Identity reset
[10:27:55] 🔄 Identity rotated (every 10 requests)
[10:27:56] [260/326] SNKT
[10:27:56] [261/326] SRNK
[10:27:57] [262/326] SMED
[10:27:58] [263/326] CSQS
[10:28:00] [264/326] ALCS
[10:28:01] [265/326] KCKN
[10:28:02] [266/326] VCCL
[10:28:02] [267/326] MCDA
[10:28:03] [268/326] SHMI
[10:28:04] [269/326] SKHA
[10:28:04] 🔄 Identity reset
[10:28:04] 🔄 Identity rotated (every 10 requests)
[10:28:05] [270/326] SVFK
[10:28:06] [271/326] INVB
[10:28:07] [272/326] MELD
[10:28:08] [273/326] JTYS
[10:28:09] [274/326] INCM
[10:28:09] [275/326] MCDV
[10:28:11] [276/326] KSGK
[10:28:12] [277/326] ICMG
[10:28:13] [278/326] CSCV
[10:28:13] [279/326] STMD
[10:28:13] 🔄 Identity reset
[10:28:13] 🔄 Identity rotated (every 10 requests)
[10:28:14] [280/326] STTR
[10:28:16] [281/326] INVC
[10:28:16] [282/326] JTBL
[10:28:17] [283/326] SRVV
[10:28:18] [284/326] MAVC
[10:28:19] [285/326] SRPP
[10:28:20] [286/326] JGDM
[10:28:21] [287/326] MBSJ
[10:28:22] [288/326] SSLL
[10:28:23] [289/326] SLKP
[10:28:23] 🔄 Identity reset
[10:28:23] 🔄 Identity rotated (every 10 requests)
[10:28:23] [290/326] NSRV
[10:28:24] [291/326] UTDV
[10:28:26] [292/326] KICM
[10:28:27] [293/326] KCMD
[10:28:28] [294/326] TTPP
[10:28:29] [295/326] KMPV
[10:28:30] [296/326] SKTV
[10:28:31] [297/326] STCV
[10:28:32] [298/326] SRDA
[10:28:33] [299/326] JTSX
[10:28:33] 🔄 Identity reset
[10:28:33] 🔄 Identity rotated (every 10 requests)
[10:28:34] [300/326] STBV
[10:28:35] [301/326] APVZ
[10:28:36] [302/326] GSTV
[10:28:37] [303/326] NMVS
[10:28:38] [304/326] SKRT
[10:28:39] [305/326] RMDV
[10:28:40] [306/326] RATG
[10:28:41] [307/326] SJYV
[10:28:42] [308/326] NDGP
[10:28:43] [309/326] SNDG
[10:28:43] 🔄 Identity reset
[10:28:43] 🔄 Identity rotated (every 10 requests)
[10:28:43] [310/326] INSR
[10:28:44] [311/326] INSO
[10:28:45] [312/326] CCSI
[10:28:46] [313/326] RASM
[10:28:47] [314/326] NEWC
[10:28:48] [315/326] VSHL
[10:28:50] [316/326] BISW
[10:28:50] [317/326] GCNG
[10:28:51] [318/326] CWSC
[10:28:52] [319/326] SKAN
[10:28:52] 🔄 Identity reset
[10:28:52] 🔄 Identity rotated (every 10 requests)
[10:28:53] [320/326] CCOA
[10:28:54] [321/326] MCAJ
[10:28:55] [322/326] ACDE
[10:28:56] [323/326] AACM
[10:28:57] [324/326] JJCK
[10:28:58] [325/326] RCMO
[10:28:59] [326/326] GDAW
[10:29:00] 🧹 Deduping shows
[10:29:00] ✅ DONE | Shows=2321 | Movies=94
[16:52:08] 🚀 SCRIPT STARTED
[16:52:08] [1/326] VCHA
[16:52:08] 🧠 New identity created
[16:52:09] [2/326] SCKO
[16:52:10] [3/326] VKTK
[16:52:11] [4/326] DXEC
[16:52:12] [5/326] CDCA
[16:52:13] [6/326] VBCZ
[16:52:14] [7/326] MSDR
[16:52:15] [8/326] ACPV
[16:52:16] [9/326] PVHB
[16:52:17] [10/326] RCNH
[16:52:17] 🔄 Identity reset
[16:52:17] 🔄 Identity rotated (every 10 requests)
[16:52:18] [11/326] IOMH
[16:52:19] [12/326] ILKS
[16:52:19] [13/326] AMSN
[16:52:21] [14/326] ANTP
[16:52:21] [15/326] SSEK
[16:52:22] [16/326] PICP
[16:52:24] [17/326] SICO
[16:52:25] [18/326] SISP
[16:52:26] [19/326] SCPI
[16:52:27] [20/326] CRPR
[16:52:27] 🔄 Identity reset
[16:52:27] 🔄 Identity rotated (every 10 requests)
[16:52:27] 🔄 Retry 1/5 for CRPR in 2.7s
[16:52:27] 🔄 Identity reset
[16:52:30] 🧠 New identity created
[16:52:31] [21/326] DCTW
[16:52:33] [22/326] DCSP
[16:52:34] [23/326] KRPM
[16:52:35] [24/326] THKK
[16:52:36] [25/326] SNMY
[16:52:37] [26/326] AKCC
[16:52:38] [27/326] PCAT
[16:52:39] [28/326] RFGO
[16:52:40] [29/326] GGCS
[16:52:40] 🔄 Identity reset
[16:52:40] 🔄 Identity rotated (every 10 requests)
[16:52:40] 🔄 Retry 1/5 for GGCS in 2.3s
[16:52:40] 🔄 Identity reset
[16:52:42] 🧠 New identity created
[16:52:43] [30/326] ACKR
[16:52:44] [31/326] STDO
[16:52:45] [32/326] ACKB
[16:52:46] [33/326] ALUC
[16:52:47] [34/326] MNSR
[16:52:48] [35/326] CSSL
[16:52:49] [36/326] BGGM
[16:52:50] [37/326] MANT
[16:52:51] [38/326] SOOY
[16:52:51] 🔄 Identity reset
[16:52:51] 🔄 Identity rotated (every 10 requests)
[16:52:51] 🔄 Retry 1/5 for SOOY in 2.1s
[16:52:51] 🔄 Identity reset
[16:52:53] 🧠 New identity created
[16:52:54] [39/326] VPPK
[16:52:55] [40/326] MYHJ
[16:52:56] [41/326] KSCK
[16:52:57] [42/326] KATK
[16:52:58] [43/326] RTRT
[16:52:59] [44/326] SSTT
[16:53:00] [45/326] SSTV
[16:53:01] [46/326] LACM
[16:53:02] [47/326] SGMG
[16:53:02] 🔄 Identity reset
[16:53:02] 🔄 Identity rotated (every 10 requests)
[16:53:03] [48/326] KACX
[16:53:04] [49/326] GVCP
[16:53:05] [50/326] CSNC
[16:53:06] [51/326] SXCB
[16:53:07] [52/326] BAHS
[16:53:08] [53/326] PCBI
[16:53:09] [54/326] PSSM
[16:53:10] [55/326] RCOK
[16:53:11] [56/326] SCPF
[16:53:12] [57/326] SSAS
[16:53:12] 🔄 Identity reset
[16:53:12] 🔄 Identity rotated (every 10 requests)
[16:53:13] [58/326] EVMM
[16:53:14] [59/326] SYCB
[16:53:15] [60/326] GCKI
[16:53:16] [61/326] IAET
[16:53:17] [62/326] DDTD
[16:53:18] [63/326] GMDH
[16:53:19] [64/326] STLE
[16:53:21] [65/326] JTRA
[16:53:21] [66/326] RPPA
[16:53:22] [67/326] ARUT
[16:53:22] 🔄 Identity reset
[16:53:22] 🔄 Identity rotated (every 10 requests)
[16:53:24] [68/326] JTVM
[16:53:24] [69/326] SWRH
[16:53:25] [70/326] DCPC
[16:53:26] [71/326] RAPR
[16:53:27] [72/326] GCRT
[16:53:28] [73/326] ATUN
[16:53:29] [74/326] LTRM
[16:53:30] [75/326] TASR
[16:53:31] [76/326] RLLC
[16:53:31] [77/326] MABI
[16:53:31] 🔄 Identity reset
[16:53:31] 🔄 Identity rotated (every 10 requests)
[16:53:32] 🔄 Retry 1/5 for MABI in 2.4s
[16:53:32] 🔄 Identity reset
[16:53:34] 🧠 New identity created
[16:53:35] [78/326] SVHB
[16:53:36] [79/326] NVTB
[16:53:37] [80/326] KCKG
[16:53:38] [81/326] SSRN
[16:53:39] [82/326] VDDC
[16:53:40] [83/326] GKTK
[16:53:41] [84/326] YFSN
[16:53:43] [85/326] GCSG
[16:53:44] [86/326] ESSM
[16:53:44] 🔄 Identity reset
[16:53:44] 🔄 Identity rotated (every 10 requests)
[16:53:44] 🔄 Retry 1/5 for ESSM in 2.4s
[16:53:44] 🔄 Identity reset
[16:53:46] 🧠 New identity created
[16:53:47] [87/326] KRIH
[16:53:48] [88/326] GCDS
[16:53:49] [89/326] CCSH
[16:53:50] [90/326] ACSK
[16:53:51] [91/326] APRK
[16:53:52] [92/326] ADKM
[16:53:53] [93/326] SRDM
[16:53:54] [94/326] SJMY
[16:53:55] [95/326] PGGC
[16:53:55] 🔄 Identity reset
[16:53:55] 🔄 Identity rotated (every 10 requests)
[16:53:57] [96/326] INGM
[16:53:58] [97/326] LSCB
[16:53:59] [98/326] STAD
[16:54:00] [99/326] MCCR
[16:54:01] [100/326] ABCC
[16:54:02] [101/326] RKCC
[16:54:03] [102/326] RTCR
[16:54:03] [103/326] GGBC
[16:54:04] [104/326] GCSD
[16:54:05] [105/326] LPTY
[16:54:05] 🔄 Identity reset
[16:54:05] 🔄 Identity rotated (every 10 requests)
[16:54:06] [106/326] MCFD
[16:54:07] [107/326] HENN
[16:54:08] [108/326] SMKU
[16:54:09] [109/326] TNZC
[16:54:10] [110/326] DRCD
[16:54:11] [111/326] DLCD
[16:54:12] [112/326] RCDA
[16:54:13] [113/326] COSM
[16:54:14] [114/326] MCMJ
[16:54:15] [115/326] CSTR
[16:54:15] 🔄 Identity reset
[16:54:15] 🔄 Identity rotated (every 10 requests)
[16:54:16] [116/326] CVDK
[16:54:17] [117/326] INRR
[16:54:18] [118/326] RJRT
[16:54:18] [119/326] IRMR
[16:54:19] [120/326] SRCF
[16:54:20] [121/326] GRCR
[16:54:21] [122/326] SURC
[16:54:22] [123/326] NMNH
[16:54:23] [124/326] SVBL
[16:54:24] [125/326] KACI
[16:54:24] 🔄 Identity reset
[16:54:24] 🔄 Identity rotated (every 10 requests)
[16:54:25] [126/326] TDGO
[16:54:26] [127/326] KTBR
[16:54:27] [128/326] PMAD
[16:54:27] [129/326] CCPN
[16:54:28] [130/326] SBTK
[16:54:29] [131/326] LMDK
[16:54:30] [132/326] PGDA
[16:54:31] [133/326] SRML
[16:54:32] [134/326] EVCK
[16:54:33] [135/326] RTTK
[16:54:33] 🔄 Identity reset
[16:54:33] 🔄 Identity rotated (every 10 requests)
[16:54:34] [136/326] SRTU
[16:54:36] [137/326] VRSA
[16:54:38] [138/326] VARS
[16:54:38] [139/326] DSCZ
[16:54:39] [140/326] GAGA
[16:54:41] [141/326] SARV
[16:54:42] [142/326] SEEG
[16:54:43] [143/326] GLCA
[16:54:44] [144/326] APAS
[16:54:46] [145/326] VCIA
[16:54:46] 🔄 Identity reset
[16:54:46] 🔄 Identity rotated (every 10 requests)
[16:54:46] 🔄 Retry 1/5 for VCIA in 2.1s
[16:54:46] 🔄 Identity reset
[16:54:48] 🧠 New identity created
[16:54:49] [146/326] SJTA
[16:54:50] [147/326] SABM
[16:54:51] [148/326] PPAG
[16:54:52] [149/326] RVCA
[16:54:53] [150/326] CCIA
[16:54:54] [151/326] HTAG
[16:54:55] [152/326] SMBI
[16:54:55] [153/326] MCJR
[16:54:56] [154/326] CCJR
[16:54:56] 🔄 Identity reset
[16:54:56] 🔄 Identity rotated (every 10 requests)
[16:54:57] [155/326] SINF
[16:54:58] [156/326] CPLX
[16:54:59] [157/326] KKTJ
[16:55:00] [158/326] GDBW
[16:55:01] [159/326] CSUB
[16:55:03] [160/326] DABA
[16:55:04] [161/326] TITR
[16:55:05] [162/326] NYCR
[16:55:06] [163/326] RTRY
[16:55:07] [164/326] JTJL
[16:55:07] 🔄 Identity reset
[16:55:07] 🔄 Identity rotated (every 10 requests)
[16:55:08] [165/326] SJCP
[16:55:09] [166/326] KCCA
[16:55:10] [167/326] MLPG
[16:55:11] [168/326] VRCK
[16:55:12] [169/326] SRIN
[16:55:13] [170/326] CXMK
[16:55:14] [171/326] SKAD
[16:55:14] [172/326] AVTR
[16:55:15] [173/326] PTAJ
[16:55:16] [174/326] SCNK
[16:55:16] 🔄 Identity reset
[16:55:16] 🔄 Identity rotated (every 10 requests)
[16:55:17] [175/326] STTI
[16:55:18] [176/326] KACR
[16:55:19] [177/326] SSDX
[16:55:20] [178/326] VRTJ
[16:55:22] [179/326] RAJD
[16:55:23] [180/326] SCIP
[16:55:24] [181/326] RJSL
[16:55:25] [182/326] ARRS
[16:55:26] [183/326] ASMS
[16:55:27] [184/326] RDTS
[16:55:27] 🔄 Identity reset
[16:55:27] 🔄 Identity rotated (every 10 requests)
[16:55:28] [185/326] DVMY
[16:55:29] [186/326] RASA
[16:55:30] [187/326] INOM
[16:55:31] [188/326] SPRS
[16:55:31] [189/326] SGCS
[16:55:32] [190/326] SALM
[16:55:33] [191/326] PKHC
[16:55:34] [192/326] RCSV
[16:55:35] [193/326] CPKC
[16:55:36] [194/326] AACD
[16:55:36] 🔄 Identity reset
[16:55:36] 🔄 Identity rotated (every 10 requests)
[16:55:37] [195/326] GGCV
[16:55:37] [196/326] SMKD
[16:55:38] [197/326] NBCH
[16:55:39] [198/326] AMCB
[16:55:40] [199/326] OPCN
[16:55:41] [200/326] DCIN
[16:55:42] [201/326] INGW
[16:55:43] [202/326] PKKW
[16:55:44] [203/326] FNGW
[16:55:45] [204/326] GCGD
[16:55:45] 🔄 Identity reset
[16:55:45] 🔄 Identity rotated (every 10 requests)
[16:55:46] [205/326] MSTW
[16:55:46] [206/326] KCCG
[16:55:48] [207/326] MRSS
[16:55:49] [208/326] CLCF
[16:55:50] [209/326] EETS
[16:55:51] [210/326] AATR
[16:55:52] [211/326] CMMN
[16:55:53] [212/326] SCCJ
[16:55:54] [213/326] CDTK
[16:55:55] [214/326] AICP
[16:55:55] 🔄 Identity reset
[16:55:55] 🔄 Identity rotated (every 10 requests)
[16:55:55] 🔄 Retry 1/5 for AICP in 2.8s
[16:55:55] 🔄 Identity reset
[16:55:58] 🧠 New identity created
[16:55:59] [215/326] FNBP
[16:55:59] [216/326] CBPB
[16:56:00] [217/326] CPAS
[16:56:01] [218/326] MAPM
[16:56:02] [219/326] PASD
[16:56:03] [220/326] JCMN
[16:56:04] [221/326] MALB
[16:56:05] [222/326] SACG
[16:56:07] [223/326] DDRX
[16:56:07] 🔄 Identity reset
[16:56:07] 🔄 Identity rotated (every 10 requests)
[16:56:08] [224/326] DDXB
[16:56:09] [225/326] RAMC
[16:56:10] [226/326] SANC
[16:56:11] [227/326] BCBP
[16:56:12] [228/326] ALPC
[16:56:13] [229/326] RBAC
[16:56:14] [230/326] RAJL
[16:56:14] [231/326] MPDX
[16:56:15] [232/326] MUSC
[16:56:16] [233/326] VKMK
[16:56:16] 🔄 Identity reset
[16:56:16] 🔄 Identity rotated (every 10 requests)
[16:56:17] [234/326] SKCG
[16:56:18] [235/326] ANCN
[16:56:19] [236/326] MMCJ
[16:56:20] [237/326] DCAK
[16:56:20] [238/326] SCKG
[16:56:21] [239/326] LMCK
[16:56:22] [240/326] CKKX
[16:56:23] [241/326] ANKU
[16:56:24] [242/326] CSMD
[16:56:25] [243/326] MKMP
[16:56:25] 🔄 Identity reset
[16:56:25] 🔄 Identity rotated (every 10 requests)
[16:56:25] 🔄 Retry 1/5 for MKMP in 2.2s
[16:56:25] 🔄 Identity reset
[16:56:27] 🧠 New identity created
[16:56:29] [244/326] SVBG
[16:56:30] [245/326] ROOP
[16:56:30] [246/326] GDMT
[16:56:31] [247/326] FPPF
[16:56:32] [248/326] SFUU
[16:56:33] [249/326] ANCB
[16:56:34] [250/326] SMMC
[16:56:35] [251/326] UGKT
[16:56:36] [252/326] JVRM
[16:56:36] 🔄 Identity reset
[16:56:36] 🔄 Identity rotated (every 10 requests)
[16:56:37] [253/326] BATG
[16:56:38] [254/326] RATE
[16:56:39] [255/326] SKME
[16:56:40] [256/326] LMTP
[16:56:42] [257/326] TCBD
[16:56:42] [258/326] ESBD
[16:56:43] [259/326] GDCU
[16:56:44] [260/326] SNKT
[16:56:45] [261/326] SRNK
[16:56:46] [262/326] SMED
[16:56:46] 🔄 Identity reset
[16:56:46] 🔄 Identity rotated (every 10 requests)
[16:56:46] 🔄 Retry 1/5 for SMED in 2.2s
[16:56:46] 🔄 Identity reset
[16:56:48] 🧠 New identity created
[16:56:49] [263/326] CSQS
[16:56:50] [264/326] ALCS
[16:56:51] [265/326] KCKN
[16:56:52] [266/326] VCCL
[16:56:53] [267/326] MCDA
[16:56:54] [268/326] SHMI
[16:56:55] [269/326] SKHA
[16:56:55] [270/326] SVFK
[16:56:56] [271/326] INVB
[16:56:56] 🔄 Identity reset
[16:56:57] 🔄 Identity rotated (every 10 requests)
[16:56:58] [272/326] MELD
[16:56:59] [273/326] JTYS
[16:57:00] [274/326] INCM
[16:57:00] [275/326] MCDV
[16:57:01] [276/326] KSGK
[16:57:02] [277/326] ICMG
[16:57:04] [278/326] CSCV
[16:57:05] [279/326] STMD
[16:57:05] [280/326] STTR
[16:57:06] [281/326] INVC
[16:57:06] 🔄 Identity reset
[16:57:06] 🔄 Identity rotated (every 10 requests)
[16:57:07] [282/326] JTBL
[16:57:08] [283/326] SRVV
[16:57:09] [284/326] MAVC
[16:57:10] [285/326] SRPP
[16:57:11] [286/326] JGDM
[16:57:12] [287/326] MBSJ
[16:57:13] [288/326] SSLL
[16:57:14] [289/326] SLKP
[16:57:15] [290/326] NSRV
[16:57:17] [291/326] UTDV
[16:57:17] 🔄 Identity reset
[16:57:17] 🔄 Identity rotated (every 10 requests)
[16:57:18] [292/326] KICM
[16:57:19] [293/326] KCMD
[16:57:20] [294/326] TTPP
[16:57:22] [295/326] KMPV
[16:57:23] [296/326] SKTV
[16:57:23] [297/326] STCV
[16:57:24] [298/326] SRDA
[16:57:25] [299/326] JTSX
[16:57:26] [300/326] STBV
[16:57:29] [301/326] APVZ
[16:57:29] 🔄 Identity reset
[16:57:29] 🔄 Identity rotated (every 10 requests)
[16:57:29] 🔄 Retry 1/5 for APVZ in 2.5s
[16:57:29] 🔄 Identity reset
[16:57:32] 🧠 New identity created
[16:57:32] [302/326] GSTV
[16:57:33] [303/326] NMVS
[16:57:35] [304/326] SKRT
[16:57:36] [305/326] RMDV
[16:57:37] [306/326] RATG
[16:57:38] [307/326] SJYV
[16:57:39] [308/326] NDGP
[16:57:40] [309/326] SNDG
[16:57:41] [310/326] INSR
[16:57:41] 🔄 Identity reset
[16:57:41] 🔄 Identity rotated (every 10 requests)
[16:57:41] 🔄 Retry 1/5 for INSR in 2.4s
[16:57:41] 🔄 Identity reset
[16:57:44] 🧠 New identity created
[16:57:44] 🔄 Retry 2/5 for INSR in 5.0s
[16:57:44] 🔄 Identity reset
[16:57:49] 🧠 New identity created
[16:57:49] 🔄 Retry 3/5 for INSR in 8.8s
[16:57:49] 🔄 Identity reset
[16:57:58] 🧠 New identity created
[16:57:59] [311/326] INSO
[16:58:01] [312/326] CCSI
[16:58:02] [313/326] RASM
[16:58:02] [314/326] NEWC
[16:58:03] [315/326] VSHL
[16:58:04] [316/326] BISW
[16:58:05] [317/326] GCNG
[16:58:05] 🔄 Identity reset
[16:58:05] 🔄 Identity rotated (every 10 requests)
[16:58:06] [318/326] CWSC
[16:58:08] [319/326] SKAN
[16:58:09] [320/326] CCOA
[16:58:10] [321/326] MCAJ
[16:58:11] [322/326] ACDE
[16:58:12] [323/326] AACM
[16:58:13] [324/326] JJCK
[16:58:13] [325/326] RCMO
[16:58:15] [326/326] GDAW
[16:58:16] 🧹 Deduping shows
[16:58:16] ✅ DONE | Shows=2538 | Movies=93
