[10:03:10] 🚀 SCRIPT STARTED (enhanced anti‑detection)
[10:03:10] [1/326] BSAT
[10:03:10] 🧠 New identity created
[10:03:11] [2/326] RSSM
[10:03:11] [3/326] GCTA
[10:03:12] [4/326] TOPN
[10:03:14] [5/326] MCUS
[10:03:15] [6/326] SHRL
[10:03:15] [7/326] UPTP
[10:03:16] [8/326] TMMP
[10:03:17] [9/326] DNRP
[10:03:18] [10/326] SRLT
[10:03:19] 🔄 Identity reset
[10:03:19] 🔄 Identity rotated (every 10 requests)
[10:03:19] 🔄 Retry 1/5 for SRLT in 2.4s
[10:03:19] 🔄 Identity reset
[10:03:21] 🧠 New identity created
[10:03:22] [11/326] RCNS
[10:03:23] [12/326] DCBH
[10:03:24] [13/326] NAGJ
[10:03:25] [14/326] JVRC
[10:03:26] [15/326] KRJG
[10:03:27] [16/326] SRTJ
[10:03:28] [17/326] CMXM
[10:03:29] [18/326] STMI
[10:03:31] [19/326] SLST
[10:03:31] 🔄 Identity reset
[10:03:31] 🔄 Identity rotated (every 10 requests)
[10:03:32] [20/326] DTCN
[10:03:32] [21/326] STYN
[10:03:33] [22/326] SZVR
[10:03:34] [23/326] SRKO
[10:03:35] [24/326] JTGT
[10:03:36] [25/326] SVFD
[10:03:36] [26/326] SISD
[10:03:37] [27/326] ABDD
[10:03:38] [28/326] DRCA
[10:03:39] [29/326] AVCS
[10:03:39] 🔄 Identity reset
[10:03:39] 🔄 Identity rotated (every 10 requests)
[10:03:40] [30/326] MVKH
[10:03:40] [31/326] ACPR
[10:03:41] [32/326] STIP
[10:03:42] [33/326] MTRA
[10:03:43] [34/326] RMKH
[10:03:44] [35/326] NKRL
[10:03:45] [36/326] PCWN
[10:03:46] [37/326] BLMT
[10:03:47] [38/326] GDPG
[10:03:48] [39/326] SRMX
[10:03:49] 🔄 Identity reset
[10:03:49] 🔄 Identity rotated (every 10 requests)
[10:03:49] [40/326] JACP
[10:03:50] [41/326] CPSH
[10:03:51] [42/326] MCCD
[10:03:52] [43/326] ECGH
[10:03:52] [44/326] MKCK
[10:03:53] [45/326] SRMM
[10:03:54] [46/326] SKYR
[10:03:55] [47/326] PCKC
[10:03:56] [48/326] JCMA
[10:03:57] [49/326] BSMP
[10:03:57] 🔄 Identity reset
[10:03:57] 🔄 Identity rotated (every 10 requests)
[10:03:59] [50/326] VSPA
[10:03:59] [51/326] DJYA
[10:04:01] [52/326] DIMP
[10:04:03] [53/326] FXDR
[10:04:04] [54/326] SSRC
[10:04:05] [55/326] STHP
[10:04:06] [56/326] CPPD
[10:04:06] [57/326] FCLK
[10:04:07] [58/326] SCPP
[10:04:08] [59/326] DCMJ
[10:04:09] 🔄 Identity reset
[10:04:09] 🔄 Identity rotated (every 10 requests)
[10:04:09] [60/326] RCCR
[10:04:10] [61/326] INMT
[10:04:11] [62/326] LXTK
[10:04:11] [63/326] SRYK
[10:04:12] [64/326] SGDK
[10:04:14] [65/326] PPKA
[10:04:15] [66/326] SPKA
[10:04:16] [67/326] CGHH
[10:04:17] [68/326] DCJN
[10:04:17] [69/326] SRKV
[10:04:18] 🔄 Identity reset
[10:04:18] 🔄 Identity rotated (every 10 requests)
[10:04:18] [70/326] SAJC
[10:04:19] [71/326] SUSR
[10:04:20] [72/326] STYG
[10:04:21] [73/326] NTKP
[10:04:22] [74/326] AKTG
[10:04:23] [75/326] CGCM
[10:04:24] [76/326] TULC
[10:04:25] [77/326] NYYZ
[10:04:26] [78/326] NYBW
[10:04:27] [79/326] MACB
[10:04:27] 🔄 Identity reset
[10:04:27] 🔄 Identity rotated (every 10 requests)
[10:04:27] 🔄 Retry 1/5 for MACB in 2.7s
[10:04:27] 🔄 Identity reset
[10:04:30] 🧠 New identity created
[10:04:30] [80/326] SLVT
[10:04:31] [81/326] SANA
[10:04:33] [82/326] ACMR
[10:04:34] [83/326] CPKN
[10:04:35] [84/326] DLGK
[10:04:35] [85/326] CWCK
[10:04:36] [86/326] FDDH
[10:04:38] [87/326] MMMD
[10:04:39] [88/326] CMEH
[10:04:39] 🔄 Identity reset
[10:04:39] 🔄 Identity rotated (every 10 requests)
[10:04:40] [89/326] GGGV
[10:04:40] [90/326] SPJL
[10:04:41] [91/326] RCCD
[10:04:42] [92/326] STTZ
[10:04:43] [93/326] BTCF
[10:04:44] [94/326] TSTZ
[10:04:45] [95/326] IPMM
[10:04:46] [96/326] PMPW
[10:04:47] [97/326] PCMZ
[10:04:48] [98/326] ESEM
[10:04:49] 🔄 Identity reset
[10:04:49] 🔄 Identity rotated (every 10 requests)
[10:04:50] [99/326] PIPO
[10:04:51] [100/326] MATK
[10:04:52] [101/326] PGHM
[10:04:53] [102/326] CTSR
[10:04:54] [103/326] CYKR
[10:04:55] [104/326] MSCM
[10:04:56] [105/326] RFNP
[10:04:57] [106/326] PDCP
[10:04:57] [107/326] NPSE
[10:04:59] [108/326] MKML
[10:04:59] 🔄 Identity reset
[10:04:59] 🔄 Identity rotated (every 10 requests)
[10:05:00] 🔄 Retry 1/5 for MKML in 2.2s
[10:05:00] 🔄 Identity reset
[10:05:02] 🧠 New identity created
[10:05:02] [109/326] FTDP
[10:05:04] [110/326] MMXA
[10:05:04] [111/326] CEPO
[10:05:06] [112/326] CMVP
[10:05:06] [113/326] SGTH
[10:05:07] [114/326] SAYN
[10:05:08] [115/326] URVS
[10:05:09] [116/326] VJTN
[10:05:10] [117/326] BBYK
[10:05:11] 🔄 Identity reset
[10:05:11] 🔄 Identity rotated (every 10 requests)
[10:05:11] [118/326] SHBO
[10:05:12] [119/326] VCMR
[10:05:13] [120/326] MACT
[10:05:14] [121/326] JMNP
[10:05:15] [122/326] VICS
[10:05:16] [123/326] VCDA
[10:05:17] [124/326] GCMM
[10:05:18] [125/326] INVS
[10:05:19] [126/326] SCGM
[10:05:20] [127/326] PCDA
[10:05:20] 🔄 Identity reset
[10:05:20] 🔄 Identity rotated (every 10 requests)
[10:05:21] [128/326] KDCT
[10:05:21] [129/326] JACS
[10:05:22] [130/326] GMMC
[10:05:23] [131/326] AICM
[10:05:24] [132/326] TJCM
[10:05:25] [133/326] RMTI
[10:05:26] [134/326] SHAC
[10:05:27] [135/326] APJC
[10:05:27] [136/326] GCTG
[10:05:28] [137/326] SSMC
[10:05:29] 🔄 Identity reset
[10:05:29] 🔄 Identity rotated (every 10 requests)
[10:05:30] [138/326] THRM
[10:05:31] [139/326] RBCT
[10:05:32] [140/326] DIKT
[10:05:33] [141/326] MIDL
[10:05:34] [142/326] VCSN
[10:05:35] [143/326] SKTG
[10:05:36] [144/326] SMWC
[10:05:37] [145/326] MNKH
[10:05:38] [146/326] PIAT
[10:05:39] [147/326] LTTP
[10:05:40] 🔄 Identity reset
[10:05:40] 🔄 Identity rotated (every 10 requests)
[10:05:40] [148/326] PTPU
[10:05:41] [149/326] ACMG
[10:05:42] [150/326] SHMM
[10:05:42] [151/326] MCMN
[10:05:43] [152/326] GLDC
[10:05:44] [153/326] HOUT
[10:05:45] [154/326] SVRP
[10:05:46] [155/326] PVDN
[10:05:47] [156/326] SCPY
[10:05:48] [157/326] DTPY
[10:05:48] 🔄 Identity reset
[10:05:48] 🔄 Identity rotated (every 10 requests)
[10:05:48] [158/326] GKCS
[10:05:49] [159/326] NCAM
[10:05:50] [160/326] BSRM
[10:05:52] [161/326] RCLC
[10:05:53] [162/326] SKKD
[10:05:54] [163/326] ACHU
[10:05:55] [164/326] RSCF
[10:05:56] [165/326] IMSH
[10:05:56] [166/326] MACX
[10:05:57] [167/326] HMMW
[10:05:58] 🔄 Identity reset
[10:05:58] 🔄 Identity rotated (every 10 requests)
[10:05:58] 🔄 Retry 1/5 for HMMW in 2.2s
[10:05:58] 🔄 Identity reset
[10:06:00] 🧠 New identity created
[10:06:01] [168/326] JTCP
[10:06:01] [169/326] SREN
[10:06:03] [170/326] PJRR
[10:06:04] [171/326] INAC
[10:06:05] [172/326] BMCA
[10:06:06] [173/326] SHCB
[10:06:06] [174/326] GABA
[10:06:07] [175/326] SBCT
[10:06:08] [176/326] GCMA
[10:06:08] 🔄 Identity reset
[10:06:08] 🔄 Identity rotated (every 10 requests)
[10:06:09] [177/326] MYTK
[10:06:10] [178/326] INZS
[10:06:11] [179/326] RMIK
[10:06:11] [180/326] NYCH
[10:06:12] [181/326] RAVE
[10:06:13] [182/326] PSXM
[10:06:14] [183/326] MCGP
[10:06:15] [184/326] PDDK
[10:06:16] [185/326] SPCK
[10:06:17] [186/326] MCRL
[10:06:18] 🔄 Identity reset
[10:06:18] 🔄 Identity rotated (every 10 requests)
[10:06:18] [187/326] MHKT
[10:06:19] [188/326] ANRR
[10:06:20] [189/326] SAPK
[10:06:21] [190/326] NCUK
[10:06:22] [191/326] JUGA
[10:06:22] [192/326] DBSC
[10:06:23] [193/326] LALK
[10:06:24] [194/326] GUCK
[10:06:25] [195/326] STSG
[10:06:26] [196/326] PPPZ
[10:06:26] 🔄 Identity reset
[10:06:26] 🔄 Identity rotated (every 10 requests)
[10:06:27] [197/326] CNCY
[10:06:27] [198/326] MTAR
[10:06:28] [199/326] VNKD
[10:06:30] [200/326] KMAJ
[10:06:30] [201/326] ACXK
[10:06:31] [202/326] UTKC
[10:06:32] [203/326] PBLK
[10:06:33] [204/326] ACBX
[10:06:34] [205/326] PTGM
[10:06:35] [206/326] BTDA
[10:06:36] 🔄 Identity reset
[10:06:36] 🔄 Identity rotated (every 10 requests)
[10:06:36] [207/326] PJMB
[10:06:37] [208/326] TPDA
[10:06:38] [209/326] AMOE
[10:06:39] [210/326] PRHT
[10:06:40] [211/326] PRTA
[10:06:41] [212/326] STAM
[10:06:41] [213/326] MSAA
[10:06:43] [214/326] SDLU
[10:06:44] [215/326] RCHH
[10:06:46] [216/326] KANT
[10:06:46] 🔄 Identity reset
[10:06:46] 🔄 Identity rotated (every 10 requests)
[10:06:47] [217/326] FCRT
[10:06:48] [218/326] DNKM
[10:06:49] [219/326] RYCP
[10:06:50] [220/326] MYRP
[10:06:50] [221/326] PPAK
[10:06:51] [222/326] NVPK
[10:06:52] [223/326] PRMC
[10:06:53] [224/326] JBCS
[10:06:54] [225/326] GXCK
[10:06:55] [226/326] USKO
[10:06:56] 🔄 Identity reset
[10:06:56] 🔄 Identity rotated (every 10 requests)
[10:06:56] [227/326] GTEM
[10:06:57] [228/326] SMBU
[10:06:58] [229/326] VETC
[10:06:59] [230/326] LCDA
[10:07:01] [231/326] MTVT
[10:07:01] [232/326] PYCP
[10:07:02] [233/326] PNSC
[10:07:03] [234/326] PPCC
[10:07:05] [235/326] TGRT
[10:07:06] [236/326] JYOT
[10:07:06] 🔄 Identity reset
[10:07:06] 🔄 Identity rotated (every 10 requests)
[10:07:06] 🔄 Retry 1/5 for JYOT in 2.4s
[10:07:06] 🔄 Identity reset
[10:07:09] 🧠 New identity created
[10:07:09] [237/326] SRCZ
[10:07:10] [238/326] SJTE
[10:07:10] [239/326] DESC
[10:07:11] [240/326] JHVN
[10:07:12] [241/326] IPSG
[10:07:13] [242/326] IPCM
[10:07:14] [243/326] PDRS
[10:07:15] [244/326] ANCV
[10:07:17] [245/326] CMVV
[10:07:17] 🔄 Identity reset
[10:07:17] 🔄 Identity rotated (every 10 requests)
[10:07:17] [246/326] SHYP
[10:07:18] [247/326] DNCS
[10:07:19] [248/326] GAJK
[10:07:20] [249/326] AKTN
[10:07:21] [250/326] KAYA
[10:07:22] [251/326] SBRC
[10:07:23] [252/326] CHTP
[10:07:23] [253/326] SHRT
[10:07:24] [254/326] BCKU
[10:07:25] [255/326] FCPS
[10:07:26] 🔄 Identity reset
[10:07:26] 🔄 Identity rotated (every 10 requests)
[10:07:26] [256/326] ARDD
[10:07:27] [257/326] CPCM
[10:07:28] [258/326] CGSM
[10:07:29] [259/326] PSMP
[10:07:29] [260/326] SDAL
[10:07:30] [261/326] RTNB
[10:07:32] [262/326] LMCR
[10:07:33] [263/326] CIMA
[10:07:34] [264/326] RNAS
[10:07:34] [265/326] LITH
[10:07:35] 🔄 Identity reset
[10:07:35] 🔄 Identity rotated (every 10 requests)
[10:07:35] [266/326] PBOX
[10:07:36] [267/326] FRTS
[10:07:37] [268/326] RKIC
[10:07:38] [269/326] PTAI
[10:07:39] [270/326] GCIC
[10:07:40] [271/326] FNAS
[10:07:40] [272/326] SCAR
[10:07:41] [273/326] MTCA
[10:07:42] [274/326] SCTS
[10:07:44] [275/326] SYCS
[10:07:44] 🔄 Identity reset
[10:07:44] 🔄 Identity rotated (every 10 requests)
[10:07:45] [276/326] RDMS
[10:07:46] [277/326] KAMP
[10:07:47] [278/326] ERSD
[10:07:48] [279/326] MJMJ
[10:07:49] [280/326] SRCJ
[10:07:50] [281/326] SCXE
[10:07:51] [282/326] SVFR
[10:07:52] [283/326] BHCS
[10:07:53] [284/326] IMCC
[10:07:54] [285/326] PCBO
[10:07:54] 🔄 Identity reset
[10:07:54] 🔄 Identity rotated (every 10 requests)
[10:07:55] [286/326] PRVN
[10:07:56] [287/326] AUPM
[10:07:57] [288/326] INBW
[10:07:58] [289/326] SVCW
[10:07:59] [290/326] RKCF
[10:08:00] [291/326] UVBH
[10:08:01] [292/326] DNCY
[10:08:02] [293/326] ABCN
[10:08:03] [294/326] PRUR
[10:08:04] [295/326] PFMR
[10:08:05] 🔄 Identity reset
[10:08:05] 🔄 Identity rotated (every 10 requests)
[10:08:05] [296/326] RKCN
[10:08:06] [297/326] CFEA
[10:08:07] [298/326] SDBG
[10:08:08] [299/326] SNAR
[10:08:10] [300/326] YISI
[10:08:10] [301/326] JCFF
[10:08:11] [302/326] VTRK
[10:08:13] [303/326] PCLZ
[10:08:14] [304/326] DIMY
[10:08:16] [305/326] BBTS
[10:08:16] 🔄 Identity reset
[10:08:16] 🔄 Identity rotated (every 10 requests)
[10:08:17] [306/326] GATH
[10:08:17] [307/326] GTMN
[10:08:18] [308/326] VTMH
[10:08:19] [309/326] CCKP
[10:08:21] [310/326] GPKA
[10:08:22] [311/326] MHCL
[10:08:23] [312/326] ATCL
[10:08:24] [313/326] SBCK
[10:08:25] [314/326] AMMR
[10:08:26] [315/326] MADC
[10:08:26] 🔄 Identity reset
[10:08:27] 🔄 Identity rotated (every 10 requests)
[10:08:27] [316/326] TMMA
[10:08:28] [317/326] CACC
[10:08:28] [318/326] CHAL
[10:08:29] [319/326] DURG
[10:08:30] [320/326] GMKU
[10:08:31] [321/326] GECA
[10:08:32] [322/326] KYRR
[10:08:33] [323/326] KSDE
[10:08:34] [324/326] LMCI
[10:08:35] [325/326] NKCP
[10:08:35] 🔄 Identity reset
[10:08:35] 🔄 Identity rotated (every 10 requests)
[10:08:35] [326/326] BGTC
[10:08:36] 🧹 Deduping shows
[10:08:36] ✅ DONE | Shows=17 | Movies=4
[17:02:39] 🚀 SCRIPT STARTED (enhanced anti‑detection)
[17:02:39] [1/326] BSAT
[17:02:39] 🧠 New identity created
[17:02:40] [2/326] RSSM
[17:02:40] [3/326] GCTA
[17:02:41] [4/326] TOPN
[17:02:42] [5/326] MCUS
[17:02:43] [6/326] SHRL
[17:02:44] [7/326] UPTP
[17:02:45] [8/326] TMMP
[17:02:45] [9/326] DNRP
[17:02:46] [10/326] SRLT
[17:02:47] 🔄 Identity reset
[17:02:47] 🔄 Identity rotated (every 10 requests)
[17:02:47] [11/326] RCNS
[17:02:48] [12/326] DCBH
[17:02:49] [13/326] NAGJ
[17:02:50] [14/326] JVRC
[17:02:51] [15/326] KRJG
[17:02:52] [16/326] SRTJ
[17:02:52] [17/326] CMXM
[17:02:53] [18/326] STMI
[17:02:54] [19/326] SLST
[17:02:55] [20/326] DTCN
[17:02:55] 🔄 Identity reset
[17:02:55] 🔄 Identity rotated (every 10 requests)
[17:02:55] 🔄 Retry 1/5 for DTCN in 2.6s
[17:02:55] 🔄 Identity reset
[17:02:58] 🧠 New identity created
[17:02:58] [21/326] STYN
[17:02:59] [22/326] SZVR
[17:03:00] [23/326] SRKO
[17:03:01] [24/326] JTGT
[17:03:02] [25/326] SVFD
[17:03:03] [26/326] SISD
[17:03:04] [27/326] ABDD
[17:03:05] [28/326] DRCA
[17:03:06] [29/326] AVCS
[17:03:07] 🔄 Identity reset
[17:03:07] 🔄 Identity rotated (every 10 requests)
[17:03:07] [30/326] MVKH
[17:03:08] [31/326] ACPR
[17:03:09] [32/326] STIP
[17:03:10] [33/326] MTRA
[17:03:12] [34/326] RMKH
[17:03:13] [35/326] NKRL
[17:03:14] [36/326] PCWN
[17:03:15] [37/326] BLMT
[17:03:16] [38/326] GDPG
[17:03:17] [39/326] SRMX
[17:03:17] 🔄 Identity reset
[17:03:17] 🔄 Identity rotated (every 10 requests)
[17:03:18] [40/326] JACP
[17:03:18] [41/326] CPSH
[17:03:19] [42/326] MCCD
[17:03:20] [43/326] ECGH
[17:03:21] [44/326] MKCK
[17:03:22] [45/326] SRMM
[17:03:23] [46/326] SKYR
[17:03:24] [47/326] PCKC
[17:03:25] [48/326] JCMA
[17:03:25] [49/326] BSMP
[17:03:26] 🔄 Identity reset
[17:03:26] 🔄 Identity rotated (every 10 requests)
[17:03:26] 🔄 Retry 1/5 for BSMP in 2.1s
[17:03:26] 🔄 Identity reset
[17:03:28] 🧠 New identity created
[17:03:28] [50/326] VSPA
[17:03:29] [51/326] DJYA
[17:03:30] [52/326] DIMP
[17:03:31] [53/326] FXDR
[17:03:32] [54/326] SSRC
[17:03:33] [55/326] STHP
[17:03:33] [56/326] CPPD
[17:03:34] [57/326] FCLK
[17:03:35] [58/326] SCPP
[17:03:36] 🔄 Identity reset
[17:03:36] 🔄 Identity rotated (every 10 requests)
[17:03:36] [59/326] DCMJ
[17:03:37] [60/326] RCCR
[17:03:38] [61/326] INMT
[17:03:39] [62/326] LXTK
[17:03:40] [63/326] SRYK
[17:03:41] [64/326] SGDK
[17:03:42] [65/326] PPKA
[17:03:43] [66/326] SPKA
[17:03:44] [67/326] CGHH
[17:03:45] [68/326] DCJN
[17:03:45] 🔄 Identity reset
[17:03:45] 🔄 Identity rotated (every 10 requests)
[17:03:46] [69/326] SRKV
[17:03:47] [70/326] SAJC
[17:03:48] [71/326] SUSR
[17:03:48] [72/326] STYG
[17:03:49] [73/326] NTKP
[17:03:50] [74/326] AKTG
[17:03:51] [75/326] CGCM
[17:03:52] [76/326] TULC
[17:03:53] [77/326] NYYZ
[17:03:54] [78/326] NYBW
[17:03:54] 🔄 Identity reset
[17:03:54] 🔄 Identity rotated (every 10 requests)
[17:03:54] [79/326] MACB
[17:03:55] [80/326] SLVT
[17:03:56] [81/326] SANA
[17:03:58] [82/326] ACMR
[17:03:58] [83/326] CPKN
[17:03:59] [84/326] DLGK
[17:04:00] [85/326] CWCK
[17:04:01] [86/326] FDDH
[17:04:02] [87/326] MMMD
[17:04:03] [88/326] CMEH
[17:04:03] 🔄 Identity reset
[17:04:03] 🔄 Identity rotated (every 10 requests)
[17:04:04] [89/326] GGGV
[17:04:05] [90/326] SPJL
[17:04:05] [91/326] RCCD
[17:04:06] [92/326] STTZ
[17:04:07] [93/326] BTCF
[17:04:08] [94/326] TSTZ
[17:04:10] [95/326] IPMM
[17:04:11] [96/326] PMPW
[17:04:11] [97/326] PCMZ
[17:04:12] [98/326] ESEM
[17:04:13] 🔄 Identity reset
[17:04:13] 🔄 Identity rotated (every 10 requests)
[17:04:13] 🔄 Retry 1/5 for ESEM in 2.3s
[17:04:13] 🔄 Identity reset
[17:04:15] 🧠 New identity created
[17:04:15] [99/326] PIPO
[17:04:16] [100/326] MATK
[17:04:17] [101/326] PGHM
[17:04:18] [102/326] CTSR
[17:04:19] [103/326] CYKR
[17:04:20] [104/326] MSCM
[17:04:20] [105/326] RFNP
[17:04:21] [106/326] PDCP
[17:04:22] [107/326] NPSE
[17:04:23] 🔄 Identity reset
[17:04:23] 🔄 Identity rotated (every 10 requests)
[17:04:23] [108/326] MKML
[17:04:24] [109/326] FTDP
[17:04:25] [110/326] MMXA
[17:04:26] [111/326] CEPO
[17:04:27] [112/326] CMVP
[17:04:28] [113/326] SGTH
[17:04:29] [114/326] SAYN
[17:04:29] [115/326] URVS
[17:04:30] [116/326] VJTN
[17:04:31] [117/326] BBYK
[17:04:32] 🔄 Identity reset
[17:04:32] 🔄 Identity rotated (every 10 requests)
[17:04:32] 🔄 Retry 1/5 for BBYK in 2.7s
[17:04:32] 🔄 Identity reset
[17:04:35] 🧠 New identity created
[17:04:35] [118/326] SHBO
[17:04:36] [119/326] VCMR
[17:04:37] [120/326] MACT
[17:04:38] [121/326] JMNP
[17:04:39] [122/326] VICS
[17:04:40] [123/326] VCDA
[17:04:41] [124/326] GCMM
[17:04:42] [125/326] INVS
[17:04:43] [126/326] SCGM
[17:04:43] 🔄 Identity reset
[17:04:43] 🔄 Identity rotated (every 10 requests)
[17:04:44] [127/326] PCDA
[17:04:44] [128/326] KDCT
[17:04:45] [129/326] JACS
[17:04:46] [130/326] GMMC
[17:04:47] [131/326] AICM
[17:04:48] [132/326] TJCM
[17:04:49] [133/326] RMTI
[17:04:50] [134/326] SHAC
[17:04:50] [135/326] APJC
[17:04:51] [136/326] GCTG
[17:04:52] 🔄 Identity reset
[17:04:52] 🔄 Identity rotated (every 10 requests)
[17:04:52] [137/326] SSMC
[17:04:53] [138/326] THRM
[17:04:54] [139/326] RBCT
[17:04:55] [140/326] DIKT
[17:04:56] [141/326] MIDL
[17:04:57] [142/326] VCSN
[17:04:58] [143/326] SKTG
[17:04:59] [144/326] SMWC
[17:05:00] [145/326] MNKH
[17:05:01] [146/326] PIAT
[17:05:02] 🔄 Identity reset
[17:05:02] 🔄 Identity rotated (every 10 requests)
[17:05:02] [147/326] LTTP
[17:05:03] [148/326] PTPU
[17:05:03] [149/326] ACMG
[17:05:04] [150/326] SHMM
[17:05:05] [151/326] MCMN
[17:05:06] [152/326] GLDC
[17:05:08] [153/326] HOUT
[17:05:09] [154/326] SVRP
[17:05:10] [155/326] PVDN
[17:05:11] [156/326] SCPY
[17:05:11] 🔄 Identity reset
[17:05:11] 🔄 Identity rotated (every 10 requests)
[17:05:11] [157/326] DTPY
[17:05:12] [158/326] GKCS
[17:05:13] [159/326] NCAM
[17:05:14] [160/326] BSRM
[17:05:15] [161/326] RCLC
[17:05:15] [162/326] SKKD
[17:05:16] [163/326] ACHU
[17:05:17] [164/326] RSCF
[17:05:18] [165/326] IMSH
[17:05:20] [166/326] MACX
[17:05:20] 🔄 Identity reset
[17:05:20] 🔄 Identity rotated (every 10 requests)
[17:05:21] [167/326] HMMW
[17:05:23] [168/326] JTCP
[17:05:24] [169/326] SREN
[17:05:25] [170/326] PJRR
[17:05:26] [171/326] INAC
[17:05:27] [172/326] BMCA
[17:05:28] [173/326] SHCB
[17:05:28] [174/326] GABA
[17:05:29] [175/326] SBCT
[17:05:31] [176/326] GCMA
[17:05:31] 🔄 Identity reset
[17:05:31] 🔄 Identity rotated (every 10 requests)
[17:05:32] [177/326] MYTK
[17:05:34] [178/326] INZS
[17:05:34] [179/326] RMIK
[17:05:36] [180/326] NYCH
[17:05:37] [181/326] RAVE
[17:05:38] [182/326] PSXM
[17:05:38] [183/326] MCGP
[17:05:39] [184/326] PDDK
[17:05:40] [185/326] SPCK
[17:05:41] [186/326] MCRL
[17:05:42] 🔄 Identity reset
[17:05:42] 🔄 Identity rotated (every 10 requests)
[17:05:42] [187/326] MHKT
[17:05:43] [188/326] ANRR
[17:05:44] [189/326] SAPK
[17:05:45] [190/326] NCUK
[17:05:46] [191/326] JUGA
[17:05:47] [192/326] DBSC
[17:05:48] [193/326] LALK
[17:05:49] [194/326] GUCK
[17:05:50] [195/326] STSG
[17:05:50] [196/326] PPPZ
[17:05:51] 🔄 Identity reset
[17:05:51] 🔄 Identity rotated (every 10 requests)
[17:05:51] [197/326] CNCY
[17:05:53] [198/326] MTAR
[17:05:54] [199/326] VNKD
[17:05:55] [200/326] KMAJ
[17:05:56] [201/326] ACXK
[17:05:56] [202/326] UTKC
[17:05:57] [203/326] PBLK
[17:05:58] [204/326] ACBX
[17:05:59] [205/326] PTGM
[17:06:00] [206/326] BTDA
[17:06:01] 🔄 Identity reset
[17:06:01] 🔄 Identity rotated (every 10 requests)
[17:06:01] [207/326] PJMB
[17:06:02] [208/326] TPDA
[17:06:03] [209/326] AMOE
[17:06:04] [210/326] PRHT
[17:06:05] [211/326] PRTA
[17:06:05] [212/326] STAM
[17:06:06] [213/326] MSAA
[17:06:07] [214/326] SDLU
[17:06:08] [215/326] RCHH
[17:06:09] [216/326] KANT
[17:06:10] 🔄 Identity reset
[17:06:10] 🔄 Identity rotated (every 10 requests)
[17:06:11] [217/326] FCRT
[17:06:12] [218/326] DNKM
[17:06:13] [219/326] RYCP
[17:06:13] [220/326] MYRP
[17:06:14] [221/326] PPAK
[17:06:15] [222/326] NVPK
[17:06:16] [223/326] PRMC
[17:06:17] [224/326] JBCS
[17:06:18] [225/326] GXCK
[17:06:18] [226/326] USKO
[17:06:19] 🔄 Identity reset
[17:06:19] 🔄 Identity rotated (every 10 requests)
[17:06:19] [227/326] GTEM
[17:06:21] [228/326] SMBU
[17:06:21] [229/326] VETC
[17:06:22] [230/326] LCDA
[17:06:23] [231/326] MTVT
[17:06:24] [232/326] PYCP
[17:06:25] [233/326] PNSC
[17:06:26] [234/326] PPCC
[17:06:27] [235/326] TGRT
[17:06:28] [236/326] JYOT
[17:06:28] 🔄 Identity reset
[17:06:28] 🔄 Identity rotated (every 10 requests)
[17:06:29] [237/326] SRCZ
[17:06:30] [238/326] SJTE
[17:06:30] [239/326] DESC
[17:06:31] [240/326] JHVN
[17:06:32] [241/326] IPSG
[17:06:33] [242/326] IPCM
[17:06:34] [243/326] PDRS
[17:06:35] [244/326] ANCV
[17:06:36] [245/326] CMVV
[17:06:37] [246/326] SHYP
[17:06:38] 🔄 Identity reset
[17:06:38] 🔄 Identity rotated (every 10 requests)
[17:06:38] [247/326] DNCS
[17:06:39] [248/326] GAJK
[17:06:40] [249/326] AKTN
[17:06:41] [250/326] KAYA
[17:06:43] [251/326] SBRC
[17:06:43] [252/326] CHTP
[17:06:44] [253/326] SHRT
[17:06:45] [254/326] BCKU
[17:06:46] [255/326] FCPS
[17:06:47] [256/326] ARDD
[17:06:47] 🔄 Identity reset
[17:06:47] 🔄 Identity rotated (every 10 requests)
[17:06:48] [257/326] CPCM
[17:06:49] [258/326] CGSM
[17:06:50] [259/326] PSMP
[17:06:51] [260/326] SDAL
[17:06:52] [261/326] RTNB
[17:06:53] [262/326] LMCR
[17:06:54] [263/326] CIMA
[17:06:54] [264/326] RNAS
[17:06:55] [265/326] LITH
[17:06:56] [266/326] PBOX
[17:06:57] 🔄 Identity reset
[17:06:57] 🔄 Identity rotated (every 10 requests)
[17:06:57] [267/326] FRTS
[17:06:58] [268/326] RKIC
[17:06:59] [269/326] PTAI
[17:07:00] [270/326] GCIC
[17:07:00] [271/326] FNAS
[17:07:01] [272/326] SCAR
[17:07:02] [273/326] MTCA
[17:07:03] [274/326] SCTS
[17:07:04] [275/326] SYCS
[17:07:05] [276/326] RDMS
[17:07:05] 🔄 Identity reset
[17:07:05] 🔄 Identity rotated (every 10 requests)
[17:07:06] [277/326] KAMP
[17:07:06] [278/326] ERSD
[17:07:07] [279/326] MJMJ
[17:07:08] [280/326] SRCJ
[17:07:09] [281/326] SCXE
[17:07:10] [282/326] SVFR
[17:07:11] [283/326] BHCS
[17:07:12] [284/326] IMCC
[17:07:13] [285/326] PCBO
[17:07:14] [286/326] PRVN
[17:07:15] 🔄 Identity reset
[17:07:15] 🔄 Identity rotated (every 10 requests)
[17:07:15] [287/326] AUPM
[17:07:17] [288/326] INBW
[17:07:18] [289/326] SVCW
[17:07:19] [290/326] RKCF
[17:07:20] [291/326] UVBH
[17:07:20] [292/326] DNCY
[17:07:21] [293/326] ABCN
[17:07:22] [294/326] PRUR
[17:07:23] [295/326] PFMR
[17:07:24] [296/326] RKCN
[17:07:24] 🔄 Identity reset
[17:07:24] 🔄 Identity rotated (every 10 requests)
[17:07:25] [297/326] CFEA
[17:07:25] [298/326] SDBG
[17:07:26] [299/326] SNAR
[17:07:27] [300/326] YISI
[17:07:28] [301/326] JCFF
[17:07:29] [302/326] VTRK
[17:07:30] [303/326] PCLZ
[17:07:31] [304/326] DIMY
[17:07:32] [305/326] BBTS
[17:07:32] [306/326] GATH
[17:07:33] 🔄 Identity reset
[17:07:33] 🔄 Identity rotated (every 10 requests)
[17:07:33] [307/326] GTMN
[17:07:35] [308/326] VTMH
[17:07:36] [309/326] CCKP
[17:07:36] [310/326] GPKA
[17:07:38] [311/326] MHCL
[17:07:39] [312/326] ATCL
[17:07:40] [313/326] SBCK
[17:07:40] [314/326] AMMR
[17:07:41] [315/326] MADC
[17:07:42] [316/326] TMMA
[17:07:43] 🔄 Identity reset
[17:07:43] 🔄 Identity rotated (every 10 requests)
[17:07:43] [317/326] CACC
[17:07:44] [318/326] CHAL
[17:07:45] [319/326] DURG
[17:07:46] [320/326] GMKU
[17:07:47] [321/326] GECA
[17:07:47] [322/326] KYRR
[17:07:48] [323/326] KSDE
[17:07:49] [324/326] LMCI
[17:07:50] [325/326] NKCP
[17:07:51] [326/326] BGTC
[17:07:51] 🔄 Identity reset
[17:07:51] 🔄 Identity rotated (every 10 requests)
[17:07:52] 🔄 Retry 1/5 for BGTC in 2.8s
[17:07:52] 🔄 Identity reset
[17:07:54] 🧠 New identity created
[17:07:55] 🧹 Deduping shows
[17:07:55] ✅ DONE | Shows=25 | Movies=5
[04:59:12] 🚀 SCRIPT STARTED (enhanced anti‑detection)
[04:59:12] [1/326] BSAT
[04:59:12] 🧠 New identity created
[04:59:13] [2/326] RSSM
[04:59:14] [3/326] GCTA
[04:59:15] [4/326] TOPN
[04:59:16] [5/326] MCUS
[04:59:16] [6/326] SHRL
[04:59:17] [7/326] UPTP
[04:59:18] [8/326] TMMP
[04:59:19] [9/326] DNRP
[04:59:20] [10/326] SRLT
[04:59:21] 🔄 Identity reset
[04:59:21] 🔄 Identity rotated (every 10 requests)
[04:59:21] [11/326] RCNS
[04:59:22] [12/326] DCBH
[04:59:24] [13/326] NAGJ
[04:59:24] [14/326] JVRC
[04:59:25] [15/326] KRJG
[04:59:26] [16/326] SRTJ
[04:59:27] [17/326] CMXM
[04:59:27] [18/326] STMI
[04:59:28] [19/326] SLST
[04:59:29] [20/326] DTCN
[04:59:30] 🔄 Identity reset
[04:59:30] 🔄 Identity rotated (every 10 requests)
[04:59:30] [21/326] STYN
[04:59:31] [22/326] SZVR
[04:59:32] [23/326] SRKO
[04:59:33] [24/326] JTGT
[04:59:34] [25/326] SVFD
[04:59:35] [26/326] SISD
[04:59:36] [27/326] ABDD
[04:59:37] [28/326] DRCA
[04:59:37] [29/326] AVCS
[04:59:38] [30/326] MVKH
[04:59:39] 🔄 Identity reset
[04:59:39] 🔄 Identity rotated (every 10 requests)
[04:59:39] [31/326] ACPR
[04:59:40] [32/326] STIP
[04:59:41] [33/326] MTRA
[04:59:42] [34/326] RMKH
[04:59:43] [35/326] NKRL
[04:59:44] [36/326] PCWN
[04:59:45] [37/326] BLMT
[04:59:46] [38/326] GDPG
[04:59:47] [39/326] SRMX
[04:59:47] [40/326] JACP
[04:59:48] 🔄 Identity reset
[04:59:48] 🔄 Identity rotated (every 10 requests)
[04:59:48] [41/326] CPSH
[04:59:49] [42/326] MCCD
[04:59:51] [43/326] ECGH
[04:59:52] [44/326] MKCK
[04:59:52] [45/326] SRMM
[04:59:53] [46/326] SKYR
[04:59:54] [47/326] PCKC
[04:59:56] [48/326] JCMA
[04:59:57] [49/326] BSMP
[04:59:58] [50/326] VSPA
[04:59:58] 🔄 Identity reset
[04:59:58] 🔄 Identity rotated (every 10 requests)
[04:59:58] [51/326] DJYA
[04:59:59] [52/326] DIMP
[05:00:00] [53/326] FXDR
[05:00:01] [54/326] SSRC
[05:00:02] [55/326] STHP
[05:00:03] [56/326] CPPD
[05:00:04] [57/326] FCLK
[05:00:05] [58/326] SCPP
[05:00:06] [59/326] DCMJ
[05:00:07] [60/326] RCCR
[05:00:07] 🔄 Identity reset
[05:00:07] 🔄 Identity rotated (every 10 requests)
[05:00:07] 🔄 Retry 1/5 for RCCR in 2.6s
[05:00:07] 🔄 Identity reset
[05:00:10] 🧠 New identity created
[05:00:10] [61/326] INMT
[05:00:11] [62/326] LXTK
[05:00:12] [63/326] SRYK
[05:00:13] [64/326] SGDK
[05:00:14] [65/326] PPKA
[05:00:15] [66/326] SPKA
[05:00:16] [67/326] CGHH
[05:00:17] [68/326] DCJN
[05:00:18] [69/326] SRKV
[05:00:18] 🔄 Identity reset
[05:00:18] 🔄 Identity rotated (every 10 requests)
[05:00:19] [70/326] SAJC
[05:00:20] [71/326] SUSR
[05:00:20] [72/326] STYG
[05:00:21] [73/326] NTKP
[05:00:22] [74/326] AKTG
[05:00:23] [75/326] CGCM
[05:00:24] [76/326] TULC
[05:00:25] [77/326] NYYZ
[05:00:26] [78/326] NYBW
[05:00:27] [79/326] MACB
[05:00:27] 🔄 Identity reset
[05:00:27] 🔄 Identity rotated (every 10 requests)
[05:00:27] [80/326] SLVT
[05:00:28] [81/326] SANA
[05:00:29] [82/326] ACMR
[05:00:30] [83/326] CPKN
[05:00:31] [84/326] DLGK
[05:00:32] [85/326] CWCK
[05:00:33] [86/326] FDDH
[05:00:34] [87/326] MMMD
[05:00:35] [88/326] CMEH
[05:00:35] [89/326] GGGV
[05:00:36] 🔄 Identity reset
[05:00:36] 🔄 Identity rotated (every 10 requests)
[05:00:36] [90/326] SPJL
[05:00:37] [91/326] RCCD
[05:00:39] [92/326] STTZ
[05:00:39] [93/326] BTCF
[05:00:40] [94/326] TSTZ
[05:00:41] [95/326] IPMM
[05:00:42] [96/326] PMPW
[05:00:43] [97/326] PCMZ
[05:00:44] [98/326] ESEM
[05:00:44] [99/326] PIPO
[05:00:45] 🔄 Identity reset
[05:00:45] 🔄 Identity rotated (every 10 requests)
[05:00:46] [100/326] MATK
[05:00:46] [101/326] PGHM
[05:00:47] [102/326] CTSR
[05:00:48] [103/326] CYKR
[05:00:49] [104/326] MSCM
[05:00:50] [105/326] RFNP
[05:00:51] [106/326] PDCP
[05:00:52] [107/326] NPSE
[05:00:53] [108/326] MKML
[05:00:53] [109/326] FTDP
[05:00:54] 🔄 Identity reset
[05:00:54] 🔄 Identity rotated (every 10 requests)
[05:00:55] [110/326] MMXA
[05:00:56] [111/326] CEPO
[05:00:57] [112/326] CMVP
[05:00:58] [113/326] SGTH
[05:00:59] [114/326] SAYN
[05:01:00] [115/326] URVS
[05:01:00] [116/326] VJTN
[05:01:01] [117/326] BBYK
[05:01:02] [118/326] SHBO
[05:01:03] [119/326] VCMR
[05:01:04] 🔄 Identity reset
[05:01:04] 🔄 Identity rotated (every 10 requests)
[05:01:04] [120/326] MACT
[05:01:06] [121/326] JMNP
[05:01:07] [122/326] VICS
[05:01:08] [123/326] VCDA
[05:01:09] [124/326] GCMM
[05:01:10] [125/326] INVS
[05:01:11] [126/326] SCGM
[05:01:12] [127/326] PCDA
[05:01:13] [128/326] KDCT
[05:01:14] [129/326] JACS
[05:01:14] 🔄 Identity reset
[05:01:14] 🔄 Identity rotated (every 10 requests)
[05:01:15] [130/326] GMMC
[05:01:16] [131/326] AICM
[05:01:17] [132/326] TJCM
[05:01:18] [133/326] RMTI
[05:01:19] [134/326] SHAC
[05:01:20] [135/326] APJC
[05:01:21] [136/326] GCTG
[05:01:21] [137/326] SSMC
[05:01:22] [138/326] THRM
[05:01:23] [139/326] RBCT
[05:01:23] 🔄 Identity reset
[05:01:23] 🔄 Identity rotated (every 10 requests)
[05:01:24] [140/326] DIKT
[05:01:24] [141/326] MIDL
[05:01:25] [142/326] VCSN
[05:01:27] [143/326] SKTG
[05:01:28] [144/326] SMWC
[05:01:29] [145/326] MNKH
[05:01:29] [146/326] PIAT
[05:01:30] [147/326] LTTP
[05:01:31] [148/326] PTPU
[05:01:32] [149/326] ACMG
[05:01:33] 🔄 Identity reset
[05:01:33] 🔄 Identity rotated (every 10 requests)
[05:01:33] [150/326] SHMM
[05:01:34] [151/326] MCMN
[05:01:35] [152/326] GLDC
[05:01:36] [153/326] HOUT
[05:01:37] [154/326] SVRP
[05:01:38] [155/326] PVDN
[05:01:39] [156/326] SCPY
[05:01:40] [157/326] DTPY
[05:01:41] [158/326] GKCS
[05:01:42] [159/326] NCAM
[05:01:43] 🔄 Identity reset
[05:01:43] 🔄 Identity rotated (every 10 requests)
[05:01:43] [160/326] BSRM
[05:01:44] [161/326] RCLC
[05:01:45] [162/326] SKKD
[05:01:46] [163/326] ACHU
[05:01:46] [164/326] RSCF
[05:01:48] [165/326] IMSH
[05:01:49] [166/326] MACX
[05:01:50] [167/326] HMMW
[05:01:51] [168/326] JTCP
[05:01:52] [169/326] SREN
[05:01:52] 🔄 Identity reset
[05:01:52] 🔄 Identity rotated (every 10 requests)
[05:01:53] [170/326] PJRR
[05:01:54] [171/326] INAC
[05:01:55] [172/326] BMCA
[05:01:56] [173/326] SHCB
[05:01:57] [174/326] GABA
[05:01:58] [175/326] SBCT
[05:01:58] [176/326] GCMA
[05:01:59] [177/326] MYTK
[05:02:00] [178/326] INZS
[05:02:01] [179/326] RMIK
[05:02:02] 🔄 Identity reset
[05:02:02] 🔄 Identity rotated (every 10 requests)
[05:02:02] [180/326] NYCH
[05:02:03] [181/326] RAVE
[05:02:04] [182/326] PSXM
[05:02:05] [183/326] MCGP
[05:02:06] [184/326] PDDK
[05:02:07] [185/326] SPCK
[05:02:08] [186/326] MCRL
[05:02:09] [187/326] MHKT
[05:02:11] [188/326] ANRR
[05:02:11] [189/326] SAPK
[05:02:12] 🔄 Identity reset
[05:02:12] 🔄 Identity rotated (every 10 requests)
[05:02:12] [190/326] NCUK
[05:02:13] [191/326] JUGA
[05:02:14] [192/326] DBSC
[05:02:15] [193/326] LALK
[05:02:16] [194/326] GUCK
[05:02:17] [195/326] STSG
[05:02:17] [196/326] PPPZ
[05:02:18] [197/326] CNCY
[05:02:19] [198/326] MTAR
[05:02:20] [199/326] VNKD
[05:02:20] 🔄 Identity reset
[05:02:20] 🔄 Identity rotated (every 10 requests)
[05:02:21] [200/326] KMAJ
[05:02:23] [201/326] ACXK
[05:02:24] [202/326] UTKC
[05:02:25] [203/326] PBLK
[05:02:25] [204/326] ACBX
[05:02:26] [205/326] PTGM
[05:02:27] [206/326] BTDA
[05:02:28] [207/326] PJMB
[05:02:29] [208/326] TPDA
[05:02:30] [209/326] AMOE
[05:02:30] 🔄 Identity reset
[05:02:30] 🔄 Identity rotated (every 10 requests)
[05:02:30] [210/326] PRHT
[05:02:31] [211/326] PRTA
[05:02:32] [212/326] STAM
[05:02:33] [213/326] MSAA
[05:02:34] [214/326] SDLU
[05:02:35] [215/326] RCHH
[05:02:36] [216/326] KANT
[05:02:37] [217/326] FCRT
[05:02:38] [218/326] DNKM
[05:02:39] [219/326] RYCP
[05:02:39] 🔄 Identity reset
[05:02:39] 🔄 Identity rotated (every 10 requests)
[05:02:40] [220/326] MYRP
[05:02:40] [221/326] PPAK
[05:02:41] [222/326] NVPK
[05:02:42] [223/326] PRMC
[05:02:43] [224/326] JBCS
[05:02:44] [225/326] GXCK
[05:02:45] [226/326] USKO
[05:02:46] [227/326] GTEM
[05:02:48] [228/326] SMBU
[05:02:49] [229/326] VETC
[05:02:49] 🔄 Identity reset
[05:02:49] 🔄 Identity rotated (every 10 requests)
[05:02:50] [230/326] LCDA
[05:02:51] [231/326] MTVT
[05:02:52] [232/326] PYCP
[05:02:54] [233/326] PNSC
[05:02:54] [234/326] PPCC
[05:02:55] [235/326] TGRT
[05:02:56] [236/326] JYOT
[05:02:57] [237/326] SRCZ
[05:02:58] [238/326] SJTE
[05:02:59] [239/326] DESC
[05:02:59] 🔄 Identity reset
[05:02:59] 🔄 Identity rotated (every 10 requests)
[05:03:00] [240/326] JHVN
[05:03:00] [241/326] IPSG
[05:03:02] [242/326] IPCM
[05:03:03] [243/326] PDRS
[05:03:04] [244/326] ANCV
[05:03:05] [245/326] CMVV
[05:03:06] [246/326] SHYP
[05:03:07] [247/326] DNCS
[05:03:08] [248/326] GAJK
[05:03:09] [249/326] AKTN
[05:03:10] 🔄 Identity reset
[05:03:10] 🔄 Identity rotated (every 10 requests)
[05:03:10] [250/326] KAYA
[05:03:11] [251/326] SBRC
[05:03:12] [252/326] CHTP
[05:03:13] [253/326] SHRT
[05:03:14] [254/326] BCKU
[05:03:15] [255/326] FCPS
[05:03:16] [256/326] ARDD
[05:03:17] [257/326] CPCM
[05:03:18] [258/326] CGSM
[05:03:19] [259/326] PSMP
[05:03:19] 🔄 Identity reset
[05:03:19] 🔄 Identity rotated (every 10 requests)
[05:03:20] [260/326] SDAL
[05:03:21] [261/326] RTNB
[05:03:21] [262/326] LMCR
[05:03:22] [263/326] CIMA
[05:03:23] [264/326] RNAS
[05:03:24] [265/326] LITH
[05:03:25] [266/326] PBOX
[05:03:26] [267/326] FRTS
[05:03:26] [268/326] RKIC
[05:03:27] [269/326] PTAI
[05:03:28] 🔄 Identity reset
[05:03:28] 🔄 Identity rotated (every 10 requests)
[05:03:28] [270/326] GCIC
[05:03:29] [271/326] FNAS
[05:03:30] [272/326] SCAR
[05:03:31] [273/326] MTCA
[05:03:32] [274/326] SCTS
[05:03:32] [275/326] SYCS
[05:03:33] [276/326] RDMS
[05:03:34] [277/326] KAMP
[05:03:35] [278/326] ERSD
[05:03:36] [279/326] MJMJ
[05:03:36] 🔄 Identity reset
[05:03:36] 🔄 Identity rotated (every 10 requests)
[05:03:37] 🔄 Retry 1/5 for MJMJ in 2.0s
[05:03:37] 🔄 Identity reset
[05:03:39] 🧠 New identity created
[05:03:39] [280/326] SRCJ
[05:03:40] [281/326] SCXE
[05:03:40] [282/326] SVFR
[05:03:41] [283/326] BHCS
[05:03:42] [284/326] IMCC
[05:03:43] [285/326] PCBO
[05:03:44] [286/326] PRVN
[05:03:45] [287/326] AUPM
[05:03:46] [288/326] INBW
[05:03:47] 🔄 Identity reset
[05:03:47] 🔄 Identity rotated (every 10 requests)
[05:03:47] [289/326] SVCW
[05:03:48] [290/326] RKCF
[05:03:49] [291/326] UVBH
[05:03:50] [292/326] DNCY
[05:03:50] [293/326] ABCN
[05:03:51] [294/326] PRUR
[05:03:52] [295/326] PFMR
[05:03:53] [296/326] RKCN
[05:03:54] [297/326] CFEA
[05:03:55] [298/326] SDBG
[05:03:56] 🔄 Identity reset
[05:03:56] 🔄 Identity rotated (every 10 requests)
[05:03:56] [299/326] SNAR
[05:03:57] [300/326] YISI
[05:03:58] [301/326] JCFF
[05:03:59] [302/326] VTRK
[05:04:00] [303/326] PCLZ
[05:04:01] [304/326] DIMY
[05:04:02] [305/326] BBTS
[05:04:03] [306/326] GATH
[05:04:04] [307/326] GTMN
[05:04:04] [308/326] VTMH
[05:04:05] 🔄 Identity reset
[05:04:05] 🔄 Identity rotated (every 10 requests)
[05:04:05] [309/326] CCKP
[05:04:06] [310/326] GPKA
[05:04:07] [311/326] MHCL
[05:04:08] [312/326] ATCL
[05:04:09] [313/326] SBCK
[05:04:10] [314/326] AMMR
[05:04:11] [315/326] MADC
[05:04:12] [316/326] TMMA
[05:04:13] [317/326] CACC
[05:04:14] [318/326] CHAL
[05:04:15] 🔄 Identity reset
[05:04:15] 🔄 Identity rotated (every 10 requests)
[05:04:15] [319/326] DURG
[05:04:16] [320/326] GMKU
[05:04:17] [321/326] GECA
[05:04:18] [322/326] KYRR
[05:04:19] [323/326] KSDE
[05:04:20] [324/326] LMCI
[05:04:21] [325/326] NKCP
[05:04:21] [326/326] BGTC
[05:04:22] 🧹 Deduping shows
[05:04:22] ✅ DONE | Shows=94 | Movies=12
[22:09:04] 🚀 SCRIPT STARTED (enhanced anti‑detection)
[22:09:04] [1/326] BSAT
[22:09:04] 🧠 New identity created
[22:09:05] [2/326] RSSM
[22:09:06] [3/326] GCTA
[22:09:07] [4/326] TOPN
[22:09:08] [5/326] MCUS
[22:09:09] [6/326] SHRL
[22:09:10] [7/326] UPTP
[22:09:11] [8/326] TMMP
[22:09:12] [9/326] DNRP
[22:09:13] [10/326] SRLT
[22:09:14] 🔄 Identity reset
[22:09:14] 🔄 Identity rotated (every 10 requests)
[22:09:14] [11/326] RCNS
[22:09:15] [12/326] DCBH
[22:09:17] [13/326] NAGJ
[22:09:18] [14/326] JVRC
[22:09:19] [15/326] KRJG
[22:09:20] [16/326] SRTJ
[22:09:20] [17/326] CMXM
[22:09:21] [18/326] STMI
[22:09:23] [19/326] SLST
[22:09:24] [20/326] DTCN
[22:09:24] 🔄 Identity reset
[22:09:24] 🔄 Identity rotated (every 10 requests)
[22:09:25] [21/326] STYN
[22:09:26] [22/326] SZVR
[22:09:27] [23/326] SRKO
[22:09:27] [24/326] JTGT
[22:09:28] [25/326] SVFD
[22:09:29] [26/326] SISD
[22:09:30] [27/326] ABDD
[22:09:31] [28/326] DRCA
[22:09:32] [29/326] AVCS
[22:09:33] [30/326] MVKH
[22:09:34] 🔄 Identity reset
[22:09:34] 🔄 Identity rotated (every 10 requests)
[22:09:34] [31/326] ACPR
[22:09:35] [32/326] STIP
[22:09:35] [33/326] MTRA
[22:09:36] [34/326] RMKH
[22:09:37] [35/326] NKRL
[22:09:38] [36/326] PCWN
[22:09:39] [37/326] BLMT
[22:09:40] [38/326] GDPG
[22:09:41] [39/326] SRMX
[22:09:42] [40/326] JACP
[22:09:43] 🔄 Identity reset
[22:09:43] 🔄 Identity rotated (every 10 requests)
[22:09:43] [41/326] CPSH
[22:09:44] [42/326] MCCD
[22:09:45] [43/326] ECGH
[22:09:46] [44/326] MKCK
[22:09:48] [45/326] SRMM
[22:09:49] [46/326] SKYR
[22:09:49] [47/326] PCKC
[22:09:50] [48/326] JCMA
[22:09:51] [49/326] BSMP
[22:09:52] [50/326] VSPA
[22:09:53] 🔄 Identity reset
[22:09:53] 🔄 Identity rotated (every 10 requests)
[22:09:53] 🔄 Retry 1/5 for VSPA in 2.1s
[22:09:53] 🔄 Identity reset
[22:09:55] 🧠 New identity created
[22:09:55] [51/326] DJYA
[22:09:56] [52/326] DIMP
[22:09:57] [53/326] FXDR
[22:09:58] [54/326] SSRC
[22:09:59] [55/326] STHP
[22:10:00] [56/326] CPPD
[22:10:01] [57/326] FCLK
[22:10:02] [58/326] SCPP
[22:10:03] [59/326] DCMJ
[22:10:04] 🔄 Identity reset
[22:10:04] 🔄 Identity rotated (every 10 requests)
[22:10:04] [60/326] RCCR
[22:10:05] [61/326] INMT
[22:10:06] [62/326] LXTK
[22:10:08] [63/326] SRYK
[22:10:09] [64/326] SGDK
[22:10:10] [65/326] PPKA
[22:10:11] [66/326] SPKA
[22:10:12] [67/326] CGHH
[22:10:12] [68/326] DCJN
[22:10:13] [69/326] SRKV
[22:10:14] 🔄 Identity reset
[22:10:14] 🔄 Identity rotated (every 10 requests)
[22:10:14] [70/326] SAJC
[22:10:15] [71/326] SUSR
[22:10:16] [72/326] STYG
[22:10:17] [73/326] NTKP
[22:10:18] [74/326] AKTG
[22:10:19] [75/326] CGCM
[22:10:20] [76/326] TULC
[22:10:21] [77/326] NYYZ
[22:10:22] [78/326] NYBW
[22:10:23] [79/326] MACB
[22:10:23] 🔄 Identity reset
[22:10:23] 🔄 Identity rotated (every 10 requests)
[22:10:24] [80/326] SLVT
[22:10:25] [81/326] SANA
[22:10:26] [82/326] ACMR
[22:10:27] [83/326] CPKN
[22:10:28] [84/326] DLGK
[22:10:29] [85/326] CWCK
[22:10:30] [86/326] FDDH
[22:10:31] [87/326] MMMD
[22:10:32] [88/326] CMEH
[22:10:32] [89/326] GGGV
[22:10:33] 🔄 Identity reset
[22:10:33] 🔄 Identity rotated (every 10 requests)
[22:10:33] [90/326] SPJL
[22:10:34] [91/326] RCCD
[22:10:35] [92/326] STTZ
[22:10:36] [93/326] BTCF
[22:10:37] [94/326] TSTZ
[22:10:38] [95/326] IPMM
[22:10:39] [96/326] PMPW
[22:10:40] [97/326] PCMZ
[22:10:41] [98/326] ESEM
[22:10:42] [99/326] PIPO
[22:10:42] 🔄 Identity reset
[22:10:42] 🔄 Identity rotated (every 10 requests)
[22:10:42] [100/326] MATK
[22:10:43] [101/326] PGHM
[22:10:44] [102/326] CTSR
[22:10:45] [103/326] CYKR
[22:10:46] [104/326] MSCM
[22:10:48] [105/326] RFNP
[22:10:49] [106/326] PDCP
[22:10:50] [107/326] NPSE
[22:10:51] [108/326] MKML
[22:10:51] [109/326] FTDP
[22:10:52] 🔄 Identity reset
[22:10:52] 🔄 Identity rotated (every 10 requests)
[22:10:52] [110/326] MMXA
[22:10:53] [111/326] CEPO
[22:10:54] [112/326] CMVP
[22:10:55] [113/326] SGTH
[22:10:56] [114/326] SAYN
[22:10:57] [115/326] URVS
[22:10:58] [116/326] VJTN
[22:10:59] [117/326] BBYK
[22:11:00] [118/326] SHBO
[22:11:01] [119/326] VCMR
[22:11:01] 🔄 Identity reset
[22:11:01] 🔄 Identity rotated (every 10 requests)
[22:11:02] [120/326] MACT
[22:11:03] [121/326] JMNP
[22:11:04] [122/326] VICS
[22:11:05] [123/326] VCDA
[22:11:06] [124/326] GCMM
[22:11:07] [125/326] INVS
[22:11:08] [126/326] SCGM
[22:11:09] [127/326] PCDA
[22:11:09] [128/326] KDCT
[22:11:10] [129/326] JACS
[22:11:11] 🔄 Identity reset
[22:11:11] 🔄 Identity rotated (every 10 requests)
[22:11:11] [130/326] GMMC
[22:11:12] [131/326] AICM
[22:11:13] [132/326] TJCM
[22:11:14] [133/326] RMTI
[22:11:15] [134/326] SHAC
[22:11:16] [135/326] APJC
[22:11:17] [136/326] GCTG
[22:11:17] [137/326] SSMC
[22:11:18] [138/326] THRM
[22:11:19] [139/326] RBCT
[22:11:20] 🔄 Identity reset
[22:11:20] 🔄 Identity rotated (every 10 requests)
[22:11:20] [140/326] DIKT
[22:11:21] [141/326] MIDL
[22:11:22] [142/326] VCSN
[22:11:23] [143/326] SKTG
[22:11:24] [144/326] SMWC
[22:11:25] [145/326] MNKH
[22:11:25] [146/326] PIAT
[22:11:26] [147/326] LTTP
[22:11:27] [148/326] PTPU
[22:11:29] [149/326] ACMG
[22:11:29] 🔄 Identity reset
[22:11:29] 🔄 Identity rotated (every 10 requests)
[22:11:30] [150/326] SHMM
[22:11:31] [151/326] MCMN
[22:11:32] [152/326] GLDC
[22:11:33] [153/326] HOUT
[22:11:34] [154/326] SVRP
[22:11:34] [155/326] PVDN
[22:11:35] [156/326] SCPY
[22:11:36] [157/326] DTPY
[22:11:38] [158/326] GKCS
[22:11:39] [159/326] NCAM
[22:11:40] 🔄 Identity reset
[22:11:40] 🔄 Identity rotated (every 10 requests)
[22:11:41] [160/326] BSRM
[22:11:42] [161/326] RCLC
[22:11:43] [162/326] SKKD
[22:11:44] [163/326] ACHU
[22:11:45] [164/326] RSCF
[22:11:46] [165/326] IMSH
[22:11:47] [166/326] MACX
[22:11:48] [167/326] HMMW
[22:11:49] [168/326] JTCP
[22:11:50] [169/326] SREN
[22:11:50] 🔄 Identity reset
[22:11:50] 🔄 Identity rotated (every 10 requests)
[22:11:51] [170/326] PJRR
[22:11:52] [171/326] INAC
[22:11:54] [172/326] BMCA
[22:11:55] [173/326] SHCB
[22:11:55] [174/326] GABA
[22:11:56] [175/326] SBCT
[22:11:57] [176/326] GCMA
[22:11:58] [177/326] MYTK
[22:11:59] [178/326] INZS
[22:12:00] [179/326] RMIK
[22:12:00] 🔄 Identity reset
[22:12:00] 🔄 Identity rotated (every 10 requests)
[22:12:01] [180/326] NYCH
[22:12:02] [181/326] RAVE
[22:12:02] [182/326] PSXM
[22:12:03] [183/326] MCGP
[22:12:05] [184/326] PDDK
[22:12:06] [185/326] SPCK
[22:12:07] [186/326] MCRL
[22:12:07] [187/326] MHKT
[22:12:08] [188/326] ANRR
[22:12:09] [189/326] SAPK
[22:12:10] 🔄 Identity reset
[22:12:10] 🔄 Identity rotated (every 10 requests)
[22:12:10] [190/326] NCUK
[22:12:11] [191/326] JUGA
[22:12:12] [192/326] DBSC
[22:12:13] [193/326] LALK
[22:12:14] [194/326] GUCK
[22:12:15] [195/326] STSG
[22:12:16] [196/326] PPPZ
[22:12:18] [197/326] CNCY
[22:12:19] [198/326] MTAR
[22:12:19] [199/326] VNKD
[22:12:20] 🔄 Identity reset
[22:12:20] 🔄 Identity rotated (every 10 requests)
[22:12:20] [200/326] KMAJ
[22:12:22] [201/326] ACXK
[22:12:23] [202/326] UTKC
[22:12:24] [203/326] PBLK
[22:12:24] [204/326] ACBX
[22:12:25] [205/326] PTGM
[22:12:26] [206/326] BTDA
[22:12:27] [207/326] PJMB
[22:12:29] [208/326] TPDA
[22:12:30] [209/326] AMOE
[22:12:30] 🔄 Identity reset
[22:12:30] 🔄 Identity rotated (every 10 requests)
[22:12:31] [210/326] PRHT
[22:12:32] [211/326] PRTA
[22:12:32] [212/326] STAM
[22:12:33] [213/326] MSAA
[22:12:35] [214/326] SDLU
[22:12:36] [215/326] RCHH
[22:12:37] [216/326] KANT
[22:12:38] [217/326] FCRT
[22:12:38] [218/326] DNKM
[22:12:39] [219/326] RYCP
[22:12:40] 🔄 Identity reset
[22:12:40] 🔄 Identity rotated (every 10 requests)
[22:12:40] [220/326] MYRP
[22:12:41] [221/326] PPAK
[22:12:42] [222/326] NVPK
[22:12:43] [223/326] PRMC
[22:12:44] [224/326] JBCS
[22:12:45] [225/326] GXCK
[22:12:46] [226/326] USKO
[22:12:47] [227/326] GTEM
[22:12:47] [228/326] SMBU
[22:12:48] [229/326] VETC
[22:12:49] 🔄 Identity reset
[22:12:49] 🔄 Identity rotated (every 10 requests)
[22:12:50] [230/326] LCDA
[22:12:51] [231/326] MTVT
[22:12:52] [232/326] PYCP
[22:12:53] [233/326] PNSC
[22:12:54] [234/326] PPCC
[22:12:55] [235/326] TGRT
[22:12:56] [236/326] JYOT
[22:12:57] [237/326] SRCZ
[22:12:58] [238/326] SJTE
[22:13:00] [239/326] DESC
[22:13:00] 🔄 Identity reset
[22:13:00] 🔄 Identity rotated (every 10 requests)
[22:13:01] [240/326] JHVN
[22:13:02] [241/326] IPSG
[22:13:03] [242/326] IPCM
[22:13:03] [243/326] PDRS
[22:13:04] [244/326] ANCV
[22:13:05] [245/326] CMVV
[22:13:07] [246/326] SHYP
[22:13:08] [247/326] DNCS
[22:13:09] [248/326] GAJK
[22:13:10] [249/326] AKTN
[22:13:11] 🔄 Identity reset
[22:13:11] 🔄 Identity rotated (every 10 requests)
[22:13:11] [250/326] KAYA
[22:13:12] [251/326] SBRC
[22:13:13] [252/326] CHTP
[22:13:14] [253/326] SHRT
[22:13:15] [254/326] BCKU
[22:13:16] [255/326] FCPS
[22:13:17] [256/326] ARDD
[22:13:18] [257/326] CPCM
[22:13:19] [258/326] CGSM
[22:13:20] [259/326] PSMP
[22:13:21] 🔄 Identity reset
[22:13:21] 🔄 Identity rotated (every 10 requests)
[22:13:21] [260/326] SDAL
[22:13:22] [261/326] RTNB
[22:13:23] [262/326] LMCR
[22:13:24] [263/326] CIMA
[22:13:25] [264/326] RNAS
[22:13:26] [265/326] LITH
[22:13:27] [266/326] PBOX
[22:13:28] [267/326] FRTS
[22:13:29] [268/326] RKIC
[22:13:30] [269/326] PTAI
[22:13:30] 🔄 Identity reset
[22:13:30] 🔄 Identity rotated (every 10 requests)
[22:13:30] [270/326] GCIC
[22:13:31] [271/326] FNAS
[22:13:32] [272/326] SCAR
[22:13:33] [273/326] MTCA
[22:13:34] [274/326] SCTS
[22:13:35] [275/326] SYCS
[22:13:36] [276/326] RDMS
[22:13:37] [277/326] KAMP
[22:13:38] [278/326] ERSD
[22:13:38] [279/326] MJMJ
[22:13:39] 🔄 Identity reset
[22:13:39] 🔄 Identity rotated (every 10 requests)
[22:13:39] [280/326] SRCJ
[22:13:40] [281/326] SCXE
[22:13:41] [282/326] SVFR
[22:13:42] [283/326] BHCS
[22:13:43] [284/326] IMCC
[22:13:44] [285/326] PCBO
[22:13:45] [286/326] PRVN
[22:13:46] [287/326] AUPM
[22:13:47] [288/326] INBW
[22:13:47] [289/326] SVCW
[22:13:48] 🔄 Identity reset
[22:13:48] 🔄 Identity rotated (every 10 requests)
[22:13:49] [290/326] RKCF
[22:13:49] [291/326] UVBH
[22:13:51] [292/326] DNCY
[22:13:52] [293/326] ABCN
[22:13:54] [294/326] PRUR
[22:13:55] [295/326] PFMR
[22:13:56] [296/326] RKCN
[22:13:56] [297/326] CFEA
[22:13:57] [298/326] SDBG
[22:13:58] [299/326] SNAR
[22:13:59] 🔄 Identity reset
[22:13:59] 🔄 Identity rotated (every 10 requests)
[22:14:00] [300/326] YISI
[22:14:01] [301/326] JCFF
[22:14:01] [302/326] VTRK
[22:14:02] [303/326] PCLZ
[22:14:03] [304/326] DIMY
[22:14:04] [305/326] BBTS
[22:14:05] [306/326] GATH
[22:14:06] [307/326] GTMN
[22:14:07] [308/326] VTMH
[22:14:08] [309/326] CCKP
[22:14:08] 🔄 Identity reset
[22:14:08] 🔄 Identity rotated (every 10 requests)
[22:14:09] [310/326] GPKA
[22:14:10] [311/326] MHCL
[22:14:11] [312/326] ATCL
[22:14:11] [313/326] SBCK
[22:14:12] [314/326] AMMR
[22:14:13] [315/326] MADC
[22:14:14] [316/326] TMMA
[22:14:15] [317/326] CACC
[22:14:16] [318/326] CHAL
[22:14:17] [319/326] DURG
[22:14:17] 🔄 Identity reset
[22:14:17] 🔄 Identity rotated (every 10 requests)
[22:14:17] 🔄 Retry 1/5 for DURG in 2.9s
[22:14:17] 🔄 Identity reset
[22:14:20] 🧠 New identity created
[22:14:20] [320/326] GMKU
[22:14:21] [321/326] GECA
[22:14:22] [322/326] KYRR
[22:14:23] [323/326] KSDE
[22:14:25] [324/326] LMCI
[22:14:26] [325/326] NKCP
[22:14:27] [326/326] BGTC
[22:14:28] 🧹 Deduping shows
[22:14:28] ✅ DONE | Shows=633 | Movies=49
[16:30:21] 🚀 SCRIPT STARTED (enhanced anti‑detection)
[16:30:21] [1/326] BSAT
[16:30:21] 🧠 New identity created
[16:30:22] [2/326] RSSM
[16:30:22] [3/326] GCTA
[16:30:23] [4/326] TOPN
[16:30:24] [5/326] MCUS
[16:30:25] [6/326] SHRL
[16:30:26] [7/326] UPTP
[16:30:27] [8/326] TMMP
[16:30:28] [9/326] DNRP
[16:30:29] [10/326] SRLT
[16:30:30] 🔄 Identity reset
[16:30:30] 🔄 Identity rotated (every 10 requests)
[16:30:30] [11/326] RCNS
[16:30:31] [12/326] DCBH
[16:30:32] [13/326] NAGJ
[16:30:33] [14/326] JVRC
[16:30:34] [15/326] KRJG
[16:30:35] [16/326] SRTJ
[16:30:36] [17/326] CMXM
[16:30:37] [18/326] STMI
[16:30:39] [19/326] SLST
[16:30:40] [20/326] DTCN
[16:30:41] 🔄 Identity reset
[16:30:41] 🔄 Identity rotated (every 10 requests)
[16:30:41] [21/326] STYN
[16:30:43] [22/326] SZVR
[16:30:44] [23/326] SRKO
[16:30:45] [24/326] JTGT
[16:30:46] [25/326] SVFD
[16:30:47] [26/326] SISD
[16:30:48] [27/326] ABDD
[16:30:49] [28/326] DRCA
[16:30:50] [29/326] AVCS
[16:30:51] [30/326] MVKH
[16:30:51] 🔄 Identity reset
[16:30:51] 🔄 Identity rotated (every 10 requests)
[16:30:53] [31/326] ACPR
[16:30:54] [32/326] STIP
[16:30:55] [33/326] MTRA
[16:30:56] [34/326] RMKH
[16:30:57] [35/326] NKRL
[16:30:58] [36/326] PCWN
[16:30:59] [37/326] BLMT
[16:31:00] [38/326] GDPG
[16:31:02] [39/326] SRMX
[16:31:02] [40/326] JACP
[16:31:03] 🔄 Identity reset
[16:31:03] 🔄 Identity rotated (every 10 requests)
[16:31:04] [41/326] CPSH
[16:31:05] [42/326] MCCD
[16:31:05] [43/326] ECGH
[16:31:06] [44/326] MKCK
[16:31:07] [45/326] SRMM
[16:31:08] [46/326] SKYR
[16:31:10] [47/326] PCKC
[16:31:11] [48/326] JCMA
[16:31:11] [49/326] BSMP
[16:31:12] [50/326] VSPA
[16:31:13] 🔄 Identity reset
[16:31:13] 🔄 Identity rotated (every 10 requests)
[16:31:13] [51/326] DJYA
[16:31:14] [52/326] DIMP
[16:31:15] [53/326] FXDR
[16:31:16] [54/326] SSRC
[16:31:17] [55/326] STHP
[16:31:18] [56/326] CPPD
[16:31:19] [57/326] FCLK
[16:31:21] [58/326] SCPP
[16:31:22] [59/326] DCMJ
[16:31:23] [60/326] RCCR
[16:31:24] 🔄 Identity reset
[16:31:24] 🔄 Identity rotated (every 10 requests)
[16:31:24] 🔄 Retry 1/5 for RCCR in 2.6s
[16:31:24] 🔄 Identity reset
[16:31:26] 🧠 New identity created
[16:31:27] [61/326] INMT
[16:31:28] [62/326] LXTK
[16:31:29] [63/326] SRYK
[16:31:30] [64/326] SGDK
[16:31:31] [65/326] PPKA
[16:31:32] [66/326] SPKA
[16:31:34] [67/326] CGHH
[16:31:35] [68/326] DCJN
[16:31:36] [69/326] SRKV
[16:31:36] 🔄 Identity reset
[16:31:36] 🔄 Identity rotated (every 10 requests)
[16:31:37] [70/326] SAJC
[16:31:38] [71/326] SUSR
[16:31:39] [72/326] STYG
[16:31:39] [73/326] NTKP
[16:31:40] [74/326] AKTG
[16:31:41] [75/326] CGCM
[16:31:42] [76/326] TULC
[16:31:43] [77/326] NYYZ
[16:31:44] [78/326] NYBW
[16:31:45] [79/326] MACB
[16:31:45] 🔄 Identity reset
[16:31:45] 🔄 Identity rotated (every 10 requests)
[16:31:45] 🔄 Retry 1/5 for MACB in 2.2s
[16:31:45] 🔄 Identity reset
[16:31:48] 🧠 New identity created
[16:31:48] [80/326] SLVT
[16:31:49] [81/326] SANA
[16:31:49] [82/326] ACMR
[16:31:50] [83/326] CPKN
[16:31:51] [84/326] DLGK
[16:31:52] [85/326] CWCK
[16:31:53] [86/326] FDDH
[16:31:54] [87/326] MMMD
[16:31:55] [88/326] CMEH
[16:31:56] 🔄 Identity reset
[16:31:56] 🔄 Identity rotated (every 10 requests)
[16:31:56] [89/326] GGGV
[16:31:57] [90/326] SPJL
[16:31:58] [91/326] RCCD
[16:31:59] [92/326] STTZ
[16:32:00] [93/326] BTCF
[16:32:01] [94/326] TSTZ
[16:32:02] [95/326] IPMM
[16:32:03] [96/326] PMPW
[16:32:03] [97/326] PCMZ
[16:32:05] [98/326] ESEM
[16:32:06] 🔄 Identity reset
[16:32:06] 🔄 Identity rotated (every 10 requests)
[16:32:06] 🔄 Retry 1/5 for ESEM in 2.6s
[16:32:06] 🔄 Identity reset
[16:32:08] 🧠 New identity created
[16:32:09] [99/326] PIPO
[16:32:09] [100/326] MATK
[16:32:10] [101/326] PGHM
[16:32:11] [102/326] CTSR
[16:32:12] [103/326] CYKR
[16:32:13] [104/326] MSCM
[16:32:14] [105/326] RFNP
[16:32:15] [106/326] PDCP
[16:32:16] [107/326] NPSE
[16:32:16] 🔄 Identity reset
[16:32:16] 🔄 Identity rotated (every 10 requests)
[16:32:17] [108/326] MKML
[16:32:18] [109/326] FTDP
[16:32:19] [110/326] MMXA
[16:32:19] [111/326] CEPO
[16:32:20] [112/326] CMVP
[16:32:21] [113/326] SGTH
[16:32:22] [114/326] SAYN
[16:32:23] [115/326] URVS
[16:32:24] [116/326] VJTN
[16:32:25] [117/326] BBYK
[16:32:25] 🔄 Identity reset
[16:32:25] 🔄 Identity rotated (every 10 requests)
[16:32:26] [118/326] SHBO
[16:32:27] [119/326] VCMR
[16:32:27] [120/326] MACT
[16:32:28] [121/326] JMNP
[16:32:29] [122/326] VICS
[16:32:30] [123/326] VCDA
[16:32:31] [124/326] GCMM
[16:32:32] [125/326] INVS
[16:32:33] [126/326] SCGM
[16:32:34] [127/326] PCDA
[16:32:34] 🔄 Identity reset
[16:32:34] 🔄 Identity rotated (every 10 requests)
[16:32:35] [128/326] KDCT
[16:32:36] [129/326] JACS
[16:32:36] [130/326] GMMC
[16:32:38] [131/326] AICM
[16:32:39] [132/326] TJCM
[16:32:40] [133/326] RMTI
[16:32:41] [134/326] SHAC
[16:32:43] [135/326] APJC
[16:32:44] [136/326] GCTG
[16:32:44] [137/326] SSMC
[16:32:45] 🔄 Identity reset
[16:32:45] 🔄 Identity rotated (every 10 requests)
[16:32:45] [138/326] THRM
[16:32:46] [139/326] RBCT
[16:32:47] [140/326] DIKT
[16:32:48] [141/326] MIDL
[16:32:49] [142/326] VCSN
[16:32:50] [143/326] SKTG
[16:32:51] [144/326] SMWC
[16:32:52] [145/326] MNKH
[16:32:53] [146/326] PIAT
[16:32:54] [147/326] LTTP
[16:32:55] 🔄 Identity reset
[16:32:55] 🔄 Identity rotated (every 10 requests)
[16:32:55] [148/326] PTPU
[16:32:56] [149/326] ACMG
[16:32:57] [150/326] SHMM
[16:32:58] [151/326] MCMN
[16:32:59] [152/326] GLDC
[16:33:00] [153/326] HOUT
[16:33:00] [154/326] SVRP
[16:33:01] [155/326] PVDN
[16:33:02] [156/326] SCPY
[16:33:04] [157/326] DTPY
[16:33:04] 🔄 Identity reset
[16:33:04] 🔄 Identity rotated (every 10 requests)
[16:33:05] [158/326] GKCS
[16:33:06] [159/326] NCAM
[16:33:08] [160/326] BSRM
[16:33:09] [161/326] RCLC
[16:33:10] [162/326] SKKD
[16:33:11] [163/326] ACHU
[16:33:12] [164/326] RSCF
[16:33:13] [165/326] IMSH
[16:33:13] [166/326] MACX
[16:33:14] [167/326] HMMW
[16:33:15] 🔄 Identity reset
[16:33:15] 🔄 Identity rotated (every 10 requests)
[16:33:15] [168/326] JTCP
[16:33:16] [169/326] SREN
[16:33:17] [170/326] PJRR
[16:33:19] [171/326] INAC
[16:33:20] [172/326] BMCA
[16:33:21] [173/326] SHCB
[16:33:22] [174/326] GABA
[16:33:22] [175/326] SBCT
[16:33:23] [176/326] GCMA
[16:33:24] [177/326] MYTK
[16:33:25] 🔄 Identity reset
[16:33:25] 🔄 Identity rotated (every 10 requests)
[16:33:25] [178/326] INZS
[16:33:26] [179/326] RMIK
[16:33:27] [180/326] NYCH
[16:33:28] [181/326] RAVE
[16:33:29] [182/326] PSXM
[16:33:30] [183/326] MCGP
[16:33:31] [184/326] PDDK
[16:33:32] [185/326] SPCK
[16:33:33] [186/326] MCRL
[16:33:34] [187/326] MHKT
[16:33:34] 🔄 Identity reset
[16:33:34] 🔄 Identity rotated (every 10 requests)
[16:33:35] [188/326] ANRR
[16:33:36] [189/326] SAPK
[16:33:37] [190/326] NCUK
[16:33:38] [191/326] JUGA
[16:33:40] [192/326] DBSC
[16:33:41] [193/326] LALK
[16:33:42] [194/326] GUCK
[16:33:43] [195/326] STSG
[16:33:44] [196/326] PPPZ
[16:33:45] [197/326] CNCY
[16:33:45] 🔄 Identity reset
[16:33:45] 🔄 Identity rotated (every 10 requests)
[16:33:46] [198/326] MTAR
[16:33:47] [199/326] VNKD
[16:33:49] [200/326] KMAJ
[16:33:51] [201/326] ACXK
[16:33:52] [202/326] UTKC
[16:33:53] [203/326] PBLK
[16:33:54] [204/326] ACBX
[16:33:55] [205/326] PTGM
[16:33:56] [206/326] BTDA
[16:33:56] [207/326] PJMB
[16:33:57] 🔄 Identity reset
[16:33:57] 🔄 Identity rotated (every 10 requests)
[16:33:57] [208/326] TPDA
[16:33:58] [209/326] AMOE
[16:33:59] [210/326] PRHT
[16:34:00] [211/326] PRTA
[16:34:02] [212/326] STAM
[16:34:03] [213/326] MSAA
[16:34:04] [214/326] SDLU
[16:34:05] [215/326] RCHH
[16:34:06] [216/326] KANT
[16:34:07] [217/326] FCRT
[16:34:07] 🔄 Identity reset
[16:34:07] 🔄 Identity rotated (every 10 requests)
[16:34:08] [218/326] DNKM
[16:34:09] [219/326] RYCP
[16:34:10] [220/326] MYRP
[16:34:11] [221/326] PPAK
[16:34:12] [222/326] NVPK
[16:34:12] [223/326] PRMC
[16:34:13] [224/326] JBCS
[16:34:14] [225/326] GXCK
[16:34:15] [226/326] USKO
[16:34:16] [227/326] GTEM
[16:34:17] 🔄 Identity reset
[16:34:17] 🔄 Identity rotated (every 10 requests)
[16:34:17] [228/326] SMBU
[16:34:18] [229/326] VETC
[16:34:19] [230/326] LCDA
[16:34:20] [231/326] MTVT
[16:34:21] [232/326] PYCP
[16:34:22] [233/326] PNSC
[16:34:23] [234/326] PPCC
[16:34:24] [235/326] TGRT
[16:34:25] [236/326] JYOT
[16:34:26] [237/326] SRCZ
[16:34:26] 🔄 Identity reset
[16:34:26] 🔄 Identity rotated (every 10 requests)
[16:34:27] [238/326] SJTE
[16:34:27] [239/326] DESC
[16:34:28] [240/326] JHVN
[16:34:29] [241/326] IPSG
[16:34:30] [242/326] IPCM
[16:34:31] [243/326] PDRS
[16:34:32] [244/326] ANCV
[16:34:33] [245/326] CMVV
[16:34:34] [246/326] SHYP
[16:34:35] [247/326] DNCS
[16:34:35] 🔄 Identity reset
[16:34:35] 🔄 Identity rotated (every 10 requests)
[16:34:35] 🔄 Retry 1/5 for DNCS in 2.3s
[16:34:35] 🔄 Identity reset
[16:34:38] 🧠 New identity created
[16:34:38] 🔄 Retry 2/5 for DNCS in 5.0s
[16:34:38] 🔄 Identity reset
[16:34:43] 🧠 New identity created
[16:34:43] [248/326] GAJK
[16:34:44] [249/326] AKTN
[16:34:45] [250/326] KAYA
[16:34:45] [251/326] SBRC
[16:34:46] [252/326] CHTP
[16:34:48] [253/326] SHRT
[16:34:49] [254/326] BCKU
[16:34:50] [255/326] FCPS
[16:34:50] 🔄 Identity reset
[16:34:50] 🔄 Identity rotated (every 10 requests)
[16:34:51] [256/326] ARDD
[16:34:51] [257/326] CPCM
[16:34:52] [258/326] CGSM
[16:34:53] [259/326] PSMP
[16:34:55] [260/326] SDAL
[16:34:56] [261/326] RTNB
[16:34:57] [262/326] LMCR
[16:34:58] [263/326] CIMA
[16:34:59] [264/326] RNAS
[16:35:00] [265/326] LITH
[16:35:01] 🔄 Identity reset
[16:35:01] 🔄 Identity rotated (every 10 requests)
[16:35:01] 🔄 Retry 1/5 for LITH in 2.6s
[16:35:01] 🔄 Identity reset
[16:35:04] 🧠 New identity created
[16:35:04] [266/326] PBOX
[16:35:05] [267/326] FRTS
[16:35:07] [268/326] RKIC
[16:35:09] [269/326] PTAI
[16:35:10] [270/326] GCIC
[16:35:11] [271/326] FNAS
[16:35:12] [272/326] SCAR
[16:35:13] [273/326] MTCA
[16:35:14] [274/326] SCTS
[16:35:14] 🔄 Identity reset
[16:35:14] 🔄 Identity rotated (every 10 requests)
[16:35:15] [275/326] SYCS
[16:35:15] [276/326] RDMS
[16:35:16] [277/326] KAMP
[16:35:17] [278/326] ERSD
[16:35:18] [279/326] MJMJ
[16:35:19] [280/326] SRCJ
[16:35:20] [281/326] SCXE
[16:35:21] [282/326] SVFR
[16:35:22] [283/326] BHCS
[16:35:23] [284/326] IMCC
[16:35:24] 🔄 Identity reset
[16:35:24] 🔄 Identity rotated (every 10 requests)
[16:35:25] [285/326] PCBO
[16:35:26] [286/326] PRVN
[16:35:26] [287/326] AUPM
[16:35:27] [288/326] INBW
[16:35:28] [289/326] SVCW
[16:35:29] [290/326] RKCF
[16:35:30] [291/326] UVBH
[16:35:31] [292/326] DNCY
[16:35:32] [293/326] ABCN
[16:35:33] [294/326] PRUR
[16:35:33] 🔄 Identity reset
[16:35:33] 🔄 Identity rotated (every 10 requests)
[16:35:34] [295/326] PFMR
[16:35:35] [296/326] RKCN
[16:35:36] [297/326] CFEA
[16:35:36] [298/326] SDBG
[16:35:37] [299/326] SNAR
[16:35:38] [300/326] YISI
[16:35:39] [301/326] JCFF
[16:35:40] [302/326] VTRK
[16:35:41] [303/326] PCLZ
[16:35:43] [304/326] DIMY
[16:35:44] 🔄 Identity reset
[16:35:44] 🔄 Identity rotated (every 10 requests)
[16:35:44] [305/326] BBTS
[16:35:45] [306/326] GATH
[16:35:46] [307/326] GTMN
[16:35:47] [308/326] VTMH
[16:35:48] [309/326] CCKP
[16:35:48] [310/326] GPKA
[16:35:49] [311/326] MHCL
[16:35:50] [312/326] ATCL
[16:35:51] [313/326] SBCK
[16:35:52] [314/326] AMMR
[16:35:52] 🔄 Identity reset
[16:35:52] 🔄 Identity rotated (every 10 requests)
[16:35:54] [315/326] MADC
[16:35:55] [316/326] TMMA
[16:35:56] [317/326] CACC
[16:35:56] [318/326] CHAL
[16:35:57] [319/326] DURG
[16:35:58] [320/326] GMKU
[16:35:59] [321/326] GECA
[16:36:00] [322/326] KYRR
[16:36:01] [323/326] KSDE
[16:36:02] [324/326] LMCI
[16:36:02] 🔄 Identity reset
[16:36:02] 🔄 Identity rotated (every 10 requests)
[16:36:03] [325/326] NKCP
[16:36:04] [326/326] BGTC
[16:36:05] 🧹 Deduping shows
[16:36:05] ✅ DONE | Shows=2153 | Movies=97
[10:23:46] 🚀 SCRIPT STARTED
[10:23:46] [1/326] BSAT
[10:23:46] 🧠 New identity created
[10:23:47] [2/326] RSSM
[10:23:47] [3/326] GCTA
[10:23:48] [4/326] TOPN
[10:23:50] [5/326] MCUS
[10:23:51] [6/326] SHRL
[10:23:52] [7/326] UPTP
[10:23:53] [8/326] TMMP
[10:23:54] [9/326] DNRP
[10:23:55] [10/326] SRLT
[10:23:55] 🔄 Identity reset
[10:23:55] 🔄 Identity rotated (every 10 requests)
[10:23:56] [11/326] RCNS
[10:23:57] [12/326] DCBH
[10:23:58] [13/326] NAGJ
[10:23:59] [14/326] JVRC
[10:23:59] [15/326] KRJG
[10:24:00] [16/326] SRTJ
[10:24:01] [17/326] CMXM
[10:24:02] [18/326] STMI
[10:24:03] [19/326] SLST
[10:24:04] [20/326] DTCN
[10:24:04] 🔄 Identity reset
[10:24:04] 🔄 Identity rotated (every 10 requests)
[10:24:05] [21/326] STYN
[10:24:05] [22/326] SZVR
[10:24:06] [23/326] SRKO
[10:24:07] [24/326] JTGT
[10:24:08] [25/326] SVFD
[10:24:09] [26/326] SISD
[10:24:10] [27/326] ABDD
[10:24:11] [28/326] DRCA
[10:24:11] [29/326] AVCS
[10:24:12] [30/326] MVKH
[10:24:12] 🔄 Identity reset
[10:24:12] 🔄 Identity rotated (every 10 requests)
[10:24:14] [31/326] ACPR
[10:24:15] [32/326] STIP
[10:24:16] [33/326] MTRA
[10:24:17] [34/326] RMKH
[10:24:18] [35/326] NKRL
[10:24:19] [36/326] PCWN
[10:24:20] [37/326] BLMT
[10:24:21] [38/326] GDPG
[10:24:23] [39/326] SRMX
[10:24:24] [40/326] JACP
[10:24:24] 🔄 Identity reset
[10:24:24] 🔄 Identity rotated (every 10 requests)
[10:24:26] [41/326] CPSH
[10:24:27] [42/326] MCCD
[10:24:27] [43/326] ECGH
[10:24:28] [44/326] MKCK
[10:24:30] [45/326] SRMM
[10:24:31] [46/326] SKYR
[10:24:32] [47/326] PCKC
[10:24:32] [48/326] JCMA
[10:24:33] [49/326] BSMP
[10:24:34] [50/326] VSPA
[10:24:34] 🔄 Identity reset
[10:24:34] 🔄 Identity rotated (every 10 requests)
[10:24:35] [51/326] DJYA
[10:24:36] [52/326] DIMP
[10:24:37] [53/326] FXDR
[10:24:38] [54/326] SSRC
[10:24:38] [55/326] STHP
[10:24:39] [56/326] CPPD
[10:24:40] [57/326] FCLK
[10:24:41] [58/326] SCPP
[10:24:43] [59/326] DCMJ
[10:24:43] [60/326] RCCR
[10:24:43] 🔄 Identity reset
[10:24:44] 🔄 Identity rotated (every 10 requests)
[10:24:44] [61/326] INMT
[10:24:45] [62/326] LXTK
[10:24:46] [63/326] SRYK
[10:24:47] [64/326] SGDK
[10:24:48] [65/326] PPKA
[10:24:49] [66/326] SPKA
[10:24:50] [67/326] CGHH
[10:24:51] [68/326] DCJN
[10:24:52] [69/326] SRKV
[10:24:53] [70/326] SAJC
[10:24:53] 🔄 Identity reset
[10:24:53] 🔄 Identity rotated (every 10 requests)
[10:24:54] [71/326] SUSR
[10:24:54] [72/326] STYG
[10:24:55] [73/326] NTKP
[10:24:57] [74/326] AKTG
[10:24:58] [75/326] CGCM
[10:24:59] [76/326] TULC
[10:25:00] [77/326] NYYZ
[10:25:01] [78/326] NYBW
[10:25:02] [79/326] MACB
[10:25:03] [80/326] SLVT
[10:25:03] 🔄 Identity reset
[10:25:03] 🔄 Identity rotated (every 10 requests)
[10:25:04] [81/326] SANA
[10:25:04] [82/326] ACMR
[10:25:05] [83/326] CPKN
[10:25:06] [84/326] DLGK
[10:25:08] [85/326] CWCK
[10:25:09] [86/326] FDDH
[10:25:10] [87/326] MMMD
[10:25:10] [88/326] CMEH
[10:25:12] [89/326] GGGV
[10:25:13] [90/326] SPJL
[10:25:13] 🔄 Identity reset
[10:25:13] 🔄 Identity rotated (every 10 requests)
[10:25:14] [91/326] RCCD
[10:25:15] [92/326] STTZ
[10:25:15] [93/326] BTCF
[10:25:16] [94/326] TSTZ
[10:25:17] [95/326] IPMM
[10:25:18] [96/326] PMPW
[10:25:19] [97/326] PCMZ
[10:25:20] [98/326] ESEM
[10:25:21] [99/326] PIPO
[10:25:23] [100/326] MATK
[10:25:23] 🔄 Identity reset
[10:25:23] 🔄 Identity rotated (every 10 requests)
[10:25:24] [101/326] PGHM
[10:25:25] [102/326] CTSR
[10:25:26] [103/326] CYKR
[10:25:26] [104/326] MSCM
[10:25:27] [105/326] RFNP
[10:25:28] [106/326] PDCP
[10:25:29] [107/326] NPSE
[10:25:30] [108/326] MKML
[10:25:31] [109/326] FTDP
[10:25:32] [110/326] MMXA
[10:25:32] 🔄 Identity reset
[10:25:32] 🔄 Identity rotated (every 10 requests)
[10:25:33] [111/326] CEPO
[10:25:35] [112/326] CMVP
[10:25:36] [113/326] SGTH
[10:25:37] [114/326] SAYN
[10:25:38] [115/326] URVS
[10:25:39] [116/326] VJTN
[10:25:40] [117/326] BBYK
[10:25:41] [118/326] SHBO
[10:25:42] [119/326] VCMR
[10:25:43] [120/326] MACT
[10:25:43] 🔄 Identity reset
[10:25:43] 🔄 Identity rotated (every 10 requests)
[10:25:44] [121/326] JMNP
[10:25:45] [122/326] VICS
[10:25:46] [123/326] VCDA
[10:25:47] [124/326] GCMM
[10:25:48] [125/326] INVS
[10:25:49] [126/326] SCGM
[10:25:50] [127/326] PCDA
[10:25:51] [128/326] KDCT
[10:25:52] [129/326] JACS
[10:25:53] [130/326] GMMC
[10:25:53] 🔄 Identity reset
[10:25:53] 🔄 Identity rotated (every 10 requests)
[10:25:54] [131/326] AICM
[10:25:55] [132/326] TJCM
[10:25:56] [133/326] RMTI
[10:25:56] [134/326] SHAC
[10:25:58] [135/326] APJC
[10:25:58] [136/326] GCTG
[10:25:59] [137/326] SSMC
[10:26:00] [138/326] THRM
[10:26:01] [139/326] RBCT
[10:26:02] [140/326] DIKT
[10:26:02] 🔄 Identity reset
[10:26:02] 🔄 Identity rotated (every 10 requests)
[10:26:03] [141/326] MIDL
[10:26:03] [142/326] VCSN
[10:26:04] [143/326] SKTG
[10:26:05] [144/326] SMWC
[10:26:06] [145/326] MNKH
[10:26:07] [146/326] PIAT
[10:26:08] [147/326] LTTP
[10:26:09] [148/326] PTPU
[10:26:10] [149/326] ACMG
[10:26:11] [150/326] SHMM
[10:26:11] 🔄 Identity reset
[10:26:11] 🔄 Identity rotated (every 10 requests)
[10:26:12] [151/326] MCMN
[10:26:12] [152/326] GLDC
[10:26:13] [153/326] HOUT
[10:26:14] [154/326] SVRP
[10:26:15] [155/326] PVDN
[10:26:16] [156/326] SCPY
[10:26:17] [157/326] DTPY
[10:26:19] [158/326] GKCS
[10:26:20] [159/326] NCAM
[10:26:21] [160/326] BSRM
[10:26:21] 🔄 Identity reset
[10:26:21] 🔄 Identity rotated (every 10 requests)
[10:26:22] [161/326] RCLC
[10:26:23] [162/326] SKKD
[10:26:24] [163/326] ACHU
[10:26:25] [164/326] RSCF
[10:26:26] [165/326] IMSH
[10:26:27] [166/326] MACX
[10:26:28] [167/326] HMMW
[10:26:28] [168/326] JTCP
[10:26:29] [169/326] SREN
[10:26:30] [170/326] PJRR
[10:26:30] 🔄 Identity reset
[10:26:30] 🔄 Identity rotated (every 10 requests)
[10:26:31] [171/326] INAC
[10:26:31] [172/326] BMCA
[10:26:32] [173/326] SHCB
[10:26:33] [174/326] GABA
[10:26:34] [175/326] SBCT
[10:26:36] [176/326] GCMA
[10:26:37] [177/326] MYTK
[10:26:38] [178/326] INZS
[10:26:39] [179/326] RMIK
[10:26:40] [180/326] NYCH
[10:26:40] 🔄 Identity reset
[10:26:40] 🔄 Identity rotated (every 10 requests)
[10:26:41] [181/326] RAVE
[10:26:41] [182/326] PSXM
[10:26:42] [183/326] MCGP
[10:26:43] [184/326] PDDK
[10:26:44] [185/326] SPCK
[10:26:46] [186/326] MCRL
[10:26:47] [187/326] MHKT
[10:26:47] [188/326] ANRR
[10:26:48] [189/326] SAPK
[10:26:49] [190/326] NCUK
[10:26:49] 🔄 Identity reset
[10:26:49] 🔄 Identity rotated (every 10 requests)
[10:26:50] [191/326] JUGA
[10:26:51] [192/326] DBSC
[10:26:52] [193/326] LALK
[10:26:53] [194/326] GUCK
[10:26:53] [195/326] STSG
[10:26:54] [196/326] PPPZ
[10:26:55] [197/326] CNCY
[10:26:56] [198/326] MTAR
[10:26:57] [199/326] VNKD
[10:26:58] [200/326] KMAJ
[10:26:58] 🔄 Identity reset
[10:26:58] 🔄 Identity rotated (every 10 requests)
[10:26:59] [201/326] ACXK
[10:27:00] [202/326] UTKC
[10:27:01] [203/326] PBLK
[10:27:02] [204/326] ACBX
[10:27:03] [205/326] PTGM
[10:27:05] [206/326] BTDA
[10:27:06] [207/326] PJMB
[10:27:07] [208/326] TPDA
[10:27:08] [209/326] AMOE
[10:27:09] [210/326] PRHT
[10:27:09] 🔄 Identity reset
[10:27:09] 🔄 Identity rotated (every 10 requests)
[10:27:10] [211/326] PRTA
[10:27:11] [212/326] STAM
[10:27:12] [213/326] MSAA
[10:27:13] [214/326] SDLU
[10:27:14] [215/326] RCHH
[10:27:15] [216/326] KANT
[10:27:16] [217/326] FCRT
[10:27:17] [218/326] DNKM
[10:27:19] [219/326] RYCP
[10:27:19] [220/326] MYRP
[10:27:19] 🔄 Identity reset
[10:27:19] 🔄 Identity rotated (every 10 requests)
[10:27:20] [221/326] PPAK
[10:27:21] [222/326] NVPK
[10:27:22] [223/326] PRMC
[10:27:23] [224/326] JBCS
[10:27:24] [225/326] GXCK
[10:27:25] [226/326] USKO
[10:27:26] [227/326] GTEM
[10:27:27] [228/326] SMBU
[10:27:28] [229/326] VETC
[10:27:29] [230/326] LCDA
[10:27:29] 🔄 Identity reset
[10:27:29] 🔄 Identity rotated (every 10 requests)
[10:27:30] [231/326] MTVT
[10:27:31] [232/326] PYCP
[10:27:32] [233/326] PNSC
[10:27:33] [234/326] PPCC
[10:27:34] [235/326] TGRT
[10:27:35] [236/326] JYOT
[10:27:36] [237/326] SRCZ
[10:27:37] [238/326] SJTE
[10:27:38] [239/326] DESC
[10:27:39] [240/326] JHVN
[10:27:39] 🔄 Identity reset
[10:27:39] 🔄 Identity rotated (every 10 requests)
[10:27:40] [241/326] IPSG
[10:27:41] [242/326] IPCM
[10:27:42] [243/326] PDRS
[10:27:43] [244/326] ANCV
[10:27:43] [245/326] CMVV
[10:27:44] [246/326] SHYP
[10:27:45] [247/326] DNCS
[10:27:46] [248/326] GAJK
[10:27:47] [249/326] AKTN
[10:27:48] [250/326] KAYA
[10:27:48] 🔄 Identity reset
[10:27:48] 🔄 Identity rotated (every 10 requests)
[10:27:49] [251/326] SBRC
[10:27:50] [252/326] CHTP
[10:27:51] [253/326] SHRT
[10:27:52] [254/326] BCKU
[10:27:53] [255/326] FCPS
[10:27:54] [256/326] ARDD
[10:27:55] [257/326] CPCM
[10:27:56] [258/326] CGSM
[10:27:57] [259/326] PSMP
[10:27:58] [260/326] SDAL
[10:27:58] 🔄 Identity reset
[10:27:58] 🔄 Identity rotated (every 10 requests)
[10:27:59] [261/326] RTNB
[10:28:00] [262/326] LMCR
[10:28:01] [263/326] CIMA
[10:28:02] [264/326] RNAS
[10:28:03] [265/326] LITH
[10:28:03] [266/326] PBOX
[10:28:04] [267/326] FRTS
[10:28:05] [268/326] RKIC
[10:28:07] [269/326] PTAI
[10:28:08] [270/326] GCIC
[10:28:08] 🔄 Identity reset
[10:28:08] 🔄 Identity rotated (every 10 requests)
[10:28:08] [271/326] FNAS
[10:28:09] [272/326] SCAR
[10:28:10] [273/326] MTCA
[10:28:11] [274/326] SCTS
[10:28:13] [275/326] SYCS
[10:28:14] [276/326] RDMS
[10:28:14] [277/326] KAMP
[10:28:15] [278/326] ERSD
[10:28:16] [279/326] MJMJ
[10:28:17] [280/326] SRCJ
[10:28:17] 🔄 Identity reset
[10:28:18] 🔄 Identity rotated (every 10 requests)
[10:28:18] [281/326] SCXE
[10:28:19] [282/326] SVFR
[10:28:21] [283/326] BHCS
[10:28:21] [284/326] IMCC
[10:28:22] [285/326] PCBO
[10:28:23] [286/326] PRVN
[10:28:24] [287/326] AUPM
[10:28:25] [288/326] INBW
[10:28:26] [289/326] SVCW
[10:28:27] [290/326] RKCF
[10:28:27] 🔄 Identity reset
[10:28:27] 🔄 Identity rotated (every 10 requests)
[10:28:27] [291/326] UVBH
[10:28:28] [292/326] DNCY
[10:28:29] [293/326] ABCN
[10:28:30] [294/326] PRUR
[10:28:31] [295/326] PFMR
[10:28:32] [296/326] RKCN
[10:28:33] [297/326] CFEA
[10:28:34] [298/326] SDBG
[10:28:35] [299/326] SNAR
[10:28:36] [300/326] YISI
[10:28:36] 🔄 Identity reset
[10:28:36] 🔄 Identity rotated (every 10 requests)
[10:28:37] [301/326] JCFF
[10:28:38] [302/326] VTRK
[10:28:39] [303/326] PCLZ
[10:28:40] [304/326] DIMY
[10:28:41] [305/326] BBTS
[10:28:42] [306/326] GATH
[10:28:43] [307/326] GTMN
[10:28:44] [308/326] VTMH
[10:28:45] [309/326] CCKP
[10:28:46] [310/326] GPKA
[10:28:46] 🔄 Identity reset
[10:28:46] 🔄 Identity rotated (every 10 requests)
[10:28:47] [311/326] MHCL
[10:28:48] [312/326] ATCL
[10:28:49] [313/326] SBCK
[10:28:50] [314/326] AMMR
[10:28:51] [315/326] MADC
[10:28:52] [316/326] TMMA
[10:28:52] [317/326] CACC
[10:28:53] [318/326] CHAL
[10:28:54] [319/326] DURG
[10:28:55] [320/326] GMKU
[10:28:55] 🔄 Identity reset
[10:28:55] 🔄 Identity rotated (every 10 requests)
[10:28:56] [321/326] GECA
[10:28:57] [322/326] KYRR
[10:28:58] [323/326] KSDE
[10:28:59] [324/326] LMCI
[10:29:00] [325/326] NKCP
[10:29:01] [326/326] BGTC
[10:29:02] 🧹 Deduping shows
[10:29:02] ✅ DONE | Shows=2425 | Movies=100
