[10:04:14] 🚀 SCRIPT STARTED (enhanced anti‑detection)
[10:04:14] [1/459] NECA
[10:04:15] 🧠 New identity created
[10:04:15] [2/459] BJLC
[10:04:16] [3/459] BASU
[10:04:17] [4/459] RUPI
[10:04:18] [5/459] LCBK
[10:04:19] [6/459] PMAC
[10:04:20] [7/459] AMLC
[10:04:21] [8/459] LICL
[10:04:22] [9/459] UDMM
[10:04:23] [10/459] STBZ
[10:04:23] 🔄 Identity reset
[10:04:23] 🔄 Identity rotated (every 10 requests)
[10:04:24] [11/459] UUBT
[10:04:25] [12/459] SJKC
[10:04:26] [13/459] TUAL
[10:04:27] [14/459] MRSE
[10:04:28] [15/459] RMRK
[10:04:28] [16/459] TTKP
[10:04:29] [17/459] KTKO
[10:04:30] [18/459] SDBK
[10:04:31] [19/459] MCPR
[10:04:32] [20/459] CHTI
[10:04:32] 🔄 Identity reset
[10:04:33] 🔄 Identity rotated (every 10 requests)
[10:04:33] [21/459] GCCP
[10:04:34] [22/459] SRMY
[10:04:35] [23/459] NYST
[10:04:36] [24/459] NYAG
[10:04:37] [25/459] SBMT
[10:04:39] [26/459] INGA
[10:04:40] [27/459] WSIC
[10:04:41] [28/459] SCSS
[10:04:42] [29/459] COPG
[10:04:43] [30/459] RCGR
[10:04:43] 🔄 Identity reset
[10:04:43] 🔄 Identity rotated (every 10 requests)
[10:04:44] [31/459] TCZA
[10:04:44] [32/459] CNLP
[10:04:45] [33/459] CLKN
[10:04:46] [34/459] LHDF
[10:04:47] [35/459] ELKC
[10:04:49] [36/459] VCEM
[10:04:50] [37/459] SSZA
[10:04:51] [38/459] KRMT
[10:04:52] [39/459] LCMV
[10:04:52] [40/459] AYCZ
[10:04:53] 🔄 Identity reset
[10:04:53] 🔄 Identity rotated (every 10 requests)
[10:04:53] [41/459] CUMS
[10:04:54] [42/459] BOCK
[10:04:55] [43/459] PNMR
[10:04:56] [44/459] PJCP
[10:04:57] [45/459] JDDD
[10:04:58] [46/459] STMS
[10:04:59] [47/459] FLMB
[10:05:00] [48/459] PKCM
[10:05:01] [49/459] SPPR
[10:05:02] [50/459] EYLH
[10:05:02] 🔄 Identity reset
[10:05:02] 🔄 Identity rotated (every 10 requests)
[10:05:03] [51/459] RJCC
[10:05:04] [52/459] MMPS
[10:05:04] [53/459] SHMX
[10:05:05] [54/459] CCNL
[10:05:06] [55/459] RCNV
[10:05:07] [56/459] MAAG
[10:05:08] [57/459] LXCM
[10:05:09] [58/459] RCNI
[10:05:10] [59/459] SNNI
[10:05:11] [60/459] LALC
[10:05:11] 🔄 Identity reset
[10:05:11] 🔄 Identity rotated (every 10 requests)
[10:05:12] [61/459] SOCN
[10:05:13] [62/459] JHTP
[10:05:14] [63/459] PITP
[10:05:15] [64/459] CCKW
[10:05:15] [65/459] MCMC
[10:05:16] [66/459] DEES
[10:05:17] [67/459] SABT
[10:05:18] [68/459] VSPP
[10:05:19] [69/459] ABCT
[10:05:20] [70/459] JVTB
[10:05:21] 🔄 Identity reset
[10:05:21] 🔄 Identity rotated (every 10 requests)
[10:05:21] [71/459] VCBD
[10:05:22] [72/459] RMGG
[10:05:23] [73/459] RNMH
[10:05:24] [74/459] SPGL
[10:05:24] [75/459] JTTR
[10:05:25] [76/459] SICS
[10:05:26] [77/459] SRMI
[10:05:27] [78/459] SSIJ
[10:05:29] [79/459] KFMT
[10:05:30] [80/459] VBIT
[10:05:30] 🔄 Identity reset
[10:05:30] 🔄 Identity rotated (every 10 requests)
[10:05:31] [81/459] JKCT
[10:05:32] [82/459] GCGP
[10:05:33] [83/459] GDCS
[10:05:34] [84/459] TRBA
[10:05:34] [85/459] QUST
[10:05:35] [86/459] VSHM
[10:05:36] [87/459] SDCP
[10:05:37] [88/459] SNVS
[10:05:38] [89/459] NYTO
[10:05:39] [90/459] URWC
[10:05:39] 🔄 Identity reset
[10:05:39] 🔄 Identity rotated (every 10 requests)
[10:05:40] [91/459] GTWH
[10:05:41] [92/459] PFCM
[10:05:42] [93/459] KRTA
[10:05:42] [94/459] AXMC
[10:05:43] [95/459] EVMC
[10:05:45] [96/459] HGSM
[10:05:46] [97/459] ACVM
[10:05:48] [98/459] PSKL
[10:05:49] [99/459] RDMP
[10:05:50] [100/459] RHGH
[10:05:50] 🔄 Identity reset
[10:05:50] 🔄 Identity rotated (every 10 requests)
[10:05:50] [101/459] OMCM
[10:05:51] [102/459] DCCP
[10:05:52] [103/459] MCPB
[10:05:53] [104/459] ALCI
[10:05:54] [105/459] BLMX
[10:05:55] [106/459] BTMV
[10:05:57] [107/459] FVPN
[10:05:58] [108/459] CMAR
[10:05:59] [109/459] CEIM
[10:06:00] [110/459] CMVA
[10:06:00] 🔄 Identity reset
[10:06:00] 🔄 Identity rotated (every 10 requests)
[10:06:00] [111/459] CPIV
[10:06:01] [112/459] CNPE
[10:06:02] [113/459] COLV
[10:06:03] [114/459] DNNV
[10:06:04] [115/459] HCAD
[10:06:05] [116/459] TAKA
[10:06:06] [117/459] INVD
[10:06:07] [118/459] IRMM
[10:06:09] [119/459] INSE
[10:06:10] [120/459] MRSW
[10:06:11] 🔄 Identity reset
[10:06:11] 🔄 Identity rotated (every 10 requests)
[10:06:11] [121/459] MCVD
[10:06:13] [122/459] MCSO
[10:06:14] [123/459] PEVM
[10:06:15] [124/459] PVNL
[10:06:17] [125/459] PTCV
[10:06:18] [126/459] PRTC
[10:06:18] [127/459] RCVA
[10:06:19] [128/459] MTBN
[10:06:20] [129/459] LUCP
[10:06:21] [130/459] FMPT
[10:06:22] 🔄 Identity reset
[10:06:22] 🔄 Identity rotated (every 10 requests)
[10:06:22] [131/459] JLSL
[10:06:23] [132/459] SBHA
[10:06:24] [133/459] SHRC
[10:06:25] [134/459] AVPS
[10:06:25] [135/459] STPM
[10:06:26] [136/459] ATRD
[10:06:27] [137/459] VTED
[10:06:28] [138/459] ACAI
[10:06:29] [139/459] SMAE
[10:06:30] [140/459] VMAT
[10:06:31] 🔄 Identity reset
[10:06:31] 🔄 Identity rotated (every 10 requests)
[10:06:32] [141/459] LKCT
[10:06:33] [142/459] JTVK
[10:06:34] [143/459] PRTY
[10:06:35] [144/459] GETT
[10:06:36] [145/459] ESAP
[10:06:36] [146/459] NCPM
[10:06:37] [147/459] PCPA
[10:06:38] [148/459] MMOM
[10:06:39] [149/459] PHUP
[10:06:40] [150/459] CCPI
[10:06:41] 🔄 Identity reset
[10:06:41] 🔄 Identity rotated (every 10 requests)
[10:06:41] [151/459] CNTD
[10:06:42] [152/459] NLJR
[10:06:43] [153/459] SRNG
[10:06:45] [154/459] MHAL
[10:06:46] [155/459] PNSM
[10:06:47] [156/459] DRMY
[10:06:48] [157/459] CCMU
[10:06:49] [158/459] SCMY
[10:06:50] [159/459] PVSY
[10:06:51] [160/459] SDLM
[10:06:51] 🔄 Identity reset
[10:06:51] 🔄 Identity rotated (every 10 requests)
[10:06:52] [161/459] ICCM
[10:06:52] [162/459] PYSU
[10:06:53] [163/459] GATM
[10:06:54] [164/459] WOTM
[10:06:55] [165/459] RKTS
[10:06:56] [166/459] PMTY
[10:06:58] [167/459] LYMS
[10:06:59] [168/459] TGCA
[10:07:00] [169/459] DSTA
[10:07:01] [170/459] CNGE
[10:07:02] 🔄 Identity reset
[10:07:02] 🔄 Identity rotated (every 10 requests)
[10:07:02] [171/459] VSTG
[10:07:03] [172/459] GTCK
[10:07:04] [173/459] TGNT
[10:07:05] [174/459] ASLC
[10:07:06] [175/459] SSST
[10:07:07] [176/459] KBTT
[10:07:08] [177/459] HKCP
[10:07:09] [178/459] SWLC
[10:07:10] [179/459] RTND
[10:07:11] [180/459] PKKT
[10:07:11] 🔄 Identity reset
[10:07:11] 🔄 Identity rotated (every 10 requests)
[10:07:12] [181/459] HSTK
[10:07:13] [182/459] SPTT
[10:07:14] [183/459] IMPM
[10:07:15] [184/459] SCMV
[10:07:16] [185/459] SPCT
[10:07:16] [186/459] JBCA
[10:07:17] [187/459] ATTR
[10:07:18] [188/459] SPMT
[10:07:19] [189/459] LCTM
[10:07:20] [190/459] SCVL
[10:07:21] 🔄 Identity reset
[10:07:21] 🔄 Identity rotated (every 10 requests)
[10:07:21] [191/459] SCVT
[10:07:22] [192/459] KRIC
[10:07:23] [193/459] CTMG
[10:07:25] [194/459] ACNC
[10:07:25] [195/459] DMCK
[10:07:26] [196/459] KMTV
[10:07:27] [197/459] PFCJ
[10:07:28] [198/459] VNMD
[10:07:30] [199/459] VPCZ
[10:07:31] [200/459] SRYR
[10:07:32] 🔄 Identity reset
[10:07:32] 🔄 Identity rotated (every 10 requests)
[10:07:32] [201/459] SYTR
[10:07:33] [202/459] GATR
[10:07:34] [203/459] URTR
[10:07:35] [204/459] MKSM
[10:07:36] [205/459] VSMH
[10:07:37] [206/459] SKRJ
[10:07:38] [207/459] SSJR
[10:07:39] [208/459] SVSM
[10:07:40] [209/459] RUCM
[10:07:41] [210/459] PRKN
[10:07:41] 🔄 Identity reset
[10:07:41] 🔄 Identity rotated (every 10 requests)
[10:07:42] [211/459] RROH
[10:07:43] [212/459] SCTN
[10:07:44] [213/459] RTDM
[10:07:44] [214/459] ASRM
[10:07:45] [215/459] SKMD
[10:07:46] [216/459] SUTD
[10:07:47] [217/459] SADM
[10:07:49] [218/459] WCNR
[10:07:50] [219/459] CNED
[10:07:51] [220/459] MPDB
[10:07:51] 🔄 Identity reset
[10:07:51] 🔄 Identity rotated (every 10 requests)
[10:07:53] [221/459] KTBH
[10:07:54] [222/459] IDRM
[10:07:55] [223/459] PJJT
[10:07:56] [224/459] PFCV
[10:07:57] [225/459] AACT
[10:07:58] [226/459] AAAD
[10:07:59] [227/459] ANES
[10:08:00] [228/459] MNCA
[10:08:01] [229/459] RMGU
[10:08:02] [230/459] DLCN
[10:08:03] 🔄 Identity reset
[10:08:03] 🔄 Identity rotated (every 10 requests)
[10:08:04] [231/459] LJWT
[10:08:05] [232/459] MCBG
[10:08:06] [233/459] MYBG
[10:08:06] [234/459] GCCA
[10:08:07] [235/459] GCGA
[10:08:08] [236/459] ECGN
[10:08:09] [237/459] PRAB
[10:08:10] [238/459] PNMP
[10:08:11] [239/459] GCPT
[10:08:12] [240/459] ROYN
[10:08:13] 🔄 Identity reset
[10:08:13] 🔄 Identity rotated (every 10 requests)
[10:08:13] [241/459] VATM
[10:08:14] [242/459] KSNT
[10:08:15] [243/459] ACTC
[10:08:16] [244/459] PLTD
[10:08:17] [245/459] SKMK
[10:08:18] [246/459] CMTT
[10:08:18] [247/459] SMXP
[10:08:19] [248/459] SCMX
[10:08:20] [249/459] ACXN
[10:08:21] [250/459] ASWT
[10:08:22] 🔄 Identity reset
[10:08:22] 🔄 Identity rotated (every 10 requests)
[10:08:22] [251/459] VVVL
[10:08:23] [252/459] NAGO
[10:08:24] [253/459] SNCN
[10:08:25] [254/459] MCKP
[10:08:26] [255/459] SAMO
[10:08:27] [256/459] JBTV
[10:08:27] [257/459] DCVV
[10:08:28] [258/459] KMSV
[10:08:29] [259/459] KDCN
[10:08:30] [260/459] CNCP
[10:08:31] 🔄 Identity reset
[10:08:31] 🔄 Identity rotated (every 10 requests)
[10:08:31] [261/459] HAMC
[10:08:32] [262/459] CCVZ
[10:08:33] [263/459] NCCK
[10:08:34] [264/459] MCHR
[10:08:35] [265/459] SCHT
[10:08:36] [266/459] ESSH
[10:08:37] [267/459] CUJC
[10:08:37] [268/459] PECP
[10:08:38] [269/459] PMMI
[10:08:40] [270/459] PCCH
[10:08:40] 🔄 Identity reset
[10:08:41] 🔄 Identity rotated (every 10 requests)
[10:08:41] [271/459] PRPM
[10:08:42] [272/459] PVKL
[10:08:43] [273/459] CBSM
[10:08:44] [274/459] PVCZ
[10:08:45] [275/459] PCVV
[10:08:46] [276/459] CTMJ
[10:08:47] [277/459] RCPS
[10:08:48] [278/459] PCIT
[10:08:48] [279/459] FNCH
[10:08:49] [280/459] INZD
[10:08:50] 🔄 Identity reset
[10:08:50] 🔄 Identity rotated (every 10 requests)
[10:08:51] [281/459] INPC
[10:08:52] [282/459] LCZP
[10:08:53] [283/459] SMCB
[10:08:55] [284/459] PTSB
[10:08:55] [285/459] TPSI
[10:08:56] [286/459] KHMJ
[10:08:57] [287/459] RCCJ
[10:08:58] [288/459] NCJA
[10:08:59] [289/459] NCJN
[10:09:00] [290/459] BTDP
[10:09:00] 🔄 Identity reset
[10:09:00] 🔄 Identity rotated (every 10 requests)
[10:09:01] [291/459] PADY
[10:09:01] [292/459] NYBH
[10:09:03] [293/459] MTBR
[10:09:04] [294/459] KRBC
[10:09:05] [295/459] DKTI
[10:09:06] [296/459] ANAN
[10:09:07] [297/459] INBP
[10:09:08] [298/459] PATB
[10:09:09] [299/459] RGNT
[10:09:10] [300/459] CGPM
[10:09:11] 🔄 Identity reset
[10:09:11] 🔄 Identity rotated (every 10 requests)
[10:09:11] [301/459] INTN
[10:09:12] [302/459] MCMP
[10:09:13] [303/459] ASRG
[10:09:15] [304/459] CXJD
[10:09:16] [305/459] SPCP
[10:09:16] [306/459] CSTP
[10:09:17] [307/459] PKVC
[10:09:18] [308/459] ESCP
[10:09:19] [309/459] CAEP
[10:09:20] [310/459] CCSP
[10:09:21] 🔄 Identity reset
[10:09:21] 🔄 Identity rotated (every 10 requests)
[10:09:21] [311/459] KTPC
[10:09:22] [312/459] DACA
[10:09:24] [313/459] NVKY
[10:09:25] [314/459] PTIN
[10:09:26] [315/459] SCIN
[10:09:27] [316/459] MCTY
[10:09:28] [317/459] PCMX
[10:09:29] [318/459] INIC
[10:09:30] [319/459] MMZM
[10:09:31] [320/459] SSLP
[10:09:31] 🔄 Identity reset
[10:09:31] 🔄 Identity rotated (every 10 requests)
[10:09:32] [321/459] DTDT
[10:09:33] [322/459] FFCX
[10:09:34] [323/459] RCMM
[10:09:36] [324/459] KYID
[10:09:37] [325/459] CSCI
[10:09:38] [326/459] FCMC
[10:09:39] [327/459] MMXI
[10:09:40] [328/459] ASTC
[10:09:41] [329/459] CMRA
[10:09:42] [330/459] DICI
[10:09:43] 🔄 Identity reset
[10:09:43] 🔄 Identity rotated (every 10 requests)
[10:09:43] [331/459] KDIN
[10:09:44] [332/459] PRFI
[10:09:45] [333/459] SVFC
[10:09:46] [334/459] UCPL
[10:09:47] [335/459] COOC
[10:09:48] [336/459] SCAL
[10:09:49] [337/459] SVFF
[10:09:50] [338/459] VCMG
[10:09:50] [339/459] UUCT
[10:09:51] [340/459] GCSE
[10:09:52] 🔄 Identity reset
[10:09:52] 🔄 Identity rotated (every 10 requests)
[10:09:52] [341/459] SUSC
[10:09:53] [342/459] MISC
[10:09:54] [343/459] RMBL
[10:09:55] [344/459] CMXN
[10:09:56] [345/459] PVBK
[10:09:57] [346/459] HHCG
[10:09:58] [347/459] SCAG
[10:09:59] [348/459] CNPR
[10:10:00] [349/459] CSER
[10:10:01] [350/459] HLWD
[10:10:02] 🔄 Identity reset
[10:10:02] 🔄 Identity rotated (every 10 requests)
[10:10:03] [351/459] BOLY
[10:10:04] [352/459] SSPG
[10:10:05] [353/459] MUPX
[10:10:06] [354/459] HAMR
[10:10:07] [355/459] SDNC
[10:10:08] [356/459] RTEN
[10:10:09] [357/459] SDTD
[10:10:10] [358/459] KAWS
[10:10:10] [359/459] CMZX
[10:10:11] [360/459] DCDD
[10:10:12] 🔄 Identity reset
[10:10:12] 🔄 Identity rotated (every 10 requests)
[10:10:12] [361/459] ALSN
[10:10:13] [362/459] IMXS
[10:10:14] [363/459] PVFF
[10:10:15] [364/459] PVOO
[10:10:16] [365/459] CFBS
[10:10:17] [366/459] PVER
[10:10:18] [367/459] PPNX
[10:10:18] [368/459] CNRM
[10:10:20] [369/459] PVWW
[10:10:20] [370/459] INMB
[10:10:21] 🔄 Identity reset
[10:10:21] 🔄 Identity rotated (every 10 requests)
[10:10:21] [371/459] CPJR
[10:10:22] [372/459] INRZ
[10:10:23] [373/459] PMSR
[10:10:24] [374/459] GPGM
[10:10:25] [375/459] PGWB
[10:10:26] [376/459] PMBR
[10:10:27] [377/459] GPAM
[10:10:28] [378/459] INBC
[10:10:29] [379/459] PZVK
[10:10:30] [380/459] CPEB
[10:10:30] 🔄 Identity reset
[10:10:30] 🔄 Identity rotated (every 10 requests)
[10:10:31] [381/459] FMLB
[10:10:32] [382/459] INBG
[10:10:33] [383/459] GPBR
[10:10:33] [384/459] PAAS
[10:10:34] [385/459] VTBR
[10:10:35] [386/459] GPMY
[10:10:36] [387/459] GYBU
[10:10:37] [388/459] INBJ
[10:10:38] [389/459] LKTH
[10:10:39] [390/459] NSBR
[10:10:39] 🔄 Identity reset
[10:10:39] 🔄 Identity rotated (every 10 requests)
[10:10:40] [391/459] PDRD
[10:10:41] [392/459] VRBL
[10:10:42] [393/459] VTGB
[10:10:43] [394/459] VTSK
[10:10:44] [395/459] BKDV
[10:10:44] [396/459] SVTB
[10:10:45] [397/459] MLDT
[10:10:46] [398/459] NRBL
[10:10:47] [399/459] SLTR
[10:10:48] [400/459] VNKA
[10:10:49] 🔄 Identity reset
[10:10:49] 🔄 Identity rotated (every 10 requests)
[10:10:49] [401/459] TDCA
[10:10:50] [402/459] INBM
[10:10:51] [403/459] SSNR
[10:10:52] [404/459] BHAC
[10:10:53] [405/459] SDSD
[10:10:54] [406/459] SAMP
[10:10:54] [407/459] RATK
[10:10:55] [408/459] KCBI
[10:10:56] [409/459] URBL
[10:10:57] [410/459] MKBG
[10:10:57] 🔄 Identity reset
[10:10:57] 🔄 Identity rotated (every 10 requests)
[10:10:58] [411/459] ASTB
[10:10:59] [412/459] VBWT
[10:11:00] [413/459] GPSM
[10:11:01] [414/459] ROON
[10:11:03] [415/459] CHTH
[10:11:03] [416/459] SSPA
[10:11:04] [417/459] ANBL
[10:11:05] [418/459] VTBE
[10:11:06] [419/459] SVKT
[10:11:07] [420/459] SVYK
[10:11:08] 🔄 Identity reset
[10:11:08] 🔄 Identity rotated (every 10 requests)
[10:11:08] [421/459] PTBK
[10:11:09] [422/459] RKTB
[10:11:10] [423/459] BALT
[10:11:11] [424/459] STSV
[10:11:11] [425/459] VCCB
[10:11:12] [426/459] SLTB
[10:11:13] [427/459] SBCR
[10:11:14] [428/459] VDCS
[10:11:15] [429/459] MDKI
[10:11:16] [430/459] SMRN
[10:11:16] 🔄 Identity reset
[10:11:16] 🔄 Identity rotated (every 10 requests)
[10:11:17] [431/459] PTBC
[10:11:18] [432/459] RADI
[10:11:18] [433/459] ADCR
[10:11:19] [434/459] SDCS
[10:11:20] [435/459] SRPJ
[10:11:21] [436/459] ARTS
[10:11:22] [437/459] SRHK
[10:11:23] [438/459] SPAY
[10:11:24] [439/459] GPTB
[10:11:25] [440/459] SNNN
[10:11:26] 🔄 Identity reset
[10:11:26] 🔄 Identity rotated (every 10 requests)
[10:11:26] [441/459] BALJ
[10:11:27] [442/459] TRIG
[10:11:28] [443/459] GTYT
[10:11:29] [444/459] ATGN
[10:11:30] [445/459] ANTE
[10:11:31] [446/459] BDCG
[10:11:32] [447/459] VECI
[10:11:32] [448/459] SCPR
[10:11:34] [449/459] RTEA
[10:11:36] [450/459] JSAI
[10:11:36] 🔄 Identity reset
[10:11:36] 🔄 Identity rotated (every 10 requests)
[10:11:37] [451/459] VJTP
[10:11:37] [452/459] GNDS
[10:11:38] [453/459] PAXA
[10:11:39] [454/459] CGGM
[10:11:40] [455/459] ACKZ
[10:11:42] [456/459] EMCC
[10:11:43] [457/459] KLSK
[10:11:44] [458/459] AVCK
[10:11:45] [459/459] JTCK
[10:11:46] 🧹 Deduping shows
[10:11:46] ✅ DONE | Shows=512 | Movies=47
