[10:07:31] 🚀 DISTRICT → BMS9 CONVERTER STARTED
[10:07:31] 📅 DATE_CODE: 20260930
[10:07:31] 📅 Date: 2026-09-30
[10:07:31] 🚫 Worker logic: DISABLED
[10:07:31] 🔑 Venue matching: ID ONLY
[10:07:31] 🚫 alldistrictvenues.json: NOT USED
[10:07:31] 🚫 Venue-name matching: NOT USED
[10:07:31] 📍 Selected venue records: 756
[10:07:31] 🎯 Selected venue IDs: 756
[10:07:31] 📡 Fetching Detailed JSON:
[10:07:31]    https://districtdata2026.pages.dev/advance/2026-09-30_Detailed.json
[10:07:31] ✅ Source loaded
[10:07:31]    Source date: 2026-09-30
[10:07:31]    Last updated: 10:04 AM, 25 September 2026
[10:07:31]    Movie keys: 61
[10:07:31] 🎬 Source movie keys: 61
[10:07:31] 🎟️ Selected-venue show rows: 675
[10:07:31] 🚫 Non-selected show rows ignored: 994
[10:07:31] ℹ️ Non-selected venue IDs encountered: 168
[10:07:31]    ⏭️ Source venue ID not selected: 7735
[10:07:31]    ⏭️ Source venue ID not selected: 1003779
[10:07:31]    ⏭️ Source venue ID not selected: 1094335
[10:07:31]    ⏭️ Source venue ID not selected: 7523
[10:07:31]    ⏭️ Source venue ID not selected: 9478
[10:07:31]    ⏭️ Source venue ID not selected: 9717
[10:07:31]    ⏭️ Source venue ID not selected: 4503
[10:07:31]    ⏭️ Source venue ID not selected: 1034662
[10:07:31]    ⏭️ Source venue ID not selected: 26978
[10:07:31]    ⏭️ Source venue ID not selected: 1041197
[10:07:31]    ⏭️ Source venue ID not selected: 1010362
[10:07:31]    ⏭️ Source venue ID not selected: 4688
[10:07:31]    ⏭️ Source venue ID not selected: 1042610
[10:07:31]    ⏭️ Source venue ID not selected: 4136
[10:07:31]    ⏭️ Source venue ID not selected: 639
[10:07:31]    ⏭️ Source venue ID not selected: 1065724
[10:07:31]    ⏭️ Source venue ID not selected: 1022901
[10:07:31]    ⏭️ Source venue ID not selected: 4207
[10:07:31]    ⏭️ Source venue ID not selected: 1037499
[10:07:31]    ⏭️ Source venue ID not selected: 7568
[10:07:31]    ... and 148 more
[10:07:31] 📦 Previous shows: 0
[10:07:31] 🆕 Fresh shows: 675
[10:07:31] 📦 Final shows: 675
[10:07:31] ✅ DONE | Shows=675 | Movies=28
[10:07:31] 📄 Detailed: advance/data/20260930/detailed9.json
[10:07:31] 📄 Summary: advance/data/20260930/movie_summary9.json
[17:11:20] 🚀 DISTRICT → BMS9 CONVERTER STARTED
[17:11:20] 📅 DATE_CODE: 20260930
[17:11:20] 📅 Date: 2026-09-30
[17:11:20] 🚫 Worker logic: DISABLED
[17:11:20] 🔑 Venue matching: ID ONLY
[17:11:20] 🚫 alldistrictvenues.json: NOT USED
[17:11:20] 🚫 Venue-name matching: NOT USED
[17:11:20] 📍 Selected venue records: 756
[17:11:20] 🎯 Selected venue IDs: 756
[17:11:20] 📡 Fetching Detailed JSON:
[17:11:20]    https://districtdata2026.pages.dev/advance/2026-09-30_Detailed.json
[17:11:20] ✅ Source loaded
[17:11:20]    Source date: 2026-09-30
[17:11:20]    Last updated: 05:08 PM, 25 September 2026
[17:11:20]    Movie keys: 66
[17:11:21] 🎬 Source movie keys: 66
[17:11:21] 🎟️ Selected-venue show rows: 775
[17:11:21] 🚫 Non-selected show rows ignored: 1326
[17:11:21] ℹ️ Non-selected venue IDs encountered: 196
[17:11:21]    ⏭️ Source venue ID not selected: 13758
[17:11:21]    ⏭️ Source venue ID not selected: 4581
[17:11:21]    ⏭️ Source venue ID not selected: 1033183
[17:11:21]    ⏭️ Source venue ID not selected: 1010362
[17:11:21]    ⏭️ Source venue ID not selected: 917
[17:11:21]    ⏭️ Source venue ID not selected: 2871
[17:11:21]    ⏭️ Source venue ID not selected: 1060689
[17:11:21]    ⏭️ Source venue ID not selected: 9719
[17:11:21]    ⏭️ Source venue ID not selected: 42079
[17:11:21]    ⏭️ Source venue ID not selected: 62512
[17:11:21]    ⏭️ Source venue ID not selected: 1039952
[17:11:21]    ⏭️ Source venue ID not selected: 10211
[17:11:21]    ⏭️ Source venue ID not selected: 1102102
[17:11:21]    ⏭️ Source venue ID not selected: 17570
[17:11:21]    ⏭️ Source venue ID not selected: 4503
[17:11:21]    ⏭️ Source venue ID not selected: 4207
[17:11:21]    ⏭️ Source venue ID not selected: 1051923
[17:11:21]    ⏭️ Source venue ID not selected: 1101560
[17:11:21]    ⏭️ Source venue ID not selected: 905
[17:11:21]    ⏭️ Source venue ID not selected: 4903
[17:11:21]    ... and 176 more
[17:11:21] 📦 Previous shows: 675
[17:11:21] 🆕 Fresh shows: 775
[17:11:21] 📦 Final shows: 775
[17:11:21] ✅ DONE | Shows=775 | Movies=31
[17:11:21] 📄 Detailed: advance/data/20260930/detailed9.json
[17:11:21] 📄 Summary: advance/data/20260930/movie_summary9.json
[05:28:56] 🚀 DISTRICT → BMS9 CONVERTER STARTED
[05:28:56] 📅 DATE_CODE: 20260930
[05:28:56] 📅 Date: 2026-09-30
[05:28:56] 🚫 Worker logic: DISABLED
[05:28:56] 🔑 Venue matching: ID ONLY
[05:28:56] 🚫 alldistrictvenues.json: NOT USED
[05:28:56] 🚫 Venue-name matching: NOT USED
[05:28:56] 📍 Selected venue records: 756
[05:28:56] 🎯 Selected venue IDs: 756
[05:28:56] 📡 Fetching Detailed JSON:
[05:28:56]    https://districtdata2026.pages.dev/advance/2026-09-30_Detailed.json
[05:28:56] ✅ Source loaded
[05:28:56]    Source date: 2026-09-30
[05:28:56]    Last updated: 05:26 AM, 26 September 2026
[05:28:56]    Movie keys: 70
[05:28:56] 🎬 Source movie keys: 70
[05:28:56] 🎟️ Selected-venue show rows: 898
[05:28:56] 🚫 Non-selected show rows ignored: 1557
[05:28:56] ℹ️ Non-selected venue IDs encountered: 209
[05:28:56]    ⏭️ Source venue ID not selected: 879
[05:28:56]    ⏭️ Source venue ID not selected: 2490
[05:28:56]    ⏭️ Source venue ID not selected: 1077007
[05:28:56]    ⏭️ Source venue ID not selected: 1041197
[05:28:56]    ⏭️ Source venue ID not selected: 9406
[05:28:56]    ⏭️ Source venue ID not selected: 24971
[05:28:56]    ⏭️ Source venue ID not selected: 1069492
[05:28:56]    ⏭️ Source venue ID not selected: 10183
[05:28:56]    ⏭️ Source venue ID not selected: 1027168
[05:28:56]    ⏭️ Source venue ID not selected: 28975
[05:28:56]    ⏭️ Source venue ID not selected: 4903
[05:28:56]    ⏭️ Source venue ID not selected: 1013537
[05:28:56]    ⏭️ Source venue ID not selected: 1023469
[05:28:56]    ⏭️ Source venue ID not selected: 1050395
[05:28:56]    ⏭️ Source venue ID not selected: 9478
[05:28:56]    ⏭️ Source venue ID not selected: 1003779
[05:28:56]    ⏭️ Source venue ID not selected: 1022274
[05:28:56]    ⏭️ Source venue ID not selected: 1094335
[05:28:56]    ⏭️ Source venue ID not selected: 905
[05:28:56]    ⏭️ Source venue ID not selected: 1022272
[05:28:56]    ... and 189 more
[05:28:56] 📦 Previous shows: 775
[05:28:56] 🆕 Fresh shows: 898
[05:28:56] 📦 Final shows: 898
[05:28:56] ✅ DONE | Shows=898 | Movies=36
[05:28:56] 📄 Detailed: advance/data/20260930/detailed9.json
[05:28:56] 📄 Summary: advance/data/20260930/movie_summary9.json
[21:46:33] 🚀 DISTRICT → BMS9 CONVERTER STARTED
[21:46:33] 📅 DATE_CODE: 20260930
[21:46:33] 📅 Date: 2026-09-30
[21:46:33] 🚫 Worker logic: DISABLED
[21:46:33] 🔑 Venue matching: ID ONLY
[21:46:33] 🚫 alldistrictvenues.json: NOT USED
[21:46:33] 🚫 Venue-name matching: NOT USED
[21:46:33] 📍 Selected venue records: 756
[21:46:33] 🎯 Selected venue IDs: 756
[21:46:33] 📡 Fetching Detailed JSON:
[21:46:33]    https://districtdata2026.pages.dev/advance/2026-09-30_Detailed.json
[21:46:33] ✅ Source loaded
[21:46:33]    Source date: 2026-09-30
[21:46:33]    Last updated: 09:43 PM, 26 September 2026
[21:46:33]    Movie keys: 107
[21:46:33] 🎬 Source movie keys: 107
[21:46:33] 🎟️ Selected-venue show rows: 1495
[21:46:33] 🚫 Non-selected show rows ignored: 6830
[21:46:33] ℹ️ Non-selected venue IDs encountered: 468
[21:46:33]    ⏭️ Source venue ID not selected: 1026305
[21:46:33]    ⏭️ Source venue ID not selected: 1018904
[21:46:33]    ⏭️ Source venue ID not selected: 37820
[21:46:33]    ⏭️ Source venue ID not selected: 114
[21:46:33]    ⏭️ Source venue ID not selected: 1013612
[21:46:33]    ⏭️ Source venue ID not selected: 1022258
[21:46:33]    ⏭️ Source venue ID not selected: 1020698
[21:46:33]    ⏭️ Source venue ID not selected: 1041639
[21:46:33]    ⏭️ Source venue ID not selected: 1062624
[21:46:33]    ⏭️ Source venue ID not selected: 1016640
[21:46:33]    ⏭️ Source venue ID not selected: 1030072
[21:46:33]    ⏭️ Source venue ID not selected: 1977
[21:46:33]    ⏭️ Source venue ID not selected: 1019925
[21:46:33]    ⏭️ Source venue ID not selected: 1022272
[21:46:33]    ⏭️ Source venue ID not selected: 1020393
[21:46:33]    ⏭️ Source venue ID not selected: 10186
[21:46:33]    ⏭️ Source venue ID not selected: 10184
[21:46:33]    ⏭️ Source venue ID not selected: 60215
[21:46:33]    ⏭️ Source venue ID not selected: 1037588
[21:46:33]    ⏭️ Source venue ID not selected: 3798
[21:46:33]    ... and 448 more
[21:46:33] 📦 Previous shows: 898
[21:46:33] 🆕 Fresh shows: 1495
[21:46:33] 📦 Final shows: 1495
[21:46:33] ✅ DONE | Shows=1495 | Movies=50
[21:46:33] 📄 Detailed: advance/data/20260930/detailed9.json
[21:46:33] 📄 Summary: advance/data/20260930/movie_summary9.json
[02:11:28] 🚀 DISTRICT → BMS9 CONVERTER STARTED
[02:11:28] 📅 Date: 2026-09-30
[02:11:28] 🚫 Worker logic: DISABLED
[02:11:28] 🔑 Venue matching: ID ONLY
[02:11:28] 🚫 alldistrictvenues.json: NOT USED
[02:11:28] 🚫 Venue-name matching: NOT USED
[02:11:28] 📍 Selected venue records: 756
[02:11:28] 🎯 Selected venue IDs: 756
[02:11:28] 📡 Fetching Detailed JSON:
[02:11:28]    https://districtdata2026.pages.dev/advance/2026-09-30_Detailed.json
[02:11:28] ✅ Source loaded
[02:11:28]    Source date: 2026-09-30
[02:11:28]    Last updated: 09:43 PM, 26 September 2026
[02:11:28]    Movie keys: 107
[02:11:28] 🎬 Source movie keys: 107
[02:11:28] 🎟️ Selected-venue show rows: 1495
[02:11:28] 🚫 Non-selected show rows ignored: 6830
[02:11:28] ℹ️ Non-selected venue IDs encountered: 468
[02:11:28]    ⏭️ Source venue ID not selected: 60207
[02:11:28]    ⏭️ Source venue ID not selected: 1101585
[02:11:28]    ⏭️ Source venue ID not selected: 1020780
[02:11:28]    ⏭️ Source venue ID not selected: 1013009
[02:11:28]    ⏭️ Source venue ID not selected: 1034662
[02:11:28]    ⏭️ Source venue ID not selected: 1016640
[02:11:28]    ⏭️ Source venue ID not selected: 1037499
[02:11:28]    ⏭️ Source venue ID not selected: 1093582
[02:11:28]    ⏭️ Source venue ID not selected: 4183
[02:11:28]    ⏭️ Source venue ID not selected: 1019947
[02:11:28]    ⏭️ Source venue ID not selected: 1003779
[02:11:28]    ⏭️ Source venue ID not selected: 9865
[02:11:28]    ⏭️ Source venue ID not selected: 9719
[02:11:28]    ⏭️ Source venue ID not selected: 1020716
[02:11:28]    ⏭️ Source venue ID not selected: 1040325
[02:11:28]    ⏭️ Source venue ID not selected: 1010362
[02:11:28]    ⏭️ Source venue ID not selected: 17570
[02:11:28]    ⏭️ Source venue ID not selected: 1013614
[02:11:28]    ⏭️ Source venue ID not selected: 1035131
[02:11:28]    ⏭️ Source venue ID not selected: 731
[02:11:28]    ... and 448 more
[02:11:28] 📦 Previous shows: 1495
[02:11:28] 🆕 Fresh shows: 1495
[02:11:28] 📦 Final shows: 1495
[02:11:28] ✅ DONE | Shows=1495 | Movies=50
[02:11:28] 📄 Detailed: advance/data/20260930/detailed9.json
[02:11:28] 📄 Summary: advance/data/20260930/movie_summary9.json
[11:31:10] 🚀 DISTRICT → BMS9 CONVERTER STARTED
[11:31:10] 📅 Date: 2026-09-30
[11:31:10] 🚫 Worker logic: DISABLED
[11:31:10] 🔑 Venue matching: ID ONLY
[11:31:10] 🚫 alldistrictvenues.json: NOT USED
[11:31:10] 🚫 Venue-name matching: NOT USED
[11:31:10] 📍 Selected venue records: 756
[11:31:10] 🎯 Selected venue IDs: 756
[11:31:10] 📡 Fetching Detailed JSON:
[11:31:10]    https://districtdata2026.pages.dev/advance/2026-09-30_Detailed.json
[11:31:10] ✅ Source loaded
[11:31:10]    Source date: 2026-09-30
[11:31:10]    Last updated: 10:06 AM, 29 September 2026
[11:31:10]    Movie keys: 131
[11:31:11] 🎬 Source movie keys: 131
[11:31:11] 🎟️ Selected-venue show rows: 3194
[11:31:11] 🚫 Non-selected show rows ignored: 16380
[11:31:11] ℹ️ Non-selected venue IDs encountered: 1035
[11:31:11]    ⏭️ Source venue ID not selected: 1014900
[11:31:11]    ⏭️ Source venue ID not selected: 60377
[11:31:11]    ⏭️ Source venue ID not selected: 9123
[11:31:11]    ⏭️ Source venue ID not selected: 151
[11:31:11]    ⏭️ Source venue ID not selected: 1030419
[11:31:11]    ⏭️ Source venue ID not selected: 117
[11:31:11]    ⏭️ Source venue ID not selected: 1030077
[11:31:11]    ⏭️ Source venue ID not selected: 4496
[11:31:11]    ⏭️ Source venue ID not selected: 1013610
[11:31:11]    ⏭️ Source venue ID not selected: 1041115
[11:31:11]    ⏭️ Source venue ID not selected: 1048401
[11:31:11]    ⏭️ Source venue ID not selected: 2750
[11:31:11]    ⏭️ Source venue ID not selected: 1004839
[11:31:11]    ⏭️ Source venue ID not selected: 59132
[11:31:11]    ⏭️ Source venue ID not selected: 9478
[11:31:11]    ⏭️ Source venue ID not selected: 31224
[11:31:11]    ⏭️ Source venue ID not selected: 1005724
[11:31:11]    ⏭️ Source venue ID not selected: 28975
[11:31:11]    ⏭️ Source venue ID not selected: 1013612
[11:31:11]    ⏭️ Source venue ID not selected: 1025101
[11:31:11]    ... and 1015 more
[11:31:11] 📦 Previous shows: 1495
[11:31:11] 🆕 Fresh shows: 3194
[11:31:11] 📦 Final shows: 3396
[11:31:11] ✅ DONE | Shows=3396 | Movies=68
[11:31:11] 📄 Detailed: advance/data/20260930/detailed9.json
[11:31:11] 📄 Summary: advance/data/20260930/movie_summary9.json
[18:44:34] 🚀 DISTRICT → BMS9 CONVERTER STARTED
[18:44:34] 📅 Date: 2026-09-30
[18:44:34] 🚫 Worker logic: DISABLED
[18:44:34] 🔑 Venue matching: ID ONLY
[18:44:34] 🚫 alldistrictvenues.json: NOT USED
[18:44:34] 🚫 Venue-name matching: NOT USED
[18:44:34] 📍 Selected venue records: 756
[18:44:34] 🎯 Selected venue IDs: 756
[18:44:34] 📡 Fetching Detailed JSON:
[18:44:34]    https://districtdata2026.pages.dev/advance/2026-09-30_Detailed.json
[18:44:34] ✅ Source loaded
[18:44:34]    Source date: 2026-09-30
[18:44:34]    Last updated: 04:06 PM, 29 September 2026
[18:44:34]    Movie keys: 135
[18:44:34] 🎬 Source movie keys: 135
[18:44:34] 🎟️ Selected-venue show rows: 3441
[18:44:34] 🚫 Non-selected show rows ignored: 16982
[18:44:34] ℹ️ Non-selected venue IDs encountered: 1076
[18:44:34]    ⏭️ Source venue ID not selected: 1022257
[18:44:34]    ⏭️ Source venue ID not selected: 1040385
[18:44:34]    ⏭️ Source venue ID not selected: 1041061
[18:44:34]    ⏭️ Source venue ID not selected: 1022307
[18:44:34]    ⏭️ Source venue ID not selected: 1023465
[18:44:34]    ⏭️ Source venue ID not selected: 1022265
[18:44:34]    ⏭️ Source venue ID not selected: 1040157
[18:44:34]    ⏭️ Source venue ID not selected: 1019086
[18:44:34]    ⏭️ Source venue ID not selected: 1067733
[18:44:34]    ⏭️ Source venue ID not selected: 156
[18:44:34]    ⏭️ Source venue ID not selected: 1078694
[18:44:34]    ⏭️ Source venue ID not selected: 43338
[18:44:34]    ⏭️ Source venue ID not selected: 1008406
[18:44:34]    ⏭️ Source venue ID not selected: 42639
[18:44:34]    ⏭️ Source venue ID not selected: 1019928
[18:44:34]    ⏭️ Source venue ID not selected: 1016455
[18:44:34]    ⏭️ Source venue ID not selected: 61478
[18:44:34]    ⏭️ Source venue ID not selected: 1040680
[18:44:34]    ⏭️ Source venue ID not selected: 1019402
[18:44:34]    ⏭️ Source venue ID not selected: 1019910
[18:44:34]    ... and 1056 more
[18:44:34] 📦 Previous shows: 3396
[18:44:34] 🆕 Fresh shows: 3441
[18:44:34] 📦 Final shows: 3643
[18:44:35] ✅ DONE | Shows=3643 | Movies=71
[18:44:35] 📄 Detailed: advance/data/20260930/detailed9.json
[18:44:35] 📄 Summary: advance/data/20260930/movie_summary9.json
[23:31:48] 🚀 DISTRICT → BMS9 CONVERTER STARTED
[23:31:48] 📅 Date: 2026-09-30
[23:31:48] 🚫 Worker logic: DISABLED
[23:31:48] 🔑 Venue matching: ID ONLY
[23:31:48] 🚫 alldistrictvenues.json: NOT USED
[23:31:48] 🚫 Venue-name matching: NOT USED
[23:31:48] 📍 Selected venue records: 756
[23:31:48] 🎯 Selected venue IDs: 756
[23:31:48] 📡 Fetching Detailed JSON:
[23:31:48]    https://districtdata2026.pages.dev/advance/2026-09-30_Detailed.json
[23:31:49] ✅ Source loaded
[23:31:49]    Source date: 2026-09-30
[23:31:49]    Last updated: 10:07 PM, 29 September 2026
[23:31:49]    Movie keys: 135
[23:31:49] 🎬 Source movie keys: 135
[23:31:49] 🎟️ Selected-venue show rows: 3708
[23:31:49] 🚫 Non-selected show rows ignored: 17468
[23:31:49] ℹ️ Non-selected venue IDs encountered: 1132
[23:31:49]    ⏭️ Source venue ID not selected: 1093306
[23:31:49]    ⏭️ Source venue ID not selected: 1022293
[23:31:49]    ⏭️ Source venue ID not selected: 9338
[23:31:49]    ⏭️ Source venue ID not selected: 1065385
[23:31:49]    ⏭️ Source venue ID not selected: 1100807
[23:31:49]    ⏭️ Source venue ID not selected: 1023562
[23:31:49]    ⏭️ Source venue ID not selected: 4503
[23:31:49]    ⏭️ Source venue ID not selected: 6071
[23:31:49]    ⏭️ Source venue ID not selected: 1041456
[23:31:49]    ⏭️ Source venue ID not selected: 11981
[23:31:49]    ⏭️ Source venue ID not selected: 1029280
[23:31:49]    ⏭️ Source venue ID not selected: 1029238
[23:31:49]    ⏭️ Source venue ID not selected: 1038832
[23:31:49]    ⏭️ Source venue ID not selected: 1016457
[23:31:49]    ⏭️ Source venue ID not selected: 63010
[23:31:49]    ⏭️ Source venue ID not selected: 4000
[23:31:49]    ⏭️ Source venue ID not selected: 1024430
[23:31:49]    ⏭️ Source venue ID not selected: 1003779
[23:31:49]    ⏭️ Source venue ID not selected: 873
[23:31:49]    ⏭️ Source venue ID not selected: 61898
[23:31:49]    ... and 1112 more
[23:31:49] 📦 Previous shows: 3643
[23:31:49] 🆕 Fresh shows: 3708
[23:31:49] 📦 Final shows: 4016
[23:31:49] ✅ DONE | Shows=4016 | Movies=71
[23:31:49] 📄 Detailed: advance/data/20260930/detailed9.json
[23:31:49] 📄 Summary: advance/data/20260930/movie_summary9.json
