[16:52:45] 🚀 SCRIPT STARTED (enhanced anti‑detection)
[16:52:45] [1/326] VCHA
[16:52:45] 🧠 New identity created
[16:52:46] [2/326] SCKO
[16:52:46] [3/326] VKTK
[16:52:47] [4/326] DXEC
[16:52:48] [5/326] CDCA
[16:52:49] [6/326] VBCZ
[16:52:50] [7/326] MSDR
[16:52:51] [8/326] ACPV
[16:52:52] [9/326] PVHB
[16:52:53] [10/326] RCNH
[16:52:53] 🔄 Identity reset
[16:52:53] 🔄 Identity rotated (every 10 requests)
[16:52:54] [11/326] IOMH
[16:52:55] [12/326] ILKS
[16:52:56] [13/326] AMSN
[16:52:57] [14/326] ANTP
[16:52:58] [15/326] SSEK
[16:52:59] [16/326] PICP
[16:52:59] [17/326] SICO
[16:53:00] [18/326] SISP
[16:53:01] [19/326] SCPI
[16:53:02] [20/326] CRPR
[16:53:03] 🔄 Identity reset
[16:53:03] 🔄 Identity rotated (every 10 requests)
[16:53:03] [21/326] DCTW
[16:53:04] [22/326] DCSP
[16:53:05] [23/326] KRPM
[16:53:06] [24/326] THKK
[16:53:07] [25/326] SNMY
[16:53:08] [26/326] AKCC
[16:53:09] [27/326] PCAT
[16:53:10] [28/326] RFGO
[16:53:11] [29/326] GGCS
[16:53:12] [30/326] ACKR
[16:53:12] 🔄 Identity reset
[16:53:12] 🔄 Identity rotated (every 10 requests)
[16:53:12] [31/326] STDO
[16:53:13] [32/326] ACKB
[16:53:14] [33/326] ALUC
[16:53:15] [34/326] MNSR
[16:53:16] [35/326] CSSL
[16:53:17] [36/326] BGGM
[16:53:18] [37/326] MANT
[16:53:19] [38/326] SOOY
[16:53:20] [39/326] VPPK
[16:53:21] [40/326] MYHJ
[16:53:22] 🔄 Identity reset
[16:53:22] 🔄 Identity rotated (every 10 requests)
[16:53:22] [41/326] KSCK
[16:53:23] [42/326] KATK
[16:53:24] [43/326] RTRT
[16:53:25] [44/326] SSTT
[16:53:26] [45/326] SSTV
[16:53:27] [46/326] LACM
[16:53:28] [47/326] SGMG
[16:53:29] [48/326] KACX
[16:53:30] [49/326] GVCP
[16:53:31] [50/326] CSNC
[16:53:31] 🔄 Identity reset
[16:53:31] 🔄 Identity rotated (every 10 requests)
[16:53:31] [51/326] SXCB
[16:53:32] [52/326] BAHS
[16:53:33] [53/326] PCBI
[16:53:35] [54/326] PSSM
[16:53:36] [55/326] RCOK
[16:53:37] [56/326] SCPF
[16:53:38] [57/326] SSAS
[16:53:39] [58/326] EVMM
[16:53:40] [59/326] SYCB
[16:53:41] [60/326] GCKI
[16:53:41] 🔄 Identity reset
[16:53:41] 🔄 Identity rotated (every 10 requests)
[16:53:41] [61/326] IAET
[16:53:42] [62/326] DDTD
[16:53:43] [63/326] GMDH
[16:53:44] [64/326] STLE
[16:53:45] [65/326] JTRA
[16:53:46] [66/326] RPPA
[16:53:47] [67/326] ARUT
[16:53:49] [68/326] JTVM
[16:53:50] [69/326] SWRH
[16:53:51] [70/326] DCPC
[16:53:51] 🔄 Identity reset
[16:53:51] 🔄 Identity rotated (every 10 requests)
[16:53:52] [71/326] RAPR
[16:53:53] [72/326] GCRT
[16:53:54] [73/326] ATUN
[16:53:55] [74/326] LTRM
[16:53:56] [75/326] TASR
[16:53:57] [76/326] RLLC
[16:53:58] [77/326] MABI
[16:53:59] [78/326] SVHB
[16:54:00] [79/326] NVTB
[16:54:01] [80/326] KCKG
[16:54:02] 🔄 Identity reset
[16:54:02] 🔄 Identity rotated (every 10 requests)
[16:54:02] [81/326] SSRN
[16:54:04] [82/326] VDDC
[16:54:04] [83/326] GKTK
[16:54:06] [84/326] YFSN
[16:54:07] [85/326] GCSG
[16:54:08] [86/326] ESSM
[16:54:09] [87/326] KRIH
[16:54:09] [88/326] GCDS
[16:54:10] [89/326] CCSH
[16:54:11] [90/326] ACSK
[16:54:12] 🔄 Identity reset
[16:54:12] 🔄 Identity rotated (every 10 requests)
[16:54:12] [91/326] APRK
[16:54:13] [92/326] ADKM
[16:54:14] [93/326] SRDM
[16:54:15] [94/326] SJMY
[16:54:16] [95/326] PGGC
[16:54:17] [96/326] INGM
[16:54:17] [97/326] LSCB
[16:54:18] [98/326] STAD
[16:54:19] [99/326] MCCR
[16:54:21] [100/326] ABCC
[16:54:22] 🔄 Identity reset
[16:54:22] 🔄 Identity rotated (every 10 requests)
[16:54:22] [101/326] RKCC
[16:54:24] [102/326] RTCR
[16:54:25] [103/326] GGBC
[16:54:25] [104/326] GCSD
[16:54:26] [105/326] LPTY
[16:54:27] [106/326] MCFD
[16:54:28] [107/326] HENN
[16:54:29] [108/326] SMKU
[16:54:30] [109/326] TNZC
[16:54:31] [110/326] DRCD
[16:54:31] 🔄 Identity reset
[16:54:31] 🔄 Identity rotated (every 10 requests)
[16:54:32] [111/326] DLCD
[16:54:32] [112/326] RCDA
[16:54:34] [113/326] COSM
[16:54:35] [114/326] MCMJ
[16:54:36] [115/326] CSTR
[16:54:37] [116/326] CVDK
[16:54:38] [117/326] INRR
[16:54:39] [118/326] RJRT
[16:54:41] [119/326] IRMR
[16:54:42] [120/326] SRCF
[16:54:42] 🔄 Identity reset
[16:54:42] 🔄 Identity rotated (every 10 requests)
[16:54:43] [121/326] GRCR
[16:54:44] [122/326] SURC
[16:54:45] [123/326] NMNH
[16:54:45] [124/326] SVBL
[16:54:46] [125/326] KACI
[16:54:48] [126/326] TDGO
[16:54:49] [127/326] KTBR
[16:54:51] [128/326] PMAD
[16:54:51] [129/326] CCPN
[16:54:53] [130/326] SBTK
[16:54:53] 🔄 Identity reset
[16:54:53] 🔄 Identity rotated (every 10 requests)
[16:54:53] [131/326] LMDK
[16:54:54] [132/326] PGDA
[16:54:55] [133/326] SRML
[16:54:56] [134/326] EVCK
[16:54:57] [135/326] RTTK
[16:54:58] [136/326] SRTU
[16:55:00] [137/326] VRSA
[16:55:00] [138/326] VARS
[16:55:01] [139/326] DSCZ
[16:55:02] [140/326] GAGA
[16:55:03] 🔄 Identity reset
[16:55:03] 🔄 Identity rotated (every 10 requests)
[16:55:03] [141/326] SARV
[16:55:04] [142/326] SEEG
[16:55:05] [143/326] GLCA
[16:55:06] [144/326] APAS
[16:55:07] [145/326] VCIA
[16:55:08] [146/326] SJTA
[16:55:09] [147/326] SABM
[16:55:10] [148/326] PPAG
[16:55:10] [149/326] RVCA
[16:55:11] [150/326] CCIA
[16:55:12] 🔄 Identity reset
[16:55:12] 🔄 Identity rotated (every 10 requests)
[16:55:12] [151/326] HTAG
[16:55:13] [152/326] SMBI
[16:55:14] [153/326] MCJR
[16:55:15] [154/326] CCJR
[16:55:16] [155/326] SINF
[16:55:17] [156/326] CPLX
[16:55:18] [157/326] KKTJ
[16:55:19] [158/326] GDBW
[16:55:20] [159/326] CSUB
[16:55:21] [160/326] DABA
[16:55:21] 🔄 Identity reset
[16:55:21] 🔄 Identity rotated (every 10 requests)
[16:55:22] [161/326] TITR
[16:55:24] [162/326] NYCR
[16:55:24] [163/326] RTRY
[16:55:25] [164/326] JTJL
[16:55:26] [165/326] SJCP
[16:55:27] [166/326] KCCA
[16:55:28] [167/326] MLPG
[16:55:29] [168/326] VRCK
[16:55:30] [169/326] SRIN
[16:55:31] [170/326] CXMK
[16:55:32] 🔄 Identity reset
[16:55:32] 🔄 Identity rotated (every 10 requests)
[16:55:32] [171/326] SKAD
[16:55:33] [172/326] AVTR
[16:55:34] [173/326] PTAJ
[16:55:35] [174/326] SCNK
[16:55:36] [175/326] STTI
[16:55:38] [176/326] KACR
[16:55:39] [177/326] SSDX
[16:55:39] [178/326] VRTJ
[16:55:40] [179/326] RAJD
[16:55:41] [180/326] SCIP
[16:55:42] 🔄 Identity reset
[16:55:42] 🔄 Identity rotated (every 10 requests)
[16:55:42] [181/326] RJSL
[16:55:43] [182/326] ARRS
[16:55:44] [183/326] ASMS
[16:55:45] [184/326] RDTS
[16:55:46] [185/326] DVMY
[16:55:48] [186/326] RASA
[16:55:49] [187/326] INOM
[16:55:49] [188/326] SPRS
[16:55:50] [189/326] SGCS
[16:55:52] [190/326] SALM
[16:55:52] 🔄 Identity reset
[16:55:53] 🔄 Identity rotated (every 10 requests)
[16:55:54] [191/326] PKHC
[16:55:55] [192/326] RCSV
[16:55:55] [193/326] CPKC
[16:55:56] [194/326] AACD
[16:55:57] [195/326] GGCV
[16:55:58] [196/326] SMKD
[16:55:59] [197/326] NBCH
[16:56:01] [198/326] AMCB
[16:56:02] [199/326] OPCN
[16:56:03] [200/326] DCIN
[16:56:03] 🔄 Identity reset
[16:56:03] 🔄 Identity rotated (every 10 requests)
[16:56:04] [201/326] INGW
[16:56:04] [202/326] PKKW
[16:56:05] [203/326] FNGW
[16:56:06] [204/326] GCGD
[16:56:07] [205/326] MSTW
[16:56:08] [206/326] KCCG
[16:56:09] [207/326] MRSS
[16:56:10] [208/326] CLCF
[16:56:11] [209/326] EETS
[16:56:12] [210/326] AATR
[16:56:13] 🔄 Identity reset
[16:56:13] 🔄 Identity rotated (every 10 requests)
[16:56:13] [211/326] CMMN
[16:56:14] [212/326] SCCJ
[16:56:15] [213/326] CDTK
[16:56:16] [214/326] AICP
[16:56:17] [215/326] FNBP
[16:56:18] [216/326] CBPB
[16:56:18] [217/326] CPAS
[16:56:19] [218/326] MAPM
[16:56:20] [219/326] PASD
[16:56:22] [220/326] JCMN
[16:56:22] 🔄 Identity reset
[16:56:22] 🔄 Identity rotated (every 10 requests)
[16:56:23] [221/326] MALB
[16:56:24] [222/326] SACG
[16:56:25] [223/326] DDRX
[16:56:26] [224/326] DDXB
[16:56:27] [225/326] RAMC
[16:56:28] [226/326] SANC
[16:56:28] [227/326] BCBP
[16:56:29] [228/326] ALPC
[16:56:30] [229/326] RBAC
[16:56:31] [230/326] RAJL
[16:56:32] 🔄 Identity reset
[16:56:32] 🔄 Identity rotated (every 10 requests)
[16:56:32] [231/326] MPDX
[16:56:33] [232/326] MUSC
[16:56:34] [233/326] VKMK
[16:56:35] [234/326] SKCG
[16:56:36] [235/326] ANCN
[16:56:37] [236/326] MMCJ
[16:56:38] [237/326] DCAK
[16:56:39] [238/326] SCKG
[16:56:40] [239/326] LMCK
[16:56:41] [240/326] CKKX
[16:56:41] 🔄 Identity reset
[16:56:42] 🔄 Identity rotated (every 10 requests)
[16:56:42] [241/326] ANKU
[16:56:43] [242/326] CSMD
[16:56:44] [243/326] MKMP
[16:56:45] [244/326] SVBG
[16:56:46] [245/326] ROOP
[16:56:46] [246/326] GDMT
[16:56:47] [247/326] FPPF
[16:56:48] [248/326] SFUU
[16:56:49] [249/326] ANCB
[16:56:50] [250/326] SMMC
[16:56:51] 🔄 Identity reset
[16:56:51] 🔄 Identity rotated (every 10 requests)
[16:56:51] [251/326] UGKT
[16:56:52] [252/326] JVRM
[16:56:53] [253/326] BATG
[16:56:54] [254/326] RATE
[16:56:55] [255/326] SKME
[16:56:56] [256/326] LMTP
[16:56:57] [257/326] TCBD
[16:56:58] [258/326] ESBD
[16:56:59] [259/326] GDCU
[16:57:00] [260/326] SNKT
[16:57:00] 🔄 Identity reset
[16:57:01] 🔄 Identity rotated (every 10 requests)
[16:57:01] [261/326] SRNK
[16:57:02] [262/326] SMED
[16:57:03] [263/326] CSQS
[16:57:04] [264/326] ALCS
[16:57:05] [265/326] KCKN
[16:57:06] [266/326] VCCL
[16:57:07] [267/326] MCDA
[16:57:08] [268/326] SHMI
[16:57:08] [269/326] SKHA
[16:57:09] [270/326] SVFK
[16:57:10] 🔄 Identity reset
[16:57:10] 🔄 Identity rotated (every 10 requests)
[16:57:10] [271/326] INVB
[16:57:11] [272/326] MELD
[16:57:12] [273/326] JTYS
[16:57:13] [274/326] INCM
[16:57:14] [275/326] MCDV
[16:57:15] [276/326] KSGK
[16:57:16] [277/326] ICMG
[16:57:17] [278/326] CSCV
[16:57:18] [279/326] STMD
[16:57:19] [280/326] STTR
[16:57:19] 🔄 Identity reset
[16:57:19] 🔄 Identity rotated (every 10 requests)
[16:57:20] [281/326] INVC
[16:57:20] [282/326] JTBL
[16:57:22] [283/326] SRVV
[16:57:23] [284/326] MAVC
[16:57:24] [285/326] SRPP
[16:57:25] [286/326] JGDM
[16:57:26] [287/326] MBSJ
[16:57:26] [288/326] SSLL
[16:57:27] [289/326] SLKP
[16:57:28] [290/326] NSRV
[16:57:29] 🔄 Identity reset
[16:57:29] 🔄 Identity rotated (every 10 requests)
[16:57:29] [291/326] UTDV
[16:57:30] [292/326] KICM
[16:57:31] [293/326] KCMD
[16:57:32] [294/326] TTPP
[16:57:33] [295/326] KMPV
[16:57:34] [296/326] SKTV
[16:57:34] [297/326] STCV
[16:57:35] [298/326] SRDA
[16:57:36] [299/326] JTSX
[16:57:37] [300/326] STBV
[16:57:37] 🔄 Identity reset
[16:57:37] 🔄 Identity rotated (every 10 requests)
[16:57:39] [301/326] APVZ
[16:57:40] [302/326] GSTV
[16:57:41] [303/326] NMVS
[16:57:42] [304/326] SKRT
[16:57:42] [305/326] RMDV
[16:57:43] [306/326] RATG
[16:57:44] [307/326] SJYV
[16:57:45] [308/326] NDGP
[16:57:46] [309/326] SNDG
[16:57:47] [310/326] INSR
[16:57:47] 🔄 Identity reset
[16:57:47] 🔄 Identity rotated (every 10 requests)
[16:57:48] [311/326] INSO
[16:57:49] [312/326] CCSI
[16:57:50] [313/326] RASM
[16:57:51] [314/326] NEWC
[16:57:52] [315/326] VSHL
[16:57:53] [316/326] BISW
[16:57:54] [317/326] GCNG
[16:57:54] [318/326] CWSC
[16:57:55] [319/326] SKAN
[16:57:56] [320/326] CCOA
[16:57:57] 🔄 Identity reset
[16:57:57] 🔄 Identity rotated (every 10 requests)
[16:57:57] [321/326] MCAJ
[16:57:58] [322/326] ACDE
[16:57:59] [323/326] AACM
[16:58:00] [324/326] JJCK
[16:58:01] [325/326] RCMO
[16:58:02] [326/326] GDAW
[16:58:04] 🧹 Deduping shows
[16:58:04] ✅ DONE | Shows=306 | Movies=27
