[16:53:23] 🚀 SCRIPT STARTED (enhanced anti‑detection)
[16:53:23] [1/326] BSAT
[16:53:23] 🧠 New identity created
[16:53:24] [2/326] RSSM
[16:53:25] [3/326] GCTA
[16:53:25] [4/326] TOPN
[16:53:26] [5/326] MCUS
[16:53:28] [6/326] SHRL
[16:53:29] [7/326] UPTP
[16:53:30] [8/326] TMMP
[16:53:31] [9/326] DNRP
[16:53:33] [10/326] SRLT
[16:53:33] 🔄 Identity reset
[16:53:33] 🔄 Identity rotated (every 10 requests)
[16:53:33] [11/326] RCNS
[16:53:35] [12/326] DCBH
[16:53:35] [13/326] NAGJ
[16:53:36] [14/326] JVRC
[16:53:37] [15/326] KRJG
[16:53:38] [16/326] SRTJ
[16:53:39] [17/326] CMXM
[16:53:40] [18/326] STMI
[16:53:41] [19/326] SLST
[16:53:42] [20/326] DTCN
[16:53:42] 🔄 Identity reset
[16:53:42] 🔄 Identity rotated (every 10 requests)
[16:53:43] [21/326] STYN
[16:53:44] [22/326] SZVR
[16:53:45] [23/326] SRKO
[16:53:46] [24/326] JTGT
[16:53:46] [25/326] SVFD
[16:53:47] [26/326] SISD
[16:53:48] [27/326] ABDD
[16:53:49] [28/326] DRCA
[16:53:50] [29/326] AVCS
[16:53:51] [30/326] MVKH
[16:53:52] 🔄 Identity reset
[16:53:52] 🔄 Identity rotated (every 10 requests)
[16:53:53] [31/326] ACPR
[16:53:53] [32/326] STIP
[16:53:54] [33/326] MTRA
[16:53:55] [34/326] RMKH
[16:53:56] [35/326] NKRL
[16:53:57] [36/326] PCWN
[16:53:58] [37/326] BLMT
[16:53:59] [38/326] GDPG
[16:54:00] [39/326] SRMX
[16:54:01] [40/326] JACP
[16:54:02] 🔄 Identity reset
[16:54:02] 🔄 Identity rotated (every 10 requests)
[16:54:02] [41/326] CPSH
[16:54:03] [42/326] MCCD
[16:54:05] [43/326] ECGH
[16:54:05] [44/326] MKCK
[16:54:06] [45/326] SRMM
[16:54:07] [46/326] SKYR
[16:54:08] [47/326] PCKC
[16:54:09] [48/326] JCMA
[16:54:10] [49/326] BSMP
[16:54:11] [50/326] VSPA
[16:54:12] 🔄 Identity reset
[16:54:12] 🔄 Identity rotated (every 10 requests)
[16:54:13] [51/326] DJYA
[16:54:14] [52/326] DIMP
[16:54:15] [53/326] FXDR
[16:54:15] [54/326] SSRC
[16:54:16] [55/326] STHP
[16:54:17] [56/326] CPPD
[16:54:18] [57/326] FCLK
[16:54:19] [58/326] SCPP
[16:54:20] [59/326] DCMJ
[16:54:21] [60/326] RCCR
[16:54:22] 🔄 Identity reset
[16:54:22] 🔄 Identity rotated (every 10 requests)
[16:54:22] [61/326] INMT
[16:54:23] [62/326] LXTK
[16:54:24] [63/326] SRYK
[16:54:25] [64/326] SGDK
[16:54:26] [65/326] PPKA
[16:54:27] [66/326] SPKA
[16:54:28] [67/326] CGHH
[16:54:29] [68/326] DCJN
[16:54:30] [69/326] SRKV
[16:54:32] [70/326] SAJC
[16:54:33] 🔄 Identity reset
[16:54:33] 🔄 Identity rotated (every 10 requests)
[16:54:34] [71/326] SUSR
[16:54:35] [72/326] STYG
[16:54:37] [73/326] NTKP
[16:54:38] [74/326] AKTG
[16:54:39] [75/326] CGCM
[16:54:39] [76/326] TULC
[16:54:41] [77/326] NYYZ
[16:54:41] [78/326] NYBW
[16:54:42] [79/326] MACB
[16:54:43] [80/326] SLVT
[16:54:44] 🔄 Identity reset
[16:54:44] 🔄 Identity rotated (every 10 requests)
[16:54:44] [81/326] SANA
[16:54:45] [82/326] ACMR
[16:54:46] [83/326] CPKN
[16:54:47] [84/326] DLGK
[16:54:48] [85/326] CWCK
[16:54:49] [86/326] FDDH
[16:54:50] [87/326] MMMD
[16:54:51] [88/326] CMEH
[16:54:52] [89/326] GGGV
[16:54:53] [90/326] SPJL
[16:54:54] 🔄 Identity reset
[16:54:54] 🔄 Identity rotated (every 10 requests)
[16:54:54] [91/326] RCCD
[16:54:55] [92/326] STTZ
[16:54:56] [93/326] BTCF
[16:54:58] [94/326] TSTZ
[16:54:59] [95/326] IPMM
[16:55:00] [96/326] PMPW
[16:55:01] [97/326] PCMZ
[16:55:02] [98/326] ESEM
[16:55:03] [99/326] PIPO
[16:55:04] [100/326] MATK
[16:55:05] 🔄 Identity reset
[16:55:05] 🔄 Identity rotated (every 10 requests)
[16:55:05] [101/326] PGHM
[16:55:06] [102/326] CTSR
[16:55:07] [103/326] CYKR
[16:55:07] [104/326] MSCM
[16:55:08] [105/326] RFNP
[16:55:09] [106/326] PDCP
[16:55:10] [107/326] NPSE
[16:55:11] [108/326] MKML
[16:55:13] [109/326] FTDP
[16:55:14] [110/326] MMXA
[16:55:14] 🔄 Identity reset
[16:55:14] 🔄 Identity rotated (every 10 requests)
[16:55:15] [111/326] CEPO
[16:55:16] [112/326] CMVP
[16:55:16] [113/326] SGTH
[16:55:17] [114/326] SAYN
[16:55:18] [115/326] URVS
[16:55:19] [116/326] VJTN
[16:55:20] [117/326] BBYK
[16:55:21] [118/326] SHBO
[16:55:21] [119/326] VCMR
[16:55:22] [120/326] MACT
[16:55:23] 🔄 Identity reset
[16:55:23] 🔄 Identity rotated (every 10 requests)
[16:55:23] [121/326] JMNP
[16:55:24] [122/326] VICS
[16:55:25] [123/326] VCDA
[16:55:26] [124/326] GCMM
[16:55:27] [125/326] INVS
[16:55:28] [126/326] SCGM
[16:55:30] [127/326] PCDA
[16:55:31] [128/326] KDCT
[16:55:32] [129/326] JACS
[16:55:32] [130/326] GMMC
[16:55:33] 🔄 Identity reset
[16:55:33] 🔄 Identity rotated (every 10 requests)
[16:55:33] [131/326] AICM
[16:55:34] [132/326] TJCM
[16:55:35] [133/326] RMTI
[16:55:36] [134/326] SHAC
[16:55:38] [135/326] APJC
[16:55:39] [136/326] GCTG
[16:55:39] [137/326] SSMC
[16:55:40] [138/326] THRM
[16:55:41] [139/326] RBCT
[16:55:42] [140/326] DIKT
[16:55:43] 🔄 Identity reset
[16:55:43] 🔄 Identity rotated (every 10 requests)
[16:55:43] [141/326] MIDL
[16:55:44] [142/326] VCSN
[16:55:45] [143/326] SKTG
[16:55:46] [144/326] SMWC
[16:55:47] [145/326] MNKH
[16:55:48] [146/326] PIAT
[16:55:49] [147/326] LTTP
[16:55:50] [148/326] PTPU
[16:55:51] [149/326] ACMG
[16:55:52] [150/326] SHMM
[16:55:53] 🔄 Identity reset
[16:55:53] 🔄 Identity rotated (every 10 requests)
[16:55:54] [151/326] MCMN
[16:55:55] [152/326] GLDC
[16:55:56] [153/326] HOUT
[16:55:57] [154/326] SVRP
[16:55:58] [155/326] PVDN
[16:55:59] [156/326] SCPY
[16:56:00] [157/326] DTPY
[16:56:01] [158/326] GKCS
[16:56:02] [159/326] NCAM
[16:56:03] [160/326] BSRM
[16:56:03] 🔄 Identity reset
[16:56:03] 🔄 Identity rotated (every 10 requests)
[16:56:04] [161/326] RCLC
[16:56:05] [162/326] SKKD
[16:56:05] [163/326] ACHU
[16:56:07] [164/326] RSCF
[16:56:08] [165/326] IMSH
[16:56:09] [166/326] MACX
[16:56:10] [167/326] HMMW
[16:56:12] [168/326] JTCP
[16:56:13] [169/326] SREN
[16:56:14] [170/326] PJRR
[16:56:14] 🔄 Identity reset
[16:56:14] 🔄 Identity rotated (every 10 requests)
[16:56:15] [171/326] INAC
[16:56:16] [172/326] BMCA
[16:56:17] [173/326] SHCB
[16:56:18] [174/326] GABA
[16:56:19] [175/326] SBCT
[16:56:20] [176/326] GCMA
[16:56:21] [177/326] MYTK
[16:56:22] [178/326] INZS
[16:56:23] [179/326] RMIK
[16:56:24] [180/326] NYCH
[16:56:25] 🔄 Identity reset
[16:56:25] 🔄 Identity rotated (every 10 requests)
[16:56:25] [181/326] RAVE
[16:56:26] [182/326] PSXM
[16:56:27] [183/326] MCGP
[16:56:28] [184/326] PDDK
[16:56:29] [185/326] SPCK
[16:56:30] [186/326] MCRL
[16:56:31] [187/326] MHKT
[16:56:32] [188/326] ANRR
[16:56:33] [189/326] SAPK
[16:56:34] [190/326] NCUK
[16:56:35] 🔄 Identity reset
[16:56:35] 🔄 Identity rotated (every 10 requests)
[16:56:35] [191/326] JUGA
[16:56:36] [192/326] DBSC
[16:56:37] [193/326] LALK
[16:56:39] [194/326] GUCK
[16:56:39] [195/326] STSG
[16:56:40] [196/326] PPPZ
[16:56:41] [197/326] CNCY
[16:56:42] [198/326] MTAR
[16:56:43] [199/326] VNKD
[16:56:44] [200/326] KMAJ
[16:56:45] 🔄 Identity reset
[16:56:45] 🔄 Identity rotated (every 10 requests)
[16:56:45] [201/326] ACXK
[16:56:46] [202/326] UTKC
[16:56:47] [203/326] PBLK
[16:56:48] [204/326] ACBX
[16:56:49] [205/326] PTGM
[16:56:50] [206/326] BTDA
[16:56:51] [207/326] PJMB
[16:56:52] [208/326] TPDA
[16:56:53] [209/326] AMOE
[16:56:54] [210/326] PRHT
[16:56:54] 🔄 Identity reset
[16:56:54] 🔄 Identity rotated (every 10 requests)
[16:56:56] [211/326] PRTA
[16:56:57] [212/326] STAM
[16:56:58] [213/326] MSAA
[16:56:58] [214/326] SDLU
[16:56:59] [215/326] RCHH
[16:57:00] [216/326] KANT
[16:57:01] [217/326] FCRT
[16:57:02] [218/326] DNKM
[16:57:03] [219/326] RYCP
[16:57:04] [220/326] MYRP
[16:57:05] 🔄 Identity reset
[16:57:05] 🔄 Identity rotated (every 10 requests)
[16:57:05] [221/326] PPAK
[16:57:06] [222/326] NVPK
[16:57:07] [223/326] PRMC
[16:57:08] [224/326] JBCS
[16:57:09] [225/326] GXCK
[16:57:10] [226/326] USKO
[16:57:11] [227/326] GTEM
[16:57:12] [228/326] SMBU
[16:57:13] [229/326] VETC
[16:57:14] [230/326] LCDA
[16:57:14] 🔄 Identity reset
[16:57:14] 🔄 Identity rotated (every 10 requests)
[16:57:15] [231/326] MTVT
[16:57:15] [232/326] PYCP
[16:57:16] [233/326] PNSC
[16:57:17] [234/326] PPCC
[16:57:18] [235/326] TGRT
[16:57:19] [236/326] JYOT
[16:57:20] [237/326] SRCZ
[16:57:21] [238/326] SJTE
[16:57:22] [239/326] DESC
[16:57:23] [240/326] JHVN
[16:57:24] 🔄 Identity reset
[16:57:24] 🔄 Identity rotated (every 10 requests)
[16:57:25] [241/326] IPSG
[16:57:26] [242/326] IPCM
[16:57:26] [243/326] PDRS
[16:57:28] [244/326] ANCV
[16:57:29] [245/326] CMVV
[16:57:30] [246/326] SHYP
[16:57:31] [247/326] DNCS
[16:57:31] [248/326] GAJK
[16:57:32] [249/326] AKTN
[16:57:34] [250/326] KAYA
[16:57:34] 🔄 Identity reset
[16:57:34] 🔄 Identity rotated (every 10 requests)
[16:57:35] [251/326] SBRC
[16:57:36] [252/326] CHTP
[16:57:37] [253/326] SHRT
[16:57:38] [254/326] BCKU
[16:57:40] [255/326] FCPS
[16:57:41] [256/326] ARDD
[16:57:42] [257/326] CPCM
[16:57:43] [258/326] CGSM
[16:57:44] [259/326] PSMP
[16:57:45] [260/326] SDAL
[16:57:45] 🔄 Identity reset
[16:57:45] 🔄 Identity rotated (every 10 requests)
[16:57:46] [261/326] RTNB
[16:57:47] [262/326] LMCR
[16:57:47] [263/326] CIMA
[16:57:48] [264/326] RNAS
[16:57:49] [265/326] LITH
[16:57:50] [266/326] PBOX
[16:57:51] [267/326] FRTS
[16:57:52] [268/326] RKIC
[16:57:53] [269/326] PTAI
[16:57:54] [270/326] GCIC
[16:57:55] 🔄 Identity reset
[16:57:55] 🔄 Identity rotated (every 10 requests)
[16:57:56] [271/326] FNAS
[16:57:57] [272/326] SCAR
[16:57:58] [273/326] MTCA
[16:57:59] [274/326] SCTS
[16:58:00] [275/326] SYCS
[16:58:01] [276/326] RDMS
[16:58:02] [277/326] KAMP
[16:58:04] [278/326] ERSD
[16:58:04] [279/326] MJMJ
[16:58:06] [280/326] SRCJ
[16:58:07] 🔄 Identity reset
[16:58:07] 🔄 Identity rotated (every 10 requests)
[16:58:07] [281/326] SCXE
[16:58:08] [282/326] SVFR
[16:58:09] [283/326] BHCS
[16:58:10] [284/326] IMCC
[16:58:11] [285/326] PCBO
[16:58:12] [286/326] PRVN
[16:58:13] [287/326] AUPM
[16:58:14] [288/326] INBW
[16:58:15] [289/326] SVCW
[16:58:17] [290/326] RKCF
[16:58:18] 🔄 Identity reset
[16:58:18] 🔄 Identity rotated (every 10 requests)
[16:58:18] [291/326] UVBH
[16:58:19] [292/326] DNCY
[16:58:20] [293/326] ABCN
[16:58:21] [294/326] PRUR
[16:58:22] [295/326] PFMR
[16:58:23] [296/326] RKCN
[16:58:24] [297/326] CFEA
[16:58:25] [298/326] SDBG
[16:58:26] [299/326] SNAR
[16:58:27] [300/326] YISI
[16:58:28] 🔄 Identity reset
[16:58:28] 🔄 Identity rotated (every 10 requests)
[16:58:28] [301/326] JCFF
[16:58:29] [302/326] VTRK
[16:58:30] [303/326] PCLZ
[16:58:31] [304/326] DIMY
[16:58:32] [305/326] BBTS
[16:58:33] [306/326] GATH
[16:58:34] [307/326] GTMN
[16:58:35] [308/326] VTMH
[16:58:37] [309/326] CCKP
[16:58:38] [310/326] GPKA
[16:58:38] 🔄 Identity reset
[16:58:38] 🔄 Identity rotated (every 10 requests)
[16:58:39] [311/326] MHCL
[16:58:40] [312/326] ATCL
[16:58:41] [313/326] SBCK
[16:58:42] [314/326] AMMR
[16:58:43] [315/326] MADC
[16:58:43] [316/326] TMMA
[16:58:45] [317/326] CACC
[16:58:46] [318/326] CHAL
[16:58:47] [319/326] DURG
[16:58:48] [320/326] GMKU
[16:58:48] 🔄 Identity reset
[16:58:48] 🔄 Identity rotated (every 10 requests)
[16:58:49] [321/326] GECA
[16:58:49] [322/326] KYRR
[16:58:50] [323/326] KSDE
[16:58:51] [324/326] LMCI
[16:58:52] [325/326] NKCP
[16:58:53] [326/326] BGTC
[16:58:54] 🧹 Deduping shows
[16:58:54] ✅ DONE | Shows=387 | Movies=34
