[16:55:42] 🚀 DISTRICT → BMS9 CONVERTER STARTED
[16:55:42] 📅 DATE_CODE: 20261015
[16:55:42] 📅 Date: 2026-10-15
[16:55:42] 🚫 Worker logic: DISABLED
[16:55:42] 🔑 Venue matching: ID ONLY
[16:55:42] 🚫 alldistrictvenues.json: NOT USED
[16:55:42] 🚫 Venue-name matching: NOT USED
[16:55:42] 📍 Selected venue records: 756
[16:55:42] 🎯 Selected venue IDs: 756
[16:55:42] 📡 Fetching Detailed JSON:
[16:55:42]    https://districtdata2026.pages.dev/advance/2026-10-15_Detailed.json
[16:55:42] ✅ Source loaded
[16:55:42]    Source date: 2026-10-15
[16:55:42]    Last updated: 04:52 PM, 09 October 2026
[16:55:42]    Movie keys: 43
[16:55:42] 🎬 Source movie keys: 43
[16:55:42] 🎟️ Selected-venue show rows: 671
[16:55:42] 🚫 Non-selected show rows ignored: 826
[16:55:42] ℹ️ Non-selected venue IDs encountered: 162
[16:55:42]    ⏭️ Source venue ID not selected: 9406
[16:55:42]    ⏭️ Source venue ID not selected: 1971
[16:55:42]    ⏭️ Source venue ID not selected: 1018553
[16:55:42]    ⏭️ Source venue ID not selected: 9865
[16:55:42]    ⏭️ Source venue ID not selected: 1102263
[16:55:42]    ⏭️ Source venue ID not selected: 9886
[16:55:42]    ⏭️ Source venue ID not selected: 7438
[16:55:42]    ⏭️ Source venue ID not selected: 1040325
[16:55:42]    ⏭️ Source venue ID not selected: 1067160
[16:55:42]    ⏭️ Source venue ID not selected: 32812
[16:55:42]    ⏭️ Source venue ID not selected: 9846
[16:55:42]    ⏭️ Source venue ID not selected: 1041639
[16:55:42]    ⏭️ Source venue ID not selected: 9897
[16:55:42]    ⏭️ Source venue ID not selected: 1041438
[16:55:42]    ⏭️ Source venue ID not selected: 62512
[16:55:42]    ⏭️ Source venue ID not selected: 60215
[16:55:42]    ⏭️ Source venue ID not selected: 32340
[16:55:42]    ⏭️ Source venue ID not selected: 1065725
[16:55:42]    ⏭️ Source venue ID not selected: 10230
[16:55:42]    ⏭️ Source venue ID not selected: 24354
[16:55:42]    ... and 142 more
[16:55:42] 📦 Previous shows: 0
[16:55:42] 🆕 Fresh shows: 671
[16:55:42] 📦 Final shows: 671
[16:55:42] ✅ DONE | Shows=671 | Movies=27
[16:55:42] 📄 Detailed: advance/data/20261015/detailed9.json
[16:55:42] 📄 Summary: advance/data/20261015/movie_summary9.json
