[00:16:01] 🚀 BMS DAILY TRACKER STARTED (enhanced anti‑detection)
[00:16:01] [1/458] MBDC
[00:16:02] 🧠 New identity created
[00:16:02] [2/458] CHKM
[00:16:03] [3/458] JTKZ
[00:16:03] [4/458] CMCT
[00:16:04] [5/458] ASHO
[00:16:05] [6/458] ECDG
[00:16:05] [7/458] SPAT
[00:16:06] [8/458] HILC
[00:16:07] [9/458] SPPH
[00:16:07] [10/458] SBHN
[00:16:08] 🔄 Identity reset
[00:16:08] 🔄 Identity rotated (every 10 requests)
[00:16:08] [11/458] RRCA
[00:16:08] [12/458] APAA
[00:16:09] [13/458] RAME
[00:16:10] [14/458] TMMS
[00:16:10] [15/458] BATK
[00:16:11] [16/458] LKOP
[00:16:12] [17/458] AMTT
[00:16:12] [18/458] PTGK
[00:16:13] [19/458] ANRS
[00:16:14] [20/458] VWBW
[00:16:14] 🔄 Identity reset
[00:16:14] 🔄 Identity rotated (every 10 requests)
[00:16:14] [21/458] SVFG
[00:16:15] [22/458] STAT
[00:16:16] [23/458] GDCV
[00:16:16] [24/458] VEBI
[00:16:17] [25/458] VDSS
[00:16:18] [26/458] NTHV
[00:16:19] [27/458] AOCH
[00:16:19] [28/458] KASR
[00:16:20] [29/458] AYCS
[00:16:21] [30/458] SHAI
[00:16:21] 🔄 Identity reset
[00:16:21] 🔄 Identity rotated (every 10 requests)
[00:16:21] [31/458] SKPE
[00:16:22] [32/458] SBTA
[00:16:22] [33/458] RTTD
[00:16:23] [34/458] CCJD
[00:16:24] [35/458] RSJJ
[00:16:24] [36/458] RKND
[00:16:25] [37/458] SVTX
[00:16:26] [38/458] BAKM
[00:16:26] [39/458] SVDC
[00:16:27] [40/458] MNCV
[00:16:27] 🔄 Identity reset
[00:16:27] 🔄 Identity rotated (every 10 requests)
[00:16:27] 🔄 Retry 1/5 for MNCV in 3.0s
[00:16:27] 🔄 Identity reset
[00:16:30] 🧠 New identity created
[00:16:31] [41/458] SJGC
[00:16:31] [42/458] MTPK
[00:16:32] [43/458] GATP
[00:16:33] [44/458] ABTS
[00:16:33] [45/458] ABDE
[00:16:34] [46/458] RCNM
[00:16:35] [47/458] KTHV
[00:16:35] [48/458] MDGJ
[00:16:36] [49/458] SMLM
[00:16:36] 🔄 Identity reset
[00:16:36] 🔄 Identity rotated (every 10 requests)
[00:16:37] [50/458] JTMA
[00:16:37] [51/458] ACKP
[00:16:38] [52/458] SRTA
[00:16:38] [53/458] STAY
[00:16:39] [54/458] MAVO
[00:16:39] [55/458] APTS
[00:16:40] [56/458] OMEA
[00:16:41] [57/458] TTFD
[00:16:41] [58/458] MJCU
[00:16:42] [59/458] CXTE
[00:16:43] 🔄 Identity reset
[00:16:43] 🔄 Identity rotated (every 10 requests)
[00:16:43] 🔄 Retry 1/5 for CXTE in 2.1s
[00:16:43] 🔄 Identity reset
[00:16:45] 🧠 New identity created
[00:16:45] [60/458] CTPX
[00:16:46] [61/458] ASSL
[00:16:46] [62/458] CMVB
[00:16:47] [63/458] VPUR
[00:16:48] [64/458] JJDA
[00:16:48] [65/458] INBL
[00:16:49] [66/458] BIKB
[00:16:50] [67/458] NTBB
[00:16:50] [68/458] GLOB
[00:16:51] 🔄 Identity reset
[00:16:51] 🔄 Identity rotated (every 10 requests)
[00:16:51] [69/458] SNTB
[00:16:52] [70/458] CHGV
[00:16:53] [71/458] SSBZ
[00:16:53] [72/458] PRDB
[00:16:54] [73/458] ISMT
[00:16:55] [74/458] MCSD
[00:16:55] [75/458] JBTT
[00:16:56] [76/458] GEKR
[00:16:57] [77/458] PVUN
[00:16:57] [78/458] NRTB
[00:16:58] 🔄 Identity reset
[00:16:58] 🔄 Identity rotated (every 10 requests)
[00:16:58] [79/458] PRAA
[00:16:59] [80/458] PCBL
[00:16:59] [81/458] PTCM
[00:17:00] [82/458] KHNN
[00:17:01] [83/458] OMJE
[00:17:01] [84/458] STGN
[00:17:02] [85/458] RPMS
[00:17:03] [86/458] NWAD
[00:17:03] [87/458] BLCK
[00:17:04] [88/458] SVAA
[00:17:05] 🔄 Identity reset
[00:17:05] 🔄 Identity rotated (every 10 requests)
[00:17:08] [89/458] URVM
[00:17:08] [90/458] ANTM
[00:17:09] [91/458] VJYM
[00:17:09] [92/458] MAZZ
[00:17:10] [93/458] CSHM
[00:17:10] [94/458] WGMH
[00:17:11] [95/458] SALN
[00:17:12] [96/458] BRTP
[00:17:12] [97/458] SVTA
[00:17:13] [98/458] SBTP
[00:17:14] 🔄 Identity reset
[00:17:14] 🔄 Identity rotated (every 10 requests)
[00:17:14] [99/458] VLSS
[00:17:14] [100/458] SRJA
[00:17:15] [101/458] ANCG
[00:17:16] [102/458] CGGC
[00:17:16] [103/458] CRJA
[00:17:17] [104/458] USCR
[00:17:17] [105/458] MMEF
[00:17:18] [106/458] JCRJ
[00:17:18] [107/458] ADCM
[00:17:19] [108/458] BMYK
[00:17:20] 🔄 Identity reset
[00:17:20] 🔄 Identity rotated (every 10 requests)
[00:17:20] [109/458] KICS
[00:17:20] [110/458] MBBT
[00:17:21] [111/458] MACK
[00:17:21] [112/458] CLDR
[00:17:22] [113/458] JYCR
[00:17:23] [114/458] DCRP
[00:17:23] [115/458] RAHT
[00:17:24] [116/458] CSSM
[00:17:24] [117/458] ATPK
[00:17:25] [118/458] KLRT
[00:17:26] 🔄 Identity reset
[00:17:26] 🔄 Identity rotated (every 10 requests)
[00:17:26] [119/458] SRDD
[00:17:27] [120/458] CKMC
[00:17:27] [121/458] KRVM
[00:17:28] [122/458] AKCP
[00:17:28] [123/458] CNCV
[00:17:29] [124/458] PACT
[00:17:30] [125/458] NATP
[00:17:30] [126/458] PCPK
[00:17:31] [127/458] SMHO
[00:17:32] [128/458] CWTK
[00:17:32] 🔄 Identity reset
[00:17:32] 🔄 Identity rotated (every 10 requests)
[00:17:32] [129/458] RVKZ
[00:17:33] [130/458] ASPD
[00:17:33] [131/458] VTKZ
[00:17:34] [132/458] LCSO
[00:17:35] [133/458] PRDY
[00:17:35] [134/458] RCAP
[00:17:36] [135/458] RGAR
[00:17:37] [136/458] RCAC
[00:17:37] [137/458] PMOD
[00:17:38] [138/458] PVCN
[00:17:38] 🔄 Identity reset
[00:17:38] 🔄 Identity rotated (every 10 requests)
[00:17:39] [139/458] SCRZ
[00:17:39] [140/458] PVPC
[00:17:40] [141/458] STID
[00:17:40] [142/458] NEDD
[00:17:41] [143/458] BNBA
[00:17:42] [144/458] NTCD
[00:17:42] [145/458] OCDE
[00:17:43] [146/458] CCDU
[00:17:44] [147/458] CRXH
[00:17:45] [148/458] VLVT
[00:17:45] 🔄 Identity reset
[00:17:45] 🔄 Identity rotated (every 10 requests)
[00:17:45] [149/458] CICI
[00:17:46] [150/458] SUCB
[00:17:46] [151/458] TCBP
[00:17:47] [152/458] SCCY
[00:17:48] [153/458] LXCY
[00:17:48] [154/458] NCMD
[00:17:49] [155/458] PHCS
[00:17:49] [156/458] DUXR
[00:17:50] [157/458] VNKS
[00:17:51] [158/458] SEDP
[00:17:51] 🔄 Identity reset
[00:17:51] 🔄 Identity rotated (every 10 requests)
[00:17:51] [159/458] SVEN
[00:17:52] [160/458] SRKM
[00:17:53] [161/458] JTLT
[00:17:53] [162/458] SVSS
[00:17:54] [163/458] AMDE
[00:17:54] [164/458] WVRN
[00:17:55] [165/458] ISMG
[00:17:56] [166/458] WVKS
[00:17:56] [167/458] USCG
[00:17:57] [168/458] IOTG
[00:17:57] 🔄 Identity reset
[00:17:57] 🔄 Identity rotated (every 10 requests)
[00:17:58] [169/458] RRJM
[00:17:58] [170/458] EDMP
[00:17:59] [171/458] SCGZ
[00:17:59] [172/458] GMGX
[00:18:00] [173/458] OMTP
[00:18:00] [174/458] MITD
[00:18:01] [175/458] SMMD
[00:18:02] [176/458] STML
[00:18:03] [177/458] MCFS
[00:18:03] [178/458] FPKA
[00:18:04] 🔄 Identity reset
[00:18:04] 🔄 Identity rotated (every 10 requests)
[00:18:04] [179/458] OMLR
[00:18:05] [180/458] KKSC
[00:18:06] [181/458] RVMA
[00:18:06] [182/458] SCLL
[00:18:07] [183/458] SCDK
[00:18:07] [184/458] SXMI
[00:18:08] [185/458] SHDN
[00:18:09] [186/458] PAAD
[00:18:09] [187/458] UUCB
[00:18:10] [188/458] JHOL
[00:18:10] 🔄 Identity reset
[00:18:10] 🔄 Identity rotated (every 10 requests)
[00:18:10] [189/458] SGWT
[00:18:11] [190/458] SRII
[00:18:12] [191/458] SGCK
[00:18:12] [192/458] SVVB
[00:18:13] [193/458] DMHA
[00:18:13] [194/458] PPNL
[00:18:14] [195/458] CPNL
[00:18:15] [196/458] WVLD
[00:18:15] [197/458] PSLV
[00:18:16] [198/458] VTTL
[00:18:17] 🔄 Identity reset
[00:18:17] 🔄 Identity rotated (every 10 requests)
[00:18:17] 🔄 Retry 1/5 for VTTL in 2.5s
[00:18:17] 🔄 Identity reset
[00:18:19] 🧠 New identity created
[00:18:19] [199/458] NPAD
[00:18:20] [200/458] PVCS
[00:18:21] [201/458] MCHL
[00:18:21] [202/458] PPLL
[00:18:22] [203/458] MALO
[00:18:23] [204/458] SWBH
[00:18:23] [205/458] PUGB
[00:18:24] [206/458] INBB
[00:18:25] [207/458] INNS
[00:18:25] 🔄 Identity reset
[00:18:25] 🔄 Identity rotated (every 10 requests)
[00:18:25] [208/458] MCPT
[00:18:26] [209/458] SCMI
[00:18:26] [210/458] OCON
[00:18:27] [211/458] SCSM
[00:18:27] [212/458] RJVN
[00:18:28] [213/458] AMDK
[00:18:29] [214/458] ISMR
[00:18:29] [215/458] SMTD
[00:18:30] [216/458] VTDD
[00:18:31] [217/458] PDDZ
[00:18:31] 🔄 Identity reset
[00:18:31] 🔄 Identity rotated (every 10 requests)
[00:18:31] [218/458] PCCK
[00:18:32] [219/458] INAM
[00:18:33] [220/458] FNKT
[00:18:33] [221/458] GDKA
[00:18:34] [222/458] MAYU
[00:18:35] [223/458] TCGU
[00:18:36] [224/458] KDCA
[00:18:36] [225/458] DOMY
[00:18:37] [226/458] PDDD
[00:18:37] [227/458] BJTS
[00:18:38] 🔄 Identity reset
[00:18:38] 🔄 Identity rotated (every 10 requests)
[00:18:38] [228/458] VTCA
[00:18:39] [229/458] SBTM
[00:18:40] [230/458] SEET
[00:18:40] [231/458] SSTJ
[00:18:41] [232/458] SVNT
[00:18:41] [233/458] PPPR
[00:18:42] [234/458] PVYS
[00:18:43] [235/458] IOSE
[00:18:43] [236/458] ACTV
[00:18:44] [237/458] APVE
[00:18:44] 🔄 Identity reset
[00:18:44] 🔄 Identity rotated (every 10 requests)
[00:18:45] [238/458] TCCL
[00:18:45] [239/458] SCMO
[00:18:46] [240/458] SAUM
[00:18:46] [241/458] KCJS
[00:18:47] [242/458] NJCJ
[00:18:47] [243/458] NECF
[00:18:48] [244/458] CCGW
[00:18:49] [245/458] CCMG
[00:18:50] [246/458] NYRG
[00:18:50] [247/458] NCSQ
[00:18:51] 🔄 Identity reset
[00:18:51] 🔄 Identity rotated (every 10 requests)
[00:18:51] [248/458] GRCG
[00:18:52] [249/458] CCBT
[00:18:53] [250/458] ACGA
[00:18:53] [251/458] INAG
[00:18:54] [252/458] FUCG
[00:18:54] [253/458] AICF
[00:18:55] [254/458] GRGA
[00:18:56] [255/458] GDCN
[00:18:56] [256/458] RRCG
[00:18:57] [257/458] SDCH
[00:18:58] 🔄 Identity reset
[00:18:58] 🔄 Identity rotated (every 10 requests)
[00:18:58] [258/458] WVJM
[00:18:58] [259/458] JCCZ
[00:18:59] [260/458] CNCL
[00:19:00] [261/458] TMLV
[00:19:00] [262/458] MEMB
[00:19:01] [263/458] SGTD
[00:19:02] [264/458] CONX
[00:19:02] [265/458] CCMH
[00:19:03] [266/458] ACMC
[00:19:04] [267/458] DTPD
[00:19:04] 🔄 Identity reset
[00:19:04] 🔄 Identity rotated (every 10 requests)
[00:19:04] [268/458] POJA
[00:19:05] [269/458] FNBH
[00:19:06] [270/458] CGCB
[00:19:06] [271/458] RACN
[00:19:07] [272/458] JTSM
[00:19:08] [273/458] SCDN
[00:19:08] [274/458] AACK
[00:19:09] [275/458] RMCE
[00:19:10] [276/458] BSGB
[00:19:11] [277/458] MRCB
[00:19:11] 🔄 Identity reset
[00:19:11] 🔄 Identity rotated (every 10 requests)
[00:19:11] 🔄 Retry 1/5 for MRCB in 3.0s
[00:19:11] 🔄 Identity reset
[00:19:14] 🧠 New identity created
[00:19:14] [278/458] SRVR
[00:19:15] [279/458] VTKK
[00:19:16] [280/458] AMST
[00:19:16] [281/458] APCY
[00:19:17] [282/458] LMHO
[00:19:17] [283/458] MTZH
[00:19:18] [284/458] AMZB
[00:19:19] [285/458] SUVT
[00:19:19] [286/458] RCIP
[00:19:20] 🔄 Identity reset
[00:19:20] 🔄 Identity rotated (every 10 requests)
[00:19:20] [287/458] KESR
[00:19:21] [288/458] SNKC
[00:19:21] [289/458] SCED
[00:19:22] [290/458] DVCA
[00:19:23] [291/458] VCDT
[00:19:23] [292/458] RRDI
[00:19:24] [293/458] DFCH
[00:19:25] [294/458] INSC
[00:19:26] [295/458] RGTR
[00:19:26] [296/458] FMOT
[00:19:27] 🔄 Identity reset
[00:19:27] 🔄 Identity rotated (every 10 requests)
[00:19:27] 🔄 Retry 1/5 for FMOT in 2.4s
[00:19:27] 🔄 Identity reset
[00:19:29] 🧠 New identity created
[00:19:29] [297/458] SCPM
[00:19:30] [298/458] GCDT
[00:19:30] [299/458] BRKT
[00:19:31] [300/458] DEMP
[00:19:32] [301/458] SRLC
[00:19:32] [302/458] KSTT
[00:19:33] [303/458] SMMT
[00:19:34] [304/458] SILM
[00:19:34] [305/458] JCVM
[00:19:35] 🔄 Identity reset
[00:19:35] 🔄 Identity rotated (every 10 requests)
[00:19:35] [306/458] KCSV
[00:19:36] [307/458] MHLK
[00:19:36] [308/458] SLVL
[00:19:37] [309/458] RJKP
[00:19:38] [310/458] BBPC
[00:19:39] [311/458] MXCB
[00:19:39] [312/458] TCPK
[00:19:40] [313/458] RTBR
[00:19:40] [314/458] GAUT
[00:19:41] [315/458] DVCF
[00:19:42] 🔄 Identity reset
[00:19:42] 🔄 Identity rotated (every 10 requests)
[00:19:42] [316/458] JTSB
[00:19:43] [317/458] SBLS
[00:19:43] [318/458] UDAY
[00:19:44] [319/458] PTNP
[00:19:45] [320/458] DMKT
[00:19:45] [321/458] NTDT
[00:19:46] [322/458] SHDJ
[00:19:47] [323/458] OTNC
[00:19:47] [324/458] RNTW
[00:19:48] [325/458] GCMI
[00:19:49] 🔄 Identity reset
[00:19:49] 🔄 Identity rotated (every 10 requests)
[00:19:49] [326/458] CRCM
[00:19:50] [327/458] NNCZ
[00:19:50] [328/458] OEMO
[00:19:51] [329/458] PVJM
[00:19:52] [330/458] CPJI
[00:19:52] [331/458] RMCJ
[00:19:53] [332/458] CNWJ
[00:19:54] [333/458] EPJM
[00:19:54] [334/458] FNJJ
[00:19:55] [335/458] GCMJ
[00:19:55] 🔄 Identity reset
[00:19:55] 🔄 Identity rotated (every 10 requests)
[00:19:56] [336/458] INPS
[00:19:56] [337/458] BICJ
[00:19:57] [338/458] ISTJ
[00:19:58] [339/458] INJC
[00:19:58] [340/458] GLXJ
[00:19:59] [341/458] INEM
[00:20:00] [342/458] JTMN
[00:20:00] [343/458] FRCJ
[00:20:01] [344/458] DDJP
[00:20:02] [345/458] INJV
[00:20:02] 🔄 Identity reset
[00:20:02] 🔄 Identity rotated (every 10 requests)
[00:20:02] 🔄 Retry 1/5 for INJV in 2.8s
[00:20:02] 🔄 Identity reset
[00:20:05] 🧠 New identity created
[00:20:05] [346/458] GOLC
[00:20:05] [347/458] KOCI
[00:20:06] [348/458] FSTD
[00:20:07] [349/458] PACJ
[00:20:07] [350/458] GMCN
[00:20:08] [351/458] MMDJ
[00:20:09] [352/458] GODH
[00:20:09] [353/458] SKYN
[00:20:10] [354/458] NCTH
[00:20:11] 🔄 Identity reset
[00:20:11] 🔄 Identity rotated (every 10 requests)
[00:20:11] 🔄 Retry 1/5 for NCTH in 3.0s
[00:20:11] 🔄 Identity reset
[00:20:14] 🧠 New identity created
[00:20:14] [355/458] SKVZ
[00:20:15] [356/458] SVML
[00:20:15] [357/458] ACVZ
[00:20:16] [358/458] SURA
[00:20:16] [359/458] RTRB
[00:20:17] [360/458] LLCT
[00:20:18] [361/458] ATTS
[00:20:18] [362/458] JYCM
[00:20:19] [363/458] CTKR
[00:20:20] 🔄 Identity reset
[00:20:20] 🔄 Identity rotated (every 10 requests)
[00:20:20] 🔄 Retry 1/5 for CTKR in 2.8s
[00:20:20] 🔄 Identity reset
[00:20:23] 🧠 New identity created
[00:20:23] [364/458] LCKR
[00:20:23] [365/458] NYCV
[00:20:24] [366/458] NYOH
[00:20:25] [367/458] NOVX
[00:20:25] [368/458] MRGK
[00:20:26] [369/458] MOON
[00:20:27] [370/458] SBUC
[00:20:27] [371/458] GSVA
[00:20:28] [372/458] VIAK
[00:20:29] 🔄 Identity reset
[00:20:29] 🔄 Identity rotated (every 10 requests)
[00:20:29] [373/458] SMVZ
[00:20:29] [374/458] MATE
[00:20:30] [375/458] RDCN
[00:20:31] [376/458] ASBL
[00:20:31] [377/458] ASVS
[00:20:32] [378/458] ASSR
[00:20:33] [379/458] SSKN
[00:20:33] [380/458] DRPV
[00:20:34] [381/458] MRHT
[00:20:34] [382/458] BSCN
[00:20:35] 🔄 Identity reset
[00:20:35] 🔄 Identity rotated (every 10 requests)
[00:20:35] [383/458] RKNX
[00:20:36] [384/458] MSMC
[00:20:36] [385/458] MSCJ
[00:20:37] [386/458] BTBJ
[00:20:38] [387/458] MJCC
[00:20:38] [388/458] IOMM
[00:20:39] [389/458] ADGR
[00:20:39] [390/458] MYCP
[00:20:40] [391/458] IGCM
[00:20:41] [392/458] PGRK
[00:20:42] 🔄 Identity reset
[00:20:42] 🔄 Identity rotated (every 10 requests)
[00:20:42] 🔄 Retry 1/5 for PGRK in 2.2s
[00:20:42] 🔄 Identity reset
[00:20:44] 🧠 New identity created
[00:20:44] 🔄 Retry 2/5 for PGRK in 4.3s
[00:20:44] 🔄 Identity reset
[00:20:48] 🧠 New identity created
[00:20:48] 🔄 Retry 3/5 for PGRK in 8.6s
[00:20:48] 🔄 Identity reset
[00:20:57] 🧠 New identity created
[00:20:57] [393/458] VPGO
[00:20:58] [394/458] KOMS
[00:20:58] [395/458] URGG
[00:20:59] [396/458] GOST
[00:20:59] [397/458] LACT
[00:21:00] [398/458] BWCM
[00:21:01] [399/458] NCCW
[00:21:01] 🔄 Identity reset
[00:21:02] 🔄 Identity rotated (every 10 requests)
[00:21:02] [400/458] SKYC
[00:21:02] [401/458] CCPM
[00:21:03] [402/458] VCBT
[00:21:04] [403/458] SDKR
[00:21:04] [404/458] CTYB
[00:21:05] [405/458] SHCX
[00:21:05] [406/458] RCUN
[00:21:06] [407/458] CNRA
[00:21:07] [408/458] RFCA
[00:21:07] [409/458] RDCU
[00:21:08] 🔄 Identity reset
[00:21:08] 🔄 Identity rotated (every 10 requests)
[00:21:08] [410/458] SARK
[00:21:09] [411/458] SPPP
[00:21:10] [412/458] ADMB
[00:21:11] [413/458] JYOE
[00:21:11] [414/458] SRMD
[00:21:12] [415/458] RJDH
[00:21:13] [416/458] SSTD
[00:21:14] [417/458] AACV
[00:21:14] [418/458] PPVD
[00:21:15] [419/458] STCP
[00:21:15] 🔄 Identity reset
[00:21:15] 🔄 Identity rotated (every 10 requests)
[00:21:15] [420/458] ANLS
[00:21:16] [421/458] BIJO
[00:21:17] [422/458] AVAB
[00:21:17] [423/458] SPMD
[00:21:18] [424/458] SVJL
[00:21:19] [425/458] SDDJ
[00:21:20] [426/458] SLTU
[00:21:20] [427/458] SAKA
[00:21:21] [428/458] PMAM
[00:21:22] [429/458] FNAM
[00:21:22] 🔄 Identity reset
[00:21:22] 🔄 Identity rotated (every 10 requests)
[00:21:22] [430/458] ACAM
[00:21:23] [431/458] SCMM
[00:21:24] [432/458] PMAK
[00:21:24] [433/458] NYSA
[00:21:25] [434/458] FCPA
[00:21:26] [435/458] GDAN
[00:21:27] [436/458] RSCA
[00:21:27] [437/458] DMAN
[00:21:28] [438/458] DZCM
[00:21:29] [439/458] NSGL
[00:21:29] 🔄 Identity reset
[00:21:29] 🔄 Identity rotated (every 10 requests)
[00:21:30] [440/458] CCPP
[00:21:30] [441/458] PSMG
[00:21:31] [442/458] GSER
[00:21:32] [443/458] FCCT
[00:21:32] [444/458] FCTB
[00:21:33] [445/458] LCNK
[00:21:34] [446/458] SKTY
[00:21:34] [447/458] INAA
[00:21:35] [448/458] RCWN
[00:21:35] [449/458] VAIS
[00:21:36] 🔄 Identity reset
[00:21:36] 🔄 Identity rotated (every 10 requests)
[00:21:36] [450/458] CVMN
[00:21:37] [451/458] INTS
[00:21:37] [452/458] FRGS
[00:21:38] [453/458] DTCK
[00:21:39] [454/458] MCMH
[00:21:39] [455/458] ECRR
[00:21:40] [456/458] RLLP
[00:21:41] [457/458] CCSN
[00:21:41] [458/458] CCBA
[00:21:42] ✅ DONE | Shows=0 | Movies=0
[01:16:03] 🚀 BMS DAILY TRACKER STARTED (enhanced anti‑detection)
[01:16:03] [1/458] MBDC
[01:16:04] 🧠 New identity created
[01:16:04] [2/458] CHKM
[01:16:05] [3/458] JTKZ
[01:16:06] [4/458] CMCT
[01:16:07] [5/458] ASHO
[01:16:08] [6/458] ECDG
[01:16:09] [7/458] SPAT
[01:16:10] [8/458] HILC
[01:16:10] [9/458] SPPH
[01:16:11] [10/458] SBHN
[01:16:12] 🔄 Identity reset
[01:16:12] 🔄 Identity rotated (every 10 requests)
[01:16:12] [11/458] RRCA
[01:16:13] [12/458] APAA
[01:16:14] [13/458] RAME
[01:16:15] [14/458] TMMS
[01:16:16] [15/458] BATK
[01:16:17] [16/458] LKOP
[01:16:18] [17/458] AMTT
[01:16:19] [18/458] PTGK
[01:16:20] [19/458] ANRS
[01:16:20] [20/458] VWBW
[01:16:21] 🔄 Identity reset
[01:16:21] 🔄 Identity rotated (every 10 requests)
[01:16:22] [21/458] SVFG
[01:16:23] [22/458] STAT
[01:16:24] [23/458] GDCV
[01:16:25] [24/458] VEBI
[01:16:26] [25/458] VDSS
[01:16:27] [26/458] NTHV
[01:16:28] [27/458] AOCH
[01:16:29] [28/458] KASR
[01:16:30] [29/458] AYCS
[01:16:31] [30/458] SHAI
[01:16:31] 🔄 Identity reset
[01:16:31] 🔄 Identity rotated (every 10 requests)
[01:16:33] [31/458] SKPE
[01:16:33] [32/458] SBTA
[01:16:34] [33/458] RTTD
[01:16:35] [34/458] CCJD
[01:16:36] [35/458] RSJJ
[01:16:37] [36/458] RKND
[01:16:38] [37/458] SVTX
[01:16:39] [38/458] BAKM
[01:16:40] [39/458] SVDC
[01:16:41] [40/458] MNCV
[01:16:42] 🔄 Identity reset
[01:16:42] 🔄 Identity rotated (every 10 requests)
[01:16:42] [41/458] SJGC
[01:16:43] [42/458] MTPK
[01:16:44] [43/458] GATP
[01:16:45] [44/458] ABTS
[01:16:46] [45/458] ABDE
[01:16:47] [46/458] RCNM
[01:16:48] [47/458] KTHV
[01:16:49] [48/458] MDGJ
[01:16:50] [49/458] SMLM
[01:16:51] [50/458] JTMA
[01:16:52] 🔄 Identity reset
[01:16:52] 🔄 Identity rotated (every 10 requests)
[01:16:53] [51/458] ACKP
[01:16:54] [52/458] SRTA
[01:16:55] [53/458] STAY
[01:16:56] [54/458] MAVO
[01:16:58] [55/458] APTS
[01:16:58] [56/458] OMEA
[01:16:59] [57/458] TTFD
[01:17:00] [58/458] MJCU
[01:17:01] [59/458] CXTE
[01:17:03] [60/458] CTPX
[01:17:03] 🔄 Identity reset
[01:17:03] 🔄 Identity rotated (every 10 requests)
[01:17:04] [61/458] ASSL
[01:17:05] [62/458] CMVB
[01:17:06] [63/458] VPUR
[01:17:07] [64/458] JJDA
[01:17:08] [65/458] INBL
[01:17:09] [66/458] BIKB
[01:17:10] [67/458] NTBB
[01:17:11] [68/458] GLOB
[01:17:12] [69/458] SNTB
[01:17:13] [70/458] CHGV
[01:17:13] 🔄 Identity reset
[01:17:13] 🔄 Identity rotated (every 10 requests)
[01:17:14] [71/458] SSBZ
[01:17:15] [72/458] PRDB
[01:17:15] [73/458] ISMT
[01:17:16] [74/458] MCSD
[01:17:17] [75/458] JBTT
[01:17:18] [76/458] GEKR
[01:17:20] [77/458] PVUN
[01:17:21] [78/458] NRTB
[01:17:22] [79/458] PRAA
[01:17:23] [80/458] PCBL
[01:17:23] 🔄 Identity reset
[01:17:23] 🔄 Identity rotated (every 10 requests)
[01:17:24] [81/458] PTCM
[01:17:25] [82/458] KHNN
[01:17:26] [83/458] OMJE
[01:17:27] [84/458] STGN
[01:17:28] [85/458] RPMS
[01:17:29] [86/458] NWAD
[01:17:30] [87/458] BLCK
[01:17:31] [88/458] SVAA
[01:17:32] [89/458] URVM
[01:17:33] [90/458] ANTM
[01:17:33] 🔄 Identity reset
[01:17:33] 🔄 Identity rotated (every 10 requests)
[01:17:34] [91/458] VJYM
[01:17:35] [92/458] MAZZ
[01:17:36] [93/458] CSHM
[01:17:36] [94/458] WGMH
[01:17:37] [95/458] SALN
[01:17:39] [96/458] BRTP
[01:17:39] [97/458] SVTA
[01:17:40] [98/458] SBTP
[01:17:41] [99/458] VLSS
[01:17:42] [100/458] SRJA
[01:17:43] 🔄 Identity reset
[01:17:43] 🔄 Identity rotated (every 10 requests)
[01:17:44] [101/458] ANCG
[01:17:45] [102/458] CGGC
[01:17:45] [103/458] CRJA
[01:17:46] [104/458] USCR
[01:17:47] [105/458] MMEF
[01:17:48] [106/458] JCRJ
[01:17:49] [107/458] ADCM
[01:17:50] [108/458] BMYK
[01:17:51] [109/458] KICS
[01:17:52] [110/458] MBBT
[01:17:52] 🔄 Identity reset
[01:17:52] 🔄 Identity rotated (every 10 requests)
[01:17:53] [111/458] MACK
[01:17:54] [112/458] CLDR
[01:17:55] [113/458] JYCR
[01:17:56] [114/458] DCRP
[01:17:57] [115/458] RAHT
[01:17:57] [116/458] CSSM
[01:17:58] [117/458] ATPK
[01:17:59] [118/458] KLRT
[01:18:00] [119/458] SRDD
[01:18:01] [120/458] CKMC
[01:18:01] 🔄 Identity reset
[01:18:01] 🔄 Identity rotated (every 10 requests)
[01:18:02] [121/458] KRVM
[01:18:03] [122/458] AKCP
[01:18:04] [123/458] CNCV
[01:18:04] [124/458] PACT
[01:18:05] [125/458] NATP
[01:18:06] [126/458] PCPK
[01:18:07] [127/458] SMHO
[01:18:08] [128/458] CWTK
[01:18:09] [129/458] RVKZ
[01:18:10] [130/458] ASPD
[01:18:10] 🔄 Identity reset
[01:18:10] 🔄 Identity rotated (every 10 requests)
[01:18:10] 🔄 Retry 1/5 for ASPD in 2.3s
[01:18:10] 🔄 Identity reset
[01:18:13] 🧠 New identity created
[01:18:14] [131/458] VTKZ
[01:18:15] [132/458] LCSO
[01:18:16] [133/458] PRDY
[01:18:16] [134/458] RCAP
[01:18:17] [135/458] RGAR
[01:18:19] [136/458] RCAC
[01:18:20] [137/458] PMOD
[01:18:21] [138/458] PVCN
[01:18:22] [139/458] SCRZ
[01:18:23] 🔄 Identity reset
[01:18:23] 🔄 Identity rotated (every 10 requests)
[01:18:23] [140/458] PVPC
[01:18:24] [141/458] STID
[01:18:25] [142/458] NEDD
[01:18:26] [143/458] BNBA
[01:18:27] [144/458] NTCD
[01:18:28] [145/458] OCDE
[01:18:29] [146/458] CCDU
[01:18:30] [147/458] CRXH
[01:18:31] [148/458] VLVT
[01:18:32] [149/458] CICI
[01:18:32] 🔄 Identity reset
[01:18:32] 🔄 Identity rotated (every 10 requests)
[01:18:32] 🔄 Retry 1/5 for CICI in 2.5s
[01:18:32] 🔄 Identity reset
[01:18:35] 🧠 New identity created
[01:18:36] [150/458] SUCB
[01:18:37] [151/458] TCBP
[01:18:38] [152/458] SCCY
[01:18:40] [153/458] LXCY
[01:18:40] [154/458] NCMD
[01:18:41] [155/458] PHCS
[01:18:42] [156/458] DUXR
[01:18:43] [157/458] VNKS
[01:18:44] [158/458] SEDP
[01:18:45] 🔄 Identity reset
[01:18:45] 🔄 Identity rotated (every 10 requests)
[01:18:46] [159/458] SVEN
[01:18:47] [160/458] SRKM
[01:18:48] [161/458] JTLT
[01:18:49] [162/458] SVSS
[01:18:51] [163/458] AMDE
[01:18:51] [164/458] WVRN
[01:18:52] [165/458] ISMG
[01:18:53] [166/458] WVKS
[01:18:54] [167/458] USCG
[01:18:55] [168/458] IOTG
[01:18:56] 🔄 Identity reset
[01:18:56] 🔄 Identity rotated (every 10 requests)
[01:18:56] [169/458] RRJM
[01:18:58] [170/458] EDMP
[01:18:59] [171/458] SCGZ
[01:19:00] [172/458] GMGX
[01:19:00] [173/458] OMTP
[01:19:01] [174/458] MITD
[01:19:02] [175/458] SMMD
[01:19:03] [176/458] STML
[01:19:04] [177/458] MCFS
[01:19:05] [178/458] FPKA
[01:19:06] 🔄 Identity reset
[01:19:06] 🔄 Identity rotated (every 10 requests)
[01:19:06] [179/458] OMLR
[01:19:07] [180/458] KKSC
[01:19:08] [181/458] RVMA
[01:19:09] [182/458] SCLL
[01:19:10] [183/458] SCDK
[01:19:11] [184/458] SXMI
[01:19:12] [185/458] SHDN
[01:19:12] [186/458] PAAD
[01:19:13] [187/458] UUCB
[01:19:14] [188/458] JHOL
[01:19:15] 🔄 Identity reset
[01:19:15] 🔄 Identity rotated (every 10 requests)
[01:19:15] 🔄 Retry 1/5 for JHOL in 2.5s
[01:19:15] 🔄 Identity reset
[01:19:17] 🧠 New identity created
[01:19:18] [189/458] SGWT
[01:19:19] [190/458] SRII
[01:19:20] [191/458] SGCK
[01:19:21] [192/458] SVVB
[01:19:22] [193/458] DMHA
[01:19:23] [194/458] PPNL
[01:19:25] [195/458] CPNL
[01:19:26] [196/458] WVLD
[01:19:27] [197/458] PSLV
[01:19:28] 🔄 Identity reset
[01:19:28] 🔄 Identity rotated (every 10 requests)
[01:19:28] [198/458] VTTL
[01:19:29] [199/458] NPAD
[01:19:30] [200/458] PVCS
[01:19:31] [201/458] MCHL
[01:19:32] [202/458] PPLL
[01:19:32] [203/458] MALO
[01:19:33] [204/458] SWBH
[01:19:34] [205/458] PUGB
[01:19:35] [206/458] INBB
[01:19:36] [207/458] INNS
[01:19:37] 🔄 Identity reset
[01:19:37] 🔄 Identity rotated (every 10 requests)
[01:19:37] [208/458] MCPT
[01:19:38] [209/458] SCMI
[01:19:39] [210/458] OCON
[01:19:41] [211/458] SCSM
[01:19:42] [212/458] RJVN
[01:19:42] [213/458] AMDK
[01:19:43] [214/458] ISMR
[01:19:45] [215/458] SMTD
[01:19:46] [216/458] VTDD
[01:19:47] [217/458] PDDZ
[01:19:47] 🔄 Identity reset
[01:19:47] 🔄 Identity rotated (every 10 requests)
[01:19:49] [218/458] PCCK
[01:19:50] [219/458] INAM
[01:19:51] [220/458] FNKT
[01:19:51] [221/458] GDKA
[01:19:53] [222/458] MAYU
[01:19:54] [223/458] TCGU
[01:19:55] [224/458] KDCA
[01:19:56] [225/458] DOMY
[01:19:57] [226/458] PDDD
[01:19:58] [227/458] BJTS
[01:19:59] 🔄 Identity reset
[01:19:59] 🔄 Identity rotated (every 10 requests)
[01:19:59] 🔄 Retry 1/5 for BJTS in 2.0s
[01:19:59] 🔄 Identity reset
[01:20:01] 🧠 New identity created
[01:20:01] [228/458] VTCA
[01:20:02] [229/458] SBTM
[01:20:03] [230/458] SEET
[01:20:04] [231/458] SSTJ
[01:20:05] [232/458] SVNT
[01:20:06] [233/458] PPPR
[01:20:07] [234/458] PVYS
[01:20:08] [235/458] IOSE
[01:20:09] [236/458] ACTV
[01:20:09] 🔄 Identity reset
[01:20:09] 🔄 Identity rotated (every 10 requests)
[01:20:11] [237/458] APVE
[01:20:11] [238/458] TCCL
[01:20:13] [239/458] SCMO
[01:20:14] [240/458] SAUM
[01:20:15] [241/458] KCJS
[01:20:16] [242/458] NJCJ
[01:20:17] [243/458] NECF
[01:20:18] [244/458] CCGW
[01:20:19] [245/458] CCMG
[01:20:20] [246/458] NYRG
[01:20:20] 🔄 Identity reset
[01:20:21] 🔄 Identity rotated (every 10 requests)
[01:20:22] [247/458] NCSQ
[01:20:23] [248/458] GRCG
[01:20:24] [249/458] CCBT
[01:20:25] [250/458] ACGA
[01:20:26] [251/458] INAG
[01:20:27] [252/458] FUCG
[01:20:28] [253/458] AICF
[01:20:29] [254/458] GRGA
[01:20:30] [255/458] GDCN
[01:20:31] [256/458] RRCG
[01:20:31] 🔄 Identity reset
[01:20:31] 🔄 Identity rotated (every 10 requests)
[01:20:31] [257/458] SDCH
[01:20:32] [258/458] WVJM
[01:20:33] [259/458] JCCZ
[01:20:34] [260/458] CNCL
[01:20:35] [261/458] TMLV
[01:20:36] [262/458] MEMB
[01:20:37] [263/458] SGTD
[01:20:38] [264/458] CONX
[01:20:39] [265/458] CCMH
[01:20:40] [266/458] ACMC
[01:20:41] 🔄 Identity reset
[01:20:41] 🔄 Identity rotated (every 10 requests)
[01:20:42] [267/458] DTPD
[01:20:43] [268/458] POJA
[01:20:44] [269/458] FNBH
[01:20:45] [270/458] CGCB
[01:20:46] [271/458] RACN
[01:20:47] [272/458] JTSM
[01:20:48] [273/458] SCDN
[01:20:49] [274/458] AACK
[01:20:50] [275/458] RMCE
[01:20:50] [276/458] BSGB
[01:20:51] 🔄 Identity reset
[01:20:51] 🔄 Identity rotated (every 10 requests)
[01:20:52] [277/458] MRCB
[01:20:52] [278/458] SRVR
[01:20:53] [279/458] VTKK
[01:20:54] [280/458] AMST
[01:20:55] [281/458] APCY
[01:20:56] [282/458] LMHO
[01:20:57] [283/458] MTZH
[01:20:58] [284/458] AMZB
[01:20:59] [285/458] SUVT
[01:21:00] [286/458] RCIP
[01:21:00] 🔄 Identity reset
[01:21:00] 🔄 Identity rotated (every 10 requests)
[01:21:01] [287/458] KESR
[01:21:01] [288/458] SNKC
[01:21:02] [289/458] SCED
[01:21:03] [290/458] DVCA
[01:21:04] [291/458] VCDT
[01:21:05] [292/458] RRDI
[01:21:06] [293/458] DFCH
[01:21:08] [294/458] INSC
[01:21:09] [295/458] RGTR
[01:21:10] [296/458] FMOT
[01:21:10] 🔄 Identity reset
[01:21:10] 🔄 Identity rotated (every 10 requests)
[01:21:11] 🔄 Retry 1/5 for FMOT in 2.5s
[01:21:11] 🔄 Identity reset
[01:21:13] 🧠 New identity created
[01:21:14] [297/458] SCPM
[01:21:14] [298/458] GCDT
[01:21:16] [299/458] BRKT
[01:21:17] [300/458] DEMP
[01:21:18] [301/458] SRLC
[01:21:19] [302/458] KSTT
[01:21:20] [303/458] SMMT
[01:21:21] [304/458] SILM
[01:21:22] [305/458] JCVM
[01:21:22] 🔄 Identity reset
[01:21:22] 🔄 Identity rotated (every 10 requests)
[01:21:23] [306/458] KCSV
[01:21:23] [307/458] MHLK
[01:21:24] [308/458] SLVL
[01:21:25] [309/458] RJKP
[01:21:26] [310/458] BBPC
[01:21:27] [311/458] MXCB
[01:21:28] [312/458] TCPK
[01:21:29] [313/458] RTBR
[01:21:30] [314/458] GAUT
[01:21:30] [315/458] DVCF
[01:21:31] 🔄 Identity reset
[01:21:31] 🔄 Identity rotated (every 10 requests)
[01:21:31] [316/458] JTSB
[01:21:32] [317/458] SBLS
[01:21:33] [318/458] UDAY
[01:21:34] [319/458] PTNP
[01:21:35] [320/458] DMKT
[01:21:36] [321/458] NTDT
[01:21:37] [322/458] SHDJ
[01:21:38] [323/458] OTNC
[01:21:39] [324/458] RNTW
[01:21:41] [325/458] GCMI
[01:21:41] 🔄 Identity reset
[01:21:41] 🔄 Identity rotated (every 10 requests)
[01:21:42] [326/458] CRCM
[01:21:43] [327/458] NNCZ
[01:21:43] [328/458] OEMO
[01:21:45] [329/458] PVJM
[01:21:46] [330/458] CPJI
[01:21:47] [331/458] RMCJ
[01:21:47] [332/458] CNWJ
[01:21:48] [333/458] EPJM
[01:21:49] [334/458] FNJJ
[01:21:50] [335/458] GCMJ
[01:21:51] 🔄 Identity reset
[01:21:51] 🔄 Identity rotated (every 10 requests)
[01:21:51] 🔄 Retry 1/5 for GCMJ in 2.2s
[01:21:51] 🔄 Identity reset
[01:21:53] 🧠 New identity created
[01:21:54] [336/458] INPS
[01:21:55] [337/458] BICJ
[01:21:56] [338/458] ISTJ
[01:21:57] [339/458] INJC
[01:21:58] [340/458] GLXJ
[01:21:59] [341/458] INEM
[01:22:00] [342/458] JTMN
[01:22:01] [343/458] FRCJ
[01:22:02] [344/458] DDJP
[01:22:03] 🔄 Identity reset
[01:22:03] 🔄 Identity rotated (every 10 requests)
[01:22:04] [345/458] INJV
[01:22:05] [346/458] GOLC
[01:22:06] [347/458] KOCI
[01:22:07] [348/458] FSTD
[01:22:07] [349/458] PACJ
[01:22:08] [350/458] GMCN
[01:22:09] [351/458] MMDJ
[01:22:10] [352/458] GODH
[01:22:11] [353/458] SKYN
[01:22:12] [354/458] NCTH
[01:22:12] 🔄 Identity reset
[01:22:13] 🔄 Identity rotated (every 10 requests)
[01:22:13] [355/458] SKVZ
[01:22:14] [356/458] SVML
[01:22:15] [357/458] ACVZ
[01:22:16] [358/458] SURA
[01:22:17] [359/458] RTRB
[01:22:18] [360/458] LLCT
[01:22:19] [361/458] ATTS
[01:22:20] [362/458] JYCM
[01:22:21] [363/458] CTKR
[01:22:22] [364/458] LCKR
[01:22:23] 🔄 Identity reset
[01:22:23] 🔄 Identity rotated (every 10 requests)
[01:22:23] [365/458] NYCV
[01:22:24] [366/458] NYOH
[01:22:25] [367/458] NOVX
[01:22:26] [368/458] MRGK
[01:22:28] [369/458] MOON
[01:22:29] [370/458] SBUC
[01:22:30] [371/458] GSVA
[01:22:31] [372/458] VIAK
[01:22:32] [373/458] SMVZ
[01:22:33] [374/458] MATE
[01:22:33] 🔄 Identity reset
[01:22:33] 🔄 Identity rotated (every 10 requests)
[01:22:34] [375/458] RDCN
[01:22:35] [376/458] ASBL
[01:22:36] [377/458] ASVS
[01:22:37] [378/458] ASSR
[01:22:38] [379/458] SSKN
[01:22:39] [380/458] DRPV
[01:22:40] [381/458] MRHT
[01:22:41] [382/458] BSCN
[01:22:42] [383/458] RKNX
[01:22:42] [384/458] MSMC
[01:22:43] 🔄 Identity reset
[01:22:43] 🔄 Identity rotated (every 10 requests)
[01:22:44] [385/458] MSCJ
[01:22:45] [386/458] BTBJ
[01:22:46] [387/458] MJCC
[01:22:48] [388/458] IOMM
[01:22:49] [389/458] ADGR
[01:22:49] [390/458] MYCP
[01:22:50] [391/458] IGCM
[01:22:51] [392/458] PGRK
[01:22:52] [393/458] VPGO
[01:22:53] [394/458] KOMS
[01:22:54] 🔄 Identity reset
[01:22:54] 🔄 Identity rotated (every 10 requests)
[01:22:54] [395/458] URGG
[01:22:55] [396/458] GOST
[01:22:56] [397/458] LACT
[01:22:58] [398/458] BWCM
[01:22:59] [399/458] NCCW
[01:23:00] [400/458] SKYC
[01:23:01] [401/458] CCPM
[01:23:02] [402/458] VCBT
[01:23:03] [403/458] SDKR
[01:23:04] [404/458] CTYB
[01:23:04] 🔄 Identity reset
[01:23:04] 🔄 Identity rotated (every 10 requests)
[01:23:05] [405/458] SHCX
[01:23:06] [406/458] RCUN
[01:23:06] [407/458] CNRA
[01:23:08] [408/458] RFCA
[01:23:08] [409/458] RDCU
[01:23:09] [410/458] SARK
[01:23:10] [411/458] SPPP
[01:23:11] [412/458] ADMB
[01:23:13] [413/458] JYOE
[01:23:13] [414/458] SRMD
[01:23:14] 🔄 Identity reset
[01:23:14] 🔄 Identity rotated (every 10 requests)
[01:23:15] [415/458] RJDH
[01:23:16] [416/458] SSTD
[01:23:17] [417/458] AACV
[01:23:17] [418/458] PPVD
[01:23:18] [419/458] STCP
[01:23:19] [420/458] ANLS
[01:23:20] [421/458] BIJO
[01:23:21] [422/458] AVAB
[01:23:22] [423/458] SPMD
[01:23:23] [424/458] SVJL
[01:23:23] 🔄 Identity reset
[01:23:24] 🔄 Identity rotated (every 10 requests)
[01:23:24] [425/458] SDDJ
[01:23:25] [426/458] SLTU
[01:23:26] [427/458] SAKA
[01:23:26] [428/458] PMAM
[01:23:27] [429/458] FNAM
[01:23:28] [430/458] ACAM
[01:23:29] [431/458] SCMM
[01:23:30] [432/458] PMAK
[01:23:31] [433/458] NYSA
[01:23:32] [434/458] FCPA
[01:23:32] 🔄 Identity reset
[01:23:33] 🔄 Identity rotated (every 10 requests)
[01:23:33] [435/458] GDAN
[01:23:34] [436/458] RSCA
[01:23:35] [437/458] DMAN
[01:23:36] [438/458] DZCM
[01:23:37] [439/458] NSGL
[01:23:38] [440/458] CCPP
[01:23:39] [441/458] PSMG
[01:23:40] [442/458] GSER
[01:23:41] [443/458] FCCT
[01:23:42] [444/458] FCTB
[01:23:42] 🔄 Identity reset
[01:23:42] 🔄 Identity rotated (every 10 requests)
[01:23:42] [445/458] LCNK
[01:23:43] [446/458] SKTY
[01:23:44] [447/458] INAA
[01:23:45] [448/458] RCWN
[01:23:46] [449/458] VAIS
[01:23:47] [450/458] CVMN
[01:23:48] [451/458] INTS
[01:23:49] [452/458] FRGS
[01:23:50] [453/458] DTCK
[01:23:51] [454/458] MCMH
[01:23:52] 🔄 Identity reset
[01:23:52] 🔄 Identity rotated (every 10 requests)
[01:23:52] [455/458] ECRR
[01:23:53] [456/458] RLLP
[01:23:54] [457/458] CCSN
[01:23:56] [458/458] CCBA
[01:23:57] ✅ DONE | Shows=0 | Movies=0
[02:16:03] 🚀 BMS DAILY TRACKER STARTED (enhanced anti‑detection)
[02:16:03] [1/458] MBDC
[02:16:04] 🧠 New identity created
[02:16:04] 🔄 Retry 1/5 for MBDC in 2.9s
[02:16:04] 🔄 Identity reset
[02:16:07] 🧠 New identity created
[02:16:07] 🔄 Retry 2/5 for MBDC in 4.9s
[02:16:07] 🔄 Identity reset
[02:16:12] 🧠 New identity created
[02:16:12] [2/458] CHKM
[02:16:13] [3/458] JTKZ
[02:16:14] [4/458] CMCT
[02:16:16] [5/458] ASHO
[02:16:17] [6/458] ECDG
[02:16:18] [7/458] SPAT
[02:16:19] [8/458] HILC
[02:16:20] 🔄 Identity reset
[02:16:20] 🔄 Identity rotated (every 10 requests)
[02:16:20] 🔄 Retry 1/5 for HILC in 2.7s
[02:16:20] 🔄 Identity reset
[02:16:23] 🧠 New identity created
[02:16:23] [9/458] SPPH
[02:16:24] [10/458] SBHN
[02:16:25] [11/458] RRCA
[02:16:25] [12/458] APAA
[02:16:26] [13/458] RAME
[02:16:27] [14/458] TMMS
[02:16:28] [15/458] BATK
[02:16:28] [16/458] LKOP
[02:16:30] [17/458] AMTT
[02:16:30] 🔄 Identity reset
[02:16:30] 🔄 Identity rotated (every 10 requests)
[02:16:31] [18/458] PTGK
[02:16:32] [19/458] ANRS
[02:16:33] [20/458] VWBW
[02:16:34] [21/458] SVFG
[02:16:35] [22/458] STAT
[02:16:36] [23/458] GDCV
[02:16:36] [24/458] VEBI
[02:16:37] [25/458] VDSS
[02:16:38] [26/458] NTHV
[02:16:39] [27/458] AOCH
[02:16:39] 🔄 Identity reset
[02:16:39] 🔄 Identity rotated (every 10 requests)
[02:16:39] 🔄 Retry 1/5 for AOCH in 2.1s
[02:16:39] 🔄 Identity reset
[02:16:41] 🧠 New identity created
[02:16:42] 🔄 Retry 2/5 for AOCH in 4.6s
[02:16:42] 🔄 Identity reset
[02:16:46] 🧠 New identity created
[02:16:46] [28/458] KASR
[02:16:47] [29/458] AYCS
[02:16:48] [30/458] SHAI
[02:16:49] [31/458] SKPE
[02:16:50] [32/458] SBTA
[02:16:51] [33/458] RTTD
[02:16:52] [34/458] CCJD
[02:16:53] [35/458] RSJJ
[02:16:54] 🔄 Identity reset
[02:16:54] 🔄 Identity rotated (every 10 requests)
[02:16:54] 🔄 Retry 1/5 for RSJJ in 2.0s
[02:16:54] 🔄 Identity reset
[02:16:56] 🧠 New identity created
[02:16:56] 🔄 Retry 2/5 for RSJJ in 4.1s
[02:16:56] 🔄 Identity reset
[02:17:00] 🧠 New identity created
[02:17:01] [36/458] RKND
[02:17:02] [37/458] SVTX
[02:17:03] [38/458] BAKM
[02:17:03] [39/458] SVDC
[02:17:04] [40/458] MNCV
[02:17:05] [41/458] SJGC
[02:17:06] [42/458] MTPK
[02:17:07] [43/458] GATP
[02:17:08] 🔄 Identity reset
[02:17:08] 🔄 Identity rotated (every 10 requests)
[02:17:08] [44/458] ABTS
[02:17:09] [45/458] ABDE
[02:17:10] [46/458] RCNM
[02:17:11] [47/458] KTHV
[02:17:11] [48/458] MDGJ
[02:17:12] [49/458] SMLM
[02:17:13] [50/458] JTMA
[02:17:14] [51/458] ACKP
[02:17:15] [52/458] SRTA
[02:17:16] [53/458] STAY
[02:17:16] 🔄 Identity reset
[02:17:16] 🔄 Identity rotated (every 10 requests)
[02:17:17] [54/458] MAVO
[02:17:18] [55/458] APTS
[02:17:18] [56/458] OMEA
[02:17:20] [57/458] TTFD
[02:17:21] [58/458] MJCU
[02:17:22] [59/458] CXTE
[02:17:23] [60/458] CTPX
[02:17:23] [61/458] ASSL
[02:17:24] [62/458] CMVB
[02:17:25] [63/458] VPUR
[02:17:26] 🔄 Identity reset
[02:17:26] 🔄 Identity rotated (every 10 requests)
[02:17:26] [64/458] JJDA
[02:17:27] [65/458] INBL
[02:17:28] [66/458] BIKB
[02:17:29] [67/458] NTBB
[02:17:30] [68/458] GLOB
[02:17:31] [69/458] SNTB
[02:17:32] [70/458] CHGV
[02:17:33] [71/458] SSBZ
[02:17:34] [72/458] PRDB
[02:17:35] [73/458] ISMT
[02:17:35] 🔄 Identity reset
[02:17:35] 🔄 Identity rotated (every 10 requests)
[02:17:36] [74/458] MCSD
[02:17:37] [75/458] JBTT
[02:17:38] [76/458] GEKR
[02:17:38] [77/458] PVUN
[02:17:39] [78/458] NRTB
[02:17:41] [79/458] PRAA
[02:17:42] [80/458] PCBL
[02:17:43] [81/458] PTCM
[02:17:43] [82/458] KHNN
[02:17:44] [83/458] OMJE
[02:17:45] 🔄 Identity reset
[02:17:45] 🔄 Identity rotated (every 10 requests)
[02:17:45] [84/458] STGN
[02:17:46] [85/458] RPMS
[02:17:47] [86/458] NWAD
[02:17:47] [87/458] BLCK
[02:17:48] [88/458] SVAA
[02:17:49] [89/458] URVM
[02:17:50] [90/458] ANTM
[02:17:51] [91/458] VJYM
[02:17:51] [92/458] MAZZ
[02:17:52] [93/458] CSHM
[02:17:53] 🔄 Identity reset
[02:17:53] 🔄 Identity rotated (every 10 requests)
[02:17:53] [94/458] WGMH
[02:17:54] [95/458] SALN
[02:17:55] [96/458] BRTP
[02:17:56] [97/458] SVTA
[02:17:57] [98/458] SBTP
[02:17:58] [99/458] VLSS
[02:17:59] [100/458] SRJA
[02:18:00] [101/458] ANCG
[02:18:00] [102/458] CGGC
[02:18:02] [103/458] CRJA
[02:18:03] 🔄 Identity reset
[02:18:03] 🔄 Identity rotated (every 10 requests)
[02:18:03] [104/458] USCR
[02:18:04] [105/458] MMEF
[02:18:05] [106/458] JCRJ
[02:18:06] [107/458] ADCM
[02:18:07] [108/458] BMYK
[02:18:07] [109/458] KICS
[02:18:09] [110/458] MBBT
[02:18:10] [111/458] MACK
[02:18:11] [112/458] CLDR
[02:18:12] [113/458] JYCR
[02:18:12] 🔄 Identity reset
[02:18:12] 🔄 Identity rotated (every 10 requests)
[02:18:12] [114/458] DCRP
[02:18:13] [115/458] RAHT
[02:18:14] [116/458] CSSM
[02:18:14] [117/458] ATPK
[02:18:15] [118/458] KLRT
[02:18:16] [119/458] SRDD
[02:18:17] [120/458] CKMC
[02:18:18] [121/458] KRVM
[02:18:19] [122/458] AKCP
[02:18:20] [123/458] CNCV
[02:18:20] 🔄 Identity reset
[02:18:20] 🔄 Identity rotated (every 10 requests)
[02:18:21] [124/458] PACT
[02:18:22] [125/458] NATP
[02:18:23] [126/458] PCPK
[02:18:24] [127/458] SMHO
[02:18:25] [128/458] CWTK
[02:18:26] [129/458] RVKZ
[02:18:27] [130/458] ASPD
[02:18:27] [131/458] VTKZ
[02:18:28] [132/458] LCSO
[02:18:29] [133/458] PRDY
[02:18:30] 🔄 Identity reset
[02:18:30] 🔄 Identity rotated (every 10 requests)
[02:18:30] [134/458] RCAP
[02:18:31] [135/458] RGAR
[02:18:32] [136/458] RCAC
[02:18:32] [137/458] PMOD
[02:18:34] [138/458] PVCN
[02:18:34] [139/458] SCRZ
[02:18:35] [140/458] PVPC
[02:18:36] [141/458] STID
[02:18:37] [142/458] NEDD
[02:18:38] [143/458] BNBA
[02:18:38] 🔄 Identity reset
[02:18:38] 🔄 Identity rotated (every 10 requests)
[02:18:39] [144/458] NTCD
[02:18:40] [145/458] OCDE
[02:18:40] [146/458] CCDU
[02:18:41] [147/458] CRXH
[02:18:42] [148/458] VLVT
[02:18:43] [149/458] CICI
[02:18:44] [150/458] SUCB
[02:18:45] [151/458] TCBP
[02:18:46] [152/458] SCCY
[02:18:47] [153/458] LXCY
[02:18:47] 🔄 Identity reset
[02:18:47] 🔄 Identity rotated (every 10 requests)
[02:18:47] [154/458] NCMD
[02:18:48] [155/458] PHCS
[02:18:49] [156/458] DUXR
[02:18:50] [157/458] VNKS
[02:18:51] [158/458] SEDP
[02:18:52] [159/458] SVEN
[02:18:53] [160/458] SRKM
[02:18:54] [161/458] JTLT
[02:18:55] [162/458] SVSS
[02:18:56] [163/458] AMDE
[02:18:57] 🔄 Identity reset
[02:18:57] 🔄 Identity rotated (every 10 requests)
[02:18:57] [164/458] WVRN
[02:18:58] [165/458] ISMG
[02:18:59] [166/458] WVKS
[02:19:00] [167/458] USCG
[02:19:00] [168/458] IOTG
[02:19:02] [169/458] RRJM
[02:19:03] [170/458] EDMP
[02:19:04] [171/458] SCGZ
[02:19:05] [172/458] GMGX
[02:19:05] [173/458] OMTP
[02:19:06] 🔄 Identity reset
[02:19:06] 🔄 Identity rotated (every 10 requests)
[02:19:06] 🔄 Retry 1/5 for OMTP in 2.9s
[02:19:06] 🔄 Identity reset
[02:19:09] 🧠 New identity created
[02:19:09] [174/458] MITD
[02:19:11] [175/458] SMMD
[02:19:11] [176/458] STML
[02:19:12] [177/458] MCFS
[02:19:13] [178/458] FPKA
[02:19:14] [179/458] OMLR
[02:19:14] [180/458] KKSC
[02:19:15] [181/458] RVMA
[02:19:16] [182/458] SCLL
[02:19:17] 🔄 Identity reset
[02:19:17] 🔄 Identity rotated (every 10 requests)
[02:19:17] [183/458] SCDK
[02:19:18] [184/458] SXMI
[02:19:19] [185/458] SHDN
[02:19:20] [186/458] PAAD
[02:19:21] [187/458] UUCB
[02:19:21] [188/458] JHOL
[02:19:22] [189/458] SGWT
[02:19:23] [190/458] SRII
[02:19:24] [191/458] SGCK
[02:19:25] [192/458] SVVB
[02:19:25] 🔄 Identity reset
[02:19:25] 🔄 Identity rotated (every 10 requests)
[02:19:25] [193/458] DMHA
[02:19:26] [194/458] PPNL
[02:19:27] [195/458] CPNL
[02:19:29] [196/458] WVLD
[02:19:30] [197/458] PSLV
[02:19:30] [198/458] VTTL
[02:19:31] [199/458] NPAD
[02:19:32] [200/458] PVCS
[02:19:33] [201/458] MCHL
[02:19:34] [202/458] PPLL
[02:19:34] 🔄 Identity reset
[02:19:34] 🔄 Identity rotated (every 10 requests)
[02:19:35] [203/458] MALO
[02:19:36] [204/458] SWBH
[02:19:37] [205/458] PUGB
[02:19:38] [206/458] INBB
[02:19:39] [207/458] INNS
[02:19:40] [208/458] MCPT
[02:19:41] [209/458] SCMI
[02:19:41] [210/458] OCON
[02:19:42] [211/458] SCSM
[02:19:43] [212/458] RJVN
[02:19:44] 🔄 Identity reset
[02:19:44] 🔄 Identity rotated (every 10 requests)
[02:19:44] 🔄 Retry 1/5 for RJVN in 3.0s
[02:19:44] 🔄 Identity reset
[02:19:47] 🧠 New identity created
[02:19:48] [213/458] AMDK
[02:19:49] [214/458] ISMR
[02:19:50] [215/458] SMTD
[02:19:51] [216/458] VTDD
[02:19:52] [217/458] PDDZ
[02:19:53] [218/458] PCCK
[02:19:54] [219/458] INAM
[02:19:54] [220/458] FNKT
[02:19:55] [221/458] GDKA
[02:19:56] 🔄 Identity reset
[02:19:56] 🔄 Identity rotated (every 10 requests)
[02:19:56] [222/458] MAYU
[02:19:57] [223/458] TCGU
[02:19:57] [224/458] KDCA
[02:19:58] [225/458] DOMY
[02:19:58] [226/458] PDDD
[02:19:59] [227/458] BJTS
[02:20:00] [228/458] VTCA
[02:20:01] [229/458] SBTM
[02:20:01] [230/458] SEET
[02:20:02] [231/458] SSTJ
[02:20:03] 🔄 Identity reset
[02:20:03] 🔄 Identity rotated (every 10 requests)
[02:20:03] [232/458] SVNT
[02:20:03] [233/458] PPPR
[02:20:04] [234/458] PVYS
[02:20:05] [235/458] IOSE
[02:20:05] [236/458] ACTV
[02:20:06] [237/458] APVE
[02:20:06] [238/458] TCCL
[02:20:07] [239/458] SCMO
[02:20:08] [240/458] SAUM
[02:20:08] [241/458] KCJS
[02:20:09] 🔄 Identity reset
[02:20:09] 🔄 Identity rotated (every 10 requests)
[02:20:09] [242/458] NJCJ
[02:20:10] [243/458] NECF
[02:20:10] [244/458] CCGW
[02:20:11] [245/458] CCMG
[02:20:12] [246/458] NYRG
[02:20:12] [247/458] NCSQ
[02:20:13] [248/458] GRCG
[02:20:14] [249/458] CCBT
[02:20:14] [250/458] ACGA
[02:20:15] [251/458] INAG
[02:20:15] 🔄 Identity reset
[02:20:15] 🔄 Identity rotated (every 10 requests)
[02:20:15] [252/458] FUCG
[02:20:16] [253/458] AICF
[02:20:17] [254/458] GRGA
[02:20:17] [255/458] GDCN
[02:20:18] [256/458] RRCG
[02:20:19] [257/458] SDCH
[02:20:19] [258/458] WVJM
[02:20:20] [259/458] JCCZ
[02:20:22] [260/458] CNCL
[02:20:23] [261/458] TMLV
[02:20:24] 🔄 Identity reset
[02:20:24] 🔄 Identity rotated (every 10 requests)
[02:20:24] [262/458] MEMB
[02:20:24] [263/458] SGTD
[02:20:25] [264/458] CONX
[02:20:26] [265/458] CCMH
[02:20:26] [266/458] ACMC
[02:20:27] [267/458] DTPD
[02:20:27] [268/458] POJA
[02:20:28] [269/458] FNBH
[02:20:29] [270/458] CGCB
[02:20:29] [271/458] RACN
[02:20:30] 🔄 Identity reset
[02:20:30] 🔄 Identity rotated (every 10 requests)
[02:20:30] [272/458] JTSM
[02:20:31] [273/458] SCDN
[02:20:31] [274/458] AACK
[02:20:32] [275/458] RMCE
[02:20:33] [276/458] BSGB
[02:20:33] [277/458] MRCB
[02:20:34] [278/458] SRVR
[02:20:35] [279/458] VTKK
[02:20:35] [280/458] AMST
[02:20:36] [281/458] APCY
[02:20:36] 🔄 Identity reset
[02:20:36] 🔄 Identity rotated (every 10 requests)
[02:20:36] 🔄 Retry 1/5 for APCY in 2.2s
[02:20:36] 🔄 Identity reset
[02:20:39] 🧠 New identity created
[02:20:39] 🔄 Retry 2/5 for APCY in 4.0s
[02:20:39] 🔄 Identity reset
[02:20:43] 🧠 New identity created
[02:20:43] [282/458] LMHO
[02:20:44] [283/458] MTZH
[02:20:44] [284/458] AMZB
[02:20:45] [285/458] SUVT
[02:20:45] [286/458] RCIP
[02:20:46] [287/458] KESR
[02:20:46] [288/458] SNKC
[02:20:47] [289/458] SCED
[02:20:48] 🔄 Identity reset
[02:20:48] 🔄 Identity rotated (every 10 requests)
[02:20:48] 🔄 Retry 1/5 for SCED in 2.9s
[02:20:48] 🔄 Identity reset
[02:20:51] 🧠 New identity created
[02:20:51] [290/458] DVCA
[02:20:51] [291/458] VCDT
[02:20:52] [292/458] RRDI
[02:20:53] [293/458] DFCH
[02:20:53] [294/458] INSC
[02:20:54] [295/458] RGTR
[02:20:55] [296/458] FMOT
[02:20:55] [297/458] SCPM
[02:20:56] [298/458] GCDT
[02:20:57] 🔄 Identity reset
[02:20:57] 🔄 Identity rotated (every 10 requests)
[02:20:57] [299/458] BRKT
[02:20:57] [300/458] DEMP
[02:20:58] [301/458] SRLC
[02:20:59] [302/458] KSTT
[02:21:00] [303/458] SMMT
[02:21:00] [304/458] SILM
[02:21:01] [305/458] JCVM
[02:21:01] [306/458] KCSV
[02:21:02] [307/458] MHLK
[02:21:02] [308/458] SLVL
[02:21:03] 🔄 Identity reset
[02:21:03] 🔄 Identity rotated (every 10 requests)
[02:21:03] [309/458] RJKP
[02:21:04] [310/458] BBPC
[02:21:05] [311/458] MXCB
[02:21:05] [312/458] TCPK
[02:21:06] [313/458] RTBR
[02:21:07] [314/458] GAUT
[02:21:07] [315/458] DVCF
[02:21:08] [316/458] JTSB
[02:21:08] [317/458] SBLS
[02:21:09] [318/458] UDAY
[02:21:10] 🔄 Identity reset
[02:21:10] 🔄 Identity rotated (every 10 requests)
[02:21:10] [319/458] PTNP
[02:21:11] [320/458] DMKT
[02:21:11] [321/458] NTDT
[02:21:12] [322/458] SHDJ
[02:21:12] [323/458] OTNC
[02:21:13] [324/458] RNTW
[02:21:13] [325/458] GCMI
[02:21:14] [326/458] CRCM
[02:21:15] [327/458] NNCZ
[02:21:15] [328/458] OEMO
[02:21:16] 🔄 Identity reset
[02:21:16] 🔄 Identity rotated (every 10 requests)
[02:21:16] [329/458] PVJM
[02:21:17] [330/458] CPJI
[02:21:17] [331/458] RMCJ
[02:21:18] [332/458] CNWJ
[02:21:18] [333/458] EPJM
[02:21:19] [334/458] FNJJ
[02:21:20] [335/458] GCMJ
[02:21:20] [336/458] INPS
[02:21:21] [337/458] BICJ
[02:21:22] [338/458] ISTJ
[02:21:23] 🔄 Identity reset
[02:21:23] 🔄 Identity rotated (every 10 requests)
[02:21:23] 🔄 Retry 1/5 for ISTJ in 2.7s
[02:21:23] 🔄 Identity reset
[02:21:25] 🧠 New identity created
[02:21:25] [339/458] INJC
[02:21:26] [340/458] GLXJ
[02:21:27] [341/458] INEM
[02:21:27] [342/458] JTMN
[02:21:28] [343/458] FRCJ
[02:21:29] [344/458] DDJP
[02:21:29] [345/458] INJV
[02:21:30] [346/458] GOLC
[02:21:31] [347/458] KOCI
[02:21:31] 🔄 Identity reset
[02:21:31] 🔄 Identity rotated (every 10 requests)
[02:21:31] [348/458] FSTD
[02:21:32] [349/458] PACJ
[02:21:33] [350/458] GMCN
[02:21:33] [351/458] MMDJ
[02:21:34] [352/458] GODH
[02:21:35] [353/458] SKYN
[02:21:36] [354/458] NCTH
[02:21:36] [355/458] SKVZ
[02:21:37] [356/458] SVML
[02:21:37] [357/458] ACVZ
[02:21:38] 🔄 Identity reset
[02:21:38] 🔄 Identity rotated (every 10 requests)
[02:21:38] [358/458] SURA
[02:21:39] [359/458] RTRB
[02:21:39] [360/458] LLCT
[02:21:40] [361/458] ATTS
[02:21:40] [362/458] JYCM
[02:21:41] [363/458] CTKR
[02:21:41] [364/458] LCKR
[02:21:42] [365/458] NYCV
[02:21:43] [366/458] NYOH
[02:21:43] [367/458] NOVX
[02:21:44] 🔄 Identity reset
[02:21:44] 🔄 Identity rotated (every 10 requests)
[02:21:44] 🔄 Retry 1/5 for NOVX in 2.5s
[02:21:44] 🔄 Identity reset
[02:21:47] 🧠 New identity created
[02:21:47] 🔄 Retry 2/5 for NOVX in 4.8s
[02:21:47] 🔄 Identity reset
[02:21:52] 🧠 New identity created
[02:21:52] [368/458] MRGK
[02:21:52] [369/458] MOON
[02:21:53] [370/458] SBUC
[02:21:54] [371/458] GSVA
[02:21:54] [372/458] VIAK
[02:21:55] [373/458] SMVZ
[02:21:56] [374/458] MATE
[02:21:56] [375/458] RDCN
[02:21:57] 🔄 Identity reset
[02:21:57] 🔄 Identity rotated (every 10 requests)
[02:21:57] [376/458] ASBL
[02:21:58] [377/458] ASVS
[02:21:58] [378/458] ASSR
[02:21:59] [379/458] SSKN
[02:21:59] [380/458] DRPV
[02:22:00] [381/458] MRHT
[02:22:01] [382/458] BSCN
[02:22:02] [383/458] RKNX
[02:22:02] [384/458] MSMC
[02:22:03] [385/458] MSCJ
[02:22:04] 🔄 Identity reset
[02:22:04] 🔄 Identity rotated (every 10 requests)
[02:22:04] [386/458] BTBJ
[02:22:04] [387/458] MJCC
[02:22:05] [388/458] IOMM
[02:22:06] [389/458] ADGR
[02:22:06] [390/458] MYCP
[02:22:07] [391/458] IGCM
[02:22:08] [392/458] PGRK
[02:22:08] [393/458] VPGO
[02:22:09] [394/458] KOMS
[02:22:09] [395/458] URGG
[02:22:10] 🔄 Identity reset
[02:22:10] 🔄 Identity rotated (every 10 requests)
[02:22:10] [396/458] GOST
[02:22:11] [397/458] LACT
[02:22:11] [398/458] BWCM
[02:22:12] [399/458] NCCW
[02:22:13] [400/458] SKYC
[02:22:13] [401/458] CCPM
[02:22:14] [402/458] VCBT
[02:22:14] [403/458] SDKR
[02:22:15] [404/458] CTYB
[02:22:16] [405/458] SHCX
[02:22:16] 🔄 Identity reset
[02:22:16] 🔄 Identity rotated (every 10 requests)
[02:22:16] [406/458] RCUN
[02:22:17] [407/458] CNRA
[02:22:18] [408/458] RFCA
[02:22:18] [409/458] RDCU
[02:22:19] [410/458] SARK
[02:22:19] [411/458] SPPP
[02:22:20] [412/458] ADMB
[02:22:21] [413/458] JYOE
[02:22:22] [414/458] SRMD
[02:22:22] [415/458] RJDH
[02:22:23] 🔄 Identity reset
[02:22:23] 🔄 Identity rotated (every 10 requests)
[02:22:23] [416/458] SSTD
[02:22:23] [417/458] AACV
[02:22:24] [418/458] PPVD
[02:22:24] [419/458] STCP
[02:22:25] [420/458] ANLS
[02:22:26] [421/458] BIJO
[02:22:26] [422/458] AVAB
[02:22:27] [423/458] SPMD
[02:22:28] [424/458] SVJL
[02:22:28] [425/458] SDDJ
[02:22:29] 🔄 Identity reset
[02:22:29] 🔄 Identity rotated (every 10 requests)
[02:22:29] [426/458] SLTU
[02:22:29] [427/458] SAKA
[02:22:30] [428/458] PMAM
[02:22:31] [429/458] FNAM
[02:22:32] [430/458] ACAM
[02:22:32] [431/458] SCMM
[02:22:33] [432/458] PMAK
[02:22:33] [433/458] NYSA
[02:22:34] [434/458] FCPA
[02:22:35] [435/458] GDAN
[02:22:35] 🔄 Identity reset
[02:22:35] 🔄 Identity rotated (every 10 requests)
[02:22:35] [436/458] RSCA
[02:22:36] [437/458] DMAN
[02:22:37] [438/458] DZCM
[02:22:37] [439/458] NSGL
[02:22:38] [440/458] CCPP
[02:22:38] [441/458] PSMG
[02:22:39] [442/458] GSER
[02:22:40] [443/458] FCCT
[02:22:40] [444/458] FCTB
[02:22:41] [445/458] LCNK
[02:22:42] 🔄 Identity reset
[02:22:42] 🔄 Identity rotated (every 10 requests)
[02:22:42] [446/458] SKTY
[02:22:42] [447/458] INAA
[02:22:43] [448/458] RCWN
[02:22:43] [449/458] VAIS
[02:22:44] [450/458] CVMN
[02:22:45] [451/458] INTS
[02:22:45] [452/458] FRGS
[02:22:46] [453/458] DTCK
[02:22:47] [454/458] MCMH
[02:22:47] [455/458] ECRR
[02:22:48] 🔄 Identity reset
[02:22:48] 🔄 Identity rotated (every 10 requests)
[02:22:48] [456/458] RLLP
[02:22:49] [457/458] CCSN
[02:22:49] [458/458] CCBA
[02:22:50] ✅ DONE | Shows=0 | Movies=0
