[00:16:02] 🚀 BMS DAILY TRACKER STARTED (enhanced anti‑detection)
[00:16:02] [1/456] FNDB
[00:16:03] 🧠 New identity created
[00:16:03] [2/456] AMBH
[00:16:04] [3/456] PRHN
[00:16:04] [4/456] ACPM
[00:16:05] [5/456] PVFS
[00:16:06] [6/456] AACN
[00:16:06] [7/456] ACAS
[00:16:07] [8/456] CTNR
[00:16:08] [9/456] MMAH
[00:16:08] [10/456] CPMH
[00:16:09] 🔄 Identity reset
[00:16:09] 🔄 Identity rotated (every 10 requests)
[00:16:09] [11/456] IGMH
[00:16:09] [12/456] ABCS
[00:16:10] [13/456] CMMA
[00:16:11] [14/456] GPRH
[00:16:11] [15/456] PNNG
[00:16:12] [16/456] AMCA
[00:16:12] [17/456] ISTN
[00:16:13] [18/456] PIIC
[00:16:14] [19/456] AHMH
[00:16:14] [20/456] ASHN
[00:16:15] 🔄 Identity reset
[00:16:15] 🔄 Identity rotated (every 10 requests)
[00:16:15] 🔄 Retry 1/5 for ASHN in 2.2s
[00:16:15] 🔄 Identity reset
[00:16:17] 🧠 New identity created
[00:16:17] [21/456] INHY
[00:16:18] [22/456] SRMO
[00:16:18] [23/456] PIMH
[00:16:19] [24/456] PVTS
[00:16:20] [25/456] MMCA
[00:16:20] [26/456] AKYJ
[00:16:21] [27/456] BRKH
[00:16:21] [28/456] MAHM
[00:16:22] [29/456] CPHY
[00:16:23] 🔄 Identity reset
[00:16:23] 🔄 Identity rotated (every 10 requests)
[00:16:23] [30/456] PVTP
[00:16:23] [31/456] SMMR
[00:16:24] [32/456] PVHM
[00:16:25] [33/456] SNDY
[00:16:25] [34/456] GOKU
[00:16:26] [35/456] ACEV
[00:16:26] [36/456] PVUM
[00:16:27] [37/456] VSWA
[00:16:27] [38/456] IPRS
[00:16:28] [39/456] BKMV
[00:16:29] 🔄 Identity reset
[00:16:29] 🔄 Identity rotated (every 10 requests)
[00:16:29] 🔄 Retry 1/5 for BKMV in 2.3s
[00:16:29] 🔄 Identity reset
[00:16:31] 🧠 New identity created
[00:16:31] [40/456] PVYH
[00:16:32] [41/456] INKM
[00:16:32] [42/456] ARJU
[00:16:33] [43/456] JJPP
[00:16:34] [44/456] SSRM
[00:16:34] [45/456] HMHD
[00:16:35] [46/456] SNKH
[00:16:35] [47/456] ACHI
[00:16:36] [48/456] MRAA
[00:16:37] 🔄 Identity reset
[00:16:37] 🔄 Identity rotated (every 10 requests)
[00:16:37] [49/456] INMH
[00:16:38] [50/456] ARMH
[00:16:38] [51/456] DVRR
[00:16:39] [52/456] SUDA
[00:16:39] [53/456] MCSS
[00:16:40] [54/456] VRKC
[00:16:41] [55/456] PRCX
[00:16:41] [56/456] ASJY
[00:16:42] [57/456] MTHY
[00:16:42] [58/456] SRCM
[00:16:43] 🔄 Identity reset
[00:16:43] 🔄 Identity rotated (every 10 requests)
[00:16:43] [59/456] TVHY
[00:16:44] [60/456] STHD
[00:16:44] [61/456] CPCL
[00:16:45] [62/456] PSMJ
[00:16:46] [63/456] MRGT
[00:16:46] [64/456] ARYH
[00:16:47] [65/456] VTRB
[00:16:47] [66/456] SCHC
[00:16:48] [67/456] MRRG
[00:16:49] [68/456] SPCB
[00:16:49] 🔄 Identity reset
[00:16:49] 🔄 Identity rotated (every 10 requests)
[00:16:49] [69/456] AMCM
[00:16:50] [70/456] IVNM
[00:16:51] [71/456] TRHY
[00:16:51] [72/456] PTTH
[00:16:52] [73/456] RKMH
[00:16:53] [74/456] PRCS
[00:16:53] [75/456] VAJA
[00:16:54] [76/456] BJNG
[00:16:54] [77/456] SCVM
[00:16:55] [78/456] GNHB
[00:16:55] 🔄 Identity reset
[00:16:55] 🔄 Identity rotated (every 10 requests)
[00:16:55] [79/456] TLUR
[00:16:56] [80/456] UKCC
[00:16:57] [81/456] SRKR
[00:16:57] [82/456] RMKN
[00:16:58] [83/456] SLRT
[00:16:59] [84/456] LKMT
[00:16:59] [85/456] SSRJ
[00:17:00] [86/456] SPHT
[00:17:00] [87/456] ANTT
[00:17:01] [88/456] SRCH
[00:17:01] 🔄 Identity reset
[00:17:01] 🔄 Identity rotated (every 10 requests)
[00:17:01] [89/456] SRCA
[00:17:02] [90/456] ARTH
[00:17:03] [91/456] MCBH
[00:17:03] [92/456] SNIB
[00:17:04] [93/456] SART
[00:17:05] [94/456] SKTA
[00:17:05] [95/456] YAKT
[00:17:06] [96/456] MLCK
[00:17:07] [97/456] ANTS
[00:17:07] [98/456] DGCA
[00:17:08] 🔄 Identity reset
[00:17:08] 🔄 Identity rotated (every 10 requests)
[00:17:08] 🔄 Retry 1/5 for DGCA in 2.3s
[00:17:08] 🔄 Identity reset
[00:17:10] 🧠 New identity created
[00:17:10] [99/456] SGMP
[00:17:11] [100/456] ASWN
[00:17:12] [101/456] KFVU
[00:17:12] [102/456] POOR
[00:17:13] [103/456] GKDN
[00:17:14] [104/456] EOSE
[00:17:14] [105/456] GTTT
[00:17:15] [106/456] ARRO
[00:17:15] [107/456] CMMK
[00:17:16] 🔄 Identity reset
[00:17:16] 🔄 Identity rotated (every 10 requests)
[00:17:16] [108/456] MSCN
[00:17:17] [109/456] GDKH
[00:17:17] [110/456] DLMT
[00:17:18] [111/456] PVMF
[00:17:19] [112/456] CPCK
[00:17:19] [113/456] VMHE
[00:17:20] [114/456] PVLC
[00:17:20] [115/456] PCVB
[00:17:21] [116/456] SNYK
[00:17:22] [117/456] KTEK
[00:17:22] 🔄 Identity reset
[00:17:22] 🔄 Identity rotated (every 10 requests)
[00:17:22] [118/456] PCNM
[00:17:23] [119/456] NTTR
[00:17:24] [120/456] CPSK
[00:17:24] [121/456] JMMA
[00:17:25] [122/456] GCFK
[00:17:25] [123/456] MYCA
[00:17:26] [124/456] KSNP
[00:17:27] [125/456] PMCE
[00:17:27] [126/456] SCKI
[00:17:28] [127/456] FSMA
[00:17:28] 🔄 Identity reset
[00:17:28] 🔄 Identity rotated (every 10 requests)
[00:17:29] [128/456] CETA
[00:17:29] [129/456] MCIK
[00:17:30] [130/456] MYCR
[00:17:31] [131/456] EVMP
[00:17:31] [132/456] SSGT
[00:17:32] [133/456] KCTK
[00:17:32] [134/456] ZTKC
[00:17:33] [135/456] MMTA
[00:17:33] [136/456] MAJT
[00:17:34] [137/456] ACPK
[00:17:35] 🔄 Identity reset
[00:17:35] 🔄 Identity rotated (every 10 requests)
[00:17:35] [138/456] JMAX
[00:17:35] [139/456] SETK
[00:17:36] [140/456] CAIS
[00:17:37] [141/456] AGCD
[00:17:38] [142/456] URCL
[00:17:38] [143/456] VTDS
[00:17:39] [144/456] JCNM
[00:17:40] [145/456] KCAM
[00:17:40] [146/456] ADCU
[00:17:41] [147/456] GXYN
[00:17:41] 🔄 Identity reset
[00:17:41] 🔄 Identity rotated (every 10 requests)
[00:17:41] [148/456] SMJG
[00:17:42] [149/456] EYCJ
[00:17:43] [150/456] CCEJ
[00:17:44] [151/456] MARS
[00:17:44] [152/456] CPVJ
[00:17:45] [153/456] INVP
[00:17:46] [154/456] CPOV
[00:17:46] [155/456] VIJK
[00:17:47] [156/456] LAIM
[00:17:47] [157/456] STHV
[00:17:48] 🔄 Identity reset
[00:17:48] 🔄 Identity rotated (every 10 requests)
[00:17:48] [158/456] SVLJ
[00:17:49] [159/456] ATVJ
[00:17:49] [160/456] JTSC
[00:17:50] [161/456] RMTV
[00:17:51] [162/456] MGGG
[00:17:52] [163/456] SWTH
[00:17:52] [164/456] INVJ
[00:17:53] [165/456] PRSV
[00:17:53] [166/456] JATV
[00:17:54] [167/456] RCVD
[00:17:55] 🔄 Identity reset
[00:17:55] 🔄 Identity rotated (every 10 requests)
[00:17:55] [168/456] BDMA
[00:17:55] [169/456] BLJI
[00:17:56] [170/456] SWOT
[00:17:56] [171/456] SWRN
[00:17:57] [172/456] TVRA
[00:17:58] [173/456] NVRN
[00:17:59] [174/456] SIKC
[00:17:59] [175/456] VAKR
[00:18:00] [176/456] SYLN
[00:18:01] [177/456] KLJL
[00:18:01] 🔄 Identity reset
[00:18:01] 🔄 Identity rotated (every 10 requests)
[00:18:01] [178/456] LKMY
[00:18:02] [179/456] VSLY
[00:18:03] [180/456] CIKO
[00:18:03] [181/456] GPBG
[00:18:04] [182/456] CECM
[00:18:05] [183/456] SLKB
[00:18:05] [184/456] MTBO
[00:18:06] [185/456] SSHB
[00:18:07] [186/456] VPCS
[00:18:08] [187/456] RCSR
[00:18:08] 🔄 Identity reset
[00:18:08] 🔄 Identity rotated (every 10 requests)
[00:18:08] [188/456] RJRM
[00:18:09] [189/456] KPPB
[00:18:10] [190/456] SEDC
[00:18:10] [191/456] SCAI
[00:18:11] [192/456] RMTR
[00:18:12] [193/456] ASST
[00:18:12] [194/456] GCAK
[00:18:13] [195/456] ANNK
[00:18:13] [196/456] KDDF
[00:18:14] [197/456] NRDP
[00:18:15] 🔄 Identity reset
[00:18:15] 🔄 Identity rotated (every 10 requests)
[00:18:15] [198/456] PLAK
[00:18:15] [199/456] GCMC
[00:18:16] [200/456] ALPY
[00:18:17] [201/456] SICE
[00:18:17] [202/456] SISR
[00:18:18] [203/456] SRPZ
[00:18:19] [204/456] SRSW
[00:18:19] [205/456] SUYA
[00:18:20] [206/456] AMMT
[00:18:21] [207/456] BHCU
[00:18:21] 🔄 Identity reset
[00:18:21] 🔄 Identity rotated (every 10 requests)
[00:18:21] [208/456] KLPA
[00:18:22] [209/456] NVKH
[00:18:22] [210/456] JMRC
[00:18:23] [211/456] KTTT
[00:18:24] [212/456] MAGH
[00:18:24] [213/456] MMMX
[00:18:25] [214/456] SALJ
[00:18:26] [215/456] GTJA
[00:18:26] [216/456] MAHT
[00:18:27] [217/456] SSNN
[00:18:28] 🔄 Identity reset
[00:18:28] 🔄 Identity rotated (every 10 requests)
[00:18:28] [218/456] ARRP
[00:18:28] [219/456] ATNS
[00:18:29] [220/456] SKDT
[00:18:30] [221/456] ACAT
[00:18:30] [222/456] APRC
[00:18:31] [223/456] SWAG
[00:18:32] [224/456] SDPT
[00:18:32] [225/456] STPS
[00:18:33] [226/456] WWCZ
[00:18:33] [227/456] LLCH
[00:18:34] 🔄 Identity reset
[00:18:34] 🔄 Identity rotated (every 10 requests)
[00:18:34] [228/456] MZHA
[00:18:34] [229/456] CRJG
[00:18:35] [230/456] JGTK
[00:18:36] [231/456] KCSR
[00:18:36] [232/456] CHTL
[00:18:37] [233/456] EDSR
[00:18:38] [234/456] CSWO
[00:18:38] [235/456] CPVM
[00:18:39] [236/456] MXBY
[00:18:39] [237/456] FMMA
[00:18:40] 🔄 Identity reset
[00:18:40] 🔄 Identity rotated (every 10 requests)
[00:18:40] [238/456] POVI
[00:18:41] [239/456] MTHB
[00:18:42] [240/456] INRC
[00:18:42] [241/456] PIPP
[00:18:43] [242/456] BMXC
[00:18:44] [243/456] PCMM
[00:18:44] [244/456] PMKM
[00:18:45] [245/456] GATY
[00:18:45] [246/456] IMCM
[00:18:46] [247/456] POPE
[00:18:47] 🔄 Identity reset
[00:18:47] 🔄 Identity rotated (every 10 requests)
[00:18:47] [248/456] MTCR
[00:18:47] [249/456] PVAE
[00:18:48] [250/456] PVMI
[00:18:48] [251/456] CPNM
[00:18:49] [252/456] FMRL
[00:18:50] [253/456] MCIW
[00:18:50] [254/456] MXBO
[00:18:51] [255/456] FMKY
[00:18:51] [256/456] FMDA
[00:18:52] [257/456] THAB
[00:18:53] 🔄 Identity reset
[00:18:53] 🔄 Identity rotated (every 10 requests)
[00:18:53] [258/456] PRCW
[00:18:53] [259/456] PITI
[00:18:54] [260/456] MCFF
[00:18:55] [261/456] PDDV
[00:18:55] [262/456] MCRM
[00:18:56] [263/456] KKMB
[00:18:57] [264/456] INKO
[00:18:57] [265/456] PLXP
[00:18:58] [266/456] MMHA
[00:18:58] [267/456] FMVS
[00:18:59] 🔄 Identity reset
[00:18:59] 🔄 Identity rotated (every 10 requests)
[00:18:59] [268/456] POLM
[00:19:00] [269/456] STER
[00:19:00] [270/456] PVWJ
[00:19:01] [271/456] IMJW
[00:19:02] [272/456] FNAN
[00:19:02] [273/456] CAGL
[00:19:03] [274/456] IPBG
[00:19:03] [275/456] SMFV
[00:19:04] [276/456] MMMR
[00:19:05] [277/456] MMWM
[00:19:05] 🔄 Identity reset
[00:19:05] 🔄 Identity rotated (every 10 requests)
[00:19:05] [278/456] FNCM
[00:19:06] [279/456] MDVA
[00:19:07] [280/456] MMET
[00:19:07] [281/456] MIDO
[00:19:08] [282/456] INNP
[00:19:09] [283/456] MIFU
[00:19:09] [284/456] MMSZ
[00:19:10] [285/456] BMXA
[00:19:10] [286/456] MCAA
[00:19:11] [287/456] SCVP
[00:19:12] 🔄 Identity reset
[00:19:12] 🔄 Identity rotated (every 10 requests)
[00:19:12] [288/456] PLUS
[00:19:13] [289/456] MUCK
[00:19:13] [290/456] MTMA
[00:19:14] [291/456] HPVR
[00:19:15] [292/456] PMPK
[00:19:15] [293/456] MAJB
[00:19:16] [294/456] CTRR
[00:19:16] [295/456] MCTG
[00:19:17] [296/456] MACE
[00:19:18] [297/456] AAAS
[00:19:18] 🔄 Identity reset
[00:19:18] 🔄 Identity rotated (every 10 requests)
[00:19:18] [298/456] CPVV
[00:19:19] [299/456] RCHG
[00:19:20] [300/456] MCNE
[00:19:21] [301/456] EMNC
[00:19:21] [302/456] MCAN
[00:19:22] [303/456] TCDM
[00:19:22] [304/456] IRGT
[00:19:23] [305/456] GCMG
[00:19:24] [306/456] MXSN
[00:19:24] [307/456] MXCK
[00:19:25] 🔄 Identity reset
[00:19:25] 🔄 Identity rotated (every 10 requests)
[00:19:25] [308/456] MCRC
[00:19:26] [309/456] RSMI
[00:19:26] [310/456] WAML
[00:19:27] [311/456] MTSC
[00:19:28] [312/456] FMDR
[00:19:28] [313/456] LEPV
[00:19:29] [314/456] MTGD
[00:19:30] [315/456] IMOB
[00:19:30] [316/456] CLMM
[00:19:31] [317/456] PZCD
[00:19:32] 🔄 Identity reset
[00:19:32] 🔄 Identity rotated (every 10 requests)
[00:19:32] [318/456] GOCS
[00:19:32] [319/456] KCMA
[00:19:33] [320/456] CCMP
[00:19:34] [321/456] MTSU
[00:19:34] [322/456] SNGL
[00:19:35] [323/456] MMMC
[00:19:35] [324/456] MMAA
[00:19:36] [325/456] GCDM
[00:19:37] [326/456] KTMV
[00:19:37] [327/456] AETE
[00:19:38] 🔄 Identity reset
[00:19:38] 🔄 Identity rotated (every 10 requests)
[00:19:38] [328/456] OMCS
[00:19:38] [329/456] GDCD
[00:19:39] [330/456] NYMD
[00:19:40] [331/456] RNCV
[00:19:41] [332/456] KKMT
[00:19:41] [333/456] GDTH
[00:19:42] [334/456] KMMV
[00:19:42] [335/456] NHCG
[00:19:43] [336/456] PJDW
[00:19:44] [337/456] MMCV
[00:19:44] 🔄 Identity reset
[00:19:44] 🔄 Identity rotated (every 10 requests)
[00:19:44] [338/456] FQSA
[00:19:45] [339/456] KURL
[00:19:46] [340/456] NNNX
[00:19:46] [341/456] AMAU
[00:19:47] [342/456] VVVM
[00:19:47] [343/456] VECU
[00:19:48] [344/456] WCVR
[00:19:48] [345/456] MTGG
[00:19:49] [346/456] SGTG
[00:19:50] [347/456] MNTG
[00:19:50] 🔄 Identity reset
[00:19:50] 🔄 Identity rotated (every 10 requests)
[00:19:50] [348/456] JDDG
[00:19:51] [349/456] MBTK
[00:19:52] [350/456] SGCD
[00:19:52] [351/456] MCTC
[00:19:53] [352/456] JTPC
[00:19:53] [353/456] SDKT
[00:19:54] [354/456] KRCC
[00:19:55] [355/456] RMMD
[00:19:55] [356/456] AAME
[00:19:56] [357/456] TMWC
[00:19:56] 🔄 Identity reset
[00:19:56] 🔄 Identity rotated (every 10 requests)
[00:19:56] [358/456] NRWY
[00:19:57] [359/456] CITD
[00:19:58] [360/456] VERD
[00:19:58] [361/456] MKSK
[00:19:59] [362/456] STSM
[00:20:00] [363/456] MJDG
[00:20:00] [364/456] RKPM
[00:20:01] [365/456] SSCE
[00:20:01] [366/456] VMAE
[00:20:02] [367/456] SBRU
[00:20:03] 🔄 Identity reset
[00:20:03] 🔄 Identity rotated (every 10 requests)
[00:20:03] [368/456] AMBC
[00:20:04] [369/456] AMLU
[00:20:04] [370/456] INVZ
[00:20:05] [371/456] LGTV
[00:20:05] [372/456] SVAD
[00:20:06] [373/456] SMSA
[00:20:07] [374/456] SPCZ
[00:20:07] [375/456] GTCX
[00:20:08] [376/456] SCSL
[00:20:08] [377/456] SAHU
[00:20:09] 🔄 Identity reset
[00:20:09] 🔄 Identity rotated (every 10 requests)
[00:20:09] [378/456] NCDA
[00:20:10] [379/456] SCCG
[00:20:10] [380/456] VKTL
[00:20:11] [381/456] PUUJ
[00:20:12] [382/456] STEJ
[00:20:12] [383/456] RJAL
[00:20:13] [384/456] ACJC
[00:20:14] [385/456] ARVB
[00:20:14] [386/456] AUBB
[00:20:15] [387/456] GDBR
[00:20:16] 🔄 Identity reset
[00:20:16] 🔄 Identity rotated (every 10 requests)
[00:20:16] [388/456] PVND
[00:20:17] [389/456] BGRJ
[00:20:17] [390/456] RJMM
[00:20:18] [391/456] MCSA
[00:20:19] [392/456] BODA
[00:20:19] [393/456] JAGG
[00:20:20] [394/456] SCGA
[00:20:21] [395/456] LRCM
[00:20:21] [396/456] CPCN
[00:20:22] [397/456] SSTF
[00:20:23] 🔄 Identity reset
[00:20:23] 🔄 Identity rotated (every 10 requests)
[00:20:23] [398/456] SRXP
[00:20:24] [399/456] CNFX
[00:20:24] [400/456] ANDI
[00:20:25] [401/456] SYEW
[00:20:26] [402/456] RCRE
[00:20:26] [403/456] SCRW
[00:20:27] [404/456] MBKR
[00:20:28] [405/456] ASNT
[00:20:28] [406/456] JTMT
[00:20:29] [407/456] SHAY
[00:20:30] 🔄 Identity reset
[00:20:30] 🔄 Identity rotated (every 10 requests)
[00:20:30] [408/456] VRTH
[00:20:30] [409/456] SPTI
[00:20:31] [410/456] DPTD
[00:20:32] [411/456] TGSN
[00:20:33] [412/456] RCWV
[00:20:33] [413/456] OCUR
[00:20:34] [414/456] KSTC
[00:20:35] [415/456] SANI
[00:20:35] [416/456] MLCA
[00:20:36] [417/456] EGCA
[00:20:37] 🔄 Identity reset
[00:20:37] 🔄 Identity rotated (every 10 requests)
[00:20:37] [418/456] SYSN
[00:20:37] [419/456] PKTA
[00:20:38] [420/456] PRCC
[00:20:39] [421/456] KSTR
[00:20:39] [422/456] SNTP
[00:20:40] [423/456] RCHA
[00:20:41] [424/456] SEEA
[00:20:41] [425/456] ALAT
[00:20:42] [426/456] AATV
[00:20:43] [427/456] RJTE
[00:20:43] 🔄 Identity reset
[00:20:43] 🔄 Identity rotated (every 10 requests)
[00:20:43] [428/456] AAPP
[00:20:44] [429/456] PMMH
[00:20:45] [430/456] INRJ
[00:20:45] [431/456] SARB
[00:20:46] [432/456] PCJL
[00:20:46] [433/456] PFJJ
[00:20:47] [434/456] GRDC
[00:20:48] [435/456] BCBA
[00:20:48] [436/456] VIXL
[00:20:49] [437/456] CSTL
[00:20:50] 🔄 Identity reset
[00:20:50] 🔄 Identity rotated (every 10 requests)
[00:20:50] [438/456] MTDK
[00:20:50] [439/456] TDAC
[00:20:51] [440/456] GTDN
[00:20:52] [441/456] TTDE
[00:20:52] [442/456] ASTS
[00:20:53] [443/456] CPNS
[00:20:53] [444/456] PVVW
[00:20:54] [445/456] USEB
[00:20:55] [446/456] DTYN
[00:20:55] [447/456] PVLE
[00:20:56] 🔄 Identity reset
[00:20:56] 🔄 Identity rotated (every 10 requests)
[00:20:56] [448/456] CIPS
[00:20:57] [449/456] PAEG
[00:20:57] [450/456] PTCW
[00:20:58] [451/456] G3SR
[00:20:59] [452/456] PGND
[00:20:59] [453/456] INVM
[00:21:00] [454/456] SPIA
[00:21:01] [455/456] PCSN
[00:21:01] [456/456] PPGV
[00:21:02] ✅ DONE | Shows=0 | Movies=0
