[09:49:49] 🚀 SCRIPT STARTED (enhanced anti‑detection)
[09:49:49] [1/459] NECA
[09:49:50] 🧠 New identity created
[09:49:50] [2/459] BJLC
[09:49:51] [3/459] BASU
[09:49:52] [4/459] RUPI
[09:49:53] [5/459] LCBK
[09:49:54] [6/459] PMAC
[09:49:54] [7/459] AMLC
[09:49:55] [8/459] LICL
[09:49:56] [9/459] UDMM
[09:49:57] [10/459] STBZ
[09:49:57] 🔄 Identity reset
[09:49:57] 🔄 Identity rotated (every 10 requests)
[09:49:58] [11/459] UUBT
[09:49:59] [12/459] SJKC
[09:50:00] [13/459] TUAL
[09:50:01] [14/459] MRSE
[09:50:02] [15/459] RMRK
[09:50:03] [16/459] TTKP
[09:50:04] [17/459] KTKO
[09:50:05] [18/459] SDBK
[09:50:05] [19/459] MCPR
[09:50:06] [20/459] CHTI
[09:50:06] 🔄 Identity reset
[09:50:06] 🔄 Identity rotated (every 10 requests)
[09:50:07] [21/459] GCCP
[09:50:08] [22/459] SRMY
[09:50:08] [23/459] NYST
[09:50:09] [24/459] NYAG
[09:50:10] [25/459] SBMT
[09:50:11] [26/459] INGA
[09:50:12] [27/459] WSIC
[09:50:13] [28/459] SCSS
[09:50:14] [29/459] COPG
[09:50:15] [30/459] RCGR
[09:50:15] 🔄 Identity reset
[09:50:15] 🔄 Identity rotated (every 10 requests)
[09:50:16] [31/459] TCZA
[09:50:16] [32/459] CNLP
[09:50:17] [33/459] CLKN
[09:50:18] [34/459] LHDF
[09:50:19] [35/459] ELKC
[09:50:20] [36/459] VCEM
[09:50:21] [37/459] SSZA
[09:50:22] [38/459] KRMT
[09:50:22] [39/459] LCMV
[09:50:23] [40/459] AYCZ
[09:50:24] 🔄 Identity reset
[09:50:24] 🔄 Identity rotated (every 10 requests)
[09:50:25] [41/459] CUMS
[09:50:26] [42/459] BOCK
[09:50:27] [43/459] PNMR
[09:50:28] [44/459] PJCP
[09:50:29] [45/459] JDDD
[09:50:30] [46/459] STMS
[09:50:31] [47/459] FLMB
[09:50:32] [48/459] PKCM
[09:50:33] [49/459] SPPR
[09:50:34] [50/459] EYLH
[09:50:34] 🔄 Identity reset
[09:50:34] 🔄 Identity rotated (every 10 requests)
[09:50:35] [51/459] RJCC
[09:50:36] [52/459] MMPS
[09:50:36] [53/459] SHMX
[09:50:37] [54/459] CCNL
[09:50:38] [55/459] RCNV
[09:50:39] [56/459] MAAG
[09:50:40] [57/459] LXCM
[09:50:41] [58/459] RCNI
[09:50:42] [59/459] SNNI
[09:50:43] [60/459] LALC
[09:50:44] 🔄 Identity reset
[09:50:44] 🔄 Identity rotated (every 10 requests)
[09:50:44] [61/459] SOCN
[09:50:45] [62/459] JHTP
[09:50:46] [63/459] PITP
[09:50:47] [64/459] CCKW
[09:50:48] [65/459] MCMC
[09:50:50] [66/459] DEES
[09:50:51] [67/459] SABT
[09:50:52] [68/459] VSPP
[09:50:52] [69/459] ABCT
[09:50:53] [70/459] JVTB
[09:50:54] 🔄 Identity reset
[09:50:54] 🔄 Identity rotated (every 10 requests)
[09:50:54] [71/459] VCBD
[09:50:55] [72/459] RMGG
[09:50:57] [73/459] RNMH
[09:50:57] [74/459] SPGL
[09:50:58] [75/459] JTTR
[09:50:59] [76/459] SICS
[09:51:00] [77/459] SRMI
[09:51:00] [78/459] SSIJ
[09:51:01] [79/459] KFMT
[09:51:03] [80/459] VBIT
[09:51:03] 🔄 Identity reset
[09:51:03] 🔄 Identity rotated (every 10 requests)
[09:51:04] [81/459] JKCT
[09:51:05] [82/459] GCGP
[09:51:06] [83/459] GDCS
[09:51:06] [84/459] TRBA
[09:51:07] [85/459] QUST
[09:51:09] [86/459] VSHM
[09:51:10] [87/459] SDCP
[09:51:11] [88/459] SNVS
[09:51:12] [89/459] NYTO
[09:51:13] [90/459] URWC
[09:51:14] 🔄 Identity reset
[09:51:14] 🔄 Identity rotated (every 10 requests)
[09:51:14] [91/459] GTWH
[09:51:16] [92/459] PFCM
[09:51:17] [93/459] KRTA
[09:51:18] [94/459] AXMC
[09:51:19] [95/459] EVMC
[09:51:20] [96/459] HGSM
[09:51:21] [97/459] ACVM
[09:51:21] [98/459] PSKL
[09:51:22] [99/459] RDMP
[09:51:23] [100/459] RHGH
[09:51:24] 🔄 Identity reset
[09:51:24] 🔄 Identity rotated (every 10 requests)
[09:51:24] [101/459] OMCM
[09:51:25] [102/459] DCCP
[09:51:26] [103/459] MCPB
[09:51:27] [104/459] ALCI
[09:51:28] [105/459] BLMX
[09:51:28] [106/459] BTMV
[09:51:29] [107/459] FVPN
[09:51:30] [108/459] CMAR
[09:51:31] [109/459] CEIM
[09:51:32] [110/459] CMVA
[09:51:33] 🔄 Identity reset
[09:51:33] 🔄 Identity rotated (every 10 requests)
[09:51:33] [111/459] CPIV
[09:51:34] [112/459] CNPE
[09:51:35] [113/459] COLV
[09:51:36] [114/459] DNNV
[09:51:37] [115/459] HCAD
[09:51:38] [116/459] TAKA
[09:51:39] [117/459] INVD
[09:51:40] [118/459] IRMM
[09:51:41] [119/459] INSE
[09:51:43] [120/459] MRSW
[09:51:43] 🔄 Identity reset
[09:51:43] 🔄 Identity rotated (every 10 requests)
[09:51:44] [121/459] MCVD
[09:51:45] [122/459] MCSO
[09:51:45] [123/459] PEVM
[09:51:46] [124/459] PVNL
[09:51:48] [125/459] PTCV
[09:51:49] [126/459] PRTC
[09:51:50] [127/459] RCVA
[09:51:51] [128/459] MTBN
[09:51:52] [129/459] LUCP
[09:51:52] [130/459] FMPT
[09:51:53] 🔄 Identity reset
[09:51:53] 🔄 Identity rotated (every 10 requests)
[09:51:53] [131/459] JLSL
[09:51:55] [132/459] SBHA
[09:51:56] [133/459] SHRC
[09:51:57] [134/459] AVPS
[09:51:58] [135/459] STPM
[09:51:59] [136/459] ATRD
[09:52:00] [137/459] VTED
[09:52:01] [138/459] ACAI
[09:52:02] [139/459] SMAE
[09:52:03] [140/459] VMAT
[09:52:03] 🔄 Identity reset
[09:52:03] 🔄 Identity rotated (every 10 requests)
[09:52:04] [141/459] LKCT
[09:52:04] [142/459] JTVK
[09:52:05] [143/459] PRTY
[09:52:06] [144/459] GETT
[09:52:07] [145/459] ESAP
[09:52:08] [146/459] NCPM
[09:52:09] [147/459] PCPA
[09:52:09] [148/459] MMOM
[09:52:10] [149/459] PHUP
[09:52:11] [150/459] CCPI
[09:52:11] 🔄 Identity reset
[09:52:12] 🔄 Identity rotated (every 10 requests)
[09:52:12] [151/459] CNTD
[09:52:13] [152/459] NLJR
[09:52:14] [153/459] SRNG
[09:52:14] [154/459] MHAL
[09:52:15] [155/459] PNSM
[09:52:16] [156/459] DRMY
[09:52:17] [157/459] CCMU
[09:52:19] [158/459] SCMY
[09:52:20] [159/459] PVSY
[09:52:21] [160/459] SDLM
[09:52:21] 🔄 Identity reset
[09:52:21] 🔄 Identity rotated (every 10 requests)
[09:52:22] [161/459] ICCM
[09:52:23] [162/459] PYSU
[09:52:24] [163/459] GATM
[09:52:25] [164/459] WOTM
[09:52:26] [165/459] RKTS
[09:52:27] [166/459] PMTY
[09:52:28] [167/459] LYMS
[09:52:29] [168/459] TGCA
[09:52:31] [169/459] DSTA
[09:52:32] [170/459] CNGE
[09:52:32] 🔄 Identity reset
[09:52:32] 🔄 Identity rotated (every 10 requests)
[09:52:33] [171/459] VSTG
[09:52:34] [172/459] GTCK
[09:52:36] [173/459] TGNT
[09:52:37] [174/459] ASLC
[09:52:38] [175/459] SSST
[09:52:38] [176/459] KBTT
[09:52:39] [177/459] HKCP
[09:52:40] [178/459] SWLC
[09:52:41] [179/459] RTND
[09:52:42] [180/459] PKKT
[09:52:43] 🔄 Identity reset
[09:52:43] 🔄 Identity rotated (every 10 requests)
[09:52:43] [181/459] HSTK
[09:52:44] [182/459] SPTT
[09:52:45] [183/459] IMPM
[09:52:46] [184/459] SCMV
[09:52:46] [185/459] SPCT
[09:52:47] [186/459] JBCA
[09:52:48] [187/459] ATTR
[09:52:49] [188/459] SPMT
[09:52:50] [189/459] LCTM
[09:52:51] [190/459] SCVL
[09:52:52] 🔄 Identity reset
[09:52:52] 🔄 Identity rotated (every 10 requests)
[09:52:53] [191/459] SCVT
[09:52:54] [192/459] KRIC
[09:52:55] [193/459] CTMG
[09:52:56] [194/459] ACNC
[09:52:56] [195/459] DMCK
[09:52:57] [196/459] KMTV
[09:52:58] [197/459] PFCJ
[09:52:59] [198/459] VNMD
[09:53:01] [199/459] VPCZ
[09:53:01] [200/459] SRYR
[09:53:02] 🔄 Identity reset
[09:53:02] 🔄 Identity rotated (every 10 requests)
[09:53:02] [201/459] SYTR
[09:53:03] [202/459] GATR
[09:53:04] [203/459] URTR
[09:53:05] [204/459] MKSM
[09:53:06] [205/459] VSMH
[09:53:07] [206/459] SKRJ
[09:53:08] [207/459] SSJR
[09:53:09] [208/459] SVSM
[09:53:10] [209/459] RUCM
[09:53:11] [210/459] PRKN
[09:53:12] 🔄 Identity reset
[09:53:12] 🔄 Identity rotated (every 10 requests)
[09:53:13] [211/459] RROH
[09:53:14] [212/459] SCTN
[09:53:15] [213/459] RTDM
[09:53:16] [214/459] ASRM
[09:53:16] [215/459] SKMD
[09:53:17] [216/459] SUTD
[09:53:18] [217/459] SADM
[09:53:19] [218/459] WCNR
[09:53:20] [219/459] CNED
[09:53:21] [220/459] MPDB
[09:53:22] 🔄 Identity reset
[09:53:22] 🔄 Identity rotated (every 10 requests)
[09:53:22] [221/459] KTBH
[09:53:23] [222/459] IDRM
[09:53:24] [223/459] PJJT
[09:53:24] [224/459] PFCV
[09:53:25] [225/459] AACT
[09:53:26] [226/459] AAAD
[09:53:27] [227/459] ANES
[09:53:28] [228/459] MNCA
[09:53:29] [229/459] RMGU
[09:53:31] [230/459] DLCN
[09:53:31] 🔄 Identity reset
[09:53:31] 🔄 Identity rotated (every 10 requests)
[09:53:31] [231/459] LJWT
[09:53:32] [232/459] MCBG
[09:53:33] [233/459] MYBG
[09:53:34] [234/459] GCCA
[09:53:35] [235/459] GCGA
[09:53:37] [236/459] ECGN
[09:53:37] [237/459] PRAB
[09:53:38] [238/459] PNMP
[09:53:39] [239/459] GCPT
[09:53:40] [240/459] ROYN
[09:53:41] 🔄 Identity reset
[09:53:41] 🔄 Identity rotated (every 10 requests)
[09:53:41] [241/459] VATM
[09:53:42] [242/459] KSNT
[09:53:43] [243/459] ACTC
[09:53:44] [244/459] PLTD
[09:53:44] [245/459] SKMK
[09:53:45] [246/459] CMTT
[09:53:46] [247/459] SMXP
[09:53:47] [248/459] SCMX
[09:53:48] [249/459] ACXN
[09:53:49] [250/459] ASWT
[09:53:49] 🔄 Identity reset
[09:53:49] 🔄 Identity rotated (every 10 requests)
[09:53:50] [251/459] VVVL
[09:53:51] [252/459] NAGO
[09:53:52] [253/459] SNCN
[09:53:53] [254/459] MCKP
[09:53:53] [255/459] SAMO
[09:53:54] [256/459] JBTV
[09:53:55] [257/459] DCVV
[09:53:56] [258/459] KMSV
[09:53:57] [259/459] KDCN
[09:53:58] [260/459] CNCP
[09:53:58] 🔄 Identity reset
[09:53:58] 🔄 Identity rotated (every 10 requests)
[09:53:58] [261/459] HAMC
[09:53:59] [262/459] CCVZ
[09:54:00] [263/459] NCCK
[09:54:02] [264/459] MCHR
[09:54:03] [265/459] SCHT
[09:54:04] [266/459] ESSH
[09:54:06] [267/459] CUJC
[09:54:07] [268/459] PECP
[09:54:08] [269/459] PMMI
[09:54:09] [270/459] PCCH
[09:54:09] 🔄 Identity reset
[09:54:09] 🔄 Identity rotated (every 10 requests)
[09:54:10] [271/459] PRPM
[09:54:11] [272/459] PVKL
[09:54:13] [273/459] CBSM
[09:54:13] [274/459] PVCZ
[09:54:14] [275/459] PCVV
[09:54:15] [276/459] CTMJ
[09:54:16] [277/459] RCPS
[09:54:16] [278/459] PCIT
[09:54:17] [279/459] FNCH
[09:54:18] [280/459] INZD
[09:54:19] 🔄 Identity reset
[09:54:19] 🔄 Identity rotated (every 10 requests)
[09:54:19] [281/459] INPC
[09:54:20] [282/459] LCZP
[09:54:21] [283/459] SMCB
[09:54:21] [284/459] PTSB
[09:54:22] [285/459] TPSI
[09:54:23] [286/459] KHMJ
[09:54:24] [287/459] RCCJ
[09:54:25] [288/459] NCJA
[09:54:26] [289/459] NCJN
[09:54:27] [290/459] BTDP
[09:54:28] 🔄 Identity reset
[09:54:28] 🔄 Identity rotated (every 10 requests)
[09:54:28] [291/459] PADY
[09:54:29] [292/459] NYBH
[09:54:30] [293/459] MTBR
[09:54:31] [294/459] KRBC
[09:54:32] [295/459] DKTI
[09:54:33] [296/459] ANAN
[09:54:34] [297/459] INBP
[09:54:35] [298/459] PATB
[09:54:36] [299/459] RGNT
[09:54:37] [300/459] CGPM
[09:54:37] 🔄 Identity reset
[09:54:37] 🔄 Identity rotated (every 10 requests)
[09:54:38] [301/459] INTN
[09:54:40] [302/459] MCMP
[09:54:40] [303/459] ASRG
[09:54:41] [304/459] CXJD
[09:54:42] [305/459] SPCP
[09:54:43] [306/459] CSTP
[09:54:44] [307/459] PKVC
[09:54:45] [308/459] ESCP
[09:54:46] [309/459] CAEP
[09:54:47] [310/459] CCSP
[09:54:47] 🔄 Identity reset
[09:54:47] 🔄 Identity rotated (every 10 requests)
[09:54:48] [311/459] KTPC
[09:54:49] [312/459] DACA
[09:54:49] [313/459] NVKY
[09:54:50] [314/459] PTIN
[09:54:51] [315/459] SCIN
[09:54:52] [316/459] MCTY
[09:54:53] [317/459] PCMX
[09:54:54] [318/459] INIC
[09:54:55] [319/459] MMZM
[09:54:56] [320/459] SSLP
[09:54:57] 🔄 Identity reset
[09:54:57] 🔄 Identity rotated (every 10 requests)
[09:54:57] [321/459] DTDT
[09:54:58] [322/459] FFCX
[09:54:59] [323/459] RCMM
[09:54:59] [324/459] KYID
[09:55:00] [325/459] CSCI
[09:55:01] [326/459] FCMC
[09:55:02] [327/459] MMXI
[09:55:03] [328/459] ASTC
[09:55:04] [329/459] CMRA
[09:55:05] [330/459] DICI
[09:55:05] 🔄 Identity reset
[09:55:05] 🔄 Identity rotated (every 10 requests)
[09:55:06] [331/459] KDIN
[09:55:07] [332/459] PRFI
[09:55:08] [333/459] SVFC
[09:55:08] [334/459] UCPL
[09:55:09] [335/459] COOC
[09:55:10] [336/459] SCAL
[09:55:11] [337/459] SVFF
[09:55:13] [338/459] VCMG
[09:55:14] [339/459] UUCT
[09:55:15] [340/459] GCSE
[09:55:16] 🔄 Identity reset
[09:55:16] 🔄 Identity rotated (every 10 requests)
[09:55:16] [341/459] SUSC
[09:55:17] [342/459] MISC
[09:55:18] [343/459] RMBL
[09:55:19] [344/459] CMXN
[09:55:20] [345/459] PVBK
[09:55:21] [346/459] HHCG
[09:55:22] [347/459] SCAG
[09:55:23] [348/459] CNPR
[09:55:23] [349/459] CSER
[09:55:24] [350/459] HLWD
[09:55:25] 🔄 Identity reset
[09:55:25] 🔄 Identity rotated (every 10 requests)
[09:55:26] [351/459] BOLY
[09:55:27] [352/459] SSPG
[09:55:28] [353/459] MUPX
[09:55:29] [354/459] HAMR
[09:55:30] [355/459] SDNC
[09:55:31] [356/459] RTEN
[09:55:31] [357/459] SDTD
[09:55:32] [358/459] KAWS
[09:55:33] [359/459] CMZX
[09:55:34] [360/459] DCDD
[09:55:35] 🔄 Identity reset
[09:55:35] 🔄 Identity rotated (every 10 requests)
[09:55:35] [361/459] ALSN
[09:55:36] [362/459] IMXS
[09:55:37] [363/459] PVFF
[09:55:37] [364/459] PVOO
[09:55:38] [365/459] CFBS
[09:55:39] [366/459] PVER
[09:55:40] [367/459] PPNX
[09:55:41] [368/459] CNRM
[09:55:42] [369/459] PVWW
[09:55:43] [370/459] INMB
[09:55:43] 🔄 Identity reset
[09:55:43] 🔄 Identity rotated (every 10 requests)
[09:55:44] [371/459] CPJR
[09:55:45] [372/459] INRZ
[09:55:46] [373/459] PMSR
[09:55:46] [374/459] GPGM
[09:55:47] [375/459] PGWB
[09:55:48] [376/459] PMBR
[09:55:49] [377/459] GPAM
[09:55:50] [378/459] INBC
[09:55:51] [379/459] PZVK
[09:55:52] [380/459] CPEB
[09:55:53] 🔄 Identity reset
[09:55:53] 🔄 Identity rotated (every 10 requests)
[09:55:53] [381/459] FMLB
[09:55:54] [382/459] INBG
[09:55:55] [383/459] GPBR
[09:55:56] [384/459] PAAS
[09:55:57] [385/459] VTBR
[09:55:58] [386/459] GPMY
[09:55:59] [387/459] GYBU
[09:55:59] [388/459] INBJ
[09:56:00] [389/459] LKTH
[09:56:01] [390/459] NSBR
[09:56:02] 🔄 Identity reset
[09:56:02] 🔄 Identity rotated (every 10 requests)
[09:56:02] [391/459] PDRD
[09:56:03] [392/459] VRBL
[09:56:04] [393/459] VTGB
[09:56:05] [394/459] VTSK
[09:56:06] [395/459] BKDV
[09:56:07] [396/459] SVTB
[09:56:08] [397/459] MLDT
[09:56:09] [398/459] NRBL
[09:56:10] [399/459] SLTR
[09:56:11] [400/459] VNKA
[09:56:12] 🔄 Identity reset
[09:56:12] 🔄 Identity rotated (every 10 requests)
[09:56:13] [401/459] TDCA
[09:56:14] [402/459] INBM
[09:56:14] [403/459] SSNR
[09:56:15] [404/459] BHAC
[09:56:16] [405/459] SDSD
[09:56:17] [406/459] SAMP
[09:56:18] [407/459] RATK
[09:56:19] [408/459] KCBI
[09:56:20] [409/459] URBL
[09:56:21] [410/459] MKBG
[09:56:21] 🔄 Identity reset
[09:56:21] 🔄 Identity rotated (every 10 requests)
[09:56:22] [411/459] ASTB
[09:56:22] [412/459] VBWT
[09:56:24] [413/459] GPSM
[09:56:25] [414/459] ROON
[09:56:26] [415/459] CHTH
[09:56:26] [416/459] SSPA
[09:56:27] [417/459] ANBL
[09:56:28] [418/459] VTBE
[09:56:29] [419/459] SVKT
[09:56:31] [420/459] SVYK
[09:56:31] 🔄 Identity reset
[09:56:31] 🔄 Identity rotated (every 10 requests)
[09:56:32] [421/459] PTBK
[09:56:33] [422/459] RKTB
[09:56:34] [423/459] BALT
[09:56:35] [424/459] STSV
[09:56:36] [425/459] VCCB
[09:56:36] [426/459] SLTB
[09:56:37] [427/459] SBCR
[09:56:38] [428/459] VDCS
[09:56:39] [429/459] MDKI
[09:56:40] [430/459] SMRN
[09:56:40] 🔄 Identity reset
[09:56:40] 🔄 Identity rotated (every 10 requests)
[09:56:41] [431/459] PTBC
[09:56:42] [432/459] RADI
[09:56:43] [433/459] ADCR
[09:56:44] [434/459] SDCS
[09:56:45] [435/459] SRPJ
[09:56:46] [436/459] ARTS
[09:56:47] [437/459] SRHK
[09:56:47] [438/459] SPAY
[09:56:48] [439/459] GPTB
[09:56:49] [440/459] SNNN
[09:56:50] 🔄 Identity reset
[09:56:50] 🔄 Identity rotated (every 10 requests)
[09:56:50] [441/459] BALJ
[09:56:51] [442/459] TRIG
[09:56:52] [443/459] GTYT
[09:56:53] [444/459] ATGN
[09:56:54] [445/459] ANTE
[09:56:54] [446/459] BDCG
[09:56:56] [447/459] VECI
[09:56:57] [448/459] SCPR
[09:56:58] [449/459] RTEA
[09:56:59] [450/459] JSAI
[09:56:59] 🔄 Identity reset
[09:57:00] 🔄 Identity rotated (every 10 requests)
[09:57:00] [451/459] VJTP
[09:57:01] [452/459] GNDS
[09:57:02] [453/459] PAXA
[09:57:03] [454/459] CGGM
[09:57:04] [455/459] ACKZ
[09:57:05] [456/459] EMCC
[09:57:06] [457/459] KLSK
[09:57:07] [458/459] AVCK
[09:57:07] [459/459] JTCK
[09:57:08] 🧹 Deduping shows
[09:57:08] ✅ DONE | Shows=520 | Movies=56
[04:40:30] 🚀 SCRIPT STARTED (enhanced anti‑detection)
[04:40:30] [1/459] NECA
[04:40:30] 🧠 New identity created
[04:40:30] [2/459] BJLC
[04:40:31] [3/459] BASU
[04:40:32] [4/459] RUPI
[04:40:34] [5/459] LCBK
[04:40:35] [6/459] PMAC
[04:40:36] [7/459] AMLC
[04:40:37] [8/459] LICL
[04:40:38] [9/459] UDMM
[04:40:39] [10/459] STBZ
[04:40:39] 🔄 Identity reset
[04:40:39] 🔄 Identity rotated (every 10 requests)
[04:40:40] [11/459] UUBT
[04:40:41] [12/459] SJKC
[04:40:41] [13/459] TUAL
[04:40:42] [14/459] MRSE
[04:40:43] [15/459] RMRK
[04:40:45] [16/459] TTKP
[04:40:46] [17/459] KTKO
[04:40:47] [18/459] SDBK
[04:40:48] [19/459] MCPR
[04:40:48] [20/459] CHTI
[04:40:49] 🔄 Identity reset
[04:40:49] 🔄 Identity rotated (every 10 requests)
[04:40:50] [21/459] GCCP
[04:40:51] [22/459] SRMY
[04:40:51] [23/459] NYST
[04:40:52] [24/459] NYAG
[04:40:53] [25/459] SBMT
[04:40:54] [26/459] INGA
[04:40:55] [27/459] WSIC
[04:40:56] [28/459] SCSS
[04:40:57] [29/459] COPG
[04:40:58] [30/459] RCGR
[04:40:58] 🔄 Identity reset
[04:40:59] 🔄 Identity rotated (every 10 requests)
[04:41:00] [31/459] TCZA
[04:41:01] [32/459] CNLP
[04:41:02] [33/459] CLKN
[04:41:03] [34/459] LHDF
[04:41:04] [35/459] ELKC
[04:41:05] [36/459] VCEM
[04:41:06] [37/459] SSZA
[04:41:07] [38/459] KRMT
[04:41:08] [39/459] LCMV
[04:41:09] [40/459] AYCZ
[04:41:09] 🔄 Identity reset
[04:41:10] 🔄 Identity rotated (every 10 requests)
[04:41:10] [41/459] CUMS
[04:41:11] [42/459] BOCK
[04:41:12] [43/459] PNMR
[04:41:13] [44/459] PJCP
[04:41:14] [45/459] JDDD
[04:41:14] [46/459] STMS
[04:41:15] [47/459] FLMB
[04:41:16] [48/459] PKCM
[04:41:17] [49/459] SPPR
[04:41:18] [50/459] EYLH
[04:41:19] 🔄 Identity reset
[04:41:19] 🔄 Identity rotated (every 10 requests)
[04:41:19] [51/459] RJCC
[04:41:20] [52/459] MMPS
[04:41:21] [53/459] SHMX
[04:41:22] [54/459] CCNL
[04:41:23] [55/459] RCNV
[04:41:23] [56/459] MAAG
[04:41:24] [57/459] LXCM
[04:41:25] [58/459] RCNI
[04:41:26] [59/459] SNNI
[04:41:27] [60/459] LALC
[04:41:28] 🔄 Identity reset
[04:41:28] 🔄 Identity rotated (every 10 requests)
[04:41:28] [61/459] SOCN
[04:41:29] [62/459] JHTP
[04:41:30] [63/459] PITP
[04:41:32] [64/459] CCKW
[04:41:32] [65/459] MCMC
[04:41:34] [66/459] DEES
[04:41:35] [67/459] SABT
[04:41:36] [68/459] VSPP
[04:41:37] [69/459] ABCT
[04:41:38] [70/459] JVTB
[04:41:38] 🔄 Identity reset
[04:41:38] 🔄 Identity rotated (every 10 requests)
[04:41:39] [71/459] VCBD
[04:41:40] [72/459] RMGG
[04:41:42] [73/459] RNMH
[04:41:43] [74/459] SPGL
[04:41:44] [75/459] JTTR
[04:41:45] [76/459] SICS
[04:41:46] [77/459] SRMI
[04:41:47] [78/459] SSIJ
[04:41:48] [79/459] KFMT
[04:41:49] [80/459] VBIT
[04:41:50] 🔄 Identity reset
[04:41:50] 🔄 Identity rotated (every 10 requests)
[04:41:51] [81/459] JKCT
[04:41:52] [82/459] GCGP
[04:41:53] [83/459] GDCS
[04:41:54] [84/459] TRBA
[04:41:54] [85/459] QUST
[04:41:55] [86/459] VSHM
[04:41:56] [87/459] SDCP
[04:41:57] [88/459] SNVS
[04:41:58] [89/459] NYTO
[04:41:59] [90/459] URWC
[04:42:00] 🔄 Identity reset
[04:42:00] 🔄 Identity rotated (every 10 requests)
[04:42:00] [91/459] GTWH
[04:42:01] [92/459] PFCM
[04:42:02] [93/459] KRTA
[04:42:03] [94/459] AXMC
[04:42:04] [95/459] EVMC
[04:42:05] [96/459] HGSM
[04:42:06] [97/459] ACVM
[04:42:07] [98/459] PSKL
[04:42:08] [99/459] RDMP
[04:42:09] [100/459] RHGH
[04:42:10] 🔄 Identity reset
[04:42:10] 🔄 Identity rotated (every 10 requests)
[04:42:11] [101/459] OMCM
[04:42:13] [102/459] DCCP
[04:42:14] [103/459] MCPB
[04:42:15] [104/459] ALCI
[04:42:16] [105/459] BLMX
[04:42:17] [106/459] BTMV
[04:42:18] [107/459] FVPN
[04:42:19] [108/459] CMAR
[04:42:20] [109/459] CEIM
[04:42:21] [110/459] CMVA
[04:42:22] 🔄 Identity reset
[04:42:22] 🔄 Identity rotated (every 10 requests)
[04:42:23] [111/459] CPIV
[04:42:24] [112/459] CNPE
[04:42:25] [113/459] COLV
[04:42:26] [114/459] DNNV
[04:42:27] [115/459] HCAD
[04:42:28] [116/459] TAKA
[04:42:28] [117/459] INVD
[04:42:29] [118/459] IRMM
[04:42:30] [119/459] INSE
[04:42:31] [120/459] MRSW
[04:42:32] 🔄 Identity reset
[04:42:32] 🔄 Identity rotated (every 10 requests)
[04:42:32] [121/459] MCVD
[04:42:33] [122/459] MCSO
[04:42:34] [123/459] PEVM
[04:42:35] [124/459] PVNL
[04:42:36] [125/459] PTCV
[04:42:37] [126/459] PRTC
[04:42:38] [127/459] RCVA
[04:42:39] [128/459] MTBN
[04:42:40] [129/459] LUCP
[04:42:41] [130/459] FMPT
[04:42:42] 🔄 Identity reset
[04:42:42] 🔄 Identity rotated (every 10 requests)
[04:42:42] [131/459] JLSL
[04:42:43] [132/459] SBHA
[04:42:44] [133/459] SHRC
[04:42:45] [134/459] AVPS
[04:42:46] [135/459] STPM
[04:42:47] [136/459] ATRD
[04:42:49] [137/459] VTED
[04:42:49] [138/459] ACAI
[04:42:51] [139/459] SMAE
[04:42:52] [140/459] VMAT
[04:42:53] 🔄 Identity reset
[04:42:53] 🔄 Identity rotated (every 10 requests)
[04:42:53] [141/459] LKCT
[04:42:54] [142/459] JTVK
[04:42:55] [143/459] PRTY
[04:42:57] [144/459] GETT
[04:42:57] [145/459] ESAP
[04:42:58] [146/459] NCPM
[04:42:59] [147/459] PCPA
[04:43:00] [148/459] MMOM
[04:43:01] [149/459] PHUP
[04:43:02] [150/459] CCPI
[04:43:03] 🔄 Identity reset
[04:43:03] 🔄 Identity rotated (every 10 requests)
[04:43:03] [151/459] CNTD
[04:43:04] [152/459] NLJR
[04:43:05] [153/459] SRNG
[04:43:06] [154/459] MHAL
[04:43:07] [155/459] PNSM
[04:43:07] [156/459] DRMY
[04:43:09] [157/459] CCMU
[04:43:09] [158/459] SCMY
[04:43:10] [159/459] PVSY
[04:43:12] [160/459] SDLM
[04:43:13] 🔄 Identity reset
[04:43:13] 🔄 Identity rotated (every 10 requests)
[04:43:13] [161/459] ICCM
[04:43:14] [162/459] PYSU
[04:43:15] [163/459] GATM
[04:43:16] [164/459] WOTM
[04:43:17] [165/459] RKTS
[04:43:18] [166/459] PMTY
[04:43:18] [167/459] LYMS
[04:43:20] [168/459] TGCA
[04:43:20] [169/459] DSTA
[04:43:22] [170/459] CNGE
[04:43:22] 🔄 Identity reset
[04:43:22] 🔄 Identity rotated (every 10 requests)
[04:43:23] [171/459] VSTG
[04:43:24] [172/459] GTCK
[04:43:25] [173/459] TGNT
[04:43:26] [174/459] ASLC
[04:43:27] [175/459] SSST
[04:43:28] [176/459] KBTT
[04:43:29] [177/459] HKCP
[04:43:30] [178/459] SWLC
[04:43:31] [179/459] RTND
[04:43:32] [180/459] PKKT
[04:43:33] 🔄 Identity reset
[04:43:33] 🔄 Identity rotated (every 10 requests)
[04:43:33] [181/459] HSTK
[04:43:34] [182/459] SPTT
[04:43:36] [183/459] IMPM
[04:43:37] [184/459] SCMV
[04:43:37] [185/459] SPCT
[04:43:38] [186/459] JBCA
[04:43:39] [187/459] ATTR
[04:43:40] [188/459] SPMT
[04:43:41] [189/459] LCTM
[04:43:42] [190/459] SCVL
[04:43:43] 🔄 Identity reset
[04:43:43] 🔄 Identity rotated (every 10 requests)
[04:43:43] [191/459] SCVT
[04:43:44] [192/459] KRIC
[04:43:45] [193/459] CTMG
[04:43:46] [194/459] ACNC
[04:43:47] [195/459] DMCK
[04:43:47] [196/459] KMTV
[04:43:48] [197/459] PFCJ
[04:43:49] [198/459] VNMD
[04:43:50] [199/459] VPCZ
[04:43:51] [200/459] SRYR
[04:43:52] 🔄 Identity reset
[04:43:52] 🔄 Identity rotated (every 10 requests)
[04:43:52] [201/459] SYTR
[04:43:53] [202/459] GATR
[04:43:54] [203/459] URTR
[04:43:55] [204/459] MKSM
[04:43:56] [205/459] VSMH
[04:43:57] [206/459] SKRJ
[04:43:58] [207/459] SSJR
[04:43:59] [208/459] SVSM
[04:44:00] [209/459] RUCM
[04:44:01] [210/459] PRKN
[04:44:01] 🔄 Identity reset
[04:44:01] 🔄 Identity rotated (every 10 requests)
[04:44:02] [211/459] RROH
[04:44:03] [212/459] SCTN
[04:44:04] [213/459] RTDM
[04:44:05] [214/459] ASRM
[04:44:06] [215/459] SKMD
[04:44:07] [216/459] SUTD
[04:44:08] [217/459] SADM
[04:44:09] [218/459] WCNR
[04:44:09] [219/459] CNED
[04:44:10] [220/459] MPDB
[04:44:11] 🔄 Identity reset
[04:44:11] 🔄 Identity rotated (every 10 requests)
[04:44:11] [221/459] KTBH
[04:44:12] [222/459] IDRM
[04:44:13] [223/459] PJJT
[04:44:14] [224/459] PFCV
[04:44:15] [225/459] AACT
[04:44:17] [226/459] AAAD
[04:44:18] [227/459] ANES
[04:44:19] [228/459] MNCA
[04:44:19] [229/459] RMGU
[04:44:20] [230/459] DLCN
[04:44:21] 🔄 Identity reset
[04:44:21] 🔄 Identity rotated (every 10 requests)
[04:44:21] [231/459] LJWT
[04:44:22] [232/459] MCBG
[04:44:23] [233/459] MYBG
[04:44:24] [234/459] GCCA
[04:44:25] [235/459] GCGA
[04:44:26] [236/459] ECGN
[04:44:26] [237/459] PRAB
[04:44:28] [238/459] PNMP
[04:44:29] [239/459] GCPT
[04:44:30] [240/459] ROYN
[04:44:31] 🔄 Identity reset
[04:44:31] 🔄 Identity rotated (every 10 requests)
[04:44:31] [241/459] VATM
[04:44:32] [242/459] KSNT
[04:44:33] [243/459] ACTC
[04:44:34] [244/459] PLTD
[04:44:35] [245/459] SKMK
[04:44:35] [246/459] CMTT
[04:44:36] [247/459] SMXP
[04:44:37] [248/459] SCMX
[04:44:38] [249/459] ACXN
[04:44:39] [250/459] ASWT
[04:44:40] 🔄 Identity reset
[04:44:40] 🔄 Identity rotated (every 10 requests)
[04:44:41] [251/459] VVVL
[04:44:42] [252/459] NAGO
[04:44:43] [253/459] SNCN
[04:44:43] [254/459] MCKP
[04:44:44] [255/459] SAMO
[04:44:45] [256/459] JBTV
[04:44:46] [257/459] DCVV
[04:44:47] [258/459] KMSV
[04:44:48] [259/459] KDCN
[04:44:49] [260/459] CNCP
[04:44:49] 🔄 Identity reset
[04:44:49] 🔄 Identity rotated (every 10 requests)
[04:44:50] [261/459] HAMC
[04:44:51] [262/459] CCVZ
[04:44:52] [263/459] NCCK
[04:44:53] [264/459] MCHR
[04:44:54] [265/459] SCHT
[04:44:55] [266/459] ESSH
[04:44:56] [267/459] CUJC
[04:44:57] [268/459] PECP
[04:44:58] [269/459] PMMI
[04:44:59] [270/459] PCCH
[04:44:59] 🔄 Identity reset
[04:44:59] 🔄 Identity rotated (every 10 requests)
[04:45:00] [271/459] PRPM
[04:45:01] [272/459] PVKL
[04:45:01] [273/459] CBSM
[04:45:02] [274/459] PVCZ
[04:45:03] [275/459] PCVV
[04:45:04] [276/459] CTMJ
[04:45:06] [277/459] RCPS
[04:45:07] [278/459] PCIT
[04:45:08] [279/459] FNCH
[04:45:08] [280/459] INZD
[04:45:09] 🔄 Identity reset
[04:45:09] 🔄 Identity rotated (every 10 requests)
[04:45:10] [281/459] INPC
[04:45:11] [282/459] LCZP
[04:45:12] [283/459] SMCB
[04:45:13] [284/459] PTSB
[04:45:14] [285/459] TPSI
[04:45:15] [286/459] KHMJ
[04:45:16] [287/459] RCCJ
[04:45:17] [288/459] NCJA
[04:45:17] [289/459] NCJN
[04:45:18] [290/459] BTDP
[04:45:19] 🔄 Identity reset
[04:45:19] 🔄 Identity rotated (every 10 requests)
[04:45:20] [291/459] PADY
[04:45:20] [292/459] NYBH
[04:45:21] [293/459] MTBR
[04:45:22] [294/459] KRBC
[04:45:23] [295/459] DKTI
[04:45:24] [296/459] ANAN
[04:45:25] [297/459] INBP
[04:45:26] [298/459] PATB
[04:45:27] [299/459] RGNT
[04:45:28] [300/459] CGPM
[04:45:28] 🔄 Identity reset
[04:45:28] 🔄 Identity rotated (every 10 requests)
[04:45:29] [301/459] INTN
[04:45:30] [302/459] MCMP
[04:45:31] [303/459] ASRG
[04:45:32] [304/459] CXJD
[04:45:33] [305/459] SPCP
[04:45:33] [306/459] CSTP
[04:45:34] [307/459] PKVC
[04:45:35] [308/459] ESCP
[04:45:36] [309/459] CAEP
[04:45:37] [310/459] CCSP
[04:45:38] 🔄 Identity reset
[04:45:38] 🔄 Identity rotated (every 10 requests)
[04:45:38] [311/459] KTPC
[04:45:39] [312/459] DACA
[04:45:40] [313/459] NVKY
[04:45:41] [314/459] PTIN
[04:45:42] [315/459] SCIN
[04:45:43] [316/459] MCTY
[04:45:44] [317/459] PCMX
[04:45:45] [318/459] INIC
[04:45:45] [319/459] MMZM
[04:45:46] [320/459] SSLP
[04:45:47] 🔄 Identity reset
[04:45:47] 🔄 Identity rotated (every 10 requests)
[04:45:47] [321/459] DTDT
[04:45:48] [322/459] FFCX
[04:45:49] [323/459] RCMM
[04:45:50] [324/459] KYID
[04:45:52] [325/459] CSCI
[04:45:53] [326/459] FCMC
[04:45:53] [327/459] MMXI
[04:45:54] [328/459] ASTC
[04:45:55] [329/459] CMRA
[04:45:56] [330/459] DICI
[04:45:57] 🔄 Identity reset
[04:45:57] 🔄 Identity rotated (every 10 requests)
[04:45:57] [331/459] KDIN
[04:45:58] [332/459] PRFI
[04:45:59] [333/459] SVFC
[04:46:00] [334/459] UCPL
[04:46:01] [335/459] COOC
[04:46:02] [336/459] SCAL
[04:46:02] [337/459] SVFF
[04:46:03] [338/459] VCMG
[04:46:04] [339/459] UUCT
[04:46:05] [340/459] GCSE
[04:46:06] 🔄 Identity reset
[04:46:06] 🔄 Identity rotated (every 10 requests)
[04:46:06] [341/459] SUSC
[04:46:07] [342/459] MISC
[04:46:08] [343/459] RMBL
[04:46:09] [344/459] CMXN
[04:46:10] [345/459] PVBK
[04:46:11] [346/459] HHCG
[04:46:11] [347/459] SCAG
[04:46:12] [348/459] CNPR
[04:46:13] [349/459] CSER
[04:46:14] [350/459] HLWD
[04:46:15] 🔄 Identity reset
[04:46:15] 🔄 Identity rotated (every 10 requests)
[04:46:16] [351/459] BOLY
[04:46:17] [352/459] SSPG
[04:46:18] [353/459] MUPX
[04:46:19] [354/459] HAMR
[04:46:20] [355/459] SDNC
[04:46:21] [356/459] RTEN
[04:46:22] [357/459] SDTD
[04:46:23] [358/459] KAWS
[04:46:23] [359/459] CMZX
[04:46:24] [360/459] DCDD
[04:46:25] 🔄 Identity reset
[04:46:25] 🔄 Identity rotated (every 10 requests)
[04:46:25] [361/459] ALSN
[04:46:26] [362/459] IMXS
[04:46:27] [363/459] PVFF
[04:46:28] [364/459] PVOO
[04:46:30] [365/459] CFBS
[04:46:30] [366/459] PVER
[04:46:31] [367/459] PPNX
[04:46:32] [368/459] CNRM
[04:46:33] [369/459] PVWW
[04:46:34] [370/459] INMB
[04:46:35] 🔄 Identity reset
[04:46:35] 🔄 Identity rotated (every 10 requests)
[04:46:35] [371/459] CPJR
[04:46:36] [372/459] INRZ
[04:46:38] [373/459] PMSR
[04:46:39] [374/459] GPGM
[04:46:40] [375/459] PGWB
[04:46:41] [376/459] PMBR
[04:46:42] [377/459] GPAM
[04:46:43] [378/459] INBC
[04:46:44] [379/459] PZVK
[04:46:45] [380/459] CPEB
[04:46:45] 🔄 Identity reset
[04:46:45] 🔄 Identity rotated (every 10 requests)
[04:46:46] [381/459] FMLB
[04:46:47] [382/459] INBG
[04:46:48] [383/459] GPBR
[04:46:48] [384/459] PAAS
[04:46:49] [385/459] VTBR
[04:46:50] [386/459] GPMY
[04:46:51] [387/459] GYBU
[04:46:52] [388/459] INBJ
[04:46:53] [389/459] LKTH
[04:46:54] [390/459] NSBR
[04:46:55] 🔄 Identity reset
[04:46:55] 🔄 Identity rotated (every 10 requests)
[04:46:55] [391/459] PDRD
[04:46:56] [392/459] VRBL
[04:46:57] [393/459] VTGB
[04:46:58] [394/459] VTSK
[04:46:59] [395/459] BKDV
[04:47:00] [396/459] SVTB
[04:47:01] [397/459] MLDT
[04:47:02] [398/459] NRBL
[04:47:03] [399/459] SLTR
[04:47:04] [400/459] VNKA
[04:47:04] 🔄 Identity reset
[04:47:04] 🔄 Identity rotated (every 10 requests)
[04:47:05] [401/459] TDCA
[04:47:06] [402/459] INBM
[04:47:07] [403/459] SSNR
[04:47:08] [404/459] BHAC
[04:47:09] [405/459] SDSD
[04:47:10] [406/459] SAMP
[04:47:12] [407/459] RATK
[04:47:13] [408/459] KCBI
[04:47:14] [409/459] URBL
[04:47:14] [410/459] MKBG
[04:47:15] 🔄 Identity reset
[04:47:15] 🔄 Identity rotated (every 10 requests)
[04:47:15] [411/459] ASTB
[04:47:16] [412/459] VBWT
[04:47:17] [413/459] GPSM
[04:47:18] [414/459] ROON
[04:47:19] [415/459] CHTH
[04:47:20] [416/459] SSPA
[04:47:21] [417/459] ANBL
[04:47:23] [418/459] VTBE
[04:47:24] [419/459] SVKT
[04:47:25] [420/459] SVYK
[04:47:25] 🔄 Identity reset
[04:47:25] 🔄 Identity rotated (every 10 requests)
[04:47:26] [421/459] PTBK
[04:47:27] [422/459] RKTB
[04:47:27] [423/459] BALT
[04:47:28] [424/459] STSV
[04:47:29] [425/459] VCCB
[04:47:30] [426/459] SLTB
[04:47:31] [427/459] SBCR
[04:47:32] [428/459] VDCS
[04:47:33] [429/459] MDKI
[04:47:35] [430/459] SMRN
[04:47:36] 🔄 Identity reset
[04:47:36] 🔄 Identity rotated (every 10 requests)
[04:47:36] [431/459] PTBC
[04:47:37] [432/459] RADI
[04:47:39] [433/459] ADCR
[04:47:39] [434/459] SDCS
[04:47:40] [435/459] SRPJ
[04:47:41] [436/459] ARTS
[04:47:42] [437/459] SRHK
[04:47:44] [438/459] SPAY
[04:47:46] [439/459] GPTB
[04:47:46] [440/459] SNNN
[04:47:47] 🔄 Identity reset
[04:47:47] 🔄 Identity rotated (every 10 requests)
[04:47:47] [441/459] BALJ
[04:47:48] [442/459] TRIG
[04:47:49] [443/459] GTYT
[04:47:51] [444/459] ATGN
[04:47:52] [445/459] ANTE
[04:47:52] [446/459] BDCG
[04:47:53] [447/459] VECI
[04:47:55] [448/459] SCPR
[04:47:55] [449/459] RTEA
[04:47:56] [450/459] JSAI
[04:47:57] 🔄 Identity reset
[04:47:57] 🔄 Identity rotated (every 10 requests)
[04:47:57] [451/459] VJTP
[04:47:58] [452/459] GNDS
[04:47:59] [453/459] PAXA
[04:48:00] [454/459] CGGM
[04:48:01] [455/459] ACKZ
[04:48:02] [456/459] EMCC
[04:48:02] [457/459] KLSK
[04:48:04] [458/459] AVCK
[04:48:05] [459/459] JTCK
[04:48:06] 🧹 Deduping shows
[04:48:06] ✅ DONE | Shows=543 | Movies=55
