[09:49:40] 🚀 SCRIPT STARTED (enhanced anti‑detection)
[09:49:40] [1/326] VCHA
[09:49:41] 🧠 New identity created
[09:49:41] 🔄 Retry 1/5 for VCHA in 2.0s
[09:49:41] 🔄 Identity reset
[09:49:43] 🧠 New identity created
[09:49:43] [2/326] SCKO
[09:49:44] [3/326] VKTK
[09:49:45] [4/326] DXEC
[09:49:46] [5/326] CDCA
[09:49:47] [6/326] VBCZ
[09:49:47] [7/326] MSDR
[09:49:48] [8/326] ACPV
[09:49:49] [9/326] PVHB
[09:49:50] 🔄 Identity reset
[09:49:50] 🔄 Identity rotated (every 10 requests)
[09:49:51] [10/326] RCNH
[09:49:52] [11/326] IOMH
[09:49:52] [12/326] ILKS
[09:49:53] [13/326] AMSN
[09:49:54] [14/326] ANTP
[09:49:55] [15/326] SSEK
[09:49:56] [16/326] PICP
[09:49:57] [17/326] SICO
[09:49:58] [18/326] SISP
[09:49:58] [19/326] SCPI
[09:49:59] 🔄 Identity reset
[09:49:59] 🔄 Identity rotated (every 10 requests)
[09:49:59] [20/326] CRPR
[09:50:00] [21/326] DCTW
[09:50:01] [22/326] DCSP
[09:50:02] [23/326] KRPM
[09:50:03] [24/326] THKK
[09:50:03] [25/326] SNMY
[09:50:04] [26/326] AKCC
[09:50:05] [27/326] PCAT
[09:50:06] [28/326] RFGO
[09:50:07] [29/326] GGCS
[09:50:07] 🔄 Identity reset
[09:50:07] 🔄 Identity rotated (every 10 requests)
[09:50:08] [30/326] ACKR
[09:50:09] [31/326] STDO
[09:50:10] [32/326] ACKB
[09:50:11] [33/326] ALUC
[09:50:12] [34/326] MNSR
[09:50:13] [35/326] CSSL
[09:50:14] [36/326] BGGM
[09:50:15] [37/326] MANT
[09:50:16] [38/326] SOOY
[09:50:17] [39/326] VPPK
[09:50:17] 🔄 Identity reset
[09:50:18] 🔄 Identity rotated (every 10 requests)
[09:50:18] [40/326] MYHJ
[09:50:19] [41/326] KSCK
[09:50:19] [42/326] KATK
[09:50:20] [43/326] RTRT
[09:50:21] [44/326] SSTT
[09:50:22] [45/326] SSTV
[09:50:23] [46/326] LACM
[09:50:24] [47/326] SGMG
[09:50:24] [48/326] KACX
[09:50:25] [49/326] GVCP
[09:50:26] 🔄 Identity reset
[09:50:26] 🔄 Identity rotated (every 10 requests)
[09:50:26] [50/326] CSNC
[09:50:27] [51/326] SXCB
[09:50:28] [52/326] BAHS
[09:50:29] [53/326] PCBI
[09:50:29] [54/326] PSSM
[09:50:30] [55/326] RCOK
[09:50:31] [56/326] SCPF
[09:50:32] [57/326] SSAS
[09:50:33] [58/326] EVMM
[09:50:34] [59/326] SYCB
[09:50:34] 🔄 Identity reset
[09:50:34] 🔄 Identity rotated (every 10 requests)
[09:50:35] [60/326] GCKI
[09:50:35] [61/326] IAET
[09:50:36] [62/326] DDTD
[09:50:38] [63/326] GMDH
[09:50:38] [64/326] STLE
[09:50:39] [65/326] JTRA
[09:50:40] [66/326] RPPA
[09:50:41] [67/326] ARUT
[09:50:42] [68/326] JTVM
[09:50:43] [69/326] SWRH
[09:50:43] 🔄 Identity reset
[09:50:43] 🔄 Identity rotated (every 10 requests)
[09:50:44] [70/326] DCPC
[09:50:44] [71/326] RAPR
[09:50:45] [72/326] GCRT
[09:50:46] [73/326] ATUN
[09:50:47] [74/326] LTRM
[09:50:47] [75/326] TASR
[09:50:48] [76/326] RLLC
[09:50:49] [77/326] MABI
[09:50:50] [78/326] SVHB
[09:50:51] [79/326] NVTB
[09:50:51] 🔄 Identity reset
[09:50:51] 🔄 Identity rotated (every 10 requests)
[09:50:52] [80/326] KCKG
[09:50:53] [81/326] SSRN
[09:50:54] [82/326] VDDC
[09:50:55] [83/326] GKTK
[09:50:56] [84/326] YFSN
[09:50:57] [85/326] GCSG
[09:50:58] [86/326] ESSM
[09:50:59] [87/326] KRIH
[09:51:00] [88/326] GCDS
[09:51:00] [89/326] CCSH
[09:51:01] 🔄 Identity reset
[09:51:01] 🔄 Identity rotated (every 10 requests)
[09:51:01] [90/326] ACSK
[09:51:02] [91/326] APRK
[09:51:03] [92/326] ADKM
[09:51:04] [93/326] SRDM
[09:51:05] [94/326] SJMY
[09:51:06] [95/326] PGGC
[09:51:07] [96/326] INGM
[09:51:08] [97/326] LSCB
[09:51:09] [98/326] STAD
[09:51:10] [99/326] MCCR
[09:51:10] 🔄 Identity reset
[09:51:10] 🔄 Identity rotated (every 10 requests)
[09:51:11] [100/326] ABCC
[09:51:11] [101/326] RKCC
[09:51:12] [102/326] RTCR
[09:51:14] [103/326] GGBC
[09:51:15] [104/326] GCSD
[09:51:15] [105/326] LPTY
[09:51:17] [106/326] MCFD
[09:51:18] [107/326] HENN
[09:51:18] [108/326] SMKU
[09:51:19] [109/326] TNZC
[09:51:20] 🔄 Identity reset
[09:51:20] 🔄 Identity rotated (every 10 requests)
[09:51:20] [110/326] DRCD
[09:51:21] [111/326] DLCD
[09:51:22] [112/326] RCDA
[09:51:23] [113/326] COSM
[09:51:24] [114/326] MCMJ
[09:51:25] [115/326] CSTR
[09:51:25] [116/326] CVDK
[09:51:26] [117/326] INRR
[09:51:27] [118/326] RJRT
[09:51:28] [119/326] IRMR
[09:51:29] 🔄 Identity reset
[09:51:29] 🔄 Identity rotated (every 10 requests)
[09:51:29] [120/326] SRCF
[09:51:30] [121/326] GRCR
[09:51:31] [122/326] SURC
[09:51:32] [123/326] NMNH
[09:51:33] [124/326] SVBL
[09:51:34] [125/326] KACI
[09:51:35] [126/326] TDGO
[09:51:36] [127/326] KTBR
[09:51:36] [128/326] PMAD
[09:51:37] [129/326] CCPN
[09:51:38] 🔄 Identity reset
[09:51:38] 🔄 Identity rotated (every 10 requests)
[09:51:38] [130/326] SBTK
[09:51:39] [131/326] LMDK
[09:51:40] [132/326] PGDA
[09:51:41] [133/326] SRML
[09:51:42] [134/326] EVCK
[09:51:44] [135/326] RTTK
[09:51:44] [136/326] SRTU
[09:51:45] [137/326] VRSA
[09:51:46] [138/326] VARS
[09:51:47] [139/326] DSCZ
[09:51:47] 🔄 Identity reset
[09:51:47] 🔄 Identity rotated (every 10 requests)
[09:51:47] [140/326] GAGA
[09:51:48] [141/326] SARV
[09:51:49] [142/326] SEEG
[09:51:50] [143/326] GLCA
[09:51:51] [144/326] APAS
[09:51:52] [145/326] VCIA
[09:51:52] [146/326] SJTA
[09:51:53] [147/326] SABM
[09:51:54] [148/326] PPAG
[09:51:56] [149/326] RVCA
[09:51:56] 🔄 Identity reset
[09:51:56] 🔄 Identity rotated (every 10 requests)
[09:51:57] [150/326] CCIA
[09:51:57] [151/326] HTAG
[09:51:58] [152/326] SMBI
[09:52:00] [153/326] MCJR
[09:52:00] [154/326] CCJR
[09:52:01] [155/326] SINF
[09:52:02] [156/326] CPLX
[09:52:03] [157/326] KKTJ
[09:52:04] [158/326] GDBW
[09:52:05] [159/326] CSUB
[09:52:05] 🔄 Identity reset
[09:52:05] 🔄 Identity rotated (every 10 requests)
[09:52:05] [160/326] DABA
[09:52:06] [161/326] TITR
[09:52:07] [162/326] NYCR
[09:52:08] [163/326] RTRY
[09:52:09] [164/326] JTJL
[09:52:10] [165/326] SJCP
[09:52:11] [166/326] KCCA
[09:52:13] [167/326] MLPG
[09:52:14] [168/326] VRCK
[09:52:15] [169/326] SRIN
[09:52:15] 🔄 Identity reset
[09:52:15] 🔄 Identity rotated (every 10 requests)
[09:52:16] [170/326] CXMK
[09:52:16] [171/326] SKAD
[09:52:17] [172/326] AVTR
[09:52:18] [173/326] PTAJ
[09:52:19] [174/326] SCNK
[09:52:20] [175/326] STTI
[09:52:21] [176/326] KACR
[09:52:21] [177/326] SSDX
[09:52:22] [178/326] VRTJ
[09:52:23] [179/326] RAJD
[09:52:24] 🔄 Identity reset
[09:52:24] 🔄 Identity rotated (every 10 requests)
[09:52:24] [180/326] SCIP
[09:52:25] [181/326] RJSL
[09:52:26] [182/326] ARRS
[09:52:27] [183/326] ASMS
[09:52:28] [184/326] RDTS
[09:52:28] [185/326] DVMY
[09:52:29] [186/326] RASA
[09:52:30] [187/326] INOM
[09:52:31] [188/326] SPRS
[09:52:32] [189/326] SGCS
[09:52:33] 🔄 Identity reset
[09:52:33] 🔄 Identity rotated (every 10 requests)
[09:52:33] [190/326] SALM
[09:52:34] [191/326] PKHC
[09:52:34] [192/326] RCSV
[09:52:35] [193/326] CPKC
[09:52:36] [194/326] AACD
[09:52:38] [195/326] GGCV
[09:52:39] [196/326] SMKD
[09:52:40] [197/326] NBCH
[09:52:41] [198/326] AMCB
[09:52:42] [199/326] OPCN
[09:52:42] 🔄 Identity reset
[09:52:42] 🔄 Identity rotated (every 10 requests)
[09:52:43] [200/326] DCIN
[09:52:43] [201/326] INGW
[09:52:44] [202/326] PKKW
[09:52:45] [203/326] FNGW
[09:52:46] [204/326] GCGD
[09:52:47] [205/326] MSTW
[09:52:48] [206/326] KCCG
[09:52:49] [207/326] MRSS
[09:52:50] [208/326] CLCF
[09:52:51] [209/326] EETS
[09:52:51] 🔄 Identity reset
[09:52:51] 🔄 Identity rotated (every 10 requests)
[09:52:51] [210/326] AATR
[09:52:52] [211/326] CMMN
[09:52:53] [212/326] SCCJ
[09:52:54] [213/326] CDTK
[09:52:55] [214/326] AICP
[09:52:56] [215/326] FNBP
[09:52:57] [216/326] CBPB
[09:52:58] [217/326] CPAS
[09:52:59] [218/326] MAPM
[09:53:00] [219/326] PASD
[09:53:01] 🔄 Identity reset
[09:53:01] 🔄 Identity rotated (every 10 requests)
[09:53:01] [220/326] JCMN
[09:53:03] [221/326] MALB
[09:53:04] [222/326] SACG
[09:53:05] [223/326] DDRX
[09:53:05] [224/326] DDXB
[09:53:06] [225/326] RAMC
[09:53:07] [226/326] SANC
[09:53:08] [227/326] BCBP
[09:53:09] [228/326] ALPC
[09:53:10] [229/326] RBAC
[09:53:10] 🔄 Identity reset
[09:53:10] 🔄 Identity rotated (every 10 requests)
[09:53:11] [230/326] RAJL
[09:53:11] [231/326] MPDX
[09:53:13] [232/326] MUSC
[09:53:14] [233/326] VKMK
[09:53:15] [234/326] SKCG
[09:53:16] [235/326] ANCN
[09:53:16] [236/326] MMCJ
[09:53:17] [237/326] DCAK
[09:53:18] [238/326] SCKG
[09:53:19] [239/326] LMCK
[09:53:20] 🔄 Identity reset
[09:53:20] 🔄 Identity rotated (every 10 requests)
[09:53:21] [240/326] CKKX
[09:53:21] [241/326] ANKU
[09:53:22] [242/326] CSMD
[09:53:23] [243/326] MKMP
[09:53:24] [244/326] SVBG
[09:53:25] [245/326] ROOP
[09:53:26] [246/326] GDMT
[09:53:27] [247/326] FPPF
[09:53:28] [248/326] SFUU
[09:53:29] [249/326] ANCB
[09:53:29] 🔄 Identity reset
[09:53:29] 🔄 Identity rotated (every 10 requests)
[09:53:30] [250/326] SMMC
[09:53:31] [251/326] UGKT
[09:53:31] [252/326] JVRM
[09:53:32] [253/326] BATG
[09:53:33] [254/326] RATE
[09:53:34] [255/326] SKME
[09:53:35] [256/326] LMTP
[09:53:36] [257/326] TCBD
[09:53:37] [258/326] ESBD
[09:53:38] [259/326] GDCU
[09:53:38] 🔄 Identity reset
[09:53:38] 🔄 Identity rotated (every 10 requests)
[09:53:38] [260/326] SNKT
[09:53:39] [261/326] SRNK
[09:53:41] [262/326] SMED
[09:53:42] [263/326] CSQS
[09:53:43] [264/326] ALCS
[09:53:44] [265/326] KCKN
[09:53:44] [266/326] VCCL
[09:53:45] [267/326] MCDA
[09:53:46] [268/326] SHMI
[09:53:47] [269/326] SKHA
[09:53:48] 🔄 Identity reset
[09:53:48] 🔄 Identity rotated (every 10 requests)
[09:53:48] [270/326] SVFK
[09:53:49] [271/326] INVB
[09:53:50] [272/326] MELD
[09:53:51] [273/326] JTYS
[09:53:52] [274/326] INCM
[09:53:52] [275/326] MCDV
[09:53:53] [276/326] KSGK
[09:53:54] [277/326] ICMG
[09:53:55] [278/326] CSCV
[09:53:56] [279/326] STMD
[09:53:56] 🔄 Identity reset
[09:53:56] 🔄 Identity rotated (every 10 requests)
[09:53:57] [280/326] STTR
[09:53:58] [281/326] INVC
[09:53:58] [282/326] JTBL
[09:54:00] [283/326] SRVV
[09:54:01] [284/326] MAVC
[09:54:02] [285/326] SRPP
[09:54:03] [286/326] JGDM
[09:54:04] [287/326] MBSJ
[09:54:04] [288/326] SSLL
[09:54:05] [289/326] SLKP
[09:54:06] 🔄 Identity reset
[09:54:06] 🔄 Identity rotated (every 10 requests)
[09:54:06] [290/326] NSRV
[09:54:07] [291/326] UTDV
[09:54:07] [292/326] KICM
[09:54:09] [293/326] KCMD
[09:54:10] [294/326] TTPP
[09:54:11] [295/326] KMPV
[09:54:11] [296/326] SKTV
[09:54:12] [297/326] STCV
[09:54:13] [298/326] SRDA
[09:54:15] [299/326] JTSX
[09:54:15] 🔄 Identity reset
[09:54:15] 🔄 Identity rotated (every 10 requests)
[09:54:16] [300/326] STBV
[09:54:16] [301/326] APVZ
[09:54:18] [302/326] GSTV
[09:54:19] [303/326] NMVS
[09:54:20] [304/326] SKRT
[09:54:21] [305/326] RMDV
[09:54:22] [306/326] RATG
[09:54:22] [307/326] SJYV
[09:54:23] [308/326] NDGP
[09:54:24] [309/326] SNDG
[09:54:25] 🔄 Identity reset
[09:54:25] 🔄 Identity rotated (every 10 requests)
[09:54:25] [310/326] INSR
[09:54:26] [311/326] INSO
[09:54:27] [312/326] CCSI
[09:54:28] [313/326] RASM
[09:54:29] [314/326] NEWC
[09:54:30] [315/326] VSHL
[09:54:30] [316/326] BISW
[09:54:31] [317/326] GCNG
[09:54:33] [318/326] CWSC
[09:54:33] [319/326] SKAN
[09:54:34] 🔄 Identity reset
[09:54:34] 🔄 Identity rotated (every 10 requests)
[09:54:34] [320/326] CCOA
[09:54:35] [321/326] MCAJ
[09:54:36] [322/326] ACDE
[09:54:37] [323/326] AACM
[09:54:38] [324/326] JJCK
[09:54:39] [325/326] RCMO
[09:54:40] [326/326] GDAW
[09:54:40] 🧹 Deduping shows
[09:54:40] ✅ DONE | Shows=402 | Movies=39
[04:40:26] 🚀 SCRIPT STARTED (enhanced anti‑detection)
[04:40:26] [1/326] VCHA
[04:40:27] 🧠 New identity created
[04:40:27] [2/326] SCKO
[04:40:28] [3/326] VKTK
[04:40:29] [4/326] DXEC
[04:40:30] [5/326] CDCA
[04:40:31] [6/326] VBCZ
[04:40:32] [7/326] MSDR
[04:40:32] [8/326] ACPV
[04:40:34] [9/326] PVHB
[04:40:35] [10/326] RCNH
[04:40:36] 🔄 Identity reset
[04:40:36] 🔄 Identity rotated (every 10 requests)
[04:40:36] [11/326] IOMH
[04:40:37] [12/326] ILKS
[04:40:38] [13/326] AMSN
[04:40:39] [14/326] ANTP
[04:40:40] [15/326] SSEK
[04:40:40] [16/326] PICP
[04:40:41] [17/326] SICO
[04:40:42] [18/326] SISP
[04:40:43] [19/326] SCPI
[04:40:44] [20/326] CRPR
[04:40:44] 🔄 Identity reset
[04:40:44] 🔄 Identity rotated (every 10 requests)
[04:40:45] [21/326] DCTW
[04:40:46] [22/326] DCSP
[04:40:47] [23/326] KRPM
[04:40:48] [24/326] THKK
[04:40:49] [25/326] SNMY
[04:40:50] [26/326] AKCC
[04:40:51] [27/326] PCAT
[04:40:52] [28/326] RFGO
[04:40:53] [29/326] GGCS
[04:40:54] [30/326] ACKR
[04:40:54] 🔄 Identity reset
[04:40:54] 🔄 Identity rotated (every 10 requests)
[04:40:54] [31/326] STDO
[04:40:56] [32/326] ACKB
[04:40:57] [33/326] ALUC
[04:40:58] [34/326] MNSR
[04:40:58] [35/326] CSSL
[04:40:59] [36/326] BGGM
[04:41:01] [37/326] MANT
[04:41:01] [38/326] SOOY
[04:41:02] [39/326] VPPK
[04:41:03] [40/326] MYHJ
[04:41:04] 🔄 Identity reset
[04:41:04] 🔄 Identity rotated (every 10 requests)
[04:41:04] [41/326] KSCK
[04:41:05] [42/326] KATK
[04:41:06] [43/326] RTRT
[04:41:07] [44/326] SSTT
[04:41:07] [45/326] SSTV
[04:41:08] [46/326] LACM
[04:41:10] [47/326] SGMG
[04:41:10] [48/326] KACX
[04:41:11] [49/326] GVCP
[04:41:12] [50/326] CSNC
[04:41:13] 🔄 Identity reset
[04:41:13] 🔄 Identity rotated (every 10 requests)
[04:41:13] [51/326] SXCB
[04:41:14] [52/326] BAHS
[04:41:15] [53/326] PCBI
[04:41:16] [54/326] PSSM
[04:41:16] [55/326] RCOK
[04:41:17] [56/326] SCPF
[04:41:18] [57/326] SSAS
[04:41:19] [58/326] EVMM
[04:41:20] [59/326] SYCB
[04:41:21] [60/326] GCKI
[04:41:21] 🔄 Identity reset
[04:41:21] 🔄 Identity rotated (every 10 requests)
[04:41:22] [61/326] IAET
[04:41:22] [62/326] DDTD
[04:41:23] [63/326] GMDH
[04:41:24] [64/326] STLE
[04:41:25] [65/326] JTRA
[04:41:26] [66/326] RPPA
[04:41:27] [67/326] ARUT
[04:41:28] [68/326] JTVM
[04:41:29] [69/326] SWRH
[04:41:29] [70/326] DCPC
[04:41:30] 🔄 Identity reset
[04:41:30] 🔄 Identity rotated (every 10 requests)
[04:41:30] [71/326] RAPR
[04:41:32] [72/326] GCRT
[04:41:33] [73/326] ATUN
[04:41:34] [74/326] LTRM
[04:41:35] [75/326] TASR
[04:41:36] [76/326] RLLC
[04:41:37] [77/326] MABI
[04:41:38] [78/326] SVHB
[04:41:39] [79/326] NVTB
[04:41:40] [80/326] KCKG
[04:41:40] 🔄 Identity reset
[04:41:40] 🔄 Identity rotated (every 10 requests)
[04:41:40] [81/326] SSRN
[04:41:42] [82/326] VDDC
[04:41:42] [83/326] GKTK
[04:41:43] [84/326] YFSN
[04:41:44] [85/326] GCSG
[04:41:45] [86/326] ESSM
[04:41:46] [87/326] KRIH
[04:41:47] [88/326] GCDS
[04:41:48] [89/326] CCSH
[04:41:49] [90/326] ACSK
[04:41:50] 🔄 Identity reset
[04:41:50] 🔄 Identity rotated (every 10 requests)
[04:41:50] [91/326] APRK
[04:41:51] [92/326] ADKM
[04:41:52] [93/326] SRDM
[04:41:53] [94/326] SJMY
[04:41:53] [95/326] PGGC
[04:41:54] [96/326] INGM
[04:41:55] [97/326] LSCB
[04:41:57] [98/326] STAD
[04:41:58] [99/326] MCCR
[04:41:59] [100/326] ABCC
[04:41:59] 🔄 Identity reset
[04:41:59] 🔄 Identity rotated (every 10 requests)
[04:42:00] [101/326] RKCC
[04:42:00] [102/326] RTCR
[04:42:01] [103/326] GGBC
[04:42:02] [104/326] GCSD
[04:42:03] [105/326] LPTY
[04:42:04] [106/326] MCFD
[04:42:05] [107/326] HENN
[04:42:06] [108/326] SMKU
[04:42:07] [109/326] TNZC
[04:42:07] [110/326] DRCD
[04:42:08] 🔄 Identity reset
[04:42:08] 🔄 Identity rotated (every 10 requests)
[04:42:09] [111/326] DLCD
[04:42:10] [112/326] RCDA
[04:42:11] [113/326] COSM
[04:42:12] [114/326] MCMJ
[04:42:12] [115/326] CSTR
[04:42:13] [116/326] CVDK
[04:42:14] [117/326] INRR
[04:42:15] [118/326] RJRT
[04:42:16] [119/326] IRMR
[04:42:17] [120/326] SRCF
[04:42:17] 🔄 Identity reset
[04:42:17] 🔄 Identity rotated (every 10 requests)
[04:42:17] [121/326] GRCR
[04:42:18] [122/326] SURC
[04:42:19] [123/326] NMNH
[04:42:20] [124/326] SVBL
[04:42:22] [125/326] KACI
[04:42:23] [126/326] TDGO
[04:42:23] [127/326] KTBR
[04:42:25] [128/326] PMAD
[04:42:26] [129/326] CCPN
[04:42:27] [130/326] SBTK
[04:42:28] 🔄 Identity reset
[04:42:28] 🔄 Identity rotated (every 10 requests)
[04:42:29] [131/326] LMDK
[04:42:29] [132/326] PGDA
[04:42:31] [133/326] SRML
[04:42:32] [134/326] EVCK
[04:42:33] [135/326] RTTK
[04:42:34] [136/326] SRTU
[04:42:35] [137/326] VRSA
[04:42:36] [138/326] VARS
[04:42:37] [139/326] DSCZ
[04:42:38] [140/326] GAGA
[04:42:38] 🔄 Identity reset
[04:42:38] 🔄 Identity rotated (every 10 requests)
[04:42:39] [141/326] SARV
[04:42:39] [142/326] SEEG
[04:42:41] [143/326] GLCA
[04:42:43] [144/326] APAS
[04:42:44] [145/326] VCIA
[04:42:45] [146/326] SJTA
[04:42:46] [147/326] SABM
[04:42:47] [148/326] PPAG
[04:42:48] [149/326] RVCA
[04:42:49] [150/326] CCIA
[04:42:49] 🔄 Identity reset
[04:42:49] 🔄 Identity rotated (every 10 requests)
[04:42:49] [151/326] HTAG
[04:42:50] [152/326] SMBI
[04:42:51] [153/326] MCJR
[04:42:52] [154/326] CCJR
[04:42:53] [155/326] SINF
[04:42:54] [156/326] CPLX
[04:42:55] [157/326] KKTJ
[04:42:56] [158/326] GDBW
[04:42:57] [159/326] CSUB
[04:42:57] [160/326] DABA
[04:42:58] 🔄 Identity reset
[04:42:58] 🔄 Identity rotated (every 10 requests)
[04:42:58] [161/326] TITR
[04:42:59] [162/326] NYCR
[04:43:00] [163/326] RTRY
[04:43:01] [164/326] JTJL
[04:43:02] [165/326] SJCP
[04:43:03] [166/326] KCCA
[04:43:04] [167/326] MLPG
[04:43:05] [168/326] VRCK
[04:43:06] [169/326] SRIN
[04:43:07] [170/326] CXMK
[04:43:07] 🔄 Identity reset
[04:43:07] 🔄 Identity rotated (every 10 requests)
[04:43:08] [171/326] SKAD
[04:43:09] [172/326] AVTR
[04:43:09] [173/326] PTAJ
[04:43:10] [174/326] SCNK
[04:43:11] [175/326] STTI
[04:43:12] [176/326] KACR
[04:43:12] [177/326] SSDX
[04:43:13] [178/326] VRTJ
[04:43:14] [179/326] RAJD
[04:43:15] [180/326] SCIP
[04:43:16] 🔄 Identity reset
[04:43:16] 🔄 Identity rotated (every 10 requests)
[04:43:16] [181/326] RJSL
[04:43:17] [182/326] ARRS
[04:43:18] [183/326] ASMS
[04:43:19] [184/326] RDTS
[04:43:20] [185/326] DVMY
[04:43:21] [186/326] RASA
[04:43:21] [187/326] INOM
[04:43:22] [188/326] SPRS
[04:43:23] [189/326] SGCS
[04:43:24] [190/326] SALM
[04:43:25] 🔄 Identity reset
[04:43:25] 🔄 Identity rotated (every 10 requests)
[04:43:25] [191/326] PKHC
[04:43:27] [192/326] RCSV
[04:43:28] [193/326] CPKC
[04:43:28] [194/326] AACD
[04:43:30] [195/326] GGCV
[04:43:31] [196/326] SMKD
[04:43:31] [197/326] NBCH
[04:43:32] [198/326] AMCB
[04:43:33] [199/326] OPCN
[04:43:34] [200/326] DCIN
[04:43:35] 🔄 Identity reset
[04:43:35] 🔄 Identity rotated (every 10 requests)
[04:43:35] [201/326] INGW
[04:43:36] [202/326] PKKW
[04:43:37] [203/326] FNGW
[04:43:38] [204/326] GCGD
[04:43:38] [205/326] MSTW
[04:43:39] [206/326] KCCG
[04:43:40] [207/326] MRSS
[04:43:41] [208/326] CLCF
[04:43:42] [209/326] EETS
[04:43:43] [210/326] AATR
[04:43:43] 🔄 Identity reset
[04:43:43] 🔄 Identity rotated (every 10 requests)
[04:43:43] [211/326] CMMN
[04:43:44] [212/326] SCCJ
[04:43:45] [213/326] CDTK
[04:43:46] [214/326] AICP
[04:43:47] [215/326] FNBP
[04:43:48] [216/326] CBPB
[04:43:49] [217/326] CPAS
[04:43:50] [218/326] MAPM
[04:43:51] [219/326] PASD
[04:43:52] [220/326] JCMN
[04:43:52] 🔄 Identity reset
[04:43:52] 🔄 Identity rotated (every 10 requests)
[04:43:53] [221/326] MALB
[04:43:54] [222/326] SACG
[04:43:55] [223/326] DDRX
[04:43:56] [224/326] DDXB
[04:43:58] [225/326] RAMC
[04:43:59] [226/326] SANC
[04:44:00] [227/326] BCBP
[04:44:01] [228/326] ALPC
[04:44:03] [229/326] RBAC
[04:44:03] [230/326] RAJL
[04:44:04] 🔄 Identity reset
[04:44:04] 🔄 Identity rotated (every 10 requests)
[04:44:04] [231/326] MPDX
[04:44:05] [232/326] MUSC
[04:44:06] [233/326] VKMK
[04:44:07] [234/326] SKCG
[04:44:08] [235/326] ANCN
[04:44:09] [236/326] MMCJ
[04:44:09] [237/326] DCAK
[04:44:10] [238/326] SCKG
[04:44:11] [239/326] LMCK
[04:44:12] [240/326] CKKX
[04:44:13] 🔄 Identity reset
[04:44:13] 🔄 Identity rotated (every 10 requests)
[04:44:13] [241/326] ANKU
[04:44:14] [242/326] CSMD
[04:44:15] [243/326] MKMP
[04:44:15] [244/326] SVBG
[04:44:16] [245/326] ROOP
[04:44:17] [246/326] GDMT
[04:44:18] [247/326] FPPF
[04:44:19] [248/326] SFUU
[04:44:20] [249/326] ANCB
[04:44:21] [250/326] SMMC
[04:44:21] 🔄 Identity reset
[04:44:21] 🔄 Identity rotated (every 10 requests)
[04:44:22] [251/326] UGKT
[04:44:22] [252/326] JVRM
[04:44:23] [253/326] BATG
[04:44:24] [254/326] RATE
[04:44:25] [255/326] SKME
[04:44:26] [256/326] LMTP
[04:44:27] [257/326] TCBD
[04:44:28] [258/326] ESBD
[04:44:30] [259/326] GDCU
[04:44:31] [260/326] SNKT
[04:44:31] 🔄 Identity reset
[04:44:31] 🔄 Identity rotated (every 10 requests)
[04:44:32] [261/326] SRNK
[04:44:33] [262/326] SMED
[04:44:34] [263/326] CSQS
[04:44:35] [264/326] ALCS
[04:44:36] [265/326] KCKN
[04:44:37] [266/326] VCCL
[04:44:39] [267/326] MCDA
[04:44:40] [268/326] SHMI
[04:44:40] [269/326] SKHA
[04:44:41] [270/326] SVFK
[04:44:42] 🔄 Identity reset
[04:44:42] 🔄 Identity rotated (every 10 requests)
[04:44:42] [271/326] INVB
[04:44:43] [272/326] MELD
[04:44:44] [273/326] JTYS
[04:44:45] [274/326] INCM
[04:44:46] [275/326] MCDV
[04:44:47] [276/326] KSGK
[04:44:48] [277/326] ICMG
[04:44:48] [278/326] CSCV
[04:44:49] [279/326] STMD
[04:44:50] [280/326] STTR
[04:44:51] 🔄 Identity reset
[04:44:51] 🔄 Identity rotated (every 10 requests)
[04:44:51] [281/326] INVC
[04:44:52] [282/326] JTBL
[04:44:52] [283/326] SRVV
[04:44:53] [284/326] MAVC
[04:44:54] [285/326] SRPP
[04:44:55] [286/326] JGDM
[04:44:56] [287/326] MBSJ
[04:44:56] [288/326] SSLL
[04:44:57] [289/326] SLKP
[04:44:58] [290/326] NSRV
[04:44:59] 🔄 Identity reset
[04:44:59] 🔄 Identity rotated (every 10 requests)
[04:44:59] [291/326] UTDV
[04:45:00] [292/326] KICM
[04:45:01] [293/326] KCMD
[04:45:02] [294/326] TTPP
[04:45:03] [295/326] KMPV
[04:45:04] [296/326] SKTV
[04:45:05] [297/326] STCV
[04:45:06] [298/326] SRDA
[04:45:06] [299/326] JTSX
[04:45:07] [300/326] STBV
[04:45:08] 🔄 Identity reset
[04:45:08] 🔄 Identity rotated (every 10 requests)
[04:45:08] [301/326] APVZ
[04:45:09] [302/326] GSTV
[04:45:10] [303/326] NMVS
[04:45:11] [304/326] SKRT
[04:45:12] [305/326] RMDV
[04:45:12] [306/326] RATG
[04:45:13] [307/326] SJYV
[04:45:14] [308/326] NDGP
[04:45:15] [309/326] SNDG
[04:45:16] [310/326] INSR
[04:45:17] 🔄 Identity reset
[04:45:17] 🔄 Identity rotated (every 10 requests)
[04:45:17] [311/326] INSO
[04:45:18] [312/326] CCSI
[04:45:19] [313/326] RASM
[04:45:20] [314/326] NEWC
[04:45:21] [315/326] VSHL
[04:45:22] [316/326] BISW
[04:45:24] [317/326] GCNG
[04:45:25] [318/326] CWSC
[04:45:26] [319/326] SKAN
[04:45:27] [320/326] CCOA
[04:45:27] 🔄 Identity reset
[04:45:27] 🔄 Identity rotated (every 10 requests)
[04:45:28] [321/326] MCAJ
[04:45:28] [322/326] ACDE
[04:45:30] [323/326] AACM
[04:45:31] [324/326] JJCK
[04:45:31] [325/326] RCMO
[04:45:32] [326/326] GDAW
[04:45:33] 🧹 Deduping shows
[04:45:33] ✅ DONE | Shows=483 | Movies=42
