[09:49:40] 🚀 SCRIPT STARTED (enhanced anti‑detection)
[09:49:40] [1/326] BSAT
[09:49:41] 🧠 New identity created
[09:49:41] [2/326] RSSM
[09:49:42] [3/326] GCTA
[09:49:43] [4/326] TOPN
[09:49:44] [5/326] MCUS
[09:49:45] [6/326] SHRL
[09:49:45] [7/326] UPTP
[09:49:46] [8/326] TMMP
[09:49:47] [9/326] DNRP
[09:49:48] [10/326] SRLT
[09:49:49] 🔄 Identity reset
[09:49:49] 🔄 Identity rotated (every 10 requests)
[09:49:49] [11/326] RCNS
[09:49:50] [12/326] DCBH
[09:49:51] [13/326] NAGJ
[09:49:52] [14/326] JVRC
[09:49:53] [15/326] KRJG
[09:49:54] [16/326] SRTJ
[09:49:56] [17/326] CMXM
[09:49:57] [18/326] STMI
[09:49:57] [19/326] SLST
[09:49:58] [20/326] DTCN
[09:49:59] 🔄 Identity reset
[09:49:59] 🔄 Identity rotated (every 10 requests)
[09:49:59] [21/326] STYN
[09:50:00] [22/326] SZVR
[09:50:01] [23/326] SRKO
[09:50:02] [24/326] JTGT
[09:50:03] [25/326] SVFD
[09:50:03] [26/326] SISD
[09:50:04] [27/326] ABDD
[09:50:05] [28/326] DRCA
[09:50:06] [29/326] AVCS
[09:50:07] [30/326] MVKH
[09:50:07] 🔄 Identity reset
[09:50:07] 🔄 Identity rotated (every 10 requests)
[09:50:08] [31/326] ACPR
[09:50:09] [32/326] STIP
[09:50:09] [33/326] MTRA
[09:50:10] [34/326] RMKH
[09:50:11] [35/326] NKRL
[09:50:12] [36/326] PCWN
[09:50:13] [37/326] BLMT
[09:50:14] [38/326] GDPG
[09:50:16] [39/326] SRMX
[09:50:17] [40/326] JACP
[09:50:18] 🔄 Identity reset
[09:50:18] 🔄 Identity rotated (every 10 requests)
[09:50:18] [41/326] CPSH
[09:50:19] [42/326] MCCD
[09:50:19] [43/326] ECGH
[09:50:20] [44/326] MKCK
[09:50:21] [45/326] SRMM
[09:50:22] [46/326] SKYR
[09:50:23] [47/326] PCKC
[09:50:24] [48/326] JCMA
[09:50:26] [49/326] BSMP
[09:50:27] [50/326] VSPA
[09:50:27] 🔄 Identity reset
[09:50:27] 🔄 Identity rotated (every 10 requests)
[09:50:27] [51/326] DJYA
[09:50:29] [52/326] DIMP
[09:50:30] [53/326] FXDR
[09:50:30] [54/326] SSRC
[09:50:31] [55/326] STHP
[09:50:33] [56/326] CPPD
[09:50:34] [57/326] FCLK
[09:50:35] [58/326] SCPP
[09:50:36] [59/326] DCMJ
[09:50:37] [60/326] RCCR
[09:50:38] 🔄 Identity reset
[09:50:38] 🔄 Identity rotated (every 10 requests)
[09:50:38] 🔄 Retry 1/5 for RCCR in 2.1s
[09:50:38] 🔄 Identity reset
[09:50:40] 🧠 New identity created
[09:50:40] [61/326] INMT
[09:50:41] [62/326] LXTK
[09:50:42] [63/326] SRYK
[09:50:43] [64/326] SGDK
[09:50:44] [65/326] PPKA
[09:50:44] [66/326] SPKA
[09:50:45] [67/326] CGHH
[09:50:46] [68/326] DCJN
[09:50:47] [69/326] SRKV
[09:50:48] 🔄 Identity reset
[09:50:48] 🔄 Identity rotated (every 10 requests)
[09:50:48] [70/326] SAJC
[09:50:49] [71/326] SUSR
[09:50:50] [72/326] STYG
[09:50:50] [73/326] NTKP
[09:50:51] [74/326] AKTG
[09:50:52] [75/326] CGCM
[09:50:53] [76/326] TULC
[09:50:54] [77/326] NYYZ
[09:50:55] [78/326] NYBW
[09:50:55] [79/326] MACB
[09:50:56] 🔄 Identity reset
[09:50:56] 🔄 Identity rotated (every 10 requests)
[09:50:56] [80/326] SLVT
[09:50:57] [81/326] SANA
[09:50:58] [82/326] ACMR
[09:50:59] [83/326] CPKN
[09:51:00] [84/326] DLGK
[09:51:00] [85/326] CWCK
[09:51:01] [86/326] FDDH
[09:51:02] [87/326] MMMD
[09:51:02] [88/326] CMEH
[09:51:04] [89/326] GGGV
[09:51:05] 🔄 Identity reset
[09:51:05] 🔄 Identity rotated (every 10 requests)
[09:51:05] [90/326] SPJL
[09:51:06] [91/326] RCCD
[09:51:07] [92/326] STTZ
[09:51:08] [93/326] BTCF
[09:51:09] [94/326] TSTZ
[09:51:09] [95/326] IPMM
[09:51:10] [96/326] PMPW
[09:51:11] [97/326] PCMZ
[09:51:12] [98/326] ESEM
[09:51:13] [99/326] PIPO
[09:51:14] 🔄 Identity reset
[09:51:14] 🔄 Identity rotated (every 10 requests)
[09:51:14] [100/326] MATK
[09:51:15] [101/326] PGHM
[09:51:16] [102/326] CTSR
[09:51:16] [103/326] CYKR
[09:51:18] [104/326] MSCM
[09:51:20] [105/326] RFNP
[09:51:21] [106/326] PDCP
[09:51:22] [107/326] NPSE
[09:51:23] [108/326] MKML
[09:51:24] [109/326] FTDP
[09:51:24] 🔄 Identity reset
[09:51:25] 🔄 Identity rotated (every 10 requests)
[09:51:25] [110/326] MMXA
[09:51:26] [111/326] CEPO
[09:51:27] [112/326] CMVP
[09:51:28] [113/326] SGTH
[09:51:29] [114/326] SAYN
[09:51:30] [115/326] URVS
[09:51:31] [116/326] VJTN
[09:51:32] [117/326] BBYK
[09:51:33] [118/326] SHBO
[09:51:34] [119/326] VCMR
[09:51:34] 🔄 Identity reset
[09:51:34] 🔄 Identity rotated (every 10 requests)
[09:51:34] [120/326] MACT
[09:51:35] [121/326] JMNP
[09:51:36] [122/326] VICS
[09:51:37] [123/326] VCDA
[09:51:38] [124/326] GCMM
[09:51:39] [125/326] INVS
[09:51:40] [126/326] SCGM
[09:51:41] [127/326] PCDA
[09:51:42] [128/326] KDCT
[09:51:43] [129/326] JACS
[09:51:43] 🔄 Identity reset
[09:51:43] 🔄 Identity rotated (every 10 requests)
[09:51:44] [130/326] GMMC
[09:51:44] [131/326] AICM
[09:51:45] [132/326] TJCM
[09:51:46] [133/326] RMTI
[09:51:47] [134/326] SHAC
[09:51:48] [135/326] APJC
[09:51:48] [136/326] GCTG
[09:51:49] [137/326] SSMC
[09:51:50] [138/326] THRM
[09:51:51] [139/326] RBCT
[09:51:52] 🔄 Identity reset
[09:51:52] 🔄 Identity rotated (every 10 requests)
[09:51:52] [140/326] DIKT
[09:51:53] [141/326] MIDL
[09:51:54] [142/326] VCSN
[09:51:55] [143/326] SKTG
[09:51:56] [144/326] SMWC
[09:51:56] [145/326] MNKH
[09:51:57] [146/326] PIAT
[09:51:58] [147/326] LTTP
[09:51:59] [148/326] PTPU
[09:52:00] [149/326] ACMG
[09:52:01] 🔄 Identity reset
[09:52:01] 🔄 Identity rotated (every 10 requests)
[09:52:01] [150/326] SHMM
[09:52:02] [151/326] MCMN
[09:52:03] [152/326] GLDC
[09:52:04] [153/326] HOUT
[09:52:05] [154/326] SVRP
[09:52:05] [155/326] PVDN
[09:52:06] [156/326] SCPY
[09:52:07] [157/326] DTPY
[09:52:08] [158/326] GKCS
[09:52:09] [159/326] NCAM
[09:52:09] 🔄 Identity reset
[09:52:09] 🔄 Identity rotated (every 10 requests)
[09:52:10] [160/326] BSRM
[09:52:11] [161/326] RCLC
[09:52:11] [162/326] SKKD
[09:52:12] [163/326] ACHU
[09:52:13] [164/326] RSCF
[09:52:14] [165/326] IMSH
[09:52:15] [166/326] MACX
[09:52:16] [167/326] HMMW
[09:52:16] [168/326] JTCP
[09:52:17] [169/326] SREN
[09:52:18] 🔄 Identity reset
[09:52:18] 🔄 Identity rotated (every 10 requests)
[09:52:18] [170/326] PJRR
[09:52:19] [171/326] INAC
[09:52:20] [172/326] BMCA
[09:52:21] [173/326] SHCB
[09:52:22] [174/326] GABA
[09:52:22] [175/326] SBCT
[09:52:23] [176/326] GCMA
[09:52:25] [177/326] MYTK
[09:52:25] [178/326] INZS
[09:52:27] [179/326] RMIK
[09:52:28] 🔄 Identity reset
[09:52:28] 🔄 Identity rotated (every 10 requests)
[09:52:29] [180/326] NYCH
[09:52:30] [181/326] RAVE
[09:52:31] [182/326] PSXM
[09:52:32] [183/326] MCGP
[09:52:33] [184/326] PDDK
[09:52:35] [185/326] SPCK
[09:52:35] [186/326] MCRL
[09:52:36] [187/326] MHKT
[09:52:37] [188/326] ANRR
[09:52:39] [189/326] SAPK
[09:52:39] 🔄 Identity reset
[09:52:39] 🔄 Identity rotated (every 10 requests)
[09:52:40] [190/326] NCUK
[09:52:40] [191/326] JUGA
[09:52:42] [192/326] DBSC
[09:52:43] [193/326] LALK
[09:52:44] [194/326] GUCK
[09:52:45] [195/326] STSG
[09:52:45] [196/326] PPPZ
[09:52:46] [197/326] CNCY
[09:52:47] [198/326] MTAR
[09:52:48] [199/326] VNKD
[09:52:49] 🔄 Identity reset
[09:52:49] 🔄 Identity rotated (every 10 requests)
[09:52:49] [200/326] KMAJ
[09:52:50] [201/326] ACXK
[09:52:51] [202/326] UTKC
[09:52:52] [203/326] PBLK
[09:52:53] [204/326] ACBX
[09:52:54] [205/326] PTGM
[09:52:55] [206/326] BTDA
[09:52:56] [207/326] PJMB
[09:52:57] [208/326] TPDA
[09:52:58] [209/326] AMOE
[09:52:59] 🔄 Identity reset
[09:52:59] 🔄 Identity rotated (every 10 requests)
[09:53:00] [210/326] PRHT
[09:53:01] [211/326] PRTA
[09:53:01] [212/326] STAM
[09:53:02] [213/326] MSAA
[09:53:03] [214/326] SDLU
[09:53:04] [215/326] RCHH
[09:53:05] [216/326] KANT
[09:53:07] [217/326] FCRT
[09:53:07] [218/326] DNKM
[09:53:08] [219/326] RYCP
[09:53:09] 🔄 Identity reset
[09:53:09] 🔄 Identity rotated (every 10 requests)
[09:53:09] [220/326] MYRP
[09:53:10] [221/326] PPAK
[09:53:11] [222/326] NVPK
[09:53:12] [223/326] PRMC
[09:53:12] [224/326] JBCS
[09:53:13] [225/326] GXCK
[09:53:14] [226/326] USKO
[09:53:15] [227/326] GTEM
[09:53:16] [228/326] SMBU
[09:53:17] [229/326] VETC
[09:53:18] 🔄 Identity reset
[09:53:18] 🔄 Identity rotated (every 10 requests)
[09:53:18] [230/326] LCDA
[09:53:19] [231/326] MTVT
[09:53:19] [232/326] PYCP
[09:53:20] [233/326] PNSC
[09:53:21] [234/326] PPCC
[09:53:22] [235/326] TGRT
[09:53:24] [236/326] JYOT
[09:53:25] [237/326] SRCZ
[09:53:25] [238/326] SJTE
[09:53:26] [239/326] DESC
[09:53:27] 🔄 Identity reset
[09:53:27] 🔄 Identity rotated (every 10 requests)
[09:53:27] [240/326] JHVN
[09:53:28] [241/326] IPSG
[09:53:29] [242/326] IPCM
[09:53:29] [243/326] PDRS
[09:53:30] [244/326] ANCV
[09:53:31] [245/326] CMVV
[09:53:32] [246/326] SHYP
[09:53:33] [247/326] DNCS
[09:53:34] [248/326] GAJK
[09:53:35] [249/326] AKTN
[09:53:35] 🔄 Identity reset
[09:53:35] 🔄 Identity rotated (every 10 requests)
[09:53:36] [250/326] KAYA
[09:53:36] [251/326] SBRC
[09:53:37] [252/326] CHTP
[09:53:38] [253/326] SHRT
[09:53:39] [254/326] BCKU
[09:53:40] [255/326] FCPS
[09:53:41] [256/326] ARDD
[09:53:42] [257/326] CPCM
[09:53:43] [258/326] CGSM
[09:53:44] [259/326] PSMP
[09:53:45] 🔄 Identity reset
[09:53:45] 🔄 Identity rotated (every 10 requests)
[09:53:45] [260/326] SDAL
[09:53:46] [261/326] RTNB
[09:53:47] [262/326] LMCR
[09:53:48] [263/326] CIMA
[09:53:48] [264/326] RNAS
[09:53:50] [265/326] LITH
[09:53:51] [266/326] PBOX
[09:53:52] [267/326] FRTS
[09:53:54] [268/326] RKIC
[09:53:54] [269/326] PTAI
[09:53:55] 🔄 Identity reset
[09:53:55] 🔄 Identity rotated (every 10 requests)
[09:53:56] [270/326] GCIC
[09:53:57] [271/326] FNAS
[09:53:57] [272/326] SCAR
[09:53:59] [273/326] MTCA
[09:54:00] [274/326] SCTS
[09:54:00] [275/326] SYCS
[09:54:01] [276/326] RDMS
[09:54:02] [277/326] KAMP
[09:54:03] [278/326] ERSD
[09:54:04] [279/326] MJMJ
[09:54:05] 🔄 Identity reset
[09:54:05] 🔄 Identity rotated (every 10 requests)
[09:54:05] [280/326] SRCJ
[09:54:06] [281/326] SCXE
[09:54:07] [282/326] SVFR
[09:54:08] [283/326] BHCS
[09:54:09] [284/326] IMCC
[09:54:11] [285/326] PCBO
[09:54:11] [286/326] PRVN
[09:54:13] [287/326] AUPM
[09:54:14] [288/326] INBW
[09:54:15] [289/326] SVCW
[09:54:16] 🔄 Identity reset
[09:54:16] 🔄 Identity rotated (every 10 requests)
[09:54:16] [290/326] RKCF
[09:54:17] [291/326] UVBH
[09:54:18] [292/326] DNCY
[09:54:19] [293/326] ABCN
[09:54:19] [294/326] PRUR
[09:54:20] [295/326] PFMR
[09:54:21] [296/326] RKCN
[09:54:22] [297/326] CFEA
[09:54:23] [298/326] SDBG
[09:54:24] [299/326] SNAR
[09:54:24] 🔄 Identity reset
[09:54:24] 🔄 Identity rotated (every 10 requests)
[09:54:25] [300/326] YISI
[09:54:25] [301/326] JCFF
[09:54:26] [302/326] VTRK
[09:54:27] [303/326] PCLZ
[09:54:28] [304/326] DIMY
[09:54:29] [305/326] BBTS
[09:54:30] [306/326] GATH
[09:54:30] [307/326] GTMN
[09:54:31] [308/326] VTMH
[09:54:32] [309/326] CCKP
[09:54:33] 🔄 Identity reset
[09:54:33] 🔄 Identity rotated (every 10 requests)
[09:54:33] [310/326] GPKA
[09:54:34] [311/326] MHCL
[09:54:35] [312/326] ATCL
[09:54:36] [313/326] SBCK
[09:54:36] [314/326] AMMR
[09:54:37] [315/326] MADC
[09:54:38] [316/326] TMMA
[09:54:39] [317/326] CACC
[09:54:40] [318/326] CHAL
[09:54:41] [319/326] DURG
[09:54:41] 🔄 Identity reset
[09:54:41] 🔄 Identity rotated (every 10 requests)
[09:54:42] [320/326] GMKU
[09:54:43] [321/326] GECA
[09:54:44] [322/326] KYRR
[09:54:45] [323/326] KSDE
[09:54:46] [324/326] LMCI
[09:54:47] [325/326] NKCP
[09:54:48] [326/326] BGTC
[09:54:49] 🧹 Deduping shows
[09:54:49] ✅ DONE | Shows=473 | Movies=48
