[09:34:52] 🚀 DISTRICT → BMS9 CONVERTER STARTED
[09:34:52] 📅 Date: 2026-09-08
[09:34:52] 🚫 Worker logic: DISABLED
[09:34:52] 🔑 Venue matching: ID ONLY
[09:34:52] 🚫 alldistrictvenues.json: NOT USED
[09:34:52] 🚫 Venue-name matching: NOT USED
[09:34:52] 📍 Selected venue records: 756
[09:34:52] 🎯 Selected venue IDs: 756
[09:34:52] 📡 Fetching Detailed JSON:
[09:34:52]    https://districtdata2026.pages.dev/advance/2026-09-08_Detailed.json
[09:34:52] ❌ Source file not found (404) – will create empty outputs
[09:34:52] ⚠️ No source data – keeping existing output files unchanged
[09:34:52] 📄 Created empty detailed file: advance/data/20260908/detailed9.json
[09:34:52] 📄 Created empty summary file: advance/data/20260908/movie_summary9.json
[09:34:52] ✅ DONE | Existing data preserved
[16:32:16] 🚀 DISTRICT → BMS9 CONVERTER STARTED
[16:32:16] 📅 Date: 2026-09-08
[16:32:16] 🚫 Worker logic: DISABLED
[16:32:16] 🔑 Venue matching: ID ONLY
[16:32:16] 🚫 alldistrictvenues.json: NOT USED
[16:32:16] 🚫 Venue-name matching: NOT USED
[16:32:16] 📍 Selected venue records: 756
[16:32:16] 🎯 Selected venue IDs: 756
[16:32:16] 📡 Fetching Detailed JSON:
[16:32:16]    https://districtdata2026.pages.dev/advance/2026-09-08_Detailed.json
[16:32:16] ❌ Source file not found (404) – will create empty outputs
[16:32:16] ⚠️ No source data – keeping existing output files unchanged
[16:32:16] 📦 Existing detailed file preserved: advance/data/20260908/detailed9.json
[16:32:16] 📦 Existing summary file preserved: advance/data/20260908/movie_summary9.json
[16:32:16] ✅ DONE | Existing data preserved
[04:41:17] 🚀 DISTRICT → BMS9 CONVERTER STARTED
[04:41:17] 📅 Date: 2026-09-08
[04:41:17] 🚫 Worker logic: DISABLED
[04:41:17] 🔑 Venue matching: ID ONLY
[04:41:17] 🚫 alldistrictvenues.json: NOT USED
[04:41:17] 🚫 Venue-name matching: NOT USED
[04:41:17] 📍 Selected venue records: 756
[04:41:17] 🎯 Selected venue IDs: 756
[04:41:17] 📡 Fetching Detailed JSON:
[04:41:17]    https://districtdata2026.pages.dev/advance/2026-09-08_Detailed.json
[04:41:17] ❌ Source file not found (404) – will create empty outputs
[04:41:17] ⚠️ No source data – keeping existing output files unchanged
[04:41:17] 📦 Existing detailed file preserved: advance/data/20260908/detailed9.json
[04:41:17] 📦 Existing summary file preserved: advance/data/20260908/movie_summary9.json
[04:41:17] ✅ DONE | Existing data preserved
[21:41:27] 🚀 DISTRICT → BMS9 CONVERTER STARTED
[21:41:27] 📅 Date: 2026-09-08
[21:41:27] 🚫 Worker logic: DISABLED
[21:41:27] 🔑 Venue matching: ID ONLY
[21:41:27] 🚫 alldistrictvenues.json: NOT USED
[21:41:27] 🚫 Venue-name matching: NOT USED
[21:41:27] 📍 Selected venue records: 756
[21:41:27] 🎯 Selected venue IDs: 756
[21:41:27] 📡 Fetching Detailed JSON:
[21:41:27]    https://districtdata2026.pages.dev/advance/2026-09-08_Detailed.json
[21:41:27] ❌ Source file not found (404) – will create empty outputs
[21:41:27] ⚠️ No source data – keeping existing output files unchanged
[21:41:27] 📦 Existing detailed file preserved: advance/data/20260908/detailed9.json
[21:41:27] 📦 Existing summary file preserved: advance/data/20260908/movie_summary9.json
[21:41:27] ✅ DONE | Existing data preserved
[04:28:04] 🚀 DISTRICT → BMS9 CONVERTER STARTED
[04:28:04] 📅 Date: 2026-09-08
[04:28:04] 🚫 Worker logic: DISABLED
[04:28:04] 🔑 Venue matching: ID ONLY
[04:28:04] 🚫 alldistrictvenues.json: NOT USED
[04:28:04] 🚫 Venue-name matching: NOT USED
[04:28:04] 📍 Selected venue records: 756
[04:28:04] 🎯 Selected venue IDs: 756
[04:28:04] 📡 Fetching Detailed JSON:
[04:28:04]    https://districtdata2026.pages.dev/advance/2026-09-08_Detailed.json
[04:28:04] ❌ Source file not found (404) – will create empty outputs
[04:28:04] ⚠️ No source data – keeping existing output files unchanged
[04:28:04] 📦 Existing detailed file preserved: advance/data/20260908/detailed9.json
[04:28:04] 📦 Existing summary file preserved: advance/data/20260908/movie_summary9.json
[04:28:04] ✅ DONE | Existing data preserved
[06:17:56] 🚀 DISTRICT → BMS9 CONVERTER STARTED
[06:17:56] 📅 Date: 2026-09-08
[06:17:56] 🚫 Worker logic: DISABLED
[06:17:56] 🔑 Venue matching: ID ONLY
[06:17:56] 🚫 alldistrictvenues.json: NOT USED
[06:17:56] 🚫 Venue-name matching: NOT USED
[06:17:56] 📍 Selected venue records: 756
[06:17:56] 🎯 Selected venue IDs: 756
[06:17:56] 📡 Fetching Detailed JSON:
[06:17:56]    https://districtdata2026.pages.dev/advance/2026-09-08_Detailed.json
[06:17:56] ❌ Source file not found (404) – will create empty outputs
[06:17:57] ⚠️ No source data – keeping existing output files unchanged
[06:17:57] 📦 Existing detailed file preserved: advance/data/20260908/detailed9.json
[06:17:57] 📦 Existing summary file preserved: advance/data/20260908/movie_summary9.json
[06:17:57] ✅ DONE | Existing data preserved
[12:34:08] 🚀 DISTRICT → BMS9 CONVERTER STARTED
[12:34:08] 📅 Date: 2026-09-08
[12:34:08] 🚫 Worker logic: DISABLED
[12:34:08] 🔑 Venue matching: ID ONLY
[12:34:08] 🚫 alldistrictvenues.json: NOT USED
[12:34:08] 🚫 Venue-name matching: NOT USED
[12:34:08] 📍 Selected venue records: 756
[12:34:08] 🎯 Selected venue IDs: 756
[12:34:08] 📡 Fetching Detailed JSON:
[12:34:08]    https://districtdata2026.pages.dev/advance/2026-09-08_Detailed.json
[12:34:08] ❌ Source file not found (404) – will create empty outputs
[12:34:08] ⚠️ No source data – keeping existing output files unchanged
[12:34:08] 📦 Existing detailed file preserved: advance/data/20260908/detailed9.json
[12:34:08] 📦 Existing summary file preserved: advance/data/20260908/movie_summary9.json
[12:34:08] ✅ DONE | Existing data preserved
[00:03:51] 🚀 DISTRICT → BMS9 CONVERTER STARTED
[00:03:51] 📅 Date: 2026-09-08
[00:03:51] 🚫 Worker logic: DISABLED
[00:03:51] 🔑 Venue matching: ID ONLY
[00:03:51] 🚫 alldistrictvenues.json: NOT USED
[00:03:51] 🚫 Venue-name matching: NOT USED
[00:03:51] 📍 Selected venue records: 756
[00:03:51] 🎯 Selected venue IDs: 756
[00:03:51] 📡 Fetching Detailed JSON:
[00:03:51]    https://districtdata2026.pages.dev/advance/2026-09-08_Detailed.json
[00:03:51] ❌ Source file not found (404) – will create empty outputs
[00:03:51] ⚠️ No source data – keeping existing output files unchanged
[00:03:51] 📦 Existing detailed file preserved: advance/data/20260908/detailed9.json
[00:03:51] 📦 Existing summary file preserved: advance/data/20260908/movie_summary9.json
[00:03:51] ✅ DONE | Existing data preserved
[10:36:06] 🚀 DISTRICT → BMS9 CONVERTER STARTED
[10:36:06] 📅 Date: 2026-09-08
[10:36:06] 🚫 Worker logic: DISABLED
[10:36:06] 🔑 Venue matching: ID ONLY
[10:36:06] 🚫 alldistrictvenues.json: NOT USED
[10:36:06] 🚫 Venue-name matching: NOT USED
[10:36:06] 📍 Selected venue records: 756
[10:36:06] 🎯 Selected venue IDs: 756
[10:36:06] 📡 Fetching Detailed JSON:
[10:36:06]    https://districtdata2026.pages.dev/advance/2026-09-08_Detailed.json
[10:36:07] ✅ Source loaded
[10:36:07]    Source date: 2026-09-08
[10:36:07]    Last updated: 10:06 AM, 07 September 2026
[10:36:07]    Movie keys: 88
[10:36:07] 🎬 Source movie keys: 88
[10:36:07] 🎟️ Selected-venue show rows: 3263
[10:36:07] 🚫 Non-selected show rows ignored: 15444
[10:36:07] ℹ️ Non-selected venue IDs encountered: 1035
[10:36:07]    ⏭️ Source venue ID not selected: 1025114
[10:36:07]    ⏭️ Source venue ID not selected: 1067859
[10:36:07]    ⏭️ Source venue ID not selected: 29556
[10:36:07]    ⏭️ Source venue ID not selected: 27031
[10:36:07]    ⏭️ Source venue ID not selected: 9180
[10:36:07]    ⏭️ Source venue ID not selected: 1030555
[10:36:07]    ⏭️ Source venue ID not selected: 3864
[10:36:07]    ⏭️ Source venue ID not selected: 1053961
[10:36:07]    ⏭️ Source venue ID not selected: 1023567
[10:36:07]    ⏭️ Source venue ID not selected: 24790
[10:36:07]    ⏭️ Source venue ID not selected: 1066657
[10:36:07]    ⏭️ Source venue ID not selected: 1054782
[10:36:07]    ⏭️ Source venue ID not selected: 1020725
[10:36:07]    ⏭️ Source venue ID not selected: 121
[10:36:07]    ⏭️ Source venue ID not selected: 1019924
[10:36:07]    ⏭️ Source venue ID not selected: 50908
[10:36:07]    ⏭️ Source venue ID not selected: 1100720
[10:36:07]    ⏭️ Source venue ID not selected: 10251
[10:36:07]    ⏭️ Source venue ID not selected: 9406
[10:36:07]    ⏭️ Source venue ID not selected: 1046872
[10:36:07]    ... and 1015 more
[10:36:07] 📦 Previous shows: 0
[10:36:07] 🆕 Fresh shows: 3263
[10:36:07] 📦 Final shows: 3263
[10:36:07] ✅ DONE | Shows=3263 | Movies=49
[10:36:07] 📄 Detailed: advance/data/20260908/detailed9.json
[10:36:07] 📄 Summary: advance/data/20260908/movie_summary9.json
[18:27:51] 🚀 DISTRICT → BMS9 CONVERTER STARTED
[18:27:51] 📅 Date: 2026-09-08
[18:27:51] 🚫 Worker logic: DISABLED
[18:27:51] 🔑 Venue matching: ID ONLY
[18:27:51] 🚫 alldistrictvenues.json: NOT USED
[18:27:51] 🚫 Venue-name matching: NOT USED
[18:27:51] 📍 Selected venue records: 756
[18:27:51] 🎯 Selected venue IDs: 756
[18:27:51] 📡 Fetching Detailed JSON:
[18:27:51]    https://districtdata2026.pages.dev/advance/2026-09-08_Detailed.json
[18:27:51] ✅ Source loaded
[18:27:51]    Source date: 2026-09-08
[18:27:51]    Last updated: 04:08 PM, 07 September 2026
[18:27:51]    Movie keys: 88
[18:27:51] 🎬 Source movie keys: 88
[18:27:51] 🎟️ Selected-venue show rows: 3660
[18:27:51] 🚫 Non-selected show rows ignored: 16066
[18:27:51] ℹ️ Non-selected venue IDs encountered: 1091
[18:27:51]    ⏭️ Source venue ID not selected: 5018
[18:27:51]    ⏭️ Source venue ID not selected: 1039952
[18:27:51]    ⏭️ Source venue ID not selected: 21413
[18:27:51]    ⏭️ Source venue ID not selected: 1017393
[18:27:51]    ⏭️ Source venue ID not selected: 7500
[18:27:51]    ⏭️ Source venue ID not selected: 1102111
[18:27:51]    ⏭️ Source venue ID not selected: 898
[18:27:51]    ⏭️ Source venue ID not selected: 1065385
[18:27:51]    ⏭️ Source venue ID not selected: 1066231
[18:27:51]    ⏭️ Source venue ID not selected: 1019931
[18:27:51]    ⏭️ Source venue ID not selected: 1040152
[18:27:51]    ⏭️ Source venue ID not selected: 1010571
[18:27:51]    ⏭️ Source venue ID not selected: 58807
[18:27:51]    ⏭️ Source venue ID not selected: 1102224
[18:27:51]    ⏭️ Source venue ID not selected: 132
[18:27:51]    ⏭️ Source venue ID not selected: 1029279
[18:27:51]    ⏭️ Source venue ID not selected: 1011683
[18:27:51]    ⏭️ Source venue ID not selected: 1020393
[18:27:51]    ⏭️ Source venue ID not selected: 9710
[18:27:51]    ⏭️ Source venue ID not selected: 4978
[18:27:51]    ... and 1071 more
[18:27:51] 📦 Previous shows: 3263
[18:27:51] 🆕 Fresh shows: 3660
[18:27:51] 📦 Final shows: 3751
[18:27:51] ✅ DONE | Shows=3751 | Movies=50
[18:27:51] 📄 Detailed: advance/data/20260908/detailed9.json
[18:27:51] 📄 Summary: advance/data/20260908/movie_summary9.json
[23:32:49] 🚀 DISTRICT → BMS9 CONVERTER STARTED
[23:32:49] 📅 Date: 2026-09-08
[23:32:49] 🚫 Worker logic: DISABLED
[23:32:49] 🔑 Venue matching: ID ONLY
[23:32:49] 🚫 alldistrictvenues.json: NOT USED
[23:32:49] 🚫 Venue-name matching: NOT USED
[23:32:49] 📍 Selected venue records: 756
[23:32:49] 🎯 Selected venue IDs: 756
[23:32:49] 📡 Fetching Detailed JSON:
[23:32:49]    https://districtdata2026.pages.dev/advance/2026-09-08_Detailed.json
[23:32:49] ✅ Source loaded
[23:32:49]    Source date: 2026-09-08
[23:32:49]    Last updated: 10:45 PM, 07 September 2026
[23:32:49]    Movie keys: 89
[23:32:49] 🎬 Source movie keys: 89
[23:32:49] 🎟️ Selected-venue show rows: 4088
[23:32:49] 🚫 Non-selected show rows ignored: 17079
[23:32:49] ℹ️ Non-selected venue IDs encountered: 1167
[23:32:49]    ⏭️ Source venue ID not selected: 27222
[23:32:49]    ⏭️ Source venue ID not selected: 1024435
[23:32:49]    ⏭️ Source venue ID not selected: 24790
[23:32:49]    ⏭️ Source venue ID not selected: 1040668
[23:32:49]    ⏭️ Source venue ID not selected: 1023560
[23:32:49]    ⏭️ Source venue ID not selected: 1058536
[23:32:49]    ⏭️ Source venue ID not selected: 1040594
[23:32:49]    ⏭️ Source venue ID not selected: 1036404
[23:32:49]    ⏭️ Source venue ID not selected: 1020743
[23:32:49]    ⏭️ Source venue ID not selected: 24780
[23:32:49]    ⏭️ Source venue ID not selected: 1039871
[23:32:49]    ⏭️ Source venue ID not selected: 9245
[23:32:49]    ⏭️ Source venue ID not selected: 1102257
[23:32:49]    ⏭️ Source venue ID not selected: 1024430
[23:32:49]    ⏭️ Source venue ID not selected: 3062
[23:32:49]    ⏭️ Source venue ID not selected: 1046872
[23:32:49]    ⏭️ Source venue ID not selected: 128
[23:32:49]    ⏭️ Source venue ID not selected: 7329
[23:32:49]    ⏭️ Source venue ID not selected: 1019904
[23:32:49]    ⏭️ Source venue ID not selected: 1024277
[23:32:49]    ... and 1147 more
[23:32:49] 📦 Previous shows: 3751
[23:32:49] 🆕 Fresh shows: 4088
[23:32:49] 📦 Final shows: 4209
[23:32:49] ✅ DONE | Shows=4209 | Movies=54
[23:32:49] 📄 Detailed: advance/data/20260908/detailed9.json
[23:32:49] 📄 Summary: advance/data/20260908/movie_summary9.json
