[04:34:34] 🚀 SCRIPT STARTED (enhanced anti‑detection)
[04:34:34] [1/445] TGMR
[04:34:35] 🧠 New identity created
[04:34:35] [2/445] CXKR
[04:34:36] [3/445] SROP
[04:34:37] [4/445] GTSV
[04:34:38] [5/445] SNTY
[04:34:39] [6/445] SMYY
[04:34:39] [7/445] CNCS
[04:34:40] [8/445] CSTM
[04:34:41] [9/445] NUCD
[04:34:42] [10/445] SHCZ
[04:34:43] 🔄 Identity reset
[04:34:43] 🔄 Identity rotated (every 10 requests)
[04:34:43] [11/445] NJCT
[04:34:44] [12/445] COPC
[04:34:45] [13/445] STVV
[04:34:45] [14/445] SKRN
[04:34:46] [15/445] APPZ
[04:34:47] [16/445] YMGN
[04:34:48] [17/445] SVTU
[04:34:49] [18/445] GTAD
[04:34:50] [19/445] PSUS
[04:34:51] [20/445] SMCD
[04:34:51] 🔄 Identity reset
[04:34:51] 🔄 Identity rotated (every 10 requests)
[04:34:52] [21/445] CMCM
[04:34:53] [22/445] SYCT
[04:34:55] [23/445] STLY
[04:34:56] [24/445] CMHU
[04:34:57] [25/445] CMSA
[04:34:58] [26/445] CLCU
[04:34:59] [27/445] PPNT
[04:35:00] [28/445] JTAB
[04:35:02] [29/445] BUUC
[04:35:03] [30/445] BSVK
[04:35:04] 🔄 Identity reset
[04:35:04] 🔄 Identity rotated (every 10 requests)
[04:35:04] [31/445] VVVQ
[04:35:05] [32/445] TKMU
[04:35:06] [33/445] ESYL
[04:35:06] [34/445] ACHP
[04:35:07] [35/445] BTKD
[04:35:08] [36/445] DESA
[04:35:09] [37/445] GBCT
[04:35:10] [38/445] BLLD
[04:35:11] [39/445] SKNT
[04:35:12] [40/445] SSTE
[04:35:12] 🔄 Identity reset
[04:35:12] 🔄 Identity rotated (every 10 requests)
[04:35:13] [41/445] VJMR
[04:35:14] [42/445] NTPU
[04:35:14] [43/445] RDKN
[04:35:15] [44/445] ADGC
[04:35:16] [45/445] VRBP
[04:35:17] [46/445] NMNA
[04:35:18] [47/445] CMMX
[04:35:19] [48/445] PTKO
[04:35:20] [49/445] RBML
[04:35:21] [50/445] SAIC
[04:35:21] 🔄 Identity reset
[04:35:21] 🔄 Identity rotated (every 10 requests)
[04:35:22] [51/445] SVTJ
[04:35:23] [52/445] MRTE
[04:35:24] [53/445] RBTP
[04:35:24] [54/445] NLPS
[04:35:25] [55/445] GTNA
[04:35:26] [56/445] DGGC
[04:35:27] [57/445] SMCR
[04:35:29] [58/445] SCGD
[04:35:30] [59/445] SRRJ
[04:35:30] [60/445] CNRY
[04:35:31] 🔄 Identity reset
[04:35:31] 🔄 Identity rotated (every 10 requests)
[04:35:31] [61/445] KTDI
[04:35:32] [62/445] SNJL
[04:35:34] [63/445] RKMD
[04:35:35] [64/445] SMDC
[04:35:36] [65/445] TADG
[04:35:37] [66/445] MCGS
[04:35:38] [67/445] PETK
[04:35:39] [68/445] CHAG
[04:35:40] [69/445] KSTL
[04:35:41] [70/445] AADS
[04:35:42] 🔄 Identity reset
[04:35:42] 🔄 Identity rotated (every 10 requests)
[04:35:43] [71/445] NTHZ
[04:35:44] [72/445] HCKI
[04:35:45] [73/445] SSEF
[04:35:45] [74/445] MCGX
[04:35:46] [75/445] ERRA
[04:35:48] [76/445] SDTW
[04:35:50] [77/445] RMPK
[04:35:50] [78/445] PTHK
[04:35:51] [79/445] PXCS
[04:35:53] [80/445] SVLU
[04:35:54] 🔄 Identity reset
[04:35:54] 🔄 Identity rotated (every 10 requests)
[04:35:55] [81/445] STAH
[04:35:55] [82/445] JRGF
[04:35:56] [83/445] CDOK
[04:35:57] [84/445] CMSG
[04:35:58] [85/445] APTD
[04:35:59] [86/445] KMPG
[04:36:00] [87/445] MUTJ
[04:36:01] [88/445] VCCI
[04:36:02] [89/445] URBE
[04:36:03] [90/445] TCTS
[04:36:03] 🔄 Identity reset
[04:36:03] 🔄 Identity rotated (every 10 requests)
[04:36:04] [91/445] STSN
[04:36:05] [92/445] AKCH
[04:36:05] [93/445] APSC
[04:36:06] [94/445] VLTB
[04:36:07] [95/445] SANU
[04:36:08] [96/445] AXAM
[04:36:09] [97/445] MGMG
[04:36:10] [98/445] HTBY
[04:36:11] [99/445] MMZS
[04:36:12] [100/445] SUDR
[04:36:12] 🔄 Identity reset
[04:36:12] 🔄 Identity rotated (every 10 requests)
[04:36:13] [101/445] CCAD
[04:36:13] [102/445] SKKC
[04:36:14] [103/445] RMCD
[04:36:15] [104/445] SBCQ
[04:36:16] [105/445] DCCT
[04:36:17] [106/445] VTKP
[04:36:18] [107/445] MLAM
[04:36:19] [108/445] SAVT
[04:36:20] [109/445] GEPL
[04:36:20] [110/445] AMCD
[04:36:21] 🔄 Identity reset
[04:36:21] 🔄 Identity rotated (every 10 requests)
[04:36:22] [111/445] CCXR
[04:36:24] [112/445] GRNG
[04:36:25] [113/445] EBCA
[04:36:25] [114/445] CNVG
[04:36:26] [115/445] MWSS
[04:36:27] [116/445] VBOR
[04:36:28] [117/445] NEEB
[04:36:29] [118/445] SUTH
[04:36:30] [119/445] ANDB
[04:36:31] [120/445] MMXS
[04:36:32] 🔄 Identity reset
[04:36:32] 🔄 Identity rotated (every 10 requests)
[04:36:32] [121/445] CNPD
[04:36:34] [122/445] SDCE
[04:36:35] [123/445] DHCB
[04:36:35] [124/445] ODEN
[04:36:36] [125/445] TNTC
[04:36:37] [126/445] VBKM
[04:36:38] [127/445] RZYM
[04:36:39] [128/445] JEMC
[04:36:40] [129/445] CMAU
[04:36:41] [130/445] SIVP
[04:36:42] 🔄 Identity reset
[04:36:42] 🔄 Identity rotated (every 10 requests)
[04:36:42] [131/445] ATAG
[04:36:43] [132/445] CHTM
[04:36:44] [133/445] AAEE
[04:36:45] [134/445] IWPM
[04:36:46] [135/445] KCMW
[04:36:47] [136/445] MCTD
[04:36:48] [137/445] SPWR
[04:36:48] [138/445] SDPO
[04:36:49] [139/445] PCSK
[04:36:50] [140/445] ACHV
[04:36:51] 🔄 Identity reset
[04:36:51] 🔄 Identity rotated (every 10 requests)
[04:36:51] [141/445] SVLA
[04:36:52] [142/445] PICT
[04:36:53] [143/445] BXDR
[04:36:54] [144/445] SPWA
[04:36:55] [145/445] MCKO
[04:36:56] [146/445] RTHK
[04:36:57] [147/445] CCMF
[04:36:58] [148/445] MRGB
[04:36:59] [149/445] CPLC
[04:37:00] [150/445] RACD
[04:37:01] 🔄 Identity reset
[04:37:01] 🔄 Identity rotated (every 10 requests)
[04:37:01] 🔄 Retry 1/5 for RACD in 2.5s
[04:37:01] 🔄 Identity reset
[04:37:03] 🧠 New identity created
[04:37:04] [151/445] ATKT
[04:37:05] [152/445] SARN
[04:37:06] [153/445] KKUI
[04:37:07] [154/445] RGCM
[04:37:08] [155/445] BRVP
[04:37:09] [156/445] HRSR
[04:37:10] [157/445] GKGM
[04:37:11] [158/445] TTCD
[04:37:13] [159/445] PTTI
[04:37:13] 🔄 Identity reset
[04:37:13] 🔄 Identity rotated (every 10 requests)
[04:37:14] [160/445] MPTT
[04:37:15] [161/445] CVTT
[04:37:15] [162/445] PCXD
[04:37:16] [163/445] GCDC
[04:37:17] [164/445] CCCF
[04:37:18] [165/445] MRAD
[04:37:19] [166/445] CPLK
[04:37:20] [167/445] SATB
[04:37:21] [168/445] SNVG
[04:37:22] [169/445] JMBA
[04:37:22] 🔄 Identity reset
[04:37:22] 🔄 Identity rotated (every 10 requests)
[04:37:23] [170/445] TEJA
[04:37:24] [171/445] STYO
[04:37:25] [172/445] JTBP
[04:37:27] [173/445] KRGD
[04:37:28] [174/445] SLJJ
[04:37:29] [175/445] SPTJ
[04:37:30] [176/445] SWJG
[04:37:31] [177/445] LKRT
[04:37:32] [178/445] KCKA
[04:37:33] [179/445] SNCR
[04:37:34] 🔄 Identity reset
[04:37:34] 🔄 Identity rotated (every 10 requests)
[04:37:34] 🔄 Retry 1/5 for SNCR in 2.8s
[04:37:34] 🔄 Identity reset
[04:37:37] 🧠 New identity created
[04:37:37] [180/445] SMKL
[04:37:38] [181/445] GCFA
[04:37:39] [182/445] DDCK
[04:37:40] [183/445] NCHJ
[04:37:41] [184/445] RDMA
[04:37:42] [185/445] SVSV
[04:37:43] [186/445] SCJG
[04:37:44] [187/445] VKLP
[04:37:45] [188/445] NWCC
[04:37:45] 🔄 Identity reset
[04:37:45] 🔄 Identity rotated (every 10 requests)
[04:37:46] [189/445] VKNS
[04:37:47] [190/445] SDDP
[04:37:47] [191/445] ACSI
[04:37:48] [192/445] SATG
[04:37:49] [193/445] SCMW
[04:37:50] [194/445] LKTK
[04:37:51] [195/445] VCKV
[04:37:52] [196/445] KKPE
[04:37:53] [197/445] KIGH
[04:37:54] [198/445] SRPM
[04:37:55] 🔄 Identity reset
[04:37:55] 🔄 Identity rotated (every 10 requests)
[04:37:55] [199/445] SCAH
[04:37:56] [200/445] MUTA
[04:37:57] [201/445] SEPU
[04:37:58] [202/445] INOA
[04:37:59] [203/445] BASK
[04:38:00] [204/445] NECB
[04:38:00] [205/445] GTTG
[04:38:01] [206/445] ASSA
[04:38:02] [207/445] ANCL
[04:38:03] [208/445] GCTI
[04:38:04] 🔄 Identity reset
[04:38:04] 🔄 Identity rotated (every 10 requests)
[04:38:04] [209/445] RCTS
[04:38:05] [210/445] ACNL
[04:38:06] [211/445] MYCT
[04:38:07] [212/445] NMHT
[04:38:08] [213/445] MDIT
[04:38:10] [214/445] LATG
[04:38:11] [215/445] SMTY
[04:38:12] [216/445] CVCT
[04:38:13] [217/445] RAMB
[04:38:14] [218/445] TGMS
[04:38:14] 🔄 Identity reset
[04:38:14] 🔄 Identity rotated (every 10 requests)
[04:38:15] [219/445] BHEL
[04:38:15] [220/445] SHCT
[04:38:16] [221/445] SVCT
[04:38:17] [222/445] MRIY
[04:38:18] [223/445] SARO
[04:38:19] [224/445] STCT
[04:38:20] [225/445] JKKC
[04:38:21] [226/445] PLTT
[04:38:22] [227/445] SRNT
[04:38:24] [228/445] YAST
[04:38:24] 🔄 Identity reset
[04:38:24] 🔄 Identity rotated (every 10 requests)
[04:38:25] [229/445] PERL
[04:38:26] [230/445] CICM
[04:38:27] [231/445] MMTR
[04:38:28] [232/445] ABTK
[04:38:29] [233/445] ATYY
[04:38:31] [234/445] ASTK
[04:38:33] [235/445] VVCK
[04:38:34] [236/445] ATKY
[04:38:35] [237/445] GWEK
[04:38:37] [238/445] SVFH
[04:38:37] 🔄 Identity reset
[04:38:37] 🔄 Identity rotated (every 10 requests)
[04:38:38] [239/445] SLTA
[04:38:39] [240/445] AASH
[04:38:40] [241/445] ACXB
[04:38:40] [242/445] SMTX
[04:38:41] [243/445] AZDH
[04:38:42] [244/445] CMMH
[04:38:43] [245/445] SCSZ
[04:38:44] [246/445] SCKP
[04:38:45] [247/445] NXTM
[04:38:46] [248/445] NWCS
[04:38:47] 🔄 Identity reset
[04:38:47] 🔄 Identity rotated (every 10 requests)
[04:38:47] [249/445] CXMH
[04:38:48] [250/445] PCMA
[04:38:49] [251/445] SGCM
[04:38:50] [252/445] SDTU
[04:38:51] [253/445] MMVI
[04:38:53] [254/445] JKCM
[04:38:54] [255/445] VCMM
[04:38:55] [256/445] SYEE
[04:38:56] [257/445] VASD
[04:38:57] [258/445] BDRB
[04:38:58] 🔄 Identity reset
[04:38:58] 🔄 Identity rotated (every 10 requests)
[04:38:58] [259/445] LASM
[04:38:59] [260/445] DCRL
[04:39:00] [261/445] DVPM
[04:39:01] [262/445] SBMJ
[04:39:01] [263/445] CBMU
[04:39:02] [264/445] IUBS
[04:39:03] [265/445] INAP
[04:39:04] [266/445] SRRC
[04:39:05] [267/445] SAGR
[04:39:06] [268/445] CPMJ
[04:39:06] 🔄 Identity reset
[04:39:07] 🔄 Identity rotated (every 10 requests)
[04:39:07] 🔄 Retry 1/5 for CPMJ in 2.7s
[04:39:07] 🔄 Identity reset
[04:39:09] 🧠 New identity created
[04:39:10] [269/445] ATJL
[04:39:11] [270/445] NNTD
[04:39:11] [271/445] JHCJ
[04:39:12] [272/445] CMMP
[04:39:13] [273/445] RSDR
[04:39:14] [274/445] AMTI
[04:39:15] [275/445] NYSG
[04:39:16] [276/445] AVSG
[04:39:17] [277/445] SYTP
[04:39:17] 🔄 Identity reset
[04:39:17] 🔄 Identity rotated (every 10 requests)
[04:39:18] [278/445] LARC
[04:39:19] [279/445] RJTP
[04:39:20] [280/445] LAKC
[04:39:21] [281/445] MCXE
[04:39:23] [282/445] CCZC
[04:39:24] [283/445] AVCH
[04:39:24] [284/445] CMBE
[04:39:25] [285/445] MRRC
[04:39:26] [286/445] PCPY
[04:39:27] [287/445] SRMH
[04:39:28] 🔄 Identity reset
[04:39:28] 🔄 Identity rotated (every 10 requests)
[04:39:29] [288/445] SVGS
[04:39:30] [289/445] PCSE
[04:39:31] [290/445] SVFT
[04:39:32] [291/445] TNZP
[04:39:33] [292/445] ICTP
[04:39:34] [293/445] ACTZ
[04:39:34] [294/445] GTUR
[04:39:35] [295/445] MAFC
[04:39:37] [296/445] MINL
[04:39:39] [297/445] MRCL
[04:39:39] 🔄 Identity reset
[04:39:39] 🔄 Identity rotated (every 10 requests)
[04:39:40] [298/445] RCRP
[04:39:41] [299/445] RFFG
[04:39:42] [300/445] RMAS
[04:39:42] [301/445] INVR
[04:39:43] [302/445] RMAR
[04:39:44] [303/445] CNIS
[04:39:46] [304/445] RHRJ
[04:39:47] [305/445] INXR
[04:39:48] [306/445] VALT
[04:39:49] [307/445] LCSH
[04:39:49] 🔄 Identity reset
[04:39:49] 🔄 Identity rotated (every 10 requests)
[04:39:50] [308/445] CMVS
[04:39:51] [309/445] CNMS
[04:39:52] [310/445] ROOG
[04:39:53] [311/445] ISRM
[04:39:55] [312/445] RCRM
[04:39:56] [313/445] ACJA
[04:39:57] [314/445] RCVS
[04:39:58] [315/445] CPUS
[04:39:59] [316/445] TGCS
[04:40:00] [317/445] RKCJ
[04:40:01] 🔄 Identity reset
[04:40:01] 🔄 Identity rotated (every 10 requests)
[04:40:01] [318/445] MKSB
[04:40:02] [319/445] TCSJ
[04:40:03] [320/445] RMGP
[04:40:04] [321/445] CLLP
[04:40:05] [322/445] RCMV
[04:40:07] [323/445] CCKS
[04:40:08] [324/445] RSRP
[04:40:10] [325/445] APLP
[04:40:11] [326/445] CNVS
[04:40:12] [327/445] RMVY
[04:40:12] 🔄 Identity reset
[04:40:12] 🔄 Identity rotated (every 10 requests)
[04:40:13] [328/445] PGBD
[04:40:14] [329/445] KLMS
[04:40:15] [330/445] RUST
[04:40:16] [331/445] MASM
[04:40:17] [332/445] BACS
[04:40:18] [333/445] BWST
[04:40:20] [334/445] RRFH
[04:40:21] [335/445] SJTM
[04:40:22] [336/445] BEMR
[04:40:23] [337/445] MCGR
[04:40:24] 🔄 Identity reset
[04:40:24] 🔄 Identity rotated (every 10 requests)
[04:40:24] [338/445] SDSK
[04:40:25] [339/445] VBOL
[04:40:26] [340/445] RMGM
[04:40:27] [341/445] NOPL
[04:40:28] [342/445] MKJK
[04:40:30] [343/445] CVRN
[04:40:31] [344/445] MMEN
[04:40:32] [345/445] AMNG
[04:40:33] [346/445] INTM
[04:40:34] [347/445] SLCZ
[04:40:35] 🔄 Identity reset
[04:40:35] 🔄 Identity rotated (every 10 requests)
[04:40:35] [348/445] AMJN
[04:40:36] [349/445] ACJN
[04:40:37] [350/445] AMKN
[04:40:38] [351/445] BTCN
[04:40:38] [352/445] AMBT
[04:40:39] [353/445] PACN
[04:40:41] [354/445] LCNS
[04:40:42] [355/445] PPKC
[04:40:43] [356/445] JYYN
[04:40:44] [357/445] JTNR
[04:40:44] 🔄 Identity reset
[04:40:44] 🔄 Identity rotated (every 10 requests)
[04:40:45] [358/445] GTEE
[04:40:46] [359/445] SRNM
[04:40:46] [360/445] SDTC
[04:40:47] [361/445] VPCA
[04:40:48] [362/445] VLRA
[04:40:49] [363/445] SHKR
[04:40:50] [364/445] SBKD
[04:40:51] [365/445] SAAD
[04:40:52] [366/445] JTGN
[04:40:53] [367/445] SLAM
[04:40:53] 🔄 Identity reset
[04:40:53] 🔄 Identity rotated (every 10 requests)
[04:40:54] [368/445] VTPM
[04:40:55] [369/445] ANPT
[04:40:56] [370/445] PUNB
[04:40:56] [371/445] CPKT
[04:40:57] [372/445] CNWE
[04:40:58] [373/445] ECPP
[04:41:00] [374/445] CPAR
[04:41:01] [375/445] ESBW
[04:41:02] [376/445] PKPU
[04:41:03] [377/445] CPRP
[04:41:03] 🔄 Identity reset
[04:41:03] 🔄 Identity rotated (every 10 requests)
[04:41:05] [378/445] RAHU
[04:41:06] [379/445] RHMN
[04:41:07] [380/445] FMJP
[04:41:08] [381/445] CTMP
[04:41:08] [382/445] INPN
[04:41:09] [383/445] STTG
[04:41:10] [384/445] CTRD
[04:41:11] [385/445] PUVB
[04:41:12] [386/445] ESVP
[04:41:13] [387/445] CPFT
[04:41:14] 🔄 Identity reset
[04:41:14] 🔄 Identity rotated (every 10 requests)
[04:41:14] [388/445] LCPC
[04:41:16] [389/445] VBCT
[04:41:17] [390/445] FSCW
[04:41:18] [391/445] VCMP
[04:41:19] [392/445] ASHC
[04:41:20] [393/445] VLCX
[04:41:21] [394/445] SHEV
[04:41:21] [395/445] APCO
[04:41:22] [396/445] SILC
[04:41:24] [397/445] SNMR
[04:41:25] 🔄 Identity reset
[04:41:25] 🔄 Identity rotated (every 10 requests)
[04:41:25] [398/445] KYBO
[04:41:26] [399/445] SATK
[04:41:28] [400/445] SSCS
[04:41:29] [401/445] CLSB
[04:41:30] [402/445] KMJR
[04:41:31] [403/445] FSCK
[04:41:32] [404/445] NNKA
[04:41:33] [405/445] CLMK
[04:41:33] [406/445] DMPZ
[04:41:34] [407/445] INQM
[04:41:35] 🔄 Identity reset
[04:41:35] 🔄 Identity rotated (every 10 requests)
[04:41:35] [408/445] CAML
[04:41:36] [409/445] INRK
[04:41:37] [410/445] IMKN
[04:41:38] [411/445] SVNR
[04:41:40] [412/445] INSL
[04:41:41] [413/445] MSMA
[04:41:42] [414/445] MCKK
[04:41:42] [415/445] FCHP
[04:41:43] [416/445] SFCR
[04:41:44] [417/445] NACK
[04:41:45] 🔄 Identity reset
[04:41:45] 🔄 Identity rotated (every 10 requests)
[04:41:45] [418/445] PVAK
[04:41:46] [419/445] INER
[04:41:47] [420/445] RDBK
[04:41:48] [421/445] SVFN
[04:41:49] [422/445] IFRM
[04:41:50] [423/445] ATCK
[04:41:50] [424/445] ASKO
[04:41:51] [425/445] STKT
[04:41:52] [426/445] SVFB
[04:41:53] [427/445] INKS
[04:41:54] 🔄 Identity reset
[04:41:54] 🔄 Identity rotated (every 10 requests)
[04:41:54] [428/445] PCRA
[04:41:55] [429/445] ATJA
[04:41:56] [430/445] IMJN
[04:41:57] [431/445] INHD
[04:41:58] [432/445] BARA
[04:41:59] [433/445] MCSL
[04:42:00] [434/445] RTOY
[04:42:02] [435/445] MENO
[04:42:03] [436/445] PUDM
[04:42:03] [437/445] PRCN
[04:42:04] 🔄 Identity reset
[04:42:04] 🔄 Identity rotated (every 10 requests)
[04:42:05] [438/445] JMJR
[04:42:05] [439/445] SSGK
[04:42:06] [440/445] SSRL
[04:42:07] [441/445] JYKL
[04:42:09] [442/445] ACNB
[04:42:10] [443/445] SONP
[04:42:11] [444/445] EMCI
[04:42:12] [445/445] MRJH
[04:42:12] 🧹 Deduping shows
[04:42:12] ✅ DONE | Shows=38 | Movies=8
[00:42:22] 🚀 SCRIPT STARTED (enhanced anti‑detection)
[00:42:22] [1/445] TGMR
[00:42:22] 🧠 New identity created
[00:42:23] [2/445] CXKR
[00:42:23] [3/445] SROP
[00:42:24] [4/445] GTSV
[00:42:25] [5/445] SNTY
[00:42:26] [6/445] SMYY
[00:42:27] [7/445] CNCS
[00:42:28] [8/445] CSTM
[00:42:29] [9/445] NUCD
[00:42:30] [10/445] SHCZ
[00:42:31] 🔄 Identity reset
[00:42:31] 🔄 Identity rotated (every 10 requests)
[00:42:31] 🔄 Retry 1/5 for SHCZ in 2.5s
[00:42:31] 🔄 Identity reset
[00:42:33] 🧠 New identity created
[00:42:34] [11/445] NJCT
[00:42:34] [12/445] COPC
[00:42:35] [13/445] STVV
[00:42:36] [14/445] SKRN
[00:42:37] [15/445] APPZ
[00:42:38] [16/445] YMGN
[00:42:39] [17/445] SVTU
[00:42:40] [18/445] GTAD
[00:42:41] [19/445] PSUS
[00:42:41] 🔄 Identity reset
[00:42:41] 🔄 Identity rotated (every 10 requests)
[00:42:41] 🔄 Retry 1/5 for PSUS in 2.5s
[00:42:41] 🔄 Identity reset
[00:42:44] 🧠 New identity created
[00:42:44] 🔄 Retry 2/5 for PSUS in 4.9s
[00:42:44] 🔄 Identity reset
[00:42:49] 🧠 New identity created
[00:42:49] [20/445] SMCD
[00:42:50] [21/445] CMCM
[00:42:51] [22/445] SYCT
[00:42:52] [23/445] STLY
[00:42:53] [24/445] CMHU
[00:42:54] [25/445] CMSA
[00:42:55] [26/445] CLCU
[00:42:56] [27/445] PPNT
[00:42:56] 🔄 Identity reset
[00:42:56] 🔄 Identity rotated (every 10 requests)
[00:42:57] [28/445] JTAB
[00:42:58] [29/445] BUUC
[00:42:59] [30/445] BSVK
[00:43:00] [31/445] VVVQ
[00:43:01] [32/445] TKMU
[00:43:02] [33/445] ESYL
[00:43:03] [34/445] ACHP
[00:43:04] [35/445] BTKD
[00:43:05] [36/445] DESA
[00:43:06] [37/445] GBCT
[00:43:06] 🔄 Identity reset
[00:43:06] 🔄 Identity rotated (every 10 requests)
[00:43:06] 🔄 Retry 1/5 for GBCT in 2.3s
[00:43:06] 🔄 Identity reset
[00:43:09] 🧠 New identity created
[00:43:09] [38/445] BLLD
[00:43:10] [39/445] SKNT
[00:43:11] [40/445] SSTE
[00:43:13] [41/445] VJMR
[00:43:13] [42/445] NTPU
[00:43:14] [43/445] RDKN
[00:43:15] [44/445] ADGC
[00:43:16] [45/445] VRBP
[00:43:17] [46/445] NMNA
[00:43:17] 🔄 Identity reset
[00:43:17] 🔄 Identity rotated (every 10 requests)
[00:43:19] [47/445] CMMX
[00:43:19] [48/445] PTKO
[00:43:20] [49/445] RBML
[00:43:21] [50/445] SAIC
[00:43:22] [51/445] SVTJ
[00:43:24] [52/445] MRTE
[00:43:25] [53/445] RBTP
[00:43:25] [54/445] NLPS
[00:43:26] [55/445] GTNA
[00:43:27] [56/445] DGGC
[00:43:28] 🔄 Identity reset
[00:43:28] 🔄 Identity rotated (every 10 requests)
[00:43:28] 🔄 Retry 1/5 for DGGC in 2.2s
[00:43:28] 🔄 Identity reset
[00:43:30] 🧠 New identity created
[00:43:30] 🔄 Retry 2/5 for DGGC in 4.6s
[00:43:30] 🔄 Identity reset
[00:43:35] 🧠 New identity created
[00:43:35] [57/445] SMCR
[00:43:36] [58/445] SCGD
[00:43:38] [59/445] SRRJ
[00:43:38] [60/445] CNRY
[00:43:39] [61/445] KTDI
[00:43:40] [62/445] SNJL
[00:43:41] [63/445] RKMD
[00:43:42] [64/445] SMDC
[00:43:43] 🔄 Identity reset
[00:43:43] 🔄 Identity rotated (every 10 requests)
[00:43:43] [65/445] TADG
[00:43:44] [66/445] MCGS
[00:43:45] [67/445] PETK
[00:43:46] [68/445] CHAG
[00:43:47] [69/445] KSTL
[00:43:48] [70/445] AADS
[00:43:49] [71/445] NTHZ
[00:43:50] [72/445] HCKI
[00:43:50] [73/445] SSEF
[00:43:51] [74/445] MCGX
[00:43:52] 🔄 Identity reset
[00:43:52] 🔄 Identity rotated (every 10 requests)
[00:43:52] 🔄 Retry 1/5 for MCGX in 2.2s
[00:43:52] 🔄 Identity reset
[00:43:54] 🧠 New identity created
[00:43:54] [75/445] ERRA
[00:43:55] [76/445] SDTW
[00:43:56] [77/445] RMPK
[00:43:57] [78/445] PTHK
[00:43:58] [79/445] PXCS
[00:43:59] [80/445] SVLU
[00:44:00] [81/445] STAH
[00:44:01] [82/445] JRGF
[00:44:02] [83/445] CDOK
[00:44:02] 🔄 Identity reset
[00:44:02] 🔄 Identity rotated (every 10 requests)
[00:44:03] [84/445] CMSG
[00:44:04] [85/445] APTD
[00:44:04] [86/445] KMPG
[00:44:05] [87/445] MUTJ
[00:44:06] [88/445] VCCI
[00:44:07] [89/445] URBE
[00:44:08] [90/445] TCTS
[00:44:09] [91/445] STSN
[00:44:10] [92/445] AKCH
[00:44:11] [93/445] APSC
[00:44:11] 🔄 Identity reset
[00:44:11] 🔄 Identity rotated (every 10 requests)
[00:44:11] 🔄 Retry 1/5 for APSC in 3.0s
[00:44:11] 🔄 Identity reset
[00:44:14] 🧠 New identity created
[00:44:14] 🔄 Retry 2/5 for APSC in 4.9s
[00:44:14] 🔄 Identity reset
[00:44:19] 🧠 New identity created
[00:44:19] 🔄 Retry 3/5 for APSC in 8.9s
[00:44:19] 🔄 Identity reset
[00:44:28] 🧠 New identity created
[00:44:29] [94/445] VLTB
[00:44:29] [95/445] SANU
[00:44:30] [96/445] AXAM
[00:44:31] [97/445] MGMG
[00:44:32] [98/445] HTBY
[00:44:33] [99/445] MMZS
[00:44:34] [100/445] SUDR
[00:44:35] 🔄 Identity reset
[00:44:35] 🔄 Identity rotated (every 10 requests)
[00:44:35] 🔄 Retry 1/5 for SUDR in 2.6s
[00:44:35] 🔄 Identity reset
[00:44:37] 🧠 New identity created
[00:44:38] [101/445] CCAD
[00:44:39] [102/445] SKKC
[00:44:40] [103/445] RMCD
[00:44:41] [104/445] SBCQ
[00:44:42] [105/445] DCCT
[00:44:42] [106/445] VTKP
[00:44:43] [107/445] MLAM
[00:44:44] [108/445] SAVT
[00:44:45] [109/445] GEPL
[00:44:46] 🔄 Identity reset
[00:44:46] 🔄 Identity rotated (every 10 requests)
[00:44:47] [110/445] AMCD
[00:44:48] [111/445] CCXR
[00:44:49] [112/445] GRNG
[00:44:50] [113/445] EBCA
[00:44:51] [114/445] CNVG
[00:44:52] [115/445] MWSS
[00:44:53] [116/445] VBOR
[00:44:54] [117/445] NEEB
[00:44:54] [118/445] SUTH
[00:44:55] [119/445] ANDB
[00:44:56] 🔄 Identity reset
[00:44:56] 🔄 Identity rotated (every 10 requests)
[00:44:56] 🔄 Retry 1/5 for ANDB in 2.4s
[00:44:56] 🔄 Identity reset
[00:44:58] 🧠 New identity created
[00:44:59] [120/445] MMXS
[00:45:00] [121/445] CNPD
[00:45:01] [122/445] SDCE
[00:45:02] [123/445] DHCB
[00:45:02] [124/445] ODEN
[00:45:03] [125/445] TNTC
[00:45:05] [126/445] VBKM
[00:45:07] [127/445] RZYM
[00:45:09] [128/445] JEMC
[00:45:09] 🔄 Identity reset
[00:45:09] 🔄 Identity rotated (every 10 requests)
[00:45:09] 🔄 Retry 1/5 for JEMC in 2.9s
[00:45:09] 🔄 Identity reset
[00:45:12] 🧠 New identity created
[00:45:12] 🔄 Retry 2/5 for JEMC in 4.8s
[00:45:12] 🔄 Identity reset
[00:45:17] 🧠 New identity created
[00:45:17] [129/445] CMAU
[00:45:18] [130/445] SIVP
[00:45:19] [131/445] ATAG
[00:45:20] [132/445] CHTM
[00:45:21] [133/445] AAEE
[00:45:23] [134/445] IWPM
[00:45:24] [135/445] KCMW
[00:45:25] [136/445] MCTD
[00:45:25] 🔄 Identity reset
[00:45:25] 🔄 Identity rotated (every 10 requests)
[00:45:26] [137/445] SPWR
[00:45:27] [138/445] SDPO
[00:45:28] [139/445] PCSK
[00:45:29] [140/445] ACHV
[00:45:30] [141/445] SVLA
[00:45:31] [142/445] PICT
[00:45:31] [143/445] BXDR
[00:45:33] [144/445] SPWA
[00:45:34] [145/445] MCKO
[00:45:35] [146/445] RTHK
[00:45:36] 🔄 Identity reset
[00:45:36] 🔄 Identity rotated (every 10 requests)
[00:45:36] 🔄 Retry 1/5 for RTHK in 2.6s
[00:45:36] 🔄 Identity reset
[00:45:38] 🧠 New identity created
[00:45:39] [147/445] CCMF
[00:45:40] [148/445] MRGB
[00:45:41] [149/445] CPLC
[00:45:42] [150/445] RACD
[00:45:43] [151/445] ATKT
[00:45:44] [152/445] SARN
[00:45:45] [153/445] KKUI
[00:45:46] [154/445] RGCM
[00:45:47] [155/445] BRVP
[00:45:48] 🔄 Identity reset
[00:45:48] 🔄 Identity rotated (every 10 requests)
[00:45:48] [156/445] HRSR
[00:45:49] [157/445] GKGM
[00:45:50] [158/445] TTCD
[00:45:51] [159/445] PTTI
[00:45:52] [160/445] MPTT
[00:45:53] [161/445] CVTT
[00:45:54] [162/445] PCXD
[00:45:55] [163/445] GCDC
[00:45:56] [164/445] CCCF
[00:45:56] [165/445] MRAD
[00:45:57] 🔄 Identity reset
[00:45:57] 🔄 Identity rotated (every 10 requests)
[00:45:57] 🔄 Retry 1/5 for MRAD in 2.5s
[00:45:57] 🔄 Identity reset
[00:46:00] 🧠 New identity created
[00:46:00] 🔄 Retry 2/5 for MRAD in 4.4s
[00:46:00] 🔄 Identity reset
[00:46:04] 🧠 New identity created
[00:46:04] [166/445] CPLK
[00:46:06] [167/445] SATB
[00:46:07] [168/445] SNVG
[00:46:08] [169/445] JMBA
[00:46:09] [170/445] TEJA
[00:46:10] [171/445] STYO
[00:46:11] [172/445] JTBP
[00:46:12] [173/445] KRGD
[00:46:12] 🔄 Identity reset
[00:46:12] 🔄 Identity rotated (every 10 requests)
[00:46:13] [174/445] SLJJ
[00:46:13] [175/445] SPTJ
[00:46:14] [176/445] SWJG
[00:46:15] [177/445] LKRT
[00:46:16] [178/445] KCKA
[00:46:17] [179/445] SNCR
[00:46:18] [180/445] SMKL
[00:46:19] [181/445] GCFA
[00:46:20] [182/445] DDCK
[00:46:20] [183/445] NCHJ
[00:46:21] 🔄 Identity reset
[00:46:21] 🔄 Identity rotated (every 10 requests)
[00:46:21] [184/445] RDMA
[00:46:22] [185/445] SVSV
[00:46:23] [186/445] SCJG
[00:46:24] [187/445] VKLP
[00:46:25] [188/445] NWCC
[00:46:26] [189/445] VKNS
[00:46:27] [190/445] SDDP
[00:46:28] [191/445] ACSI
[00:46:29] [192/445] SATG
[00:46:30] [193/445] SCMW
[00:46:31] 🔄 Identity reset
[00:46:31] 🔄 Identity rotated (every 10 requests)
[00:46:31] [194/445] LKTK
[00:46:32] [195/445] VCKV
[00:46:33] [196/445] KKPE
[00:46:34] [197/445] KIGH
[00:46:35] [198/445] SRPM
[00:46:36] [199/445] SCAH
[00:46:37] [200/445] MUTA
[00:46:38] [201/445] SEPU
[00:46:39] [202/445] INOA
[00:46:39] [203/445] BASK
[00:46:40] 🔄 Identity reset
[00:46:40] 🔄 Identity rotated (every 10 requests)
[00:46:40] 🔄 Retry 1/5 for BASK in 2.1s
[00:46:40] 🔄 Identity reset
[00:46:42] 🧠 New identity created
[00:46:43] [204/445] NECB
[00:46:44] [205/445] GTTG
[00:46:45] [206/445] ASSA
[00:46:46] [207/445] ANCL
[00:46:46] [208/445] GCTI
[00:46:47] [209/445] RCTS
[00:46:48] [210/445] ACNL
[00:46:49] [211/445] MYCT
[00:46:50] [212/445] NMHT
[00:46:50] 🔄 Identity reset
[00:46:50] 🔄 Identity rotated (every 10 requests)
[00:46:52] [213/445] MDIT
[00:46:52] [214/445] LATG
[00:46:53] [215/445] SMTY
[00:46:54] [216/445] CVCT
[00:46:55] [217/445] RAMB
[00:46:56] [218/445] TGMS
[00:46:57] [219/445] BHEL
[00:46:58] [220/445] SHCT
[00:46:59] [221/445] SVCT
[00:47:00] [222/445] MRIY
[00:47:00] 🔄 Identity reset
[00:47:00] 🔄 Identity rotated (every 10 requests)
[00:47:01] [223/445] SARO
[00:47:02] [224/445] STCT
[00:47:03] [225/445] JKKC
[00:47:04] [226/445] PLTT
[00:47:05] [227/445] SRNT
[00:47:06] [228/445] YAST
[00:47:07] [229/445] PERL
[00:47:08] [230/445] CICM
[00:47:09] [231/445] MMTR
[00:47:09] [232/445] ABTK
[00:47:10] 🔄 Identity reset
[00:47:10] 🔄 Identity rotated (every 10 requests)
[00:47:10] [233/445] ATYY
[00:47:11] [234/445] ASTK
[00:47:12] [235/445] VVCK
[00:47:13] [236/445] ATKY
[00:47:14] [237/445] GWEK
[00:47:15] [238/445] SVFH
[00:47:16] [239/445] SLTA
[00:47:17] [240/445] AASH
[00:47:18] [241/445] ACXB
[00:47:19] [242/445] SMTX
[00:47:19] 🔄 Identity reset
[00:47:19] 🔄 Identity rotated (every 10 requests)
[00:47:19] 🔄 Retry 1/5 for SMTX in 2.4s
[00:47:19] 🔄 Identity reset
[00:47:22] 🧠 New identity created
[00:47:22] [243/445] AZDH
[00:47:23] [244/445] CMMH
[00:47:24] [245/445] SCSZ
[00:47:24] [246/445] SCKP
[00:47:25] [247/445] NXTM
[00:47:26] [248/445] NWCS
[00:47:27] [249/445] CXMH
[00:47:28] [250/445] PCMA
[00:47:29] [251/445] SGCM
[00:47:29] 🔄 Identity reset
[00:47:29] 🔄 Identity rotated (every 10 requests)
[00:47:30] [252/445] SDTU
[00:47:31] [253/445] MMVI
[00:47:31] [254/445] JKCM
[00:47:33] [255/445] VCMM
[00:47:34] [256/445] SYEE
[00:47:35] [257/445] VASD
[00:47:36] [258/445] BDRB
[00:47:38] [259/445] LASM
[00:47:39] [260/445] DCRL
[00:47:40] [261/445] DVPM
[00:47:41] 🔄 Identity reset
[00:47:41] 🔄 Identity rotated (every 10 requests)
[00:47:41] [262/445] SBMJ
[00:47:42] [263/445] CBMU
[00:47:43] [264/445] IUBS
[00:47:44] [265/445] INAP
[00:47:46] [266/445] SRRC
[00:47:47] [267/445] SAGR
[00:47:47] [268/445] CPMJ
[00:47:48] [269/445] ATJL
[00:47:49] [270/445] NNTD
[00:47:50] [271/445] JHCJ
[00:47:51] 🔄 Identity reset
[00:47:51] 🔄 Identity rotated (every 10 requests)
[00:47:51] [272/445] CMMP
[00:47:53] [273/445] RSDR
[00:47:54] [274/445] AMTI
[00:47:55] [275/445] NYSG
[00:47:56] [276/445] AVSG
[00:47:56] [277/445] SYTP
[00:47:57] [278/445] LARC
[00:47:58] [279/445] RJTP
[00:47:59] [280/445] LAKC
[00:48:00] [281/445] MCXE
[00:48:01] 🔄 Identity reset
[00:48:01] 🔄 Identity rotated (every 10 requests)
[00:48:01] [282/445] CCZC
[00:48:03] [283/445] AVCH
[00:48:03] [284/445] CMBE
[00:48:05] [285/445] MRRC
[00:48:06] [286/445] PCPY
[00:48:07] [287/445] SRMH
[00:48:08] [288/445] SVGS
[00:48:09] [289/445] PCSE
[00:48:10] [290/445] SVFT
[00:48:12] [291/445] TNZP
[00:48:12] 🔄 Identity reset
[00:48:12] 🔄 Identity rotated (every 10 requests)
[00:48:13] [292/445] ICTP
[00:48:14] [293/445] ACTZ
[00:48:15] [294/445] GTUR
[00:48:15] [295/445] MAFC
[00:48:16] [296/445] MINL
[00:48:17] [297/445] MRCL
[00:48:18] [298/445] RCRP
[00:48:19] [299/445] RFFG
[00:48:20] [300/445] RMAS
[00:48:21] [301/445] INVR
[00:48:21] 🔄 Identity reset
[00:48:21] 🔄 Identity rotated (every 10 requests)
[00:48:22] [302/445] RMAR
[00:48:22] [303/445] CNIS
[00:48:23] [304/445] RHRJ
[00:48:24] [305/445] INXR
[00:48:25] [306/445] VALT
[00:48:26] [307/445] LCSH
[00:48:27] [308/445] CMVS
[00:48:28] [309/445] CNMS
[00:48:28] [310/445] ROOG
[00:48:29] [311/445] ISRM
[00:48:30] 🔄 Identity reset
[00:48:30] 🔄 Identity rotated (every 10 requests)
[00:48:30] [312/445] RCRM
[00:48:32] [313/445] ACJA
[00:48:33] [314/445] RCVS
[00:48:34] [315/445] CPUS
[00:48:35] [316/445] TGCS
[00:48:36] [317/445] RKCJ
[00:48:37] [318/445] MKSB
[00:48:38] [319/445] TCSJ
[00:48:39] [320/445] RMGP
[00:48:41] [321/445] CLLP
[00:48:41] 🔄 Identity reset
[00:48:41] 🔄 Identity rotated (every 10 requests)
[00:48:41] 🔄 Retry 1/5 for CLLP in 3.0s
[00:48:41] 🔄 Identity reset
[00:48:44] 🧠 New identity created
[00:48:45] [322/445] RCMV
[00:48:46] [323/445] CCKS
[00:48:47] [324/445] RSRP
[00:48:48] [325/445] APLP
[00:48:49] [326/445] CNVS
[00:48:50] [327/445] RMVY
[00:48:51] [328/445] PGBD
[00:48:52] [329/445] KLMS
[00:48:53] [330/445] RUST
[00:48:53] 🔄 Identity reset
[00:48:53] 🔄 Identity rotated (every 10 requests)
[00:48:54] [331/445] MASM
[00:48:55] [332/445] BACS
[00:48:56] [333/445] BWST
[00:48:57] [334/445] RRFH
[00:48:58] [335/445] SJTM
[00:48:59] [336/445] BEMR
[00:48:59] [337/445] MCGR
[00:49:00] [338/445] SDSK
[00:49:01] [339/445] VBOL
[00:49:02] [340/445] RMGM
[00:49:03] 🔄 Identity reset
[00:49:03] 🔄 Identity rotated (every 10 requests)
[00:49:04] [341/445] NOPL
[00:49:05] [342/445] MKJK
[00:49:06] [343/445] CVRN
[00:49:07] [344/445] MMEN
[00:49:08] [345/445] AMNG
[00:49:09] [346/445] INTM
[00:49:10] [347/445] SLCZ
[00:49:11] [348/445] AMJN
[00:49:12] [349/445] ACJN
[00:49:13] [350/445] AMKN
[00:49:13] 🔄 Identity reset
[00:49:13] 🔄 Identity rotated (every 10 requests)
[00:49:14] [351/445] BTCN
[00:49:15] [352/445] AMBT
[00:49:16] [353/445] PACN
[00:49:17] [354/445] LCNS
[00:49:18] [355/445] PPKC
[00:49:19] [356/445] JYYN
[00:49:20] [357/445] JTNR
[00:49:21] [358/445] GTEE
[00:49:22] [359/445] SRNM
[00:49:23] [360/445] SDTC
[00:49:23] 🔄 Identity reset
[00:49:23] 🔄 Identity rotated (every 10 requests)
[00:49:24] [361/445] VPCA
[00:49:24] [362/445] VLRA
[00:49:26] [363/445] SHKR
[00:49:27] [364/445] SBKD
[00:49:28] [365/445] SAAD
[00:49:29] [366/445] JTGN
[00:49:30] [367/445] SLAM
[00:49:31] [368/445] VTPM
[00:49:32] [369/445] ANPT
[00:49:34] [370/445] PUNB
[00:49:34] 🔄 Identity reset
[00:49:34] 🔄 Identity rotated (every 10 requests)
[00:49:35] [371/445] CPKT
[00:49:36] [372/445] CNWE
[00:49:37] [373/445] ECPP
[00:49:38] [374/445] CPAR
[00:49:38] [375/445] ESBW
[00:49:39] [376/445] PKPU
[00:49:40] [377/445] CPRP
[00:49:41] [378/445] RAHU
[00:49:42] [379/445] RHMN
[00:49:43] [380/445] FMJP
[00:49:44] 🔄 Identity reset
[00:49:44] 🔄 Identity rotated (every 10 requests)
[00:49:44] [381/445] CTMP
[00:49:45] [382/445] INPN
[00:49:46] [383/445] STTG
[00:49:46] [384/445] CTRD
[00:49:47] [385/445] PUVB
[00:49:49] [386/445] ESVP
[00:49:50] [387/445] CPFT
[00:49:50] [388/445] LCPC
[00:49:51] [389/445] VBCT
[00:49:52] [390/445] FSCW
[00:49:53] 🔄 Identity reset
[00:49:53] 🔄 Identity rotated (every 10 requests)
[00:49:53] [391/445] VCMP
[00:49:54] [392/445] ASHC
[00:49:55] [393/445] VLCX
[00:49:56] [394/445] SHEV
[00:49:57] [395/445] APCO
[00:49:58] [396/445] SILC
[00:49:59] [397/445] SNMR
[00:49:59] [398/445] KYBO
[00:50:00] [399/445] SATK
[00:50:01] [400/445] SSCS
[00:50:02] 🔄 Identity reset
[00:50:02] 🔄 Identity rotated (every 10 requests)
[00:50:02] [401/445] CLSB
[00:50:03] [402/445] KMJR
[00:50:04] [403/445] FSCK
[00:50:05] [404/445] NNKA
[00:50:06] [405/445] CLMK
[00:50:07] [406/445] DMPZ
[00:50:07] [407/445] INQM
[00:50:08] [408/445] CAML
[00:50:09] [409/445] INRK
[00:50:10] [410/445] IMKN
[00:50:11] 🔄 Identity reset
[00:50:11] 🔄 Identity rotated (every 10 requests)
[00:50:11] [411/445] SVNR
[00:50:12] [412/445] INSL
[00:50:13] [413/445] MSMA
[00:50:14] [414/445] MCKK
[00:50:15] [415/445] FCHP
[00:50:16] [416/445] SFCR
[00:50:17] [417/445] NACK
[00:50:18] [418/445] PVAK
[00:50:19] [419/445] INER
[00:50:20] [420/445] RDBK
[00:50:21] 🔄 Identity reset
[00:50:21] 🔄 Identity rotated (every 10 requests)
[00:50:22] [421/445] SVFN
[00:50:23] [422/445] IFRM
[00:50:24] [423/445] ATCK
[00:50:24] [424/445] ASKO
[00:50:25] [425/445] STKT
[00:50:26] [426/445] SVFB
[00:50:27] [427/445] INKS
[00:50:28] [428/445] PCRA
[00:50:29] [429/445] ATJA
[00:50:30] [430/445] IMJN
[00:50:30] 🔄 Identity reset
[00:50:30] 🔄 Identity rotated (every 10 requests)
[00:50:31] [431/445] INHD
[00:50:32] [432/445] BARA
[00:50:33] [433/445] MCSL
[00:50:34] [434/445] RTOY
[00:50:35] [435/445] MENO
[00:50:36] [436/445] PUDM
[00:50:37] [437/445] PRCN
[00:50:37] [438/445] JMJR
[00:50:38] [439/445] SSGK
[00:50:39] [440/445] SSRL
[00:50:40] 🔄 Identity reset
[00:50:40] 🔄 Identity rotated (every 10 requests)
[00:50:40] 🔄 Retry 1/5 for SSRL in 2.6s
[00:50:40] 🔄 Identity reset
[00:50:42] 🧠 New identity created
[00:50:43] [441/445] JYKL
[00:50:43] [442/445] ACNB
[00:50:44] [443/445] SONP
[00:50:45] [444/445] EMCI
[00:50:46] [445/445] MRJH
[00:50:47] 🧹 Deduping shows
[00:50:47] ✅ DONE | Shows=52 | Movies=9
