[04:34:34] 🚀 SCRIPT STARTED (enhanced anti‑detection)
[04:34:34] [1/459] NECA
[04:34:34] 🧠 New identity created
[04:34:35] [2/459] BJLC
[04:34:36] [3/459] BASU
[04:34:36] [4/459] RUPI
[04:34:37] [5/459] LCBK
[04:34:38] [6/459] PMAC
[04:34:39] [7/459] AMLC
[04:34:40] [8/459] LICL
[04:34:41] [9/459] UDMM
[04:34:42] [10/459] STBZ
[04:34:43] 🔄 Identity reset
[04:34:43] 🔄 Identity rotated (every 10 requests)
[04:34:43] [11/459] UUBT
[04:34:44] [12/459] SJKC
[04:34:45] [13/459] TUAL
[04:34:45] [14/459] MRSE
[04:34:46] [15/459] RMRK
[04:34:47] [16/459] TTKP
[04:34:48] [17/459] KTKO
[04:34:49] [18/459] SDBK
[04:34:50] [19/459] MCPR
[04:34:51] [20/459] CHTI
[04:34:51] 🔄 Identity reset
[04:34:51] 🔄 Identity rotated (every 10 requests)
[04:34:51] 🔄 Retry 1/5 for CHTI in 2.4s
[04:34:51] 🔄 Identity reset
[04:34:54] 🧠 New identity created
[04:34:54] [21/459] GCCP
[04:34:55] [22/459] SRMY
[04:34:56] [23/459] NYST
[04:34:57] [24/459] NYAG
[04:34:57] [25/459] SBMT
[04:34:58] [26/459] INGA
[04:34:59] [27/459] WSIC
[04:35:01] [28/459] SCSS
[04:35:01] [29/459] COPG
[04:35:02] 🔄 Identity reset
[04:35:02] 🔄 Identity rotated (every 10 requests)
[04:35:02] [30/459] RCGR
[04:35:03] [31/459] TCZA
[04:35:05] [32/459] CNLP
[04:35:05] [33/459] CLKN
[04:35:06] [34/459] LHDF
[04:35:07] [35/459] ELKC
[04:35:08] [36/459] VCEM
[04:35:09] [37/459] SSZA
[04:35:10] [38/459] KRMT
[04:35:11] [39/459] LCMV
[04:35:12] 🔄 Identity reset
[04:35:12] 🔄 Identity rotated (every 10 requests)
[04:35:12] 🔄 Retry 1/5 for LCMV in 2.5s
[04:35:12] 🔄 Identity reset
[04:35:15] 🧠 New identity created
[04:35:15] [40/459] AYCZ
[04:35:16] [41/459] CUMS
[04:35:17] [42/459] BOCK
[04:35:18] [43/459] PNMR
[04:35:19] [44/459] PJCP
[04:35:20] [45/459] JDDD
[04:35:20] [46/459] STMS
[04:35:21] [47/459] FLMB
[04:35:23] [48/459] PKCM
[04:35:24] 🔄 Identity reset
[04:35:24] 🔄 Identity rotated (every 10 requests)
[04:35:24] 🔄 Retry 1/5 for PKCM in 3.0s
[04:35:24] 🔄 Identity reset
[04:35:27] 🧠 New identity created
[04:35:28] [49/459] SPPR
[04:35:29] [50/459] EYLH
[04:35:30] [51/459] RJCC
[04:35:31] [52/459] MMPS
[04:35:32] [53/459] SHMX
[04:35:33] [54/459] CCNL
[04:35:34] [55/459] RCNV
[04:35:35] [56/459] MAAG
[04:35:36] [57/459] LXCM
[04:35:37] 🔄 Identity reset
[04:35:37] 🔄 Identity rotated (every 10 requests)
[04:35:37] [58/459] RCNI
[04:35:38] [59/459] SNNI
[04:35:39] [60/459] LALC
[04:35:40] [61/459] SOCN
[04:35:40] [62/459] JHTP
[04:35:41] [63/459] PITP
[04:35:42] [64/459] CCKW
[04:35:43] [65/459] MCMC
[04:35:44] [66/459] DEES
[04:35:46] [67/459] SABT
[04:35:46] 🔄 Identity reset
[04:35:47] 🔄 Identity rotated (every 10 requests)
[04:35:48] [68/459] VSPP
[04:35:49] [69/459] ABCT
[04:35:50] [70/459] JVTB
[04:35:51] [71/459] VCBD
[04:35:53] [72/459] RMGG
[04:35:54] [73/459] RNMH
[04:35:55] [74/459] SPGL
[04:35:56] [75/459] JTTR
[04:35:57] [76/459] SICS
[04:35:58] [77/459] SRMI
[04:35:58] 🔄 Identity reset
[04:35:58] 🔄 Identity rotated (every 10 requests)
[04:35:58] 🔄 Retry 1/5 for SRMI in 2.4s
[04:35:58] 🔄 Identity reset
[04:36:01] 🧠 New identity created
[04:36:02] [78/459] SSIJ
[04:36:04] [79/459] KFMT
[04:36:04] [80/459] VBIT
[04:36:05] [81/459] JKCT
[04:36:06] [82/459] GCGP
[04:36:07] [83/459] GDCS
[04:36:09] [84/459] TRBA
[04:36:09] [85/459] QUST
[04:36:10] [86/459] VSHM
[04:36:11] 🔄 Identity reset
[04:36:11] 🔄 Identity rotated (every 10 requests)
[04:36:11] [87/459] SDCP
[04:36:12] [88/459] SNVS
[04:36:13] [89/459] NYTO
[04:36:14] [90/459] URWC
[04:36:15] [91/459] GTWH
[04:36:16] [92/459] PFCM
[04:36:17] [93/459] KRTA
[04:36:18] [94/459] AXMC
[04:36:18] [95/459] EVMC
[04:36:19] [96/459] HGSM
[04:36:20] 🔄 Identity reset
[04:36:20] 🔄 Identity rotated (every 10 requests)
[04:36:20] [97/459] ACVM
[04:36:22] [98/459] PSKL
[04:36:23] [99/459] RDMP
[04:36:24] [100/459] RHGH
[04:36:25] [101/459] OMCM
[04:36:26] [102/459] DCCP
[04:36:27] [103/459] MCPB
[04:36:28] [104/459] ALCI
[04:36:29] [105/459] BLMX
[04:36:30] [106/459] BTMV
[04:36:30] 🔄 Identity reset
[04:36:30] 🔄 Identity rotated (every 10 requests)
[04:36:31] [107/459] FVPN
[04:36:31] [108/459] CMAR
[04:36:32] [109/459] CEIM
[04:36:33] [110/459] CMVA
[04:36:34] [111/459] CPIV
[04:36:35] [112/459] CNPE
[04:36:36] [113/459] COLV
[04:36:37] [114/459] DNNV
[04:36:38] [115/459] HCAD
[04:36:39] [116/459] TAKA
[04:36:39] 🔄 Identity reset
[04:36:39] 🔄 Identity rotated (every 10 requests)
[04:36:40] [117/459] INVD
[04:36:40] [118/459] IRMM
[04:36:41] [119/459] INSE
[04:36:42] [120/459] MRSW
[04:36:43] [121/459] MCVD
[04:36:44] [122/459] MCSO
[04:36:45] [123/459] PEVM
[04:36:46] [124/459] PVNL
[04:36:47] [125/459] PTCV
[04:36:48] [126/459] PRTC
[04:36:48] 🔄 Identity reset
[04:36:48] 🔄 Identity rotated (every 10 requests)
[04:36:49] [127/459] RCVA
[04:36:49] [128/459] MTBN
[04:36:51] [129/459] LUCP
[04:36:51] [130/459] FMPT
[04:36:52] [131/459] JLSL
[04:36:53] [132/459] SBHA
[04:36:54] [133/459] SHRC
[04:36:55] [134/459] AVPS
[04:36:56] [135/459] STPM
[04:36:57] [136/459] ATRD
[04:36:57] 🔄 Identity reset
[04:36:57] 🔄 Identity rotated (every 10 requests)
[04:36:58] [137/459] VTED
[04:36:58] [138/459] ACAI
[04:36:59] [139/459] SMAE
[04:37:00] [140/459] VMAT
[04:37:01] [141/459] LKCT
[04:37:02] [142/459] JTVK
[04:37:03] [143/459] PRTY
[04:37:04] [144/459] GETT
[04:37:05] [145/459] ESAP
[04:37:06] [146/459] NCPM
[04:37:06] 🔄 Identity reset
[04:37:06] 🔄 Identity rotated (every 10 requests)
[04:37:07] [147/459] PCPA
[04:37:08] [148/459] MMOM
[04:37:09] [149/459] PHUP
[04:37:10] [150/459] CCPI
[04:37:11] [151/459] CNTD
[04:37:12] [152/459] NLJR
[04:37:13] [153/459] SRNG
[04:37:15] [154/459] MHAL
[04:37:16] [155/459] PNSM
[04:37:16] [156/459] DRMY
[04:37:17] 🔄 Identity reset
[04:37:17] 🔄 Identity rotated (every 10 requests)
[04:37:17] [157/459] CCMU
[04:37:18] [158/459] SCMY
[04:37:19] [159/459] PVSY
[04:37:20] [160/459] SDLM
[04:37:21] [161/459] ICCM
[04:37:22] [162/459] PYSU
[04:37:23] [163/459] GATM
[04:37:24] [164/459] WOTM
[04:37:24] [165/459] RKTS
[04:37:25] [166/459] PMTY
[04:37:26] 🔄 Identity reset
[04:37:26] 🔄 Identity rotated (every 10 requests)
[04:37:26] [167/459] LYMS
[04:37:27] [168/459] TGCA
[04:37:28] [169/459] DSTA
[04:37:29] [170/459] CNGE
[04:37:30] [171/459] VSTG
[04:37:31] [172/459] GTCK
[04:37:32] [173/459] TGNT
[04:37:33] [174/459] ASLC
[04:37:34] [175/459] SSST
[04:37:35] [176/459] KBTT
[04:37:35] 🔄 Identity reset
[04:37:35] 🔄 Identity rotated (every 10 requests)
[04:37:36] [177/459] HKCP
[04:37:36] [178/459] SWLC
[04:37:37] [179/459] RTND
[04:37:38] [180/459] PKKT
[04:37:39] [181/459] HSTK
[04:37:40] [182/459] SPTT
[04:37:41] [183/459] IMPM
[04:37:42] [184/459] SCMV
[04:37:43] [185/459] SPCT
[04:37:44] [186/459] JBCA
[04:37:45] 🔄 Identity reset
[04:37:45] 🔄 Identity rotated (every 10 requests)
[04:37:45] [187/459] ATTR
[04:37:46] [188/459] SPMT
[04:37:47] [189/459] LCTM
[04:37:48] [190/459] SCVL
[04:37:49] [191/459] SCVT
[04:37:50] [192/459] KRIC
[04:37:51] [193/459] CTMG
[04:37:52] [194/459] ACNC
[04:37:53] [195/459] DMCK
[04:37:54] [196/459] KMTV
[04:37:54] 🔄 Identity reset
[04:37:54] 🔄 Identity rotated (every 10 requests)
[04:37:55] [197/459] PFCJ
[04:37:55] [198/459] VNMD
[04:37:56] [199/459] VPCZ
[04:37:57] [200/459] SRYR
[04:37:58] [201/459] SYTR
[04:37:59] [202/459] GATR
[04:38:01] [203/459] URTR
[04:38:02] [204/459] MKSM
[04:38:03] [205/459] VSMH
[04:38:04] [206/459] SKRJ
[04:38:04] 🔄 Identity reset
[04:38:04] 🔄 Identity rotated (every 10 requests)
[04:38:05] [207/459] SSJR
[04:38:05] [208/459] SVSM
[04:38:06] [209/459] RUCM
[04:38:07] [210/459] PRKN
[04:38:08] [211/459] RROH
[04:38:09] [212/459] SCTN
[04:38:10] [213/459] RTDM
[04:38:11] [214/459] ASRM
[04:38:12] [215/459] SKMD
[04:38:12] [216/459] SUTD
[04:38:13] 🔄 Identity reset
[04:38:13] 🔄 Identity rotated (every 10 requests)
[04:38:13] [217/459] SADM
[04:38:14] [218/459] WCNR
[04:38:15] [219/459] CNED
[04:38:17] [220/459] MPDB
[04:38:17] [221/459] KTBH
[04:38:18] [222/459] IDRM
[04:38:20] [223/459] PJJT
[04:38:21] [224/459] PFCV
[04:38:22] [225/459] AACT
[04:38:23] [226/459] AAAD
[04:38:23] 🔄 Identity reset
[04:38:23] 🔄 Identity rotated (every 10 requests)
[04:38:24] [227/459] ANES
[04:38:25] [228/459] MNCA
[04:38:25] [229/459] RMGU
[04:38:26] [230/459] DLCN
[04:38:27] [231/459] LJWT
[04:38:28] [232/459] MCBG
[04:38:29] [233/459] MYBG
[04:38:30] [234/459] GCCA
[04:38:31] [235/459] GCGA
[04:38:32] [236/459] ECGN
[04:38:33] 🔄 Identity reset
[04:38:33] 🔄 Identity rotated (every 10 requests)
[04:38:33] [237/459] PRAB
[04:38:34] [238/459] PNMP
[04:38:35] [239/459] GCPT
[04:38:36] [240/459] ROYN
[04:38:37] [241/459] VATM
[04:38:38] [242/459] KSNT
[04:38:38] [243/459] ACTC
[04:38:39] [244/459] PLTD
[04:38:40] [245/459] SKMK
[04:38:42] [246/459] CMTT
[04:38:43] 🔄 Identity reset
[04:38:43] 🔄 Identity rotated (every 10 requests)
[04:38:43] [247/459] SMXP
[04:38:44] [248/459] SCMX
[04:38:45] [249/459] ACXN
[04:38:45] [250/459] ASWT
[04:38:46] [251/459] VVVL
[04:38:48] [252/459] NAGO
[04:38:49] [253/459] SNCN
[04:38:50] [254/459] MCKP
[04:38:51] [255/459] SAMO
[04:38:52] [256/459] JBTV
[04:38:53] 🔄 Identity reset
[04:38:53] 🔄 Identity rotated (every 10 requests)
[04:38:53] [257/459] DCVV
[04:38:54] [258/459] KMSV
[04:38:55] [259/459] KDCN
[04:38:56] [260/459] CNCP
[04:38:57] [261/459] HAMC
[04:38:58] [262/459] CCVZ
[04:38:59] [263/459] NCCK
[04:39:00] [264/459] MCHR
[04:39:01] [265/459] SCHT
[04:39:02] [266/459] ESSH
[04:39:03] 🔄 Identity reset
[04:39:03] 🔄 Identity rotated (every 10 requests)
[04:39:04] [267/459] CUJC
[04:39:05] [268/459] PECP
[04:39:06] [269/459] PMMI
[04:39:07] [270/459] PCCH
[04:39:08] [271/459] PRPM
[04:39:09] [272/459] PVKL
[04:39:10] [273/459] CBSM
[04:39:10] [274/459] PVCZ
[04:39:12] [275/459] PCVV
[04:39:13] [276/459] CTMJ
[04:39:14] 🔄 Identity reset
[04:39:14] 🔄 Identity rotated (every 10 requests)
[04:39:14] [277/459] RCPS
[04:39:16] [278/459] PCIT
[04:39:16] [279/459] FNCH
[04:39:17] [280/459] INZD
[04:39:18] [281/459] INPC
[04:39:19] [282/459] LCZP
[04:39:20] [283/459] SMCB
[04:39:21] [284/459] PTSB
[04:39:23] [285/459] TPSI
[04:39:24] [286/459] KHMJ
[04:39:24] 🔄 Identity reset
[04:39:24] 🔄 Identity rotated (every 10 requests)
[04:39:24] [287/459] RCCJ
[04:39:25] [288/459] NCJA
[04:39:26] [289/459] NCJN
[04:39:27] [290/459] BTDP
[04:39:28] [291/459] PADY
[04:39:29] [292/459] NYBH
[04:39:31] [293/459] MTBR
[04:39:32] [294/459] KRBC
[04:39:33] [295/459] DKTI
[04:39:34] [296/459] ANAN
[04:39:34] 🔄 Identity reset
[04:39:34] 🔄 Identity rotated (every 10 requests)
[04:39:35] [297/459] INBP
[04:39:35] [298/459] PATB
[04:39:36] [299/459] RGNT
[04:39:37] [300/459] CGPM
[04:39:38] [301/459] INTN
[04:39:39] [302/459] MCMP
[04:39:40] [303/459] ASRG
[04:39:41] [304/459] CXJD
[04:39:42] [305/459] SPCP
[04:39:43] [306/459] CSTP
[04:39:43] 🔄 Identity reset
[04:39:43] 🔄 Identity rotated (every 10 requests)
[04:39:43] 🔄 Retry 1/5 for CSTP in 2.3s
[04:39:43] 🔄 Identity reset
[04:39:46] 🧠 New identity created
[04:39:46] [307/459] PKVC
[04:39:47] [308/459] ESCP
[04:39:48] [309/459] CAEP
[04:39:49] [310/459] CCSP
[04:39:49] [311/459] KTPC
[04:39:50] [312/459] DACA
[04:39:51] [313/459] NVKY
[04:39:53] [314/459] PTIN
[04:39:54] [315/459] SCIN
[04:39:54] 🔄 Identity reset
[04:39:54] 🔄 Identity rotated (every 10 requests)
[04:39:55] [316/459] MCTY
[04:39:56] [317/459] PCMX
[04:39:56] [318/459] INIC
[04:39:57] [319/459] MMZM
[04:39:58] [320/459] SSLP
[04:39:59] [321/459] DTDT
[04:40:00] [322/459] FFCX
[04:40:01] [323/459] RCMM
[04:40:02] [324/459] KYID
[04:40:03] [325/459] CSCI
[04:40:04] 🔄 Identity reset
[04:40:04] 🔄 Identity rotated (every 10 requests)
[04:40:04] [326/459] FCMC
[04:40:06] [327/459] MMXI
[04:40:07] [328/459] ASTC
[04:40:08] [329/459] CMRA
[04:40:10] [330/459] DICI
[04:40:11] [331/459] KDIN
[04:40:12] [332/459] PRFI
[04:40:13] [333/459] SVFC
[04:40:14] [334/459] UCPL
[04:40:15] [335/459] COOC
[04:40:15] 🔄 Identity reset
[04:40:15] 🔄 Identity rotated (every 10 requests)
[04:40:16] [336/459] SCAL
[04:40:16] [337/459] SVFF
[04:40:17] [338/459] VCMG
[04:40:18] [339/459] UUCT
[04:40:19] [340/459] GCSE
[04:40:20] [341/459] SUSC
[04:40:21] [342/459] MISC
[04:40:22] [343/459] RMBL
[04:40:23] [344/459] CMXN
[04:40:24] [345/459] PVBK
[04:40:24] 🔄 Identity reset
[04:40:24] 🔄 Identity rotated (every 10 requests)
[04:40:25] [346/459] HHCG
[04:40:25] [347/459] SCAG
[04:40:26] [348/459] CNPR
[04:40:27] [349/459] CSER
[04:40:29] [350/459] HLWD
[04:40:30] [351/459] BOLY
[04:40:31] [352/459] SSPG
[04:40:32] [353/459] MUPX
[04:40:32] [354/459] HAMR
[04:40:33] [355/459] SDNC
[04:40:34] 🔄 Identity reset
[04:40:34] 🔄 Identity rotated (every 10 requests)
[04:40:34] [356/459] RTEN
[04:40:35] [357/459] SDTD
[04:40:36] [358/459] KAWS
[04:40:37] [359/459] CMZX
[04:40:38] [360/459] DCDD
[04:40:39] [361/459] ALSN
[04:40:40] [362/459] IMXS
[04:40:40] [363/459] PVFF
[04:40:41] [364/459] PVOO
[04:40:42] [365/459] CFBS
[04:40:43] 🔄 Identity reset
[04:40:43] 🔄 Identity rotated (every 10 requests)
[04:40:43] [366/459] PVER
[04:40:45] [367/459] PPNX
[04:40:46] [368/459] CNRM
[04:40:47] [369/459] PVWW
[04:40:48] [370/459] INMB
[04:40:49] [371/459] CPJR
[04:40:50] [372/459] INRZ
[04:40:51] [373/459] PMSR
[04:40:52] [374/459] GPGM
[04:40:53] [375/459] PGWB
[04:40:53] 🔄 Identity reset
[04:40:53] 🔄 Identity rotated (every 10 requests)
[04:40:54] [376/459] PMBR
[04:40:55] [377/459] GPAM
[04:40:55] [378/459] INBC
[04:40:56] [379/459] PZVK
[04:40:57] [380/459] CPEB
[04:40:58] [381/459] FMLB
[04:40:59] [382/459] INBG
[04:41:01] [383/459] GPBR
[04:41:02] [384/459] PAAS
[04:41:03] [385/459] VTBR
[04:41:03] 🔄 Identity reset
[04:41:03] 🔄 Identity rotated (every 10 requests)
[04:41:04] [386/459] GPMY
[04:41:05] [387/459] GYBU
[04:41:06] [388/459] INBJ
[04:41:07] [389/459] LKTH
[04:41:08] [390/459] NSBR
[04:41:09] [391/459] PDRD
[04:41:10] [392/459] VRBL
[04:41:11] [393/459] VTGB
[04:41:12] [394/459] VTSK
[04:41:13] [395/459] BKDV
[04:41:13] 🔄 Identity reset
[04:41:13] 🔄 Identity rotated (every 10 requests)
[04:41:14] [396/459] SVTB
[04:41:15] [397/459] MLDT
[04:41:16] [398/459] NRBL
[04:41:17] [399/459] SLTR
[04:41:18] [400/459] VNKA
[04:41:20] [401/459] TDCA
[04:41:21] [402/459] INBM
[04:41:22] [403/459] SSNR
[04:41:23] [404/459] BHAC
[04:41:24] [405/459] SDSD
[04:41:25] 🔄 Identity reset
[04:41:25] 🔄 Identity rotated (every 10 requests)
[04:41:25] [406/459] SAMP
[04:41:26] [407/459] RATK
[04:41:27] [408/459] KCBI
[04:41:28] [409/459] URBL
[04:41:29] [410/459] MKBG
[04:41:30] [411/459] ASTB
[04:41:30] [412/459] VBWT
[04:41:31] [413/459] GPSM
[04:41:32] [414/459] ROON
[04:41:33] [415/459] CHTH
[04:41:33] 🔄 Identity reset
[04:41:33] 🔄 Identity rotated (every 10 requests)
[04:41:34] [416/459] SSPA
[04:41:35] [417/459] ANBL
[04:41:36] [418/459] VTBE
[04:41:37] [419/459] SVKT
[04:41:38] [420/459] SVYK
[04:41:39] [421/459] PTBK
[04:41:40] [422/459] RKTB
[04:41:41] [423/459] BALT
[04:41:42] [424/459] STSV
[04:41:43] [425/459] VCCB
[04:41:43] 🔄 Identity reset
[04:41:43] 🔄 Identity rotated (every 10 requests)
[04:41:44] [426/459] SLTB
[04:41:44] [427/459] SBCR
[04:41:45] [428/459] VDCS
[04:41:47] [429/459] MDKI
[04:41:48] [430/459] SMRN
[04:41:49] [431/459] PTBC
[04:41:50] [432/459] RADI
[04:41:51] [433/459] ADCR
[04:41:52] [434/459] SDCS
[04:41:53] [435/459] SRPJ
[04:41:54] 🔄 Identity reset
[04:41:54] 🔄 Identity rotated (every 10 requests)
[04:41:54] [436/459] ARTS
[04:41:55] [437/459] SRHK
[04:41:56] [438/459] SPAY
[04:41:56] [439/459] GPTB
[04:41:57] [440/459] SNNN
[04:41:58] [441/459] BALJ
[04:41:59] [442/459] TRIG
[04:42:00] [443/459] GTYT
[04:42:01] [444/459] ATGN
[04:42:02] [445/459] ANTE
[04:42:03] 🔄 Identity reset
[04:42:03] 🔄 Identity rotated (every 10 requests)
[04:42:03] [446/459] BDCG
[04:42:04] [447/459] VECI
[04:42:06] [448/459] SCPR
[04:42:07] [449/459] RTEA
[04:42:09] [450/459] JSAI
[04:42:10] [451/459] VJTP
[04:42:10] [452/459] GNDS
[04:42:11] [453/459] PAXA
[04:42:12] [454/459] CGGM
[04:42:13] [455/459] ACKZ
[04:42:14] 🔄 Identity reset
[04:42:14] 🔄 Identity rotated (every 10 requests)
[04:42:14] [456/459] EMCC
[04:42:15] [457/459] KLSK
[04:42:16] [458/459] AVCK
[04:42:17] [459/459] JTCK
[04:42:18] 🧹 Deduping shows
[04:42:18] ✅ DONE | Shows=5 | Movies=2
[00:42:32] 🚀 SCRIPT STARTED (enhanced anti‑detection)
[00:42:32] [1/459] NECA
[00:42:33] 🧠 New identity created
[00:42:34] [2/459] BJLC
[00:42:35] [3/459] BASU
[00:42:36] [4/459] RUPI
[00:42:37] [5/459] LCBK
[00:42:38] [6/459] PMAC
[00:42:39] [7/459] AMLC
[00:42:40] [8/459] LICL
[00:42:41] [9/459] UDMM
[00:42:42] [10/459] STBZ
[00:42:43] 🔄 Identity reset
[00:42:43] 🔄 Identity rotated (every 10 requests)
[00:42:43] [11/459] UUBT
[00:42:44] [12/459] SJKC
[00:42:45] [13/459] TUAL
[00:42:46] [14/459] MRSE
[00:42:47] [15/459] RMRK
[00:42:47] [16/459] TTKP
[00:42:49] [17/459] KTKO
[00:42:50] [18/459] SDBK
[00:42:51] [19/459] MCPR
[00:42:52] [20/459] CHTI
[00:42:53] 🔄 Identity reset
[00:42:53] 🔄 Identity rotated (every 10 requests)
[00:42:53] 🔄 Retry 1/5 for CHTI in 2.5s
[00:42:53] 🔄 Identity reset
[00:42:56] 🧠 New identity created
[00:42:56] [21/459] GCCP
[00:42:57] [22/459] SRMY
[00:42:58] [23/459] NYST
[00:42:59] [24/459] NYAG
[00:43:00] [25/459] SBMT
[00:43:01] [26/459] INGA
[00:43:03] [27/459] WSIC
[00:43:04] [28/459] SCSS
[00:43:05] [29/459] COPG
[00:43:05] 🔄 Identity reset
[00:43:05] 🔄 Identity rotated (every 10 requests)
[00:43:05] [30/459] RCGR
[00:43:06] [31/459] TCZA
[00:43:07] [32/459] CNLP
[00:43:08] [33/459] CLKN
[00:43:10] [34/459] LHDF
[00:43:11] [35/459] ELKC
[00:43:12] [36/459] VCEM
[00:43:13] [37/459] SSZA
[00:43:13] [38/459] KRMT
[00:43:14] [39/459] LCMV
[00:43:15] 🔄 Identity reset
[00:43:15] 🔄 Identity rotated (every 10 requests)
[00:43:15] [40/459] AYCZ
[00:43:16] [41/459] CUMS
[00:43:17] [42/459] BOCK
[00:43:18] [43/459] PNMR
[00:43:20] [44/459] PJCP
[00:43:21] [45/459] JDDD
[00:43:22] [46/459] STMS
[00:43:23] [47/459] FLMB
[00:43:23] [48/459] PKCM
[00:43:24] [49/459] SPPR
[00:43:25] 🔄 Identity reset
[00:43:25] 🔄 Identity rotated (every 10 requests)
[00:43:25] [50/459] EYLH
[00:43:26] [51/459] RJCC
[00:43:27] [52/459] MMPS
[00:43:28] [53/459] SHMX
[00:43:29] [54/459] CCNL
[00:43:30] [55/459] RCNV
[00:43:30] [56/459] MAAG
[00:43:32] [57/459] LXCM
[00:43:33] [58/459] RCNI
[00:43:34] [59/459] SNNI
[00:43:34] 🔄 Identity reset
[00:43:34] 🔄 Identity rotated (every 10 requests)
[00:43:35] [60/459] LALC
[00:43:36] [61/459] SOCN
[00:43:36] [62/459] JHTP
[00:43:37] [63/459] PITP
[00:43:38] [64/459] CCKW
[00:43:40] [65/459] MCMC
[00:43:41] [66/459] DEES
[00:43:42] [67/459] SABT
[00:43:42] [68/459] VSPP
[00:43:43] [69/459] ABCT
[00:43:44] 🔄 Identity reset
[00:43:44] 🔄 Identity rotated (every 10 requests)
[00:43:44] 🔄 Retry 1/5 for ABCT in 2.3s
[00:43:44] 🔄 Identity reset
[00:43:46] 🧠 New identity created
[00:43:47] [70/459] JVTB
[00:43:48] [71/459] VCBD
[00:43:49] [72/459] RMGG
[00:43:49] [73/459] RNMH
[00:43:50] [74/459] SPGL
[00:43:51] [75/459] JTTR
[00:43:52] [76/459] SICS
[00:43:54] [77/459] SRMI
[00:43:55] [78/459] SSIJ
[00:43:55] 🔄 Identity reset
[00:43:55] 🔄 Identity rotated (every 10 requests)
[00:43:56] [79/459] KFMT
[00:43:57] [80/459] VBIT
[00:43:58] [81/459] JKCT
[00:44:00] [82/459] GCGP
[00:44:01] [83/459] GDCS
[00:44:02] [84/459] TRBA
[00:44:02] [85/459] QUST
[00:44:03] [86/459] VSHM
[00:44:04] [87/459] SDCP
[00:44:05] [88/459] SNVS
[00:44:06] 🔄 Identity reset
[00:44:06] 🔄 Identity rotated (every 10 requests)
[00:44:06] 🔄 Retry 1/5 for SNVS in 2.3s
[00:44:06] 🔄 Identity reset
[00:44:08] 🧠 New identity created
[00:44:08] 🔄 Retry 2/5 for SNVS in 4.0s
[00:44:08] 🔄 Identity reset
[00:44:12] 🧠 New identity created
[00:44:12] 🔄 Retry 3/5 for SNVS in 8.8s
[00:44:12] 🔄 Identity reset
[00:44:21] 🧠 New identity created
[00:44:21] [89/459] NYTO
[00:44:22] [90/459] URWC
[00:44:23] [91/459] GTWH
[00:44:24] [92/459] PFCM
[00:44:25] [93/459] KRTA
[00:44:26] [94/459] AXMC
[00:44:27] [95/459] EVMC
[00:44:27] 🔄 Identity reset
[00:44:27] 🔄 Identity rotated (every 10 requests)
[00:44:27] 🔄 Retry 1/5 for EVMC in 2.7s
[00:44:27] 🔄 Identity reset
[00:44:30] 🧠 New identity created
[00:44:30] [96/459] HGSM
[00:44:31] [97/459] ACVM
[00:44:33] [98/459] PSKL
[00:44:33] [99/459] RDMP
[00:44:34] [100/459] RHGH
[00:44:35] [101/459] OMCM
[00:44:36] [102/459] DCCP
[00:44:37] [103/459] MCPB
[00:44:38] [104/459] ALCI
[00:44:39] 🔄 Identity reset
[00:44:39] 🔄 Identity rotated (every 10 requests)
[00:44:39] [105/459] BLMX
[00:44:40] [106/459] BTMV
[00:44:41] [107/459] FVPN
[00:44:42] [108/459] CMAR
[00:44:43] [109/459] CEIM
[00:44:44] [110/459] CMVA
[00:44:45] [111/459] CPIV
[00:44:46] [112/459] CNPE
[00:44:47] [113/459] COLV
[00:44:48] [114/459] DNNV
[00:44:49] 🔄 Identity reset
[00:44:49] 🔄 Identity rotated (every 10 requests)
[00:44:49] [115/459] HCAD
[00:44:50] [116/459] TAKA
[00:44:51] [117/459] INVD
[00:44:52] [118/459] IRMM
[00:44:53] [119/459] INSE
[00:44:54] [120/459] MRSW
[00:44:55] [121/459] MCVD
[00:44:56] [122/459] MCSO
[00:44:57] [123/459] PEVM
[00:44:58] [124/459] PVNL
[00:44:59] 🔄 Identity reset
[00:44:59] 🔄 Identity rotated (every 10 requests)
[00:44:59] [125/459] PTCV
[00:45:00] [126/459] PRTC
[00:45:01] [127/459] RCVA
[00:45:02] [128/459] MTBN
[00:45:03] [129/459] LUCP
[00:45:04] [130/459] FMPT
[00:45:05] [131/459] JLSL
[00:45:06] [132/459] SBHA
[00:45:07] [133/459] SHRC
[00:45:08] [134/459] AVPS
[00:45:09] 🔄 Identity reset
[00:45:09] 🔄 Identity rotated (every 10 requests)
[00:45:09] [135/459] STPM
[00:45:10] [136/459] ATRD
[00:45:12] [137/459] VTED
[00:45:12] [138/459] ACAI
[00:45:14] [139/459] SMAE
[00:45:15] [140/459] VMAT
[00:45:16] [141/459] LKCT
[00:45:18] [142/459] JTVK
[00:45:18] [143/459] PRTY
[00:45:19] [144/459] GETT
[00:45:20] 🔄 Identity reset
[00:45:20] 🔄 Identity rotated (every 10 requests)
[00:45:20] 🔄 Retry 1/5 for GETT in 2.7s
[00:45:20] 🔄 Identity reset
[00:45:23] 🧠 New identity created
[00:45:23] [145/459] ESAP
[00:45:24] [146/459] NCPM
[00:45:25] [147/459] PCPA
[00:45:26] [148/459] MMOM
[00:45:27] [149/459] PHUP
[00:45:28] [150/459] CCPI
[00:45:29] [151/459] CNTD
[00:45:30] [152/459] NLJR
[00:45:30] [153/459] SRNG
[00:45:31] 🔄 Identity reset
[00:45:31] 🔄 Identity rotated (every 10 requests)
[00:45:31] [154/459] MHAL
[00:45:32] [155/459] PNSM
[00:45:33] [156/459] DRMY
[00:45:34] [157/459] CCMU
[00:45:35] [158/459] SCMY
[00:45:36] [159/459] PVSY
[00:45:37] [160/459] SDLM
[00:45:38] [161/459] ICCM
[00:45:39] [162/459] PYSU
[00:45:40] [163/459] GATM
[00:45:40] 🔄 Identity reset
[00:45:40] 🔄 Identity rotated (every 10 requests)
[00:45:40] [164/459] WOTM
[00:45:41] [165/459] RKTS
[00:45:42] [166/459] PMTY
[00:45:43] [167/459] LYMS
[00:45:44] [168/459] TGCA
[00:45:45] [169/459] DSTA
[00:45:46] [170/459] CNGE
[00:45:46] [171/459] VSTG
[00:45:47] [172/459] GTCK
[00:45:48] [173/459] TGNT
[00:45:49] 🔄 Identity reset
[00:45:49] 🔄 Identity rotated (every 10 requests)
[00:45:49] 🔄 Retry 1/5 for TGNT in 2.4s
[00:45:49] 🔄 Identity reset
[00:45:51] 🧠 New identity created
[00:45:52] [174/459] ASLC
[00:45:53] [175/459] SSST
[00:45:54] [176/459] KBTT
[00:45:55] [177/459] HKCP
[00:45:56] [178/459] SWLC
[00:45:56] [179/459] RTND
[00:45:57] [180/459] PKKT
[00:45:58] [181/459] HSTK
[00:45:59] [182/459] SPTT
[00:45:59] 🔄 Identity reset
[00:45:59] 🔄 Identity rotated (every 10 requests)
[00:46:00] [183/459] IMPM
[00:46:01] [184/459] SCMV
[00:46:02] [185/459] SPCT
[00:46:03] [186/459] JBCA
[00:46:04] [187/459] ATTR
[00:46:05] [188/459] SPMT
[00:46:06] [189/459] LCTM
[00:46:07] [190/459] SCVL
[00:46:08] [191/459] SCVT
[00:46:09] [192/459] KRIC
[00:46:09] 🔄 Identity reset
[00:46:09] 🔄 Identity rotated (every 10 requests)
[00:46:10] [193/459] CTMG
[00:46:11] [194/459] ACNC
[00:46:12] [195/459] DMCK
[00:46:13] [196/459] KMTV
[00:46:13] [197/459] PFCJ
[00:46:14] [198/459] VNMD
[00:46:16] [199/459] VPCZ
[00:46:17] [200/459] SRYR
[00:46:18] [201/459] SYTR
[00:46:19] [202/459] GATR
[00:46:19] 🔄 Identity reset
[00:46:19] 🔄 Identity rotated (every 10 requests)
[00:46:20] [203/459] URTR
[00:46:21] [204/459] MKSM
[00:46:22] [205/459] VSMH
[00:46:23] [206/459] SKRJ
[00:46:24] [207/459] SSJR
[00:46:25] [208/459] SVSM
[00:46:26] [209/459] RUCM
[00:46:27] [210/459] PRKN
[00:46:28] [211/459] RROH
[00:46:29] [212/459] SCTN
[00:46:30] 🔄 Identity reset
[00:46:30] 🔄 Identity rotated (every 10 requests)
[00:46:30] 🔄 Retry 1/5 for SCTN in 2.8s
[00:46:30] 🔄 Identity reset
[00:46:33] 🧠 New identity created
[00:46:33] [213/459] RTDM
[00:46:34] [214/459] ASRM
[00:46:35] [215/459] SKMD
[00:46:37] [216/459] SUTD
[00:46:38] [217/459] SADM
[00:46:38] [218/459] WCNR
[00:46:39] [219/459] CNED
[00:46:40] [220/459] MPDB
[00:46:41] [221/459] KTBH
[00:46:41] 🔄 Identity reset
[00:46:41] 🔄 Identity rotated (every 10 requests)
[00:46:42] [222/459] IDRM
[00:46:43] [223/459] PJJT
[00:46:44] [224/459] PFCV
[00:46:44] [225/459] AACT
[00:46:45] [226/459] AAAD
[00:46:46] [227/459] ANES
[00:46:47] [228/459] MNCA
[00:46:48] [229/459] RMGU
[00:46:49] [230/459] DLCN
[00:46:50] [231/459] LJWT
[00:46:51] 🔄 Identity reset
[00:46:51] 🔄 Identity rotated (every 10 requests)
[00:46:51] [232/459] MCBG
[00:46:52] [233/459] MYBG
[00:46:53] [234/459] GCCA
[00:46:54] [235/459] GCGA
[00:46:55] [236/459] ECGN
[00:46:56] [237/459] PRAB
[00:46:57] [238/459] PNMP
[00:46:58] [239/459] GCPT
[00:46:59] [240/459] ROYN
[00:47:00] [241/459] VATM
[00:47:01] 🔄 Identity reset
[00:47:01] 🔄 Identity rotated (every 10 requests)
[00:47:01] [242/459] KSNT
[00:47:02] [243/459] ACTC
[00:47:03] [244/459] PLTD
[00:47:04] [245/459] SKMK
[00:47:05] [246/459] CMTT
[00:47:06] [247/459] SMXP
[00:47:08] [248/459] SCMX
[00:47:09] [249/459] ACXN
[00:47:09] [250/459] ASWT
[00:47:11] [251/459] VVVL
[00:47:11] 🔄 Identity reset
[00:47:11] 🔄 Identity rotated (every 10 requests)
[00:47:12] [252/459] NAGO
[00:47:13] [253/459] SNCN
[00:47:13] [254/459] MCKP
[00:47:14] [255/459] SAMO
[00:47:15] [256/459] JBTV
[00:47:16] [257/459] DCVV
[00:47:17] [258/459] KMSV
[00:47:18] [259/459] KDCN
[00:47:19] [260/459] CNCP
[00:47:20] [261/459] HAMC
[00:47:20] 🔄 Identity reset
[00:47:20] 🔄 Identity rotated (every 10 requests)
[00:47:21] [262/459] CCVZ
[00:47:22] [263/459] NCCK
[00:47:23] [264/459] MCHR
[00:47:24] [265/459] SCHT
[00:47:25] [266/459] ESSH
[00:47:26] [267/459] CUJC
[00:47:27] [268/459] PECP
[00:47:28] [269/459] PMMI
[00:47:29] [270/459] PCCH
[00:47:30] [271/459] PRPM
[00:47:31] 🔄 Identity reset
[00:47:31] 🔄 Identity rotated (every 10 requests)
[00:47:31] [272/459] PVKL
[00:47:32] [273/459] CBSM
[00:47:33] [274/459] PVCZ
[00:47:34] [275/459] PCVV
[00:47:36] [276/459] CTMJ
[00:47:37] [277/459] RCPS
[00:47:37] [278/459] PCIT
[00:47:38] [279/459] FNCH
[00:47:39] [280/459] INZD
[00:47:40] [281/459] INPC
[00:47:41] 🔄 Identity reset
[00:47:41] 🔄 Identity rotated (every 10 requests)
[00:47:42] [282/459] LCZP
[00:47:43] [283/459] SMCB
[00:47:44] [284/459] PTSB
[00:47:45] [285/459] TPSI
[00:47:46] [286/459] KHMJ
[00:47:47] [287/459] RCCJ
[00:47:48] [288/459] NCJA
[00:47:50] [289/459] NCJN
[00:47:50] [290/459] BTDP
[00:47:51] [291/459] PADY
[00:47:52] 🔄 Identity reset
[00:47:52] 🔄 Identity rotated (every 10 requests)
[00:47:52] [292/459] NYBH
[00:47:53] [293/459] MTBR
[00:47:54] [294/459] KRBC
[00:47:55] [295/459] DKTI
[00:47:55] [296/459] ANAN
[00:47:56] [297/459] INBP
[00:47:57] [298/459] PATB
[00:47:59] [299/459] RGNT
[00:48:01] [300/459] CGPM
[00:48:02] [301/459] INTN
[00:48:02] 🔄 Identity reset
[00:48:02] 🔄 Identity rotated (every 10 requests)
[00:48:02] [302/459] MCMP
[00:48:03] [303/459] ASRG
[00:48:04] [304/459] CXJD
[00:48:05] [305/459] SPCP
[00:48:07] [306/459] CSTP
[00:48:08] [307/459] PKVC
[00:48:09] [308/459] ESCP
[00:48:10] [309/459] CAEP
[00:48:11] [310/459] CCSP
[00:48:12] [311/459] KTPC
[00:48:12] 🔄 Identity reset
[00:48:12] 🔄 Identity rotated (every 10 requests)
[00:48:13] [312/459] DACA
[00:48:14] [313/459] NVKY
[00:48:14] [314/459] PTIN
[00:48:15] [315/459] SCIN
[00:48:16] [316/459] MCTY
[00:48:17] [317/459] PCMX
[00:48:18] [318/459] INIC
[00:48:19] [319/459] MMZM
[00:48:20] [320/459] SSLP
[00:48:21] [321/459] DTDT
[00:48:21] 🔄 Identity reset
[00:48:21] 🔄 Identity rotated (every 10 requests)
[00:48:22] [322/459] FFCX
[00:48:23] [323/459] RCMM
[00:48:24] [324/459] KYID
[00:48:24] [325/459] CSCI
[00:48:25] [326/459] FCMC
[00:48:26] [327/459] MMXI
[00:48:27] [328/459] ASTC
[00:48:28] [329/459] CMRA
[00:48:29] [330/459] DICI
[00:48:30] [331/459] KDIN
[00:48:30] 🔄 Identity reset
[00:48:30] 🔄 Identity rotated (every 10 requests)
[00:48:31] [332/459] PRFI
[00:48:32] [333/459] SVFC
[00:48:33] [334/459] UCPL
[00:48:34] [335/459] COOC
[00:48:35] [336/459] SCAL
[00:48:37] [337/459] SVFF
[00:48:37] [338/459] VCMG
[00:48:38] [339/459] UUCT
[00:48:39] [340/459] GCSE
[00:48:40] [341/459] SUSC
[00:48:40] 🔄 Identity reset
[00:48:40] 🔄 Identity rotated (every 10 requests)
[00:48:41] 🔄 Retry 1/5 for SUSC in 2.2s
[00:48:41] 🔄 Identity reset
[00:48:43] 🧠 New identity created
[00:48:43] [342/459] MISC
[00:48:44] [343/459] RMBL
[00:48:45] [344/459] CMXN
[00:48:46] [345/459] PVBK
[00:48:47] [346/459] HHCG
[00:48:48] [347/459] SCAG
[00:48:49] [348/459] CNPR
[00:48:50] [349/459] CSER
[00:48:51] [350/459] HLWD
[00:48:51] 🔄 Identity reset
[00:48:51] 🔄 Identity rotated (every 10 requests)
[00:48:52] [351/459] BOLY
[00:48:52] [352/459] SSPG
[00:48:53] [353/459] MUPX
[00:48:54] [354/459] HAMR
[00:48:55] [355/459] SDNC
[00:48:56] [356/459] RTEN
[00:48:57] [357/459] SDTD
[00:48:58] [358/459] KAWS
[00:49:00] [359/459] CMZX
[00:49:01] [360/459] DCDD
[00:49:01] 🔄 Identity reset
[00:49:01] 🔄 Identity rotated (every 10 requests)
[00:49:02] [361/459] ALSN
[00:49:03] [362/459] IMXS
[00:49:03] [363/459] PVFF
[00:49:04] [364/459] PVOO
[00:49:05] [365/459] CFBS
[00:49:06] [366/459] PVER
[00:49:07] [367/459] PPNX
[00:49:08] [368/459] CNRM
[00:49:09] [369/459] PVWW
[00:49:10] [370/459] INMB
[00:49:10] 🔄 Identity reset
[00:49:10] 🔄 Identity rotated (every 10 requests)
[00:49:11] [371/459] CPJR
[00:49:11] [372/459] INRZ
[00:49:12] [373/459] PMSR
[00:49:13] [374/459] GPGM
[00:49:14] [375/459] PGWB
[00:49:15] [376/459] PMBR
[00:49:16] [377/459] GPAM
[00:49:17] [378/459] INBC
[00:49:18] [379/459] PZVK
[00:49:20] [380/459] CPEB
[00:49:20] 🔄 Identity reset
[00:49:20] 🔄 Identity rotated (every 10 requests)
[00:49:21] [381/459] FMLB
[00:49:22] [382/459] INBG
[00:49:23] [383/459] GPBR
[00:49:24] [384/459] PAAS
[00:49:24] [385/459] VTBR
[00:49:25] [386/459] GPMY
[00:49:27] [387/459] GYBU
[00:49:28] [388/459] INBJ
[00:49:29] [389/459] LKTH
[00:49:30] [390/459] NSBR
[00:49:31] 🔄 Identity reset
[00:49:31] 🔄 Identity rotated (every 10 requests)
[00:49:32] [391/459] PDRD
[00:49:33] [392/459] VRBL
[00:49:34] [393/459] VTGB
[00:49:35] [394/459] VTSK
[00:49:36] [395/459] BKDV
[00:49:37] [396/459] SVTB
[00:49:38] [397/459] MLDT
[00:49:39] [398/459] NRBL
[00:49:39] [399/459] SLTR
[00:49:40] [400/459] VNKA
[00:49:41] 🔄 Identity reset
[00:49:41] 🔄 Identity rotated (every 10 requests)
[00:49:41] [401/459] TDCA
[00:49:42] [402/459] INBM
[00:49:43] [403/459] SSNR
[00:49:44] [404/459] BHAC
[00:49:45] [405/459] SDSD
[00:49:46] [406/459] SAMP
[00:49:47] [407/459] RATK
[00:49:47] [408/459] KCBI
[00:49:48] [409/459] URBL
[00:49:50] [410/459] MKBG
[00:49:51] 🔄 Identity reset
[00:49:51] 🔄 Identity rotated (every 10 requests)
[00:49:51] [411/459] ASTB
[00:49:52] [412/459] VBWT
[00:49:53] [413/459] GPSM
[00:49:54] [414/459] ROON
[00:49:55] [415/459] CHTH
[00:49:56] [416/459] SSPA
[00:49:57] [417/459] ANBL
[00:49:58] [418/459] VTBE
[00:49:58] [419/459] SVKT
[00:49:59] [420/459] SVYK
[00:50:00] 🔄 Identity reset
[00:50:00] 🔄 Identity rotated (every 10 requests)
[00:50:00] [421/459] PTBK
[00:50:01] [422/459] RKTB
[00:50:03] [423/459] BALT
[00:50:04] [424/459] STSV
[00:50:05] [425/459] VCCB
[00:50:06] [426/459] SLTB
[00:50:07] [427/459] SBCR
[00:50:08] [428/459] VDCS
[00:50:09] [429/459] MDKI
[00:50:10] [430/459] SMRN
[00:50:10] 🔄 Identity reset
[00:50:10] 🔄 Identity rotated (every 10 requests)
[00:50:11] [431/459] PTBC
[00:50:12] [432/459] RADI
[00:50:13] [433/459] ADCR
[00:50:14] [434/459] SDCS
[00:50:15] [435/459] SRPJ
[00:50:16] [436/459] ARTS
[00:50:17] [437/459] SRHK
[00:50:18] [438/459] SPAY
[00:50:19] [439/459] GPTB
[00:50:20] [440/459] SNNN
[00:50:21] 🔄 Identity reset
[00:50:21] 🔄 Identity rotated (every 10 requests)
[00:50:21] 🔄 Retry 1/5 for SNNN in 2.8s
[00:50:21] 🔄 Identity reset
[00:50:23] 🧠 New identity created
[00:50:24] [441/459] BALJ
[00:50:25] [442/459] TRIG
[00:50:26] [443/459] GTYT
[00:50:27] [444/459] ATGN
[00:50:28] [445/459] ANTE
[00:50:29] [446/459] BDCG
[00:50:30] [447/459] VECI
[00:50:31] [448/459] SCPR
[00:50:32] [449/459] RTEA
[00:50:33] 🔄 Identity reset
[00:50:33] 🔄 Identity rotated (every 10 requests)
[00:50:33] [450/459] JSAI
[00:50:34] [451/459] VJTP
[00:50:35] [452/459] GNDS
[00:50:36] [453/459] PAXA
[00:50:37] [454/459] CGGM
[00:50:38] [455/459] ACKZ
[00:50:39] [456/459] EMCC
[00:50:40] [457/459] KLSK
[00:50:41] [458/459] AVCK
[00:50:42] [459/459] JTCK
[00:50:42] 🔄 Identity reset
[00:50:42] 🔄 Identity rotated (every 10 requests)
[00:50:43] 🧹 Deduping shows
[00:50:43] ✅ DONE | Shows=17 | Movies=6
[10:38:41] 🚀 SCRIPT STARTED
[10:38:41] [1/459] NECA
[10:38:41] 🧠 New identity created
[10:38:42] [2/459] BJLC
[10:38:44] [3/459] BASU
[10:38:45] [4/459] RUPI
[10:38:46] [5/459] LCBK
[10:38:47] [6/459] PMAC
[10:38:48] [7/459] AMLC
[10:38:48] [8/459] LICL
[10:38:49] [9/459] UDMM
[10:38:50] [10/459] STBZ
[10:38:50] 🔄 Identity reset
[10:38:50] 🔄 Identity rotated (every 10 requests)
[10:38:51] [11/459] UUBT
[10:38:52] [12/459] SJKC
[10:38:53] [13/459] TUAL
[10:38:55] [14/459] MRSE
[10:38:56] [15/459] RMRK
[10:38:57] [16/459] TTKP
[10:38:58] [17/459] KTKO
[10:38:59] [18/459] SDBK
[10:39:00] [19/459] MCPR
[10:39:01] [20/459] CHTI
[10:39:01] 🔄 Identity reset
[10:39:01] 🔄 Identity rotated (every 10 requests)
[10:39:02] [21/459] GCCP
[10:39:02] [22/459] SRMY
[10:39:03] [23/459] NYST
[10:39:05] [24/459] NYAG
[10:39:06] [25/459] SBMT
[10:39:07] [26/459] INGA
[10:39:08] [27/459] WSIC
[10:39:09] [28/459] SCSS
[10:39:10] [29/459] COPG
[10:39:11] [30/459] RCGR
[10:39:11] 🔄 Identity reset
[10:39:11] 🔄 Identity rotated (every 10 requests)
[10:39:11] [31/459] TCZA
[10:39:12] [32/459] CNLP
[10:39:13] [33/459] CLKN
[10:39:15] [34/459] LHDF
[10:39:15] [35/459] ELKC
[10:39:16] [36/459] VCEM
[10:39:18] [37/459] SSZA
[10:39:19] [38/459] KRMT
[10:39:20] [39/459] LCMV
[10:39:21] [40/459] AYCZ
[10:39:21] 🔄 Identity reset
[10:39:21] 🔄 Identity rotated (every 10 requests)
[10:39:22] [41/459] CUMS
[10:39:23] [42/459] BOCK
[10:39:24] [43/459] PNMR
[10:39:25] [44/459] PJCP
[10:39:25] [45/459] JDDD
[10:39:27] [46/459] STMS
[10:39:28] [47/459] FLMB
[10:39:29] [48/459] PKCM
[10:39:30] [49/459] SPPR
[10:39:31] [50/459] EYLH
[10:39:31] 🔄 Identity reset
[10:39:31] 🔄 Identity rotated (every 10 requests)
[10:39:32] [51/459] RJCC
[10:39:32] [52/459] MMPS
[10:39:33] [53/459] SHMX
[10:39:34] [54/459] CCNL
[10:39:35] [55/459] RCNV
[10:39:36] [56/459] MAAG
[10:39:37] [57/459] LXCM
[10:39:38] [58/459] RCNI
[10:39:39] [59/459] SNNI
[10:39:39] [60/459] LALC
[10:39:39] 🔄 Identity reset
[10:39:40] 🔄 Identity rotated (every 10 requests)
[10:39:41] [61/459] SOCN
[10:39:41] [62/459] JHTP
[10:39:42] [63/459] PITP
[10:39:44] [64/459] CCKW
[10:39:44] [65/459] MCMC
[10:39:46] [66/459] DEES
[10:39:47] [67/459] SABT
[10:39:48] [68/459] VSPP
[10:39:49] [69/459] ABCT
[10:39:50] [70/459] JVTB
[10:39:50] 🔄 Identity reset
[10:39:50] 🔄 Identity rotated (every 10 requests)
[10:39:51] [71/459] VCBD
[10:39:52] [72/459] RMGG
[10:39:53] [73/459] RNMH
[10:39:54] [74/459] SPGL
[10:39:55] [75/459] JTTR
[10:39:56] [76/459] SICS
[10:39:57] [77/459] SRMI
[10:39:58] [78/459] SSIJ
[10:39:59] [79/459] KFMT
[10:40:00] [80/459] VBIT
[10:40:00] 🔄 Identity reset
[10:40:00] 🔄 Identity rotated (every 10 requests)
[10:40:01] [81/459] JKCT
[10:40:02] [82/459] GCGP
[10:40:03] [83/459] GDCS
[10:40:04] [84/459] TRBA
[10:40:05] [85/459] QUST
[10:40:06] [86/459] VSHM
[10:40:07] [87/459] SDCP
[10:40:08] [88/459] SNVS
[10:40:09] [89/459] NYTO
[10:40:09] [90/459] URWC
[10:40:09] 🔄 Identity reset
[10:40:10] 🔄 Identity rotated (every 10 requests)
[10:40:10] 🔄 Retry 1/5 for URWC in 2.1s
[10:40:10] 🔄 Identity reset
[10:40:12] 🧠 New identity created
[10:40:13] [91/459] GTWH
[10:40:14] [92/459] PFCM
[10:40:15] [93/459] KRTA
[10:40:17] [94/459] AXMC
[10:40:18] [95/459] EVMC
[10:40:20] [96/459] HGSM
[10:40:20] [97/459] ACVM
[10:40:21] [98/459] PSKL
[10:40:22] [99/459] RDMP
[10:40:22] 🔄 Identity reset
[10:40:22] 🔄 Identity rotated (every 10 requests)
[10:40:22] 🔄 Retry 1/5 for RDMP in 2.3s
[10:40:22] 🔄 Identity reset
[10:40:25] 🧠 New identity created
[10:40:26] [100/459] RHGH
[10:40:27] [101/459] OMCM
[10:40:27] [102/459] DCCP
[10:40:28] [103/459] MCPB
[10:40:29] [104/459] ALCI
[10:40:30] [105/459] BLMX
[10:40:31] [106/459] BTMV
[10:40:32] [107/459] FVPN
[10:40:33] [108/459] CMAR
[10:40:33] 🔄 Identity reset
[10:40:33] 🔄 Identity rotated (every 10 requests)
[10:40:34] [109/459] CEIM
[10:40:35] [110/459] CMVA
[10:40:36] [111/459] CPIV
[10:40:37] [112/459] CNPE
[10:40:38] [113/459] COLV
[10:40:39] [114/459] DNNV
[10:40:39] [115/459] HCAD
[10:40:41] [116/459] TAKA
[10:40:42] [117/459] INVD
[10:40:43] [118/459] IRMM
[10:40:43] 🔄 Identity reset
[10:40:43] 🔄 Identity rotated (every 10 requests)
[10:40:44] [119/459] INSE
[10:40:45] [120/459] MRSW
[10:40:46] [121/459] MCVD
[10:40:47] [122/459] MCSO
[10:40:48] [123/459] PEVM
[10:40:49] [124/459] PVNL
[10:40:50] [125/459] PTCV
[10:40:50] [126/459] PRTC
[10:40:52] [127/459] RCVA
[10:40:52] [128/459] MTBN
[10:40:52] 🔄 Identity reset
[10:40:52] 🔄 Identity rotated (every 10 requests)
[10:40:54] [129/459] LUCP
[10:40:54] [130/459] FMPT
[10:40:55] [131/459] JLSL
[10:40:56] [132/459] SBHA
[10:40:57] [133/459] SHRC
[10:40:58] [134/459] AVPS
[10:40:59] [135/459] STPM
[10:41:00] [136/459] ATRD
[10:41:01] [137/459] VTED
[10:41:02] [138/459] ACAI
[10:41:02] 🔄 Identity reset
[10:41:02] 🔄 Identity rotated (every 10 requests)
[10:41:02] 🔄 Retry 1/5 for ACAI in 2.6s
[10:41:02] 🔄 Identity reset
[10:41:05] 🧠 New identity created
[10:41:06] [139/459] SMAE
[10:41:07] [140/459] VMAT
[10:41:08] [141/459] LKCT
[10:41:08] [142/459] JTVK
[10:41:09] [143/459] PRTY
[10:41:10] [144/459] GETT
[10:41:11] [145/459] ESAP
[10:41:13] [146/459] NCPM
[10:41:14] [147/459] PCPA
[10:41:14] 🔄 Identity reset
[10:41:14] 🔄 Identity rotated (every 10 requests)
[10:41:15] [148/459] MMOM
[10:41:16] [149/459] PHUP
[10:41:17] [150/459] CCPI
[10:41:18] [151/459] CNTD
[10:41:19] [152/459] NLJR
[10:41:20] [153/459] SRNG
[10:41:21] [154/459] MHAL
[10:41:22] [155/459] PNSM
[10:41:23] [156/459] DRMY
[10:41:24] [157/459] CCMU
[10:41:24] 🔄 Identity reset
[10:41:24] 🔄 Identity rotated (every 10 requests)
[10:41:25] [158/459] SCMY
[10:41:26] [159/459] PVSY
[10:41:27] [160/459] SDLM
[10:41:28] [161/459] ICCM
[10:41:29] [162/459] PYSU
[10:41:30] [163/459] GATM
[10:41:31] [164/459] WOTM
[10:41:32] [165/459] RKTS
[10:41:33] [166/459] PMTY
[10:41:34] [167/459] LYMS
[10:41:34] 🔄 Identity reset
[10:41:34] 🔄 Identity rotated (every 10 requests)
[10:41:35] [168/459] TGCA
[10:41:36] [169/459] DSTA
[10:41:37] [170/459] CNGE
[10:41:38] [171/459] VSTG
[10:41:39] [172/459] GTCK
[10:41:40] [173/459] TGNT
[10:41:41] [174/459] ASLC
[10:41:42] [175/459] SSST
[10:41:43] [176/459] KBTT
[10:41:44] [177/459] HKCP
[10:41:44] 🔄 Identity reset
[10:41:44] 🔄 Identity rotated (every 10 requests)
[10:41:45] [178/459] SWLC
[10:41:46] [179/459] RTND
[10:41:47] [180/459] PKKT
[10:41:48] [181/459] HSTK
[10:41:49] [182/459] SPTT
[10:41:50] [183/459] IMPM
[10:41:51] [184/459] SCMV
[10:41:52] [185/459] SPCT
[10:41:53] [186/459] JBCA
[10:41:54] [187/459] ATTR
[10:41:54] 🔄 Identity reset
[10:41:54] 🔄 Identity rotated (every 10 requests)
[10:41:56] [188/459] SPMT
[10:41:57] [189/459] LCTM
[10:41:58] [190/459] SCVL
[10:41:59] [191/459] SCVT
[10:42:01] [192/459] KRIC
[10:42:01] [193/459] CTMG
[10:42:03] [194/459] ACNC
[10:42:04] [195/459] DMCK
[10:42:05] [196/459] KMTV
[10:42:06] [197/459] PFCJ
[10:42:06] 🔄 Identity reset
[10:42:06] 🔄 Identity rotated (every 10 requests)
[10:42:07] [198/459] VNMD
[10:42:08] [199/459] VPCZ
[10:42:09] [200/459] SRYR
[10:42:10] [201/459] SYTR
[10:42:11] [202/459] GATR
[10:42:12] [203/459] URTR
[10:42:13] [204/459] MKSM
[10:42:14] [205/459] VSMH
[10:42:15] [206/459] SKRJ
[10:42:16] [207/459] SSJR
[10:42:16] 🔄 Identity reset
[10:42:16] 🔄 Identity rotated (every 10 requests)
[10:42:17] [208/459] SVSM
[10:42:18] [209/459] RUCM
[10:42:18] [210/459] PRKN
[10:42:19] [211/459] RROH
[10:42:20] [212/459] SCTN
[10:42:21] [213/459] RTDM
[10:42:23] [214/459] ASRM
[10:42:24] [215/459] SKMD
[10:42:25] [216/459] SUTD
[10:42:26] [217/459] SADM
[10:42:26] 🔄 Identity reset
[10:42:26] 🔄 Identity rotated (every 10 requests)
[10:42:27] [218/459] WCNR
[10:42:28] [219/459] CNED
[10:42:29] [220/459] MPDB
[10:42:30] [221/459] KTBH
[10:42:31] [222/459] IDRM
[10:42:32] [223/459] PJJT
[10:42:33] [224/459] PFCV
[10:42:34] [225/459] AACT
[10:42:35] [226/459] AAAD
[10:42:36] [227/459] ANES
[10:42:36] 🔄 Identity reset
[10:42:36] 🔄 Identity rotated (every 10 requests)
[10:42:37] [228/459] MNCA
[10:42:39] [229/459] RMGU
[10:42:40] [230/459] DLCN
[10:42:41] [231/459] LJWT
[10:42:42] [232/459] MCBG
[10:42:44] [233/459] MYBG
[10:42:45] [234/459] GCCA
[10:42:46] [235/459] GCGA
[10:42:47] [236/459] ECGN
[10:42:48] [237/459] PRAB
[10:42:48] 🔄 Identity reset
[10:42:48] 🔄 Identity rotated (every 10 requests)
[10:42:48] [238/459] PNMP
[10:42:49] [239/459] GCPT
[10:42:50] [240/459] ROYN
[10:42:51] [241/459] VATM
[10:42:52] [242/459] KSNT
[10:42:53] [243/459] ACTC
[10:42:54] [244/459] PLTD
[10:42:55] [245/459] SKMK
[10:42:55] [246/459] CMTT
[10:42:56] [247/459] SMXP
[10:42:56] 🔄 Identity reset
[10:42:56] 🔄 Identity rotated (every 10 requests)
[10:42:56] 🔄 Retry 1/5 for SMXP in 2.4s
[10:42:56] 🔄 Identity reset
[10:42:59] 🧠 New identity created
[10:43:00] [248/459] SCMX
[10:43:02] [249/459] ACXN
[10:43:03] [250/459] ASWT
[10:43:04] [251/459] VVVL
[10:43:04] [252/459] NAGO
[10:43:06] [253/459] SNCN
[10:43:07] [254/459] MCKP
[10:43:08] [255/459] SAMO
[10:43:09] [256/459] JBTV
[10:43:09] 🔄 Identity reset
[10:43:09] 🔄 Identity rotated (every 10 requests)
[10:43:10] [257/459] DCVV
[10:43:11] [258/459] KMSV
[10:43:12] [259/459] KDCN
[10:43:13] [260/459] CNCP
[10:43:14] [261/459] HAMC
[10:43:15] [262/459] CCVZ
[10:43:16] [263/459] NCCK
[10:43:17] [264/459] MCHR
[10:43:18] [265/459] SCHT
[10:43:20] [266/459] ESSH
[10:43:20] 🔄 Identity reset
[10:43:20] 🔄 Identity rotated (every 10 requests)
[10:43:21] [267/459] CUJC
[10:43:22] [268/459] PECP
[10:43:23] [269/459] PMMI
[10:43:24] [270/459] PCCH
[10:43:25] [271/459] PRPM
[10:43:26] [272/459] PVKL
[10:43:27] [273/459] CBSM
[10:43:28] [274/459] PVCZ
[10:43:29] [275/459] PCVV
[10:43:30] [276/459] CTMJ
[10:43:30] 🔄 Identity reset
[10:43:30] 🔄 Identity rotated (every 10 requests)
[10:43:31] [277/459] RCPS
[10:43:32] [278/459] PCIT
[10:43:33] [279/459] FNCH
[10:43:33] [280/459] INZD
[10:43:34] [281/459] INPC
[10:43:35] [282/459] LCZP
[10:43:36] [283/459] SMCB
[10:43:37] [284/459] PTSB
[10:43:38] [285/459] TPSI
[10:43:39] [286/459] KHMJ
[10:43:39] 🔄 Identity reset
[10:43:39] 🔄 Identity rotated (every 10 requests)
[10:43:40] [287/459] RCCJ
[10:43:41] [288/459] NCJA
[10:43:42] [289/459] NCJN
[10:43:43] [290/459] BTDP
[10:43:44] [291/459] PADY
[10:43:45] [292/459] NYBH
[10:43:46] [293/459] MTBR
[10:43:46] [294/459] KRBC
[10:43:47] [295/459] DKTI
[10:43:48] [296/459] ANAN
[10:43:48] 🔄 Identity reset
[10:43:48] 🔄 Identity rotated (every 10 requests)
[10:43:49] [297/459] INBP
[10:43:50] [298/459] PATB
[10:43:52] [299/459] RGNT
[10:43:53] [300/459] CGPM
[10:43:54] [301/459] INTN
[10:43:55] [302/459] MCMP
[10:43:56] [303/459] ASRG
[10:43:56] [304/459] CXJD
[10:43:57] [305/459] SPCP
[10:43:58] [306/459] CSTP
[10:43:58] 🔄 Identity reset
[10:43:58] 🔄 Identity rotated (every 10 requests)
[10:43:59] [307/459] PKVC
[10:44:00] [308/459] ESCP
[10:44:01] [309/459] CAEP
[10:44:02] [310/459] CCSP
[10:44:04] [311/459] KTPC
[10:44:05] [312/459] DACA
[10:44:06] [313/459] NVKY
[10:44:07] [314/459] PTIN
[10:44:08] [315/459] SCIN
[10:44:09] [316/459] MCTY
[10:44:09] 🔄 Identity reset
[10:44:10] 🔄 Identity rotated (every 10 requests)
[10:44:11] [317/459] PCMX
[10:44:11] [318/459] INIC
[10:44:12] [319/459] MMZM
[10:44:13] [320/459] SSLP
[10:44:14] [321/459] DTDT
[10:44:15] [322/459] FFCX
[10:44:16] [323/459] RCMM
[10:44:17] [324/459] KYID
[10:44:18] [325/459] CSCI
[10:44:19] [326/459] FCMC
[10:44:19] 🔄 Identity reset
[10:44:19] 🔄 Identity rotated (every 10 requests)
[10:44:20] [327/459] MMXI
[10:44:21] [328/459] ASTC
[10:44:22] [329/459] CMRA
[10:44:23] [330/459] DICI
[10:44:24] [331/459] KDIN
[10:44:25] [332/459] PRFI
[10:44:26] [333/459] SVFC
[10:44:27] [334/459] UCPL
[10:44:28] [335/459] COOC
[10:44:28] [336/459] SCAL
[10:44:28] 🔄 Identity reset
[10:44:28] 🔄 Identity rotated (every 10 requests)
[10:44:29] [337/459] SVFF
[10:44:31] [338/459] VCMG
[10:44:32] [339/459] UUCT
[10:44:33] [340/459] GCSE
[10:44:34] [341/459] SUSC
[10:44:35] [342/459] MISC
[10:44:37] [343/459] RMBL
[10:44:38] [344/459] CMXN
[10:44:39] [345/459] PVBK
[10:44:40] [346/459] HHCG
[10:44:40] 🔄 Identity reset
[10:44:40] 🔄 Identity rotated (every 10 requests)
[10:44:40] [347/459] SCAG
[10:44:41] [348/459] CNPR
[10:44:42] [349/459] CSER
[10:44:43] [350/459] HLWD
[10:44:44] [351/459] BOLY
[10:44:45] [352/459] SSPG
[10:44:46] [353/459] MUPX
[10:44:47] [354/459] HAMR
[10:44:48] [355/459] SDNC
[10:44:49] [356/459] RTEN
[10:44:49] 🔄 Identity reset
[10:44:49] 🔄 Identity rotated (every 10 requests)
[10:44:49] [357/459] SDTD
[10:44:51] [358/459] KAWS
[10:44:52] [359/459] CMZX
[10:44:53] [360/459] DCDD
[10:44:54] [361/459] ALSN
[10:44:54] [362/459] IMXS
[10:44:55] [363/459] PVFF
[10:44:56] [364/459] PVOO
[10:44:57] [365/459] CFBS
[10:44:59] [366/459] PVER
[10:44:59] 🔄 Identity reset
[10:44:59] 🔄 Identity rotated (every 10 requests)
[10:45:00] [367/459] PPNX
[10:45:01] [368/459] CNRM
[10:45:02] [369/459] PVWW
[10:45:03] [370/459] INMB
[10:45:03] [371/459] CPJR
[10:45:04] [372/459] INRZ
[10:45:06] [373/459] PMSR
[10:45:07] [374/459] GPGM
[10:45:08] [375/459] PGWB
[10:45:09] [376/459] PMBR
[10:45:09] 🔄 Identity reset
[10:45:09] 🔄 Identity rotated (every 10 requests)
[10:45:10] [377/459] GPAM
[10:45:12] [378/459] INBC
[10:45:13] [379/459] PZVK
[10:45:14] [380/459] CPEB
[10:45:15] [381/459] FMLB
[10:45:16] [382/459] INBG
[10:45:17] [383/459] GPBR
[10:45:19] [384/459] PAAS
[10:45:20] [385/459] VTBR
[10:45:21] [386/459] GPMY
[10:45:21] 🔄 Identity reset
[10:45:21] 🔄 Identity rotated (every 10 requests)
[10:45:22] [387/459] GYBU
[10:45:23] [388/459] INBJ
[10:45:24] [389/459] LKTH
[10:45:25] [390/459] NSBR
[10:45:26] [391/459] PDRD
[10:45:27] [392/459] VRBL
[10:45:28] [393/459] VTGB
[10:45:29] [394/459] VTSK
[10:45:30] [395/459] BKDV
[10:45:32] [396/459] SVTB
[10:45:32] 🔄 Identity reset
[10:45:32] 🔄 Identity rotated (every 10 requests)
[10:45:33] [397/459] MLDT
[10:45:34] [398/459] NRBL
[10:45:35] [399/459] SLTR
[10:45:37] [400/459] VNKA
[10:45:38] [401/459] TDCA
[10:45:39] [402/459] INBM
[10:45:40] [403/459] SSNR
[10:45:41] [404/459] BHAC
[10:45:42] [405/459] SDSD
[10:45:43] [406/459] SAMP
[10:45:43] 🔄 Identity reset
[10:45:43] 🔄 Identity rotated (every 10 requests)
[10:45:44] [407/459] RATK
[10:45:45] [408/459] KCBI
[10:45:46] [409/459] URBL
[10:45:47] [410/459] MKBG
[10:45:47] [411/459] ASTB
[10:45:48] [412/459] VBWT
[10:45:49] [413/459] GPSM
[10:45:50] [414/459] ROON
[10:45:51] [415/459] CHTH
[10:45:52] [416/459] SSPA
[10:45:52] 🔄 Identity reset
[10:45:52] 🔄 Identity rotated (every 10 requests)
[10:45:53] [417/459] ANBL
[10:45:54] [418/459] VTBE
[10:45:55] [419/459] SVKT
[10:45:56] [420/459] SVYK
[10:45:57] [421/459] PTBK
[10:45:59] [422/459] RKTB
[10:46:00] [423/459] BALT
[10:46:01] [424/459] STSV
[10:46:02] [425/459] VCCB
[10:46:02] [426/459] SLTB
[10:46:02] 🔄 Identity reset
[10:46:03] 🔄 Identity rotated (every 10 requests)
[10:46:04] [427/459] SBCR
[10:46:05] [428/459] VDCS
[10:46:06] [429/459] MDKI
[10:46:07] [430/459] SMRN
[10:46:08] [431/459] PTBC
[10:46:09] [432/459] RADI
[10:46:10] [433/459] ADCR
[10:46:12] [434/459] SDCS
[10:46:13] [435/459] SRPJ
[10:46:15] [436/459] ARTS
[10:46:15] 🔄 Identity reset
[10:46:15] 🔄 Identity rotated (every 10 requests)
[10:46:16] [437/459] SRHK
[10:46:17] [438/459] SPAY
[10:46:18] [439/459] GPTB
[10:46:19] [440/459] SNNN
[10:46:20] [441/459] BALJ
[10:46:21] [442/459] TRIG
[10:46:22] [443/459] GTYT
[10:46:23] [444/459] ATGN
[10:46:24] [445/459] ANTE
[10:46:25] [446/459] BDCG
[10:46:25] 🔄 Identity reset
[10:46:25] 🔄 Identity rotated (every 10 requests)
[10:46:26] [447/459] VECI
[10:46:27] [448/459] SCPR
[10:46:28] [449/459] RTEA
[10:46:29] [450/459] JSAI
[10:46:30] [451/459] VJTP
[10:46:31] [452/459] GNDS
[10:46:32] [453/459] PAXA
[10:46:32] [454/459] CGGM
[10:46:33] [455/459] ACKZ
[10:46:34] [456/459] EMCC
[10:46:34] 🔄 Identity reset
[10:46:34] 🔄 Identity rotated (every 10 requests)
[10:46:36] [457/459] KLSK
[10:46:37] [458/459] AVCK
[10:46:38] [459/459] JTCK
[10:46:39] 🧹 Deduping shows
[10:46:39] ✅ DONE | Shows=2603 | Movies=95
[17:28:58] 🚀 SCRIPT STARTED
[17:28:58] [1/459] NECA
[17:28:58] 🧠 New identity created
[17:28:59] [2/459] BJLC
[17:29:00] [3/459] BASU
[17:29:01] [4/459] RUPI
[17:29:02] [5/459] LCBK
[17:29:03] [6/459] PMAC
[17:29:04] [7/459] AMLC
[17:29:05] [8/459] LICL
[17:29:05] [9/459] UDMM
[17:29:06] [10/459] STBZ
[17:29:06] 🔄 Identity reset
[17:29:06] 🔄 Identity rotated (every 10 requests)
[17:29:07] [11/459] UUBT
[17:29:08] [12/459] SJKC
[17:29:09] [13/459] TUAL
[17:29:11] [14/459] MRSE
[17:29:11] [15/459] RMRK
[17:29:13] [16/459] TTKP
[17:29:13] [17/459] KTKO
[17:29:14] [18/459] SDBK
[17:29:15] [19/459] MCPR
[17:29:16] [20/459] CHTI
[17:29:16] 🔄 Identity reset
[17:29:16] 🔄 Identity rotated (every 10 requests)
[17:29:17] [21/459] GCCP
[17:29:18] [22/459] SRMY
[17:29:19] [23/459] NYST
[17:29:19] [24/459] NYAG
[17:29:20] [25/459] SBMT
[17:29:22] [26/459] INGA
[17:29:24] [27/459] WSIC
[17:29:25] [28/459] SCSS
[17:29:26] [29/459] COPG
[17:29:26] [30/459] RCGR
[17:29:26] 🔄 Identity reset
[17:29:26] 🔄 Identity rotated (every 10 requests)
[17:29:27] [31/459] TCZA
[17:29:28] [32/459] CNLP
[17:29:29] [33/459] CLKN
[17:29:30] [34/459] LHDF
[17:29:31] [35/459] ELKC
[17:29:32] [36/459] VCEM
[17:29:33] [37/459] SSZA
[17:29:33] [38/459] KRMT
[17:29:34] [39/459] LCMV
[17:29:35] [40/459] AYCZ
[17:29:35] 🔄 Identity reset
[17:29:35] 🔄 Identity rotated (every 10 requests)
[17:29:36] [41/459] CUMS
[17:29:37] [42/459] BOCK
[17:29:38] [43/459] PNMR
[17:29:38] [44/459] PJCP
[17:29:39] [45/459] JDDD
[17:29:40] [46/459] STMS
[17:29:41] [47/459] FLMB
[17:29:43] [48/459] PKCM
[17:29:43] [49/459] SPPR
[17:29:44] [50/459] EYLH
[17:29:44] 🔄 Identity reset
[17:29:44] 🔄 Identity rotated (every 10 requests)
[17:29:45] [51/459] RJCC
[17:29:46] [52/459] MMPS
[17:29:47] [53/459] SHMX
[17:29:48] [54/459] CCNL
[17:29:49] [55/459] RCNV
[17:29:49] [56/459] MAAG
[17:29:50] [57/459] LXCM
[17:29:51] [58/459] RCNI
[17:29:52] [59/459] SNNI
[17:29:53] [60/459] LALC
[17:29:53] 🔄 Identity reset
[17:29:53] 🔄 Identity rotated (every 10 requests)
[17:29:54] [61/459] SOCN
[17:29:55] [62/459] JHTP
[17:29:56] [63/459] PITP
[17:29:57] [64/459] CCKW
[17:29:58] [65/459] MCMC
[17:29:59] [66/459] DEES
[17:30:00] [67/459] SABT
[17:30:01] [68/459] VSPP
[17:30:02] [69/459] ABCT
[17:30:03] [70/459] JVTB
[17:30:03] 🔄 Identity reset
[17:30:03] 🔄 Identity rotated (every 10 requests)
[17:30:04] [71/459] VCBD
[17:30:05] [72/459] RMGG
[17:30:06] [73/459] RNMH
[17:30:07] [74/459] SPGL
[17:30:08] [75/459] JTTR
[17:30:09] [76/459] SICS
[17:30:10] [77/459] SRMI
[17:30:11] [78/459] SSIJ
[17:30:11] [79/459] KFMT
[17:30:12] [80/459] VBIT
[17:30:12] 🔄 Identity reset
[17:30:12] 🔄 Identity rotated (every 10 requests)
[17:30:13] [81/459] JKCT
[17:30:14] [82/459] GCGP
[17:30:15] [83/459] GDCS
[17:30:16] [84/459] TRBA
[17:30:16] [85/459] QUST
[17:30:17] [86/459] VSHM
[17:30:18] [87/459] SDCP
[17:30:19] [88/459] SNVS
[17:30:19] [89/459] NYTO
[17:30:20] [90/459] URWC
[17:30:20] 🔄 Identity reset
[17:30:20] 🔄 Identity rotated (every 10 requests)
[17:30:22] [91/459] GTWH
[17:30:23] [92/459] PFCM
[17:30:24] [93/459] KRTA
[17:30:24] [94/459] AXMC
[17:30:25] [95/459] EVMC
[17:30:26] [96/459] HGSM
[17:30:28] [97/459] ACVM
[17:30:29] [98/459] PSKL
[17:30:30] [99/459] RDMP
[17:30:30] [100/459] RHGH
[17:30:30] 🔄 Identity reset
[17:30:30] 🔄 Identity rotated (every 10 requests)
[17:30:32] [101/459] OMCM
[17:30:33] [102/459] DCCP
[17:30:34] [103/459] MCPB
[17:30:35] [104/459] ALCI
[17:30:37] [105/459] BLMX
[17:30:38] [106/459] BTMV
[17:30:38] [107/459] FVPN
[17:30:39] [108/459] CMAR
[17:30:41] [109/459] CEIM
[17:30:42] [110/459] CMVA
[17:30:42] 🔄 Identity reset
[17:30:42] 🔄 Identity rotated (every 10 requests)
[17:30:43] [111/459] CPIV
[17:30:44] [112/459] CNPE
[17:30:45] [113/459] COLV
[17:30:46] [114/459] DNNV
[17:30:47] [115/459] HCAD
[17:30:48] [116/459] TAKA
[17:30:48] [117/459] INVD
[17:30:49] [118/459] IRMM
[17:30:51] [119/459] INSE
[17:30:52] [120/459] MRSW
[17:30:52] 🔄 Identity reset
[17:30:52] 🔄 Identity rotated (every 10 requests)
[17:30:52] [121/459] MCVD
[17:30:53] [122/459] MCSO
[17:30:54] [123/459] PEVM
[17:30:55] [124/459] PVNL
[17:30:56] [125/459] PTCV
[17:30:57] [126/459] PRTC
[17:30:58] [127/459] RCVA
[17:30:59] [128/459] MTBN
[17:30:59] [129/459] LUCP
[17:31:01] [130/459] FMPT
[17:31:01] 🔄 Identity reset
[17:31:01] 🔄 Identity rotated (every 10 requests)
[17:31:02] [131/459] JLSL
[17:31:03] [132/459] SBHA
[17:31:04] [133/459] SHRC
[17:31:05] [134/459] AVPS
[17:31:06] [135/459] STPM
[17:31:06] [136/459] ATRD
[17:31:07] [137/459] VTED
[17:31:08] [138/459] ACAI
[17:31:09] [139/459] SMAE
[17:31:10] [140/459] VMAT
[17:31:10] 🔄 Identity reset
[17:31:10] 🔄 Identity rotated (every 10 requests)
[17:31:11] [141/459] LKCT
[17:31:12] [142/459] JTVK
[17:31:13] [143/459] PRTY
[17:31:14] [144/459] GETT
[17:31:14] [145/459] ESAP
[17:31:15] [146/459] NCPM
[17:31:16] [147/459] PCPA
[17:31:17] [148/459] MMOM
[17:31:18] [149/459] PHUP
[17:31:19] [150/459] CCPI
[17:31:19] 🔄 Identity reset
[17:31:19] 🔄 Identity rotated (every 10 requests)
[17:31:20] [151/459] CNTD
[17:31:21] [152/459] NLJR
[17:31:21] [153/459] SRNG
[17:31:22] [154/459] MHAL
[17:31:23] [155/459] PNSM
[17:31:24] [156/459] DRMY
[17:31:25] [157/459] CCMU
[17:31:26] [158/459] SCMY
[17:31:26] [159/459] PVSY
[17:31:27] [160/459] SDLM
[17:31:27] 🔄 Identity reset
[17:31:27] 🔄 Identity rotated (every 10 requests)
[17:31:28] [161/459] ICCM
[17:31:29] [162/459] PYSU
[17:31:30] [163/459] GATM
[17:31:31] [164/459] WOTM
[17:31:32] [165/459] RKTS
[17:31:33] [166/459] PMTY
[17:31:34] [167/459] LYMS
[17:31:35] [168/459] TGCA
[17:31:36] [169/459] DSTA
[17:31:37] [170/459] CNGE
[17:31:37] 🔄 Identity reset
[17:31:37] 🔄 Identity rotated (every 10 requests)
[17:31:38] [171/459] VSTG
[17:31:39] [172/459] GTCK
[17:31:40] [173/459] TGNT
[17:31:41] [174/459] ASLC
[17:31:42] [175/459] SSST
[17:31:42] [176/459] KBTT
[17:31:44] [177/459] HKCP
[17:31:45] [178/459] SWLC
[17:31:46] [179/459] RTND
[17:31:47] [180/459] PKKT
[17:31:47] 🔄 Identity reset
[17:31:47] 🔄 Identity rotated (every 10 requests)
[17:31:48] [181/459] HSTK
[17:31:49] [182/459] SPTT
[17:31:49] [183/459] IMPM
[17:31:50] [184/459] SCMV
[17:31:51] [185/459] SPCT
[17:31:52] [186/459] JBCA
[17:31:53] [187/459] ATTR
[17:31:53] [188/459] SPMT
[17:31:54] [189/459] LCTM
[17:31:55] [190/459] SCVL
[17:31:55] 🔄 Identity reset
[17:31:55] 🔄 Identity rotated (every 10 requests)
[17:31:56] [191/459] SCVT
[17:31:57] [192/459] KRIC
[17:31:58] [193/459] CTMG
[17:31:59] [194/459] ACNC
[17:32:00] [195/459] DMCK
[17:32:01] [196/459] KMTV
[17:32:02] [197/459] PFCJ
[17:32:02] [198/459] VNMD
[17:32:03] [199/459] VPCZ
[17:32:04] [200/459] SRYR
[17:32:04] 🔄 Identity reset
[17:32:04] 🔄 Identity rotated (every 10 requests)
[17:32:05] [201/459] SYTR
[17:32:06] [202/459] GATR
[17:32:07] [203/459] URTR
[17:32:08] [204/459] MKSM
[17:32:09] [205/459] VSMH
[17:32:10] [206/459] SKRJ
[17:32:11] [207/459] SSJR
[17:32:12] [208/459] SVSM
[17:32:13] [209/459] RUCM
[17:32:13] [210/459] PRKN
[17:32:13] 🔄 Identity reset
[17:32:13] 🔄 Identity rotated (every 10 requests)
[17:32:13] 🔄 Retry 1/5 for PRKN in 2.1s
[17:32:13] 🔄 Identity reset
[17:32:16] 🧠 New identity created
[17:32:17] [211/459] RROH
[17:32:18] [212/459] SCTN
[17:32:19] [213/459] RTDM
[17:32:21] [214/459] ASRM
[17:32:21] [215/459] SKMD
[17:32:22] [216/459] SUTD
[17:32:23] [217/459] SADM
[17:32:24] [218/459] WCNR
[17:32:25] [219/459] CNED
[17:32:25] 🔄 Identity reset
[17:32:25] 🔄 Identity rotated (every 10 requests)
[17:32:26] [220/459] MPDB
[17:32:27] [221/459] KTBH
[17:32:27] [222/459] IDRM
[17:32:28] [223/459] PJJT
[17:32:29] [224/459] PFCV
[17:32:30] [225/459] AACT
[17:32:31] [226/459] AAAD
[17:32:32] [227/459] ANES
[17:32:33] [228/459] MNCA
[17:32:34] [229/459] RMGU
[17:32:34] 🔄 Identity reset
[17:32:34] 🔄 Identity rotated (every 10 requests)
[17:32:34] 🔄 Retry 1/5 for RMGU in 2.2s
[17:32:34] 🔄 Identity reset
[17:32:37] 🧠 New identity created
[17:32:38] [230/459] DLCN
[17:32:39] [231/459] LJWT
[17:32:39] [232/459] MCBG
[17:32:40] [233/459] MYBG
[17:32:41] [234/459] GCCA
[17:32:43] [235/459] GCGA
[17:32:43] [236/459] ECGN
[17:32:44] [237/459] PRAB
[17:32:45] [238/459] PNMP
[17:32:45] 🔄 Identity reset
[17:32:46] 🔄 Identity rotated (every 10 requests)
[17:32:47] [239/459] GCPT
[17:32:47] [240/459] ROYN
[17:32:48] [241/459] VATM
[17:32:49] [242/459] KSNT
[17:32:50] [243/459] ACTC
[17:32:51] [244/459] PLTD
[17:32:52] [245/459] SKMK
[17:32:53] [246/459] CMTT
[17:32:54] [247/459] SMXP
[17:32:55] [248/459] SCMX
[17:32:55] 🔄 Identity reset
[17:32:55] 🔄 Identity rotated (every 10 requests)
[17:32:56] [249/459] ACXN
[17:32:57] [250/459] ASWT
[17:32:58] [251/459] VVVL
[17:32:58] [252/459] NAGO
[17:32:59] [253/459] SNCN
[17:33:00] [254/459] MCKP
[17:33:01] [255/459] SAMO
[17:33:02] [256/459] JBTV
[17:33:03] [257/459] DCVV
[17:33:05] [258/459] KMSV
[17:33:05] 🔄 Identity reset
[17:33:05] 🔄 Identity rotated (every 10 requests)
[17:33:06] [259/459] KDCN
[17:33:07] [260/459] CNCP
[17:33:08] [261/459] HAMC
[17:33:08] [262/459] CCVZ
[17:33:09] [263/459] NCCK
[17:33:10] [264/459] MCHR
[17:33:12] [265/459] SCHT
[17:33:13] [266/459] ESSH
[17:33:13] [267/459] CUJC
[17:33:14] [268/459] PECP
[17:33:14] 🔄 Identity reset
[17:33:14] 🔄 Identity rotated (every 10 requests)
[17:33:15] [269/459] PMMI
[17:33:16] [270/459] PCCH
[17:33:17] [271/459] PRPM
[17:33:18] [272/459] PVKL
[17:33:19] [273/459] CBSM
[17:33:20] [274/459] PVCZ
[17:33:20] [275/459] PCVV
[17:33:21] [276/459] CTMJ
[17:33:22] [277/459] RCPS
[17:33:23] [278/459] PCIT
[17:33:23] 🔄 Identity reset
[17:33:23] 🔄 Identity rotated (every 10 requests)
[17:33:24] [279/459] FNCH
[17:33:25] [280/459] INZD
[17:33:26] [281/459] INPC
[17:33:26] [282/459] LCZP
[17:33:28] [283/459] SMCB
[17:33:29] [284/459] PTSB
[17:33:30] [285/459] TPSI
[17:33:31] [286/459] KHMJ
[17:33:32] [287/459] RCCJ
[17:33:33] [288/459] NCJA
[17:33:33] 🔄 Identity reset
[17:33:33] 🔄 Identity rotated (every 10 requests)
[17:33:34] [289/459] NCJN
[17:33:35] [290/459] BTDP
[17:33:36] [291/459] PADY
[17:33:37] [292/459] NYBH
[17:33:37] [293/459] MTBR
[17:33:38] [294/459] KRBC
[17:33:39] [295/459] DKTI
[17:33:40] [296/459] ANAN
[17:33:40] [297/459] INBP
[17:33:41] [298/459] PATB
[17:33:41] 🔄 Identity reset
[17:33:41] 🔄 Identity rotated (every 10 requests)
[17:33:42] [299/459] RGNT
[17:33:43] [300/459] CGPM
[17:33:44] [301/459] INTN
[17:33:45] [302/459] MCMP
[17:33:45] [303/459] ASRG
[17:33:46] [304/459] CXJD
[17:33:47] [305/459] SPCP
[17:33:48] [306/459] CSTP
[17:33:49] [307/459] PKVC
[17:33:50] [308/459] ESCP
[17:33:50] 🔄 Identity reset
[17:33:50] 🔄 Identity rotated (every 10 requests)
[17:33:51] [309/459] CAEP
[17:33:52] [310/459] CCSP
[17:33:53] [311/459] KTPC
[17:33:54] [312/459] DACA
[17:33:55] [313/459] NVKY
[17:33:55] [314/459] PTIN
[17:33:56] [315/459] SCIN
[17:33:57] [316/459] MCTY
[17:33:58] [317/459] PCMX
[17:33:59] [318/459] INIC
[17:33:59] 🔄 Identity reset
[17:33:59] 🔄 Identity rotated (every 10 requests)
[17:34:00] [319/459] MMZM
[17:34:01] [320/459] SSLP
[17:34:02] [321/459] DTDT
[17:34:03] [322/459] FFCX
[17:34:04] [323/459] RCMM
[17:34:04] [324/459] KYID
[17:34:05] [325/459] CSCI
[17:34:06] [326/459] FCMC
[17:34:07] [327/459] MMXI
[17:34:08] [328/459] ASTC
[17:34:08] 🔄 Identity reset
[17:34:08] 🔄 Identity rotated (every 10 requests)
[17:34:09] [329/459] CMRA
[17:34:10] [330/459] DICI
[17:34:11] [331/459] KDIN
[17:34:12] [332/459] PRFI
[17:34:13] [333/459] SVFC
[17:34:14] [334/459] UCPL
[17:34:15] [335/459] COOC
[17:34:16] [336/459] SCAL
[17:34:17] [337/459] SVFF
[17:34:18] [338/459] VCMG
[17:34:18] 🔄 Identity reset
[17:34:18] 🔄 Identity rotated (every 10 requests)
[17:34:19] [339/459] UUCT
[17:34:20] [340/459] GCSE
[17:34:21] [341/459] SUSC
[17:34:22] [342/459] MISC
[17:34:23] [343/459] RMBL
[17:34:23] [344/459] CMXN
[17:34:24] [345/459] PVBK
[17:34:25] [346/459] HHCG
[17:34:26] [347/459] SCAG
[17:34:27] [348/459] CNPR
[17:34:27] 🔄 Identity reset
[17:34:27] 🔄 Identity rotated (every 10 requests)
[17:34:28] [349/459] CSER
[17:34:29] [350/459] HLWD
[17:34:30] [351/459] BOLY
[17:34:30] [352/459] SSPG
[17:34:31] [353/459] MUPX
[17:34:33] [354/459] HAMR
[17:34:33] [355/459] SDNC
[17:34:34] [356/459] RTEN
[17:34:35] [357/459] SDTD
[17:34:36] [358/459] KAWS
[17:34:36] 🔄 Identity reset
[17:34:36] 🔄 Identity rotated (every 10 requests)
[17:34:37] [359/459] CMZX
[17:34:38] [360/459] DCDD
[17:34:39] [361/459] ALSN
[17:34:40] [362/459] IMXS
[17:34:41] [363/459] PVFF
[17:34:42] [364/459] PVOO
[17:34:43] [365/459] CFBS
[17:34:44] [366/459] PVER
[17:34:45] [367/459] PPNX
[17:34:46] [368/459] CNRM
[17:34:46] 🔄 Identity reset
[17:34:46] 🔄 Identity rotated (every 10 requests)
[17:34:47] [369/459] PVWW
[17:34:48] [370/459] INMB
[17:34:50] [371/459] CPJR
[17:34:51] [372/459] INRZ
[17:34:52] [373/459] PMSR
[17:34:53] [374/459] GPGM
[17:34:54] [375/459] PGWB
[17:34:55] [376/459] PMBR
[17:34:56] [377/459] GPAM
[17:34:57] [378/459] INBC
[17:34:57] 🔄 Identity reset
[17:34:57] 🔄 Identity rotated (every 10 requests)
[17:34:58] [379/459] PZVK
[17:34:59] [380/459] CPEB
[17:35:00] [381/459] FMLB
[17:35:01] [382/459] INBG
[17:35:03] [383/459] GPBR
[17:35:04] [384/459] PAAS
[17:35:05] [385/459] VTBR
[17:35:05] [386/459] GPMY
[17:35:06] [387/459] GYBU
[17:35:07] [388/459] INBJ
[17:35:07] 🔄 Identity reset
[17:35:07] 🔄 Identity rotated (every 10 requests)
[17:35:08] [389/459] LKTH
[17:35:09] [390/459] NSBR
[17:35:10] [391/459] PDRD
[17:35:11] [392/459] VRBL
[17:35:12] [393/459] VTGB
[17:35:13] [394/459] VTSK
[17:35:15] [395/459] BKDV
[17:35:15] [396/459] SVTB
[17:35:17] [397/459] MLDT
[17:35:17] [398/459] NRBL
[17:35:17] 🔄 Identity reset
[17:35:17] 🔄 Identity rotated (every 10 requests)
[17:35:19] [399/459] SLTR
[17:35:20] [400/459] VNKA
[17:35:21] [401/459] TDCA
[17:35:22] [402/459] INBM
[17:35:22] [403/459] SSNR
[17:35:23] [404/459] BHAC
[17:35:24] [405/459] SDSD
[17:35:25] [406/459] SAMP
[17:35:26] [407/459] RATK
[17:35:26] [408/459] KCBI
[17:35:26] 🔄 Identity reset
[17:35:26] 🔄 Identity rotated (every 10 requests)
[17:35:27] [409/459] URBL
[17:35:28] [410/459] MKBG
[17:35:29] [411/459] ASTB
[17:35:30] [412/459] VBWT
[17:35:31] [413/459] GPSM
[17:35:32] [414/459] ROON
[17:35:33] [415/459] CHTH
[17:35:34] [416/459] SSPA
[17:35:34] [417/459] ANBL
[17:35:35] [418/459] VTBE
[17:35:35] 🔄 Identity reset
[17:35:35] 🔄 Identity rotated (every 10 requests)
[17:35:36] [419/459] SVKT
[17:35:37] [420/459] SVYK
[17:35:38] [421/459] PTBK
[17:35:39] [422/459] RKTB
[17:35:40] [423/459] BALT
[17:35:41] [424/459] STSV
[17:35:42] [425/459] VCCB
[17:35:43] [426/459] SLTB
[17:35:44] [427/459] SBCR
[17:35:45] [428/459] VDCS
[17:35:45] 🔄 Identity reset
[17:35:45] 🔄 Identity rotated (every 10 requests)
[17:35:46] [429/459] MDKI
[17:35:46] [430/459] SMRN
[17:35:47] [431/459] PTBC
[17:35:48] [432/459] RADI
[17:35:49] [433/459] ADCR
[17:35:50] [434/459] SDCS
[17:35:51] [435/459] SRPJ
[17:35:53] [436/459] ARTS
[17:35:54] [437/459] SRHK
[17:35:55] [438/459] SPAY
[17:35:55] 🔄 Identity reset
[17:35:55] 🔄 Identity rotated (every 10 requests)
[17:35:56] [439/459] GPTB
[17:35:57] [440/459] SNNN
[17:35:58] [441/459] BALJ
[17:35:58] [442/459] TRIG
[17:35:59] [443/459] GTYT
[17:36:00] [444/459] ATGN
[17:36:01] [445/459] ANTE
[17:36:02] [446/459] BDCG
[17:36:02] [447/459] VECI
[17:36:03] [448/459] SCPR
[17:36:03] 🔄 Identity reset
[17:36:03] 🔄 Identity rotated (every 10 requests)
[17:36:04] [449/459] RTEA
[17:36:06] [450/459] JSAI
[17:36:07] [451/459] VJTP
[17:36:08] [452/459] GNDS
[17:36:09] [453/459] PAXA
[17:36:11] [454/459] CGGM
[17:36:13] [455/459] ACKZ
[17:36:14] [456/459] EMCC
[17:36:14] [457/459] KLSK
[17:36:15] [458/459] AVCK
[17:36:15] 🔄 Identity reset
[17:36:15] 🔄 Identity rotated (every 10 requests)
[17:36:16] [459/459] JTCK
[17:36:17] 🧹 Deduping shows
[17:36:17] ✅ DONE | Shows=4020 | Movies=110
[20:06:49] 🚀 SCRIPT STARTED
[20:06:49] [1/459] NECA
[20:06:49] 🧠 New identity created
[20:06:51] [2/459] BJLC
[20:06:52] [3/459] BASU
[20:06:53] [4/459] RUPI
[20:06:54] [5/459] LCBK
[20:06:55] [6/459] PMAC
[20:06:56] [7/459] AMLC
[20:06:57] [8/459] LICL
[20:06:58] [9/459] UDMM
[20:06:59] [10/459] STBZ
[20:06:59] 🔄 Identity reset
[20:06:59] 🔄 Identity rotated (every 10 requests)
[20:07:00] [11/459] UUBT
[20:07:01] [12/459] SJKC
[20:07:02] [13/459] TUAL
[20:07:03] [14/459] MRSE
[20:07:05] [15/459] RMRK
[20:07:05] [16/459] TTKP
[20:07:06] [17/459] KTKO
[20:07:08] [18/459] SDBK
[20:07:09] [19/459] MCPR
[20:07:10] [20/459] CHTI
[20:07:10] 🔄 Identity reset
[20:07:10] 🔄 Identity rotated (every 10 requests)
[20:07:12] [21/459] GCCP
[20:07:13] [22/459] SRMY
[20:07:14] [23/459] NYST
[20:07:15] [24/459] NYAG
[20:07:16] [25/459] SBMT
[20:07:17] [26/459] INGA
[20:07:18] [27/459] WSIC
[20:07:19] [28/459] SCSS
[20:07:20] [29/459] COPG
[20:07:21] [30/459] RCGR
[20:07:21] 🔄 Identity reset
[20:07:21] 🔄 Identity rotated (every 10 requests)
[20:07:22] [31/459] TCZA
[20:07:23] [32/459] CNLP
[20:07:24] [33/459] CLKN
[20:07:25] [34/459] LHDF
[20:07:26] [35/459] ELKC
[20:07:27] [36/459] VCEM
[20:07:28] [37/459] SSZA
[20:07:29] [38/459] KRMT
[20:07:31] [39/459] LCMV
[20:07:32] [40/459] AYCZ
[20:07:32] 🔄 Identity reset
[20:07:32] 🔄 Identity rotated (every 10 requests)
[20:07:33] [41/459] CUMS
[20:07:34] [42/459] BOCK
[20:07:35] [43/459] PNMR
[20:07:36] [44/459] PJCP
[20:07:36] [45/459] JDDD
[20:07:38] [46/459] STMS
[20:07:39] [47/459] FLMB
[20:07:40] [48/459] PKCM
[20:07:41] [49/459] SPPR
[20:07:42] [50/459] EYLH
[20:07:42] 🔄 Identity reset
[20:07:42] 🔄 Identity rotated (every 10 requests)
[20:07:43] [51/459] RJCC
[20:07:43] [52/459] MMPS
[20:07:44] [53/459] SHMX
[20:07:45] [54/459] CCNL
[20:07:46] [55/459] RCNV
[20:07:47] [56/459] MAAG
[20:07:48] [57/459] LXCM
[20:07:49] [58/459] RCNI
[20:07:51] [59/459] SNNI
[20:07:52] [60/459] LALC
[20:07:52] 🔄 Identity reset
[20:07:52] 🔄 Identity rotated (every 10 requests)
[20:07:53] [61/459] SOCN
[20:07:53] [62/459] JHTP
[20:07:54] [63/459] PITP
[20:07:55] [64/459] CCKW
[20:07:56] [65/459] MCMC
[20:07:57] [66/459] DEES
[20:07:58] [67/459] SABT
[20:07:59] [68/459] VSPP
[20:07:59] [69/459] ABCT
[20:08:00] [70/459] JVTB
[20:08:00] 🔄 Identity reset
[20:08:00] 🔄 Identity rotated (every 10 requests)
[20:08:01] [71/459] VCBD
[20:08:02] [72/459] RMGG
[20:08:03] [73/459] RNMH
[20:08:04] [74/459] SPGL
[20:08:05] [75/459] JTTR
[20:08:06] [76/459] SICS
[20:08:07] [77/459] SRMI
[20:08:07] [78/459] SSIJ
[20:08:08] [79/459] KFMT
[20:08:09] [80/459] VBIT
[20:08:09] 🔄 Identity reset
[20:08:09] 🔄 Identity rotated (every 10 requests)
[20:08:10] [81/459] JKCT
[20:08:11] [82/459] GCGP
[20:08:12] [83/459] GDCS
[20:08:13] [84/459] TRBA
[20:08:14] [85/459] QUST
[20:08:14] [86/459] VSHM
[20:08:15] [87/459] SDCP
[20:08:16] [88/459] SNVS
[20:08:17] [89/459] NYTO
[20:08:18] [90/459] URWC
[20:08:18] 🔄 Identity reset
[20:08:18] 🔄 Identity rotated (every 10 requests)
[20:08:19] [91/459] GTWH
[20:08:20] [92/459] PFCM
[20:08:20] [93/459] KRTA
[20:08:21] [94/459] AXMC
[20:08:22] [95/459] EVMC
[20:08:23] [96/459] HGSM
[20:08:24] [97/459] ACVM
[20:08:25] [98/459] PSKL
[20:08:26] [99/459] RDMP
[20:08:26] [100/459] RHGH
[20:08:26] 🔄 Identity reset
[20:08:26] 🔄 Identity rotated (every 10 requests)
[20:08:27] [101/459] OMCM
[20:08:28] [102/459] DCCP
[20:08:29] [103/459] MCPB
[20:08:30] [104/459] ALCI
[20:08:31] [105/459] BLMX
[20:08:31] [106/459] BTMV
[20:08:32] [107/459] FVPN
[20:08:33] [108/459] CMAR
[20:08:34] [109/459] CEIM
[20:08:35] [110/459] CMVA
[20:08:35] 🔄 Identity reset
[20:08:35] 🔄 Identity rotated (every 10 requests)
[20:08:36] [111/459] CPIV
[20:08:37] [112/459] CNPE
[20:08:38] [113/459] COLV
[20:08:39] [114/459] DNNV
[20:08:40] [115/459] HCAD
[20:08:41] [116/459] TAKA
[20:08:42] [117/459] INVD
[20:08:43] [118/459] IRMM
[20:08:43] [119/459] INSE
[20:08:44] [120/459] MRSW
[20:08:44] 🔄 Identity reset
[20:08:44] 🔄 Identity rotated (every 10 requests)
[20:08:45] [121/459] MCVD
[20:08:46] [122/459] MCSO
[20:08:47] [123/459] PEVM
[20:08:48] [124/459] PVNL
[20:08:49] [125/459] PTCV
[20:08:50] [126/459] PRTC
[20:08:51] [127/459] RCVA
[20:08:52] [128/459] MTBN
[20:08:53] [129/459] LUCP
[20:08:54] [130/459] FMPT
[20:08:54] 🔄 Identity reset
[20:08:54] 🔄 Identity rotated (every 10 requests)
[20:08:54] [131/459] JLSL
[20:08:55] [132/459] SBHA
[20:08:56] [133/459] SHRC
[20:08:57] [134/459] AVPS
[20:08:59] [135/459] STPM
[20:09:00] [136/459] ATRD
[20:09:00] [137/459] VTED
[20:09:01] [138/459] ACAI
[20:09:02] [139/459] SMAE
[20:09:04] [140/459] VMAT
[20:09:04] 🔄 Identity reset
[20:09:04] 🔄 Identity rotated (every 10 requests)
[20:09:05] [141/459] LKCT
[20:09:06] [142/459] JTVK
[20:09:07] [143/459] PRTY
[20:09:07] [144/459] GETT
[20:09:08] [145/459] ESAP
[20:09:09] [146/459] NCPM
[20:09:10] [147/459] PCPA
[20:09:12] [148/459] MMOM
[20:09:13] [149/459] PHUP
[20:09:14] [150/459] CCPI
[20:09:14] 🔄 Identity reset
[20:09:14] 🔄 Identity rotated (every 10 requests)
[20:09:14] [151/459] CNTD
[20:09:15] [152/459] NLJR
[20:09:16] [153/459] SRNG
[20:09:17] [154/459] MHAL
[20:09:18] [155/459] PNSM
[20:09:19] [156/459] DRMY
[20:09:20] [157/459] CCMU
[20:09:20] [158/459] SCMY
[20:09:22] [159/459] PVSY
[20:09:23] [160/459] SDLM
[20:09:23] 🔄 Identity reset
[20:09:23] 🔄 Identity rotated (every 10 requests)
[20:09:24] [161/459] ICCM
[20:09:25] [162/459] PYSU
[20:09:26] [163/459] GATM
[20:09:27] [164/459] WOTM
[20:09:28] [165/459] RKTS
[20:09:29] [166/459] PMTY
[20:09:30] [167/459] LYMS
[20:09:31] [168/459] TGCA
[20:09:32] [169/459] DSTA
[20:09:32] [170/459] CNGE
[20:09:32] 🔄 Identity reset
[20:09:32] 🔄 Identity rotated (every 10 requests)
[20:09:33] [171/459] VSTG
[20:09:34] [172/459] GTCK
[20:09:35] [173/459] TGNT
[20:09:36] [174/459] ASLC
[20:09:37] [175/459] SSST
[20:09:38] [176/459] KBTT
[20:09:38] [177/459] HKCP
[20:09:39] [178/459] SWLC
[20:09:40] [179/459] RTND
[20:09:41] [180/459] PKKT
[20:09:41] 🔄 Identity reset
[20:09:42] 🔄 Identity rotated (every 10 requests)
[20:09:42] [181/459] HSTK
[20:09:43] [182/459] SPTT
[20:09:44] [183/459] IMPM
[20:09:45] [184/459] SCMV
[20:09:46] [185/459] SPCT
[20:09:47] [186/459] JBCA
[20:09:48] [187/459] ATTR
[20:09:49] [188/459] SPMT
[20:09:50] [189/459] LCTM
[20:09:51] [190/459] SCVL
[20:09:51] 🔄 Identity reset
[20:09:51] 🔄 Identity rotated (every 10 requests)
[20:09:52] [191/459] SCVT
[20:09:53] [192/459] KRIC
[20:09:54] [193/459] CTMG
[20:09:55] [194/459] ACNC
[20:09:57] [195/459] DMCK
[20:09:58] [196/459] KMTV
[20:09:59] [197/459] PFCJ
[20:10:00] [198/459] VNMD
[20:10:01] [199/459] VPCZ
[20:10:02] [200/459] SRYR
[20:10:02] 🔄 Identity reset
[20:10:02] 🔄 Identity rotated (every 10 requests)
[20:10:03] [201/459] SYTR
[20:10:04] [202/459] GATR
[20:10:04] [203/459] URTR
[20:10:05] [204/459] MKSM
[20:10:06] [205/459] VSMH
[20:10:06] [206/459] SKRJ
[20:10:07] [207/459] SSJR
[20:10:08] [208/459] SVSM
[20:10:09] [209/459] RUCM
[20:10:09] [210/459] PRKN
[20:10:09] 🔄 Identity reset
[20:10:09] 🔄 Identity rotated (every 10 requests)
[20:10:10] [211/459] RROH
[20:10:11] [212/459] SCTN
[20:10:12] [213/459] RTDM
[20:10:13] [214/459] ASRM
[20:10:14] [215/459] SKMD
[20:10:15] [216/459] SUTD
[20:10:16] [217/459] SADM
[20:10:17] [218/459] WCNR
[20:10:18] [219/459] CNED
[20:10:19] [220/459] MPDB
[20:10:19] 🔄 Identity reset
[20:10:19] 🔄 Identity rotated (every 10 requests)
[20:10:20] [221/459] KTBH
[20:10:21] [222/459] IDRM
[20:10:22] [223/459] PJJT
[20:10:22] [224/459] PFCV
[20:10:23] [225/459] AACT
[20:10:24] [226/459] AAAD
[20:10:25] [227/459] ANES
[20:10:26] [228/459] MNCA
[20:10:27] [229/459] RMGU
[20:10:27] [230/459] DLCN
[20:10:27] 🔄 Identity reset
[20:10:27] 🔄 Identity rotated (every 10 requests)
[20:10:29] [231/459] LJWT
[20:10:29] [232/459] MCBG
[20:10:30] [233/459] MYBG
[20:10:31] [234/459] GCCA
[20:10:32] [235/459] GCGA
[20:10:33] [236/459] ECGN
[20:10:34] [237/459] PRAB
[20:10:36] [238/459] PNMP
[20:10:37] [239/459] GCPT
[20:10:38] [240/459] ROYN
[20:10:38] 🔄 Identity reset
[20:10:38] 🔄 Identity rotated (every 10 requests)
[20:10:38] [241/459] VATM
[20:10:39] [242/459] KSNT
[20:10:40] [243/459] ACTC
[20:10:41] [244/459] PLTD
[20:10:42] [245/459] SKMK
[20:10:43] [246/459] CMTT
[20:10:44] [247/459] SMXP
[20:10:44] [248/459] SCMX
[20:10:45] [249/459] ACXN
[20:10:46] [250/459] ASWT
[20:10:46] 🔄 Identity reset
[20:10:46] 🔄 Identity rotated (every 10 requests)
[20:10:47] [251/459] VVVL
[20:10:47] [252/459] NAGO
[20:10:49] [253/459] SNCN
[20:10:49] [254/459] MCKP
[20:10:50] [255/459] SAMO
[20:10:51] [256/459] JBTV
[20:10:52] [257/459] DCVV
[20:10:53] [258/459] KMSV
[20:10:54] [259/459] KDCN
[20:10:55] [260/459] CNCP
[20:10:55] 🔄 Identity reset
[20:10:55] 🔄 Identity rotated (every 10 requests)
[20:10:56] [261/459] HAMC
[20:10:57] [262/459] CCVZ
[20:10:57] [263/459] NCCK
[20:10:59] [264/459] MCHR
[20:11:00] [265/459] SCHT
[20:11:01] [266/459] ESSH
[20:11:02] [267/459] CUJC
[20:11:03] [268/459] PECP
[20:11:03] [269/459] PMMI
[20:11:04] [270/459] PCCH
[20:11:04] 🔄 Identity reset
[20:11:04] 🔄 Identity rotated (every 10 requests)
[20:11:05] [271/459] PRPM
[20:11:06] [272/459] PVKL
[20:11:07] [273/459] CBSM
[20:11:08] [274/459] PVCZ
[20:11:09] [275/459] PCVV
[20:11:09] [276/459] CTMJ
[20:11:10] [277/459] RCPS
[20:11:11] [278/459] PCIT
[20:11:12] [279/459] FNCH
[20:11:13] [280/459] INZD
[20:11:13] 🔄 Identity reset
[20:11:13] 🔄 Identity rotated (every 10 requests)
[20:11:14] [281/459] INPC
[20:11:15] [282/459] LCZP
[20:11:16] [283/459] SMCB
[20:11:16] [284/459] PTSB
[20:11:17] [285/459] TPSI
[20:11:18] [286/459] KHMJ
[20:11:18] [287/459] RCCJ
[20:11:19] [288/459] NCJA
[20:11:20] [289/459] NCJN
[20:11:21] [290/459] BTDP
[20:11:21] 🔄 Identity reset
[20:11:21] 🔄 Identity rotated (every 10 requests)
[20:11:22] [291/459] PADY
[20:11:23] [292/459] NYBH
[20:11:24] [293/459] MTBR
[20:11:25] [294/459] KRBC
[20:11:26] [295/459] DKTI
[20:11:27] [296/459] ANAN
[20:11:28] [297/459] INBP
[20:11:29] [298/459] PATB
[20:11:29] [299/459] RGNT
[20:11:30] [300/459] CGPM
[20:11:30] 🔄 Identity reset
[20:11:30] 🔄 Identity rotated (every 10 requests)
[20:11:31] [301/459] INTN
[20:11:33] [302/459] MCMP
[20:11:34] [303/459] ASRG
[20:11:35] [304/459] CXJD
[20:11:36] [305/459] SPCP
[20:11:37] [306/459] CSTP
[20:11:38] [307/459] PKVC
[20:11:39] [308/459] ESCP
[20:11:39] [309/459] CAEP
[20:11:40] [310/459] CCSP
[20:11:40] 🔄 Identity reset
[20:11:40] 🔄 Identity rotated (every 10 requests)
[20:11:41] [311/459] KTPC
[20:11:42] [312/459] DACA
[20:11:43] [313/459] NVKY
[20:11:44] [314/459] PTIN
[20:11:45] [315/459] SCIN
[20:11:46] [316/459] MCTY
[20:11:47] [317/459] PCMX
[20:11:47] [318/459] INIC
[20:11:49] [319/459] MMZM
[20:11:50] [320/459] SSLP
[20:11:50] 🔄 Identity reset
[20:11:50] 🔄 Identity rotated (every 10 requests)
[20:11:50] [321/459] DTDT
[20:11:51] [322/459] FFCX
[20:11:52] [323/459] RCMM
[20:11:53] [324/459] KYID
[20:11:55] [325/459] CSCI
[20:11:56] [326/459] FCMC
[20:11:57] [327/459] MMXI
[20:11:57] [328/459] ASTC
[20:11:58] [329/459] CMRA
[20:11:59] [330/459] DICI
[20:11:59] 🔄 Identity reset
[20:11:59] 🔄 Identity rotated (every 10 requests)
[20:12:00] [331/459] KDIN
[20:12:01] [332/459] PRFI
[20:12:02] [333/459] SVFC
[20:12:03] [334/459] UCPL
[20:12:04] [335/459] COOC
[20:12:05] [336/459] SCAL
[20:12:07] [337/459] SVFF
[20:12:08] [338/459] VCMG
[20:12:09] [339/459] UUCT
[20:12:10] [340/459] GCSE
[20:12:10] 🔄 Identity reset
[20:12:10] 🔄 Identity rotated (every 10 requests)
[20:12:11] [341/459] SUSC
[20:12:12] [342/459] MISC
[20:12:13] [343/459] RMBL
[20:12:14] [344/459] CMXN
[20:12:15] [345/459] PVBK
[20:12:15] [346/459] HHCG
[20:12:17] [347/459] SCAG
[20:12:17] [348/459] CNPR
[20:12:18] [349/459] CSER
[20:12:19] [350/459] HLWD
[20:12:19] 🔄 Identity reset
[20:12:19] 🔄 Identity rotated (every 10 requests)
[20:12:20] [351/459] BOLY
[20:12:21] [352/459] SSPG
[20:12:21] [353/459] MUPX
[20:12:22] [354/459] HAMR
[20:12:24] [355/459] SDNC
[20:12:25] [356/459] RTEN
[20:12:26] [357/459] SDTD
[20:12:28] [358/459] KAWS
[20:12:28] [359/459] CMZX
[20:12:29] [360/459] DCDD
[20:12:29] 🔄 Identity reset
[20:12:29] 🔄 Identity rotated (every 10 requests)
[20:12:30] [361/459] ALSN
[20:12:31] [362/459] IMXS
[20:12:32] [363/459] PVFF
[20:12:33] [364/459] PVOO
[20:12:34] [365/459] CFBS
[20:12:34] [366/459] PVER
[20:12:36] [367/459] PPNX
[20:12:36] [368/459] CNRM
[20:12:37] [369/459] PVWW
[20:12:38] [370/459] INMB
[20:12:38] 🔄 Identity reset
[20:12:38] 🔄 Identity rotated (every 10 requests)
[20:12:39] [371/459] CPJR
[20:12:40] [372/459] INRZ
[20:12:40] [373/459] PMSR
[20:12:41] [374/459] GPGM
[20:12:42] [375/459] PGWB
[20:12:43] [376/459] PMBR
[20:12:44] [377/459] GPAM
[20:12:45] [378/459] INBC
[20:12:46] [379/459] PZVK
[20:12:47] [380/459] CPEB
[20:12:47] 🔄 Identity reset
[20:12:47] 🔄 Identity rotated (every 10 requests)
[20:12:48] [381/459] FMLB
[20:12:49] [382/459] INBG
[20:12:50] [383/459] GPBR
[20:12:51] [384/459] PAAS
[20:12:52] [385/459] VTBR
[20:12:53] [386/459] GPMY
[20:12:54] [387/459] GYBU
[20:12:55] [388/459] INBJ
[20:12:56] [389/459] LKTH
[20:12:56] [390/459] NSBR
[20:12:56] 🔄 Identity reset
[20:12:56] 🔄 Identity rotated (every 10 requests)
[20:12:57] [391/459] PDRD
[20:12:58] [392/459] VRBL
[20:12:59] [393/459] VTGB
[20:13:00] [394/459] VTSK
[20:13:01] [395/459] BKDV
[20:13:02] [396/459] SVTB
[20:13:03] [397/459] MLDT
[20:13:03] [398/459] NRBL
[20:13:04] [399/459] SLTR
[20:13:05] [400/459] VNKA
[20:13:05] 🔄 Identity reset
[20:13:05] 🔄 Identity rotated (every 10 requests)
[20:13:06] [401/459] TDCA
[20:13:08] [402/459] INBM
[20:13:08] [403/459] SSNR
[20:13:09] [404/459] BHAC
[20:13:10] [405/459] SDSD
[20:13:11] [406/459] SAMP
[20:13:11] [407/459] RATK
[20:13:12] [408/459] KCBI
[20:13:13] [409/459] URBL
[20:13:14] [410/459] MKBG
[20:13:14] 🔄 Identity reset
[20:13:14] 🔄 Identity rotated (every 10 requests)
[20:13:15] [411/459] ASTB
[20:13:16] [412/459] VBWT
[20:13:17] [413/459] GPSM
[20:13:18] [414/459] ROON
[20:13:19] [415/459] CHTH
[20:13:20] [416/459] SSPA
[20:13:21] [417/459] ANBL
[20:13:22] [418/459] VTBE
[20:13:23] [419/459] SVKT
[20:13:25] [420/459] SVYK
[20:13:25] 🔄 Identity reset
[20:13:25] 🔄 Identity rotated (every 10 requests)
[20:13:26] [421/459] PTBK
[20:13:27] [422/459] RKTB
[20:13:27] [423/459] BALT
[20:13:28] [424/459] STSV
[20:13:29] [425/459] VCCB
[20:13:30] [426/459] SLTB
[20:13:31] [427/459] SBCR
[20:13:32] [428/459] VDCS
[20:13:33] [429/459] MDKI
[20:13:34] [430/459] SMRN
[20:13:34] 🔄 Identity reset
[20:13:34] 🔄 Identity rotated (every 10 requests)
[20:13:35] [431/459] PTBC
[20:13:36] [432/459] RADI
[20:13:37] [433/459] ADCR
[20:13:38] [434/459] SDCS
[20:13:38] [435/459] SRPJ
[20:13:39] [436/459] ARTS
[20:13:40] [437/459] SRHK
[20:13:41] [438/459] SPAY
[20:13:42] [439/459] GPTB
[20:13:43] [440/459] SNNN
[20:13:43] 🔄 Identity reset
[20:13:43] 🔄 Identity rotated (every 10 requests)
[20:13:44] [441/459] BALJ
[20:13:45] [442/459] TRIG
[20:13:46] [443/459] GTYT
[20:13:47] [444/459] ATGN
[20:13:47] [445/459] ANTE
[20:13:48] [446/459] BDCG
[20:13:49] [447/459] VECI
[20:13:50] [448/459] SCPR
[20:13:50] [449/459] RTEA
[20:13:51] [450/459] JSAI
[20:13:51] 🔄 Identity reset
[20:13:51] 🔄 Identity rotated (every 10 requests)
[20:13:53] [451/459] VJTP
[20:13:54] [452/459] GNDS
[20:13:55] [453/459] PAXA
[20:13:56] [454/459] CGGM
[20:13:56] [455/459] ACKZ
[20:13:57] [456/459] EMCC
[20:13:58] [457/459] KLSK
[20:13:59] [458/459] AVCK
[20:14:00] [459/459] JTCK
[20:14:02] 🧹 Deduping shows
[20:14:02] ✅ DONE | Shows=4595 | Movies=112
