[09:58:50] 🚀 SCRIPT STARTED (enhanced anti‑detection)
[09:58:50] [1/326] BSAT
[09:58:50] 🧠 New identity created
[09:58:51] [2/326] RSSM
[09:58:52] [3/326] GCTA
[09:58:53] [4/326] TOPN
[09:58:54] [5/326] MCUS
[09:58:55] [6/326] SHRL
[09:58:56] [7/326] UPTP
[09:58:57] [8/326] TMMP
[09:58:58] [9/326] DNRP
[09:58:58] [10/326] SRLT
[09:58:59] 🔄 Identity reset
[09:58:59] 🔄 Identity rotated (every 10 requests)
[09:58:59] [11/326] RCNS
[09:59:00] [12/326] DCBH
[09:59:02] [13/326] NAGJ
[09:59:03] [14/326] JVRC
[09:59:05] [15/326] KRJG
[09:59:05] [16/326] SRTJ
[09:59:06] [17/326] CMXM
[09:59:07] [18/326] STMI
[09:59:08] [19/326] SLST
[09:59:09] [20/326] DTCN
[09:59:09] 🔄 Identity reset
[09:59:09] 🔄 Identity rotated (every 10 requests)
[09:59:10] [21/326] STYN
[09:59:11] [22/326] SZVR
[09:59:12] [23/326] SRKO
[09:59:13] [24/326] JTGT
[09:59:14] [25/326] SVFD
[09:59:14] [26/326] SISD
[09:59:15] [27/326] ABDD
[09:59:16] [28/326] DRCA
[09:59:17] [29/326] AVCS
[09:59:17] [30/326] MVKH
[09:59:18] 🔄 Identity reset
[09:59:18] 🔄 Identity rotated (every 10 requests)
[09:59:18] [31/326] ACPR
[09:59:19] [32/326] STIP
[09:59:20] [33/326] MTRA
[09:59:21] [34/326] RMKH
[09:59:22] [35/326] NKRL
[09:59:24] [36/326] PCWN
[09:59:25] [37/326] BLMT
[09:59:25] [38/326] GDPG
[09:59:26] [39/326] SRMX
[09:59:27] [40/326] JACP
[09:59:27] 🔄 Identity reset
[09:59:27] 🔄 Identity rotated (every 10 requests)
[09:59:28] [41/326] CPSH
[09:59:29] [42/326] MCCD
[09:59:30] [43/326] ECGH
[09:59:30] [44/326] MKCK
[09:59:31] [45/326] SRMM
[09:59:33] [46/326] SKYR
[09:59:35] [47/326] PCKC
[09:59:35] [48/326] JCMA
[09:59:36] [49/326] BSMP
[09:59:37] [50/326] VSPA
[09:59:38] 🔄 Identity reset
[09:59:38] 🔄 Identity rotated (every 10 requests)
[09:59:38] [51/326] DJYA
[09:59:40] [52/326] DIMP
[09:59:40] [53/326] FXDR
[09:59:41] [54/326] SSRC
[09:59:42] [55/326] STHP
[09:59:43] [56/326] CPPD
[09:59:44] [57/326] FCLK
[09:59:45] [58/326] SCPP
[09:59:46] [59/326] DCMJ
[09:59:47] [60/326] RCCR
[09:59:47] 🔄 Identity reset
[09:59:47] 🔄 Identity rotated (every 10 requests)
[09:59:47] 🔄 Retry 1/5 for RCCR in 2.2s
[09:59:47] 🔄 Identity reset
[09:59:50] 🧠 New identity created
[09:59:50] [61/326] INMT
[09:59:51] [62/326] LXTK
[09:59:52] [63/326] SRYK
[09:59:53] [64/326] SGDK
[09:59:54] [65/326] PPKA
[09:59:55] [66/326] SPKA
[09:59:56] [67/326] CGHH
[09:59:57] [68/326] DCJN
[09:59:58] [69/326] SRKV
[09:59:59] 🔄 Identity reset
[09:59:59] 🔄 Identity rotated (every 10 requests)
[09:59:59] 🔄 Retry 1/5 for SRKV in 2.1s
[09:59:59] 🔄 Identity reset
[10:00:01] 🧠 New identity created
[10:00:01] [70/326] SAJC
[10:00:02] [71/326] SUSR
[10:00:03] [72/326] STYG
[10:00:04] [73/326] NTKP
[10:00:05] [74/326] AKTG
[10:00:06] [75/326] CGCM
[10:00:06] [76/326] TULC
[10:00:07] [77/326] NYYZ
[10:00:08] [78/326] NYBW
[10:00:09] 🔄 Identity reset
[10:00:09] 🔄 Identity rotated (every 10 requests)
[10:00:09] [79/326] MACB
[10:00:10] [80/326] SLVT
[10:00:11] [81/326] SANA
[10:00:12] [82/326] ACMR
[10:00:12] [83/326] CPKN
[10:00:13] [84/326] DLGK
[10:00:15] [85/326] CWCK
[10:00:16] [86/326] FDDH
[10:00:17] [87/326] MMMD
[10:00:17] [88/326] CMEH
[10:00:18] 🔄 Identity reset
[10:00:18] 🔄 Identity rotated (every 10 requests)
[10:00:18] [89/326] GGGV
[10:00:19] [90/326] SPJL
[10:00:20] [91/326] RCCD
[10:00:21] [92/326] STTZ
[10:00:21] [93/326] BTCF
[10:00:22] [94/326] TSTZ
[10:00:23] [95/326] IPMM
[10:00:24] [96/326] PMPW
[10:00:25] [97/326] PCMZ
[10:00:27] [98/326] ESEM
[10:00:27] 🔄 Identity reset
[10:00:27] 🔄 Identity rotated (every 10 requests)
[10:00:27] [99/326] PIPO
[10:00:28] [100/326] MATK
[10:00:29] [101/326] PGHM
[10:00:30] [102/326] CTSR
[10:00:31] [103/326] CYKR
[10:00:32] [104/326] MSCM
[10:00:33] [105/326] RFNP
[10:00:34] [106/326] PDCP
[10:00:35] [107/326] NPSE
[10:00:36] [108/326] MKML
[10:00:36] 🔄 Identity reset
[10:00:36] 🔄 Identity rotated (every 10 requests)
[10:00:36] [109/326] FTDP
[10:00:38] [110/326] MMXA
[10:00:39] [111/326] CEPO
[10:00:40] [112/326] CMVP
[10:00:41] [113/326] SGTH
[10:00:42] [114/326] SAYN
[10:00:43] [115/326] URVS
[10:00:44] [116/326] VJTN
[10:00:45] [117/326] BBYK
[10:00:46] [118/326] SHBO
[10:00:46] 🔄 Identity reset
[10:00:46] 🔄 Identity rotated (every 10 requests)
[10:00:47] 🔄 Retry 1/5 for SHBO in 2.5s
[10:00:47] 🔄 Identity reset
[10:00:49] 🧠 New identity created
[10:00:49] [119/326] VCMR
[10:00:50] [120/326] MACT
[10:00:51] [121/326] JMNP
[10:00:52] [122/326] VICS
[10:00:53] [123/326] VCDA
[10:00:54] [124/326] GCMM
[10:00:54] [125/326] INVS
[10:00:55] [126/326] SCGM
[10:00:56] [127/326] PCDA
[10:00:57] 🔄 Identity reset
[10:00:57] 🔄 Identity rotated (every 10 requests)
[10:00:57] [128/326] KDCT
[10:00:58] [129/326] JACS
[10:00:59] [130/326] GMMC
[10:01:00] [131/326] AICM
[10:01:01] [132/326] TJCM
[10:01:01] [133/326] RMTI
[10:01:02] [134/326] SHAC
[10:01:03] [135/326] APJC
[10:01:05] [136/326] GCTG
[10:01:06] [137/326] SSMC
[10:01:06] 🔄 Identity reset
[10:01:06] 🔄 Identity rotated (every 10 requests)
[10:01:07] [138/326] THRM
[10:01:07] [139/326] RBCT
[10:01:08] [140/326] DIKT
[10:01:09] [141/326] MIDL
[10:01:11] [142/326] VCSN
[10:01:12] [143/326] SKTG
[10:01:12] [144/326] SMWC
[10:01:13] [145/326] MNKH
[10:01:14] [146/326] PIAT
[10:01:15] [147/326] LTTP
[10:01:16] 🔄 Identity reset
[10:01:16] 🔄 Identity rotated (every 10 requests)
[10:01:16] [148/326] PTPU
[10:01:18] [149/326] ACMG
[10:01:18] [150/326] SHMM
[10:01:19] [151/326] MCMN
[10:01:20] [152/326] GLDC
[10:01:21] [153/326] HOUT
[10:01:22] [154/326] SVRP
[10:01:23] [155/326] PVDN
[10:01:24] [156/326] SCPY
[10:01:25] [157/326] DTPY
[10:01:25] 🔄 Identity reset
[10:01:25] 🔄 Identity rotated (every 10 requests)
[10:01:26] [158/326] GKCS
[10:01:27] [159/326] NCAM
[10:01:28] [160/326] BSRM
[10:01:29] [161/326] RCLC
[10:01:30] [162/326] SKKD
[10:01:31] [163/326] ACHU
[10:01:31] [164/326] RSCF
[10:01:32] [165/326] IMSH
[10:01:33] [166/326] MACX
[10:01:34] [167/326] HMMW
[10:01:35] 🔄 Identity reset
[10:01:35] 🔄 Identity rotated (every 10 requests)
[10:01:35] [168/326] JTCP
[10:01:36] [169/326] SREN
[10:01:37] [170/326] PJRR
[10:01:38] [171/326] INAC
[10:01:39] [172/326] BMCA
[10:01:39] [173/326] SHCB
[10:01:40] [174/326] GABA
[10:01:42] [175/326] SBCT
[10:01:43] [176/326] GCMA
[10:01:44] [177/326] MYTK
[10:01:44] 🔄 Identity reset
[10:01:44] 🔄 Identity rotated (every 10 requests)
[10:01:45] [178/326] INZS
[10:01:45] [179/326] RMIK
[10:01:46] [180/326] NYCH
[10:01:48] [181/326] RAVE
[10:01:49] [182/326] PSXM
[10:01:50] [183/326] MCGP
[10:01:50] [184/326] PDDK
[10:01:51] [185/326] SPCK
[10:01:52] [186/326] MCRL
[10:01:53] [187/326] MHKT
[10:01:53] 🔄 Identity reset
[10:01:53] 🔄 Identity rotated (every 10 requests)
[10:01:54] [188/326] ANRR
[10:01:55] [189/326] SAPK
[10:01:56] [190/326] NCUK
[10:01:57] [191/326] JUGA
[10:01:58] [192/326] DBSC
[10:01:59] [193/326] LALK
[10:02:01] [194/326] GUCK
[10:02:02] [195/326] STSG
[10:02:02] [196/326] PPPZ
[10:02:03] [197/326] CNCY
[10:02:04] 🔄 Identity reset
[10:02:04] 🔄 Identity rotated (every 10 requests)
[10:02:05] [198/326] MTAR
[10:02:05] [199/326] VNKD
[10:02:07] [200/326] KMAJ
[10:02:08] [201/326] ACXK
[10:02:09] [202/326] UTKC
[10:02:10] [203/326] PBLK
[10:02:10] [204/326] ACBX
[10:02:11] [205/326] PTGM
[10:02:12] [206/326] BTDA
[10:02:13] [207/326] PJMB
[10:02:14] 🔄 Identity reset
[10:02:14] 🔄 Identity rotated (every 10 requests)
[10:02:14] [208/326] TPDA
[10:02:15] [209/326] AMOE
[10:02:16] [210/326] PRHT
[10:02:18] [211/326] PRTA
[10:02:19] [212/326] STAM
[10:02:19] [213/326] MSAA
[10:02:20] [214/326] SDLU
[10:02:21] [215/326] RCHH
[10:02:22] [216/326] KANT
[10:02:23] [217/326] FCRT
[10:02:23] 🔄 Identity reset
[10:02:23] 🔄 Identity rotated (every 10 requests)
[10:02:23] [218/326] DNKM
[10:02:24] [219/326] RYCP
[10:02:25] [220/326] MYRP
[10:02:26] [221/326] PPAK
[10:02:27] [222/326] NVPK
[10:02:28] [223/326] PRMC
[10:02:29] [224/326] JBCS
[10:02:30] [225/326] GXCK
[10:02:30] [226/326] USKO
[10:02:31] [227/326] GTEM
[10:02:32] 🔄 Identity reset
[10:02:32] 🔄 Identity rotated (every 10 requests)
[10:02:32] [228/326] SMBU
[10:02:33] [229/326] VETC
[10:02:34] [230/326] LCDA
[10:02:35] [231/326] MTVT
[10:02:36] [232/326] PYCP
[10:02:38] [233/326] PNSC
[10:02:39] [234/326] PPCC
[10:02:40] [235/326] TGRT
[10:02:40] [236/326] JYOT
[10:02:41] [237/326] SRCZ
[10:02:42] 🔄 Identity reset
[10:02:42] 🔄 Identity rotated (every 10 requests)
[10:02:42] [238/326] SJTE
[10:02:43] [239/326] DESC
[10:02:44] [240/326] JHVN
[10:02:45] [241/326] IPSG
[10:02:46] [242/326] IPCM
[10:02:47] [243/326] PDRS
[10:02:48] [244/326] ANCV
[10:02:49] [245/326] CMVV
[10:02:50] [246/326] SHYP
[10:02:50] [247/326] DNCS
[10:02:51] 🔄 Identity reset
[10:02:51] 🔄 Identity rotated (every 10 requests)
[10:02:51] [248/326] GAJK
[10:02:52] [249/326] AKTN
[10:02:53] [250/326] KAYA
[10:02:54] [251/326] SBRC
[10:02:55] [252/326] CHTP
[10:02:56] [253/326] SHRT
[10:02:57] [254/326] BCKU
[10:02:58] [255/326] FCPS
[10:02:59] [256/326] ARDD
[10:03:00] [257/326] CPCM
[10:03:00] 🔄 Identity reset
[10:03:00] 🔄 Identity rotated (every 10 requests)
[10:03:01] [258/326] CGSM
[10:03:02] [259/326] PSMP
[10:03:02] [260/326] SDAL
[10:03:03] [261/326] RTNB
[10:03:04] [262/326] LMCR
[10:03:05] [263/326] CIMA
[10:03:06] [264/326] RNAS
[10:03:07] [265/326] LITH
[10:03:08] [266/326] PBOX
[10:03:09] [267/326] FRTS
[10:03:09] 🔄 Identity reset
[10:03:09] 🔄 Identity rotated (every 10 requests)
[10:03:10] [268/326] RKIC
[10:03:11] [269/326] PTAI
[10:03:11] [270/326] GCIC
[10:03:12] [271/326] FNAS
[10:03:13] [272/326] SCAR
[10:03:14] [273/326] MTCA
[10:03:15] [274/326] SCTS
[10:03:16] [275/326] SYCS
[10:03:16] [276/326] RDMS
[10:03:17] [277/326] KAMP
[10:03:18] 🔄 Identity reset
[10:03:18] 🔄 Identity rotated (every 10 requests)
[10:03:18] [278/326] ERSD
[10:03:19] [279/326] MJMJ
[10:03:21] [280/326] SRCJ
[10:03:21] [281/326] SCXE
[10:03:23] [282/326] SVFR
[10:03:25] [283/326] BHCS
[10:03:26] [284/326] IMCC
[10:03:26] [285/326] PCBO
[10:03:27] [286/326] PRVN
[10:03:28] [287/326] AUPM
[10:03:29] 🔄 Identity reset
[10:03:29] 🔄 Identity rotated (every 10 requests)
[10:03:29] [288/326] INBW
[10:03:30] [289/326] SVCW
[10:03:31] [290/326] RKCF
[10:03:32] [291/326] UVBH
[10:03:33] [292/326] DNCY
[10:03:34] [293/326] ABCN
[10:03:35] [294/326] PRUR
[10:03:36] [295/326] PFMR
[10:03:37] [296/326] RKCN
[10:03:38] [297/326] CFEA
[10:03:39] 🔄 Identity reset
[10:03:39] 🔄 Identity rotated (every 10 requests)
[10:03:40] [298/326] SDBG
[10:03:41] [299/326] SNAR
[10:03:42] [300/326] YISI
[10:03:43] [301/326] JCFF
[10:03:44] [302/326] VTRK
[10:03:45] [303/326] PCLZ
[10:03:46] [304/326] DIMY
[10:03:47] [305/326] BBTS
[10:03:48] [306/326] GATH
[10:03:48] [307/326] GTMN
[10:03:49] 🔄 Identity reset
[10:03:49] 🔄 Identity rotated (every 10 requests)
[10:03:49] [308/326] VTMH
[10:03:50] [309/326] CCKP
[10:03:51] [310/326] GPKA
[10:03:52] [311/326] MHCL
[10:03:53] [312/326] ATCL
[10:03:53] [313/326] SBCK
[10:03:55] [314/326] AMMR
[10:03:56] [315/326] MADC
[10:03:57] [316/326] TMMA
[10:03:58] [317/326] CACC
[10:03:59] 🔄 Identity reset
[10:03:59] 🔄 Identity rotated (every 10 requests)
[10:03:59] [318/326] CHAL
[10:04:00] [319/326] DURG
[10:04:01] [320/326] GMKU
[10:04:02] [321/326] GECA
[10:04:03] [322/326] KYRR
[10:04:04] [323/326] KSDE
[10:04:05] [324/326] LMCI
[10:04:05] [325/326] NKCP
[10:04:06] [326/326] BGTC
[10:04:07] 🧹 Deduping shows
[10:04:07] ✅ DONE | Shows=20 | Movies=4
[16:48:57] 🚀 SCRIPT STARTED (enhanced anti‑detection)
[16:48:57] [1/326] BSAT
[16:48:57] 🧠 New identity created
[16:48:58] [2/326] RSSM
[16:48:59] [3/326] GCTA
[16:49:00] [4/326] TOPN
[16:49:01] [5/326] MCUS
[16:49:02] [6/326] SHRL
[16:49:03] [7/326] UPTP
[16:49:04] [8/326] TMMP
[16:49:05] [9/326] DNRP
[16:49:06] [10/326] SRLT
[16:49:06] 🔄 Identity reset
[16:49:06] 🔄 Identity rotated (every 10 requests)
[16:49:06] [11/326] RCNS
[16:49:07] [12/326] DCBH
[16:49:08] [13/326] NAGJ
[16:49:09] [14/326] JVRC
[16:49:10] [15/326] KRJG
[16:49:11] [16/326] SRTJ
[16:49:11] [17/326] CMXM
[16:49:12] [18/326] STMI
[16:49:13] [19/326] SLST
[16:49:14] [20/326] DTCN
[16:49:15] 🔄 Identity reset
[16:49:15] 🔄 Identity rotated (every 10 requests)
[16:49:15] [21/326] STYN
[16:49:16] [22/326] SZVR
[16:49:17] [23/326] SRKO
[16:49:18] [24/326] JTGT
[16:49:19] [25/326] SVFD
[16:49:20] [26/326] SISD
[16:49:21] [27/326] ABDD
[16:49:22] [28/326] DRCA
[16:49:23] [29/326] AVCS
[16:49:24] [30/326] MVKH
[16:49:24] 🔄 Identity reset
[16:49:24] 🔄 Identity rotated (every 10 requests)
[16:49:24] [31/326] ACPR
[16:49:25] [32/326] STIP
[16:49:26] [33/326] MTRA
[16:49:27] [34/326] RMKH
[16:49:28] [35/326] NKRL
[16:49:29] [36/326] PCWN
[16:49:29] [37/326] BLMT
[16:49:30] [38/326] GDPG
[16:49:31] [39/326] SRMX
[16:49:32] [40/326] JACP
[16:49:32] 🔄 Identity reset
[16:49:32] 🔄 Identity rotated (every 10 requests)
[16:49:33] [41/326] CPSH
[16:49:34] [42/326] MCCD
[16:49:34] [43/326] ECGH
[16:49:35] [44/326] MKCK
[16:49:36] [45/326] SRMM
[16:49:37] [46/326] SKYR
[16:49:38] [47/326] PCKC
[16:49:39] [48/326] JCMA
[16:49:39] [49/326] BSMP
[16:49:41] [50/326] VSPA
[16:49:41] 🔄 Identity reset
[16:49:41] 🔄 Identity rotated (every 10 requests)
[16:49:42] 🔄 Retry 1/5 for VSPA in 2.4s
[16:49:42] 🔄 Identity reset
[16:49:44] 🧠 New identity created
[16:49:44] [51/326] DJYA
[16:49:45] [52/326] DIMP
[16:49:46] [53/326] FXDR
[16:49:47] [54/326] SSRC
[16:49:48] [55/326] STHP
[16:49:49] [56/326] CPPD
[16:49:50] [57/326] FCLK
[16:49:51] [58/326] SCPP
[16:49:52] [59/326] DCMJ
[16:49:52] 🔄 Identity reset
[16:49:52] 🔄 Identity rotated (every 10 requests)
[16:49:52] [60/326] RCCR
[16:49:53] [61/326] INMT
[16:49:55] [62/326] LXTK
[16:49:56] [63/326] SRYK
[16:49:56] [64/326] SGDK
[16:49:57] [65/326] PPKA
[16:49:58] [66/326] SPKA
[16:49:59] [67/326] CGHH
[16:50:00] [68/326] DCJN
[16:50:01] [69/326] SRKV
[16:50:01] 🔄 Identity reset
[16:50:01] 🔄 Identity rotated (every 10 requests)
[16:50:01] [70/326] SAJC
[16:50:02] [71/326] SUSR
[16:50:03] [72/326] STYG
[16:50:05] [73/326] NTKP
[16:50:06] [74/326] AKTG
[16:50:06] [75/326] CGCM
[16:50:07] [76/326] TULC
[16:50:08] [77/326] NYYZ
[16:50:09] [78/326] NYBW
[16:50:10] [79/326] MACB
[16:50:11] 🔄 Identity reset
[16:50:11] 🔄 Identity rotated (every 10 requests)
[16:50:11] [80/326] SLVT
[16:50:12] [81/326] SANA
[16:50:13] [82/326] ACMR
[16:50:14] [83/326] CPKN
[16:50:15] [84/326] DLGK
[16:50:16] [85/326] CWCK
[16:50:18] [86/326] FDDH
[16:50:18] [87/326] MMMD
[16:50:19] [88/326] CMEH
[16:50:20] [89/326] GGGV
[16:50:21] 🔄 Identity reset
[16:50:21] 🔄 Identity rotated (every 10 requests)
[16:50:21] [90/326] SPJL
[16:50:22] [91/326] RCCD
[16:50:23] [92/326] STTZ
[16:50:24] [93/326] BTCF
[16:50:25] [94/326] TSTZ
[16:50:25] [95/326] IPMM
[16:50:26] [96/326] PMPW
[16:50:27] [97/326] PCMZ
[16:50:28] [98/326] ESEM
[16:50:29] [99/326] PIPO
[16:50:29] 🔄 Identity reset
[16:50:29] 🔄 Identity rotated (every 10 requests)
[16:50:30] [100/326] MATK
[16:50:30] [101/326] PGHM
[16:50:31] [102/326] CTSR
[16:50:32] [103/326] CYKR
[16:50:33] [104/326] MSCM
[16:50:34] [105/326] RFNP
[16:50:35] [106/326] PDCP
[16:50:36] [107/326] NPSE
[16:50:37] [108/326] MKML
[16:50:38] [109/326] FTDP
[16:50:38] 🔄 Identity reset
[16:50:38] 🔄 Identity rotated (every 10 requests)
[16:50:39] [110/326] MMXA
[16:50:39] [111/326] CEPO
[16:50:40] [112/326] CMVP
[16:50:41] [113/326] SGTH
[16:50:43] [114/326] SAYN
[16:50:44] [115/326] URVS
[16:50:44] [116/326] VJTN
[16:50:45] [117/326] BBYK
[16:50:46] [118/326] SHBO
[16:50:47] [119/326] VCMR
[16:50:47] 🔄 Identity reset
[16:50:47] 🔄 Identity rotated (every 10 requests)
[16:50:47] 🔄 Retry 1/5 for VCMR in 2.1s
[16:50:47] 🔄 Identity reset
[16:50:49] 🧠 New identity created
[16:50:50] 🔄 Retry 2/5 for VCMR in 4.2s
[16:50:50] 🔄 Identity reset
[16:50:54] 🧠 New identity created
[16:50:54] [120/326] MACT
[16:50:55] [121/326] JMNP
[16:50:56] [122/326] VICS
[16:50:57] [123/326] VCDA
[16:50:58] [124/326] GCMM
[16:50:58] [125/326] INVS
[16:50:59] [126/326] SCGM
[16:51:01] [127/326] PCDA
[16:51:01] 🔄 Identity reset
[16:51:01] 🔄 Identity rotated (every 10 requests)
[16:51:02] [128/326] KDCT
[16:51:02] [129/326] JACS
[16:51:03] [130/326] GMMC
[16:51:04] [131/326] AICM
[16:51:05] [132/326] TJCM
[16:51:06] [133/326] RMTI
[16:51:07] [134/326] SHAC
[16:51:08] [135/326] APJC
[16:51:09] [136/326] GCTG
[16:51:10] [137/326] SSMC
[16:51:10] 🔄 Identity reset
[16:51:10] 🔄 Identity rotated (every 10 requests)
[16:51:11] [138/326] THRM
[16:51:11] [139/326] RBCT
[16:51:12] [140/326] DIKT
[16:51:14] [141/326] MIDL
[16:51:15] [142/326] VCSN
[16:51:15] [143/326] SKTG
[16:51:16] [144/326] SMWC
[16:51:17] [145/326] MNKH
[16:51:19] [146/326] PIAT
[16:51:19] [147/326] LTTP
[16:51:20] 🔄 Identity reset
[16:51:20] 🔄 Identity rotated (every 10 requests)
[16:51:20] [148/326] PTPU
[16:51:21] [149/326] ACMG
[16:51:22] [150/326] SHMM
[16:51:23] [151/326] MCMN
[16:51:24] [152/326] GLDC
[16:51:25] [153/326] HOUT
[16:51:26] [154/326] SVRP
[16:51:27] [155/326] PVDN
[16:51:28] [156/326] SCPY
[16:51:29] [157/326] DTPY
[16:51:29] 🔄 Identity reset
[16:51:29] 🔄 Identity rotated (every 10 requests)
[16:51:29] [158/326] GKCS
[16:51:30] [159/326] NCAM
[16:51:31] [160/326] BSRM
[16:51:32] [161/326] RCLC
[16:51:33] [162/326] SKKD
[16:51:34] [163/326] ACHU
[16:51:34] [164/326] RSCF
[16:51:35] [165/326] IMSH
[16:51:36] [166/326] MACX
[16:51:37] [167/326] HMMW
[16:51:37] 🔄 Identity reset
[16:51:38] 🔄 Identity rotated (every 10 requests)
[16:51:38] [168/326] JTCP
[16:51:39] [169/326] SREN
[16:51:40] [170/326] PJRR
[16:51:40] [171/326] INAC
[16:51:41] [172/326] BMCA
[16:51:42] [173/326] SHCB
[16:51:43] [174/326] GABA
[16:51:44] [175/326] SBCT
[16:51:45] [176/326] GCMA
[16:51:46] [177/326] MYTK
[16:51:46] 🔄 Identity reset
[16:51:46] 🔄 Identity rotated (every 10 requests)
[16:51:46] 🔄 Retry 1/5 for MYTK in 2.1s
[16:51:46] 🔄 Identity reset
[16:51:48] 🧠 New identity created
[16:51:49] [178/326] INZS
[16:51:50] [179/326] RMIK
[16:51:51] [180/326] NYCH
[16:51:52] [181/326] RAVE
[16:51:53] [182/326] PSXM
[16:51:54] [183/326] MCGP
[16:51:55] [184/326] PDDK
[16:51:56] [185/326] SPCK
[16:51:57] [186/326] MCRL
[16:51:58] 🔄 Identity reset
[16:51:58] 🔄 Identity rotated (every 10 requests)
[16:51:58] [187/326] MHKT
[16:51:59] [188/326] ANRR
[16:52:00] [189/326] SAPK
[16:52:01] [190/326] NCUK
[16:52:02] [191/326] JUGA
[16:52:03] [192/326] DBSC
[16:52:03] [193/326] LALK
[16:52:04] [194/326] GUCK
[16:52:05] [195/326] STSG
[16:52:06] [196/326] PPPZ
[16:52:07] 🔄 Identity reset
[16:52:07] 🔄 Identity rotated (every 10 requests)
[16:52:07] [197/326] CNCY
[16:52:08] [198/326] MTAR
[16:52:09] [199/326] VNKD
[16:52:10] [200/326] KMAJ
[16:52:11] [201/326] ACXK
[16:52:11] [202/326] UTKC
[16:52:12] [203/326] PBLK
[16:52:14] [204/326] ACBX
[16:52:15] [205/326] PTGM
[16:52:15] [206/326] BTDA
[16:52:16] 🔄 Identity reset
[16:52:16] 🔄 Identity rotated (every 10 requests)
[16:52:17] [207/326] PJMB
[16:52:18] [208/326] TPDA
[16:52:18] [209/326] AMOE
[16:52:19] [210/326] PRHT
[16:52:20] [211/326] PRTA
[16:52:21] [212/326] STAM
[16:52:22] [213/326] MSAA
[16:52:22] [214/326] SDLU
[16:52:23] [215/326] RCHH
[16:52:24] [216/326] KANT
[16:52:25] 🔄 Identity reset
[16:52:25] 🔄 Identity rotated (every 10 requests)
[16:52:25] [217/326] FCRT
[16:52:26] [218/326] DNKM
[16:52:28] [219/326] RYCP
[16:52:28] [220/326] MYRP
[16:52:29] [221/326] PPAK
[16:52:30] [222/326] NVPK
[16:52:31] [223/326] PRMC
[16:52:32] [224/326] JBCS
[16:52:33] [225/326] GXCK
[16:52:34] [226/326] USKO
[16:52:34] 🔄 Identity reset
[16:52:34] 🔄 Identity rotated (every 10 requests)
[16:52:35] [227/326] GTEM
[16:52:35] [228/326] SMBU
[16:52:36] [229/326] VETC
[16:52:37] [230/326] LCDA
[16:52:38] [231/326] MTVT
[16:52:39] [232/326] PYCP
[16:52:40] [233/326] PNSC
[16:52:40] [234/326] PPCC
[16:52:41] [235/326] TGRT
[16:52:42] [236/326] JYOT
[16:52:43] 🔄 Identity reset
[16:52:43] 🔄 Identity rotated (every 10 requests)
[16:52:43] [237/326] SRCZ
[16:52:44] [238/326] SJTE
[16:52:44] [239/326] DESC
[16:52:45] [240/326] JHVN
[16:52:46] [241/326] IPSG
[16:52:47] [242/326] IPCM
[16:52:48] [243/326] PDRS
[16:52:48] [244/326] ANCV
[16:52:49] [245/326] CMVV
[16:52:50] [246/326] SHYP
[16:52:50] 🔄 Identity reset
[16:52:50] 🔄 Identity rotated (every 10 requests)
[16:52:51] [247/326] DNCS
[16:52:52] [248/326] GAJK
[16:52:53] [249/326] AKTN
[16:52:54] [250/326] KAYA
[16:52:55] [251/326] SBRC
[16:52:55] [252/326] CHTP
[16:52:57] [253/326] SHRT
[16:52:58] [254/326] BCKU
[16:52:58] [255/326] FCPS
[16:52:59] [256/326] ARDD
[16:53:00] 🔄 Identity reset
[16:53:00] 🔄 Identity rotated (every 10 requests)
[16:53:00] [257/326] CPCM
[16:53:01] [258/326] CGSM
[16:53:02] [259/326] PSMP
[16:53:03] [260/326] SDAL
[16:53:04] [261/326] RTNB
[16:53:05] [262/326] LMCR
[16:53:06] [263/326] CIMA
[16:53:06] [264/326] RNAS
[16:53:07] [265/326] LITH
[16:53:08] [266/326] PBOX
[16:53:09] 🔄 Identity reset
[16:53:09] 🔄 Identity rotated (every 10 requests)
[16:53:09] [267/326] FRTS
[16:53:10] [268/326] RKIC
[16:53:10] [269/326] PTAI
[16:53:11] [270/326] GCIC
[16:53:13] [271/326] FNAS
[16:53:14] [272/326] SCAR
[16:53:15] [273/326] MTCA
[16:53:15] [274/326] SCTS
[16:53:16] [275/326] SYCS
[16:53:18] [276/326] RDMS
[16:53:19] 🔄 Identity reset
[16:53:19] 🔄 Identity rotated (every 10 requests)
[16:53:19] 🔄 Retry 1/5 for RDMS in 2.5s
[16:53:19] 🔄 Identity reset
[16:53:21] 🧠 New identity created
[16:53:21] [277/326] KAMP
[16:53:22] [278/326] ERSD
[16:53:23] [279/326] MJMJ
[16:53:24] [280/326] SRCJ
[16:53:25] [281/326] SCXE
[16:53:26] [282/326] SVFR
[16:53:27] [283/326] BHCS
[16:53:27] [284/326] IMCC
[16:53:28] [285/326] PCBO
[16:53:29] 🔄 Identity reset
[16:53:29] 🔄 Identity rotated (every 10 requests)
[16:53:29] [286/326] PRVN
[16:53:31] [287/326] AUPM
[16:53:32] [288/326] INBW
[16:53:33] [289/326] SVCW
[16:53:34] [290/326] RKCF
[16:53:35] [291/326] UVBH
[16:53:36] [292/326] DNCY
[16:53:37] [293/326] ABCN
[16:53:37] [294/326] PRUR
[16:53:38] [295/326] PFMR
[16:53:39] 🔄 Identity reset
[16:53:39] 🔄 Identity rotated (every 10 requests)
[16:53:39] 🔄 Retry 1/5 for PFMR in 2.2s
[16:53:39] 🔄 Identity reset
[16:53:41] 🧠 New identity created
[16:53:41] [296/326] RKCN
[16:53:42] [297/326] CFEA
[16:53:43] [298/326] SDBG
[16:53:44] [299/326] SNAR
[16:53:45] [300/326] YISI
[16:53:46] [301/326] JCFF
[16:53:47] [302/326] VTRK
[16:53:48] [303/326] PCLZ
[16:53:48] [304/326] DIMY
[16:53:49] 🔄 Identity reset
[16:53:49] 🔄 Identity rotated (every 10 requests)
[16:53:49] [305/326] BBTS
[16:53:50] [306/326] GATH
[16:53:51] [307/326] GTMN
[16:53:53] [308/326] VTMH
[16:53:53] [309/326] CCKP
[16:53:54] [310/326] GPKA
[16:53:55] [311/326] MHCL
[16:53:56] [312/326] ATCL
[16:53:57] [313/326] SBCK
[16:53:58] [314/326] AMMR
[16:53:58] 🔄 Identity reset
[16:53:58] 🔄 Identity rotated (every 10 requests)
[16:53:59] [315/326] MADC
[16:54:00] [316/326] TMMA
[16:54:00] [317/326] CACC
[16:54:01] [318/326] CHAL
[16:54:03] [319/326] DURG
[16:54:04] [320/326] GMKU
[16:54:05] [321/326] GECA
[16:54:05] [322/326] KYRR
[16:54:06] [323/326] KSDE
[16:54:07] [324/326] LMCI
[16:54:08] 🔄 Identity reset
[16:54:08] 🔄 Identity rotated (every 10 requests)
[16:54:08] [325/326] NKCP
[16:54:10] [326/326] BGTC
[16:54:11] 🧹 Deduping shows
[16:54:11] ✅ DONE | Shows=76 | Movies=12
[05:06:26] 🚀 SCRIPT STARTED (enhanced anti‑detection)
[05:06:26] [1/326] BSAT
[05:06:27] 🧠 New identity created
[05:06:28] [2/326] RSSM
[05:06:29] [3/326] GCTA
[05:06:30] [4/326] TOPN
[05:06:31] [5/326] MCUS
[05:06:31] [6/326] SHRL
[05:06:32] [7/326] UPTP
[05:06:33] [8/326] TMMP
[05:06:34] [9/326] DNRP
[05:06:36] [10/326] SRLT
[05:06:36] 🔄 Identity reset
[05:06:36] 🔄 Identity rotated (every 10 requests)
[05:06:37] [11/326] RCNS
[05:06:38] [12/326] DCBH
[05:06:39] [13/326] NAGJ
[05:06:39] [14/326] JVRC
[05:06:40] [15/326] KRJG
[05:06:41] [16/326] SRTJ
[05:06:42] [17/326] CMXM
[05:06:43] [18/326] STMI
[05:06:44] [19/326] SLST
[05:06:44] [20/326] DTCN
[05:06:45] 🔄 Identity reset
[05:06:45] 🔄 Identity rotated (every 10 requests)
[05:06:45] [21/326] STYN
[05:06:46] [22/326] SZVR
[05:06:47] [23/326] SRKO
[05:06:48] [24/326] JTGT
[05:06:49] [25/326] SVFD
[05:06:50] [26/326] SISD
[05:06:51] [27/326] ABDD
[05:06:52] [28/326] DRCA
[05:06:53] [29/326] AVCS
[05:06:54] [30/326] MVKH
[05:06:55] 🔄 Identity reset
[05:06:55] 🔄 Identity rotated (every 10 requests)
[05:06:55] [31/326] ACPR
[05:06:56] [32/326] STIP
[05:06:57] [33/326] MTRA
[05:06:58] [34/326] RMKH
[05:06:58] [35/326] NKRL
[05:06:59] [36/326] PCWN
[05:07:00] [37/326] BLMT
[05:07:01] [38/326] GDPG
[05:07:02] [39/326] SRMX
[05:07:03] [40/326] JACP
[05:07:04] 🔄 Identity reset
[05:07:04] 🔄 Identity rotated (every 10 requests)
[05:07:04] [41/326] CPSH
[05:07:05] [42/326] MCCD
[05:07:06] [43/326] ECGH
[05:07:07] [44/326] MKCK
[05:07:08] [45/326] SRMM
[05:07:09] [46/326] SKYR
[05:07:09] [47/326] PCKC
[05:07:10] [48/326] JCMA
[05:07:11] [49/326] BSMP
[05:07:12] [50/326] VSPA
[05:07:13] 🔄 Identity reset
[05:07:13] 🔄 Identity rotated (every 10 requests)
[05:07:13] [51/326] DJYA
[05:07:14] [52/326] DIMP
[05:07:15] [53/326] FXDR
[05:07:16] [54/326] SSRC
[05:07:17] [55/326] STHP
[05:07:18] [56/326] CPPD
[05:07:19] [57/326] FCLK
[05:07:19] [58/326] SCPP
[05:07:20] [59/326] DCMJ
[05:07:21] [60/326] RCCR
[05:07:22] 🔄 Identity reset
[05:07:22] 🔄 Identity rotated (every 10 requests)
[05:07:22] [61/326] INMT
[05:07:23] [62/326] LXTK
[05:07:24] [63/326] SRYK
[05:07:25] [64/326] SGDK
[05:07:26] [65/326] PPKA
[05:07:27] [66/326] SPKA
[05:07:28] [67/326] CGHH
[05:07:29] [68/326] DCJN
[05:07:30] [69/326] SRKV
[05:07:31] [70/326] SAJC
[05:07:31] 🔄 Identity reset
[05:07:31] 🔄 Identity rotated (every 10 requests)
[05:07:32] [71/326] SUSR
[05:07:33] [72/326] STYG
[05:07:34] [73/326] NTKP
[05:07:35] [74/326] AKTG
[05:07:36] [75/326] CGCM
[05:07:37] [76/326] TULC
[05:07:38] [77/326] NYYZ
[05:07:39] [78/326] NYBW
[05:07:40] [79/326] MACB
[05:07:41] [80/326] SLVT
[05:07:41] 🔄 Identity reset
[05:07:41] 🔄 Identity rotated (every 10 requests)
[05:07:42] [81/326] SANA
[05:07:42] [82/326] ACMR
[05:07:43] [83/326] CPKN
[05:07:44] [84/326] DLGK
[05:07:45] [85/326] CWCK
[05:07:46] [86/326] FDDH
[05:07:47] [87/326] MMMD
[05:07:48] [88/326] CMEH
[05:07:49] [89/326] GGGV
[05:07:49] [90/326] SPJL
[05:07:50] 🔄 Identity reset
[05:07:50] 🔄 Identity rotated (every 10 requests)
[05:07:50] [91/326] RCCD
[05:07:51] [92/326] STTZ
[05:07:52] [93/326] BTCF
[05:07:53] [94/326] TSTZ
[05:07:54] [95/326] IPMM
[05:07:55] [96/326] PMPW
[05:07:55] [97/326] PCMZ
[05:07:56] [98/326] ESEM
[05:07:57] [99/326] PIPO
[05:07:58] [100/326] MATK
[05:07:59] 🔄 Identity reset
[05:07:59] 🔄 Identity rotated (every 10 requests)
[05:07:59] [101/326] PGHM
[05:08:00] [102/326] CTSR
[05:08:01] [103/326] CYKR
[05:08:02] [104/326] MSCM
[05:08:03] [105/326] RFNP
[05:08:04] [106/326] PDCP
[05:08:05] [107/326] NPSE
[05:08:06] [108/326] MKML
[05:08:08] [109/326] FTDP
[05:08:09] [110/326] MMXA
[05:08:09] 🔄 Identity reset
[05:08:09] 🔄 Identity rotated (every 10 requests)
[05:08:10] [111/326] CEPO
[05:08:11] [112/326] CMVP
[05:08:12] [113/326] SGTH
[05:08:13] [114/326] SAYN
[05:08:13] [115/326] URVS
[05:08:14] [116/326] VJTN
[05:08:15] [117/326] BBYK
[05:08:16] [118/326] SHBO
[05:08:17] [119/326] VCMR
[05:08:18] [120/326] MACT
[05:08:18] 🔄 Identity reset
[05:08:18] 🔄 Identity rotated (every 10 requests)
[05:08:19] [121/326] JMNP
[05:08:20] [122/326] VICS
[05:08:20] [123/326] VCDA
[05:08:21] [124/326] GCMM
[05:08:22] [125/326] INVS
[05:08:23] [126/326] SCGM
[05:08:24] [127/326] PCDA
[05:08:25] [128/326] KDCT
[05:08:26] [129/326] JACS
[05:08:26] [130/326] GMMC
[05:08:27] 🔄 Identity reset
[05:08:27] 🔄 Identity rotated (every 10 requests)
[05:08:27] [131/326] AICM
[05:08:28] [132/326] TJCM
[05:08:30] [133/326] RMTI
[05:08:31] [134/326] SHAC
[05:08:32] [135/326] APJC
[05:08:33] [136/326] GCTG
[05:08:34] [137/326] SSMC
[05:08:34] [138/326] THRM
[05:08:35] [139/326] RBCT
[05:08:36] [140/326] DIKT
[05:08:37] 🔄 Identity reset
[05:08:37] 🔄 Identity rotated (every 10 requests)
[05:08:38] [141/326] MIDL
[05:08:39] [142/326] VCSN
[05:08:40] [143/326] SKTG
[05:08:40] [144/326] SMWC
[05:08:41] [145/326] MNKH
[05:08:42] [146/326] PIAT
[05:08:44] [147/326] LTTP
[05:08:45] [148/326] PTPU
[05:08:46] [149/326] ACMG
[05:08:47] [150/326] SHMM
[05:08:47] 🔄 Identity reset
[05:08:47] 🔄 Identity rotated (every 10 requests)
[05:08:47] [151/326] MCMN
[05:08:48] [152/326] GLDC
[05:08:49] [153/326] HOUT
[05:08:50] [154/326] SVRP
[05:08:51] [155/326] PVDN
[05:08:52] [156/326] SCPY
[05:08:53] [157/326] DTPY
[05:08:54] [158/326] GKCS
[05:08:55] [159/326] NCAM
[05:08:56] [160/326] BSRM
[05:08:56] 🔄 Identity reset
[05:08:56] 🔄 Identity rotated (every 10 requests)
[05:08:57] [161/326] RCLC
[05:08:57] [162/326] SKKD
[05:08:58] [163/326] ACHU
[05:08:59] [164/326] RSCF
[05:09:00] [165/326] IMSH
[05:09:01] [166/326] MACX
[05:09:02] [167/326] HMMW
[05:09:03] [168/326] JTCP
[05:09:04] [169/326] SREN
[05:09:05] [170/326] PJRR
[05:09:05] 🔄 Identity reset
[05:09:05] 🔄 Identity rotated (every 10 requests)
[05:09:06] [171/326] INAC
[05:09:06] [172/326] BMCA
[05:09:07] [173/326] SHCB
[05:09:08] [174/326] GABA
[05:09:09] [175/326] SBCT
[05:09:10] [176/326] GCMA
[05:09:11] [177/326] MYTK
[05:09:12] [178/326] INZS
[05:09:13] [179/326] RMIK
[05:09:13] [180/326] NYCH
[05:09:14] 🔄 Identity reset
[05:09:14] 🔄 Identity rotated (every 10 requests)
[05:09:14] [181/326] RAVE
[05:09:15] [182/326] PSXM
[05:09:16] [183/326] MCGP
[05:09:17] [184/326] PDDK
[05:09:18] [185/326] SPCK
[05:09:19] [186/326] MCRL
[05:09:20] [187/326] MHKT
[05:09:21] [188/326] ANRR
[05:09:22] [189/326] SAPK
[05:09:23] [190/326] NCUK
[05:09:23] 🔄 Identity reset
[05:09:23] 🔄 Identity rotated (every 10 requests)
[05:09:24] [191/326] JUGA
[05:09:25] [192/326] DBSC
[05:09:26] [193/326] LALK
[05:09:27] [194/326] GUCK
[05:09:27] [195/326] STSG
[05:09:28] [196/326] PPPZ
[05:09:30] [197/326] CNCY
[05:09:31] [198/326] MTAR
[05:09:32] [199/326] VNKD
[05:09:33] [200/326] KMAJ
[05:09:33] 🔄 Identity reset
[05:09:33] 🔄 Identity rotated (every 10 requests)
[05:09:34] [201/326] ACXK
[05:09:34] [202/326] UTKC
[05:09:35] [203/326] PBLK
[05:09:36] [204/326] ACBX
[05:09:37] [205/326] PTGM
[05:09:38] [206/326] BTDA
[05:09:39] [207/326] PJMB
[05:09:40] [208/326] TPDA
[05:09:40] [209/326] AMOE
[05:09:41] [210/326] PRHT
[05:09:42] 🔄 Identity reset
[05:09:42] 🔄 Identity rotated (every 10 requests)
[05:09:43] [211/326] PRTA
[05:09:44] [212/326] STAM
[05:09:45] [213/326] MSAA
[05:09:46] [214/326] SDLU
[05:09:47] [215/326] RCHH
[05:09:49] [216/326] KANT
[05:09:50] [217/326] FCRT
[05:09:51] [218/326] DNKM
[05:09:52] [219/326] RYCP
[05:09:53] [220/326] MYRP
[05:09:54] 🔄 Identity reset
[05:09:54] 🔄 Identity rotated (every 10 requests)
[05:09:54] [221/326] PPAK
[05:09:55] [222/326] NVPK
[05:09:56] [223/326] PRMC
[05:09:57] [224/326] JBCS
[05:09:58] [225/326] GXCK
[05:09:59] [226/326] USKO
[05:10:00] [227/326] GTEM
[05:10:01] [228/326] SMBU
[05:10:02] [229/326] VETC
[05:10:03] [230/326] LCDA
[05:10:04] 🔄 Identity reset
[05:10:04] 🔄 Identity rotated (every 10 requests)
[05:10:04] [231/326] MTVT
[05:10:05] [232/326] PYCP
[05:10:06] [233/326] PNSC
[05:10:07] [234/326] PPCC
[05:10:07] [235/326] TGRT
[05:10:09] [236/326] JYOT
[05:10:09] [237/326] SRCZ
[05:10:10] [238/326] SJTE
[05:10:11] [239/326] DESC
[05:10:12] [240/326] JHVN
[05:10:13] 🔄 Identity reset
[05:10:13] 🔄 Identity rotated (every 10 requests)
[05:10:13] [241/326] IPSG
[05:10:14] [242/326] IPCM
[05:10:15] [243/326] PDRS
[05:10:16] [244/326] ANCV
[05:10:18] [245/326] CMVV
[05:10:19] [246/326] SHYP
[05:10:20] [247/326] DNCS
[05:10:21] [248/326] GAJK
[05:10:22] [249/326] AKTN
[05:10:22] [250/326] KAYA
[05:10:23] 🔄 Identity reset
[05:10:23] 🔄 Identity rotated (every 10 requests)
[05:10:23] [251/326] SBRC
[05:10:24] [252/326] CHTP
[05:10:25] [253/326] SHRT
[05:10:26] [254/326] BCKU
[05:10:27] [255/326] FCPS
[05:10:28] [256/326] ARDD
[05:10:28] [257/326] CPCM
[05:10:29] [258/326] CGSM
[05:10:30] [259/326] PSMP
[05:10:31] [260/326] SDAL
[05:10:32] 🔄 Identity reset
[05:10:32] 🔄 Identity rotated (every 10 requests)
[05:10:32] [261/326] RTNB
[05:10:33] [262/326] LMCR
[05:10:34] [263/326] CIMA
[05:10:35] [264/326] RNAS
[05:10:36] [265/326] LITH
[05:10:37] [266/326] PBOX
[05:10:38] [267/326] FRTS
[05:10:39] [268/326] RKIC
[05:10:40] [269/326] PTAI
[05:10:41] [270/326] GCIC
[05:10:42] 🔄 Identity reset
[05:10:42] 🔄 Identity rotated (every 10 requests)
[05:10:42] [271/326] FNAS
[05:10:43] [272/326] SCAR
[05:10:44] [273/326] MTCA
[05:10:45] [274/326] SCTS
[05:10:46] [275/326] SYCS
[05:10:48] [276/326] RDMS
[05:10:48] [277/326] KAMP
[05:10:49] [278/326] ERSD
[05:10:50] [279/326] MJMJ
[05:10:51] [280/326] SRCJ
[05:10:52] 🔄 Identity reset
[05:10:52] 🔄 Identity rotated (every 10 requests)
[05:10:52] [281/326] SCXE
[05:10:53] [282/326] SVFR
[05:10:54] [283/326] BHCS
[05:10:55] [284/326] IMCC
[05:10:55] [285/326] PCBO
[05:10:56] [286/326] PRVN
[05:10:57] [287/326] AUPM
[05:10:58] [288/326] INBW
[05:10:59] [289/326] SVCW
[05:11:00] [290/326] RKCF
[05:11:01] 🔄 Identity reset
[05:11:01] 🔄 Identity rotated (every 10 requests)
[05:11:01] [291/326] UVBH
[05:11:02] [292/326] DNCY
[05:11:03] [293/326] ABCN
[05:11:04] [294/326] PRUR
[05:11:05] [295/326] PFMR
[05:11:05] [296/326] RKCN
[05:11:06] [297/326] CFEA
[05:11:07] [298/326] SDBG
[05:11:08] [299/326] SNAR
[05:11:09] [300/326] YISI
[05:11:10] 🔄 Identity reset
[05:11:10] 🔄 Identity rotated (every 10 requests)
[05:11:10] [301/326] JCFF
[05:11:11] [302/326] VTRK
[05:11:12] [303/326] PCLZ
[05:11:12] [304/326] DIMY
[05:11:13] [305/326] BBTS
[05:11:14] [306/326] GATH
[05:11:15] [307/326] GTMN
[05:11:16] [308/326] VTMH
[05:11:17] [309/326] CCKP
[05:11:18] [310/326] GPKA
[05:11:18] 🔄 Identity reset
[05:11:18] 🔄 Identity rotated (every 10 requests)
[05:11:19] [311/326] MHCL
[05:11:20] [312/326] ATCL
[05:11:21] [313/326] SBCK
[05:11:22] [314/326] AMMR
[05:11:23] [315/326] MADC
[05:11:23] [316/326] TMMA
[05:11:24] [317/326] CACC
[05:11:25] [318/326] CHAL
[05:11:26] [319/326] DURG
[05:11:27] [320/326] GMKU
[05:11:28] 🔄 Identity reset
[05:11:28] 🔄 Identity rotated (every 10 requests)
[05:11:28] [321/326] GECA
[05:11:29] [322/326] KYRR
[05:11:30] [323/326] KSDE
[05:11:31] [324/326] LMCI
[05:11:32] [325/326] NKCP
[05:11:33] [326/326] BGTC
[05:11:34] 🧹 Deduping shows
[05:11:34] ✅ DONE | Shows=171 | Movies=22
[22:15:49] 🚀 SCRIPT STARTED (enhanced anti‑detection)
[22:15:49] [1/326] BSAT
[22:15:50] 🧠 New identity created
[22:15:50] [2/326] RSSM
[22:15:52] [3/326] GCTA
[22:15:53] [4/326] TOPN
[22:15:54] [5/326] MCUS
[22:15:54] [6/326] SHRL
[22:15:56] [7/326] UPTP
[22:15:57] [8/326] TMMP
[22:15:58] [9/326] DNRP
[22:15:59] [10/326] SRLT
[22:15:59] 🔄 Identity reset
[22:15:59] 🔄 Identity rotated (every 10 requests)
[22:16:00] [11/326] RCNS
[22:16:01] [12/326] DCBH
[22:16:02] [13/326] NAGJ
[22:16:03] [14/326] JVRC
[22:16:04] [15/326] KRJG
[22:16:06] [16/326] SRTJ
[22:16:08] [17/326] CMXM
[22:16:09] [18/326] STMI
[22:16:10] [19/326] SLST
[22:16:11] [20/326] DTCN
[22:16:11] 🔄 Identity reset
[22:16:11] 🔄 Identity rotated (every 10 requests)
[22:16:12] [21/326] STYN
[22:16:13] [22/326] SZVR
[22:16:14] [23/326] SRKO
[22:16:14] [24/326] JTGT
[22:16:15] [25/326] SVFD
[22:16:17] [26/326] SISD
[22:16:18] [27/326] ABDD
[22:16:19] [28/326] DRCA
[22:16:21] [29/326] AVCS
[22:16:21] [30/326] MVKH
[22:16:22] 🔄 Identity reset
[22:16:22] 🔄 Identity rotated (every 10 requests)
[22:16:22] [31/326] ACPR
[22:16:23] [32/326] STIP
[22:16:24] [33/326] MTRA
[22:16:26] [34/326] RMKH
[22:16:27] [35/326] NKRL
[22:16:29] [36/326] PCWN
[22:16:30] [37/326] BLMT
[22:16:31] [38/326] GDPG
[22:16:32] [39/326] SRMX
[22:16:33] [40/326] JACP
[22:16:33] 🔄 Identity reset
[22:16:33] 🔄 Identity rotated (every 10 requests)
[22:16:34] [41/326] CPSH
[22:16:34] [42/326] MCCD
[22:16:35] [43/326] ECGH
[22:16:36] [44/326] MKCK
[22:16:37] [45/326] SRMM
[22:16:38] [46/326] SKYR
[22:16:39] [47/326] PCKC
[22:16:40] [48/326] JCMA
[22:16:41] [49/326] BSMP
[22:16:42] [50/326] VSPA
[22:16:42] 🔄 Identity reset
[22:16:42] 🔄 Identity rotated (every 10 requests)
[22:16:42] 🔄 Retry 1/5 for VSPA in 2.2s
[22:16:42] 🔄 Identity reset
[22:16:44] 🧠 New identity created
[22:16:45] [51/326] DJYA
[22:16:46] [52/326] DIMP
[22:16:47] [53/326] FXDR
[22:16:48] [54/326] SSRC
[22:16:49] [55/326] STHP
[22:16:50] [56/326] CPPD
[22:16:51] [57/326] FCLK
[22:16:53] [58/326] SCPP
[22:16:54] [59/326] DCMJ
[22:16:55] 🔄 Identity reset
[22:16:55] 🔄 Identity rotated (every 10 requests)
[22:16:56] [60/326] RCCR
[22:16:57] [61/326] INMT
[22:16:58] [62/326] LXTK
[22:16:59] [63/326] SRYK
[22:17:00] [64/326] SGDK
[22:17:01] [65/326] PPKA
[22:17:02] [66/326] SPKA
[22:17:03] [67/326] CGHH
[22:17:04] [68/326] DCJN
[22:17:05] [69/326] SRKV
[22:17:05] 🔄 Identity reset
[22:17:05] 🔄 Identity rotated (every 10 requests)
[22:17:06] [70/326] SAJC
[22:17:07] [71/326] SUSR
[22:17:07] [72/326] STYG
[22:17:08] [73/326] NTKP
[22:17:09] [74/326] AKTG
[22:17:10] [75/326] CGCM
[22:17:11] [76/326] TULC
[22:17:12] [77/326] NYYZ
[22:17:13] [78/326] NYBW
[22:17:14] [79/326] MACB
[22:17:14] 🔄 Identity reset
[22:17:14] 🔄 Identity rotated (every 10 requests)
[22:17:15] [80/326] SLVT
[22:17:16] [81/326] SANA
[22:17:17] [82/326] ACMR
[22:17:18] [83/326] CPKN
[22:17:19] [84/326] DLGK
[22:17:20] [85/326] CWCK
[22:17:21] [86/326] FDDH
[22:17:22] [87/326] MMMD
[22:17:23] [88/326] CMEH
[22:17:24] [89/326] GGGV
[22:17:24] 🔄 Identity reset
[22:17:24] 🔄 Identity rotated (every 10 requests)
[22:17:24] [90/326] SPJL
[22:17:25] [91/326] RCCD
[22:17:26] [92/326] STTZ
[22:17:27] [93/326] BTCF
[22:17:28] [94/326] TSTZ
[22:17:29] [95/326] IPMM
[22:17:30] [96/326] PMPW
[22:17:31] [97/326] PCMZ
[22:17:32] [98/326] ESEM
[22:17:34] [99/326] PIPO
[22:17:35] 🔄 Identity reset
[22:17:35] 🔄 Identity rotated (every 10 requests)
[22:17:35] [100/326] MATK
[22:17:36] [101/326] PGHM
[22:17:37] [102/326] CTSR
[22:17:38] [103/326] CYKR
[22:17:39] [104/326] MSCM
[22:17:40] [105/326] RFNP
[22:17:41] [106/326] PDCP
[22:17:41] [107/326] NPSE
[22:17:42] [108/326] MKML
[22:17:44] [109/326] FTDP
[22:17:44] 🔄 Identity reset
[22:17:44] 🔄 Identity rotated (every 10 requests)
[22:17:45] [110/326] MMXA
[22:17:46] [111/326] CEPO
[22:17:46] [112/326] CMVP
[22:17:47] [113/326] SGTH
[22:17:48] [114/326] SAYN
[22:17:49] [115/326] URVS
[22:17:50] [116/326] VJTN
[22:17:52] [117/326] BBYK
[22:17:53] [118/326] SHBO
[22:17:54] [119/326] VCMR
[22:17:54] 🔄 Identity reset
[22:17:54] 🔄 Identity rotated (every 10 requests)
[22:17:55] [120/326] MACT
[22:17:55] [121/326] JMNP
[22:17:56] [122/326] VICS
[22:17:57] [123/326] VCDA
[22:17:58] [124/326] GCMM
[22:17:59] [125/326] INVS
[22:18:00] [126/326] SCGM
[22:18:01] [127/326] PCDA
[22:18:01] [128/326] KDCT
[22:18:02] [129/326] JACS
[22:18:03] 🔄 Identity reset
[22:18:03] 🔄 Identity rotated (every 10 requests)
[22:18:03] [130/326] GMMC
[22:18:04] [131/326] AICM
[22:18:05] [132/326] TJCM
[22:18:06] [133/326] RMTI
[22:18:07] [134/326] SHAC
[22:18:08] [135/326] APJC
[22:18:08] [136/326] GCTG
[22:18:09] [137/326] SSMC
[22:18:10] [138/326] THRM
[22:18:11] [139/326] RBCT
[22:18:12] 🔄 Identity reset
[22:18:12] 🔄 Identity rotated (every 10 requests)
[22:18:12] [140/326] DIKT
[22:18:13] [141/326] MIDL
[22:18:14] [142/326] VCSN
[22:18:14] [143/326] SKTG
[22:18:15] [144/326] SMWC
[22:18:16] [145/326] MNKH
[22:18:17] [146/326] PIAT
[22:18:18] [147/326] LTTP
[22:18:19] [148/326] PTPU
[22:18:20] [149/326] ACMG
[22:18:20] 🔄 Identity reset
[22:18:20] 🔄 Identity rotated (every 10 requests)
[22:18:20] [150/326] SHMM
[22:18:21] [151/326] MCMN
[22:18:22] [152/326] GLDC
[22:18:23] [153/326] HOUT
[22:18:24] [154/326] SVRP
[22:18:25] [155/326] PVDN
[22:18:27] [156/326] SCPY
[22:18:28] [157/326] DTPY
[22:18:29] [158/326] GKCS
[22:18:30] [159/326] NCAM
[22:18:30] 🔄 Identity reset
[22:18:30] 🔄 Identity rotated (every 10 requests)
[22:18:30] [160/326] BSRM
[22:18:32] [161/326] RCLC
[22:18:32] [162/326] SKKD
[22:18:33] [163/326] ACHU
[22:18:34] [164/326] RSCF
[22:18:35] [165/326] IMSH
[22:18:36] [166/326] MACX
[22:18:38] [167/326] HMMW
[22:18:39] [168/326] JTCP
[22:18:40] [169/326] SREN
[22:18:40] 🔄 Identity reset
[22:18:40] 🔄 Identity rotated (every 10 requests)
[22:18:41] [170/326] PJRR
[22:18:42] [171/326] INAC
[22:18:43] [172/326] BMCA
[22:18:43] [173/326] SHCB
[22:18:44] [174/326] GABA
[22:18:45] [175/326] SBCT
[22:18:46] [176/326] GCMA
[22:18:48] [177/326] MYTK
[22:18:49] [178/326] INZS
[22:18:50] [179/326] RMIK
[22:18:50] 🔄 Identity reset
[22:18:50] 🔄 Identity rotated (every 10 requests)
[22:18:51] [180/326] NYCH
[22:18:52] [181/326] RAVE
[22:18:53] [182/326] PSXM
[22:18:54] [183/326] MCGP
[22:18:55] [184/326] PDDK
[22:18:56] [185/326] SPCK
[22:18:57] [186/326] MCRL
[22:18:57] [187/326] MHKT
[22:18:59] [188/326] ANRR
[22:19:00] [189/326] SAPK
[22:19:00] 🔄 Identity reset
[22:19:00] 🔄 Identity rotated (every 10 requests)
[22:19:01] [190/326] NCUK
[22:19:01] [191/326] JUGA
[22:19:02] [192/326] DBSC
[22:19:03] [193/326] LALK
[22:19:04] [194/326] GUCK
[22:19:05] [195/326] STSG
[22:19:06] [196/326] PPPZ
[22:19:07] [197/326] CNCY
[22:19:08] [198/326] MTAR
[22:19:09] [199/326] VNKD
[22:19:09] 🔄 Identity reset
[22:19:09] 🔄 Identity rotated (every 10 requests)
[22:19:10] [200/326] KMAJ
[22:19:11] [201/326] ACXK
[22:19:12] [202/326] UTKC
[22:19:12] [203/326] PBLK
[22:19:13] [204/326] ACBX
[22:19:14] [205/326] PTGM
[22:19:15] [206/326] BTDA
[22:19:16] [207/326] PJMB
[22:19:17] [208/326] TPDA
[22:19:18] [209/326] AMOE
[22:19:18] 🔄 Identity reset
[22:19:18] 🔄 Identity rotated (every 10 requests)
[22:19:19] [210/326] PRHT
[22:19:20] [211/326] PRTA
[22:19:21] [212/326] STAM
[22:19:22] [213/326] MSAA
[22:19:23] [214/326] SDLU
[22:19:24] [215/326] RCHH
[22:19:24] [216/326] KANT
[22:19:25] [217/326] FCRT
[22:19:26] [218/326] DNKM
[22:19:27] [219/326] RYCP
[22:19:28] 🔄 Identity reset
[22:19:28] 🔄 Identity rotated (every 10 requests)
[22:19:28] [220/326] MYRP
[22:19:30] [221/326] PPAK
[22:19:31] [222/326] NVPK
[22:19:32] [223/326] PRMC
[22:19:33] [224/326] JBCS
[22:19:34] [225/326] GXCK
[22:19:35] [226/326] USKO
[22:19:36] [227/326] GTEM
[22:19:37] [228/326] SMBU
[22:19:38] [229/326] VETC
[22:19:38] 🔄 Identity reset
[22:19:38] 🔄 Identity rotated (every 10 requests)
[22:19:38] [230/326] LCDA
[22:19:39] [231/326] MTVT
[22:19:40] [232/326] PYCP
[22:19:41] [233/326] PNSC
[22:19:42] [234/326] PPCC
[22:19:43] [235/326] TGRT
[22:19:43] [236/326] JYOT
[22:19:44] [237/326] SRCZ
[22:19:45] [238/326] SJTE
[22:19:46] [239/326] DESC
[22:19:47] 🔄 Identity reset
[22:19:47] 🔄 Identity rotated (every 10 requests)
[22:19:47] [240/326] JHVN
[22:19:48] [241/326] IPSG
[22:19:49] [242/326] IPCM
[22:19:50] [243/326] PDRS
[22:19:51] [244/326] ANCV
[22:19:52] [245/326] CMVV
[22:19:53] [246/326] SHYP
[22:19:53] [247/326] DNCS
[22:19:54] [248/326] GAJK
[22:19:55] [249/326] AKTN
[22:19:56] 🔄 Identity reset
[22:19:56] 🔄 Identity rotated (every 10 requests)
[22:19:57] [250/326] KAYA
[22:19:58] [251/326] SBRC
[22:19:59] [252/326] CHTP
[22:20:00] [253/326] SHRT
[22:20:01] [254/326] BCKU
[22:20:02] [255/326] FCPS
[22:20:03] [256/326] ARDD
[22:20:04] [257/326] CPCM
[22:20:05] [258/326] CGSM
[22:20:05] [259/326] PSMP
[22:20:06] 🔄 Identity reset
[22:20:06] 🔄 Identity rotated (every 10 requests)
[22:20:06] [260/326] SDAL
[22:20:08] [261/326] RTNB
[22:20:09] [262/326] LMCR
[22:20:10] [263/326] CIMA
[22:20:11] [264/326] RNAS
[22:20:12] [265/326] LITH
[22:20:13] [266/326] PBOX
[22:20:14] [267/326] FRTS
[22:20:15] [268/326] RKIC
[22:20:16] [269/326] PTAI
[22:20:17] 🔄 Identity reset
[22:20:17] 🔄 Identity rotated (every 10 requests)
[22:20:18] [270/326] GCIC
[22:20:19] [271/326] FNAS
[22:20:20] [272/326] SCAR
[22:20:21] [273/326] MTCA
[22:20:21] [274/326] SCTS
[22:20:22] [275/326] SYCS
[22:20:23] [276/326] RDMS
[22:20:24] [277/326] KAMP
[22:20:25] [278/326] ERSD
[22:20:26] [279/326] MJMJ
[22:20:27] 🔄 Identity reset
[22:20:27] 🔄 Identity rotated (every 10 requests)
[22:20:28] [280/326] SRCJ
[22:20:30] [281/326] SCXE
[22:20:31] [282/326] SVFR
[22:20:32] [283/326] BHCS
[22:20:32] [284/326] IMCC
[22:20:33] [285/326] PCBO
[22:20:34] [286/326] PRVN
[22:20:35] [287/326] AUPM
[22:20:36] [288/326] INBW
[22:20:38] [289/326] SVCW
[22:20:38] 🔄 Identity reset
[22:20:38] 🔄 Identity rotated (every 10 requests)
[22:20:39] [290/326] RKCF
[22:20:40] [291/326] UVBH
[22:20:41] [292/326] DNCY
[22:20:41] [293/326] ABCN
[22:20:42] [294/326] PRUR
[22:20:44] [295/326] PFMR
[22:20:45] [296/326] RKCN
[22:20:46] [297/326] CFEA
[22:20:47] [298/326] SDBG
[22:20:48] [299/326] SNAR
[22:20:49] 🔄 Identity reset
[22:20:49] 🔄 Identity rotated (every 10 requests)
[22:20:49] [300/326] YISI
[22:20:50] [301/326] JCFF
[22:20:51] [302/326] VTRK
[22:20:52] [303/326] PCLZ
[22:20:53] [304/326] DIMY
[22:20:53] [305/326] BBTS
[22:20:54] [306/326] GATH
[22:20:55] [307/326] GTMN
[22:20:57] [308/326] VTMH
[22:20:58] [309/326] CCKP
[22:20:59] 🔄 Identity reset
[22:20:59] 🔄 Identity rotated (every 10 requests)
[22:20:59] [310/326] GPKA
[22:21:00] [311/326] MHCL
[22:21:01] [312/326] ATCL
[22:21:02] [313/326] SBCK
[22:21:03] [314/326] AMMR
[22:21:03] [315/326] MADC
[22:21:05] [316/326] TMMA
[22:21:07] [317/326] CACC
[22:21:08] [318/326] CHAL
[22:21:09] [319/326] DURG
[22:21:10] 🔄 Identity reset
[22:21:10] 🔄 Identity rotated (every 10 requests)
[22:21:10] [320/326] GMKU
[22:21:11] [321/326] GECA
[22:21:12] [322/326] KYRR
[22:21:13] [323/326] KSDE
[22:21:14] [324/326] LMCI
[22:21:14] [325/326] NKCP
[22:21:15] [326/326] BGTC
[22:21:16] 🧹 Deduping shows
[22:21:16] ✅ DONE | Shows=506 | Movies=51
[16:14:03] 🚀 SCRIPT STARTED (enhanced anti‑detection)
[16:14:03] [1/326] BSAT
[16:14:04] 🧠 New identity created
[16:14:04] [2/326] RSSM
[16:14:05] [3/326] GCTA
[16:14:06] [4/326] TOPN
[16:14:07] [5/326] MCUS
[16:14:07] [6/326] SHRL
[16:14:08] [7/326] UPTP
[16:14:09] [8/326] TMMP
[16:14:10] [9/326] DNRP
[16:14:11] [10/326] SRLT
[16:14:12] 🔄 Identity reset
[16:14:12] 🔄 Identity rotated (every 10 requests)
[16:14:12] [11/326] RCNS
[16:14:13] [12/326] DCBH
[16:14:14] [13/326] NAGJ
[16:14:15] [14/326] JVRC
[16:14:17] [15/326] KRJG
[16:14:18] [16/326] SRTJ
[16:14:19] [17/326] CMXM
[16:14:20] [18/326] STMI
[16:14:20] [19/326] SLST
[16:14:21] [20/326] DTCN
[16:14:22] 🔄 Identity reset
[16:14:22] 🔄 Identity rotated (every 10 requests)
[16:14:22] [21/326] STYN
[16:14:23] [22/326] SZVR
[16:14:24] [23/326] SRKO
[16:14:24] [24/326] JTGT
[16:14:25] [25/326] SVFD
[16:14:26] [26/326] SISD
[16:14:27] [27/326] ABDD
[16:14:28] [28/326] DRCA
[16:14:28] [29/326] AVCS
[16:14:29] [30/326] MVKH
[16:14:30] 🔄 Identity reset
[16:14:30] 🔄 Identity rotated (every 10 requests)
[16:14:30] [31/326] ACPR
[16:14:31] [32/326] STIP
[16:14:32] [33/326] MTRA
[16:14:33] [34/326] RMKH
[16:14:34] [35/326] NKRL
[16:14:35] [36/326] PCWN
[16:14:36] [37/326] BLMT
[16:14:37] [38/326] GDPG
[16:14:37] [39/326] SRMX
[16:14:38] [40/326] JACP
[16:14:39] 🔄 Identity reset
[16:14:39] 🔄 Identity rotated (every 10 requests)
[16:14:39] 🔄 Retry 1/5 for JACP in 2.9s
[16:14:39] 🔄 Identity reset
[16:14:42] 🧠 New identity created
[16:14:42] [41/326] CPSH
[16:14:43] [42/326] MCCD
[16:14:44] [43/326] ECGH
[16:14:44] [44/326] MKCK
[16:14:45] [45/326] SRMM
[16:14:46] [46/326] SKYR
[16:14:47] [47/326] PCKC
[16:14:48] [48/326] JCMA
[16:14:49] [49/326] BSMP
[16:14:50] 🔄 Identity reset
[16:14:50] 🔄 Identity rotated (every 10 requests)
[16:14:50] [50/326] VSPA
[16:14:50] [51/326] DJYA
[16:14:51] [52/326] DIMP
[16:14:52] [53/326] FXDR
[16:14:53] [54/326] SSRC
[16:14:54] [55/326] STHP
[16:14:55] [56/326] CPPD
[16:14:56] [57/326] FCLK
[16:14:56] [58/326] SCPP
[16:14:57] [59/326] DCMJ
[16:14:58] 🔄 Identity reset
[16:14:58] 🔄 Identity rotated (every 10 requests)
[16:14:58] [60/326] RCCR
[16:14:59] [61/326] INMT
[16:14:59] [62/326] LXTK
[16:15:00] [63/326] SRYK
[16:15:01] [64/326] SGDK
[16:15:02] [65/326] PPKA
[16:15:03] [66/326] SPKA
[16:15:04] [67/326] CGHH
[16:15:05] [68/326] DCJN
[16:15:06] [69/326] SRKV
[16:15:07] 🔄 Identity reset
[16:15:07] 🔄 Identity rotated (every 10 requests)
[16:15:07] [70/326] SAJC
[16:15:08] [71/326] SUSR
[16:15:09] [72/326] STYG
[16:15:10] [73/326] NTKP
[16:15:10] [74/326] AKTG
[16:15:11] [75/326] CGCM
[16:15:13] [76/326] TULC
[16:15:14] [77/326] NYYZ
[16:15:15] [78/326] NYBW
[16:15:16] [79/326] MACB
[16:15:16] 🔄 Identity reset
[16:15:16] 🔄 Identity rotated (every 10 requests)
[16:15:16] [80/326] SLVT
[16:15:17] [81/326] SANA
[16:15:18] [82/326] ACMR
[16:15:19] [83/326] CPKN
[16:15:19] [84/326] DLGK
[16:15:20] [85/326] CWCK
[16:15:21] [86/326] FDDH
[16:15:22] [87/326] MMMD
[16:15:23] [88/326] CMEH
[16:15:24] [89/326] GGGV
[16:15:24] 🔄 Identity reset
[16:15:24] 🔄 Identity rotated (every 10 requests)
[16:15:25] [90/326] SPJL
[16:15:25] [91/326] RCCD
[16:15:26] [92/326] STTZ
[16:15:27] [93/326] BTCF
[16:15:28] [94/326] TSTZ
[16:15:29] [95/326] IPMM
[16:15:30] [96/326] PMPW
[16:15:31] [97/326] PCMZ
[16:15:31] [98/326] ESEM
[16:15:32] [99/326] PIPO
[16:15:33] 🔄 Identity reset
[16:15:33] 🔄 Identity rotated (every 10 requests)
[16:15:33] [100/326] MATK
[16:15:34] [101/326] PGHM
[16:15:36] [102/326] CTSR
[16:15:36] [103/326] CYKR
[16:15:37] [104/326] MSCM
[16:15:38] [105/326] RFNP
[16:15:39] [106/326] PDCP
[16:15:40] [107/326] NPSE
[16:15:40] [108/326] MKML
[16:15:41] [109/326] FTDP
[16:15:42] 🔄 Identity reset
[16:15:42] 🔄 Identity rotated (every 10 requests)
[16:15:42] [110/326] MMXA
[16:15:43] [111/326] CEPO
[16:15:44] [112/326] CMVP
[16:15:44] [113/326] SGTH
[16:15:46] [114/326] SAYN
[16:15:47] [115/326] URVS
[16:15:48] [116/326] VJTN
[16:15:48] [117/326] BBYK
[16:15:50] [118/326] SHBO
[16:15:51] [119/326] VCMR
[16:15:51] 🔄 Identity reset
[16:15:51] 🔄 Identity rotated (every 10 requests)
[16:15:52] [120/326] MACT
[16:15:52] [121/326] JMNP
[16:15:53] [122/326] VICS
[16:15:54] [123/326] VCDA
[16:15:55] [124/326] GCMM
[16:15:56] [125/326] INVS
[16:15:57] [126/326] SCGM
[16:15:58] [127/326] PCDA
[16:15:58] [128/326] KDCT
[16:15:59] [129/326] JACS
[16:16:00] 🔄 Identity reset
[16:16:00] 🔄 Identity rotated (every 10 requests)
[16:16:00] [130/326] GMMC
[16:16:01] [131/326] AICM
[16:16:02] [132/326] TJCM
[16:16:03] [133/326] RMTI
[16:16:04] [134/326] SHAC
[16:16:05] [135/326] APJC
[16:16:06] [136/326] GCTG
[16:16:07] [137/326] SSMC
[16:16:08] [138/326] THRM
[16:16:08] [139/326] RBCT
[16:16:09] 🔄 Identity reset
[16:16:09] 🔄 Identity rotated (every 10 requests)
[16:16:10] [140/326] DIKT
[16:16:11] [141/326] MIDL
[16:16:11] [142/326] VCSN
[16:16:12] [143/326] SKTG
[16:16:13] [144/326] SMWC
[16:16:14] [145/326] MNKH
[16:16:15] [146/326] PIAT
[16:16:16] [147/326] LTTP
[16:16:17] [148/326] PTPU
[16:16:17] [149/326] ACMG
[16:16:18] 🔄 Identity reset
[16:16:18] 🔄 Identity rotated (every 10 requests)
[16:16:18] [150/326] SHMM
[16:16:19] [151/326] MCMN
[16:16:20] [152/326] GLDC
[16:16:21] [153/326] HOUT
[16:16:22] [154/326] SVRP
[16:16:22] [155/326] PVDN
[16:16:23] [156/326] SCPY
[16:16:24] [157/326] DTPY
[16:16:25] [158/326] GKCS
[16:16:26] [159/326] NCAM
[16:16:26] 🔄 Identity reset
[16:16:26] 🔄 Identity rotated (every 10 requests)
[16:16:27] [160/326] BSRM
[16:16:27] [161/326] RCLC
[16:16:28] [162/326] SKKD
[16:16:29] [163/326] ACHU
[16:16:30] [164/326] RSCF
[16:16:31] [165/326] IMSH
[16:16:31] [166/326] MACX
[16:16:33] [167/326] HMMW
[16:16:34] [168/326] JTCP
[16:16:35] [169/326] SREN
[16:16:35] 🔄 Identity reset
[16:16:35] 🔄 Identity rotated (every 10 requests)
[16:16:36] [170/326] PJRR
[16:16:37] [171/326] INAC
[16:16:38] [172/326] BMCA
[16:16:40] [173/326] SHCB
[16:16:40] [174/326] GABA
[16:16:41] [175/326] SBCT
[16:16:42] [176/326] GCMA
[16:16:43] [177/326] MYTK
[16:16:44] [178/326] INZS
[16:16:45] [179/326] RMIK
[16:16:46] 🔄 Identity reset
[16:16:46] 🔄 Identity rotated (every 10 requests)
[16:16:46] [180/326] NYCH
[16:16:47] [181/326] RAVE
[16:16:48] [182/326] PSXM
[16:16:48] [183/326] MCGP
[16:16:49] [184/326] PDDK
[16:16:50] [185/326] SPCK
[16:16:51] [186/326] MCRL
[16:16:52] [187/326] MHKT
[16:16:53] [188/326] ANRR
[16:16:54] [189/326] SAPK
[16:16:55] 🔄 Identity reset
[16:16:55] 🔄 Identity rotated (every 10 requests)
[16:16:55] [190/326] NCUK
[16:16:56] [191/326] JUGA
[16:16:57] [192/326] DBSC
[16:16:58] [193/326] LALK
[16:16:59] [194/326] GUCK
[16:16:59] [195/326] STSG
[16:17:00] [196/326] PPPZ
[16:17:01] [197/326] CNCY
[16:17:02] [198/326] MTAR
[16:17:03] [199/326] VNKD
[16:17:04] 🔄 Identity reset
[16:17:04] 🔄 Identity rotated (every 10 requests)
[16:17:04] [200/326] KMAJ
[16:17:05] [201/326] ACXK
[16:17:06] [202/326] UTKC
[16:17:07] [203/326] PBLK
[16:17:07] [204/326] ACBX
[16:17:08] [205/326] PTGM
[16:17:09] [206/326] BTDA
[16:17:10] [207/326] PJMB
[16:17:11] [208/326] TPDA
[16:17:12] [209/326] AMOE
[16:17:12] 🔄 Identity reset
[16:17:12] 🔄 Identity rotated (every 10 requests)
[16:17:13] [210/326] PRHT
[16:17:14] [211/326] PRTA
[16:17:15] [212/326] STAM
[16:17:16] [213/326] MSAA
[16:17:17] [214/326] SDLU
[16:17:18] [215/326] RCHH
[16:17:18] [216/326] KANT
[16:17:19] [217/326] FCRT
[16:17:20] [218/326] DNKM
[16:17:21] [219/326] RYCP
[16:17:21] 🔄 Identity reset
[16:17:22] 🔄 Identity rotated (every 10 requests)
[16:17:22] [220/326] MYRP
[16:17:23] [221/326] PPAK
[16:17:24] [222/326] NVPK
[16:17:24] [223/326] PRMC
[16:17:25] [224/326] JBCS
[16:17:26] [225/326] GXCK
[16:17:27] [226/326] USKO
[16:17:28] [227/326] GTEM
[16:17:29] [228/326] SMBU
[16:17:29] [229/326] VETC
[16:17:30] 🔄 Identity reset
[16:17:30] 🔄 Identity rotated (every 10 requests)
[16:17:31] [230/326] LCDA
[16:17:32] [231/326] MTVT
[16:17:32] [232/326] PYCP
[16:17:33] [233/326] PNSC
[16:17:34] [234/326] PPCC
[16:17:35] [235/326] TGRT
[16:17:35] [236/326] JYOT
[16:17:36] [237/326] SRCZ
[16:17:37] [238/326] SJTE
[16:17:38] [239/326] DESC
[16:17:39] 🔄 Identity reset
[16:17:39] 🔄 Identity rotated (every 10 requests)
[16:17:39] [240/326] JHVN
[16:17:40] [241/326] IPSG
[16:17:41] [242/326] IPCM
[16:17:41] [243/326] PDRS
[16:17:42] [244/326] ANCV
[16:17:43] [245/326] CMVV
[16:17:44] [246/326] SHYP
[16:17:45] [247/326] DNCS
[16:17:45] [248/326] GAJK
[16:17:46] [249/326] AKTN
[16:17:47] 🔄 Identity reset
[16:17:47] 🔄 Identity rotated (every 10 requests)
[16:17:47] 🔄 Retry 1/5 for AKTN in 2.2s
[16:17:47] 🔄 Identity reset
[16:17:49] 🧠 New identity created
[16:17:49] [250/326] KAYA
[16:17:50] [251/326] SBRC
[16:17:51] [252/326] CHTP
[16:17:52] [253/326] SHRT
[16:17:53] [254/326] BCKU
[16:17:54] [255/326] FCPS
[16:17:56] [256/326] ARDD
[16:17:57] [257/326] CPCM
[16:17:58] [258/326] CGSM
[16:17:59] 🔄 Identity reset
[16:17:59] 🔄 Identity rotated (every 10 requests)
[16:17:59] [259/326] PSMP
[16:18:01] [260/326] SDAL
[16:18:02] [261/326] RTNB
[16:18:03] [262/326] LMCR
[16:18:04] [263/326] CIMA
[16:18:05] [264/326] RNAS
[16:18:06] [265/326] LITH
[16:18:07] [266/326] PBOX
[16:18:08] [267/326] FRTS
[16:18:09] [268/326] RKIC
[16:18:09] 🔄 Identity reset
[16:18:09] 🔄 Identity rotated (every 10 requests)
[16:18:10] [269/326] PTAI
[16:18:11] [270/326] GCIC
[16:18:12] [271/326] FNAS
[16:18:13] [272/326] SCAR
[16:18:13] [273/326] MTCA
[16:18:14] [274/326] SCTS
[16:18:15] [275/326] SYCS
[16:18:16] [276/326] RDMS
[16:18:17] [277/326] KAMP
[16:18:18] [278/326] ERSD
[16:18:18] 🔄 Identity reset
[16:18:18] 🔄 Identity rotated (every 10 requests)
[16:18:18] [279/326] MJMJ
[16:18:19] [280/326] SRCJ
[16:18:20] [281/326] SCXE
[16:18:21] [282/326] SVFR
[16:18:22] [283/326] BHCS
[16:18:23] [284/326] IMCC
[16:18:24] [285/326] PCBO
[16:18:25] [286/326] PRVN
[16:18:26] [287/326] AUPM
[16:18:27] [288/326] INBW
[16:18:27] 🔄 Identity reset
[16:18:27] 🔄 Identity rotated (every 10 requests)
[16:18:28] [289/326] SVCW
[16:18:28] [290/326] RKCF
[16:18:29] [291/326] UVBH
[16:18:30] [292/326] DNCY
[16:18:31] [293/326] ABCN
[16:18:32] [294/326] PRUR
[16:18:32] [295/326] PFMR
[16:18:33] [296/326] RKCN
[16:18:34] [297/326] CFEA
[16:18:35] [298/326] SDBG
[16:18:36] 🔄 Identity reset
[16:18:36] 🔄 Identity rotated (every 10 requests)
[16:18:36] [299/326] SNAR
[16:18:37] [300/326] YISI
[16:18:38] [301/326] JCFF
[16:18:39] [302/326] VTRK
[16:18:40] [303/326] PCLZ
[16:18:42] [304/326] DIMY
[16:18:43] [305/326] BBTS
[16:18:44] [306/326] GATH
[16:18:45] [307/326] GTMN
[16:18:46] [308/326] VTMH
[16:18:47] 🔄 Identity reset
[16:18:47] 🔄 Identity rotated (every 10 requests)
[16:18:47] [309/326] CCKP
[16:18:48] [310/326] GPKA
[16:18:49] [311/326] MHCL
[16:18:50] [312/326] ATCL
[16:18:50] [313/326] SBCK
[16:18:51] [314/326] AMMR
[16:18:52] [315/326] MADC
[16:18:53] [316/326] TMMA
[16:18:54] [317/326] CACC
[16:18:55] [318/326] CHAL
[16:18:55] 🔄 Identity reset
[16:18:55] 🔄 Identity rotated (every 10 requests)
[16:18:55] [319/326] DURG
[16:18:57] [320/326] GMKU
[16:18:58] [321/326] GECA
[16:18:59] [322/326] KYRR
[16:18:59] [323/326] KSDE
[16:19:00] [324/326] LMCI
[16:19:01] [325/326] NKCP
[16:19:02] [326/326] BGTC
[16:19:03] 🧹 Deduping shows
[16:19:03] ✅ DONE | Shows=903 | Movies=64
[00:14:02] 🚀 SCRIPT STARTED
[00:14:02] [1/326] BSAT
[00:14:02] 🧠 New identity created
[00:14:03] [2/326] RSSM
[00:14:04] [3/326] GCTA
[00:14:05] [4/326] TOPN
[00:14:06] [5/326] MCUS
[00:14:07] [6/326] SHRL
[00:14:08] [7/326] UPTP
[00:14:10] [8/326] TMMP
[00:14:10] [9/326] DNRP
[00:14:11] [10/326] SRLT
[00:14:11] 🔄 Identity reset
[00:14:11] 🔄 Identity rotated (every 10 requests)
[00:14:12] [11/326] RCNS
[00:14:13] [12/326] DCBH
[00:14:14] [13/326] NAGJ
[00:14:15] [14/326] JVRC
[00:14:16] [15/326] KRJG
[00:14:17] [16/326] SRTJ
[00:14:18] [17/326] CMXM
[00:14:19] [18/326] STMI
[00:14:20] [19/326] SLST
[00:14:21] [20/326] DTCN
[00:14:21] 🔄 Identity reset
[00:14:21] 🔄 Identity rotated (every 10 requests)
[00:14:21] 🔄 Retry 1/5 for DTCN in 3.0s
[00:14:21] 🔄 Identity reset
[00:14:24] 🧠 New identity created
[00:14:25] [21/326] STYN
[00:14:27] [22/326] SZVR
[00:14:28] [23/326] SRKO
[00:14:29] [24/326] JTGT
[00:14:30] [25/326] SVFD
[00:14:30] [26/326] SISD
[00:14:31] [27/326] ABDD
[00:14:32] [28/326] DRCA
[00:14:32] [29/326] AVCS
[00:14:32] 🔄 Identity reset
[00:14:32] 🔄 Identity rotated (every 10 requests)
[00:14:33] 🔄 Retry 1/5 for AVCS in 2.9s
[00:14:33] 🔄 Identity reset
[00:14:35] 🧠 New identity created
[00:14:37] [30/326] MVKH
[00:14:38] [31/326] ACPR
[00:14:39] [32/326] STIP
[00:14:40] [33/326] MTRA
[00:14:41] [34/326] RMKH
[00:14:42] [35/326] NKRL
[00:14:43] [36/326] PCWN
[00:14:44] [37/326] BLMT
[00:14:45] [38/326] GDPG
[00:14:45] 🔄 Identity reset
[00:14:45] 🔄 Identity rotated (every 10 requests)
[00:14:45] [39/326] SRMX
[00:14:46] [40/326] JACP
[00:14:47] [41/326] CPSH
[00:14:48] [42/326] MCCD
[00:14:49] [43/326] ECGH
[00:14:50] [44/326] MKCK
[00:14:50] [45/326] SRMM
[00:14:51] [46/326] SKYR
[00:14:52] [47/326] PCKC
[00:14:54] [48/326] JCMA
[00:14:54] 🔄 Identity reset
[00:14:54] 🔄 Identity rotated (every 10 requests)
[00:14:55] [49/326] BSMP
[00:14:56] [50/326] VSPA
[00:14:57] [51/326] DJYA
[00:14:57] [52/326] DIMP
[00:14:59] [53/326] FXDR
[00:15:00] [54/326] SSRC
[00:15:00] [55/326] STHP
[00:15:01] [56/326] CPPD
[00:15:02] [57/326] FCLK
[00:15:03] [58/326] SCPP
[00:15:03] 🔄 Identity reset
[00:15:03] 🔄 Identity rotated (every 10 requests)
[00:15:04] [59/326] DCMJ
[00:15:05] [60/326] RCCR
[00:15:06] [61/326] INMT
[00:15:07] [62/326] LXTK
[00:15:08] [63/326] SRYK
[00:15:09] [64/326] SGDK
[00:15:10] [65/326] PPKA
[00:15:10] [66/326] SPKA
[00:15:12] [67/326] CGHH
[00:15:13] [68/326] DCJN
[00:15:13] 🔄 Identity reset
[00:15:14] 🔄 Identity rotated (every 10 requests)
[00:15:15] [69/326] SRKV
[00:15:17] [70/326] SAJC
[00:15:17] [71/326] SUSR
[00:15:18] [72/326] STYG
[00:15:19] [73/326] NTKP
[00:15:21] [74/326] AKTG
[00:15:22] [75/326] CGCM
[00:15:23] [76/326] TULC
[00:15:24] [77/326] NYYZ
[00:15:24] [78/326] NYBW
[00:15:24] 🔄 Identity reset
[00:15:24] 🔄 Identity rotated (every 10 requests)
[00:15:25] [79/326] MACB
[00:15:26] [80/326] SLVT
[00:15:27] [81/326] SANA
[00:15:29] [82/326] ACMR
[00:15:29] [83/326] CPKN
[00:15:31] [84/326] DLGK
[00:15:32] [85/326] CWCK
[00:15:32] [86/326] FDDH
[00:15:33] [87/326] MMMD
[00:15:34] [88/326] CMEH
[00:15:34] 🔄 Identity reset
[00:15:34] 🔄 Identity rotated (every 10 requests)
[00:15:35] [89/326] GGGV
[00:15:36] [90/326] SPJL
[00:15:37] [91/326] RCCD
[00:15:38] [92/326] STTZ
[00:15:39] [93/326] BTCF
[00:15:40] [94/326] TSTZ
[00:15:42] [95/326] IPMM
[00:15:43] [96/326] PMPW
[00:15:44] [97/326] PCMZ
[00:15:45] [98/326] ESEM
[00:15:45] 🔄 Identity reset
[00:15:45] 🔄 Identity rotated (every 10 requests)
[00:15:46] [99/326] PIPO
[00:15:47] [100/326] MATK
[00:15:48] [101/326] PGHM
[00:15:48] [102/326] CTSR
[00:15:50] [103/326] CYKR
[00:15:51] [104/326] MSCM
[00:15:52] [105/326] RFNP
[00:15:53] [106/326] PDCP
[00:15:54] [107/326] NPSE
[00:15:54] [108/326] MKML
[00:15:54] 🔄 Identity reset
[00:15:54] 🔄 Identity rotated (every 10 requests)
[00:15:55] [109/326] FTDP
[00:15:56] [110/326] MMXA
[00:15:57] [111/326] CEPO
[00:15:58] [112/326] CMVP
[00:15:59] [113/326] SGTH
[00:16:00] [114/326] SAYN
[00:16:01] [115/326] URVS
[00:16:01] [116/326] VJTN
[00:16:02] [117/326] BBYK
[00:16:03] [118/326] SHBO
[00:16:03] 🔄 Identity reset
[00:16:03] 🔄 Identity rotated (every 10 requests)
[00:16:03] 🔄 Retry 1/5 for SHBO in 2.7s
[00:16:03] 🔄 Identity reset
[00:16:06] 🧠 New identity created
[00:16:07] [119/326] VCMR
[00:16:08] [120/326] MACT
[00:16:09] [121/326] JMNP
[00:16:10] [122/326] VICS
[00:16:10] [123/326] VCDA
[00:16:11] [124/326] GCMM
[00:16:12] [125/326] INVS
[00:16:13] [126/326] SCGM
[00:16:14] [127/326] PCDA
[00:16:14] 🔄 Identity reset
[00:16:14] 🔄 Identity rotated (every 10 requests)
[00:16:15] [128/326] KDCT
[00:16:16] [129/326] JACS
[00:16:16] [130/326] GMMC
[00:16:17] [131/326] AICM
[00:16:18] [132/326] TJCM
[00:16:19] [133/326] RMTI
[00:16:20] [134/326] SHAC
[00:16:21] [135/326] APJC
[00:16:22] [136/326] GCTG
[00:16:23] [137/326] SSMC
[00:16:23] 🔄 Identity reset
[00:16:23] 🔄 Identity rotated (every 10 requests)
[00:16:24] [138/326] THRM
[00:16:25] [139/326] RBCT
[00:16:26] [140/326] DIKT
[00:16:27] [141/326] MIDL
[00:16:28] [142/326] VCSN
[00:16:29] [143/326] SKTG
[00:16:31] [144/326] SMWC
[00:16:31] [145/326] MNKH
[00:16:32] [146/326] PIAT
[00:16:33] [147/326] LTTP
[00:16:33] 🔄 Identity reset
[00:16:33] 🔄 Identity rotated (every 10 requests)
[00:16:35] [148/326] PTPU
[00:16:36] [149/326] ACMG
[00:16:36] [150/326] SHMM
[00:16:37] [151/326] MCMN
[00:16:38] [152/326] GLDC
[00:16:39] [153/326] HOUT
[00:16:39] [154/326] SVRP
[00:16:40] [155/326] PVDN
[00:16:41] [156/326] SCPY
[00:16:42] [157/326] DTPY
[00:16:42] 🔄 Identity reset
[00:16:42] 🔄 Identity rotated (every 10 requests)
[00:16:43] [158/326] GKCS
[00:16:44] [159/326] NCAM
[00:16:45] [160/326] BSRM
[00:16:46] [161/326] RCLC
[00:16:48] [162/326] SKKD
[00:16:49] [163/326] ACHU
[00:16:50] [164/326] RSCF
[00:16:51] [165/326] IMSH
[00:16:52] [166/326] MACX
[00:16:53] [167/326] HMMW
[00:16:53] 🔄 Identity reset
[00:16:53] 🔄 Identity rotated (every 10 requests)
[00:16:53] [168/326] JTCP
[00:16:54] [169/326] SREN
[00:16:56] [170/326] PJRR
[00:16:57] [171/326] INAC
[00:16:58] [172/326] BMCA
[00:16:59] [173/326] SHCB
[00:17:00] [174/326] GABA
[00:17:01] [175/326] SBCT
[00:17:02] [176/326] GCMA
[00:17:04] [177/326] MYTK
[00:17:04] 🔄 Identity reset
[00:17:04] 🔄 Identity rotated (every 10 requests)
[00:17:05] [178/326] INZS
[00:17:06] [179/326] RMIK
[00:17:06] [180/326] NYCH
[00:17:08] [181/326] RAVE
[00:17:09] [182/326] PSXM
[00:17:10] [183/326] MCGP
[00:17:10] [184/326] PDDK
[00:17:11] [185/326] SPCK
[00:17:12] [186/326] MCRL
[00:17:13] [187/326] MHKT
[00:17:13] 🔄 Identity reset
[00:17:13] 🔄 Identity rotated (every 10 requests)
[00:17:15] [188/326] ANRR
[00:17:15] [189/326] SAPK
[00:17:16] [190/326] NCUK
[00:17:17] [191/326] JUGA
[00:17:18] [192/326] DBSC
[00:17:18] [193/326] LALK
[00:17:19] [194/326] GUCK
[00:17:21] [195/326] STSG
[00:17:22] [196/326] PPPZ
[00:17:22] [197/326] CNCY
[00:17:22] 🔄 Identity reset
[00:17:22] 🔄 Identity rotated (every 10 requests)
[00:17:23] [198/326] MTAR
[00:17:24] [199/326] VNKD
[00:17:26] [200/326] KMAJ
[00:17:26] [201/326] ACXK
[00:17:27] [202/326] UTKC
[00:17:28] [203/326] PBLK
[00:17:29] [204/326] ACBX
[00:17:30] [205/326] PTGM
[00:17:31] [206/326] BTDA
[00:17:32] [207/326] PJMB
[00:17:32] 🔄 Identity reset
[00:17:32] 🔄 Identity rotated (every 10 requests)
[00:17:33] [208/326] TPDA
[00:17:34] [209/326] AMOE
[00:17:35] [210/326] PRHT
[00:17:35] [211/326] PRTA
[00:17:36] [212/326] STAM
[00:17:37] [213/326] MSAA
[00:17:38] [214/326] SDLU
[00:17:39] [215/326] RCHH
[00:17:40] [216/326] KANT
[00:17:41] [217/326] FCRT
[00:17:41] 🔄 Identity reset
[00:17:41] 🔄 Identity rotated (every 10 requests)
[00:17:42] [218/326] DNKM
[00:17:42] [219/326] RYCP
[00:17:43] [220/326] MYRP
[00:17:44] [221/326] PPAK
[00:17:45] [222/326] NVPK
[00:17:47] [223/326] PRMC
[00:17:48] [224/326] JBCS
[00:17:49] [225/326] GXCK
[00:17:50] [226/326] USKO
[00:17:51] [227/326] GTEM
[00:17:51] 🔄 Identity reset
[00:17:52] 🔄 Identity rotated (every 10 requests)
[00:17:52] [228/326] SMBU
[00:17:53] [229/326] VETC
[00:17:55] [230/326] LCDA
[00:17:56] [231/326] MTVT
[00:17:57] [232/326] PYCP
[00:17:57] [233/326] PNSC
[00:17:58] [234/326] PPCC
[00:17:59] [235/326] TGRT
[00:18:00] [236/326] JYOT
[00:18:01] [237/326] SRCZ
[00:18:01] 🔄 Identity reset
[00:18:01] 🔄 Identity rotated (every 10 requests)
[00:18:02] [238/326] SJTE
[00:18:03] [239/326] DESC
[00:18:04] [240/326] JHVN
[00:18:05] [241/326] IPSG
[00:18:06] [242/326] IPCM
[00:18:07] [243/326] PDRS
[00:18:08] [244/326] ANCV
[00:18:09] [245/326] CMVV
[00:18:10] [246/326] SHYP
[00:18:12] [247/326] DNCS
[00:18:12] 🔄 Identity reset
[00:18:12] 🔄 Identity rotated (every 10 requests)
[00:18:12] 🔄 Retry 1/5 for DNCS in 3.0s
[00:18:12] 🔄 Identity reset
[00:18:15] 🧠 New identity created
[00:18:16] [248/326] GAJK
[00:18:17] [249/326] AKTN
[00:18:17] [250/326] KAYA
[00:18:19] [251/326] SBRC
[00:18:20] [252/326] CHTP
[00:18:21] [253/326] SHRT
[00:18:21] [254/326] BCKU
[00:18:23] [255/326] FCPS
[00:18:25] [256/326] ARDD
[00:18:25] 🔄 Identity reset
[00:18:25] 🔄 Identity rotated (every 10 requests)
[00:18:25] 🔄 Retry 1/5 for ARDD in 2.3s
[00:18:25] 🔄 Identity reset
[00:18:27] 🧠 New identity created
[00:18:27] 🔄 Retry 2/5 for ARDD in 4.9s
[00:18:27] 🔄 Identity reset
[00:18:32] 🧠 New identity created
[00:18:33] [257/326] CPCM
[00:18:33] [258/326] CGSM
[00:18:34] [259/326] PSMP
[00:18:35] [260/326] SDAL
[00:18:37] [261/326] RTNB
[00:18:38] [262/326] LMCR
[00:18:39] [263/326] CIMA
[00:18:40] [264/326] RNAS
[00:18:40] 🔄 Identity reset
[00:18:40] 🔄 Identity rotated (every 10 requests)
[00:18:40] 🔄 Retry 1/5 for RNAS in 2.5s
[00:18:40] 🔄 Identity reset
[00:18:43] 🧠 New identity created
[00:18:44] [265/326] LITH
[00:18:45] [266/326] PBOX
[00:18:45] [267/326] FRTS
[00:18:46] [268/326] RKIC
[00:18:47] [269/326] PTAI
[00:18:48] [270/326] GCIC
[00:18:49] [271/326] FNAS
[00:18:50] [272/326] SCAR
[00:18:51] [273/326] MTCA
[00:18:51] 🔄 Identity reset
[00:18:51] 🔄 Identity rotated (every 10 requests)
[00:18:52] [274/326] SCTS
[00:18:53] [275/326] SYCS
[00:18:54] [276/326] RDMS
[00:18:55] [277/326] KAMP
[00:18:55] [278/326] ERSD
[00:18:56] [279/326] MJMJ
[00:18:57] [280/326] SRCJ
[00:18:58] [281/326] SCXE
[00:18:59] [282/326] SVFR
[00:19:00] [283/326] BHCS
[00:19:00] 🔄 Identity reset
[00:19:00] 🔄 Identity rotated (every 10 requests)
[00:19:01] [284/326] IMCC
[00:19:02] [285/326] PCBO
[00:19:03] [286/326] PRVN
[00:19:04] [287/326] AUPM
[00:19:05] [288/326] INBW
[00:19:06] [289/326] SVCW
[00:19:07] [290/326] RKCF
[00:19:08] [291/326] UVBH
[00:19:09] [292/326] DNCY
[00:19:10] [293/326] ABCN
[00:19:10] 🔄 Identity reset
[00:19:10] 🔄 Identity rotated (every 10 requests)
[00:19:11] [294/326] PRUR
[00:19:12] [295/326] PFMR
[00:19:13] [296/326] RKCN
[00:19:13] [297/326] CFEA
[00:19:14] [298/326] SDBG
[00:19:15] [299/326] SNAR
[00:19:16] [300/326] YISI
[00:19:17] [301/326] JCFF
[00:19:18] [302/326] VTRK
[00:19:18] [303/326] PCLZ
[00:19:18] 🔄 Identity reset
[00:19:19] 🔄 Identity rotated (every 10 requests)
[00:19:20] [304/326] DIMY
[00:19:21] [305/326] BBTS
[00:19:21] [306/326] GATH
[00:19:22] [307/326] GTMN
[00:19:24] [308/326] VTMH
[00:19:25] [309/326] CCKP
[00:19:25] [310/326] GPKA
[00:19:26] [311/326] MHCL
[00:19:27] [312/326] ATCL
[00:19:28] [313/326] SBCK
[00:19:28] 🔄 Identity reset
[00:19:28] 🔄 Identity rotated (every 10 requests)
[00:19:29] [314/326] AMMR
[00:19:30] [315/326] MADC
[00:19:31] [316/326] TMMA
[00:19:32] [317/326] CACC
[00:19:33] [318/326] CHAL
[00:19:34] [319/326] DURG
[00:19:35] [320/326] GMKU
[00:19:35] [321/326] GECA
[00:19:36] [322/326] KYRR
[00:19:37] [323/326] KSDE
[00:19:37] 🔄 Identity reset
[00:19:37] 🔄 Identity rotated (every 10 requests)
[00:19:37] 🔄 Retry 1/5 for KSDE in 2.2s
[00:19:37] 🔄 Identity reset
[00:19:39] 🧠 New identity created
[00:19:41] [324/326] LMCI
[00:19:42] [325/326] NKCP
[00:19:42] [326/326] BGTC
[00:19:44] 🧹 Deduping shows
[00:19:44] ✅ DONE | Shows=1335 | Movies=70
