[22:26:18] 🚀 SCRIPT STARTED (enhanced anti‑detection)
[22:26:18] [1/458] MBDC
[22:26:19] 🧠 New identity created
[22:26:19] [2/458] CHKM
[22:26:20] [3/458] JTKZ
[22:26:22] [4/458] CMCT
[22:26:23] [5/458] ASHO
[22:26:24] [6/458] ECDG
[22:26:25] [7/458] SPAT
[22:26:26] [8/458] HILC
[22:26:27] [9/458] SPPH
[22:26:27] [10/458] SBHN
[22:26:28] 🔄 Identity reset
[22:26:28] 🔄 Identity rotated (every 10 requests)
[22:26:28] [11/458] RRCA
[22:26:29] [12/458] APAA
[22:26:30] [13/458] RAME
[22:26:31] [14/458] TMMS
[22:26:33] [15/458] BATK
[22:26:33] [16/458] LKOP
[22:26:34] [17/458] AMTT
[22:26:35] [18/458] PTGK
[22:26:36] [19/458] ANRS
[22:26:37] [20/458] VWBW
[22:26:38] 🔄 Identity reset
[22:26:38] 🔄 Identity rotated (every 10 requests)
[22:26:38] [21/458] SVFG
[22:26:39] [22/458] STAT
[22:26:40] [23/458] GDCV
[22:26:41] [24/458] VEBI
[22:26:42] [25/458] VDSS
[22:26:43] [26/458] NTHV
[22:26:44] [27/458] AOCH
[22:26:45] [28/458] KASR
[22:26:47] [29/458] AYCS
[22:26:48] [30/458] SHAI
[22:26:48] 🔄 Identity reset
[22:26:48] 🔄 Identity rotated (every 10 requests)
[22:26:49] [31/458] SKPE
[22:26:50] [32/458] SBTA
[22:26:51] [33/458] RTTD
[22:26:52] [34/458] CCJD
[22:26:53] [35/458] RSJJ
[22:26:54] [36/458] RKND
[22:26:55] [37/458] SVTX
[22:26:56] [38/458] BAKM
[22:26:57] [39/458] SVDC
[22:26:58] [40/458] MNCV
[22:26:58] 🔄 Identity reset
[22:26:58] 🔄 Identity rotated (every 10 requests)
[22:26:59] [41/458] SJGC
[22:27:00] [42/458] MTPK
[22:27:01] [43/458] GATP
[22:27:02] [44/458] ABTS
[22:27:03] [45/458] ABDE
[22:27:04] [46/458] RCNM
[22:27:05] [47/458] KTHV
[22:27:06] [48/458] MDGJ
[22:27:07] [49/458] SMLM
[22:27:08] [50/458] JTMA
[22:27:08] 🔄 Identity reset
[22:27:08] 🔄 Identity rotated (every 10 requests)
[22:27:10] [51/458] ACKP
[22:27:11] [52/458] SRTA
[22:27:11] [53/458] STAY
[22:27:12] [54/458] MAVO
[22:27:13] [55/458] APTS
[22:27:14] [56/458] OMEA
[22:27:15] [57/458] TTFD
[22:27:16] [58/458] MJCU
[22:27:17] [59/458] CXTE
[22:27:19] [60/458] CTPX
[22:27:19] 🔄 Identity reset
[22:27:19] 🔄 Identity rotated (every 10 requests)
[22:27:20] [61/458] ASSL
[22:27:21] [62/458] CMVB
[22:27:22] [63/458] VPUR
[22:27:22] [64/458] JJDA
[22:27:23] [65/458] INBL
[22:27:24] [66/458] BIKB
[22:27:25] [67/458] NTBB
[22:27:26] [68/458] GLOB
[22:27:27] [69/458] SNTB
[22:27:28] [70/458] CHGV
[22:27:29] 🔄 Identity reset
[22:27:29] 🔄 Identity rotated (every 10 requests)
[22:27:29] [71/458] SSBZ
[22:27:31] [72/458] PRDB
[22:27:32] [73/458] ISMT
[22:27:33] [74/458] MCSD
[22:27:34] [75/458] JBTT
[22:27:35] [76/458] GEKR
[22:27:36] [77/458] PVUN
[22:27:37] [78/458] NRTB
[22:27:38] [79/458] PRAA
[22:27:39] [80/458] PCBL
[22:27:39] 🔄 Identity reset
[22:27:39] 🔄 Identity rotated (every 10 requests)
[22:27:40] [81/458] PTCM
[22:27:41] [82/458] KHNN
[22:27:42] [83/458] OMJE
[22:27:43] [84/458] STGN
[22:27:43] [85/458] RPMS
[22:27:45] [86/458] NWAD
[22:27:45] [87/458] BLCK
[22:27:46] [88/458] SVAA
[22:27:47] [89/458] URVM
[22:27:49] [90/458] ANTM
[22:27:49] 🔄 Identity reset
[22:27:49] 🔄 Identity rotated (every 10 requests)
[22:27:50] [91/458] VJYM
[22:27:51] [92/458] MAZZ
[22:27:52] [93/458] CSHM
[22:27:53] [94/458] WGMH
[22:27:54] [95/458] SALN
[22:27:56] [96/458] BRTP
[22:27:57] [97/458] SVTA
[22:27:58] [98/458] SBTP
[22:28:00] [99/458] VLSS
[22:28:01] [100/458] SRJA
[22:28:02] 🔄 Identity reset
[22:28:02] 🔄 Identity rotated (every 10 requests)
[22:28:02] [101/458] ANCG
[22:28:03] [102/458] CGGC
[22:28:04] [103/458] CRJA
[22:28:05] [104/458] USCR
[22:28:06] [105/458] MMEF
[22:28:07] [106/458] JCRJ
[22:28:08] [107/458] ADCM
[22:28:09] [108/458] BMYK
[22:28:10] [109/458] KICS
[22:28:11] [110/458] MBBT
[22:28:11] 🔄 Identity reset
[22:28:11] 🔄 Identity rotated (every 10 requests)
[22:28:12] [111/458] MACK
[22:28:13] [112/458] CLDR
[22:28:14] [113/458] JYCR
[22:28:15] [114/458] DCRP
[22:28:16] [115/458] RAHT
[22:28:17] [116/458] CSSM
[22:28:18] [117/458] ATPK
[22:28:19] [118/458] KLRT
[22:28:20] [119/458] SRDD
[22:28:21] [120/458] CKMC
[22:28:21] 🔄 Identity reset
[22:28:21] 🔄 Identity rotated (every 10 requests)
[22:28:21] [121/458] KRVM
[22:28:22] [122/458] AKCP
[22:28:24] [123/458] CNCV
[22:28:25] [124/458] PACT
[22:28:26] [125/458] NATP
[22:28:27] [126/458] PCPK
[22:28:28] [127/458] SMHO
[22:28:30] [128/458] CWTK
[22:28:31] [129/458] RVKZ
[22:28:32] [130/458] ASPD
[22:28:33] 🔄 Identity reset
[22:28:33] 🔄 Identity rotated (every 10 requests)
[22:28:33] [131/458] VTKZ
[22:28:34] [132/458] LCSO
[22:28:35] [133/458] PRDY
[22:28:36] [134/458] RCAP
[22:28:36] [135/458] RGAR
[22:28:37] [136/458] RCAC
[22:28:38] [137/458] PMOD
[22:28:39] [138/458] PVCN
[22:28:40] [139/458] SCRZ
[22:28:41] [140/458] PVPC
[22:28:41] 🔄 Identity reset
[22:28:41] 🔄 Identity rotated (every 10 requests)
[22:28:42] [141/458] STID
[22:28:43] [142/458] NEDD
[22:28:43] [143/458] BNBA
[22:28:44] [144/458] NTCD
[22:28:45] [145/458] OCDE
[22:28:46] [146/458] CCDU
[22:28:47] [147/458] CRXH
[22:28:48] [148/458] VLVT
[22:28:49] [149/458] CICI
[22:28:50] [150/458] SUCB
[22:28:51] 🔄 Identity reset
[22:28:51] 🔄 Identity rotated (every 10 requests)
[22:28:52] [151/458] TCBP
[22:28:53] [152/458] SCCY
[22:28:54] [153/458] LXCY
[22:28:55] [154/458] NCMD
[22:28:56] [155/458] PHCS
[22:28:57] [156/458] DUXR
[22:28:58] [157/458] VNKS
[22:29:00] [158/458] SEDP
[22:29:01] [159/458] SVEN
[22:29:02] [160/458] SRKM
[22:29:02] 🔄 Identity reset
[22:29:02] 🔄 Identity rotated (every 10 requests)
[22:29:04] [161/458] JTLT
[22:29:05] [162/458] SVSS
[22:29:05] [163/458] AMDE
[22:29:06] [164/458] WVRN
[22:29:07] [165/458] ISMG
[22:29:08] [166/458] WVKS
[22:29:09] [167/458] USCG
[22:29:10] [168/458] IOTG
[22:29:11] [169/458] RRJM
[22:29:12] [170/458] EDMP
[22:29:13] 🔄 Identity reset
[22:29:13] 🔄 Identity rotated (every 10 requests)
[22:29:13] [171/458] SCGZ
[22:29:15] [172/458] GMGX
[22:29:16] [173/458] OMTP
[22:29:17] [174/458] MITD
[22:29:18] [175/458] SMMD
[22:29:19] [176/458] STML
[22:29:19] [177/458] MCFS
[22:29:21] [178/458] FPKA
[22:29:22] [179/458] OMLR
[22:29:23] [180/458] KKSC
[22:29:23] 🔄 Identity reset
[22:29:23] 🔄 Identity rotated (every 10 requests)
[22:29:24] [181/458] RVMA
[22:29:25] [182/458] SCLL
[22:29:26] [183/458] SCDK
[22:29:28] [184/458] SXMI
[22:29:28] [185/458] SHDN
[22:29:29] [186/458] PAAD
[22:29:30] [187/458] UUCB
[22:29:31] [188/458] JHOL
[22:29:32] [189/458] SGWT
[22:29:33] [190/458] SRII
[22:29:34] 🔄 Identity reset
[22:29:34] 🔄 Identity rotated (every 10 requests)
[22:29:35] [191/458] SGCK
[22:29:36] [192/458] SVVB
[22:29:36] [193/458] DMHA
[22:29:38] [194/458] PPNL
[22:29:40] [195/458] CPNL
[22:29:41] [196/458] WVLD
[22:29:42] [197/458] PSLV
[22:29:43] [198/458] VTTL
[22:29:44] [199/458] NPAD
[22:29:44] [200/458] PVCS
[22:29:45] 🔄 Identity reset
[22:29:45] 🔄 Identity rotated (every 10 requests)
[22:29:46] [201/458] MCHL
[22:29:46] [202/458] PPLL
[22:29:47] [203/458] MALO
[22:29:48] [204/458] SWBH
[22:29:49] [205/458] PUGB
[22:29:50] [206/458] INBB
[22:29:51] [207/458] INNS
[22:29:52] [208/458] MCPT
[22:29:53] [209/458] SCMI
[22:29:54] [210/458] OCON
[22:29:55] 🔄 Identity reset
[22:29:55] 🔄 Identity rotated (every 10 requests)
[22:29:56] [211/458] SCSM
[22:29:57] [212/458] RJVN
[22:29:58] [213/458] AMDK
[22:29:59] [214/458] ISMR
[22:30:00] [215/458] SMTD
[22:30:01] [216/458] VTDD
[22:30:02] [217/458] PDDZ
[22:30:02] [218/458] PCCK
[22:30:03] [219/458] INAM
[22:30:04] [220/458] FNKT
[22:30:05] 🔄 Identity reset
[22:30:05] 🔄 Identity rotated (every 10 requests)
[22:30:06] [221/458] GDKA
[22:30:07] [222/458] MAYU
[22:30:08] [223/458] TCGU
[22:30:09] [224/458] KDCA
[22:30:10] [225/458] DOMY
[22:30:11] [226/458] PDDD
[22:30:12] [227/458] BJTS
[22:30:13] [228/458] VTCA
[22:30:13] [229/458] SBTM
[22:30:14] [230/458] SEET
[22:30:15] 🔄 Identity reset
[22:30:15] 🔄 Identity rotated (every 10 requests)
[22:30:15] [231/458] SSTJ
[22:30:16] [232/458] SVNT
[22:30:17] [233/458] PPPR
[22:30:18] [234/458] PVYS
[22:30:19] [235/458] IOSE
[22:30:20] [236/458] ACTV
[22:30:21] [237/458] APVE
[22:30:22] [238/458] TCCL
[22:30:23] [239/458] SCMO
[22:30:23] [240/458] SAUM
[22:30:24] 🔄 Identity reset
[22:30:24] 🔄 Identity rotated (every 10 requests)
[22:30:24] [241/458] KCJS
[22:30:25] [242/458] NJCJ
[22:30:26] [243/458] NECF
[22:30:27] [244/458] CCGW
[22:30:28] [245/458] CCMG
[22:30:29] [246/458] NYRG
[22:30:31] [247/458] NCSQ
[22:30:32] [248/458] GRCG
[22:30:33] [249/458] CCBT
[22:30:34] [250/458] ACGA
[22:30:34] 🔄 Identity reset
[22:30:34] 🔄 Identity rotated (every 10 requests)
[22:30:34] [251/458] INAG
[22:30:35] [252/458] FUCG
[22:30:36] [253/458] AICF
[22:30:37] [254/458] GRGA
[22:30:38] [255/458] GDCN
[22:30:39] [256/458] RRCG
[22:30:41] [257/458] SDCH
[22:30:42] [258/458] WVJM
[22:30:43] [259/458] JCCZ
[22:30:44] [260/458] CNCL
[22:30:45] 🔄 Identity reset
[22:30:45] 🔄 Identity rotated (every 10 requests)
[22:30:45] [261/458] TMLV
[22:30:46] [262/458] MEMB
[22:30:48] [263/458] SGTD
[22:30:49] [264/458] CONX
[22:30:50] [265/458] CCMH
[22:30:51] [266/458] ACMC
[22:30:52] [267/458] DTPD
[22:30:53] [268/458] POJA
[22:30:54] [269/458] FNBH
[22:30:55] [270/458] CGCB
[22:30:56] 🔄 Identity reset
[22:30:56] 🔄 Identity rotated (every 10 requests)
[22:30:56] [271/458] RACN
[22:30:57] [272/458] JTSM
[22:30:58] [273/458] SCDN
[22:30:59] [274/458] AACK
[22:31:00] [275/458] RMCE
[22:31:02] [276/458] BSGB
[22:31:03] [277/458] MRCB
[22:31:03] [278/458] SRVR
[22:31:04] [279/458] VTKK
[22:31:05] [280/458] AMST
[22:31:06] 🔄 Identity reset
[22:31:06] 🔄 Identity rotated (every 10 requests)
[22:31:06] [281/458] APCY
[22:31:07] [282/458] LMHO
[22:31:08] [283/458] MTZH
[22:31:09] [284/458] AMZB
[22:31:10] [285/458] SUVT
[22:31:11] [286/458] RCIP
[22:31:12] [287/458] KESR
[22:31:13] [288/458] SNKC
[22:31:14] [289/458] SCED
[22:31:15] [290/458] DVCA
[22:31:15] 🔄 Identity reset
[22:31:15] 🔄 Identity rotated (every 10 requests)
[22:31:16] [291/458] VCDT
[22:31:17] [292/458] RRDI
[22:31:18] [293/458] DFCH
[22:31:19] [294/458] INSC
[22:31:20] [295/458] RGTR
[22:31:21] [296/458] FMOT
[22:31:22] [297/458] SCPM
[22:31:23] [298/458] GCDT
[22:31:24] [299/458] BRKT
[22:31:25] [300/458] DEMP
[22:31:26] 🔄 Identity reset
[22:31:26] 🔄 Identity rotated (every 10 requests)
[22:31:26] [301/458] SRLC
[22:31:27] [302/458] KSTT
[22:31:28] [303/458] SMMT
[22:31:29] [304/458] SILM
[22:31:29] [305/458] JCVM
[22:31:30] [306/458] KCSV
[22:31:31] [307/458] MHLK
[22:31:32] [308/458] SLVL
[22:31:33] [309/458] RJKP
[22:31:34] [310/458] BBPC
[22:31:34] 🔄 Identity reset
[22:31:34] 🔄 Identity rotated (every 10 requests)
[22:31:35] [311/458] MXCB
[22:31:36] [312/458] TCPK
[22:31:37] [313/458] RTBR
[22:31:38] [314/458] GAUT
[22:31:38] [315/458] DVCF
[22:31:39] [316/458] JTSB
[22:31:40] [317/458] SBLS
[22:31:42] [318/458] UDAY
[22:31:43] [319/458] PTNP
[22:31:44] [320/458] DMKT
[22:31:44] 🔄 Identity reset
[22:31:44] 🔄 Identity rotated (every 10 requests)
[22:31:45] [321/458] NTDT
[22:31:46] [322/458] SHDJ
[22:31:46] [323/458] OTNC
[22:31:47] [324/458] RNTW
[22:31:48] [325/458] GCMI
[22:31:49] [326/458] CRCM
[22:31:50] [327/458] NNCZ
[22:31:52] [328/458] OEMO
[22:31:53] [329/458] PVJM
[22:31:54] [330/458] CPJI
[22:31:55] 🔄 Identity reset
[22:31:55] 🔄 Identity rotated (every 10 requests)
[22:31:55] [331/458] RMCJ
[22:31:56] [332/458] CNWJ
[22:31:57] [333/458] EPJM
[22:31:58] [334/458] FNJJ
[22:31:59] [335/458] GCMJ
[22:32:01] [336/458] INPS
[22:32:01] [337/458] BICJ
[22:32:02] [338/458] ISTJ
[22:32:03] [339/458] INJC
[22:32:04] [340/458] GLXJ
[22:32:05] 🔄 Identity reset
[22:32:05] 🔄 Identity rotated (every 10 requests)
[22:32:05] [341/458] INEM
[22:32:07] [342/458] JTMN
[22:32:09] [343/458] FRCJ
[22:32:11] [344/458] DDJP
[22:32:11] [345/458] INJV
[22:32:12] [346/458] GOLC
[22:32:13] [347/458] KOCI
[22:32:14] [348/458] FSTD
[22:32:15] [349/458] PACJ
[22:32:17] [350/458] GMCN
[22:32:17] 🔄 Identity reset
[22:32:17] 🔄 Identity rotated (every 10 requests)
[22:32:19] [351/458] MMDJ
[22:32:20] [352/458] GODH
[22:32:20] [353/458] SKYN
[22:32:21] [354/458] NCTH
[22:32:22] [355/458] SKVZ
[22:32:23] [356/458] SVML
[22:32:24] [357/458] ACVZ
[22:32:26] [358/458] SURA
[22:32:27] [359/458] RTRB
[22:32:28] [360/458] LLCT
[22:32:28] 🔄 Identity reset
[22:32:28] 🔄 Identity rotated (every 10 requests)
[22:32:28] [361/458] ATTS
[22:32:29] [362/458] JYCM
[22:32:30] [363/458] CTKR
[22:32:31] [364/458] LCKR
[22:32:32] [365/458] NYCV
[22:32:33] [366/458] NYOH
[22:32:35] [367/458] NOVX
[22:32:35] [368/458] MRGK
[22:32:36] [369/458] MOON
[22:32:37] [370/458] SBUC
[22:32:38] 🔄 Identity reset
[22:32:38] 🔄 Identity rotated (every 10 requests)
[22:32:38] [371/458] GSVA
[22:32:39] [372/458] VIAK
[22:32:40] [373/458] SMVZ
[22:32:41] [374/458] MATE
[22:32:42] [375/458] RDCN
[22:32:43] [376/458] ASBL
[22:32:44] [377/458] ASVS
[22:32:45] [378/458] ASSR
[22:32:46] [379/458] SSKN
[22:32:47] [380/458] DRPV
[22:32:47] 🔄 Identity reset
[22:32:47] 🔄 Identity rotated (every 10 requests)
[22:32:48] [381/458] MRHT
[22:32:49] [382/458] BSCN
[22:32:50] [383/458] RKNX
[22:32:51] [384/458] MSMC
[22:32:51] [385/458] MSCJ
[22:32:52] [386/458] BTBJ
[22:32:53] [387/458] MJCC
[22:32:54] [388/458] IOMM
[22:32:55] [389/458] ADGR
[22:32:56] [390/458] MYCP
[22:32:56] 🔄 Identity reset
[22:32:56] 🔄 Identity rotated (every 10 requests)
[22:32:57] [391/458] IGCM
[22:32:57] [392/458] PGRK
[22:32:58] [393/458] VPGO
[22:32:59] [394/458] KOMS
[22:33:01] [395/458] URGG
[22:33:02] [396/458] GOST
[22:33:03] [397/458] LACT
[22:33:04] [398/458] BWCM
[22:33:05] [399/458] NCCW
[22:33:06] [400/458] SKYC
[22:33:06] 🔄 Identity reset
[22:33:06] 🔄 Identity rotated (every 10 requests)
[22:33:07] [401/458] CCPM
[22:33:08] [402/458] VCBT
[22:33:09] [403/458] SDKR
[22:33:10] [404/458] CTYB
[22:33:11] [405/458] SHCX
[22:33:11] [406/458] RCUN
[22:33:13] [407/458] CNRA
[22:33:14] [408/458] RFCA
[22:33:14] [409/458] RDCU
[22:33:15] [410/458] SARK
[22:33:16] 🔄 Identity reset
[22:33:16] 🔄 Identity rotated (every 10 requests)
[22:33:16] [411/458] SPPP
[22:33:17] [412/458] ADMB
[22:33:19] [413/458] JYOE
[22:33:20] [414/458] SRMD
[22:33:20] [415/458] RJDH
[22:33:21] [416/458] SSTD
[22:33:22] [417/458] AACV
[22:33:23] [418/458] PPVD
[22:33:24] [419/458] STCP
[22:33:25] [420/458] ANLS
[22:33:25] 🔄 Identity reset
[22:33:25] 🔄 Identity rotated (every 10 requests)
[22:33:26] [421/458] BIJO
[22:33:27] [422/458] AVAB
[22:33:28] [423/458] SPMD
[22:33:29] [424/458] SVJL
[22:33:30] [425/458] SDDJ
[22:33:31] [426/458] SLTU
[22:33:32] [427/458] SAKA
[22:33:32] [428/458] PMAM
[22:33:33] [429/458] FNAM
[22:33:34] [430/458] ACAM
[22:33:35] 🔄 Identity reset
[22:33:35] 🔄 Identity rotated (every 10 requests)
[22:33:36] [431/458] SCMM
[22:33:37] [432/458] PMAK
[22:33:38] [433/458] NYSA
[22:33:39] [434/458] FCPA
[22:33:40] [435/458] GDAN
[22:33:41] [436/458] RSCA
[22:33:42] [437/458] DMAN
[22:33:43] [438/458] DZCM
[22:33:45] [439/458] NSGL
[22:33:46] [440/458] CCPP
[22:33:46] 🔄 Identity reset
[22:33:46] 🔄 Identity rotated (every 10 requests)
[22:33:47] [441/458] PSMG
[22:33:48] [442/458] GSER
[22:33:49] [443/458] FCCT
[22:33:50] [444/458] FCTB
[22:33:51] [445/458] LCNK
[22:33:52] [446/458] SKTY
[22:33:53] [447/458] INAA
[22:33:54] [448/458] RCWN
[22:33:55] [449/458] VAIS
[22:33:56] [450/458] CVMN
[22:33:56] 🔄 Identity reset
[22:33:56] 🔄 Identity rotated (every 10 requests)
[22:33:57] [451/458] INTS
[22:33:58] [452/458] FRGS
[22:33:58] [453/458] DTCK
[22:33:59] [454/458] MCMH
[22:34:00] [455/458] ECRR
[22:34:01] [456/458] RLLP
[22:34:02] [457/458] CCSN
[22:34:03] [458/458] CCBA
[22:34:04] 🧹 Deduping shows
[22:34:04] ✅ DONE | Shows=858 | Movies=61
