[22:26:18] 🚀 SCRIPT STARTED (enhanced anti‑detection)
[22:26:18] [1/326] VCHA
[22:26:18] 🧠 New identity created
[22:26:19] [2/326] SCKO
[22:26:21] [3/326] VKTK
[22:26:22] [4/326] DXEC
[22:26:23] [5/326] CDCA
[22:26:24] [6/326] VBCZ
[22:26:24] [7/326] MSDR
[22:26:25] [8/326] ACPV
[22:26:26] [9/326] PVHB
[22:26:27] [10/326] RCNH
[22:26:27] 🔄 Identity reset
[22:26:27] 🔄 Identity rotated (every 10 requests)
[22:26:28] [11/326] IOMH
[22:26:28] [12/326] ILKS
[22:26:29] [13/326] AMSN
[22:26:30] [14/326] ANTP
[22:26:31] [15/326] SSEK
[22:26:32] [16/326] PICP
[22:26:32] [17/326] SICO
[22:26:33] [18/326] SISP
[22:26:34] [19/326] SCPI
[22:26:35] [20/326] CRPR
[22:26:36] 🔄 Identity reset
[22:26:36] 🔄 Identity rotated (every 10 requests)
[22:26:36] [21/326] DCTW
[22:26:37] [22/326] DCSP
[22:26:38] [23/326] KRPM
[22:26:39] [24/326] THKK
[22:26:40] [25/326] SNMY
[22:26:40] [26/326] AKCC
[22:26:41] [27/326] PCAT
[22:26:42] [28/326] RFGO
[22:26:43] [29/326] GGCS
[22:26:44] [30/326] ACKR
[22:26:44] 🔄 Identity reset
[22:26:44] 🔄 Identity rotated (every 10 requests)
[22:26:45] [31/326] STDO
[22:26:45] [32/326] ACKB
[22:26:46] [33/326] ALUC
[22:26:48] [34/326] MNSR
[22:26:48] [35/326] CSSL
[22:26:50] [36/326] BGGM
[22:26:51] [37/326] MANT
[22:26:52] [38/326] SOOY
[22:26:52] [39/326] VPPK
[22:26:53] [40/326] MYHJ
[22:26:54] 🔄 Identity reset
[22:26:54] 🔄 Identity rotated (every 10 requests)
[22:26:54] [41/326] KSCK
[22:26:55] [42/326] KATK
[22:26:56] [43/326] RTRT
[22:26:57] [44/326] SSTT
[22:26:57] [45/326] SSTV
[22:26:58] [46/326] LACM
[22:26:59] [47/326] SGMG
[22:27:00] [48/326] KACX
[22:27:01] [49/326] GVCP
[22:27:02] [50/326] CSNC
[22:27:03] 🔄 Identity reset
[22:27:03] 🔄 Identity rotated (every 10 requests)
[22:27:03] [51/326] SXCB
[22:27:04] [52/326] BAHS
[22:27:05] [53/326] PCBI
[22:27:06] [54/326] PSSM
[22:27:07] [55/326] RCOK
[22:27:08] [56/326] SCPF
[22:27:09] [57/326] SSAS
[22:27:10] [58/326] EVMM
[22:27:11] [59/326] SYCB
[22:27:12] [60/326] GCKI
[22:27:12] 🔄 Identity reset
[22:27:12] 🔄 Identity rotated (every 10 requests)
[22:27:13] [61/326] IAET
[22:27:14] [62/326] DDTD
[22:27:14] [63/326] GMDH
[22:27:15] [64/326] STLE
[22:27:16] [65/326] JTRA
[22:27:17] [66/326] RPPA
[22:27:18] [67/326] ARUT
[22:27:20] [68/326] JTVM
[22:27:22] [69/326] SWRH
[22:27:23] [70/326] DCPC
[22:27:24] 🔄 Identity reset
[22:27:24] 🔄 Identity rotated (every 10 requests)
[22:27:24] [71/326] RAPR
[22:27:25] [72/326] GCRT
[22:27:25] [73/326] ATUN
[22:27:26] [74/326] LTRM
[22:27:27] [75/326] TASR
[22:27:28] [76/326] RLLC
[22:27:29] [77/326] MABI
[22:27:31] [78/326] SVHB
[22:27:32] [79/326] NVTB
[22:27:33] [80/326] KCKG
[22:27:33] 🔄 Identity reset
[22:27:33] 🔄 Identity rotated (every 10 requests)
[22:27:34] [81/326] SSRN
[22:27:35] [82/326] VDDC
[22:27:36] [83/326] GKTK
[22:27:36] [84/326] YFSN
[22:27:37] [85/326] GCSG
[22:27:38] [86/326] ESSM
[22:27:39] [87/326] KRIH
[22:27:41] [88/326] GCDS
[22:27:41] [89/326] CCSH
[22:27:42] [90/326] ACSK
[22:27:43] 🔄 Identity reset
[22:27:43] 🔄 Identity rotated (every 10 requests)
[22:27:43] [91/326] APRK
[22:27:44] [92/326] ADKM
[22:27:45] [93/326] SRDM
[22:27:47] [94/326] SJMY
[22:27:47] [95/326] PGGC
[22:27:48] [96/326] INGM
[22:27:49] [97/326] LSCB
[22:27:50] [98/326] STAD
[22:27:51] [99/326] MCCR
[22:27:52] [100/326] ABCC
[22:27:53] 🔄 Identity reset
[22:27:53] 🔄 Identity rotated (every 10 requests)
[22:27:53] [101/326] RKCC
[22:27:54] [102/326] RTCR
[22:27:55] [103/326] GGBC
[22:27:56] [104/326] GCSD
[22:27:57] [105/326] LPTY
[22:27:58] [106/326] MCFD
[22:27:59] [107/326] HENN
[22:27:59] [108/326] SMKU
[22:28:00] [109/326] TNZC
[22:28:01] [110/326] DRCD
[22:28:02] 🔄 Identity reset
[22:28:02] 🔄 Identity rotated (every 10 requests)
[22:28:02] [111/326] DLCD
[22:28:03] [112/326] RCDA
[22:28:04] [113/326] COSM
[22:28:05] [114/326] MCMJ
[22:28:05] [115/326] CSTR
[22:28:07] [116/326] CVDK
[22:28:08] [117/326] INRR
[22:28:09] [118/326] RJRT
[22:28:09] [119/326] IRMR
[22:28:11] [120/326] SRCF
[22:28:12] 🔄 Identity reset
[22:28:12] 🔄 Identity rotated (every 10 requests)
[22:28:13] [121/326] GRCR
[22:28:14] [122/326] SURC
[22:28:15] [123/326] NMNH
[22:28:17] [124/326] SVBL
[22:28:18] [125/326] KACI
[22:28:19] [126/326] TDGO
[22:28:20] [127/326] KTBR
[22:28:21] [128/326] PMAD
[22:28:22] [129/326] CCPN
[22:28:22] [130/326] SBTK
[22:28:23] 🔄 Identity reset
[22:28:23] 🔄 Identity rotated (every 10 requests)
[22:28:23] [131/326] LMDK
[22:28:25] [132/326] PGDA
[22:28:26] [133/326] SRML
[22:28:27] [134/326] EVCK
[22:28:27] [135/326] RTTK
[22:28:29] [136/326] SRTU
[22:28:31] [137/326] VRSA
[22:28:32] [138/326] VARS
[22:28:33] [139/326] DSCZ
[22:28:33] [140/326] GAGA
[22:28:34] 🔄 Identity reset
[22:28:34] 🔄 Identity rotated (every 10 requests)
[22:28:34] [141/326] SARV
[22:28:35] [142/326] SEEG
[22:28:36] [143/326] GLCA
[22:28:37] [144/326] APAS
[22:28:38] [145/326] VCIA
[22:28:39] [146/326] SJTA
[22:28:39] [147/326] SABM
[22:28:40] [148/326] PPAG
[22:28:41] [149/326] RVCA
[22:28:43] [150/326] CCIA
[22:28:43] 🔄 Identity reset
[22:28:43] 🔄 Identity rotated (every 10 requests)
[22:28:44] [151/326] HTAG
[22:28:45] [152/326] SMBI
[22:28:45] [153/326] MCJR
[22:28:46] [154/326] CCJR
[22:28:47] [155/326] SINF
[22:28:48] [156/326] CPLX
[22:28:50] [157/326] KKTJ
[22:28:50] [158/326] GDBW
[22:28:51] [159/326] CSUB
[22:28:53] [160/326] DABA
[22:28:53] 🔄 Identity reset
[22:28:53] 🔄 Identity rotated (every 10 requests)
[22:28:53] [161/326] TITR
[22:28:54] [162/326] NYCR
[22:28:55] [163/326] RTRY
[22:28:56] [164/326] JTJL
[22:28:57] [165/326] SJCP
[22:28:58] [166/326] KCCA
[22:28:58] [167/326] MLPG
[22:28:59] [168/326] VRCK
[22:29:00] [169/326] SRIN
[22:29:01] [170/326] CXMK
[22:29:02] 🔄 Identity reset
[22:29:02] 🔄 Identity rotated (every 10 requests)
[22:29:02] [171/326] SKAD
[22:29:03] [172/326] AVTR
[22:29:04] [173/326] PTAJ
[22:29:05] [174/326] SCNK
[22:29:06] [175/326] STTI
[22:29:07] [176/326] KACR
[22:29:08] [177/326] SSDX
[22:29:09] [178/326] VRTJ
[22:29:10] [179/326] RAJD
[22:29:11] [180/326] SCIP
[22:29:11] 🔄 Identity reset
[22:29:11] 🔄 Identity rotated (every 10 requests)
[22:29:12] [181/326] RJSL
[22:29:13] [182/326] ARRS
[22:29:13] [183/326] ASMS
[22:29:14] [184/326] RDTS
[22:29:16] [185/326] DVMY
[22:29:17] [186/326] RASA
[22:29:17] [187/326] INOM
[22:29:18] [188/326] SPRS
[22:29:19] [189/326] SGCS
[22:29:22] [190/326] SALM
[22:29:22] 🔄 Identity reset
[22:29:22] 🔄 Identity rotated (every 10 requests)
[22:29:23] [191/326] PKHC
[22:29:24] [192/326] RCSV
[22:29:24] [193/326] CPKC
[22:29:25] [194/326] AACD
[22:29:26] [195/326] GGCV
[22:29:27] [196/326] SMKD
[22:29:27] [197/326] NBCH
[22:29:28] [198/326] AMCB
[22:29:29] [199/326] OPCN
[22:29:30] [200/326] DCIN
[22:29:31] 🔄 Identity reset
[22:29:31] 🔄 Identity rotated (every 10 requests)
[22:29:32] [201/326] INGW
[22:29:34] [202/326] PKKW
[22:29:34] [203/326] FNGW
[22:29:35] [204/326] GCGD
[22:29:36] [205/326] MSTW
[22:29:37] [206/326] KCCG
[22:29:38] [207/326] MRSS
[22:29:39] [208/326] CLCF
[22:29:40] [209/326] EETS
[22:29:42] [210/326] AATR
[22:29:42] 🔄 Identity reset
[22:29:42] 🔄 Identity rotated (every 10 requests)
[22:29:42] [211/326] CMMN
[22:29:43] [212/326] SCCJ
[22:29:44] [213/326] CDTK
[22:29:45] [214/326] AICP
[22:29:46] [215/326] FNBP
[22:29:47] [216/326] CBPB
[22:29:48] [217/326] CPAS
[22:29:49] [218/326] MAPM
[22:29:50] [219/326] PASD
[22:29:50] [220/326] JCMN
[22:29:51] 🔄 Identity reset
[22:29:51] 🔄 Identity rotated (every 10 requests)
[22:29:51] [221/326] MALB
[22:29:52] [222/326] SACG
[22:29:53] [223/326] DDRX
[22:29:54] [224/326] DDXB
[22:29:55] [225/326] RAMC
[22:29:55] [226/326] SANC
[22:29:56] [227/326] BCBP
[22:29:57] [228/326] ALPC
[22:29:58] [229/326] RBAC
[22:29:59] [230/326] RAJL
[22:29:59] 🔄 Identity reset
[22:29:59] 🔄 Identity rotated (every 10 requests)
[22:30:00] [231/326] MPDX
[22:30:01] [232/326] MUSC
[22:30:01] [233/326] VKMK
[22:30:02] [234/326] SKCG
[22:30:03] [235/326] ANCN
[22:30:05] [236/326] MMCJ
[22:30:06] [237/326] DCAK
[22:30:07] [238/326] SCKG
[22:30:07] [239/326] LMCK
[22:30:08] [240/326] CKKX
[22:30:09] 🔄 Identity reset
[22:30:09] 🔄 Identity rotated (every 10 requests)
[22:30:09] [241/326] ANKU
[22:30:10] [242/326] CSMD
[22:30:11] [243/326] MKMP
[22:30:12] [244/326] SVBG
[22:30:13] [245/326] ROOP
[22:30:13] [246/326] GDMT
[22:30:14] [247/326] FPPF
[22:30:15] [248/326] SFUU
[22:30:17] [249/326] ANCB
[22:30:19] [250/326] SMMC
[22:30:19] 🔄 Identity reset
[22:30:19] 🔄 Identity rotated (every 10 requests)
[22:30:19] [251/326] UGKT
[22:30:20] [252/326] JVRM
[22:30:21] [253/326] BATG
[22:30:23] [254/326] RATE
[22:30:24] [255/326] SKME
[22:30:25] [256/326] LMTP
[22:30:26] [257/326] TCBD
[22:30:27] [258/326] ESBD
[22:30:28] [259/326] GDCU
[22:30:29] [260/326] SNKT
[22:30:30] 🔄 Identity reset
[22:30:30] 🔄 Identity rotated (every 10 requests)
[22:30:31] [261/326] SRNK
[22:30:32] [262/326] SMED
[22:30:32] [263/326] CSQS
[22:30:33] [264/326] ALCS
[22:30:35] [265/326] KCKN
[22:30:36] [266/326] VCCL
[22:30:37] [267/326] MCDA
[22:30:38] [268/326] SHMI
[22:30:39] [269/326] SKHA
[22:30:40] [270/326] SVFK
[22:30:41] 🔄 Identity reset
[22:30:41] 🔄 Identity rotated (every 10 requests)
[22:30:41] [271/326] INVB
[22:30:42] [272/326] MELD
[22:30:43] [273/326] JTYS
[22:30:44] [274/326] INCM
[22:30:45] [275/326] MCDV
[22:30:46] [276/326] KSGK
[22:30:47] [277/326] ICMG
[22:30:47] [278/326] CSCV
[22:30:49] [279/326] STMD
[22:30:50] [280/326] STTR
[22:30:50] 🔄 Identity reset
[22:30:50] 🔄 Identity rotated (every 10 requests)
[22:30:51] [281/326] INVC
[22:30:52] [282/326] JTBL
[22:30:53] [283/326] SRVV
[22:30:55] [284/326] MAVC
[22:30:55] [285/326] SRPP
[22:30:57] [286/326] JGDM
[22:30:58] [287/326] MBSJ
[22:30:59] [288/326] SSLL
[22:31:00] [289/326] SLKP
[22:31:01] [290/326] NSRV
[22:31:02] 🔄 Identity reset
[22:31:02] 🔄 Identity rotated (every 10 requests)
[22:31:02] [291/326] UTDV
[22:31:03] [292/326] KICM
[22:31:04] [293/326] KCMD
[22:31:05] [294/326] TTPP
[22:31:06] [295/326] KMPV
[22:31:07] [296/326] SKTV
[22:31:08] [297/326] STCV
[22:31:08] [298/326] SRDA
[22:31:09] [299/326] JTSX
[22:31:10] [300/326] STBV
[22:31:11] 🔄 Identity reset
[22:31:11] 🔄 Identity rotated (every 10 requests)
[22:31:11] [301/326] APVZ
[22:31:12] [302/326] GSTV
[22:31:14] [303/326] NMVS
[22:31:14] [304/326] SKRT
[22:31:15] [305/326] RMDV
[22:31:16] [306/326] RATG
[22:31:17] [307/326] SJYV
[22:31:18] [308/326] NDGP
[22:31:19] [309/326] SNDG
[22:31:19] [310/326] INSR
[22:31:20] 🔄 Identity reset
[22:31:20] 🔄 Identity rotated (every 10 requests)
[22:31:20] [311/326] INSO
[22:31:21] [312/326] CCSI
[22:31:22] [313/326] RASM
[22:31:23] [314/326] NEWC
[22:31:24] [315/326] VSHL
[22:31:25] [316/326] BISW
[22:31:25] [317/326] GCNG
[22:31:26] [318/326] CWSC
[22:31:27] [319/326] SKAN
[22:31:28] [320/326] CCOA
[22:31:29] 🔄 Identity reset
[22:31:29] 🔄 Identity rotated (every 10 requests)
[22:31:29] [321/326] MCAJ
[22:31:30] [322/326] ACDE
[22:31:31] [323/326] AACM
[22:31:32] [324/326] JJCK
[22:31:32] [325/326] RCMO
[22:31:33] [326/326] GDAW
[22:31:34] 🧹 Deduping shows
[22:31:34] ✅ DONE | Shows=543 | Movies=40
[21:19:50] 🚀 SCRIPT STARTED (enhanced anti‑detection)
[21:19:50] [1/326] VCHA
[21:19:51] 🧠 New identity created
[21:19:51] [2/326] SCKO
[21:19:52] [3/326] VKTK
[21:19:53] [4/326] DXEC
[21:19:54] [5/326] CDCA
[21:19:56] [6/326] VBCZ
[21:19:57] [7/326] MSDR
[21:19:57] [8/326] ACPV
[21:19:58] [9/326] PVHB
[21:19:59] [10/326] RCNH
[21:20:00] 🔄 Identity reset
[21:20:00] 🔄 Identity rotated (every 10 requests)
[21:20:01] [11/326] IOMH
[21:20:01] [12/326] ILKS
[21:20:02] [13/326] AMSN
[21:20:04] [14/326] ANTP
[21:20:05] [15/326] SSEK
[21:20:06] [16/326] PICP
[21:20:06] [17/326] SICO
[21:20:07] [18/326] SISP
[21:20:08] [19/326] SCPI
[21:20:09] [20/326] CRPR
[21:20:09] 🔄 Identity reset
[21:20:09] 🔄 Identity rotated (every 10 requests)
[21:20:10] [21/326] DCTW
[21:20:11] [22/326] DCSP
[21:20:12] [23/326] KRPM
[21:20:13] [24/326] THKK
[21:20:14] [25/326] SNMY
[21:20:15] [26/326] AKCC
[21:20:16] [27/326] PCAT
[21:20:17] [28/326] RFGO
[21:20:17] [29/326] GGCS
[21:20:19] [30/326] ACKR
[21:20:19] 🔄 Identity reset
[21:20:19] 🔄 Identity rotated (every 10 requests)
[21:20:19] [31/326] STDO
[21:20:21] [32/326] ACKB
[21:20:22] [33/326] ALUC
[21:20:23] [34/326] MNSR
[21:20:24] [35/326] CSSL
[21:20:26] [36/326] BGGM
[21:20:27] [37/326] MANT
[21:20:28] [38/326] SOOY
[21:20:29] [39/326] VPPK
[21:20:29] [40/326] MYHJ
[21:20:30] 🔄 Identity reset
[21:20:30] 🔄 Identity rotated (every 10 requests)
[21:20:30] [41/326] KSCK
[21:20:31] [42/326] KATK
[21:20:32] [43/326] RTRT
[21:20:33] [44/326] SSTT
[21:20:34] [45/326] SSTV
[21:20:35] [46/326] LACM
[21:20:35] [47/326] SGMG
[21:20:36] [48/326] KACX
[21:20:37] [49/326] GVCP
[21:20:38] [50/326] CSNC
[21:20:39] 🔄 Identity reset
[21:20:39] 🔄 Identity rotated (every 10 requests)
[21:20:39] [51/326] SXCB
[21:20:41] [52/326] BAHS
[21:20:42] [53/326] PCBI
[21:20:43] [54/326] PSSM
[21:20:44] [55/326] RCOK
[21:20:45] [56/326] SCPF
[21:20:46] [57/326] SSAS
[21:20:47] [58/326] EVMM
[21:20:48] [59/326] SYCB
[21:20:49] [60/326] GCKI
[21:20:49] 🔄 Identity reset
[21:20:49] 🔄 Identity rotated (every 10 requests)
[21:20:50] [61/326] IAET
[21:20:50] [62/326] DDTD
[21:20:51] [63/326] GMDH
[21:20:52] [64/326] STLE
[21:20:53] [65/326] JTRA
[21:20:54] [66/326] RPPA
[21:20:55] [67/326] ARUT
[21:20:56] [68/326] JTVM
[21:20:57] [69/326] SWRH
[21:20:59] [70/326] DCPC
[21:20:59] 🔄 Identity reset
[21:20:59] 🔄 Identity rotated (every 10 requests)
[21:20:59] 🔄 Retry 1/5 for DCPC in 2.8s
[21:20:59] 🔄 Identity reset
[21:21:02] 🧠 New identity created
[21:21:02] [71/326] RAPR
[21:21:03] [72/326] GCRT
[21:21:05] [73/326] ATUN
[21:21:06] [74/326] LTRM
[21:21:06] [75/326] TASR
[21:21:07] [76/326] RLLC
[21:21:08] [77/326] MABI
[21:21:09] [78/326] SVHB
[21:21:10] [79/326] NVTB
[21:21:11] 🔄 Identity reset
[21:21:11] 🔄 Identity rotated (every 10 requests)
[21:21:12] [80/326] KCKG
[21:21:13] [81/326] SSRN
[21:21:14] [82/326] VDDC
[21:21:15] [83/326] GKTK
[21:21:15] [84/326] YFSN
[21:21:16] [85/326] GCSG
[21:21:17] [86/326] ESSM
[21:21:18] [87/326] KRIH
[21:21:19] [88/326] GCDS
[21:21:21] [89/326] CCSH
[21:21:21] 🔄 Identity reset
[21:21:21] 🔄 Identity rotated (every 10 requests)
[21:21:21] [90/326] ACSK
[21:21:23] [91/326] APRK
[21:21:25] [92/326] ADKM
[21:21:26] [93/326] SRDM
[21:21:27] [94/326] SJMY
[21:21:28] [95/326] PGGC
[21:21:29] [96/326] INGM
[21:21:30] [97/326] LSCB
[21:21:32] [98/326] STAD
[21:21:34] [99/326] MCCR
[21:21:34] 🔄 Identity reset
[21:21:34] 🔄 Identity rotated (every 10 requests)
[21:21:35] [100/326] ABCC
[21:21:35] [101/326] RKCC
[21:21:36] [102/326] RTCR
[21:21:37] [103/326] GGBC
[21:21:38] [104/326] GCSD
[21:21:39] [105/326] LPTY
[21:21:40] [106/326] MCFD
[21:21:41] [107/326] HENN
[21:21:41] [108/326] SMKU
[21:21:42] [109/326] TNZC
[21:21:43] 🔄 Identity reset
[21:21:43] 🔄 Identity rotated (every 10 requests)
[21:21:43] 🔄 Retry 1/5 for TNZC in 2.9s
[21:21:43] 🔄 Identity reset
[21:21:46] 🧠 New identity created
[21:21:46] [110/326] DRCD
[21:21:47] [111/326] DLCD
[21:21:48] [112/326] RCDA
[21:21:49] [113/326] COSM
[21:21:49] [114/326] MCMJ
[21:21:50] [115/326] CSTR
[21:21:51] [116/326] CVDK
[21:21:52] [117/326] INRR
[21:21:53] [118/326] RJRT
[21:21:54] 🔄 Identity reset
[21:21:54] 🔄 Identity rotated (every 10 requests)
[21:21:54] [119/326] IRMR
[21:21:55] [120/326] SRCF
[21:21:56] [121/326] GRCR
[21:21:57] [122/326] SURC
[21:21:57] [123/326] NMNH
[21:21:58] [124/326] SVBL
[21:21:59] [125/326] KACI
[21:22:00] [126/326] TDGO
[21:22:00] [127/326] KTBR
[21:22:02] [128/326] PMAD
[21:22:02] 🔄 Identity reset
[21:22:02] 🔄 Identity rotated (every 10 requests)
[21:22:02] [129/326] CCPN
[21:22:03] [130/326] SBTK
[21:22:04] [131/326] LMDK
[21:22:05] [132/326] PGDA
[21:22:06] [133/326] SRML
[21:22:06] [134/326] EVCK
[21:22:07] [135/326] RTTK
[21:22:08] [136/326] SRTU
[21:22:09] [137/326] VRSA
[21:22:10] [138/326] VARS
[21:22:10] 🔄 Identity reset
[21:22:10] 🔄 Identity rotated (every 10 requests)
[21:22:11] [139/326] DSCZ
[21:22:12] [140/326] GAGA
[21:22:13] [141/326] SARV
[21:22:13] [142/326] SEEG
[21:22:14] [143/326] GLCA
[21:22:16] [144/326] APAS
[21:22:17] [145/326] VCIA
[21:22:18] [146/326] SJTA
[21:22:18] [147/326] SABM
[21:22:19] [148/326] PPAG
[21:22:20] 🔄 Identity reset
[21:22:20] 🔄 Identity rotated (every 10 requests)
[21:22:20] 🔄 Retry 1/5 for PPAG in 2.8s
[21:22:20] 🔄 Identity reset
[21:22:23] 🧠 New identity created
[21:22:23] [149/326] RVCA
[21:22:24] [150/326] CCIA
[21:22:25] [151/326] HTAG
[21:22:26] [152/326] SMBI
[21:22:27] [153/326] MCJR
[21:22:28] [154/326] CCJR
[21:22:29] [155/326] SINF
[21:22:30] [156/326] CPLX
[21:22:31] [157/326] KKTJ
[21:22:31] 🔄 Identity reset
[21:22:31] 🔄 Identity rotated (every 10 requests)
[21:22:32] [158/326] GDBW
[21:22:33] [159/326] CSUB
[21:22:35] [160/326] DABA
[21:22:36] [161/326] TITR
[21:22:37] [162/326] NYCR
[21:22:38] [163/326] RTRY
[21:22:39] [164/326] JTJL
[21:22:40] [165/326] SJCP
[21:22:40] [166/326] KCCA
[21:22:41] [167/326] MLPG
[21:22:42] 🔄 Identity reset
[21:22:42] 🔄 Identity rotated (every 10 requests)
[21:22:42] [168/326] VRCK
[21:22:43] [169/326] SRIN
[21:22:44] [170/326] CXMK
[21:22:45] [171/326] SKAD
[21:22:46] [172/326] AVTR
[21:22:46] [173/326] PTAJ
[21:22:47] [174/326] SCNK
[21:22:48] [175/326] STTI
[21:22:49] [176/326] KACR
[21:22:50] [177/326] SSDX
[21:22:51] 🔄 Identity reset
[21:22:51] 🔄 Identity rotated (every 10 requests)
[21:22:52] [178/326] VRTJ
[21:22:53] [179/326] RAJD
[21:22:54] [180/326] SCIP
[21:22:54] [181/326] RJSL
[21:22:55] [182/326] ARRS
[21:22:56] [183/326] ASMS
[21:22:57] [184/326] RDTS
[21:22:58] [185/326] DVMY
[21:22:59] [186/326] RASA
[21:23:00] [187/326] INOM
[21:23:00] 🔄 Identity reset
[21:23:00] 🔄 Identity rotated (every 10 requests)
[21:23:02] [188/326] SPRS
[21:23:03] [189/326] SGCS
[21:23:03] [190/326] SALM
[21:23:04] [191/326] PKHC
[21:23:05] [192/326] RCSV
[21:23:06] [193/326] CPKC
[21:23:07] [194/326] AACD
[21:23:08] [195/326] GGCV
[21:23:09] [196/326] SMKD
[21:23:10] [197/326] NBCH
[21:23:11] 🔄 Identity reset
[21:23:11] 🔄 Identity rotated (every 10 requests)
[21:23:11] [198/326] AMCB
[21:23:12] [199/326] OPCN
[21:23:13] [200/326] DCIN
[21:23:14] [201/326] INGW
[21:23:15] [202/326] PKKW
[21:23:16] [203/326] FNGW
[21:23:17] [204/326] GCGD
[21:23:18] [205/326] MSTW
[21:23:19] [206/326] KCCG
[21:23:20] [207/326] MRSS
[21:23:21] 🔄 Identity reset
[21:23:21] 🔄 Identity rotated (every 10 requests)
[21:23:21] [208/326] CLCF
[21:23:22] [209/326] EETS
[21:23:23] [210/326] AATR
[21:23:24] [211/326] CMMN
[21:23:25] [212/326] SCCJ
[21:23:26] [213/326] CDTK
[21:23:26] [214/326] AICP
[21:23:27] [215/326] FNBP
[21:23:28] [216/326] CBPB
[21:23:29] [217/326] CPAS
[21:23:30] 🔄 Identity reset
[21:23:30] 🔄 Identity rotated (every 10 requests)
[21:23:30] [218/326] MAPM
[21:23:31] [219/326] PASD
[21:23:32] [220/326] JCMN
[21:23:33] [221/326] MALB
[21:23:33] [222/326] SACG
[21:23:34] [223/326] DDRX
[21:23:35] [224/326] DDXB
[21:23:36] [225/326] RAMC
[21:23:37] [226/326] SANC
[21:23:38] [227/326] BCBP
[21:23:38] 🔄 Identity reset
[21:23:38] 🔄 Identity rotated (every 10 requests)
[21:23:40] [228/326] ALPC
[21:23:40] [229/326] RBAC
[21:23:41] [230/326] RAJL
[21:23:42] [231/326] MPDX
[21:23:43] [232/326] MUSC
[21:23:44] [233/326] VKMK
[21:23:45] [234/326] SKCG
[21:23:46] [235/326] ANCN
[21:23:47] [236/326] MMCJ
[21:23:47] [237/326] DCAK
[21:23:48] 🔄 Identity reset
[21:23:48] 🔄 Identity rotated (every 10 requests)
[21:23:48] [238/326] SCKG
[21:23:49] [239/326] LMCK
[21:23:50] [240/326] CKKX
[21:23:51] [241/326] ANKU
[21:23:52] [242/326] CSMD
[21:23:54] [243/326] MKMP
[21:23:55] [244/326] SVBG
[21:23:57] [245/326] ROOP
[21:23:58] [246/326] GDMT
[21:23:59] [247/326] FPPF
[21:23:59] 🔄 Identity reset
[21:23:59] 🔄 Identity rotated (every 10 requests)
[21:24:00] [248/326] SFUU
[21:24:00] [249/326] ANCB
[21:24:01] [250/326] SMMC
[21:24:02] [251/326] UGKT
[21:24:03] [252/326] JVRM
[21:24:05] [253/326] BATG
[21:24:06] [254/326] RATE
[21:24:08] [255/326] SKME
[21:24:09] [256/326] LMTP
[21:24:09] [257/326] TCBD
[21:24:10] 🔄 Identity reset
[21:24:10] 🔄 Identity rotated (every 10 requests)
[21:24:10] [258/326] ESBD
[21:24:11] [259/326] GDCU
[21:24:12] [260/326] SNKT
[21:24:13] [261/326] SRNK
[21:24:14] [262/326] SMED
[21:24:15] [263/326] CSQS
[21:24:16] [264/326] ALCS
[21:24:18] [265/326] KCKN
[21:24:19] [266/326] VCCL
[21:24:19] [267/326] MCDA
[21:24:20] 🔄 Identity reset
[21:24:20] 🔄 Identity rotated (every 10 requests)
[21:24:20] [268/326] SHMI
[21:24:21] [269/326] SKHA
[21:24:22] [270/326] SVFK
[21:24:24] [271/326] INVB
[21:24:25] [272/326] MELD
[21:24:25] [273/326] JTYS
[21:24:26] [274/326] INCM
[21:24:27] [275/326] MCDV
[21:24:28] [276/326] KSGK
[21:24:29] [277/326] ICMG
[21:24:29] 🔄 Identity reset
[21:24:29] 🔄 Identity rotated (every 10 requests)
[21:24:30] 🔄 Retry 1/5 for ICMG in 2.2s
[21:24:30] 🔄 Identity reset
[21:24:32] 🧠 New identity created
[21:24:32] [278/326] CSCV
[21:24:33] [279/326] STMD
[21:24:34] [280/326] STTR
[21:24:35] [281/326] INVC
[21:24:36] [282/326] JTBL
[21:24:37] [283/326] SRVV
[21:24:38] [284/326] MAVC
[21:24:39] [285/326] SRPP
[21:24:40] [286/326] JGDM
[21:24:41] 🔄 Identity reset
[21:24:41] 🔄 Identity rotated (every 10 requests)
[21:24:41] [287/326] MBSJ
[21:24:42] [288/326] SSLL
[21:24:43] [289/326] SLKP
[21:24:44] [290/326] NSRV
[21:24:45] [291/326] UTDV
[21:24:46] [292/326] KICM
[21:24:47] [293/326] KCMD
[21:24:48] [294/326] TTPP
[21:24:48] [295/326] KMPV
[21:24:50] [296/326] SKTV
[21:24:50] 🔄 Identity reset
[21:24:50] 🔄 Identity rotated (every 10 requests)
[21:24:50] [297/326] STCV
[21:24:51] [298/326] SRDA
[21:24:52] [299/326] JTSX
[21:24:53] [300/326] STBV
[21:24:54] [301/326] APVZ
[21:24:55] [302/326] GSTV
[21:24:56] [303/326] NMVS
[21:24:57] [304/326] SKRT
[21:24:58] [305/326] RMDV
[21:24:59] [306/326] RATG
[21:25:00] 🔄 Identity reset
[21:25:00] 🔄 Identity rotated (every 10 requests)
[21:25:00] [307/326] SJYV
[21:25:01] [308/326] NDGP
[21:25:01] [309/326] SNDG
[21:25:02] [310/326] INSR
[21:25:03] [311/326] INSO
[21:25:04] [312/326] CCSI
[21:25:05] [313/326] RASM
[21:25:06] [314/326] NEWC
[21:25:07] [315/326] VSHL
[21:25:08] [316/326] BISW
[21:25:09] 🔄 Identity reset
[21:25:09] 🔄 Identity rotated (every 10 requests)
[21:25:09] [317/326] GCNG
[21:25:10] [318/326] CWSC
[21:25:12] [319/326] SKAN
[21:25:13] [320/326] CCOA
[21:25:14] [321/326] MCAJ
[21:25:15] [322/326] ACDE
[21:25:16] [323/326] AACM
[21:25:17] [324/326] JJCK
[21:25:18] [325/326] RCMO
[21:25:19] [326/326] GDAW
[21:25:19] 🔄 Identity reset
[21:25:19] 🔄 Identity rotated (every 10 requests)
[21:25:20] 🧹 Deduping shows
[21:25:20] ✅ DONE | Shows=1059 | Movies=65
