[22:29:21] 🚀 DISTRICT → BMS9 CONVERTER STARTED
[22:29:21] 📅 DATE_CODE: 20261013
[22:29:21] 📅 Date: 2026-10-13
[22:29:21] 🚫 Worker logic: DISABLED
[22:29:21] 🔑 Venue matching: ID ONLY
[22:29:21] 🚫 alldistrictvenues.json: NOT USED
[22:29:21] 🚫 Venue-name matching: NOT USED
[22:29:21] 📍 Selected venue records: 756
[22:29:21] 🎯 Selected venue IDs: 756
[22:29:21] 📡 Fetching Detailed JSON:
[22:29:21]    https://districtdata2026.pages.dev/advance/2026-10-13_Detailed.json
[22:29:21] ✅ Source loaded
[22:29:21]    Source date: 2026-10-13
[22:29:21]    Last updated: 10:26 PM, 09 October 2026
[22:29:21]    Movie keys: 67
[22:29:21] 🎬 Source movie keys: 67
[22:29:21] 🎟️ Selected-venue show rows: 1373
[22:29:21] 🚫 Non-selected show rows ignored: 1368
[22:29:21] ℹ️ Non-selected venue IDs encountered: 235
[22:29:21]    ⏭️ Source venue ID not selected: 1053542
[22:29:21]    ⏭️ Source venue ID not selected: 1039879
[22:29:21]    ⏭️ Source venue ID not selected: 677
[22:29:21]    ⏭️ Source venue ID not selected: 1047965
[22:29:21]    ⏭️ Source venue ID not selected: 1018553
[22:29:21]    ⏭️ Source venue ID not selected: 568
[22:29:21]    ⏭️ Source venue ID not selected: 27092
[22:29:21]    ⏭️ Source venue ID not selected: 1077007
[22:29:21]    ⏭️ Source venue ID not selected: 42079
[22:29:21]    ⏭️ Source venue ID not selected: 1040036
[22:29:21]    ⏭️ Source venue ID not selected: 62512
[22:29:21]    ⏭️ Source venue ID not selected: 1015
[22:29:21]    ⏭️ Source venue ID not selected: 7438
[22:29:21]    ⏭️ Source venue ID not selected: 4903
[22:29:21]    ⏭️ Source venue ID not selected: 1034662
[22:29:21]    ⏭️ Source venue ID not selected: 1041565
[22:29:21]    ⏭️ Source venue ID not selected: 30094
[22:29:21]    ⏭️ Source venue ID not selected: 478
[22:29:21]    ⏭️ Source venue ID not selected: 1970
[22:29:21]    ⏭️ Source venue ID not selected: 874
[22:29:21]    ... and 215 more
[22:29:21] 📦 Previous shows: 0
[22:29:21] 🆕 Fresh shows: 1373
[22:29:21] 📦 Final shows: 1373
[22:29:21] ✅ DONE | Shows=1373 | Movies=39
[22:29:21] 📄 Detailed: advance/data/20261013/detailed9.json
[22:29:21] 📄 Summary: advance/data/20261013/movie_summary9.json
