[00:16:06] 🚀 BMS DAILY TRACKER STARTED (enhanced anti‑detection)
[00:16:06] [1/459] NECA
[00:16:06] 🧠 New identity created
[00:16:07] [2/459] BJLC
[00:16:09] [3/459] BASU
[00:16:10] [4/459] RUPI
[00:16:11] [5/459] LCBK
[00:16:12] [6/459] PMAC
[00:16:12] [7/459] AMLC
[00:16:13] [8/459] LICL
[00:16:14] [9/459] UDMM
[00:16:15] [10/459] STBZ
[00:16:15] 🔄 Identity reset
[00:16:15] 🔄 Identity rotated (every 10 requests)
[00:16:17] [11/459] UUBT
[00:16:18] [12/459] SJKC
[00:16:18] [13/459] TUAL
[00:16:19] [14/459] MRSE
[00:16:21] [15/459] RMRK
[00:16:22] [16/459] TTKP
[00:16:23] [17/459] KTKO
[00:16:24] [18/459] SDBK
[00:16:25] [19/459] MCPR
[00:16:26] [20/459] CHTI
[00:16:26] 🔄 Identity reset
[00:16:26] 🔄 Identity rotated (every 10 requests)
[00:16:27] [21/459] GCCP
[00:16:28] [22/459] SRMY
[00:16:28] [23/459] NYST
[00:16:29] [24/459] NYAG
[00:16:30] [25/459] SBMT
[00:16:31] [26/459] INGA
[00:16:32] [27/459] WSIC
[00:16:33] [28/459] SCSS
[00:16:33] [29/459] COPG
[00:16:34] [30/459] RCGR
[00:16:35] 🔄 Identity reset
[00:16:35] 🔄 Identity rotated (every 10 requests)
[00:16:36] [31/459] TCZA
[00:16:37] [32/459] CNLP
[00:16:37] [33/459] CLKN
[00:16:38] [34/459] LHDF
[00:16:39] [35/459] ELKC
[00:16:40] [36/459] VCEM
[00:16:41] [37/459] SSZA
[00:16:42] [38/459] KRMT
[00:16:43] [39/459] LCMV
[00:16:44] [40/459] AYCZ
[00:16:44] 🔄 Identity reset
[00:16:44] 🔄 Identity rotated (every 10 requests)
[00:16:45] 🔄 Retry 1/5 for AYCZ in 2.4s
[00:16:45] 🔄 Identity reset
[00:16:47] 🧠 New identity created
[00:16:47] [41/459] CUMS
[00:16:48] [42/459] BOCK
[00:16:49] [43/459] PNMR
[00:16:50] [44/459] PJCP
[00:16:51] [45/459] JDDD
[00:16:52] [46/459] STMS
[00:16:52] [47/459] FLMB
[00:16:53] [48/459] PKCM
[00:16:54] [49/459] SPPR
[00:16:54] 🔄 Identity reset
[00:16:54] 🔄 Identity rotated (every 10 requests)
[00:16:55] [50/459] EYLH
[00:16:55] [51/459] RJCC
[00:16:56] [52/459] MMPS
[00:16:57] [53/459] SHMX
[00:16:58] [54/459] CCNL
[00:16:59] [55/459] RCNV
[00:17:00] [56/459] MAAG
[00:17:01] [57/459] LXCM
[00:17:02] [58/459] RCNI
[00:17:03] [59/459] SNNI
[00:17:03] 🔄 Identity reset
[00:17:03] 🔄 Identity rotated (every 10 requests)
[00:17:04] [60/459] LALC
[00:17:04] [61/459] SOCN
[00:17:05] [62/459] JHTP
[00:17:06] [63/459] PITP
[00:17:07] [64/459] CCKW
[00:17:08] [65/459] MCMC
[00:17:09] [66/459] DEES
[00:17:10] [67/459] SABT
[00:17:11] [68/459] VSPP
[00:17:12] [69/459] ABCT
[00:17:13] 🔄 Identity reset
[00:17:13] 🔄 Identity rotated (every 10 requests)
[00:17:13] [70/459] JVTB
[00:17:14] [71/459] VCBD
[00:17:15] [72/459] RMGG
[00:17:16] [73/459] RNMH
[00:17:16] [74/459] SPGL
[00:17:17] [75/459] JTTR
[00:17:18] [76/459] SICS
[00:17:19] [77/459] SRMI
[00:17:20] [78/459] SSIJ
[00:17:21] [79/459] KFMT
[00:17:21] 🔄 Identity reset
[00:17:21] 🔄 Identity rotated (every 10 requests)
[00:17:21] [80/459] VBIT
[00:17:22] [81/459] JKCT
[00:17:23] [82/459] GCGP
[00:17:24] [83/459] GDCS
[00:17:25] [84/459] TRBA
[00:17:26] [85/459] QUST
[00:17:27] [86/459] VSHM
[00:17:29] [87/459] SDCP
[00:17:29] [88/459] SNVS
[00:17:31] [89/459] NYTO
[00:17:32] 🔄 Identity reset
[00:17:32] 🔄 Identity rotated (every 10 requests)
[00:17:32] [90/459] URWC
[00:17:33] [91/459] GTWH
[00:17:34] [92/459] PFCM
[00:17:35] [93/459] KRTA
[00:17:35] [94/459] AXMC
[00:17:37] [95/459] EVMC
[00:17:38] [96/459] HGSM
[00:17:39] [97/459] ACVM
[00:17:40] [98/459] PSKL
[00:17:41] [99/459] RDMP
[00:17:41] 🔄 Identity reset
[00:17:41] 🔄 Identity rotated (every 10 requests)
[00:17:41] [100/459] RHGH
[00:17:42] [101/459] OMCM
[00:17:43] [102/459] DCCP
[00:17:44] [103/459] MCPB
[00:17:44] [104/459] ALCI
[00:17:45] [105/459] BLMX
[00:17:46] [106/459] BTMV
[00:17:46] [107/459] FVPN
[00:17:47] [108/459] CMAR
[00:17:48] [109/459] CEIM
[00:17:48] 🔄 Identity reset
[00:17:48] 🔄 Identity rotated (every 10 requests)
[00:17:49] [110/459] CMVA
[00:17:49] [111/459] CPIV
[00:17:50] [112/459] CNPE
[00:17:51] [113/459] COLV
[00:17:52] [114/459] DNNV
[00:17:53] [115/459] HCAD
[00:17:53] [116/459] TAKA
[00:17:54] [117/459] INVD
[00:17:55] [118/459] IRMM
[00:17:56] [119/459] INSE
[00:17:56] 🔄 Identity reset
[00:17:56] 🔄 Identity rotated (every 10 requests)
[00:17:57] [120/459] MRSW
[00:17:58] [121/459] MCVD
[00:17:59] [122/459] MCSO
[00:18:00] [123/459] PEVM
[00:18:00] [124/459] PVNL
[00:18:01] [125/459] PTCV
[00:18:02] [126/459] PRTC
[00:18:03] [127/459] RCVA
[00:18:05] [128/459] MTBN
[00:18:06] [129/459] LUCP
[00:18:06] 🔄 Identity reset
[00:18:06] 🔄 Identity rotated (every 10 requests)
[00:18:06] [130/459] FMPT
[00:18:07] [131/459] JLSL
[00:18:08] [132/459] SBHA
[00:18:09] [133/459] SHRC
[00:18:10] [134/459] AVPS
[00:18:11] [135/459] STPM
[00:18:12] [136/459] ATRD
[00:18:13] [137/459] VTED
[00:18:14] [138/459] ACAI
[00:18:16] [139/459] SMAE
[00:18:16] 🔄 Identity reset
[00:18:16] 🔄 Identity rotated (every 10 requests)
[00:18:17] [140/459] VMAT
[00:18:17] [141/459] LKCT
[00:18:18] [142/459] JTVK
[00:18:19] [143/459] PRTY
[00:18:20] [144/459] GETT
[00:18:20] [145/459] ESAP
[00:18:21] [146/459] NCPM
[00:18:22] [147/459] PCPA
[00:18:23] [148/459] MMOM
[00:18:23] [149/459] PHUP
[00:18:24] 🔄 Identity reset
[00:18:24] 🔄 Identity rotated (every 10 requests)
[00:18:24] [150/459] CCPI
[00:18:25] [151/459] CNTD
[00:18:26] [152/459] NLJR
[00:18:27] [153/459] SRNG
[00:18:28] [154/459] MHAL
[00:18:29] [155/459] PNSM
[00:18:29] [156/459] DRMY
[00:18:30] [157/459] CCMU
[00:18:31] [158/459] SCMY
[00:18:31] [159/459] PVSY
[00:18:32] 🔄 Identity reset
[00:18:32] 🔄 Identity rotated (every 10 requests)
[00:18:32] [160/459] SDLM
[00:18:33] [161/459] ICCM
[00:18:34] [162/459] PYSU
[00:18:35] [163/459] GATM
[00:18:36] [164/459] WOTM
[00:18:37] [165/459] RKTS
[00:18:37] [166/459] PMTY
[00:18:38] [167/459] LYMS
[00:18:39] [168/459] TGCA
[00:18:40] [169/459] DSTA
[00:18:41] 🔄 Identity reset
[00:18:41] 🔄 Identity rotated (every 10 requests)
[00:18:41] [170/459] CNGE
[00:18:42] [171/459] VSTG
[00:18:43] [172/459] GTCK
[00:18:44] [173/459] TGNT
[00:18:44] [174/459] ASLC
[00:18:45] [175/459] SSST
[00:18:46] [176/459] KBTT
[00:18:47] [177/459] HKCP
[00:18:47] [178/459] SWLC
[00:18:48] [179/459] RTND
[00:18:49] 🔄 Identity reset
[00:18:49] 🔄 Identity rotated (every 10 requests)
[00:18:49] [180/459] PKKT
[00:18:49] [181/459] HSTK
[00:18:50] [182/459] SPTT
[00:18:51] [183/459] IMPM
[00:18:52] [184/459] SCMV
[00:18:53] [185/459] SPCT
[00:18:54] [186/459] JBCA
[00:18:54] [187/459] ATTR
[00:18:55] [188/459] SPMT
[00:18:56] [189/459] LCTM
[00:18:57] 🔄 Identity reset
[00:18:57] 🔄 Identity rotated (every 10 requests)
[00:18:57] [190/459] SCVL
[00:18:58] [191/459] SCVT
[00:18:59] [192/459] KRIC
[00:18:59] [193/459] CTMG
[00:19:00] [194/459] ACNC
[00:19:01] [195/459] DMCK
[00:19:02] [196/459] KMTV
[00:19:03] [197/459] PFCJ
[00:19:03] [198/459] VNMD
[00:19:04] [199/459] VPCZ
[00:19:05] 🔄 Identity reset
[00:19:05] 🔄 Identity rotated (every 10 requests)
[00:19:05] [200/459] SRYR
[00:19:05] [201/459] SYTR
[00:19:06] [202/459] GATR
[00:19:07] [203/459] URTR
[00:19:08] [204/459] MKSM
[00:19:09] [205/459] VSMH
[00:19:10] [206/459] SKRJ
[00:19:11] [207/459] SSJR
[00:19:11] [208/459] SVSM
[00:19:12] [209/459] RUCM
[00:19:13] 🔄 Identity reset
[00:19:13] 🔄 Identity rotated (every 10 requests)
[00:19:13] [210/459] PRKN
[00:19:14] [211/459] RROH
[00:19:15] [212/459] SCTN
[00:19:15] [213/459] RTDM
[00:19:16] [214/459] ASRM
[00:19:17] [215/459] SKMD
[00:19:18] [216/459] SUTD
[00:19:19] [217/459] SADM
[00:19:19] [218/459] WCNR
[00:19:20] [219/459] CNED
[00:19:21] 🔄 Identity reset
[00:19:21] 🔄 Identity rotated (every 10 requests)
[00:19:21] [220/459] MPDB
[00:19:22] [221/459] KTBH
[00:19:24] [222/459] IDRM
[00:19:25] [223/459] PJJT
[00:19:26] [224/459] PFCV
[00:19:27] [225/459] AACT
[00:19:28] [226/459] AAAD
[00:19:28] [227/459] ANES
[00:19:29] [228/459] MNCA
[00:19:30] [229/459] RMGU
[00:19:30] 🔄 Identity reset
[00:19:30] 🔄 Identity rotated (every 10 requests)
[00:19:30] [230/459] DLCN
[00:19:31] [231/459] LJWT
[00:19:32] [232/459] MCBG
[00:19:33] [233/459] MYBG
[00:19:34] [234/459] GCCA
[00:19:35] [235/459] GCGA
[00:19:36] [236/459] ECGN
[00:19:37] [237/459] PRAB
[00:19:38] [238/459] PNMP
[00:19:38] [239/459] GCPT
[00:19:39] 🔄 Identity reset
[00:19:39] 🔄 Identity rotated (every 10 requests)
[00:19:39] [240/459] ROYN
[00:19:40] [241/459] VATM
[00:19:41] [242/459] KSNT
[00:19:42] [243/459] ACTC
[00:19:43] [244/459] PLTD
[00:19:44] [245/459] SKMK
[00:19:45] [246/459] CMTT
[00:19:45] [247/459] SMXP
[00:19:46] [248/459] SCMX
[00:19:47] [249/459] ACXN
[00:19:48] 🔄 Identity reset
[00:19:48] 🔄 Identity rotated (every 10 requests)
[00:19:48] 🔄 Retry 1/5 for ACXN in 2.7s
[00:19:48] 🔄 Identity reset
[00:19:50] 🧠 New identity created
[00:19:51] [250/459] ASWT
[00:19:51] [251/459] VVVL
[00:19:52] [252/459] NAGO
[00:19:53] [253/459] SNCN
[00:19:54] [254/459] MCKP
[00:19:55] [255/459] SAMO
[00:19:55] [256/459] JBTV
[00:19:56] [257/459] DCVV
[00:19:57] [258/459] KMSV
[00:19:58] 🔄 Identity reset
[00:19:58] 🔄 Identity rotated (every 10 requests)
[00:19:58] [259/459] KDCN
[00:20:00] [260/459] CNCP
[00:20:01] [261/459] HAMC
[00:20:01] [262/459] CCVZ
[00:20:02] [263/459] NCCK
[00:20:03] [264/459] MCHR
[00:20:03] [265/459] SCHT
[00:20:04] [266/459] ESSH
[00:20:06] [267/459] CUJC
[00:20:07] [268/459] PECP
[00:20:08] 🔄 Identity reset
[00:20:08] 🔄 Identity rotated (every 10 requests)
[00:20:08] [269/459] PMMI
[00:20:09] [270/459] PCCH
[00:20:10] [271/459] PRPM
[00:20:11] [272/459] PVKL
[00:20:12] [273/459] CBSM
[00:20:12] [274/459] PVCZ
[00:20:13] [275/459] PCVV
[00:20:14] [276/459] CTMJ
[00:20:15] [277/459] RCPS
[00:20:15] [278/459] PCIT
[00:20:16] 🔄 Identity reset
[00:20:16] 🔄 Identity rotated (every 10 requests)
[00:20:16] [279/459] FNCH
[00:20:17] [280/459] INZD
[00:20:18] [281/459] INPC
[00:20:19] [282/459] LCZP
[00:20:19] [283/459] SMCB
[00:20:20] [284/459] PTSB
[00:20:21] [285/459] TPSI
[00:20:22] [286/459] KHMJ
[00:20:22] [287/459] RCCJ
[00:20:23] [288/459] NCJA
[00:20:24] 🔄 Identity reset
[00:20:24] 🔄 Identity rotated (every 10 requests)
[00:20:24] [289/459] NCJN
[00:20:25] [290/459] BTDP
[00:20:25] [291/459] PADY
[00:20:26] [292/459] NYBH
[00:20:27] [293/459] MTBR
[00:20:28] [294/459] KRBC
[00:20:29] [295/459] DKTI
[00:20:29] [296/459] ANAN
[00:20:30] [297/459] INBP
[00:20:31] [298/459] PATB
[00:20:31] 🔄 Identity reset
[00:20:31] 🔄 Identity rotated (every 10 requests)
[00:20:31] [299/459] RGNT
[00:20:32] [300/459] CGPM
[00:20:33] [301/459] INTN
[00:20:33] [302/459] MCMP
[00:20:34] [303/459] ASRG
[00:20:35] [304/459] CXJD
[00:20:35] [305/459] SPCP
[00:20:36] [306/459] CSTP
[00:20:36] [307/459] PKVC
[00:20:37] [308/459] ESCP
[00:20:38] 🔄 Identity reset
[00:20:38] 🔄 Identity rotated (every 10 requests)
[00:20:38] [309/459] CAEP
[00:20:39] [310/459] CCSP
[00:20:40] [311/459] KTPC
[00:20:41] [312/459] DACA
[00:20:42] [313/459] NVKY
[00:20:42] [314/459] PTIN
[00:20:43] [315/459] SCIN
[00:20:44] [316/459] MCTY
[00:20:45] [317/459] PCMX
[00:20:46] [318/459] INIC
[00:20:47] 🔄 Identity reset
[00:20:47] 🔄 Identity rotated (every 10 requests)
[00:20:47] [319/459] MMZM
[00:20:48] [320/459] SSLP
[00:20:49] [321/459] DTDT
[00:20:49] [322/459] FFCX
[00:20:50] [323/459] RCMM
[00:20:51] [324/459] KYID
[00:20:52] [325/459] CSCI
[00:20:53] [326/459] FCMC
[00:20:53] [327/459] MMXI
[00:20:54] [328/459] ASTC
[00:20:55] 🔄 Identity reset
[00:20:55] 🔄 Identity rotated (every 10 requests)
[00:20:55] [329/459] CMRA
[00:20:56] [330/459] DICI
[00:20:57] [331/459] KDIN
[00:20:58] [332/459] PRFI
[00:20:59] [333/459] SVFC
[00:21:00] [334/459] UCPL
[00:21:01] [335/459] COOC
[00:21:02] [336/459] SCAL
[00:21:03] [337/459] SVFF
[00:21:05] [338/459] VCMG
[00:21:05] 🔄 Identity reset
[00:21:05] 🔄 Identity rotated (every 10 requests)
[00:21:05] [339/459] UUCT
[00:21:06] [340/459] GCSE
[00:21:08] [341/459] SUSC
[00:21:09] [342/459] MISC
[00:21:09] [343/459] RMBL
[00:21:10] [344/459] CMXN
[00:21:11] [345/459] PVBK
[00:21:11] [346/459] HHCG
[00:21:12] [347/459] SCAG
[00:21:13] [348/459] CNPR
[00:21:13] 🔄 Identity reset
[00:21:13] 🔄 Identity rotated (every 10 requests)
[00:21:14] [349/459] CSER
[00:21:15] [350/459] HLWD
[00:21:15] [351/459] BOLY
[00:21:16] [352/459] SSPG
[00:21:17] [353/459] MUPX
[00:21:18] [354/459] HAMR
[00:21:19] [355/459] SDNC
[00:21:20] [356/459] RTEN
[00:21:20] [357/459] SDTD
[00:21:21] [358/459] KAWS
[00:21:22] 🔄 Identity reset
[00:21:22] 🔄 Identity rotated (every 10 requests)
[00:21:22] [359/459] CMZX
[00:21:23] [360/459] DCDD
[00:21:24] [361/459] ALSN
[00:21:25] [362/459] IMXS
[00:21:26] [363/459] PVFF
[00:21:26] [364/459] PVOO
[00:21:27] [365/459] CFBS
[00:21:28] [366/459] PVER
[00:21:29] [367/459] PPNX
[00:21:30] [368/459] CNRM
[00:21:30] 🔄 Identity reset
[00:21:30] 🔄 Identity rotated (every 10 requests)
[00:21:30] [369/459] PVWW
[00:21:31] [370/459] INMB
[00:21:32] [371/459] CPJR
[00:21:33] [372/459] INRZ
[00:21:34] [373/459] PMSR
[00:21:35] [374/459] GPGM
[00:21:36] [375/459] PGWB
[00:21:36] [376/459] PMBR
[00:21:37] [377/459] GPAM
[00:21:38] [378/459] INBC
[00:21:39] 🔄 Identity reset
[00:21:39] 🔄 Identity rotated (every 10 requests)
[00:21:39] [379/459] PZVK
[00:21:40] [380/459] CPEB
[00:21:41] [381/459] FMLB
[00:21:42] [382/459] INBG
[00:21:42] [383/459] GPBR
[00:21:43] [384/459] PAAS
[00:21:44] [385/459] VTBR
[00:21:44] [386/459] GPMY
[00:21:45] [387/459] GYBU
[00:21:46] [388/459] INBJ
[00:21:46] 🔄 Identity reset
[00:21:46] 🔄 Identity rotated (every 10 requests)
[00:21:46] [389/459] LKTH
[00:21:47] [390/459] NSBR
[00:21:49] [391/459] PDRD
[00:21:49] [392/459] VRBL
[00:21:50] [393/459] VTGB
[00:21:51] [394/459] VTSK
[00:21:52] [395/459] BKDV
[00:21:52] [396/459] SVTB
[00:21:53] [397/459] MLDT
[00:21:54] [398/459] NRBL
[00:21:55] 🔄 Identity reset
[00:21:55] 🔄 Identity rotated (every 10 requests)
[00:21:55] [399/459] SLTR
[00:21:56] [400/459] VNKA
[00:21:57] [401/459] TDCA
[00:21:58] [402/459] INBM
[00:21:58] [403/459] SSNR
[00:21:59] [404/459] BHAC
[00:22:00] [405/459] SDSD
[00:22:01] [406/459] SAMP
[00:22:01] [407/459] RATK
[00:22:03] [408/459] KCBI
[00:22:03] 🔄 Identity reset
[00:22:03] 🔄 Identity rotated (every 10 requests)
[00:22:03] [409/459] URBL
[00:22:04] [410/459] MKBG
[00:22:05] [411/459] ASTB
[00:22:06] [412/459] VBWT
[00:22:07] [413/459] GPSM
[00:22:08] [414/459] ROON
[00:22:09] [415/459] CHTH
[00:22:10] [416/459] SSPA
[00:22:11] [417/459] ANBL
[00:22:12] [418/459] VTBE
[00:22:13] 🔄 Identity reset
[00:22:13] 🔄 Identity rotated (every 10 requests)
[00:22:13] [419/459] SVKT
[00:22:14] [420/459] SVYK
[00:22:14] [421/459] PTBK
[00:22:15] [422/459] RKTB
[00:22:16] [423/459] BALT
[00:22:17] [424/459] STSV
[00:22:17] [425/459] VCCB
[00:22:18] [426/459] SLTB
[00:22:19] [427/459] SBCR
[00:22:19] [428/459] VDCS
[00:22:20] 🔄 Identity reset
[00:22:20] 🔄 Identity rotated (every 10 requests)
[00:22:20] [429/459] MDKI
[00:22:21] [430/459] SMRN
[00:22:22] [431/459] PTBC
[00:22:23] [432/459] RADI
[00:22:24] [433/459] ADCR
[00:22:25] [434/459] SDCS
[00:22:26] [435/459] SRPJ
[00:22:27] [436/459] ARTS
[00:22:28] [437/459] SRHK
[00:22:29] [438/459] SPAY
[00:22:29] 🔄 Identity reset
[00:22:29] 🔄 Identity rotated (every 10 requests)
[00:22:30] [439/459] GPTB
[00:22:31] [440/459] SNNN
[00:22:32] [441/459] BALJ
[00:22:33] [442/459] TRIG
[00:22:34] [443/459] GTYT
[00:22:35] [444/459] ATGN
[00:22:35] [445/459] ANTE
[00:22:36] [446/459] BDCG
[00:22:37] [447/459] VECI
[00:22:38] [448/459] SCPR
[00:22:38] 🔄 Identity reset
[00:22:38] 🔄 Identity rotated (every 10 requests)
[00:22:38] [449/459] RTEA
[00:22:39] [450/459] JSAI
[00:22:40] [451/459] VJTP
[00:22:41] [452/459] GNDS
[00:22:42] [453/459] PAXA
[00:22:43] [454/459] CGGM
[00:22:44] [455/459] ACKZ
[00:22:45] [456/459] EMCC
[00:22:46] [457/459] KLSK
[00:22:47] [458/459] AVCK
[00:22:47] 🔄 Identity reset
[00:22:47] 🔄 Identity rotated (every 10 requests)
[00:22:48] [459/459] JTCK
[00:22:49] ✅ DONE | Shows=0 | Movies=0
[01:16:16] 🚀 BMS DAILY TRACKER STARTED (enhanced anti‑detection)
[01:16:16] [1/459] NECA
[01:16:17] 🧠 New identity created
[01:16:17] [2/459] BJLC
[01:16:18] [3/459] BASU
[01:16:19] [4/459] RUPI
[01:16:20] [5/459] LCBK
[01:16:21] [6/459] PMAC
[01:16:22] [7/459] AMLC
[01:16:23] [8/459] LICL
[01:16:23] [9/459] UDMM
[01:16:24] [10/459] STBZ
[01:16:25] 🔄 Identity reset
[01:16:25] 🔄 Identity rotated (every 10 requests)
[01:16:25] [11/459] UUBT
[01:16:26] [12/459] SJKC
[01:16:26] [13/459] TUAL
[01:16:27] [14/459] MRSE
[01:16:28] [15/459] RMRK
[01:16:29] [16/459] TTKP
[01:16:30] [17/459] KTKO
[01:16:32] [18/459] SDBK
[01:16:32] [19/459] MCPR
[01:16:33] [20/459] CHTI
[01:16:34] 🔄 Identity reset
[01:16:34] 🔄 Identity rotated (every 10 requests)
[01:16:34] [21/459] GCCP
[01:16:35] [22/459] SRMY
[01:16:36] [23/459] NYST
[01:16:37] [24/459] NYAG
[01:16:38] [25/459] SBMT
[01:16:38] [26/459] INGA
[01:16:39] [27/459] WSIC
[01:16:40] [28/459] SCSS
[01:16:41] [29/459] COPG
[01:16:42] [30/459] RCGR
[01:16:42] 🔄 Identity reset
[01:16:42] 🔄 Identity rotated (every 10 requests)
[01:16:43] [31/459] TCZA
[01:16:43] [32/459] CNLP
[01:16:44] [33/459] CLKN
[01:16:45] [34/459] LHDF
[01:16:45] [35/459] ELKC
[01:16:46] [36/459] VCEM
[01:16:47] [37/459] SSZA
[01:16:48] [38/459] KRMT
[01:16:49] [39/459] LCMV
[01:16:49] [40/459] AYCZ
[01:16:50] 🔄 Identity reset
[01:16:50] 🔄 Identity rotated (every 10 requests)
[01:16:51] [41/459] CUMS
[01:16:53] [42/459] BOCK
[01:16:53] [43/459] PNMR
[01:16:55] [44/459] PJCP
[01:16:56] [45/459] JDDD
[01:16:56] [46/459] STMS
[01:16:57] [47/459] FLMB
[01:16:58] [48/459] PKCM
[01:16:59] [49/459] SPPR
[01:17:00] [50/459] EYLH
[01:17:01] 🔄 Identity reset
[01:17:01] 🔄 Identity rotated (every 10 requests)
[01:17:01] [51/459] RJCC
[01:17:02] [52/459] MMPS
[01:17:03] [53/459] SHMX
[01:17:03] [54/459] CCNL
[01:17:04] [55/459] RCNV
[01:17:05] [56/459] MAAG
[01:17:06] [57/459] LXCM
[01:17:07] [58/459] RCNI
[01:17:08] [59/459] SNNI
[01:17:08] [60/459] LALC
[01:17:09] 🔄 Identity reset
[01:17:09] 🔄 Identity rotated (every 10 requests)
[01:17:09] [61/459] SOCN
[01:17:10] [62/459] JHTP
[01:17:11] [63/459] PITP
[01:17:12] [64/459] CCKW
[01:17:13] [65/459] MCMC
[01:17:14] [66/459] DEES
[01:17:15] [67/459] SABT
[01:17:15] [68/459] VSPP
[01:17:16] [69/459] ABCT
[01:17:17] [70/459] JVTB
[01:17:18] 🔄 Identity reset
[01:17:18] 🔄 Identity rotated (every 10 requests)
[01:17:18] 🔄 Retry 1/5 for JVTB in 2.5s
[01:17:18] 🔄 Identity reset
[01:17:20] 🧠 New identity created
[01:17:21] [71/459] VCBD
[01:17:21] [72/459] RMGG
[01:17:22] [73/459] RNMH
[01:17:23] [74/459] SPGL
[01:17:24] [75/459] JTTR
[01:17:25] [76/459] SICS
[01:17:26] [77/459] SRMI
[01:17:27] [78/459] SSIJ
[01:17:28] [79/459] KFMT
[01:17:29] 🔄 Identity reset
[01:17:29] 🔄 Identity rotated (every 10 requests)
[01:17:29] 🔄 Retry 1/5 for KFMT in 2.1s
[01:17:29] 🔄 Identity reset
[01:17:31] 🧠 New identity created
[01:17:31] [80/459] VBIT
[01:17:32] [81/459] JKCT
[01:17:33] [82/459] GCGP
[01:17:34] [83/459] GDCS
[01:17:34] [84/459] TRBA
[01:17:35] [85/459] QUST
[01:17:36] [86/459] VSHM
[01:17:38] [87/459] SDCP
[01:17:38] [88/459] SNVS
[01:17:39] 🔄 Identity reset
[01:17:39] 🔄 Identity rotated (every 10 requests)
[01:17:39] [89/459] NYTO
[01:17:40] [90/459] URWC
[01:17:41] [91/459] GTWH
[01:17:42] [92/459] PFCM
[01:17:43] [93/459] KRTA
[01:17:43] [94/459] AXMC
[01:17:44] [95/459] EVMC
[01:17:45] [96/459] HGSM
[01:17:46] [97/459] ACVM
[01:17:47] [98/459] PSKL
[01:17:47] 🔄 Identity reset
[01:17:47] 🔄 Identity rotated (every 10 requests)
[01:17:48] [99/459] RDMP
[01:17:48] [100/459] RHGH
[01:17:49] [101/459] OMCM
[01:17:50] [102/459] DCCP
[01:17:51] [103/459] MCPB
[01:17:52] [104/459] ALCI
[01:17:53] [105/459] BLMX
[01:17:54] [106/459] BTMV
[01:17:55] [107/459] FVPN
[01:17:55] [108/459] CMAR
[01:17:56] 🔄 Identity reset
[01:17:56] 🔄 Identity rotated (every 10 requests)
[01:17:56] [109/459] CEIM
[01:17:57] [110/459] CMVA
[01:17:59] [111/459] CPIV
[01:17:59] [112/459] CNPE
[01:18:00] [113/459] COLV
[01:18:02] [114/459] DNNV
[01:18:03] [115/459] HCAD
[01:18:04] [116/459] TAKA
[01:18:05] [117/459] INVD
[01:18:06] [118/459] IRMM
[01:18:07] 🔄 Identity reset
[01:18:07] 🔄 Identity rotated (every 10 requests)
[01:18:07] [119/459] INSE
[01:18:08] [120/459] MRSW
[01:18:09] [121/459] MCVD
[01:18:09] [122/459] MCSO
[01:18:10] [123/459] PEVM
[01:18:11] [124/459] PVNL
[01:18:12] [125/459] PTCV
[01:18:14] [126/459] PRTC
[01:18:16] [127/459] RCVA
[01:18:17] [128/459] MTBN
[01:18:17] 🔄 Identity reset
[01:18:17] 🔄 Identity rotated (every 10 requests)
[01:18:18] [129/459] LUCP
[01:18:20] [130/459] FMPT
[01:18:21] [131/459] JLSL
[01:18:21] [132/459] SBHA
[01:18:23] [133/459] SHRC
[01:18:24] [134/459] AVPS
[01:18:25] [135/459] STPM
[01:18:26] [136/459] ATRD
[01:18:27] [137/459] VTED
[01:18:28] [138/459] ACAI
[01:18:29] 🔄 Identity reset
[01:18:29] 🔄 Identity rotated (every 10 requests)
[01:18:29] 🔄 Retry 1/5 for ACAI in 2.5s
[01:18:29] 🔄 Identity reset
[01:18:31] 🧠 New identity created
[01:18:32] [139/459] SMAE
[01:18:33] [140/459] VMAT
[01:18:34] [141/459] LKCT
[01:18:34] [142/459] JTVK
[01:18:35] [143/459] PRTY
[01:18:36] [144/459] GETT
[01:18:37] [145/459] ESAP
[01:18:38] [146/459] NCPM
[01:18:39] [147/459] PCPA
[01:18:39] 🔄 Identity reset
[01:18:39] 🔄 Identity rotated (every 10 requests)
[01:18:39] 🔄 Retry 1/5 for PCPA in 2.1s
[01:18:39] 🔄 Identity reset
[01:18:41] 🧠 New identity created
[01:18:42] [148/459] MMOM
[01:18:43] [149/459] PHUP
[01:18:44] [150/459] CCPI
[01:18:45] [151/459] CNTD
[01:18:46] [152/459] NLJR
[01:18:47] [153/459] SRNG
[01:18:48] [154/459] MHAL
[01:18:48] [155/459] PNSM
[01:18:49] [156/459] DRMY
[01:18:50] 🔄 Identity reset
[01:18:50] 🔄 Identity rotated (every 10 requests)
[01:18:50] 🔄 Retry 1/5 for DRMY in 2.7s
[01:18:50] 🔄 Identity reset
[01:18:53] 🧠 New identity created
[01:18:53] [157/459] CCMU
[01:18:54] [158/459] SCMY
[01:18:55] [159/459] PVSY
[01:18:56] [160/459] SDLM
[01:18:57] [161/459] ICCM
[01:18:58] [162/459] PYSU
[01:18:59] [163/459] GATM
[01:18:59] [164/459] WOTM
[01:19:00] [165/459] RKTS
[01:19:01] 🔄 Identity reset
[01:19:01] 🔄 Identity rotated (every 10 requests)
[01:19:01] [166/459] PMTY
[01:19:03] [167/459] LYMS
[01:19:03] [168/459] TGCA
[01:19:04] [169/459] DSTA
[01:19:05] [170/459] CNGE
[01:19:06] [171/459] VSTG
[01:19:07] [172/459] GTCK
[01:19:08] [173/459] TGNT
[01:19:09] [174/459] ASLC
[01:19:09] [175/459] SSST
[01:19:10] 🔄 Identity reset
[01:19:10] 🔄 Identity rotated (every 10 requests)
[01:19:10] [176/459] KBTT
[01:19:11] [177/459] HKCP
[01:19:12] [178/459] SWLC
[01:19:13] [179/459] RTND
[01:19:13] [180/459] PKKT
[01:19:15] [181/459] HSTK
[01:19:16] [182/459] SPTT
[01:19:16] [183/459] IMPM
[01:19:17] [184/459] SCMV
[01:19:18] [185/459] SPCT
[01:19:19] 🔄 Identity reset
[01:19:19] 🔄 Identity rotated (every 10 requests)
[01:19:19] [186/459] JBCA
[01:19:20] [187/459] ATTR
[01:19:22] [188/459] SPMT
[01:19:22] [189/459] LCTM
[01:19:23] [190/459] SCVL
[01:19:24] [191/459] SCVT
[01:19:25] [192/459] KRIC
[01:19:26] [193/459] CTMG
[01:19:27] [194/459] ACNC
[01:19:28] [195/459] DMCK
[01:19:29] 🔄 Identity reset
[01:19:29] 🔄 Identity rotated (every 10 requests)
[01:19:29] [196/459] KMTV
[01:19:30] [197/459] PFCJ
[01:19:31] [198/459] VNMD
[01:19:32] [199/459] VPCZ
[01:19:32] [200/459] SRYR
[01:19:33] [201/459] SYTR
[01:19:34] [202/459] GATR
[01:19:35] [203/459] URTR
[01:19:36] [204/459] MKSM
[01:19:37] [205/459] VSMH
[01:19:37] 🔄 Identity reset
[01:19:37] 🔄 Identity rotated (every 10 requests)
[01:19:37] 🔄 Retry 1/5 for VSMH in 2.6s
[01:19:37] 🔄 Identity reset
[01:19:40] 🧠 New identity created
[01:19:40] [206/459] SKRJ
[01:19:41] [207/459] SSJR
[01:19:42] [208/459] SVSM
[01:19:43] [209/459] RUCM
[01:19:44] [210/459] PRKN
[01:19:45] [211/459] RROH
[01:19:46] [212/459] SCTN
[01:19:47] [213/459] RTDM
[01:19:48] [214/459] ASRM
[01:19:48] 🔄 Identity reset
[01:19:48] 🔄 Identity rotated (every 10 requests)
[01:19:49] [215/459] SKMD
[01:19:50] [216/459] SUTD
[01:19:51] [217/459] SADM
[01:19:52] [218/459] WCNR
[01:19:53] [219/459] CNED
[01:19:53] [220/459] MPDB
[01:19:54] [221/459] KTBH
[01:19:56] [222/459] IDRM
[01:19:57] [223/459] PJJT
[01:19:58] [224/459] PFCV
[01:19:58] 🔄 Identity reset
[01:19:58] 🔄 Identity rotated (every 10 requests)
[01:19:59] [225/459] AACT
[01:20:00] [226/459] AAAD
[01:20:00] [227/459] ANES
[01:20:01] [228/459] MNCA
[01:20:02] [229/459] RMGU
[01:20:03] [230/459] DLCN
[01:20:04] [231/459] LJWT
[01:20:05] [232/459] MCBG
[01:20:06] [233/459] MYBG
[01:20:07] [234/459] GCCA
[01:20:07] 🔄 Identity reset
[01:20:07] 🔄 Identity rotated (every 10 requests)
[01:20:08] [235/459] GCGA
[01:20:09] [236/459] ECGN
[01:20:10] [237/459] PRAB
[01:20:11] [238/459] PNMP
[01:20:12] [239/459] GCPT
[01:20:13] [240/459] ROYN
[01:20:14] [241/459] VATM
[01:20:14] [242/459] KSNT
[01:20:15] [243/459] ACTC
[01:20:16] [244/459] PLTD
[01:20:17] 🔄 Identity reset
[01:20:17] 🔄 Identity rotated (every 10 requests)
[01:20:17] [245/459] SKMK
[01:20:18] [246/459] CMTT
[01:20:19] [247/459] SMXP
[01:20:20] [248/459] SCMX
[01:20:21] [249/459] ACXN
[01:20:22] [250/459] ASWT
[01:20:22] [251/459] VVVL
[01:20:23] [252/459] NAGO
[01:20:24] [253/459] SNCN
[01:20:25] [254/459] MCKP
[01:20:26] 🔄 Identity reset
[01:20:26] 🔄 Identity rotated (every 10 requests)
[01:20:26] 🔄 Retry 1/5 for MCKP in 2.3s
[01:20:26] 🔄 Identity reset
[01:20:28] 🧠 New identity created
[01:20:28] [255/459] SAMO
[01:20:29] [256/459] JBTV
[01:20:30] [257/459] DCVV
[01:20:31] [258/459] KMSV
[01:20:32] [259/459] KDCN
[01:20:32] [260/459] CNCP
[01:20:33] [261/459] HAMC
[01:20:34] [262/459] CCVZ
[01:20:35] [263/459] NCCK
[01:20:36] 🔄 Identity reset
[01:20:36] 🔄 Identity rotated (every 10 requests)
[01:20:36] [264/459] MCHR
[01:20:37] [265/459] SCHT
[01:20:37] [266/459] ESSH
[01:20:38] [267/459] CUJC
[01:20:39] [268/459] PECP
[01:20:41] [269/459] PMMI
[01:20:42] [270/459] PCCH
[01:20:43] [271/459] PRPM
[01:20:43] [272/459] PVKL
[01:20:44] [273/459] CBSM
[01:20:45] 🔄 Identity reset
[01:20:45] 🔄 Identity rotated (every 10 requests)
[01:20:45] [274/459] PVCZ
[01:20:46] [275/459] PCVV
[01:20:47] [276/459] CTMJ
[01:20:48] [277/459] RCPS
[01:20:49] [278/459] PCIT
[01:20:50] [279/459] FNCH
[01:20:50] [280/459] INZD
[01:20:51] [281/459] INPC
[01:20:52] [282/459] LCZP
[01:20:53] [283/459] SMCB
[01:20:54] 🔄 Identity reset
[01:20:54] 🔄 Identity rotated (every 10 requests)
[01:20:54] [284/459] PTSB
[01:20:55] [285/459] TPSI
[01:20:56] [286/459] KHMJ
[01:20:56] [287/459] RCCJ
[01:20:57] [288/459] NCJA
[01:20:58] [289/459] NCJN
[01:20:59] [290/459] BTDP
[01:21:00] [291/459] PADY
[01:21:01] [292/459] NYBH
[01:21:02] [293/459] MTBR
[01:21:03] 🔄 Identity reset
[01:21:03] 🔄 Identity rotated (every 10 requests)
[01:21:03] [294/459] KRBC
[01:21:04] [295/459] DKTI
[01:21:05] [296/459] ANAN
[01:21:06] [297/459] INBP
[01:21:07] [298/459] PATB
[01:21:08] [299/459] RGNT
[01:21:08] [300/459] CGPM
[01:21:10] [301/459] INTN
[01:21:10] [302/459] MCMP
[01:21:11] [303/459] ASRG
[01:21:12] 🔄 Identity reset
[01:21:12] 🔄 Identity rotated (every 10 requests)
[01:21:12] [304/459] CXJD
[01:21:13] [305/459] SPCP
[01:21:14] [306/459] CSTP
[01:21:15] [307/459] PKVC
[01:21:16] [308/459] ESCP
[01:21:17] [309/459] CAEP
[01:21:17] [310/459] CCSP
[01:21:18] [311/459] KTPC
[01:21:19] [312/459] DACA
[01:21:20] [313/459] NVKY
[01:21:20] 🔄 Identity reset
[01:21:20] 🔄 Identity rotated (every 10 requests)
[01:21:21] [314/459] PTIN
[01:21:22] [315/459] SCIN
[01:21:23] [316/459] MCTY
[01:21:24] [317/459] PCMX
[01:21:25] [318/459] INIC
[01:21:25] [319/459] MMZM
[01:21:26] [320/459] SSLP
[01:21:27] [321/459] DTDT
[01:21:28] [322/459] FFCX
[01:21:29] [323/459] RCMM
[01:21:30] 🔄 Identity reset
[01:21:30] 🔄 Identity rotated (every 10 requests)
[01:21:31] [324/459] KYID
[01:21:33] [325/459] CSCI
[01:21:33] [326/459] FCMC
[01:21:34] [327/459] MMXI
[01:21:35] [328/459] ASTC
[01:21:36] [329/459] CMRA
[01:21:37] [330/459] DICI
[01:21:37] [331/459] KDIN
[01:21:38] [332/459] PRFI
[01:21:39] [333/459] SVFC
[01:21:40] 🔄 Identity reset
[01:21:40] 🔄 Identity rotated (every 10 requests)
[01:21:40] 🔄 Retry 1/5 for SVFC in 2.5s
[01:21:40] 🔄 Identity reset
[01:21:43] 🧠 New identity created
[01:21:43] [334/459] UCPL
[01:21:44] [335/459] COOC
[01:21:45] [336/459] SCAL
[01:21:45] [337/459] SVFF
[01:21:47] [338/459] VCMG
[01:21:48] [339/459] UUCT
[01:21:49] [340/459] GCSE
[01:21:50] [341/459] SUSC
[01:21:51] [342/459] MISC
[01:21:51] 🔄 Identity reset
[01:21:51] 🔄 Identity rotated (every 10 requests)
[01:21:52] [343/459] RMBL
[01:21:53] [344/459] CMXN
[01:21:53] [345/459] PVBK
[01:21:54] [346/459] HHCG
[01:21:55] [347/459] SCAG
[01:21:56] [348/459] CNPR
[01:21:57] [349/459] CSER
[01:21:58] [350/459] HLWD
[01:21:59] [351/459] BOLY
[01:21:59] [352/459] SSPG
[01:22:00] 🔄 Identity reset
[01:22:00] 🔄 Identity rotated (every 10 requests)
[01:22:00] 🔄 Retry 1/5 for SSPG in 3.0s
[01:22:00] 🔄 Identity reset
[01:22:03] 🧠 New identity created
[01:22:03] 🔄 Retry 2/5 for SSPG in 4.0s
[01:22:03] 🔄 Identity reset
[01:22:07] 🧠 New identity created
[01:22:08] [353/459] MUPX
[01:22:08] [354/459] HAMR
[01:22:10] [355/459] SDNC
[01:22:11] [356/459] RTEN
[01:22:12] [357/459] SDTD
[01:22:13] [358/459] KAWS
[01:22:14] [359/459] CMZX
[01:22:14] [360/459] DCDD
[01:22:15] 🔄 Identity reset
[01:22:15] 🔄 Identity rotated (every 10 requests)
[01:22:15] [361/459] ALSN
[01:22:16] [362/459] IMXS
[01:22:17] [363/459] PVFF
[01:22:18] [364/459] PVOO
[01:22:19] [365/459] CFBS
[01:22:20] [366/459] PVER
[01:22:21] [367/459] PPNX
[01:22:22] [368/459] CNRM
[01:22:23] [369/459] PVWW
[01:22:23] [370/459] INMB
[01:22:24] 🔄 Identity reset
[01:22:24] 🔄 Identity rotated (every 10 requests)
[01:22:24] [371/459] CPJR
[01:22:25] [372/459] INRZ
[01:22:27] [373/459] PMSR
[01:22:27] [374/459] GPGM
[01:22:29] [375/459] PGWB
[01:22:29] [376/459] PMBR
[01:22:31] [377/459] GPAM
[01:22:33] [378/459] INBC
[01:22:33] [379/459] PZVK
[01:22:34] [380/459] CPEB
[01:22:35] 🔄 Identity reset
[01:22:35] 🔄 Identity rotated (every 10 requests)
[01:22:35] [381/459] FMLB
[01:22:36] [382/459] INBG
[01:22:37] [383/459] GPBR
[01:22:38] [384/459] PAAS
[01:22:39] [385/459] VTBR
[01:22:40] [386/459] GPMY
[01:22:41] [387/459] GYBU
[01:22:41] [388/459] INBJ
[01:22:42] [389/459] LKTH
[01:22:43] [390/459] NSBR
[01:22:44] 🔄 Identity reset
[01:22:44] 🔄 Identity rotated (every 10 requests)
[01:22:44] [391/459] PDRD
[01:22:45] [392/459] VRBL
[01:22:46] [393/459] VTGB
[01:22:47] [394/459] VTSK
[01:22:47] [395/459] BKDV
[01:22:48] [396/459] SVTB
[01:22:49] [397/459] MLDT
[01:22:50] [398/459] NRBL
[01:22:51] [399/459] SLTR
[01:22:52] [400/459] VNKA
[01:22:52] 🔄 Identity reset
[01:22:52] 🔄 Identity rotated (every 10 requests)
[01:22:53] [401/459] TDCA
[01:22:54] [402/459] INBM
[01:22:55] [403/459] SSNR
[01:22:56] [404/459] BHAC
[01:22:56] [405/459] SDSD
[01:22:57] [406/459] SAMP
[01:22:58] [407/459] RATK
[01:23:00] [408/459] KCBI
[01:23:01] [409/459] URBL
[01:23:01] [410/459] MKBG
[01:23:02] 🔄 Identity reset
[01:23:02] 🔄 Identity rotated (every 10 requests)
[01:23:02] [411/459] ASTB
[01:23:03] [412/459] VBWT
[01:23:04] [413/459] GPSM
[01:23:05] [414/459] ROON
[01:23:05] [415/459] CHTH
[01:23:07] [416/459] SSPA
[01:23:08] [417/459] ANBL
[01:23:09] [418/459] VTBE
[01:23:10] [419/459] SVKT
[01:23:11] [420/459] SVYK
[01:23:11] 🔄 Identity reset
[01:23:11] 🔄 Identity rotated (every 10 requests)
[01:23:12] [421/459] PTBK
[01:23:12] [422/459] RKTB
[01:23:13] [423/459] BALT
[01:23:15] [424/459] STSV
[01:23:16] [425/459] VCCB
[01:23:17] [426/459] SLTB
[01:23:18] [427/459] SBCR
[01:23:19] [428/459] VDCS
[01:23:20] [429/459] MDKI
[01:23:21] [430/459] SMRN
[01:23:21] 🔄 Identity reset
[01:23:21] 🔄 Identity rotated (every 10 requests)
[01:23:21] 🔄 Retry 1/5 for SMRN in 3.0s
[01:23:21] 🔄 Identity reset
[01:23:24] 🧠 New identity created
[01:23:25] [431/459] PTBC
[01:23:26] [432/459] RADI
[01:23:27] [433/459] ADCR
[01:23:28] [434/459] SDCS
[01:23:28] [435/459] SRPJ
[01:23:29] [436/459] ARTS
[01:23:30] [437/459] SRHK
[01:23:31] [438/459] SPAY
[01:23:33] [439/459] GPTB
[01:23:33] 🔄 Identity reset
[01:23:33] 🔄 Identity rotated (every 10 requests)
[01:23:34] [440/459] SNNN
[01:23:35] [441/459] BALJ
[01:23:36] [442/459] TRIG
[01:23:38] [443/459] GTYT
[01:23:38] [444/459] ATGN
[01:23:39] [445/459] ANTE
[01:23:40] [446/459] BDCG
[01:23:41] [447/459] VECI
[01:23:42] [448/459] SCPR
[01:23:43] [449/459] RTEA
[01:23:43] 🔄 Identity reset
[01:23:43] 🔄 Identity rotated (every 10 requests)
[01:23:44] [450/459] JSAI
[01:23:44] [451/459] VJTP
[01:23:45] [452/459] GNDS
[01:23:46] [453/459] PAXA
[01:23:47] [454/459] CGGM
[01:23:48] [455/459] ACKZ
[01:23:49] [456/459] EMCC
[01:23:50] [457/459] KLSK
[01:23:51] [458/459] AVCK
[01:23:52] [459/459] JTCK
[01:23:52] 🔄 Identity reset
[01:23:52] 🔄 Identity rotated (every 10 requests)
[01:23:52] ✅ DONE | Shows=0 | Movies=0
