[00:16:26] 🚀 BMS DAILY TRACKER STARTED (enhanced anti‑detection)
[00:16:26] [1/326] BSAT
[00:16:27] 🧠 New identity created
[00:16:27] [2/326] RSSM
[00:16:29] [3/326] GCTA
[00:16:30] [4/326] TOPN
[00:16:31] [5/326] MCUS
[00:16:32] [6/326] SHRL
[00:16:33] [7/326] UPTP
[00:16:34] [8/326] TMMP
[00:16:35] [9/326] DNRP
[00:16:36] [10/326] SRLT
[00:16:37] 🔄 Identity reset
[00:16:37] 🔄 Identity rotated (every 10 requests)
[00:16:38] [11/326] RCNS
[00:16:39] [12/326] DCBH
[00:16:40] [13/326] NAGJ
[00:16:41] [14/326] JVRC
[00:16:42] [15/326] KRJG
[00:16:43] [16/326] SRTJ
[00:16:44] [17/326] CMXM
[00:16:46] [18/326] STMI
[00:16:47] [19/326] SLST
[00:16:48] [20/326] DTCN
[00:16:48] 🔄 Identity reset
[00:16:48] 🔄 Identity rotated (every 10 requests)
[00:16:48] [21/326] STYN
[00:16:49] [22/326] SZVR
[00:16:51] [23/326] SRKO
[00:16:53] [24/326] JTGT
[00:16:55] [25/326] SVFD
[00:16:55] [26/326] SISD
[00:16:57] [27/326] ABDD
[00:16:57] [28/326] DRCA
[00:16:59] [29/326] AVCS
[00:17:00] [30/326] MVKH
[00:17:01] 🔄 Identity reset
[00:17:01] 🔄 Identity rotated (every 10 requests)
[00:17:01] [31/326] ACPR
[00:17:02] [32/326] STIP
[00:17:03] [33/326] MTRA
[00:17:05] [34/326] RMKH
[00:17:06] [35/326] NKRL
[00:17:07] [36/326] PCWN
[00:17:08] [37/326] BLMT
[00:17:09] [38/326] GDPG
[00:17:10] [39/326] SRMX
[00:17:11] [40/326] JACP
[00:17:11] 🔄 Identity reset
[00:17:11] 🔄 Identity rotated (every 10 requests)
[00:17:11] 🔄 Retry 1/5 for JACP in 2.5s
[00:17:11] 🔄 Identity reset
[00:17:14] 🧠 New identity created
[00:17:14] [41/326] CPSH
[00:17:15] [42/326] MCCD
[00:17:16] [43/326] ECGH
[00:17:17] [44/326] MKCK
[00:17:18] [45/326] SRMM
[00:17:19] [46/326] SKYR
[00:17:20] [47/326] PCKC
[00:17:21] [48/326] JCMA
[00:17:22] [49/326] BSMP
[00:17:23] 🔄 Identity reset
[00:17:23] 🔄 Identity rotated (every 10 requests)
[00:17:23] [50/326] VSPA
[00:17:24] [51/326] DJYA
[00:17:26] [52/326] DIMP
[00:17:27] [53/326] FXDR
[00:17:28] [54/326] SSRC
[00:17:29] [55/326] STHP
[00:17:29] [56/326] CPPD
[00:17:31] [57/326] FCLK
[00:17:32] [58/326] SCPP
[00:17:33] [59/326] DCMJ
[00:17:34] 🔄 Identity reset
[00:17:34] 🔄 Identity rotated (every 10 requests)
[00:17:34] 🔄 Retry 1/5 for DCMJ in 2.8s
[00:17:34] 🔄 Identity reset
[00:17:37] 🧠 New identity created
[00:17:37] [60/326] RCCR
[00:17:38] [61/326] INMT
[00:17:39] [62/326] LXTK
[00:17:40] [63/326] SRYK
[00:17:41] [64/326] SGDK
[00:17:42] [65/326] PPKA
[00:17:44] [66/326] SPKA
[00:17:45] [67/326] CGHH
[00:17:45] [68/326] DCJN
[00:17:46] 🔄 Identity reset
[00:17:46] 🔄 Identity rotated (every 10 requests)
[00:17:46] [69/326] SRKV
[00:17:47] [70/326] SAJC
[00:17:48] [71/326] SUSR
[00:17:49] [72/326] STYG
[00:17:50] [73/326] NTKP
[00:17:51] [74/326] AKTG
[00:17:52] [75/326] CGCM
[00:17:53] [76/326] TULC
[00:17:55] [77/326] NYYZ
[00:17:56] [78/326] NYBW
[00:17:56] 🔄 Identity reset
[00:17:56] 🔄 Identity rotated (every 10 requests)
[00:17:56] [79/326] MACB
[00:17:57] [80/326] SLVT
[00:17:58] [81/326] SANA
[00:17:59] [82/326] ACMR
[00:18:00] [83/326] CPKN
[00:18:01] [84/326] DLGK
[00:18:02] [85/326] CWCK
[00:18:03] [86/326] FDDH
[00:18:04] [87/326] MMMD
[00:18:05] [88/326] CMEH
[00:18:06] 🔄 Identity reset
[00:18:06] 🔄 Identity rotated (every 10 requests)
[00:18:06] [89/326] GGGV
[00:18:07] [90/326] SPJL
[00:18:08] [91/326] RCCD
[00:18:09] [92/326] STTZ
[00:18:10] [93/326] BTCF
[00:18:10] [94/326] TSTZ
[00:18:11] [95/326] IPMM
[00:18:12] [96/326] PMPW
[00:18:13] [97/326] PCMZ
[00:18:14] [98/326] ESEM
[00:18:15] 🔄 Identity reset
[00:18:15] 🔄 Identity rotated (every 10 requests)
[00:18:15] [99/326] PIPO
[00:18:16] [100/326] MATK
[00:18:17] [101/326] PGHM
[00:18:18] [102/326] CTSR
[00:18:20] [103/326] CYKR
[00:18:21] [104/326] MSCM
[00:18:21] [105/326] RFNP
[00:18:22] [106/326] PDCP
[00:18:23] [107/326] NPSE
[00:18:24] [108/326] MKML
[00:18:25] 🔄 Identity reset
[00:18:25] 🔄 Identity rotated (every 10 requests)
[00:18:25] [109/326] FTDP
[00:18:26] [110/326] MMXA
[00:18:28] [111/326] CEPO
[00:18:29] [112/326] CMVP
[00:18:30] [113/326] SGTH
[00:18:31] [114/326] SAYN
[00:18:31] [115/326] URVS
[00:18:32] [116/326] VJTN
[00:18:33] [117/326] BBYK
[00:18:34] [118/326] SHBO
[00:18:35] 🔄 Identity reset
[00:18:35] 🔄 Identity rotated (every 10 requests)
[00:18:35] [119/326] VCMR
[00:18:36] [120/326] MACT
[00:18:37] [121/326] JMNP
[00:18:38] [122/326] VICS
[00:18:38] [123/326] VCDA
[00:18:39] [124/326] GCMM
[00:18:41] [125/326] INVS
[00:18:42] [126/326] SCGM
[00:18:43] [127/326] PCDA
[00:18:44] [128/326] KDCT
[00:18:44] 🔄 Identity reset
[00:18:44] 🔄 Identity rotated (every 10 requests)
[00:18:44] [129/326] JACS
[00:18:45] [130/326] GMMC
[00:18:47] [131/326] AICM
[00:18:48] [132/326] TJCM
[00:18:49] [133/326] RMTI
[00:18:49] [134/326] SHAC
[00:18:50] [135/326] APJC
[00:18:51] [136/326] GCTG
[00:18:52] [137/326] SSMC
[00:18:54] [138/326] THRM
[00:18:54] 🔄 Identity reset
[00:18:54] 🔄 Identity rotated (every 10 requests)
[00:18:55] [139/326] RBCT
[00:18:56] [140/326] DIKT
[00:18:57] [141/326] MIDL
[00:18:58] [142/326] VCSN
[00:18:58] [143/326] SKTG
[00:18:59] [144/326] SMWC
[00:19:00] [145/326] MNKH
[00:19:01] [146/326] PIAT
[00:19:02] [147/326] LTTP
[00:19:03] [148/326] PTPU
[00:19:04] 🔄 Identity reset
[00:19:04] 🔄 Identity rotated (every 10 requests)
[00:19:04] [149/326] ACMG
[00:19:05] [150/326] SHMM
[00:19:06] [151/326] MCMN
[00:19:07] [152/326] GLDC
[00:19:08] [153/326] HOUT
[00:19:09] [154/326] SVRP
[00:19:10] [155/326] PVDN
[00:19:11] [156/326] SCPY
[00:19:12] [157/326] DTPY
[00:19:13] [158/326] GKCS
[00:19:13] 🔄 Identity reset
[00:19:13] 🔄 Identity rotated (every 10 requests)
[00:19:15] [159/326] NCAM
[00:19:16] [160/326] BSRM
[00:19:17] [161/326] RCLC
[00:19:18] [162/326] SKKD
[00:19:18] [163/326] ACHU
[00:19:19] [164/326] RSCF
[00:19:21] [165/326] IMSH
[00:19:22] [166/326] MACX
[00:19:23] [167/326] HMMW
[00:19:24] [168/326] JTCP
[00:19:24] 🔄 Identity reset
[00:19:24] 🔄 Identity rotated (every 10 requests)
[00:19:25] [169/326] SREN
[00:19:25] [170/326] PJRR
[00:19:27] [171/326] INAC
[00:19:28] [172/326] BMCA
[00:19:29] [173/326] SHCB
[00:19:30] [174/326] GABA
[00:19:31] [175/326] SBCT
[00:19:31] [176/326] GCMA
[00:19:32] [177/326] MYTK
[00:19:33] [178/326] INZS
[00:19:34] 🔄 Identity reset
[00:19:34] 🔄 Identity rotated (every 10 requests)
[00:19:34] [179/326] RMIK
[00:19:35] [180/326] NYCH
[00:19:36] [181/326] RAVE
[00:19:37] [182/326] PSXM
[00:19:38] [183/326] MCGP
[00:19:40] [184/326] PDDK
[00:19:41] [185/326] SPCK
[00:19:42] [186/326] MCRL
[00:19:43] [187/326] MHKT
[00:19:44] [188/326] ANRR
[00:19:45] 🔄 Identity reset
[00:19:45] 🔄 Identity rotated (every 10 requests)
[00:19:45] [189/326] SAPK
[00:19:46] [190/326] NCUK
[00:19:47] [191/326] JUGA
[00:19:48] [192/326] DBSC
[00:19:48] [193/326] LALK
[00:19:49] [194/326] GUCK
[00:19:50] [195/326] STSG
[00:19:51] [196/326] PPPZ
[00:19:52] [197/326] CNCY
[00:19:54] [198/326] MTAR
[00:19:54] 🔄 Identity reset
[00:19:55] 🔄 Identity rotated (every 10 requests)
[00:19:55] [199/326] VNKD
[00:19:56] [200/326] KMAJ
[00:19:57] [201/326] ACXK
[00:19:58] [202/326] UTKC
[00:19:59] [203/326] PBLK
[00:20:00] [204/326] ACBX
[00:20:01] [205/326] PTGM
[00:20:02] [206/326] BTDA
[00:20:03] [207/326] PJMB
[00:20:03] [208/326] TPDA
[00:20:04] 🔄 Identity reset
[00:20:04] 🔄 Identity rotated (every 10 requests)
[00:20:05] [209/326] AMOE
[00:20:06] [210/326] PRHT
[00:20:07] [211/326] PRTA
[00:20:08] [212/326] STAM
[00:20:09] [213/326] MSAA
[00:20:10] [214/326] SDLU
[00:20:11] [215/326] RCHH
[00:20:12] [216/326] KANT
[00:20:13] [217/326] FCRT
[00:20:15] [218/326] DNKM
[00:20:15] 🔄 Identity reset
[00:20:15] 🔄 Identity rotated (every 10 requests)
[00:20:15] [219/326] RYCP
[00:20:16] [220/326] MYRP
[00:20:17] [221/326] PPAK
[00:20:18] [222/326] NVPK
[00:20:20] [223/326] PRMC
[00:20:21] [224/326] JBCS
[00:20:22] [225/326] GXCK
[00:20:23] [226/326] USKO
[00:20:24] [227/326] GTEM
[00:20:25] [228/326] SMBU
[00:20:26] 🔄 Identity reset
[00:20:26] 🔄 Identity rotated (every 10 requests)
[00:20:26] [229/326] VETC
[00:20:27] [230/326] LCDA
[00:20:28] [231/326] MTVT
[00:20:29] [232/326] PYCP
[00:20:30] [233/326] PNSC
[00:20:31] [234/326] PPCC
[00:20:32] [235/326] TGRT
[00:20:33] [236/326] JYOT
[00:20:34] [237/326] SRCZ
[00:20:35] [238/326] SJTE
[00:20:35] 🔄 Identity reset
[00:20:35] 🔄 Identity rotated (every 10 requests)
[00:20:36] [239/326] DESC
[00:20:37] [240/326] JHVN
[00:20:39] [241/326] IPSG
[00:20:39] [242/326] IPCM
[00:20:40] [243/326] PDRS
[00:20:41] [244/326] ANCV
[00:20:42] [245/326] CMVV
[00:20:43] [246/326] SHYP
[00:20:44] [247/326] DNCS
[00:20:45] [248/326] GAJK
[00:20:46] 🔄 Identity reset
[00:20:46] 🔄 Identity rotated (every 10 requests)
[00:20:46] [249/326] AKTN
[00:20:47] [250/326] KAYA
[00:20:48] [251/326] SBRC
[00:20:49] [252/326] CHTP
[00:20:50] [253/326] SHRT
[00:20:51] [254/326] BCKU
[00:20:52] [255/326] FCPS
[00:20:53] [256/326] ARDD
[00:20:54] [257/326] CPCM
[00:20:55] [258/326] CGSM
[00:20:56] 🔄 Identity reset
[00:20:56] 🔄 Identity rotated (every 10 requests)
[00:20:56] [259/326] PSMP
[00:20:57] [260/326] SDAL
[00:20:58] [261/326] RTNB
[00:20:59] [262/326] LMCR
[00:21:00] [263/326] CIMA
[00:21:00] [264/326] RNAS
[00:21:01] [265/326] LITH
[00:21:02] [266/326] PBOX
[00:21:03] [267/326] FRTS
[00:21:04] [268/326] RKIC
[00:21:05] 🔄 Identity reset
[00:21:05] 🔄 Identity rotated (every 10 requests)
[00:21:05] [269/326] PTAI
[00:21:06] [270/326] GCIC
[00:21:07] [271/326] FNAS
[00:21:08] [272/326] SCAR
[00:21:08] [273/326] MTCA
[00:21:09] [274/326] SCTS
[00:21:10] [275/326] SYCS
[00:21:11] [276/326] RDMS
[00:21:12] [277/326] KAMP
[00:21:13] [278/326] ERSD
[00:21:14] 🔄 Identity reset
[00:21:14] 🔄 Identity rotated (every 10 requests)
[00:21:14] [279/326] MJMJ
[00:21:15] [280/326] SRCJ
[00:21:16] [281/326] SCXE
[00:21:17] [282/326] SVFR
[00:21:17] [283/326] BHCS
[00:21:18] [284/326] IMCC
[00:21:19] [285/326] PCBO
[00:21:20] [286/326] PRVN
[00:21:22] [287/326] AUPM
[00:21:23] [288/326] INBW
[00:21:24] 🔄 Identity reset
[00:21:24] 🔄 Identity rotated (every 10 requests)
[00:21:24] [289/326] SVCW
[00:21:25] [290/326] RKCF
[00:21:26] [291/326] UVBH
[00:21:27] [292/326] DNCY
[00:21:29] [293/326] ABCN
[00:21:30] [294/326] PRUR
[00:21:31] [295/326] PFMR
[00:21:32] [296/326] RKCN
[00:21:33] [297/326] CFEA
[00:21:34] [298/326] SDBG
[00:21:35] 🔄 Identity reset
[00:21:35] 🔄 Identity rotated (every 10 requests)
[00:21:35] [299/326] SNAR
[00:21:36] [300/326] YISI
[00:21:37] [301/326] JCFF
[00:21:38] [302/326] VTRK
[00:21:39] [303/326] PCLZ
[00:21:40] [304/326] DIMY
[00:21:41] [305/326] BBTS
[00:21:42] [306/326] GATH
[00:21:43] [307/326] GTMN
[00:21:45] [308/326] VTMH
[00:21:46] 🔄 Identity reset
[00:21:46] 🔄 Identity rotated (every 10 requests)
[00:21:46] [309/326] CCKP
[00:21:47] [310/326] GPKA
[00:21:48] [311/326] MHCL
[00:21:49] [312/326] ATCL
[00:21:50] [313/326] SBCK
[00:21:51] [314/326] AMMR
[00:21:51] [315/326] MADC
[00:21:52] [316/326] TMMA
[00:21:53] [317/326] CACC
[00:21:54] [318/326] CHAL
[00:21:55] 🔄 Identity reset
[00:21:55] 🔄 Identity rotated (every 10 requests)
[00:21:55] [319/326] DURG
[00:21:56] [320/326] GMKU
[00:21:57] [321/326] GECA
[00:21:59] [322/326] KYRR
[00:21:59] [323/326] KSDE
[00:22:00] [324/326] LMCI
[00:22:01] [325/326] NKCP
[00:22:02] [326/326] BGTC
[00:22:03] ✅ DONE | Shows=0 | Movies=0
[01:16:12] 🚀 BMS DAILY TRACKER STARTED (enhanced anti‑detection)
[01:16:12] [1/326] BSAT
[01:16:12] 🧠 New identity created
[01:16:13] [2/326] RSSM
[01:16:14] [3/326] GCTA
[01:16:15] [4/326] TOPN
[01:16:16] [5/326] MCUS
[01:16:17] [6/326] SHRL
[01:16:17] [7/326] UPTP
[01:16:18] [8/326] TMMP
[01:16:19] [9/326] DNRP
[01:16:20] [10/326] SRLT
[01:16:20] 🔄 Identity reset
[01:16:20] 🔄 Identity rotated (every 10 requests)
[01:16:21] [11/326] RCNS
[01:16:21] [12/326] DCBH
[01:16:22] [13/326] NAGJ
[01:16:23] [14/326] JVRC
[01:16:24] [15/326] KRJG
[01:16:25] [16/326] SRTJ
[01:16:26] [17/326] CMXM
[01:16:27] [18/326] STMI
[01:16:28] [19/326] SLST
[01:16:29] [20/326] DTCN
[01:16:29] 🔄 Identity reset
[01:16:29] 🔄 Identity rotated (every 10 requests)
[01:16:30] [21/326] STYN
[01:16:31] [22/326] SZVR
[01:16:32] [23/326] SRKO
[01:16:33] [24/326] JTGT
[01:16:34] [25/326] SVFD
[01:16:35] [26/326] SISD
[01:16:35] [27/326] ABDD
[01:16:37] [28/326] DRCA
[01:16:38] [29/326] AVCS
[01:16:39] [30/326] MVKH
[01:16:40] 🔄 Identity reset
[01:16:40] 🔄 Identity rotated (every 10 requests)
[01:16:41] [31/326] ACPR
[01:16:42] [32/326] STIP
[01:16:43] [33/326] MTRA
[01:16:44] [34/326] RMKH
[01:16:45] [35/326] NKRL
[01:16:45] [36/326] PCWN
[01:16:46] [37/326] BLMT
[01:16:47] [38/326] GDPG
[01:16:48] [39/326] SRMX
[01:16:50] [40/326] JACP
[01:16:50] 🔄 Identity reset
[01:16:50] 🔄 Identity rotated (every 10 requests)
[01:16:51] [41/326] CPSH
[01:16:52] [42/326] MCCD
[01:16:53] [43/326] ECGH
[01:16:53] [44/326] MKCK
[01:16:54] [45/326] SRMM
[01:16:55] [46/326] SKYR
[01:16:57] [47/326] PCKC
[01:16:58] [48/326] JCMA
[01:16:59] [49/326] BSMP
[01:17:00] [50/326] VSPA
[01:17:00] 🔄 Identity reset
[01:17:00] 🔄 Identity rotated (every 10 requests)
[01:17:01] [51/326] DJYA
[01:17:02] [52/326] DIMP
[01:17:02] [53/326] FXDR
[01:17:03] [54/326] SSRC
[01:17:04] [55/326] STHP
[01:17:05] [56/326] CPPD
[01:17:06] [57/326] FCLK
[01:17:06] [58/326] SCPP
[01:17:07] [59/326] DCMJ
[01:17:08] [60/326] RCCR
[01:17:09] 🔄 Identity reset
[01:17:09] 🔄 Identity rotated (every 10 requests)
[01:17:09] [61/326] INMT
[01:17:10] [62/326] LXTK
[01:17:11] [63/326] SRYK
[01:17:12] [64/326] SGDK
[01:17:13] [65/326] PPKA
[01:17:13] [66/326] SPKA
[01:17:14] [67/326] CGHH
[01:17:15] [68/326] DCJN
[01:17:16] [69/326] SRKV
[01:17:17] [70/326] SAJC
[01:17:17] 🔄 Identity reset
[01:17:18] 🔄 Identity rotated (every 10 requests)
[01:17:18] [71/326] SUSR
[01:17:19] [72/326] STYG
[01:17:19] [73/326] NTKP
[01:17:21] [74/326] AKTG
[01:17:21] [75/326] CGCM
[01:17:23] [76/326] TULC
[01:17:24] [77/326] NYYZ
[01:17:25] [78/326] NYBW
[01:17:26] [79/326] MACB
[01:17:27] [80/326] SLVT
[01:17:27] 🔄 Identity reset
[01:17:27] 🔄 Identity rotated (every 10 requests)
[01:17:27] [81/326] SANA
[01:17:28] [82/326] ACMR
[01:17:29] [83/326] CPKN
[01:17:30] [84/326] DLGK
[01:17:31] [85/326] CWCK
[01:17:31] [86/326] FDDH
[01:17:32] [87/326] MMMD
[01:17:33] [88/326] CMEH
[01:17:34] [89/326] GGGV
[01:17:35] [90/326] SPJL
[01:17:36] 🔄 Identity reset
[01:17:36] 🔄 Identity rotated (every 10 requests)
[01:17:36] [91/326] RCCD
[01:17:37] [92/326] STTZ
[01:17:38] [93/326] BTCF
[01:17:39] [94/326] TSTZ
[01:17:39] [95/326] IPMM
[01:17:40] [96/326] PMPW
[01:17:41] [97/326] PCMZ
[01:17:42] [98/326] ESEM
[01:17:43] [99/326] PIPO
[01:17:44] [100/326] MATK
[01:17:44] 🔄 Identity reset
[01:17:44] 🔄 Identity rotated (every 10 requests)
[01:17:45] [101/326] PGHM
[01:17:45] [102/326] CTSR
[01:17:46] [103/326] CYKR
[01:17:47] [104/326] MSCM
[01:17:48] [105/326] RFNP
[01:17:48] [106/326] PDCP
[01:17:49] [107/326] NPSE
[01:17:50] [108/326] MKML
[01:17:51] [109/326] FTDP
[01:17:52] [110/326] MMXA
[01:17:52] 🔄 Identity reset
[01:17:53] 🔄 Identity rotated (every 10 requests)
[01:17:53] [111/326] CEPO
[01:17:54] [112/326] CMVP
[01:17:55] [113/326] SGTH
[01:17:56] [114/326] SAYN
[01:17:56] [115/326] URVS
[01:17:57] [116/326] VJTN
[01:17:58] [117/326] BBYK
[01:18:00] [118/326] SHBO
[01:18:01] [119/326] VCMR
[01:18:02] [120/326] MACT
[01:18:02] 🔄 Identity reset
[01:18:02] 🔄 Identity rotated (every 10 requests)
[01:18:02] 🔄 Retry 1/5 for MACT in 2.1s
[01:18:02] 🔄 Identity reset
[01:18:04] 🧠 New identity created
[01:18:05] [121/326] JMNP
[01:18:06] [122/326] VICS
[01:18:07] [123/326] VCDA
[01:18:08] [124/326] GCMM
[01:18:08] [125/326] INVS
[01:18:09] [126/326] SCGM
[01:18:10] [127/326] PCDA
[01:18:11] [128/326] KDCT
[01:18:12] [129/326] JACS
[01:18:12] 🔄 Identity reset
[01:18:12] 🔄 Identity rotated (every 10 requests)
[01:18:13] 🔄 Retry 1/5 for JACS in 2.1s
[01:18:13] 🔄 Identity reset
[01:18:15] 🧠 New identity created
[01:18:15] [130/326] GMMC
[01:18:16] [131/326] AICM
[01:18:17] [132/326] TJCM
[01:18:18] [133/326] RMTI
[01:18:19] [134/326] SHAC
[01:18:19] [135/326] APJC
[01:18:20] [136/326] GCTG
[01:18:21] [137/326] SSMC
[01:18:22] [138/326] THRM
[01:18:23] 🔄 Identity reset
[01:18:23] 🔄 Identity rotated (every 10 requests)
[01:18:23] [139/326] RBCT
[01:18:24] [140/326] DIKT
[01:18:25] [141/326] MIDL
[01:18:26] [142/326] VCSN
[01:18:27] [143/326] SKTG
[01:18:28] [144/326] SMWC
[01:18:29] [145/326] MNKH
[01:18:30] [146/326] PIAT
[01:18:31] [147/326] LTTP
[01:18:33] [148/326] PTPU
[01:18:33] 🔄 Identity reset
[01:18:33] 🔄 Identity rotated (every 10 requests)
[01:18:33] [149/326] ACMG
[01:18:34] [150/326] SHMM
[01:18:35] [151/326] MCMN
[01:18:37] [152/326] GLDC
[01:18:38] [153/326] HOUT
[01:18:39] [154/326] SVRP
[01:18:40] [155/326] PVDN
[01:18:41] [156/326] SCPY
[01:18:42] [157/326] DTPY
[01:18:42] [158/326] GKCS
[01:18:43] 🔄 Identity reset
[01:18:43] 🔄 Identity rotated (every 10 requests)
[01:18:43] [159/326] NCAM
[01:18:44] [160/326] BSRM
[01:18:45] [161/326] RCLC
[01:18:47] [162/326] SKKD
[01:18:48] [163/326] ACHU
[01:18:49] [164/326] RSCF
[01:18:50] [165/326] IMSH
[01:18:51] [166/326] MACX
[01:18:51] [167/326] HMMW
[01:18:52] [168/326] JTCP
[01:18:53] 🔄 Identity reset
[01:18:53] 🔄 Identity rotated (every 10 requests)
[01:18:53] [169/326] SREN
[01:18:54] [170/326] PJRR
[01:18:55] [171/326] INAC
[01:18:56] [172/326] BMCA
[01:18:57] [173/326] SHCB
[01:18:58] [174/326] GABA
[01:18:59] [175/326] SBCT
[01:19:00] [176/326] GCMA
[01:19:01] [177/326] MYTK
[01:19:02] [178/326] INZS
[01:19:03] 🔄 Identity reset
[01:19:03] 🔄 Identity rotated (every 10 requests)
[01:19:03] [179/326] RMIK
[01:19:04] [180/326] NYCH
[01:19:05] [181/326] RAVE
[01:19:06] [182/326] PSXM
[01:19:06] [183/326] MCGP
[01:19:08] [184/326] PDDK
[01:19:09] [185/326] SPCK
[01:19:10] [186/326] MCRL
[01:19:11] [187/326] MHKT
[01:19:11] [188/326] ANRR
[01:19:12] 🔄 Identity reset
[01:19:12] 🔄 Identity rotated (every 10 requests)
[01:19:12] [189/326] SAPK
[01:19:13] [190/326] NCUK
[01:19:14] [191/326] JUGA
[01:19:15] [192/326] DBSC
[01:19:16] [193/326] LALK
[01:19:17] [194/326] GUCK
[01:19:17] [195/326] STSG
[01:19:19] [196/326] PPPZ
[01:19:20] [197/326] CNCY
[01:19:21] [198/326] MTAR
[01:19:21] 🔄 Identity reset
[01:19:21] 🔄 Identity rotated (every 10 requests)
[01:19:22] [199/326] VNKD
[01:19:23] [200/326] KMAJ
[01:19:24] [201/326] ACXK
[01:19:25] [202/326] UTKC
[01:19:26] [203/326] PBLK
[01:19:26] [204/326] ACBX
[01:19:27] [205/326] PTGM
[01:19:28] [206/326] BTDA
[01:19:29] [207/326] PJMB
[01:19:30] [208/326] TPDA
[01:19:30] 🔄 Identity reset
[01:19:30] 🔄 Identity rotated (every 10 requests)
[01:19:30] [209/326] AMOE
[01:19:31] [210/326] PRHT
[01:19:33] [211/326] PRTA
[01:19:33] [212/326] STAM
[01:19:34] [213/326] MSAA
[01:19:36] [214/326] SDLU
[01:19:37] [215/326] RCHH
[01:19:38] [216/326] KANT
[01:19:38] [217/326] FCRT
[01:19:39] [218/326] DNKM
[01:19:40] 🔄 Identity reset
[01:19:40] 🔄 Identity rotated (every 10 requests)
[01:19:40] [219/326] RYCP
[01:19:41] [220/326] MYRP
[01:19:42] [221/326] PPAK
[01:19:43] [222/326] NVPK
[01:19:44] [223/326] PRMC
[01:19:45] [224/326] JBCS
[01:19:46] [225/326] GXCK
[01:19:47] [226/326] USKO
[01:19:48] [227/326] GTEM
[01:19:49] [228/326] SMBU
[01:19:49] 🔄 Identity reset
[01:19:49] 🔄 Identity rotated (every 10 requests)
[01:19:50] 🔄 Retry 1/5 for SMBU in 2.3s
[01:19:50] 🔄 Identity reset
[01:19:52] 🧠 New identity created
[01:19:52] [229/326] VETC
[01:19:53] [230/326] LCDA
[01:19:54] [231/326] MTVT
[01:19:55] [232/326] PYCP
[01:19:56] [233/326] PNSC
[01:19:57] [234/326] PPCC
[01:19:58] [235/326] TGRT
[01:19:59] [236/326] JYOT
[01:20:00] [237/326] SRCZ
[01:20:01] 🔄 Identity reset
[01:20:01] 🔄 Identity rotated (every 10 requests)
[01:20:01] [238/326] SJTE
[01:20:02] [239/326] DESC
[01:20:03] [240/326] JHVN
[01:20:04] [241/326] IPSG
[01:20:05] [242/326] IPCM
[01:20:06] [243/326] PDRS
[01:20:07] [244/326] ANCV
[01:20:08] [245/326] CMVV
[01:20:09] [246/326] SHYP
[01:20:10] [247/326] DNCS
[01:20:10] 🔄 Identity reset
[01:20:10] 🔄 Identity rotated (every 10 requests)
[01:20:11] [248/326] GAJK
[01:20:11] [249/326] AKTN
[01:20:12] [250/326] KAYA
[01:20:13] [251/326] SBRC
[01:20:14] [252/326] CHTP
[01:20:15] [253/326] SHRT
[01:20:16] [254/326] BCKU
[01:20:18] [255/326] FCPS
[01:20:18] [256/326] ARDD
[01:20:19] [257/326] CPCM
[01:20:20] 🔄 Identity reset
[01:20:20] 🔄 Identity rotated (every 10 requests)
[01:20:20] [258/326] CGSM
[01:20:21] [259/326] PSMP
[01:20:22] [260/326] SDAL
[01:20:23] [261/326] RTNB
[01:20:24] [262/326] LMCR
[01:20:25] [263/326] CIMA
[01:20:25] [264/326] RNAS
[01:20:26] [265/326] LITH
[01:20:28] [266/326] PBOX
[01:20:29] [267/326] FRTS
[01:20:30] 🔄 Identity reset
[01:20:30] 🔄 Identity rotated (every 10 requests)
[01:20:30] [268/326] RKIC
[01:20:31] [269/326] PTAI
[01:20:32] [270/326] GCIC
[01:20:33] [271/326] FNAS
[01:20:34] [272/326] SCAR
[01:20:35] [273/326] MTCA
[01:20:36] [274/326] SCTS
[01:20:37] [275/326] SYCS
[01:20:38] [276/326] RDMS
[01:20:39] [277/326] KAMP
[01:20:39] 🔄 Identity reset
[01:20:39] 🔄 Identity rotated (every 10 requests)
[01:20:40] [278/326] ERSD
[01:20:41] [279/326] MJMJ
[01:20:42] [280/326] SRCJ
[01:20:42] [281/326] SCXE
[01:20:43] [282/326] SVFR
[01:20:44] [283/326] BHCS
[01:20:45] [284/326] IMCC
[01:20:46] [285/326] PCBO
[01:20:47] [286/326] PRVN
[01:20:48] [287/326] AUPM
[01:20:48] 🔄 Identity reset
[01:20:48] 🔄 Identity rotated (every 10 requests)
[01:20:48] [288/326] INBW
[01:20:49] [289/326] SVCW
[01:20:50] [290/326] RKCF
[01:20:51] [291/326] UVBH
[01:20:52] [292/326] DNCY
[01:20:53] [293/326] ABCN
[01:20:54] [294/326] PRUR
[01:20:54] [295/326] PFMR
[01:20:55] [296/326] RKCN
[01:20:56] [297/326] CFEA
[01:20:57] 🔄 Identity reset
[01:20:57] 🔄 Identity rotated (every 10 requests)
[01:20:58] [298/326] SDBG
[01:20:59] [299/326] SNAR
[01:21:00] [300/326] YISI
[01:21:01] [301/326] JCFF
[01:21:01] [302/326] VTRK
[01:21:02] [303/326] PCLZ
[01:21:03] [304/326] DIMY
[01:21:04] [305/326] BBTS
[01:21:05] [306/326] GATH
[01:21:06] [307/326] GTMN
[01:21:06] 🔄 Identity reset
[01:21:06] 🔄 Identity rotated (every 10 requests)
[01:21:07] [308/326] VTMH
[01:21:08] [309/326] CCKP
[01:21:09] [310/326] GPKA
[01:21:10] [311/326] MHCL
[01:21:11] [312/326] ATCL
[01:21:12] [313/326] SBCK
[01:21:14] [314/326] AMMR
[01:21:14] [315/326] MADC
[01:21:15] [316/326] TMMA
[01:21:16] [317/326] CACC
[01:21:17] 🔄 Identity reset
[01:21:17] 🔄 Identity rotated (every 10 requests)
[01:21:18] [318/326] CHAL
[01:21:19] [319/326] DURG
[01:21:20] [320/326] GMKU
[01:21:21] [321/326] GECA
[01:21:21] [322/326] KYRR
[01:21:22] [323/326] KSDE
[01:21:23] [324/326] LMCI
[01:21:24] [325/326] NKCP
[01:21:25] [326/326] BGTC
[01:21:26] ✅ DONE | Shows=0 | Movies=0
