[00:15:53] 🚀 DISTRICT → BMS9 CONVERTER STARTED
[00:15:53] 📅 Date: 2026-09-16
[00:15:53] 🚫 Worker logic: DISABLED
[00:15:53] 🔑 Venue matching: ID ONLY
[00:15:53] 🚫 alldistrictvenues.json: NOT USED
[00:15:53] 🚫 Venue-name matching: NOT USED
[00:15:53] 📍 Selected venue records: 756
[00:15:53] 🎯 Selected venue IDs: 756
[00:15:53] 📡 Fetching Detailed JSON:
[00:15:53]    https://districtdata2026.pages.dev/boxoffice/2026-09-16_Detailed.json
[00:15:53] ❌ Source file not found (404) – will create empty outputs
[00:15:53] ⚠️ No source data – keeping existing output files unchanged
[00:15:53] 📄 Created empty detailed file: daily/data/20260916/detailed9.json
[00:15:53] 📄 Created empty summary file: daily/data/20260916/movie_summary9.json
[00:15:53] ✅ DONE | Existing data preserved
[01:15:54] 🚀 DISTRICT → BMS9 CONVERTER STARTED
[01:15:54] 📅 Date: 2026-09-16
[01:15:54] 🚫 Worker logic: DISABLED
[01:15:54] 🔑 Venue matching: ID ONLY
[01:15:54] 🚫 alldistrictvenues.json: NOT USED
[01:15:54] 🚫 Venue-name matching: NOT USED
[01:15:54] 📍 Selected venue records: 756
[01:15:54] 🎯 Selected venue IDs: 756
[01:15:54] 📡 Fetching Detailed JSON:
[01:15:54]    https://districtdata2026.pages.dev/boxoffice/2026-09-16_Detailed.json
[01:15:54] ❌ Source file not found (404) – will create empty outputs
[01:15:54] ⚠️ No source data – keeping existing output files unchanged
[01:15:54] 📦 Existing detailed file preserved: daily/data/20260916/detailed9.json
[01:15:54] 📦 Existing summary file preserved: daily/data/20260916/movie_summary9.json
[01:15:54] ✅ DONE | Existing data preserved
[01:29:23] 🚀 DISTRICT → BMS9 CONVERTER STARTED
[01:29:23] 📅 Date: 2026-09-16
[01:29:23] 🚫 Worker logic: DISABLED
[01:29:23] 🔑 Venue matching: ID ONLY
[01:29:23] 🚫 alldistrictvenues.json: NOT USED
[01:29:23] 🚫 Venue-name matching: NOT USED
[01:29:23] 📍 Selected venue records: 756
[01:29:23] 🎯 Selected venue IDs: 756
[01:29:23] 📡 Fetching Detailed JSON:
[01:29:23]    https://districtdata2026.pages.dev/boxoffice/2026-09-16_Detailed.json
[01:29:24] ❌ Source file not found (404) – will create empty outputs
[01:29:24] ⚠️ No source data – keeping existing output files unchanged
[01:29:24] 📦 Existing detailed file preserved: daily/data/20260916/detailed9.json
[01:29:24] 📦 Existing summary file preserved: daily/data/20260916/movie_summary9.json
[01:29:24] ✅ DONE | Existing data preserved
[02:15:51] 🚀 DISTRICT → BMS9 CONVERTER STARTED
[02:15:51] 📅 Date: 2026-09-16
[02:15:51] 🚫 Worker logic: DISABLED
[02:15:51] 🔑 Venue matching: ID ONLY
[02:15:51] 🚫 alldistrictvenues.json: NOT USED
[02:15:51] 🚫 Venue-name matching: NOT USED
[02:15:51] 📍 Selected venue records: 756
[02:15:51] 🎯 Selected venue IDs: 756
[02:15:51] 📡 Fetching Detailed JSON:
[02:15:51]    https://districtdata2026.pages.dev/boxoffice/2026-09-16_Detailed.json
[02:15:51] ❌ Source file not found (404) – will create empty outputs
[02:15:51] ⚠️ No source data – keeping existing output files unchanged
[02:15:51] 📦 Existing detailed file preserved: daily/data/20260916/detailed9.json
[02:15:51] 📦 Existing summary file preserved: daily/data/20260916/movie_summary9.json
[02:15:51] ✅ DONE | Existing data preserved
[03:15:44] 🚀 DISTRICT → BMS9 CONVERTER STARTED
[03:15:44] 📅 Date: 2026-09-16
[03:15:44] 🚫 Worker logic: DISABLED
[03:15:44] 🔑 Venue matching: ID ONLY
[03:15:44] 🚫 alldistrictvenues.json: NOT USED
[03:15:44] 🚫 Venue-name matching: NOT USED
[03:15:44] 📍 Selected venue records: 756
[03:15:44] 🎯 Selected venue IDs: 756
[03:15:44] 📡 Fetching Detailed JSON:
[03:15:44]    https://districtdata2026.pages.dev/boxoffice/2026-09-16_Detailed.json
[03:15:44] ❌ Source file not found (404) – will create empty outputs
[03:15:44] ⚠️ No source data – keeping existing output files unchanged
[03:15:44] 📦 Existing detailed file preserved: daily/data/20260916/detailed9.json
[03:15:44] 📦 Existing summary file preserved: daily/data/20260916/movie_summary9.json
[03:15:44] ✅ DONE | Existing data preserved
[04:20:16] 🚀 DISTRICT → BMS9 CONVERTER STARTED
[04:20:16] 📅 Date: 2026-09-16
[04:20:16] 🚫 Worker logic: DISABLED
[04:20:16] 🔑 Venue matching: ID ONLY
[04:20:16] 🚫 alldistrictvenues.json: NOT USED
[04:20:16] 🚫 Venue-name matching: NOT USED
[04:20:16] 📍 Selected venue records: 756
[04:20:16] 🎯 Selected venue IDs: 756
[04:20:16] 📡 Fetching Detailed JSON:
[04:20:16]    https://districtdata2026.pages.dev/boxoffice/2026-09-16_Detailed.json
[04:20:16] ✅ Source loaded
[04:20:16]    Source date: 2026-09-16
[04:20:16]    Last updated: 04:07 AM, 16 September 2026
[04:20:16]    Movie keys: 50
[04:20:16] 🎬 Source movie keys: 50
[04:20:16] 🎟️ Selected-venue show rows: 264
[04:20:16] 🚫 Non-selected show rows ignored: 2633
[04:20:16] ℹ️ Non-selected venue IDs encountered: 801
[04:20:16]    ⏭️ Source venue ID not selected: 1018524
[04:20:16]    ⏭️ Source venue ID not selected: 1067733
[04:20:16]    ⏭️ Source venue ID not selected: 130
[04:20:16]    ⏭️ Source venue ID not selected: 1022288
[04:20:16]    ⏭️ Source venue ID not selected: 1029518
[04:20:16]    ⏭️ Source venue ID not selected: 1027253
[04:20:16]    ⏭️ Source venue ID not selected: 1102065
[04:20:16]    ⏭️ Source venue ID not selected: 1028845
[04:20:16]    ⏭️ Source venue ID not selected: 25635
[04:20:16]    ⏭️ Source venue ID not selected: 1040576
[04:20:16]    ⏭️ Source venue ID not selected: 1067859
[04:20:16]    ⏭️ Source venue ID not selected: 1029765
[04:20:16]    ⏭️ Source venue ID not selected: 117
[04:20:16]    ⏭️ Source venue ID not selected: 154
[04:20:16]    ⏭️ Source venue ID not selected: 1029567
[04:20:16]    ⏭️ Source venue ID not selected: 128
[04:20:16]    ⏭️ Source venue ID not selected: 1423
[04:20:16]    ⏭️ Source venue ID not selected: 1067731
[04:20:16]    ⏭️ Source venue ID not selected: 9846
[04:20:16]    ⏭️ Source venue ID not selected: 663
[04:20:16]    ... and 781 more
[04:20:16] 📦 Previous shows: 0
[04:20:16] 🆕 Fresh shows: 264
[04:20:16] 📦 Final shows: 264
[04:20:16] ✅ DONE | Shows=264 | Movies=21
[04:20:16] 📄 Detailed: daily/data/20260916/detailed9.json
[04:20:16] 📄 Summary: daily/data/20260916/movie_summary9.json
