[00:16:19] 🚀 BMS DAILY TRACKER STARTED (enhanced anti‑detection)
[00:16:19] [1/326] VCHA
[00:16:19] 🧠 New identity created
[00:16:20] [2/326] SCKO
[00:16:21] [3/326] VKTK
[00:16:22] [4/326] DXEC
[00:16:23] [5/326] CDCA
[00:16:24] [6/326] VBCZ
[00:16:25] [7/326] MSDR
[00:16:26] [8/326] ACPV
[00:16:26] [9/326] PVHB
[00:16:27] [10/326] RCNH
[00:16:28] 🔄 Identity reset
[00:16:28] 🔄 Identity rotated (every 10 requests)
[00:16:28] [11/326] IOMH
[00:16:29] [12/326] ILKS
[00:16:30] [13/326] AMSN
[00:16:30] [14/326] ANTP
[00:16:32] [15/326] SSEK
[00:16:33] [16/326] PICP
[00:16:34] [17/326] SICO
[00:16:34] [18/326] SISP
[00:16:35] [19/326] SCPI
[00:16:36] [20/326] CRPR
[00:16:37] 🔄 Identity reset
[00:16:37] 🔄 Identity rotated (every 10 requests)
[00:16:37] [21/326] DCTW
[00:16:38] [22/326] DCSP
[00:16:38] [23/326] KRPM
[00:16:39] [24/326] THKK
[00:16:40] [25/326] SNMY
[00:16:41] [26/326] AKCC
[00:16:42] [27/326] PCAT
[00:16:43] [28/326] RFGO
[00:16:44] [29/326] GGCS
[00:16:44] [30/326] ACKR
[00:16:45] 🔄 Identity reset
[00:16:45] 🔄 Identity rotated (every 10 requests)
[00:16:45] [31/326] STDO
[00:16:46] [32/326] ACKB
[00:16:47] [33/326] ALUC
[00:16:48] [34/326] MNSR
[00:16:49] [35/326] CSSL
[00:16:50] [36/326] BGGM
[00:16:51] [37/326] MANT
[00:16:52] [38/326] SOOY
[00:16:53] [39/326] VPPK
[00:16:54] [40/326] MYHJ
[00:16:54] 🔄 Identity reset
[00:16:54] 🔄 Identity rotated (every 10 requests)
[00:16:55] [41/326] KSCK
[00:16:55] [42/326] KATK
[00:16:56] [43/326] RTRT
[00:16:57] [44/326] SSTT
[00:16:58] [45/326] SSTV
[00:16:59] [46/326] LACM
[00:17:00] [47/326] SGMG
[00:17:01] [48/326] KACX
[00:17:01] [49/326] GVCP
[00:17:02] [50/326] CSNC
[00:17:03] 🔄 Identity reset
[00:17:03] 🔄 Identity rotated (every 10 requests)
[00:17:03] [51/326] SXCB
[00:17:04] [52/326] BAHS
[00:17:05] [53/326] PCBI
[00:17:06] [54/326] PSSM
[00:17:06] [55/326] RCOK
[00:17:08] [56/326] SCPF
[00:17:09] [57/326] SSAS
[00:17:10] [58/326] EVMM
[00:17:11] [59/326] SYCB
[00:17:11] [60/326] GCKI
[00:17:12] 🔄 Identity reset
[00:17:12] 🔄 Identity rotated (every 10 requests)
[00:17:12] [61/326] IAET
[00:17:13] [62/326] DDTD
[00:17:14] [63/326] GMDH
[00:17:15] [64/326] STLE
[00:17:15] [65/326] JTRA
[00:17:16] [66/326] RPPA
[00:17:17] [67/326] ARUT
[00:17:18] [68/326] JTVM
[00:17:19] [69/326] SWRH
[00:17:20] [70/326] DCPC
[00:17:20] 🔄 Identity reset
[00:17:20] 🔄 Identity rotated (every 10 requests)
[00:17:21] [71/326] RAPR
[00:17:21] [72/326] GCRT
[00:17:22] [73/326] ATUN
[00:17:23] [74/326] LTRM
[00:17:24] [75/326] TASR
[00:17:24] [76/326] RLLC
[00:17:25] [77/326] MABI
[00:17:26] [78/326] SVHB
[00:17:27] [79/326] NVTB
[00:17:28] [80/326] KCKG
[00:17:29] 🔄 Identity reset
[00:17:29] 🔄 Identity rotated (every 10 requests)
[00:17:29] 🔄 Retry 1/5 for KCKG in 2.2s
[00:17:29] 🔄 Identity reset
[00:17:31] 🧠 New identity created
[00:17:31] 🔄 Retry 2/5 for KCKG in 4.5s
[00:17:31] 🔄 Identity reset
[00:17:36] 🧠 New identity created
[00:17:36] [81/326] SSRN
[00:17:38] [82/326] VDDC
[00:17:38] [83/326] GKTK
[00:17:39] [84/326] YFSN
[00:17:40] [85/326] GCSG
[00:17:41] [86/326] ESSM
[00:17:41] [87/326] KRIH
[00:17:42] [88/326] GCDS
[00:17:43] 🔄 Identity reset
[00:17:43] 🔄 Identity rotated (every 10 requests)
[00:17:43] [89/326] CCSH
[00:17:44] [90/326] ACSK
[00:17:45] [91/326] APRK
[00:17:46] [92/326] ADKM
[00:17:47] [93/326] SRDM
[00:17:48] [94/326] SJMY
[00:17:48] [95/326] PGGC
[00:17:49] [96/326] INGM
[00:17:51] [97/326] LSCB
[00:17:51] [98/326] STAD
[00:17:52] 🔄 Identity reset
[00:17:52] 🔄 Identity rotated (every 10 requests)
[00:17:52] [99/326] MCCR
[00:17:53] [100/326] ABCC
[00:17:54] [101/326] RKCC
[00:17:55] [102/326] RTCR
[00:17:56] [103/326] GGBC
[00:17:56] [104/326] GCSD
[00:17:57] [105/326] LPTY
[00:17:58] [106/326] MCFD
[00:17:59] [107/326] HENN
[00:18:00] [108/326] SMKU
[00:18:00] 🔄 Identity reset
[00:18:00] 🔄 Identity rotated (every 10 requests)
[00:18:00] [109/326] TNZC
[00:18:01] [110/326] DRCD
[00:18:02] [111/326] DLCD
[00:18:03] [112/326] RCDA
[00:18:03] [113/326] COSM
[00:18:04] [114/326] MCMJ
[00:18:05] [115/326] CSTR
[00:18:05] [116/326] CVDK
[00:18:07] [117/326] INRR
[00:18:07] [118/326] RJRT
[00:18:08] 🔄 Identity reset
[00:18:08] 🔄 Identity rotated (every 10 requests)
[00:18:08] 🔄 Retry 1/5 for RJRT in 2.3s
[00:18:08] 🔄 Identity reset
[00:18:11] 🧠 New identity created
[00:18:11] [119/326] IRMR
[00:18:11] [120/326] SRCF
[00:18:12] [121/326] GRCR
[00:18:13] [122/326] SURC
[00:18:14] [123/326] NMNH
[00:18:15] [124/326] SVBL
[00:18:15] [125/326] KACI
[00:18:16] [126/326] TDGO
[00:18:17] [127/326] KTBR
[00:18:18] 🔄 Identity reset
[00:18:18] 🔄 Identity rotated (every 10 requests)
[00:18:18] 🔄 Retry 1/5 for KTBR in 2.3s
[00:18:18] 🔄 Identity reset
[00:18:20] 🧠 New identity created
[00:18:21] [128/326] PMAD
[00:18:21] [129/326] CCPN
[00:18:22] [130/326] SBTK
[00:18:23] [131/326] LMDK
[00:18:24] [132/326] PGDA
[00:18:24] [133/326] SRML
[00:18:25] [134/326] EVCK
[00:18:26] [135/326] RTTK
[00:18:27] [136/326] SRTU
[00:18:28] 🔄 Identity reset
[00:18:28] 🔄 Identity rotated (every 10 requests)
[00:18:28] [137/326] VRSA
[00:18:29] [138/326] VARS
[00:18:30] [139/326] DSCZ
[00:18:31] [140/326] GAGA
[00:18:31] [141/326] SARV
[00:18:32] [142/326] SEEG
[00:18:33] [143/326] GLCA
[00:18:34] [144/326] APAS
[00:18:34] [145/326] VCIA
[00:18:35] [146/326] SJTA
[00:18:36] 🔄 Identity reset
[00:18:36] 🔄 Identity rotated (every 10 requests)
[00:18:36] 🔄 Retry 1/5 for SJTA in 2.1s
[00:18:36] 🔄 Identity reset
[00:18:38] 🧠 New identity created
[00:18:38] 🔄 Retry 2/5 for SJTA in 4.5s
[00:18:38] 🔄 Identity reset
[00:18:43] 🧠 New identity created
[00:18:43] 🔄 Retry 3/5 for SJTA in 8.4s
[00:18:43] 🔄 Identity reset
[00:18:51] 🧠 New identity created
[00:18:51] [147/326] SABM
[00:18:52] [148/326] PPAG
[00:18:53] [149/326] RVCA
[00:18:54] [150/326] CCIA
[00:18:55] [151/326] HTAG
[00:18:56] [152/326] SMBI
[00:18:56] [153/326] MCJR
[00:18:57] 🔄 Identity reset
[00:18:57] 🔄 Identity rotated (every 10 requests)
[00:18:57] [154/326] CCJR
[00:18:59] [155/326] SINF
[00:19:00] [156/326] CPLX
[00:19:00] [157/326] KKTJ
[00:19:01] [158/326] GDBW
[00:19:02] [159/326] CSUB
[00:19:03] [160/326] DABA
[00:19:04] [161/326] TITR
[00:19:04] [162/326] NYCR
[00:19:05] [163/326] RTRY
[00:19:06] 🔄 Identity reset
[00:19:06] 🔄 Identity rotated (every 10 requests)
[00:19:06] [164/326] JTJL
[00:19:07] [165/326] SJCP
[00:19:08] [166/326] KCCA
[00:19:08] [167/326] MLPG
[00:19:10] [168/326] VRCK
[00:19:10] [169/326] SRIN
[00:19:11] [170/326] CXMK
[00:19:12] [171/326] SKAD
[00:19:13] [172/326] AVTR
[00:19:14] [173/326] PTAJ
[00:19:14] 🔄 Identity reset
[00:19:14] 🔄 Identity rotated (every 10 requests)
[00:19:15] [174/326] SCNK
[00:19:15] [175/326] STTI
[00:19:16] [176/326] KACR
[00:19:17] [177/326] SSDX
[00:19:18] [178/326] VRTJ
[00:19:19] [179/326] RAJD
[00:19:20] [180/326] SCIP
[00:19:21] [181/326] RJSL
[00:19:22] [182/326] ARRS
[00:19:22] [183/326] ASMS
[00:19:23] 🔄 Identity reset
[00:19:23] 🔄 Identity rotated (every 10 requests)
[00:19:23] [184/326] RDTS
[00:19:24] [185/326] DVMY
[00:19:25] [186/326] RASA
[00:19:25] [187/326] INOM
[00:19:26] [188/326] SPRS
[00:19:26] [189/326] SGCS
[00:19:27] [190/326] SALM
[00:19:28] [191/326] PKHC
[00:19:28] [192/326] RCSV
[00:19:29] [193/326] CPKC
[00:19:30] 🔄 Identity reset
[00:19:30] 🔄 Identity rotated (every 10 requests)
[00:19:30] [194/326] AACD
[00:19:31] [195/326] GGCV
[00:19:32] [196/326] SMKD
[00:19:32] [197/326] NBCH
[00:19:33] [198/326] AMCB
[00:19:34] [199/326] OPCN
[00:19:35] [200/326] DCIN
[00:19:35] [201/326] INGW
[00:19:36] [202/326] PKKW
[00:19:37] [203/326] FNGW
[00:19:37] 🔄 Identity reset
[00:19:37] 🔄 Identity rotated (every 10 requests)
[00:19:38] [204/326] GCGD
[00:19:38] [205/326] MSTW
[00:19:39] [206/326] KCCG
[00:19:40] [207/326] MRSS
[00:19:40] [208/326] CLCF
[00:19:41] [209/326] EETS
[00:19:42] [210/326] AATR
[00:19:43] [211/326] CMMN
[00:19:44] [212/326] SCCJ
[00:19:45] [213/326] CDTK
[00:19:46] 🔄 Identity reset
[00:19:46] 🔄 Identity rotated (every 10 requests)
[00:19:46] 🔄 Retry 1/5 for CDTK in 2.2s
[00:19:46] 🔄 Identity reset
[00:19:48] 🧠 New identity created
[00:19:48] [214/326] AICP
[00:19:49] [215/326] FNBP
[00:19:50] [216/326] CBPB
[00:19:51] [217/326] CPAS
[00:19:51] [218/326] MAPM
[00:19:52] [219/326] PASD
[00:19:53] [220/326] JCMN
[00:19:54] [221/326] MALB
[00:19:55] [222/326] SACG
[00:19:56] 🔄 Identity reset
[00:19:56] 🔄 Identity rotated (every 10 requests)
[00:19:56] [223/326] DDRX
[00:19:57] [224/326] DDXB
[00:19:57] [225/326] RAMC
[00:19:58] [226/326] SANC
[00:19:59] [227/326] BCBP
[00:19:59] [228/326] ALPC
[00:20:00] [229/326] RBAC
[00:20:01] [230/326] RAJL
[00:20:02] [231/326] MPDX
[00:20:03] [232/326] MUSC
[00:20:03] 🔄 Identity reset
[00:20:03] 🔄 Identity rotated (every 10 requests)
[00:20:04] [233/326] VKMK
[00:20:04] [234/326] SKCG
[00:20:05] [235/326] ANCN
[00:20:06] [236/326] MMCJ
[00:20:07] [237/326] DCAK
[00:20:08] [238/326] SCKG
[00:20:09] [239/326] LMCK
[00:20:10] [240/326] CKKX
[00:20:10] [241/326] ANKU
[00:20:11] [242/326] CSMD
[00:20:12] 🔄 Identity reset
[00:20:12] 🔄 Identity rotated (every 10 requests)
[00:20:12] [243/326] MKMP
[00:20:13] [244/326] SVBG
[00:20:14] [245/326] ROOP
[00:20:15] [246/326] GDMT
[00:20:15] [247/326] FPPF
[00:20:17] [248/326] SFUU
[00:20:17] [249/326] ANCB
[00:20:18] [250/326] SMMC
[00:20:19] [251/326] UGKT
[00:20:20] [252/326] JVRM
[00:20:21] 🔄 Identity reset
[00:20:21] 🔄 Identity rotated (every 10 requests)
[00:20:21] [253/326] BATG
[00:20:22] [254/326] RATE
[00:20:22] [255/326] SKME
[00:20:23] [256/326] LMTP
[00:20:24] [257/326] TCBD
[00:20:24] [258/326] ESBD
[00:20:25] [259/326] GDCU
[00:20:27] [260/326] SNKT
[00:20:28] [261/326] SRNK
[00:20:29] [262/326] SMED
[00:20:29] 🔄 Identity reset
[00:20:29] 🔄 Identity rotated (every 10 requests)
[00:20:29] [263/326] CSQS
[00:20:30] [264/326] ALCS
[00:20:31] [265/326] KCKN
[00:20:31] [266/326] VCCL
[00:20:33] [267/326] MCDA
[00:20:33] [268/326] SHMI
[00:20:35] [269/326] SKHA
[00:20:35] [270/326] SVFK
[00:20:36] [271/326] INVB
[00:20:37] [272/326] MELD
[00:20:38] 🔄 Identity reset
[00:20:38] 🔄 Identity rotated (every 10 requests)
[00:20:38] [273/326] JTYS
[00:20:39] [274/326] INCM
[00:20:39] [275/326] MCDV
[00:20:40] [276/326] KSGK
[00:20:41] [277/326] ICMG
[00:20:42] [278/326] CSCV
[00:20:43] [279/326] STMD
[00:20:43] [280/326] STTR
[00:20:44] [281/326] INVC
[00:20:45] [282/326] JTBL
[00:20:45] 🔄 Identity reset
[00:20:45] 🔄 Identity rotated (every 10 requests)
[00:20:45] [283/326] SRVV
[00:20:46] [284/326] MAVC
[00:20:47] [285/326] SRPP
[00:20:47] [286/326] JGDM
[00:20:48] [287/326] MBSJ
[00:20:49] [288/326] SSLL
[00:20:49] [289/326] SLKP
[00:20:50] [290/326] NSRV
[00:20:51] [291/326] UTDV
[00:20:52] [292/326] KICM
[00:20:52] 🔄 Identity reset
[00:20:52] 🔄 Identity rotated (every 10 requests)
[00:20:53] [293/326] KCMD
[00:20:53] [294/326] TTPP
[00:20:54] [295/326] KMPV
[00:20:55] [296/326] SKTV
[00:20:55] [297/326] STCV
[00:20:56] [298/326] SRDA
[00:20:57] [299/326] JTSX
[00:20:58] [300/326] STBV
[00:20:58] [301/326] APVZ
[00:20:59] [302/326] GSTV
[00:21:00] 🔄 Identity reset
[00:21:00] 🔄 Identity rotated (every 10 requests)
[00:21:00] [303/326] NMVS
[00:21:01] [304/326] SKRT
[00:21:02] [305/326] RMDV
[00:21:03] [306/326] RATG
[00:21:04] [307/326] SJYV
[00:21:04] [308/326] NDGP
[00:21:05] [309/326] SNDG
[00:21:06] [310/326] INSR
[00:21:06] [311/326] INSO
[00:21:07] [312/326] CCSI
[00:21:08] 🔄 Identity reset
[00:21:08] 🔄 Identity rotated (every 10 requests)
[00:21:08] [313/326] RASM
[00:21:09] [314/326] NEWC
[00:21:09] [315/326] VSHL
[00:21:10] [316/326] BISW
[00:21:11] [317/326] GCNG
[00:21:11] [318/326] CWSC
[00:21:12] [319/326] SKAN
[00:21:13] [320/326] CCOA
[00:21:14] [321/326] MCAJ
[00:21:15] [322/326] ACDE
[00:21:16] 🔄 Identity reset
[00:21:16] 🔄 Identity rotated (every 10 requests)
[00:21:16] [323/326] AACM
[00:21:16] [324/326] JJCK
[00:21:17] [325/326] RCMO
[00:21:18] [326/326] GDAW
[00:21:19] ✅ DONE | Shows=0 | Movies=0
[00:57:13] 🚀 BMS DAILY TRACKER STARTED (enhanced anti‑detection)
[00:57:13] [1/326] VCHA
[00:57:13] 🧠 New identity created
[00:57:14] [2/326] SCKO
[00:57:15] [3/326] VKTK
[00:57:16] [4/326] DXEC
[00:57:17] [5/326] CDCA
[00:57:17] [6/326] VBCZ
[00:57:18] [7/326] MSDR
[00:57:20] [8/326] ACPV
[00:57:21] [9/326] PVHB
[00:57:22] [10/326] RCNH
[00:57:22] 🔄 Identity reset
[00:57:22] 🔄 Identity rotated (every 10 requests)
[00:57:22] [11/326] IOMH
[00:57:23] [12/326] ILKS
[00:57:24] [13/326] AMSN
[00:57:25] [14/326] ANTP
[00:57:26] [15/326] SSEK
[00:57:27] [16/326] PICP
[00:57:28] [17/326] SICO
[00:57:29] [18/326] SISP
[00:57:30] [19/326] SCPI
[00:57:30] [20/326] CRPR
[00:57:31] 🔄 Identity reset
[00:57:31] 🔄 Identity rotated (every 10 requests)
[00:57:31] [21/326] DCTW
[00:57:33] [22/326] DCSP
[00:57:33] [23/326] KRPM
[00:57:34] [24/326] THKK
[00:57:35] [25/326] SNMY
[00:57:36] [26/326] AKCC
[00:57:37] [27/326] PCAT
[00:57:38] [28/326] RFGO
[00:57:39] [29/326] GGCS
[00:57:40] [30/326] ACKR
[00:57:40] 🔄 Identity reset
[00:57:41] 🔄 Identity rotated (every 10 requests)
[00:57:41] [31/326] STDO
[00:57:42] [32/326] ACKB
[00:57:43] [33/326] ALUC
[00:57:44] [34/326] MNSR
[00:57:45] [35/326] CSSL
[00:57:46] [36/326] BGGM
[00:57:47] [37/326] MANT
[00:57:49] [38/326] SOOY
[00:57:50] [39/326] VPPK
[00:57:51] [40/326] MYHJ
[00:57:52] 🔄 Identity reset
[00:57:52] 🔄 Identity rotated (every 10 requests)
[00:57:52] [41/326] KSCK
[00:57:53] [42/326] KATK
[00:57:54] [43/326] RTRT
[00:57:55] [44/326] SSTT
[00:57:56] [45/326] SSTV
[00:57:57] [46/326] LACM
[00:57:58] [47/326] SGMG
[00:57:59] [48/326] KACX
[00:57:59] [49/326] GVCP
[00:58:00] [50/326] CSNC
[00:58:01] 🔄 Identity reset
[00:58:01] 🔄 Identity rotated (every 10 requests)
[00:58:01] [51/326] SXCB
[00:58:02] [52/326] BAHS
[00:58:03] [53/326] PCBI
[00:58:04] [54/326] PSSM
[00:58:05] [55/326] RCOK
[00:58:05] [56/326] SCPF
[00:58:07] [57/326] SSAS
[00:58:08] [58/326] EVMM
[00:58:09] [59/326] SYCB
[00:58:10] [60/326] GCKI
[00:58:10] 🔄 Identity reset
[00:58:10] 🔄 Identity rotated (every 10 requests)
[00:58:11] [61/326] IAET
[00:58:12] [62/326] DDTD
[00:58:13] [63/326] GMDH
[00:58:14] [64/326] STLE
[00:58:15] [65/326] JTRA
[00:58:16] [66/326] RPPA
[00:58:16] [67/326] ARUT
[00:58:17] [68/326] JTVM
[00:58:18] [69/326] SWRH
[00:58:20] [70/326] DCPC
[00:58:20] 🔄 Identity reset
[00:58:20] 🔄 Identity rotated (every 10 requests)
[00:58:21] [71/326] RAPR
[00:58:22] [72/326] GCRT
[00:58:23] [73/326] ATUN
[00:58:24] [74/326] LTRM
[00:58:25] [75/326] TASR
[00:58:26] [76/326] RLLC
[00:58:27] [77/326] MABI
[00:58:28] [78/326] SVHB
[00:58:29] [79/326] NVTB
[00:58:30] [80/326] KCKG
[00:58:30] 🔄 Identity reset
[00:58:30] 🔄 Identity rotated (every 10 requests)
[00:58:31] [81/326] SSRN
[00:58:32] [82/326] VDDC
[00:58:32] [83/326] GKTK
[00:58:33] [84/326] YFSN
[00:58:34] [85/326] GCSG
[00:58:35] [86/326] ESSM
[00:58:36] [87/326] KRIH
[00:58:37] [88/326] GCDS
[00:58:38] [89/326] CCSH
[00:58:39] [90/326] ACSK
[00:58:39] 🔄 Identity reset
[00:58:39] 🔄 Identity rotated (every 10 requests)
[00:58:40] [91/326] APRK
[00:58:40] [92/326] ADKM
[00:58:41] [93/326] SRDM
[00:58:42] [94/326] SJMY
[00:58:44] [95/326] PGGC
[00:58:45] [96/326] INGM
[00:58:46] [97/326] LSCB
[00:58:46] [98/326] STAD
[00:58:48] [99/326] MCCR
[00:58:49] [100/326] ABCC
[00:58:50] 🔄 Identity reset
[00:58:50] 🔄 Identity rotated (every 10 requests)
[00:58:50] [101/326] RKCC
[00:58:52] [102/326] RTCR
[00:58:53] [103/326] GGBC
[00:58:54] [104/326] GCSD
[00:58:55] [105/326] LPTY
[00:58:56] [106/326] MCFD
[00:58:56] [107/326] HENN
[00:58:57] [108/326] SMKU
[00:58:58] [109/326] TNZC
[00:58:59] [110/326] DRCD
[00:59:00] 🔄 Identity reset
[00:59:00] 🔄 Identity rotated (every 10 requests)
[00:59:00] [111/326] DLCD
[00:59:01] [112/326] RCDA
[00:59:02] [113/326] COSM
[00:59:03] [114/326] MCMJ
[00:59:04] [115/326] CSTR
[00:59:05] [116/326] CVDK
[00:59:07] [117/326] INRR
[00:59:08] [118/326] RJRT
[00:59:09] [119/326] IRMR
[00:59:10] [120/326] SRCF
[00:59:11] 🔄 Identity reset
[00:59:11] 🔄 Identity rotated (every 10 requests)
[00:59:11] [121/326] GRCR
[00:59:12] [122/326] SURC
[00:59:13] [123/326] NMNH
[00:59:14] [124/326] SVBL
[00:59:15] [125/326] KACI
[00:59:16] [126/326] TDGO
[00:59:17] [127/326] KTBR
[00:59:18] [128/326] PMAD
[00:59:19] [129/326] CCPN
[00:59:20] [130/326] SBTK
[00:59:20] 🔄 Identity reset
[00:59:20] 🔄 Identity rotated (every 10 requests)
[00:59:21] [131/326] LMDK
[00:59:22] [132/326] PGDA
[00:59:23] [133/326] SRML
[00:59:24] [134/326] EVCK
[00:59:24] [135/326] RTTK
[00:59:26] [136/326] SRTU
[00:59:27] [137/326] VRSA
[00:59:28] [138/326] VARS
[00:59:29] [139/326] DSCZ
[00:59:30] [140/326] GAGA
[00:59:30] 🔄 Identity reset
[00:59:30] 🔄 Identity rotated (every 10 requests)
[00:59:31] [141/326] SARV
[00:59:33] [142/326] SEEG
[00:59:34] [143/326] GLCA
[00:59:35] [144/326] APAS
[00:59:36] [145/326] VCIA
[00:59:37] [146/326] SJTA
[00:59:38] [147/326] SABM
[00:59:39] [148/326] PPAG
[00:59:40] [149/326] RVCA
[00:59:41] [150/326] CCIA
[00:59:42] 🔄 Identity reset
[00:59:42] 🔄 Identity rotated (every 10 requests)
[00:59:42] [151/326] HTAG
[00:59:43] [152/326] SMBI
[00:59:44] [153/326] MCJR
[00:59:45] [154/326] CCJR
[00:59:46] [155/326] SINF
[00:59:47] [156/326] CPLX
[00:59:48] [157/326] KKTJ
[00:59:49] [158/326] GDBW
[00:59:49] [159/326] CSUB
[00:59:50] [160/326] DABA
[00:59:51] 🔄 Identity reset
[00:59:51] 🔄 Identity rotated (every 10 requests)
[00:59:51] [161/326] TITR
[00:59:52] [162/326] NYCR
[00:59:53] [163/326] RTRY
[00:59:54] [164/326] JTJL
[00:59:54] [165/326] SJCP
[00:59:55] [166/326] KCCA
[00:59:56] [167/326] MLPG
[00:59:57] [168/326] VRCK
[00:59:58] [169/326] SRIN
[00:59:59] [170/326] CXMK
[01:00:00] 🔄 Identity reset
[01:00:00] 🔄 Identity rotated (every 10 requests)
[01:00:00] [171/326] SKAD
[01:00:01] [172/326] AVTR
[01:00:02] [173/326] PTAJ
[01:00:03] [174/326] SCNK
[01:00:04] [175/326] STTI
[01:00:05] [176/326] KACR
[01:00:06] [177/326] SSDX
[01:00:07] [178/326] VRTJ
[01:00:08] [179/326] RAJD
[01:00:08] [180/326] SCIP
[01:00:09] 🔄 Identity reset
[01:00:09] 🔄 Identity rotated (every 10 requests)
[01:00:09] [181/326] RJSL
[01:00:10] [182/326] ARRS
[01:00:11] [183/326] ASMS
[01:00:12] [184/326] RDTS
[01:00:14] [185/326] DVMY
[01:00:14] [186/326] RASA
[01:00:15] [187/326] INOM
[01:00:16] [188/326] SPRS
[01:00:17] [189/326] SGCS
[01:00:18] [190/326] SALM
[01:00:19] 🔄 Identity reset
[01:00:19] 🔄 Identity rotated (every 10 requests)
[01:00:19] [191/326] PKHC
[01:00:20] [192/326] RCSV
[01:00:21] [193/326] CPKC
[01:00:22] [194/326] AACD
[01:00:23] [195/326] GGCV
[01:00:25] [196/326] SMKD
[01:00:25] [197/326] NBCH
[01:00:26] [198/326] AMCB
[01:00:27] [199/326] OPCN
[01:00:29] [200/326] DCIN
[01:00:29] 🔄 Identity reset
[01:00:29] 🔄 Identity rotated (every 10 requests)
[01:00:30] [201/326] INGW
[01:00:30] [202/326] PKKW
[01:00:31] [203/326] FNGW
[01:00:32] [204/326] GCGD
[01:00:33] [205/326] MSTW
[01:00:34] [206/326] KCCG
[01:00:35] [207/326] MRSS
[01:00:36] [208/326] CLCF
[01:00:37] [209/326] EETS
[01:00:38] [210/326] AATR
[01:00:38] 🔄 Identity reset
[01:00:38] 🔄 Identity rotated (every 10 requests)
[01:00:39] [211/326] CMMN
[01:00:40] [212/326] SCCJ
[01:00:41] [213/326] CDTK
[01:00:41] [214/326] AICP
[01:00:43] [215/326] FNBP
[01:00:44] [216/326] CBPB
[01:00:45] [217/326] CPAS
[01:00:46] [218/326] MAPM
[01:00:48] [219/326] PASD
[01:00:49] [220/326] JCMN
[01:00:49] 🔄 Identity reset
[01:00:49] 🔄 Identity rotated (every 10 requests)
[01:00:50] [221/326] MALB
[01:00:52] [222/326] SACG
[01:00:52] [223/326] DDRX
[01:00:53] [224/326] DDXB
[01:00:54] [225/326] RAMC
[01:00:56] [226/326] SANC
[01:00:57] [227/326] BCBP
[01:00:58] [228/326] ALPC
[01:00:59] [229/326] RBAC
[01:01:00] [230/326] RAJL
[01:01:00] 🔄 Identity reset
[01:01:00] 🔄 Identity rotated (every 10 requests)
[01:01:01] [231/326] MPDX
[01:01:02] [232/326] MUSC
[01:01:03] [233/326] VKMK
[01:01:03] [234/326] SKCG
[01:01:04] [235/326] ANCN
[01:01:05] [236/326] MMCJ
[01:01:06] [237/326] DCAK
[01:01:07] [238/326] SCKG
[01:01:08] [239/326] LMCK
[01:01:09] [240/326] CKKX
[01:01:09] 🔄 Identity reset
[01:01:09] 🔄 Identity rotated (every 10 requests)
[01:01:10] [241/326] ANKU
[01:01:11] [242/326] CSMD
[01:01:12] [243/326] MKMP
[01:01:12] [244/326] SVBG
[01:01:14] [245/326] ROOP
[01:01:15] [246/326] GDMT
[01:01:15] [247/326] FPPF
[01:01:16] [248/326] SFUU
[01:01:17] [249/326] ANCB
[01:01:18] [250/326] SMMC
[01:01:19] 🔄 Identity reset
[01:01:19] 🔄 Identity rotated (every 10 requests)
[01:01:19] [251/326] UGKT
[01:01:20] [252/326] JVRM
[01:01:21] [253/326] BATG
[01:01:22] [254/326] RATE
[01:01:23] [255/326] SKME
[01:01:24] [256/326] LMTP
[01:01:25] [257/326] TCBD
[01:01:26] [258/326] ESBD
[01:01:27] [259/326] GDCU
[01:01:28] [260/326] SNKT
[01:01:29] 🔄 Identity reset
[01:01:29] 🔄 Identity rotated (every 10 requests)
[01:01:29] [261/326] SRNK
[01:01:30] [262/326] SMED
[01:01:31] [263/326] CSQS
[01:01:32] [264/326] ALCS
[01:01:34] [265/326] KCKN
[01:01:35] [266/326] VCCL
[01:01:36] [267/326] MCDA
[01:01:37] [268/326] SHMI
[01:01:38] [269/326] SKHA
[01:01:39] [270/326] SVFK
[01:01:39] 🔄 Identity reset
[01:01:39] 🔄 Identity rotated (every 10 requests)
[01:01:39] 🔄 Retry 1/5 for SVFK in 2.9s
[01:01:39] 🔄 Identity reset
[01:01:42] 🧠 New identity created
[01:01:43] [271/326] INVB
[01:01:44] [272/326] MELD
[01:01:45] [273/326] JTYS
[01:01:46] [274/326] INCM
[01:01:47] [275/326] MCDV
[01:01:49] [276/326] KSGK
[01:01:49] [277/326] ICMG
[01:01:50] [278/326] CSCV
[01:01:51] [279/326] STMD
[01:01:52] 🔄 Identity reset
[01:01:52] 🔄 Identity rotated (every 10 requests)
[01:01:52] [280/326] STTR
[01:01:53] [281/326] INVC
[01:01:54] [282/326] JTBL
[01:01:55] [283/326] SRVV
[01:01:56] [284/326] MAVC
[01:01:56] [285/326] SRPP
[01:01:57] [286/326] JGDM
[01:01:58] [287/326] MBSJ
[01:01:59] [288/326] SSLL
[01:02:00] [289/326] SLKP
[01:02:01] 🔄 Identity reset
[01:02:01] 🔄 Identity rotated (every 10 requests)
[01:02:01] [290/326] NSRV
[01:02:02] [291/326] UTDV
[01:02:03] [292/326] KICM
[01:02:04] [293/326] KCMD
[01:02:05] [294/326] TTPP
[01:02:06] [295/326] KMPV
[01:02:06] [296/326] SKTV
[01:02:07] [297/326] STCV
[01:02:08] [298/326] SRDA
[01:02:09] [299/326] JTSX
[01:02:10] 🔄 Identity reset
[01:02:10] 🔄 Identity rotated (every 10 requests)
[01:02:10] [300/326] STBV
[01:02:11] [301/326] APVZ
[01:02:12] [302/326] GSTV
[01:02:13] [303/326] NMVS
[01:02:14] [304/326] SKRT
[01:02:15] [305/326] RMDV
[01:02:16] [306/326] RATG
[01:02:17] [307/326] SJYV
[01:02:18] [308/326] NDGP
[01:02:18] [309/326] SNDG
[01:02:19] 🔄 Identity reset
[01:02:19] 🔄 Identity rotated (every 10 requests)
[01:02:19] [310/326] INSR
[01:02:20] [311/326] INSO
[01:02:21] [312/326] CCSI
[01:02:22] [313/326] RASM
[01:02:23] [314/326] NEWC
[01:02:24] [315/326] VSHL
[01:02:25] [316/326] BISW
[01:02:26] [317/326] GCNG
[01:02:27] [318/326] CWSC
[01:02:28] [319/326] SKAN
[01:02:29] 🔄 Identity reset
[01:02:29] 🔄 Identity rotated (every 10 requests)
[01:02:29] [320/326] CCOA
[01:02:30] [321/326] MCAJ
[01:02:31] [322/326] ACDE
[01:02:32] [323/326] AACM
[01:02:33] [324/326] JJCK
[01:02:34] [325/326] RCMO
[01:02:35] [326/326] GDAW
[01:02:36] ✅ DONE | Shows=0 | Movies=0
