[00:16:11] 🚀 DISTRICT → BMS9 CONVERTER STARTED
[00:16:11] 📅 Date: 2026-09-19
[00:16:11] 🚫 Worker logic: DISABLED
[00:16:11] 🔑 Venue matching: ID ONLY
[00:16:11] 🚫 alldistrictvenues.json: NOT USED
[00:16:11] 🚫 Venue-name matching: NOT USED
[00:16:11] 📍 Selected venue records: 756
[00:16:11] 🎯 Selected venue IDs: 756
[00:16:11] 📡 Fetching Detailed JSON:
[00:16:11]    https://districtdata2026.pages.dev/boxoffice/2026-09-19_Detailed.json
[00:16:11] ❌ Source file not found (404) – will create empty outputs
[00:16:11] ⚠️ No source data – keeping existing output files unchanged
[00:16:11] 📄 Created empty detailed file: daily/data/20260919/detailed9.json
[00:16:11] 📄 Created empty summary file: daily/data/20260919/movie_summary9.json
[00:16:11] ✅ DONE | Existing data preserved
[00:56:33] 🚀 DISTRICT → BMS9 CONVERTER STARTED
[00:56:33] 📅 Date: 2026-09-19
[00:56:33] 🚫 Worker logic: DISABLED
[00:56:33] 🔑 Venue matching: ID ONLY
[00:56:33] 🚫 alldistrictvenues.json: NOT USED
[00:56:33] 🚫 Venue-name matching: NOT USED
[00:56:33] 📍 Selected venue records: 756
[00:56:33] 🎯 Selected venue IDs: 756
[00:56:33] 📡 Fetching Detailed JSON:
[00:56:33]    https://districtdata2026.pages.dev/boxoffice/2026-09-19_Detailed.json
[00:56:33] ❌ Source file not found (404) – will create empty outputs
[00:56:33] ⚠️ No source data – keeping existing output files unchanged
[00:56:33] 📦 Existing detailed file preserved: daily/data/20260919/detailed9.json
[00:56:33] 📦 Existing summary file preserved: daily/data/20260919/movie_summary9.json
[00:56:33] ✅ DONE | Existing data preserved
[01:15:55] 🚀 DISTRICT → BMS9 CONVERTER STARTED
[01:15:55] 📅 Date: 2026-09-19
[01:15:55] 🚫 Worker logic: DISABLED
[01:15:55] 🔑 Venue matching: ID ONLY
[01:15:55] 🚫 alldistrictvenues.json: NOT USED
[01:15:55] 🚫 Venue-name matching: NOT USED
[01:15:55] 📍 Selected venue records: 756
[01:15:55] 🎯 Selected venue IDs: 756
[01:15:55] 📡 Fetching Detailed JSON:
[01:15:55]    https://districtdata2026.pages.dev/boxoffice/2026-09-19_Detailed.json
[01:15:55] ❌ Source file not found (404) – will create empty outputs
[01:15:55] ⚠️ No source data – keeping existing output files unchanged
[01:15:55] 📦 Existing detailed file preserved: daily/data/20260919/detailed9.json
[01:15:55] 📦 Existing summary file preserved: daily/data/20260919/movie_summary9.json
[01:15:55] ✅ DONE | Existing data preserved
[02:15:54] 🚀 DISTRICT → BMS9 CONVERTER STARTED
[02:15:54] 📅 Date: 2026-09-19
[02:15:54] 🚫 Worker logic: DISABLED
[02:15:54] 🔑 Venue matching: ID ONLY
[02:15:54] 🚫 alldistrictvenues.json: NOT USED
[02:15:54] 🚫 Venue-name matching: NOT USED
[02:15:54] 📍 Selected venue records: 756
[02:15:54] 🎯 Selected venue IDs: 756
[02:15:54] 📡 Fetching Detailed JSON:
[02:15:54]    https://districtdata2026.pages.dev/boxoffice/2026-09-19_Detailed.json
[02:15:54] ❌ Source file not found (404) – will create empty outputs
[02:15:54] ⚠️ No source data – keeping existing output files unchanged
[02:15:54] 📦 Existing detailed file preserved: daily/data/20260919/detailed9.json
[02:15:54] 📦 Existing summary file preserved: daily/data/20260919/movie_summary9.json
[02:15:54] ✅ DONE | Existing data preserved
[03:16:06] 🚀 DISTRICT → BMS9 CONVERTER STARTED
[03:16:06] 📅 Date: 2026-09-19
[03:16:06] 🚫 Worker logic: DISABLED
[03:16:06] 🔑 Venue matching: ID ONLY
[03:16:06] 🚫 alldistrictvenues.json: NOT USED
[03:16:06] 🚫 Venue-name matching: NOT USED
[03:16:06] 📍 Selected venue records: 756
[03:16:06] 🎯 Selected venue IDs: 756
[03:16:06] 📡 Fetching Detailed JSON:
[03:16:06]    https://districtdata2026.pages.dev/boxoffice/2026-09-19_Detailed.json
[03:16:06] ❌ Source file not found (404) – will create empty outputs
[03:16:06] ⚠️ No source data – keeping existing output files unchanged
[03:16:06] 📦 Existing detailed file preserved: daily/data/20260919/detailed9.json
[03:16:06] 📦 Existing summary file preserved: daily/data/20260919/movie_summary9.json
[03:16:06] ✅ DONE | Existing data preserved
[03:46:42] 🚀 DISTRICT → BMS9 CONVERTER STARTED
[03:46:42] 📅 Date: 2026-09-19
[03:46:42] 🚫 Worker logic: DISABLED
[03:46:42] 🔑 Venue matching: ID ONLY
[03:46:42] 🚫 alldistrictvenues.json: NOT USED
[03:46:42] 🚫 Venue-name matching: NOT USED
[03:46:42] 📍 Selected venue records: 756
[03:46:42] 🎯 Selected venue IDs: 756
[03:46:42] 📡 Fetching Detailed JSON:
[03:46:42]    https://districtdata2026.pages.dev/boxoffice/2026-09-19_Detailed.json
[03:46:43] ❌ Source file not found (404) – will create empty outputs
[03:46:43] ⚠️ No source data – keeping existing output files unchanged
[03:46:43] 📦 Existing detailed file preserved: daily/data/20260919/detailed9.json
[03:46:43] 📦 Existing summary file preserved: daily/data/20260919/movie_summary9.json
[03:46:43] ✅ DONE | Existing data preserved
[04:16:28] 🚀 DISTRICT → BMS9 CONVERTER STARTED
[04:16:28] 📅 Date: 2026-09-19
[04:16:28] 🚫 Worker logic: DISABLED
[04:16:28] 🔑 Venue matching: ID ONLY
[04:16:28] 🚫 alldistrictvenues.json: NOT USED
[04:16:28] 🚫 Venue-name matching: NOT USED
[04:16:28] 📍 Selected venue records: 756
[04:16:28] 🎯 Selected venue IDs: 756
[04:16:28] 📡 Fetching Detailed JSON:
[04:16:28]    https://districtdata2026.pages.dev/boxoffice/2026-09-19_Detailed.json
[04:16:28] ✅ Source loaded
[04:16:28]    Source date: 2026-09-19
[04:16:28]    Last updated: 04:06 AM, 19 September 2026
[04:16:28]    Movie keys: 92
[04:16:28] 🎬 Source movie keys: 92
[04:16:28] 🎟️ Selected-venue show rows: 292
[04:16:28] 🚫 Non-selected show rows ignored: 2772
[04:16:28] ℹ️ Non-selected venue IDs encountered: 815
[04:16:28]    ⏭️ Source venue ID not selected: 1040584
[04:16:28]    ⏭️ Source venue ID not selected: 1040668
[04:16:28]    ⏭️ Source venue ID not selected: 1020722
[04:16:28]    ⏭️ Source venue ID not selected: 1013554
[04:16:28]    ⏭️ Source venue ID not selected: 1027253
[04:16:28]    ⏭️ Source venue ID not selected: 1018430
[04:16:28]    ⏭️ Source venue ID not selected: 1018959
[04:16:28]    ⏭️ Source venue ID not selected: 1015943
[04:16:28]    ⏭️ Source venue ID not selected: 1067733
[04:16:28]    ⏭️ Source venue ID not selected: 9721
[04:16:28]    ⏭️ Source venue ID not selected: 7879
[04:16:28]    ⏭️ Source venue ID not selected: 1054709
[04:16:28]    ⏭️ Source venue ID not selected: 1036948
[04:16:28]    ⏭️ Source venue ID not selected: 1022307
[04:16:28]    ⏭️ Source venue ID not selected: 1025226
[04:16:28]    ⏭️ Source venue ID not selected: 1020733
[04:16:28]    ⏭️ Source venue ID not selected: 1093582
[04:16:28]    ⏭️ Source venue ID not selected: 1019939
[04:16:28]    ⏭️ Source venue ID not selected: 1102193
[04:16:28]    ⏭️ Source venue ID not selected: 1040660
[04:16:28]    ... and 795 more
[04:16:28] 📦 Previous shows: 0
[04:16:28] 🆕 Fresh shows: 292
[04:16:28] 📦 Final shows: 292
[04:16:28] ✅ DONE | Shows=292 | Movies=39
[04:16:28] 📄 Detailed: daily/data/20260919/detailed9.json
[04:16:28] 📄 Summary: daily/data/20260919/movie_summary9.json
[06:05:47] 🚀 DISTRICT → BMS9 CONVERTER STARTED
[06:05:47] 📅 Date: 2026-09-19
[06:05:47] 🚫 Worker logic: DISABLED
[06:05:47] 🔑 Venue matching: ID ONLY
[06:05:47] 🚫 alldistrictvenues.json: NOT USED
[06:05:47] 🚫 Venue-name matching: NOT USED
[06:05:47] 📍 Selected venue records: 756
[06:05:47] 🎯 Selected venue IDs: 756
[06:05:47] 📡 Fetching Detailed JSON:
[06:05:47]    https://districtdata2026.pages.dev/boxoffice/2026-09-19_Detailed.json
[06:05:47] ✅ Source loaded
[06:05:47]    Source date: 2026-09-19
[06:05:47]    Last updated: 04:06 AM, 19 September 2026
[06:05:47]    Movie keys: 92
[06:05:47] 🎬 Source movie keys: 92
[06:05:47] 🎟️ Selected-venue show rows: 292
[06:05:47] 🚫 Non-selected show rows ignored: 2772
[06:05:47] ℹ️ Non-selected venue IDs encountered: 815
[06:05:47]    ⏭️ Source venue ID not selected: 42640
[06:05:47]    ⏭️ Source venue ID not selected: 1102157
[06:05:47]    ⏭️ Source venue ID not selected: 1102307
[06:05:47]    ⏭️ Source venue ID not selected: 1019910
[06:05:47]    ⏭️ Source venue ID not selected: 1018956
[06:05:47]    ⏭️ Source venue ID not selected: 1017390
[06:05:47]    ⏭️ Source venue ID not selected: 1019328
[06:05:47]    ⏭️ Source venue ID not selected: 1102202
[06:05:47]    ⏭️ Source venue ID not selected: 1020787
[06:05:47]    ⏭️ Source venue ID not selected: 1001091
[06:05:47]    ⏭️ Source venue ID not selected: 1970
[06:05:47]    ⏭️ Source venue ID not selected: 1102117
[06:05:47]    ⏭️ Source venue ID not selected: 1029157
[06:05:47]    ⏭️ Source venue ID not selected: 1013602
[06:05:47]    ⏭️ Source venue ID not selected: 1030074
[06:05:47]    ⏭️ Source venue ID not selected: 1039338
[06:05:47]    ⏭️ Source venue ID not selected: 1067733
[06:05:47]    ⏭️ Source venue ID not selected: 1022267
[06:05:47]    ⏭️ Source venue ID not selected: 1025907
[06:05:47]    ⏭️ Source venue ID not selected: 1020738
[06:05:47]    ... and 795 more
[06:05:47] 📦 Previous shows: 292
[06:05:47] 🆕 Fresh shows: 292
[06:05:47] 📦 Final shows: 292
[06:05:47] ✅ DONE | Shows=292 | Movies=39
[06:05:47] 📄 Detailed: daily/data/20260919/detailed9.json
[06:05:47] 📄 Summary: daily/data/20260919/movie_summary9.json
[06:27:20] 🚀 DISTRICT → BMS9 CONVERTER STARTED
[06:27:20] 📅 Date: 2026-09-19
[06:27:20] 🚫 Worker logic: DISABLED
[06:27:20] 🔑 Venue matching: ID ONLY
[06:27:20] 🚫 alldistrictvenues.json: NOT USED
[06:27:20] 🚫 Venue-name matching: NOT USED
[06:27:20] 📍 Selected venue records: 756
[06:27:20] 🎯 Selected venue IDs: 756
[06:27:20] 📡 Fetching Detailed JSON:
[06:27:20]    https://districtdata2026.pages.dev/boxoffice/2026-09-19_Detailed.json
[06:27:20] ✅ Source loaded
[06:27:20]    Source date: 2026-09-19
[06:27:20]    Last updated: 04:06 AM, 19 September 2026
[06:27:20]    Movie keys: 92
[06:27:20] 🎬 Source movie keys: 92
[06:27:20] 🎟️ Selected-venue show rows: 292
[06:27:20] 🚫 Non-selected show rows ignored: 2772
[06:27:20] ℹ️ Non-selected venue IDs encountered: 815
[06:27:20]    ⏭️ Source venue ID not selected: 1017390
[06:27:20]    ⏭️ Source venue ID not selected: 1013554
[06:27:20]    ⏭️ Source venue ID not selected: 1020774
[06:27:20]    ⏭️ Source venue ID not selected: 1022251
[06:27:20]    ⏭️ Source venue ID not selected: 1004161
[06:27:20]    ⏭️ Source venue ID not selected: 1040088
[06:27:20]    ⏭️ Source venue ID not selected: 1017734
[06:27:20]    ⏭️ Source venue ID not selected: 1033183
[06:27:20]    ⏭️ Source venue ID not selected: 1054545
[06:27:20]    ⏭️ Source venue ID not selected: 1025112
[06:27:20]    ⏭️ Source venue ID not selected: 639
[06:27:20]    ⏭️ Source venue ID not selected: 1102209
[06:27:20]    ⏭️ Source venue ID not selected: 1101080
[06:27:20]    ⏭️ Source venue ID not selected: 1031197
[06:27:20]    ⏭️ Source venue ID not selected: 1088533
[06:27:20]    ⏭️ Source venue ID not selected: 1102208
[06:27:20]    ⏭️ Source venue ID not selected: 7709
[06:27:20]    ⏭️ Source venue ID not selected: 1021087
[06:27:20]    ⏭️ Source venue ID not selected: 1102224
[06:27:20]    ⏭️ Source venue ID not selected: 1039745
[06:27:20]    ... and 795 more
[06:27:20] 📦 Previous shows: 292
[06:27:20] 🆕 Fresh shows: 292
[06:27:20] 📦 Final shows: 292
[06:27:20] ✅ DONE | Shows=292 | Movies=39
[06:27:20] 📄 Detailed: daily/data/20260919/detailed9.json
[06:27:20] 📄 Summary: daily/data/20260919/movie_summary9.json
[07:05:51] 🚀 DISTRICT → BMS9 CONVERTER STARTED
[07:05:51] 📅 Date: 2026-09-19
[07:05:51] 🚫 Worker logic: DISABLED
[07:05:51] 🔑 Venue matching: ID ONLY
[07:05:51] 🚫 alldistrictvenues.json: NOT USED
[07:05:51] 🚫 Venue-name matching: NOT USED
[07:05:51] 📍 Selected venue records: 756
[07:05:51] 🎯 Selected venue IDs: 756
[07:05:51] 📡 Fetching Detailed JSON:
[07:05:51]    https://districtdata2026.pages.dev/boxoffice/2026-09-19_Detailed.json
[07:05:51] ✅ Source loaded
[07:05:51]    Source date: 2026-09-19
[07:05:51]    Last updated: 04:06 AM, 19 September 2026
[07:05:51]    Movie keys: 92
[07:05:51] 🎬 Source movie keys: 92
[07:05:51] 🎟️ Selected-venue show rows: 292
[07:05:51] 🚫 Non-selected show rows ignored: 2772
[07:05:51] ℹ️ Non-selected venue IDs encountered: 815
[07:05:51]    ⏭️ Source venue ID not selected: 1102196
[07:05:51]    ⏭️ Source venue ID not selected: 9149
[07:05:51]    ⏭️ Source venue ID not selected: 1025117
[07:05:51]    ⏭️ Source venue ID not selected: 1030074
[07:05:51]    ⏭️ Source venue ID not selected: 1102224
[07:05:51]    ⏭️ Source venue ID not selected: 1102169
[07:05:51]    ⏭️ Source venue ID not selected: 1036569
[07:05:51]    ⏭️ Source venue ID not selected: 27031
[07:05:51]    ⏭️ Source venue ID not selected: 1040387
[07:05:51]    ⏭️ Source venue ID not selected: 1019936
[07:05:51]    ⏭️ Source venue ID not selected: 1018962
[07:05:51]    ⏭️ Source venue ID not selected: 23480
[07:05:51]    ⏭️ Source venue ID not selected: 1019906
[07:05:51]    ⏭️ Source venue ID not selected: 1023576
[07:05:51]    ⏭️ Source venue ID not selected: 1042
[07:05:51]    ⏭️ Source venue ID not selected: 1054545
[07:05:51]    ⏭️ Source venue ID not selected: 10249
[07:05:51]    ⏭️ Source venue ID not selected: 1020705
[07:05:51]    ⏭️ Source venue ID not selected: 1017391
[07:05:51]    ⏭️ Source venue ID not selected: 1011895
[07:05:51]    ... and 795 more
[07:05:51] 📦 Previous shows: 292
[07:05:51] 🆕 Fresh shows: 292
[07:05:51] 📦 Final shows: 292
[07:05:51] ✅ DONE | Shows=292 | Movies=39
[07:05:51] 📄 Detailed: daily/data/20260919/detailed9.json
[07:05:51] 📄 Summary: daily/data/20260919/movie_summary9.json
[08:05:53] 🚀 DISTRICT → BMS9 CONVERTER STARTED
[08:05:53] 📅 Date: 2026-09-19
[08:05:53] 🚫 Worker logic: DISABLED
[08:05:53] 🔑 Venue matching: ID ONLY
[08:05:53] 🚫 alldistrictvenues.json: NOT USED
[08:05:53] 🚫 Venue-name matching: NOT USED
[08:05:53] 📍 Selected venue records: 756
[08:05:53] 🎯 Selected venue IDs: 756
[08:05:53] 📡 Fetching Detailed JSON:
[08:05:53]    https://districtdata2026.pages.dev/boxoffice/2026-09-19_Detailed.json
[08:05:54] ✅ Source loaded
[08:05:54]    Source date: 2026-09-19
[08:05:54]    Last updated: 07:06 AM, 19 September 2026
[08:05:54]    Movie keys: 129
[08:05:54] 🎬 Source movie keys: 129
[08:05:54] 🎟️ Selected-venue show rows: 1176
[08:05:54] 🚫 Non-selected show rows ignored: 6425
[08:05:54] ℹ️ Non-selected venue IDs encountered: 1132
[08:05:54]    ⏭️ Source venue ID not selected: 4818
[08:05:54]    ⏭️ Source venue ID not selected: 37587
[08:05:54]    ⏭️ Source venue ID not selected: 1022268
[08:05:54]    ⏭️ Source venue ID not selected: 43338
[08:05:54]    ⏭️ Source venue ID not selected: 1032674
[08:05:54]    ⏭️ Source venue ID not selected: 1020735
[08:05:54]    ⏭️ Source venue ID not selected: 1074336
[08:05:54]    ⏭️ Source venue ID not selected: 1022291
[08:05:54]    ⏭️ Source venue ID not selected: 1046872
[08:05:54]    ⏭️ Source venue ID not selected: 1009120
[08:05:54]    ⏭️ Source venue ID not selected: 1032362
[08:05:54]    ⏭️ Source venue ID not selected: 1038300
[08:05:54]    ⏭️ Source venue ID not selected: 1003779
[08:05:54]    ⏭️ Source venue ID not selected: 143
[08:05:54]    ⏭️ Source venue ID not selected: 659
[08:05:54]    ⏭️ Source venue ID not selected: 146
[08:05:54]    ⏭️ Source venue ID not selected: 21413
[08:05:54]    ⏭️ Source venue ID not selected: 4481
[08:05:54]    ⏭️ Source venue ID not selected: 1102209
[08:05:54]    ⏭️ Source venue ID not selected: 1070394
[08:05:54]    ... and 1112 more
[08:05:54] 📦 Previous shows: 292
[08:05:54] 🆕 Fresh shows: 1176
[08:05:54] 📦 Final shows: 1176
[08:05:54] ✅ DONE | Shows=1176 | Movies=69
[08:05:54] 📄 Detailed: daily/data/20260919/detailed9.json
[08:05:54] 📄 Summary: daily/data/20260919/movie_summary9.json
